[2021-02-07T17:16:20.317+0300][0.006s][info][gc] Using G1
[2021-02-07T17:16:20.317+0300][0.006s][debug][gc] ConcGCThreads: 2 offset 12
[2021-02-07T17:16:20.317+0300][0.006s][debug][gc] ParallelGCThreads: 6
[2021-02-07T17:16:20.317+0300][0.007s][debug][gc] Initialize mark stack with 4096 chunks, maximum 524288
[2021-02-07T17:16:20.698+0300][0.388s][info ][gc] GC(0) Pause Young (Normal) (G1 Evacuation Pause) 21M->11M(256M) 7.016ms
[2021-02-07T17:16:21.184+0300][0.873s][info ][gc] GC(1) Pause Young (Normal) (G1 Evacuation Pause) 25M->22M(256M) 8.764ms
[2021-02-07T17:16:21.944+0300][1.634s][info ][gc] GC(2) Pause Young (Normal) (G1 Evacuation Pause) 38M->38M(256M) 8.592ms
[2021-02-07T17:16:24.228+0300][3.918s][info ][gc] GC(3) Pause Young (Normal) (G1 Evacuation Pause) 67M->68M(256M) 14.524ms
[2021-02-07T17:16:27.591+0300][7.281s][info ][gc] GC(4) Pause Young (Normal) (G1 Evacuation Pause) 108M->110M(256M) 18.169ms
[2021-02-07T17:16:31.891+0300][11.581s][info ][gc] GC(5) Pause Young (Normal) (G1 Evacuation Pause) 151M->146M(256M) 18.670ms
[2021-02-07T17:16:37.425+0300][17.114s][info ][gc] GC(6) Pause Young (Concurrent Start) (G1 Evacuation Pause) 171M->173M(256M) 12.225ms
[2021-02-07T17:16:37.425+0300][17.114s][info ][gc] GC(7) Concurrent Cycle
[2021-02-07T17:16:37.492+0300][17.182s][debug][gc] GC(7) Reclaimed 7 empty regions
[2021-02-07T17:16:37.493+0300][17.182s][info ][gc] GC(7) Pause Remark 177M->170M(256M) 0.834ms
[2021-02-07T17:16:37.542+0300][17.231s][info ][gc] GC(7) Pause Cleanup 170M->170M(256M) 0.125ms
[2021-02-07T17:16:37.543+0300][17.232s][info ][gc] GC(7) Concurrent Cycle 118.176ms
[2021-02-07T17:16:40.909+0300][20.599s][info ][gc] GC(8) Pause Young (Prepare Mixed) (G1 Evacuation Pause) 183M->184M(256M) 10.095ms
[2021-02-07T17:16:44.424+0300][24.114s][info ][gc] GC(9) Pause Young (Mixed) (G1 Evacuation Pause) 193M->168M(256M) 6.687ms
[2021-02-07T17:16:48.159+0300][27.848s][info ][gc] GC(10) Pause Young (Mixed) (G1 Evacuation Pause) 178M->152M(256M) 7.203ms
[2021-02-07T17:16:48.171+0300][27.860s][info ][gc] GC(11) Pause Young (Mixed) (G1 Evacuation Pause) 162M->140M(256M) 8.956ms
[2021-02-07T17:16:52.204+0300][31.894s][info ][gc] GC(12) Pause Young (Concurrent Start) (G1 Humongous Allocation) 150M->150M(256M) 6.115ms
[2021-02-07T17:16:52.204+0300][31.894s][info ][gc] GC(13) Concurrent Cycle
[2021-02-07T17:16:52.304+0300][31.994s][info ][gc] GC(13) Pause Remark 161M->161M(256M) 0.732ms
[2021-02-07T17:16:52.365+0300][32.055s][info ][gc] GC(13) Pause Cleanup 161M->161M(256M) 0.137ms
[2021-02-07T17:16:52.366+0300][32.056s][info ][gc] GC(13) Concurrent Cycle 161.650ms
[2021-02-07T17:17:01.177+0300][40.866s][info ][gc] GC(14) Pause Young (Prepare Mixed) (G1 Evacuation Pause) 179M->179M(256M) 11.069ms
[2021-02-07T17:17:01.193+0300][40.882s][info ][gc] GC(15) Pause Young (Mixed) (G1 Evacuation Pause) 187M->167M(256M) 8.028ms
[2021-02-07T17:17:11.209+0300][50.899s][info ][gc] GC(16) Pause Young (Concurrent Start) (G1 Evacuation Pause) 185M->185M(256M) 8.244ms
[2021-02-07T17:17:11.209+0300][50.899s][info ][gc] GC(17) Concurrent Cycle
[2021-02-07T17:17:11.326+0300][51.015s][debug][gc] GC(17) Reclaimed 4 empty regions
[2021-02-07T17:17:11.326+0300][51.015s][info ][gc] GC(17) Pause Remark 198M->194M(256M) 0.875ms
[2021-02-07T17:17:11.396+0300][51.086s][info ][gc] GC(17) Pause Cleanup 194M->194M(256M) 0.146ms
[2021-02-07T17:17:11.397+0300][51.086s][info ][gc] GC(17) Concurrent Cycle 187.392ms
[2021-02-07T17:17:13.552+0300][53.241s][info ][gc] GC(18) Pause Young (Prepare Mixed) (G1 Evacuation Pause) 194M->196M(256M) 9.061ms
[2021-02-07T17:17:17.087+0300][56.776s][info ][gc] GC(19) Pause Young (Mixed) (G1 Evacuation Pause) 206M->182M(256M) 8.054ms
[2021-02-07T17:17:22.818+0300][62.507s][info ][gc] GC(20) Pause Young (Mixed) (G1 Evacuation Pause) 192M->177M(256M) 11.198ms
[2021-02-07T17:17:28.966+0300][68.656s][info ][gc] GC(21) Pause Young (Concurrent Start) (G1 Evacuation Pause) 192M->193M(256M) 8.782ms
[2021-02-07T17:17:28.967+0300][68.656s][info ][gc] GC(22) Concurrent Cycle
[2021-02-07T17:17:29.124+0300][68.813s][info ][gc] GC(22) Pause Remark 201M->201M(256M) 0.555ms
[2021-02-07T17:17:29.211+0300][68.900s][info ][gc] GC(22) Pause Cleanup 201M->201M(256M) 0.106ms
[2021-02-07T17:17:29.215+0300][68.904s][info ][gc] GC(22) Concurrent Cycle 248.575ms
[2021-02-07T17:17:40.070+0300][79.759s][info ][gc] GC(23) Pause Young (Prepare Mixed) (G1 Evacuation Pause) 203M->203M(256M) 6.593ms
[2021-02-07T17:17:40.085+0300][79.774s][info ][gc] GC(24) Pause Young (Mixed) (G1 Evacuation Pause) 220M->200M(256M) 10.312ms
[2021-02-07T17:17:48.364+0300][88.054s][info ][gc] GC(25) Pause Young (Concurrent Start) (G1 Evacuation Pause) 210M->210M(256M) 8.205ms
[2021-02-07T17:17:48.364+0300][88.054s][info ][gc] GC(26) Concurrent Cycle
[2021-02-07T17:17:48.532+0300][88.221s][debug][gc] GC(26) Reclaimed 5 empty regions
[2021-02-07T17:17:48.532+0300][88.222s][info ][gc] GC(26) Pause Remark 218M->213M(256M) 1.470ms
[2021-02-07T17:17:48.632+0300][88.321s][info ][gc] GC(26) Pause Cleanup 214M->214M(256M) 0.101ms
[2021-02-07T17:17:48.632+0300][88.322s][info ][gc] GC(26) Concurrent Cycle 267.773ms
[2021-02-07T17:17:56.868+0300][96.558s][info ][gc] GC(27) Pause Young (Prepare Mixed) (G1 Evacuation Pause) 215M->216M(256M) 6.900ms
[2021-02-07T17:17:56.882+0300][96.571s][info ][gc] GC(28) Pause Young (Mixed) (G1 Evacuation Pause) 226M->209M(256M) 10.800ms
[2021-02-07T17:18:04.482+0300][104.171s][info ][gc] GC(29) Pause Young (Concurrent Start) (G1 Evacuation Pause) 219M->221M(256M) 7.759ms
[2021-02-07T17:18:04.482+0300][104.171s][info ][gc] GC(30) Concurrent Cycle
[2021-02-07T17:18:04.664+0300][104.354s][info ][gc] GC(30) Pause Remark 228M->228M(256M) 0.632ms
[2021-02-07T17:18:04.763+0300][104.453s][info ][gc] GC(30) Pause Cleanup 228M->228M(256M) 0.132ms
[2021-02-07T17:18:04.763+0300][104.453s][info ][gc] GC(30) Concurrent Cycle 281.556ms
[2021-02-07T17:18:12.744+0300][112.434s][info ][gc] GC(31) Pause Young (Prepare Mixed) (G1 Evacuation Pause) 231M->231M(256M) 6.808ms
[2021-02-07T17:18:12.761+0300][112.450s][info ][gc] GC(32) To-space exhausted
[2021-02-07T17:18:12.761+0300][112.450s][info ][gc] GC(32) Pause Young (Mixed) (G1 Evacuation Pause) 241M->246M(256M) 13.998ms
[2021-02-07T17:18:20.515+0300][120.204s][info ][gc] GC(33) To-space exhausted
[2021-02-07T17:18:20.515+0300][120.204s][info ][gc] GC(33) Pause Young (Concurrent Start) (G1 Evacuation Pause) 256M->256M(256M) 15.146ms
[2021-02-07T17:18:20.515+0300][120.204s][info ][gc] GC(35) Concurrent Cycle
[2021-02-07T17:18:20.515+0300][120.205s][debug][gc] GC(34) Clear Next Bitmap 0.195ms
[2021-02-07T17:18:20.612+0300][120.301s][info ][gc] GC(34) Pause Full (G1 Evacuation Pause) 256M->208M(256M) 96.900ms
[2021-02-07T17:18:20.612+0300][120.302s][info ][gc] GC(35) Concurrent Cycle 97.308ms
[2021-02-07T17:18:28.963+0300][128.652s][info ][gc] GC(36) Pause Young (Normal) (G1 Evacuation Pause) 220M->219M(256M) 6.959ms
[2021-02-07T17:18:28.973+0300][128.662s][info ][gc] GC(37) Pause Young (Concurrent Start) (G1 Evacuation Pause) 229M->229M(256M) 6.963ms
[2021-02-07T17:18:28.973+0300][128.662s][info ][gc] GC(38) Concurrent Cycle
[2021-02-07T17:18:29.165+0300][128.854s][info ][gc] GC(38) Pause Remark 229M->229M(256M) 0.683ms
[2021-02-07T17:18:29.279+0300][128.969s][info ][gc] GC(38) Pause Cleanup 229M->229M(256M) 0.130ms
[2021-02-07T17:18:29.280+0300][128.969s][info ][gc] GC(38) Concurrent Cycle 306.703ms
[2021-02-07T17:18:38.114+0300][137.803s][info ][gc] GC(39) Pause Young (Normal) (G1 Evacuation Pause) 239M->239M(256M) 6.708ms
[2021-02-07T17:18:47.423+0300][147.113s][info ][gc] GC(40) To-space exhausted
[2021-02-07T17:18:47.423+0300][147.113s][info ][gc] GC(40) Pause Young (Concurrent Start) (G1 Evacuation Pause) 249M->252M(256M) 13.869ms
[2021-02-07T17:18:47.423+0300][147.113s][info ][gc] GC(41) Concurrent Cycle
[2021-02-07T17:18:47.429+0300][147.118s][info ][gc] GC(42) To-space exhausted
[2021-02-07T17:18:47.429+0300][147.118s][info ][gc] GC(42) Pause Young (Normal) (G1 Evacuation Pause) 253M->253M(256M) 4.583ms
[2021-02-07T17:18:47.429+0300][147.119s][debug][gc] GC(43) Clear Next Bitmap 0.126ms
[2021-02-07T17:18:47.534+0300][147.223s][info ][gc] GC(43) Pause Full (G1 Evacuation Pause) 253M->227M(256M) 104.815ms
[2021-02-07T17:18:47.534+0300][147.223s][info ][gc] GC(41) Concurrent Cycle 110.822ms
[2021-02-07T17:18:57.132+0300][156.821s][info ][gc] GC(44) Pause Young (Normal) (G1 Evacuation Pause) 239M->237M(256M) 7.557ms
[2021-02-07T17:18:57.146+0300][156.835s][info ][gc] GC(45) To-space exhausted
[2021-02-07T17:18:57.146+0300][156.835s][info ][gc] GC(45) Pause Young (Concurrent Start) (G1 Evacuation Pause) 247M->251M(256M) 11.533ms
[2021-02-07T17:18:57.146+0300][156.835s][info ][gc] GC(46) Concurrent Cycle
[2021-02-07T17:18:57.155+0300][156.843s][info ][gc] GC(47) To-space exhausted
[2021-02-07T17:18:57.155+0300][156.843s][info ][gc] GC(47) Pause Young (Normal) (G1 Evacuation Pause) 253M->253M(256M) 6.591ms
[2021-02-07T17:18:57.155+0300][156.844s][debug][gc] GC(48) Clear Next Bitmap 0.178ms
[2021-02-07T17:18:57.270+0300][156.959s][info ][gc] GC(48) Pause Full (G1 Evacuation Pause) 253M->242M(256M) 115.273ms
[2021-02-07T17:18:57.270+0300][156.959s][info ][gc] GC(46) Concurrent Cycle 123.723ms
[2021-02-07T17:19:07.929+0300][167.619s][info ][gc] GC(49) To-space exhausted
[2021-02-07T17:19:07.929+0300][167.619s][info ][gc] GC(49) Pause Young (Normal) (G1 Evacuation Pause) 252M->252M(256M) 13.076ms
[2021-02-07T17:19:08.043+0300][167.732s][info ][gc] GC(50) Pause Full (G1 Evacuation Pause) 252M->243M(256M) 113.173ms
[2021-02-07T17:19:19.165+0300][178.854s][info ][gc] GC(51) To-space exhausted
[2021-02-07T17:19:19.165+0300][178.854s][info ][gc] GC(51) Pause Young (Concurrent Start) (G1 Evacuation Pause) 253M->253M(256M) 12.011ms
[2021-02-07T17:19:19.165+0300][178.854s][info ][gc] GC(53) Concurrent Cycle
[2021-02-07T17:19:19.165+0300][178.855s][debug][gc] GC(52) Clear Next Bitmap 0.120ms
[2021-02-07T17:19:19.278+0300][178.968s][info ][gc] GC(52) Pause Full (G1 Evacuation Pause) 253M->245M(256M) 113.181ms
[2021-02-07T17:19:19.278+0300][178.968s][info ][gc] GC(53) Concurrent Cycle 113.493ms
[2021-02-07T17:19:19.291+0300][178.980s][info ][gc] GC(54) To-space exhausted
[2021-02-07T17:19:19.291+0300][178.980s][info ][gc] GC(54) Pause Young (Normal) (G1 Evacuation Pause) 252M->252M(256M) 10.543ms
[2021-02-07T17:19:19.389+0300][179.078s][info ][gc] GC(55) Pause Full (G1 Evacuation Pause) 252M->252M(256M) 98.107ms
[2021-02-07T17:19:19.392+0300][179.082s][info ][gc] GC(56) To-space exhausted
[2021-02-07T17:19:19.392+0300][179.082s][info ][gc] GC(56) Pause Young (Concurrent Start) (G1 Evacuation Pause) 253M->253M(256M) 2.763ms
[2021-02-07T17:19:19.392+0300][179.082s][info ][gc] GC(58) Concurrent Cycle
[2021-02-07T17:19:19.392+0300][179.082s][debug][gc] GC(57) Clear Next Bitmap 0.069ms
[2021-02-07T17:19:19.488+0300][179.177s][info ][gc] GC(57) Pause Full (G1 Evacuation Pause) 253M->253M(256M) 95.513ms
[2021-02-07T17:19:19.488+0300][179.177s][info ][gc] GC(58) Concurrent Cycle 95.767ms
[2021-02-07T17:19:19.492+0300][179.181s][info ][gc] GC(59) To-space exhausted
[2021-02-07T17:19:19.492+0300][179.182s][info ][gc] GC(59) Pause Young (Normal) (G1 Evacuation Pause) 255M->255M(256M) 3.631ms
[2021-02-07T17:19:19.590+0300][179.279s][info ][gc] GC(60) Pause Full (G1 Evacuation Pause) 255M->255M(256M) 97.357ms
[2021-02-07T17:19:19.687+0300][179.377s][info ][gc] GC(61) Pause Full (G1 Evacuation Pause) 255M->255M(256M) 97.619ms
[2021-02-07T17:19:19.789+0300][179.479s][info ][gc] GC(62) Pause Full (G1 Evacuation Pause) 255M->255M(256M) 101.826ms
[2021-02-07T17:19:19.790+0300][179.479s][info ][gc] GC(63) Pause Young (Concurrent Start) (G1 Evacuation Pause) 255M->255M(256M) 0.312ms
[2021-02-07T17:19:19.790+0300][179.479s][info ][gc] GC(65) Concurrent Cycle
[2021-02-07T17:19:19.790+0300][179.480s][debug][gc] GC(64) Clear Next Bitmap 0.058ms
[2021-02-07T17:19:19.895+0300][179.585s][info ][gc] GC(64) Pause Full (G1 Evacuation Pause) 255M->255M(256M) 105.130ms
[2021-02-07T17:19:19.997+0300][179.687s][info ][gc] GC(66) Pause Full (G1 Evacuation Pause) 255M->255M(256M) 101.849ms
[2021-02-07T17:19:20.094+0300][179.784s][info ][gc] GC(67) Pause Full (G1 Evacuation Pause) 255M->255M(256M) 96.885ms
[2021-02-07T17:19:20.095+0300][179.784s][info ][gc] GC(65) Concurrent Cycle 304.591ms
[2021-02-07T17:19:20.095+0300][179.784s][info ][gc] GC(68) Pause Young (Normal) (G1 Evacuation Pause) 255M->255M(256M) 0.246ms
[2021-02-07T17:19:20.192+0300][179.882s][info ][gc] GC(69) Pause Full (G1 Evacuation Pause) 255M->255M(256M) 97.488ms
[2021-02-07T17:19:20.303+0300][179.993s][info ][gc] GC(70) Pause Full (G1 Evacuation Pause) 255M->255M(256M) 110.336ms
[2021-02-07T17:19:20.410+0300][180.100s][info ][gc] GC(71) Pause Full (G1 Evacuation Pause) 255M->255M(256M) 106.947ms
[2021-02-07T17:19:20.411+0300][180.100s][info ][gc] GC(72) Pause Young (Concurrent Start) (G1 Evacuation Pause) 255M->255M(256M) 0.337ms
[2021-02-07T17:19:20.411+0300][180.100s][info ][gc] GC(74) Concurrent Cycle
[2021-02-07T17:19:20.411+0300][180.100s][debug][gc] GC(73) Clear Next Bitmap 0.059ms
[2021-02-07T17:19:20.511+0300][180.200s][info ][gc] GC(73) Pause Full (G1 Evacuation Pause) 255M->255M(256M) 99.720ms
[2021-02-07T17:19:20.615+0300][180.305s][info ][gc] GC(75) Pause Full (G1 Evacuation Pause) 255M->255M(256M) 104.222ms
[2021-02-07T17:19:20.722+0300][180.412s][info ][gc] GC(76) Pause Full (G1 Evacuation Pause) 255M->255M(256M) 107.145ms
[2021-02-07T17:19:20.723+0300][180.412s][info ][gc] GC(74) Concurrent Cycle 311.813ms
[2021-02-07T17:19:20.723+0300][180.412s][info ][gc] GC(77) Pause Young (Normal) (G1 Evacuation Pause) 255M->255M(256M) 0.245ms
[2021-02-07T17:19:20.829+0300][180.519s][info ][gc] GC(78) Pause Full (G1 Evacuation Pause) 255M->255M(256M) 106.166ms
[2021-02-07T17:19:20.934+0300][180.624s][info ][gc] GC(79) Pause Full (G1 Evacuation Pause) 255M->255M(256M) 104.729ms
[2021-02-07T17:19:21.043+0300][180.732s][info ][gc] GC(80) Pause Full (G1 Evacuation Pause) 255M->255M(256M) 108.133ms
[2021-02-07T17:19:21.043+0300][180.733s][info ][gc] GC(81) Pause Young (Concurrent Start) (G1 Evacuation Pause) 255M->255M(256M) 0.338ms
[2021-02-07T17:19:21.043+0300][180.733s][info ][gc] GC(83) Concurrent Cycle
[2021-02-07T17:19:21.043+0300][180.733s][debug][gc] GC(82) Clear Next Bitmap 0.059ms
[2021-02-07T17:19:21.148+0300][180.838s][info ][gc] GC(82) Pause Full (G1 Evacuation Pause) 255M->255M(256M) 105.228ms
[2021-02-07T17:19:21.253+0300][180.943s][info ][gc] GC(84) Pause Full (G1 Evacuation Pause) 255M->255M(256M) 104.733ms
[2021-02-07T17:19:21.358+0300][181.048s][info ][gc] GC(85) Pause Full (G1 Evacuation Pause) 255M->255M(256M) 104.464ms
[2021-02-07T17:19:21.358+0300][181.048s][info ][gc] GC(83) Concurrent Cycle 315.180ms
[2021-02-07T17:19:21.359+0300][181.048s][info ][gc] GC(86) Pause Young (Normal) (G1 Evacuation Pause) 255M->255M(256M) 0.262ms
[2021-02-07T17:19:21.457+0300][181.146s][info ][gc] GC(87) Pause Full (G1 Evacuation Pause) 255M->255M(256M) 98.241ms
[2021-02-07T17:19:21.563+0300][181.252s][info ][gc] GC(88) Pause Full (G1 Evacuation Pause) 255M->255M(256M) 105.486ms
[2021-02-07T17:19:21.676+0300][181.365s][info ][gc] GC(89) Pause Full (G1 Evacuation Pause) 255M->255M(256M) 113.032ms
[2021-02-07T17:19:21.677+0300][181.366s][info ][gc] GC(90) Pause Young (Concurrent Start) (G1 Evacuation Pause) 255M->255M(256M) 0.319ms
[2021-02-07T17:19:21.677+0300][181.366s][info ][gc] GC(92) Concurrent Cycle
[2021-02-07T17:19:21.677+0300][181.366s][debug][gc] GC(91) Clear Next Bitmap 0.068ms
[2021-02-07T17:19:21.787+0300][181.477s][info ][gc] GC(91) Pause Full (G1 Evacuation Pause) 255M->255M(256M) 110.468ms
[2021-02-07T17:19:21.904+0300][181.594s][info ][gc] GC(93) Pause Full (G1 Evacuation Pause) 255M->255M(256M) 117.080ms
[2021-02-07T17:19:22.022+0300][181.711s][info ][gc] GC(94) Pause Full (G1 Evacuation Pause) 255M->255M(256M) 117.288ms
[2021-02-07T17:19:22.022+0300][181.712s][info ][gc] GC(92) Concurrent Cycle 345.573ms
[2021-02-07T17:19:22.022+0300][181.712s][info ][gc] GC(95) Pause Young (Normal) (G1 Evacuation Pause) 255M->255M(256M) 0.248ms
[2021-02-07T17:19:22.139+0300][181.828s][info ][gc] GC(96) Pause Full (G1 Evacuation Pause) 255M->255M(256M) 116.172ms
[2021-02-07T17:19:22.244+0300][181.933s][info ][gc] GC(97) Pause Full (G1 Evacuation Pause) 255M->255M(256M) 104.805ms
[2021-02-07T17:19:22.353+0300][182.042s][info ][gc] GC(98) Pause Full (G1 Evacuation Pause) 255M->255M(256M) 108.866ms
[2021-02-07T17:19:22.354+0300][182.043s][info ][gc] GC(99) Pause Young (Concurrent Start) (G1 Evacuation Pause) 255M->255M(256M) 0.335ms
[2021-02-07T17:19:22.354+0300][182.043s][info ][gc] GC(101) Concurrent Cycle
[2021-02-07T17:19:22.354+0300][182.043s][debug][gc] GC(100) Clear Next Bitmap 0.060ms
[2021-02-07T17:19:22.467+0300][182.156s][info ][gc] GC(100) Pause Full (G1 Evacuation Pause) 255M->255M(256M) 113.032ms
[2021-02-07T17:19:22.582+0300][182.272s][info ][gc] GC(102) Pause Full (G1 Evacuation Pause) 255M->255M(256M) 115.430ms
[2021-02-07T17:19:22.693+0300][182.383s][info ][gc] GC(103) Pause Full (G1 Evacuation Pause) 255M->255M(256M) 110.475ms
[2021-02-07T17:19:22.693+0300][182.383s][info ][gc] GC(101) Concurrent Cycle 339.697ms
[2021-02-07T17:19:22.694+0300][182.383s][info ][gc] GC(104) Pause Young (Normal) (G1 Evacuation Pause) 255M->255M(256M) 0.251ms
[2021-02-07T17:19:22.800+0300][182.489s][info ][gc] GC(105) Pause Full (G1 Evacuation Pause) 255M->255M(256M) 105.773ms
[2021-02-07T17:19:22.900+0300][182.590s][info ][gc] GC(106) Pause Full (G1 Evacuation Pause) 255M->255M(256M) 100.697ms
[2021-02-07T17:19:23.000+0300][182.690s][info ][gc] GC(107) Pause Full (G1 Evacuation Pause) 255M->255M(256M) 99.390ms
[2021-02-07T17:19:23.001+0300][182.690s][info ][gc] GC(108) Pause Young (Concurrent Start) (G1 Evacuation Pause) 255M->255M(256M) 0.332ms
[2021-02-07T17:19:23.001+0300][182.690s][info ][gc] GC(110) Concurrent Cycle
[2021-02-07T17:19:23.001+0300][182.690s][debug][gc] GC(109) Clear Next Bitmap 0.069ms
[2021-02-07T17:19:23.105+0300][182.795s][info ][gc] GC(109) Pause Full (G1 Evacuation Pause) 255M->255M(256M) 104.720ms
[2021-02-07T17:19:23.211+0300][182.901s][info ][gc] GC(111) Pause Full (G1 Evacuation Pause) 255M->255M(256M) 105.454ms
[2021-02-07T17:19:23.309+0300][182.999s][info ][gc] GC(112) Pause Full (G1 Evacuation Pause) 255M->255M(256M) 97.896ms
[2021-02-07T17:19:23.309+0300][182.999s][info ][gc] GC(110) Concurrent Cycle 308.797ms
[2021-02-07T17:19:23.310+0300][182.999s][info ][gc] GC(113) Pause Young (Normal) (G1 Evacuation Pause) 255M->255M(256M) 0.273ms
[2021-02-07T17:19:23.422+0300][183.112s][info ][gc] GC(114) Pause Full (G1 Evacuation Pause) 255M->255M(256M) 112.321ms
[2021-02-07T17:19:23.526+0300][183.215s][info ][gc] GC(115) Pause Full (G1 Evacuation Pause) 255M->255M(256M) 103.412ms
[2021-02-07T17:19:23.628+0300][183.318s][info ][gc] GC(116) Pause Full (G1 Evacuation Pause) 255M->255M(256M) 102.163ms
[2021-02-07T17:19:23.629+0300][183.318s][info ][gc] GC(117) Pause Young (Concurrent Start) (G1 Evacuation Pause) 255M->255M(256M) 0.358ms
[2021-02-07T17:19:23.629+0300][183.318s][info ][gc] GC(119) Concurrent Cycle
[2021-02-07T17:19:23.629+0300][183.319s][debug][gc] GC(118) Clear Next Bitmap 0.062ms
[2021-02-07T17:19:23.730+0300][183.419s][info ][gc] GC(118) Pause Full (G1 Evacuation Pause) 255M->255M(256M) 101.001ms
[2021-02-07T17:19:23.829+0300][183.518s][info ][gc] GC(120) Pause Full (G1 Evacuation Pause) 255M->255M(256M) 98.577ms
[2021-02-07T17:19:23.932+0300][183.621s][info ][gc] GC(121) Pause Full (G1 Evacuation Pause) 255M->255M(256M) 102.597ms
[2021-02-07T17:19:23.932+0300][183.621s][info ][gc] GC(119) Concurrent Cycle 302.885ms
[2021-02-07T17:19:23.932+0300][183.622s][info ][gc] GC(122) Pause Young (Normal) (G1 Evacuation Pause) 255M->255M(256M) 0.257ms
[2021-02-07T17:19:24.033+0300][183.722s][info ][gc] GC(123) Pause Full (G1 Evacuation Pause) 255M->255M(256M) 100.568ms
[2021-02-07T17:19:24.139+0300][183.828s][info ][gc] GC(124) Pause Full (G1 Evacuation Pause) 255M->255M(256M) 105.901ms
[2021-02-07T17:19:24.264+0300][183.954s][info ][gc] GC(125) Pause Full (G1 Evacuation Pause) 255M->255M(256M) 124.932ms
[2021-02-07T17:19:24.265+0300][183.954s][info ][gc] GC(126) Pause Young (Concurrent Start) (G1 Evacuation Pause) 255M->255M(256M) 0.326ms
[2021-02-07T17:19:24.265+0300][183.954s][info ][gc] GC(128) Concurrent Cycle
[2021-02-07T17:19:24.265+0300][183.954s][debug][gc] GC(127) Clear Next Bitmap 0.071ms
[2021-02-07T17:19:24.366+0300][184.056s][info ][gc] GC(127) Pause Full (G1 Evacuation Pause) 255M->255M(256M) 101.377ms
[2021-02-07T17:19:24.492+0300][184.181s][info ][gc] GC(129) Pause Full (G1 Evacuation Pause) 255M->255M(256M) 125.268ms
[2021-02-07T17:19:24.602+0300][184.291s][info ][gc] GC(130) Pause Full (G1 Evacuation Pause) 255M->255M(256M) 109.864ms
[2021-02-07T17:19:24.602+0300][184.291s][info ][gc] GC(128) Concurrent Cycle 337.218ms
[2021-02-07T17:19:24.602+0300][184.292s][info ][gc] GC(131) Pause Young (Normal) (G1 Evacuation Pause) 255M->255M(256M) 0.267ms
[2021-02-07T17:19:24.710+0300][184.399s][info ][gc] GC(132) Pause Full (G1 Evacuation Pause) 255M->255M(256M) 107.386ms
[2021-02-07T17:19:24.817+0300][184.507s][info ][gc] GC(133) Pause Full (G1 Evacuation Pause) 255M->255M(256M) 107.553ms
[2021-02-07T17:19:24.930+0300][184.619s][info ][gc] GC(134) Pause Full (G1 Evacuation Pause) 255M->255M(256M) 112.248ms
[2021-02-07T17:19:24.931+0300][184.620s][info ][gc] GC(135) Pause Young (Concurrent Start) (G1 Evacuation Pause) 255M->255M(256M) 0.356ms
[2021-02-07T17:19:24.931+0300][184.620s][info ][gc] GC(137) Concurrent Cycle
[2021-02-07T17:19:24.931+0300][184.620s][debug][gc] GC(136) Clear Next Bitmap 0.062ms
[2021-02-07T17:19:25.042+0300][184.731s][info ][gc] GC(136) Pause Full (G1 Evacuation Pause) 255M->255M(256M) 111.299ms
[2021-02-07T17:19:25.150+0300][184.839s][info ][gc] GC(138) Pause Full (G1 Evacuation Pause) 255M->255M(256M) 107.754ms
[2021-02-07T17:19:25.254+0300][184.944s][info ][gc] GC(139) Pause Full (G1 Evacuation Pause) 255M->255M(256M) 104.308ms
[2021-02-07T17:19:25.255+0300][184.944s][info ][gc] GC(137) Concurrent Cycle 324.090ms
[2021-02-07T17:19:25.255+0300][184.944s][info ][gc] GC(140) Pause Young (Normal) (G1 Evacuation Pause) 255M->255M(256M) 0.253ms
[2021-02-07T17:19:25.362+0300][185.052s][info ][gc] GC(141) Pause Full (G1 Evacuation Pause) 255M->255M(256M) 106.972ms
[2021-02-07T17:19:25.468+0300][185.158s][info ][gc] GC(142) Pause Full (G1 Evacuation Pause) 255M->255M(256M) 105.940ms
[2021-02-07T17:19:25.571+0300][185.260s][info ][gc] GC(143) Pause Full (G1 Evacuation Pause) 255M->255M(256M) 102.485ms
[2021-02-07T17:19:25.572+0300][185.261s][info ][gc] GC(144) Pause Young (Concurrent Start) (G1 Evacuation Pause) 255M->255M(256M) 0.363ms
[2021-02-07T17:19:25.572+0300][185.261s][info ][gc] GC(146) Concurrent Cycle
[2021-02-07T17:19:25.572+0300][185.261s][debug][gc] GC(145) Clear Next Bitmap 0.079ms
[2021-02-07T17:19:25.677+0300][185.366s][info ][gc] GC(145) Pause Full (G1 Evacuation Pause) 255M->255M(256M) 105.223ms
[2021-02-07T17:19:25.782+0300][185.471s][info ][gc] GC(147) Pause Full (G1 Evacuation Pause) 255M->255M(256M) 104.922ms
[2021-02-07T17:19:25.902+0300][185.591s][info ][gc] GC(148) Pause Full (G1 Evacuation Pause) 255M->255M(256M) 119.774ms
[2021-02-07T17:19:25.902+0300][185.592s][info ][gc] GC(146) Concurrent Cycle 330.643ms
[2021-02-07T17:19:25.903+0300][185.592s][info ][gc] GC(149) Pause Young (Normal) (G1 Evacuation Pause) 255M->255M(256M) 0.242ms
[2021-02-07T17:19:26.009+0300][185.698s][info ][gc] GC(150) Pause Full (G1 Evacuation Pause) 255M->255M(256M) 106.020ms
[2021-02-07T17:19:26.113+0300][185.802s][info ][gc] GC(151) Pause Full (G1 Evacuation Pause) 255M->255M(256M) 104.089ms
[2021-02-07T17:19:26.219+0300][185.909s][info ][gc] GC(152) Pause Full (G1 Evacuation Pause) 255M->255M(256M) 105.956ms
[2021-02-07T17:19:26.220+0300][185.909s][info ][gc] GC(153) Pause Young (Concurrent Start) (G1 Evacuation Pause) 255M->255M(256M) 0.319ms
[2021-02-07T17:19:26.220+0300][185.909s][info ][gc] GC(155) Concurrent Cycle
[2021-02-07T17:19:26.220+0300][185.909s][debug][gc] GC(154) Clear Next Bitmap 0.065ms
[2021-02-07T17:19:26.323+0300][186.012s][info ][gc] GC(154) Pause Full (G1 Evacuation Pause) 255M->255M(256M) 102.717ms
[2021-02-07T17:19:26.430+0300][186.120s][info ][gc] GC(156) Pause Full (G1 Evacuation Pause) 255M->255M(256M) 107.582ms
[2021-02-07T17:19:26.533+0300][186.223s][info ][gc] GC(157) Pause Full (G1 Evacuation Pause) 255M->255M(256M) 102.652ms
[2021-02-07T17:19:26.533+0300][186.223s][info ][gc] GC(155) Concurrent Cycle 313.684ms
[2021-02-07T17:19:26.534+0300][186.223s][info ][gc] GC(158) Pause Young (Normal) (G1 Evacuation Pause) 255M->255M(256M) 0.250ms
[2021-02-07T17:19:26.632+0300][186.322s][info ][gc] GC(159) Pause Full (G1 Evacuation Pause) 255M->255M(256M) 98.486ms
[2021-02-07T17:19:26.738+0300][186.428s][info ][gc] GC(160) Pause Full (G1 Evacuation Pause) 255M->255M(256M) 105.959ms
[2021-02-07T17:19:26.845+0300][186.535s][info ][gc] GC(161) Pause Full (G1 Evacuation Pause) 255M->255M(256M) 106.400ms
[2021-02-07T17:19:26.846+0300][186.535s][info ][gc] GC(162) Pause Young (Concurrent Start) (G1 Evacuation Pause) 255M->255M(256M) 0.318ms
[2021-02-07T17:19:26.846+0300][186.535s][info ][gc] GC(164) Concurrent Cycle
[2021-02-07T17:19:26.846+0300][186.535s][debug][gc] GC(163) Clear Next Bitmap 0.058ms
[2021-02-07T17:19:26.953+0300][186.642s][info ][gc] GC(163) Pause Full (G1 Evacuation Pause) 255M->255M(256M) 107.172ms
[2021-02-07T17:19:27.059+0300][186.748s][info ][gc] GC(165) Pause Full (G1 Evacuation Pause) 255M->255M(256M) 105.519ms
[2021-02-07T17:19:27.158+0300][186.847s][info ][gc] GC(166) Pause Full (G1 Evacuation Pause) 255M->255M(256M) 98.989ms
[2021-02-07T17:19:27.158+0300][186.848s][info ][gc] GC(164) Concurrent Cycle 312.401ms
[2021-02-07T17:19:27.158+0300][186.848s][info ][gc] GC(167) Pause Young (Normal) (G1 Evacuation Pause) 255M->255M(256M) 0.242ms
[2021-02-07T17:19:27.261+0300][186.950s][info ][gc] GC(168) Pause Full (G1 Evacuation Pause) 255M->255M(256M) 102.196ms
[2021-02-07T17:19:27.363+0300][187.053s][info ][gc] GC(169) Pause Full (G1 Evacuation Pause) 255M->255M(256M) 102.523ms
[2021-02-07T17:19:27.462+0300][187.151s][info ][gc] GC(170) Pause Full (G1 Evacuation Pause) 255M->255M(256M) 98.214ms
[2021-02-07T17:19:27.462+0300][187.152s][info ][gc] GC(171) Pause Young (Concurrent Start) (G1 Evacuation Pause) 255M->255M(256M) 0.319ms
[2021-02-07T17:19:27.462+0300][187.152s][info ][gc] GC(173) Concurrent Cycle
[2021-02-07T17:19:27.463+0300][187.152s][debug][gc] GC(172) Clear Next Bitmap 0.088ms
[2021-02-07T17:19:27.564+0300][187.254s][info ][gc] GC(172) Pause Full (G1 Evacuation Pause) 255M->255M(256M) 101.718ms
[2021-02-07T17:19:27.665+0300][187.354s][info ][gc] GC(174) Pause Full (G1 Evacuation Pause) 255M->255M(256M) 100.350ms
[2021-02-07T17:19:27.768+0300][187.458s][info ][gc] GC(175) Pause Full (G1 Evacuation Pause) 255M->255M(256M) 103.352ms
[2021-02-07T17:19:27.769+0300][187.458s][info ][gc] GC(173) Concurrent Cycle 306.145ms
[2021-02-07T17:19:27.769+0300][187.458s][info ][gc] GC(176) Pause Young (Normal) (G1 Evacuation Pause) 255M->255M(256M) 0.242ms
[2021-02-07T17:19:27.888+0300][187.577s][info ][gc] GC(177) Pause Full (G1 Evacuation Pause) 255M->255M(256M) 118.694ms
[2021-02-07T17:19:27.988+0300][187.677s][info ][gc] GC(178) Pause Full (G1 Evacuation Pause) 255M->255M(256M) 99.696ms
[2021-02-07T17:19:28.091+0300][187.780s][info ][gc] GC(179) Pause Full (G1 Evacuation Pause) 255M->255M(256M) 102.943ms
[2021-02-07T17:19:28.091+0300][187.781s][info ][gc] GC(180) Pause Young (Concurrent Start) (G1 Evacuation Pause) 255M->255M(256M) 0.332ms
[2021-02-07T17:19:28.091+0300][187.781s][info ][gc] GC(182) Concurrent Cycle
[2021-02-07T17:19:28.092+0300][187.781s][debug][gc] GC(181) Clear Next Bitmap 0.061ms
[2021-02-07T17:19:28.194+0300][187.884s][info ][gc] GC(181) Pause Full (G1 Evacuation Pause) 255M->255M(256M) 102.959ms
[2021-02-07T17:19:28.299+0300][187.988s][info ][gc] GC(183) Pause Full (G1 Evacuation Pause) 255M->255M(256M) 104.057ms
[2021-02-07T17:19:28.396+0300][188.085s][info ][gc] GC(184) Pause Full (G1 Evacuation Pause) 255M->255M(256M) 96.620ms
[2021-02-07T17:19:28.396+0300][188.085s][info ][gc] GC(182) Concurrent Cycle 304.346ms
[2021-02-07T17:19:28.396+0300][188.086s][info ][gc] GC(185) Pause Young (Normal) (G1 Evacuation Pause) 255M->255M(256M) 0.237ms
[2021-02-07T17:19:28.499+0300][188.188s][info ][gc] GC(186) Pause Full (G1 Evacuation Pause) 255M->255M(256M) 102.437ms
[2021-02-07T17:19:28.602+0300][188.291s][info ][gc] GC(187) Pause Full (G1 Evacuation Pause) 255M->255M(256M) 102.868ms
[2021-02-07T17:19:28.708+0300][188.397s][info ][gc] GC(188) Pause Full (G1 Evacuation Pause) 255M->255M(256M) 105.687ms
