[2021-02-23T17:28:51.800+0300][0.007s][info][gc] Using G1
[2021-02-23T17:28:51.806+0300][0.014s][info][gc,init] Version: 15.0.1+9 (release)
[2021-02-23T17:28:51.806+0300][0.014s][info][gc,init] CPUs: 6 total, 6 available
[2021-02-23T17:28:51.806+0300][0.014s][info][gc,init] Memory: 16302M
[2021-02-23T17:28:51.806+0300][0.014s][info][gc,init] Large Page Support: Disabled
[2021-02-23T17:28:51.806+0300][0.014s][info][gc,init] NUMA Support: Disabled
[2021-02-23T17:28:51.806+0300][0.014s][info][gc,init] Compressed Oops: Enabled (32-bit)
[2021-02-23T17:28:51.806+0300][0.014s][info][gc,init] Heap Region Size: 1M
[2021-02-23T17:28:51.806+0300][0.014s][info][gc,init] Heap Min Capacity: 1G
[2021-02-23T17:28:51.807+0300][0.014s][info][gc,init] Heap Initial Capacity: 1G
[2021-02-23T17:28:51.807+0300][0.014s][info][gc,init] Heap Max Capacity: 1G
[2021-02-23T17:28:51.807+0300][0.014s][info][gc,init] Pre-touch: Disabled
[2021-02-23T17:28:51.807+0300][0.014s][info][gc,init] Parallel Workers: 6
[2021-02-23T17:28:51.807+0300][0.014s][info][gc,init] Concurrent Workers: 2
[2021-02-23T17:28:51.807+0300][0.014s][info][gc,init] Concurrent Refinement Workers: 6
[2021-02-23T17:28:51.807+0300][0.014s][info][gc,init] Periodic GC: Disabled
[2021-02-23T17:28:51.807+0300][0.015s][info][gc,metaspace] CDS archive(s) mapped at: [0x0000000800000000-0x0000000800b50000-0x0000000800b50000), size 11862016, SharedBaseAddress: 0x0000000800000000, ArchiveRelocationMode: 0.
[2021-02-23T17:28:51.807+0300][0.015s][info][gc,metaspace] Compressed class space mapped at: 0x0000000800b50000-0x0000000840b50000, size: 1073741824
[2021-02-23T17:28:51.807+0300][0.015s][info][gc,metaspace] Narrow klass base: 0x0000000800000000, Narrow klass shift: 3, Narrow klass range: 0x100000000
[2021-02-23T17:28:52.059+0300][0.267s][info][gc,start    ] GC(0) Pause Young (Normal) (G1 Evacuation Pause)
[2021-02-23T17:28:52.060+0300][0.267s][info][gc,task     ] GC(0) Using 6 workers of 6 for evacuation
[2021-02-23T17:28:52.088+0300][0.295s][info][gc,phases   ] GC(0)   Pre Evacuate Collection Set: 0.1ms
[2021-02-23T17:28:52.088+0300][0.295s][info][gc,phases   ] GC(0)   Merge Heap Roots: 0.1ms
[2021-02-23T17:28:52.088+0300][0.295s][info][gc,phases   ] GC(0)   Evacuate Collection Set: 27.6ms
[2021-02-23T17:28:52.088+0300][0.295s][info][gc,phases   ] GC(0)   Post Evacuate Collection Set: 0.5ms
[2021-02-23T17:28:52.088+0300][0.295s][info][gc,phases   ] GC(0)   Other: 0.4ms
[2021-02-23T17:28:52.088+0300][0.295s][info][gc,heap     ] GC(0) Eden regions: 51->0(44)
[2021-02-23T17:28:52.088+0300][0.295s][info][gc,heap     ] GC(0) Survivor regions: 0->7(7)
[2021-02-23T17:28:52.088+0300][0.295s][info][gc,heap     ] GC(0) Old regions: 0->41
[2021-02-23T17:28:52.088+0300][0.295s][info][gc,heap     ] GC(0) Archive regions: 0->0
[2021-02-23T17:28:52.088+0300][0.295s][info][gc,heap     ] GC(0) Humongous regions: 4->4
[2021-02-23T17:28:52.088+0300][0.296s][info][gc,metaspace] GC(0) Metaspace: 2888K(4864K)->2888K(4864K) NonClass: 2559K(4352K)->2559K(4352K) Class: 329K(512K)->329K(512K)
[2021-02-23T17:28:52.088+0300][0.296s][info][gc          ] GC(0) Pause Young (Normal) (G1 Evacuation Pause) 55M->51M(1024M) 28.753ms
[2021-02-23T17:28:52.088+0300][0.296s][info][gc,cpu      ] GC(0) User=0.16s Sys=0.03s Real=0.03s
[2021-02-23T17:28:52.272+0300][0.479s][info][gc,start    ] GC(1) Pause Young (Normal) (G1 Evacuation Pause)
[2021-02-23T17:28:52.272+0300][0.479s][info][gc,task     ] GC(1) Using 6 workers of 6 for evacuation
[2021-02-23T17:28:52.299+0300][0.506s][info][gc,phases   ] GC(1)   Pre Evacuate Collection Set: 0.1ms
[2021-02-23T17:28:52.299+0300][0.506s][info][gc,phases   ] GC(1)   Merge Heap Roots: 0.3ms
[2021-02-23T17:28:52.299+0300][0.506s][info][gc,phases   ] GC(1)   Evacuate Collection Set: 26.2ms
[2021-02-23T17:28:52.299+0300][0.506s][info][gc,phases   ] GC(1)   Post Evacuate Collection Set: 0.3ms
[2021-02-23T17:28:52.299+0300][0.506s][info][gc,phases   ] GC(1)   Other: 0.1ms
[2021-02-23T17:28:52.299+0300][0.506s][info][gc,heap     ] GC(1) Eden regions: 44->0(44)
[2021-02-23T17:28:52.299+0300][0.506s][info][gc,heap     ] GC(1) Survivor regions: 7->7(7)
[2021-02-23T17:28:52.299+0300][0.506s][info][gc,heap     ] GC(1) Old regions: 41->86
[2021-02-23T17:28:52.299+0300][0.506s][info][gc,heap     ] GC(1) Archive regions: 0->0
[2021-02-23T17:28:52.299+0300][0.506s][info][gc,heap     ] GC(1) Humongous regions: 11->11
[2021-02-23T17:28:52.299+0300][0.506s][info][gc,metaspace] GC(1) Metaspace: 3282K(4864K)->3282K(4864K) NonClass: 2903K(4352K)->2903K(4352K) Class: 378K(512K)->378K(512K)
[2021-02-23T17:28:52.299+0300][0.506s][info][gc          ] GC(1) Pause Young (Normal) (G1 Evacuation Pause) 102M->104M(1024M) 27.183ms
[2021-02-23T17:28:52.299+0300][0.506s][info][gc,cpu      ] GC(1) User=0.11s Sys=0.00s Real=0.03s
[2021-02-23T17:28:52.646+0300][0.854s][info][gc,start    ] GC(2) Pause Young (Normal) (G1 Evacuation Pause)
[2021-02-23T17:28:52.646+0300][0.854s][info][gc,task     ] GC(2) Using 6 workers of 6 for evacuation
[2021-02-23T17:28:52.667+0300][0.874s][info][gc,phases   ] GC(2)   Pre Evacuate Collection Set: 0.0ms
[2021-02-23T17:28:52.667+0300][0.874s][info][gc,phases   ] GC(2)   Merge Heap Roots: 0.0ms
[2021-02-23T17:28:52.667+0300][0.874s][info][gc,phases   ] GC(2)   Evacuate Collection Set: 20.2ms
[2021-02-23T17:28:52.667+0300][0.874s][info][gc,phases   ] GC(2)   Post Evacuate Collection Set: 0.2ms
[2021-02-23T17:28:52.667+0300][0.874s][info][gc,phases   ] GC(2)   Other: 0.1ms
[2021-02-23T17:28:52.667+0300][0.874s][info][gc,heap     ] GC(2) Eden regions: 44->0(44)
[2021-02-23T17:28:52.667+0300][0.874s][info][gc,heap     ] GC(2) Survivor regions: 7->7(7)
[2021-02-23T17:28:52.667+0300][0.874s][info][gc,heap     ] GC(2) Old regions: 86->132
[2021-02-23T17:28:52.667+0300][0.874s][info][gc,heap     ] GC(2) Archive regions: 0->0
[2021-02-23T17:28:52.667+0300][0.874s][info][gc,heap     ] GC(2) Humongous regions: 16->16
[2021-02-23T17:28:52.667+0300][0.874s][info][gc,metaspace] GC(2) Metaspace: 3284K(4864K)->3284K(4864K) NonClass: 2906K(4352K)->2906K(4352K) Class: 378K(512K)->378K(512K)
[2021-02-23T17:28:52.667+0300][0.874s][info][gc          ] GC(2) Pause Young (Normal) (G1 Evacuation Pause) 153M->154M(1024M) 20.677ms
[2021-02-23T17:28:52.667+0300][0.874s][info][gc,cpu      ] GC(2) User=0.08s Sys=0.02s Real=0.02s
[2021-02-23T17:28:53.191+0300][1.399s][info][gc,start    ] GC(3) Pause Young (Normal) (G1 Evacuation Pause)
[2021-02-23T17:28:53.191+0300][1.399s][info][gc,task     ] GC(3) Using 6 workers of 6 for evacuation
[2021-02-23T17:28:53.214+0300][1.422s][info][gc,phases   ] GC(3)   Pre Evacuate Collection Set: 0.0ms
[2021-02-23T17:28:53.215+0300][1.422s][info][gc,phases   ] GC(3)   Merge Heap Roots: 0.0ms
[2021-02-23T17:28:53.215+0300][1.422s][info][gc,phases   ] GC(3)   Evacuate Collection Set: 22.8ms
[2021-02-23T17:28:53.215+0300][1.422s][info][gc,phases   ] GC(3)   Post Evacuate Collection Set: 0.2ms
[2021-02-23T17:28:53.215+0300][1.422s][info][gc,phases   ] GC(3)   Other: 0.1ms
[2021-02-23T17:28:53.215+0300][1.422s][info][gc,heap     ] GC(3) Eden regions: 44->0(44)
[2021-02-23T17:28:53.215+0300][1.422s][info][gc,heap     ] GC(3) Survivor regions: 7->7(7)
[2021-02-23T17:28:53.215+0300][1.422s][info][gc,heap     ] GC(3) Old regions: 132->177
[2021-02-23T17:28:53.215+0300][1.422s][info][gc,heap     ] GC(3) Archive regions: 0->0
[2021-02-23T17:28:53.215+0300][1.422s][info][gc,heap     ] GC(3) Humongous regions: 23->23
[2021-02-23T17:28:53.215+0300][1.422s][info][gc,metaspace] GC(3) Metaspace: 3288K(4864K)->3288K(4864K) NonClass: 2909K(4352K)->2909K(4352K) Class: 378K(512K)->378K(512K)
[2021-02-23T17:28:53.215+0300][1.422s][info][gc          ] GC(3) Pause Young (Normal) (G1 Evacuation Pause) 205M->207M(1024M) 23.347ms
[2021-02-23T17:28:53.215+0300][1.422s][info][gc,cpu      ] GC(3) User=0.08s Sys=0.02s Real=0.02s
[2021-02-23T17:28:54.650+0300][2.857s][info][gc,start    ] GC(4) Pause Young (Normal) (G1 Evacuation Pause)
[2021-02-23T17:28:54.650+0300][2.857s][info][gc,task     ] GC(4) Using 6 workers of 6 for evacuation
[2021-02-23T17:28:54.672+0300][2.880s][info][gc,phases   ] GC(4)   Pre Evacuate Collection Set: 0.1ms
[2021-02-23T17:28:54.672+0300][2.880s][info][gc,phases   ] GC(4)   Merge Heap Roots: 0.1ms
[2021-02-23T17:28:54.672+0300][2.880s][info][gc,phases   ] GC(4)   Evacuate Collection Set: 21.9ms
[2021-02-23T17:28:54.672+0300][2.880s][info][gc,phases   ] GC(4)   Post Evacuate Collection Set: 0.2ms
[2021-02-23T17:28:54.672+0300][2.880s][info][gc,phases   ] GC(4)   Other: 0.1ms
[2021-02-23T17:28:54.672+0300][2.880s][info][gc,heap     ] GC(4) Eden regions: 44->0(44)
[2021-02-23T17:28:54.672+0300][2.880s][info][gc,heap     ] GC(4) Survivor regions: 7->7(7)
[2021-02-23T17:28:54.672+0300][2.880s][info][gc,heap     ] GC(4) Old regions: 177->222
[2021-02-23T17:28:54.672+0300][2.880s][info][gc,heap     ] GC(4) Archive regions: 0->0
[2021-02-23T17:28:54.673+0300][2.880s][info][gc,heap     ] GC(4) Humongous regions: 23->23
[2021-02-23T17:28:54.673+0300][2.880s][info][gc,metaspace] GC(4) Metaspace: 3293K(4864K)->3293K(4864K) NonClass: 2914K(4352K)->2914K(4352K) Class: 378K(512K)->378K(512K)
[2021-02-23T17:28:54.673+0300][2.880s][info][gc          ] GC(4) Pause Young (Normal) (G1 Evacuation Pause) 251M->252M(1024M) 22.613ms
[2021-02-23T17:28:54.673+0300][2.880s][info][gc,cpu      ] GC(4) User=0.09s Sys=0.00s Real=0.02s
[2021-02-23T17:28:57.170+0300][5.378s][info][gc,start    ] GC(5) Pause Young (Normal) (G1 Evacuation Pause)
[2021-02-23T17:28:57.170+0300][5.378s][info][gc,task     ] GC(5) Using 6 workers of 6 for evacuation
[2021-02-23T17:28:57.190+0300][5.397s][info][gc,phases   ] GC(5)   Pre Evacuate Collection Set: 0.1ms
[2021-02-23T17:28:57.190+0300][5.397s][info][gc,phases   ] GC(5)   Merge Heap Roots: 0.0ms
[2021-02-23T17:28:57.190+0300][5.398s][info][gc,phases   ] GC(5)   Evacuate Collection Set: 19.4ms
[2021-02-23T17:28:57.190+0300][5.398s][info][gc,phases   ] GC(5)   Post Evacuate Collection Set: 0.2ms
[2021-02-23T17:28:57.190+0300][5.398s][info][gc,phases   ] GC(5)   Other: 0.1ms
[2021-02-23T17:28:57.190+0300][5.398s][info][gc,heap     ] GC(5) Eden regions: 44->0(55)
[2021-02-23T17:28:57.190+0300][5.398s][info][gc,heap     ] GC(5) Survivor regions: 7->7(7)
[2021-02-23T17:28:57.190+0300][5.398s][info][gc,heap     ] GC(5) Old regions: 222->263
[2021-02-23T17:28:57.190+0300][5.398s][info][gc,heap     ] GC(5) Archive regions: 0->0
[2021-02-23T17:28:57.190+0300][5.398s][info][gc,heap     ] GC(5) Humongous regions: 34->34
[2021-02-23T17:28:57.190+0300][5.398s][info][gc,metaspace] GC(5) Metaspace: 6511K(7040K)->6511K(7040K) NonClass: 5768K(6144K)->5768K(6144K) Class: 743K(896K)->743K(896K)
[2021-02-23T17:28:57.190+0300][5.398s][info][gc          ] GC(5) Pause Young (Normal) (G1 Evacuation Pause) 307M->303M(1024M) 20.046ms
[2021-02-23T17:28:57.190+0300][5.398s][info][gc,cpu      ] GC(5) User=0.17s Sys=0.02s Real=0.02s
[2021-02-23T17:29:02.443+0300][10.650s][info][gc,start    ] GC(6) Pause Young (Normal) (G1 Evacuation Pause)
[2021-02-23T17:29:02.443+0300][10.650s][info][gc,task     ] GC(6) Using 6 workers of 6 for evacuation
[2021-02-23T17:29:02.468+0300][10.676s][info][gc,phases   ] GC(6)   Pre Evacuate Collection Set: 0.0ms
[2021-02-23T17:29:02.468+0300][10.676s][info][gc,phases   ] GC(6)   Merge Heap Roots: 0.0ms
[2021-02-23T17:29:02.468+0300][10.676s][info][gc,phases   ] GC(6)   Evacuate Collection Set: 25.0ms
[2021-02-23T17:29:02.469+0300][10.676s][info][gc,phases   ] GC(6)   Post Evacuate Collection Set: 0.3ms
[2021-02-23T17:29:02.469+0300][10.676s][info][gc,phases   ] GC(6)   Other: 0.1ms
[2021-02-23T17:29:02.469+0300][10.676s][info][gc,heap     ] GC(6) Eden regions: 55->0(70)
[2021-02-23T17:29:02.469+0300][10.676s][info][gc,heap     ] GC(6) Survivor regions: 7->8(8)
[2021-02-23T17:29:02.469+0300][10.676s][info][gc,heap     ] GC(6) Old regions: 263->317
[2021-02-23T17:29:02.469+0300][10.676s][info][gc,heap     ] GC(6) Archive regions: 0->0
[2021-02-23T17:29:02.469+0300][10.676s][info][gc,heap     ] GC(6) Humongous regions: 34->34
[2021-02-23T17:29:02.469+0300][10.676s][info][gc,metaspace] GC(6) Metaspace: 6736K(7296K)->6736K(7296K) NonClass: 5976K(6400K)->5976K(6400K) Class: 760K(896K)->760K(896K)
[2021-02-23T17:29:02.469+0300][10.676s][info][gc          ] GC(6) Pause Young (Normal) (G1 Evacuation Pause) 358M->358M(1024M) 25.695ms
[2021-02-23T17:29:02.469+0300][10.676s][info][gc,cpu      ] GC(6) User=0.06s Sys=0.02s Real=0.03s
[2021-02-23T17:29:11.198+0300][19.405s][info][gc,start    ] GC(7) Pause Young (Normal) (G1 Evacuation Pause)
[2021-02-23T17:29:11.198+0300][19.405s][info][gc,task     ] GC(7) Using 6 workers of 6 for evacuation
[2021-02-23T17:29:11.227+0300][19.435s][info][gc,phases   ] GC(7)   Pre Evacuate Collection Set: 0.0ms
[2021-02-23T17:29:11.227+0300][19.435s][info][gc,phases   ] GC(7)   Merge Heap Roots: 0.0ms
[2021-02-23T17:29:11.227+0300][19.435s][info][gc,phases   ] GC(7)   Evacuate Collection Set: 29.0ms
[2021-02-23T17:29:11.227+0300][19.435s][info][gc,phases   ] GC(7)   Post Evacuate Collection Set: 0.2ms
[2021-02-23T17:29:11.227+0300][19.435s][info][gc,phases   ] GC(7)   Other: 0.1ms
[2021-02-23T17:29:11.227+0300][19.435s][info][gc,heap     ] GC(7) Eden regions: 70->0(88)
[2021-02-23T17:29:11.227+0300][19.435s][info][gc,heap     ] GC(7) Survivor regions: 8->10(10)
[2021-02-23T17:29:11.227+0300][19.435s][info][gc,heap     ] GC(7) Old regions: 317->385
[2021-02-23T17:29:11.227+0300][19.435s][info][gc,heap     ] GC(7) Archive regions: 0->0
[2021-02-23T17:29:11.227+0300][19.435s][info][gc,heap     ] GC(7) Humongous regions: 34->34
[2021-02-23T17:29:11.227+0300][19.435s][info][gc,metaspace] GC(7) Metaspace: 6846K(7296K)->6846K(7296K) NonClass: 6081K(6400K)->6081K(6400K) Class: 764K(896K)->764K(896K)
[2021-02-23T17:29:11.227+0300][19.435s][info][gc          ] GC(7) Pause Young (Normal) (G1 Evacuation Pause) 428M->428M(1024M) 29.571ms
[2021-02-23T17:29:11.227+0300][19.435s][info][gc,cpu      ] GC(7) User=0.14s Sys=0.05s Real=0.03s
[2021-02-23T17:29:26.396+0300][34.604s][info][gc,start    ] GC(8) Pause Young (Normal) (G1 Evacuation Pause)
[2021-02-23T17:29:26.396+0300][34.604s][info][gc,task     ] GC(8) Using 6 workers of 6 for evacuation
[2021-02-23T17:29:26.434+0300][34.641s][info][gc,phases   ] GC(8)   Pre Evacuate Collection Set: 0.0ms
[2021-02-23T17:29:26.434+0300][34.641s][info][gc,phases   ] GC(8)   Merge Heap Roots: 0.0ms
[2021-02-23T17:29:26.434+0300][34.641s][info][gc,phases   ] GC(8)   Evacuate Collection Set: 37.0ms
[2021-02-23T17:29:26.434+0300][34.641s][info][gc,phases   ] GC(8)   Post Evacuate Collection Set: 0.2ms
[2021-02-23T17:29:26.434+0300][34.641s][info][gc,phases   ] GC(8)   Other: 0.1ms
[2021-02-23T17:29:26.434+0300][34.641s][info][gc,heap     ] GC(8) Eden regions: 88->0(107)
[2021-02-23T17:29:26.434+0300][34.641s][info][gc,heap     ] GC(8) Survivor regions: 10->13(13)
[2021-02-23T17:29:26.434+0300][34.641s][info][gc,heap     ] GC(8) Old regions: 385->469
[2021-02-23T17:29:26.434+0300][34.641s][info][gc,heap     ] GC(8) Archive regions: 0->0
[2021-02-23T17:29:26.434+0300][34.641s][info][gc,heap     ] GC(8) Humongous regions: 50->50
[2021-02-23T17:29:26.434+0300][34.641s][info][gc,metaspace] GC(8) Metaspace: 6964K(7552K)->6964K(7552K) NonClass: 6199K(6656K)->6199K(6656K) Class: 765K(896K)->765K(896K)
[2021-02-23T17:29:26.434+0300][34.642s][info][gc          ] GC(8) Pause Young (Normal) (G1 Evacuation Pause) 532M->532M(1024M) 37.575ms
[2021-02-23T17:29:26.434+0300][34.642s][info][gc,cpu      ] GC(8) User=0.16s Sys=0.03s Real=0.04s
[2021-02-23T17:29:49.243+0300][57.451s][info][gc,start    ] GC(9) Pause Young (Concurrent Start) (G1 Evacuation Pause)
[2021-02-23T17:29:49.243+0300][57.451s][info][gc,task     ] GC(9) Using 6 workers of 6 for evacuation
[2021-02-23T17:29:49.287+0300][57.495s][info][gc,phases   ] GC(9)   Pre Evacuate Collection Set: 0.1ms
[2021-02-23T17:29:49.287+0300][57.495s][info][gc,phases   ] GC(9)   Merge Heap Roots: 0.0ms
[2021-02-23T17:29:49.287+0300][57.495s][info][gc,phases   ] GC(9)   Evacuate Collection Set: 43.6ms
[2021-02-23T17:29:49.287+0300][57.495s][info][gc,phases   ] GC(9)   Post Evacuate Collection Set: 0.2ms
[2021-02-23T17:29:49.287+0300][57.495s][info][gc,phases   ] GC(9)   Other: 0.2ms
[2021-02-23T17:29:49.287+0300][57.495s][info][gc,heap     ] GC(9) Eden regions: 107->0(88)
[2021-02-23T17:29:49.287+0300][57.495s][info][gc,heap     ] GC(9) Survivor regions: 13->15(15)
[2021-02-23T17:29:49.287+0300][57.495s][info][gc,heap     ] GC(9) Old regions: 469->573
[2021-02-23T17:29:49.287+0300][57.495s][info][gc,heap     ] GC(9) Archive regions: 0->0
[2021-02-23T17:29:49.287+0300][57.495s][info][gc,heap     ] GC(9) Humongous regions: 50->50
[2021-02-23T17:29:49.287+0300][57.495s][info][gc,metaspace] GC(9) Metaspace: 7098K(7552K)->7098K(7552K) NonClass: 6333K(6656K)->6333K(6656K) Class: 765K(896K)->765K(896K)
[2021-02-23T17:29:49.287+0300][57.495s][info][gc          ] GC(9) Pause Young (Concurrent Start) (G1 Evacuation Pause) 639M->637M(1024M) 44.284ms
[2021-02-23T17:29:49.287+0300][57.495s][info][gc,cpu      ] GC(9) User=0.27s Sys=0.02s Real=0.04s
[2021-02-23T17:29:49.287+0300][57.495s][info][gc          ] GC(10) Concurrent Cycle
[2021-02-23T17:29:49.287+0300][57.495s][info][gc,marking  ] GC(10) Concurrent Clear Claimed Marks
[2021-02-23T17:29:49.287+0300][57.495s][info][gc,marking  ] GC(10) Concurrent Clear Claimed Marks 0.027ms
[2021-02-23T17:29:49.287+0300][57.495s][info][gc,marking  ] GC(10) Concurrent Scan Root Regions
[2021-02-23T17:29:49.314+0300][57.522s][info][gc,marking  ] GC(10) Concurrent Scan Root Regions 26.928ms
[2021-02-23T17:29:49.314+0300][57.522s][info][gc,marking  ] GC(10) Concurrent Mark (57.522s)
[2021-02-23T17:29:49.314+0300][57.522s][info][gc,marking  ] GC(10) Concurrent Mark From Roots
[2021-02-23T17:29:49.314+0300][57.522s][info][gc,task     ] GC(10) Using 2 workers of 2 for marking
[2021-02-23T17:29:49.770+0300][57.979s][info][gc,marking  ] GC(10) Concurrent Mark From Roots 456.144ms
[2021-02-23T17:29:49.771+0300][57.979s][info][gc,marking  ] GC(10) Concurrent Preclean
[2021-02-23T17:29:49.771+0300][57.979s][info][gc,marking  ] GC(10) Concurrent Preclean 0.102ms
[2021-02-23T17:29:49.771+0300][57.979s][info][gc,marking  ] GC(10) Concurrent Mark (57.522s, 57.979s) 456.316ms
[2021-02-23T17:29:49.784+0300][57.992s][info][gc,start    ] GC(10) Pause Remark
[2021-02-23T17:29:49.784+0300][57.992s][info][gc          ] GC(10) Pause Remark 670M->635M(1024M) 0.817ms
[2021-02-23T17:29:49.784+0300][57.992s][info][gc,cpu      ] GC(10) User=0.00s Sys=0.00s Real=0.00s
[2021-02-23T17:29:49.785+0300][57.993s][info][gc,marking  ] GC(10) Concurrent Rebuild Remembered Sets
[2021-02-23T17:29:50.173+0300][58.381s][info][gc,marking  ] GC(10) Concurrent Rebuild Remembered Sets 388.384ms
[2021-02-23T17:29:50.176+0300][58.384s][info][gc,start    ] GC(10) Pause Cleanup
[2021-02-23T17:29:50.176+0300][58.384s][info][gc          ] GC(10) Pause Cleanup 635M->635M(1024M) 0.210ms
[2021-02-23T17:29:50.176+0300][58.384s][info][gc,cpu      ] GC(10) User=0.00s Sys=0.00s Real=0.00s
[2021-02-23T17:29:50.176+0300][58.384s][info][gc,marking  ] GC(10) Concurrent Cleanup for Next Mark
[2021-02-23T17:29:50.181+0300][58.389s][info][gc,marking  ] GC(10) Concurrent Cleanup for Next Mark 4.919ms
[2021-02-23T17:29:50.181+0300][58.389s][info][gc          ] GC(10) Concurrent Cycle 893.565ms
[2021-02-23T17:30:11.288+0300][79.495s][info][gc,start    ] GC(11) Pause Young (Normal) (G1 Evacuation Pause)
[2021-02-23T17:30:11.288+0300][79.495s][info][gc,task     ] GC(11) Using 6 workers of 6 for evacuation
[2021-02-23T17:30:11.326+0300][79.533s][info][gc,phases   ] GC(11)   Pre Evacuate Collection Set: 0.1ms
[2021-02-23T17:30:11.326+0300][79.533s][info][gc,phases   ] GC(11)   Merge Heap Roots: 0.0ms
[2021-02-23T17:30:11.326+0300][79.533s][info][gc,phases   ] GC(11)   Evacuate Collection Set: 38.1ms
[2021-02-23T17:30:11.326+0300][79.534s][info][gc,phases   ] GC(11)   Post Evacuate Collection Set: 0.2ms
[2021-02-23T17:30:11.326+0300][79.534s][info][gc,phases   ] GC(11)   Other: 0.1ms
[2021-02-23T17:30:11.326+0300][79.534s][info][gc,heap     ] GC(11) Eden regions: 88->0(64)
[2021-02-23T17:30:11.326+0300][79.534s][info][gc,heap     ] GC(11) Survivor regions: 15->13(13)
[2021-02-23T17:30:11.326+0300][79.534s][info][gc,heap     ] GC(11) Old regions: 572->660
[2021-02-23T17:30:11.326+0300][79.534s][info][gc,heap     ] GC(11) Archive regions: 0->0
[2021-02-23T17:30:11.326+0300][79.534s][info][gc,heap     ] GC(11) Humongous regions: 40->40
[2021-02-23T17:30:11.326+0300][79.534s][info][gc,metaspace] GC(11) Metaspace: 7122K(7552K)->7122K(7552K) NonClass: 6356K(6656K)->6356K(6656K) Class: 765K(896K)->765K(896K)
[2021-02-23T17:30:11.326+0300][79.534s][info][gc          ] GC(11) Pause Young (Normal) (G1 Evacuation Pause) 714M->713M(1024M) 38.741ms
[2021-02-23T17:30:11.326+0300][79.534s][info][gc,cpu      ] GC(11) User=0.19s Sys=0.00s Real=0.04s
[2021-02-23T17:30:30.323+0300][98.530s][info][gc,start    ] GC(12) Pause Young (Concurrent Start) (G1 Evacuation Pause)
[2021-02-23T17:30:30.323+0300][98.530s][info][gc,task     ] GC(12) Using 6 workers of 6 for evacuation
[2021-02-23T17:30:30.351+0300][98.559s][info][gc,phases   ] GC(12)   Pre Evacuate Collection Set: 0.1ms
[2021-02-23T17:30:30.351+0300][98.559s][info][gc,phases   ] GC(12)   Merge Heap Roots: 0.0ms
[2021-02-23T17:30:30.351+0300][98.559s][info][gc,phases   ] GC(12)   Evacuate Collection Set: 27.6ms
[2021-02-23T17:30:30.351+0300][98.559s][info][gc,phases   ] GC(12)   Post Evacuate Collection Set: 0.2ms
[2021-02-23T17:30:30.351+0300][98.559s][info][gc,phases   ] GC(12)   Other: 0.1ms
[2021-02-23T17:30:30.351+0300][98.559s][info][gc,heap     ] GC(12) Eden regions: 64->0(44)
[2021-02-23T17:30:30.351+0300][98.559s][info][gc,heap     ] GC(12) Survivor regions: 13->10(10)
[2021-02-23T17:30:30.351+0300][98.559s][info][gc,heap     ] GC(12) Old regions: 660->726
[2021-02-23T17:30:30.351+0300][98.559s][info][gc,heap     ] GC(12) Archive regions: 0->0
[2021-02-23T17:30:30.351+0300][98.559s][info][gc,heap     ] GC(12) Humongous regions: 40->40
[2021-02-23T17:30:30.351+0300][98.559s][info][gc,metaspace] GC(12) Metaspace: 7140K(7552K)->7140K(7552K) NonClass: 6374K(6656K)->6374K(6656K) Class: 765K(896K)->765K(896K)
[2021-02-23T17:30:30.352+0300][98.559s][info][gc          ] GC(12) Pause Young (Concurrent Start) (G1 Evacuation Pause) 777M->776M(1024M) 28.291ms
[2021-02-23T17:30:30.352+0300][98.559s][info][gc,cpu      ] GC(12) User=0.16s Sys=0.03s Real=0.03s
[2021-02-23T17:30:30.352+0300][98.559s][info][gc          ] GC(13) Concurrent Cycle
[2021-02-23T17:30:30.352+0300][98.559s][info][gc,marking  ] GC(13) Concurrent Clear Claimed Marks
[2021-02-23T17:30:30.352+0300][98.559s][info][gc,marking  ] GC(13) Concurrent Clear Claimed Marks 0.022ms
[2021-02-23T17:30:30.352+0300][98.559s][info][gc,marking  ] GC(13) Concurrent Scan Root Regions
[2021-02-23T17:30:30.368+0300][98.575s][info][gc,marking  ] GC(13) Concurrent Scan Root Regions 16.490ms
[2021-02-23T17:30:30.368+0300][98.575s][info][gc,marking  ] GC(13) Concurrent Mark (98.575s)
[2021-02-23T17:30:30.368+0300][98.575s][info][gc,marking  ] GC(13) Concurrent Mark From Roots
[2021-02-23T17:30:30.368+0300][98.575s][info][gc,task     ] GC(13) Using 2 workers of 2 for marking
[2021-02-23T17:30:31.039+0300][99.246s][info][gc,marking  ] GC(13) Concurrent Mark From Roots 670.388ms
[2021-02-23T17:30:31.039+0300][99.246s][info][gc,marking  ] GC(13) Concurrent Preclean
[2021-02-23T17:30:31.039+0300][99.246s][info][gc,marking  ] GC(13) Concurrent Preclean 0.097ms
[2021-02-23T17:30:31.039+0300][99.246s][info][gc,marking  ] GC(13) Concurrent Mark (98.575s, 99.246s) 670.558ms
[2021-02-23T17:30:31.062+0300][99.269s][info][gc,start    ] GC(13) Pause Remark
[2021-02-23T17:30:31.062+0300][99.270s][info][gc          ] GC(13) Pause Remark 789M->773M(1024M) 0.762ms
[2021-02-23T17:30:31.062+0300][99.270s][info][gc,cpu      ] GC(13) User=0.00s Sys=0.00s Real=0.00s
[2021-02-23T17:30:31.063+0300][99.270s][info][gc,marking  ] GC(13) Concurrent Rebuild Remembered Sets
[2021-02-23T17:30:31.583+0300][99.790s][info][gc,marking  ] GC(13) Concurrent Rebuild Remembered Sets 520.344ms
[2021-02-23T17:30:31.584+0300][99.791s][info][gc,start    ] GC(13) Pause Cleanup
[2021-02-23T17:30:31.584+0300][99.791s][info][gc          ] GC(13) Pause Cleanup 773M->773M(1024M) 0.259ms
[2021-02-23T17:30:31.584+0300][99.791s][info][gc,cpu      ] GC(13) User=0.00s Sys=0.00s Real=0.00s
[2021-02-23T17:30:31.584+0300][99.791s][info][gc,marking  ] GC(13) Concurrent Cleanup for Next Mark
[2021-02-23T17:30:31.588+0300][99.795s][info][gc,marking  ] GC(13) Concurrent Cleanup for Next Mark 3.646ms
[2021-02-23T17:30:31.588+0300][99.795s][info][gc          ] GC(13) Concurrent Cycle 1236.095ms
[2021-02-23T17:30:43.354+0300][111.561s][info][gc,start    ] GC(14) Pause Young (Normal) (G1 Evacuation Pause)
[2021-02-23T17:30:43.354+0300][111.561s][info][gc,task     ] GC(14) Using 6 workers of 6 for evacuation
[2021-02-23T17:30:43.373+0300][111.580s][info][gc,phases   ] GC(14)   Pre Evacuate Collection Set: 0.0ms
[2021-02-23T17:30:43.373+0300][111.581s][info][gc,phases   ] GC(14)   Merge Heap Roots: 0.1ms
[2021-02-23T17:30:43.373+0300][111.581s][info][gc,phases   ] GC(14)   Evacuate Collection Set: 19.4ms
[2021-02-23T17:30:43.373+0300][111.581s][info][gc,phases   ] GC(14)   Post Evacuate Collection Set: 0.2ms
[2021-02-23T17:30:43.373+0300][111.581s][info][gc,phases   ] GC(14)   Other: 0.1ms
[2021-02-23T17:30:43.373+0300][111.581s][info][gc,heap     ] GC(14) Eden regions: 44->0(44)
[2021-02-23T17:30:43.373+0300][111.581s][info][gc,heap     ] GC(14) Survivor regions: 10->7(7)
[2021-02-23T17:30:43.373+0300][111.581s][info][gc,heap     ] GC(14) Old regions: 726->773
[2021-02-23T17:30:43.373+0300][111.581s][info][gc,heap     ] GC(14) Archive regions: 0->0
[2021-02-23T17:30:43.373+0300][111.581s][info][gc,heap     ] GC(14) Humongous regions: 24->24
[2021-02-23T17:30:43.373+0300][111.581s][info][gc,metaspace] GC(14) Metaspace: 7143K(7552K)->7143K(7552K) NonClass: 6377K(6656K)->6377K(6656K) Class: 765K(896K)->765K(896K)
[2021-02-23T17:30:43.373+0300][111.581s][info][gc          ] GC(14) Pause Young (Normal) (G1 Evacuation Pause) 804M->803M(1024M) 19.967ms
[2021-02-23T17:30:43.373+0300][111.581s][info][gc,cpu      ] GC(14) User=0.08s Sys=0.02s Real=0.02s
[2021-02-23T17:30:56.062+0300][124.269s][info][gc,start    ] GC(15) Pause Young (Concurrent Start) (G1 Evacuation Pause)
[2021-02-23T17:30:56.062+0300][124.269s][info][gc,task     ] GC(15) Using 6 workers of 6 for evacuation
[2021-02-23T17:30:56.083+0300][124.291s][info][gc,phases   ] GC(15)   Pre Evacuate Collection Set: 0.0ms
[2021-02-23T17:30:56.083+0300][124.291s][info][gc,phases   ] GC(15)   Merge Heap Roots: 0.1ms
[2021-02-23T17:30:56.083+0300][124.291s][info][gc,phases   ] GC(15)   Evacuate Collection Set: 20.7ms
[2021-02-23T17:30:56.083+0300][124.291s][info][gc,phases   ] GC(15)   Post Evacuate Collection Set: 0.2ms
[2021-02-23T17:30:56.083+0300][124.291s][info][gc,phases   ] GC(15)   Other: 0.1ms
[2021-02-23T17:30:56.083+0300][124.291s][info][gc,heap     ] GC(15) Eden regions: 44->0(44)
[2021-02-23T17:30:56.083+0300][124.291s][info][gc,heap     ] GC(15) Survivor regions: 7->7(7)
[2021-02-23T17:30:56.083+0300][124.291s][info][gc,heap     ] GC(15) Old regions: 773->817
[2021-02-23T17:30:56.083+0300][124.291s][info][gc,heap     ] GC(15) Archive regions: 0->0
[2021-02-23T17:30:56.083+0300][124.291s][info][gc,heap     ] GC(15) Humongous regions: 24->24
[2021-02-23T17:30:56.083+0300][124.291s][info][gc,metaspace] GC(15) Metaspace: 7145K(7552K)->7145K(7552K) NonClass: 6379K(6656K)->6379K(6656K) Class: 765K(896K)->765K(896K)
[2021-02-23T17:30:56.083+0300][124.291s][info][gc          ] GC(15) Pause Young (Concurrent Start) (G1 Evacuation Pause) 847M->847M(1024M) 21.302ms
[2021-02-23T17:30:56.084+0300][124.291s][info][gc,cpu      ] GC(15) User=0.14s Sys=0.05s Real=0.02s
[2021-02-23T17:30:56.084+0300][124.291s][info][gc          ] GC(16) Concurrent Cycle
[2021-02-23T17:30:56.084+0300][124.291s][info][gc,marking  ] GC(16) Concurrent Clear Claimed Marks
[2021-02-23T17:30:56.084+0300][124.291s][info][gc,marking  ] GC(16) Concurrent Clear Claimed Marks 0.022ms
[2021-02-23T17:30:56.084+0300][124.291s][info][gc,marking  ] GC(16) Concurrent Scan Root Regions
[2021-02-23T17:30:56.095+0300][124.302s][info][gc,marking  ] GC(16) Concurrent Scan Root Regions 11.509ms
[2021-02-23T17:30:56.095+0300][124.302s][info][gc,marking  ] GC(16) Concurrent Mark (124.302s)
[2021-02-23T17:30:56.095+0300][124.302s][info][gc,marking  ] GC(16) Concurrent Mark From Roots
[2021-02-23T17:30:56.095+0300][124.302s][info][gc,task     ] GC(16) Using 2 workers of 2 for marking
[2021-02-23T17:30:56.845+0300][125.052s][info][gc,marking  ] GC(16) Concurrent Mark From Roots 749.842ms
[2021-02-23T17:30:56.845+0300][125.052s][info][gc,marking  ] GC(16) Concurrent Preclean
[2021-02-23T17:30:56.845+0300][125.052s][info][gc,marking  ] GC(16) Concurrent Preclean 0.099ms
[2021-02-23T17:30:56.845+0300][125.052s][info][gc,marking  ] GC(16) Concurrent Mark (124.302s, 125.052s) 750.010ms
[2021-02-23T17:30:56.863+0300][125.070s][info][gc,start    ] GC(16) Pause Remark
[2021-02-23T17:30:56.863+0300][125.071s][info][gc          ] GC(16) Pause Remark 858M->858M(1024M) 0.717ms
[2021-02-23T17:30:56.863+0300][125.071s][info][gc,cpu      ] GC(16) User=0.00s Sys=0.00s Real=0.00s
[2021-02-23T17:30:56.863+0300][125.071s][info][gc,marking  ] GC(16) Concurrent Rebuild Remembered Sets
[2021-02-23T17:30:57.445+0300][125.652s][info][gc,marking  ] GC(16) Concurrent Rebuild Remembered Sets 581.241ms
[2021-02-23T17:30:57.448+0300][125.655s][info][gc,start    ] GC(16) Pause Cleanup
[2021-02-23T17:30:57.448+0300][125.655s][info][gc          ] GC(16) Pause Cleanup 858M->858M(1024M) 0.293ms
[2021-02-23T17:30:57.448+0300][125.655s][info][gc,cpu      ] GC(16) User=0.00s Sys=0.00s Real=0.00s
[2021-02-23T17:30:57.451+0300][125.658s][info][gc,marking  ] GC(16) Concurrent Cleanup for Next Mark
[2021-02-23T17:30:57.451+0300][125.659s][info][gc,marking  ] GC(16) Concurrent Cleanup for Next Mark 0.717ms
[2021-02-23T17:30:57.451+0300][125.659s][info][gc          ] GC(16) Concurrent Cycle 1367.841ms
[2021-02-23T17:31:10.143+0300][138.350s][info][gc,start    ] GC(17) Pause Young (Normal) (G1 Evacuation Pause)
[2021-02-23T17:31:10.143+0300][138.350s][info][gc,task     ] GC(17) Using 6 workers of 6 for evacuation
[2021-02-23T17:31:10.163+0300][138.370s][info][gc,phases   ] GC(17)   Pre Evacuate Collection Set: 0.0ms
[2021-02-23T17:31:10.163+0300][138.370s][info][gc,phases   ] GC(17)   Merge Heap Roots: 0.0ms
[2021-02-23T17:31:10.163+0300][138.370s][info][gc,phases   ] GC(17)   Evacuate Collection Set: 19.7ms
[2021-02-23T17:31:10.163+0300][138.370s][info][gc,phases   ] GC(17)   Post Evacuate Collection Set: 0.2ms
[2021-02-23T17:31:10.163+0300][138.370s][info][gc,phases   ] GC(17)   Other: 0.1ms
[2021-02-23T17:31:10.163+0300][138.370s][info][gc,heap     ] GC(17) Eden regions: 44->0(44)
[2021-02-23T17:31:10.163+0300][138.370s][info][gc,heap     ] GC(17) Survivor regions: 7->7(7)
[2021-02-23T17:31:10.163+0300][138.370s][info][gc,heap     ] GC(17) Old regions: 817->861
[2021-02-23T17:31:10.163+0300][138.370s][info][gc,heap     ] GC(17) Archive regions: 0->0
[2021-02-23T17:31:10.163+0300][138.370s][info][gc,heap     ] GC(17) Humongous regions: 24->24
[2021-02-23T17:31:10.163+0300][138.370s][info][gc,metaspace] GC(17) Metaspace: 7151K(7552K)->7151K(7552K) NonClass: 6385K(6656K)->6385K(6656K) Class: 765K(896K)->765K(896K)
[2021-02-23T17:31:10.163+0300][138.370s][info][gc          ] GC(17) Pause Young (Normal) (G1 Evacuation Pause) 891M->891M(1024M) 20.230ms
[2021-02-23T17:31:10.163+0300][138.370s][info][gc,cpu      ] GC(17) User=0.09s Sys=0.00s Real=0.02s
[2021-02-23T17:31:14.668+0300][142.875s][info][gc,start    ] GC(18) Pause Young (Concurrent Start) (G1 Humongous Allocation)
[2021-02-23T17:31:14.668+0300][142.875s][info][gc,task     ] GC(18) Using 6 workers of 6 for evacuation
[2021-02-23T17:31:14.677+0300][142.885s][info][gc,phases   ] GC(18)   Pre Evacuate Collection Set: 0.0ms
[2021-02-23T17:31:14.677+0300][142.885s][info][gc,phases   ] GC(18)   Merge Heap Roots: 0.1ms
[2021-02-23T17:31:14.677+0300][142.885s][info][gc,phases   ] GC(18)   Evacuate Collection Set: 9.4ms
[2021-02-23T17:31:14.677+0300][142.885s][info][gc,phases   ] GC(18)   Post Evacuate Collection Set: 0.2ms
[2021-02-23T17:31:14.678+0300][142.885s][info][gc,phases   ] GC(18)   Other: 0.1ms
[2021-02-23T17:31:14.678+0300][142.885s][info][gc,heap     ] GC(18) Eden regions: 12->0(44)
[2021-02-23T17:31:14.678+0300][142.885s][info][gc,heap     ] GC(18) Survivor regions: 7->7(7)
[2021-02-23T17:31:14.678+0300][142.885s][info][gc,heap     ] GC(18) Old regions: 861->873
[2021-02-23T17:31:14.678+0300][142.885s][info][gc,heap     ] GC(18) Archive regions: 0->0
[2021-02-23T17:31:14.678+0300][142.885s][info][gc,heap     ] GC(18) Humongous regions: 24->24
[2021-02-23T17:31:14.678+0300][142.885s][info][gc,metaspace] GC(18) Metaspace: 7152K(7552K)->7152K(7552K) NonClass: 6386K(6656K)->6386K(6656K) Class: 765K(896K)->765K(896K)
[2021-02-23T17:31:14.678+0300][142.885s][info][gc          ] GC(18) Pause Young (Concurrent Start) (G1 Humongous Allocation) 903M->903M(1024M) 10.091ms
[2021-02-23T17:31:14.678+0300][142.885s][info][gc,cpu      ] GC(18) User=0.09s Sys=0.00s Real=0.01s
[2021-02-23T17:31:14.678+0300][142.885s][info][gc          ] GC(19) Concurrent Cycle
[2021-02-23T17:31:14.678+0300][142.885s][info][gc,marking  ] GC(19) Concurrent Clear Claimed Marks
[2021-02-23T17:31:14.678+0300][142.885s][info][gc,marking  ] GC(19) Concurrent Clear Claimed Marks 0.025ms
[2021-02-23T17:31:14.678+0300][142.885s][info][gc,marking  ] GC(19) Concurrent Scan Root Regions
[2021-02-23T17:31:14.682+0300][142.889s][info][gc,marking  ] GC(19) Concurrent Scan Root Regions 4.174ms
[2021-02-23T17:31:14.682+0300][142.889s][info][gc,marking  ] GC(19) Concurrent Mark (142.889s)
[2021-02-23T17:31:14.682+0300][142.889s][info][gc,marking  ] GC(19) Concurrent Mark From Roots
[2021-02-23T17:31:14.682+0300][142.889s][info][gc,task     ] GC(19) Using 2 workers of 2 for marking
[2021-02-23T17:31:14.782+0300][142.989s][info][gc,marking  ] GC(19) Concurrent Mark reset for overflow
[2021-02-23T17:31:15.551+0300][143.759s][info][gc,marking  ] GC(19) Concurrent Mark From Roots 869.379ms
[2021-02-23T17:31:15.551+0300][143.759s][info][gc,marking  ] GC(19) Concurrent Preclean
[2021-02-23T17:31:15.552+0300][143.759s][info][gc,marking  ] GC(19) Concurrent Preclean 0.134ms
[2021-02-23T17:31:15.552+0300][143.759s][info][gc,marking  ] GC(19) Concurrent Mark (142.889s, 143.759s) 869.580ms
[2021-02-23T17:31:15.563+0300][143.770s][info][gc,start    ] GC(19) Pause Remark
[2021-02-23T17:31:15.565+0300][143.772s][info][gc          ] GC(19) Pause Remark 951M->951M(1024M) 1.818ms
[2021-02-23T17:31:15.565+0300][143.772s][info][gc,cpu      ] GC(19) User=0.02s Sys=0.00s Real=0.00s
[2021-02-23T17:31:15.565+0300][143.772s][info][gc,marking  ] GC(19) Concurrent Rebuild Remembered Sets
[2021-02-23T17:31:16.135+0300][144.342s][info][gc,marking  ] GC(19) Concurrent Rebuild Remembered Sets 570.558ms
[2021-02-23T17:31:16.138+0300][144.345s][info][gc,start    ] GC(19) Pause Cleanup
[2021-02-23T17:31:16.138+0300][144.345s][info][gc          ] GC(19) Pause Cleanup 951M->951M(1024M) 0.279ms
[2021-02-23T17:31:16.138+0300][144.345s][info][gc,cpu      ] GC(19) User=0.00s Sys=0.00s Real=0.00s
[2021-02-23T17:31:16.138+0300][144.345s][info][gc,marking  ] GC(19) Concurrent Cleanup for Next Mark
[2021-02-23T17:31:16.139+0300][144.346s][info][gc,marking  ] GC(19) Concurrent Cleanup for Next Mark 0.739ms
[2021-02-23T17:31:16.139+0300][144.346s][info][gc          ] GC(19) Concurrent Cycle 1460.999ms
[2021-02-23T17:31:29.540+0300][157.747s][info][gc,start    ] GC(20) Pause Young (Normal) (G1 Evacuation Pause)
[2021-02-23T17:31:29.540+0300][157.747s][info][gc,task     ] GC(20) Using 6 workers of 6 for evacuation
[2021-02-23T17:31:29.564+0300][157.771s][info][gc          ] GC(20) To-space exhausted
[2021-02-23T17:31:29.564+0300][157.771s][info][gc,phases   ] GC(20)   Pre Evacuate Collection Set: 0.0ms
[2021-02-23T17:31:29.564+0300][157.771s][info][gc,phases   ] GC(20)   Merge Heap Roots: 0.1ms
[2021-02-23T17:31:29.564+0300][157.771s][info][gc,phases   ] GC(20)   Evacuate Collection Set: 21.7ms
[2021-02-23T17:31:29.564+0300][157.771s][info][gc,phases   ] GC(20)   Post Evacuate Collection Set: 2.7ms
[2021-02-23T17:31:29.564+0300][157.771s][info][gc,phases   ] GC(20)   Other: 0.1ms
[2021-02-23T17:31:29.564+0300][157.771s][info][gc,heap     ] GC(20) Eden regions: 44->0(44)
[2021-02-23T17:31:29.564+0300][157.771s][info][gc,heap     ] GC(20) Survivor regions: 7->7(7)
[2021-02-23T17:31:29.564+0300][157.771s][info][gc,heap     ] GC(20) Old regions: 873->922
[2021-02-23T17:31:29.564+0300][157.772s][info][gc,heap     ] GC(20) Archive regions: 0->0
[2021-02-23T17:31:29.564+0300][157.772s][info][gc,heap     ] GC(20) Humongous regions: 60->60
[2021-02-23T17:31:29.564+0300][157.772s][info][gc,metaspace] GC(20) Metaspace: 6965K(7552K)->6965K(7552K) NonClass: 6234K(6656K)->6234K(6656K) Class: 731K(896K)->731K(896K)
[2021-02-23T17:31:29.564+0300][157.772s][info][gc          ] GC(20) Pause Young (Normal) (G1 Evacuation Pause) 983M->989M(1024M) 24.735ms
[2021-02-23T17:31:29.564+0300][157.772s][info][gc,cpu      ] GC(20) User=0.09s Sys=0.00s Real=0.02s
[2021-02-23T17:31:39.094+0300][167.301s][info][gc,start    ] GC(21) Pause Young (Concurrent Start) (G1 Evacuation Pause)
[2021-02-23T17:31:39.094+0300][167.301s][info][gc,task     ] GC(21) Using 6 workers of 6 for evacuation
[2021-02-23T17:31:39.142+0300][167.349s][info][gc          ] GC(21) To-space exhausted
[2021-02-23T17:31:39.142+0300][167.349s][info][gc,phases   ] GC(21)   Pre Evacuate Collection Set: 0.0ms
[2021-02-23T17:31:39.142+0300][167.349s][info][gc,phases   ] GC(21)   Merge Heap Roots: 0.0ms
[2021-02-23T17:31:39.142+0300][167.349s][info][gc,phases   ] GC(21)   Evacuate Collection Set: 37.2ms
[2021-02-23T17:31:39.142+0300][167.349s][info][gc,phases   ] GC(21)   Post Evacuate Collection Set: 11.2ms
[2021-02-23T17:31:39.142+0300][167.349s][info][gc,phases   ] GC(21)   Other: 0.2ms
[2021-02-23T17:31:39.142+0300][167.349s][info][gc,heap     ] GC(21) Eden regions: 35->0(51)
[2021-02-23T17:31:39.142+0300][167.349s][info][gc,heap     ] GC(21) Survivor regions: 7->0(0)
[2021-02-23T17:31:39.142+0300][167.349s][info][gc,heap     ] GC(21) Old regions: 922->964
[2021-02-23T17:31:39.142+0300][167.349s][info][gc,heap     ] GC(21) Archive regions: 0->0
[2021-02-23T17:31:39.142+0300][167.349s][info][gc,heap     ] GC(21) Humongous regions: 60->60
[2021-02-23T17:31:39.142+0300][167.349s][info][gc,metaspace] GC(21) Metaspace: 6978K(7552K)->6978K(7552K) NonClass: 6246K(6656K)->6246K(6656K) Class: 731K(896K)->731K(896K)
[2021-02-23T17:31:39.142+0300][167.350s][info][gc          ] GC(21) Pause Young (Concurrent Start) (G1 Evacuation Pause) 1024M->1024M(1024M) 48.753ms
[2021-02-23T17:31:39.142+0300][167.350s][info][gc,cpu      ] GC(21) User=0.28s Sys=0.00s Real=0.05s
[2021-02-23T17:31:39.142+0300][167.350s][info][gc,ergo     ] Attempting maximally compacting collection
[2021-02-23T17:31:39.142+0300][167.350s][info][gc          ] GC(22) Concurrent Cycle
[2021-02-23T17:31:39.142+0300][167.350s][info][gc,marking  ] GC(22) Concurrent Clear Claimed Marks
[2021-02-23T17:31:39.142+0300][167.350s][info][gc,marking  ] GC(22) Concurrent Clear Claimed Marks 0.019ms
[2021-02-23T17:31:39.142+0300][167.350s][info][gc,marking  ] GC(22) Concurrent Scan Root Regions
[2021-02-23T17:31:39.142+0300][167.350s][info][gc,marking  ] GC(22) Concurrent Scan Root Regions 0.011ms
[2021-02-23T17:31:39.142+0300][167.350s][info][gc,marking  ] GC(22) Concurrent Mark (167.350s)
[2021-02-23T17:31:39.142+0300][167.350s][info][gc,marking  ] GC(22) Concurrent Mark From Roots
[2021-02-23T17:31:39.142+0300][167.350s][info][gc,task     ] GC(22) Using 2 workers of 2 for marking
[2021-02-23T17:31:39.143+0300][167.350s][info][gc,task     ] GC(23) Using 6 workers of 6 for full compaction
[2021-02-23T17:31:39.143+0300][167.350s][info][gc,start    ] GC(23) Pause Full (G1 Evacuation Pause)
[2021-02-23T17:31:39.143+0300][167.351s][info][gc,phases,start] GC(23) Phase 1: Mark live objects
[2021-02-23T17:31:39.348+0300][167.555s][info][gc,phases      ] GC(23) Phase 1: Mark live objects 204.814ms
[2021-02-23T17:31:39.348+0300][167.555s][info][gc,phases,start] GC(23) Phase 2: Prepare for compaction
[2021-02-23T17:31:39.410+0300][167.617s][info][gc,phases      ] GC(23) Phase 2: Prepare for compaction 62.017ms
[2021-02-23T17:31:39.410+0300][167.617s][info][gc,phases,start] GC(23) Phase 3: Adjust pointers
[2021-02-23T17:31:39.491+0300][167.698s][info][gc,phases      ] GC(23) Phase 3: Adjust pointers 80.613ms
[2021-02-23T17:31:39.491+0300][167.698s][info][gc,phases,start] GC(23) Phase 4: Compact heap
[2021-02-23T17:31:39.583+0300][167.790s][info][gc,phases      ] GC(23) Phase 4: Compact heap 92.074ms
[2021-02-23T17:31:39.584+0300][167.791s][info][gc,heap        ] GC(23) Eden regions: 0->0(51)
[2021-02-23T17:31:39.584+0300][167.791s][info][gc,heap        ] GC(23) Survivor regions: 0->0(0)
[2021-02-23T17:31:39.584+0300][167.791s][info][gc,heap        ] GC(23) Old regions: 964->925
[2021-02-23T17:31:39.584+0300][167.791s][info][gc,heap        ] GC(23) Archive regions: 0->0
[2021-02-23T17:31:39.584+0300][167.791s][info][gc,heap        ] GC(23) Humongous regions: 60->36
[2021-02-23T17:31:39.584+0300][167.791s][info][gc,metaspace   ] GC(23) Metaspace: 6978K(7552K)->6888K(7552K) NonClass: 6246K(6656K)->6169K(6656K) Class: 731K(896K)->719K(896K)
[2021-02-23T17:31:39.584+0300][167.791s][info][gc             ] GC(23) Pause Full (G1 Evacuation Pause) 1024M->958M(1024M) 441.105ms
[2021-02-23T17:31:39.584+0300][167.791s][info][gc,cpu         ] GC(23) User=2.42s Sys=0.00s Real=0.44s
[2021-02-23T17:31:39.584+0300][167.791s][info][gc,marking     ] GC(22) Concurrent Mark From Roots 441.671ms
[2021-02-23T17:31:39.584+0300][167.791s][info][gc,marking     ] GC(22) Concurrent Mark Abort
[2021-02-23T17:31:39.584+0300][167.791s][info][gc             ] GC(22) Concurrent Cycle 441.805ms
[2021-02-23T17:31:59.488+0300][187.695s][info][gc,start       ] GC(24) Pause Young (Normal) (G1 Evacuation Pause)
[2021-02-23T17:31:59.488+0300][187.695s][info][gc,task        ] GC(24) Using 6 workers of 6 for evacuation
[2021-02-23T17:31:59.532+0300][187.740s][info][gc             ] GC(24) To-space exhausted
[2021-02-23T17:31:59.532+0300][187.740s][info][gc,phases      ] GC(24)   Pre Evacuate Collection Set: 0.0ms
[2021-02-23T17:31:59.532+0300][187.740s][info][gc,phases      ] GC(24)   Merge Heap Roots: 0.1ms
[2021-02-23T17:31:59.532+0300][187.740s][info][gc,phases      ] GC(24)   Evacuate Collection Set: 37.5ms
[2021-02-23T17:31:59.532+0300][187.740s][info][gc,phases      ] GC(24)   Post Evacuate Collection Set: 7.0ms
[2021-02-23T17:31:59.532+0300][187.740s][info][gc,phases      ] GC(24)   Other: 0.1ms
[2021-02-23T17:31:59.532+0300][187.740s][info][gc,heap        ] GC(24) Eden regions: 51->0(44)
[2021-02-23T17:31:59.532+0300][187.740s][info][gc,heap        ] GC(24) Survivor regions: 0->7(7)
[2021-02-23T17:31:59.532+0300][187.740s][info][gc,heap        ] GC(24) Old regions: 925->973
[2021-02-23T17:31:59.533+0300][187.740s][info][gc,heap        ] GC(24) Archive regions: 0->0
[2021-02-23T17:31:59.533+0300][187.740s][info][gc,heap        ] GC(24) Humongous regions: 36->36
[2021-02-23T17:31:59.533+0300][187.740s][info][gc,metaspace   ] GC(24) Metaspace: 6980K(7552K)->6980K(7552K) NonClass: 6250K(6656K)->6250K(6656K) Class: 730K(896K)->730K(896K)
[2021-02-23T17:31:59.533+0300][187.740s][info][gc             ] GC(24) Pause Young (Normal) (G1 Evacuation Pause) 1009M->1013M(1024M) 44.920ms
[2021-02-23T17:31:59.533+0300][187.740s][info][gc,cpu         ] GC(24) User=0.19s Sys=0.02s Real=0.05s
[2021-02-23T17:31:59.537+0300][187.744s][info][gc,start       ] GC(25) Pause Young (Concurrent Start) (G1 Evacuation Pause)
[2021-02-23T17:31:59.537+0300][187.744s][info][gc,task        ] GC(25) Using 6 workers of 6 for evacuation
[2021-02-23T17:31:59.557+0300][187.764s][info][gc             ] GC(25) To-space exhausted
[2021-02-23T17:31:59.557+0300][187.764s][info][gc,phases      ] GC(25)   Pre Evacuate Collection Set: 0.0ms
[2021-02-23T17:31:59.557+0300][187.764s][info][gc,phases      ] GC(25)   Merge Heap Roots: 0.0ms
[2021-02-23T17:31:59.557+0300][187.764s][info][gc,phases      ] GC(25)   Evacuate Collection Set: 14.7ms
[2021-02-23T17:31:59.557+0300][187.764s][info][gc,phases      ] GC(25)   Post Evacuate Collection Set: 4.8ms
[2021-02-23T17:31:59.557+0300][187.764s][info][gc,phases      ] GC(25)   Other: 0.2ms
[2021-02-23T17:31:59.557+0300][187.764s][info][gc,heap        ] GC(25) Eden regions: 8->0(51)
[2021-02-23T17:31:59.557+0300][187.764s][info][gc,heap        ] GC(25) Survivor regions: 7->0(0)
[2021-02-23T17:31:59.557+0300][187.764s][info][gc,heap        ] GC(25) Old regions: 973->988
[2021-02-23T17:31:59.557+0300][187.764s][info][gc,heap        ] GC(25) Archive regions: 0->0
[2021-02-23T17:31:59.557+0300][187.764s][info][gc,heap        ] GC(25) Humongous regions: 36->36
[2021-02-23T17:31:59.557+0300][187.764s][info][gc,metaspace   ] GC(25) Metaspace: 6980K(7552K)->6980K(7552K) NonClass: 6250K(6656K)->6250K(6656K) Class: 730K(896K)->730K(896K)
[2021-02-23T17:31:59.557+0300][187.764s][info][gc             ] GC(25) Pause Young (Concurrent Start) (G1 Evacuation Pause) 1021M->1021M(1024M) 19.882ms
[2021-02-23T17:31:59.557+0300][187.764s][info][gc,cpu         ] GC(25) User=0.09s Sys=0.00s Real=0.02s
[2021-02-23T17:31:59.557+0300][187.764s][info][gc,ergo        ] Attempting maximally compacting collection
[2021-02-23T17:31:59.557+0300][187.764s][info][gc             ] GC(26) Concurrent Cycle
[2021-02-23T17:31:59.557+0300][187.764s][info][gc,task        ] GC(27) Using 6 workers of 6 for full compaction
[2021-02-23T17:31:59.557+0300][187.764s][info][gc,marking     ] GC(26) Concurrent Clear Claimed Marks
[2021-02-23T17:31:59.557+0300][187.764s][info][gc,marking     ] GC(26) Concurrent Clear Claimed Marks 0.056ms
[2021-02-23T17:31:59.557+0300][187.764s][info][gc,marking     ] GC(26) Concurrent Scan Root Regions
[2021-02-23T17:31:59.557+0300][187.764s][info][gc,marking     ] GC(26) Concurrent Scan Root Regions 0.013ms
[2021-02-23T17:31:59.557+0300][187.764s][info][gc,marking     ] GC(26) Concurrent Mark (187.764s)
[2021-02-23T17:31:59.557+0300][187.764s][info][gc,marking     ] GC(26) Concurrent Mark From Roots
[2021-02-23T17:31:59.557+0300][187.764s][info][gc,task        ] GC(26) Using 2 workers of 2 for marking
[2021-02-23T17:31:59.557+0300][187.764s][info][gc,start       ] GC(27) Pause Full (G1 Evacuation Pause)
[2021-02-23T17:31:59.558+0300][187.765s][info][gc,phases,start] GC(27) Phase 1: Mark live objects
[2021-02-23T17:31:59.777+0300][187.985s][info][gc,phases      ] GC(27) Phase 1: Mark live objects 219.783ms
[2021-02-23T17:31:59.777+0300][187.985s][info][gc,phases,start] GC(27) Phase 2: Prepare for compaction
[2021-02-23T17:31:59.843+0300][188.051s][info][gc,phases      ] GC(27) Phase 2: Prepare for compaction 65.903ms
[2021-02-23T17:31:59.843+0300][188.051s][info][gc,phases,start] GC(27) Phase 3: Adjust pointers
[2021-02-23T17:31:59.929+0300][188.136s][info][gc,phases      ] GC(27) Phase 3: Adjust pointers 85.152ms
[2021-02-23T17:31:59.929+0300][188.136s][info][gc,phases,start] GC(27) Phase 4: Compact heap
[2021-02-23T17:31:59.997+0300][188.204s][info][gc,phases      ] GC(27) Phase 4: Compact heap 68.136ms
[2021-02-23T17:31:59.998+0300][188.205s][info][gc,heap        ] GC(27) Eden regions: 0->0(51)
[2021-02-23T17:31:59.998+0300][188.205s][info][gc,heap        ] GC(27) Survivor regions: 0->0(0)
[2021-02-23T17:31:59.998+0300][188.205s][info][gc,heap        ] GC(27) Old regions: 988->981
[2021-02-23T17:31:59.998+0300][188.205s][info][gc,heap        ] GC(27) Archive regions: 0->0
[2021-02-23T17:31:59.998+0300][188.205s][info][gc,heap        ] GC(27) Humongous regions: 36->36
[2021-02-23T17:31:59.998+0300][188.205s][info][gc,metaspace   ] GC(27) Metaspace: 6980K(7552K)->6898K(7552K) NonClass: 6250K(6656K)->6178K(6656K) Class: 730K(896K)->719K(896K)
[2021-02-23T17:31:59.998+0300][188.205s][info][gc             ] GC(27) Pause Full (G1 Evacuation Pause) 1021M->1013M(1024M) 440.622ms
[2021-02-23T17:31:59.998+0300][188.205s][info][gc,cpu         ] GC(27) User=2.63s Sys=0.00s Real=0.44s
[2021-02-23T17:31:59.998+0300][188.205s][info][gc,marking     ] GC(26) Concurrent Mark From Roots 440.850ms
[2021-02-23T17:31:59.998+0300][188.205s][info][gc,marking     ] GC(26) Concurrent Mark Abort
[2021-02-23T17:31:59.998+0300][188.205s][info][gc             ] GC(26) Concurrent Cycle 441.041ms
[2021-02-23T17:32:04.227+0300][192.435s][info][gc,start       ] GC(28) Pause Young (Normal) (G1 Evacuation Pause)
[2021-02-23T17:32:04.227+0300][192.435s][info][gc,task        ] GC(28) Using 6 workers of 6 for evacuation
[2021-02-23T17:32:04.239+0300][192.446s][info][gc             ] GC(28) To-space exhausted
[2021-02-23T17:32:04.239+0300][192.446s][info][gc,phases      ] GC(28)   Pre Evacuate Collection Set: 0.0ms
[2021-02-23T17:32:04.239+0300][192.446s][info][gc,phases      ] GC(28)   Merge Heap Roots: 0.1ms
[2021-02-23T17:32:04.239+0300][192.446s][info][gc,phases      ] GC(28)   Evacuate Collection Set: 9.2ms
[2021-02-23T17:32:04.239+0300][192.446s][info][gc,phases      ] GC(28)   Post Evacuate Collection Set: 1.8ms
[2021-02-23T17:32:04.239+0300][192.446s][info][gc,phases      ] GC(28)   Other: 0.2ms
[2021-02-23T17:32:04.239+0300][192.446s][info][gc,heap        ] GC(28) Eden regions: 7->0(51)
[2021-02-23T17:32:04.239+0300][192.446s][info][gc,heap        ] GC(28) Survivor regions: 0->0(0)
[2021-02-23T17:32:04.239+0300][192.446s][info][gc,heap        ] GC(28) Old regions: 981->988
[2021-02-23T17:32:04.239+0300][192.446s][info][gc,heap        ] GC(28) Archive regions: 0->0
[2021-02-23T17:32:04.239+0300][192.446s][info][gc,heap        ] GC(28) Humongous regions: 36->36
[2021-02-23T17:32:04.239+0300][192.446s][info][gc,metaspace   ] GC(28) Metaspace: 6974K(7552K)->6974K(7552K) NonClass: 6245K(6656K)->6245K(6656K) Class: 728K(896K)->728K(896K)
[2021-02-23T17:32:04.239+0300][192.446s][info][gc             ] GC(28) Pause Young (Normal) (G1 Evacuation Pause) 1020M->1020M(1024M) 11.390ms
[2021-02-23T17:32:04.239+0300][192.446s][info][gc,cpu         ] GC(28) User=0.09s Sys=0.00s Real=0.01s
[2021-02-23T17:32:04.239+0300][192.446s][info][gc,ergo        ] Attempting maximally compacting collection
[2021-02-23T17:32:04.239+0300][192.446s][info][gc,task        ] GC(29) Using 6 workers of 6 for full compaction
[2021-02-23T17:32:04.239+0300][192.446s][info][gc,start       ] GC(29) Pause Full (G1 Evacuation Pause)
[2021-02-23T17:32:04.239+0300][192.446s][info][gc,phases,start] GC(29) Phase 1: Mark live objects
[2021-02-23T17:32:04.459+0300][192.667s][info][gc,phases      ] GC(29) Phase 1: Mark live objects 220.472ms
[2021-02-23T17:32:04.459+0300][192.667s][info][gc,phases,start] GC(29) Phase 2: Prepare for compaction
[2021-02-23T17:32:04.517+0300][192.724s][info][gc,phases      ] GC(29) Phase 2: Prepare for compaction 57.549ms
[2021-02-23T17:32:04.517+0300][192.724s][info][gc,phases,start] GC(29) Phase 3: Adjust pointers
[2021-02-23T17:32:04.599+0300][192.806s][info][gc,phases      ] GC(29) Phase 3: Adjust pointers 81.662ms
[2021-02-23T17:32:04.599+0300][192.806s][info][gc,phases,start] GC(29) Phase 4: Compact heap
[2021-02-23T17:32:04.661+0300][192.868s][info][gc,phases      ] GC(29) Phase 4: Compact heap 62.147ms
[2021-02-23T17:32:04.662+0300][192.869s][info][gc,heap        ] GC(29) Eden regions: 0->0(51)
[2021-02-23T17:32:04.662+0300][192.869s][info][gc,heap        ] GC(29) Survivor regions: 0->0(0)
[2021-02-23T17:32:04.662+0300][192.869s][info][gc,heap        ] GC(29) Old regions: 988->986
[2021-02-23T17:32:04.662+0300][192.869s][info][gc,heap        ] GC(29) Archive regions: 0->0
[2021-02-23T17:32:04.662+0300][192.869s][info][gc,heap        ] GC(29) Humongous regions: 36->36
[2021-02-23T17:32:04.662+0300][192.869s][info][gc,metaspace   ] GC(29) Metaspace: 6974K(7552K)->6906K(7552K) NonClass: 6245K(6656K)->6187K(6656K) Class: 728K(896K)->719K(896K)
[2021-02-23T17:32:04.662+0300][192.869s][info][gc             ] GC(29) Pause Full (G1 Evacuation Pause) 1020M->1019M(1024M) 422.865ms
[2021-02-23T17:32:04.662+0300][192.869s][info][gc,cpu         ] GC(29) User=2.47s Sys=0.00s Real=0.42s
[2021-02-23T17:32:04.662+0300][192.870s][info][gc,start       ] GC(30) Pause Young (Concurrent Start) (G1 Evacuation Pause)
[2021-02-23T17:32:04.662+0300][192.870s][info][gc,task        ] GC(30) Using 6 workers of 6 for evacuation
[2021-02-23T17:32:04.666+0300][192.873s][info][gc             ] GC(30) To-space exhausted
[2021-02-23T17:32:04.666+0300][192.873s][info][gc,phases      ] GC(30)   Pre Evacuate Collection Set: 0.0ms
[2021-02-23T17:32:04.666+0300][192.873s][info][gc,phases      ] GC(30)   Merge Heap Roots: 0.0ms
[2021-02-23T17:32:04.666+0300][192.873s][info][gc,phases      ] GC(30)   Evacuate Collection Set: 2.1ms
[2021-02-23T17:32:04.666+0300][192.873s][info][gc,phases      ] GC(30)   Post Evacuate Collection Set: 1.5ms
[2021-02-23T17:32:04.666+0300][192.873s][info][gc,phases      ] GC(30)   Other: 0.1ms
[2021-02-23T17:32:04.666+0300][192.873s][info][gc,heap        ] GC(30) Eden regions: 2->0(51)
[2021-02-23T17:32:04.666+0300][192.873s][info][gc,heap        ] GC(30) Survivor regions: 0->0(0)
[2021-02-23T17:32:04.666+0300][192.873s][info][gc,heap        ] GC(30) Old regions: 986->988
[2021-02-23T17:32:04.666+0300][192.873s][info][gc,heap        ] GC(30) Archive regions: 0->0
[2021-02-23T17:32:04.666+0300][192.873s][info][gc,heap        ] GC(30) Humongous regions: 36->36
[2021-02-23T17:32:04.666+0300][192.873s][info][gc,metaspace   ] GC(30) Metaspace: 6906K(7552K)->6906K(7552K) NonClass: 6187K(6656K)->6187K(6656K) Class: 719K(896K)->719K(896K)
[2021-02-23T17:32:04.666+0300][192.873s][info][gc             ] GC(30) Pause Young (Concurrent Start) (G1 Evacuation Pause) 1021M->1021M(1024M) 3.894ms
[2021-02-23T17:32:04.666+0300][192.874s][info][gc,cpu         ] GC(30) User=0.00s Sys=0.00s Real=0.00s
[2021-02-23T17:32:04.666+0300][192.874s][info][gc,ergo        ] Attempting maximally compacting collection
[2021-02-23T17:32:04.666+0300][192.874s][info][gc             ] GC(31) Concurrent Cycle
[2021-02-23T17:32:04.666+0300][192.874s][info][gc,task        ] GC(32) Using 6 workers of 6 for full compaction
[2021-02-23T17:32:04.666+0300][192.874s][info][gc,marking     ] GC(31) Concurrent Clear Claimed Marks
[2021-02-23T17:32:04.666+0300][192.874s][info][gc,marking     ] GC(31) Concurrent Clear Claimed Marks 0.039ms
[2021-02-23T17:32:04.666+0300][192.874s][info][gc,marking     ] GC(31) Concurrent Scan Root Regions
[2021-02-23T17:32:04.666+0300][192.874s][info][gc,marking     ] GC(31) Concurrent Scan Root Regions 0.011ms
[2021-02-23T17:32:04.666+0300][192.874s][info][gc,marking     ] GC(31) Concurrent Mark (192.874s)
[2021-02-23T17:32:04.666+0300][192.874s][info][gc,marking     ] GC(31) Concurrent Mark From Roots
[2021-02-23T17:32:04.666+0300][192.874s][info][gc,task        ] GC(31) Using 2 workers of 2 for marking
[2021-02-23T17:32:04.666+0300][192.874s][info][gc,start       ] GC(32) Pause Full (G1 Evacuation Pause)
[2021-02-23T17:32:04.667+0300][192.874s][info][gc,phases,start] GC(32) Phase 1: Mark live objects
[2021-02-23T17:32:04.886+0300][193.094s][info][gc,phases      ] GC(32) Phase 1: Mark live objects 219.378ms
[2021-02-23T17:32:04.886+0300][193.094s][info][gc,phases,start] GC(32) Phase 2: Prepare for compaction
[2021-02-23T17:32:04.944+0300][193.152s][info][gc,phases      ] GC(32) Phase 2: Prepare for compaction 57.928ms
[2021-02-23T17:32:04.944+0300][193.152s][info][gc,phases,start] GC(32) Phase 3: Adjust pointers
[2021-02-23T17:32:05.020+0300][193.228s][info][gc,phases      ] GC(32) Phase 3: Adjust pointers 76.030ms
[2021-02-23T17:32:05.020+0300][193.228s][info][gc,phases,start] GC(32) Phase 4: Compact heap
[2021-02-23T17:32:05.076+0300][193.283s][info][gc,phases      ] GC(32) Phase 4: Compact heap 55.571ms
[2021-02-23T17:32:05.077+0300][193.284s][info][gc,heap        ] GC(32) Eden regions: 0->0(51)
[2021-02-23T17:32:05.077+0300][193.284s][info][gc,heap        ] GC(32) Survivor regions: 0->0(0)
[2021-02-23T17:32:05.077+0300][193.284s][info][gc,heap        ] GC(32) Old regions: 988->986
[2021-02-23T17:32:05.077+0300][193.284s][info][gc,heap        ] GC(32) Archive regions: 0->0
[2021-02-23T17:32:05.077+0300][193.284s][info][gc,heap        ] GC(32) Humongous regions: 36->36
[2021-02-23T17:32:05.077+0300][193.284s][info][gc,metaspace   ] GC(32) Metaspace: 6906K(7552K)->6906K(7552K) NonClass: 6187K(6656K)->6187K(6656K) Class: 719K(896K)->719K(896K)
[2021-02-23T17:32:05.077+0300][193.284s][info][gc             ] GC(32) Pause Full (G1 Evacuation Pause) 1021M->1021M(1024M) 410.321ms
[2021-02-23T17:32:05.077+0300][193.284s][info][gc,cpu         ] GC(32) User=2.42s Sys=0.00s Real=0.41s
[2021-02-23T17:32:05.077+0300][193.284s][info][gc,marking     ] GC(31) Concurrent Mark From Roots 410.530ms
[2021-02-23T17:32:05.077+0300][193.284s][info][gc,marking     ] GC(31) Concurrent Mark Abort
[2021-02-23T17:32:05.077+0300][193.284s][info][gc             ] GC(31) Concurrent Cycle 410.690ms
[2021-02-23T17:32:05.077+0300][193.285s][info][gc,start       ] GC(33) Pause Young (Normal) (G1 Evacuation Pause)
[2021-02-23T17:32:05.077+0300][193.285s][info][gc,task        ] GC(33) Using 6 workers of 6 for evacuation
[2021-02-23T17:32:05.081+0300][193.288s][info][gc             ] GC(33) To-space exhausted
[2021-02-23T17:32:05.081+0300][193.288s][info][gc,phases      ] GC(33)   Pre Evacuate Collection Set: 0.0ms
[2021-02-23T17:32:05.081+0300][193.288s][info][gc,phases      ] GC(33)   Merge Heap Roots: 0.0ms
[2021-02-23T17:32:05.081+0300][193.288s][info][gc,phases      ] GC(33)   Evacuate Collection Set: 2.3ms
[2021-02-23T17:32:05.081+0300][193.288s][info][gc,phases      ] GC(33)   Post Evacuate Collection Set: 1.1ms
[2021-02-23T17:32:05.081+0300][193.288s][info][gc,phases      ] GC(33)   Other: 0.1ms
[2021-02-23T17:32:05.081+0300][193.288s][info][gc,heap        ] GC(33) Eden regions: 2->0(51)
[2021-02-23T17:32:05.081+0300][193.288s][info][gc,heap        ] GC(33) Survivor regions: 0->0(0)
[2021-02-23T17:32:05.081+0300][193.288s][info][gc,heap        ] GC(33) Old regions: 986->988
[2021-02-23T17:32:05.081+0300][193.288s][info][gc,heap        ] GC(33) Archive regions: 0->0
[2021-02-23T17:32:05.081+0300][193.288s][info][gc,heap        ] GC(33) Humongous regions: 36->36
[2021-02-23T17:32:05.081+0300][193.288s][info][gc,metaspace   ] GC(33) Metaspace: 6910K(7552K)->6910K(7552K) NonClass: 6190K(6656K)->6190K(6656K) Class: 719K(896K)->719K(896K)
[2021-02-23T17:32:05.081+0300][193.288s][info][gc             ] GC(33) Pause Young (Normal) (G1 Evacuation Pause) 1023M->1023M(1024M) 3.686ms
[2021-02-23T17:32:05.081+0300][193.288s][info][gc,cpu         ] GC(33) User=0.09s Sys=0.00s Real=0.00s
[2021-02-23T17:32:05.081+0300][193.288s][info][gc,ergo        ] Attempting maximally compacting collection
[2021-02-23T17:32:05.081+0300][193.288s][info][gc,task        ] GC(34) Using 6 workers of 6 for full compaction
[2021-02-23T17:32:05.081+0300][193.288s][info][gc,start       ] GC(34) Pause Full (G1 Evacuation Pause)
[2021-02-23T17:32:05.081+0300][193.289s][info][gc,phases,start] GC(34) Phase 1: Mark live objects
[2021-02-23T17:32:05.298+0300][193.506s][info][gc,phases      ] GC(34) Phase 1: Mark live objects 217.099ms
[2021-02-23T17:32:05.298+0300][193.506s][info][gc,phases,start] GC(34) Phase 2: Prepare for compaction
[2021-02-23T17:32:05.353+0300][193.560s][info][gc,phases      ] GC(34) Phase 2: Prepare for compaction 54.270ms
[2021-02-23T17:32:05.353+0300][193.560s][info][gc,phases,start] GC(34) Phase 3: Adjust pointers
[2021-02-23T17:32:05.430+0300][193.637s][info][gc,phases      ] GC(34) Phase 3: Adjust pointers 76.988ms
[2021-02-23T17:32:05.430+0300][193.637s][info][gc,phases,start] GC(34) Phase 4: Compact heap
[2021-02-23T17:32:05.480+0300][193.687s][info][gc,phases      ] GC(34) Phase 4: Compact heap 50.216ms
[2021-02-23T17:32:05.481+0300][193.688s][info][gc,heap        ] GC(34) Eden regions: 0->0(51)
[2021-02-23T17:32:05.481+0300][193.688s][info][gc,heap        ] GC(34) Survivor regions: 0->0(0)
[2021-02-23T17:32:05.481+0300][193.688s][info][gc,heap        ] GC(34) Old regions: 988->987
[2021-02-23T17:32:05.481+0300][193.688s][info][gc,heap        ] GC(34) Archive regions: 0->0
[2021-02-23T17:32:05.481+0300][193.688s][info][gc,heap        ] GC(34) Humongous regions: 36->36
[2021-02-23T17:32:05.481+0300][193.688s][info][gc,metaspace   ] GC(34) Metaspace: 6910K(7552K)->6910K(7552K) NonClass: 6190K(6656K)->6190K(6656K) Class: 719K(896K)->719K(896K)
[2021-02-23T17:32:05.481+0300][193.688s][info][gc             ] GC(34) Pause Full (G1 Evacuation Pause) 1023M->1022M(1024M) 399.520ms
[2021-02-23T17:32:05.481+0300][193.688s][info][gc,cpu         ] GC(34) User=2.33s Sys=0.00s Real=0.40s
[2021-02-23T17:32:05.481+0300][193.688s][info][gc,start       ] GC(35) Pause Young (Concurrent Start) (G1 Evacuation Pause)
[2021-02-23T17:32:05.481+0300][193.688s][info][gc,task        ] GC(35) Using 6 workers of 6 for evacuation
[2021-02-23T17:32:05.483+0300][193.691s][info][gc             ] GC(35) To-space exhausted
[2021-02-23T17:32:05.483+0300][193.691s][info][gc,phases      ] GC(35)   Pre Evacuate Collection Set: 0.0ms
[2021-02-23T17:32:05.483+0300][193.691s][info][gc,phases      ] GC(35)   Merge Heap Roots: 0.0ms
[2021-02-23T17:32:05.483+0300][193.691s][info][gc,phases      ] GC(35)   Evacuate Collection Set: 0.9ms
[2021-02-23T17:32:05.483+0300][193.691s][info][gc,phases      ] GC(35)   Post Evacuate Collection Set: 1.1ms
[2021-02-23T17:32:05.483+0300][193.691s][info][gc,phases      ] GC(35)   Other: 0.1ms
[2021-02-23T17:32:05.483+0300][193.691s][info][gc,heap        ] GC(35) Eden regions: 1->0(51)
[2021-02-23T17:32:05.483+0300][193.691s][info][gc,heap        ] GC(35) Survivor regions: 0->0(0)
[2021-02-23T17:32:05.483+0300][193.691s][info][gc,heap        ] GC(35) Old regions: 987->988
[2021-02-23T17:32:05.483+0300][193.691s][info][gc,heap        ] GC(35) Archive regions: 0->0
[2021-02-23T17:32:05.483+0300][193.691s][info][gc,heap        ] GC(35) Humongous regions: 36->36
[2021-02-23T17:32:05.483+0300][193.691s][info][gc,metaspace   ] GC(35) Metaspace: 6910K(7552K)->6910K(7552K) NonClass: 6190K(6656K)->6190K(6656K) Class: 719K(896K)->719K(896K)
[2021-02-23T17:32:05.484+0300][193.691s][info][gc             ] GC(35) Pause Young (Concurrent Start) (G1 Evacuation Pause) 1023M->1023M(1024M) 2.331ms
[2021-02-23T17:32:05.484+0300][193.691s][info][gc,cpu         ] GC(35) User=0.00s Sys=0.00s Real=0.00s
[2021-02-23T17:32:05.484+0300][193.691s][info][gc,ergo        ] Attempting maximally compacting collection
[2021-02-23T17:32:05.484+0300][193.691s][info][gc             ] GC(36) Concurrent Cycle
[2021-02-23T17:32:05.484+0300][193.691s][info][gc,task        ] GC(37) Using 6 workers of 6 for full compaction
[2021-02-23T17:32:05.484+0300][193.691s][info][gc,marking     ] GC(36) Concurrent Clear Claimed Marks
[2021-02-23T17:32:05.484+0300][193.691s][info][gc,marking     ] GC(36) Concurrent Clear Claimed Marks 0.040ms
[2021-02-23T17:32:05.484+0300][193.691s][info][gc,marking     ] GC(36) Concurrent Scan Root Regions
[2021-02-23T17:32:05.484+0300][193.691s][info][gc,marking     ] GC(36) Concurrent Scan Root Regions 0.011ms
[2021-02-23T17:32:05.484+0300][193.691s][info][gc,marking     ] GC(36) Concurrent Mark (193.691s)
[2021-02-23T17:32:05.484+0300][193.691s][info][gc,marking     ] GC(36) Concurrent Mark From Roots
[2021-02-23T17:32:05.484+0300][193.691s][info][gc,task        ] GC(36) Using 2 workers of 2 for marking
[2021-02-23T17:32:05.484+0300][193.691s][info][gc,start       ] GC(37) Pause Full (G1 Evacuation Pause)
[2021-02-23T17:32:05.484+0300][193.691s][info][gc,phases,start] GC(37) Phase 1: Mark live objects
[2021-02-23T17:32:05.705+0300][193.912s][info][gc,phases      ] GC(37) Phase 1: Mark live objects 220.535ms
[2021-02-23T17:32:05.705+0300][193.912s][info][gc,phases,start] GC(37) Phase 2: Prepare for compaction
[2021-02-23T17:32:05.782+0300][193.989s][info][gc,phases      ] GC(37) Phase 2: Prepare for compaction 76.814ms
[2021-02-23T17:32:05.782+0300][193.989s][info][gc,phases,start] GC(37) Phase 3: Adjust pointers
[2021-02-23T17:32:05.860+0300][194.068s][info][gc,phases      ] GC(37) Phase 3: Adjust pointers 78.750ms
[2021-02-23T17:32:05.861+0300][194.068s][info][gc,phases,start] GC(37) Phase 4: Compact heap
[2021-02-23T17:32:05.927+0300][194.135s][info][gc,phases      ] GC(37) Phase 4: Compact heap 66.843ms
[2021-02-23T17:32:05.928+0300][194.135s][info][gc,heap        ] GC(37) Eden regions: 0->0(51)
[2021-02-23T17:32:05.928+0300][194.135s][info][gc,heap        ] GC(37) Survivor regions: 0->0(0)
[2021-02-23T17:32:05.928+0300][194.135s][info][gc,heap        ] GC(37) Old regions: 988->988
[2021-02-23T17:32:05.928+0300][194.135s][info][gc,heap        ] GC(37) Archive regions: 0->0
[2021-02-23T17:32:05.928+0300][194.135s][info][gc,heap        ] GC(37) Humongous regions: 36->36
[2021-02-23T17:32:05.928+0300][194.135s][info][gc,metaspace   ] GC(37) Metaspace: 6910K(7552K)->6910K(7552K) NonClass: 6190K(6656K)->6190K(6656K) Class: 719K(896K)->719K(896K)
[2021-02-23T17:32:05.928+0300][194.135s][info][gc             ] GC(37) Pause Full (G1 Evacuation Pause) 1023M->1023M(1024M) 444.575ms
[2021-02-23T17:32:05.928+0300][194.136s][info][gc,cpu         ] GC(37) User=2.50s Sys=0.00s Real=0.44s
[2021-02-23T17:32:05.928+0300][194.136s][info][gc,task        ] GC(38) Using 6 workers of 6 for full compaction
[2021-02-23T17:32:05.929+0300][194.136s][info][gc,start       ] GC(38) Pause Full (G1 Evacuation Pause)
[2021-02-23T17:32:05.929+0300][194.136s][info][gc,phases,start] GC(38) Phase 1: Mark live objects
[2021-02-23T17:32:06.149+0300][194.356s][info][gc,phases      ] GC(38) Phase 1: Mark live objects 220.597ms
[2021-02-23T17:32:06.149+0300][194.356s][info][gc,phases,start] GC(38) Phase 2: Prepare for compaction
[2021-02-23T17:32:06.239+0300][194.446s][info][gc,phases      ] GC(38) Phase 2: Prepare for compaction 89.498ms
[2021-02-23T17:32:06.239+0300][194.446s][info][gc,phases,start] GC(38) Phase 3: Adjust pointers
[2021-02-23T17:32:06.318+0300][194.525s][info][gc,phases      ] GC(38) Phase 3: Adjust pointers 78.871ms
[2021-02-23T17:32:06.318+0300][194.525s][info][gc,phases,start] GC(38) Phase 4: Compact heap
[2021-02-23T17:32:06.392+0300][194.599s][info][gc,phases      ] GC(38) Phase 4: Compact heap 74.020ms
[2021-02-23T17:32:06.392+0300][194.600s][info][gc,heap        ] GC(38) Eden regions: 0->0(51)
[2021-02-23T17:32:06.392+0300][194.600s][info][gc,heap        ] GC(38) Survivor regions: 0->0(0)
[2021-02-23T17:32:06.392+0300][194.600s][info][gc,heap        ] GC(38) Old regions: 988->988
[2021-02-23T17:32:06.392+0300][194.600s][info][gc,heap        ] GC(38) Archive regions: 0->0
[2021-02-23T17:32:06.392+0300][194.600s][info][gc,heap        ] GC(38) Humongous regions: 36->36
[2021-02-23T17:32:06.392+0300][194.600s][info][gc,metaspace   ] GC(38) Metaspace: 6910K(7552K)->6910K(7552K) NonClass: 6190K(6656K)->6190K(6656K) Class: 719K(896K)->719K(896K)
[2021-02-23T17:32:06.392+0300][194.600s][info][gc             ] GC(38) Pause Full (G1 Evacuation Pause) 1023M->1023M(1024M) 463.921ms
[2021-02-23T17:32:06.393+0300][194.600s][info][gc,cpu         ] GC(38) User=2.55s Sys=0.02s Real=0.46s
[2021-02-23T17:32:06.393+0300][194.600s][info][gc,task        ] GC(39) Using 6 workers of 6 for full compaction
[2021-02-23T17:32:06.393+0300][194.600s][info][gc,start       ] GC(39) Pause Full (G1 Evacuation Pause)
[2021-02-23T17:32:06.393+0300][194.600s][info][gc,phases,start] GC(39) Phase 1: Mark live objects
[2021-02-23T17:32:06.611+0300][194.818s][info][gc,phases      ] GC(39) Phase 1: Mark live objects 218.179ms
[2021-02-23T17:32:06.611+0300][194.818s][info][gc,phases,start] GC(39) Phase 2: Prepare for compaction
[2021-02-23T17:32:06.666+0300][194.873s][info][gc,phases      ] GC(39) Phase 2: Prepare for compaction 54.618ms
[2021-02-23T17:32:06.666+0300][194.873s][info][gc,phases,start] GC(39) Phase 3: Adjust pointers
[2021-02-23T17:32:06.739+0300][194.946s][info][gc,phases      ] GC(39) Phase 3: Adjust pointers 72.970ms
[2021-02-23T17:32:06.739+0300][194.946s][info][gc,phases,start] GC(39) Phase 4: Compact heap
[2021-02-23T17:32:06.790+0300][194.997s][info][gc,phases      ] GC(39) Phase 4: Compact heap 51.610ms
[2021-02-23T17:32:06.791+0300][194.998s][info][gc,heap        ] GC(39) Eden regions: 0->0(51)
[2021-02-23T17:32:06.791+0300][194.998s][info][gc,heap        ] GC(39) Survivor regions: 0->0(0)
[2021-02-23T17:32:06.791+0300][194.998s][info][gc,heap        ] GC(39) Old regions: 988->988
[2021-02-23T17:32:06.791+0300][194.998s][info][gc,heap        ] GC(39) Archive regions: 0->0
[2021-02-23T17:32:06.791+0300][194.998s][info][gc,heap        ] GC(39) Humongous regions: 36->36
[2021-02-23T17:32:06.791+0300][194.998s][info][gc,metaspace   ] GC(39) Metaspace: 6910K(7552K)->6910K(7552K) NonClass: 6190K(6656K)->6190K(6656K) Class: 719K(896K)->719K(896K)
[2021-02-23T17:32:06.791+0300][194.998s][info][gc             ] GC(39) Pause Full (G1 Evacuation Pause) 1023M->1023M(1024M) 398.410ms
[2021-02-23T17:32:06.791+0300][194.998s][info][gc,cpu         ] GC(39) User=2.20s Sys=0.00s Real=0.40s
[2021-02-23T17:32:06.791+0300][194.999s][info][gc,marking     ] GC(36) Concurrent Mark From Roots 1307.624ms
[2021-02-23T17:32:06.791+0300][194.999s][info][gc,marking     ] GC(36) Concurrent Mark Abort
[2021-02-23T17:32:06.791+0300][194.999s][info][gc             ] GC(36) Concurrent Cycle 1307.785ms
[2021-02-23T17:32:06.791+0300][194.999s][info][gc,start       ] GC(40) Pause Young (Normal) (G1 Evacuation Pause)
[2021-02-23T17:32:06.791+0300][194.999s][info][gc,task        ] GC(40) Using 6 workers of 6 for evacuation
[2021-02-23T17:32:06.792+0300][194.999s][info][gc,phases      ] GC(40)   Pre Evacuate Collection Set: 0.1ms
[2021-02-23T17:32:06.792+0300][194.999s][info][gc,phases      ] GC(40)   Merge Heap Roots: 0.0ms
[2021-02-23T17:32:06.792+0300][194.999s][info][gc,phases      ] GC(40)   Evacuate Collection Set: 0.1ms
[2021-02-23T17:32:06.792+0300][194.999s][info][gc,phases      ] GC(40)   Post Evacuate Collection Set: 0.1ms
[2021-02-23T17:32:06.792+0300][194.999s][info][gc,phases      ] GC(40)   Other: 0.1ms
[2021-02-23T17:32:06.792+0300][194.999s][info][gc,heap        ] GC(40) Eden regions: 0->0(51)
[2021-02-23T17:32:06.792+0300][194.999s][info][gc,heap        ] GC(40) Survivor regions: 0->0(0)
[2021-02-23T17:32:06.792+0300][194.999s][info][gc,heap        ] GC(40) Old regions: 988->988
[2021-02-23T17:32:06.792+0300][194.999s][info][gc,heap        ] GC(40) Archive regions: 0->0
[2021-02-23T17:32:06.792+0300][194.999s][info][gc,heap        ] GC(40) Humongous regions: 36->36
[2021-02-23T17:32:06.792+0300][194.999s][info][gc,metaspace   ] GC(40) Metaspace: 6910K(7552K)->6910K(7552K) NonClass: 6190K(6656K)->6190K(6656K) Class: 719K(896K)->719K(896K)
[2021-02-23T17:32:06.792+0300][194.999s][info][gc             ] GC(40) Pause Young (Normal) (G1 Evacuation Pause) 1023M->1023M(1024M) 0.549ms
[2021-02-23T17:32:06.792+0300][194.999s][info][gc,cpu         ] GC(40) User=0.00s Sys=0.00s Real=0.00s
[2021-02-23T17:32:06.792+0300][194.999s][info][gc,ergo        ] Attempting maximally compacting collection
[2021-02-23T17:32:06.792+0300][194.999s][info][gc,task        ] GC(41) Using 6 workers of 6 for full compaction
[2021-02-23T17:32:06.792+0300][194.999s][info][gc,start       ] GC(41) Pause Full (G1 Evacuation Pause)
[2021-02-23T17:32:06.792+0300][194.999s][info][gc,phases,start] GC(41) Phase 1: Mark live objects
[2021-02-23T17:32:07.010+0300][195.217s][info][gc,phases      ] GC(41) Phase 1: Mark live objects 217.851ms
[2021-02-23T17:32:07.010+0300][195.217s][info][gc,phases,start] GC(41) Phase 2: Prepare for compaction
[2021-02-23T17:32:07.111+0300][195.318s][info][gc,phases      ] GC(41) Phase 2: Prepare for compaction 101.207ms
[2021-02-23T17:32:07.111+0300][195.318s][info][gc,phases,start] GC(41) Phase 3: Adjust pointers
[2021-02-23T17:32:07.181+0300][195.388s][info][gc,phases      ] GC(41) Phase 3: Adjust pointers 69.972ms
[2021-02-23T17:32:07.181+0300][195.388s][info][gc,phases,start] GC(41) Phase 4: Compact heap
[2021-02-23T17:32:07.263+0300][195.470s][info][gc,phases      ] GC(41) Phase 4: Compact heap 81.330ms
[2021-02-23T17:32:07.263+0300][195.471s][info][gc,heap        ] GC(41) Eden regions: 0->0(51)
[2021-02-23T17:32:07.263+0300][195.471s][info][gc,heap        ] GC(41) Survivor regions: 0->0(0)
[2021-02-23T17:32:07.263+0300][195.471s][info][gc,heap        ] GC(41) Old regions: 988->988
[2021-02-23T17:32:07.263+0300][195.471s][info][gc,heap        ] GC(41) Archive regions: 0->0
[2021-02-23T17:32:07.263+0300][195.471s][info][gc,heap        ] GC(41) Humongous regions: 36->36
[2021-02-23T17:32:07.263+0300][195.471s][info][gc,metaspace   ] GC(41) Metaspace: 6910K(7552K)->6910K(7552K) NonClass: 6190K(6656K)->6190K(6656K) Class: 719K(896K)->719K(896K)
[2021-02-23T17:32:07.263+0300][195.471s][info][gc             ] GC(41) Pause Full (G1 Evacuation Pause) 1023M->1023M(1024M) 471.383ms
[2021-02-23T17:32:07.264+0300][195.471s][info][gc,cpu         ] GC(41) User=2.47s Sys=0.00s Real=0.47s
[2021-02-23T17:32:07.264+0300][195.471s][info][gc,task        ] GC(42) Using 6 workers of 6 for full compaction
[2021-02-23T17:32:07.264+0300][195.471s][info][gc,start       ] GC(42) Pause Full (G1 Evacuation Pause)
[2021-02-23T17:32:07.264+0300][195.471s][info][gc,phases,start] GC(42) Phase 1: Mark live objects
[2021-02-23T17:32:07.483+0300][195.690s][info][gc,phases      ] GC(42) Phase 1: Mark live objects 218.941ms
[2021-02-23T17:32:07.483+0300][195.690s][info][gc,phases,start] GC(42) Phase 2: Prepare for compaction
[2021-02-23T17:32:07.592+0300][195.799s][info][gc,phases      ] GC(42) Phase 2: Prepare for compaction 109.199ms
[2021-02-23T17:32:07.592+0300][195.799s][info][gc,phases,start] GC(42) Phase 3: Adjust pointers
[2021-02-23T17:32:07.667+0300][195.874s][info][gc,phases      ] GC(42) Phase 3: Adjust pointers 74.796ms
[2021-02-23T17:32:07.667+0300][195.874s][info][gc,phases,start] GC(42) Phase 4: Compact heap
[2021-02-23T17:32:07.752+0300][195.960s][info][gc,phases      ] GC(42) Phase 4: Compact heap 85.670ms
[2021-02-23T17:32:07.753+0300][195.961s][info][gc,heap        ] GC(42) Eden regions: 0->0(51)
[2021-02-23T17:32:07.753+0300][195.961s][info][gc,heap        ] GC(42) Survivor regions: 0->0(0)
[2021-02-23T17:32:07.753+0300][195.961s][info][gc,heap        ] GC(42) Old regions: 988->988
[2021-02-23T17:32:07.753+0300][195.961s][info][gc,heap        ] GC(42) Archive regions: 0->0
[2021-02-23T17:32:07.753+0300][195.961s][info][gc,heap        ] GC(42) Humongous regions: 36->36
[2021-02-23T17:32:07.753+0300][195.961s][info][gc,metaspace   ] GC(42) Metaspace: 6910K(7552K)->6910K(7552K) NonClass: 6190K(6656K)->6190K(6656K) Class: 719K(896K)->719K(896K)
[2021-02-23T17:32:07.753+0300][195.961s][info][gc             ] GC(42) Pause Full (G1 Evacuation Pause) 1023M->1023M(1024M) 489.684ms
[2021-02-23T17:32:07.754+0300][195.961s][info][gc,cpu         ] GC(42) User=2.58s Sys=0.00s Real=0.49s
[2021-02-23T17:32:07.754+0300][195.961s][info][gc,task        ] GC(43) Using 6 workers of 6 for full compaction
[2021-02-23T17:32:07.754+0300][195.961s][info][gc,start       ] GC(43) Pause Full (G1 Evacuation Pause)
[2021-02-23T17:32:07.754+0300][195.961s][info][gc,phases,start] GC(43) Phase 1: Mark live objects
[2021-02-23T17:32:07.973+0300][196.180s][info][gc,phases      ] GC(43) Phase 1: Mark live objects 219.176ms
[2021-02-23T17:32:07.973+0300][196.180s][info][gc,phases,start] GC(43) Phase 2: Prepare for compaction
[2021-02-23T17:32:08.027+0300][196.234s][info][gc,phases      ] GC(43) Phase 2: Prepare for compaction 53.679ms
[2021-02-23T17:32:08.027+0300][196.234s][info][gc,phases,start] GC(43) Phase 3: Adjust pointers
[2021-02-23T17:32:08.100+0300][196.307s][info][gc,phases      ] GC(43) Phase 3: Adjust pointers 73.152ms
[2021-02-23T17:32:08.100+0300][196.307s][info][gc,phases,start] GC(43) Phase 4: Compact heap
[2021-02-23T17:32:08.155+0300][196.362s][info][gc,phases      ] GC(43) Phase 4: Compact heap 54.936ms
[2021-02-23T17:32:08.156+0300][196.363s][info][gc,heap        ] GC(43) Eden regions: 0->0(51)
[2021-02-23T17:32:08.156+0300][196.363s][info][gc,heap        ] GC(43) Survivor regions: 0->0(0)
[2021-02-23T17:32:08.156+0300][196.363s][info][gc,heap        ] GC(43) Old regions: 988->988
[2021-02-23T17:32:08.156+0300][196.363s][info][gc,heap        ] GC(43) Archive regions: 0->0
[2021-02-23T17:32:08.156+0300][196.363s][info][gc,heap        ] GC(43) Humongous regions: 36->36
[2021-02-23T17:32:08.156+0300][196.363s][info][gc,metaspace   ] GC(43) Metaspace: 6910K(7552K)->6910K(7552K) NonClass: 6190K(6656K)->6190K(6656K) Class: 719K(896K)->719K(896K)
[2021-02-23T17:32:08.156+0300][196.363s][info][gc             ] GC(43) Pause Full (G1 Evacuation Pause) 1023M->1023M(1024M) 401.960ms
[2021-02-23T17:32:08.156+0300][196.363s][info][gc,cpu         ] GC(43) User=2.30s Sys=0.00s Real=0.40s
[2021-02-23T17:32:08.156+0300][196.363s][info][gc,start       ] GC(44) Pause Young (Concurrent Start) (G1 Evacuation Pause)
[2021-02-23T17:32:08.156+0300][196.363s][info][gc,task        ] GC(44) Using 6 workers of 6 for evacuation
[2021-02-23T17:32:08.156+0300][196.364s][info][gc,phases      ] GC(44)   Pre Evacuate Collection Set: 0.0ms
[2021-02-23T17:32:08.156+0300][196.364s][info][gc,phases      ] GC(44)   Merge Heap Roots: 0.0ms
[2021-02-23T17:32:08.156+0300][196.364s][info][gc,phases      ] GC(44)   Evacuate Collection Set: 0.1ms
[2021-02-23T17:32:08.156+0300][196.364s][info][gc,phases      ] GC(44)   Post Evacuate Collection Set: 0.1ms
[2021-02-23T17:32:08.156+0300][196.364s][info][gc,phases      ] GC(44)   Other: 0.1ms
[2021-02-23T17:32:08.156+0300][196.364s][info][gc,heap        ] GC(44) Eden regions: 0->0(51)
[2021-02-23T17:32:08.156+0300][196.364s][info][gc,heap        ] GC(44) Survivor regions: 0->0(0)
[2021-02-23T17:32:08.156+0300][196.364s][info][gc,heap        ] GC(44) Old regions: 988->988
[2021-02-23T17:32:08.156+0300][196.364s][info][gc,heap        ] GC(44) Archive regions: 0->0
[2021-02-23T17:32:08.156+0300][196.364s][info][gc,heap        ] GC(44) Humongous regions: 36->36
[2021-02-23T17:32:08.156+0300][196.364s][info][gc,metaspace   ] GC(44) Metaspace: 6910K(7552K)->6910K(7552K) NonClass: 6190K(6656K)->6190K(6656K) Class: 719K(896K)->719K(896K)
[2021-02-23T17:32:08.156+0300][196.364s][info][gc             ] GC(44) Pause Young (Concurrent Start) (G1 Evacuation Pause) 1023M->1023M(1024M) 0.542ms
[2021-02-23T17:32:08.156+0300][196.364s][info][gc,cpu         ] GC(44) User=0.00s Sys=0.00s Real=0.00s
[2021-02-23T17:32:08.156+0300][196.364s][info][gc,ergo        ] Attempting maximally compacting collection
[2021-02-23T17:32:08.156+0300][196.364s][info][gc             ] GC(45) Concurrent Cycle
[2021-02-23T17:32:08.157+0300][196.364s][info][gc,task        ] GC(46) Using 6 workers of 6 for full compaction
[2021-02-23T17:32:08.157+0300][196.364s][info][gc,marking     ] GC(45) Concurrent Clear Claimed Marks
[2021-02-23T17:32:08.157+0300][196.364s][info][gc,marking     ] GC(45) Concurrent Clear Claimed Marks 0.038ms
[2021-02-23T17:32:08.157+0300][196.364s][info][gc,marking     ] GC(45) Concurrent Scan Root Regions
[2021-02-23T17:32:08.157+0300][196.364s][info][gc,marking     ] GC(45) Concurrent Scan Root Regions 0.011ms
[2021-02-23T17:32:08.157+0300][196.364s][info][gc,marking     ] GC(45) Concurrent Mark (196.364s)
[2021-02-23T17:32:08.157+0300][196.364s][info][gc,marking     ] GC(45) Concurrent Mark From Roots
[2021-02-23T17:32:08.157+0300][196.364s][info][gc,task        ] GC(45) Using 2 workers of 2 for marking
[2021-02-23T17:32:08.157+0300][196.364s][info][gc,start       ] GC(46) Pause Full (G1 Evacuation Pause)
[2021-02-23T17:32:08.157+0300][196.364s][info][gc,phases,start] GC(46) Phase 1: Mark live objects
[2021-02-23T17:32:08.376+0300][196.584s][info][gc,phases      ] GC(46) Phase 1: Mark live objects 219.226ms
[2021-02-23T17:32:08.376+0300][196.584s][info][gc,phases,start] GC(46) Phase 2: Prepare for compaction
[2021-02-23T17:32:08.431+0300][196.639s][info][gc,phases      ] GC(46) Phase 2: Prepare for compaction 55.051ms
[2021-02-23T17:32:08.431+0300][196.639s][info][gc,phases,start] GC(46) Phase 3: Adjust pointers
[2021-02-23T17:32:08.508+0300][196.716s][info][gc,phases      ] GC(46) Phase 3: Adjust pointers 76.879ms
[2021-02-23T17:32:08.508+0300][196.716s][info][gc,phases,start] GC(46) Phase 4: Compact heap
[2021-02-23T17:32:08.560+0300][196.767s][info][gc,phases      ] GC(46) Phase 4: Compact heap 51.273ms
[2021-02-23T17:32:08.560+0300][196.768s][info][gc,heap        ] GC(46) Eden regions: 0->0(51)
[2021-02-23T17:32:08.560+0300][196.768s][info][gc,heap        ] GC(46) Survivor regions: 0->0(0)
[2021-02-23T17:32:08.560+0300][196.768s][info][gc,heap        ] GC(46) Old regions: 988->988
[2021-02-23T17:32:08.560+0300][196.768s][info][gc,heap        ] GC(46) Archive regions: 0->0
[2021-02-23T17:32:08.560+0300][196.768s][info][gc,heap        ] GC(46) Humongous regions: 36->36
[2021-02-23T17:32:08.560+0300][196.768s][info][gc,metaspace   ] GC(46) Metaspace: 6910K(7552K)->6910K(7552K) NonClass: 6190K(6656K)->6190K(6656K) Class: 719K(896K)->719K(896K)
[2021-02-23T17:32:08.560+0300][196.768s][info][gc             ] GC(46) Pause Full (G1 Evacuation Pause) 1023M->1023M(1024M) 403.804ms
[2021-02-23T17:32:08.561+0300][196.768s][info][gc,cpu         ] GC(46) User=2.44s Sys=0.00s Real=0.40s
[2021-02-23T17:32:08.561+0300][196.768s][info][gc,task        ] GC(47) Using 6 workers of 6 for full compaction
[2021-02-23T17:32:08.561+0300][196.768s][info][gc,start       ] GC(47) Pause Full (G1 Evacuation Pause)
[2021-02-23T17:32:08.561+0300][196.768s][info][gc,phases,start] GC(47) Phase 1: Mark live objects
[2021-02-23T17:32:08.777+0300][196.985s][info][gc,phases      ] GC(47) Phase 1: Mark live objects 216.668ms
[2021-02-23T17:32:08.777+0300][196.985s][info][gc,phases,start] GC(47) Phase 2: Prepare for compaction
[2021-02-23T17:32:08.831+0300][197.038s][info][gc,phases      ] GC(47) Phase 2: Prepare for compaction 53.746ms
[2021-02-23T17:32:08.831+0300][197.038s][info][gc,phases,start] GC(47) Phase 3: Adjust pointers
[2021-02-23T17:32:08.898+0300][197.105s][info][gc,phases      ] GC(47) Phase 3: Adjust pointers 66.453ms
[2021-02-23T17:32:08.898+0300][197.105s][info][gc,phases,start] GC(47) Phase 4: Compact heap
[2021-02-23T17:32:08.940+0300][197.147s][info][gc,phases      ] GC(47) Phase 4: Compact heap 42.399ms
[2021-02-23T17:32:08.941+0300][197.148s][info][gc,heap        ] GC(47) Eden regions: 0->0(51)
[2021-02-23T17:32:08.941+0300][197.148s][info][gc,heap        ] GC(47) Survivor regions: 0->0(0)
[2021-02-23T17:32:08.941+0300][197.148s][info][gc,heap        ] GC(47) Old regions: 988->988
[2021-02-23T17:32:08.941+0300][197.148s][info][gc,heap        ] GC(47) Archive regions: 0->0
[2021-02-23T17:32:08.941+0300][197.148s][info][gc,heap        ] GC(47) Humongous regions: 36->36
[2021-02-23T17:32:08.941+0300][197.148s][info][gc,metaspace   ] GC(47) Metaspace: 6910K(7552K)->6910K(7552K) NonClass: 6190K(6656K)->6190K(6656K) Class: 719K(896K)->719K(896K)
[2021-02-23T17:32:08.941+0300][197.148s][info][gc             ] GC(47) Pause Full (G1 Evacuation Pause) 1023M->1023M(1024M) 380.212ms
[2021-02-23T17:32:08.941+0300][197.148s][info][gc,cpu         ] GC(47) User=2.17s Sys=0.00s Real=0.38s
[2021-02-23T17:32:08.941+0300][197.148s][info][gc,task        ] GC(48) Using 6 workers of 6 for full compaction
[2021-02-23T17:32:08.941+0300][197.148s][info][gc,start       ] GC(48) Pause Full (G1 Evacuation Pause)
[2021-02-23T17:32:08.941+0300][197.148s][info][gc,phases,start] GC(48) Phase 1: Mark live objects
[2021-02-23T17:32:09.162+0300][197.369s][info][gc,phases      ] GC(48) Phase 1: Mark live objects 220.917ms
[2021-02-23T17:32:09.162+0300][197.369s][info][gc,phases,start] GC(48) Phase 2: Prepare for compaction
[2021-02-23T17:32:09.216+0300][197.424s][info][gc,phases      ] GC(48) Phase 2: Prepare for compaction 54.262ms
[2021-02-23T17:32:09.216+0300][197.424s][info][gc,phases,start] GC(48) Phase 3: Adjust pointers
[2021-02-23T17:32:09.283+0300][197.490s][info][gc,phases      ] GC(48) Phase 3: Adjust pointers 66.289ms
[2021-02-23T17:32:09.283+0300][197.490s][info][gc,phases,start] GC(48) Phase 4: Compact heap
[2021-02-23T17:32:09.324+0300][197.531s][info][gc,phases      ] GC(48) Phase 4: Compact heap 40.904ms
[2021-02-23T17:32:09.324+0300][197.532s][info][gc,heap        ] GC(48) Eden regions: 0->0(51)
[2021-02-23T17:32:09.324+0300][197.532s][info][gc,heap        ] GC(48) Survivor regions: 0->0(0)
[2021-02-23T17:32:09.324+0300][197.532s][info][gc,heap        ] GC(48) Old regions: 988->988
[2021-02-23T17:32:09.324+0300][197.532s][info][gc,heap        ] GC(48) Archive regions: 0->0
[2021-02-23T17:32:09.324+0300][197.532s][info][gc,heap        ] GC(48) Humongous regions: 36->36
[2021-02-23T17:32:09.324+0300][197.532s][info][gc,metaspace   ] GC(48) Metaspace: 6910K(7552K)->6910K(7552K) NonClass: 6190K(6656K)->6190K(6656K) Class: 719K(896K)->719K(896K)
[2021-02-23T17:32:09.324+0300][197.532s][info][gc             ] GC(48) Pause Full (G1 Evacuation Pause) 1023M->1023M(1024M) 383.323ms
[2021-02-23T17:32:09.325+0300][197.532s][info][gc,cpu         ] GC(48) User=2.20s Sys=0.00s Real=0.38s
[2021-02-23T17:32:09.325+0300][197.532s][info][gc,marking     ] GC(45) Concurrent Mark From Roots 1168.033ms
[2021-02-23T17:32:09.325+0300][197.532s][info][gc,start       ] GC(49) Pause Young (Normal) (G1 Evacuation Pause)
[2021-02-23T17:32:09.325+0300][197.532s][info][gc,task        ] GC(49) Using 6 workers of 6 for evacuation
[2021-02-23T17:32:09.325+0300][197.532s][info][gc,phases      ] GC(49)   Pre Evacuate Collection Set: 0.1ms
[2021-02-23T17:32:09.325+0300][197.532s][info][gc,phases      ] GC(49)   Merge Heap Roots: 0.0ms
[2021-02-23T17:32:09.325+0300][197.532s][info][gc,phases      ] GC(49)   Evacuate Collection Set: 0.1ms
[2021-02-23T17:32:09.325+0300][197.532s][info][gc,phases      ] GC(49)   Post Evacuate Collection Set: 0.1ms
[2021-02-23T17:32:09.325+0300][197.532s][info][gc,phases      ] GC(49)   Other: 0.1ms
[2021-02-23T17:32:09.325+0300][197.532s][info][gc,heap        ] GC(49) Eden regions: 0->0(51)
[2021-02-23T17:32:09.325+0300][197.532s][info][gc,heap        ] GC(49) Survivor regions: 0->0(0)
[2021-02-23T17:32:09.325+0300][197.532s][info][gc,heap        ] GC(49) Old regions: 988->988
[2021-02-23T17:32:09.325+0300][197.532s][info][gc,heap        ] GC(49) Archive regions: 0->0
[2021-02-23T17:32:09.325+0300][197.532s][info][gc,heap        ] GC(49) Humongous regions: 36->36
[2021-02-23T17:32:09.325+0300][197.532s][info][gc,metaspace   ] GC(49) Metaspace: 6910K(7552K)->6910K(7552K) NonClass: 6191K(6656K)->6191K(6656K) Class: 719K(896K)->719K(896K)
[2021-02-23T17:32:09.325+0300][197.532s][info][gc             ] GC(49) Pause Young (Normal) (G1 Evacuation Pause) 1023M->1023M(1024M) 0.476ms
[2021-02-23T17:32:09.325+0300][197.532s][info][gc,cpu         ] GC(49) User=0.00s Sys=0.00s Real=0.00s
[2021-02-23T17:32:09.325+0300][197.532s][info][gc,ergo        ] Attempting maximally compacting collection
[2021-02-23T17:32:09.325+0300][197.532s][info][gc,task        ] GC(50) Using 6 workers of 6 for full compaction
[2021-02-23T17:32:09.325+0300][197.533s][info][gc,start       ] GC(50) Pause Full (G1 Evacuation Pause)
[2021-02-23T17:32:09.325+0300][197.533s][info][gc,phases,start] GC(50) Phase 1: Mark live objects
[2021-02-23T17:32:09.548+0300][197.755s][info][gc,phases      ] GC(50) Phase 1: Mark live objects 222.207ms
[2021-02-23T17:32:09.548+0300][197.755s][info][gc,phases,start] GC(50) Phase 2: Prepare for compaction
[2021-02-23T17:32:09.602+0300][197.809s][info][gc,phases      ] GC(50) Phase 2: Prepare for compaction 54.517ms
[2021-02-23T17:32:09.602+0300][197.809s][info][gc,phases,start] GC(50) Phase 3: Adjust pointers
[2021-02-23T17:32:09.671+0300][197.879s][info][gc,phases      ] GC(50) Phase 3: Adjust pointers 69.163ms
[2021-02-23T17:32:09.671+0300][197.879s][info][gc,phases,start] GC(50) Phase 4: Compact heap
[2021-02-23T17:32:09.716+0300][197.923s][info][gc,phases      ] GC(50) Phase 4: Compact heap 44.301ms
[2021-02-23T17:32:09.716+0300][197.924s][info][gc,heap        ] GC(50) Eden regions: 0->0(51)
[2021-02-23T17:32:09.716+0300][197.924s][info][gc,heap        ] GC(50) Survivor regions: 0->0(0)
[2021-02-23T17:32:09.716+0300][197.924s][info][gc,heap        ] GC(50) Old regions: 988->988
[2021-02-23T17:32:09.716+0300][197.924s][info][gc,heap        ] GC(50) Archive regions: 0->0
[2021-02-23T17:32:09.716+0300][197.924s][info][gc,heap        ] GC(50) Humongous regions: 36->36
[2021-02-23T17:32:09.716+0300][197.924s][info][gc,metaspace   ] GC(50) Metaspace: 6910K(7552K)->6910K(7552K) NonClass: 6191K(6656K)->6191K(6656K) Class: 719K(896K)->719K(896K)
[2021-02-23T17:32:09.716+0300][197.924s][info][gc             ] GC(50) Pause Full (G1 Evacuation Pause) 1023M->1023M(1024M) 391.124ms
[2021-02-23T17:32:09.717+0300][197.924s][info][gc,cpu         ] GC(50) User=2.34s Sys=0.00s Real=0.39s
[2021-02-23T17:32:09.717+0300][197.924s][info][gc,task        ] GC(51) Using 6 workers of 6 for full compaction
[2021-02-23T17:32:09.717+0300][197.924s][info][gc,start       ] GC(51) Pause Full (G1 Evacuation Pause)
[2021-02-23T17:32:09.717+0300][197.924s][info][gc,phases,start] GC(51) Phase 1: Mark live objects
[2021-02-23T17:32:09.936+0300][198.143s][info][gc,phases      ] GC(51) Phase 1: Mark live objects 219.323ms
[2021-02-23T17:32:09.936+0300][198.143s][info][gc,phases,start] GC(51) Phase 2: Prepare for compaction
[2021-02-23T17:32:09.991+0300][198.198s][info][gc,phases      ] GC(51) Phase 2: Prepare for compaction 54.394ms
[2021-02-23T17:32:09.991+0300][198.198s][info][gc,phases,start] GC(51) Phase 3: Adjust pointers
[2021-02-23T17:32:10.062+0300][198.269s][info][gc,phases      ] GC(51) Phase 3: Adjust pointers 71.683ms
[2021-02-23T17:32:10.062+0300][198.269s][info][gc,phases,start] GC(51) Phase 4: Compact heap
[2021-02-23T17:32:10.104+0300][198.311s][info][gc,phases      ] GC(51) Phase 4: Compact heap 41.564ms
[2021-02-23T17:32:10.105+0300][198.312s][info][gc,heap        ] GC(51) Eden regions: 0->0(51)
[2021-02-23T17:32:10.105+0300][198.312s][info][gc,heap        ] GC(51) Survivor regions: 0->0(0)
[2021-02-23T17:32:10.105+0300][198.312s][info][gc,heap        ] GC(51) Old regions: 988->988
[2021-02-23T17:32:10.105+0300][198.312s][info][gc,heap        ] GC(51) Archive regions: 0->0
[2021-02-23T17:32:10.105+0300][198.312s][info][gc,heap        ] GC(51) Humongous regions: 36->36
[2021-02-23T17:32:10.105+0300][198.312s][info][gc,metaspace   ] GC(51) Metaspace: 6910K(7552K)->6910K(7552K) NonClass: 6191K(6656K)->6191K(6656K) Class: 719K(896K)->719K(896K)
[2021-02-23T17:32:10.105+0300][198.312s][info][gc             ] GC(51) Pause Full (G1 Evacuation Pause) 1023M->1023M(1024M) 387.932ms
[2021-02-23T17:32:10.105+0300][198.312s][info][gc,cpu         ] GC(51) User=2.33s Sys=0.00s Real=0.39s
[2021-02-23T17:32:10.105+0300][198.312s][info][gc,task        ] GC(52) Using 6 workers of 6 for full compaction
[2021-02-23T17:32:10.105+0300][198.312s][info][gc,start       ] GC(52) Pause Full (G1 Evacuation Pause)
[2021-02-23T17:32:10.105+0300][198.312s][info][gc,phases,start] GC(52) Phase 1: Mark live objects
[2021-02-23T17:32:10.328+0300][198.535s][info][gc,phases      ] GC(52) Phase 1: Mark live objects 223.287ms
[2021-02-23T17:32:10.328+0300][198.535s][info][gc,phases,start] GC(52) Phase 2: Prepare for compaction
[2021-02-23T17:32:10.382+0300][198.589s][info][gc,phases      ] GC(52) Phase 2: Prepare for compaction 53.903ms
[2021-02-23T17:32:10.382+0300][198.589s][info][gc,phases,start] GC(52) Phase 3: Adjust pointers
[2021-02-23T17:32:10.450+0300][198.657s][info][gc,phases      ] GC(52) Phase 3: Adjust pointers 67.352ms
[2021-02-23T17:32:10.450+0300][198.657s][info][gc,phases,start] GC(52) Phase 4: Compact heap
[2021-02-23T17:32:10.490+0300][198.697s][info][gc,phases      ] GC(52) Phase 4: Compact heap 40.301ms
[2021-02-23T17:32:10.491+0300][198.698s][info][gc,heap        ] GC(52) Eden regions: 0->0(51)
[2021-02-23T17:32:10.491+0300][198.698s][info][gc,heap        ] GC(52) Survivor regions: 0->0(0)
[2021-02-23T17:32:10.491+0300][198.698s][info][gc,heap        ] GC(52) Old regions: 988->988
[2021-02-23T17:32:10.491+0300][198.698s][info][gc,heap        ] GC(52) Archive regions: 0->0
[2021-02-23T17:32:10.491+0300][198.698s][info][gc,heap        ] GC(52) Humongous regions: 36->36
[2021-02-23T17:32:10.491+0300][198.698s][info][gc,metaspace   ] GC(52) Metaspace: 6910K(7552K)->6910K(7552K) NonClass: 6191K(6656K)->6191K(6656K) Class: 719K(896K)->719K(896K)
[2021-02-23T17:32:10.491+0300][198.698s][info][gc             ] GC(52) Pause Full (G1 Evacuation Pause) 1023M->1023M(1024M) 385.793ms
[2021-02-23T17:32:10.491+0300][198.698s][info][gc,cpu         ] GC(52) User=2.31s Sys=0.00s Real=0.39s
[2021-02-23T17:32:10.491+0300][198.698s][info][gc,marking     ] GC(45) Concurrent Mark Abort
[2021-02-23T17:32:10.491+0300][198.698s][info][gc             ] GC(45) Concurrent Cycle 2334.370ms
[2021-02-23T17:32:10.491+0300][198.698s][info][gc,start       ] GC(53) Pause Young (Normal) (G1 Evacuation Pause)
[2021-02-23T17:32:10.491+0300][198.698s][info][gc,task        ] GC(53) Using 6 workers of 6 for evacuation
[2021-02-23T17:32:10.491+0300][198.698s][info][gc,phases      ] GC(53)   Pre Evacuate Collection Set: 0.0ms
[2021-02-23T17:32:10.491+0300][198.698s][info][gc,phases      ] GC(53)   Merge Heap Roots: 0.0ms
[2021-02-23T17:32:10.491+0300][198.698s][info][gc,phases      ] GC(53)   Evacuate Collection Set: 0.1ms
[2021-02-23T17:32:10.491+0300][198.698s][info][gc,phases      ] GC(53)   Post Evacuate Collection Set: 0.1ms
[2021-02-23T17:32:10.491+0300][198.698s][info][gc,phases      ] GC(53)   Other: 0.1ms
[2021-02-23T17:32:10.491+0300][198.698s][info][gc,heap        ] GC(53) Eden regions: 0->0(51)
[2021-02-23T17:32:10.491+0300][198.699s][info][gc,heap        ] GC(53) Survivor regions: 0->0(0)
[2021-02-23T17:32:10.491+0300][198.699s][info][gc,heap        ] GC(53) Old regions: 988->988
[2021-02-23T17:32:10.491+0300][198.699s][info][gc,heap        ] GC(53) Archive regions: 0->0
[2021-02-23T17:32:10.491+0300][198.699s][info][gc,heap        ] GC(53) Humongous regions: 36->36
[2021-02-23T17:32:10.491+0300][198.699s][info][gc,metaspace   ] GC(53) Metaspace: 6910K(7552K)->6910K(7552K) NonClass: 6191K(6656K)->6191K(6656K) Class: 719K(896K)->719K(896K)
[2021-02-23T17:32:10.491+0300][198.699s][info][gc             ] GC(53) Pause Young (Normal) (G1 Evacuation Pause) 1023M->1023M(1024M) 0.439ms
[2021-02-23T17:32:10.491+0300][198.699s][info][gc,cpu         ] GC(53) User=0.00s Sys=0.00s Real=0.00s
[2021-02-23T17:32:10.491+0300][198.699s][info][gc,ergo        ] Attempting maximally compacting collection
[2021-02-23T17:32:10.491+0300][198.699s][info][gc,task        ] GC(54) Using 6 workers of 6 for full compaction
[2021-02-23T17:32:10.492+0300][198.699s][info][gc,start       ] GC(54) Pause Full (G1 Evacuation Pause)
[2021-02-23T17:32:10.492+0300][198.699s][info][gc,phases,start] GC(54) Phase 1: Mark live objects
[2021-02-23T17:32:10.709+0300][198.916s][info][gc,phases      ] GC(54) Phase 1: Mark live objects 217.621ms
[2021-02-23T17:32:10.709+0300][198.916s][info][gc,phases,start] GC(54) Phase 2: Prepare for compaction
[2021-02-23T17:32:10.764+0300][198.971s][info][gc,phases      ] GC(54) Phase 2: Prepare for compaction 54.805ms
[2021-02-23T17:32:10.764+0300][198.971s][info][gc,phases,start] GC(54) Phase 3: Adjust pointers
[2021-02-23T17:32:10.833+0300][199.040s][info][gc,phases      ] GC(54) Phase 3: Adjust pointers 69.147ms
[2021-02-23T17:32:10.833+0300][199.040s][info][gc,phases,start] GC(54) Phase 4: Compact heap
[2021-02-23T17:32:10.879+0300][199.086s][info][gc,phases      ] GC(54) Phase 4: Compact heap 45.972ms
[2021-02-23T17:32:10.880+0300][199.087s][info][gc,heap        ] GC(54) Eden regions: 0->0(51)
[2021-02-23T17:32:10.880+0300][199.087s][info][gc,heap        ] GC(54) Survivor regions: 0->0(0)
[2021-02-23T17:32:10.880+0300][199.087s][info][gc,heap        ] GC(54) Old regions: 988->988
[2021-02-23T17:32:10.880+0300][199.087s][info][gc,heap        ] GC(54) Archive regions: 0->0
[2021-02-23T17:32:10.880+0300][199.087s][info][gc,heap        ] GC(54) Humongous regions: 36->36
[2021-02-23T17:32:10.880+0300][199.087s][info][gc,metaspace   ] GC(54) Metaspace: 6910K(7552K)->6910K(7552K) NonClass: 6191K(6656K)->6191K(6656K) Class: 719K(896K)->719K(896K)
[2021-02-23T17:32:10.880+0300][199.087s][info][gc             ] GC(54) Pause Full (G1 Evacuation Pause) 1023M->1023M(1024M) 388.486ms
[2021-02-23T17:32:10.880+0300][199.087s][info][gc,cpu         ] GC(54) User=2.28s Sys=0.00s Real=0.39s
[2021-02-23T17:32:10.880+0300][199.087s][info][gc,task        ] GC(55) Using 6 workers of 6 for full compaction
[2021-02-23T17:32:10.880+0300][199.087s][info][gc,start       ] GC(55) Pause Full (G1 Evacuation Pause)
[2021-02-23T17:32:10.880+0300][199.087s][info][gc,phases,start] GC(55) Phase 1: Mark live objects
[2021-02-23T17:32:11.101+0300][199.308s][info][gc,phases      ] GC(55) Phase 1: Mark live objects 220.323ms
[2021-02-23T17:32:11.101+0300][199.308s][info][gc,phases,start] GC(55) Phase 2: Prepare for compaction
[2021-02-23T17:32:11.154+0300][199.361s][info][gc,phases      ] GC(55) Phase 2: Prepare for compaction 53.427ms
[2021-02-23T17:32:11.154+0300][199.361s][info][gc,phases,start] GC(55) Phase 3: Adjust pointers
[2021-02-23T17:32:11.220+0300][199.427s][info][gc,phases      ] GC(55) Phase 3: Adjust pointers 65.681ms
[2021-02-23T17:32:11.220+0300][199.427s][info][gc,phases,start] GC(55) Phase 4: Compact heap
[2021-02-23T17:32:11.261+0300][199.468s][info][gc,phases      ] GC(55) Phase 4: Compact heap 41.268ms
[2021-02-23T17:32:11.262+0300][199.469s][info][gc,heap        ] GC(55) Eden regions: 0->0(51)
[2021-02-23T17:32:11.262+0300][199.469s][info][gc,heap        ] GC(55) Survivor regions: 0->0(0)
[2021-02-23T17:32:11.262+0300][199.469s][info][gc,heap        ] GC(55) Old regions: 988->988
[2021-02-23T17:32:11.262+0300][199.469s][info][gc,heap        ] GC(55) Archive regions: 0->0
[2021-02-23T17:32:11.262+0300][199.469s][info][gc,heap        ] GC(55) Humongous regions: 36->36
[2021-02-23T17:32:11.262+0300][199.469s][info][gc,metaspace   ] GC(55) Metaspace: 6910K(7552K)->6910K(7552K) NonClass: 6191K(6656K)->6191K(6656K) Class: 719K(896K)->719K(896K)
[2021-02-23T17:32:11.262+0300][199.469s][info][gc             ] GC(55) Pause Full (G1 Evacuation Pause) 1023M->1023M(1024M) 381.687ms
[2021-02-23T17:32:11.262+0300][199.469s][info][gc,cpu         ] GC(55) User=2.23s Sys=0.00s Real=0.38s
[2021-02-23T17:32:11.262+0300][199.469s][info][gc,task        ] GC(56) Using 6 workers of 6 for full compaction
[2021-02-23T17:32:11.262+0300][199.469s][info][gc,start       ] GC(56) Pause Full (G1 Evacuation Pause)
[2021-02-23T17:32:11.262+0300][199.469s][info][gc,phases,start] GC(56) Phase 1: Mark live objects
[2021-02-23T17:32:11.483+0300][199.690s][info][gc,phases      ] GC(56) Phase 1: Mark live objects 220.914ms
[2021-02-23T17:32:11.483+0300][199.690s][info][gc,phases,start] GC(56) Phase 2: Prepare for compaction
[2021-02-23T17:32:11.537+0300][199.744s][info][gc,phases      ] GC(56) Phase 2: Prepare for compaction 54.031ms
[2021-02-23T17:32:11.537+0300][199.744s][info][gc,phases,start] GC(56) Phase 3: Adjust pointers
[2021-02-23T17:32:11.604+0300][199.812s][info][gc,phases      ] GC(56) Phase 3: Adjust pointers 67.204ms
[2021-02-23T17:32:11.605+0300][199.812s][info][gc,phases,start] GC(56) Phase 4: Compact heap
[2021-02-23T17:32:11.647+0300][199.855s][info][gc,phases      ] GC(56) Phase 4: Compact heap 42.792ms
[2021-02-23T17:32:11.648+0300][199.855s][info][gc,heap        ] GC(56) Eden regions: 0->0(51)
[2021-02-23T17:32:11.648+0300][199.855s][info][gc,heap        ] GC(56) Survivor regions: 0->0(0)
[2021-02-23T17:32:11.648+0300][199.855s][info][gc,heap        ] GC(56) Old regions: 988->988
[2021-02-23T17:32:11.648+0300][199.855s][info][gc,heap        ] GC(56) Archive regions: 0->0
[2021-02-23T17:32:11.648+0300][199.855s][info][gc,heap        ] GC(56) Humongous regions: 36->36
[2021-02-23T17:32:11.648+0300][199.855s][info][gc,metaspace   ] GC(56) Metaspace: 6910K(7552K)->6910K(7552K) NonClass: 6191K(6656K)->6191K(6656K) Class: 719K(896K)->719K(896K)
[2021-02-23T17:32:11.648+0300][199.855s][info][gc             ] GC(56) Pause Full (G1 Evacuation Pause) 1023M->1023M(1024M) 385.919ms
[2021-02-23T17:32:11.648+0300][199.855s][info][gc,cpu         ] GC(56) User=2.25s Sys=0.00s Real=0.39s
[2021-02-23T17:32:11.648+0300][199.856s][info][gc,start       ] GC(57) Pause Young (Concurrent Start) (G1 Evacuation Pause)
[2021-02-23T17:32:11.648+0300][199.856s][info][gc,task        ] GC(57) Using 6 workers of 6 for evacuation
[2021-02-23T17:32:11.649+0300][199.856s][info][gc,phases      ] GC(57)   Pre Evacuate Collection Set: 0.0ms
[2021-02-23T17:32:11.649+0300][199.856s][info][gc,phases      ] GC(57)   Merge Heap Roots: 0.0ms
[2021-02-23T17:32:11.649+0300][199.856s][info][gc,phases      ] GC(57)   Evacuate Collection Set: 0.1ms
[2021-02-23T17:32:11.649+0300][199.856s][info][gc,phases      ] GC(57)   Post Evacuate Collection Set: 0.1ms
[2021-02-23T17:32:11.649+0300][199.856s][info][gc,phases      ] GC(57)   Other: 0.1ms
[2021-02-23T17:32:11.649+0300][199.856s][info][gc,heap        ] GC(57) Eden regions: 0->0(51)
[2021-02-23T17:32:11.649+0300][199.856s][info][gc,heap        ] GC(57) Survivor regions: 0->0(0)
[2021-02-23T17:32:11.649+0300][199.856s][info][gc,heap        ] GC(57) Old regions: 988->988
[2021-02-23T17:32:11.649+0300][199.856s][info][gc,heap        ] GC(57) Archive regions: 0->0
[2021-02-23T17:32:11.649+0300][199.856s][info][gc,heap        ] GC(57) Humongous regions: 36->36
[2021-02-23T17:32:11.649+0300][199.856s][info][gc,metaspace   ] GC(57) Metaspace: 6910K(7552K)->6910K(7552K) NonClass: 6191K(6656K)->6191K(6656K) Class: 719K(896K)->719K(896K)
[2021-02-23T17:32:11.649+0300][199.856s][info][gc             ] GC(57) Pause Young (Concurrent Start) (G1 Evacuation Pause) 1023M->1023M(1024M) 0.552ms
[2021-02-23T17:32:11.649+0300][199.856s][info][gc,cpu         ] GC(57) User=0.00s Sys=0.00s Real=0.00s
[2021-02-23T17:32:11.649+0300][199.856s][info][gc,ergo        ] Attempting maximally compacting collection
[2021-02-23T17:32:11.649+0300][199.856s][info][gc             ] GC(58) Concurrent Cycle
[2021-02-23T17:32:11.649+0300][199.856s][info][gc,task        ] GC(59) Using 6 workers of 6 for full compaction
[2021-02-23T17:32:11.649+0300][199.856s][info][gc,marking     ] GC(58) Concurrent Clear Claimed Marks
[2021-02-23T17:32:11.649+0300][199.856s][info][gc,marking     ] GC(58) Concurrent Clear Claimed Marks 0.038ms
[2021-02-23T17:32:11.649+0300][199.856s][info][gc,marking     ] GC(58) Concurrent Scan Root Regions
[2021-02-23T17:32:11.649+0300][199.856s][info][gc,marking     ] GC(58) Concurrent Scan Root Regions 0.011ms
[2021-02-23T17:32:11.649+0300][199.856s][info][gc,marking     ] GC(58) Concurrent Mark (199.856s)
[2021-02-23T17:32:11.649+0300][199.856s][info][gc,marking     ] GC(58) Concurrent Mark From Roots
[2021-02-23T17:32:11.649+0300][199.856s][info][gc,task        ] GC(58) Using 2 workers of 2 for marking
[2021-02-23T17:32:11.649+0300][199.856s][info][gc,start       ] GC(59) Pause Full (G1 Evacuation Pause)
[2021-02-23T17:32:11.650+0300][199.857s][info][gc,phases,start] GC(59) Phase 1: Mark live objects
[2021-02-23T17:32:11.872+0300][200.080s][info][gc,phases      ] GC(59) Phase 1: Mark live objects 222.868ms
[2021-02-23T17:32:11.872+0300][200.080s][info][gc,phases,start] GC(59) Phase 2: Prepare for compaction
[2021-02-23T17:32:11.926+0300][200.134s][info][gc,phases      ] GC(59) Phase 2: Prepare for compaction 54.060ms
[2021-02-23T17:32:11.927+0300][200.134s][info][gc,phases,start] GC(59) Phase 3: Adjust pointers
[2021-02-23T17:32:11.994+0300][200.201s][info][gc,phases      ] GC(59) Phase 3: Adjust pointers 67.090ms
[2021-02-23T17:32:11.994+0300][200.201s][info][gc,phases,start] GC(59) Phase 4: Compact heap
[2021-02-23T17:32:12.037+0300][200.244s][info][gc,phases      ] GC(59) Phase 4: Compact heap 43.285ms
[2021-02-23T17:32:12.038+0300][200.245s][info][gc,heap        ] GC(59) Eden regions: 0->0(51)
[2021-02-23T17:32:12.038+0300][200.245s][info][gc,heap        ] GC(59) Survivor regions: 0->0(0)
[2021-02-23T17:32:12.038+0300][200.245s][info][gc,heap        ] GC(59) Old regions: 988->988
[2021-02-23T17:32:12.038+0300][200.245s][info][gc,heap        ] GC(59) Archive regions: 0->0
[2021-02-23T17:32:12.038+0300][200.245s][info][gc,heap        ] GC(59) Humongous regions: 36->36
[2021-02-23T17:32:12.038+0300][200.245s][info][gc,metaspace   ] GC(59) Metaspace: 6910K(7552K)->6910K(7552K) NonClass: 6191K(6656K)->6191K(6656K) Class: 719K(896K)->719K(896K)
[2021-02-23T17:32:12.038+0300][200.245s][info][gc             ] GC(59) Pause Full (G1 Evacuation Pause) 1023M->1023M(1024M) 388.680ms
[2021-02-23T17:32:12.038+0300][200.245s][info][gc,cpu         ] GC(59) User=2.31s Sys=0.00s Real=0.39s
[2021-02-23T17:32:12.038+0300][200.245s][info][gc,task        ] GC(60) Using 6 workers of 6 for full compaction
[2021-02-23T17:32:12.038+0300][200.245s][info][gc,start       ] GC(60) Pause Full (G1 Evacuation Pause)
[2021-02-23T17:32:12.038+0300][200.245s][info][gc,phases,start] GC(60) Phase 1: Mark live objects
[2021-02-23T17:32:12.260+0300][200.468s][info][gc,phases      ] GC(60) Phase 1: Mark live objects 222.368ms
[2021-02-23T17:32:12.260+0300][200.468s][info][gc,phases,start] GC(60) Phase 2: Prepare for compaction
[2021-02-23T17:32:12.314+0300][200.522s][info][gc,phases      ] GC(60) Phase 2: Prepare for compaction 53.906ms
[2021-02-23T17:32:12.314+0300][200.522s][info][gc,phases,start] GC(60) Phase 3: Adjust pointers
[2021-02-23T17:32:12.380+0300][200.587s][info][gc,phases      ] GC(60) Phase 3: Adjust pointers 65.671ms
[2021-02-23T17:32:12.380+0300][200.587s][info][gc,phases,start] GC(60) Phase 4: Compact heap
[2021-02-23T17:32:12.423+0300][200.630s][info][gc,phases      ] GC(60) Phase 4: Compact heap 42.425ms
[2021-02-23T17:32:12.423+0300][200.630s][info][gc,heap        ] GC(60) Eden regions: 0->0(51)
[2021-02-23T17:32:12.423+0300][200.630s][info][gc,heap        ] GC(60) Survivor regions: 0->0(0)
[2021-02-23T17:32:12.423+0300][200.630s][info][gc,heap        ] GC(60) Old regions: 988->988
[2021-02-23T17:32:12.423+0300][200.630s][info][gc,heap        ] GC(60) Archive regions: 0->0
[2021-02-23T17:32:12.423+0300][200.631s][info][gc,heap        ] GC(60) Humongous regions: 36->36
[2021-02-23T17:32:12.423+0300][200.631s][info][gc,metaspace   ] GC(60) Metaspace: 6910K(7552K)->6910K(7552K) NonClass: 6191K(6656K)->6191K(6656K) Class: 719K(896K)->719K(896K)
[2021-02-23T17:32:12.423+0300][200.631s][info][gc             ] GC(60) Pause Full (G1 Evacuation Pause) 1023M->1023M(1024M) 385.344ms
[2021-02-23T17:32:12.423+0300][200.631s][info][gc,cpu         ] GC(60) User=2.25s Sys=0.00s Real=0.38s
[2021-02-23T17:32:12.423+0300][200.631s][info][gc,task        ] GC(61) Using 6 workers of 6 for full compaction
[2021-02-23T17:32:12.424+0300][200.631s][info][gc,start       ] GC(61) Pause Full (G1 Evacuation Pause)
[2021-02-23T17:32:12.424+0300][200.631s][info][gc,phases,start] GC(61) Phase 1: Mark live objects
[2021-02-23T17:32:12.645+0300][200.852s][info][gc,phases      ] GC(61) Phase 1: Mark live objects 221.239ms
[2021-02-23T17:32:12.645+0300][200.852s][info][gc,phases,start] GC(61) Phase 2: Prepare for compaction
[2021-02-23T17:32:12.699+0300][200.907s][info][gc,phases      ] GC(61) Phase 2: Prepare for compaction 54.515ms
[2021-02-23T17:32:12.699+0300][200.907s][info][gc,phases,start] GC(61) Phase 3: Adjust pointers
[2021-02-23T17:32:12.766+0300][200.973s][info][gc,phases      ] GC(61) Phase 3: Adjust pointers 66.072ms
[2021-02-23T17:32:12.766+0300][200.973s][info][gc,phases,start] GC(61) Phase 4: Compact heap
[2021-02-23T17:32:12.809+0300][201.016s][info][gc,phases      ] GC(61) Phase 4: Compact heap 43.047ms
[2021-02-23T17:32:12.809+0300][201.017s][info][gc,heap        ] GC(61) Eden regions: 0->0(51)
[2021-02-23T17:32:12.809+0300][201.017s][info][gc,heap        ] GC(61) Survivor regions: 0->0(0)
[2021-02-23T17:32:12.809+0300][201.017s][info][gc,heap        ] GC(61) Old regions: 988->988
[2021-02-23T17:32:12.809+0300][201.017s][info][gc,heap        ] GC(61) Archive regions: 0->0
[2021-02-23T17:32:12.809+0300][201.017s][info][gc,heap        ] GC(61) Humongous regions: 36->36
[2021-02-23T17:32:12.809+0300][201.017s][info][gc,metaspace   ] GC(61) Metaspace: 6910K(7552K)->6910K(7552K) NonClass: 6191K(6656K)->6191K(6656K) Class: 719K(896K)->719K(896K)
[2021-02-23T17:32:12.809+0300][201.017s][info][gc             ] GC(61) Pause Full (G1 Evacuation Pause) 1023M->1023M(1024M) 385.829ms
[2021-02-23T17:32:12.810+0300][201.017s][info][gc,cpu         ] GC(61) User=2.25s Sys=0.02s Real=0.39s
[2021-02-23T17:32:12.810+0300][201.017s][info][gc,marking     ] GC(58) Concurrent Mark From Roots 1160.546ms
[2021-02-23T17:32:12.810+0300][201.017s][info][gc,start       ] GC(62) Pause Young (Normal) (G1 Evacuation Pause)
[2021-02-23T17:32:12.810+0300][201.017s][info][gc,task        ] GC(62) Using 6 workers of 6 for evacuation
[2021-02-23T17:32:12.810+0300][201.017s][info][gc,phases      ] GC(62)   Pre Evacuate Collection Set: 0.0ms
[2021-02-23T17:32:12.810+0300][201.017s][info][gc,phases      ] GC(62)   Merge Heap Roots: 0.0ms
[2021-02-23T17:32:12.810+0300][201.017s][info][gc,phases      ] GC(62)   Evacuate Collection Set: 0.1ms
[2021-02-23T17:32:12.810+0300][201.017s][info][gc,phases      ] GC(62)   Post Evacuate Collection Set: 0.1ms
[2021-02-23T17:32:12.810+0300][201.017s][info][gc,phases      ] GC(62)   Other: 0.1ms
[2021-02-23T17:32:12.810+0300][201.017s][info][gc,heap        ] GC(62) Eden regions: 0->0(51)
[2021-02-23T17:32:12.810+0300][201.017s][info][gc,heap        ] GC(62) Survivor regions: 0->0(0)
[2021-02-23T17:32:12.810+0300][201.017s][info][gc,heap        ] GC(62) Old regions: 988->988
[2021-02-23T17:32:12.810+0300][201.017s][info][gc,heap        ] GC(62) Archive regions: 0->0
[2021-02-23T17:32:12.810+0300][201.017s][info][gc,heap        ] GC(62) Humongous regions: 36->36
[2021-02-23T17:32:12.810+0300][201.017s][info][gc,metaspace   ] GC(62) Metaspace: 6910K(7552K)->6910K(7552K) NonClass: 6191K(6656K)->6191K(6656K) Class: 719K(896K)->719K(896K)
[2021-02-23T17:32:12.810+0300][201.017s][info][gc             ] GC(62) Pause Young (Normal) (G1 Evacuation Pause) 1023M->1023M(1024M) 0.458ms
[2021-02-23T17:32:12.810+0300][201.017s][info][gc,cpu         ] GC(62) User=0.00s Sys=0.00s Real=0.00s
[2021-02-23T17:32:12.810+0300][201.017s][info][gc,ergo        ] Attempting maximally compacting collection
[2021-02-23T17:32:12.810+0300][201.017s][info][gc,task        ] GC(63) Using 6 workers of 6 for full compaction
[2021-02-23T17:32:12.810+0300][201.017s][info][gc,start       ] GC(63) Pause Full (G1 Evacuation Pause)
[2021-02-23T17:32:12.810+0300][201.018s][info][gc,phases,start] GC(63) Phase 1: Mark live objects
[2021-02-23T17:32:13.030+0300][201.237s][info][gc,phases      ] GC(63) Phase 1: Mark live objects 219.884ms
[2021-02-23T17:32:13.030+0300][201.237s][info][gc,phases,start] GC(63) Phase 2: Prepare for compaction
[2021-02-23T17:32:13.086+0300][201.293s][info][gc,phases      ] GC(63) Phase 2: Prepare for compaction 55.556ms
[2021-02-23T17:32:13.086+0300][201.293s][info][gc,phases,start] GC(63) Phase 3: Adjust pointers
[2021-02-23T17:32:13.152+0300][201.360s][info][gc,phases      ] GC(63) Phase 3: Adjust pointers 66.617ms
[2021-02-23T17:32:13.152+0300][201.360s][info][gc,phases,start] GC(63) Phase 4: Compact heap
[2021-02-23T17:32:13.193+0300][201.400s][info][gc,phases      ] GC(63) Phase 4: Compact heap 40.037ms
[2021-02-23T17:32:13.193+0300][201.400s][info][gc,heap        ] GC(63) Eden regions: 0->0(51)
[2021-02-23T17:32:13.193+0300][201.400s][info][gc,heap        ] GC(63) Survivor regions: 0->0(0)
[2021-02-23T17:32:13.193+0300][201.400s][info][gc,heap        ] GC(63) Old regions: 988->988
[2021-02-23T17:32:13.193+0300][201.400s][info][gc,heap        ] GC(63) Archive regions: 0->0
[2021-02-23T17:32:13.193+0300][201.400s][info][gc,heap        ] GC(63) Humongous regions: 36->36
[2021-02-23T17:32:13.193+0300][201.400s][info][gc,metaspace   ] GC(63) Metaspace: 6910K(7552K)->6910K(7552K) NonClass: 6191K(6656K)->6191K(6656K) Class: 719K(896K)->719K(896K)
[2021-02-23T17:32:13.193+0300][201.401s][info][gc             ] GC(63) Pause Full (G1 Evacuation Pause) 1023M->1023M(1024M) 383.039ms
[2021-02-23T17:32:13.193+0300][201.401s][info][gc,cpu         ] GC(63) User=2.28s Sys=0.00s Real=0.38s
[2021-02-23T17:32:13.193+0300][201.401s][info][gc,task        ] GC(64) Using 6 workers of 6 for full compaction
[2021-02-23T17:32:13.194+0300][201.401s][info][gc,start       ] GC(64) Pause Full (G1 Evacuation Pause)
[2021-02-23T17:32:13.194+0300][201.401s][info][gc,phases,start] GC(64) Phase 1: Mark live objects
[2021-02-23T17:32:13.417+0300][201.624s][info][gc,phases      ] GC(64) Phase 1: Mark live objects 223.381ms
[2021-02-23T17:32:13.417+0300][201.624s][info][gc,phases,start] GC(64) Phase 2: Prepare for compaction
[2021-02-23T17:32:13.470+0300][201.678s][info][gc,phases      ] GC(64) Phase 2: Prepare for compaction 53.287ms
[2021-02-23T17:32:13.470+0300][201.678s][info][gc,phases,start] GC(64) Phase 3: Adjust pointers
[2021-02-23T17:32:13.536+0300][201.743s][info][gc,phases      ] GC(64) Phase 3: Adjust pointers 65.671ms
[2021-02-23T17:32:13.536+0300][201.743s][info][gc,phases,start] GC(64) Phase 4: Compact heap
[2021-02-23T17:32:13.577+0300][201.784s][info][gc,phases      ] GC(64) Phase 4: Compact heap 41.004ms
[2021-02-23T17:32:13.578+0300][201.785s][info][gc,heap        ] GC(64) Eden regions: 0->0(51)
[2021-02-23T17:32:13.578+0300][201.785s][info][gc,heap        ] GC(64) Survivor regions: 0->0(0)
[2021-02-23T17:32:13.578+0300][201.785s][info][gc,heap        ] GC(64) Old regions: 988->988
[2021-02-23T17:32:13.578+0300][201.785s][info][gc,heap        ] GC(64) Archive regions: 0->0
[2021-02-23T17:32:13.578+0300][201.785s][info][gc,heap        ] GC(64) Humongous regions: 36->36
[2021-02-23T17:32:13.578+0300][201.785s][info][gc,metaspace   ] GC(64) Metaspace: 6910K(7552K)->6910K(7552K) NonClass: 6191K(6656K)->6191K(6656K) Class: 719K(896K)->719K(896K)
[2021-02-23T17:32:13.578+0300][201.785s][info][gc             ] GC(64) Pause Full (G1 Evacuation Pause) 1023M->1023M(1024M) 384.334ms
[2021-02-23T17:32:13.578+0300][201.785s][info][gc,cpu         ] GC(64) User=2.25s Sys=0.00s Real=0.38s
[2021-02-23T17:32:13.578+0300][201.785s][info][gc,task        ] GC(65) Using 6 workers of 6 for full compaction
[2021-02-23T17:32:13.578+0300][201.785s][info][gc,start       ] GC(65) Pause Full (G1 Evacuation Pause)
[2021-02-23T17:32:13.578+0300][201.785s][info][gc,phases,start] GC(65) Phase 1: Mark live objects
[2021-02-23T17:32:13.798+0300][202.005s][info][gc,phases      ] GC(65) Phase 1: Mark live objects 219.624ms
[2021-02-23T17:32:13.798+0300][202.005s][info][gc,phases,start] GC(65) Phase 2: Prepare for compaction
[2021-02-23T17:32:13.853+0300][202.060s][info][gc,phases      ] GC(65) Phase 2: Prepare for compaction 54.818ms
[2021-02-23T17:32:13.853+0300][202.060s][info][gc,phases,start] GC(65) Phase 3: Adjust pointers
[2021-02-23T17:32:13.919+0300][202.126s][info][gc,phases      ] GC(65) Phase 3: Adjust pointers 66.329ms
[2021-02-23T17:32:13.919+0300][202.126s][info][gc,phases,start] GC(65) Phase 4: Compact heap
[2021-02-23T17:32:13.961+0300][202.168s][info][gc,phases      ] GC(65) Phase 4: Compact heap 41.563ms
[2021-02-23T17:32:13.961+0300][202.169s][info][gc,heap        ] GC(65) Eden regions: 0->0(51)
[2021-02-23T17:32:13.961+0300][202.169s][info][gc,heap        ] GC(65) Survivor regions: 0->0(0)
[2021-02-23T17:32:13.961+0300][202.169s][info][gc,heap        ] GC(65) Old regions: 988->988
[2021-02-23T17:32:13.961+0300][202.169s][info][gc,heap        ] GC(65) Archive regions: 0->0
[2021-02-23T17:32:13.961+0300][202.169s][info][gc,heap        ] GC(65) Humongous regions: 36->36
[2021-02-23T17:32:13.961+0300][202.169s][info][gc,metaspace   ] GC(65) Metaspace: 6910K(7552K)->6910K(7552K) NonClass: 6191K(6656K)->6191K(6656K) Class: 719K(896K)->719K(896K)
[2021-02-23T17:32:13.961+0300][202.169s][info][gc             ] GC(65) Pause Full (G1 Evacuation Pause) 1023M->1023M(1024M) 383.278ms
[2021-02-23T17:32:13.962+0300][202.169s][info][gc,cpu         ] GC(65) User=2.33s Sys=0.00s Real=0.38s
[2021-02-23T17:32:13.962+0300][202.169s][info][gc,marking     ] GC(58) Concurrent Mark Abort
[2021-02-23T17:32:13.962+0300][202.169s][info][gc             ] GC(58) Concurrent Cycle 2312.691ms
[2021-02-23T17:32:13.962+0300][202.169s][info][gc,start       ] GC(66) Pause Young (Normal) (G1 Evacuation Pause)
[2021-02-23T17:32:13.962+0300][202.169s][info][gc,task        ] GC(66) Using 6 workers of 6 for evacuation
[2021-02-23T17:32:13.962+0300][202.169s][info][gc,phases      ] GC(66)   Pre Evacuate Collection Set: 0.0ms
[2021-02-23T17:32:13.962+0300][202.169s][info][gc,phases      ] GC(66)   Merge Heap Roots: 0.0ms
[2021-02-23T17:32:13.962+0300][202.169s][info][gc,phases      ] GC(66)   Evacuate Collection Set: 0.1ms
[2021-02-23T17:32:13.962+0300][202.169s][info][gc,phases      ] GC(66)   Post Evacuate Collection Set: 0.1ms
[2021-02-23T17:32:13.962+0300][202.169s][info][gc,phases      ] GC(66)   Other: 0.1ms
[2021-02-23T17:32:13.962+0300][202.169s][info][gc,heap        ] GC(66) Eden regions: 0->0(51)
[2021-02-23T17:32:13.962+0300][202.169s][info][gc,heap        ] GC(66) Survivor regions: 0->0(0)
[2021-02-23T17:32:13.962+0300][202.169s][info][gc,heap        ] GC(66) Old regions: 988->988
[2021-02-23T17:32:13.962+0300][202.169s][info][gc,heap        ] GC(66) Archive regions: 0->0
[2021-02-23T17:32:13.962+0300][202.169s][info][gc,heap        ] GC(66) Humongous regions: 36->36
[2021-02-23T17:32:13.962+0300][202.169s][info][gc,metaspace   ] GC(66) Metaspace: 6910K(7552K)->6910K(7552K) NonClass: 6191K(6656K)->6191K(6656K) Class: 719K(896K)->719K(896K)
[2021-02-23T17:32:13.962+0300][202.169s][info][gc             ] GC(66) Pause Young (Normal) (G1 Evacuation Pause) 1023M->1023M(1024M) 0.450ms
[2021-02-23T17:32:13.962+0300][202.169s][info][gc,cpu         ] GC(66) User=0.00s Sys=0.00s Real=0.00s
[2021-02-23T17:32:13.962+0300][202.169s][info][gc,ergo        ] Attempting maximally compacting collection
[2021-02-23T17:32:13.962+0300][202.169s][info][gc,task        ] GC(67) Using 6 workers of 6 for full compaction
[2021-02-23T17:32:13.962+0300][202.169s][info][gc,start       ] GC(67) Pause Full (G1 Evacuation Pause)
[2021-02-23T17:32:13.962+0300][202.169s][info][gc,phases,start] GC(67) Phase 1: Mark live objects
[2021-02-23T17:32:14.180+0300][202.387s][info][gc,phases      ] GC(67) Phase 1: Mark live objects 217.871ms
[2021-02-23T17:32:14.180+0300][202.387s][info][gc,phases,start] GC(67) Phase 2: Prepare for compaction
[2021-02-23T17:32:14.233+0300][202.440s][info][gc,phases      ] GC(67) Phase 2: Prepare for compaction 53.053ms
[2021-02-23T17:32:14.233+0300][202.440s][info][gc,phases,start] GC(67) Phase 3: Adjust pointers
[2021-02-23T17:32:14.307+0300][202.514s][info][gc,phases      ] GC(67) Phase 3: Adjust pointers 73.906ms
[2021-02-23T17:32:14.307+0300][202.514s][info][gc,phases,start] GC(67) Phase 4: Compact heap
[2021-02-23T17:32:14.359+0300][202.566s][info][gc,phases      ] GC(67) Phase 4: Compact heap 51.750ms
[2021-02-23T17:32:14.360+0300][202.567s][info][gc,heap        ] GC(67) Eden regions: 0->0(51)
[2021-02-23T17:32:14.360+0300][202.567s][info][gc,heap        ] GC(67) Survivor regions: 0->0(0)
[2021-02-23T17:32:14.360+0300][202.567s][info][gc,heap        ] GC(67) Old regions: 988->988
[2021-02-23T17:32:14.360+0300][202.567s][info][gc,heap        ] GC(67) Archive regions: 0->0
[2021-02-23T17:32:14.360+0300][202.567s][info][gc,heap        ] GC(67) Humongous regions: 36->36
[2021-02-23T17:32:14.360+0300][202.567s][info][gc,metaspace   ] GC(67) Metaspace: 6910K(7552K)->6910K(7552K) NonClass: 6191K(6656K)->6191K(6656K) Class: 719K(896K)->719K(896K)
[2021-02-23T17:32:14.360+0300][202.567s][info][gc             ] GC(67) Pause Full (G1 Evacuation Pause) 1023M->1023M(1024M) 397.510ms
[2021-02-23T17:32:14.360+0300][202.567s][info][gc,cpu         ] GC(67) User=2.25s Sys=0.00s Real=0.40s
[2021-02-23T17:32:14.360+0300][202.567s][info][gc,task        ] GC(68) Using 6 workers of 6 for full compaction
[2021-02-23T17:32:14.360+0300][202.567s][info][gc,start       ] GC(68) Pause Full (G1 Evacuation Pause)
[2021-02-23T17:32:14.360+0300][202.567s][info][gc,phases,start] GC(68) Phase 1: Mark live objects
[2021-02-23T17:32:14.588+0300][202.795s][info][gc,phases      ] GC(68) Phase 1: Mark live objects 227.494ms
[2021-02-23T17:32:14.588+0300][202.795s][info][gc,phases,start] GC(68) Phase 2: Prepare for compaction
[2021-02-23T17:32:14.641+0300][202.848s][info][gc,phases      ] GC(68) Phase 2: Prepare for compaction 53.546ms
[2021-02-23T17:32:14.641+0300][202.848s][info][gc,phases,start] GC(68) Phase 3: Adjust pointers
[2021-02-23T17:32:14.709+0300][202.916s][info][gc,phases      ] GC(68) Phase 3: Adjust pointers 67.766ms
[2021-02-23T17:32:14.709+0300][202.916s][info][gc,phases,start] GC(68) Phase 4: Compact heap
[2021-02-23T17:32:14.749+0300][202.956s][info][gc,phases      ] GC(68) Phase 4: Compact heap 40.065ms
[2021-02-23T17:32:14.750+0300][202.957s][info][gc,heap        ] GC(68) Eden regions: 0->0(51)
[2021-02-23T17:32:14.750+0300][202.957s][info][gc,heap        ] GC(68) Survivor regions: 0->0(0)
[2021-02-23T17:32:14.750+0300][202.957s][info][gc,heap        ] GC(68) Old regions: 988->988
[2021-02-23T17:32:14.750+0300][202.957s][info][gc,heap        ] GC(68) Archive regions: 0->0
[2021-02-23T17:32:14.750+0300][202.957s][info][gc,heap        ] GC(68) Humongous regions: 36->36
[2021-02-23T17:32:14.750+0300][202.957s][info][gc,metaspace   ] GC(68) Metaspace: 6910K(7552K)->6910K(7552K) NonClass: 6191K(6656K)->6191K(6656K) Class: 719K(896K)->719K(896K)
[2021-02-23T17:32:14.750+0300][202.957s][info][gc             ] GC(68) Pause Full (G1 Evacuation Pause) 1023M->1023M(1024M) 389.913ms
[2021-02-23T17:32:14.750+0300][202.957s][info][gc,cpu         ] GC(68) User=2.30s Sys=0.00s Real=0.39s
[2021-02-23T17:32:14.750+0300][202.957s][info][gc,task        ] GC(69) Using 6 workers of 6 for full compaction
[2021-02-23T17:32:14.750+0300][202.957s][info][gc,start       ] GC(69) Pause Full (G1 Evacuation Pause)
[2021-02-23T17:32:14.750+0300][202.957s][info][gc,phases,start] GC(69) Phase 1: Mark live objects
[2021-02-23T17:32:14.970+0300][203.178s][info][gc,phases      ] GC(69) Phase 1: Mark live objects 220.167ms
[2021-02-23T17:32:14.970+0300][203.178s][info][gc,phases,start] GC(69) Phase 2: Prepare for compaction
[2021-02-23T17:32:15.051+0300][203.258s][info][gc,phases      ] GC(69) Phase 2: Prepare for compaction 80.335ms
[2021-02-23T17:32:15.051+0300][203.258s][info][gc,phases,start] GC(69) Phase 3: Adjust pointers
[2021-02-23T17:32:15.119+0300][203.326s][info][gc,phases      ] GC(69) Phase 3: Adjust pointers 67.802ms
[2021-02-23T17:32:15.119+0300][203.326s][info][gc,phases,start] GC(69) Phase 4: Compact heap
[2021-02-23T17:32:15.175+0300][203.382s][info][gc,phases      ] GC(69) Phase 4: Compact heap 56.324ms
[2021-02-23T17:32:15.176+0300][203.383s][info][gc,heap        ] GC(69) Eden regions: 0->0(51)
[2021-02-23T17:32:15.176+0300][203.383s][info][gc,heap        ] GC(69) Survivor regions: 0->0(0)
[2021-02-23T17:32:15.176+0300][203.383s][info][gc,heap        ] GC(69) Old regions: 988->988
[2021-02-23T17:32:15.176+0300][203.383s][info][gc,heap        ] GC(69) Archive regions: 0->0
[2021-02-23T17:32:15.176+0300][203.383s][info][gc,heap        ] GC(69) Humongous regions: 36->36
[2021-02-23T17:32:15.176+0300][203.383s][info][gc,metaspace   ] GC(69) Metaspace: 6910K(7552K)->6910K(7552K) NonClass: 6191K(6656K)->6191K(6656K) Class: 719K(896K)->719K(896K)
[2021-02-23T17:32:15.176+0300][203.383s][info][gc             ] GC(69) Pause Full (G1 Evacuation Pause) 1023M->1023M(1024M) 425.561ms
[2021-02-23T17:32:15.176+0300][203.383s][info][gc,cpu         ] GC(69) User=2.45s Sys=0.00s Real=0.43s
[2021-02-23T17:32:15.176+0300][203.383s][info][gc,start       ] GC(70) Pause Young (Concurrent Start) (G1 Evacuation Pause)
[2021-02-23T17:32:15.176+0300][203.383s][info][gc,task        ] GC(70) Using 6 workers of 6 for evacuation
[2021-02-23T17:32:15.176+0300][203.384s][info][gc,phases      ] GC(70)   Pre Evacuate Collection Set: 0.0ms
[2021-02-23T17:32:15.176+0300][203.384s][info][gc,phases      ] GC(70)   Merge Heap Roots: 0.0ms
[2021-02-23T17:32:15.176+0300][203.384s][info][gc,phases      ] GC(70)   Evacuate Collection Set: 0.1ms
[2021-02-23T17:32:15.176+0300][203.384s][info][gc,phases      ] GC(70)   Post Evacuate Collection Set: 0.1ms
[2021-02-23T17:32:15.176+0300][203.384s][info][gc,phases      ] GC(70)   Other: 0.1ms
[2021-02-23T17:32:15.176+0300][203.384s][info][gc,heap        ] GC(70) Eden regions: 0->0(51)
[2021-02-23T17:32:15.176+0300][203.384s][info][gc,heap        ] GC(70) Survivor regions: 0->0(0)
[2021-02-23T17:32:15.176+0300][203.384s][info][gc,heap        ] GC(70) Old regions: 988->988
[2021-02-23T17:32:15.176+0300][203.384s][info][gc,heap        ] GC(70) Archive regions: 0->0
[2021-02-23T17:32:15.176+0300][203.384s][info][gc,heap        ] GC(70) Humongous regions: 36->36
[2021-02-23T17:32:15.177+0300][203.384s][info][gc,metaspace   ] GC(70) Metaspace: 6910K(7552K)->6910K(7552K) NonClass: 6191K(6656K)->6191K(6656K) Class: 719K(896K)->719K(896K)
[2021-02-23T17:32:15.177+0300][203.384s][info][gc             ] GC(70) Pause Young (Concurrent Start) (G1 Evacuation Pause) 1023M->1023M(1024M) 0.545ms
[2021-02-23T17:32:15.177+0300][203.384s][info][gc,cpu         ] GC(70) User=0.00s Sys=0.00s Real=0.00s
[2021-02-23T17:32:15.177+0300][203.384s][info][gc,ergo        ] Attempting maximally compacting collection
[2021-02-23T17:32:15.177+0300][203.384s][info][gc             ] GC(71) Concurrent Cycle
[2021-02-23T17:32:15.177+0300][203.384s][info][gc,task        ] GC(72) Using 6 workers of 6 for full compaction
[2021-02-23T17:32:15.177+0300][203.384s][info][gc,marking     ] GC(71) Concurrent Clear Claimed Marks
[2021-02-23T17:32:15.177+0300][203.384s][info][gc,marking     ] GC(71) Concurrent Clear Claimed Marks 0.038ms
[2021-02-23T17:32:15.177+0300][203.384s][info][gc,marking     ] GC(71) Concurrent Scan Root Regions
[2021-02-23T17:32:15.177+0300][203.384s][info][gc,marking     ] GC(71) Concurrent Scan Root Regions 0.011ms
[2021-02-23T17:32:15.177+0300][203.384s][info][gc,marking     ] GC(71) Concurrent Mark (203.384s)
[2021-02-23T17:32:15.177+0300][203.384s][info][gc,marking     ] GC(71) Concurrent Mark From Roots
[2021-02-23T17:32:15.177+0300][203.384s][info][gc,task        ] GC(71) Using 2 workers of 2 for marking
[2021-02-23T17:32:15.177+0300][203.384s][info][gc,start       ] GC(72) Pause Full (G1 Evacuation Pause)
[2021-02-23T17:32:15.177+0300][203.384s][info][gc,phases,start] GC(72) Phase 1: Mark live objects
[2021-02-23T17:32:15.396+0300][203.603s][info][gc,phases      ] GC(72) Phase 1: Mark live objects 218.643ms
[2021-02-23T17:32:15.396+0300][203.603s][info][gc,phases,start] GC(72) Phase 2: Prepare for compaction
[2021-02-23T17:32:15.466+0300][203.674s][info][gc,phases      ] GC(72) Phase 2: Prepare for compaction 70.591ms
[2021-02-23T17:32:15.466+0300][203.674s][info][gc,phases,start] GC(72) Phase 3: Adjust pointers
[2021-02-23T17:32:15.538+0300][203.745s][info][gc,phases      ] GC(72) Phase 3: Adjust pointers 71.525ms
[2021-02-23T17:32:15.538+0300][203.745s][info][gc,phases,start] GC(72) Phase 4: Compact heap
[2021-02-23T17:32:15.600+0300][203.807s][info][gc,phases      ] GC(72) Phase 4: Compact heap 61.570ms
[2021-02-23T17:32:15.600+0300][203.807s][info][gc,heap        ] GC(72) Eden regions: 0->0(51)
[2021-02-23T17:32:15.600+0300][203.808s][info][gc,heap        ] GC(72) Survivor regions: 0->0(0)
[2021-02-23T17:32:15.600+0300][203.808s][info][gc,heap        ] GC(72) Old regions: 988->988
[2021-02-23T17:32:15.600+0300][203.808s][info][gc,heap        ] GC(72) Archive regions: 0->0
[2021-02-23T17:32:15.600+0300][203.808s][info][gc,heap        ] GC(72) Humongous regions: 36->36
[2021-02-23T17:32:15.600+0300][203.808s][info][gc,metaspace   ] GC(72) Metaspace: 6910K(7552K)->6910K(7552K) NonClass: 6191K(6656K)->6191K(6656K) Class: 719K(896K)->719K(896K)
[2021-02-23T17:32:15.600+0300][203.808s][info][gc             ] GC(72) Pause Full (G1 Evacuation Pause) 1023M->1023M(1024M) 423.650ms
[2021-02-23T17:32:15.600+0300][203.808s][info][gc,cpu         ] GC(72) User=2.39s Sys=0.00s Real=0.42s
[2021-02-23T17:32:15.601+0300][203.808s][info][gc,task        ] GC(73) Using 6 workers of 6 for full compaction
[2021-02-23T17:32:15.601+0300][203.808s][info][gc,start       ] GC(73) Pause Full (G1 Evacuation Pause)
[2021-02-23T17:32:15.601+0300][203.808s][info][gc,phases,start] GC(73) Phase 1: Mark live objects
[2021-02-23T17:32:15.820+0300][204.027s][info][gc,phases      ] GC(73) Phase 1: Mark live objects 219.488ms
[2021-02-23T17:32:15.820+0300][204.027s][info][gc,phases,start] GC(73) Phase 2: Prepare for compaction
[2021-02-23T17:32:15.875+0300][204.082s][info][gc,phases      ] GC(73) Phase 2: Prepare for compaction 55.047ms
[2021-02-23T17:32:15.875+0300][204.082s][info][gc,phases,start] GC(73) Phase 3: Adjust pointers
[2021-02-23T17:32:15.943+0300][204.151s][info][gc,phases      ] GC(73) Phase 3: Adjust pointers 68.166ms
[2021-02-23T17:32:15.943+0300][204.151s][info][gc,phases,start] GC(73) Phase 4: Compact heap
[2021-02-23T17:32:15.986+0300][204.193s][info][gc,phases      ] GC(73) Phase 4: Compact heap 42.766ms
[2021-02-23T17:32:15.987+0300][204.194s][info][gc,heap        ] GC(73) Eden regions: 0->0(51)
[2021-02-23T17:32:15.987+0300][204.194s][info][gc,heap        ] GC(73) Survivor regions: 0->0(0)
[2021-02-23T17:32:15.987+0300][204.194s][info][gc,heap        ] GC(73) Old regions: 988->988
[2021-02-23T17:32:15.987+0300][204.194s][info][gc,heap        ] GC(73) Archive regions: 0->0
[2021-02-23T17:32:15.987+0300][204.194s][info][gc,heap        ] GC(73) Humongous regions: 36->36
[2021-02-23T17:32:15.987+0300][204.194s][info][gc,metaspace   ] GC(73) Metaspace: 6910K(7552K)->6910K(7552K) NonClass: 6191K(6656K)->6191K(6656K) Class: 719K(896K)->719K(896K)
[2021-02-23T17:32:15.987+0300][204.194s][info][gc             ] GC(73) Pause Full (G1 Evacuation Pause) 1023M->1023M(1024M) 386.401ms
[2021-02-23T17:32:15.987+0300][204.194s][info][gc,cpu         ] GC(73) User=2.27s Sys=0.00s Real=0.39s
[2021-02-23T17:32:15.987+0300][204.194s][info][gc,task        ] GC(74) Using 6 workers of 6 for full compaction
[2021-02-23T17:32:15.987+0300][204.194s][info][gc,start       ] GC(74) Pause Full (G1 Evacuation Pause)
[2021-02-23T17:32:15.987+0300][204.195s][info][gc,phases,start] GC(74) Phase 1: Mark live objects
[2021-02-23T17:32:16.206+0300][204.413s][info][gc,phases      ] GC(74) Phase 1: Mark live objects 218.853ms
[2021-02-23T17:32:16.206+0300][204.413s][info][gc,phases,start] GC(74) Phase 2: Prepare for compaction
[2021-02-23T17:32:16.261+0300][204.468s][info][gc,phases      ] GC(74) Phase 2: Prepare for compaction 54.949ms
[2021-02-23T17:32:16.261+0300][204.468s][info][gc,phases,start] GC(74) Phase 3: Adjust pointers
[2021-02-23T17:32:16.328+0300][204.535s][info][gc,phases      ] GC(74) Phase 3: Adjust pointers 66.337ms
[2021-02-23T17:32:16.328+0300][204.535s][info][gc,phases,start] GC(74) Phase 4: Compact heap
[2021-02-23T17:32:16.371+0300][204.578s][info][gc,phases      ] GC(74) Phase 4: Compact heap 43.136ms
[2021-02-23T17:32:16.371+0300][204.579s][info][gc,heap        ] GC(74) Eden regions: 0->0(51)
[2021-02-23T17:32:16.371+0300][204.579s][info][gc,heap        ] GC(74) Survivor regions: 0->0(0)
[2021-02-23T17:32:16.371+0300][204.579s][info][gc,heap        ] GC(74) Old regions: 988->988
[2021-02-23T17:32:16.371+0300][204.579s][info][gc,heap        ] GC(74) Archive regions: 0->0
[2021-02-23T17:32:16.371+0300][204.579s][info][gc,heap        ] GC(74) Humongous regions: 36->36
[2021-02-23T17:32:16.371+0300][204.579s][info][gc,metaspace   ] GC(74) Metaspace: 6910K(7552K)->6910K(7552K) NonClass: 6191K(6656K)->6191K(6656K) Class: 719K(896K)->719K(896K)
[2021-02-23T17:32:16.371+0300][204.579s][info][gc             ] GC(74) Pause Full (G1 Evacuation Pause) 1023M->1023M(1024M) 384.231ms
[2021-02-23T17:32:16.372+0300][204.579s][info][gc,cpu         ] GC(74) User=2.25s Sys=0.00s Real=0.38s
[2021-02-23T17:32:16.372+0300][204.579s][info][gc,marking     ] GC(71) Concurrent Mark From Roots 1194.997ms
[2021-02-23T17:32:16.372+0300][204.579s][info][gc,start       ] GC(75) Pause Young (Normal) (G1 Evacuation Pause)
[2021-02-23T17:32:16.372+0300][204.579s][info][gc,task        ] GC(75) Using 6 workers of 6 for evacuation
[2021-02-23T17:32:16.372+0300][204.579s][info][gc,phases      ] GC(75)   Pre Evacuate Collection Set: 0.1ms
[2021-02-23T17:32:16.372+0300][204.579s][info][gc,phases      ] GC(75)   Merge Heap Roots: 0.0ms
[2021-02-23T17:32:16.372+0300][204.579s][info][gc,phases      ] GC(75)   Evacuate Collection Set: 0.1ms
[2021-02-23T17:32:16.372+0300][204.579s][info][gc,phases      ] GC(75)   Post Evacuate Collection Set: 0.1ms
[2021-02-23T17:32:16.372+0300][204.579s][info][gc,phases      ] GC(75)   Other: 0.1ms
[2021-02-23T17:32:16.372+0300][204.579s][info][gc,heap        ] GC(75) Eden regions: 0->0(51)
[2021-02-23T17:32:16.372+0300][204.579s][info][gc,heap        ] GC(75) Survivor regions: 0->0(0)
[2021-02-23T17:32:16.372+0300][204.579s][info][gc,heap        ] GC(75) Old regions: 988->988
[2021-02-23T17:32:16.372+0300][204.579s][info][gc,heap        ] GC(75) Archive regions: 0->0
[2021-02-23T17:32:16.372+0300][204.579s][info][gc,heap        ] GC(75) Humongous regions: 36->36
[2021-02-23T17:32:16.372+0300][204.579s][info][gc,metaspace   ] GC(75) Metaspace: 6910K(7552K)->6910K(7552K) NonClass: 6191K(6656K)->6191K(6656K) Class: 719K(896K)->719K(896K)
[2021-02-23T17:32:16.372+0300][204.579s][info][gc             ] GC(75) Pause Young (Normal) (G1 Evacuation Pause) 1023M->1023M(1024M) 0.481ms
[2021-02-23T17:32:16.372+0300][204.579s][info][gc,cpu         ] GC(75) User=0.00s Sys=0.00s Real=0.00s
[2021-02-23T17:32:16.372+0300][204.579s][info][gc,ergo        ] Attempting maximally compacting collection
[2021-02-23T17:32:16.372+0300][204.579s][info][gc,task        ] GC(76) Using 6 workers of 6 for full compaction
[2021-02-23T17:32:16.372+0300][204.580s][info][gc,start       ] GC(76) Pause Full (G1 Evacuation Pause)
[2021-02-23T17:32:16.372+0300][204.580s][info][gc,phases,start] GC(76) Phase 1: Mark live objects
[2021-02-23T17:32:16.594+0300][204.801s][info][gc,phases      ] GC(76) Phase 1: Mark live objects 221.446ms
[2021-02-23T17:32:16.594+0300][204.801s][info][gc,phases,start] GC(76) Phase 2: Prepare for compaction
[2021-02-23T17:32:16.648+0300][204.855s][info][gc,phases      ] GC(76) Phase 2: Prepare for compaction 53.733ms
[2021-02-23T17:32:16.648+0300][204.855s][info][gc,phases,start] GC(76) Phase 3: Adjust pointers
[2021-02-23T17:32:16.721+0300][204.928s][info][gc,phases      ] GC(76) Phase 3: Adjust pointers 73.550ms
[2021-02-23T17:32:16.721+0300][204.928s][info][gc,phases,start] GC(76) Phase 4: Compact heap
[2021-02-23T17:32:16.767+0300][204.974s][info][gc,phases      ] GC(76) Phase 4: Compact heap 46.002ms
[2021-02-23T17:32:16.768+0300][204.975s][info][gc,heap        ] GC(76) Eden regions: 0->0(51)
[2021-02-23T17:32:16.768+0300][204.975s][info][gc,heap        ] GC(76) Survivor regions: 0->0(0)
[2021-02-23T17:32:16.768+0300][204.975s][info][gc,heap        ] GC(76) Old regions: 988->988
[2021-02-23T17:32:16.768+0300][204.975s][info][gc,heap        ] GC(76) Archive regions: 0->0
[2021-02-23T17:32:16.768+0300][204.975s][info][gc,heap        ] GC(76) Humongous regions: 36->36
[2021-02-23T17:32:16.768+0300][204.975s][info][gc,metaspace   ] GC(76) Metaspace: 6910K(7552K)->6910K(7552K) NonClass: 6191K(6656K)->6191K(6656K) Class: 719K(896K)->719K(896K)
[2021-02-23T17:32:16.768+0300][204.975s][info][gc             ] GC(76) Pause Full (G1 Evacuation Pause) 1023M->1023M(1024M) 395.698ms
[2021-02-23T17:32:16.768+0300][204.975s][info][gc,cpu         ] GC(76) User=2.33s Sys=0.00s Real=0.40s
[2021-02-23T17:32:16.768+0300][204.975s][info][gc,task        ] GC(77) Using 6 workers of 6 for full compaction
[2021-02-23T17:32:16.768+0300][204.976s][info][gc,start       ] GC(77) Pause Full (G1 Evacuation Pause)
[2021-02-23T17:32:16.768+0300][204.976s][info][gc,phases,start] GC(77) Phase 1: Mark live objects
[2021-02-23T17:32:16.991+0300][205.198s][info][gc,phases      ] GC(77) Phase 1: Mark live objects 222.211ms
[2021-02-23T17:32:16.991+0300][205.198s][info][gc,phases,start] GC(77) Phase 2: Prepare for compaction
[2021-02-23T17:32:17.090+0300][205.298s][info][gc,phases      ] GC(77) Phase 2: Prepare for compaction 99.864ms
[2021-02-23T17:32:17.091+0300][205.298s][info][gc,phases,start] GC(77) Phase 3: Adjust pointers
[2021-02-23T17:32:17.158+0300][205.365s][info][gc,phases      ] GC(77) Phase 3: Adjust pointers 67.127ms
[2021-02-23T17:32:17.158+0300][205.365s][info][gc,phases,start] GC(77) Phase 4: Compact heap
[2021-02-23T17:32:17.229+0300][205.436s][info][gc,phases      ] GC(77) Phase 4: Compact heap 70.982ms
[2021-02-23T17:32:17.229+0300][205.437s][info][gc,heap        ] GC(77) Eden regions: 0->0(51)
[2021-02-23T17:32:17.229+0300][205.437s][info][gc,heap        ] GC(77) Survivor regions: 0->0(0)
[2021-02-23T17:32:17.229+0300][205.437s][info][gc,heap        ] GC(77) Old regions: 988->988
[2021-02-23T17:32:17.229+0300][205.437s][info][gc,heap        ] GC(77) Archive regions: 0->0
[2021-02-23T17:32:17.229+0300][205.437s][info][gc,heap        ] GC(77) Humongous regions: 36->36
[2021-02-23T17:32:17.229+0300][205.437s][info][gc,metaspace   ] GC(77) Metaspace: 6910K(7552K)->6910K(7552K) NonClass: 6191K(6656K)->6191K(6656K) Class: 719K(896K)->719K(896K)
[2021-02-23T17:32:17.229+0300][205.437s][info][gc             ] GC(77) Pause Full (G1 Evacuation Pause) 1023M->1023M(1024M) 461.155ms
[2021-02-23T17:32:17.230+0300][205.437s][info][gc,cpu         ] GC(77) User=2.45s Sys=0.00s Real=0.46s
[2021-02-23T17:32:17.230+0300][205.437s][info][gc,task        ] GC(78) Using 6 workers of 6 for full compaction
[2021-02-23T17:32:17.230+0300][205.437s][info][gc,start       ] GC(78) Pause Full (G1 Evacuation Pause)
[2021-02-23T17:32:17.230+0300][205.437s][info][gc,phases,start] GC(78) Phase 1: Mark live objects
[2021-02-23T17:32:17.448+0300][205.655s][info][gc,phases      ] GC(78) Phase 1: Mark live objects 218.194ms
[2021-02-23T17:32:17.448+0300][205.655s][info][gc,phases,start] GC(78) Phase 2: Prepare for compaction
[2021-02-23T17:32:17.502+0300][205.709s][info][gc,phases      ] GC(78) Phase 2: Prepare for compaction 54.123ms
[2021-02-23T17:32:17.502+0300][205.709s][info][gc,phases,start] GC(78) Phase 3: Adjust pointers
[2021-02-23T17:32:17.569+0300][205.776s][info][gc,phases      ] GC(78) Phase 3: Adjust pointers 66.594ms
[2021-02-23T17:32:17.569+0300][205.776s][info][gc,phases,start] GC(78) Phase 4: Compact heap
[2021-02-23T17:32:17.611+0300][205.818s][info][gc,phases      ] GC(78) Phase 4: Compact heap 42.021ms
[2021-02-23T17:32:17.612+0300][205.819s][info][gc,heap        ] GC(78) Eden regions: 0->0(51)
[2021-02-23T17:32:17.612+0300][205.819s][info][gc,heap        ] GC(78) Survivor regions: 0->0(0)
[2021-02-23T17:32:17.612+0300][205.819s][info][gc,heap        ] GC(78) Old regions: 988->988
[2021-02-23T17:32:17.612+0300][205.819s][info][gc,heap        ] GC(78) Archive regions: 0->0
[2021-02-23T17:32:17.612+0300][205.819s][info][gc,heap        ] GC(78) Humongous regions: 36->36
[2021-02-23T17:32:17.612+0300][205.819s][info][gc,metaspace   ] GC(78) Metaspace: 6910K(7552K)->6910K(7552K) NonClass: 6191K(6656K)->6191K(6656K) Class: 719K(896K)->719K(896K)
[2021-02-23T17:32:17.612+0300][205.819s][info][gc             ] GC(78) Pause Full (G1 Evacuation Pause) 1023M->1023M(1024M) 381.897ms
[2021-02-23T17:32:17.612+0300][205.819s][info][gc,cpu         ] GC(78) User=2.19s Sys=0.00s Real=0.38s
[2021-02-23T17:32:17.612+0300][205.819s][info][gc,marking     ] GC(71) Concurrent Mark Abort
[2021-02-23T17:32:17.612+0300][205.819s][info][gc             ] GC(71) Concurrent Cycle 2435.229ms
[2021-02-23T17:32:17.612+0300][205.819s][info][gc,start       ] GC(79) Pause Young (Normal) (G1 Evacuation Pause)
[2021-02-23T17:32:17.612+0300][205.819s][info][gc,task        ] GC(79) Using 6 workers of 6 for evacuation
[2021-02-23T17:32:17.612+0300][205.819s][info][gc,phases      ] GC(79)   Pre Evacuate Collection Set: 0.0ms
[2021-02-23T17:32:17.612+0300][205.819s][info][gc,phases      ] GC(79)   Merge Heap Roots: 0.0ms
[2021-02-23T17:32:17.612+0300][205.819s][info][gc,phases      ] GC(79)   Evacuate Collection Set: 0.1ms
[2021-02-23T17:32:17.612+0300][205.819s][info][gc,phases      ] GC(79)   Post Evacuate Collection Set: 0.1ms
[2021-02-23T17:32:17.612+0300][205.819s][info][gc,phases      ] GC(79)   Other: 0.1ms
[2021-02-23T17:32:17.612+0300][205.819s][info][gc,heap        ] GC(79) Eden regions: 0->0(51)
[2021-02-23T17:32:17.612+0300][205.819s][info][gc,heap        ] GC(79) Survivor regions: 0->0(0)
[2021-02-23T17:32:17.612+0300][205.819s][info][gc,heap        ] GC(79) Old regions: 988->988
[2021-02-23T17:32:17.612+0300][205.819s][info][gc,heap        ] GC(79) Archive regions: 0->0
[2021-02-23T17:32:17.612+0300][205.819s][info][gc,heap        ] GC(79) Humongous regions: 36->36
[2021-02-23T17:32:17.612+0300][205.819s][info][gc,metaspace   ] GC(79) Metaspace: 6910K(7552K)->6910K(7552K) NonClass: 6191K(6656K)->6191K(6656K) Class: 719K(896K)->719K(896K)
[2021-02-23T17:32:17.612+0300][205.819s][info][gc             ] GC(79) Pause Young (Normal) (G1 Evacuation Pause) 1023M->1023M(1024M) 0.436ms
[2021-02-23T17:32:17.612+0300][205.820s][info][gc,cpu         ] GC(79) User=0.00s Sys=0.00s Real=0.00s
[2021-02-23T17:32:17.612+0300][205.820s][info][gc,ergo        ] Attempting maximally compacting collection
[2021-02-23T17:32:17.612+0300][205.820s][info][gc,task        ] GC(80) Using 6 workers of 6 for full compaction
[2021-02-23T17:32:17.612+0300][205.820s][info][gc,start       ] GC(80) Pause Full (G1 Evacuation Pause)
[2021-02-23T17:32:17.612+0300][205.820s][info][gc,phases,start] GC(80) Phase 1: Mark live objects
[2021-02-23T17:32:17.832+0300][206.039s][info][gc,phases      ] GC(80) Phase 1: Mark live objects 219.328ms
[2021-02-23T17:32:17.832+0300][206.039s][info][gc,phases,start] GC(80) Phase 2: Prepare for compaction
[2021-02-23T17:32:17.885+0300][206.093s][info][gc,phases      ] GC(80) Phase 2: Prepare for compaction 53.524ms
[2021-02-23T17:32:17.885+0300][206.093s][info][gc,phases,start] GC(80) Phase 3: Adjust pointers
[2021-02-23T17:32:17.953+0300][206.160s][info][gc,phases      ] GC(80) Phase 3: Adjust pointers 67.520ms
[2021-02-23T17:32:17.953+0300][206.160s][info][gc,phases,start] GC(80) Phase 4: Compact heap
[2021-02-23T17:32:17.997+0300][206.204s][info][gc,phases      ] GC(80) Phase 4: Compact heap 43.548ms
[2021-02-23T17:32:17.997+0300][206.204s][info][gc,heap        ] GC(80) Eden regions: 0->0(51)
[2021-02-23T17:32:17.997+0300][206.204s][info][gc,heap        ] GC(80) Survivor regions: 0->0(0)
[2021-02-23T17:32:17.997+0300][206.204s][info][gc,heap        ] GC(80) Old regions: 988->988
[2021-02-23T17:32:17.997+0300][206.204s][info][gc,heap        ] GC(80) Archive regions: 0->0
[2021-02-23T17:32:17.997+0300][206.204s][info][gc,heap        ] GC(80) Humongous regions: 36->36
[2021-02-23T17:32:17.997+0300][206.204s][info][gc,metaspace   ] GC(80) Metaspace: 6910K(7552K)->6910K(7552K) NonClass: 6191K(6656K)->6191K(6656K) Class: 719K(896K)->719K(896K)
[2021-02-23T17:32:17.997+0300][206.204s][info][gc             ] GC(80) Pause Full (G1 Evacuation Pause) 1023M->1023M(1024M) 384.850ms
[2021-02-23T17:32:17.997+0300][206.205s][info][gc,cpu         ] GC(80) User=2.20s Sys=0.00s Real=0.38s
[2021-02-23T17:32:17.997+0300][206.205s][info][gc,task        ] GC(81) Using 6 workers of 6 for full compaction
[2021-02-23T17:32:17.998+0300][206.205s][info][gc,start       ] GC(81) Pause Full (G1 Evacuation Pause)
[2021-02-23T17:32:17.998+0300][206.205s][info][gc,phases,start] GC(81) Phase 1: Mark live objects
[2021-02-23T17:32:18.217+0300][206.424s][info][gc,phases      ] GC(81) Phase 1: Mark live objects 219.689ms
[2021-02-23T17:32:18.217+0300][206.425s][info][gc,phases,start] GC(81) Phase 2: Prepare for compaction
[2021-02-23T17:32:18.271+0300][206.478s][info][gc,phases      ] GC(81) Phase 2: Prepare for compaction 53.580ms
[2021-02-23T17:32:18.271+0300][206.478s][info][gc,phases,start] GC(81) Phase 3: Adjust pointers
[2021-02-23T17:32:18.340+0300][206.547s][info][gc,phases      ] GC(81) Phase 3: Adjust pointers 69.135ms
[2021-02-23T17:32:18.340+0300][206.547s][info][gc,phases,start] GC(81) Phase 4: Compact heap
[2021-02-23T17:32:18.384+0300][206.592s][info][gc,phases      ] GC(81) Phase 4: Compact heap 44.196ms
[2021-02-23T17:32:18.385+0300][206.592s][info][gc,heap        ] GC(81) Eden regions: 0->0(51)
[2021-02-23T17:32:18.385+0300][206.592s][info][gc,heap        ] GC(81) Survivor regions: 0->0(0)
[2021-02-23T17:32:18.385+0300][206.592s][info][gc,heap        ] GC(81) Old regions: 988->988
[2021-02-23T17:32:18.385+0300][206.592s][info][gc,heap        ] GC(81) Archive regions: 0->0
[2021-02-23T17:32:18.385+0300][206.592s][info][gc,heap        ] GC(81) Humongous regions: 36->36
[2021-02-23T17:32:18.385+0300][206.592s][info][gc,metaspace   ] GC(81) Metaspace: 6910K(7552K)->6910K(7552K) NonClass: 6191K(6656K)->6191K(6656K) Class: 719K(896K)->719K(896K)
[2021-02-23T17:32:18.385+0300][206.592s][info][gc             ] GC(81) Pause Full (G1 Evacuation Pause) 1023M->1023M(1024M) 387.540ms
[2021-02-23T17:32:18.385+0300][206.592s][info][gc,cpu         ] GC(81) User=2.34s Sys=0.00s Real=0.39s
[2021-02-23T17:32:18.385+0300][206.592s][info][gc,task        ] GC(82) Using 6 workers of 6 for full compaction
[2021-02-23T17:32:18.385+0300][206.593s][info][gc,start       ] GC(82) Pause Full (G1 Evacuation Pause)
[2021-02-23T17:32:18.385+0300][206.593s][info][gc,phases,start] GC(82) Phase 1: Mark live objects
[2021-02-23T17:32:18.607+0300][206.814s][info][gc,phases      ] GC(82) Phase 1: Mark live objects 221.372ms
[2021-02-23T17:32:18.607+0300][206.814s][info][gc,phases,start] GC(82) Phase 2: Prepare for compaction
[2021-02-23T17:32:18.663+0300][206.870s][info][gc,phases      ] GC(82) Phase 2: Prepare for compaction 55.693ms
[2021-02-23T17:32:18.663+0300][206.870s][info][gc,phases,start] GC(82) Phase 3: Adjust pointers
[2021-02-23T17:32:18.730+0300][206.937s][info][gc,phases      ] GC(82) Phase 3: Adjust pointers 67.150ms
[2021-02-23T17:32:18.730+0300][206.937s][info][gc,phases,start] GC(82) Phase 4: Compact heap
[2021-02-23T17:32:18.774+0300][206.982s][info][gc,phases      ] GC(82) Phase 4: Compact heap 44.633ms
[2021-02-23T17:32:18.775+0300][206.982s][info][gc,heap        ] GC(82) Eden regions: 0->0(51)
[2021-02-23T17:32:18.775+0300][206.982s][info][gc,heap        ] GC(82) Survivor regions: 0->0(0)
[2021-02-23T17:32:18.775+0300][206.982s][info][gc,heap        ] GC(82) Old regions: 988->988
[2021-02-23T17:32:18.775+0300][206.982s][info][gc,heap        ] GC(82) Archive regions: 0->0
[2021-02-23T17:32:18.775+0300][206.982s][info][gc,heap        ] GC(82) Humongous regions: 36->36
[2021-02-23T17:32:18.775+0300][206.982s][info][gc,metaspace   ] GC(82) Metaspace: 6910K(7552K)->6910K(7552K) NonClass: 6191K(6656K)->6191K(6656K) Class: 719K(896K)->719K(896K)
[2021-02-23T17:32:18.775+0300][206.982s][info][gc             ] GC(82) Pause Full (G1 Evacuation Pause) 1023M->1023M(1024M) 389.844ms
[2021-02-23T17:32:18.775+0300][206.983s][info][gc,cpu         ] GC(82) User=2.30s Sys=0.00s Real=0.39s
[2021-02-23T17:32:18.775+0300][206.983s][info][gc,start       ] GC(83) Pause Young (Concurrent Start) (G1 Evacuation Pause)
[2021-02-23T17:32:18.775+0300][206.983s][info][gc,task        ] GC(83) Using 6 workers of 6 for evacuation
[2021-02-23T17:32:18.776+0300][206.983s][info][gc,phases      ] GC(83)   Pre Evacuate Collection Set: 0.0ms
[2021-02-23T17:32:18.776+0300][206.983s][info][gc,phases      ] GC(83)   Merge Heap Roots: 0.0ms
[2021-02-23T17:32:18.776+0300][206.983s][info][gc,phases      ] GC(83)   Evacuate Collection Set: 0.1ms
[2021-02-23T17:32:18.776+0300][206.983s][info][gc,phases      ] GC(83)   Post Evacuate Collection Set: 0.1ms
[2021-02-23T17:32:18.776+0300][206.983s][info][gc,phases      ] GC(83)   Other: 0.1ms
[2021-02-23T17:32:18.776+0300][206.983s][info][gc,heap        ] GC(83) Eden regions: 0->0(51)
[2021-02-23T17:32:18.776+0300][206.983s][info][gc,heap        ] GC(83) Survivor regions: 0->0(0)
[2021-02-23T17:32:18.776+0300][206.983s][info][gc,heap        ] GC(83) Old regions: 988->988
[2021-02-23T17:32:18.776+0300][206.983s][info][gc,heap        ] GC(83) Archive regions: 0->0
[2021-02-23T17:32:18.776+0300][206.983s][info][gc,heap        ] GC(83) Humongous regions: 36->36
[2021-02-23T17:32:18.776+0300][206.983s][info][gc,metaspace   ] GC(83) Metaspace: 6910K(7552K)->6910K(7552K) NonClass: 6191K(6656K)->6191K(6656K) Class: 719K(896K)->719K(896K)
[2021-02-23T17:32:18.776+0300][206.983s][info][gc             ] GC(83) Pause Young (Concurrent Start) (G1 Evacuation Pause) 1023M->1023M(1024M) 0.527ms
[2021-02-23T17:32:18.776+0300][206.983s][info][gc,cpu         ] GC(83) User=0.00s Sys=0.00s Real=0.00s
[2021-02-23T17:32:18.776+0300][206.983s][info][gc,ergo        ] Attempting maximally compacting collection
[2021-02-23T17:32:18.776+0300][206.983s][info][gc             ] GC(84) Concurrent Cycle
[2021-02-23T17:32:18.776+0300][206.983s][info][gc,task        ] GC(85) Using 6 workers of 6 for full compaction
[2021-02-23T17:32:18.776+0300][206.983s][info][gc,marking     ] GC(84) Concurrent Clear Claimed Marks
[2021-02-23T17:32:18.776+0300][206.983s][info][gc,marking     ] GC(84) Concurrent Clear Claimed Marks 0.045ms
[2021-02-23T17:32:18.776+0300][206.983s][info][gc,marking     ] GC(84) Concurrent Scan Root Regions
[2021-02-23T17:32:18.776+0300][206.983s][info][gc,marking     ] GC(84) Concurrent Scan Root Regions 0.011ms
[2021-02-23T17:32:18.776+0300][206.983s][info][gc,marking     ] GC(84) Concurrent Mark (206.983s)
[2021-02-23T17:32:18.776+0300][206.983s][info][gc,marking     ] GC(84) Concurrent Mark From Roots
[2021-02-23T17:32:18.776+0300][206.983s][info][gc,task        ] GC(84) Using 2 workers of 2 for marking
[2021-02-23T17:32:18.776+0300][206.983s][info][gc,start       ] GC(85) Pause Full (G1 Evacuation Pause)
[2021-02-23T17:32:18.777+0300][206.984s][info][gc,phases,start] GC(85) Phase 1: Mark live objects
[2021-02-23T17:32:18.998+0300][207.206s][info][gc,phases      ] GC(85) Phase 1: Mark live objects 221.934ms
[2021-02-23T17:32:18.999+0300][207.206s][info][gc,phases,start] GC(85) Phase 2: Prepare for compaction
[2021-02-23T17:32:19.053+0300][207.260s][info][gc,phases      ] GC(85) Phase 2: Prepare for compaction 54.388ms
[2021-02-23T17:32:19.053+0300][207.260s][info][gc,phases,start] GC(85) Phase 3: Adjust pointers
[2021-02-23T17:32:19.127+0300][207.334s][info][gc,phases      ] GC(85) Phase 3: Adjust pointers 73.564ms
[2021-02-23T17:32:19.127+0300][207.334s][info][gc,phases,start] GC(85) Phase 4: Compact heap
[2021-02-23T17:32:19.180+0300][207.387s][info][gc,phases      ] GC(85) Phase 4: Compact heap 53.247ms
[2021-02-23T17:32:19.180+0300][207.388s][info][gc,heap        ] GC(85) Eden regions: 0->0(51)
[2021-02-23T17:32:19.181+0300][207.388s][info][gc,heap        ] GC(85) Survivor regions: 0->0(0)
[2021-02-23T17:32:19.181+0300][207.388s][info][gc,heap        ] GC(85) Old regions: 988->988
[2021-02-23T17:32:19.181+0300][207.388s][info][gc,heap        ] GC(85) Archive regions: 0->0
[2021-02-23T17:32:19.181+0300][207.388s][info][gc,heap        ] GC(85) Humongous regions: 36->36
[2021-02-23T17:32:19.181+0300][207.388s][info][gc,metaspace   ] GC(85) Metaspace: 6910K(7552K)->6910K(7552K) NonClass: 6191K(6656K)->6191K(6656K) Class: 719K(896K)->719K(896K)
[2021-02-23T17:32:19.181+0300][207.388s][info][gc             ] GC(85) Pause Full (G1 Evacuation Pause) 1023M->1023M(1024M) 404.476ms
[2021-02-23T17:32:19.181+0300][207.388s][info][gc,cpu         ] GC(85) User=2.28s Sys=0.00s Real=0.40s
[2021-02-23T17:32:19.181+0300][207.388s][info][gc,task        ] GC(86) Using 6 workers of 6 for full compaction
[2021-02-23T17:32:19.181+0300][207.388s][info][gc,start       ] GC(86) Pause Full (G1 Evacuation Pause)
[2021-02-23T17:32:19.181+0300][207.388s][info][gc,phases,start] GC(86) Phase 1: Mark live objects
[2021-02-23T17:32:19.407+0300][207.614s][info][gc,phases      ] GC(86) Phase 1: Mark live objects 225.985ms
[2021-02-23T17:32:19.407+0300][207.614s][info][gc,phases,start] GC(86) Phase 2: Prepare for compaction
[2021-02-23T17:32:19.466+0300][207.674s][info][gc,phases      ] GC(86) Phase 2: Prepare for compaction 59.428ms
[2021-02-23T17:32:19.466+0300][207.674s][info][gc,phases,start] GC(86) Phase 3: Adjust pointers
[2021-02-23T17:32:19.546+0300][207.753s][info][gc,phases      ] GC(86) Phase 3: Adjust pointers 79.157ms
[2021-02-23T17:32:19.546+0300][207.753s][info][gc,phases,start] GC(86) Phase 4: Compact heap
[2021-02-23T17:32:19.601+0300][207.808s][info][gc,phases      ] GC(86) Phase 4: Compact heap 55.580ms
[2021-02-23T17:32:19.602+0300][207.809s][info][gc,heap        ] GC(86) Eden regions: 0->0(51)
[2021-02-23T17:32:19.602+0300][207.809s][info][gc,heap        ] GC(86) Survivor regions: 0->0(0)
[2021-02-23T17:32:19.602+0300][207.809s][info][gc,heap        ] GC(86) Old regions: 988->988
[2021-02-23T17:32:19.602+0300][207.809s][info][gc,heap        ] GC(86) Archive regions: 0->0
[2021-02-23T17:32:19.602+0300][207.809s][info][gc,heap        ] GC(86) Humongous regions: 36->36
[2021-02-23T17:32:19.602+0300][207.809s][info][gc,metaspace   ] GC(86) Metaspace: 6910K(7552K)->6910K(7552K) NonClass: 6191K(6656K)->6191K(6656K) Class: 719K(896K)->719K(896K)
[2021-02-23T17:32:19.602+0300][207.809s][info][gc             ] GC(86) Pause Full (G1 Evacuation Pause) 1023M->1023M(1024M) 421.104ms
[2021-02-23T17:32:19.602+0300][207.809s][info][gc,cpu         ] GC(86) User=2.39s Sys=0.00s Real=0.42s
[2021-02-23T17:32:19.602+0300][207.809s][info][gc,task        ] GC(87) Using 6 workers of 6 for full compaction
[2021-02-23T17:32:19.602+0300][207.809s][info][gc,start       ] GC(87) Pause Full (G1 Evacuation Pause)
[2021-02-23T17:32:19.602+0300][207.809s][info][gc,phases,start] GC(87) Phase 1: Mark live objects
[2021-02-23T17:32:19.836+0300][208.043s][info][gc,phases      ] GC(87) Phase 1: Mark live objects 233.818ms
[2021-02-23T17:32:19.836+0300][208.043s][info][gc,phases,start] GC(87) Phase 2: Prepare for compaction
[2021-02-23T17:32:19.892+0300][208.100s][info][gc,phases      ] GC(87) Phase 2: Prepare for compaction 56.238ms
[2021-02-23T17:32:19.892+0300][208.100s][info][gc,phases,start] GC(87) Phase 3: Adjust pointers
[2021-02-23T17:32:19.962+0300][208.169s][info][gc,phases      ] GC(87) Phase 3: Adjust pointers 69.510ms
[2021-02-23T17:32:19.962+0300][208.169s][info][gc,phases,start] GC(87) Phase 4: Compact heap
[2021-02-23T17:32:20.009+0300][208.217s][info][gc,phases      ] GC(87) Phase 4: Compact heap 47.435ms
[2021-02-23T17:32:20.010+0300][208.217s][info][gc,heap        ] GC(87) Eden regions: 0->0(51)
[2021-02-23T17:32:20.010+0300][208.217s][info][gc,heap        ] GC(87) Survivor regions: 0->0(0)
[2021-02-23T17:32:20.010+0300][208.217s][info][gc,heap        ] GC(87) Old regions: 988->988
[2021-02-23T17:32:20.010+0300][208.217s][info][gc,heap        ] GC(87) Archive regions: 0->0
[2021-02-23T17:32:20.010+0300][208.217s][info][gc,heap        ] GC(87) Humongous regions: 36->36
[2021-02-23T17:32:20.010+0300][208.217s][info][gc,metaspace   ] GC(87) Metaspace: 6910K(7552K)->6910K(7552K) NonClass: 6191K(6656K)->6191K(6656K) Class: 719K(896K)->719K(896K)
[2021-02-23T17:32:20.010+0300][208.217s][info][gc             ] GC(87) Pause Full (G1 Evacuation Pause) 1023M->1023M(1024M) 407.975ms
[2021-02-23T17:32:20.010+0300][208.217s][info][gc,cpu         ] GC(87) User=2.34s Sys=0.00s Real=0.41s
[2021-02-23T17:32:20.010+0300][208.218s][info][gc,marking     ] GC(84) Concurrent Mark From Roots 1234.239ms
[2021-02-23T17:32:20.010+0300][208.218s][info][gc,start       ] GC(88) Pause Young (Normal) (G1 Evacuation Pause)
[2021-02-23T17:32:20.010+0300][208.218s][info][gc,task        ] GC(88) Using 6 workers of 6 for evacuation
[2021-02-23T17:32:20.011+0300][208.218s][info][gc,phases      ] GC(88)   Pre Evacuate Collection Set: 0.1ms
[2021-02-23T17:32:20.011+0300][208.218s][info][gc,phases      ] GC(88)   Merge Heap Roots: 0.0ms
[2021-02-23T17:32:20.011+0300][208.218s][info][gc,phases      ] GC(88)   Evacuate Collection Set: 0.1ms
[2021-02-23T17:32:20.011+0300][208.218s][info][gc,phases      ] GC(88)   Post Evacuate Collection Set: 0.1ms
[2021-02-23T17:32:20.011+0300][208.218s][info][gc,phases      ] GC(88)   Other: 0.1ms
[2021-02-23T17:32:20.011+0300][208.218s][info][gc,heap        ] GC(88) Eden regions: 0->0(51)
[2021-02-23T17:32:20.011+0300][208.218s][info][gc,heap        ] GC(88) Survivor regions: 0->0(0)
[2021-02-23T17:32:20.011+0300][208.218s][info][gc,heap        ] GC(88) Old regions: 988->988
[2021-02-23T17:32:20.011+0300][208.218s][info][gc,heap        ] GC(88) Archive regions: 0->0
[2021-02-23T17:32:20.011+0300][208.218s][info][gc,heap        ] GC(88) Humongous regions: 36->36
[2021-02-23T17:32:20.011+0300][208.218s][info][gc,metaspace   ] GC(88) Metaspace: 6910K(7552K)->6910K(7552K) NonClass: 6191K(6656K)->6191K(6656K) Class: 719K(896K)->719K(896K)
[2021-02-23T17:32:20.011+0300][208.218s][info][gc             ] GC(88) Pause Young (Normal) (G1 Evacuation Pause) 1023M->1023M(1024M) 0.461ms
[2021-02-23T17:32:20.011+0300][208.218s][info][gc,cpu         ] GC(88) User=0.00s Sys=0.00s Real=0.00s
[2021-02-23T17:32:20.011+0300][208.218s][info][gc,ergo        ] Attempting maximally compacting collection
[2021-02-23T17:32:20.011+0300][208.218s][info][gc,task        ] GC(89) Using 6 workers of 6 for full compaction
[2021-02-23T17:32:20.011+0300][208.218s][info][gc,start       ] GC(89) Pause Full (G1 Evacuation Pause)
[2021-02-23T17:32:20.011+0300][208.218s][info][gc,phases,start] GC(89) Phase 1: Mark live objects
[2021-02-23T17:32:20.243+0300][208.450s][info][gc,phases      ] GC(89) Phase 1: Mark live objects 231.607ms
[2021-02-23T17:32:20.243+0300][208.450s][info][gc,phases,start] GC(89) Phase 2: Prepare for compaction
[2021-02-23T17:32:20.301+0300][208.508s][info][gc,phases      ] GC(89) Phase 2: Prepare for compaction 57.961ms
[2021-02-23T17:32:20.301+0300][208.508s][info][gc,phases,start] GC(89) Phase 3: Adjust pointers
[2021-02-23T17:32:20.382+0300][208.589s][info][gc,phases      ] GC(89) Phase 3: Adjust pointers 81.045ms
[2021-02-23T17:32:20.382+0300][208.589s][info][gc,phases,start] GC(89) Phase 4: Compact heap
[2021-02-23T17:32:20.440+0300][208.647s][info][gc,phases      ] GC(89) Phase 4: Compact heap 57.854ms
[2021-02-23T17:32:20.440+0300][208.648s][info][gc,heap        ] GC(89) Eden regions: 0->0(51)
[2021-02-23T17:32:20.440+0300][208.648s][info][gc,heap        ] GC(89) Survivor regions: 0->0(0)
[2021-02-23T17:32:20.440+0300][208.648s][info][gc,heap        ] GC(89) Old regions: 988->988
[2021-02-23T17:32:20.440+0300][208.648s][info][gc,heap        ] GC(89) Archive regions: 0->0
[2021-02-23T17:32:20.440+0300][208.648s][info][gc,heap        ] GC(89) Humongous regions: 36->36
[2021-02-23T17:32:20.440+0300][208.648s][info][gc,metaspace   ] GC(89) Metaspace: 6910K(7552K)->6910K(7552K) NonClass: 6191K(6656K)->6191K(6656K) Class: 719K(896K)->719K(896K)
[2021-02-23T17:32:20.440+0300][208.648s][info][gc             ] GC(89) Pause Full (G1 Evacuation Pause) 1023M->1023M(1024M) 429.424ms
[2021-02-23T17:32:20.441+0300][208.648s][info][gc,cpu         ] GC(89) User=2.20s Sys=0.00s Real=0.43s
[2021-02-23T17:32:20.441+0300][208.648s][info][gc,task        ] GC(90) Using 6 workers of 6 for full compaction
[2021-02-23T17:32:20.441+0300][208.648s][info][gc,start       ] GC(90) Pause Full (G1 Evacuation Pause)
[2021-02-23T17:32:20.441+0300][208.648s][info][gc,phases,start] GC(90) Phase 1: Mark live objects
[2021-02-23T17:32:20.675+0300][208.882s][info][gc,phases      ] GC(90) Phase 1: Mark live objects 234.376ms
[2021-02-23T17:32:20.675+0300][208.882s][info][gc,phases,start] GC(90) Phase 2: Prepare for compaction
[2021-02-23T17:32:20.730+0300][208.938s][info][gc,phases      ] GC(90) Phase 2: Prepare for compaction 55.206ms
[2021-02-23T17:32:20.730+0300][208.938s][info][gc,phases,start] GC(90) Phase 3: Adjust pointers
[2021-02-23T17:32:20.799+0300][209.006s][info][gc,phases      ] GC(90) Phase 3: Adjust pointers 68.591ms
[2021-02-23T17:32:20.799+0300][209.006s][info][gc,phases,start] GC(90) Phase 4: Compact heap
[2021-02-23T17:32:20.841+0300][209.048s][info][gc,phases      ] GC(90) Phase 4: Compact heap 42.204ms
[2021-02-23T17:32:20.842+0300][209.049s][info][gc,heap        ] GC(90) Eden regions: 0->0(51)
[2021-02-23T17:32:20.842+0300][209.049s][info][gc,heap        ] GC(90) Survivor regions: 0->0(0)
[2021-02-23T17:32:20.842+0300][209.049s][info][gc,heap        ] GC(90) Old regions: 988->988
[2021-02-23T17:32:20.842+0300][209.049s][info][gc,heap        ] GC(90) Archive regions: 0->0
[2021-02-23T17:32:20.842+0300][209.049s][info][gc,heap        ] GC(90) Humongous regions: 36->36
[2021-02-23T17:32:20.842+0300][209.049s][info][gc,metaspace   ] GC(90) Metaspace: 6910K(7552K)->6910K(7552K) NonClass: 6191K(6656K)->6191K(6656K) Class: 719K(896K)->719K(896K)
[2021-02-23T17:32:20.842+0300][209.049s][info][gc             ] GC(90) Pause Full (G1 Evacuation Pause) 1023M->1023M(1024M) 401.480ms
[2021-02-23T17:32:20.842+0300][209.050s][info][gc,cpu         ] GC(90) User=2.17s Sys=0.00s Real=0.40s
[2021-02-23T17:32:20.842+0300][209.050s][info][gc,task        ] GC(91) Using 6 workers of 6 for full compaction
[2021-02-23T17:32:20.842+0300][209.050s][info][gc,start       ] GC(91) Pause Full (G1 Evacuation Pause)
[2021-02-23T17:32:20.842+0300][209.050s][info][gc,phases,start] GC(91) Phase 1: Mark live objects
[2021-02-23T17:32:21.069+0300][209.276s][info][gc,phases      ] GC(91) Phase 1: Mark live objects 226.783ms
[2021-02-23T17:32:21.069+0300][209.276s][info][gc,phases,start] GC(91) Phase 2: Prepare for compaction
[2021-02-23T17:32:21.124+0300][209.332s][info][gc,phases      ] GC(91) Phase 2: Prepare for compaction 55.175ms
[2021-02-23T17:32:21.125+0300][209.332s][info][gc,phases,start] GC(91) Phase 3: Adjust pointers
[2021-02-23T17:32:21.191+0300][209.398s][info][gc,phases      ] GC(91) Phase 3: Adjust pointers 66.566ms
[2021-02-23T17:32:21.191+0300][209.398s][info][gc,phases,start] GC(91) Phase 4: Compact heap
[2021-02-23T17:32:21.231+0300][209.438s][info][gc,phases      ] GC(91) Phase 4: Compact heap 39.944ms
[2021-02-23T17:32:21.232+0300][209.439s][info][gc,heap        ] GC(91) Eden regions: 0->0(51)
[2021-02-23T17:32:21.232+0300][209.439s][info][gc,heap        ] GC(91) Survivor regions: 0->0(0)
[2021-02-23T17:32:21.232+0300][209.439s][info][gc,heap        ] GC(91) Old regions: 988->988
[2021-02-23T17:32:21.232+0300][209.439s][info][gc,heap        ] GC(91) Archive regions: 0->0
[2021-02-23T17:32:21.232+0300][209.439s][info][gc,heap        ] GC(91) Humongous regions: 36->36
[2021-02-23T17:32:21.232+0300][209.439s][info][gc,metaspace   ] GC(91) Metaspace: 6910K(7552K)->6910K(7552K) NonClass: 6191K(6656K)->6191K(6656K) Class: 719K(896K)->719K(896K)
[2021-02-23T17:32:21.232+0300][209.439s][info][gc             ] GC(91) Pause Full (G1 Evacuation Pause) 1023M->1023M(1024M) 389.448ms
[2021-02-23T17:32:21.232+0300][209.439s][info][gc,cpu         ] GC(91) User=2.30s Sys=0.00s Real=0.39s
[2021-02-23T17:32:21.232+0300][209.439s][info][gc,marking     ] GC(84) Concurrent Mark Abort
[2021-02-23T17:32:21.232+0300][209.439s][info][gc             ] GC(84) Concurrent Cycle 2456.088ms
[2021-02-23T17:32:21.232+0300][209.439s][info][gc,start       ] GC(92) Pause Young (Normal) (G1 Evacuation Pause)
[2021-02-23T17:32:21.232+0300][209.439s][info][gc,task        ] GC(92) Using 6 workers of 6 for evacuation
[2021-02-23T17:32:21.232+0300][209.440s][info][gc,phases      ] GC(92)   Pre Evacuate Collection Set: 0.0ms
[2021-02-23T17:32:21.232+0300][209.440s][info][gc,phases      ] GC(92)   Merge Heap Roots: 0.0ms
[2021-02-23T17:32:21.232+0300][209.440s][info][gc,phases      ] GC(92)   Evacuate Collection Set: 0.1ms
[2021-02-23T17:32:21.232+0300][209.440s][info][gc,phases      ] GC(92)   Post Evacuate Collection Set: 0.1ms
[2021-02-23T17:32:21.232+0300][209.440s][info][gc,phases      ] GC(92)   Other: 0.1ms
[2021-02-23T17:32:21.232+0300][209.440s][info][gc,heap        ] GC(92) Eden regions: 0->0(51)
[2021-02-23T17:32:21.232+0300][209.440s][info][gc,heap        ] GC(92) Survivor regions: 0->0(0)
[2021-02-23T17:32:21.232+0300][209.440s][info][gc,heap        ] GC(92) Old regions: 988->988
[2021-02-23T17:32:21.232+0300][209.440s][info][gc,heap        ] GC(92) Archive regions: 0->0
[2021-02-23T17:32:21.233+0300][209.440s][info][gc,heap        ] GC(92) Humongous regions: 36->36
[2021-02-23T17:32:21.233+0300][209.440s][info][gc,metaspace   ] GC(92) Metaspace: 6910K(7552K)->6910K(7552K) NonClass: 6191K(6656K)->6191K(6656K) Class: 719K(896K)->719K(896K)
[2021-02-23T17:32:21.233+0300][209.440s][info][gc             ] GC(92) Pause Young (Normal) (G1 Evacuation Pause) 1023M->1023M(1024M) 0.444ms
[2021-02-23T17:32:21.233+0300][209.440s][info][gc,cpu         ] GC(92) User=0.00s Sys=0.00s Real=0.00s
[2021-02-23T17:32:21.233+0300][209.440s][info][gc,ergo        ] Attempting maximally compacting collection
[2021-02-23T17:32:21.233+0300][209.440s][info][gc,task        ] GC(93) Using 6 workers of 6 for full compaction
[2021-02-23T17:32:21.233+0300][209.440s][info][gc,start       ] GC(93) Pause Full (G1 Evacuation Pause)
[2021-02-23T17:32:21.233+0300][209.440s][info][gc,phases,start] GC(93) Phase 1: Mark live objects
[2021-02-23T17:32:21.455+0300][209.662s][info][gc,phases      ] GC(93) Phase 1: Mark live objects 221.951ms
[2021-02-23T17:32:21.455+0300][209.662s][info][gc,phases,start] GC(93) Phase 2: Prepare for compaction
[2021-02-23T17:32:21.511+0300][209.718s][info][gc,phases      ] GC(93) Phase 2: Prepare for compaction 56.253ms
[2021-02-23T17:32:21.511+0300][209.718s][info][gc,phases,start] GC(93) Phase 3: Adjust pointers
[2021-02-23T17:32:21.582+0300][209.789s][info][gc,phases      ] GC(93) Phase 3: Adjust pointers 70.820ms
[2021-02-23T17:32:21.582+0300][209.789s][info][gc,phases,start] GC(93) Phase 4: Compact heap
[2021-02-23T17:32:21.630+0300][209.837s][info][gc,phases      ] GC(93) Phase 4: Compact heap 47.757ms
[2021-02-23T17:32:21.630+0300][209.838s][info][gc,heap        ] GC(93) Eden regions: 0->0(51)
[2021-02-23T17:32:21.630+0300][209.838s][info][gc,heap        ] GC(93) Survivor regions: 0->0(0)
[2021-02-23T17:32:21.630+0300][209.838s][info][gc,heap        ] GC(93) Old regions: 988->988
[2021-02-23T17:32:21.630+0300][209.838s][info][gc,heap        ] GC(93) Archive regions: 0->0
[2021-02-23T17:32:21.630+0300][209.838s][info][gc,heap        ] GC(93) Humongous regions: 36->36
[2021-02-23T17:32:21.630+0300][209.838s][info][gc,metaspace   ] GC(93) Metaspace: 6910K(7552K)->6910K(7552K) NonClass: 6191K(6656K)->6191K(6656K) Class: 719K(896K)->719K(896K)
[2021-02-23T17:32:21.630+0300][209.838s][info][gc             ] GC(93) Pause Full (G1 Evacuation Pause) 1023M->1023M(1024M) 397.727ms
[2021-02-23T17:32:21.631+0300][209.838s][info][gc,cpu         ] GC(93) User=2.28s Sys=0.02s Real=0.40s
[2021-02-23T17:32:21.631+0300][209.838s][info][gc,task        ] GC(94) Using 6 workers of 6 for full compaction
[2021-02-23T17:32:21.631+0300][209.838s][info][gc,start       ] GC(94) Pause Full (G1 Evacuation Pause)
[2021-02-23T17:32:21.631+0300][209.838s][info][gc,phases,start] GC(94) Phase 1: Mark live objects
[2021-02-23T17:32:21.860+0300][210.068s][info][gc,phases      ] GC(94) Phase 1: Mark live objects 229.722ms
[2021-02-23T17:32:21.860+0300][210.068s][info][gc,phases,start] GC(94) Phase 2: Prepare for compaction
[2021-02-23T17:32:21.915+0300][210.122s][info][gc,phases      ] GC(94) Phase 2: Prepare for compaction 54.367ms
[2021-02-23T17:32:21.915+0300][210.122s][info][gc,phases,start] GC(94) Phase 3: Adjust pointers
[2021-02-23T17:32:21.982+0300][210.189s][info][gc,phases      ] GC(94) Phase 3: Adjust pointers 66.808ms
[2021-02-23T17:32:21.982+0300][210.189s][info][gc,phases,start] GC(94) Phase 4: Compact heap
[2021-02-23T17:32:22.023+0300][210.230s][info][gc,phases      ] GC(94) Phase 4: Compact heap 41.309ms
[2021-02-23T17:32:22.024+0300][210.231s][info][gc,heap        ] GC(94) Eden regions: 0->0(51)
[2021-02-23T17:32:22.024+0300][210.231s][info][gc,heap        ] GC(94) Survivor regions: 0->0(0)
[2021-02-23T17:32:22.024+0300][210.231s][info][gc,heap        ] GC(94) Old regions: 988->988
[2021-02-23T17:32:22.024+0300][210.231s][info][gc,heap        ] GC(94) Archive regions: 0->0
[2021-02-23T17:32:22.024+0300][210.231s][info][gc,heap        ] GC(94) Humongous regions: 36->36
[2021-02-23T17:32:22.024+0300][210.231s][info][gc,metaspace   ] GC(94) Metaspace: 6910K(7552K)->6910K(7552K) NonClass: 6191K(6656K)->6191K(6656K) Class: 719K(896K)->719K(896K)
[2021-02-23T17:32:22.024+0300][210.231s][info][gc             ] GC(94) Pause Full (G1 Evacuation Pause) 1023M->1023M(1024M) 393.145ms
[2021-02-23T17:32:22.024+0300][210.231s][info][gc,cpu         ] GC(94) User=2.30s Sys=0.00s Real=0.39s
[2021-02-23T17:32:22.024+0300][210.231s][info][gc,task        ] GC(95) Using 6 workers of 6 for full compaction
[2021-02-23T17:32:22.024+0300][210.231s][info][gc,start       ] GC(95) Pause Full (G1 Evacuation Pause)
[2021-02-23T17:32:22.024+0300][210.231s][info][gc,phases,start] GC(95) Phase 1: Mark live objects
[2021-02-23T17:32:22.255+0300][210.462s][info][gc,phases      ] GC(95) Phase 1: Mark live objects 230.862ms
[2021-02-23T17:32:22.255+0300][210.462s][info][gc,phases,start] GC(95) Phase 2: Prepare for compaction
[2021-02-23T17:32:22.318+0300][210.525s][info][gc,phases      ] GC(95) Phase 2: Prepare for compaction 62.888ms
[2021-02-23T17:32:22.318+0300][210.525s][info][gc,phases,start] GC(95) Phase 3: Adjust pointers
[2021-02-23T17:32:22.389+0300][210.597s][info][gc,phases      ] GC(95) Phase 3: Adjust pointers 71.409ms
[2021-02-23T17:32:22.389+0300][210.597s][info][gc,phases,start] GC(95) Phase 4: Compact heap
[2021-02-23T17:32:22.439+0300][210.646s][info][gc,phases      ] GC(95) Phase 4: Compact heap 49.495ms
[2021-02-23T17:32:22.440+0300][210.647s][info][gc,heap        ] GC(95) Eden regions: 0->0(51)
[2021-02-23T17:32:22.440+0300][210.647s][info][gc,heap        ] GC(95) Survivor regions: 0->0(0)
[2021-02-23T17:32:22.440+0300][210.647s][info][gc,heap        ] GC(95) Old regions: 988->988
[2021-02-23T17:32:22.440+0300][210.647s][info][gc,heap        ] GC(95) Archive regions: 0->0
[2021-02-23T17:32:22.440+0300][210.647s][info][gc,heap        ] GC(95) Humongous regions: 36->36
[2021-02-23T17:32:22.440+0300][210.647s][info][gc,metaspace   ] GC(95) Metaspace: 6910K(7552K)->6910K(7552K) NonClass: 6191K(6656K)->6191K(6656K) Class: 719K(896K)->719K(896K)
[2021-02-23T17:32:22.440+0300][210.647s][info][gc             ] GC(95) Pause Full (G1 Evacuation Pause) 1023M->1023M(1024M) 415.662ms
[2021-02-23T17:32:22.440+0300][210.647s][info][gc,cpu         ] GC(95) User=2.36s Sys=0.00s Real=0.42s
[2021-02-23T17:32:22.440+0300][210.647s][info][gc,start       ] GC(96) Pause Young (Concurrent Start) (G1 Evacuation Pause)
[2021-02-23T17:32:22.440+0300][210.647s][info][gc,task        ] GC(96) Using 6 workers of 6 for evacuation
[2021-02-23T17:32:22.440+0300][210.648s][info][gc,phases      ] GC(96)   Pre Evacuate Collection Set: 0.0ms
[2021-02-23T17:32:22.440+0300][210.648s][info][gc,phases      ] GC(96)   Merge Heap Roots: 0.0ms
[2021-02-23T17:32:22.440+0300][210.648s][info][gc,phases      ] GC(96)   Evacuate Collection Set: 0.1ms
[2021-02-23T17:32:22.440+0300][210.648s][info][gc,phases      ] GC(96)   Post Evacuate Collection Set: 0.1ms
[2021-02-23T17:32:22.440+0300][210.648s][info][gc,phases      ] GC(96)   Other: 0.1ms
[2021-02-23T17:32:22.440+0300][210.648s][info][gc,heap        ] GC(96) Eden regions: 0->0(51)
[2021-02-23T17:32:22.440+0300][210.648s][info][gc,heap        ] GC(96) Survivor regions: 0->0(0)
[2021-02-23T17:32:22.440+0300][210.648s][info][gc,heap        ] GC(96) Old regions: 988->988
[2021-02-23T17:32:22.440+0300][210.648s][info][gc,heap        ] GC(96) Archive regions: 0->0
[2021-02-23T17:32:22.440+0300][210.648s][info][gc,heap        ] GC(96) Humongous regions: 36->36
[2021-02-23T17:32:22.440+0300][210.648s][info][gc,metaspace   ] GC(96) Metaspace: 6910K(7552K)->6910K(7552K) NonClass: 6191K(6656K)->6191K(6656K) Class: 719K(896K)->719K(896K)
[2021-02-23T17:32:22.440+0300][210.648s][info][gc             ] GC(96) Pause Young (Concurrent Start) (G1 Evacuation Pause) 1023M->1023M(1024M) 0.535ms
[2021-02-23T17:32:22.441+0300][210.648s][info][gc,cpu         ] GC(96) User=0.00s Sys=0.00s Real=0.00s
[2021-02-23T17:32:22.441+0300][210.648s][info][gc,ergo        ] Attempting maximally compacting collection
[2021-02-23T17:32:22.441+0300][210.648s][info][gc             ] GC(97) Concurrent Cycle
[2021-02-23T17:32:22.441+0300][210.648s][info][gc,task        ] GC(98) Using 6 workers of 6 for full compaction
[2021-02-23T17:32:22.441+0300][210.648s][info][gc,marking     ] GC(97) Concurrent Clear Claimed Marks
[2021-02-23T17:32:22.441+0300][210.648s][info][gc,marking     ] GC(97) Concurrent Clear Claimed Marks 0.045ms
[2021-02-23T17:32:22.441+0300][210.648s][info][gc,marking     ] GC(97) Concurrent Scan Root Regions
[2021-02-23T17:32:22.441+0300][210.648s][info][gc,marking     ] GC(97) Concurrent Scan Root Regions 0.011ms
[2021-02-23T17:32:22.441+0300][210.648s][info][gc,marking     ] GC(97) Concurrent Mark (210.648s)
[2021-02-23T17:32:22.441+0300][210.648s][info][gc,marking     ] GC(97) Concurrent Mark From Roots
[2021-02-23T17:32:22.441+0300][210.648s][info][gc,task        ] GC(97) Using 2 workers of 2 for marking
[2021-02-23T17:32:22.441+0300][210.648s][info][gc,start       ] GC(98) Pause Full (G1 Evacuation Pause)
[2021-02-23T17:32:22.441+0300][210.648s][info][gc,phases,start] GC(98) Phase 1: Mark live objects
[2021-02-23T17:32:22.664+0300][210.871s][info][gc,phases      ] GC(98) Phase 1: Mark live objects 222.915ms
[2021-02-23T17:32:22.664+0300][210.871s][info][gc,phases,start] GC(98) Phase 2: Prepare for compaction
[2021-02-23T17:32:22.721+0300][210.928s][info][gc,phases      ] GC(98) Phase 2: Prepare for compaction 56.692ms
[2021-02-23T17:32:22.721+0300][210.928s][info][gc,phases,start] GC(98) Phase 3: Adjust pointers
[2021-02-23T17:32:22.792+0300][210.999s][info][gc,phases      ] GC(98) Phase 3: Adjust pointers 71.219ms
[2021-02-23T17:32:22.792+0300][210.999s][info][gc,phases,start] GC(98) Phase 4: Compact heap
[2021-02-23T17:32:22.837+0300][211.044s][info][gc,phases      ] GC(98) Phase 4: Compact heap 44.773ms
[2021-02-23T17:32:22.838+0300][211.045s][info][gc,heap        ] GC(98) Eden regions: 0->0(51)
[2021-02-23T17:32:22.838+0300][211.045s][info][gc,heap        ] GC(98) Survivor regions: 0->0(0)
[2021-02-23T17:32:22.838+0300][211.045s][info][gc,heap        ] GC(98) Old regions: 988->988
[2021-02-23T17:32:22.838+0300][211.045s][info][gc,heap        ] GC(98) Archive regions: 0->0
[2021-02-23T17:32:22.838+0300][211.045s][info][gc,heap        ] GC(98) Humongous regions: 36->36
[2021-02-23T17:32:22.838+0300][211.045s][info][gc,metaspace   ] GC(98) Metaspace: 6910K(7552K)->6910K(7552K) NonClass: 6191K(6656K)->6191K(6656K) Class: 719K(896K)->719K(896K)
[2021-02-23T17:32:22.838+0300][211.045s][info][gc             ] GC(98) Pause Full (G1 Evacuation Pause) 1023M->1023M(1024M) 397.031ms
[2021-02-23T17:32:22.838+0300][211.045s][info][gc,cpu         ] GC(98) User=2.20s Sys=0.00s Real=0.40s
[2021-02-23T17:32:22.838+0300][211.045s][info][gc,task        ] GC(99) Using 6 workers of 6 for full compaction
[2021-02-23T17:32:22.838+0300][211.045s][info][gc,start       ] GC(99) Pause Full (G1 Evacuation Pause)
[2021-02-23T17:32:22.838+0300][211.045s][info][gc,phases,start] GC(99) Phase 1: Mark live objects
[2021-02-23T17:32:23.068+0300][211.275s][info][gc,phases      ] GC(99) Phase 1: Mark live objects 229.958ms
[2021-02-23T17:32:23.068+0300][211.275s][info][gc,phases,start] GC(99) Phase 2: Prepare for compaction
[2021-02-23T17:32:23.125+0300][211.332s][info][gc,phases      ] GC(99) Phase 2: Prepare for compaction 56.939ms
[2021-02-23T17:32:23.125+0300][211.332s][info][gc,phases,start] GC(99) Phase 3: Adjust pointers
[2021-02-23T17:32:23.195+0300][211.402s][info][gc,phases      ] GC(99) Phase 3: Adjust pointers 69.558ms
[2021-02-23T17:32:23.195+0300][211.402s][info][gc,phases,start] GC(99) Phase 4: Compact heap
[2021-02-23T17:32:23.237+0300][211.444s][info][gc,phases      ] GC(99) Phase 4: Compact heap 42.351ms
[2021-02-23T17:32:23.238+0300][211.445s][info][gc,heap        ] GC(99) Eden regions: 0->0(51)
[2021-02-23T17:32:23.238+0300][211.445s][info][gc,heap        ] GC(99) Survivor regions: 0->0(0)
[2021-02-23T17:32:23.238+0300][211.445s][info][gc,heap        ] GC(99) Old regions: 988->988
[2021-02-23T17:32:23.238+0300][211.445s][info][gc,heap        ] GC(99) Archive regions: 0->0
[2021-02-23T17:32:23.238+0300][211.445s][info][gc,heap        ] GC(99) Humongous regions: 36->36
[2021-02-23T17:32:23.238+0300][211.445s][info][gc,metaspace   ] GC(99) Metaspace: 6910K(7552K)->6910K(7552K) NonClass: 6191K(6656K)->6191K(6656K) Class: 719K(896K)->719K(896K)
[2021-02-23T17:32:23.238+0300][211.445s][info][gc             ] GC(99) Pause Full (G1 Evacuation Pause) 1023M->1023M(1024M) 399.860ms
[2021-02-23T17:32:23.238+0300][211.445s][info][gc,cpu         ] GC(99) User=2.31s Sys=0.00s Real=0.40s
[2021-02-23T17:32:23.238+0300][211.445s][info][gc,task        ] GC(100) Using 6 workers of 6 for full compaction
[2021-02-23T17:32:23.238+0300][211.445s][info][gc,start       ] GC(100) Pause Full (G1 Evacuation Pause)
[2021-02-23T17:32:23.238+0300][211.445s][info][gc,phases,start] GC(100) Phase 1: Mark live objects
[2021-02-23T17:32:23.462+0300][211.669s][info][gc,phases      ] GC(100) Phase 1: Mark live objects 223.521ms
[2021-02-23T17:32:23.462+0300][211.669s][info][gc,phases,start] GC(100) Phase 2: Prepare for compaction
[2021-02-23T17:32:23.516+0300][211.724s][info][gc,phases      ] GC(100) Phase 2: Prepare for compaction 54.633ms
[2021-02-23T17:32:23.516+0300][211.724s][info][gc,phases,start] GC(100) Phase 3: Adjust pointers
[2021-02-23T17:32:23.586+0300][211.793s][info][gc,phases      ] GC(100) Phase 3: Adjust pointers 69.827ms
[2021-02-23T17:32:23.586+0300][211.793s][info][gc,phases,start] GC(100) Phase 4: Compact heap
[2021-02-23T17:32:23.634+0300][211.841s][info][gc,phases      ] GC(100) Phase 4: Compact heap 47.963ms
[2021-02-23T17:32:23.635+0300][211.842s][info][gc,heap        ] GC(100) Eden regions: 0->0(51)
[2021-02-23T17:32:23.635+0300][211.842s][info][gc,heap        ] GC(100) Survivor regions: 0->0(0)
[2021-02-23T17:32:23.635+0300][211.842s][info][gc,heap        ] GC(100) Old regions: 988->988
[2021-02-23T17:32:23.635+0300][211.842s][info][gc,heap        ] GC(100) Archive regions: 0->0
[2021-02-23T17:32:23.635+0300][211.842s][info][gc,heap        ] GC(100) Humongous regions: 36->36
[2021-02-23T17:32:23.635+0300][211.842s][info][gc,metaspace   ] GC(100) Metaspace: 6910K(7552K)->6910K(7552K) NonClass: 6191K(6656K)->6191K(6656K) Class: 719K(896K)->719K(896K)
[2021-02-23T17:32:23.635+0300][211.842s][info][gc             ] GC(100) Pause Full (G1 Evacuation Pause) 1023M->1023M(1024M) 397.075ms
[2021-02-23T17:32:23.635+0300][211.842s][info][gc,cpu         ] GC(100) User=2.27s Sys=0.00s Real=0.40s
[2021-02-23T17:32:23.635+0300][211.843s][info][gc,marking     ] GC(97) Concurrent Mark From Roots 1194.727ms
[2021-02-23T17:32:23.635+0300][211.843s][info][gc,marking     ] GC(97) Concurrent Mark Abort
[2021-02-23T17:32:23.635+0300][211.843s][info][gc             ] GC(97) Concurrent Cycle 1194.894ms
[2021-02-23T17:32:23.635+0300][211.843s][info][gc,start       ] GC(101) Pause Young (Normal) (G1 Evacuation Pause)
[2021-02-23T17:32:23.635+0300][211.843s][info][gc,task        ] GC(101) Using 6 workers of 6 for evacuation
[2021-02-23T17:32:23.636+0300][211.843s][info][gc,phases      ] GC(101)   Pre Evacuate Collection Set: 0.1ms
[2021-02-23T17:32:23.636+0300][211.843s][info][gc,phases      ] GC(101)   Merge Heap Roots: 0.0ms
[2021-02-23T17:32:23.636+0300][211.843s][info][gc,phases      ] GC(101)   Evacuate Collection Set: 0.1ms
[2021-02-23T17:32:23.636+0300][211.843s][info][gc,phases      ] GC(101)   Post Evacuate Collection Set: 0.1ms
[2021-02-23T17:32:23.636+0300][211.843s][info][gc,phases      ] GC(101)   Other: 0.1ms
[2021-02-23T17:32:23.636+0300][211.843s][info][gc,heap        ] GC(101) Eden regions: 0->0(51)
[2021-02-23T17:32:23.636+0300][211.843s][info][gc,heap        ] GC(101) Survivor regions: 0->0(0)
[2021-02-23T17:32:23.636+0300][211.843s][info][gc,heap        ] GC(101) Old regions: 988->988
[2021-02-23T17:32:23.636+0300][211.843s][info][gc,heap        ] GC(101) Archive regions: 0->0
[2021-02-23T17:32:23.636+0300][211.843s][info][gc,heap        ] GC(101) Humongous regions: 36->36
[2021-02-23T17:32:23.636+0300][211.843s][info][gc,metaspace   ] GC(101) Metaspace: 6910K(7552K)->6910K(7552K) NonClass: 6191K(6656K)->6191K(6656K) Class: 719K(896K)->719K(896K)
[2021-02-23T17:32:23.636+0300][211.843s][info][gc             ] GC(101) Pause Young (Normal) (G1 Evacuation Pause) 1023M->1023M(1024M) 0.488ms
[2021-02-23T17:32:23.636+0300][211.843s][info][gc,cpu         ] GC(101) User=0.00s Sys=0.00s Real=0.00s
[2021-02-23T17:32:23.636+0300][211.843s][info][gc,ergo        ] Attempting maximally compacting collection
[2021-02-23T17:32:23.636+0300][211.843s][info][gc,task        ] GC(102) Using 6 workers of 6 for full compaction
[2021-02-23T17:32:23.636+0300][211.843s][info][gc,start       ] GC(102) Pause Full (G1 Evacuation Pause)
[2021-02-23T17:32:23.636+0300][211.843s][info][gc,phases,start] GC(102) Phase 1: Mark live objects
[2021-02-23T17:32:23.870+0300][212.077s][info][gc,phases      ] GC(102) Phase 1: Mark live objects 233.921ms
[2021-02-23T17:32:23.870+0300][212.077s][info][gc,phases,start] GC(102) Phase 2: Prepare for compaction
[2021-02-23T17:32:23.926+0300][212.133s][info][gc,phases      ] GC(102) Phase 2: Prepare for compaction 55.826ms
[2021-02-23T17:32:23.926+0300][212.133s][info][gc,phases,start] GC(102) Phase 3: Adjust pointers
[2021-02-23T17:32:24.004+0300][212.211s][info][gc,phases      ] GC(102) Phase 3: Adjust pointers 77.823ms
[2021-02-23T17:32:24.004+0300][212.211s][info][gc,phases,start] GC(102) Phase 4: Compact heap
[2021-02-23T17:32:24.046+0300][212.254s][info][gc,phases      ] GC(102) Phase 4: Compact heap 42.463ms
[2021-02-23T17:32:24.047+0300][212.254s][info][gc,heap        ] GC(102) Eden regions: 0->0(51)
[2021-02-23T17:32:24.047+0300][212.254s][info][gc,heap        ] GC(102) Survivor regions: 0->0(0)
[2021-02-23T17:32:24.047+0300][212.254s][info][gc,heap        ] GC(102) Old regions: 988->988
[2021-02-23T17:32:24.047+0300][212.254s][info][gc,heap        ] GC(102) Archive regions: 0->0
[2021-02-23T17:32:24.047+0300][212.254s][info][gc,heap        ] GC(102) Humongous regions: 36->36
[2021-02-23T17:32:24.047+0300][212.254s][info][gc,metaspace   ] GC(102) Metaspace: 6910K(7552K)->6910K(7552K) NonClass: 6191K(6656K)->6191K(6656K) Class: 719K(896K)->719K(896K)
[2021-02-23T17:32:24.047+0300][212.254s][info][gc             ] GC(102) Pause Full (G1 Evacuation Pause) 1023M->1023M(1024M) 411.156ms
[2021-02-23T17:32:24.047+0300][212.255s][info][gc,cpu         ] GC(102) User=2.31s Sys=0.00s Real=0.41s
[2021-02-23T17:32:24.047+0300][212.255s][info][gc,task        ] GC(103) Using 6 workers of 6 for full compaction
[2021-02-23T17:32:24.048+0300][212.255s][info][gc,start       ] GC(103) Pause Full (G1 Evacuation Pause)
[2021-02-23T17:32:24.048+0300][212.255s][info][gc,phases,start] GC(103) Phase 1: Mark live objects
[2021-02-23T17:32:24.275+0300][212.482s][info][gc,phases      ] GC(103) Phase 1: Mark live objects 226.960ms
[2021-02-23T17:32:24.275+0300][212.482s][info][gc,phases,start] GC(103) Phase 2: Prepare for compaction
[2021-02-23T17:32:24.334+0300][212.541s][info][gc,phases      ] GC(103) Phase 2: Prepare for compaction 59.491ms
[2021-02-23T17:32:24.334+0300][212.541s][info][gc,phases,start] GC(103) Phase 3: Adjust pointers
[2021-02-23T17:32:24.409+0300][212.616s][info][gc,phases      ] GC(103) Phase 3: Adjust pointers 74.478ms
[2021-02-23T17:32:24.409+0300][212.616s][info][gc,phases,start] GC(103) Phase 4: Compact heap
[2021-02-23T17:32:24.453+0300][212.660s][info][gc,phases      ] GC(103) Phase 4: Compact heap 43.987ms
[2021-02-23T17:32:24.453+0300][212.661s][info][gc,heap        ] GC(103) Eden regions: 0->0(51)
[2021-02-23T17:32:24.453+0300][212.661s][info][gc,heap        ] GC(103) Survivor regions: 0->0(0)
[2021-02-23T17:32:24.453+0300][212.661s][info][gc,heap        ] GC(103) Old regions: 988->988
[2021-02-23T17:32:24.453+0300][212.661s][info][gc,heap        ] GC(103) Archive regions: 0->0
[2021-02-23T17:32:24.454+0300][212.661s][info][gc,heap        ] GC(103) Humongous regions: 36->36
[2021-02-23T17:32:24.454+0300][212.661s][info][gc,metaspace   ] GC(103) Metaspace: 6910K(7552K)->6910K(7552K) NonClass: 6191K(6656K)->6191K(6656K) Class: 719K(896K)->719K(896K)
[2021-02-23T17:32:24.454+0300][212.661s][info][gc             ] GC(103) Pause Full (G1 Evacuation Pause) 1023M->1023M(1024M) 405.964ms
[2021-02-23T17:32:24.454+0300][212.661s][info][gc,cpu         ] GC(103) User=2.38s Sys=0.02s Real=0.41s
[2021-02-23T17:32:24.454+0300][212.661s][info][gc,task        ] GC(104) Using 6 workers of 6 for full compaction
[2021-02-23T17:32:24.454+0300][212.661s][info][gc,start       ] GC(104) Pause Full (G1 Evacuation Pause)
[2021-02-23T17:32:24.454+0300][212.661s][info][gc,phases,start] GC(104) Phase 1: Mark live objects
[2021-02-23T17:32:24.678+0300][212.886s][info][gc,phases      ] GC(104) Phase 1: Mark live objects 224.482ms
[2021-02-23T17:32:24.678+0300][212.886s][info][gc,phases,start] GC(104) Phase 2: Prepare for compaction
[2021-02-23T17:32:24.733+0300][212.940s][info][gc,phases      ] GC(104) Phase 2: Prepare for compaction 54.868ms
[2021-02-23T17:32:24.733+0300][212.941s][info][gc,phases,start] GC(104) Phase 3: Adjust pointers
[2021-02-23T17:32:24.802+0300][213.009s][info][gc,phases      ] GC(104) Phase 3: Adjust pointers 68.304ms
[2021-02-23T17:32:24.802+0300][213.009s][info][gc,phases,start] GC(104) Phase 4: Compact heap
[2021-02-23T17:32:24.843+0300][213.051s][info][gc,phases      ] GC(104) Phase 4: Compact heap 41.807ms
[2021-02-23T17:32:24.844+0300][213.051s][info][gc,heap        ] GC(104) Eden regions: 0->0(51)
[2021-02-23T17:32:24.844+0300][213.051s][info][gc,heap        ] GC(104) Survivor regions: 0->0(0)
[2021-02-23T17:32:24.844+0300][213.051s][info][gc,heap        ] GC(104) Old regions: 988->988
[2021-02-23T17:32:24.844+0300][213.052s][info][gc,heap        ] GC(104) Archive regions: 0->0
[2021-02-23T17:32:24.844+0300][213.052s][info][gc,heap        ] GC(104) Humongous regions: 36->36
[2021-02-23T17:32:24.844+0300][213.052s][info][gc,metaspace   ] GC(104) Metaspace: 6910K(7552K)->6910K(7552K) NonClass: 6191K(6656K)->6191K(6656K) Class: 719K(896K)->719K(896K)
[2021-02-23T17:32:24.844+0300][213.052s][info][gc             ] GC(104) Pause Full (G1 Evacuation Pause) 1023M->1023M(1024M) 390.504ms
[2021-02-23T17:32:24.844+0300][213.052s][info][gc,cpu         ] GC(104) User=2.33s Sys=0.00s Real=0.39s
[2021-02-23T17:32:24.845+0300][213.052s][info][gc,start       ] GC(105) Pause Young (Concurrent Start) (G1 Evacuation Pause)
[2021-02-23T17:32:24.845+0300][213.052s][info][gc,task        ] GC(105) Using 6 workers of 6 for evacuation
[2021-02-23T17:32:24.845+0300][213.052s][info][gc,phases      ] GC(105)   Pre Evacuate Collection Set: 0.1ms
[2021-02-23T17:32:24.845+0300][213.052s][info][gc,phases      ] GC(105)   Merge Heap Roots: 0.0ms
[2021-02-23T17:32:24.845+0300][213.052s][info][gc,phases      ] GC(105)   Evacuate Collection Set: 0.1ms
[2021-02-23T17:32:24.845+0300][213.052s][info][gc,phases      ] GC(105)   Post Evacuate Collection Set: 0.1ms
[2021-02-23T17:32:24.845+0300][213.052s][info][gc,phases      ] GC(105)   Other: 0.1ms
[2021-02-23T17:32:24.845+0300][213.052s][info][gc,heap        ] GC(105) Eden regions: 0->0(51)
[2021-02-23T17:32:24.845+0300][213.052s][info][gc,heap        ] GC(105) Survivor regions: 0->0(0)
[2021-02-23T17:32:24.845+0300][213.052s][info][gc,heap        ] GC(105) Old regions: 988->988
[2021-02-23T17:32:24.845+0300][213.052s][info][gc,heap        ] GC(105) Archive regions: 0->0
[2021-02-23T17:32:24.845+0300][213.052s][info][gc,heap        ] GC(105) Humongous regions: 36->36
[2021-02-23T17:32:24.845+0300][213.052s][info][gc,metaspace   ] GC(105) Metaspace: 6910K(7552K)->6910K(7552K) NonClass: 6191K(6656K)->6191K(6656K) Class: 719K(896K)->719K(896K)
[2021-02-23T17:32:24.845+0300][213.053s][info][gc             ] GC(105) Pause Young (Concurrent Start) (G1 Evacuation Pause) 1023M->1023M(1024M) 0.655ms
[2021-02-23T17:32:24.845+0300][213.053s][info][gc,cpu         ] GC(105) User=0.00s Sys=0.00s Real=0.00s
[2021-02-23T17:32:24.845+0300][213.053s][info][gc,ergo        ] Attempting maximally compacting collection
[2021-02-23T17:32:24.845+0300][213.053s][info][gc             ] GC(106) Concurrent Cycle
[2021-02-23T17:32:24.845+0300][213.053s][info][gc,task        ] GC(107) Using 6 workers of 6 for full compaction
[2021-02-23T17:32:24.845+0300][213.053s][info][gc,marking     ] GC(106) Concurrent Clear Claimed Marks
[2021-02-23T17:32:24.845+0300][213.053s][info][gc,marking     ] GC(106) Concurrent Clear Claimed Marks 0.045ms
[2021-02-23T17:32:24.845+0300][213.053s][info][gc,marking     ] GC(106) Concurrent Scan Root Regions
[2021-02-23T17:32:24.845+0300][213.053s][info][gc,marking     ] GC(106) Concurrent Scan Root Regions 0.012ms
[2021-02-23T17:32:24.845+0300][213.053s][info][gc,marking     ] GC(106) Concurrent Mark (213.053s)
[2021-02-23T17:32:24.845+0300][213.053s][info][gc,marking     ] GC(106) Concurrent Mark From Roots
[2021-02-23T17:32:24.845+0300][213.053s][info][gc,task        ] GC(106) Using 2 workers of 2 for marking
[2021-02-23T17:32:24.845+0300][213.053s][info][gc,start       ] GC(107) Pause Full (G1 Evacuation Pause)
[2021-02-23T17:32:24.846+0300][213.053s][info][gc,phases,start] GC(107) Phase 1: Mark live objects
[2021-02-23T17:32:25.066+0300][213.274s][info][gc,phases      ] GC(107) Phase 1: Mark live objects 220.432ms
[2021-02-23T17:32:25.066+0300][213.274s][info][gc,phases,start] GC(107) Phase 2: Prepare for compaction
[2021-02-23T17:32:25.123+0300][213.331s][info][gc,phases      ] GC(107) Phase 2: Prepare for compaction 56.970ms
[2021-02-23T17:32:25.123+0300][213.331s][info][gc,phases,start] GC(107) Phase 3: Adjust pointers
[2021-02-23T17:32:25.195+0300][213.402s][info][gc,phases      ] GC(107) Phase 3: Adjust pointers 71.639ms
[2021-02-23T17:32:25.195+0300][213.402s][info][gc,phases,start] GC(107) Phase 4: Compact heap
[2021-02-23T17:32:25.240+0300][213.447s][info][gc,phases      ] GC(107) Phase 4: Compact heap 45.129ms
[2021-02-23T17:32:25.241+0300][213.448s][info][gc,heap        ] GC(107) Eden regions: 0->0(51)
[2021-02-23T17:32:25.241+0300][213.448s][info][gc,heap        ] GC(107) Survivor regions: 0->0(0)
[2021-02-23T17:32:25.241+0300][213.448s][info][gc,heap        ] GC(107) Old regions: 988->988
[2021-02-23T17:32:25.241+0300][213.448s][info][gc,heap        ] GC(107) Archive regions: 0->0
[2021-02-23T17:32:25.241+0300][213.448s][info][gc,heap        ] GC(107) Humongous regions: 36->36
[2021-02-23T17:32:25.241+0300][213.448s][info][gc,metaspace   ] GC(107) Metaspace: 6910K(7552K)->6910K(7552K) NonClass: 6191K(6656K)->6191K(6656K) Class: 719K(896K)->719K(896K)
[2021-02-23T17:32:25.241+0300][213.448s][info][gc             ] GC(107) Pause Full (G1 Evacuation Pause) 1023M->1023M(1024M) 395.633ms
[2021-02-23T17:32:25.241+0300][213.448s][info][gc,cpu         ] GC(107) User=2.19s Sys=0.00s Real=0.40s
[2021-02-23T17:32:25.241+0300][213.448s][info][gc,task        ] GC(108) Using 6 workers of 6 for full compaction
[2021-02-23T17:32:25.241+0300][213.449s][info][gc,start       ] GC(108) Pause Full (G1 Evacuation Pause)
[2021-02-23T17:32:25.241+0300][213.449s][info][gc,phases,start] GC(108) Phase 1: Mark live objects
[2021-02-23T17:32:25.480+0300][213.687s][info][gc,phases      ] GC(108) Phase 1: Mark live objects 238.584ms
[2021-02-23T17:32:25.480+0300][213.687s][info][gc,phases,start] GC(108) Phase 2: Prepare for compaction
[2021-02-23T17:32:25.537+0300][213.744s][info][gc,phases      ] GC(108) Phase 2: Prepare for compaction 56.985ms
[2021-02-23T17:32:25.537+0300][213.744s][info][gc,phases,start] GC(108) Phase 3: Adjust pointers
[2021-02-23T17:32:25.608+0300][213.816s][info][gc,phases      ] GC(108) Phase 3: Adjust pointers 71.401ms
[2021-02-23T17:32:25.609+0300][213.816s][info][gc,phases,start] GC(108) Phase 4: Compact heap
[2021-02-23T17:32:25.652+0300][213.859s][info][gc,phases      ] GC(108) Phase 4: Compact heap 43.489ms
[2021-02-23T17:32:25.653+0300][213.860s][info][gc,heap        ] GC(108) Eden regions: 0->0(51)
[2021-02-23T17:32:25.653+0300][213.860s][info][gc,heap        ] GC(108) Survivor regions: 0->0(0)
[2021-02-23T17:32:25.653+0300][213.860s][info][gc,heap        ] GC(108) Old regions: 988->988
[2021-02-23T17:32:25.653+0300][213.860s][info][gc,heap        ] GC(108) Archive regions: 0->0
[2021-02-23T17:32:25.653+0300][213.860s][info][gc,heap        ] GC(108) Humongous regions: 36->36
[2021-02-23T17:32:25.653+0300][213.860s][info][gc,metaspace   ] GC(108) Metaspace: 6910K(7552K)->6910K(7552K) NonClass: 6191K(6656K)->6191K(6656K) Class: 719K(896K)->719K(896K)
[2021-02-23T17:32:25.653+0300][213.860s][info][gc             ] GC(108) Pause Full (G1 Evacuation Pause) 1023M->1023M(1024M) 411.535ms
[2021-02-23T17:32:25.653+0300][213.860s][info][gc,cpu         ] GC(108) User=2.34s Sys=0.00s Real=0.41s
[2021-02-23T17:32:25.653+0300][213.860s][info][gc,task        ] GC(109) Using 6 workers of 6 for full compaction
[2021-02-23T17:32:25.653+0300][213.860s][info][gc,start       ] GC(109) Pause Full (G1 Evacuation Pause)
[2021-02-23T17:32:25.653+0300][213.860s][info][gc,phases,start] GC(109) Phase 1: Mark live objects
[2021-02-23T17:32:25.877+0300][214.084s][info][gc,phases      ] GC(109) Phase 1: Mark live objects 223.477ms
[2021-02-23T17:32:25.877+0300][214.084s][info][gc,phases,start] GC(109) Phase 2: Prepare for compaction
[2021-02-23T17:32:25.931+0300][214.138s][info][gc,phases      ] GC(109) Phase 2: Prepare for compaction 54.187ms
[2021-02-23T17:32:25.931+0300][214.138s][info][gc,phases,start] GC(109) Phase 3: Adjust pointers
[2021-02-23T17:32:25.998+0300][214.205s][info][gc,phases      ] GC(109) Phase 3: Adjust pointers 66.717ms
[2021-02-23T17:32:25.998+0300][214.205s][info][gc,phases,start] GC(109) Phase 4: Compact heap
[2021-02-23T17:32:26.040+0300][214.248s][info][gc,phases      ] GC(109) Phase 4: Compact heap 42.680ms
[2021-02-23T17:32:26.041+0300][214.248s][info][gc,heap        ] GC(109) Eden regions: 0->0(51)
[2021-02-23T17:32:26.041+0300][214.248s][info][gc,heap        ] GC(109) Survivor regions: 0->0(0)
[2021-02-23T17:32:26.041+0300][214.248s][info][gc,heap        ] GC(109) Old regions: 988->988
[2021-02-23T17:32:26.041+0300][214.249s][info][gc,heap        ] GC(109) Archive regions: 0->0
[2021-02-23T17:32:26.041+0300][214.249s][info][gc,heap        ] GC(109) Humongous regions: 36->36
[2021-02-23T17:32:26.041+0300][214.249s][info][gc,metaspace   ] GC(109) Metaspace: 6910K(7552K)->6910K(7552K) NonClass: 6191K(6656K)->6191K(6656K) Class: 719K(896K)->719K(896K)
[2021-02-23T17:32:26.041+0300][214.249s][info][gc             ] GC(109) Pause Full (G1 Evacuation Pause) 1023M->1023M(1024M) 388.174ms
[2021-02-23T17:32:26.041+0300][214.249s][info][gc,cpu         ] GC(109) User=2.34s Sys=0.00s Real=0.39s
[2021-02-23T17:32:26.042+0300][214.249s][info][gc,marking     ] GC(106) Concurrent Mark From Roots 1196.076ms
[2021-02-23T17:32:26.042+0300][214.249s][info][gc,marking     ] GC(106) Concurrent Mark Abort
[2021-02-23T17:32:26.042+0300][214.249s][info][gc             ] GC(106) Concurrent Cycle 1196.244ms
[2021-02-23T17:32:26.042+0300][214.249s][info][gc,start       ] GC(110) Pause Young (Normal) (G1 Evacuation Pause)
[2021-02-23T17:32:26.042+0300][214.249s][info][gc,task        ] GC(110) Using 6 workers of 6 for evacuation
[2021-02-23T17:32:26.042+0300][214.249s][info][gc,phases      ] GC(110)   Pre Evacuate Collection Set: 0.0ms
[2021-02-23T17:32:26.042+0300][214.249s][info][gc,phases      ] GC(110)   Merge Heap Roots: 0.0ms
[2021-02-23T17:32:26.042+0300][214.249s][info][gc,phases      ] GC(110)   Evacuate Collection Set: 0.1ms
[2021-02-23T17:32:26.042+0300][214.249s][info][gc,phases      ] GC(110)   Post Evacuate Collection Set: 0.1ms
[2021-02-23T17:32:26.042+0300][214.249s][info][gc,phases      ] GC(110)   Other: 0.1ms
[2021-02-23T17:32:26.042+0300][214.249s][info][gc,heap        ] GC(110) Eden regions: 0->0(51)
[2021-02-23T17:32:26.042+0300][214.249s][info][gc,heap        ] GC(110) Survivor regions: 0->0(0)
[2021-02-23T17:32:26.042+0300][214.249s][info][gc,heap        ] GC(110) Old regions: 988->988
[2021-02-23T17:32:26.042+0300][214.249s][info][gc,heap        ] GC(110) Archive regions: 0->0
[2021-02-23T17:32:26.042+0300][214.249s][info][gc,heap        ] GC(110) Humongous regions: 36->36
[2021-02-23T17:32:26.042+0300][214.249s][info][gc,metaspace   ] GC(110) Metaspace: 6910K(7552K)->6910K(7552K) NonClass: 6191K(6656K)->6191K(6656K) Class: 719K(896K)->719K(896K)
[2021-02-23T17:32:26.042+0300][214.249s][info][gc             ] GC(110) Pause Young (Normal) (G1 Evacuation Pause) 1023M->1023M(1024M) 0.462ms
[2021-02-23T17:32:26.042+0300][214.249s][info][gc,cpu         ] GC(110) User=0.00s Sys=0.00s Real=0.00s
[2021-02-23T17:32:26.042+0300][214.249s][info][gc,ergo        ] Attempting maximally compacting collection
[2021-02-23T17:32:26.042+0300][214.249s][info][gc,task        ] GC(111) Using 6 workers of 6 for full compaction
[2021-02-23T17:32:26.042+0300][214.249s][info][gc,start       ] GC(111) Pause Full (G1 Evacuation Pause)
[2021-02-23T17:32:26.042+0300][214.249s][info][gc,phases,start] GC(111) Phase 1: Mark live objects
[2021-02-23T17:32:26.268+0300][214.475s][info][gc,phases      ] GC(111) Phase 1: Mark live objects 225.282ms
[2021-02-23T17:32:26.268+0300][214.475s][info][gc,phases,start] GC(111) Phase 2: Prepare for compaction
[2021-02-23T17:32:26.352+0300][214.559s][info][gc,phases      ] GC(111) Phase 2: Prepare for compaction 84.562ms
[2021-02-23T17:32:26.352+0300][214.559s][info][gc,phases,start] GC(111) Phase 3: Adjust pointers
[2021-02-23T17:32:26.429+0300][214.636s][info][gc,phases      ] GC(111) Phase 3: Adjust pointers 76.647ms
[2021-02-23T17:32:26.429+0300][214.636s][info][gc,phases,start] GC(111) Phase 4: Compact heap
[2021-02-23T17:32:26.493+0300][214.701s][info][gc,phases      ] GC(111) Phase 4: Compact heap 64.497ms
[2021-02-23T17:32:26.494+0300][214.701s][info][gc,heap        ] GC(111) Eden regions: 0->0(51)
[2021-02-23T17:32:26.494+0300][214.701s][info][gc,heap        ] GC(111) Survivor regions: 0->0(0)
[2021-02-23T17:32:26.494+0300][214.701s][info][gc,heap        ] GC(111) Old regions: 988->988
[2021-02-23T17:32:26.494+0300][214.701s][info][gc,heap        ] GC(111) Archive regions: 0->0
[2021-02-23T17:32:26.494+0300][214.701s][info][gc,heap        ] GC(111) Humongous regions: 36->36
[2021-02-23T17:32:26.494+0300][214.701s][info][gc,metaspace   ] GC(111) Metaspace: 6910K(7552K)->6910K(7552K) NonClass: 6191K(6656K)->6191K(6656K) Class: 719K(896K)->719K(896K)
[2021-02-23T17:32:26.494+0300][214.701s][info][gc             ] GC(111) Pause Full (G1 Evacuation Pause) 1023M->1023M(1024M) 452.017ms
[2021-02-23T17:32:26.494+0300][214.702s][info][gc,cpu         ] GC(111) User=2.44s Sys=0.00s Real=0.45s
[2021-02-23T17:32:26.494+0300][214.702s][info][gc,task        ] GC(112) Using 6 workers of 6 for full compaction
[2021-02-23T17:32:26.495+0300][214.702s][info][gc,start       ] GC(112) Pause Full (G1 Evacuation Pause)
[2021-02-23T17:32:26.495+0300][214.702s][info][gc,phases,start] GC(112) Phase 1: Mark live objects
[2021-02-23T17:32:26.725+0300][214.932s][info][gc,phases      ] GC(112) Phase 1: Mark live objects 230.172ms
[2021-02-23T17:32:26.725+0300][214.932s][info][gc,phases,start] GC(112) Phase 2: Prepare for compaction
[2021-02-23T17:32:26.781+0300][214.988s][info][gc,phases      ] GC(112) Phase 2: Prepare for compaction 56.285ms
[2021-02-23T17:32:26.781+0300][214.988s][info][gc,phases,start] GC(112) Phase 3: Adjust pointers
[2021-02-23T17:32:26.856+0300][215.064s][info][gc,phases      ] GC(112) Phase 3: Adjust pointers 75.337ms
[2021-02-23T17:32:26.857+0300][215.064s][info][gc,phases,start] GC(112) Phase 4: Compact heap
[2021-02-23T17:32:26.901+0300][215.108s][info][gc,phases      ] GC(112) Phase 4: Compact heap 44.640ms
[2021-02-23T17:32:26.902+0300][215.109s][info][gc,heap        ] GC(112) Eden regions: 0->0(51)
[2021-02-23T17:32:26.902+0300][215.109s][info][gc,heap        ] GC(112) Survivor regions: 0->0(0)
[2021-02-23T17:32:26.902+0300][215.109s][info][gc,heap        ] GC(112) Old regions: 988->988
[2021-02-23T17:32:26.902+0300][215.109s][info][gc,heap        ] GC(112) Archive regions: 0->0
[2021-02-23T17:32:26.902+0300][215.109s][info][gc,heap        ] GC(112) Humongous regions: 36->36
[2021-02-23T17:32:26.902+0300][215.109s][info][gc,metaspace   ] GC(112) Metaspace: 6910K(7552K)->6910K(7552K) NonClass: 6191K(6656K)->6191K(6656K) Class: 719K(896K)->719K(896K)
[2021-02-23T17:32:26.902+0300][215.109s][info][gc             ] GC(112) Pause Full (G1 Evacuation Pause) 1023M->1023M(1024M) 407.426ms
[2021-02-23T17:32:26.902+0300][215.109s][info][gc,cpu         ] GC(112) User=2.31s Sys=0.00s Real=0.41s
[2021-02-23T17:32:26.902+0300][215.109s][info][gc,task        ] GC(113) Using 6 workers of 6 for full compaction
[2021-02-23T17:32:26.902+0300][215.109s][info][gc,start       ] GC(113) Pause Full (G1 Evacuation Pause)
[2021-02-23T17:32:26.902+0300][215.109s][info][gc,phases,start] GC(113) Phase 1: Mark live objects
[2021-02-23T17:32:27.139+0300][215.346s][info][gc,phases      ] GC(113) Phase 1: Mark live objects 236.335ms
[2021-02-23T17:32:27.139+0300][215.346s][info][gc,phases,start] GC(113) Phase 2: Prepare for compaction
[2021-02-23T17:32:27.199+0300][215.406s][info][gc,phases      ] GC(113) Phase 2: Prepare for compaction 60.495ms
[2021-02-23T17:32:27.199+0300][215.406s][info][gc,phases,start] GC(113) Phase 3: Adjust pointers
[2021-02-23T17:32:27.274+0300][215.481s][info][gc,phases      ] GC(113) Phase 3: Adjust pointers 74.591ms
[2021-02-23T17:32:27.274+0300][215.481s][info][gc,phases,start] GC(113) Phase 4: Compact heap
[2021-02-23T17:32:27.318+0300][215.526s][info][gc,phases      ] GC(113) Phase 4: Compact heap 44.591ms
[2021-02-23T17:32:27.319+0300][215.526s][info][gc,heap        ] GC(113) Eden regions: 0->0(51)
[2021-02-23T17:32:27.319+0300][215.526s][info][gc,heap        ] GC(113) Survivor regions: 0->0(0)
[2021-02-23T17:32:27.319+0300][215.526s][info][gc,heap        ] GC(113) Old regions: 988->988
[2021-02-23T17:32:27.319+0300][215.526s][info][gc,heap        ] GC(113) Archive regions: 0->0
[2021-02-23T17:32:27.319+0300][215.526s][info][gc,heap        ] GC(113) Humongous regions: 36->36
[2021-02-23T17:32:27.319+0300][215.526s][info][gc,metaspace   ] GC(113) Metaspace: 6910K(7552K)->6910K(7552K) NonClass: 6191K(6656K)->6191K(6656K) Class: 719K(896K)->719K(896K)
[2021-02-23T17:32:27.319+0300][215.526s][info][gc             ] GC(113) Pause Full (G1 Evacuation Pause) 1023M->1023M(1024M) 417.097ms
[2021-02-23T17:32:27.319+0300][215.527s][info][gc,cpu         ] GC(113) User=2.38s Sys=0.02s Real=0.42s
[2021-02-23T17:32:27.320+0300][215.527s][info][gc,start       ] GC(114) Pause Young (Concurrent Start) (G1 Evacuation Pause)
[2021-02-23T17:32:27.320+0300][215.527s][info][gc,task        ] GC(114) Using 6 workers of 6 for evacuation
[2021-02-23T17:32:27.320+0300][215.527s][info][gc,phases      ] GC(114)   Pre Evacuate Collection Set: 0.1ms
[2021-02-23T17:32:27.320+0300][215.527s][info][gc,phases      ] GC(114)   Merge Heap Roots: 0.0ms
[2021-02-23T17:32:27.320+0300][215.527s][info][gc,phases      ] GC(114)   Evacuate Collection Set: 0.2ms
[2021-02-23T17:32:27.320+0300][215.527s][info][gc,phases      ] GC(114)   Post Evacuate Collection Set: 0.1ms
[2021-02-23T17:32:27.320+0300][215.527s][info][gc,phases      ] GC(114)   Other: 0.1ms
[2021-02-23T17:32:27.320+0300][215.527s][info][gc,heap        ] GC(114) Eden regions: 0->0(51)
[2021-02-23T17:32:27.320+0300][215.527s][info][gc,heap        ] GC(114) Survivor regions: 0->0(0)
[2021-02-23T17:32:27.320+0300][215.527s][info][gc,heap        ] GC(114) Old regions: 988->988
[2021-02-23T17:32:27.320+0300][215.527s][info][gc,heap        ] GC(114) Archive regions: 0->0
[2021-02-23T17:32:27.320+0300][215.527s][info][gc,heap        ] GC(114) Humongous regions: 36->36
[2021-02-23T17:32:27.320+0300][215.527s][info][gc,metaspace   ] GC(114) Metaspace: 6910K(7552K)->6910K(7552K) NonClass: 6191K(6656K)->6191K(6656K) Class: 719K(896K)->719K(896K)
[2021-02-23T17:32:27.320+0300][215.527s][info][gc             ] GC(114) Pause Young (Concurrent Start) (G1 Evacuation Pause) 1023M->1023M(1024M) 0.623ms
[2021-02-23T17:32:27.320+0300][215.527s][info][gc,cpu         ] GC(114) User=0.00s Sys=0.00s Real=0.00s
[2021-02-23T17:32:27.320+0300][215.527s][info][gc,ergo        ] Attempting maximally compacting collection
[2021-02-23T17:32:27.320+0300][215.527s][info][gc             ] GC(115) Concurrent Cycle
[2021-02-23T17:32:27.320+0300][215.527s][info][gc,task        ] GC(116) Using 6 workers of 6 for full compaction
[2021-02-23T17:32:27.320+0300][215.527s][info][gc,marking     ] GC(115) Concurrent Clear Claimed Marks
[2021-02-23T17:32:27.320+0300][215.527s][info][gc,marking     ] GC(115) Concurrent Clear Claimed Marks 0.044ms
[2021-02-23T17:32:27.320+0300][215.527s][info][gc,marking     ] GC(115) Concurrent Scan Root Regions
[2021-02-23T17:32:27.320+0300][215.527s][info][gc,marking     ] GC(115) Concurrent Scan Root Regions 0.012ms
[2021-02-23T17:32:27.320+0300][215.528s][info][gc,marking     ] GC(115) Concurrent Mark (215.528s)
[2021-02-23T17:32:27.320+0300][215.528s][info][gc,marking     ] GC(115) Concurrent Mark From Roots
[2021-02-23T17:32:27.320+0300][215.528s][info][gc,task        ] GC(115) Using 2 workers of 2 for marking
[2021-02-23T17:32:27.320+0300][215.528s][info][gc,start       ] GC(116) Pause Full (G1 Evacuation Pause)
[2021-02-23T17:32:27.321+0300][215.528s][info][gc,phases,start] GC(116) Phase 1: Mark live objects
[2021-02-23T17:32:27.552+0300][215.760s][info][gc,phases      ] GC(116) Phase 1: Mark live objects 231.445ms
[2021-02-23T17:32:27.552+0300][215.760s][info][gc,phases,start] GC(116) Phase 2: Prepare for compaction
[2021-02-23T17:32:27.609+0300][215.816s][info][gc,phases      ] GC(116) Phase 2: Prepare for compaction 56.613ms
[2021-02-23T17:32:27.609+0300][215.816s][info][gc,phases,start] GC(116) Phase 3: Adjust pointers
[2021-02-23T17:32:27.678+0300][215.886s][info][gc,phases      ] GC(116) Phase 3: Adjust pointers 69.267ms
[2021-02-23T17:32:27.678+0300][215.886s][info][gc,phases,start] GC(116) Phase 4: Compact heap
[2021-02-23T17:32:27.720+0300][215.928s][info][gc,phases      ] GC(116) Phase 4: Compact heap 42.059ms
[2021-02-23T17:32:27.721+0300][215.928s][info][gc,heap        ] GC(116) Eden regions: 0->0(51)
[2021-02-23T17:32:27.721+0300][215.928s][info][gc,heap        ] GC(116) Survivor regions: 0->0(0)
[2021-02-23T17:32:27.721+0300][215.928s][info][gc,heap        ] GC(116) Old regions: 988->988
[2021-02-23T17:32:27.721+0300][215.928s][info][gc,heap        ] GC(116) Archive regions: 0->0
[2021-02-23T17:32:27.721+0300][215.928s][info][gc,heap        ] GC(116) Humongous regions: 36->36
[2021-02-23T17:32:27.721+0300][215.928s][info][gc,metaspace   ] GC(116) Metaspace: 6910K(7552K)->6910K(7552K) NonClass: 6191K(6656K)->6191K(6656K) Class: 719K(896K)->719K(896K)
[2021-02-23T17:32:27.721+0300][215.929s][info][gc             ] GC(116) Pause Full (G1 Evacuation Pause) 1023M->1023M(1024M) 400.976ms
[2021-02-23T17:32:27.721+0300][215.929s][info][gc,cpu         ] GC(116) User=2.30s Sys=0.00s Real=0.40s
[2021-02-23T17:32:27.721+0300][215.929s][info][gc,task        ] GC(117) Using 6 workers of 6 for full compaction
[2021-02-23T17:32:27.722+0300][215.929s][info][gc,start       ] GC(117) Pause Full (G1 Evacuation Pause)
[2021-02-23T17:32:27.722+0300][215.929s][info][gc,phases,start] GC(117) Phase 1: Mark live objects
[2021-02-23T17:32:27.945+0300][216.152s][info][gc,phases      ] GC(117) Phase 1: Mark live objects 223.590ms
[2021-02-23T17:32:27.945+0300][216.152s][info][gc,phases,start] GC(117) Phase 2: Prepare for compaction
[2021-02-23T17:32:28.000+0300][216.207s][info][gc,phases      ] GC(117) Phase 2: Prepare for compaction 54.307ms
[2021-02-23T17:32:28.000+0300][216.207s][info][gc,phases,start] GC(117) Phase 3: Adjust pointers
[2021-02-23T17:32:28.071+0300][216.278s][info][gc,phases      ] GC(117) Phase 3: Adjust pointers 71.207ms
[2021-02-23T17:32:28.071+0300][216.278s][info][gc,phases,start] GC(117) Phase 4: Compact heap
[2021-02-23T17:32:28.115+0300][216.322s][info][gc,phases      ] GC(117) Phase 4: Compact heap 44.276ms
[2021-02-23T17:32:28.116+0300][216.323s][info][gc,heap        ] GC(117) Eden regions: 0->0(51)
[2021-02-23T17:32:28.116+0300][216.323s][info][gc,heap        ] GC(117) Survivor regions: 0->0(0)
[2021-02-23T17:32:28.116+0300][216.323s][info][gc,heap        ] GC(117) Old regions: 988->988
[2021-02-23T17:32:28.116+0300][216.323s][info][gc,heap        ] GC(117) Archive regions: 0->0
[2021-02-23T17:32:28.116+0300][216.323s][info][gc,heap        ] GC(117) Humongous regions: 36->36
[2021-02-23T17:32:28.116+0300][216.323s][info][gc,metaspace   ] GC(117) Metaspace: 6910K(7552K)->6910K(7552K) NonClass: 6191K(6656K)->6191K(6656K) Class: 719K(896K)->719K(896K)
[2021-02-23T17:32:28.116+0300][216.323s][info][gc             ] GC(117) Pause Full (G1 Evacuation Pause) 1023M->1023M(1024M) 394.420ms
[2021-02-23T17:32:28.116+0300][216.323s][info][gc,cpu         ] GC(117) User=2.31s Sys=0.00s Real=0.39s
[2021-02-23T17:32:28.116+0300][216.323s][info][gc,task        ] GC(118) Using 6 workers of 6 for full compaction
[2021-02-23T17:32:28.116+0300][216.323s][info][gc,start       ] GC(118) Pause Full (G1 Evacuation Pause)
[2021-02-23T17:32:28.116+0300][216.323s][info][gc,phases,start] GC(118) Phase 1: Mark live objects
[2021-02-23T17:32:28.348+0300][216.555s][info][gc,phases      ] GC(118) Phase 1: Mark live objects 231.471ms
[2021-02-23T17:32:28.348+0300][216.555s][info][gc,phases,start] GC(118) Phase 2: Prepare for compaction
[2021-02-23T17:32:28.407+0300][216.615s][info][gc,phases      ] GC(118) Phase 2: Prepare for compaction 59.699ms
[2021-02-23T17:32:28.408+0300][216.615s][info][gc,phases,start] GC(118) Phase 3: Adjust pointers
[2021-02-23T17:32:28.483+0300][216.690s][info][gc,phases      ] GC(118) Phase 3: Adjust pointers 75.159ms
[2021-02-23T17:32:28.483+0300][216.690s][info][gc,phases,start] GC(118) Phase 4: Compact heap
[2021-02-23T17:32:28.535+0300][216.743s][info][gc,phases      ] GC(118) Phase 4: Compact heap 52.661ms
[2021-02-23T17:32:28.536+0300][216.743s][info][gc,heap        ] GC(118) Eden regions: 0->0(51)
[2021-02-23T17:32:28.536+0300][216.743s][info][gc,heap        ] GC(118) Survivor regions: 0->0(0)
[2021-02-23T17:32:28.536+0300][216.743s][info][gc,heap        ] GC(118) Old regions: 988->988
[2021-02-23T17:32:28.536+0300][216.743s][info][gc,heap        ] GC(118) Archive regions: 0->0
[2021-02-23T17:32:28.536+0300][216.743s][info][gc,heap        ] GC(118) Humongous regions: 36->36
[2021-02-23T17:32:28.536+0300][216.743s][info][gc,metaspace   ] GC(118) Metaspace: 6910K(7552K)->6910K(7552K) NonClass: 6191K(6656K)->6191K(6656K) Class: 719K(896K)->719K(896K)
[2021-02-23T17:32:28.536+0300][216.744s][info][gc             ] GC(118) Pause Full (G1 Evacuation Pause) 1023M->1023M(1024M) 420.079ms
[2021-02-23T17:32:28.536+0300][216.744s][info][gc,cpu         ] GC(118) User=2.25s Sys=0.02s Real=0.42s
[2021-02-23T17:32:28.537+0300][216.744s][info][gc,marking     ] GC(115) Concurrent Mark From Roots 1216.264ms
[2021-02-23T17:32:28.537+0300][216.744s][info][gc,marking     ] GC(115) Concurrent Mark Abort
[2021-02-23T17:32:28.537+0300][216.744s][info][gc             ] GC(115) Concurrent Cycle 1216.429ms
[2021-02-23T17:32:28.537+0300][216.744s][info][gc,start       ] GC(119) Pause Young (Normal) (G1 Evacuation Pause)
[2021-02-23T17:32:28.537+0300][216.744s][info][gc,task        ] GC(119) Using 6 workers of 6 for evacuation
[2021-02-23T17:32:28.537+0300][216.744s][info][gc,phases      ] GC(119)   Pre Evacuate Collection Set: 0.0ms
[2021-02-23T17:32:28.537+0300][216.744s][info][gc,phases      ] GC(119)   Merge Heap Roots: 0.0ms
[2021-02-23T17:32:28.537+0300][216.744s][info][gc,phases      ] GC(119)   Evacuate Collection Set: 0.1ms
[2021-02-23T17:32:28.537+0300][216.744s][info][gc,phases      ] GC(119)   Post Evacuate Collection Set: 0.1ms
[2021-02-23T17:32:28.537+0300][216.744s][info][gc,phases      ] GC(119)   Other: 0.1ms
[2021-02-23T17:32:28.537+0300][216.744s][info][gc,heap        ] GC(119) Eden regions: 0->0(51)
[2021-02-23T17:32:28.537+0300][216.744s][info][gc,heap        ] GC(119) Survivor regions: 0->0(0)
[2021-02-23T17:32:28.537+0300][216.744s][info][gc,heap        ] GC(119) Old regions: 988->988
[2021-02-23T17:32:28.537+0300][216.744s][info][gc,heap        ] GC(119) Archive regions: 0->0
[2021-02-23T17:32:28.537+0300][216.744s][info][gc,heap        ] GC(119) Humongous regions: 36->36
[2021-02-23T17:32:28.537+0300][216.744s][info][gc,metaspace   ] GC(119) Metaspace: 6910K(7552K)->6910K(7552K) NonClass: 6191K(6656K)->6191K(6656K) Class: 719K(896K)->719K(896K)
[2021-02-23T17:32:28.537+0300][216.744s][info][gc             ] GC(119) Pause Young (Normal) (G1 Evacuation Pause) 1023M->1023M(1024M) 0.458ms
[2021-02-23T17:32:28.537+0300][216.744s][info][gc,cpu         ] GC(119) User=0.00s Sys=0.00s Real=0.00s
[2021-02-23T17:32:28.537+0300][216.744s][info][gc,ergo        ] Attempting maximally compacting collection
[2021-02-23T17:32:28.537+0300][216.744s][info][gc,task        ] GC(120) Using 6 workers of 6 for full compaction
[2021-02-23T17:32:28.537+0300][216.745s][info][gc,start       ] GC(120) Pause Full (G1 Evacuation Pause)
[2021-02-23T17:32:28.537+0300][216.745s][info][gc,phases,start] GC(120) Phase 1: Mark live objects
[2021-02-23T17:32:28.776+0300][216.983s][info][gc,phases      ] GC(120) Phase 1: Mark live objects 238.418ms
[2021-02-23T17:32:28.776+0300][216.983s][info][gc,phases,start] GC(120) Phase 2: Prepare for compaction
[2021-02-23T17:32:28.885+0300][217.092s][info][gc,phases      ] GC(120) Phase 2: Prepare for compaction 109.399ms
[2021-02-23T17:32:28.885+0300][217.092s][info][gc,phases,start] GC(120) Phase 3: Adjust pointers
[2021-02-23T17:32:28.956+0300][217.163s][info][gc,phases      ] GC(120) Phase 3: Adjust pointers 70.982ms
[2021-02-23T17:32:28.956+0300][217.163s][info][gc,phases,start] GC(120) Phase 4: Compact heap
