[2021-02-28T14:25:07.431+0300][0.004s][info][gc] Min heap equals to max heap, disabling ShenandoahUncommit
[2021-02-28T14:25:07.435+0300][0.008s][info][gc] Using Shenandoah
[2021-02-28T14:25:07.435+0300][0.008s][info][gc] Heuristics ergonomically sets -XX:+ExplicitGCInvokesConcurrent
[2021-02-28T14:25:07.435+0300][0.008s][info][gc] Heuristics ergonomically sets -XX:+ShenandoahImplicitGCInvokesConcurrent
[2021-02-28T14:25:07.437+0300][0.010s][info][gc,ergo] Pacer for Idle. Initial: 20971K, Alloc Tax Rate: 1.0x
[2021-02-28T14:25:07.437+0300][0.010s][info][gc,init] Version: 15.0.1+9 (release)
[2021-02-28T14:25:07.437+0300][0.010s][info][gc,init] CPUs: 6 total, 6 available
[2021-02-28T14:25:07.437+0300][0.010s][info][gc,init] Memory: 16302M
[2021-02-28T14:25:07.437+0300][0.010s][info][gc,init] Large Page Support: Disabled
[2021-02-28T14:25:07.437+0300][0.010s][info][gc,init] NUMA Support: Disabled
[2021-02-28T14:25:07.437+0300][0.010s][info][gc,init] Compressed Oops: Enabled (32-bit)
[2021-02-28T14:25:07.437+0300][0.010s][info][gc,init] Heap Min Capacity: 1G
[2021-02-28T14:25:07.437+0300][0.010s][info][gc,init] Heap Initial Capacity: 1G
[2021-02-28T14:25:07.437+0300][0.010s][info][gc,init] Heap Max Capacity: 1G
[2021-02-28T14:25:07.437+0300][0.010s][info][gc,init] Pre-touch: Disabled
[2021-02-28T14:25:07.438+0300][0.010s][info][gc,init] Mode: Snapshot-At-The-Beginning (SATB)
[2021-02-28T14:25:07.438+0300][0.010s][info][gc,init] Heuristics: Adaptive
[2021-02-28T14:25:07.438+0300][0.011s][info][gc,init] Heap Region Count: 2048
[2021-02-28T14:25:07.438+0300][0.011s][info][gc,init] Heap Region Size: 512K
[2021-02-28T14:25:07.438+0300][0.011s][info][gc,init] TLAB Size Max: 512K
[2021-02-28T14:25:07.438+0300][0.011s][info][gc,init] Humongous Object Threshold: 512K
[2021-02-28T14:25:07.438+0300][0.011s][info][gc,init] Reference Processing: Parallel discovery, Parallel processing
[2021-02-28T14:25:07.438+0300][0.011s][info][gc,init] Parallel Workers: 3
[2021-02-28T14:25:07.438+0300][0.011s][info][gc,init] Concurrent Workers: 1
[2021-02-28T14:25:07.438+0300][0.011s][info][gc,metaspace] CDS archive(s) mapped at: [0x0000000800000000-0x0000000800b50000-0x0000000800b50000), size 11862016, SharedBaseAddress: 0x0000000800000000, ArchiveRelocationMode: 0.
[2021-02-28T14:25:07.438+0300][0.011s][info][gc,metaspace] Compressed class space mapped at: 0x0000000800b50000-0x0000000840b50000, size: 1073741824
[2021-02-28T14:25:07.438+0300][0.011s][info][gc,metaspace] Narrow klass base: 0x0000000800000000, Narrow klass shift: 3, Narrow klass range: 0x100000000
[2021-02-28T14:25:09.390+0300][1.962s][info][gc          ] Trigger: Learning 1 of 5. Free (699M) is below initial threshold (716M)
[2021-02-28T14:25:09.390+0300][1.962s][info][gc,ergo     ] Free: 699M, Max: 512K regular, 699M humongous, Frag: 0% external, 0% internal; Reserve: 52736K, Max: 512K
[2021-02-28T14:25:09.390+0300][1.962s][info][gc,start    ] GC(0) Concurrent reset
[2021-02-28T14:25:09.390+0300][1.962s][info][gc,task     ] GC(0) Using 1 of 3 workers for concurrent reset
[2021-02-28T14:25:09.390+0300][1.962s][info][gc,ergo     ] GC(0) Pacer for Reset. Non-Taxable: 1024M
[2021-02-28T14:25:09.390+0300][1.963s][info][gc          ] GC(0) Concurrent reset 0.256ms
[2021-02-28T14:25:09.390+0300][1.963s][info][gc,start    ] GC(0) Pause Init Mark (process weakrefs) (unload classes)
[2021-02-28T14:25:09.390+0300][1.963s][info][gc,task     ] GC(0) Using 3 of 3 workers for init marking
[2021-02-28T14:25:09.391+0300][1.963s][info][gc,ergo     ] GC(0) Pacer for Mark. Expected Live: 102M, Free: 699M, Non-Taxable: 71628K, Alloc Tax Rate: 0.2x
[2021-02-28T14:25:09.391+0300][1.963s][info][gc          ] GC(0) Pause Init Mark (process weakrefs) (unload classes) 0.581ms
[2021-02-28T14:25:09.391+0300][1.963s][info][gc,start    ] GC(0) Concurrent marking (process weakrefs) (unload classes)
[2021-02-28T14:25:09.391+0300][1.963s][info][gc,task     ] GC(0) Using 1 of 3 workers for concurrent marking
[2021-02-28T14:25:09.717+0300][2.289s][info][gc          ] GC(0) Concurrent marking (process weakrefs) (unload classes) 325.761ms
[2021-02-28T14:25:09.717+0300][2.289s][info][gc,start    ] GC(0) Concurrent precleaning
[2021-02-28T14:25:09.717+0300][2.289s][info][gc,task     ] GC(0) Using 1 of 3 workers for concurrent preclean
[2021-02-28T14:25:09.717+0300][2.289s][info][gc,ergo     ] GC(0) Pacer for Precleaning. Non-Taxable: 1024M
[2021-02-28T14:25:09.717+0300][2.289s][info][gc          ] GC(0) Concurrent precleaning 0.185ms
[2021-02-28T14:25:09.717+0300][2.290s][info][gc,start    ] GC(0) Pause Final Mark (process weakrefs) (unload classes)
[2021-02-28T14:25:09.717+0300][2.290s][info][gc,task     ] GC(0) Using 3 of 3 workers for final marking
[2021-02-28T14:25:09.718+0300][2.290s][info][gc,ergo     ] GC(0) Adaptive CSet Selection. Target Free: 145M, Actual Free: 722M, Max CSet: 43690K, Min Garbage: 0B
[2021-02-28T14:25:09.718+0300][2.290s][info][gc,ergo     ] GC(0) Collectable Garbage: 18840K (97%), Immediate: 12993K (67%), CSet: 5846K (30%)
[2021-02-28T14:25:09.718+0300][2.290s][info][gc,ergo     ] GC(0) Pacer for Evacuation. Used CSet: 8192K, Free: 673M, Non-Taxable: 68915K, Alloc Tax Rate: 1.1x
[2021-02-28T14:25:09.718+0300][2.290s][info][gc          ] GC(0) Pause Final Mark (process weakrefs) (unload classes) 0.652ms
[2021-02-28T14:25:09.718+0300][2.290s][info][gc,start    ] GC(0) Concurrent weak roots
[2021-02-28T14:25:09.718+0300][2.290s][info][gc,task     ] GC(0) Using 1 of 3 workers for concurrent weak root
[2021-02-28T14:25:09.736+0300][2.308s][info][gc          ] GC(0) Concurrent weak roots 17.576ms
[2021-02-28T14:25:09.736+0300][2.308s][info][gc,start    ] GC(0) Concurrent cleanup
[2021-02-28T14:25:09.736+0300][2.308s][info][gc          ] GC(0) Concurrent cleanup 313M->300M(1024M) 0.038ms
[2021-02-28T14:25:09.736+0300][2.308s][info][gc,ergo     ] GC(0) Free: 672M, Max: 512K regular, 658M humongous, Frag: 3% external, 0% internal; Reserve: 52219K, Max: 512K
[2021-02-28T14:25:09.736+0300][2.308s][info][gc,start    ] GC(0) Concurrent class unloading
[2021-02-28T14:25:09.736+0300][2.308s][info][gc,task     ] GC(0) Using 1 of 3 workers for concurrent class unloading
[2021-02-28T14:25:09.737+0300][2.309s][info][gc          ] GC(0) Concurrent class unloading 0.850ms
[2021-02-28T14:25:09.737+0300][2.309s][info][gc,start    ] GC(0) Concurrent strong roots
[2021-02-28T14:25:09.737+0300][2.309s][info][gc,task     ] GC(0) Using 1 of 3 workers for concurrent strong root
[2021-02-28T14:25:09.737+0300][2.309s][info][gc          ] GC(0) Concurrent strong roots 0.197ms
[2021-02-28T14:25:09.737+0300][2.309s][info][gc,start    ] GC(0) Concurrent evacuation
[2021-02-28T14:25:09.737+0300][2.309s][info][gc,task     ] GC(0) Using 1 of 3 workers for concurrent evacuation
[2021-02-28T14:25:09.739+0300][2.312s][info][gc          ] GC(0) Concurrent evacuation 2.322ms
[2021-02-28T14:25:09.740+0300][2.312s][info][gc,start    ] GC(0) Pause Init Update Refs
[2021-02-28T14:25:09.740+0300][2.312s][info][gc,ergo     ] GC(0) Pacer for Update Refs. Used: 302M, Free: 672M, Non-Taxable: 68864K, Alloc Tax Rate: 1.1x
[2021-02-28T14:25:09.740+0300][2.312s][info][gc          ] GC(0) Pause Init Update Refs 0.046ms
[2021-02-28T14:25:09.740+0300][2.312s][info][gc,start    ] GC(0) Concurrent update references
[2021-02-28T14:25:09.740+0300][2.312s][info][gc,task     ] GC(0) Using 1 of 3 workers for concurrent reference update
[2021-02-28T14:25:09.901+0300][2.473s][info][gc          ] GC(0) Concurrent update references 161.202ms
[2021-02-28T14:25:09.910+0300][2.482s][info][gc,start    ] GC(0) Pause Final Update Refs
[2021-02-28T14:25:09.910+0300][2.482s][info][gc,task     ] GC(0) Using 3 of 3 workers for final reference update
[2021-02-28T14:25:09.910+0300][2.482s][info][gc          ] GC(0) Pause Final Update Refs 0.234ms
[2021-02-28T14:25:09.910+0300][2.483s][info][gc,start    ] GC(0) Concurrent cleanup
[2021-02-28T14:25:09.910+0300][2.483s][info][gc          ] GC(0) Concurrent cleanup 302M->294M(1024M) 0.049ms
[2021-02-28T14:25:09.910+0300][2.483s][info][gc,ergo     ] Free: 677M, Max: 512K regular, 655M humongous, Frag: 4% external, 0% internal; Reserve: 52736K, Max: 512K
[2021-02-28T14:25:09.910+0300][2.483s][info][gc,stats    ] 
[2021-02-28T14:25:09.910+0300][2.483s][info][gc,stats    ] All times are wall-clock times, except per-root-class counters, that are sum over
[2021-02-28T14:25:09.910+0300][2.483s][info][gc,stats    ] all workers. Dividing the <total> over the root stage time estimates parallelism.
[2021-02-28T14:25:09.910+0300][2.483s][info][gc,stats    ] 
[2021-02-28T14:25:09.910+0300][2.483s][info][gc,stats    ] Concurrent Reset                    283 us
[2021-02-28T14:25:09.910+0300][2.483s][info][gc,stats    ] Pause Init Mark (G)                 843 us
[2021-02-28T14:25:09.910+0300][2.483s][info][gc,stats    ] Pause Init Mark (N)                 601 us
[2021-02-28T14:25:09.910+0300][2.483s][info][gc,stats    ]   Manage TLABs                        6 us
[2021-02-28T14:25:09.910+0300][2.483s][info][gc,stats    ]   Update Region States               68 us
[2021-02-28T14:25:09.910+0300][2.483s][info][gc,stats    ]   Scan Roots                        295 us, parallelism: 0.92x
[2021-02-28T14:25:09.910+0300][2.483s][info][gc,stats    ]     S: <total>                      271 us
[2021-02-28T14:25:09.910+0300][2.483s][info][gc,stats    ]     S: Thread Roots                 262 us, workers (us): 164,  97,   1, 
[2021-02-28T14:25:09.910+0300][2.483s][info][gc,stats    ]     S: Universe Roots                 4 us, workers (us):   4, ---, ---, 
[2021-02-28T14:25:09.910+0300][2.483s][info][gc,stats    ]     S: Synchronizer Roots             0 us, workers (us):   0, ---, ---, 
[2021-02-28T14:25:09.910+0300][2.483s][info][gc,stats    ]     S: Management Roots               4 us, workers (us):   4, ---, ---, 
[2021-02-28T14:25:09.910+0300][2.483s][info][gc,stats    ]     S: JVMTI Roots                    2 us, workers (us):   2, ---, ---, 
[2021-02-28T14:25:09.910+0300][2.483s][info][gc,stats    ] Concurrent Marking               325862 us
[2021-02-28T14:25:09.911+0300][2.483s][info][gc,stats    ]   Roots                             502 us, parallelism: 0.23x
[2021-02-28T14:25:09.911+0300][2.483s][info][gc,stats    ]     CM: <total>                     115 us
[2021-02-28T14:25:09.911+0300][2.483s][info][gc,stats    ]     CM: JNI Handles Roots             8 us, workers (us):   8, ---, ---, 
[2021-02-28T14:25:09.911+0300][2.483s][info][gc,stats    ]     CM: VM Global Roots               8 us, workers (us):   8, ---, ---, 
[2021-02-28T14:25:09.911+0300][2.483s][info][gc,stats    ]     CM: CLDG Roots                   99 us, workers (us):  99, ---, ---, 
[2021-02-28T14:25:09.911+0300][2.483s][info][gc,stats    ] Concurrent Precleaning              211 us
[2021-02-28T14:25:09.911+0300][2.483s][info][gc,stats    ] Pause Final Mark (G)                968 us
[2021-02-28T14:25:09.911+0300][2.483s][info][gc,stats    ] Pause Final Mark (N)                666 us
[2021-02-28T14:25:09.911+0300][2.483s][info][gc,stats    ]   Finish Queues                     104 us
[2021-02-28T14:25:09.911+0300][2.483s][info][gc,stats    ]   Weak References                    64 us
[2021-02-28T14:25:09.911+0300][2.483s][info][gc,stats    ]     Process                          52 us
[2021-02-28T14:25:09.911+0300][2.483s][info][gc,stats    ]   System Purge                      108 us
[2021-02-28T14:25:09.911+0300][2.483s][info][gc,stats    ]     Weak Roots                      107 us, parallelism: 0.04x
[2021-02-28T14:25:09.911+0300][2.483s][info][gc,stats    ]       WR: <total>                     5 us
[2021-02-28T14:25:09.911+0300][2.483s][info][gc,stats    ]       WR: JVMTI Weak Roots            4 us, workers (us):   4, ---, ---, 
[2021-02-28T14:25:09.911+0300][2.483s][info][gc,stats    ]       WR: JFR Weak Roots              0 us, workers (us):   0, ---, ---, 
[2021-02-28T14:25:09.911+0300][2.483s][info][gc,stats    ]   Update Region States               91 us
[2021-02-28T14:25:09.911+0300][2.483s][info][gc,stats    ]   Manage GC/TLABs                     3 us
[2021-02-28T14:25:09.911+0300][2.483s][info][gc,stats    ]   Choose Collection Set              84 us
[2021-02-28T14:25:09.911+0300][2.483s][info][gc,stats    ]   Rebuild Free Set                    9 us
[2021-02-28T14:25:09.911+0300][2.483s][info][gc,stats    ]   Initial Evacuation                147 us, parallelism: 0.43x
[2021-02-28T14:25:09.911+0300][2.483s][info][gc,stats    ]     E: <total>                       63 us
[2021-02-28T14:25:09.911+0300][2.483s][info][gc,stats    ]     E: Thread Roots                  55 us, workers (us):  23,  19,  12, 
[2021-02-28T14:25:09.911+0300][2.483s][info][gc,stats    ]     E: Universe Roots                 1 us, workers (us):   1, ---, ---, 
[2021-02-28T14:25:09.911+0300][2.483s][info][gc,stats    ]     E: JVMTI Weak Roots               0 us, workers (us):   0, ---, ---, 
[2021-02-28T14:25:09.911+0300][2.483s][info][gc,stats    ]     E: JFR Weak Roots                 0 us, workers (us):   0, ---, ---, 
[2021-02-28T14:25:09.911+0300][2.483s][info][gc,stats    ]     E: Synchronizer Roots             0 us, workers (us):   0, ---, ---, 
[2021-02-28T14:25:09.911+0300][2.483s][info][gc,stats    ]     E: Management Roots               6 us, workers (us):   6, ---, ---, 
[2021-02-28T14:25:09.911+0300][2.483s][info][gc,stats    ]     E: JVMTI Roots                    0 us, workers (us):   0, ---, ---, 
[2021-02-28T14:25:09.911+0300][2.483s][info][gc,stats    ] Concurrent Weak Roots             17622 us
[2021-02-28T14:25:09.911+0300][2.483s][info][gc,stats    ]   Roots                             311 us, parallelism: 0.48x
[2021-02-28T14:25:09.911+0300][2.483s][info][gc,stats    ]     CWR: <total>                    149 us
[2021-02-28T14:25:09.911+0300][2.483s][info][gc,stats    ]     CWR: JNI Weak Roots               0 us, workers (us):   0, ---, ---, 
[2021-02-28T14:25:09.911+0300][2.483s][info][gc,stats    ]     CWR: String Table Roots         104 us, workers (us): 104, ---, ---, 
[2021-02-28T14:25:09.911+0300][2.483s][info][gc,stats    ]     CWR: Resolved Table Roots        25 us, workers (us):  25, ---, ---, 
[2021-02-28T14:25:09.911+0300][2.483s][info][gc,stats    ]     CWR: VM Weak Roots               17 us, workers (us):  17, ---, ---, 
[2021-02-28T14:25:09.911+0300][2.483s][info][gc,stats    ]     CWR: CLDG Roots                   3 us, workers (us):   3, ---, ---, 
[2021-02-28T14:25:09.911+0300][2.483s][info][gc,stats    ]   Rendezvous                      17225 us
[2021-02-28T14:25:09.911+0300][2.483s][info][gc,stats    ] Concurrent Cleanup                   54 us
[2021-02-28T14:25:09.911+0300][2.483s][info][gc,stats    ] Concurrent Class Unloading          875 us
[2021-02-28T14:25:09.911+0300][2.483s][info][gc,stats    ]   Unlink Stale                      601 us
[2021-02-28T14:25:09.911+0300][2.483s][info][gc,stats    ]     System Dictionary                13 us
[2021-02-28T14:25:09.911+0300][2.483s][info][gc,stats    ]     Weak Class Links                  0 us
[2021-02-28T14:25:09.911+0300][2.483s][info][gc,stats    ]     Code Roots                      587 us
[2021-02-28T14:25:09.911+0300][2.483s][info][gc,stats    ]   Rendezvous                        185 us
[2021-02-28T14:25:09.911+0300][2.483s][info][gc,stats    ]   Purge Unlinked                     38 us
[2021-02-28T14:25:09.911+0300][2.483s][info][gc,stats    ]     Code Roots                       37 us
[2021-02-28T14:25:09.911+0300][2.483s][info][gc,stats    ]     CLDG                              0 us
[2021-02-28T14:25:09.911+0300][2.483s][info][gc,stats    ]     Exception Caches                  0 us
[2021-02-28T14:25:09.911+0300][2.484s][info][gc,stats    ] Concurrent Strong Roots             216 us, parallelism: 0.56x
[2021-02-28T14:25:09.911+0300][2.484s][info][gc,stats    ] Rendezvous                          121 us
[2021-02-28T14:25:09.911+0300][2.484s][info][gc,stats    ]   CSR: Universe Roots                 5 us, workers (us):   5, ---, ---, 
[2021-02-28T14:25:09.911+0300][2.484s][info][gc,stats    ]   CSR: Resolved Table Roots           3 us, workers (us):   3, ---, ---, 
[2021-02-28T14:25:09.911+0300][2.484s][info][gc,stats    ]   CSR: Management Roots             113 us, workers (us): 113, ---, ---, 
[2021-02-28T14:25:09.911+0300][2.484s][info][gc,stats    ] Concurrent Evacuation              2355 us
[2021-02-28T14:25:09.911+0300][2.484s][info][gc,stats    ] Pause Init  Update Refs (G)         621 us
[2021-02-28T14:25:09.911+0300][2.484s][info][gc,stats    ] Pause Init  Update Refs (N)          59 us
[2021-02-28T14:25:09.911+0300][2.484s][info][gc,stats    ]   Manage GCLABs                       5 us
[2021-02-28T14:25:09.911+0300][2.484s][info][gc,stats    ] Concurrent Update Refs           161242 us
[2021-02-28T14:25:09.911+0300][2.484s][info][gc,stats    ] Pause Final Update Refs (G)        9071 us
[2021-02-28T14:25:09.911+0300][2.484s][info][gc,stats    ] Pause Final Update Refs (N)         257 us
[2021-02-28T14:25:09.911+0300][2.484s][info][gc,stats    ]   Update Roots                       87 us, parallelism: 0.21x
[2021-02-28T14:25:09.911+0300][2.484s][info][gc,stats    ]     UR: <total>                      19 us
[2021-02-28T14:25:09.911+0300][2.484s][info][gc,stats    ]     UR: Thread Roots                 19 us, workers (us):  17,   1,   1, 
[2021-02-28T14:25:09.911+0300][2.484s][info][gc,stats    ]   Update Region States               91 us
[2021-02-28T14:25:09.911+0300][2.484s][info][gc,stats    ]   Trash Collection Set                2 us
[2021-02-28T14:25:09.911+0300][2.484s][info][gc,stats    ]   Rebuild Free Set                   11 us
[2021-02-28T14:25:09.911+0300][2.484s][info][gc,stats    ] Concurrent Cleanup                   64 us
[2021-02-28T14:25:09.911+0300][2.484s][info][gc,stats    ] Pacing                            97173 us
[2021-02-28T14:25:09.911+0300][2.484s][info][gc,stats    ] 
[2021-02-28T14:25:09.911+0300][2.484s][info][gc,stats    ] Allocation pacing accrued:
[2021-02-28T14:25:09.911+0300][2.484s][info][gc,stats    ]      97 of  2474 ms (  3.9%): main
[2021-02-28T14:25:09.911+0300][2.484s][info][gc,stats    ]      97 of  2474 ms (  3.9%): <total>
[2021-02-28T14:25:09.911+0300][2.484s][info][gc,stats    ]       9 of  2474 ms (  0.4%): <average total>
[2021-02-28T14:25:09.911+0300][2.484s][info][gc,stats    ]      97 of  2474 ms (  3.9%): <average non-zero>
[2021-02-28T14:25:09.911+0300][2.484s][info][gc,stats    ] 
[2021-02-28T14:25:09.912+0300][2.484s][info][gc,metaspace] Metaspace: 2900K(4864K)->3291K(4864K) NonClass: 2571K(4352K)->2913K(4352K) Class: 329K(512K)->378K(512K)
[2021-02-28T14:25:09.912+0300][2.484s][info][gc,ergo     ] Pacer for Idle. Initial: 20971K, Alloc Tax Rate: 1.0x
[2021-02-28T14:25:09.926+0300][2.498s][info][gc          ] Trigger: Learning 2 of 5. Free (677M) is below initial threshold (716M)
[2021-02-28T14:25:09.926+0300][2.498s][info][gc,ergo     ] Free: 677M, Max: 512K regular, 655M humongous, Frag: 4% external, 0% internal; Reserve: 52736K, Max: 512K
[2021-02-28T14:25:09.926+0300][2.498s][info][gc,start    ] GC(1) Concurrent reset
[2021-02-28T14:25:09.926+0300][2.498s][info][gc,task     ] GC(1) Using 1 of 3 workers for concurrent reset
[2021-02-28T14:25:09.926+0300][2.498s][info][gc,ergo     ] GC(1) Pacer for Reset. Non-Taxable: 1024M
[2021-02-28T14:25:09.926+0300][2.499s][info][gc          ] GC(1) Concurrent reset 0.596ms
[2021-02-28T14:25:09.927+0300][2.499s][info][gc,start    ] GC(1) Pause Init Mark (unload classes)
[2021-02-28T14:25:09.927+0300][2.499s][info][gc,task     ] GC(1) Using 3 of 3 workers for init marking
[2021-02-28T14:25:09.927+0300][2.499s][info][gc,ergo     ] GC(1) Pacer for Mark. Expected Live: 252M, Free: 677M, Non-Taxable: 69376K, Alloc Tax Rate: 0.5x
[2021-02-28T14:25:09.927+0300][2.499s][info][gc          ] GC(1) Pause Init Mark (unload classes) 0.247ms
[2021-02-28T14:25:09.927+0300][2.499s][info][gc,start    ] GC(1) Concurrent marking (unload classes)
[2021-02-28T14:25:09.927+0300][2.500s][info][gc,task     ] GC(1) Using 1 of 3 workers for concurrent marking
[2021-02-28T14:25:10.312+0300][2.884s][info][gc          ] GC(1) Concurrent marking (unload classes) 384.474ms
[2021-02-28T14:25:10.324+0300][2.896s][info][gc,start    ] GC(1) Pause Final Mark (unload classes)
[2021-02-28T14:25:10.324+0300][2.896s][info][gc,task     ] GC(1) Using 3 of 3 workers for final marking
[2021-02-28T14:25:10.324+0300][2.897s][info][gc,ergo     ] GC(1) Adaptive CSet Selection. Target Free: 145M, Actual Free: 735M, Max CSet: 43690K, Min Garbage: 0B
[2021-02-28T14:25:10.324+0300][2.897s][info][gc,ergo     ] GC(1) Collectable Garbage: 10073K (91%), Immediate: 7122K (64%), CSet: 2951K (26%)
[2021-02-28T14:25:10.324+0300][2.897s][info][gc,ergo     ] GC(1) Pacer for Evacuation. Used CSet: 3072K, Free: 684M, Non-Taxable: 70057K, Alloc Tax Rate: 1.1x
[2021-02-28T14:25:10.324+0300][2.897s][info][gc          ] GC(1) Pause Final Mark (unload classes) 0.566ms
[2021-02-28T14:25:10.324+0300][2.897s][info][gc,start    ] GC(1) Concurrent weak roots
[2021-02-28T14:25:10.324+0300][2.897s][info][gc,task     ] GC(1) Using 1 of 3 workers for concurrent weak root
[2021-02-28T14:25:10.340+0300][2.912s][info][gc          ] GC(1) Concurrent weak roots 15.180ms
[2021-02-28T14:25:10.340+0300][2.912s][info][gc,start    ] GC(1) Concurrent cleanup
[2021-02-28T14:25:10.340+0300][2.912s][info][gc          ] GC(1) Concurrent cleanup 295M->288M(1024M) 0.047ms
[2021-02-28T14:25:10.340+0300][2.912s][info][gc,ergo     ] GC(1) Free: 684M, Max: 512K regular, 655M humongous, Frag: 5% external, 0% internal; Reserve: 52701K, Max: 512K
[2021-02-28T14:25:10.340+0300][2.912s][info][gc,start    ] GC(1) Concurrent class unloading
[2021-02-28T14:25:10.340+0300][2.912s][info][gc,task     ] GC(1) Using 1 of 3 workers for concurrent class unloading
[2021-02-28T14:25:10.356+0300][2.928s][info][gc          ] GC(1) Concurrent class unloading 15.940ms
[2021-02-28T14:25:10.356+0300][2.928s][info][gc,start    ] GC(1) Concurrent strong roots
[2021-02-28T14:25:10.356+0300][2.928s][info][gc,task     ] GC(1) Using 1 of 3 workers for concurrent strong root
[2021-02-28T14:25:10.356+0300][2.928s][info][gc          ] GC(1) Concurrent strong roots 0.142ms
[2021-02-28T14:25:10.356+0300][2.928s][info][gc,start    ] GC(1) Concurrent evacuation
[2021-02-28T14:25:10.356+0300][2.928s][info][gc,task     ] GC(1) Using 1 of 3 workers for concurrent evacuation
[2021-02-28T14:25:10.356+0300][2.929s][info][gc          ] GC(1) Concurrent evacuation 0.236ms
[2021-02-28T14:25:10.371+0300][2.943s][info][gc,start    ] GC(1) Pause Init Update Refs
[2021-02-28T14:25:10.371+0300][2.943s][info][gc,ergo     ] GC(1) Pacer for Update Refs. Used: 288M, Free: 684M, Non-Taxable: 70041K, Alloc Tax Rate: 1.1x
[2021-02-28T14:25:10.371+0300][2.943s][info][gc          ] GC(1) Pause Init Update Refs 0.043ms
[2021-02-28T14:25:10.371+0300][2.943s][info][gc,start    ] GC(1) Concurrent update references
[2021-02-28T14:25:10.371+0300][2.943s][info][gc,task     ] GC(1) Using 1 of 3 workers for concurrent reference update
[2021-02-28T14:25:10.518+0300][3.090s][info][gc          ] GC(1) Concurrent update references 147.046ms
[2021-02-28T14:25:10.528+0300][3.100s][info][gc,start    ] GC(1) Pause Final Update Refs
[2021-02-28T14:25:10.528+0300][3.100s][info][gc,task     ] GC(1) Using 3 of 3 workers for final reference update
[2021-02-28T14:25:10.528+0300][3.101s][info][gc          ] GC(1) Pause Final Update Refs 0.248ms
[2021-02-28T14:25:10.528+0300][3.101s][info][gc,start    ] GC(1) Concurrent cleanup
[2021-02-28T14:25:10.528+0300][3.101s][info][gc          ] GC(1) Concurrent cleanup 288M->285M(1024M) 0.047ms
[2021-02-28T14:25:10.528+0300][3.101s][info][gc,ergo     ] Free: 686M, Max: 512K regular, 656M humongous, Frag: 5% external, 0% internal; Reserve: 52736K, Max: 512K
[2021-02-28T14:25:10.528+0300][3.101s][info][gc,stats    ] 
[2021-02-28T14:25:10.528+0300][3.101s][info][gc,stats    ] All times are wall-clock times, except per-root-class counters, that are sum over
[2021-02-28T14:25:10.528+0300][3.101s][info][gc,stats    ] all workers. Dividing the <total> over the root stage time estimates parallelism.
[2021-02-28T14:25:10.528+0300][3.101s][info][gc,stats    ] 
[2021-02-28T14:25:10.528+0300][3.101s][info][gc,stats    ] Concurrent Reset                    630 us
[2021-02-28T14:25:10.528+0300][3.101s][info][gc,stats    ] Pause Init Mark (G)                 709 us
[2021-02-28T14:25:10.528+0300][3.101s][info][gc,stats    ] Pause Init Mark (N)                 261 us
[2021-02-28T14:25:10.528+0300][3.101s][info][gc,stats    ]   Manage TLABs                        3 us
[2021-02-28T14:25:10.528+0300][3.101s][info][gc,stats    ]   Update Region States               86 us
[2021-02-28T14:25:10.528+0300][3.101s][info][gc,stats    ]   Scan Roots                         94 us, parallelism: 0.29x
[2021-02-28T14:25:10.528+0300][3.101s][info][gc,stats    ]     S: <total>                       27 us
[2021-02-28T14:25:10.528+0300][3.101s][info][gc,stats    ]     S: Thread Roots                  21 us, workers (us):  20,   1,   0, 
[2021-02-28T14:25:10.528+0300][3.101s][info][gc,stats    ]     S: Universe Roots                 2 us, workers (us):   2, ---, ---, 
[2021-02-28T14:25:10.528+0300][3.101s][info][gc,stats    ]     S: Synchronizer Roots             0 us, workers (us):   0, ---, ---, 
[2021-02-28T14:25:10.528+0300][3.101s][info][gc,stats    ]     S: Management Roots               5 us, workers (us):   5, ---, ---, 
[2021-02-28T14:25:10.528+0300][3.101s][info][gc,stats    ]     S: JVMTI Roots                    0 us, workers (us):   0, ---, ---, 
[2021-02-28T14:25:10.528+0300][3.101s][info][gc,stats    ] Concurrent Marking               384512 us
[2021-02-28T14:25:10.528+0300][3.101s][info][gc,stats    ]   Roots                             151 us, parallelism: 0.55x
[2021-02-28T14:25:10.528+0300][3.101s][info][gc,stats    ]     CM: <total>                      83 us
[2021-02-28T14:25:10.528+0300][3.101s][info][gc,stats    ]     CM: JNI Handles Roots            15 us, workers (us):  15, ---, ---, 
[2021-02-28T14:25:10.528+0300][3.101s][info][gc,stats    ]     CM: VM Global Roots               5 us, workers (us):   5, ---, ---, 
[2021-02-28T14:25:10.529+0300][3.101s][info][gc,stats    ]     CM: CLDG Roots                   63 us, workers (us):  63, ---, ---, 
[2021-02-28T14:25:10.529+0300][3.101s][info][gc,stats    ] Pause Final Mark (G)              12825 us
[2021-02-28T14:25:10.529+0300][3.101s][info][gc,stats    ] Pause Final Mark (N)                579 us
[2021-02-28T14:25:10.529+0300][3.101s][info][gc,stats    ]   Finish Queues                     135 us
[2021-02-28T14:25:10.529+0300][3.101s][info][gc,stats    ]   System Purge                       90 us
[2021-02-28T14:25:10.529+0300][3.101s][info][gc,stats    ]     Weak Roots                       89 us, parallelism: 0.01x
[2021-02-28T14:25:10.529+0300][3.101s][info][gc,stats    ]       WR: <total>                     1 us
[2021-02-28T14:25:10.529+0300][3.101s][info][gc,stats    ]       WR: JVMTI Weak Roots            0 us, workers (us):   0, ---, ---, 
[2021-02-28T14:25:10.529+0300][3.101s][info][gc,stats    ]       WR: JFR Weak Roots              0 us, workers (us):   0, ---, ---, 
[2021-02-28T14:25:10.529+0300][3.101s][info][gc,stats    ]   Update Region States               88 us
[2021-02-28T14:25:10.529+0300][3.101s][info][gc,stats    ]   Manage GC/TLABs                     3 us
[2021-02-28T14:25:10.529+0300][3.101s][info][gc,stats    ]   Choose Collection Set              72 us
[2021-02-28T14:25:10.529+0300][3.101s][info][gc,stats    ]   Rebuild Free Set                    8 us
[2021-02-28T14:25:10.529+0300][3.101s][info][gc,stats    ]   Initial Evacuation                119 us, parallelism: 0.22x
[2021-02-28T14:25:10.529+0300][3.101s][info][gc,stats    ]     E: <total>                       26 us
[2021-02-28T14:25:10.529+0300][3.101s][info][gc,stats    ]     E: Thread Roots                  24 us, workers (us):  23,   1,   1, 
[2021-02-28T14:25:10.529+0300][3.101s][info][gc,stats    ]     E: Universe Roots                 1 us, workers (us):   1, ---, ---, 
[2021-02-28T14:25:10.529+0300][3.101s][info][gc,stats    ]     E: JVMTI Weak Roots               0 us, workers (us):   0, ---, ---, 
[2021-02-28T14:25:10.529+0300][3.101s][info][gc,stats    ]     E: JFR Weak Roots                 0 us, workers (us):   0, ---, ---, 
[2021-02-28T14:25:10.529+0300][3.101s][info][gc,stats    ]     E: Synchronizer Roots             0 us, workers (us):   0, ---, ---, 
[2021-02-28T14:25:10.529+0300][3.101s][info][gc,stats    ]     E: Management Roots               1 us, workers (us):   1, ---, ---, 
[2021-02-28T14:25:10.529+0300][3.101s][info][gc,stats    ]     E: JVMTI Roots                    0 us, workers (us):   0, ---, ---, 
[2021-02-28T14:25:10.529+0300][3.101s][info][gc,stats    ] Concurrent Weak Roots             15226 us
[2021-02-28T14:25:10.529+0300][3.101s][info][gc,stats    ]   Roots                             183 us, parallelism: 0.22x
[2021-02-28T14:25:10.529+0300][3.101s][info][gc,stats    ]     CWR: <total>                     40 us
[2021-02-28T14:25:10.529+0300][3.101s][info][gc,stats    ]     CWR: JNI Weak Roots               0 us, workers (us):   0, ---, ---, 
[2021-02-28T14:25:10.529+0300][3.101s][info][gc,stats    ]     CWR: String Table Roots          25 us, workers (us):  25, ---, ---, 
[2021-02-28T14:25:10.529+0300][3.101s][info][gc,stats    ]     CWR: Resolved Table Roots         5 us, workers (us):   5, ---, ---, 
[2021-02-28T14:25:10.529+0300][3.101s][info][gc,stats    ]     CWR: VM Weak Roots                7 us, workers (us):   7, ---, ---, 
[2021-02-28T14:25:10.529+0300][3.101s][info][gc,stats    ]     CWR: CLDG Roots                   2 us, workers (us):   2, ---, ---, 
[2021-02-28T14:25:10.529+0300][3.101s][info][gc,stats    ]   Rendezvous                      14958 us
[2021-02-28T14:25:10.529+0300][3.101s][info][gc,stats    ] Concurrent Cleanup                   74 us
[2021-02-28T14:25:10.529+0300][3.101s][info][gc,stats    ] Concurrent Class Unloading        15971 us
[2021-02-28T14:25:10.529+0300][3.101s][info][gc,stats    ]   Unlink Stale                      448 us
[2021-02-28T14:25:10.529+0300][3.101s][info][gc,stats    ]     System Dictionary                 4 us
[2021-02-28T14:25:10.529+0300][3.102s][info][gc,stats    ]     Weak Class Links                  0 us
[2021-02-28T14:25:10.529+0300][3.102s][info][gc,stats    ]     Code Roots                      443 us
[2021-02-28T14:25:10.529+0300][3.102s][info][gc,stats    ]   Rendezvous                      15378 us
[2021-02-28T14:25:10.529+0300][3.102s][info][gc,stats    ]   Purge Unlinked                     89 us
[2021-02-28T14:25:10.529+0300][3.102s][info][gc,stats    ]     Code Roots                       88 us
[2021-02-28T14:25:10.529+0300][3.102s][info][gc,stats    ]     CLDG                              0 us
[2021-02-28T14:25:10.529+0300][3.102s][info][gc,stats    ]     Exception Caches                  0 us
[2021-02-28T14:25:10.529+0300][3.102s][info][gc,stats    ] Concurrent Strong Roots             164 us, parallelism: 0.22x
[2021-02-28T14:25:10.529+0300][3.102s][info][gc,stats    ] Rendezvous                           36 us
[2021-02-28T14:25:10.529+0300][3.102s][info][gc,stats    ]   CSR: Universe Roots                 1 us, workers (us):   1, ---, ---, 
[2021-02-28T14:25:10.529+0300][3.102s][info][gc,stats    ]   CSR: Resolved Table Roots           2 us, workers (us):   2, ---, ---, 
[2021-02-28T14:25:10.529+0300][3.102s][info][gc,stats    ]   CSR: Management Roots              33 us, workers (us):  33, ---, ---, 
[2021-02-28T14:25:10.529+0300][3.102s][info][gc,stats    ] Concurrent Evacuation               258 us
[2021-02-28T14:25:10.529+0300][3.102s][info][gc,stats    ] Pause Init  Update Refs (G)       14845 us
[2021-02-28T14:25:10.529+0300][3.102s][info][gc,stats    ] Pause Init  Update Refs (N)          55 us
[2021-02-28T14:25:10.529+0300][3.102s][info][gc,stats    ]   Manage GCLABs                       1 us
[2021-02-28T14:25:10.529+0300][3.102s][info][gc,stats    ] Concurrent Update Refs           147084 us
[2021-02-28T14:25:10.529+0300][3.102s][info][gc,stats    ] Pause Final Update Refs (G)       10239 us
[2021-02-28T14:25:10.529+0300][3.102s][info][gc,stats    ] Pause Final Update Refs (N)         270 us
[2021-02-28T14:25:10.529+0300][3.102s][info][gc,stats    ]   Update Roots                      102 us, parallelism: 0.25x
[2021-02-28T14:25:10.529+0300][3.102s][info][gc,stats    ]     UR: <total>                      25 us
[2021-02-28T14:25:10.529+0300][3.102s][info][gc,stats    ]     UR: Thread Roots                 25 us, workers (us):   9,   9,   7, 
[2021-02-28T14:25:10.529+0300][3.102s][info][gc,stats    ]   Update Region States               94 us
[2021-02-28T14:25:10.529+0300][3.102s][info][gc,stats    ]   Trash Collection Set                2 us
[2021-02-28T14:25:10.529+0300][3.102s][info][gc,stats    ]   Rebuild Free Set                    9 us
[2021-02-28T14:25:10.529+0300][3.102s][info][gc,stats    ] Concurrent Cleanup                   62 us
[2021-02-28T14:25:10.529+0300][3.102s][info][gc,stats    ] 
[2021-02-28T14:25:10.529+0300][3.102s][info][gc,stats    ] Allocation pacing accrued:
[2021-02-28T14:25:10.529+0300][3.102s][info][gc,stats    ]       0 of   618 ms (  0.0%): <total>
[2021-02-28T14:25:10.529+0300][3.102s][info][gc,stats    ]       0 of   618 ms (  0.0%): <average total>
[2021-02-28T14:25:10.529+0300][3.102s][info][gc,stats    ] 
[2021-02-28T14:25:10.529+0300][3.102s][info][gc,metaspace] Metaspace: 3291K(4864K)->3296K(4864K) NonClass: 2913K(4352K)->2918K(4352K) Class: 378K(512K)->378K(512K)
[2021-02-28T14:25:10.529+0300][3.102s][info][gc,ergo     ] Pacer for Idle. Initial: 20971K, Alloc Tax Rate: 1.0x
[2021-02-28T14:25:10.544+0300][3.116s][info][gc          ] Trigger: Learning 3 of 5. Free (686M) is below initial threshold (716M)
[2021-02-28T14:25:10.544+0300][3.116s][info][gc,ergo     ] Free: 686M, Max: 512K regular, 656M humongous, Frag: 5% external, 0% internal; Reserve: 52736K, Max: 512K
[2021-02-28T14:25:10.544+0300][3.116s][info][gc,start    ] GC(2) Concurrent reset
[2021-02-28T14:25:10.544+0300][3.116s][info][gc,task     ] GC(2) Using 1 of 3 workers for concurrent reset
[2021-02-28T14:25:10.544+0300][3.116s][info][gc,ergo     ] GC(2) Pacer for Reset. Non-Taxable: 1024M
[2021-02-28T14:25:10.544+0300][3.117s][info][gc          ] GC(2) Concurrent reset 0.650ms
[2021-02-28T14:25:10.545+0300][3.117s][info][gc,start    ] GC(2) Pause Init Mark (unload classes)
[2021-02-28T14:25:10.545+0300][3.117s][info][gc,task     ] GC(2) Using 3 of 3 workers for init marking
[2021-02-28T14:25:10.545+0300][3.117s][info][gc,ergo     ] GC(2) Pacer for Mark. Expected Live: 268M, Free: 686M, Non-Taxable: 70296K, Alloc Tax Rate: 0.5x
[2021-02-28T14:25:10.545+0300][3.117s][info][gc          ] GC(2) Pause Init Mark (unload classes) 0.266ms
[2021-02-28T14:25:10.545+0300][3.118s][info][gc,start    ] GC(2) Concurrent marking (unload classes)
[2021-02-28T14:25:10.545+0300][3.118s][info][gc,task     ] GC(2) Using 1 of 3 workers for concurrent marking
[2021-02-28T14:25:10.931+0300][3.504s][info][gc          ] GC(2) Concurrent marking (unload classes) 386.161ms
[2021-02-28T14:25:10.932+0300][3.505s][info][gc,start    ] GC(2) Pause Final Mark (unload classes)
[2021-02-28T14:25:10.932+0300][3.505s][info][gc,task     ] GC(2) Using 3 of 3 workers for final marking
[2021-02-28T14:25:10.933+0300][3.505s][info][gc,ergo     ] GC(2) Adaptive CSet Selection. Target Free: 145M, Actual Free: 738M, Max CSet: 43690K, Min Garbage: 0B
[2021-02-28T14:25:10.933+0300][3.505s][info][gc,ergo     ] GC(2) Collectable Garbage: 868K (47%), Immediate: 512K (27%), CSet: 356K (19%)
[2021-02-28T14:25:10.933+0300][3.505s][info][gc,ergo     ] GC(2) Pacer for Evacuation. Used CSet: 512K, Free: 686M, Non-Taxable: 70331K, Alloc Tax Rate: 1.1x
[2021-02-28T14:25:10.933+0300][3.505s][info][gc          ] GC(2) Pause Final Mark (unload classes) 0.605ms
[2021-02-28T14:25:10.933+0300][3.506s][info][gc,start    ] GC(2) Concurrent weak roots
[2021-02-28T14:25:10.933+0300][3.506s][info][gc,task     ] GC(2) Using 1 of 3 workers for concurrent weak root
[2021-02-28T14:25:10.942+0300][3.514s][info][gc          ] GC(2) Concurrent weak roots 8.520ms
[2021-02-28T14:25:10.942+0300][3.514s][info][gc,start    ] GC(2) Concurrent cleanup
[2021-02-28T14:25:10.942+0300][3.514s][info][gc          ] GC(2) Concurrent cleanup 286M->285M(1024M) 0.048ms
[2021-02-28T14:25:10.942+0300][3.514s][info][gc,ergo     ] GC(2) Free: 686M, Max: 512K regular, 656M humongous, Frag: 5% external, 0% internal; Reserve: 52733K, Max: 512K
[2021-02-28T14:25:10.942+0300][3.514s][info][gc,start    ] GC(2) Concurrent class unloading
[2021-02-28T14:25:10.942+0300][3.514s][info][gc,task     ] GC(2) Using 1 of 3 workers for concurrent class unloading
[2021-02-28T14:25:10.958+0300][3.530s][info][gc          ] GC(2) Concurrent class unloading 15.888ms
[2021-02-28T14:25:10.958+0300][3.530s][info][gc,start    ] GC(2) Concurrent strong roots
[2021-02-28T14:25:10.958+0300][3.530s][info][gc,task     ] GC(2) Using 1 of 3 workers for concurrent strong root
[2021-02-28T14:25:10.958+0300][3.530s][info][gc          ] GC(2) Concurrent strong roots 0.154ms
[2021-02-28T14:25:10.958+0300][3.530s][info][gc,start    ] GC(2) Concurrent evacuation
[2021-02-28T14:25:10.958+0300][3.530s][info][gc,task     ] GC(2) Using 1 of 3 workers for concurrent evacuation
[2021-02-28T14:25:10.958+0300][3.531s][info][gc          ] GC(2) Concurrent evacuation 0.189ms
[2021-02-28T14:25:10.974+0300][3.546s][info][gc,start    ] GC(2) Pause Init Update Refs
[2021-02-28T14:25:10.974+0300][3.546s][info][gc,ergo     ] GC(2) Pacer for Update Refs. Used: 286M, Free: 686M, Non-Taxable: 70295K, Alloc Tax Rate: 1.1x
[2021-02-28T14:25:10.974+0300][3.546s][info][gc          ] GC(2) Pause Init Update Refs 0.060ms
[2021-02-28T14:25:10.974+0300][3.546s][info][gc,start    ] GC(2) Concurrent update references
[2021-02-28T14:25:10.974+0300][3.546s][info][gc,task     ] GC(2) Using 1 of 3 workers for concurrent reference update
[2021-02-28T14:25:11.123+0300][3.695s][info][gc          ] GC(2) Concurrent update references 148.638ms
[2021-02-28T14:25:11.134+0300][3.706s][info][gc,start    ] GC(2) Pause Final Update Refs
[2021-02-28T14:25:11.134+0300][3.706s][info][gc,task     ] GC(2) Using 3 of 3 workers for final reference update
[2021-02-28T14:25:11.134+0300][3.707s][info][gc          ] GC(2) Pause Final Update Refs 0.260ms
[2021-02-28T14:25:11.134+0300][3.707s][info][gc,start    ] GC(2) Concurrent cleanup
[2021-02-28T14:25:11.134+0300][3.707s][info][gc          ] GC(2) Concurrent cleanup 286M->285M(1024M) 0.040ms
[2021-02-28T14:25:11.134+0300][3.707s][info][gc,ergo     ] Free: 686M, Max: 512K regular, 655M humongous, Frag: 5% external, 0% internal; Reserve: 52736K, Max: 512K
[2021-02-28T14:25:11.134+0300][3.707s][info][gc,stats    ] 
[2021-02-28T14:25:11.134+0300][3.707s][info][gc,stats    ] All times are wall-clock times, except per-root-class counters, that are sum over
[2021-02-28T14:25:11.134+0300][3.707s][info][gc,stats    ] all workers. Dividing the <total> over the root stage time estimates parallelism.
[2021-02-28T14:25:11.134+0300][3.707s][info][gc,stats    ] 
[2021-02-28T14:25:11.134+0300][3.707s][info][gc,stats    ] Concurrent Reset                    687 us
[2021-02-28T14:25:11.134+0300][3.707s][info][gc,stats    ] Pause Init Mark (G)                 600 us
[2021-02-28T14:25:11.134+0300][3.707s][info][gc,stats    ] Pause Init Mark (N)                 279 us
[2021-02-28T14:25:11.134+0300][3.707s][info][gc,stats    ]   Manage TLABs                        3 us
[2021-02-28T14:25:11.134+0300][3.707s][info][gc,stats    ]   Update Region States               95 us
[2021-02-28T14:25:11.134+0300][3.707s][info][gc,stats    ]   Scan Roots                        102 us, parallelism: 0.32x
[2021-02-28T14:25:11.134+0300][3.707s][info][gc,stats    ]     S: <total>                       32 us
[2021-02-28T14:25:11.134+0300][3.707s][info][gc,stats    ]     S: Thread Roots                  29 us, workers (us):  16,   6,   7, 
[2021-02-28T14:25:11.134+0300][3.707s][info][gc,stats    ]     S: Universe Roots                 2 us, workers (us):   2, ---, ---, 
[2021-02-28T14:25:11.134+0300][3.707s][info][gc,stats    ]     S: Synchronizer Roots             0 us, workers (us):   0, ---, ---, 
[2021-02-28T14:25:11.134+0300][3.707s][info][gc,stats    ]     S: Management Roots               1 us, workers (us):   1, ---, ---, 
[2021-02-28T14:25:11.134+0300][3.707s][info][gc,stats    ]     S: JVMTI Roots                    0 us, workers (us):   0, ---, ---, 
[2021-02-28T14:25:11.134+0300][3.707s][info][gc,stats    ] Concurrent Marking               386215 us
[2021-02-28T14:25:11.134+0300][3.707s][info][gc,stats    ]   Roots                             140 us, parallelism: 0.43x
[2021-02-28T14:25:11.134+0300][3.707s][info][gc,stats    ]     CM: <total>                      60 us
[2021-02-28T14:25:11.134+0300][3.707s][info][gc,stats    ]     CM: JNI Handles Roots             2 us, workers (us):   2, ---, ---, 
[2021-02-28T14:25:11.134+0300][3.707s][info][gc,stats    ]     CM: VM Global Roots               5 us, workers (us):   5, ---, ---, 
[2021-02-28T14:25:11.134+0300][3.707s][info][gc,stats    ]     CM: CLDG Roots                   53 us, workers (us):  53, ---, ---, 
[2021-02-28T14:25:11.134+0300][3.707s][info][gc,stats    ] Pause Final Mark (G)               1828 us
[2021-02-28T14:25:11.135+0300][3.707s][info][gc,stats    ] Pause Final Mark (N)                619 us
[2021-02-28T14:25:11.135+0300][3.707s][info][gc,stats    ]   Finish Queues                     109 us
[2021-02-28T14:25:11.135+0300][3.707s][info][gc,stats    ]   System Purge                      110 us
[2021-02-28T14:25:11.135+0300][3.707s][info][gc,stats    ]     Weak Roots                      110 us, parallelism: 0.01x
[2021-02-28T14:25:11.135+0300][3.707s][info][gc,stats    ]       WR: <total>                     1 us
[2021-02-28T14:25:11.135+0300][3.707s][info][gc,stats    ]       WR: JVMTI Weak Roots            0 us, workers (us):   0, ---, ---, 
[2021-02-28T14:25:11.135+0300][3.707s][info][gc,stats    ]       WR: JFR Weak Roots              0 us, workers (us):   0, ---, ---, 
[2021-02-28T14:25:11.135+0300][3.707s][info][gc,stats    ]   Update Region States              119 us
[2021-02-28T14:25:11.135+0300][3.707s][info][gc,stats    ]   Manage GC/TLABs                     3 us
[2021-02-28T14:25:11.135+0300][3.707s][info][gc,stats    ]   Choose Collection Set              71 us
[2021-02-28T14:25:11.135+0300][3.707s][info][gc,stats    ]   Rebuild Free Set                    8 us
[2021-02-28T14:25:11.135+0300][3.707s][info][gc,stats    ]   Initial Evacuation                144 us, parallelism: 0.21x
[2021-02-28T14:25:11.135+0300][3.707s][info][gc,stats    ]     E: <total>                       30 us
[2021-02-28T14:25:11.135+0300][3.707s][info][gc,stats    ]     E: Thread Roots                  27 us, workers (us):  15,  12,   1, 
[2021-02-28T14:25:11.135+0300][3.707s][info][gc,stats    ]     E: Universe Roots                 1 us, workers (us):   1, ---, ---, 
[2021-02-28T14:25:11.135+0300][3.707s][info][gc,stats    ]     E: JVMTI Weak Roots               0 us, workers (us):   0, ---, ---, 
[2021-02-28T14:25:11.135+0300][3.707s][info][gc,stats    ]     E: JFR Weak Roots                 0 us, workers (us):   0, ---, ---, 
[2021-02-28T14:25:11.135+0300][3.707s][info][gc,stats    ]     E: Synchronizer Roots             0 us, workers (us): ---,   0, ---, 
[2021-02-28T14:25:11.135+0300][3.707s][info][gc,stats    ]     E: Management Roots               1 us, workers (us): ---,   1, ---, 
[2021-02-28T14:25:11.135+0300][3.707s][info][gc,stats    ]     E: JVMTI Roots                    0 us, workers (us):   0, ---, ---, 
[2021-02-28T14:25:11.135+0300][3.707s][info][gc,stats    ] Concurrent Weak Roots              8568 us
[2021-02-28T14:25:11.135+0300][3.707s][info][gc,stats    ]   Roots                             145 us, parallelism: 0.20x
[2021-02-28T14:25:11.135+0300][3.707s][info][gc,stats    ]     CWR: <total>                     29 us
[2021-02-28T14:25:11.135+0300][3.707s][info][gc,stats    ]     CWR: JNI Weak Roots               0 us, workers (us):   0, ---, ---, 
[2021-02-28T14:25:11.135+0300][3.707s][info][gc,stats    ]     CWR: String Table Roots          23 us, workers (us):  23, ---, ---, 
[2021-02-28T14:25:11.135+0300][3.707s][info][gc,stats    ]     CWR: Resolved Table Roots         2 us, workers (us):   2, ---, ---, 
[2021-02-28T14:25:11.135+0300][3.707s][info][gc,stats    ]     CWR: VM Weak Roots                1 us, workers (us):   1, ---, ---, 
[2021-02-28T14:25:11.135+0300][3.707s][info][gc,stats    ]     CWR: CLDG Roots                   2 us, workers (us):   2, ---, ---, 
[2021-02-28T14:25:11.135+0300][3.707s][info][gc,stats    ]   Rendezvous                       8335 us
[2021-02-28T14:25:11.135+0300][3.707s][info][gc,stats    ] Concurrent Cleanup                   97 us
[2021-02-28T14:25:11.135+0300][3.707s][info][gc,stats    ] Concurrent Class Unloading        15938 us
[2021-02-28T14:25:11.135+0300][3.707s][info][gc,stats    ]   Unlink Stale                      537 us
[2021-02-28T14:25:11.135+0300][3.707s][info][gc,stats    ]     System Dictionary                 9 us
[2021-02-28T14:25:11.135+0300][3.707s][info][gc,stats    ]     Weak Class Links                  0 us
[2021-02-28T14:25:11.135+0300][3.707s][info][gc,stats    ]     Code Roots                      527 us
[2021-02-28T14:25:11.135+0300][3.707s][info][gc,stats    ]   Rendezvous                      15261 us
[2021-02-28T14:25:11.135+0300][3.707s][info][gc,stats    ]   Purge Unlinked                     63 us
[2021-02-28T14:25:11.135+0300][3.707s][info][gc,stats    ]     Code Roots                       62 us
[2021-02-28T14:25:11.135+0300][3.708s][info][gc,stats    ]     CLDG                              1 us
[2021-02-28T14:25:11.135+0300][3.708s][info][gc,stats    ]     Exception Caches                  0 us
[2021-02-28T14:25:11.135+0300][3.708s][info][gc,stats    ] Concurrent Strong Roots             176 us, parallelism: 0.07x
[2021-02-28T14:25:11.135+0300][3.708s][info][gc,stats    ] Rendezvous                           13 us
[2021-02-28T14:25:11.135+0300][3.708s][info][gc,stats    ]   CSR: Universe Roots                 1 us, workers (us):   1, ---, ---, 
[2021-02-28T14:25:11.135+0300][3.708s][info][gc,stats    ]   CSR: Resolved Table Roots           1 us, workers (us):   1, ---, ---, 
[2021-02-28T14:25:11.135+0300][3.708s][info][gc,stats    ]   CSR: Management Roots              11 us, workers (us):  11, ---, ---, 
[2021-02-28T14:25:11.135+0300][3.708s][info][gc,stats    ] Concurrent Evacuation               211 us
[2021-02-28T14:25:11.135+0300][3.708s][info][gc,stats    ] Pause Init  Update Refs (G)       15786 us
[2021-02-28T14:25:11.135+0300][3.708s][info][gc,stats    ] Pause Init  Update Refs (N)          72 us
[2021-02-28T14:25:11.135+0300][3.708s][info][gc,stats    ]   Manage GCLABs                       1 us
[2021-02-28T14:25:11.135+0300][3.708s][info][gc,stats    ] Concurrent Update Refs           148677 us
[2021-02-28T14:25:11.135+0300][3.708s][info][gc,stats    ] Pause Final Update Refs (G)       11562 us
[2021-02-28T14:25:11.135+0300][3.708s][info][gc,stats    ] Pause Final Update Refs (N)         284 us
[2021-02-28T14:25:11.135+0300][3.708s][info][gc,stats    ]   Update Roots                       98 us, parallelism: 0.20x
[2021-02-28T14:25:11.135+0300][3.708s][info][gc,stats    ]     UR: <total>                      20 us
[2021-02-28T14:25:11.135+0300][3.708s][info][gc,stats    ]     UR: Thread Roots                 20 us, workers (us):  19,   1,   1, 
[2021-02-28T14:25:11.135+0300][3.708s][info][gc,stats    ]   Update Region States               97 us
[2021-02-28T14:25:11.135+0300][3.708s][info][gc,stats    ]   Trash Collection Set                2 us
[2021-02-28T14:25:11.135+0300][3.708s][info][gc,stats    ]   Rebuild Free Set                   12 us
[2021-02-28T14:25:11.135+0300][3.708s][info][gc,stats    ] Concurrent Cleanup                   55 us
[2021-02-28T14:25:11.135+0300][3.708s][info][gc,stats    ] 
[2021-02-28T14:25:11.135+0300][3.708s][info][gc,stats    ] Allocation pacing accrued:
[2021-02-28T14:25:11.135+0300][3.708s][info][gc,stats    ]       0 of   606 ms (  0.0%): <total>
[2021-02-28T14:25:11.135+0300][3.708s][info][gc,stats    ]       0 of   606 ms (  0.0%): <average total>
[2021-02-28T14:25:11.135+0300][3.708s][info][gc,stats    ] 
[2021-02-28T14:25:11.135+0300][3.708s][info][gc,metaspace] Metaspace: 3300K(4864K)->3309K(4864K) NonClass: 2922K(4352K)->2931K(4352K) Class: 378K(512K)->378K(512K)
[2021-02-28T14:25:11.135+0300][3.708s][info][gc,ergo     ] Pacer for Idle. Initial: 20971K, Alloc Tax Rate: 1.0x
[2021-02-28T14:25:11.150+0300][3.722s][info][gc          ] Trigger: Learning 4 of 5. Free (686M) is below initial threshold (716M)
[2021-02-28T14:25:11.150+0300][3.722s][info][gc,ergo     ] Free: 686M, Max: 512K regular, 655M humongous, Frag: 5% external, 0% internal; Reserve: 52736K, Max: 512K
[2021-02-28T14:25:11.150+0300][3.722s][info][gc,start    ] GC(3) Concurrent reset
[2021-02-28T14:25:11.150+0300][3.722s][info][gc,task     ] GC(3) Using 1 of 3 workers for concurrent reset
[2021-02-28T14:25:11.150+0300][3.722s][info][gc,ergo     ] GC(3) Pacer for Reset. Non-Taxable: 1024M
[2021-02-28T14:25:11.150+0300][3.723s][info][gc          ] GC(3) Concurrent reset 0.486ms
[2021-02-28T14:25:11.150+0300][3.723s][info][gc,start    ] GC(3) Pause Init Mark (unload classes)
[2021-02-28T14:25:11.151+0300][3.723s][info][gc,task     ] GC(3) Using 3 of 3 workers for init marking
[2021-02-28T14:25:11.151+0300][3.723s][info][gc,ergo     ] GC(3) Pacer for Mark. Expected Live: 273M, Free: 686M, Non-Taxable: 70293K, Alloc Tax Rate: 0.5x
[2021-02-28T14:25:11.151+0300][3.723s][info][gc          ] GC(3) Pause Init Mark (unload classes) 0.249ms
[2021-02-28T14:25:11.151+0300][3.723s][info][gc,start    ] GC(3) Concurrent marking (unload classes)
[2021-02-28T14:25:11.151+0300][3.723s][info][gc,task     ] GC(3) Using 1 of 3 workers for concurrent marking
[2021-02-28T14:25:11.538+0300][4.111s][info][gc          ] GC(3) Concurrent marking (unload classes) 387.435ms
[2021-02-28T14:25:11.550+0300][4.122s][info][gc,start    ] GC(3) Pause Final Mark (unload classes)
[2021-02-28T14:25:11.550+0300][4.122s][info][gc,task     ] GC(3) Using 3 of 3 workers for final marking
[2021-02-28T14:25:11.550+0300][4.123s][info][gc,ergo     ] GC(3) Adaptive CSet Selection. Target Free: 145M, Actual Free: 737M, Max CSet: 43690K, Min Garbage: 0B
[2021-02-28T14:25:11.550+0300][4.123s][info][gc,ergo     ] GC(3) Collectable Garbage: 890K (47%), Immediate: 361K (19%), CSet: 529K (28%)
[2021-02-28T14:25:11.550+0300][4.123s][info][gc,ergo     ] GC(3) Pacer for Evacuation. Used CSet: 680K, Free: 686M, Non-Taxable: 70280K, Alloc Tax Rate: 1.1x
[2021-02-28T14:25:11.550+0300][4.123s][info][gc          ] GC(3) Pause Final Mark (unload classes) 0.540ms
[2021-02-28T14:25:11.550+0300][4.123s][info][gc,start    ] GC(3) Concurrent weak roots
[2021-02-28T14:25:11.550+0300][4.123s][info][gc,task     ] GC(3) Using 1 of 3 workers for concurrent weak root
[2021-02-28T14:25:11.566+0300][4.138s][info][gc          ] GC(3) Concurrent weak roots 15.255ms
[2021-02-28T14:25:11.566+0300][4.138s][info][gc,start    ] GC(3) Concurrent cleanup
[2021-02-28T14:25:11.566+0300][4.138s][info][gc          ] GC(3) Concurrent cleanup 286M->286M(1024M) 0.041ms
[2021-02-28T14:25:11.566+0300][4.138s][info][gc,ergo     ] GC(3) Free: 685M, Max: 512K regular, 655M humongous, Frag: 5% external, 0% internal; Reserve: 52733K, Max: 512K
[2021-02-28T14:25:11.566+0300][4.138s][info][gc,start    ] GC(3) Concurrent class unloading
[2021-02-28T14:25:11.566+0300][4.138s][info][gc,task     ] GC(3) Using 1 of 3 workers for concurrent class unloading
[2021-02-28T14:25:11.582+0300][4.154s][info][gc          ] GC(3) Concurrent class unloading 15.975ms
[2021-02-28T14:25:11.582+0300][4.154s][info][gc,start    ] GC(3) Concurrent strong roots
[2021-02-28T14:25:11.582+0300][4.154s][info][gc,task     ] GC(3) Using 1 of 3 workers for concurrent strong root
[2021-02-28T14:25:11.582+0300][4.154s][info][gc          ] GC(3) Concurrent strong roots 0.122ms
[2021-02-28T14:25:11.582+0300][4.154s][info][gc,start    ] GC(3) Concurrent evacuation
[2021-02-28T14:25:11.582+0300][4.154s][info][gc,task     ] GC(3) Using 1 of 3 workers for concurrent evacuation
[2021-02-28T14:25:11.582+0300][4.155s][info][gc          ] GC(3) Concurrent evacuation 0.212ms
[2021-02-28T14:25:11.598+0300][4.170s][info][gc,start    ] GC(3) Pause Init Update Refs
[2021-02-28T14:25:11.598+0300][4.170s][info][gc,ergo     ] GC(3) Pacer for Update Refs. Used: 286M, Free: 685M, Non-Taxable: 70244K, Alloc Tax Rate: 1.1x
[2021-02-28T14:25:11.598+0300][4.170s][info][gc          ] GC(3) Pause Init Update Refs 0.048ms
[2021-02-28T14:25:11.598+0300][4.170s][info][gc,start    ] GC(3) Concurrent update references
[2021-02-28T14:25:11.598+0300][4.170s][info][gc,task     ] GC(3) Using 1 of 3 workers for concurrent reference update
[2021-02-28T14:25:11.745+0300][4.318s][info][gc          ] GC(3) Concurrent update references 147.771ms
[2021-02-28T14:25:11.757+0300][4.329s][info][gc,start    ] GC(3) Pause Final Update Refs
[2021-02-28T14:25:11.757+0300][4.329s][info][gc,task     ] GC(3) Using 3 of 3 workers for final reference update
[2021-02-28T14:25:11.757+0300][4.330s][info][gc          ] GC(3) Pause Final Update Refs 0.249ms
[2021-02-28T14:25:11.757+0300][4.330s][info][gc,start    ] GC(3) Concurrent cleanup
[2021-02-28T14:25:11.757+0300][4.330s][info][gc          ] GC(3) Concurrent cleanup 286M->285M(1024M) 0.039ms
[2021-02-28T14:25:11.757+0300][4.330s][info][gc,ergo     ] Free: 686M, Max: 512K regular, 655M humongous, Frag: 5% external, 0% internal; Reserve: 52736K, Max: 512K
[2021-02-28T14:25:11.757+0300][4.330s][info][gc,stats    ] 
[2021-02-28T14:25:11.757+0300][4.330s][info][gc,stats    ] All times are wall-clock times, except per-root-class counters, that are sum over
[2021-02-28T14:25:11.757+0300][4.330s][info][gc,stats    ] all workers. Dividing the <total> over the root stage time estimates parallelism.
[2021-02-28T14:25:11.757+0300][4.330s][info][gc,stats    ] 
[2021-02-28T14:25:11.757+0300][4.330s][info][gc,stats    ] Concurrent Reset                    522 us
[2021-02-28T14:25:11.757+0300][4.330s][info][gc,stats    ] Pause Init Mark (G)                 629 us
[2021-02-28T14:25:11.757+0300][4.330s][info][gc,stats    ] Pause Init Mark (N)                 263 us
[2021-02-28T14:25:11.757+0300][4.330s][info][gc,stats    ]   Manage TLABs                        3 us
[2021-02-28T14:25:11.757+0300][4.330s][info][gc,stats    ]   Update Region States               93 us
[2021-02-28T14:25:11.757+0300][4.330s][info][gc,stats    ]   Scan Roots                         85 us, parallelism: 0.31x
[2021-02-28T14:25:11.757+0300][4.330s][info][gc,stats    ]     S: <total>                       26 us
[2021-02-28T14:25:11.757+0300][4.330s][info][gc,stats    ]     S: Thread Roots                  23 us, workers (us):  21,   1,   1, 
[2021-02-28T14:25:11.757+0300][4.330s][info][gc,stats    ]     S: Universe Roots                 2 us, workers (us):   2, ---, ---, 
[2021-02-28T14:25:11.757+0300][4.330s][info][gc,stats    ]     S: Synchronizer Roots             0 us, workers (us):   0, ---, ---, 
[2021-02-28T14:25:11.757+0300][4.330s][info][gc,stats    ]     S: Management Roots               1 us, workers (us):   1, ---, ---, 
[2021-02-28T14:25:11.757+0300][4.330s][info][gc,stats    ]     S: JVMTI Roots                    0 us, workers (us):   0, ---, ---, 
[2021-02-28T14:25:11.757+0300][4.330s][info][gc,stats    ] Concurrent Marking               387474 us
[2021-02-28T14:25:11.757+0300][4.330s][info][gc,stats    ]   Roots                             138 us, parallelism: 0.41x
[2021-02-28T14:25:11.757+0300][4.330s][info][gc,stats    ]     CM: <total>                      57 us
[2021-02-28T14:25:11.757+0300][4.330s][info][gc,stats    ]     CM: JNI Handles Roots             1 us, workers (us):   1, ---, ---, 
[2021-02-28T14:25:11.757+0300][4.330s][info][gc,stats    ]     CM: VM Global Roots               2 us, workers (us):   2, ---, ---, 
[2021-02-28T14:25:11.757+0300][4.330s][info][gc,stats    ]     CM: CLDG Roots                   54 us, workers (us):  54, ---, ---, 
[2021-02-28T14:25:11.757+0300][4.330s][info][gc,stats    ] Pause Final Mark (G)              12002 us
[2021-02-28T14:25:11.757+0300][4.330s][info][gc,stats    ] Pause Final Mark (N)                554 us
[2021-02-28T14:25:11.757+0300][4.330s][info][gc,stats    ]   Finish Queues                     112 us
[2021-02-28T14:25:11.758+0300][4.330s][info][gc,stats    ]   System Purge                       92 us
[2021-02-28T14:25:11.758+0300][4.330s][info][gc,stats    ]     Weak Roots                       92 us, parallelism: 0.01x
[2021-02-28T14:25:11.758+0300][4.330s][info][gc,stats    ]       WR: <total>                     1 us
[2021-02-28T14:25:11.758+0300][4.330s][info][gc,stats    ]       WR: JVMTI Weak Roots            0 us, workers (us):   0, ---, ---, 
[2021-02-28T14:25:11.758+0300][4.330s][info][gc,stats    ]       WR: JFR Weak Roots              1 us, workers (us): ---,   1, ---, 
[2021-02-28T14:25:11.758+0300][4.330s][info][gc,stats    ]   Update Region States               57 us
[2021-02-28T14:25:11.758+0300][4.330s][info][gc,stats    ]   Manage GC/TLABs                     3 us
[2021-02-28T14:25:11.758+0300][4.330s][info][gc,stats    ]   Choose Collection Set              76 us
[2021-02-28T14:25:11.758+0300][4.330s][info][gc,stats    ]   Rebuild Free Set                    9 us
[2021-02-28T14:25:11.758+0300][4.330s][info][gc,stats    ]   Initial Evacuation                135 us, parallelism: 0.24x
[2021-02-28T14:25:11.758+0300][4.330s][info][gc,stats    ]     E: <total>                       32 us
[2021-02-28T14:25:11.758+0300][4.330s][info][gc,stats    ]     E: Thread Roots                  29 us, workers (us):  22,   6,   2, 
[2021-02-28T14:25:11.758+0300][4.330s][info][gc,stats    ]     E: Universe Roots                 1 us, workers (us):   1, ---, ---, 
[2021-02-28T14:25:11.758+0300][4.330s][info][gc,stats    ]     E: JVMTI Weak Roots               0 us, workers (us):   0, ---, ---, 
[2021-02-28T14:25:11.758+0300][4.330s][info][gc,stats    ]     E: JFR Weak Roots                 0 us, workers (us):   0, ---, ---, 
[2021-02-28T14:25:11.758+0300][4.330s][info][gc,stats    ]     E: Synchronizer Roots             0 us, workers (us):   0, ---, ---, 
[2021-02-28T14:25:11.758+0300][4.330s][info][gc,stats    ]     E: Management Roots               1 us, workers (us):   1, ---, ---, 
[2021-02-28T14:25:11.758+0300][4.330s][info][gc,stats    ]     E: JVMTI Roots                    0 us, workers (us):   0, ---, ---, 
[2021-02-28T14:25:11.758+0300][4.330s][info][gc,stats    ] Concurrent Weak Roots             15301 us
[2021-02-28T14:25:11.758+0300][4.330s][info][gc,stats    ]   Roots                             187 us, parallelism: 0.16x
[2021-02-28T14:25:11.758+0300][4.330s][info][gc,stats    ]     CWR: <total>                     30 us
[2021-02-28T14:25:11.758+0300][4.330s][info][gc,stats    ]     CWR: JNI Weak Roots               0 us, workers (us):   0, ---, ---, 
[2021-02-28T14:25:11.758+0300][4.330s][info][gc,stats    ]     CWR: String Table Roots          24 us, workers (us):  24, ---, ---, 
[2021-02-28T14:25:11.758+0300][4.330s][info][gc,stats    ]     CWR: Resolved Table Roots         2 us, workers (us):   2, ---, ---, 
[2021-02-28T14:25:11.758+0300][4.330s][info][gc,stats    ]     CWR: VM Weak Roots                1 us, workers (us):   1, ---, ---, 
[2021-02-28T14:25:11.758+0300][4.330s][info][gc,stats    ]     CWR: CLDG Roots                   2 us, workers (us):   2, ---, ---, 
[2021-02-28T14:25:11.758+0300][4.330s][info][gc,stats    ]   Rendezvous                      15026 us
[2021-02-28T14:25:11.758+0300][4.330s][info][gc,stats    ] Concurrent Cleanup                   56 us
[2021-02-28T14:25:11.758+0300][4.330s][info][gc,stats    ] Concurrent Class Unloading        16013 us
[2021-02-28T14:25:11.758+0300][4.330s][info][gc,stats    ]   Unlink Stale                      495 us
[2021-02-28T14:25:11.758+0300][4.330s][info][gc,stats    ]     System Dictionary                 6 us
[2021-02-28T14:25:11.758+0300][4.330s][info][gc,stats    ]     Weak Class Links                  0 us
[2021-02-28T14:25:11.758+0300][4.330s][info][gc,stats    ]     Code Roots                      488 us
[2021-02-28T14:25:11.758+0300][4.330s][info][gc,stats    ]   Rendezvous                      15357 us
[2021-02-28T14:25:11.758+0300][4.330s][info][gc,stats    ]   Purge Unlinked                     95 us
[2021-02-28T14:25:11.758+0300][4.330s][info][gc,stats    ]     Code Roots                       95 us
[2021-02-28T14:25:11.758+0300][4.330s][info][gc,stats    ]     CLDG                              0 us
[2021-02-28T14:25:11.758+0300][4.330s][info][gc,stats    ]     Exception Caches                  0 us
[2021-02-28T14:25:11.758+0300][4.330s][info][gc,stats    ] Concurrent Strong Roots             145 us, parallelism: 0.09x
[2021-02-28T14:25:11.758+0300][4.331s][info][gc,stats    ] Rendezvous                           12 us
[2021-02-28T14:25:11.758+0300][4.331s][info][gc,stats    ]   CSR: Universe Roots                 1 us, workers (us):   1, ---, ---, 
[2021-02-28T14:25:11.758+0300][4.331s][info][gc,stats    ]   CSR: Resolved Table Roots           1 us, workers (us):   1, ---, ---, 
[2021-02-28T14:25:11.758+0300][4.331s][info][gc,stats    ]   CSR: Management Roots              11 us, workers (us):  11, ---, ---, 
[2021-02-28T14:25:11.758+0300][4.331s][info][gc,stats    ] Concurrent Evacuation               237 us
[2021-02-28T14:25:11.758+0300][4.331s][info][gc,stats    ] Pause Init  Update Refs (G)       15622 us
[2021-02-28T14:25:11.758+0300][4.331s][info][gc,stats    ] Pause Init  Update Refs (N)          61 us
[2021-02-28T14:25:11.758+0300][4.331s][info][gc,stats    ]   Manage GCLABs                       1 us
[2021-02-28T14:25:11.758+0300][4.331s][info][gc,stats    ] Concurrent Update Refs           147818 us
[2021-02-28T14:25:11.758+0300][4.331s][info][gc,stats    ] Pause Final Update Refs (G)       11541 us
[2021-02-28T14:25:11.758+0300][4.331s][info][gc,stats    ] Pause Final Update Refs (N)         273 us
[2021-02-28T14:25:11.758+0300][4.331s][info][gc,stats    ]   Update Roots                       98 us, parallelism: 0.19x
[2021-02-28T14:25:11.758+0300][4.331s][info][gc,stats    ]     UR: <total>                      19 us
[2021-02-28T14:25:11.758+0300][4.331s][info][gc,stats    ]     UR: Thread Roots                 19 us, workers (us):  18,   1,   1, 
[2021-02-28T14:25:11.758+0300][4.331s][info][gc,stats    ]   Update Region States               87 us
[2021-02-28T14:25:11.758+0300][4.331s][info][gc,stats    ]   Trash Collection Set                2 us
[2021-02-28T14:25:11.758+0300][4.331s][info][gc,stats    ]   Rebuild Free Set                   11 us
[2021-02-28T14:25:11.758+0300][4.331s][info][gc,stats    ] Concurrent Cleanup                   55 us
[2021-02-28T14:25:11.758+0300][4.331s][info][gc,stats    ] 
[2021-02-28T14:25:11.758+0300][4.331s][info][gc,stats    ] Allocation pacing accrued:
[2021-02-28T14:25:11.758+0300][4.331s][info][gc,stats    ]       0 of   623 ms (  0.0%): <total>
[2021-02-28T14:25:11.758+0300][4.331s][info][gc,stats    ]       0 of   623 ms (  0.0%): <average total>
[2021-02-28T14:25:11.758+0300][4.331s][info][gc,stats    ] 
[2021-02-28T14:25:11.758+0300][4.331s][info][gc,metaspace] Metaspace: 3310K(4864K)->3324K(4864K) NonClass: 2932K(4352K)->2946K(4352K) Class: 378K(512K)->378K(512K)
[2021-02-28T14:25:11.758+0300][4.331s][info][gc,ergo     ] Pacer for Idle. Initial: 20971K, Alloc Tax Rate: 1.0x
[2021-02-28T14:25:11.772+0300][4.344s][info][gc          ] Trigger: Learning 5 of 5. Free (686M) is below initial threshold (716M)
[2021-02-28T14:25:11.772+0300][4.344s][info][gc,ergo     ] Free: 686M, Max: 512K regular, 655M humongous, Frag: 5% external, 0% internal; Reserve: 52736K, Max: 512K
[2021-02-28T14:25:11.772+0300][4.344s][info][gc,start    ] GC(4) Concurrent reset
[2021-02-28T14:25:11.772+0300][4.344s][info][gc,task     ] GC(4) Using 1 of 3 workers for concurrent reset
[2021-02-28T14:25:11.772+0300][4.344s][info][gc,ergo     ] GC(4) Pacer for Reset. Non-Taxable: 1024M
[2021-02-28T14:25:11.772+0300][4.345s][info][gc          ] GC(4) Concurrent reset 0.543ms
[2021-02-28T14:25:11.773+0300][4.345s][info][gc,start    ] GC(4) Pause Init Mark (unload classes)
[2021-02-28T14:25:11.773+0300][4.345s][info][gc,task     ] GC(4) Using 3 of 3 workers for init marking
[2021-02-28T14:25:11.773+0300][4.345s][info][gc,ergo     ] GC(4) Pacer for Mark. Expected Live: 276M, Free: 686M, Non-Taxable: 70330K, Alloc Tax Rate: 0.5x
[2021-02-28T14:25:11.773+0300][4.345s][info][gc          ] GC(4) Pause Init Mark (unload classes) 0.238ms
[2021-02-28T14:25:11.773+0300][4.346s][info][gc,start    ] GC(4) Concurrent marking (unload classes)
[2021-02-28T14:25:11.773+0300][4.346s][info][gc,task     ] GC(4) Using 1 of 3 workers for concurrent marking
[2021-02-28T14:25:12.157+0300][4.729s][info][gc          ] GC(4) Concurrent marking (unload classes) 383.508ms
[2021-02-28T14:25:12.172+0300][4.744s][info][gc,start    ] GC(4) Pause Final Mark (unload classes)
[2021-02-28T14:25:12.172+0300][4.744s][info][gc,task     ] GC(4) Using 3 of 3 workers for final marking
[2021-02-28T14:25:12.172+0300][4.745s][info][gc,ergo     ] GC(4) Adaptive CSet Selection. Target Free: 145M, Actual Free: 737M, Max CSet: 43690K, Min Garbage: 0B
[2021-02-28T14:25:12.172+0300][4.745s][info][gc,ergo     ] GC(4) Collectable Garbage: 658K (42%), Immediate: 0B (0%), CSet: 658K (42%)
[2021-02-28T14:25:12.172+0300][4.745s][info][gc,ergo     ] GC(4) Pacer for Evacuation. Used CSet: 1037K, Free: 685M, Non-Taxable: 70244K, Alloc Tax Rate: 1.1x
[2021-02-28T14:25:12.172+0300][4.745s][info][gc          ] GC(4) Pause Final Mark (unload classes) 0.565ms
[2021-02-28T14:25:12.172+0300][4.745s][info][gc,start    ] GC(4) Concurrent weak roots
[2021-02-28T14:25:12.172+0300][4.745s][info][gc,task     ] GC(4) Using 1 of 3 workers for concurrent weak root
[2021-02-28T14:25:12.188+0300][4.760s][info][gc          ] GC(4) Concurrent weak roots 15.182ms
[2021-02-28T14:25:12.188+0300][4.760s][info][gc,start    ] GC(4) Concurrent cleanup
[2021-02-28T14:25:12.188+0300][4.760s][info][gc          ] GC(4) Concurrent cleanup 286M->286M(1024M) 0.037ms
[2021-02-28T14:25:12.188+0300][4.760s][info][gc,ergo     ] GC(4) Free: 685M, Max: 512K regular, 655M humongous, Frag: 5% external, 0% internal; Reserve: 52733K, Max: 512K
[2021-02-28T14:25:12.188+0300][4.760s][info][gc,start    ] GC(4) Concurrent class unloading
[2021-02-28T14:25:12.188+0300][4.760s][info][gc,task     ] GC(4) Using 1 of 3 workers for concurrent class unloading
[2021-02-28T14:25:12.204+0300][4.776s][info][gc          ] GC(4) Concurrent class unloading 15.906ms
[2021-02-28T14:25:12.204+0300][4.776s][info][gc,start    ] GC(4) Concurrent strong roots
[2021-02-28T14:25:12.204+0300][4.776s][info][gc,task     ] GC(4) Using 1 of 3 workers for concurrent strong root
[2021-02-28T14:25:12.204+0300][4.776s][info][gc          ] GC(4) Concurrent strong roots 0.119ms
[2021-02-28T14:25:12.204+0300][4.776s][info][gc,start    ] GC(4) Concurrent evacuation
[2021-02-28T14:25:12.204+0300][4.776s][info][gc,task     ] GC(4) Using 1 of 3 workers for concurrent evacuation
[2021-02-28T14:25:12.204+0300][4.777s][info][gc          ] GC(4) Concurrent evacuation 0.489ms
[2021-02-28T14:25:12.205+0300][4.777s][info][gc,start    ] GC(4) Pause Init Update Refs
[2021-02-28T14:25:12.205+0300][4.777s][info][gc,ergo     ] GC(4) Pacer for Update Refs. Used: 286M, Free: 685M, Non-Taxable: 70229K, Alloc Tax Rate: 1.1x
[2021-02-28T14:25:12.205+0300][4.777s][info][gc          ] GC(4) Pause Init Update Refs 0.040ms
[2021-02-28T14:25:12.205+0300][4.777s][info][gc,start    ] GC(4) Concurrent update references
[2021-02-28T14:25:12.205+0300][4.777s][info][gc,task     ] GC(4) Using 1 of 3 workers for concurrent reference update
[2021-02-28T14:25:12.354+0300][4.927s][info][gc          ] GC(4) Concurrent update references 149.604ms
[2021-02-28T14:25:12.364+0300][4.936s][info][gc,start    ] GC(4) Pause Final Update Refs
[2021-02-28T14:25:12.364+0300][4.936s][info][gc,task     ] GC(4) Using 3 of 3 workers for final reference update
[2021-02-28T14:25:12.364+0300][4.937s][info][gc          ] GC(4) Pause Final Update Refs 0.299ms
[2021-02-28T14:25:12.364+0300][4.937s][info][gc,start    ] GC(4) Concurrent cleanup
[2021-02-28T14:25:12.364+0300][4.937s][info][gc          ] GC(4) Concurrent cleanup 287M->286M(1024M) 0.036ms
[2021-02-28T14:25:12.364+0300][4.937s][info][gc,ergo     ] Free: 685M, Max: 512K regular, 656M humongous, Frag: 5% external, 0% internal; Reserve: 52736K, Max: 512K
[2021-02-28T14:25:12.364+0300][4.937s][info][gc,stats    ] 
[2021-02-28T14:25:12.364+0300][4.937s][info][gc,stats    ] All times are wall-clock times, except per-root-class counters, that are sum over
[2021-02-28T14:25:12.364+0300][4.937s][info][gc,stats    ] all workers. Dividing the <total> over the root stage time estimates parallelism.
[2021-02-28T14:25:12.364+0300][4.937s][info][gc,stats    ] 
[2021-02-28T14:25:12.364+0300][4.937s][info][gc,stats    ] Concurrent Reset                    580 us
[2021-02-28T14:25:12.364+0300][4.937s][info][gc,stats    ] Pause Init Mark (G)                 717 us
[2021-02-28T14:25:12.364+0300][4.937s][info][gc,stats    ] Pause Init Mark (N)                 251 us
[2021-02-28T14:25:12.364+0300][4.937s][info][gc,stats    ]   Manage TLABs                        3 us
[2021-02-28T14:25:12.364+0300][4.937s][info][gc,stats    ]   Update Region States               66 us
[2021-02-28T14:25:12.364+0300][4.937s][info][gc,stats    ]   Scan Roots                         57 us, parallelism: 0.45x
[2021-02-28T14:25:12.364+0300][4.937s][info][gc,stats    ]     S: <total>                       26 us
[2021-02-28T14:25:12.364+0300][4.937s][info][gc,stats    ]     S: Thread Roots                  22 us, workers (us):  21,   0,   1, 
[2021-02-28T14:25:12.364+0300][4.937s][info][gc,stats    ]     S: Universe Roots                 2 us, workers (us):   2, ---, ---, 
[2021-02-28T14:25:12.364+0300][4.937s][info][gc,stats    ]     S: Synchronizer Roots             0 us, workers (us):   0, ---, ---, 
[2021-02-28T14:25:12.364+0300][4.937s][info][gc,stats    ]     S: Management Roots               1 us, workers (us):   1, ---, ---, 
[2021-02-28T14:25:12.364+0300][4.937s][info][gc,stats    ]     S: JVMTI Roots                    0 us, workers (us):   0, ---, ---, 
[2021-02-28T14:25:12.364+0300][4.937s][info][gc,stats    ] Concurrent Marking               383546 us
[2021-02-28T14:25:12.364+0300][4.937s][info][gc,stats    ]   Roots                             110 us, parallelism: 0.54x
[2021-02-28T14:25:12.364+0300][4.937s][info][gc,stats    ]     CM: <total>                      59 us
[2021-02-28T14:25:12.364+0300][4.937s][info][gc,stats    ]     CM: JNI Handles Roots             2 us, workers (us):   2, ---, ---, 
[2021-02-28T14:25:12.364+0300][4.937s][info][gc,stats    ]     CM: VM Global Roots               2 us, workers (us):   2, ---, ---, 
[2021-02-28T14:25:12.364+0300][4.937s][info][gc,stats    ]     CM: CLDG Roots                   56 us, workers (us):  56, ---, ---, 
[2021-02-28T14:25:12.365+0300][4.937s][info][gc,stats    ] Pause Final Mark (G)              15840 us
[2021-02-28T14:25:12.365+0300][4.937s][info][gc,stats    ] Pause Final Mark (N)                579 us
[2021-02-28T14:25:12.365+0300][4.937s][info][gc,stats    ]   Finish Queues                     104 us
[2021-02-28T14:25:12.365+0300][4.937s][info][gc,stats    ]   System Purge                       97 us
[2021-02-28T14:25:12.365+0300][4.937s][info][gc,stats    ]     Weak Roots                       97 us, parallelism: 0.01x
[2021-02-28T14:25:12.365+0300][4.937s][info][gc,stats    ]       WR: <total>                     1 us
[2021-02-28T14:25:12.365+0300][4.937s][info][gc,stats    ]       WR: JVMTI Weak Roots            0 us, workers (us):   0, ---, ---, 
[2021-02-28T14:25:12.365+0300][4.937s][info][gc,stats    ]       WR: JFR Weak Roots              0 us, workers (us):   0, ---, ---, 
[2021-02-28T14:25:12.365+0300][4.937s][info][gc,stats    ]   Update Region States               91 us
[2021-02-28T14:25:12.365+0300][4.937s][info][gc,stats    ]   Manage GC/TLABs                     3 us
[2021-02-28T14:25:12.365+0300][4.937s][info][gc,stats    ]   Choose Collection Set              70 us
[2021-02-28T14:25:12.365+0300][4.937s][info][gc,stats    ]   Rebuild Free Set                    8 us
[2021-02-28T14:25:12.365+0300][4.937s][info][gc,stats    ]   Initial Evacuation                141 us, parallelism: 0.24x
[2021-02-28T14:25:12.365+0300][4.937s][info][gc,stats    ]     E: <total>                       33 us
[2021-02-28T14:25:12.365+0300][4.937s][info][gc,stats    ]     E: Thread Roots                  30 us, workers (us):  15,   9,   6, 
[2021-02-28T14:25:12.365+0300][4.937s][info][gc,stats    ]     E: Universe Roots                 1 us, workers (us):   1, ---, ---, 
[2021-02-28T14:25:12.365+0300][4.937s][info][gc,stats    ]     E: JVMTI Weak Roots               0 us, workers (us): ---,   0, ---, 
[2021-02-28T14:25:12.365+0300][4.937s][info][gc,stats    ]     E: JFR Weak Roots                 0 us, workers (us): ---,   0, ---, 
[2021-02-28T14:25:12.365+0300][4.937s][info][gc,stats    ]     E: Synchronizer Roots             0 us, workers (us): ---,   0, ---, 
[2021-02-28T14:25:12.365+0300][4.937s][info][gc,stats    ]     E: Management Roots               1 us, workers (us): ---, ---,   1, 
[2021-02-28T14:25:12.365+0300][4.937s][info][gc,stats    ]     E: JVMTI Roots                    0 us, workers (us):   0, ---, ---, 
[2021-02-28T14:25:12.365+0300][4.937s][info][gc,stats    ] Concurrent Weak Roots             15225 us
[2021-02-28T14:25:12.365+0300][4.937s][info][gc,stats    ]   Roots                             182 us, parallelism: 0.15x
[2021-02-28T14:25:12.365+0300][4.937s][info][gc,stats    ]     CWR: <total>                     27 us
[2021-02-28T14:25:12.365+0300][4.937s][info][gc,stats    ]     CWR: JNI Weak Roots               1 us, workers (us):   1, ---, ---, 
[2021-02-28T14:25:12.365+0300][4.937s][info][gc,stats    ]     CWR: String Table Roots          21 us, workers (us):  21, ---, ---, 
[2021-02-28T14:25:12.365+0300][4.937s][info][gc,stats    ]     CWR: Resolved Table Roots         2 us, workers (us):   2, ---, ---, 
[2021-02-28T14:25:12.365+0300][4.937s][info][gc,stats    ]     CWR: VM Weak Roots                1 us, workers (us):   1, ---, ---, 
[2021-02-28T14:25:12.365+0300][4.937s][info][gc,stats    ]     CWR: CLDG Roots                   2 us, workers (us):   2, ---, ---, 
[2021-02-28T14:25:12.365+0300][4.937s][info][gc,stats    ]   Rendezvous                      14958 us
[2021-02-28T14:25:12.365+0300][4.937s][info][gc,stats    ] Concurrent Cleanup                   52 us
[2021-02-28T14:25:12.365+0300][4.937s][info][gc,stats    ] Concurrent Class Unloading        15954 us
[2021-02-28T14:25:12.365+0300][4.937s][info][gc,stats    ]   Unlink Stale                      506 us
[2021-02-28T14:25:12.365+0300][4.937s][info][gc,stats    ]     System Dictionary                 6 us
[2021-02-28T14:25:12.365+0300][4.937s][info][gc,stats    ]     Weak Class Links                  0 us
[2021-02-28T14:25:12.365+0300][4.937s][info][gc,stats    ]     Code Roots                      499 us
[2021-02-28T14:25:12.365+0300][4.937s][info][gc,stats    ]   Rendezvous                      15271 us
[2021-02-28T14:25:12.365+0300][4.938s][info][gc,stats    ]   Purge Unlinked                     71 us
[2021-02-28T14:25:12.365+0300][4.938s][info][gc,stats    ]     Code Roots                       70 us
[2021-02-28T14:25:12.365+0300][4.938s][info][gc,stats    ]     CLDG                              0 us
[2021-02-28T14:25:12.365+0300][4.938s][info][gc,stats    ]     Exception Caches                  0 us
[2021-02-28T14:25:12.365+0300][4.938s][info][gc,stats    ] Concurrent Strong Roots             142 us, parallelism: 0.09x
[2021-02-28T14:25:12.365+0300][4.938s][info][gc,stats    ] Rendezvous                           12 us
[2021-02-28T14:25:12.365+0300][4.938s][info][gc,stats    ]   CSR: Universe Roots                 1 us, workers (us):   1, ---, ---, 
[2021-02-28T14:25:12.365+0300][4.938s][info][gc,stats    ]   CSR: Resolved Table Roots           1 us, workers (us):   1, ---, ---, 
[2021-02-28T14:25:12.365+0300][4.938s][info][gc,stats    ]   CSR: Management Roots              11 us, workers (us):  11, ---, ---, 
[2021-02-28T14:25:12.365+0300][4.938s][info][gc,stats    ] Concurrent Evacuation               511 us
[2021-02-28T14:25:12.365+0300][4.938s][info][gc,stats    ] Pause Init  Update Refs (G)         452 us
[2021-02-28T14:25:12.365+0300][4.938s][info][gc,stats    ] Pause Init  Update Refs (N)          52 us
[2021-02-28T14:25:12.365+0300][4.938s][info][gc,stats    ]   Manage GCLABs                       1 us
[2021-02-28T14:25:12.365+0300][4.938s][info][gc,stats    ] Concurrent Update Refs           149644 us
[2021-02-28T14:25:12.365+0300][4.938s][info][gc,stats    ] Pause Final Update Refs (G)        9696 us
[2021-02-28T14:25:12.365+0300][4.938s][info][gc,stats    ] Pause Final Update Refs (N)         321 us
[2021-02-28T14:25:12.365+0300][4.938s][info][gc,stats    ]   Update Roots                      131 us, parallelism: 0.19x
[2021-02-28T14:25:12.365+0300][4.938s][info][gc,stats    ]     UR: <total>                      24 us
[2021-02-28T14:25:12.365+0300][4.938s][info][gc,stats    ]     UR: Thread Roots                 24 us, workers (us):   8,   7,   9, 
[2021-02-28T14:25:12.365+0300][4.938s][info][gc,stats    ]   Update Region States              103 us
[2021-02-28T14:25:12.365+0300][4.938s][info][gc,stats    ]   Trash Collection Set                2 us
[2021-02-28T14:25:12.365+0300][4.938s][info][gc,stats    ]   Rebuild Free Set                   10 us
[2021-02-28T14:25:12.365+0300][4.938s][info][gc,stats    ] Concurrent Cleanup                   58 us
[2021-02-28T14:25:12.365+0300][4.938s][info][gc,stats    ] 
[2021-02-28T14:25:12.365+0300][4.938s][info][gc,stats    ] Allocation pacing accrued:
[2021-02-28T14:25:12.365+0300][4.938s][info][gc,stats    ]       0 of   607 ms (  0.0%): <total>
[2021-02-28T14:25:12.365+0300][4.938s][info][gc,stats    ]       0 of   607 ms (  0.0%): <average total>
[2021-02-28T14:25:12.365+0300][4.938s][info][gc,stats    ] 
[2021-02-28T14:25:12.365+0300][4.938s][info][gc,metaspace] Metaspace: 3324K(4864K)->3566K(4864K) NonClass: 2946K(4352K)->3170K(4352K) Class: 378K(512K)->396K(512K)
[2021-02-28T14:25:12.365+0300][4.938s][info][gc,ergo     ] Pacer for Idle. Initial: 20971K, Alloc Tax Rate: 1.0x
[2021-02-28T14:25:39.107+0300][31.679s][info][gc          ] Trigger: Free (101869K) is below minimum threshold (102M)
[2021-02-28T14:25:39.107+0300][31.679s][info][gc,ergo     ] Free: 101869K, Max: 512K regular, 101376K humongous, Frag: 0% external, 0% internal; Reserve: 52736K, Max: 512K
[2021-02-28T14:25:39.107+0300][31.679s][info][gc,start    ] GC(5) Concurrent reset
[2021-02-28T14:25:39.107+0300][31.679s][info][gc,task     ] GC(5) Using 1 of 3 workers for concurrent reset
[2021-02-28T14:25:39.107+0300][31.679s][info][gc,ergo     ] GC(5) Pacer for Reset. Non-Taxable: 1024M
[2021-02-28T14:25:39.107+0300][31.680s][info][gc          ] GC(5) Concurrent reset 0.448ms
[2021-02-28T14:25:39.107+0300][31.680s][info][gc,start    ] GC(5) Pause Init Mark (process weakrefs) (unload classes)
[2021-02-28T14:25:39.107+0300][31.680s][info][gc,task     ] GC(5) Using 3 of 3 workers for init marking
[2021-02-28T14:25:39.108+0300][31.680s][info][gc,ergo     ] GC(5) Pacer for Mark. Expected Live: 277M, Free: 100845K, Non-Taxable: 10084K, Alloc Tax Rate: 3.4x
[2021-02-28T14:25:39.108+0300][31.680s][info][gc          ] GC(5) Pause Init Mark (process weakrefs) (unload classes) 0.596ms
[2021-02-28T14:25:39.108+0300][31.680s][info][gc,start    ] GC(5) Concurrent marking (process weakrefs) (unload classes)
[2021-02-28T14:25:39.108+0300][31.681s][info][gc,task     ] GC(5) Using 1 of 3 workers for concurrent marking
[2021-02-28T14:25:40.229+0300][32.802s][info][gc          ] GC(5) Concurrent marking (process weakrefs) (unload classes) 1121.237ms
[2021-02-28T14:25:40.229+0300][32.802s][info][gc,start    ] GC(5) Concurrent precleaning
[2021-02-28T14:25:40.229+0300][32.802s][info][gc,task     ] GC(5) Using 1 of 3 workers for concurrent preclean
[2021-02-28T14:25:40.229+0300][32.802s][info][gc,ergo     ] GC(5) Pacer for Precleaning. Non-Taxable: 1024M
[2021-02-28T14:25:40.229+0300][32.802s][info][gc          ] GC(5) Concurrent precleaning 0.188ms
[2021-02-28T14:25:40.242+0300][32.814s][info][gc,start    ] GC(5) Pause Final Mark (process weakrefs) (unload classes)
[2021-02-28T14:25:40.242+0300][32.814s][info][gc,task     ] GC(5) Using 3 of 3 workers for final marking
[2021-02-28T14:25:40.242+0300][32.815s][info][gc,ergo     ] GC(5) Adaptive CSet Selection. Target Free: 145M, Actual Free: 164M, Max CSet: 43690K, Min Garbage: 0B
[2021-02-28T14:25:40.242+0300][32.815s][info][gc,ergo     ] GC(5) Collectable Garbage: 42333K (96%), Immediate: 28243K (64%), CSet: 14090K (31%)
[2021-02-28T14:25:40.242+0300][32.815s][info][gc,ergo     ] GC(5) Pacer for Evacuation. Used CSet: 18944K, Free: 114M, Non-Taxable: 11688K, Alloc Tax Rate: 1.1x
[2021-02-28T14:25:40.243+0300][32.815s][info][gc          ] GC(5) Pause Final Mark (process weakrefs) (unload classes) 0.719ms
[2021-02-28T14:25:40.243+0300][32.815s][info][gc,start    ] GC(5) Concurrent weak roots
[2021-02-28T14:25:40.243+0300][32.815s][info][gc,task     ] GC(5) Using 1 of 3 workers for concurrent weak root
[2021-02-28T14:25:40.254+0300][32.826s][info][gc          ] GC(5) Concurrent weak roots 11.045ms
[2021-02-28T14:25:40.254+0300][32.826s][info][gc,start    ] GC(5) Concurrent cleanup
[2021-02-28T14:25:40.254+0300][32.826s][info][gc          ] GC(5) Concurrent cleanup 887M->859M(1024M) 0.029ms
[2021-02-28T14:25:40.254+0300][32.826s][info][gc,ergo     ] GC(5) Free: 114M, Max: 512K regular, 87552K humongous, Frag: 25% external, 0% internal; Reserve: 51200K, Max: 512K
[2021-02-28T14:25:40.254+0300][32.826s][info][gc,start    ] GC(5) Concurrent class unloading
[2021-02-28T14:25:40.254+0300][32.826s][info][gc,task     ] GC(5) Using 1 of 3 workers for concurrent class unloading
[2021-02-28T14:25:40.262+0300][32.834s][info][gc          ] GC(5) Concurrent class unloading 7.985ms
[2021-02-28T14:25:40.262+0300][32.834s][info][gc,start    ] GC(5) Concurrent strong roots
[2021-02-28T14:25:40.262+0300][32.834s][info][gc,task     ] GC(5) Using 1 of 3 workers for concurrent strong root
[2021-02-28T14:25:40.262+0300][32.834s][info][gc          ] GC(5) Concurrent strong roots 0.226ms
[2021-02-28T14:25:40.262+0300][32.835s][info][gc,start    ] GC(5) Concurrent evacuation
[2021-02-28T14:25:40.262+0300][32.835s][info][gc,task     ] GC(5) Using 1 of 3 workers for concurrent evacuation
[2021-02-28T14:25:40.266+0300][32.839s][info][gc          ] GC(5) Concurrent evacuation 4.482ms
[2021-02-28T14:25:40.271+0300][32.843s][info][gc,start    ] GC(5) Pause Init Update Refs
[2021-02-28T14:25:40.271+0300][32.843s][info][gc,ergo     ] GC(5) Pacer for Update Refs. Used: 863M, Free: 114M, Non-Taxable: 11679K, Alloc Tax Rate: 9.3x
[2021-02-28T14:25:40.271+0300][32.843s][info][gc          ] GC(5) Pause Init Update Refs 0.042ms
[2021-02-28T14:25:40.271+0300][32.843s][info][gc,start    ] GC(5) Concurrent update references
[2021-02-28T14:25:40.271+0300][32.843s][info][gc,task     ] GC(5) Using 1 of 3 workers for concurrent reference update
[2021-02-28T14:25:40.747+0300][33.320s][info][gc          ] GC(5) Concurrent update references 476.175ms
[2021-02-28T14:25:40.754+0300][33.326s][info][gc,start    ] GC(5) Pause Final Update Refs
[2021-02-28T14:25:40.754+0300][33.326s][info][gc,task     ] GC(5) Using 3 of 3 workers for final reference update
[2021-02-28T14:25:40.754+0300][33.327s][info][gc          ] GC(5) Pause Final Update Refs 0.257ms
[2021-02-28T14:25:40.754+0300][33.327s][info][gc,start    ] GC(5) Concurrent cleanup
[2021-02-28T14:25:40.754+0300][33.327s][info][gc          ] GC(5) Concurrent cleanup 864M->845M(1024M) 0.041ms
[2021-02-28T14:25:40.754+0300][33.327s][info][gc,ergo     ] Free: 126M, Max: 512K regular, 83968K humongous, Frag: 35% external, 0% internal; Reserve: 52736K, Max: 512K
[2021-02-28T14:25:40.754+0300][33.327s][info][gc,stats    ] 
[2021-02-28T14:25:40.754+0300][33.327s][info][gc,stats    ] All times are wall-clock times, except per-root-class counters, that are sum over
[2021-02-28T14:25:40.754+0300][33.327s][info][gc,stats    ] all workers. Dividing the <total> over the root stage time estimates parallelism.
[2021-02-28T14:25:40.754+0300][33.327s][info][gc,stats    ] 
[2021-02-28T14:25:40.754+0300][33.327s][info][gc,stats    ] Concurrent Reset                    472 us
[2021-02-28T14:25:40.754+0300][33.327s][info][gc,stats    ] Pause Init Mark (G)                 870 us
[2021-02-28T14:25:40.754+0300][33.327s][info][gc,stats    ] Pause Init Mark (N)                 609 us
[2021-02-28T14:25:40.754+0300][33.327s][info][gc,stats    ]   Manage TLABs                        4 us
[2021-02-28T14:25:40.754+0300][33.327s][info][gc,stats    ]   Update Region States               87 us
[2021-02-28T14:25:40.754+0300][33.327s][info][gc,stats    ]   Scan Roots                        442 us, parallelism: 1.74x
[2021-02-28T14:25:40.754+0300][33.327s][info][gc,stats    ]     S: <total>                      769 us
[2021-02-28T14:25:40.754+0300][33.327s][info][gc,stats    ]     S: Thread Roots                 765 us, workers (us): 387, 189, 190, 
[2021-02-28T14:25:40.754+0300][33.327s][info][gc,stats    ]     S: Universe Roots                 2 us, workers (us):   2, ---, ---, 
[2021-02-28T14:25:40.754+0300][33.327s][info][gc,stats    ]     S: Synchronizer Roots             0 us, workers (us):   0, ---, ---, 
[2021-02-28T14:25:40.754+0300][33.327s][info][gc,stats    ]     S: Management Roots               1 us, workers (us):   1, ---, ---, 
[2021-02-28T14:25:40.754+0300][33.327s][info][gc,stats    ]     S: JVMTI Roots                    0 us, workers (us):   0, ---, ---, 
[2021-02-28T14:25:40.754+0300][33.327s][info][gc,stats    ] Concurrent Marking              1121274 us
[2021-02-28T14:25:40.754+0300][33.327s][info][gc,stats    ]   Roots                             214 us, parallelism: 0.63x
[2021-02-28T14:25:40.754+0300][33.327s][info][gc,stats    ]     CM: <total>                     135 us
[2021-02-28T14:25:40.754+0300][33.327s][info][gc,stats    ]     CM: JNI Handles Roots             3 us, workers (us):   3, ---, ---, 
[2021-02-28T14:25:40.754+0300][33.327s][info][gc,stats    ]     CM: VM Global Roots               3 us, workers (us):   3, ---, ---, 
[2021-02-28T14:25:40.754+0300][33.327s][info][gc,stats    ]     CM: CLDG Roots                  130 us, workers (us): 130, ---, ---, 
[2021-02-28T14:25:40.754+0300][33.327s][info][gc,stats    ] Concurrent Precleaning              210 us
[2021-02-28T14:25:40.754+0300][33.327s][info][gc,stats    ] Pause Final Mark (G)              13151 us
[2021-02-28T14:25:40.754+0300][33.327s][info][gc,stats    ] Pause Final Mark (N)                732 us
[2021-02-28T14:25:40.755+0300][33.327s][info][gc,stats    ]   Finish Queues                     118 us
[2021-02-28T14:25:40.755+0300][33.327s][info][gc,stats    ]   Weak References                    50 us
[2021-02-28T14:25:40.755+0300][33.327s][info][gc,stats    ]     Process                          43 us
[2021-02-28T14:25:40.755+0300][33.327s][info][gc,stats    ]   System Purge                       97 us
[2021-02-28T14:25:40.755+0300][33.327s][info][gc,stats    ]     Weak Roots                       97 us, parallelism: 0.01x
[2021-02-28T14:25:40.755+0300][33.327s][info][gc,stats    ]       WR: <total>                     1 us
[2021-02-28T14:25:40.755+0300][33.327s][info][gc,stats    ]       WR: JVMTI Weak Roots            0 us, workers (us):   0, ---, ---, 
[2021-02-28T14:25:40.755+0300][33.327s][info][gc,stats    ]       WR: JFR Weak Roots              0 us, workers (us):   0, ---, ---, 
[2021-02-28T14:25:40.755+0300][33.327s][info][gc,stats    ]   Update Region States              106 us
[2021-02-28T14:25:40.755+0300][33.327s][info][gc,stats    ]   Manage GC/TLABs                     3 us
[2021-02-28T14:25:40.755+0300][33.327s][info][gc,stats    ]   Choose Collection Set             130 us
[2021-02-28T14:25:40.755+0300][33.327s][info][gc,stats    ]   Rebuild Free Set                    7 us
[2021-02-28T14:25:40.755+0300][33.327s][info][gc,stats    ]   Initial Evacuation                154 us, parallelism: 0.68x
[2021-02-28T14:25:40.755+0300][33.327s][info][gc,stats    ]     E: <total>                      105 us
[2021-02-28T14:25:40.755+0300][33.327s][info][gc,stats    ]     E: Thread Roots                 100 us, workers (us):  37,  29,  34, 
[2021-02-28T14:25:40.755+0300][33.327s][info][gc,stats    ]     E: Universe Roots                 2 us, workers (us):   2, ---, ---, 
[2021-02-28T14:25:40.755+0300][33.327s][info][gc,stats    ]     E: JVMTI Weak Roots               0 us, workers (us):   0, ---, ---, 
[2021-02-28T14:25:40.755+0300][33.327s][info][gc,stats    ]     E: JFR Weak Roots                 0 us, workers (us):   0, ---, ---, 
[2021-02-28T14:25:40.755+0300][33.327s][info][gc,stats    ]     E: Synchronizer Roots             0 us, workers (us):   0, ---, ---, 
[2021-02-28T14:25:40.755+0300][33.327s][info][gc,stats    ]     E: Management Roots               2 us, workers (us):   2, ---, ---, 
[2021-02-28T14:25:40.755+0300][33.327s][info][gc,stats    ]     E: JVMTI Roots                    0 us, workers (us):   0, ---, ---, 
[2021-02-28T14:25:40.755+0300][33.327s][info][gc,stats    ] Concurrent Weak Roots             11072 us
[2021-02-28T14:25:40.755+0300][33.327s][info][gc,stats    ]   Roots                             426 us, parallelism: 0.52x
[2021-02-28T14:25:40.755+0300][33.327s][info][gc,stats    ]     CWR: <total>                    221 us
[2021-02-28T14:25:40.755+0300][33.327s][info][gc,stats    ]     CWR: JNI Weak Roots               0 us, workers (us):   0, ---, ---, 
[2021-02-28T14:25:40.755+0300][33.327s][info][gc,stats    ]     CWR: String Table Roots         171 us, workers (us): 171, ---, ---, 
[2021-02-28T14:25:40.755+0300][33.327s][info][gc,stats    ]     CWR: Resolved Table Roots        28 us, workers (us):  28, ---, ---, 
[2021-02-28T14:25:40.755+0300][33.327s][info][gc,stats    ]     CWR: VM Weak Roots               17 us, workers (us):  17, ---, ---, 
[2021-02-28T14:25:40.755+0300][33.327s][info][gc,stats    ]     CWR: CLDG Roots                   5 us, workers (us):   5, ---, ---, 
[2021-02-28T14:25:40.755+0300][33.327s][info][gc,stats    ]   Rendezvous                      10580 us
[2021-02-28T14:25:40.755+0300][33.327s][info][gc,stats    ] Concurrent Cleanup                   43 us
[2021-02-28T14:25:40.755+0300][33.327s][info][gc,stats    ] Concurrent Class Unloading         8011 us
[2021-02-28T14:25:40.755+0300][33.327s][info][gc,stats    ]   Unlink Stale                     1038 us
[2021-02-28T14:25:40.755+0300][33.327s][info][gc,stats    ]     System Dictionary                 7 us
[2021-02-28T14:25:40.755+0300][33.327s][info][gc,stats    ]     Weak Class Links                  0 us
[2021-02-28T14:25:40.755+0300][33.327s][info][gc,stats    ]     Code Roots                     1030 us
[2021-02-28T14:25:40.755+0300][33.327s][info][gc,stats    ]   Rendezvous                       6794 us
[2021-02-28T14:25:40.755+0300][33.327s][info][gc,stats    ]   Purge Unlinked                    129 us
[2021-02-28T14:25:40.755+0300][33.327s][info][gc,stats    ]     Code Roots                      129 us
[2021-02-28T14:25:40.755+0300][33.327s][info][gc,stats    ]     CLDG                              0 us
[2021-02-28T14:25:40.755+0300][33.327s][info][gc,stats    ]     Exception Caches                  0 us
[2021-02-28T14:25:40.755+0300][33.327s][info][gc,stats    ] Concurrent Strong Roots             247 us, parallelism: 0.48x
[2021-02-28T14:25:40.755+0300][33.328s][info][gc,stats    ] Rendezvous                          120 us
[2021-02-28T14:25:40.755+0300][33.328s][info][gc,stats    ]   CSR: Universe Roots                 3 us, workers (us):   3, ---, ---, 
[2021-02-28T14:25:40.755+0300][33.328s][info][gc,stats    ]   CSR: Resolved Table Roots           2 us, workers (us):   2, ---, ---, 
[2021-02-28T14:25:40.755+0300][33.328s][info][gc,stats    ]   CSR: Management Roots             114 us, workers (us): 114, ---, ---, 
[2021-02-28T14:25:40.755+0300][33.328s][info][gc,stats    ] Concurrent Evacuation              4504 us
[2021-02-28T14:25:40.755+0300][33.328s][info][gc,stats    ] Pause Init  Update Refs (G)        4352 us
[2021-02-28T14:25:40.755+0300][33.328s][info][gc,stats    ] Pause Init  Update Refs (N)          54 us
[2021-02-28T14:25:40.755+0300][33.328s][info][gc,stats    ]   Manage GCLABs                       2 us
[2021-02-28T14:25:40.755+0300][33.328s][info][gc,stats    ] Concurrent Update Refs           476214 us
[2021-02-28T14:25:40.755+0300][33.328s][info][gc,stats    ] Pause Final Update Refs (G)        7049 us
[2021-02-28T14:25:40.755+0300][33.328s][info][gc,stats    ] Pause Final Update Refs (N)         281 us
[2021-02-28T14:25:40.755+0300][33.328s][info][gc,stats    ]   Update Roots                       93 us, parallelism: 0.61x
[2021-02-28T14:25:40.755+0300][33.328s][info][gc,stats    ]     UR: <total>                      57 us
[2021-02-28T14:25:40.755+0300][33.328s][info][gc,stats    ]     UR: Thread Roots                 57 us, workers (us):  41,  14,   1, 
[2021-02-28T14:25:40.755+0300][33.328s][info][gc,stats    ]   Update Region States               99 us
[2021-02-28T14:25:40.755+0300][33.328s][info][gc,stats    ]   Trash Collection Set                2 us
[2021-02-28T14:25:40.755+0300][33.328s][info][gc,stats    ]   Rebuild Free Set                    9 us
[2021-02-28T14:25:40.755+0300][33.328s][info][gc,stats    ] Concurrent Cleanup                   58 us
[2021-02-28T14:25:40.755+0300][33.328s][info][gc,stats    ] Pacing                            12161 us
[2021-02-28T14:25:40.755+0300][33.328s][info][gc,stats    ] 
[2021-02-28T14:25:40.755+0300][33.328s][info][gc,stats    ] Allocation pacing accrued:
[2021-02-28T14:25:40.755+0300][33.328s][info][gc,stats    ]      12 of 28390 ms (  0.0%): main
[2021-02-28T14:25:40.755+0300][33.328s][info][gc,stats    ]      12 of 28390 ms (  0.0%): <total>
[2021-02-28T14:25:40.755+0300][33.328s][info][gc,stats    ]       1 of 28390 ms (  0.0%): <average total>
[2021-02-28T14:25:40.755+0300][33.328s][info][gc,stats    ]      12 of 28390 ms (  0.0%): <average non-zero>
[2021-02-28T14:25:40.755+0300][33.328s][info][gc,stats    ] 
[2021-02-28T14:25:40.755+0300][33.328s][info][gc,metaspace] Metaspace: 6936K(7296K)->6950K(7296K) NonClass: 6172K(6400K)->6185K(6400K) Class: 764K(896K)->765K(896K)
[2021-02-28T14:25:40.755+0300][33.328s][info][gc,ergo     ] Pacer for Idle. Initial: 20971K, Alloc Tax Rate: 1.0x
[2021-02-28T14:25:46.808+0300][39.380s][info][gc          ] Trigger: Free (98878K) is below minimum threshold (102M)
[2021-02-28T14:25:46.808+0300][39.380s][info][gc,ergo     ] Free: 98878K, Max: 512K regular, 83968K humongous, Frag: 15% external, 0% internal; Reserve: 52736K, Max: 512K
[2021-02-28T14:25:46.808+0300][39.380s][info][gc,start    ] GC(6) Concurrent reset
[2021-02-28T14:25:46.808+0300][39.380s][info][gc,task     ] GC(6) Using 1 of 3 workers for concurrent reset
[2021-02-28T14:25:46.808+0300][39.380s][info][gc,ergo     ] GC(6) Pacer for Reset. Non-Taxable: 1024M
[2021-02-28T14:25:46.809+0300][39.381s][info][gc          ] GC(6) Concurrent reset 0.948ms
[2021-02-28T14:25:46.809+0300][39.381s][info][gc,start    ] GC(6) Pause Init Mark (unload classes)
[2021-02-28T14:25:46.809+0300][39.381s][info][gc,task     ] GC(6) Using 3 of 3 workers for init marking
[2021-02-28T14:25:46.809+0300][39.382s][info][gc,ergo     ] GC(6) Pacer for Mark. Expected Live: 393M, Free: 98878K, Non-Taxable: 9887K, Alloc Tax Rate: 5.0x
[2021-02-28T14:25:46.809+0300][39.382s][info][gc          ] GC(6) Pause Init Mark (unload classes) 0.357ms
[2021-02-28T14:25:46.809+0300][39.382s][info][gc,start    ] GC(6) Concurrent marking (unload classes)
[2021-02-28T14:25:46.809+0300][39.382s][info][gc,task     ] GC(6) Using 1 of 3 workers for concurrent marking
[2021-02-28T14:25:47.880+0300][40.452s][info][gc          ] GC(6) Concurrent marking (unload classes) 1070.524ms
[2021-02-28T14:25:47.880+0300][40.453s][info][gc,start    ] GC(6) Pause Final Mark (unload classes)
[2021-02-28T14:25:47.880+0300][40.453s][info][gc,task     ] GC(6) Using 3 of 3 workers for final marking
[2021-02-28T14:25:47.880+0300][40.453s][info][gc,ergo     ] GC(6) Adaptive CSet Selection. Target Free: 145M, Actual Free: 78848K, Max CSet: 43690K, Min Garbage: 69700K
[2021-02-28T14:25:47.881+0300][40.453s][info][gc,ergo     ] GC(6) Collectable Garbage: 3637K (70%), Immediate: 0B (0%), CSet: 3637K (70%)
[2021-02-28T14:25:47.881+0300][40.453s][info][gc,ergo     ] GC(6) Pacer for Evacuation. Used CSet: 47273K, Free: 26328K, Non-Taxable: 2632K, Alloc Tax Rate: 4.4x
[2021-02-28T14:25:47.881+0300][40.453s][info][gc          ] GC(6) Pause Final Mark (unload classes) 0.673ms
[2021-02-28T14:25:47.881+0300][40.453s][info][gc,start    ] GC(6) Concurrent weak roots
[2021-02-28T14:25:47.881+0300][40.453s][info][gc,task     ] GC(6) Using 1 of 3 workers for concurrent weak root
[2021-02-28T14:25:47.881+0300][40.454s][info][gc          ] GC(6) Concurrent weak roots 0.543ms
[2021-02-28T14:25:47.881+0300][40.454s][info][gc,start    ] GC(6) Concurrent cleanup
[2021-02-28T14:25:47.881+0300][40.454s][info][gc          ] GC(6) Concurrent cleanup 947M->947M(1024M) 0.029ms
[2021-02-28T14:25:47.881+0300][40.454s][info][gc,ergo     ] GC(6) Free: 25088K, Max: 512K regular, 25088K humongous, Frag: 0% external, 0% internal; Reserve: 52425K, Max: 512K
[2021-02-28T14:25:47.881+0300][40.454s][info][gc,start    ] GC(6) Concurrent class unloading
[2021-02-28T14:25:47.881+0300][40.454s][info][gc,task     ] GC(6) Using 1 of 3 workers for concurrent class unloading
[2021-02-28T14:25:47.883+0300][40.455s][info][gc          ] GC(6) Concurrent class unloading 1.483ms
[2021-02-28T14:25:47.883+0300][40.456s][info][gc,start    ] GC(6) Concurrent strong roots
[2021-02-28T14:25:47.883+0300][40.456s][info][gc,task     ] GC(6) Using 1 of 3 workers for concurrent strong root
[2021-02-28T14:25:47.883+0300][40.456s][info][gc          ] GC(6) Concurrent strong roots 0.277ms
[2021-02-28T14:25:47.883+0300][40.456s][info][gc,start    ] GC(6) Concurrent evacuation
[2021-02-28T14:25:47.883+0300][40.456s][info][gc,task     ] GC(6) Using 1 of 3 workers for concurrent evacuation
[2021-02-28T14:25:47.926+0300][40.498s][info][gc          ] GC(6) Concurrent evacuation 42.672ms
[2021-02-28T14:25:47.938+0300][40.510s][info][gc,start    ] GC(6) Pause Init Update Refs
[2021-02-28T14:25:47.938+0300][40.510s][info][gc,ergo     ] GC(6) Pacer for Update Refs. Used: 994M, Free: 21504K, Non-Taxable: 2150K, Alloc Tax Rate: 57.9x
[2021-02-28T14:25:47.938+0300][40.510s][info][gc          ] GC(6) Pause Init Update Refs 0.070ms
[2021-02-28T14:25:47.938+0300][40.511s][info][gc,start    ] GC(6) Concurrent update references
[2021-02-28T14:25:47.938+0300][40.511s][info][gc,task     ] GC(6) Using 1 of 3 workers for concurrent reference update
[2021-02-28T14:25:48.501+0300][41.074s][info][gc          ] GC(6) Concurrent update references 563.404ms
[2021-02-28T14:25:48.504+0300][41.077s][info][gc,start    ] GC(6) Pause Final Update Refs
[2021-02-28T14:25:48.504+0300][41.077s][info][gc,task     ] GC(6) Using 3 of 3 workers for final reference update
[2021-02-28T14:25:48.504+0300][41.077s][info][gc          ] GC(6) Pause Final Update Refs 0.229ms
[2021-02-28T14:25:48.504+0300][41.077s][info][gc,start    ] GC(6) Concurrent cleanup
[2021-02-28T14:25:48.504+0300][41.077s][info][gc          ] GC(6) Concurrent cleanup 994M->948M(1024M) 0.052ms
[2021-02-28T14:25:48.504+0300][41.077s][info][gc,ergo     ] Free: 24547K, Max: 512K regular, 1024K humongous, Frag: 96% external, 0% internal; Reserve: 52736K, Max: 512K
[2021-02-28T14:25:48.504+0300][41.077s][info][gc,stats    ] 
[2021-02-28T14:25:48.504+0300][41.077s][info][gc,stats    ] All times are wall-clock times, except per-root-class counters, that are sum over
[2021-02-28T14:25:48.504+0300][41.077s][info][gc,stats    ] all workers. Dividing the <total> over the root stage time estimates parallelism.
[2021-02-28T14:25:48.504+0300][41.077s][info][gc,stats    ] 
[2021-02-28T14:25:48.504+0300][41.077s][info][gc,stats    ] Concurrent Reset                    983 us
[2021-02-28T14:25:48.504+0300][41.077s][info][gc,stats    ] Pause Init Mark (G)                 628 us
[2021-02-28T14:25:48.504+0300][41.077s][info][gc,stats    ] Pause Init Mark (N)                 371 us
[2021-02-28T14:25:48.504+0300][41.077s][info][gc,stats    ]   Manage TLABs                        3 us
[2021-02-28T14:25:48.504+0300][41.077s][info][gc,stats    ]   Update Region States               99 us
[2021-02-28T14:25:48.504+0300][41.077s][info][gc,stats    ]   Scan Roots                        191 us, parallelism: 0.88x
[2021-02-28T14:25:48.504+0300][41.077s][info][gc,stats    ]     S: <total>                      167 us
[2021-02-28T14:25:48.504+0300][41.077s][info][gc,stats    ]     S: Thread Roots                 163 us, workers (us):  41,  28,  95, 
[2021-02-28T14:25:48.504+0300][41.077s][info][gc,stats    ]     S: Universe Roots                 2 us, workers (us):   2, ---, ---, 
[2021-02-28T14:25:48.504+0300][41.077s][info][gc,stats    ]     S: Synchronizer Roots             0 us, workers (us):   0, ---, ---, 
[2021-02-28T14:25:48.504+0300][41.077s][info][gc,stats    ]     S: Management Roots               2 us, workers (us):   2, ---, ---, 
[2021-02-28T14:25:48.504+0300][41.077s][info][gc,stats    ]     S: JVMTI Roots                    0 us, workers (us):   0, ---, ---, 
[2021-02-28T14:25:48.504+0300][41.077s][info][gc,stats    ] Concurrent Marking              1070561 us
[2021-02-28T14:25:48.504+0300][41.077s][info][gc,stats    ]   Roots                             161 us, parallelism: 0.48x
[2021-02-28T14:25:48.504+0300][41.077s][info][gc,stats    ]     CM: <total>                      77 us
[2021-02-28T14:25:48.504+0300][41.077s][info][gc,stats    ]     CM: JNI Handles Roots             2 us, workers (us):   2, ---, ---, 
[2021-02-28T14:25:48.504+0300][41.077s][info][gc,stats    ]     CM: VM Global Roots               2 us, workers (us):   2, ---, ---, 
[2021-02-28T14:25:48.504+0300][41.077s][info][gc,stats    ]     CM: CLDG Roots                   73 us, workers (us):  73, ---, ---, 
[2021-02-28T14:25:48.504+0300][41.077s][info][gc,stats    ] Pause Final Mark (G)                956 us
[2021-02-28T14:25:48.504+0300][41.077s][info][gc,stats    ] Pause Final Mark (N)                687 us
[2021-02-28T14:25:48.504+0300][41.077s][info][gc,stats    ]   Finish Queues                     103 us
[2021-02-28T14:25:48.505+0300][41.077s][info][gc,stats    ]   System Purge                      106 us
[2021-02-28T14:25:48.505+0300][41.077s][info][gc,stats    ]     Weak Roots                      106 us, parallelism: 0.00x
[2021-02-28T14:25:48.505+0300][41.077s][info][gc,stats    ]       WR: <total>                     0 us
[2021-02-28T14:25:48.505+0300][41.077s][info][gc,stats    ]       WR: JVMTI Weak Roots            0 us, workers (us):   0, ---, ---, 
[2021-02-28T14:25:48.505+0300][41.077s][info][gc,stats    ]       WR: JFR Weak Roots              0 us, workers (us):   0, ---, ---, 
[2021-02-28T14:25:48.505+0300][41.077s][info][gc,stats    ]   Update Region States              101 us
[2021-02-28T14:25:48.505+0300][41.077s][info][gc,stats    ]   Manage GC/TLABs                     3 us
[2021-02-28T14:25:48.505+0300][41.077s][info][gc,stats    ]   Choose Collection Set             146 us
[2021-02-28T14:25:48.505+0300][41.077s][info][gc,stats    ]   Rebuild Free Set                    9 us
[2021-02-28T14:25:48.505+0300][41.077s][info][gc,stats    ]   Initial Evacuation                164 us, parallelism: 0.61x
[2021-02-28T14:25:48.505+0300][41.077s][info][gc,stats    ]     E: <total>                      100 us
[2021-02-28T14:25:48.505+0300][41.077s][info][gc,stats    ]     E: Thread Roots                  94 us, workers (us):  34,  35,  26, 
[2021-02-28T14:25:48.505+0300][41.077s][info][gc,stats    ]     E: Universe Roots                 3 us, workers (us):   3, ---, ---, 
[2021-02-28T14:25:48.505+0300][41.077s][info][gc,stats    ]     E: JVMTI Weak Roots               0 us, workers (us): ---,   0, ---, 
[2021-02-28T14:25:48.505+0300][41.077s][info][gc,stats    ]     E: JFR Weak Roots                 0 us, workers (us):   0, ---, ---, 
[2021-02-28T14:25:48.505+0300][41.078s][info][gc,stats    ]     E: Synchronizer Roots             0 us, workers (us): ---,   0, ---, 
[2021-02-28T14:25:48.505+0300][41.078s][info][gc,stats    ]     E: Management Roots               2 us, workers (us): ---,   2, ---, 
[2021-02-28T14:25:48.505+0300][41.078s][info][gc,stats    ]     E: JVMTI Roots                    0 us, workers (us):   0, ---, ---, 
[2021-02-28T14:25:48.505+0300][41.078s][info][gc,stats    ] Concurrent Weak Roots               568 us
[2021-02-28T14:25:48.505+0300][41.078s][info][gc,stats    ]   Roots                             451 us, parallelism: 0.40x
[2021-02-28T14:25:48.505+0300][41.078s][info][gc,stats    ]     CWR: <total>                    180 us
[2021-02-28T14:25:48.505+0300][41.078s][info][gc,stats    ]     CWR: JNI Weak Roots               0 us, workers (us):   0, ---, ---, 
[2021-02-28T14:25:48.505+0300][41.078s][info][gc,stats    ]     CWR: String Table Roots         158 us, workers (us): 158, ---, ---, 
[2021-02-28T14:25:48.505+0300][41.078s][info][gc,stats    ]     CWR: Resolved Table Roots        11 us, workers (us):  11, ---, ---, 
[2021-02-28T14:25:48.505+0300][41.078s][info][gc,stats    ]     CWR: VM Weak Roots                7 us, workers (us):   7, ---, ---, 
[2021-02-28T14:25:48.505+0300][41.078s][info][gc,stats    ]     CWR: CLDG Roots                   3 us, workers (us):   3, ---, ---, 
[2021-02-28T14:25:48.505+0300][41.078s][info][gc,stats    ]   Rendezvous                         55 us
[2021-02-28T14:25:48.505+0300][41.078s][info][gc,stats    ] Concurrent Cleanup                   43 us
[2021-02-28T14:25:48.505+0300][41.078s][info][gc,stats    ] Concurrent Class Unloading         1510 us
[2021-02-28T14:25:48.505+0300][41.078s][info][gc,stats    ]   Unlink Stale                     1210 us
[2021-02-28T14:25:48.505+0300][41.078s][info][gc,stats    ]     System Dictionary                 5 us
[2021-02-28T14:25:48.505+0300][41.078s][info][gc,stats    ]     Weak Class Links                  0 us
[2021-02-28T14:25:48.505+0300][41.078s][info][gc,stats    ]     Code Roots                     1204 us
[2021-02-28T14:25:48.505+0300][41.078s][info][gc,stats    ]   Rendezvous                        123 us
[2021-02-28T14:25:48.505+0300][41.078s][info][gc,stats    ]   Purge Unlinked                    118 us
[2021-02-28T14:25:48.505+0300][41.078s][info][gc,stats    ]     Code Roots                      118 us
[2021-02-28T14:25:48.505+0300][41.078s][info][gc,stats    ]     CLDG                              0 us
[2021-02-28T14:25:48.505+0300][41.078s][info][gc,stats    ]     Exception Caches                  0 us
[2021-02-28T14:25:48.505+0300][41.078s][info][gc,stats    ] Concurrent Strong Roots             299 us, parallelism: 0.57x
[2021-02-28T14:25:48.505+0300][41.078s][info][gc,stats    ] Rendezvous                          169 us
[2021-02-28T14:25:48.505+0300][41.078s][info][gc,stats    ]   CSR: Universe Roots                 3 us, workers (us):   3, ---, ---, 
[2021-02-28T14:25:48.505+0300][41.078s][info][gc,stats    ]   CSR: Resolved Table Roots          35 us, workers (us):  35, ---, ---, 
[2021-02-28T14:25:48.505+0300][41.078s][info][gc,stats    ]   CSR: Management Roots             132 us, workers (us): 132, ---, ---, 
[2021-02-28T14:25:48.505+0300][41.078s][info][gc,stats    ] Concurrent Evacuation             42707 us
[2021-02-28T14:25:48.505+0300][41.078s][info][gc,stats    ] Pause Init  Update Refs (G)       12018 us
[2021-02-28T14:25:48.505+0300][41.078s][info][gc,stats    ] Pause Init  Update Refs (N)          98 us
[2021-02-28T14:25:48.505+0300][41.078s][info][gc,stats    ]   Manage GCLABs                       2 us
[2021-02-28T14:25:48.505+0300][41.078s][info][gc,stats    ] Concurrent Update Refs           563442 us
[2021-02-28T14:25:48.505+0300][41.078s][info][gc,stats    ] Pause Final Update Refs (G)        2890 us
[2021-02-28T14:25:48.505+0300][41.078s][info][gc,stats    ] Pause Final Update Refs (N)         252 us
[2021-02-28T14:25:48.505+0300][41.078s][info][gc,stats    ]   Update Roots                       89 us, parallelism: 0.60x
[2021-02-28T14:25:48.505+0300][41.078s][info][gc,stats    ]     UR: <total>                      53 us
[2021-02-28T14:25:48.505+0300][41.078s][info][gc,stats    ]     UR: Thread Roots                 53 us, workers (us):  41,  11,   1, 
[2021-02-28T14:25:48.505+0300][41.078s][info][gc,stats    ]   Update Region States               86 us
[2021-02-28T14:25:48.505+0300][41.078s][info][gc,stats    ]   Trash Collection Set                4 us
[2021-02-28T14:25:48.505+0300][41.078s][info][gc,stats    ]   Rebuild Free Set                   10 us
[2021-02-28T14:25:48.505+0300][41.078s][info][gc,stats    ] Concurrent Cleanup                   67 us
[2021-02-28T14:25:48.505+0300][41.078s][info][gc,stats    ] Pacing                          1337983 us
[2021-02-28T14:25:48.505+0300][41.078s][info][gc,stats    ] 
[2021-02-28T14:25:48.505+0300][41.078s][info][gc,stats    ] Allocation pacing accrued:
[2021-02-28T14:25:48.505+0300][41.078s][info][gc,stats    ]    1067 of  7750 ms ( 13.8%): main
[2021-02-28T14:25:48.505+0300][41.078s][info][gc,stats    ]       5 of  7750 ms (  0.1%): C1 CompilerThread0
[2021-02-28T14:25:48.505+0300][41.078s][info][gc,stats    ]      25 of  7750 ms (  0.3%): RMI TCP Accept-0
[2021-02-28T14:25:48.505+0300][41.078s][info][gc,stats    ]      96 of  7750 ms (  1.2%): RMI TCP Connection(4)-172.22.16.1
[2021-02-28T14:25:48.505+0300][41.078s][info][gc,stats    ]     145 of  7750 ms (  1.9%): RMI TCP Connection(3)-172.22.16.1
[2021-02-28T14:25:48.505+0300][41.078s][info][gc,stats    ]    1338 of  7750 ms ( 17.3%): <total>
[2021-02-28T14:25:48.505+0300][41.078s][info][gc,stats    ]      79 of  7750 ms (  1.0%): <average total>
[2021-02-28T14:25:48.505+0300][41.078s][info][gc,stats    ]     268 of  7750 ms (  3.5%): <average non-zero>
[2021-02-28T14:25:48.505+0300][41.078s][info][gc,stats    ] 
[2021-02-28T14:25:48.505+0300][41.078s][info][gc,metaspace] Metaspace: 7000K(7552K)->7020K(7552K) NonClass: 6235K(6656K)->6255K(6656K) Class: 765K(896K)->765K(896K)
[2021-02-28T14:25:48.505+0300][41.078s][info][gc,ergo     ] Pacer for Idle. Initial: 20971K, Alloc Tax Rate: 1.0x
[2021-02-28T14:25:48.507+0300][41.079s][info][gc          ] Trigger: Free (24500K) is below minimum threshold (102M)
[2021-02-28T14:25:48.507+0300][41.079s][info][gc,ergo     ] Free: 24500K, Max: 512K regular, 1024K humongous, Frag: 96% external, 0% internal; Reserve: 52736K, Max: 512K
[2021-02-28T14:25:48.507+0300][41.079s][info][gc,start    ] GC(7) Concurrent reset
[2021-02-28T14:25:48.507+0300][41.079s][info][gc,task     ] GC(7) Using 1 of 3 workers for concurrent reset
[2021-02-28T14:25:48.507+0300][41.079s][info][gc,ergo     ] GC(7) Pacer for Reset. Non-Taxable: 1024M
[2021-02-28T14:25:48.508+0300][41.080s][info][gc          ] GC(7) Concurrent reset 1.079ms
[2021-02-28T14:25:48.508+0300][41.081s][info][gc,start    ] GC(7) Pause Init Mark (unload classes)
[2021-02-28T14:25:48.508+0300][41.081s][info][gc,task     ] GC(7) Using 3 of 3 workers for init marking
[2021-02-28T14:25:48.508+0300][41.081s][info][gc,ergo     ] GC(7) Pacer for Mark. Expected Live: 510M, Free: 24500K, Non-Taxable: 2450K, Alloc Tax Rate: 26.1x
[2021-02-28T14:25:48.508+0300][41.081s][info][gc          ] GC(7) Pause Init Mark (unload classes) 0.262ms
[2021-02-28T14:25:48.508+0300][41.081s][info][gc,start    ] GC(7) Concurrent marking (unload classes)
[2021-02-28T14:25:48.508+0300][41.081s][info][gc,task     ] GC(7) Using 1 of 3 workers for concurrent marking
[2021-02-28T14:25:49.769+0300][42.342s][info][gc          ] GC(7) Concurrent marking (unload classes) 1260.446ms
[2021-02-28T14:25:49.786+0300][42.359s][info][gc,start    ] GC(7) Pause Final Mark (unload classes)
[2021-02-28T14:25:49.786+0300][42.359s][info][gc,task     ] GC(7) Using 3 of 3 workers for final marking
[2021-02-28T14:25:49.786+0300][42.359s][info][gc,ergo     ] GC(7) Adaptive CSet Selection. Target Free: 145M, Actual Free: 100324K, Max CSet: 43690K, Min Garbage: 48223K
[2021-02-28T14:25:49.786+0300][42.359s][info][gc,ergo     ] GC(7) Collectable Garbage: 25354K (94%), Immediate: 24036K (89%), CSet: 1317K (4%)
[2021-02-28T14:25:49.786+0300][42.359s][info][gc,ergo     ] GC(7) Pacer for Evacuation. Used CSet: 44924K, Free: 47616K, Non-Taxable: 4761K, Alloc Tax Rate: 2.3x
[2021-02-28T14:25:49.786+0300][42.359s][info][gc          ] GC(7) Pause Final Mark (unload classes) 0.647ms
[2021-02-28T14:25:49.787+0300][42.359s][info][gc,start    ] GC(7) Concurrent weak roots
[2021-02-28T14:25:49.787+0300][42.359s][info][gc,task     ] GC(7) Using 1 of 3 workers for concurrent weak root
[2021-02-28T14:25:49.806+0300][42.378s][info][gc          ] GC(7) Concurrent weak roots 19.106ms
[2021-02-28T14:25:49.806+0300][42.378s][info][gc,start    ] GC(7) Concurrent cleanup
[2021-02-28T14:25:49.806+0300][42.378s][info][gc          ] GC(7) Concurrent cleanup 960M->937M(1024M) 0.030ms
[2021-02-28T14:25:49.806+0300][42.378s][info][gc,ergo     ] GC(7) Free: 47587K, Max: 512K regular, 23040K humongous, Frag: 52% external, 0% internal; Reserve: 40448K, Max: 512K
[2021-02-28T14:25:49.806+0300][42.378s][info][gc,start    ] GC(7) Concurrent class unloading
[2021-02-28T14:25:49.806+0300][42.378s][info][gc,task     ] GC(7) Using 1 of 3 workers for concurrent class unloading
[2021-02-28T14:25:49.816+0300][42.389s][info][gc          ] GC(7) Concurrent class unloading 10.027ms
[2021-02-28T14:25:49.816+0300][42.389s][info][gc,start    ] GC(7) Concurrent strong roots
[2021-02-28T14:25:49.816+0300][42.389s][info][gc,task     ] GC(7) Using 1 of 3 workers for concurrent strong root
[2021-02-28T14:25:49.816+0300][42.389s][info][gc          ] GC(7) Concurrent strong roots 0.254ms
[2021-02-28T14:25:49.816+0300][42.389s][info][gc,start    ] GC(7) Concurrent evacuation
[2021-02-28T14:25:49.816+0300][42.389s][info][gc,task     ] GC(7) Using 1 of 3 workers for concurrent evacuation
[2021-02-28T14:25:49.852+0300][42.425s][info][gc          ] GC(7) Concurrent evacuation 35.692ms
[2021-02-28T14:25:49.855+0300][42.428s][info][gc,start    ] GC(7) Pause Init Update Refs
[2021-02-28T14:25:49.855+0300][42.428s][info][gc,ergo     ] GC(7) Pacer for Update Refs. Used: 968M, Free: 47587K, Non-Taxable: 4758K, Alloc Tax Rate: 25.5x
[2021-02-28T14:25:49.855+0300][42.428s][info][gc          ] GC(7) Pause Init Update Refs 0.043ms
[2021-02-28T14:25:49.855+0300][42.428s][info][gc,start    ] GC(7) Concurrent update references
[2021-02-28T14:25:49.855+0300][42.428s][info][gc,task     ] GC(7) Using 1 of 3 workers for concurrent reference update
[2021-02-28T14:25:50.409+0300][42.981s][info][gc          ] GC(7) Concurrent update references 553.580ms
[2021-02-28T14:25:50.413+0300][42.986s][info][gc,start    ] GC(7) Pause Final Update Refs
[2021-02-28T14:25:50.413+0300][42.986s][info][gc,task     ] GC(7) Using 3 of 3 workers for final reference update
[2021-02-28T14:25:50.413+0300][42.986s][info][gc          ] GC(7) Pause Final Update Refs 0.277ms
[2021-02-28T14:25:50.413+0300][42.986s][info][gc,start    ] GC(7) Concurrent cleanup
[2021-02-28T14:25:50.413+0300][42.986s][info][gc          ] GC(7) Concurrent cleanup 968M->924M(1024M) 0.051ms
[2021-02-28T14:25:50.413+0300][42.986s][info][gc,ergo     ] Free: 48582K, Max: 512K regular, 12800K humongous, Frag: 74% external, 0% internal; Reserve: 52736K, Max: 512K
[2021-02-28T14:25:50.413+0300][42.986s][info][gc,stats    ] 
[2021-02-28T14:25:50.413+0300][42.986s][info][gc,stats    ] All times are wall-clock times, except per-root-class counters, that are sum over
[2021-02-28T14:25:50.413+0300][42.986s][info][gc,stats    ] all workers. Dividing the <total> over the root stage time estimates parallelism.
[2021-02-28T14:25:50.413+0300][42.986s][info][gc,stats    ] 
[2021-02-28T14:25:50.413+0300][42.986s][info][gc,stats    ] Concurrent Reset                   1132 us
[2021-02-28T14:25:50.413+0300][42.986s][info][gc,stats    ] Pause Init Mark (G)                 571 us
[2021-02-28T14:25:50.413+0300][42.986s][info][gc,stats    ] Pause Init Mark (N)                 275 us
[2021-02-28T14:25:50.413+0300][42.986s][info][gc,stats    ]   Manage TLABs                        4 us
[2021-02-28T14:25:50.413+0300][42.986s][info][gc,stats    ]   Update Region States               95 us
[2021-02-28T14:25:50.413+0300][42.986s][info][gc,stats    ]   Scan Roots                         98 us, parallelism: 0.83x
[2021-02-28T14:25:50.413+0300][42.986s][info][gc,stats    ]     S: <total>                       82 us
[2021-02-28T14:25:50.413+0300][42.986s][info][gc,stats    ]     S: Thread Roots                  79 us, workers (us):  48,  20,  11, 
[2021-02-28T14:25:50.413+0300][42.986s][info][gc,stats    ]     S: Universe Roots                 2 us, workers (us):   2, ---, ---, 
[2021-02-28T14:25:50.413+0300][42.986s][info][gc,stats    ]     S: Synchronizer Roots             0 us, workers (us):   0, ---, ---, 
[2021-02-28T14:25:50.413+0300][42.986s][info][gc,stats    ]     S: Management Roots               1 us, workers (us):   1, ---, ---, 
[2021-02-28T14:25:50.413+0300][42.986s][info][gc,stats    ]     S: JVMTI Roots                    0 us, workers (us):   0, ---, ---, 
[2021-02-28T14:25:50.413+0300][42.986s][info][gc,stats    ] Concurrent Marking              1260485 us
[2021-02-28T14:25:50.413+0300][42.986s][info][gc,stats    ]   Roots                             167 us, parallelism: 0.42x
[2021-02-28T14:25:50.413+0300][42.986s][info][gc,stats    ]     CM: <total>                      70 us
[2021-02-28T14:25:50.413+0300][42.986s][info][gc,stats    ]     CM: JNI Handles Roots             2 us, workers (us):   2, ---, ---, 
[2021-02-28T14:25:50.414+0300][42.986s][info][gc,stats    ]     CM: VM Global Roots               2 us, workers (us):   2, ---, ---, 
[2021-02-28T14:25:50.414+0300][42.986s][info][gc,stats    ]     CM: CLDG Roots                   67 us, workers (us):  67, ---, ---, 
[2021-02-28T14:25:50.414+0300][42.986s][info][gc,stats    ] Pause Final Mark (G)              17727 us
[2021-02-28T14:25:50.414+0300][42.986s][info][gc,stats    ] Pause Final Mark (N)                664 us
[2021-02-28T14:25:50.414+0300][42.986s][info][gc,stats    ]   Finish Queues                      99 us
[2021-02-28T14:25:50.414+0300][42.986s][info][gc,stats    ]   System Purge                       99 us
[2021-02-28T14:25:50.414+0300][42.986s][info][gc,stats    ]     Weak Roots                       99 us, parallelism: 0.01x
[2021-02-28T14:25:50.414+0300][42.986s][info][gc,stats    ]       WR: <total>                     1 us
[2021-02-28T14:25:50.414+0300][42.986s][info][gc,stats    ]       WR: JVMTI Weak Roots            0 us, workers (us):   0, ---, ---, 
[2021-02-28T14:25:50.414+0300][42.986s][info][gc,stats    ]       WR: JFR Weak Roots              0 us, workers (us):   0, ---, ---, 
[2021-02-28T14:25:50.414+0300][42.986s][info][gc,stats    ]   Update Region States               98 us
[2021-02-28T14:25:50.414+0300][42.987s][info][gc,stats    ]   Manage GC/TLABs                     3 us
[2021-02-28T14:25:50.414+0300][42.987s][info][gc,stats    ]   Choose Collection Set             126 us
[2021-02-28T14:25:50.414+0300][42.987s][info][gc,stats    ]   Rebuild Free Set                   10 us
[2021-02-28T14:25:50.414+0300][42.987s][info][gc,stats    ]   Initial Evacuation                169 us, parallelism: 0.64x
[2021-02-28T14:25:50.414+0300][42.987s][info][gc,stats    ]     E: <total>                      108 us
[2021-02-28T14:25:50.414+0300][42.987s][info][gc,stats    ]     E: Thread Roots                 102 us, workers (us):  41,  28,  33, 
[2021-02-28T14:25:50.414+0300][42.987s][info][gc,stats    ]     E: Universe Roots                 3 us, workers (us):   3, ---, ---, 
[2021-02-28T14:25:50.414+0300][42.987s][info][gc,stats    ]     E: JVMTI Weak Roots               0 us, workers (us):   0, ---, ---, 
[2021-02-28T14:25:50.414+0300][42.987s][info][gc,stats    ]     E: JFR Weak Roots                 0 us, workers (us):   0, ---, ---, 
[2021-02-28T14:25:50.414+0300][42.987s][info][gc,stats    ]     E: Synchronizer Roots             0 us, workers (us):   0, ---, ---, 
[2021-02-28T14:25:50.414+0300][42.987s][info][gc,stats    ]     E: Management Roots               2 us, workers (us):   2, ---, ---, 
[2021-02-28T14:25:50.414+0300][42.987s][info][gc,stats    ]     E: JVMTI Roots                    0 us, workers (us):   0, ---, ---, 
[2021-02-28T14:25:50.414+0300][42.987s][info][gc,stats    ] Concurrent Weak Roots             19136 us
[2021-02-28T14:25:50.414+0300][42.987s][info][gc,stats    ]   Roots                             395 us, parallelism: 0.45x
[2021-02-28T14:25:50.414+0300][42.987s][info][gc,stats    ]     CWR: <total>                    179 us
[2021-02-28T14:25:50.414+0300][42.987s][info][gc,stats    ]     CWR: JNI Weak Roots               0 us, workers (us):   0, ---, ---, 
[2021-02-28T14:25:50.414+0300][42.987s][info][gc,stats    ]     CWR: String Table Roots         157 us, workers (us): 157, ---, ---, 
[2021-02-28T14:25:50.414+0300][42.987s][info][gc,stats    ]     CWR: Resolved Table Roots        11 us, workers (us):  11, ---, ---, 
[2021-02-28T14:25:50.414+0300][42.987s][info][gc,stats    ]     CWR: VM Weak Roots                7 us, workers (us):   7, ---, ---, 
[2021-02-28T14:25:50.414+0300][42.987s][info][gc,stats    ]     CWR: CLDG Roots                   4 us, workers (us):   4, ---, ---, 
[2021-02-28T14:25:50.414+0300][42.987s][info][gc,stats    ]   Rendezvous                      18672 us
[2021-02-28T14:25:50.414+0300][42.987s][info][gc,stats    ] Concurrent Cleanup                   44 us
[2021-02-28T14:25:50.414+0300][42.987s][info][gc,stats    ] Concurrent Class Unloading        10051 us
[2021-02-28T14:25:50.414+0300][42.987s][info][gc,stats    ]   Unlink Stale                     1119 us
[2021-02-28T14:25:50.414+0300][42.987s][info][gc,stats    ]     System Dictionary                 8 us
[2021-02-28T14:25:50.414+0300][42.987s][info][gc,stats    ]     Weak Class Links                  0 us
[2021-02-28T14:25:50.414+0300][42.987s][info][gc,stats    ]     Code Roots                     1111 us
[2021-02-28T14:25:50.414+0300][42.987s][info][gc,stats    ]   Rendezvous                       8761 us
[2021-02-28T14:25:50.414+0300][42.987s][info][gc,stats    ]   Purge Unlinked                    123 us
[2021-02-28T14:25:50.414+0300][42.987s][info][gc,stats    ]     Code Roots                      122 us
[2021-02-28T14:25:50.414+0300][42.987s][info][gc,stats    ]     CLDG                              0 us
[2021-02-28T14:25:50.414+0300][42.987s][info][gc,stats    ]     Exception Caches                  0 us
[2021-02-28T14:25:50.414+0300][42.987s][info][gc,stats    ] Concurrent Strong Roots             276 us, parallelism: 0.49x
[2021-02-28T14:25:50.414+0300][42.987s][info][gc,stats    ] Rendezvous                          134 us
[2021-02-28T14:25:50.414+0300][42.987s][info][gc,stats    ]   CSR: Universe Roots                 3 us, workers (us):   3, ---, ---, 
[2021-02-28T14:25:50.414+0300][42.987s][info][gc,stats    ]   CSR: Resolved Table Roots           2 us, workers (us):   2, ---, ---, 
[2021-02-28T14:25:50.414+0300][42.987s][info][gc,stats    ]   CSR: Management Roots             129 us, workers (us): 129, ---, ---, 
[2021-02-28T14:25:50.414+0300][42.987s][info][gc,stats    ] Concurrent Evacuation             35726 us
[2021-02-28T14:25:50.414+0300][42.987s][info][gc,stats    ] Pause Init  Update Refs (G)        3157 us
[2021-02-28T14:25:50.414+0300][42.987s][info][gc,stats    ] Pause Init  Update Refs (N)          55 us
[2021-02-28T14:25:50.414+0300][42.987s][info][gc,stats    ]   Manage GCLABs                       2 us
[2021-02-28T14:25:50.414+0300][42.987s][info][gc,stats    ] Concurrent Update Refs           553619 us
[2021-02-28T14:25:50.414+0300][42.987s][info][gc,stats    ] Pause Final Update Refs (G)        4650 us
[2021-02-28T14:25:50.414+0300][42.987s][info][gc,stats    ] Pause Final Update Refs (N)         299 us
[2021-02-28T14:25:50.414+0300][42.987s][info][gc,stats    ]   Update Roots                      124 us, parallelism: 0.50x
[2021-02-28T14:25:50.414+0300][42.987s][info][gc,stats    ]     UR: <total>                      62 us
[2021-02-28T14:25:50.414+0300][42.987s][info][gc,stats    ]     UR: Thread Roots                 62 us, workers (us):  17,  24,  21, 
[2021-02-28T14:25:50.414+0300][42.987s][info][gc,stats    ]   Update Region States               96 us
[2021-02-28T14:25:50.414+0300][42.987s][info][gc,stats    ]   Trash Collection Set                3 us
[2021-02-28T14:25:50.414+0300][42.987s][info][gc,stats    ]   Rebuild Free Set                   11 us
[2021-02-28T14:25:50.414+0300][42.987s][info][gc,stats    ] Concurrent Cleanup                   67 us
[2021-02-28T14:25:50.414+0300][42.987s][info][gc,stats    ] 
[2021-02-28T14:25:50.414+0300][42.987s][info][gc,stats    ] Allocation pacing accrued:
[2021-02-28T14:25:50.414+0300][42.987s][info][gc,stats    ]       0 of  1909 ms (  0.0%): <total>
[2021-02-28T14:25:50.414+0300][42.987s][info][gc,stats    ]       0 of  1909 ms (  0.0%): <average total>
[2021-02-28T14:25:50.414+0300][42.987s][info][gc,stats    ] 
[2021-02-28T14:25:50.414+0300][42.987s][info][gc,metaspace] Metaspace: 7020K(7552K)->7050K(7552K) NonClass: 6255K(6656K)->6285K(6656K) Class: 765K(896K)->765K(896K)
[2021-02-28T14:25:50.414+0300][42.987s][info][gc,ergo     ] Pacer for Idle. Initial: 20971K, Alloc Tax Rate: 1.0x
[2021-02-28T14:25:50.416+0300][42.988s][info][gc          ] Trigger: Free (48533K) is below minimum threshold (102M)
[2021-02-28T14:25:50.416+0300][42.988s][info][gc,ergo     ] Free: 48533K, Max: 512K regular, 12800K humongous, Frag: 74% external, 0% internal; Reserve: 52736K, Max: 512K
[2021-02-28T14:25:50.416+0300][42.988s][info][gc,start    ] GC(8) Concurrent reset
[2021-02-28T14:25:50.416+0300][42.988s][info][gc,task     ] GC(8) Using 1 of 3 workers for concurrent reset
[2021-02-28T14:25:50.416+0300][42.988s][info][gc,ergo     ] GC(8) Pacer for Reset. Non-Taxable: 1024M
[2021-02-28T14:25:50.417+0300][42.990s][info][gc          ] GC(8) Concurrent reset 1.289ms
[2021-02-28T14:25:50.417+0300][42.990s][info][gc,start    ] GC(8) Pause Init Mark (unload classes)
[2021-02-28T14:25:50.417+0300][42.990s][info][gc,task     ] GC(8) Using 3 of 3 workers for init marking
[2021-02-28T14:25:50.417+0300][42.990s][info][gc,ergo     ] GC(8) Pacer for Mark. Expected Live: 638M, Free: 48533K, Non-Taxable: 4853K, Alloc Tax Rate: 16.5x
[2021-02-28T14:25:50.417+0300][42.990s][info][gc          ] GC(8) Pause Init Mark (unload classes) 0.279ms
[2021-02-28T14:25:50.418+0300][42.990s][info][gc,start    ] GC(8) Concurrent marking (unload classes)
[2021-02-28T14:25:50.418+0300][42.990s][info][gc,task     ] GC(8) Using 1 of 3 workers for concurrent marking
[2021-02-28T14:25:51.664+0300][44.237s][info][gc          ] GC(8) Concurrent marking (unload classes) 1246.345ms
[2021-02-28T14:25:51.679+0300][44.252s][info][gc,start    ] GC(8) Pause Final Mark (unload classes)
[2021-02-28T14:25:51.679+0300][44.252s][info][gc,task     ] GC(8) Using 3 of 3 workers for final marking
[2021-02-28T14:25:51.679+0300][44.252s][info][gc,ergo     ] GC(8) Adaptive CSet Selection. Target Free: 145M, Actual Free: 100352K, Max CSet: 43690K, Min Garbage: 48196K
[2021-02-28T14:25:51.679+0300][44.252s][info][gc,ergo     ] GC(8) Collectable Garbage: 1418K (50%), Immediate: 0B (0%), CSet: 1418K (50%)
[2021-02-28T14:25:51.679+0300][44.252s][info][gc,ergo     ] GC(8) Pacer for Evacuation. Used CSet: 44819K, Free: 47616K, Non-Taxable: 4761K, Alloc Tax Rate: 2.3x
[2021-02-28T14:25:51.679+0300][44.252s][info][gc          ] GC(8) Pause Final Mark (unload classes) 0.648ms
[2021-02-28T14:25:51.680+0300][44.252s][info][gc,start    ] GC(8) Concurrent weak roots
[2021-02-28T14:25:51.680+0300][44.252s][info][gc,task     ] GC(8) Using 1 of 3 workers for concurrent weak root
[2021-02-28T14:25:51.697+0300][44.269s][info][gc          ] GC(8) Concurrent weak roots 17.094ms
[2021-02-28T14:25:51.697+0300][44.269s][info][gc,start    ] GC(8) Concurrent cleanup
[2021-02-28T14:25:51.697+0300][44.269s][info][gc          ] GC(8) Concurrent cleanup 937M->937M(1024M) 0.028ms
[2021-02-28T14:25:51.697+0300][44.269s][info][gc,ergo     ] GC(8) Free: 47587K, Max: 512K regular, 12800K humongous, Frag: 73% external, 0% internal; Reserve: 39936K, Max: 512K
[2021-02-28T14:25:51.697+0300][44.269s][info][gc,start    ] GC(8) Concurrent class unloading
[2021-02-28T14:25:51.697+0300][44.269s][info][gc,task     ] GC(8) Using 1 of 3 workers for concurrent class unloading
[2021-02-28T14:25:51.707+0300][44.280s][info][gc          ] GC(8) Concurrent class unloading 10.101ms
[2021-02-28T14:25:51.707+0300][44.280s][info][gc,start    ] GC(8) Concurrent strong roots
[2021-02-28T14:25:51.707+0300][44.280s][info][gc,task     ] GC(8) Using 1 of 3 workers for concurrent strong root
[2021-02-28T14:25:51.707+0300][44.280s][info][gc          ] GC(8) Concurrent strong roots 0.187ms
[2021-02-28T14:25:51.707+0300][44.280s][info][gc,start    ] GC(8) Concurrent evacuation
[2021-02-28T14:25:51.707+0300][44.280s][info][gc,task     ] GC(8) Using 1 of 3 workers for concurrent evacuation
[2021-02-28T14:25:51.736+0300][44.309s][info][gc          ] GC(8) Concurrent evacuation 28.890ms
[2021-02-28T14:25:51.739+0300][44.312s][info][gc,start    ] GC(8) Pause Init Update Refs
[2021-02-28T14:25:51.739+0300][44.312s][info][gc,ergo     ] GC(8) Pacer for Update Refs. Used: 968M, Free: 47557K, Non-Taxable: 4755K, Alloc Tax Rate: 25.5x
[2021-02-28T14:25:51.739+0300][44.312s][info][gc          ] GC(8) Pause Init Update Refs 0.043ms
[2021-02-28T14:25:51.739+0300][44.312s][info][gc,start    ] GC(8) Concurrent update references
[2021-02-28T14:25:51.739+0300][44.312s][info][gc,task     ] GC(8) Using 1 of 3 workers for concurrent reference update
[2021-02-28T14:25:52.312+0300][44.885s][info][gc          ] GC(8) Concurrent update references 572.893ms
[2021-02-28T14:25:52.315+0300][44.887s][info][gc,start    ] GC(8) Pause Final Update Refs
[2021-02-28T14:25:52.315+0300][44.887s][info][gc,task     ] GC(8) Using 3 of 3 workers for final reference update
[2021-02-28T14:25:52.315+0300][44.888s][info][gc          ] GC(8) Pause Final Update Refs 0.330ms
[2021-02-28T14:25:52.315+0300][44.888s][info][gc,start    ] GC(8) Concurrent cleanup
[2021-02-28T14:25:52.315+0300][44.888s][info][gc          ] GC(8) Concurrent cleanup 968M->924M(1024M) 0.056ms
[2021-02-28T14:25:52.315+0300][44.888s][info][gc,ergo     ] Free: 48954K, Max: 512K regular, 1024K humongous, Frag: 98% external, 0% internal; Reserve: 52736K, Max: 512K
[2021-02-28T14:25:52.315+0300][44.888s][info][gc,stats    ] 
[2021-02-28T14:25:52.315+0300][44.888s][info][gc,stats    ] All times are wall-clock times, except per-root-class counters, that are sum over
[2021-02-28T14:25:52.315+0300][44.888s][info][gc,stats    ] all workers. Dividing the <total> over the root stage time estimates parallelism.
[2021-02-28T14:25:52.315+0300][44.888s][info][gc,stats    ] 
[2021-02-28T14:25:52.315+0300][44.888s][info][gc,stats    ] Concurrent Reset                   1342 us
[2021-02-28T14:25:52.315+0300][44.888s][info][gc,stats    ] Pause Init Mark (G)                 661 us
[2021-02-28T14:25:52.315+0300][44.888s][info][gc,stats    ] Pause Init Mark (N)                 292 us
[2021-02-28T14:25:52.315+0300][44.888s][info][gc,stats    ]   Manage TLABs                        3 us
[2021-02-28T14:25:52.315+0300][44.888s][info][gc,stats    ]   Update Region States               94 us
[2021-02-28T14:25:52.315+0300][44.888s][info][gc,stats    ]   Scan Roots                        118 us, parallelism: 0.69x
[2021-02-28T14:25:52.315+0300][44.888s][info][gc,stats    ]     S: <total>                       81 us
[2021-02-28T14:25:52.315+0300][44.888s][info][gc,stats    ]     S: Thread Roots                  77 us, workers (us):  37,  20,  21, 
[2021-02-28T14:25:52.315+0300][44.888s][info][gc,stats    ]     S: Universe Roots                 2 us, workers (us):   2, ---, ---, 
[2021-02-28T14:25:52.315+0300][44.888s][info][gc,stats    ]     S: Synchronizer Roots             0 us, workers (us):   0, ---, ---, 
[2021-02-28T14:25:52.315+0300][44.888s][info][gc,stats    ]     S: Management Roots               1 us, workers (us):   1, ---, ---, 
[2021-02-28T14:25:52.315+0300][44.888s][info][gc,stats    ]     S: JVMTI Roots                    0 us, workers (us):   0, ---, ---, 
[2021-02-28T14:25:52.315+0300][44.888s][info][gc,stats    ] Concurrent Marking              1246378 us
[2021-02-28T14:25:52.315+0300][44.888s][info][gc,stats    ]   Roots                             165 us, parallelism: 0.46x
[2021-02-28T14:25:52.315+0300][44.888s][info][gc,stats    ]     CM: <total>                      76 us
[2021-02-28T14:25:52.315+0300][44.888s][info][gc,stats    ]     CM: JNI Handles Roots             2 us, workers (us):   2, ---, ---, 
[2021-02-28T14:25:52.315+0300][44.888s][info][gc,stats    ]     CM: VM Global Roots               2 us, workers (us):   2, ---, ---, 
[2021-02-28T14:25:52.316+0300][44.888s][info][gc,stats    ]     CM: CLDG Roots                   72 us, workers (us):  72, ---, ---, 
[2021-02-28T14:25:52.316+0300][44.888s][info][gc,stats    ] Pause Final Mark (G)              15499 us
[2021-02-28T14:25:52.316+0300][44.888s][info][gc,stats    ] Pause Final Mark (N)                661 us
[2021-02-28T14:25:52.316+0300][44.888s][info][gc,stats    ]   Finish Queues                     143 us
[2021-02-28T14:25:52.316+0300][44.888s][info][gc,stats    ]   System Purge                       89 us
[2021-02-28T14:25:52.316+0300][44.888s][info][gc,stats    ]     Weak Roots                       89 us, parallelism: 0.01x
[2021-02-28T14:25:52.316+0300][44.888s][info][gc,stats    ]       WR: <total>                     1 us
[2021-02-28T14:25:52.316+0300][44.888s][info][gc,stats    ]       WR: JVMTI Weak Roots            0 us, workers (us):   0, ---, ---, 
[2021-02-28T14:25:52.316+0300][44.888s][info][gc,stats    ]       WR: JFR Weak Roots              0 us, workers (us):   0, ---, ---, 
[2021-02-28T14:25:52.316+0300][44.888s][info][gc,stats    ]   Update Region States               87 us
[2021-02-28T14:25:52.316+0300][44.888s][info][gc,stats    ]   Manage GC/TLABs                     3 us
[2021-02-28T14:25:52.316+0300][44.888s][info][gc,stats    ]   Choose Collection Set             124 us
[2021-02-28T14:25:52.316+0300][44.888s][info][gc,stats    ]   Rebuild Free Set                   10 us
[2021-02-28T14:25:52.316+0300][44.889s][info][gc,stats    ]   Initial Evacuation                148 us, parallelism: 0.68x
[2021-02-28T14:25:52.316+0300][44.889s][info][gc,stats    ]     E: <total>                      100 us
[2021-02-28T14:25:52.316+0300][44.889s][info][gc,stats    ]     E: Thread Roots                  95 us, workers (us):  46,  33,  16, 
[2021-02-28T14:25:52.316+0300][44.889s][info][gc,stats    ]     E: Universe Roots                 4 us, workers (us):   4, ---, ---, 
[2021-02-28T14:25:52.316+0300][44.889s][info][gc,stats    ]     E: JVMTI Weak Roots               0 us, workers (us):   0, ---, ---, 
[2021-02-28T14:25:52.316+0300][44.889s][info][gc,stats    ]     E: JFR Weak Roots                 0 us, workers (us):   0, ---, ---, 
[2021-02-28T14:25:52.316+0300][44.889s][info][gc,stats    ]     E: Synchronizer Roots             0 us, workers (us):   0, ---, ---, 
[2021-02-28T14:25:52.316+0300][44.889s][info][gc,stats    ]     E: Management Roots               2 us, workers (us):   2, ---, ---, 
[2021-02-28T14:25:52.316+0300][44.889s][info][gc,stats    ]     E: JVMTI Roots                    0 us, workers (us):   0, ---, ---, 
[2021-02-28T14:25:52.316+0300][44.889s][info][gc,stats    ] Concurrent Weak Roots             17122 us
[2021-02-28T14:25:52.316+0300][44.889s][info][gc,stats    ]   Roots                             428 us, parallelism: 0.41x
[2021-02-28T14:25:52.316+0300][44.889s][info][gc,stats    ]     CWR: <total>                    175 us
[2021-02-28T14:25:52.316+0300][44.889s][info][gc,stats    ]     CWR: JNI Weak Roots               0 us, workers (us):   0, ---, ---, 
[2021-02-28T14:25:52.316+0300][44.889s][info][gc,stats    ]     CWR: String Table Roots         153 us, workers (us): 153, ---, ---, 
[2021-02-28T14:25:52.316+0300][44.889s][info][gc,stats    ]     CWR: Resolved Table Roots        11 us, workers (us):  11, ---, ---, 
[2021-02-28T14:25:52.316+0300][44.889s][info][gc,stats    ]     CWR: VM Weak Roots                7 us, workers (us):   7, ---, ---, 
[2021-02-28T14:25:52.316+0300][44.889s][info][gc,stats    ]     CWR: CLDG Roots                   4 us, workers (us):   4, ---, ---, 
[2021-02-28T14:25:52.316+0300][44.889s][info][gc,stats    ]   Rendezvous                      16605 us
[2021-02-28T14:25:52.316+0300][44.889s][info][gc,stats    ] Concurrent Cleanup                   42 us
[2021-02-28T14:25:52.316+0300][44.889s][info][gc,stats    ] Concurrent Class Unloading        10140 us
[2021-02-28T14:25:52.316+0300][44.889s][info][gc,stats    ]   Unlink Stale                     1206 us
[2021-02-28T14:25:52.316+0300][44.889s][info][gc,stats    ]     System Dictionary                 8 us
[2021-02-28T14:25:52.316+0300][44.889s][info][gc,stats    ]     Weak Class Links                  0 us
[2021-02-28T14:25:52.316+0300][44.889s][info][gc,stats    ]     Code Roots                     1198 us
[2021-02-28T14:25:52.316+0300][44.889s][info][gc,stats    ]   Rendezvous                       8659 us
[2021-02-28T14:25:52.316+0300][44.889s][info][gc,stats    ]   Purge Unlinked                    158 us
[2021-02-28T14:25:52.316+0300][44.889s][info][gc,stats    ]     Code Roots                      157 us
[2021-02-28T14:25:52.316+0300][44.889s][info][gc,stats    ]     CLDG                              0 us
[2021-02-28T14:25:52.316+0300][44.889s][info][gc,stats    ]     Exception Caches                  0 us
[2021-02-28T14:25:52.316+0300][44.889s][info][gc,stats    ] Concurrent Strong Roots             209 us, parallelism: 0.49x
[2021-02-28T14:25:52.316+0300][44.889s][info][gc,stats    ] Rendezvous                          102 us
[2021-02-28T14:25:52.316+0300][44.889s][info][gc,stats    ]   CSR: Universe Roots                 4 us, workers (us):   4, ---, ---, 
[2021-02-28T14:25:52.316+0300][44.889s][info][gc,stats    ]   CSR: Resolved Table Roots           2 us, workers (us):   2, ---, ---, 
[2021-02-28T14:25:52.316+0300][44.889s][info][gc,stats    ]   CSR: Management Roots              96 us, workers (us):  96, ---, ---, 
[2021-02-28T14:25:52.316+0300][44.889s][info][gc,stats    ] Concurrent Evacuation             28939 us
[2021-02-28T14:25:52.316+0300][44.889s][info][gc,stats    ] Pause Init  Update Refs (G)        2946 us
[2021-02-28T14:25:52.316+0300][44.889s][info][gc,stats    ] Pause Init  Update Refs (N)          56 us
[2021-02-28T14:25:52.316+0300][44.889s][info][gc,stats    ]   Manage GCLABs                       2 us
[2021-02-28T14:25:52.316+0300][44.889s][info][gc,stats    ] Concurrent Update Refs           572929 us
[2021-02-28T14:25:52.316+0300][44.889s][info][gc,stats    ] Pause Final Update Refs (G)        3240 us
[2021-02-28T14:25:52.316+0300][44.889s][info][gc,stats    ] Pause Final Update Refs (N)         353 us
[2021-02-28T14:25:52.316+0300][44.889s][info][gc,stats    ]   Update Roots                      145 us, parallelism: 0.77x
[2021-02-28T14:25:52.316+0300][44.889s][info][gc,stats    ]     UR: <total>                     111 us
[2021-02-28T14:25:52.316+0300][44.889s][info][gc,stats    ]     UR: Thread Roots                111 us, workers (us):  53,  31,  27, 
[2021-02-28T14:25:52.316+0300][44.889s][info][gc,stats    ]   Update Region States              127 us
[2021-02-28T14:25:52.316+0300][44.889s][info][gc,stats    ]   Trash Collection Set                3 us
[2021-02-28T14:25:52.316+0300][44.889s][info][gc,stats    ]   Rebuild Free Set                   12 us
[2021-02-28T14:25:52.316+0300][44.889s][info][gc,stats    ] Concurrent Cleanup                   71 us
[2021-02-28T14:25:52.316+0300][44.889s][info][gc,stats    ] 
[2021-02-28T14:25:52.316+0300][44.889s][info][gc,stats    ] Allocation pacing accrued:
[2021-02-28T14:25:52.316+0300][44.889s][info][gc,stats    ]       0 of  1902 ms (  0.0%): <total>
[2021-02-28T14:25:52.316+0300][44.889s][info][gc,stats    ]       0 of  1902 ms (  0.0%): <average total>
[2021-02-28T14:25:52.316+0300][44.889s][info][gc,stats    ] 
[2021-02-28T14:25:52.316+0300][44.889s][info][gc,metaspace] Metaspace: 7050K(7552K)->7062K(7552K) NonClass: 6285K(6656K)->6297K(6656K) Class: 765K(896K)->765K(896K)
[2021-02-28T14:25:52.316+0300][44.889s][info][gc,ergo     ] Pacer for Idle. Initial: 20971K, Alloc Tax Rate: 1.0x
[2021-02-28T14:25:52.318+0300][44.890s][info][gc          ] Trigger: Free (48907K) is below minimum threshold (102M)
[2021-02-28T14:25:52.318+0300][44.890s][info][gc,ergo     ] Free: 48907K, Max: 512K regular, 1024K humongous, Frag: 98% external, 0% internal; Reserve: 52736K, Max: 512K
[2021-02-28T14:25:52.318+0300][44.890s][info][gc,start    ] GC(9) Concurrent reset
[2021-02-28T14:25:52.318+0300][44.890s][info][gc,task     ] GC(9) Using 1 of 3 workers for concurrent reset
[2021-02-28T14:25:52.318+0300][44.890s][info][gc,ergo     ] GC(9) Pacer for Reset. Non-Taxable: 1024M
[2021-02-28T14:25:52.319+0300][44.892s][info][gc          ] GC(9) Concurrent reset 1.171ms
[2021-02-28T14:25:52.319+0300][44.892s][info][gc,start    ] GC(9) Pause Init Mark (unload classes)
[2021-02-28T14:25:52.319+0300][44.892s][info][gc,task     ] GC(9) Using 3 of 3 workers for init marking
[2021-02-28T14:25:52.320+0300][44.892s][info][gc,ergo     ] GC(9) Pacer for Mark. Expected Live: 765M, Free: 48907K, Non-Taxable: 4890K, Alloc Tax Rate: 19.6x
[2021-02-28T14:25:52.320+0300][44.892s][info][gc          ] GC(9) Pause Init Mark (unload classes) 0.299ms
[2021-02-28T14:25:52.320+0300][44.892s][info][gc,start    ] GC(9) Concurrent marking (unload classes)
[2021-02-28T14:25:52.320+0300][44.892s][info][gc,task     ] GC(9) Using 1 of 3 workers for concurrent marking
[2021-02-28T14:25:53.585+0300][46.158s][info][gc          ] GC(9) Concurrent marking (unload classes) 1265.478ms
[2021-02-28T14:25:53.593+0300][46.166s][info][gc,start    ] GC(9) Pause Final Mark (unload classes)
[2021-02-28T14:25:53.593+0300][46.166s][info][gc,task     ] GC(9) Using 3 of 3 workers for final marking
[2021-02-28T14:25:53.593+0300][46.166s][info][gc,ergo     ] GC(9) Adaptive CSet Selection. Target Free: 145M, Actual Free: 100864K, Max CSet: 43690K, Min Garbage: 47684K
[2021-02-28T14:25:53.593+0300][46.166s][info][gc,ergo     ] GC(9) Collectable Garbage: 1110K (45%), Immediate: 0B (0%), CSet: 1110K (45%)
[2021-02-28T14:25:53.593+0300][46.166s][info][gc,ergo     ] GC(9) Pacer for Evacuation. Used CSet: 44444K, Free: 48128K, Non-Taxable: 4812K, Alloc Tax Rate: 2.3x
[2021-02-28T14:25:53.593+0300][46.166s][info][gc          ] GC(9) Pause Final Mark (unload classes) 0.679ms
[2021-02-28T14:25:53.594+0300][46.166s][info][gc,start    ] GC(9) Concurrent weak roots
[2021-02-28T14:25:53.594+0300][46.166s][info][gc,task     ] GC(9) Using 1 of 3 workers for concurrent weak root
[2021-02-28T14:25:53.611+0300][46.183s][info][gc          ] GC(9) Concurrent weak roots 17.056ms
[2021-02-28T14:25:53.611+0300][46.183s][info][gc,start    ] GC(9) Concurrent cleanup
[2021-02-28T14:25:53.611+0300][46.183s][info][gc          ] GC(9) Concurrent cleanup 936M->936M(1024M) 0.030ms
[2021-02-28T14:25:53.611+0300][46.183s][info][gc,ergo     ] GC(9) Free: 48099K, Max: 512K regular, 1024K humongous, Frag: 98% external, 0% internal; Reserve: 40448K, Max: 512K
[2021-02-28T14:25:53.611+0300][46.183s][info][gc,start    ] GC(9) Concurrent class unloading
[2021-02-28T14:25:53.611+0300][46.184s][info][gc,task     ] GC(9) Using 1 of 3 workers for concurrent class unloading
[2021-02-28T14:25:53.621+0300][46.194s][info][gc          ] GC(9) Concurrent class unloading 10.059ms
[2021-02-28T14:25:53.621+0300][46.194s][info][gc,start    ] GC(9) Concurrent strong roots
[2021-02-28T14:25:53.621+0300][46.194s][info][gc,task     ] GC(9) Using 1 of 3 workers for concurrent strong root
[2021-02-28T14:25:53.621+0300][46.194s][info][gc          ] GC(9) Concurrent strong roots 0.229ms
[2021-02-28T14:25:53.621+0300][46.194s][info][gc,start    ] GC(9) Concurrent evacuation
[2021-02-28T14:25:53.621+0300][46.194s][info][gc,task     ] GC(9) Using 1 of 3 workers for concurrent evacuation
[2021-02-28T14:25:53.650+0300][46.222s][info][gc          ] GC(9) Concurrent evacuation 28.501ms
[2021-02-28T14:25:53.653+0300][46.226s][info][gc,start    ] GC(9) Pause Init Update Refs
[2021-02-28T14:25:53.653+0300][46.226s][info][gc,ergo     ] GC(9) Pacer for Update Refs. Used: 967M, Free: 48099K, Non-Taxable: 4809K, Alloc Tax Rate: 25.2x
[2021-02-28T14:25:53.653+0300][46.226s][info][gc          ] GC(9) Pause Init Update Refs 0.056ms
[2021-02-28T14:25:53.653+0300][46.226s][info][gc,start    ] GC(9) Concurrent update references
[2021-02-28T14:25:53.653+0300][46.226s][info][gc,task     ] GC(9) Using 1 of 3 workers for concurrent reference update
[2021-02-28T14:25:54.229+0300][46.802s][info][gc          ] GC(9) Concurrent update references 576.527ms
[2021-02-28T14:25:54.235+0300][46.808s][info][gc,start    ] GC(9) Pause Final Update Refs
[2021-02-28T14:25:54.235+0300][46.808s][info][gc,task     ] GC(9) Using 3 of 3 workers for final reference update
[2021-02-28T14:25:54.235+0300][46.808s][info][gc          ] GC(9) Pause Final Update Refs 0.263ms
[2021-02-28T14:25:54.235+0300][46.808s][info][gc,start    ] GC(9) Concurrent cleanup
[2021-02-28T14:25:54.235+0300][46.808s][info][gc          ] GC(9) Concurrent cleanup 967M->924M(1024M) 0.051ms
[2021-02-28T14:25:54.235+0300][46.808s][info][gc,ergo     ] Free: 48943K, Max: 512K regular, 1536K humongous, Frag: 97% external, 0% internal; Reserve: 52736K, Max: 512K
[2021-02-28T14:25:54.235+0300][46.808s][info][gc,stats    ] 
[2021-02-28T14:25:54.235+0300][46.808s][info][gc,stats    ] All times are wall-clock times, except per-root-class counters, that are sum over
[2021-02-28T14:25:54.235+0300][46.808s][info][gc,stats    ] all workers. Dividing the <total> over the root stage time estimates parallelism.
[2021-02-28T14:25:54.235+0300][46.808s][info][gc,stats    ] 
[2021-02-28T14:25:54.235+0300][46.808s][info][gc,stats    ] Concurrent Reset                   1224 us
[2021-02-28T14:25:54.235+0300][46.808s][info][gc,stats    ] Pause Init Mark (G)                 827 us
[2021-02-28T14:25:54.235+0300][46.808s][info][gc,stats    ] Pause Init Mark (N)                 313 us
[2021-02-28T14:25:54.235+0300][46.808s][info][gc,stats    ]   Manage TLABs                        3 us
[2021-02-28T14:25:54.235+0300][46.808s][info][gc,stats    ]   Update Region States              104 us
[2021-02-28T14:25:54.235+0300][46.808s][info][gc,stats    ]   Scan Roots                        125 us, parallelism: 0.62x
[2021-02-28T14:25:54.235+0300][46.808s][info][gc,stats    ]     S: <total>                       77 us
[2021-02-28T14:25:54.235+0300][46.808s][info][gc,stats    ]     S: Thread Roots                  73 us, workers (us):  54,  18,   1, 
[2021-02-28T14:25:54.235+0300][46.808s][info][gc,stats    ]     S: Universe Roots                 2 us, workers (us):   2, ---, ---, 
[2021-02-28T14:25:54.235+0300][46.808s][info][gc,stats    ]     S: Synchronizer Roots             0 us, workers (us):   0, ---, ---, 
[2021-02-28T14:25:54.235+0300][46.808s][info][gc,stats    ]     S: Management Roots               1 us, workers (us):   1, ---, ---, 
[2021-02-28T14:25:54.235+0300][46.808s][info][gc,stats    ]     S: JVMTI Roots                    0 us, workers (us):   0, ---, ---, 
[2021-02-28T14:25:54.235+0300][46.808s][info][gc,stats    ] Concurrent Marking              1265517 us
[2021-02-28T14:25:54.235+0300][46.808s][info][gc,stats    ]   Roots                             159 us, parallelism: 0.44x
[2021-02-28T14:25:54.235+0300][46.808s][info][gc,stats    ]     CM: <total>                      70 us
[2021-02-28T14:25:54.235+0300][46.808s][info][gc,stats    ]     CM: JNI Handles Roots             2 us, workers (us):   2, ---, ---, 
[2021-02-28T14:25:54.235+0300][46.808s][info][gc,stats    ]     CM: VM Global Roots               2 us, workers (us):   2, ---, ---, 
[2021-02-28T14:25:54.235+0300][46.808s][info][gc,stats    ]     CM: CLDG Roots                   66 us, workers (us):  66, ---, ---, 
[2021-02-28T14:25:54.235+0300][46.808s][info][gc,stats    ] Pause Final Mark (G)               8365 us
[2021-02-28T14:25:54.236+0300][46.808s][info][gc,stats    ] Pause Final Mark (N)                693 us
[2021-02-28T14:25:54.236+0300][46.808s][info][gc,stats    ]   Finish Queues                     108 us
[2021-02-28T14:25:54.236+0300][46.808s][info][gc,stats    ]   System Purge                      103 us
[2021-02-28T14:25:54.236+0300][46.808s][info][gc,stats    ]     Weak Roots                      103 us, parallelism: 0.01x
[2021-02-28T14:25:54.236+0300][46.808s][info][gc,stats    ]       WR: <total>                     1 us
[2021-02-28T14:25:54.236+0300][46.808s][info][gc,stats    ]       WR: JVMTI Weak Roots            0 us, workers (us):   0, ---, ---, 
[2021-02-28T14:25:54.236+0300][46.808s][info][gc,stats    ]       WR: JFR Weak Roots              0 us, workers (us):   0, ---, ---, 
[2021-02-28T14:25:54.236+0300][46.808s][info][gc,stats    ]   Update Region States              110 us
[2021-02-28T14:25:54.236+0300][46.808s][info][gc,stats    ]   Manage GC/TLABs                     3 us
[2021-02-28T14:25:54.236+0300][46.808s][info][gc,stats    ]   Choose Collection Set             130 us
[2021-02-28T14:25:54.236+0300][46.808s][info][gc,stats    ]   Rebuild Free Set                   11 us
[2021-02-28T14:25:54.236+0300][46.808s][info][gc,stats    ]   Initial Evacuation                164 us, parallelism: 0.65x
[2021-02-28T14:25:54.236+0300][46.808s][info][gc,stats    ]     E: <total>                      106 us
[2021-02-28T14:25:54.236+0300][46.808s][info][gc,stats    ]     E: Thread Roots                 100 us, workers (us):  44,  28,  28, 
[2021-02-28T14:25:54.236+0300][46.808s][info][gc,stats    ]     E: Universe Roots                 3 us, workers (us):   3, ---, ---, 
[2021-02-28T14:25:54.236+0300][46.809s][info][gc,stats    ]     E: JVMTI Weak Roots               0 us, workers (us):   0, ---, ---, 
[2021-02-28T14:25:54.236+0300][46.809s][info][gc,stats    ]     E: JFR Weak Roots                 0 us, workers (us):   0, ---, ---, 
[2021-02-28T14:25:54.236+0300][46.809s][info][gc,stats    ]     E: Synchronizer Roots             0 us, workers (us):   0, ---, ---, 
[2021-02-28T14:25:54.236+0300][46.809s][info][gc,stats    ]     E: Management Roots               2 us, workers (us):   2, ---, ---, 
[2021-02-28T14:25:54.236+0300][46.809s][info][gc,stats    ]     E: JVMTI Roots                    0 us, workers (us):   0, ---, ---, 
[2021-02-28T14:25:54.236+0300][46.809s][info][gc,stats    ] Concurrent Weak Roots             17093 us
[2021-02-28T14:25:54.236+0300][46.809s][info][gc,stats    ]   Roots                             434 us, parallelism: 0.41x
[2021-02-28T14:25:54.236+0300][46.809s][info][gc,stats    ]     CWR: <total>                    179 us
[2021-02-28T14:25:54.236+0300][46.809s][info][gc,stats    ]     CWR: JNI Weak Roots               0 us, workers (us):   0, ---, ---, 
[2021-02-28T14:25:54.236+0300][46.809s][info][gc,stats    ]     CWR: String Table Roots         157 us, workers (us): 157, ---, ---, 
[2021-02-28T14:25:54.236+0300][46.809s][info][gc,stats    ]     CWR: Resolved Table Roots        11 us, workers (us):  11, ---, ---, 
[2021-02-28T14:25:54.236+0300][46.809s][info][gc,stats    ]     CWR: VM Weak Roots                7 us, workers (us):   7, ---, ---, 
[2021-02-28T14:25:54.236+0300][46.809s][info][gc,stats    ]     CWR: CLDG Roots                   4 us, workers (us):   4, ---, ---, 
[2021-02-28T14:25:54.236+0300][46.809s][info][gc,stats    ]   Rendezvous                      16583 us
[2021-02-28T14:25:54.236+0300][46.809s][info][gc,stats    ] Concurrent Cleanup                   44 us
[2021-02-28T14:25:54.236+0300][46.809s][info][gc,stats    ] Concurrent Class Unloading        10099 us
[2021-02-28T14:25:54.236+0300][46.809s][info][gc,stats    ]   Unlink Stale                     1172 us
[2021-02-28T14:25:54.236+0300][46.809s][info][gc,stats    ]     System Dictionary                10 us
[2021-02-28T14:25:54.236+0300][46.809s][info][gc,stats    ]     Weak Class Links                  0 us
[2021-02-28T14:25:54.236+0300][46.809s][info][gc,stats    ]     Code Roots                     1161 us
[2021-02-28T14:25:54.236+0300][46.809s][info][gc,stats    ]   Rendezvous                       8685 us
[2021-02-28T14:25:54.236+0300][46.809s][info][gc,stats    ]   Purge Unlinked                    176 us
[2021-02-28T14:25:54.236+0300][46.809s][info][gc,stats    ]     Code Roots                      175 us
[2021-02-28T14:25:54.236+0300][46.809s][info][gc,stats    ]     CLDG                              1 us
[2021-02-28T14:25:54.236+0300][46.809s][info][gc,stats    ]     Exception Caches                  0 us
[2021-02-28T14:25:54.236+0300][46.809s][info][gc,stats    ] Concurrent Strong Roots             251 us, parallelism: 0.45x
[2021-02-28T14:25:54.236+0300][46.809s][info][gc,stats    ] Rendezvous                          113 us
[2021-02-28T14:25:54.236+0300][46.809s][info][gc,stats    ]   CSR: Universe Roots                 4 us, workers (us):   4, ---, ---, 
[2021-02-28T14:25:54.236+0300][46.809s][info][gc,stats    ]   CSR: Resolved Table Roots           3 us, workers (us):   3, ---, ---, 
[2021-02-28T14:25:54.236+0300][46.809s][info][gc,stats    ]   CSR: Management Roots             106 us, workers (us): 106, ---, ---, 
[2021-02-28T14:25:54.236+0300][46.809s][info][gc,stats    ] Concurrent Evacuation             28560 us
[2021-02-28T14:25:54.236+0300][46.809s][info][gc,stats    ] Pause Init  Update Refs (G)        3309 us
[2021-02-28T14:25:54.236+0300][46.809s][info][gc,stats    ] Pause Init  Update Refs (N)          73 us
[2021-02-28T14:25:54.236+0300][46.809s][info][gc,stats    ]   Manage GCLABs                       2 us
[2021-02-28T14:25:54.236+0300][46.809s][info][gc,stats    ] Concurrent Update Refs           576568 us
[2021-02-28T14:25:54.236+0300][46.809s][info][gc,stats    ] Pause Final Update Refs (G)        5643 us
[2021-02-28T14:25:54.236+0300][46.809s][info][gc,stats    ] Pause Final Update Refs (N)         285 us
[2021-02-28T14:25:54.236+0300][46.809s][info][gc,stats    ]   Update Roots                      113 us, parallelism: 0.52x
[2021-02-28T14:25:54.236+0300][46.809s][info][gc,stats    ]     UR: <total>                      59 us
[2021-02-28T14:25:54.236+0300][46.809s][info][gc,stats    ]     UR: Thread Roots                 59 us, workers (us):  34,  14,  11, 
[2021-02-28T14:25:54.236+0300][46.809s][info][gc,stats    ]   Update Region States               93 us
[2021-02-28T14:25:54.236+0300][46.809s][info][gc,stats    ]   Trash Collection Set                3 us
[2021-02-28T14:25:54.236+0300][46.809s][info][gc,stats    ]   Rebuild Free Set                   12 us
[2021-02-28T14:25:54.236+0300][46.809s][info][gc,stats    ] Concurrent Cleanup                   65 us
[2021-02-28T14:25:54.236+0300][46.809s][info][gc,stats    ] 
[2021-02-28T14:25:54.236+0300][46.809s][info][gc,stats    ] Allocation pacing accrued:
[2021-02-28T14:25:54.236+0300][46.809s][info][gc,stats    ]       0 of  1920 ms (  0.0%): <total>
[2021-02-28T14:25:54.236+0300][46.809s][info][gc,stats    ]       0 of  1920 ms (  0.0%): <average total>
[2021-02-28T14:25:54.236+0300][46.809s][info][gc,stats    ] 
[2021-02-28T14:25:54.236+0300][46.809s][info][gc,metaspace] Metaspace: 7062K(7552K)->7082K(7552K) NonClass: 6297K(6656K)->6317K(6656K) Class: 765K(896K)->765K(896K)
[2021-02-28T14:25:54.236+0300][46.809s][info][gc,ergo     ] Pacer for Idle. Initial: 20971K, Alloc Tax Rate: 1.0x
[2021-02-28T14:25:54.238+0300][46.810s][info][gc          ] Trigger: Free (48896K) is below minimum threshold (102M)
[2021-02-28T14:25:54.238+0300][46.810s][info][gc,ergo     ] Free: 48896K, Max: 512K regular, 1536K humongous, Frag: 97% external, 0% internal; Reserve: 52736K, Max: 512K
[2021-02-28T14:25:54.238+0300][46.810s][info][gc,start    ] GC(10) Concurrent reset
[2021-02-28T14:25:54.238+0300][46.810s][info][gc,task     ] GC(10) Using 1 of 3 workers for concurrent reset
[2021-02-28T14:25:54.238+0300][46.810s][info][gc,ergo     ] GC(10) Pacer for Reset. Non-Taxable: 1024M
[2021-02-28T14:25:54.239+0300][46.812s][info][gc          ] GC(10) Concurrent reset 1.209ms
[2021-02-28T14:25:54.242+0300][46.815s][info][gc,start    ] GC(10) Pause Init Mark (process weakrefs) (unload classes)
[2021-02-28T14:25:54.242+0300][46.815s][info][gc,task     ] GC(10) Using 3 of 3 workers for init marking
[2021-02-28T14:25:54.242+0300][46.815s][info][gc,ergo     ] GC(10) Pacer for Mark. Expected Live: 893M, Free: 48896K, Non-Taxable: 4889K, Alloc Tax Rate: 22.9x
[2021-02-28T14:25:54.242+0300][46.815s][info][gc          ] GC(10) Pause Init Mark (process weakrefs) (unload classes) 0.281ms
[2021-02-28T14:25:54.242+0300][46.815s][info][gc,start    ] GC(10) Concurrent marking (process weakrefs) (unload classes)
[2021-02-28T14:25:54.242+0300][46.815s][info][gc,task     ] GC(10) Using 1 of 3 workers for concurrent marking
[2021-02-28T14:25:55.491+0300][48.063s][info][gc          ] GC(10) Concurrent marking (process weakrefs) (unload classes) 1248.436ms
[2021-02-28T14:25:55.491+0300][48.063s][info][gc,start    ] GC(10) Concurrent precleaning
[2021-02-28T14:25:55.491+0300][48.063s][info][gc,task     ] GC(10) Using 1 of 3 workers for concurrent preclean
[2021-02-28T14:25:55.491+0300][48.063s][info][gc,ergo     ] GC(10) Pacer for Precleaning. Non-Taxable: 1024M
[2021-02-28T14:25:55.491+0300][48.064s][info][gc          ] GC(10) Concurrent precleaning 0.170ms
[2021-02-28T14:25:55.496+0300][48.069s][info][gc,start    ] GC(10) Pause Final Mark (process weakrefs) (unload classes)
[2021-02-28T14:25:55.496+0300][48.069s][info][gc,task     ] GC(10) Using 3 of 3 workers for final marking
[2021-02-28T14:25:55.496+0300][48.069s][info][gc,ergo     ] GC(10) Adaptive CSet Selection. Target Free: 145M, Actual Free: 100864K, Max CSet: 43690K, Min Garbage: 47684K
[2021-02-28T14:25:55.496+0300][48.069s][info][gc,ergo     ] GC(10) Collectable Garbage: 1189K (49%), Immediate: 0B (0%), CSet: 1189K (49%)
[2021-02-28T14:25:55.496+0300][48.069s][info][gc,ergo     ] GC(10) Pacer for Evacuation. Used CSet: 44455K, Free: 48128K, Non-Taxable: 4812K, Alloc Tax Rate: 2.3x
[2021-02-28T14:25:55.496+0300][48.069s][info][gc          ] GC(10) Pause Final Mark (process weakrefs) (unload classes) 0.663ms
[2021-02-28T14:25:55.497+0300][48.069s][info][gc,start    ] GC(10) Concurrent weak roots
[2021-02-28T14:25:55.497+0300][48.069s][info][gc,task     ] GC(10) Using 1 of 3 workers for concurrent weak root
[2021-02-28T14:25:55.514+0300][48.086s][info][gc          ] GC(10) Concurrent weak roots 17.043ms
[2021-02-28T14:25:55.514+0300][48.086s][info][gc,start    ] GC(10) Concurrent cleanup
[2021-02-28T14:25:55.514+0300][48.086s][info][gc          ] GC(10) Concurrent cleanup 937M->937M(1024M) 0.027ms
[2021-02-28T14:25:55.514+0300][48.086s][info][gc,ergo     ] GC(10) Free: 48099K, Max: 512K regular, 1536K humongous, Frag: 97% external, 0% internal; Reserve: 39936K, Max: 512K
[2021-02-28T14:25:55.514+0300][48.086s][info][gc,start    ] GC(10) Concurrent class unloading
[2021-02-28T14:25:55.514+0300][48.086s][info][gc,task     ] GC(10) Using 1 of 3 workers for concurrent class unloading
[2021-02-28T14:25:55.524+0300][48.097s][info][gc          ] GC(10) Concurrent class unloading 10.039ms
[2021-02-28T14:25:55.524+0300][48.097s][info][gc,start    ] GC(10) Concurrent strong roots
[2021-02-28T14:25:55.524+0300][48.097s][info][gc,task     ] GC(10) Using 1 of 3 workers for concurrent strong root
[2021-02-28T14:25:55.524+0300][48.097s][info][gc          ] GC(10) Concurrent strong roots 0.204ms
[2021-02-28T14:25:55.524+0300][48.097s][info][gc,start    ] GC(10) Concurrent evacuation
[2021-02-28T14:25:55.524+0300][48.097s][info][gc,task     ] GC(10) Using 1 of 3 workers for concurrent evacuation
[2021-02-28T14:25:55.552+0300][48.125s][info][gc          ] GC(10) Concurrent evacuation 27.798ms
[2021-02-28T14:25:55.562+0300][48.135s][info][gc,start    ] GC(10) Pause Init Update Refs
[2021-02-28T14:25:55.562+0300][48.135s][info][gc,ergo     ] GC(10) Pacer for Update Refs. Used: 967M, Free: 48099K, Non-Taxable: 4809K, Alloc Tax Rate: 25.2x
[2021-02-28T14:25:55.562+0300][48.135s][info][gc          ] GC(10) Pause Init Update Refs 0.043ms
[2021-02-28T14:25:55.562+0300][48.135s][info][gc,start    ] GC(10) Concurrent update references
[2021-02-28T14:25:55.562+0300][48.135s][info][gc,task     ] GC(10) Using 1 of 3 workers for concurrent reference update
[2021-02-28T14:25:56.100+0300][48.673s][info][gc          ] GC(10) Concurrent update references 538.427ms
[2021-02-28T14:25:56.110+0300][48.683s][info][gc,start    ] GC(10) Pause Final Update Refs
[2021-02-28T14:25:56.110+0300][48.683s][info][gc,task     ] GC(10) Using 3 of 3 workers for final reference update
[2021-02-28T14:25:56.110+0300][48.683s][info][gc          ] GC(10) Pause Final Update Refs 0.318ms
[2021-02-28T14:25:56.110+0300][48.683s][info][gc,start    ] GC(10) Concurrent cleanup
[2021-02-28T14:25:56.110+0300][48.683s][info][gc          ] GC(10) Concurrent cleanup 967M->924M(1024M) 0.040ms
[2021-02-28T14:25:56.110+0300][48.683s][info][gc,ergo     ] Free: 48960K, Max: 512K regular, 1536K humongous, Frag: 97% external, 0% internal; Reserve: 52736K, Max: 512K
[2021-02-28T14:25:56.110+0300][48.683s][info][gc,stats    ] 
[2021-02-28T14:25:56.110+0300][48.683s][info][gc,stats    ] All times are wall-clock times, except per-root-class counters, that are sum over
[2021-02-28T14:25:56.110+0300][48.683s][info][gc,stats    ] all workers. Dividing the <total> over the root stage time estimates parallelism.
[2021-02-28T14:25:56.110+0300][48.683s][info][gc,stats    ] 
[2021-02-28T14:25:56.110+0300][48.683s][info][gc,stats    ] Concurrent Reset                   1262 us
[2021-02-28T14:25:56.110+0300][48.683s][info][gc,stats    ] Pause Init Mark (G)                3279 us
[2021-02-28T14:25:56.110+0300][48.683s][info][gc,stats    ] Pause Init Mark (N)                 298 us
[2021-02-28T14:25:56.110+0300][48.683s][info][gc,stats    ]   Manage TLABs                        3 us
[2021-02-28T14:25:56.110+0300][48.683s][info][gc,stats    ]   Update Region States               94 us
[2021-02-28T14:25:56.110+0300][48.683s][info][gc,stats    ]   Scan Roots                        117 us, parallelism: 0.66x
[2021-02-28T14:25:56.110+0300][48.683s][info][gc,stats    ]     S: <total>                       77 us
[2021-02-28T14:25:56.110+0300][48.683s][info][gc,stats    ]     S: Thread Roots                  74 us, workers (us):  37,  17,  19, 
[2021-02-28T14:25:56.111+0300][48.683s][info][gc,stats    ]     S: Universe Roots                 2 us, workers (us):   2, ---, ---, 
[2021-02-28T14:25:56.111+0300][48.683s][info][gc,stats    ]     S: Synchronizer Roots             0 us, workers (us):   0, ---, ---, 
[2021-02-28T14:25:56.111+0300][48.683s][info][gc,stats    ]     S: Management Roots               1 us, workers (us):   1, ---, ---, 
[2021-02-28T14:25:56.111+0300][48.683s][info][gc,stats    ]     S: JVMTI Roots                    0 us, workers (us):   0, ---, ---, 
[2021-02-28T14:25:56.111+0300][48.683s][info][gc,stats    ] Concurrent Marking              1248476 us
[2021-02-28T14:25:56.111+0300][48.683s][info][gc,stats    ]   Roots                             155 us, parallelism: 0.45x
[2021-02-28T14:25:56.111+0300][48.683s][info][gc,stats    ]     CM: <total>                      70 us
[2021-02-28T14:25:56.111+0300][48.683s][info][gc,stats    ]     CM: JNI Handles Roots             2 us, workers (us):   2, ---, ---, 
[2021-02-28T14:25:56.111+0300][48.683s][info][gc,stats    ]     CM: VM Global Roots               2 us, workers (us):   2, ---, ---, 
[2021-02-28T14:25:56.111+0300][48.683s][info][gc,stats    ]     CM: CLDG Roots                   66 us, workers (us):  66, ---, ---, 
[2021-02-28T14:25:56.111+0300][48.683s][info][gc,stats    ] Concurrent Precleaning              192 us
[2021-02-28T14:25:56.111+0300][48.683s][info][gc,stats    ] Pause Final Mark (G)               5747 us
[2021-02-28T14:25:56.111+0300][48.683s][info][gc,stats    ] Pause Final Mark (N)                676 us
[2021-02-28T14:25:56.111+0300][48.683s][info][gc,stats    ]   Finish Queues                     102 us
[2021-02-28T14:25:56.111+0300][48.683s][info][gc,stats    ]   Weak References                    30 us
[2021-02-28T14:25:56.111+0300][48.683s][info][gc,stats    ]     Process                          26 us
[2021-02-28T14:25:56.111+0300][48.683s][info][gc,stats    ]   System Purge                       98 us
[2021-02-28T14:25:56.111+0300][48.683s][info][gc,stats    ]     Weak Roots                       98 us, parallelism: 0.01x
[2021-02-28T14:25:56.111+0300][48.683s][info][gc,stats    ]       WR: <total>                     1 us
[2021-02-28T14:25:56.111+0300][48.684s][info][gc,stats    ]       WR: JVMTI Weak Roots            0 us, workers (us):   0, ---, ---, 
[2021-02-28T14:25:56.111+0300][48.684s][info][gc,stats    ]       WR: JFR Weak Roots              0 us, workers (us):   0, ---, ---, 
[2021-02-28T14:25:56.111+0300][48.684s][info][gc,stats    ]   Update Region States               94 us
[2021-02-28T14:25:56.111+0300][48.684s][info][gc,stats    ]   Manage GC/TLABs                     4 us
[2021-02-28T14:25:56.111+0300][48.684s][info][gc,stats    ]   Choose Collection Set             122 us
[2021-02-28T14:25:56.111+0300][48.684s][info][gc,stats    ]   Rebuild Free Set                   11 us
[2021-02-28T14:25:56.111+0300][48.684s][info][gc,stats    ]   Initial Evacuation                163 us, parallelism: 0.63x
[2021-02-28T14:25:56.111+0300][48.684s][info][gc,stats    ]     E: <total>                      103 us
[2021-02-28T14:25:56.111+0300][48.684s][info][gc,stats    ]     E: Thread Roots                  97 us, workers (us):  37,  28,  32, 
[2021-02-28T14:25:56.111+0300][48.684s][info][gc,stats    ]     E: Universe Roots                 4 us, workers (us):   4, ---, ---, 
[2021-02-28T14:25:56.111+0300][48.684s][info][gc,stats    ]     E: JVMTI Weak Roots               0 us, workers (us):   0, ---, ---, 
[2021-02-28T14:25:56.111+0300][48.684s][info][gc,stats    ]     E: JFR Weak Roots                 0 us, workers (us):   0, ---, ---, 
[2021-02-28T14:25:56.111+0300][48.684s][info][gc,stats    ]     E: Synchronizer Roots             0 us, workers (us):   0, ---, ---, 
[2021-02-28T14:25:56.111+0300][48.684s][info][gc,stats    ]     E: Management Roots               2 us, workers (us):   2, ---, ---, 
[2021-02-28T14:25:56.111+0300][48.684s][info][gc,stats    ]     E: JVMTI Roots                    0 us, workers (us):   0, ---, ---, 
[2021-02-28T14:25:56.111+0300][48.684s][info][gc,stats    ] Concurrent Weak Roots             17072 us
[2021-02-28T14:25:56.111+0300][48.684s][info][gc,stats    ]   Roots                             431 us, parallelism: 0.44x
[2021-02-28T14:25:56.111+0300][48.684s][info][gc,stats    ]     CWR: <total>                    188 us
[2021-02-28T14:25:56.111+0300][48.684s][info][gc,stats    ]     CWR: JNI Weak Roots               0 us, workers (us):   0, ---, ---, 
[2021-02-28T14:25:56.111+0300][48.684s][info][gc,stats    ]     CWR: String Table Roots         154 us, workers (us): 154, ---, ---, 
[2021-02-28T14:25:56.111+0300][48.684s][info][gc,stats    ]     CWR: Resolved Table Roots        11 us, workers (us):  11, ---, ---, 
[2021-02-28T14:25:56.111+0300][48.684s][info][gc,stats    ]     CWR: VM Weak Roots               20 us, workers (us):  20, ---, ---, 
[2021-02-28T14:25:56.111+0300][48.684s][info][gc,stats    ]     CWR: CLDG Roots                   3 us, workers (us):   3, ---, ---, 
[2021-02-28T14:25:56.111+0300][48.684s][info][gc,stats    ]   Rendezvous                      16575 us
[2021-02-28T14:25:56.111+0300][48.684s][info][gc,stats    ] Concurrent Cleanup                   41 us
[2021-02-28T14:25:56.111+0300][48.684s][info][gc,stats    ] Concurrent Class Unloading        10063 us
[2021-02-28T14:25:56.111+0300][48.684s][info][gc,stats    ]   Unlink Stale                     1222 us
[2021-02-28T14:25:56.111+0300][48.684s][info][gc,stats    ]     System Dictionary                 7 us
[2021-02-28T14:25:56.111+0300][48.684s][info][gc,stats    ]     Weak Class Links                  0 us
[2021-02-28T14:25:56.111+0300][48.684s][info][gc,stats    ]     Code Roots                     1214 us
[2021-02-28T14:25:56.111+0300][48.684s][info][gc,stats    ]   Rendezvous                       8667 us
[2021-02-28T14:25:56.111+0300][48.684s][info][gc,stats    ]   Purge Unlinked                    126 us
[2021-02-28T14:25:56.111+0300][48.684s][info][gc,stats    ]     Code Roots                      126 us
[2021-02-28T14:25:56.111+0300][48.684s][info][gc,stats    ]     CLDG                              0 us
[2021-02-28T14:25:56.111+0300][48.684s][info][gc,stats    ]     Exception Caches                  0 us
[2021-02-28T14:25:56.111+0300][48.684s][info][gc,stats    ] Concurrent Strong Roots             226 us, parallelism: 0.44x
[2021-02-28T14:25:56.111+0300][48.684s][info][gc,stats    ] Rendezvous                           99 us
[2021-02-28T14:25:56.111+0300][48.684s][info][gc,stats    ]   CSR: Universe Roots                 3 us, workers (us):   3, ---, ---, 
[2021-02-28T14:25:56.111+0300][48.684s][info][gc,stats    ]   CSR: Resolved Table Roots           2 us, workers (us):   2, ---, ---, 
[2021-02-28T14:25:56.111+0300][48.684s][info][gc,stats    ]   CSR: Management Roots              94 us, workers (us):  94, ---, ---, 
[2021-02-28T14:25:56.111+0300][48.684s][info][gc,stats    ] Concurrent Evacuation             27831 us
[2021-02-28T14:25:56.111+0300][48.684s][info][gc,stats    ] Pause Init  Update Refs (G)       10082 us
[2021-02-28T14:25:56.111+0300][48.684s][info][gc,stats    ] Pause Init  Update Refs (N)          55 us
[2021-02-28T14:25:56.111+0300][48.684s][info][gc,stats    ]   Manage GCLABs                       2 us
[2021-02-28T14:25:56.111+0300][48.684s][info][gc,stats    ] Concurrent Update Refs           538466 us
[2021-02-28T14:25:56.111+0300][48.684s][info][gc,stats    ] Pause Final Update Refs (G)        9879 us
[2021-02-28T14:25:56.111+0300][48.684s][info][gc,stats    ] Pause Final Update Refs (N)         340 us
[2021-02-28T14:25:56.111+0300][48.684s][info][gc,stats    ]   Update Roots                      143 us, parallelism: 0.43x
[2021-02-28T14:25:56.111+0300][48.684s][info][gc,stats    ]     UR: <total>                      61 us
[2021-02-28T14:25:56.111+0300][48.684s][info][gc,stats    ]     UR: Thread Roots                 61 us, workers (us):  30,  18,  13, 
[2021-02-28T14:25:56.111+0300][48.684s][info][gc,stats    ]   Update Region States              109 us
[2021-02-28T14:25:56.111+0300][48.684s][info][gc,stats    ]   Trash Collection Set                3 us
[2021-02-28T14:25:56.111+0300][48.684s][info][gc,stats    ]   Rebuild Free Set                   12 us
[2021-02-28T14:25:56.111+0300][48.684s][info][gc,stats    ] Concurrent Cleanup                   55 us
[2021-02-28T14:25:56.111+0300][48.684s][info][gc,stats    ] 
[2021-02-28T14:25:56.111+0300][48.684s][info][gc,stats    ] Allocation pacing accrued:
[2021-02-28T14:25:56.111+0300][48.684s][info][gc,stats    ]       0 of  1875 ms (  0.0%): <total>
[2021-02-28T14:25:56.111+0300][48.684s][info][gc,stats    ]       0 of  1875 ms (  0.0%): <average total>
[2021-02-28T14:25:56.111+0300][48.684s][info][gc,stats    ] 
[2021-02-28T14:25:56.111+0300][48.684s][info][gc,metaspace] Metaspace: 7082K(7552K)->7089K(7552K) NonClass: 6317K(6656K)->6323K(6656K) Class: 765K(896K)->765K(896K)
[2021-02-28T14:25:56.111+0300][48.684s][info][gc,ergo     ] Pacer for Idle. Initial: 20971K, Alloc Tax Rate: 1.0x
[2021-02-28T14:25:56.113+0300][48.685s][info][gc          ] Trigger: Free (48913K) is below minimum threshold (102M)
[2021-02-28T14:25:56.113+0300][48.685s][info][gc,ergo     ] Free: 48913K, Max: 512K regular, 1536K humongous, Frag: 97% external, 0% internal; Reserve: 52736K, Max: 512K
[2021-02-28T14:25:56.113+0300][48.685s][info][gc,start    ] GC(11) Concurrent reset
[2021-02-28T14:25:56.113+0300][48.685s][info][gc,task     ] GC(11) Using 1 of 3 workers for concurrent reset
[2021-02-28T14:25:56.113+0300][48.685s][info][gc,ergo     ] GC(11) Pacer for Reset. Non-Taxable: 1024M
[2021-02-28T14:25:56.114+0300][48.686s][info][gc          ] GC(11) Concurrent reset 1.111ms
[2021-02-28T14:25:56.114+0300][48.687s][info][gc,start    ] GC(11) Pause Init Mark (unload classes)
[2021-02-28T14:25:56.114+0300][48.687s][info][gc,task     ] GC(11) Using 3 of 3 workers for init marking
[2021-02-28T14:25:56.114+0300][48.687s][info][gc,ergo     ] GC(11) Pacer for Mark. Expected Live: 911M, Free: 48913K, Non-Taxable: 4891K, Alloc Tax Rate: 23.3x
[2021-02-28T14:25:56.114+0300][48.687s][info][gc          ] GC(11) Pause Init Mark (unload classes) 0.377ms
[2021-02-28T14:25:56.115+0300][48.687s][info][gc,start    ] GC(11) Concurrent marking (unload classes)
[2021-02-28T14:25:56.115+0300][48.687s][info][gc,task     ] GC(11) Using 1 of 3 workers for concurrent marking
[2021-02-28T14:25:57.358+0300][49.931s][info][gc          ] GC(11) Concurrent marking (unload classes) 1243.836ms
[2021-02-28T14:25:57.371+0300][49.944s][info][gc,start    ] GC(11) Pause Final Mark (unload classes)
[2021-02-28T14:25:57.371+0300][49.944s][info][gc,task     ] GC(11) Using 3 of 3 workers for final marking
[2021-02-28T14:25:57.371+0300][49.944s][info][gc,ergo     ] GC(11) Adaptive CSet Selection. Target Free: 145M, Actual Free: 100864K, Max CSet: 43690K, Min Garbage: 47684K
[2021-02-28T14:25:57.371+0300][49.944s][info][gc,ergo     ] GC(11) Collectable Garbage: 1239K (51%), Immediate: 0B (0%), CSet: 1239K (51%)
[2021-02-28T14:25:57.371+0300][49.944s][info][gc,ergo     ] GC(11) Pacer for Evacuation. Used CSet: 44436K, Free: 48128K, Non-Taxable: 4812K, Alloc Tax Rate: 2.3x
[2021-02-28T14:25:57.371+0300][49.944s][info][gc          ] GC(11) Pause Final Mark (unload classes) 0.623ms
[2021-02-28T14:25:57.372+0300][49.944s][info][gc,start    ] GC(11) Concurrent weak roots
[2021-02-28T14:25:57.372+0300][49.944s][info][gc,task     ] GC(11) Using 1 of 3 workers for concurrent weak root
[2021-02-28T14:25:57.396+0300][49.968s][info][gc          ] GC(11) Concurrent weak roots 24.105ms
[2021-02-28T14:25:57.396+0300][49.968s][info][gc,start    ] GC(11) Concurrent cleanup
[2021-02-28T14:25:57.396+0300][49.968s][info][gc          ] GC(11) Concurrent cleanup 937M->937M(1024M) 0.042ms
[2021-02-28T14:25:57.396+0300][49.969s][info][gc,ergo     ] GC(11) Free: 48099K, Max: 512K regular, 1536K humongous, Frag: 97% external, 0% internal; Reserve: 39936K, Max: 512K
[2021-02-28T14:25:57.396+0300][49.969s][info][gc,start    ] GC(11) Concurrent class unloading
[2021-02-28T14:25:57.396+0300][49.969s][info][gc,task     ] GC(11) Using 1 of 3 workers for concurrent class unloading
[2021-02-28T14:25:57.412+0300][49.985s][info][gc          ] GC(11) Concurrent class unloading 15.976ms
[2021-02-28T14:25:57.412+0300][49.985s][info][gc,start    ] GC(11) Concurrent strong roots
[2021-02-28T14:25:57.412+0300][49.985s][info][gc,task     ] GC(11) Using 1 of 3 workers for concurrent strong root
[2021-02-28T14:25:57.412+0300][49.985s][info][gc          ] GC(11) Concurrent strong roots 0.180ms
[2021-02-28T14:25:57.412+0300][49.985s][info][gc,start    ] GC(11) Concurrent evacuation
[2021-02-28T14:25:57.412+0300][49.985s][info][gc,task     ] GC(11) Using 1 of 3 workers for concurrent evacuation
[2021-02-28T14:25:57.440+0300][50.012s][info][gc          ] GC(11) Concurrent evacuation 27.664ms
[2021-02-28T14:25:57.458+0300][50.031s][info][gc,start    ] GC(11) Pause Init Update Refs
[2021-02-28T14:25:57.458+0300][50.031s][info][gc,ergo     ] GC(11) Pacer for Update Refs. Used: 968M, Free: 48099K, Non-Taxable: 4809K, Alloc Tax Rate: 25.2x
[2021-02-28T14:25:57.458+0300][50.031s][info][gc          ] GC(11) Pause Init Update Refs 0.052ms
[2021-02-28T14:25:57.458+0300][50.031s][info][gc,start    ] GC(11) Concurrent update references
[2021-02-28T14:25:57.458+0300][50.031s][info][gc,task     ] GC(11) Using 1 of 3 workers for concurrent reference update
[2021-02-28T14:25:57.985+0300][50.558s][info][gc          ] GC(11) Concurrent update references 527.128ms
[2021-02-28T14:25:57.992+0300][50.565s][info][gc,start    ] GC(11) Pause Final Update Refs
[2021-02-28T14:25:57.992+0300][50.565s][info][gc,task     ] GC(11) Using 3 of 3 workers for final reference update
[2021-02-28T14:25:57.992+0300][50.565s][info][gc          ] GC(11) Pause Final Update Refs 0.239ms
[2021-02-28T14:25:57.992+0300][50.565s][info][gc,start    ] GC(11) Concurrent cleanup
[2021-02-28T14:25:57.992+0300][50.565s][info][gc          ] GC(11) Concurrent cleanup 968M->924M(1024M) 0.044ms
[2021-02-28T14:25:57.992+0300][50.565s][info][gc,ergo     ] Free: 48448K, Max: 512K regular, 1536K humongous, Frag: 97% external, 0% internal; Reserve: 52736K, Max: 512K
[2021-02-28T14:25:57.992+0300][50.565s][info][gc,stats    ] 
[2021-02-28T14:25:57.992+0300][50.565s][info][gc,stats    ] All times are wall-clock times, except per-root-class counters, that are sum over
[2021-02-28T14:25:57.992+0300][50.565s][info][gc,stats    ] all workers. Dividing the <total> over the root stage time estimates parallelism.
[2021-02-28T14:25:57.992+0300][50.565s][info][gc,stats    ] 
[2021-02-28T14:25:57.992+0300][50.565s][info][gc,stats    ] Concurrent Reset                   1163 us
[2021-02-28T14:25:57.992+0300][50.565s][info][gc,stats    ] Pause Init Mark (G)                 807 us
[2021-02-28T14:25:57.992+0300][50.565s][info][gc,stats    ] Pause Init Mark (N)                 390 us
[2021-02-28T14:25:57.992+0300][50.565s][info][gc,stats    ]   Manage TLABs                        3 us
[2021-02-28T14:25:57.992+0300][50.565s][info][gc,stats    ]   Update Region States              106 us
[2021-02-28T14:25:57.992+0300][50.565s][info][gc,stats    ]   Scan Roots                        202 us, parallelism: 0.37x
[2021-02-28T14:25:57.992+0300][50.565s][info][gc,stats    ]     S: <total>                       75 us
[2021-02-28T14:25:57.992+0300][50.565s][info][gc,stats    ]     S: Thread Roots                  72 us, workers (us):  43,  28,   1, 
[2021-02-28T14:25:57.992+0300][50.565s][info][gc,stats    ]     S: Universe Roots                 2 us, workers (us):   2, ---, ---, 
[2021-02-28T14:25:57.992+0300][50.565s][info][gc,stats    ]     S: Synchronizer Roots             0 us, workers (us):   0, ---, ---, 
[2021-02-28T14:25:57.992+0300][50.565s][info][gc,stats    ]     S: Management Roots               1 us, workers (us):   1, ---, ---, 
[2021-02-28T14:25:57.992+0300][50.565s][info][gc,stats    ]     S: JVMTI Roots                    0 us, workers (us):   0, ---, ---, 
[2021-02-28T14:25:57.992+0300][50.565s][info][gc,stats    ] Concurrent Marking              1243873 us
[2021-02-28T14:25:57.992+0300][50.565s][info][gc,stats    ]   Roots                             126 us, parallelism: 0.56x
[2021-02-28T14:25:57.992+0300][50.565s][info][gc,stats    ]     CM: <total>                      70 us
[2021-02-28T14:25:57.992+0300][50.565s][info][gc,stats    ]     CM: JNI Handles Roots             2 us, workers (us):   2, ---, ---, 
[2021-02-28T14:25:57.993+0300][50.565s][info][gc,stats    ]     CM: VM Global Roots               2 us, workers (us):   2, ---, ---, 
[2021-02-28T14:25:57.993+0300][50.565s][info][gc,stats    ]     CM: CLDG Roots                   66 us, workers (us):  66, ---, ---, 
[2021-02-28T14:25:57.993+0300][50.565s][info][gc,stats    ] Pause Final Mark (G)              13064 us
[2021-02-28T14:25:57.993+0300][50.565s][info][gc,stats    ] Pause Final Mark (N)                636 us
[2021-02-28T14:25:57.993+0300][50.565s][info][gc,stats    ]   Finish Queues                     105 us
[2021-02-28T14:25:57.993+0300][50.565s][info][gc,stats    ]   System Purge                       89 us
[2021-02-28T14:25:57.993+0300][50.565s][info][gc,stats    ]     Weak Roots                       89 us, parallelism: 0.01x
[2021-02-28T14:25:57.993+0300][50.565s][info][gc,stats    ]       WR: <total>                     1 us
[2021-02-28T14:25:57.993+0300][50.565s][info][gc,stats    ]       WR: JVMTI Weak Roots            0 us, workers (us):   0, ---, ---, 
[2021-02-28T14:25:57.993+0300][50.565s][info][gc,stats    ]       WR: JFR Weak Roots              0 us, workers (us):   0, ---, ---, 
[2021-02-28T14:25:57.993+0300][50.565s][info][gc,stats    ]   Update Region States               96 us
[2021-02-28T14:25:57.993+0300][50.565s][info][gc,stats    ]   Manage GC/TLABs                     3 us
[2021-02-28T14:25:57.993+0300][50.565s][info][gc,stats    ]   Choose Collection Set             129 us
[2021-02-28T14:25:57.993+0300][50.565s][info][gc,stats    ]   Rebuild Free Set                   11 us
[2021-02-28T14:25:57.993+0300][50.565s][info][gc,stats    ]   Initial Evacuation                146 us, parallelism: 0.70x
[2021-02-28T14:25:57.993+0300][50.565s][info][gc,stats    ]     E: <total>                      102 us
[2021-02-28T14:25:57.993+0300][50.565s][info][gc,stats    ]     E: Thread Roots                  96 us, workers (us):  45,  34,  17, 
[2021-02-28T14:25:57.993+0300][50.566s][info][gc,stats    ]     E: Universe Roots                 3 us, workers (us):   3, ---, ---, 
[2021-02-28T14:25:57.993+0300][50.566s][info][gc,stats    ]     E: JVMTI Weak Roots               0 us, workers (us):   0, ---, ---, 
[2021-02-28T14:25:57.993+0300][50.566s][info][gc,stats    ]     E: JFR Weak Roots                 0 us, workers (us):   0, ---, ---, 
[2021-02-28T14:25:57.993+0300][50.566s][info][gc,stats    ]     E: Synchronizer Roots             0 us, workers (us):   0, ---, ---, 
[2021-02-28T14:25:57.993+0300][50.566s][info][gc,stats    ]     E: Management Roots               2 us, workers (us):   2, ---, ---, 
[2021-02-28T14:25:57.993+0300][50.566s][info][gc,stats    ]     E: JVMTI Roots                    0 us, workers (us):   0, ---, ---, 
[2021-02-28T14:25:57.993+0300][50.566s][info][gc,stats    ] Concurrent Weak Roots             24161 us
[2021-02-28T14:25:57.993+0300][50.566s][info][gc,stats    ]   Roots                             484 us, parallelism: 0.36x
[2021-02-28T14:25:57.993+0300][50.566s][info][gc,stats    ]     CWR: <total>                    175 us
[2021-02-28T14:25:57.993+0300][50.566s][info][gc,stats    ]     CWR: JNI Weak Roots               0 us, workers (us):   0, ---, ---, 
[2021-02-28T14:25:57.993+0300][50.566s][info][gc,stats    ]     CWR: String Table Roots         153 us, workers (us): 153, ---, ---, 
[2021-02-28T14:25:57.993+0300][50.566s][info][gc,stats    ]     CWR: Resolved Table Roots        11 us, workers (us):  11, ---, ---, 
[2021-02-28T14:25:57.993+0300][50.566s][info][gc,stats    ]     CWR: VM Weak Roots                7 us, workers (us):   7, ---, ---, 
[2021-02-28T14:25:57.993+0300][50.566s][info][gc,stats    ]     CWR: CLDG Roots                   4 us, workers (us):   4, ---, ---, 
[2021-02-28T14:25:57.993+0300][50.566s][info][gc,stats    ]   Rendezvous                      23568 us
[2021-02-28T14:25:57.993+0300][50.566s][info][gc,stats    ] Concurrent Cleanup                   57 us
[2021-02-28T14:25:57.993+0300][50.566s][info][gc,stats    ] Concurrent Class Unloading        16006 us
[2021-02-28T14:25:57.993+0300][50.566s][info][gc,stats    ]   Unlink Stale                     1348 us
[2021-02-28T14:25:57.993+0300][50.566s][info][gc,stats    ]     System Dictionary                16 us
[2021-02-28T14:25:57.993+0300][50.566s][info][gc,stats    ]     Weak Class Links                  0 us
[2021-02-28T14:25:57.993+0300][50.566s][info][gc,stats    ]     Code Roots                     1331 us
[2021-02-28T14:25:57.993+0300][50.566s][info][gc,stats    ]   Rendezvous                      14465 us
[2021-02-28T14:25:57.993+0300][50.566s][info][gc,stats    ]   Purge Unlinked                    124 us
[2021-02-28T14:25:57.993+0300][50.566s][info][gc,stats    ]     Code Roots                      124 us
[2021-02-28T14:25:57.993+0300][50.566s][info][gc,stats    ]     CLDG                              0 us
[2021-02-28T14:25:57.993+0300][50.566s][info][gc,stats    ]     Exception Caches                  0 us
[2021-02-28T14:25:57.993+0300][50.566s][info][gc,stats    ] Concurrent Strong Roots             202 us, parallelism: 0.51x
[2021-02-28T14:25:57.993+0300][50.566s][info][gc,stats    ] Rendezvous                          102 us
[2021-02-28T14:25:57.993+0300][50.566s][info][gc,stats    ]   CSR: Universe Roots                 3 us, workers (us):   3, ---, ---, 
[2021-02-28T14:25:57.993+0300][50.566s][info][gc,stats    ]   CSR: Resolved Table Roots           2 us, workers (us):   2, ---, ---, 
[2021-02-28T14:25:57.993+0300][50.566s][info][gc,stats    ]   CSR: Management Roots              97 us, workers (us):  97, ---, ---, 
[2021-02-28T14:25:57.993+0300][50.566s][info][gc,stats    ] Concurrent Evacuation             27697 us
[2021-02-28T14:25:57.993+0300][50.566s][info][gc,stats    ] Pause Init  Update Refs (G)       18298 us
[2021-02-28T14:25:57.993+0300][50.566s][info][gc,stats    ] Pause Init  Update Refs (N)          65 us
[2021-02-28T14:25:57.993+0300][50.566s][info][gc,stats    ]   Manage GCLABs                       2 us
[2021-02-28T14:25:57.993+0300][50.566s][info][gc,stats    ] Concurrent Update Refs           527165 us
[2021-02-28T14:25:57.993+0300][50.566s][info][gc,stats    ] Pause Final Update Refs (G)        7008 us
[2021-02-28T14:25:57.993+0300][50.566s][info][gc,stats    ] Pause Final Update Refs (N)         261 us
[2021-02-28T14:25:57.993+0300][50.566s][info][gc,stats    ]   Update Roots                       94 us, parallelism: 0.58x
[2021-02-28T14:25:57.993+0300][50.566s][info][gc,stats    ]     UR: <total>                      55 us
[2021-02-28T14:25:57.993+0300][50.566s][info][gc,stats    ]     UR: Thread Roots                 55 us, workers (us):  39,  15,   1, 
[2021-02-28T14:25:57.993+0300][50.566s][info][gc,stats    ]   Update Region States               86 us
[2021-02-28T14:25:57.993+0300][50.566s][info][gc,stats    ]   Trash Collection Set                3 us
[2021-02-28T14:25:57.993+0300][50.566s][info][gc,stats    ]   Rebuild Free Set                   12 us
[2021-02-28T14:25:57.993+0300][50.566s][info][gc,stats    ] Concurrent Cleanup                   60 us
[2021-02-28T14:25:57.993+0300][50.566s][info][gc,stats    ] 
[2021-02-28T14:25:57.993+0300][50.566s][info][gc,stats    ] Allocation pacing accrued:
[2021-02-28T14:25:57.993+0300][50.566s][info][gc,stats    ]       0 of  1882 ms (  0.0%): <total>
[2021-02-28T14:25:57.993+0300][50.566s][info][gc,stats    ]       0 of  1882 ms (  0.0%): <average total>
[2021-02-28T14:25:57.993+0300][50.566s][info][gc,stats    ] 
[2021-02-28T14:25:57.993+0300][50.566s][info][gc,metaspace] Metaspace: 7089K(7552K)->7101K(7552K) NonClass: 6323K(6656K)->6336K(6656K) Class: 765K(896K)->765K(896K)
[2021-02-28T14:25:57.993+0300][50.566s][info][gc,ergo     ] Pacer for Idle. Initial: 20971K, Alloc Tax Rate: 1.0x
[2021-02-28T14:25:57.995+0300][50.567s][info][gc          ] Trigger: Free (48401K) is below minimum threshold (102M)
[2021-02-28T14:25:57.995+0300][50.567s][info][gc,ergo     ] Free: 48401K, Max: 512K regular, 1536K humongous, Frag: 97% external, 0% internal; Reserve: 52736K, Max: 512K
[2021-02-28T14:25:57.995+0300][50.567s][info][gc,start    ] GC(12) Concurrent reset
[2021-02-28T14:25:57.995+0300][50.567s][info][gc,task     ] GC(12) Using 1 of 3 workers for concurrent reset
[2021-02-28T14:25:57.995+0300][50.567s][info][gc,ergo     ] GC(12) Pacer for Reset. Non-Taxable: 1024M
[2021-02-28T14:25:57.996+0300][50.569s][info][gc          ] GC(12) Concurrent reset 1.172ms
[2021-02-28T14:25:57.996+0300][50.569s][info][gc,start    ] GC(12) Pause Init Mark (unload classes)
[2021-02-28T14:25:57.996+0300][50.569s][info][gc,task     ] GC(12) Using 3 of 3 workers for init marking
[2021-02-28T14:25:57.996+0300][50.569s][info][gc,ergo     ] GC(12) Pacer for Mark. Expected Live: 922M, Free: 48401K, Non-Taxable: 4840K, Alloc Tax Rate: 23.8x
[2021-02-28T14:25:57.996+0300][50.569s][info][gc          ] GC(12) Pause Init Mark (unload classes) 0.247ms
[2021-02-28T14:25:57.996+0300][50.569s][info][gc,start    ] GC(12) Concurrent marking (unload classes)
[2021-02-28T14:25:57.996+0300][50.569s][info][gc,task     ] GC(12) Using 1 of 3 workers for concurrent marking
[2021-02-28T14:25:59.232+0300][51.804s][info][gc          ] GC(12) Concurrent marking (unload classes) 1235.160ms
[2021-02-28T14:25:59.236+0300][51.809s][info][gc,start    ] GC(12) Pause Final Mark (unload classes)
[2021-02-28T14:25:59.236+0300][51.809s][info][gc,task     ] GC(12) Using 3 of 3 workers for final marking
[2021-02-28T14:25:59.236+0300][51.809s][info][gc,ergo     ] GC(12) Adaptive CSet Selection. Target Free: 145M, Actual Free: 100352K, Max CSet: 43690K, Min Garbage: 48196K
[2021-02-28T14:25:59.236+0300][51.809s][info][gc,ergo     ] GC(12) Collectable Garbage: 1822K (63%), Immediate: 0B (0%), CSet: 1822K (63%)
[2021-02-28T14:25:59.236+0300][51.809s][info][gc,ergo     ] GC(12) Pacer for Evacuation. Used CSet: 45460K, Free: 47616K, Non-Taxable: 4761K, Alloc Tax Rate: 2.3x
[2021-02-28T14:25:59.236+0300][51.809s][info][gc          ] GC(12) Pause Final Mark (unload classes) 0.636ms
[2021-02-28T14:25:59.237+0300][51.809s][info][gc,start    ] GC(12) Concurrent weak roots
[2021-02-28T14:25:59.237+0300][51.809s][info][gc,task     ] GC(12) Using 1 of 3 workers for concurrent weak root
[2021-02-28T14:25:59.254+0300][51.826s][info][gc          ] GC(12) Concurrent weak roots 17.117ms
[2021-02-28T14:25:59.254+0300][51.826s][info][gc,start    ] GC(12) Concurrent cleanup
[2021-02-28T14:25:59.254+0300][51.826s][info][gc          ] GC(12) Concurrent cleanup 937M->937M(1024M) 0.028ms
[2021-02-28T14:25:59.254+0300][51.826s][info][gc,ergo     ] GC(12) Free: 47587K, Max: 512K regular, 1536K humongous, Frag: 97% external, 0% internal; Reserve: 40448K, Max: 512K
[2021-02-28T14:25:59.254+0300][51.826s][info][gc,start    ] GC(12) Concurrent class unloading
[2021-02-28T14:25:59.254+0300][51.826s][info][gc,task     ] GC(12) Using 1 of 3 workers for concurrent class unloading
[2021-02-28T14:25:59.264+0300][51.837s][info][gc          ] GC(12) Concurrent class unloading 10.030ms
[2021-02-28T14:25:59.264+0300][51.837s][info][gc,start    ] GC(12) Concurrent strong roots
[2021-02-28T14:25:59.264+0300][51.837s][info][gc,task     ] GC(12) Using 1 of 3 workers for concurrent strong root
[2021-02-28T14:25:59.264+0300][51.837s][info][gc          ] GC(12) Concurrent strong roots 0.204ms
[2021-02-28T14:25:59.264+0300][51.837s][info][gc,start    ] GC(12) Concurrent evacuation
[2021-02-28T14:25:59.264+0300][51.837s][info][gc,task     ] GC(12) Using 1 of 3 workers for concurrent evacuation
[2021-02-28T14:25:59.292+0300][51.865s][info][gc          ] GC(12) Concurrent evacuation 28.149ms
[2021-02-28T14:25:59.302+0300][51.875s][info][gc,start    ] GC(12) Pause Init Update Refs
[2021-02-28T14:25:59.302+0300][51.875s][info][gc,ergo     ] GC(12) Pacer for Update Refs. Used: 968M, Free: 47587K, Non-Taxable: 4758K, Alloc Tax Rate: 25.5x
[2021-02-28T14:25:59.302+0300][51.875s][info][gc          ] GC(12) Pause Init Update Refs 0.052ms
[2021-02-28T14:25:59.302+0300][51.875s][info][gc,start    ] GC(12) Concurrent update references
[2021-02-28T14:25:59.302+0300][51.875s][info][gc,task     ] GC(12) Using 1 of 3 workers for concurrent reference update
[2021-02-28T14:25:59.846+0300][52.418s][info][gc          ] GC(12) Concurrent update references 543.564ms
[2021-02-28T14:25:59.863+0300][52.435s][info][gc,start    ] GC(12) Pause Final Update Refs
[2021-02-28T14:25:59.863+0300][52.435s][info][gc,task     ] GC(12) Using 3 of 3 workers for final reference update
[2021-02-28T14:25:59.863+0300][52.436s][info][gc          ] GC(12) Pause Final Update Refs 0.259ms
[2021-02-28T14:25:59.863+0300][52.436s][info][gc,start    ] GC(12) Concurrent cleanup
[2021-02-28T14:25:59.863+0300][52.436s][info][gc          ] GC(12) Concurrent cleanup 968M->923M(1024M) 0.053ms
[2021-02-28T14:25:59.863+0300][52.436s][info][gc,ergo     ] Free: 49469K, Max: 512K regular, 1536K humongous, Frag: 97% external, 1% internal; Reserve: 52736K, Max: 512K
[2021-02-28T14:25:59.863+0300][52.436s][info][gc,stats    ] 
[2021-02-28T14:25:59.863+0300][52.436s][info][gc,stats    ] All times are wall-clock times, except per-root-class counters, that are sum over
[2021-02-28T14:25:59.863+0300][52.436s][info][gc,stats    ] all workers. Dividing the <total> over the root stage time estimates parallelism.
[2021-02-28T14:25:59.863+0300][52.436s][info][gc,stats    ] 
[2021-02-28T14:25:59.863+0300][52.436s][info][gc,stats    ] Concurrent Reset                   1227 us
[2021-02-28T14:25:59.863+0300][52.436s][info][gc,stats    ] Pause Init Mark (G)                 627 us
[2021-02-28T14:25:59.863+0300][52.436s][info][gc,stats    ] Pause Init Mark (N)                 260 us
[2021-02-28T14:25:59.863+0300][52.436s][info][gc,stats    ]   Manage TLABs                        3 us
[2021-02-28T14:25:59.863+0300][52.436s][info][gc,stats    ]   Update Region States               91 us
[2021-02-28T14:25:59.863+0300][52.436s][info][gc,stats    ]   Scan Roots                         87 us, parallelism: 0.77x
[2021-02-28T14:25:59.863+0300][52.436s][info][gc,stats    ]     S: <total>                       67 us
[2021-02-28T14:25:59.863+0300][52.436s][info][gc,stats    ]     S: Thread Roots                  64 us, workers (us):  45,  18,   1, 
[2021-02-28T14:25:59.863+0300][52.436s][info][gc,stats    ]     S: Universe Roots                 2 us, workers (us):   2, ---, ---, 
[2021-02-28T14:25:59.863+0300][52.436s][info][gc,stats    ]     S: Synchronizer Roots             0 us, workers (us):   0, ---, ---, 
[2021-02-28T14:25:59.863+0300][52.436s][info][gc,stats    ]     S: Management Roots               1 us, workers (us):   1, ---, ---, 
[2021-02-28T14:25:59.863+0300][52.436s][info][gc,stats    ]     S: JVMTI Roots                    0 us, workers (us):   0, ---, ---, 
[2021-02-28T14:25:59.863+0300][52.436s][info][gc,stats    ] Concurrent Marking              1235197 us
[2021-02-28T14:25:59.863+0300][52.436s][info][gc,stats    ]   Roots                             189 us, parallelism: 0.45x
[2021-02-28T14:25:59.863+0300][52.436s][info][gc,stats    ]     CM: <total>                      85 us
[2021-02-28T14:25:59.863+0300][52.436s][info][gc,stats    ]     CM: JNI Handles Roots             3 us, workers (us):   3, ---, ---, 
[2021-02-28T14:25:59.863+0300][52.436s][info][gc,stats    ]     CM: VM Global Roots               3 us, workers (us):   3, ---, ---, 
[2021-02-28T14:25:59.863+0300][52.436s][info][gc,stats    ]     CM: CLDG Roots                   79 us, workers (us):  79, ---, ---, 
[2021-02-28T14:25:59.863+0300][52.436s][info][gc,stats    ] Pause Final Mark (G)               4858 us
[2021-02-28T14:25:59.863+0300][52.436s][info][gc,stats    ] Pause Final Mark (N)                652 us
[2021-02-28T14:25:59.863+0300][52.436s][info][gc,stats    ]   Finish Queues                     104 us
[2021-02-28T14:25:59.863+0300][52.436s][info][gc,stats    ]   System Purge                       95 us
[2021-02-28T14:25:59.863+0300][52.436s][info][gc,stats    ]     Weak Roots                       95 us, parallelism: 0.01x
[2021-02-28T14:25:59.863+0300][52.436s][info][gc,stats    ]       WR: <total>                     1 us
[2021-02-28T14:25:59.863+0300][52.436s][info][gc,stats    ]       WR: JVMTI Weak Roots            0 us, workers (us):   0, ---, ---, 
[2021-02-28T14:25:59.863+0300][52.436s][info][gc,stats    ]       WR: JFR Weak Roots              0 us, workers (us):   0, ---, ---, 
[2021-02-28T14:25:59.863+0300][52.436s][info][gc,stats    ]   Update Region States               92 us
[2021-02-28T14:25:59.864+0300][52.436s][info][gc,stats    ]   Manage GC/TLABs                     3 us
[2021-02-28T14:25:59.864+0300][52.436s][info][gc,stats    ]   Choose Collection Set             127 us
[2021-02-28T14:25:59.864+0300][52.436s][info][gc,stats    ]   Rebuild Free Set                   11 us
[2021-02-28T14:25:59.864+0300][52.436s][info][gc,stats    ]   Initial Evacuation                163 us, parallelism: 0.64x
[2021-02-28T14:25:59.864+0300][52.436s][info][gc,stats    ]     E: <total>                      104 us
[2021-02-28T14:25:59.864+0300][52.436s][info][gc,stats    ]     E: Thread Roots                  98 us, workers (us):  42,  28,  27, 
[2021-02-28T14:25:59.864+0300][52.436s][info][gc,stats    ]     E: Universe Roots                 3 us, workers (us):   3, ---, ---, 
[2021-02-28T14:25:59.864+0300][52.436s][info][gc,stats    ]     E: JVMTI Weak Roots               0 us, workers (us):   0, ---, ---, 
[2021-02-28T14:25:59.864+0300][52.436s][info][gc,stats    ]     E: JFR Weak Roots                 0 us, workers (us):   0, ---, ---, 
[2021-02-28T14:25:59.864+0300][52.436s][info][gc,stats    ]     E: Synchronizer Roots             0 us, workers (us):   0, ---, ---, 
[2021-02-28T14:25:59.864+0300][52.436s][info][gc,stats    ]     E: Management Roots               2 us, workers (us):   2, ---, ---, 
[2021-02-28T14:25:59.864+0300][52.436s][info][gc,stats    ]     E: JVMTI Roots                    0 us, workers (us):   0, ---, ---, 
[2021-02-28T14:25:59.864+0300][52.436s][info][gc,stats    ] Concurrent Weak Roots             17146 us
[2021-02-28T14:25:59.864+0300][52.436s][info][gc,stats    ]   Roots                             471 us, parallelism: 0.40x
[2021-02-28T14:25:59.864+0300][52.436s][info][gc,stats    ]     CWR: <total>                    187 us
[2021-02-28T14:25:59.864+0300][52.436s][info][gc,stats    ]     CWR: JNI Weak Roots               0 us, workers (us):   0, ---, ---, 
[2021-02-28T14:25:59.864+0300][52.436s][info][gc,stats    ]     CWR: String Table Roots         152 us, workers (us): 152, ---, ---, 
[2021-02-28T14:25:59.864+0300][52.436s][info][gc,stats    ]     CWR: Resolved Table Roots        11 us, workers (us):  11, ---, ---, 
[2021-02-28T14:25:59.864+0300][52.436s][info][gc,stats    ]     CWR: VM Weak Roots               20 us, workers (us):  20, ---, ---, 
[2021-02-28T14:25:59.864+0300][52.437s][info][gc,stats    ]     CWR: CLDG Roots                   3 us, workers (us):   3, ---, ---, 
[2021-02-28T14:25:59.864+0300][52.437s][info][gc,stats    ]   Rendezvous                      16570 us
[2021-02-28T14:25:59.864+0300][52.437s][info][gc,stats    ] Concurrent Cleanup                   41 us
[2021-02-28T14:25:59.864+0300][52.437s][info][gc,stats    ] Concurrent Class Unloading        10054 us
[2021-02-28T14:25:59.864+0300][52.437s][info][gc,stats    ]   Unlink Stale                     1153 us
[2021-02-28T14:25:59.864+0300][52.437s][info][gc,stats    ]     System Dictionary                 8 us
[2021-02-28T14:25:59.864+0300][52.437s][info][gc,stats    ]     Weak Class Links                  0 us
[2021-02-28T14:25:59.864+0300][52.437s][info][gc,stats    ]     Code Roots                     1145 us
[2021-02-28T14:25:59.864+0300][52.437s][info][gc,stats    ]   Rendezvous                       8722 us
[2021-02-28T14:25:59.864+0300][52.437s][info][gc,stats    ]   Purge Unlinked                    130 us
[2021-02-28T14:25:59.864+0300][52.437s][info][gc,stats    ]     Code Roots                      129 us
[2021-02-28T14:25:59.864+0300][52.437s][info][gc,stats    ]     CLDG                              0 us
[2021-02-28T14:25:59.864+0300][52.437s][info][gc,stats    ]     Exception Caches                  0 us
[2021-02-28T14:25:59.864+0300][52.437s][info][gc,stats    ] Concurrent Strong Roots             225 us, parallelism: 0.43x
[2021-02-28T14:25:59.864+0300][52.437s][info][gc,stats    ] Rendezvous                           98 us
[2021-02-28T14:25:59.864+0300][52.437s][info][gc,stats    ]   CSR: Universe Roots                 3 us, workers (us):   3, ---, ---, 
[2021-02-28T14:25:59.864+0300][52.437s][info][gc,stats    ]   CSR: Resolved Table Roots           2 us, workers (us):   2, ---, ---, 
[2021-02-28T14:25:59.864+0300][52.437s][info][gc,stats    ]   CSR: Management Roots              93 us, workers (us):  93, ---, ---, 
[2021-02-28T14:25:59.864+0300][52.437s][info][gc,stats    ] Concurrent Evacuation             28181 us
[2021-02-28T14:25:59.864+0300][52.437s][info][gc,stats    ] Pause Init  Update Refs (G)        9743 us
[2021-02-28T14:25:59.864+0300][52.437s][info][gc,stats    ] Pause Init  Update Refs (N)          64 us
[2021-02-28T14:25:59.864+0300][52.437s][info][gc,stats    ]   Manage GCLABs                       2 us
[2021-02-28T14:25:59.864+0300][52.437s][info][gc,stats    ] Concurrent Update Refs           543610 us
[2021-02-28T14:25:59.864+0300][52.437s][info][gc,stats    ] Pause Final Update Refs (G)       17475 us
[2021-02-28T14:25:59.864+0300][52.437s][info][gc,stats    ] Pause Final Update Refs (N)         283 us
[2021-02-28T14:25:59.864+0300][52.437s][info][gc,stats    ]   Update Roots                       94 us, parallelism: 0.64x
[2021-02-28T14:25:59.864+0300][52.437s][info][gc,stats    ]     UR: <total>                      60 us
[2021-02-28T14:25:59.864+0300][52.437s][info][gc,stats    ]     UR: Thread Roots                 60 us, workers (us):  45,  14,   1, 
[2021-02-28T14:25:59.864+0300][52.437s][info][gc,stats    ]   Update Region States               89 us
[2021-02-28T14:25:59.864+0300][52.437s][info][gc,stats    ]   Trash Collection Set                4 us
[2021-02-28T14:25:59.864+0300][52.437s][info][gc,stats    ]   Rebuild Free Set                   15 us
[2021-02-28T14:25:59.864+0300][52.437s][info][gc,stats    ] Concurrent Cleanup                   68 us
[2021-02-28T14:25:59.864+0300][52.437s][info][gc,stats    ] 
[2021-02-28T14:25:59.864+0300][52.437s][info][gc,stats    ] Allocation pacing accrued:
[2021-02-28T14:25:59.864+0300][52.437s][info][gc,stats    ]       0 of  1871 ms (  0.0%): <total>
[2021-02-28T14:25:59.864+0300][52.437s][info][gc,stats    ]       0 of  1871 ms (  0.0%): <average total>
[2021-02-28T14:25:59.864+0300][52.437s][info][gc,stats    ] 
[2021-02-28T14:25:59.864+0300][52.437s][info][gc,metaspace] Metaspace: 7101K(7552K)->7108K(7552K) NonClass: 6336K(6656K)->6343K(6656K) Class: 765K(896K)->765K(896K)
[2021-02-28T14:25:59.864+0300][52.437s][info][gc,ergo     ] Pacer for Idle. Initial: 20971K, Alloc Tax Rate: 1.0x
[2021-02-28T14:25:59.866+0300][52.438s][info][gc          ] Trigger: Free (49422K) is below minimum threshold (102M)
[2021-02-28T14:25:59.866+0300][52.438s][info][gc,ergo     ] Free: 49422K, Max: 512K regular, 1536K humongous, Frag: 97% external, 1% internal; Reserve: 52736K, Max: 512K
[2021-02-28T14:25:59.866+0300][52.438s][info][gc,start    ] GC(13) Concurrent reset
[2021-02-28T14:25:59.866+0300][52.438s][info][gc,task     ] GC(13) Using 1 of 3 workers for concurrent reset
[2021-02-28T14:25:59.866+0300][52.438s][info][gc,ergo     ] GC(13) Pacer for Reset. Non-Taxable: 1024M
[2021-02-28T14:25:59.867+0300][52.440s][info][gc          ] GC(13) Concurrent reset 1.232ms
[2021-02-28T14:25:59.867+0300][52.440s][info][gc,start    ] GC(13) Pause Init Mark (unload classes)
[2021-02-28T14:25:59.867+0300][52.440s][info][gc,task     ] GC(13) Using 3 of 3 workers for init marking
[2021-02-28T14:25:59.868+0300][52.440s][info][gc,ergo     ] GC(13) Pacer for Mark. Expected Live: 922M, Free: 49422K, Non-Taxable: 4942K, Alloc Tax Rate: 23.4x
[2021-02-28T14:25:59.868+0300][52.440s][info][gc          ] GC(13) Pause Init Mark (unload classes) 0.262ms
[2021-02-28T14:25:59.868+0300][52.441s][info][gc,start    ] GC(13) Concurrent marking (unload classes)
[2021-02-28T14:25:59.868+0300][52.441s][info][gc,task     ] GC(13) Using 1 of 3 workers for concurrent marking
[2021-02-28T14:26:01.099+0300][53.672s][info][gc          ] GC(13) Concurrent marking (unload classes) 1231.557ms
[2021-02-28T14:26:01.110+0300][53.682s][info][gc,start    ] GC(13) Pause Final Mark (unload classes)
[2021-02-28T14:26:01.110+0300][53.683s][info][gc,task     ] GC(13) Using 3 of 3 workers for final marking
[2021-02-28T14:26:01.110+0300][53.683s][info][gc,ergo     ] GC(13) Adaptive CSet Selection. Target Free: 145M, Actual Free: 101376K, Max CSet: 43690K, Min Garbage: 47172K
[2021-02-28T14:26:01.110+0300][53.683s][info][gc,ergo     ] GC(13) Collectable Garbage: 868K (47%), Immediate: 0B (0%), CSet: 868K (47%)
[2021-02-28T14:26:01.110+0300][53.683s][info][gc,ergo     ] GC(13) Pacer for Evacuation. Used CSet: 44438K, Free: 48640K, Non-Taxable: 4864K, Alloc Tax Rate: 2.2x
[2021-02-28T14:26:01.110+0300][53.683s][info][gc          ] GC(13) Pause Final Mark (unload classes) 0.688ms
[2021-02-28T14:26:01.111+0300][53.683s][info][gc,start    ] GC(13) Concurrent weak roots
[2021-02-28T14:26:01.111+0300][53.683s][info][gc,task     ] GC(13) Using 1 of 3 workers for concurrent weak root
[2021-02-28T14:26:01.128+0300][53.700s][info][gc          ] GC(13) Concurrent weak roots 17.040ms
[2021-02-28T14:26:01.128+0300][53.700s][info][gc,start    ] GC(13) Concurrent cleanup
[2021-02-28T14:26:01.128+0300][53.700s][info][gc          ] GC(13) Concurrent cleanup 936M->936M(1024M) 0.027ms
[2021-02-28T14:26:01.128+0300][53.700s][info][gc,ergo     ] GC(13) Free: 48611K, Max: 512K regular, 1536K humongous, Frag: 97% external, 0% internal; Reserve: 39936K, Max: 512K
[2021-02-28T14:26:01.128+0300][53.700s][info][gc,start    ] GC(13) Concurrent class unloading
[2021-02-28T14:26:01.128+0300][53.700s][info][gc,task     ] GC(13) Using 1 of 3 workers for concurrent class unloading
[2021-02-28T14:26:01.138+0300][53.710s][info][gc          ] GC(13) Concurrent class unloading 10.005ms
[2021-02-28T14:26:01.138+0300][53.710s][info][gc,start    ] GC(13) Concurrent strong roots
[2021-02-28T14:26:01.138+0300][53.710s][info][gc,task     ] GC(13) Using 1 of 3 workers for concurrent strong root
[2021-02-28T14:26:01.138+0300][53.711s][info][gc          ] GC(13) Concurrent strong roots 0.178ms
[2021-02-28T14:26:01.138+0300][53.711s][info][gc,start    ] GC(13) Concurrent evacuation
[2021-02-28T14:26:01.138+0300][53.711s][info][gc,task     ] GC(13) Using 1 of 3 workers for concurrent evacuation
[2021-02-28T14:26:01.166+0300][53.739s][info][gc          ] GC(13) Concurrent evacuation 28.093ms
[2021-02-28T14:26:01.177+0300][53.750s][info][gc,start    ] GC(13) Pause Init Update Refs
[2021-02-28T14:26:01.177+0300][53.750s][info][gc,ergo     ] GC(13) Pacer for Update Refs. Used: 967M, Free: 48611K, Non-Taxable: 4861K, Alloc Tax Rate: 24.9x
[2021-02-28T14:26:01.177+0300][53.750s][info][gc          ] GC(13) Pause Init Update Refs 0.046ms
[2021-02-28T14:26:01.177+0300][53.750s][info][gc,start    ] GC(13) Concurrent update references
[2021-02-28T14:26:01.177+0300][53.750s][info][gc,task     ] GC(13) Using 1 of 3 workers for concurrent reference update
[2021-02-28T14:26:01.691+0300][54.264s][info][gc          ] GC(13) Concurrent update references 514.043ms
[2021-02-28T14:26:01.696+0300][54.268s][info][gc,start    ] GC(13) Pause Final Update Refs
[2021-02-28T14:26:01.696+0300][54.268s][info][gc,task     ] GC(13) Using 3 of 3 workers for final reference update
[2021-02-28T14:26:01.696+0300][54.269s][info][gc          ] GC(13) Pause Final Update Refs 0.268ms
[2021-02-28T14:26:01.696+0300][54.269s][info][gc,start    ] GC(13) Concurrent cleanup
[2021-02-28T14:26:01.696+0300][54.269s][info][gc          ] GC(13) Concurrent cleanup 967M->924M(1024M) 0.051ms
[2021-02-28T14:26:01.696+0300][54.269s][info][gc,ergo     ] Free: 49097K, Max: 512K regular, 1536K humongous, Frag: 97% external, 0% internal; Reserve: 52736K, Max: 512K
[2021-02-28T14:26:01.696+0300][54.269s][info][gc,stats    ] 
[2021-02-28T14:26:01.696+0300][54.269s][info][gc,stats    ] All times are wall-clock times, except per-root-class counters, that are sum over
[2021-02-28T14:26:01.696+0300][54.269s][info][gc,stats    ] all workers. Dividing the <total> over the root stage time estimates parallelism.
[2021-02-28T14:26:01.696+0300][54.269s][info][gc,stats    ] 
[2021-02-28T14:26:01.696+0300][54.269s][info][gc,stats    ] Concurrent Reset                   1286 us
[2021-02-28T14:26:01.696+0300][54.269s][info][gc,stats    ] Pause Init Mark (G)                 857 us
[2021-02-28T14:26:01.696+0300][54.269s][info][gc,stats    ] Pause Init Mark (N)                 276 us
[2021-02-28T14:26:01.696+0300][54.269s][info][gc,stats    ]   Manage TLABs                        3 us
[2021-02-28T14:26:01.696+0300][54.269s][info][gc,stats    ]   Update Region States               87 us
[2021-02-28T14:26:01.696+0300][54.269s][info][gc,stats    ]   Scan Roots                        102 us, parallelism: 0.74x
[2021-02-28T14:26:01.696+0300][54.269s][info][gc,stats    ]     S: <total>                       76 us
[2021-02-28T14:26:01.696+0300][54.269s][info][gc,stats    ]     S: Thread Roots                  72 us, workers (us):  39,  16,  17, 
[2021-02-28T14:26:01.696+0300][54.269s][info][gc,stats    ]     S: Universe Roots                 2 us, workers (us):   2, ---, ---, 
[2021-02-28T14:26:01.696+0300][54.269s][info][gc,stats    ]     S: Synchronizer Roots             0 us, workers (us):   0, ---, ---, 
[2021-02-28T14:26:01.696+0300][54.269s][info][gc,stats    ]     S: Management Roots               1 us, workers (us):   1, ---, ---, 
[2021-02-28T14:26:01.696+0300][54.269s][info][gc,stats    ]     S: JVMTI Roots                    0 us, workers (us):   0, ---, ---, 
[2021-02-28T14:26:01.696+0300][54.269s][info][gc,stats    ] Concurrent Marking              1231595 us
[2021-02-28T14:26:01.696+0300][54.269s][info][gc,stats    ]   Roots                             163 us, parallelism: 0.47x
[2021-02-28T14:26:01.696+0300][54.269s][info][gc,stats    ]     CM: <total>                      77 us
[2021-02-28T14:26:01.696+0300][54.269s][info][gc,stats    ]     CM: JNI Handles Roots             2 us, workers (us):   2, ---, ---, 
[2021-02-28T14:26:01.696+0300][54.269s][info][gc,stats    ]     CM: VM Global Roots               2 us, workers (us):   2, ---, ---, 
[2021-02-28T14:26:01.696+0300][54.269s][info][gc,stats    ]     CM: CLDG Roots                   73 us, workers (us):  73, ---, ---, 
[2021-02-28T14:26:01.697+0300][54.269s][info][gc,stats    ] Pause Final Mark (G)              11152 us
[2021-02-28T14:26:01.697+0300][54.269s][info][gc,stats    ] Pause Final Mark (N)                701 us
[2021-02-28T14:26:01.697+0300][54.269s][info][gc,stats    ]   Finish Queues                     145 us
[2021-02-28T14:26:01.697+0300][54.269s][info][gc,stats    ]   System Purge                      114 us
[2021-02-28T14:26:01.697+0300][54.269s][info][gc,stats    ]     Weak Roots                      114 us, parallelism: 0.01x
[2021-02-28T14:26:01.697+0300][54.269s][info][gc,stats    ]       WR: <total>                     1 us
[2021-02-28T14:26:01.697+0300][54.269s][info][gc,stats    ]       WR: JVMTI Weak Roots            0 us, workers (us):   0, ---, ---, 
[2021-02-28T14:26:01.697+0300][54.269s][info][gc,stats    ]       WR: JFR Weak Roots              0 us, workers (us):   0, ---, ---, 
[2021-02-28T14:26:01.697+0300][54.269s][info][gc,stats    ]   Update Region States               87 us
[2021-02-28T14:26:01.697+0300][54.269s][info][gc,stats    ]   Manage GC/TLABs                     3 us
[2021-02-28T14:26:01.697+0300][54.269s][info][gc,stats    ]   Choose Collection Set             131 us
[2021-02-28T14:26:01.697+0300][54.269s][info][gc,stats    ]   Rebuild Free Set                   11 us
[2021-02-28T14:26:01.697+0300][54.269s][info][gc,stats    ]   Initial Evacuation                153 us, parallelism: 0.65x
[2021-02-28T14:26:01.697+0300][54.269s][info][gc,stats    ]     E: <total>                      100 us
[2021-02-28T14:26:01.697+0300][54.269s][info][gc,stats    ]     E: Thread Roots                  94 us, workers (us):  45,  33,  16, 
[2021-02-28T14:26:01.697+0300][54.269s][info][gc,stats    ]     E: Universe Roots                 4 us, workers (us):   4, ---, ---, 
[2021-02-28T14:26:01.697+0300][54.269s][info][gc,stats    ]     E: JVMTI Weak Roots               0 us, workers (us):   0, ---, ---, 
[2021-02-28T14:26:01.697+0300][54.269s][info][gc,stats    ]     E: JFR Weak Roots                 0 us, workers (us):   0, ---, ---, 
[2021-02-28T14:26:01.697+0300][54.269s][info][gc,stats    ]     E: Synchronizer Roots             0 us, workers (us):   0, ---, ---, 
[2021-02-28T14:26:01.697+0300][54.270s][info][gc,stats    ]     E: Management Roots               2 us, workers (us):   2, ---, ---, 
[2021-02-28T14:26:01.697+0300][54.270s][info][gc,stats    ]     E: JVMTI Roots                    0 us, workers (us):   0, ---, ---, 
[2021-02-28T14:26:01.697+0300][54.270s][info][gc,stats    ] Concurrent Weak Roots             17071 us
[2021-02-28T14:26:01.697+0300][54.270s][info][gc,stats    ]   Roots                             458 us, parallelism: 0.42x
[2021-02-28T14:26:01.697+0300][54.270s][info][gc,stats    ]     CWR: <total>                    191 us
[2021-02-28T14:26:01.697+0300][54.270s][info][gc,stats    ]     CWR: JNI Weak Roots               0 us, workers (us):   0, ---, ---, 
[2021-02-28T14:26:01.697+0300][54.270s][info][gc,stats    ]     CWR: String Table Roots         153 us, workers (us): 153, ---, ---, 
[2021-02-28T14:26:01.697+0300][54.270s][info][gc,stats    ]     CWR: Resolved Table Roots        11 us, workers (us):  11, ---, ---, 
[2021-02-28T14:26:01.697+0300][54.270s][info][gc,stats    ]     CWR: VM Weak Roots               22 us, workers (us):  22, ---, ---, 
[2021-02-28T14:26:01.697+0300][54.270s][info][gc,stats    ]     CWR: CLDG Roots                   5 us, workers (us):   5, ---, ---, 
[2021-02-28T14:26:01.697+0300][54.270s][info][gc,stats    ]   Rendezvous                      16542 us
[2021-02-28T14:26:01.697+0300][54.270s][info][gc,stats    ] Concurrent Cleanup                   41 us
[2021-02-28T14:26:01.697+0300][54.270s][info][gc,stats    ] Concurrent Class Unloading        10030 us
[2021-02-28T14:26:01.697+0300][54.270s][info][gc,stats    ]   Unlink Stale                     1168 us
[2021-02-28T14:26:01.697+0300][54.270s][info][gc,stats    ]     System Dictionary                 8 us
[2021-02-28T14:26:01.697+0300][54.270s][info][gc,stats    ]     Weak Class Links                  0 us
[2021-02-28T14:26:01.697+0300][54.270s][info][gc,stats    ]     Code Roots                     1159 us
[2021-02-28T14:26:01.697+0300][54.270s][info][gc,stats    ]   Rendezvous                       8712 us
[2021-02-28T14:26:01.697+0300][54.270s][info][gc,stats    ]   Purge Unlinked                     97 us
[2021-02-28T14:26:01.697+0300][54.270s][info][gc,stats    ]     Code Roots                       97 us
[2021-02-28T14:26:01.697+0300][54.270s][info][gc,stats    ]     CLDG                              0 us
[2021-02-28T14:26:01.697+0300][54.270s][info][gc,stats    ]     Exception Caches                  0 us
[2021-02-28T14:26:01.697+0300][54.270s][info][gc,stats    ] Concurrent Strong Roots             197 us, parallelism: 0.52x
[2021-02-28T14:26:01.697+0300][54.270s][info][gc,stats    ] Rendezvous                          102 us
[2021-02-28T14:26:01.697+0300][54.270s][info][gc,stats    ]   CSR: Universe Roots                 3 us, workers (us):   3, ---, ---, 
[2021-02-28T14:26:01.697+0300][54.270s][info][gc,stats    ]   CSR: Resolved Table Roots           2 us, workers (us):   2, ---, ---, 
[2021-02-28T14:26:01.697+0300][54.270s][info][gc,stats    ]   CSR: Management Roots              97 us, workers (us):  97, ---, ---, 
[2021-02-28T14:26:01.697+0300][54.270s][info][gc,stats    ] Concurrent Evacuation             28131 us
[2021-02-28T14:26:01.697+0300][54.270s][info][gc,stats    ] Pause Init  Update Refs (G)       10912 us
[2021-02-28T14:26:01.697+0300][54.270s][info][gc,stats    ] Pause Init  Update Refs (N)          58 us
[2021-02-28T14:26:01.697+0300][54.270s][info][gc,stats    ]   Manage GCLABs                       2 us
[2021-02-28T14:26:01.697+0300][54.270s][info][gc,stats    ] Concurrent Update Refs           514080 us
[2021-02-28T14:26:01.697+0300][54.270s][info][gc,stats    ] Pause Final Update Refs (G)        5088 us
[2021-02-28T14:26:01.697+0300][54.270s][info][gc,stats    ] Pause Final Update Refs (N)         291 us
[2021-02-28T14:26:01.697+0300][54.270s][info][gc,stats    ]   Update Roots                      113 us, parallelism: 0.53x
[2021-02-28T14:26:01.697+0300][54.270s][info][gc,stats    ]     UR: <total>                      60 us
[2021-02-28T14:26:01.697+0300][54.270s][info][gc,stats    ]     UR: Thread Roots                 60 us, workers (us):  34,  15,  11, 
[2021-02-28T14:26:01.697+0300][54.270s][info][gc,stats    ]   Update Region States               98 us
[2021-02-28T14:26:01.697+0300][54.270s][info][gc,stats    ]   Trash Collection Set                3 us
[2021-02-28T14:26:01.697+0300][54.270s][info][gc,stats    ]   Rebuild Free Set                   12 us
[2021-02-28T14:26:01.697+0300][54.270s][info][gc,stats    ] Concurrent Cleanup                   66 us
[2021-02-28T14:26:01.697+0300][54.270s][info][gc,stats    ] 
[2021-02-28T14:26:01.697+0300][54.270s][info][gc,stats    ] Allocation pacing accrued:
[2021-02-28T14:26:01.697+0300][54.270s][info][gc,stats    ]       0 of  1833 ms (  0.0%): <total>
[2021-02-28T14:26:01.697+0300][54.270s][info][gc,stats    ]       0 of  1833 ms (  0.0%): <average total>
[2021-02-28T14:26:01.697+0300][54.270s][info][gc,stats    ] 
[2021-02-28T14:26:01.697+0300][54.270s][info][gc,metaspace] Metaspace: 7108K(7552K)->7114K(7552K) NonClass: 6343K(6656K)->6349K(6656K) Class: 765K(896K)->765K(896K)
[2021-02-28T14:26:01.697+0300][54.270s][info][gc,ergo     ] Pacer for Idle. Initial: 20971K, Alloc Tax Rate: 1.0x
[2021-02-28T14:26:01.699+0300][54.271s][info][gc          ] Trigger: Free (49050K) is below minimum threshold (102M)
[2021-02-28T14:26:01.699+0300][54.271s][info][gc,ergo     ] Free: 49050K, Max: 512K regular, 1536K humongous, Frag: 97% external, 0% internal; Reserve: 52736K, Max: 512K
[2021-02-28T14:26:01.699+0300][54.271s][info][gc,start    ] GC(14) Concurrent reset
[2021-02-28T14:26:01.699+0300][54.271s][info][gc,task     ] GC(14) Using 1 of 3 workers for concurrent reset
[2021-02-28T14:26:01.699+0300][54.271s][info][gc,ergo     ] GC(14) Pacer for Reset. Non-Taxable: 1024M
[2021-02-28T14:26:01.700+0300][54.273s][info][gc          ] GC(14) Concurrent reset 1.146ms
[2021-02-28T14:26:01.700+0300][54.273s][info][gc,start    ] GC(14) Pause Init Mark (unload classes)
[2021-02-28T14:26:01.700+0300][54.273s][info][gc,task     ] GC(14) Using 3 of 3 workers for init marking
[2021-02-28T14:26:01.701+0300][54.273s][info][gc,ergo     ] GC(14) Pacer for Mark. Expected Live: 922M, Free: 49050K, Non-Taxable: 4905K, Alloc Tax Rate: 23.5x
[2021-02-28T14:26:01.701+0300][54.273s][info][gc          ] GC(14) Pause Init Mark (unload classes) 0.310ms
[2021-02-28T14:26:01.701+0300][54.273s][info][gc,start    ] GC(14) Concurrent marking (unload classes)
[2021-02-28T14:26:01.701+0300][54.273s][info][gc,task     ] GC(14) Using 1 of 3 workers for concurrent marking
[2021-02-28T14:26:02.955+0300][55.528s][info][gc          ] GC(14) Concurrent marking (unload classes) 1254.092ms
[2021-02-28T14:26:02.958+0300][55.531s][info][gc,start    ] GC(14) Pause Final Mark (unload classes)
[2021-02-28T14:26:02.958+0300][55.531s][info][gc,task     ] GC(14) Using 3 of 3 workers for final marking
[2021-02-28T14:26:02.958+0300][55.531s][info][gc,ergo     ] GC(14) Adaptive CSet Selection. Target Free: 145M, Actual Free: 100864K, Max CSet: 43690K, Min Garbage: 47684K
[2021-02-28T14:26:02.958+0300][55.531s][info][gc,ergo     ] GC(14) Collectable Garbage: 1310K (59%), Immediate: 0B (0%), CSet: 1310K (59%)
[2021-02-28T14:26:02.958+0300][55.531s][info][gc,ergo     ] GC(14) Pacer for Evacuation. Used CSet: 44943K, Free: 48128K, Non-Taxable: 4812K, Alloc Tax Rate: 2.3x
[2021-02-28T14:26:02.958+0300][55.531s][info][gc          ] GC(14) Pause Final Mark (unload classes) 0.653ms
[2021-02-28T14:26:02.959+0300][55.531s][info][gc,start    ] GC(14) Concurrent weak roots
[2021-02-28T14:26:02.959+0300][55.531s][info][gc,task     ] GC(14) Using 1 of 3 workers for concurrent weak root
[2021-02-28T14:26:02.976+0300][55.548s][info][gc          ] GC(14) Concurrent weak roots 17.080ms
[2021-02-28T14:26:02.976+0300][55.548s][info][gc,start    ] GC(14) Concurrent cleanup
[2021-02-28T14:26:02.976+0300][55.548s][info][gc          ] GC(14) Concurrent cleanup 937M->937M(1024M) 0.027ms
[2021-02-28T14:26:02.976+0300][55.548s][info][gc,ergo     ] GC(14) Free: 48099K, Max: 512K regular, 1536K humongous, Frag: 97% external, 0% internal; Reserve: 39936K, Max: 512K
[2021-02-28T14:26:02.976+0300][55.548s][info][gc,start    ] GC(14) Concurrent class unloading
[2021-02-28T14:26:02.976+0300][55.548s][info][gc,task     ] GC(14) Using 1 of 3 workers for concurrent class unloading
[2021-02-28T14:26:02.986+0300][55.559s][info][gc          ] GC(14) Concurrent class unloading 10.046ms
[2021-02-28T14:26:02.986+0300][55.559s][info][gc,start    ] GC(14) Concurrent strong roots
[2021-02-28T14:26:02.986+0300][55.559s][info][gc,task     ] GC(14) Using 1 of 3 workers for concurrent strong root
[2021-02-28T14:26:02.986+0300][55.559s][info][gc          ] GC(14) Concurrent strong roots 0.211ms
[2021-02-28T14:26:02.986+0300][55.559s][info][gc,start    ] GC(14) Concurrent evacuation
[2021-02-28T14:26:02.986+0300][55.559s][info][gc,task     ] GC(14) Using 1 of 3 workers for concurrent evacuation
[2021-02-28T14:26:03.014+0300][55.587s][info][gc          ] GC(14) Concurrent evacuation 27.927ms
[2021-02-28T14:26:03.024+0300][55.597s][info][gc,start    ] GC(14) Pause Init Update Refs
[2021-02-28T14:26:03.024+0300][55.597s][info][gc,ergo     ] GC(14) Pacer for Update Refs. Used: 968M, Free: 48099K, Non-Taxable: 4809K, Alloc Tax Rate: 25.2x
[2021-02-28T14:26:03.024+0300][55.597s][info][gc          ] GC(14) Pause Init Update Refs 0.049ms
[2021-02-28T14:26:03.024+0300][55.597s][info][gc,start    ] GC(14) Concurrent update references
[2021-02-28T14:26:03.024+0300][55.597s][info][gc,task     ] GC(14) Using 1 of 3 workers for concurrent reference update
[2021-02-28T14:26:03.541+0300][56.114s][info][gc          ] GC(14) Concurrent update references 517.684ms
[2021-02-28T14:26:03.553+0300][56.126s][info][gc,start    ] GC(14) Pause Final Update Refs
[2021-02-28T14:26:03.553+0300][56.126s][info][gc,task     ] GC(14) Using 3 of 3 workers for final reference update
[2021-02-28T14:26:03.553+0300][56.126s][info][gc          ] GC(14) Pause Final Update Refs 0.238ms
[2021-02-28T14:26:03.553+0300][56.126s][info][gc,start    ] GC(14) Concurrent cleanup
[2021-02-28T14:26:03.553+0300][56.126s][info][gc          ] GC(14) Concurrent cleanup 967M->924M(1024M) 0.057ms
[2021-02-28T14:26:03.553+0300][56.126s][info][gc,ergo     ] Free: 49097K, Max: 512K regular, 1536K humongous, Frag: 97% external, 1% internal; Reserve: 52736K, Max: 512K
[2021-02-28T14:26:03.553+0300][56.126s][info][gc,stats    ] 
[2021-02-28T14:26:03.553+0300][56.126s][info][gc,stats    ] All times are wall-clock times, except per-root-class counters, that are sum over
[2021-02-28T14:26:03.553+0300][56.126s][info][gc,stats    ] all workers. Dividing the <total> over the root stage time estimates parallelism.
[2021-02-28T14:26:03.553+0300][56.126s][info][gc,stats    ] 
[2021-02-28T14:26:03.553+0300][56.126s][info][gc,stats    ] Concurrent Reset                   1242 us
[2021-02-28T14:26:03.553+0300][56.126s][info][gc,stats    ] Pause Init Mark (G)                 800 us
[2021-02-28T14:26:03.553+0300][56.126s][info][gc,stats    ] Pause Init Mark (N)                 324 us
[2021-02-28T14:26:03.553+0300][56.126s][info][gc,stats    ]   Manage TLABs                        3 us
[2021-02-28T14:26:03.553+0300][56.126s][info][gc,stats    ]   Update Region States               98 us
[2021-02-28T14:26:03.553+0300][56.126s][info][gc,stats    ]   Scan Roots                        113 us, parallelism: 0.61x
[2021-02-28T14:26:03.553+0300][56.126s][info][gc,stats    ]     S: <total>                       69 us
[2021-02-28T14:26:03.553+0300][56.126s][info][gc,stats    ]     S: Thread Roots                  65 us, workers (us):  48,  16,   1, 
[2021-02-28T14:26:03.553+0300][56.126s][info][gc,stats    ]     S: Universe Roots                 2 us, workers (us):   2, ---, ---, 
[2021-02-28T14:26:03.553+0300][56.126s][info][gc,stats    ]     S: Synchronizer Roots             0 us, workers (us):   0, ---, ---, 
[2021-02-28T14:26:03.553+0300][56.126s][info][gc,stats    ]     S: Management Roots               1 us, workers (us):   1, ---, ---, 
[2021-02-28T14:26:03.553+0300][56.126s][info][gc,stats    ]     S: JVMTI Roots                    0 us, workers (us):   0, ---, ---, 
[2021-02-28T14:26:03.553+0300][56.126s][info][gc,stats    ] Concurrent Marking              1254142 us
[2021-02-28T14:26:03.553+0300][56.126s][info][gc,stats    ]   Roots                             191 us, parallelism: 0.39x
[2021-02-28T14:26:03.553+0300][56.126s][info][gc,stats    ]     CM: <total>                      75 us
[2021-02-28T14:26:03.553+0300][56.126s][info][gc,stats    ]     CM: JNI Handles Roots             2 us, workers (us):   2, ---, ---, 
[2021-02-28T14:26:03.553+0300][56.126s][info][gc,stats    ]     CM: VM Global Roots               2 us, workers (us):   2, ---, ---, 
[2021-02-28T14:26:03.554+0300][56.126s][info][gc,stats    ]     CM: CLDG Roots                   71 us, workers (us):  71, ---, ---, 
[2021-02-28T14:26:03.554+0300][56.126s][info][gc,stats    ] Pause Final Mark (G)               3705 us
[2021-02-28T14:26:03.554+0300][56.126s][info][gc,stats    ] Pause Final Mark (N)                666 us
[2021-02-28T14:26:03.554+0300][56.126s][info][gc,stats    ]   Finish Queues                     103 us
[2021-02-28T14:26:03.554+0300][56.126s][info][gc,stats    ]   System Purge                      105 us
[2021-02-28T14:26:03.554+0300][56.126s][info][gc,stats    ]     Weak Roots                      105 us, parallelism: 0.01x
[2021-02-28T14:26:03.554+0300][56.126s][info][gc,stats    ]       WR: <total>                     1 us
[2021-02-28T14:26:03.554+0300][56.127s][info][gc,stats    ]       WR: JVMTI Weak Roots            0 us, workers (us):   0, ---, ---, 
[2021-02-28T14:26:03.554+0300][56.127s][info][gc,stats    ]       WR: JFR Weak Roots              0 us, workers (us):   0, ---, ---, 
[2021-02-28T14:26:03.554+0300][56.127s][info][gc,stats    ]   Update Region States               98 us
[2021-02-28T14:26:03.554+0300][56.127s][info][gc,stats    ]   Manage GC/TLABs                     3 us
[2021-02-28T14:26:03.554+0300][56.127s][info][gc,stats    ]   Choose Collection Set             129 us
[2021-02-28T14:26:03.554+0300][56.127s][info][gc,stats    ]   Rebuild Free Set                   11 us
[2021-02-28T14:26:03.554+0300][56.127s][info][gc,stats    ]   Initial Evacuation                163 us, parallelism: 0.65x
[2021-02-28T14:26:03.554+0300][56.127s][info][gc,stats    ]     E: <total>                      106 us
[2021-02-28T14:26:03.554+0300][56.127s][info][gc,stats    ]     E: Thread Roots                 100 us, workers (us):  45,  27,  27, 
[2021-02-28T14:26:03.554+0300][56.127s][info][gc,stats    ]     E: Universe Roots                 4 us, workers (us):   4, ---, ---, 
[2021-02-28T14:26:03.554+0300][56.127s][info][gc,stats    ]     E: JVMTI Weak Roots               0 us, workers (us):   0, ---, ---, 
[2021-02-28T14:26:03.554+0300][56.127s][info][gc,stats    ]     E: JFR Weak Roots                 0 us, workers (us):   0, ---, ---, 
[2021-02-28T14:26:03.554+0300][56.127s][info][gc,stats    ]     E: Synchronizer Roots             0 us, workers (us):   0, ---, ---, 
[2021-02-28T14:26:03.554+0300][56.127s][info][gc,stats    ]     E: Management Roots               2 us, workers (us):   2, ---, ---, 
[2021-02-28T14:26:03.554+0300][56.127s][info][gc,stats    ]     E: JVMTI Roots                    0 us, workers (us):   0, ---, ---, 
[2021-02-28T14:26:03.554+0300][56.127s][info][gc,stats    ] Concurrent Weak Roots             17110 us
[2021-02-28T14:26:03.554+0300][56.127s][info][gc,stats    ]   Roots                             485 us, parallelism: 0.44x
[2021-02-28T14:26:03.554+0300][56.127s][info][gc,stats    ]     CWR: <total>                    213 us
[2021-02-28T14:26:03.554+0300][56.127s][info][gc,stats    ]     CWR: JNI Weak Roots               0 us, workers (us):   0, ---, ---, 
[2021-02-28T14:26:03.554+0300][56.127s][info][gc,stats    ]     CWR: String Table Roots         190 us, workers (us): 190, ---, ---, 
[2021-02-28T14:26:03.554+0300][56.127s][info][gc,stats    ]     CWR: Resolved Table Roots        11 us, workers (us):  11, ---, ---, 
[2021-02-28T14:26:03.554+0300][56.127s][info][gc,stats    ]     CWR: VM Weak Roots                7 us, workers (us):   7, ---, ---, 
[2021-02-28T14:26:03.554+0300][56.127s][info][gc,stats    ]     CWR: CLDG Roots                   4 us, workers (us):   4, ---, ---, 
[2021-02-28T14:26:03.554+0300][56.127s][info][gc,stats    ]   Rendezvous                      16535 us
[2021-02-28T14:26:03.554+0300][56.127s][info][gc,stats    ] Concurrent Cleanup                   41 us
[2021-02-28T14:26:03.554+0300][56.127s][info][gc,stats    ] Concurrent Class Unloading        10070 us
[2021-02-28T14:26:03.554+0300][56.127s][info][gc,stats    ]   Unlink Stale                     1173 us
[2021-02-28T14:26:03.554+0300][56.127s][info][gc,stats    ]     System Dictionary                 7 us
[2021-02-28T14:26:03.554+0300][56.127s][info][gc,stats    ]     Weak Class Links                  0 us
[2021-02-28T14:26:03.554+0300][56.127s][info][gc,stats    ]     Code Roots                     1165 us
[2021-02-28T14:26:03.554+0300][56.127s][info][gc,stats    ]   Rendezvous                       8719 us
[2021-02-28T14:26:03.554+0300][56.127s][info][gc,stats    ]   Purge Unlinked                    129 us
[2021-02-28T14:26:03.554+0300][56.127s][info][gc,stats    ]     Code Roots                      129 us
[2021-02-28T14:26:03.554+0300][56.127s][info][gc,stats    ]     CLDG                              0 us
[2021-02-28T14:26:03.554+0300][56.127s][info][gc,stats    ]     Exception Caches                  0 us
[2021-02-28T14:26:03.554+0300][56.127s][info][gc,stats    ] Concurrent Strong Roots             233 us, parallelism: 0.43x
[2021-02-28T14:26:03.554+0300][56.127s][info][gc,stats    ] Rendezvous                          100 us
[2021-02-28T14:26:03.554+0300][56.127s][info][gc,stats    ]   CSR: Universe Roots                 3 us, workers (us):   3, ---, ---, 
[2021-02-28T14:26:03.554+0300][56.127s][info][gc,stats    ]   CSR: Resolved Table Roots           2 us, workers (us):   2, ---, ---, 
[2021-02-28T14:26:03.554+0300][56.127s][info][gc,stats    ]   CSR: Management Roots              95 us, workers (us):  95, ---, ---, 
[2021-02-28T14:26:03.554+0300][56.127s][info][gc,stats    ] Concurrent Evacuation             27964 us
[2021-02-28T14:26:03.554+0300][56.127s][info][gc,stats    ] Pause Init  Update Refs (G)        9947 us
[2021-02-28T14:26:03.554+0300][56.127s][info][gc,stats    ] Pause Init  Update Refs (N)          64 us
[2021-02-28T14:26:03.554+0300][56.127s][info][gc,stats    ]   Manage GCLABs                       2 us
[2021-02-28T14:26:03.554+0300][56.127s][info][gc,stats    ] Concurrent Update Refs           517723 us
[2021-02-28T14:26:03.554+0300][56.127s][info][gc,stats    ] Pause Final Update Refs (G)       11628 us
[2021-02-28T14:26:03.554+0300][56.127s][info][gc,stats    ] Pause Final Update Refs (N)         260 us
[2021-02-28T14:26:03.554+0300][56.127s][info][gc,stats    ]   Update Roots                       93 us, parallelism: 0.58x
[2021-02-28T14:26:03.554+0300][56.127s][info][gc,stats    ]     UR: <total>                      54 us
[2021-02-28T14:26:03.554+0300][56.127s][info][gc,stats    ]     UR: Thread Roots                 54 us, workers (us):  39,  14,   1, 
[2021-02-28T14:26:03.554+0300][56.127s][info][gc,stats    ]   Update Region States               86 us
[2021-02-28T14:26:03.554+0300][56.127s][info][gc,stats    ]   Trash Collection Set                3 us
[2021-02-28T14:26:03.554+0300][56.127s][info][gc,stats    ]   Rebuild Free Set                   11 us
[2021-02-28T14:26:03.554+0300][56.127s][info][gc,stats    ] Concurrent Cleanup                   73 us
[2021-02-28T14:26:03.554+0300][56.127s][info][gc,stats    ] 
[2021-02-28T14:26:03.554+0300][56.127s][info][gc,stats    ] Allocation pacing accrued:
[2021-02-28T14:26:03.554+0300][56.127s][info][gc,stats    ]       0 of  1857 ms (  0.0%): <total>
[2021-02-28T14:26:03.554+0300][56.127s][info][gc,stats    ]       0 of  1857 ms (  0.0%): <average total>
[2021-02-28T14:26:03.554+0300][56.127s][info][gc,stats    ] 
[2021-02-28T14:26:03.554+0300][56.127s][info][gc,metaspace] Metaspace: 7114K(7552K)->7120K(7552K) NonClass: 6349K(6656K)->6355K(6656K) Class: 765K(896K)->765K(896K)
[2021-02-28T14:26:03.554+0300][56.127s][info][gc,ergo     ] Pacer for Idle. Initial: 20971K, Alloc Tax Rate: 1.0x
[2021-02-28T14:26:03.556+0300][56.128s][info][gc          ] Trigger: Free (49048K) is below minimum threshold (102M)
[2021-02-28T14:26:03.556+0300][56.129s][info][gc,ergo     ] Free: 49048K, Max: 512K regular, 1536K humongous, Frag: 97% external, 1% internal; Reserve: 52736K, Max: 512K
[2021-02-28T14:26:03.556+0300][56.129s][info][gc,start    ] GC(15) Concurrent reset
[2021-02-28T14:26:03.556+0300][56.129s][info][gc,task     ] GC(15) Using 1 of 3 workers for concurrent reset
[2021-02-28T14:26:03.556+0300][56.129s][info][gc,ergo     ] GC(15) Pacer for Reset. Non-Taxable: 1024M
[2021-02-28T14:26:03.557+0300][56.130s][info][gc          ] GC(15) Concurrent reset 1.166ms
[2021-02-28T14:26:03.560+0300][56.133s][info][gc,start    ] GC(15) Pause Init Mark (process weakrefs) (unload classes)
[2021-02-28T14:26:03.560+0300][56.133s][info][gc,task     ] GC(15) Using 3 of 3 workers for init marking
[2021-02-28T14:26:03.560+0300][56.133s][info][gc,ergo     ] GC(15) Pacer for Mark. Expected Live: 922M, Free: 49048K, Non-Taxable: 4904K, Alloc Tax Rate: 23.5x
[2021-02-28T14:26:03.560+0300][56.133s][info][gc          ] GC(15) Pause Init Mark (process weakrefs) (unload classes) 0.257ms
[2021-02-28T14:26:03.560+0300][56.133s][info][gc,start    ] GC(15) Concurrent marking (process weakrefs) (unload classes)
[2021-02-28T14:26:03.560+0300][56.133s][info][gc,task     ] GC(15) Using 1 of 3 workers for concurrent marking
[2021-02-28T14:26:04.818+0300][57.391s][info][gc          ] GC(15) Concurrent marking (process weakrefs) (unload classes) 1257.564ms
[2021-02-28T14:26:04.818+0300][57.391s][info][gc,start    ] GC(15) Concurrent precleaning
[2021-02-28T14:26:04.818+0300][57.391s][info][gc,task     ] GC(15) Using 1 of 3 workers for concurrent preclean
[2021-02-28T14:26:04.818+0300][57.391s][info][gc,ergo     ] GC(15) Pacer for Precleaning. Non-Taxable: 1024M
[2021-02-28T14:26:04.818+0300][57.391s][info][gc          ] GC(15) Concurrent precleaning 0.177ms
[2021-02-28T14:26:04.833+0300][57.406s][info][gc,start    ] GC(15) Pause Final Mark (process weakrefs) (unload classes)
[2021-02-28T14:26:04.833+0300][57.406s][info][gc,task     ] GC(15) Using 3 of 3 workers for final marking
[2021-02-28T14:26:04.833+0300][57.406s][info][gc,ergo     ] GC(15) Adaptive CSet Selection. Target Free: 145M, Actual Free: 100864K, Max CSet: 43690K, Min Garbage: 47684K
[2021-02-28T14:26:04.833+0300][57.406s][info][gc,ergo     ] GC(15) Collectable Garbage: 1382K (63%), Immediate: 0B (0%), CSet: 1382K (63%)
[2021-02-28T14:26:04.833+0300][57.406s][info][gc,ergo     ] GC(15) Pacer for Evacuation. Used CSet: 44965K, Free: 48128K, Non-Taxable: 4812K, Alloc Tax Rate: 2.3x
[2021-02-28T14:26:04.833+0300][57.406s][info][gc          ] GC(15) Pause Final Mark (process weakrefs) (unload classes) 0.598ms
[2021-02-28T14:26:04.833+0300][57.406s][info][gc,start    ] GC(15) Concurrent weak roots
[2021-02-28T14:26:04.833+0300][57.406s][info][gc,task     ] GC(15) Using 1 of 3 workers for concurrent weak root
[2021-02-28T14:26:04.851+0300][57.423s][info][gc          ] GC(15) Concurrent weak roots 17.150ms
[2021-02-28T14:26:04.851+0300][57.424s][info][gc,start    ] GC(15) Concurrent cleanup
[2021-02-28T14:26:04.851+0300][57.424s][info][gc          ] GC(15) Concurrent cleanup 937M->937M(1024M) 0.027ms
[2021-02-28T14:26:04.851+0300][57.424s][info][gc,ergo     ] GC(15) Free: 48099K, Max: 512K regular, 1536K humongous, Frag: 97% external, 0% internal; Reserve: 39936K, Max: 512K
[2021-02-28T14:26:04.851+0300][57.424s][info][gc,start    ] GC(15) Concurrent class unloading
[2021-02-28T14:26:04.851+0300][57.424s][info][gc,task     ] GC(15) Using 1 of 3 workers for concurrent class unloading
[2021-02-28T14:26:04.861+0300][57.434s][info][gc          ] GC(15) Concurrent class unloading 10.055ms
[2021-02-28T14:26:04.861+0300][57.434s][info][gc,start    ] GC(15) Concurrent strong roots
[2021-02-28T14:26:04.861+0300][57.434s][info][gc,task     ] GC(15) Using 1 of 3 workers for concurrent strong root
[2021-02-28T14:26:04.861+0300][57.434s][info][gc          ] GC(15) Concurrent strong roots 0.204ms
[2021-02-28T14:26:04.861+0300][57.434s][info][gc,start    ] GC(15) Concurrent evacuation
[2021-02-28T14:26:04.861+0300][57.434s][info][gc,task     ] GC(15) Using 1 of 3 workers for concurrent evacuation
[2021-02-28T14:26:04.889+0300][57.462s][info][gc          ] GC(15) Concurrent evacuation 27.658ms
[2021-02-28T14:26:04.900+0300][57.473s][info][gc,start    ] GC(15) Pause Init Update Refs
[2021-02-28T14:26:04.900+0300][57.473s][info][gc,ergo     ] GC(15) Pacer for Update Refs. Used: 968M, Free: 48099K, Non-Taxable: 4809K, Alloc Tax Rate: 25.2x
[2021-02-28T14:26:04.900+0300][57.473s][info][gc          ] GC(15) Pause Init Update Refs 0.049ms
[2021-02-28T14:26:04.900+0300][57.473s][info][gc,start    ] GC(15) Concurrent update references
[2021-02-28T14:26:04.900+0300][57.473s][info][gc,task     ] GC(15) Using 1 of 3 workers for concurrent reference update
[2021-02-28T14:26:05.414+0300][57.987s][info][gc          ] GC(15) Concurrent update references 514.490ms
[2021-02-28T14:26:05.417+0300][57.990s][info][gc,start    ] GC(15) Pause Final Update Refs
[2021-02-28T14:26:05.417+0300][57.990s][info][gc,task     ] GC(15) Using 3 of 3 workers for final reference update
[2021-02-28T14:26:05.417+0300][57.990s][info][gc          ] GC(15) Pause Final Update Refs 0.274ms
[2021-02-28T14:26:05.417+0300][57.990s][info][gc,start    ] GC(15) Concurrent cleanup
[2021-02-28T14:26:05.417+0300][57.990s][info][gc          ] GC(15) Concurrent cleanup 967M->924M(1024M) 0.054ms
[2021-02-28T14:26:05.417+0300][57.990s][info][gc,ergo     ] Free: 49097K, Max: 512K regular, 1536K humongous, Frag: 97% external, 0% internal; Reserve: 52736K, Max: 512K
[2021-02-28T14:26:05.417+0300][57.990s][info][gc,stats    ] 
[2021-02-28T14:26:05.417+0300][57.990s][info][gc,stats    ] All times are wall-clock times, except per-root-class counters, that are sum over
[2021-02-28T14:26:05.417+0300][57.990s][info][gc,stats    ] all workers. Dividing the <total> over the root stage time estimates parallelism.
[2021-02-28T14:26:05.417+0300][57.990s][info][gc,stats    ] 
[2021-02-28T14:26:05.417+0300][57.990s][info][gc,stats    ] Concurrent Reset                   1222 us
[2021-02-28T14:26:05.417+0300][57.990s][info][gc,stats    ] Pause Init Mark (G)                3282 us
[2021-02-28T14:26:05.417+0300][57.990s][info][gc,stats    ] Pause Init Mark (N)                 273 us
[2021-02-28T14:26:05.417+0300][57.990s][info][gc,stats    ]   Manage TLABs                        3 us
[2021-02-28T14:26:05.417+0300][57.990s][info][gc,stats    ]   Update Region States               86 us
[2021-02-28T14:26:05.417+0300][57.990s][info][gc,stats    ]   Scan Roots                         97 us, parallelism: 0.69x
[2021-02-28T14:26:05.417+0300][57.990s][info][gc,stats    ]     S: <total>                       67 us
[2021-02-28T14:26:05.417+0300][57.990s][info][gc,stats    ]     S: Thread Roots                  64 us, workers (us):  46,  16,   1, 
[2021-02-28T14:26:05.417+0300][57.990s][info][gc,stats    ]     S: Universe Roots                 2 us, workers (us):   2, ---, ---, 
[2021-02-28T14:26:05.417+0300][57.990s][info][gc,stats    ]     S: Synchronizer Roots             0 us, workers (us):   0, ---, ---, 
[2021-02-28T14:26:05.417+0300][57.990s][info][gc,stats    ]     S: Management Roots               1 us, workers (us):   1, ---, ---, 
[2021-02-28T14:26:05.417+0300][57.990s][info][gc,stats    ]     S: JVMTI Roots                    0 us, workers (us):   0, ---, ---, 
[2021-02-28T14:26:05.417+0300][57.990s][info][gc,stats    ] Concurrent Marking              1257598 us
[2021-02-28T14:26:05.417+0300][57.990s][info][gc,stats    ]   Roots                             155 us, parallelism: 0.45x
[2021-02-28T14:26:05.418+0300][57.990s][info][gc,stats    ]     CM: <total>                      69 us
[2021-02-28T14:26:05.418+0300][57.990s][info][gc,stats    ]     CM: JNI Handles Roots             2 us, workers (us):   2, ---, ---, 
[2021-02-28T14:26:05.418+0300][57.990s][info][gc,stats    ]     CM: VM Global Roots               2 us, workers (us):   2, ---, ---, 
[2021-02-28T14:26:05.418+0300][57.990s][info][gc,stats    ]     CM: CLDG Roots                   65 us, workers (us):  65, ---, ---, 
[2021-02-28T14:26:05.418+0300][57.990s][info][gc,stats    ] Concurrent Precleaning              199 us
[2021-02-28T14:26:05.418+0300][57.990s][info][gc,stats    ] Pause Final Mark (G)              15469 us
[2021-02-28T14:26:05.418+0300][57.991s][info][gc,stats    ] Pause Final Mark (N)                612 us
[2021-02-28T14:26:05.418+0300][57.991s][info][gc,stats    ]   Finish Queues                      91 us
[2021-02-28T14:26:05.418+0300][57.991s][info][gc,stats    ]   Weak References                    21 us
[2021-02-28T14:26:05.418+0300][57.991s][info][gc,stats    ]     Process                          17 us
[2021-02-28T14:26:05.418+0300][57.991s][info][gc,stats    ]   System Purge                       82 us
[2021-02-28T14:26:05.418+0300][57.991s][info][gc,stats    ]     Weak Roots                       82 us, parallelism: 0.01x
[2021-02-28T14:26:05.418+0300][57.991s][info][gc,stats    ]       WR: <total>                     1 us
[2021-02-28T14:26:05.418+0300][57.991s][info][gc,stats    ]       WR: JVMTI Weak Roots            0 us, workers (us):   0, ---, ---, 
[2021-02-28T14:26:05.418+0300][57.991s][info][gc,stats    ]       WR: JFR Weak Roots              0 us, workers (us):   0, ---, ---, 
[2021-02-28T14:26:05.418+0300][57.991s][info][gc,stats    ]   Update Region States               83 us
[2021-02-28T14:26:05.418+0300][57.991s][info][gc,stats    ]   Manage GC/TLABs                     4 us
[2021-02-28T14:26:05.418+0300][57.991s][info][gc,stats    ]   Choose Collection Set             131 us
[2021-02-28T14:26:05.418+0300][57.991s][info][gc,stats    ]   Rebuild Free Set                   10 us
[2021-02-28T14:26:05.418+0300][57.991s][info][gc,stats    ]   Initial Evacuation                136 us, parallelism: 0.73x
[2021-02-28T14:26:05.418+0300][57.991s][info][gc,stats    ]     E: <total>                      100 us
[2021-02-28T14:26:05.418+0300][57.991s][info][gc,stats    ]     E: Thread Roots                  93 us, workers (us):  36,  42,  16, 
[2021-02-28T14:26:05.418+0300][57.991s][info][gc,stats    ]     E: Universe Roots                 4 us, workers (us):   4, ---, ---, 
[2021-02-28T14:26:05.418+0300][57.991s][info][gc,stats    ]     E: JVMTI Weak Roots               0 us, workers (us): ---,   0, ---, 
[2021-02-28T14:26:05.418+0300][57.991s][info][gc,stats    ]     E: JFR Weak Roots                 0 us, workers (us): ---,   0, ---, 
[2021-02-28T14:26:05.418+0300][57.991s][info][gc,stats    ]     E: Synchronizer Roots             0 us, workers (us): ---,   0, ---, 
[2021-02-28T14:26:05.418+0300][57.991s][info][gc,stats    ]     E: Management Roots               2 us, workers (us): ---,   2, ---, 
[2021-02-28T14:26:05.418+0300][57.991s][info][gc,stats    ]     E: JVMTI Roots                    0 us, workers (us):   0, ---, ---, 
[2021-02-28T14:26:05.418+0300][57.991s][info][gc,stats    ] Concurrent Weak Roots             17191 us
[2021-02-28T14:26:05.418+0300][57.991s][info][gc,stats    ]   Roots                             447 us, parallelism: 0.39x
[2021-02-28T14:26:05.418+0300][57.991s][info][gc,stats    ]     CWR: <total>                    175 us
[2021-02-28T14:26:05.418+0300][57.991s][info][gc,stats    ]     CWR: JNI Weak Roots               0 us, workers (us):   0, ---, ---, 
[2021-02-28T14:26:05.418+0300][57.991s][info][gc,stats    ]     CWR: String Table Roots         152 us, workers (us): 152, ---, ---, 
[2021-02-28T14:26:05.418+0300][57.991s][info][gc,stats    ]     CWR: Resolved Table Roots        11 us, workers (us):  11, ---, ---, 
[2021-02-28T14:26:05.418+0300][57.991s][info][gc,stats    ]     CWR: VM Weak Roots                7 us, workers (us):   7, ---, ---, 
[2021-02-28T14:26:05.418+0300][57.991s][info][gc,stats    ]     CWR: CLDG Roots                   4 us, workers (us):   4, ---, ---, 
[2021-02-28T14:26:05.418+0300][57.991s][info][gc,stats    ]   Rendezvous                      16650 us
[2021-02-28T14:26:05.418+0300][57.991s][info][gc,stats    ] Concurrent Cleanup                   41 us
[2021-02-28T14:26:05.418+0300][57.991s][info][gc,stats    ] Concurrent Class Unloading        10080 us
[2021-02-28T14:26:05.418+0300][57.991s][info][gc,stats    ]   Unlink Stale                     1164 us
[2021-02-28T14:26:05.418+0300][57.991s][info][gc,stats    ]     System Dictionary                 7 us
[2021-02-28T14:26:05.418+0300][57.991s][info][gc,stats    ]     Weak Class Links                  0 us
[2021-02-28T14:26:05.418+0300][57.991s][info][gc,stats    ]     Code Roots                     1156 us
[2021-02-28T14:26:05.418+0300][57.991s][info][gc,stats    ]   Rendezvous                       8724 us
[2021-02-28T14:26:05.418+0300][57.991s][info][gc,stats    ]   Purge Unlinked                    143 us
[2021-02-28T14:26:05.418+0300][57.991s][info][gc,stats    ]     Code Roots                      142 us
[2021-02-28T14:26:05.418+0300][57.991s][info][gc,stats    ]     CLDG                              0 us
[2021-02-28T14:26:05.418+0300][57.991s][info][gc,stats    ]     Exception Caches                  0 us
[2021-02-28T14:26:05.418+0300][57.991s][info][gc,stats    ] Concurrent Strong Roots             226 us, parallelism: 0.44x
[2021-02-28T14:26:05.418+0300][57.991s][info][gc,stats    ] Rendezvous                           99 us
[2021-02-28T14:26:05.418+0300][57.991s][info][gc,stats    ]   CSR: Universe Roots                 3 us, workers (us):   3, ---, ---, 
[2021-02-28T14:26:05.418+0300][57.991s][info][gc,stats    ]   CSR: Resolved Table Roots           2 us, workers (us):   2, ---, ---, 
[2021-02-28T14:26:05.418+0300][57.991s][info][gc,stats    ]   CSR: Management Roots              94 us, workers (us):  94, ---, ---, 
[2021-02-28T14:26:05.418+0300][57.991s][info][gc,stats    ] Concurrent Evacuation             27696 us
[2021-02-28T14:26:05.418+0300][57.991s][info][gc,stats    ] Pause Init  Update Refs (G)       11113 us
[2021-02-28T14:26:05.418+0300][57.991s][info][gc,stats    ] Pause Init  Update Refs (N)          61 us
[2021-02-28T14:26:05.418+0300][57.991s][info][gc,stats    ]   Manage GCLABs                       2 us
[2021-02-28T14:26:05.418+0300][57.991s][info][gc,stats    ] Concurrent Update Refs           514532 us
[2021-02-28T14:26:05.418+0300][57.991s][info][gc,stats    ] Pause Final Update Refs (G)        2834 us
[2021-02-28T14:26:05.418+0300][57.991s][info][gc,stats    ] Pause Final Update Refs (N)         296 us
[2021-02-28T14:26:05.418+0300][57.991s][info][gc,stats    ]   Update Roots                      115 us, parallelism: 0.54x
[2021-02-28T14:26:05.418+0300][57.991s][info][gc,stats    ]     UR: <total>                      62 us
[2021-02-28T14:26:05.418+0300][57.991s][info][gc,stats    ]     UR: Thread Roots                 62 us, workers (us):  16,  25,  21, 
[2021-02-28T14:26:05.418+0300][57.991s][info][gc,stats    ]   Update Region States               98 us
[2021-02-28T14:26:05.418+0300][57.991s][info][gc,stats    ]   Trash Collection Set                3 us
[2021-02-28T14:26:05.418+0300][57.991s][info][gc,stats    ]   Rebuild Free Set                   11 us
[2021-02-28T14:26:05.418+0300][57.991s][info][gc,stats    ] Concurrent Cleanup                   69 us
[2021-02-28T14:26:05.418+0300][57.991s][info][gc,stats    ] 
[2021-02-28T14:26:05.418+0300][57.991s][info][gc,stats    ] Allocation pacing accrued:
[2021-02-28T14:26:05.418+0300][57.991s][info][gc,stats    ]       0 of  1864 ms (  0.0%): <total>
[2021-02-28T14:26:05.418+0300][57.991s][info][gc,stats    ]       0 of  1864 ms (  0.0%): <average total>
[2021-02-28T14:26:05.418+0300][57.991s][info][gc,stats    ] 
[2021-02-28T14:26:05.418+0300][57.991s][info][gc,metaspace] Metaspace: 7120K(7552K)->7143K(7552K) NonClass: 6355K(6656K)->6378K(6656K) Class: 765K(896K)->765K(896K)
[2021-02-28T14:26:05.418+0300][57.991s][info][gc,ergo     ] Pacer for Idle. Initial: 20971K, Alloc Tax Rate: 1.0x
[2021-02-28T14:26:05.420+0300][57.993s][info][gc          ] Trigger: Free (49050K) is below minimum threshold (102M)
[2021-02-28T14:26:05.420+0300][57.993s][info][gc,ergo     ] Free: 49050K, Max: 512K regular, 1536K humongous, Frag: 97% external, 0% internal; Reserve: 52736K, Max: 512K
[2021-02-28T14:26:05.420+0300][57.993s][info][gc,start    ] GC(16) Concurrent reset
[2021-02-28T14:26:05.420+0300][57.993s][info][gc,task     ] GC(16) Using 1 of 3 workers for concurrent reset
[2021-02-28T14:26:05.420+0300][57.993s][info][gc,ergo     ] GC(16) Pacer for Reset. Non-Taxable: 1024M
[2021-02-28T14:26:05.421+0300][57.994s][info][gc          ] GC(16) Concurrent reset 1.189ms
[2021-02-28T14:26:05.424+0300][57.997s][info][gc,start    ] GC(16) Pause Init Mark (unload classes)
[2021-02-28T14:26:05.424+0300][57.997s][info][gc,task     ] GC(16) Using 3 of 3 workers for init marking
[2021-02-28T14:26:05.424+0300][57.997s][info][gc,ergo     ] GC(16) Pacer for Mark. Expected Live: 922M, Free: 49050K, Non-Taxable: 4905K, Alloc Tax Rate: 23.5x
[2021-02-28T14:26:05.424+0300][57.997s][info][gc          ] GC(16) Pause Init Mark (unload classes) 0.285ms
[2021-02-28T14:26:05.424+0300][57.997s][info][gc,start    ] GC(16) Concurrent marking (unload classes)
[2021-02-28T14:26:05.424+0300][57.997s][info][gc,task     ] GC(16) Using 1 of 3 workers for concurrent marking
[2021-02-28T14:26:06.663+0300][59.236s][info][gc          ] GC(16) Concurrent marking (unload classes) 1238.839ms
[2021-02-28T14:26:06.679+0300][59.252s][info][gc,start    ] GC(16) Pause Final Mark (unload classes)
[2021-02-28T14:26:06.679+0300][59.252s][info][gc,task     ] GC(16) Using 3 of 3 workers for final marking
[2021-02-28T14:26:06.679+0300][59.252s][info][gc,ergo     ] GC(16) Adaptive CSet Selection. Target Free: 145M, Actual Free: 100864K, Max CSet: 43690K, Min Garbage: 47684K
[2021-02-28T14:26:06.679+0300][59.252s][info][gc,ergo     ] GC(16) Collectable Garbage: 1447K (67%), Immediate: 0B (0%), CSet: 1447K (67%)
[2021-02-28T14:26:06.679+0300][59.252s][info][gc,ergo     ] GC(16) Pacer for Evacuation. Used CSet: 44809K, Free: 48128K, Non-Taxable: 4812K, Alloc Tax Rate: 2.3x
[2021-02-28T14:26:06.679+0300][59.252s][info][gc          ] GC(16) Pause Final Mark (unload classes) 0.685ms
[2021-02-28T14:26:06.680+0300][59.252s][info][gc,start    ] GC(16) Concurrent weak roots
[2021-02-28T14:26:06.680+0300][59.253s][info][gc,task     ] GC(16) Using 1 of 3 workers for concurrent weak root
[2021-02-28T14:26:06.697+0300][59.270s][info][gc          ] GC(16) Concurrent weak roots 17.044ms
[2021-02-28T14:26:06.697+0300][59.270s][info][gc,start    ] GC(16) Concurrent cleanup
[2021-02-28T14:26:06.697+0300][59.270s][info][gc          ] GC(16) Concurrent cleanup 936M->936M(1024M) 0.027ms
[2021-02-28T14:26:06.697+0300][59.270s][info][gc,ergo     ] GC(16) Free: 48099K, Max: 512K regular, 1536K humongous, Frag: 97% external, 0% internal; Reserve: 39936K, Max: 512K
[2021-02-28T14:26:06.697+0300][59.270s][info][gc,start    ] GC(16) Concurrent class unloading
[2021-02-28T14:26:06.697+0300][59.270s][info][gc,task     ] GC(16) Using 1 of 3 workers for concurrent class unloading
[2021-02-28T14:26:06.707+0300][59.280s][info][gc          ] GC(16) Concurrent class unloading 10.038ms
[2021-02-28T14:26:06.707+0300][59.280s][info][gc,start    ] GC(16) Concurrent strong roots
[2021-02-28T14:26:06.707+0300][59.280s][info][gc,task     ] GC(16) Using 1 of 3 workers for concurrent strong root
[2021-02-28T14:26:06.707+0300][59.280s][info][gc          ] GC(16) Concurrent strong roots 0.180ms
[2021-02-28T14:26:06.707+0300][59.280s][info][gc,start    ] GC(16) Concurrent evacuation
[2021-02-28T14:26:06.707+0300][59.280s][info][gc,task     ] GC(16) Using 1 of 3 workers for concurrent evacuation
[2021-02-28T14:26:06.735+0300][59.308s][info][gc          ] GC(16) Concurrent evacuation 28.284ms
[2021-02-28T14:26:06.736+0300][59.309s][info][gc,start    ] GC(16) Pause Init Update Refs
[2021-02-28T14:26:06.736+0300][59.309s][info][gc,ergo     ] GC(16) Pacer for Update Refs. Used: 967M, Free: 48069K, Non-Taxable: 4806K, Alloc Tax Rate: 25.2x
[2021-02-28T14:26:06.736+0300][59.309s][info][gc          ] GC(16) Pause Init Update Refs 0.042ms
[2021-02-28T14:26:06.736+0300][59.309s][info][gc,start    ] GC(16) Concurrent update references
[2021-02-28T14:26:06.736+0300][59.309s][info][gc,task     ] GC(16) Using 1 of 3 workers for concurrent reference update
[2021-02-28T14:26:07.258+0300][59.831s][info][gc          ] GC(16) Concurrent update references 522.043ms
[2021-02-28T14:26:07.269+0300][59.842s][info][gc,start    ] GC(16) Pause Final Update Refs
[2021-02-28T14:26:07.269+0300][59.842s][info][gc,task     ] GC(16) Using 3 of 3 workers for final reference update
[2021-02-28T14:26:07.269+0300][59.842s][info][gc          ] GC(16) Pause Final Update Refs 0.242ms
[2021-02-28T14:26:07.269+0300][59.842s][info][gc,start    ] GC(16) Concurrent cleanup
[2021-02-28T14:26:07.269+0300][59.842s][info][gc          ] GC(16) Concurrent cleanup 967M->923M(1024M) 0.051ms
[2021-02-28T14:26:07.269+0300][59.842s][info][gc,ergo     ] Free: 49470K, Max: 512K regular, 2048K humongous, Frag: 96% external, 1% internal; Reserve: 52736K, Max: 512K
[2021-02-28T14:26:07.269+0300][59.842s][info][gc,stats    ] 
[2021-02-28T14:26:07.269+0300][59.842s][info][gc,stats    ] All times are wall-clock times, except per-root-class counters, that are sum over
[2021-02-28T14:26:07.269+0300][59.842s][info][gc,stats    ] all workers. Dividing the <total> over the root stage time estimates parallelism.
[2021-02-28T14:26:07.269+0300][59.842s][info][gc,stats    ] 
[2021-02-28T14:26:07.269+0300][59.842s][info][gc,stats    ] Concurrent Reset                   1239 us
[2021-02-28T14:26:07.269+0300][59.842s][info][gc,stats    ] Pause Init Mark (G)                3262 us
[2021-02-28T14:26:07.269+0300][59.842s][info][gc,stats    ] Pause Init Mark (N)                 303 us
[2021-02-28T14:26:07.269+0300][59.842s][info][gc,stats    ]   Manage TLABs                        3 us
[2021-02-28T14:26:07.269+0300][59.842s][info][gc,stats    ]   Update Region States               93 us
[2021-02-28T14:26:07.269+0300][59.842s][info][gc,stats    ]   Scan Roots                        124 us, parallelism: 0.63x
[2021-02-28T14:26:07.269+0300][59.842s][info][gc,stats    ]     S: <total>                       78 us
[2021-02-28T14:26:07.269+0300][59.842s][info][gc,stats    ]     S: Thread Roots                  74 us, workers (us):  27,  21,  26, 
[2021-02-28T14:26:07.269+0300][59.842s][info][gc,stats    ]     S: Universe Roots                 2 us, workers (us):   2, ---, ---, 
[2021-02-28T14:26:07.269+0300][59.842s][info][gc,stats    ]     S: Synchronizer Roots             0 us, workers (us):   0, ---, ---, 
[2021-02-28T14:26:07.269+0300][59.842s][info][gc,stats    ]     S: Management Roots               1 us, workers (us):   1, ---, ---, 
[2021-02-28T14:26:07.269+0300][59.842s][info][gc,stats    ]     S: JVMTI Roots                    0 us, workers (us):   0, ---, ---, 
[2021-02-28T14:26:07.269+0300][59.842s][info][gc,stats    ] Concurrent Marking              1238882 us
[2021-02-28T14:26:07.269+0300][59.842s][info][gc,stats    ]   Roots                             158 us, parallelism: 0.43x
[2021-02-28T14:26:07.269+0300][59.842s][info][gc,stats    ]     CM: <total>                      68 us
[2021-02-28T14:26:07.269+0300][59.842s][info][gc,stats    ]     CM: JNI Handles Roots             2 us, workers (us):   2, ---, ---, 
[2021-02-28T14:26:07.269+0300][59.842s][info][gc,stats    ]     CM: VM Global Roots               2 us, workers (us):   2, ---, ---, 
[2021-02-28T14:26:07.269+0300][59.842s][info][gc,stats    ]     CM: CLDG Roots                   64 us, workers (us):  64, ---, ---, 
[2021-02-28T14:26:07.269+0300][59.842s][info][gc,stats    ] Pause Final Mark (G)              16506 us
[2021-02-28T14:26:07.269+0300][59.842s][info][gc,stats    ] Pause Final Mark (N)                699 us
[2021-02-28T14:26:07.270+0300][59.842s][info][gc,stats    ]   Finish Queues                     143 us
[2021-02-28T14:26:07.270+0300][59.842s][info][gc,stats    ]   System Purge                       99 us
[2021-02-28T14:26:07.270+0300][59.842s][info][gc,stats    ]     Weak Roots                       99 us, parallelism: 0.01x
[2021-02-28T14:26:07.270+0300][59.842s][info][gc,stats    ]       WR: <total>                     1 us
[2021-02-28T14:26:07.270+0300][59.842s][info][gc,stats    ]       WR: JVMTI Weak Roots            0 us, workers (us):   0, ---, ---, 
[2021-02-28T14:26:07.270+0300][59.842s][info][gc,stats    ]       WR: JFR Weak Roots              0 us, workers (us):   0, ---, ---, 
[2021-02-28T14:26:07.270+0300][59.842s][info][gc,stats    ]   Update Region States               96 us
[2021-02-28T14:26:07.270+0300][59.843s][info][gc,stats    ]   Manage GC/TLABs                     3 us
[2021-02-28T14:26:07.270+0300][59.843s][info][gc,stats    ]   Choose Collection Set             129 us
[2021-02-28T14:26:07.270+0300][59.843s][info][gc,stats    ]   Rebuild Free Set                   11 us
[2021-02-28T14:26:07.270+0300][59.843s][info][gc,stats    ]   Initial Evacuation                147 us, parallelism: 0.72x
[2021-02-28T14:26:07.270+0300][59.843s][info][gc,stats    ]     E: <total>                      106 us
[2021-02-28T14:26:07.270+0300][59.843s][info][gc,stats    ]     E: Thread Roots                  99 us, workers (us):  51,  30,  17, 
[2021-02-28T14:26:07.270+0300][59.843s][info][gc,stats    ]     E: Universe Roots                 4 us, workers (us):   4, ---, ---, 
[2021-02-28T14:26:07.270+0300][59.843s][info][gc,stats    ]     E: JVMTI Weak Roots               0 us, workers (us):   0, ---, ---, 
[2021-02-28T14:26:07.270+0300][59.843s][info][gc,stats    ]     E: JFR Weak Roots                 0 us, workers (us):   0, ---, ---, 
[2021-02-28T14:26:07.270+0300][59.843s][info][gc,stats    ]     E: Synchronizer Roots             0 us, workers (us):   0, ---, ---, 
[2021-02-28T14:26:07.270+0300][59.843s][info][gc,stats    ]     E: Management Roots               2 us, workers (us):   2, ---, ---, 
[2021-02-28T14:26:07.270+0300][59.843s][info][gc,stats    ]     E: JVMTI Roots                    0 us, workers (us):   0, ---, ---, 
[2021-02-28T14:26:07.270+0300][59.843s][info][gc,stats    ] Concurrent Weak Roots             17071 us
[2021-02-28T14:26:07.270+0300][59.843s][info][gc,stats    ]   Roots                             454 us, parallelism: 0.39x
[2021-02-28T14:26:07.270+0300][59.843s][info][gc,stats    ]     CWR: <total>                    175 us
[2021-02-28T14:26:07.270+0300][59.843s][info][gc,stats    ]     CWR: JNI Weak Roots               0 us, workers (us):   0, ---, ---, 
[2021-02-28T14:26:07.270+0300][59.843s][info][gc,stats    ]     CWR: String Table Roots         153 us, workers (us): 153, ---, ---, 
[2021-02-28T14:26:07.270+0300][59.843s][info][gc,stats    ]     CWR: Resolved Table Roots        11 us, workers (us):  11, ---, ---, 
[2021-02-28T14:26:07.270+0300][59.843s][info][gc,stats    ]     CWR: VM Weak Roots                7 us, workers (us):   7, ---, ---, 
[2021-02-28T14:26:07.270+0300][59.843s][info][gc,stats    ]     CWR: CLDG Roots                   3 us, workers (us):   3, ---, ---, 
[2021-02-28T14:26:07.270+0300][59.843s][info][gc,stats    ]   Rendezvous                      16538 us
[2021-02-28T14:26:07.270+0300][59.843s][info][gc,stats    ] Concurrent Cleanup                   40 us
[2021-02-28T14:26:07.270+0300][59.843s][info][gc,stats    ] Concurrent Class Unloading        10072 us
[2021-02-28T14:26:07.270+0300][59.843s][info][gc,stats    ]   Unlink Stale                     1193 us
[2021-02-28T14:26:07.270+0300][59.843s][info][gc,stats    ]     System Dictionary                 6 us
[2021-02-28T14:26:07.270+0300][59.843s][info][gc,stats    ]     Weak Class Links                  0 us
[2021-02-28T14:26:07.270+0300][59.843s][info][gc,stats    ]     Code Roots                     1186 us
[2021-02-28T14:26:07.270+0300][59.843s][info][gc,stats    ]   Rendezvous                       8698 us
[2021-02-28T14:26:07.270+0300][59.843s][info][gc,stats    ]   Purge Unlinked                    122 us
[2021-02-28T14:26:07.270+0300][59.843s][info][gc,stats    ]     Code Roots                      121 us
[2021-02-28T14:26:07.270+0300][59.843s][info][gc,stats    ]     CLDG                              0 us
[2021-02-28T14:26:07.270+0300][59.843s][info][gc,stats    ]     Exception Caches                  0 us
[2021-02-28T14:26:07.270+0300][59.843s][info][gc,stats    ] Concurrent Strong Roots             220 us, parallelism: 0.45x
[2021-02-28T14:26:07.270+0300][59.843s][info][gc,stats    ] Rendezvous                          100 us
[2021-02-28T14:26:07.270+0300][59.843s][info][gc,stats    ]   CSR: Universe Roots                 3 us, workers (us):   3, ---, ---, 
[2021-02-28T14:26:07.270+0300][59.843s][info][gc,stats    ]   CSR: Resolved Table Roots           2 us, workers (us):   2, ---, ---, 
[2021-02-28T14:26:07.270+0300][59.843s][info][gc,stats    ]   CSR: Management Roots              95 us, workers (us):  95, ---, ---, 
[2021-02-28T14:26:07.270+0300][59.843s][info][gc,stats    ] Concurrent Evacuation             28334 us
[2021-02-28T14:26:07.270+0300][59.843s][info][gc,stats    ] Pause Init  Update Refs (G)         920 us
[2021-02-28T14:26:07.270+0300][59.843s][info][gc,stats    ] Pause Init  Update Refs (N)          54 us
[2021-02-28T14:26:07.270+0300][59.843s][info][gc,stats    ]   Manage GCLABs                       2 us
[2021-02-28T14:26:07.270+0300][59.843s][info][gc,stats    ] Concurrent Update Refs           522081 us
[2021-02-28T14:26:07.270+0300][59.843s][info][gc,stats    ] Pause Final Update Refs (G)       10729 us
[2021-02-28T14:26:07.270+0300][59.843s][info][gc,stats    ] Pause Final Update Refs (N)         266 us
[2021-02-28T14:26:07.270+0300][59.843s][info][gc,stats    ]   Update Roots                      103 us, parallelism: 0.52x
[2021-02-28T14:26:07.270+0300][59.843s][info][gc,stats    ]     UR: <total>                      53 us
[2021-02-28T14:26:07.270+0300][59.843s][info][gc,stats    ]     UR: Thread Roots                 53 us, workers (us):  43,  10,   1, 
[2021-02-28T14:26:07.270+0300][59.843s][info][gc,stats    ]   Update Region States               78 us
[2021-02-28T14:26:07.270+0300][59.843s][info][gc,stats    ]   Trash Collection Set                4 us
[2021-02-28T14:26:07.270+0300][59.843s][info][gc,stats    ]   Rebuild Free Set                   11 us
[2021-02-28T14:26:07.270+0300][59.843s][info][gc,stats    ] Concurrent Cleanup                   65 us
[2021-02-28T14:26:07.270+0300][59.843s][info][gc,stats    ] 
[2021-02-28T14:26:07.270+0300][59.843s][info][gc,stats    ] Allocation pacing accrued:
[2021-02-28T14:26:07.270+0300][59.843s][info][gc,stats    ]       0 of  1852 ms (  0.0%): <total>
[2021-02-28T14:26:07.270+0300][59.843s][info][gc,stats    ]       0 of  1852 ms (  0.0%): <average total>
[2021-02-28T14:26:07.270+0300][59.843s][info][gc,stats    ] 
[2021-02-28T14:26:07.270+0300][59.843s][info][gc,metaspace] Metaspace: 7143K(7552K)->7153K(7552K) NonClass: 6378K(6656K)->6388K(6656K) Class: 765K(896K)->765K(896K)
[2021-02-28T14:26:07.270+0300][59.843s][info][gc,ergo     ] Pacer for Idle. Initial: 20971K, Alloc Tax Rate: 1.0x
[2021-02-28T14:26:07.272+0300][59.844s][info][gc          ] Trigger: Free (49426K) is below minimum threshold (102M)
[2021-02-28T14:26:07.272+0300][59.844s][info][gc,ergo     ] Free: 49426K, Max: 512K regular, 2048K humongous, Frag: 96% external, 1% internal; Reserve: 52736K, Max: 512K
[2021-02-28T14:26:07.272+0300][59.845s][info][gc,start    ] GC(17) Concurrent reset
[2021-02-28T14:26:07.272+0300][59.845s][info][gc,task     ] GC(17) Using 1 of 3 workers for concurrent reset
[2021-02-28T14:26:07.272+0300][59.845s][info][gc,ergo     ] GC(17) Pacer for Reset. Non-Taxable: 1024M
[2021-02-28T14:26:07.273+0300][59.846s][info][gc          ] GC(17) Concurrent reset 1.043ms
[2021-02-28T14:26:07.273+0300][59.846s][info][gc,start    ] GC(17) Pause Init Mark (unload classes)
[2021-02-28T14:26:07.273+0300][59.846s][info][gc,task     ] GC(17) Using 3 of 3 workers for init marking
[2021-02-28T14:26:07.273+0300][59.846s][info][gc,ergo     ] GC(17) Pacer for Mark. Expected Live: 922M, Free: 49426K, Non-Taxable: 4942K, Alloc Tax Rate: 23.4x
[2021-02-28T14:26:07.273+0300][59.846s][info][gc          ] GC(17) Pause Init Mark (unload classes) 0.240ms
[2021-02-28T14:26:07.273+0300][59.846s][info][gc,start    ] GC(17) Concurrent marking (unload classes)
[2021-02-28T14:26:07.273+0300][59.846s][info][gc,task     ] GC(17) Using 1 of 3 workers for concurrent marking
[2021-02-28T14:26:08.505+0300][61.078s][info][gc          ] GC(17) Concurrent marking (unload classes) 1231.983ms
[2021-02-28T14:26:08.514+0300][61.087s][info][gc,start    ] GC(17) Pause Final Mark (unload classes)
[2021-02-28T14:26:08.514+0300][61.087s][info][gc,task     ] GC(17) Using 3 of 3 workers for final marking
[2021-02-28T14:26:08.514+0300][61.087s][info][gc,ergo     ] GC(17) Adaptive CSet Selection. Target Free: 145M, Actual Free: 101376K, Max CSet: 43690K, Min Garbage: 47172K
[2021-02-28T14:26:08.514+0300][61.087s][info][gc,ergo     ] GC(17) Collectable Garbage: 1139K (64%), Immediate: 0B (0%), CSet: 1139K (64%)
[2021-02-28T14:26:08.514+0300][61.087s][info][gc,ergo     ] GC(17) Pacer for Evacuation. Used CSet: 44436K, Free: 48640K, Non-Taxable: 4864K, Alloc Tax Rate: 2.2x
[2021-02-28T14:26:08.514+0300][61.087s][info][gc          ] GC(17) Pause Final Mark (unload classes) 0.780ms
[2021-02-28T14:26:08.515+0300][61.087s][info][gc,start    ] GC(17) Concurrent weak roots
[2021-02-28T14:26:08.515+0300][61.088s][info][gc,task     ] GC(17) Using 1 of 3 workers for concurrent weak root
[2021-02-28T14:26:08.532+0300][61.104s][info][gc          ] GC(17) Concurrent weak roots 16.990ms
[2021-02-28T14:26:08.532+0300][61.105s][info][gc,start    ] GC(17) Concurrent cleanup
[2021-02-28T14:26:08.532+0300][61.105s][info][gc          ] GC(17) Concurrent cleanup 936M->936M(1024M) 0.029ms
[2021-02-28T14:26:08.532+0300][61.105s][info][gc,ergo     ] GC(17) Free: 48611K, Max: 512K regular, 2048K humongous, Frag: 96% external, 0% internal; Reserve: 39936K, Max: 512K
[2021-02-28T14:26:08.532+0300][61.105s][info][gc,start    ] GC(17) Concurrent class unloading
[2021-02-28T14:26:08.532+0300][61.105s][info][gc,task     ] GC(17) Using 1 of 3 workers for concurrent class unloading
[2021-02-28T14:26:08.542+0300][61.115s][info][gc          ] GC(17) Concurrent class unloading 10.073ms
[2021-02-28T14:26:08.542+0300][61.115s][info][gc,start    ] GC(17) Concurrent strong roots
[2021-02-28T14:26:08.542+0300][61.115s][info][gc,task     ] GC(17) Using 1 of 3 workers for concurrent strong root
[2021-02-28T14:26:08.542+0300][61.115s][info][gc          ] GC(17) Concurrent strong roots 0.183ms
[2021-02-28T14:26:08.542+0300][61.115s][info][gc,start    ] GC(17) Concurrent evacuation
[2021-02-28T14:26:08.542+0300][61.115s][info][gc,task     ] GC(17) Using 1 of 3 workers for concurrent evacuation
[2021-02-28T14:26:08.570+0300][61.143s][info][gc          ] GC(17) Concurrent evacuation 27.813ms
[2021-02-28T14:26:08.570+0300][61.143s][info][gc,start    ] GC(17) Pause Init Update Refs
[2021-02-28T14:26:08.570+0300][61.143s][info][gc,ergo     ] GC(17) Pacer for Update Refs. Used: 967M, Free: 48611K, Non-Taxable: 4861K, Alloc Tax Rate: 24.9x
[2021-02-28T14:26:08.570+0300][61.143s][info][gc          ] GC(17) Pause Init Update Refs 0.040ms
[2021-02-28T14:26:08.570+0300][61.143s][info][gc,start    ] GC(17) Concurrent update references
[2021-02-28T14:26:08.570+0300][61.143s][info][gc,task     ] GC(17) Using 1 of 3 workers for concurrent reference update
[2021-02-28T14:26:09.100+0300][61.673s][info][gc          ] GC(17) Concurrent update references 529.774ms
[2021-02-28T14:26:09.101+0300][61.673s][info][gc,start    ] GC(17) Pause Final Update Refs
[2021-02-28T14:26:09.101+0300][61.673s][info][gc,task     ] GC(17) Using 3 of 3 workers for final reference update
[2021-02-28T14:26:09.101+0300][61.674s][info][gc          ] GC(17) Pause Final Update Refs 0.299ms
[2021-02-28T14:26:09.101+0300][61.674s][info][gc,start    ] GC(17) Concurrent cleanup
[2021-02-28T14:26:09.101+0300][61.674s][info][gc          ] GC(17) Concurrent cleanup 967M->923M(1024M) 0.037ms
[2021-02-28T14:26:09.101+0300][61.674s][info][gc,ergo     ] Free: 49471K, Max: 512K regular, 5120K humongous, Frag: 90% external, 0% internal; Reserve: 52736K, Max: 512K
[2021-02-28T14:26:09.101+0300][61.674s][info][gc,stats    ] 
[2021-02-28T14:26:09.101+0300][61.674s][info][gc,stats    ] All times are wall-clock times, except per-root-class counters, that are sum over
[2021-02-28T14:26:09.101+0300][61.674s][info][gc,stats    ] all workers. Dividing the <total> over the root stage time estimates parallelism.
[2021-02-28T14:26:09.101+0300][61.674s][info][gc,stats    ] 
[2021-02-28T14:26:09.101+0300][61.674s][info][gc,stats    ] Concurrent Reset                   1095 us
[2021-02-28T14:26:09.101+0300][61.674s][info][gc,stats    ] Pause Init Mark (G)                 541 us
[2021-02-28T14:26:09.101+0300][61.674s][info][gc,stats    ] Pause Init Mark (N)                 253 us
[2021-02-28T14:26:09.101+0300][61.674s][info][gc,stats    ]   Manage TLABs                        3 us
[2021-02-28T14:26:09.101+0300][61.674s][info][gc,stats    ]   Update Region States               82 us
[2021-02-28T14:26:09.101+0300][61.674s][info][gc,stats    ]   Scan Roots                         88 us, parallelism: 0.80x
[2021-02-28T14:26:09.101+0300][61.674s][info][gc,stats    ]     S: <total>                       71 us
[2021-02-28T14:26:09.101+0300][61.674s][info][gc,stats    ]     S: Thread Roots                  67 us, workers (us):  31,  35,   1, 
[2021-02-28T14:26:09.101+0300][61.674s][info][gc,stats    ]     S: Universe Roots                 2 us, workers (us):   2, ---, ---, 
[2021-02-28T14:26:09.101+0300][61.674s][info][gc,stats    ]     S: Synchronizer Roots             0 us, workers (us): ---,   0, ---, 
[2021-02-28T14:26:09.101+0300][61.674s][info][gc,stats    ]     S: Management Roots               2 us, workers (us): ---,   2, ---, 
[2021-02-28T14:26:09.101+0300][61.674s][info][gc,stats    ]     S: JVMTI Roots                    0 us, workers (us):   0, ---, ---, 
[2021-02-28T14:26:09.101+0300][61.674s][info][gc,stats    ] Concurrent Marking              1232021 us
[2021-02-28T14:26:09.101+0300][61.674s][info][gc,stats    ]   Roots                             197 us, parallelism: 0.59x
[2021-02-28T14:26:09.101+0300][61.674s][info][gc,stats    ]     CM: <total>                     116 us
[2021-02-28T14:26:09.101+0300][61.674s][info][gc,stats    ]     CM: JNI Handles Roots             2 us, workers (us):   2, ---, ---, 
[2021-02-28T14:26:09.101+0300][61.674s][info][gc,stats    ]     CM: VM Global Roots               2 us, workers (us):   2, ---, ---, 
[2021-02-28T14:26:09.101+0300][61.674s][info][gc,stats    ]     CM: CLDG Roots                  113 us, workers (us): 113, ---, ---, 
[2021-02-28T14:26:09.101+0300][61.674s][info][gc,stats    ] Pause Final Mark (G)               9326 us
[2021-02-28T14:26:09.101+0300][61.674s][info][gc,stats    ] Pause Final Mark (N)                796 us
[2021-02-28T14:26:09.101+0300][61.674s][info][gc,stats    ]   Finish Queues                     139 us
[2021-02-28T14:26:09.101+0300][61.674s][info][gc,stats    ]   System Purge                      118 us
[2021-02-28T14:26:09.101+0300][61.674s][info][gc,stats    ]     Weak Roots                      118 us, parallelism: 0.01x
[2021-02-28T14:26:09.101+0300][61.674s][info][gc,stats    ]       WR: <total>                     1 us
[2021-02-28T14:26:09.101+0300][61.674s][info][gc,stats    ]       WR: JVMTI Weak Roots            0 us, workers (us):   0, ---, ---, 
[2021-02-28T14:26:09.101+0300][61.674s][info][gc,stats    ]       WR: JFR Weak Roots              0 us, workers (us):   0, ---, ---, 
[2021-02-28T14:26:09.101+0300][61.674s][info][gc,stats    ]   Update Region States               87 us
[2021-02-28T14:26:09.101+0300][61.674s][info][gc,stats    ]   Manage GC/TLABs                     3 us
[2021-02-28T14:26:09.101+0300][61.674s][info][gc,stats    ]   Choose Collection Set             127 us
[2021-02-28T14:26:09.102+0300][61.674s][info][gc,stats    ]   Rebuild Free Set                   11 us
[2021-02-28T14:26:09.102+0300][61.674s][info][gc,stats    ]   Initial Evacuation                249 us, parallelism: 0.53x
[2021-02-28T14:26:09.102+0300][61.674s][info][gc,stats    ]     E: <total>                      132 us
[2021-02-28T14:26:09.102+0300][61.674s][info][gc,stats    ]     E: Thread Roots                 102 us, workers (us):  60,  41,   1, 
[2021-02-28T14:26:09.102+0300][61.674s][info][gc,stats    ]     E: Universe Roots                 4 us, workers (us):   4, ---, ---, 
[2021-02-28T14:26:09.102+0300][61.674s][info][gc,stats    ]     E: JVMTI Weak Roots               0 us, workers (us):   0, ---, ---, 
[2021-02-28T14:26:09.102+0300][61.675s][info][gc,stats    ]     E: JFR Weak Roots                 0 us, workers (us):   0, ---, ---, 
[2021-02-28T14:26:09.102+0300][61.675s][info][gc,stats    ]     E: Synchronizer Roots             0 us, workers (us):   0, ---, ---, 
[2021-02-28T14:26:09.102+0300][61.675s][info][gc,stats    ]     E: Management Roots              25 us, workers (us):  25, ---, ---, 
[2021-02-28T14:26:09.102+0300][61.675s][info][gc,stats    ]     E: JVMTI Roots                    0 us, workers (us):   0, ---, ---, 
[2021-02-28T14:26:09.102+0300][61.675s][info][gc,stats    ] Concurrent Weak Roots             17041 us
[2021-02-28T14:26:09.102+0300][61.675s][info][gc,stats    ]   Roots                             409 us, parallelism: 0.43x
[2021-02-28T14:26:09.102+0300][61.675s][info][gc,stats    ]     CWR: <total>                    176 us
[2021-02-28T14:26:09.102+0300][61.675s][info][gc,stats    ]     CWR: JNI Weak Roots               0 us, workers (us):   0, ---, ---, 
[2021-02-28T14:26:09.102+0300][61.675s][info][gc,stats    ]     CWR: String Table Roots         154 us, workers (us): 154, ---, ---, 
[2021-02-28T14:26:09.102+0300][61.675s][info][gc,stats    ]     CWR: Resolved Table Roots        11 us, workers (us):  11, ---, ---, 
[2021-02-28T14:26:09.102+0300][61.675s][info][gc,stats    ]     CWR: VM Weak Roots                6 us, workers (us):   6, ---, ---, 
[2021-02-28T14:26:09.102+0300][61.675s][info][gc,stats    ]     CWR: CLDG Roots                   5 us, workers (us):   5, ---, ---, 
[2021-02-28T14:26:09.102+0300][61.675s][info][gc,stats    ]   Rendezvous                      16527 us
[2021-02-28T14:26:09.102+0300][61.675s][info][gc,stats    ] Concurrent Cleanup                   43 us
[2021-02-28T14:26:09.102+0300][61.675s][info][gc,stats    ] Concurrent Class Unloading        10098 us
[2021-02-28T14:26:09.102+0300][61.675s][info][gc,stats    ]   Unlink Stale                     1282 us
[2021-02-28T14:26:09.102+0300][61.675s][info][gc,stats    ]     System Dictionary                 9 us
[2021-02-28T14:26:09.102+0300][61.675s][info][gc,stats    ]     Weak Class Links                  0 us
[2021-02-28T14:26:09.102+0300][61.675s][info][gc,stats    ]     Code Roots                     1272 us
[2021-02-28T14:26:09.102+0300][61.675s][info][gc,stats    ]   Rendezvous                       8604 us
[2021-02-28T14:26:09.102+0300][61.675s][info][gc,stats    ]   Purge Unlinked                    162 us
[2021-02-28T14:26:09.102+0300][61.675s][info][gc,stats    ]     Code Roots                      161 us
[2021-02-28T14:26:09.102+0300][61.675s][info][gc,stats    ]     CLDG                              0 us
[2021-02-28T14:26:09.102+0300][61.675s][info][gc,stats    ]     Exception Caches                  0 us
[2021-02-28T14:26:09.102+0300][61.675s][info][gc,stats    ] Concurrent Strong Roots             204 us, parallelism: 0.50x
[2021-02-28T14:26:09.102+0300][61.675s][info][gc,stats    ] Rendezvous                          102 us
[2021-02-28T14:26:09.102+0300][61.675s][info][gc,stats    ]   CSR: Universe Roots                 2 us, workers (us):   2, ---, ---, 
[2021-02-28T14:26:09.102+0300][61.675s][info][gc,stats    ]   CSR: Resolved Table Roots           2 us, workers (us):   2, ---, ---, 
[2021-02-28T14:26:09.102+0300][61.675s][info][gc,stats    ]   CSR: Management Roots              97 us, workers (us):  97, ---, ---, 
[2021-02-28T14:26:09.102+0300][61.675s][info][gc,stats    ] Concurrent Evacuation             27855 us
[2021-02-28T14:26:09.102+0300][61.675s][info][gc,stats    ] Pause Init  Update Refs (G)         397 us
[2021-02-28T14:26:09.102+0300][61.675s][info][gc,stats    ] Pause Init  Update Refs (N)          53 us
[2021-02-28T14:26:09.102+0300][61.675s][info][gc,stats    ]   Manage GCLABs                       2 us
[2021-02-28T14:26:09.102+0300][61.675s][info][gc,stats    ] Concurrent Update Refs           529825 us
[2021-02-28T14:26:09.102+0300][61.675s][info][gc,stats    ] Pause Final Update Refs (G)         891 us
[2021-02-28T14:26:09.102+0300][61.675s][info][gc,stats    ] Pause Final Update Refs (N)         322 us
[2021-02-28T14:26:09.102+0300][61.675s][info][gc,stats    ]   Update Roots                      116 us, parallelism: 0.53x
[2021-02-28T14:26:09.102+0300][61.675s][info][gc,stats    ]     UR: <total>                      62 us
[2021-02-28T14:26:09.102+0300][61.675s][info][gc,stats    ]     UR: Thread Roots                 62 us, workers (us):  27,  21,  14, 
[2021-02-28T14:26:09.102+0300][61.675s][info][gc,stats    ]   Update Region States               95 us
[2021-02-28T14:26:09.102+0300][61.675s][info][gc,stats    ]   Trash Collection Set                3 us
[2021-02-28T14:26:09.102+0300][61.675s][info][gc,stats    ]   Rebuild Free Set                   11 us
[2021-02-28T14:26:09.102+0300][61.675s][info][gc,stats    ] Concurrent Cleanup                   52 us
[2021-02-28T14:26:09.102+0300][61.675s][info][gc,stats    ] 
[2021-02-28T14:26:09.102+0300][61.675s][info][gc,stats    ] Allocation pacing accrued:
[2021-02-28T14:26:09.102+0300][61.675s][info][gc,stats    ]       0 of  1832 ms (  0.0%): <total>
[2021-02-28T14:26:09.102+0300][61.675s][info][gc,stats    ]       0 of  1832 ms (  0.0%): <average total>
[2021-02-28T14:26:09.102+0300][61.675s][info][gc,stats    ] 
[2021-02-28T14:26:09.102+0300][61.675s][info][gc,metaspace] Metaspace: 7153K(7552K)->7157K(7552K) NonClass: 6388K(6656K)->6392K(6656K) Class: 765K(896K)->765K(896K)
[2021-02-28T14:26:09.102+0300][61.675s][info][gc,ergo     ] Pacer for Idle. Initial: 20971K, Alloc Tax Rate: 1.0x
[2021-02-28T14:26:09.116+0300][61.689s][info][gc          ] Trigger: Free (49426K) is below minimum threshold (102M)
[2021-02-28T14:26:09.116+0300][61.689s][info][gc,ergo     ] Free: 49426K, Max: 512K regular, 5120K humongous, Frag: 90% external, 0% internal; Reserve: 52736K, Max: 512K
[2021-02-28T14:26:09.116+0300][61.689s][info][gc,start    ] GC(18) Concurrent reset
[2021-02-28T14:26:09.116+0300][61.689s][info][gc,task     ] GC(18) Using 1 of 3 workers for concurrent reset
[2021-02-28T14:26:09.116+0300][61.689s][info][gc,ergo     ] GC(18) Pacer for Reset. Non-Taxable: 1024M
[2021-02-28T14:26:09.117+0300][61.690s][info][gc          ] GC(18) Concurrent reset 1.173ms
[2021-02-28T14:26:09.132+0300][61.705s][info][gc,start    ] GC(18) Pause Init Mark (unload classes)
[2021-02-28T14:26:09.132+0300][61.705s][info][gc,task     ] GC(18) Using 3 of 3 workers for init marking
[2021-02-28T14:26:09.132+0300][61.705s][info][gc,ergo     ] GC(18) Pacer for Mark. Expected Live: 922M, Free: 49426K, Non-Taxable: 4942K, Alloc Tax Rate: 23.4x
[2021-02-28T14:26:09.132+0300][61.705s][info][gc          ] GC(18) Pause Init Mark (unload classes) 0.343ms
[2021-02-28T14:26:09.132+0300][61.705s][info][gc,start    ] GC(18) Concurrent marking (unload classes)
[2021-02-28T14:26:09.132+0300][61.705s][info][gc,task     ] GC(18) Using 1 of 3 workers for concurrent marking
[2021-02-28T14:26:10.360+0300][62.933s][info][gc          ] GC(18) Concurrent marking (unload classes) 1227.637ms
[2021-02-28T14:26:10.372+0300][62.945s][info][gc,start    ] GC(18) Pause Final Mark (unload classes)
[2021-02-28T14:26:10.372+0300][62.945s][info][gc,task     ] GC(18) Using 3 of 3 workers for final marking
[2021-02-28T14:26:10.372+0300][62.945s][info][gc,ergo     ] GC(18) Adaptive CSet Selection. Target Free: 145M, Actual Free: 101376K, Max CSet: 43690K, Min Garbage: 47172K
[2021-02-28T14:26:10.372+0300][62.945s][info][gc,ergo     ] GC(18) Collectable Garbage: 1206K (69%), Immediate: 0B (0%), CSet: 1206K (69%)
[2021-02-28T14:26:10.372+0300][62.945s][info][gc,ergo     ] GC(18) Pacer for Evacuation. Used CSet: 44435K, Free: 48640K, Non-Taxable: 4864K, Alloc Tax Rate: 2.2x
[2021-02-28T14:26:10.372+0300][62.945s][info][gc          ] GC(18) Pause Final Mark (unload classes) 0.658ms
[2021-02-28T14:26:10.373+0300][62.945s][info][gc,start    ] GC(18) Concurrent weak roots
[2021-02-28T14:26:10.373+0300][62.945s][info][gc,task     ] GC(18) Using 1 of 3 workers for concurrent weak root
[2021-02-28T14:26:10.390+0300][62.963s][info][gc          ] GC(18) Concurrent weak roots 17.109ms
[2021-02-28T14:26:10.390+0300][62.963s][info][gc,start    ] GC(18) Concurrent cleanup
[2021-02-28T14:26:10.390+0300][62.963s][info][gc          ] GC(18) Concurrent cleanup 936M->936M(1024M) 0.028ms
[2021-02-28T14:26:10.390+0300][62.963s][info][gc,ergo     ] GC(18) Free: 48613K, Max: 512K regular, 5120K humongous, Frag: 90% external, 0% internal; Reserve: 39936K, Max: 512K
[2021-02-28T14:26:10.390+0300][62.963s][info][gc,start    ] GC(18) Concurrent class unloading
[2021-02-28T14:26:10.390+0300][62.963s][info][gc,task     ] GC(18) Using 1 of 3 workers for concurrent class unloading
[2021-02-28T14:26:10.400+0300][62.973s][info][gc          ] GC(18) Concurrent class unloading 10.029ms
[2021-02-28T14:26:10.400+0300][62.973s][info][gc,start    ] GC(18) Concurrent strong roots
[2021-02-28T14:26:10.400+0300][62.973s][info][gc,task     ] GC(18) Using 1 of 3 workers for concurrent strong root
[2021-02-28T14:26:10.400+0300][62.973s][info][gc          ] GC(18) Concurrent strong roots 0.206ms
[2021-02-28T14:26:10.400+0300][62.973s][info][gc,start    ] GC(18) Concurrent evacuation
[2021-02-28T14:26:10.400+0300][62.973s][info][gc,task     ] GC(18) Using 1 of 3 workers for concurrent evacuation
[2021-02-28T14:26:10.428+0300][63.001s][info][gc          ] GC(18) Concurrent evacuation 27.695ms
[2021-02-28T14:26:10.438+0300][63.011s][info][gc,start    ] GC(18) Pause Init Update Refs
[2021-02-28T14:26:10.438+0300][63.011s][info][gc,ergo     ] GC(18) Pacer for Update Refs. Used: 967M, Free: 48613K, Non-Taxable: 4861K, Alloc Tax Rate: 24.9x
[2021-02-28T14:26:10.438+0300][63.011s][info][gc          ] GC(18) Pause Init Update Refs 0.044ms
[2021-02-28T14:26:10.438+0300][63.011s][info][gc,start    ] GC(18) Concurrent update references
[2021-02-28T14:26:10.438+0300][63.011s][info][gc,task     ] GC(18) Using 1 of 3 workers for concurrent reference update
[2021-02-28T14:26:10.965+0300][63.538s][info][gc          ] GC(18) Concurrent update references 526.712ms
[2021-02-28T14:26:10.972+0300][63.545s][info][gc,start    ] GC(18) Pause Final Update Refs
[2021-02-28T14:26:10.972+0300][63.545s][info][gc,task     ] GC(18) Using 3 of 3 workers for final reference update
[2021-02-28T14:26:10.972+0300][63.545s][info][gc          ] GC(18) Pause Final Update Refs 0.252ms
[2021-02-28T14:26:10.972+0300][63.545s][info][gc,start    ] GC(18) Concurrent cleanup
[2021-02-28T14:26:10.972+0300][63.545s][info][gc          ] GC(18) Concurrent cleanup 967M->923M(1024M) 0.042ms
[2021-02-28T14:26:10.972+0300][63.545s][info][gc,ergo     ] Free: 49476K, Max: 512K regular, 7168K humongous, Frag: 86% external, 0% internal; Reserve: 52736K, Max: 512K
[2021-02-28T14:26:10.972+0300][63.545s][info][gc,stats    ] 
[2021-02-28T14:26:10.972+0300][63.545s][info][gc,stats    ] All times are wall-clock times, except per-root-class counters, that are sum over
[2021-02-28T14:26:10.972+0300][63.545s][info][gc,stats    ] all workers. Dividing the <total> over the root stage time estimates parallelism.
[2021-02-28T14:26:10.972+0300][63.545s][info][gc,stats    ] 
[2021-02-28T14:26:10.972+0300][63.545s][info][gc,stats    ] Concurrent Reset                   1226 us
[2021-02-28T14:26:10.972+0300][63.545s][info][gc,stats    ] Pause Init Mark (G)               15321 us
[2021-02-28T14:26:10.972+0300][63.545s][info][gc,stats    ] Pause Init Mark (N)                 356 us
[2021-02-28T14:26:10.972+0300][63.545s][info][gc,stats    ]   Manage TLABs                        4 us
[2021-02-28T14:26:10.972+0300][63.545s][info][gc,stats    ]   Update Region States              138 us
[2021-02-28T14:26:10.972+0300][63.545s][info][gc,stats    ]   Scan Roots                        102 us, parallelism: 0.79x
[2021-02-28T14:26:10.972+0300][63.545s][info][gc,stats    ]     S: <total>                       81 us
[2021-02-28T14:26:10.972+0300][63.545s][info][gc,stats    ]     S: Thread Roots                  77 us, workers (us):  40,  36,   1, 
[2021-02-28T14:26:10.972+0300][63.545s][info][gc,stats    ]     S: Universe Roots                 2 us, workers (us):   2, ---, ---, 
[2021-02-28T14:26:10.972+0300][63.545s][info][gc,stats    ]     S: Synchronizer Roots             0 us, workers (us): ---,   0, ---, 
[2021-02-28T14:26:10.972+0300][63.545s][info][gc,stats    ]     S: Management Roots               2 us, workers (us): ---,   2, ---, 
[2021-02-28T14:26:10.972+0300][63.545s][info][gc,stats    ]     S: JVMTI Roots                    0 us, workers (us):   0, ---, ---, 
[2021-02-28T14:26:10.972+0300][63.545s][info][gc,stats    ] Concurrent Marking              1227675 us
[2021-02-28T14:26:10.973+0300][63.545s][info][gc,stats    ]   Roots                             192 us, parallelism: 0.60x
[2021-02-28T14:26:10.973+0300][63.545s][info][gc,stats    ]     CM: <total>                     116 us
[2021-02-28T14:26:10.973+0300][63.545s][info][gc,stats    ]     CM: JNI Handles Roots            15 us, workers (us):  15, ---, ---, 
[2021-02-28T14:26:10.973+0300][63.545s][info][gc,stats    ]     CM: VM Global Roots               2 us, workers (us):   2, ---, ---, 
[2021-02-28T14:26:10.973+0300][63.545s][info][gc,stats    ]     CM: CLDG Roots                  100 us, workers (us): 100, ---, ---, 
[2021-02-28T14:26:10.973+0300][63.545s][info][gc,stats    ] Pause Final Mark (G)              12576 us
[2021-02-28T14:26:10.973+0300][63.545s][info][gc,stats    ] Pause Final Mark (N)                672 us
[2021-02-28T14:26:10.973+0300][63.545s][info][gc,stats    ]   Finish Queues                      98 us
[2021-02-28T14:26:10.973+0300][63.546s][info][gc,stats    ]   System Purge                       97 us
[2021-02-28T14:26:10.973+0300][63.546s][info][gc,stats    ]     Weak Roots                       97 us, parallelism: 0.01x
[2021-02-28T14:26:10.973+0300][63.546s][info][gc,stats    ]       WR: <total>                     0 us
[2021-02-28T14:26:10.973+0300][63.546s][info][gc,stats    ]       WR: JVMTI Weak Roots            0 us, workers (us):   0, ---, ---, 
[2021-02-28T14:26:10.973+0300][63.546s][info][gc,stats    ]       WR: JFR Weak Roots              0 us, workers (us):   0, ---, ---, 
[2021-02-28T14:26:10.973+0300][63.546s][info][gc,stats    ]   Update Region States              107 us
[2021-02-28T14:26:10.973+0300][63.546s][info][gc,stats    ]   Manage GC/TLABs                     3 us
[2021-02-28T14:26:10.973+0300][63.546s][info][gc,stats    ]   Choose Collection Set             126 us
[2021-02-28T14:26:10.973+0300][63.546s][info][gc,stats    ]   Rebuild Free Set                   11 us
[2021-02-28T14:26:10.973+0300][63.546s][info][gc,stats    ]   Initial Evacuation                173 us, parallelism: 0.62x
[2021-02-28T14:26:10.973+0300][63.546s][info][gc,stats    ]     E: <total>                      107 us
[2021-02-28T14:26:10.973+0300][63.546s][info][gc,stats    ]     E: Thread Roots                 101 us, workers (us):  38,  34,  28, 
[2021-02-28T14:26:10.973+0300][63.546s][info][gc,stats    ]     E: Universe Roots                 4 us, workers (us):   4, ---, ---, 
[2021-02-28T14:26:10.973+0300][63.546s][info][gc,stats    ]     E: JVMTI Weak Roots               0 us, workers (us):   0, ---, ---, 
[2021-02-28T14:26:10.973+0300][63.546s][info][gc,stats    ]     E: JFR Weak Roots                 0 us, workers (us):   0, ---, ---, 
[2021-02-28T14:26:10.973+0300][63.546s][info][gc,stats    ]     E: Synchronizer Roots             0 us, workers (us):   0, ---, ---, 
[2021-02-28T14:26:10.973+0300][63.546s][info][gc,stats    ]     E: Management Roots               2 us, workers (us):   2, ---, ---, 
[2021-02-28T14:26:10.973+0300][63.546s][info][gc,stats    ]     E: JVMTI Roots                    0 us, workers (us):   0, ---, ---, 
[2021-02-28T14:26:10.973+0300][63.546s][info][gc,stats    ] Concurrent Weak Roots             17145 us
[2021-02-28T14:26:10.973+0300][63.546s][info][gc,stats    ]   Roots                             447 us, parallelism: 0.39x
[2021-02-28T14:26:10.973+0300][63.546s][info][gc,stats    ]     CWR: <total>                    174 us
[2021-02-28T14:26:10.973+0300][63.546s][info][gc,stats    ]     CWR: JNI Weak Roots               0 us, workers (us):   0, ---, ---, 
[2021-02-28T14:26:10.973+0300][63.546s][info][gc,stats    ]     CWR: String Table Roots         153 us, workers (us): 153, ---, ---, 
[2021-02-28T14:26:10.973+0300][63.546s][info][gc,stats    ]     CWR: Resolved Table Roots        11 us, workers (us):  11, ---, ---, 
[2021-02-28T14:26:10.973+0300][63.546s][info][gc,stats    ]     CWR: VM Weak Roots                7 us, workers (us):   7, ---, ---, 
[2021-02-28T14:26:10.973+0300][63.546s][info][gc,stats    ]     CWR: CLDG Roots                   4 us, workers (us):   4, ---, ---, 
[2021-02-28T14:26:10.973+0300][63.546s][info][gc,stats    ]   Rendezvous                      16593 us
[2021-02-28T14:26:10.973+0300][63.546s][info][gc,stats    ] Concurrent Cleanup                   42 us
[2021-02-28T14:26:10.973+0300][63.546s][info][gc,stats    ] Concurrent Class Unloading        10054 us
[2021-02-28T14:26:10.973+0300][63.546s][info][gc,stats    ]   Unlink Stale                     1262 us
[2021-02-28T14:26:10.973+0300][63.546s][info][gc,stats    ]     System Dictionary                 9 us
[2021-02-28T14:26:10.973+0300][63.546s][info][gc,stats    ]     Weak Class Links                  0 us
[2021-02-28T14:26:10.973+0300][63.546s][info][gc,stats    ]     Code Roots                     1252 us
[2021-02-28T14:26:10.973+0300][63.546s][info][gc,stats    ]   Rendezvous                       8609 us
[2021-02-28T14:26:10.973+0300][63.546s][info][gc,stats    ]   Purge Unlinked                    129 us
[2021-02-28T14:26:10.973+0300][63.546s][info][gc,stats    ]     Code Roots                      128 us
[2021-02-28T14:26:10.973+0300][63.546s][info][gc,stats    ]     CLDG                              0 us
[2021-02-28T14:26:10.973+0300][63.546s][info][gc,stats    ]     Exception Caches                  0 us
[2021-02-28T14:26:10.973+0300][63.546s][info][gc,stats    ] Concurrent Strong Roots             228 us, parallelism: 0.43x
[2021-02-28T14:26:10.973+0300][63.546s][info][gc,stats    ] Rendezvous                           98 us
[2021-02-28T14:26:10.973+0300][63.546s][info][gc,stats    ]   CSR: Universe Roots                 3 us, workers (us):   3, ---, ---, 
[2021-02-28T14:26:10.973+0300][63.546s][info][gc,stats    ]   CSR: Resolved Table Roots           2 us, workers (us):   2, ---, ---, 
[2021-02-28T14:26:10.973+0300][63.546s][info][gc,stats    ]   CSR: Management Roots              94 us, workers (us):  94, ---, ---, 
[2021-02-28T14:26:10.973+0300][63.546s][info][gc,stats    ] Concurrent Evacuation             27727 us
[2021-02-28T14:26:10.973+0300][63.546s][info][gc,stats    ] Pause Init  Update Refs (G)       10195 us
[2021-02-28T14:26:10.973+0300][63.546s][info][gc,stats    ] Pause Init  Update Refs (N)          56 us
[2021-02-28T14:26:10.973+0300][63.546s][info][gc,stats    ]   Manage GCLABs                       2 us
[2021-02-28T14:26:10.973+0300][63.546s][info][gc,stats    ] Concurrent Update Refs           526780 us
[2021-02-28T14:26:10.973+0300][63.546s][info][gc,stats    ] Pause Final Update Refs (G)        7483 us
[2021-02-28T14:26:10.973+0300][63.546s][info][gc,stats    ] Pause Final Update Refs (N)         274 us
[2021-02-28T14:26:10.973+0300][63.546s][info][gc,stats    ]   Update Roots                      105 us, parallelism: 0.53x
[2021-02-28T14:26:10.973+0300][63.546s][info][gc,stats    ]     UR: <total>                      56 us
[2021-02-28T14:26:10.973+0300][63.546s][info][gc,stats    ]     UR: Thread Roots                 56 us, workers (us):  41,  13,   1, 
[2021-02-28T14:26:10.973+0300][63.546s][info][gc,stats    ]   Update Region States               87 us
[2021-02-28T14:26:10.973+0300][63.546s][info][gc,stats    ]   Trash Collection Set                3 us
[2021-02-28T14:26:10.973+0300][63.546s][info][gc,stats    ]   Rebuild Free Set                   11 us
[2021-02-28T14:26:10.973+0300][63.546s][info][gc,stats    ] Concurrent Cleanup                   57 us
[2021-02-28T14:26:10.973+0300][63.546s][info][gc,stats    ] 
[2021-02-28T14:26:10.973+0300][63.546s][info][gc,stats    ] Allocation pacing accrued:
[2021-02-28T14:26:10.973+0300][63.546s][info][gc,stats    ]       0 of  1871 ms (  0.0%): <total>
[2021-02-28T14:26:10.973+0300][63.546s][info][gc,stats    ]       0 of  1871 ms (  0.0%): <average total>
[2021-02-28T14:26:10.973+0300][63.546s][info][gc,stats    ] 
[2021-02-28T14:26:10.973+0300][63.546s][info][gc,metaspace] Metaspace: 7157K(7552K)->7181K(7552K) NonClass: 6392K(6656K)->6416K(6656K) Class: 765K(896K)->765K(896K)
[2021-02-28T14:26:10.973+0300][63.546s][info][gc,ergo     ] Pacer for Idle. Initial: 20971K, Alloc Tax Rate: 1.0x
[2021-02-28T14:26:10.975+0300][63.547s][info][gc          ] Trigger: Free (49432K) is below minimum threshold (102M)
[2021-02-28T14:26:10.975+0300][63.548s][info][gc,ergo     ] Free: 49432K, Max: 512K regular, 7168K humongous, Frag: 86% external, 0% internal; Reserve: 52736K, Max: 512K
[2021-02-28T14:26:10.975+0300][63.548s][info][gc,start    ] GC(19) Concurrent reset
[2021-02-28T14:26:10.975+0300][63.548s][info][gc,task     ] GC(19) Using 1 of 3 workers for concurrent reset
[2021-02-28T14:26:10.975+0300][63.548s][info][gc,ergo     ] GC(19) Pacer for Reset. Non-Taxable: 1024M
[2021-02-28T14:26:10.976+0300][63.549s][info][gc          ] GC(19) Concurrent reset 1.132ms
[2021-02-28T14:26:10.979+0300][63.552s][info][gc,start    ] GC(19) Pause Init Mark (unload classes)
[2021-02-28T14:26:10.979+0300][63.552s][info][gc,task     ] GC(19) Using 3 of 3 workers for init marking
[2021-02-28T14:26:10.979+0300][63.552s][info][gc,ergo     ] GC(19) Pacer for Mark. Expected Live: 922M, Free: 49432K, Non-Taxable: 4943K, Alloc Tax Rate: 23.3x
[2021-02-28T14:26:10.979+0300][63.552s][info][gc          ] GC(19) Pause Init Mark (unload classes) 0.258ms
[2021-02-28T14:26:10.979+0300][63.552s][info][gc,start    ] GC(19) Concurrent marking (unload classes)
[2021-02-28T14:26:10.979+0300][63.552s][info][gc,task     ] GC(19) Using 1 of 3 workers for concurrent marking
[2021-02-28T14:26:12.207+0300][64.780s][info][gc          ] GC(19) Concurrent marking (unload classes) 1227.662ms
[2021-02-28T14:26:12.217+0300][64.790s][info][gc,start    ] GC(19) Pause Final Mark (unload classes)
[2021-02-28T14:26:12.217+0300][64.790s][info][gc,task     ] GC(19) Using 3 of 3 workers for final marking
[2021-02-28T14:26:12.217+0300][64.790s][info][gc,ergo     ] GC(19) Adaptive CSet Selection. Target Free: 145M, Actual Free: 101376K, Max CSet: 43690K, Min Garbage: 47172K
[2021-02-28T14:26:12.217+0300][64.790s][info][gc,ergo     ] GC(19) Collectable Garbage: 1269K (74%), Immediate: 0B (0%), CSet: 1269K (74%)
[2021-02-28T14:26:12.217+0300][64.790s][info][gc,ergo     ] GC(19) Pacer for Evacuation. Used CSet: 44940K, Free: 48640K, Non-Taxable: 4864K, Alloc Tax Rate: 2.3x
[2021-02-28T14:26:12.217+0300][64.790s][info][gc          ] GC(19) Pause Final Mark (unload classes) 0.652ms
[2021-02-28T14:26:12.218+0300][64.790s][info][gc,start    ] GC(19) Concurrent weak roots
[2021-02-28T14:26:12.218+0300][64.790s][info][gc,task     ] GC(19) Using 1 of 3 workers for concurrent weak root
[2021-02-28T14:26:12.235+0300][64.808s][info][gc          ] GC(19) Concurrent weak roots 17.118ms
[2021-02-28T14:26:12.235+0300][64.808s][info][gc,start    ] GC(19) Concurrent cleanup
[2021-02-28T14:26:12.235+0300][64.808s][info][gc          ] GC(19) Concurrent cleanup 936M->936M(1024M) 0.029ms
[2021-02-28T14:26:12.235+0300][64.808s][info][gc,ergo     ] GC(19) Free: 48613K, Max: 512K regular, 7168K humongous, Frag: 86% external, 0% internal; Reserve: 40448K, Max: 512K
[2021-02-28T14:26:12.235+0300][64.808s][info][gc,start    ] GC(19) Concurrent class unloading
[2021-02-28T14:26:12.235+0300][64.808s][info][gc,task     ] GC(19) Using 1 of 3 workers for concurrent class unloading
[2021-02-28T14:26:12.245+0300][64.818s][info][gc          ] GC(19) Concurrent class unloading 10.056ms
[2021-02-28T14:26:12.245+0300][64.818s][info][gc,start    ] GC(19) Concurrent strong roots
[2021-02-28T14:26:12.245+0300][64.818s][info][gc,task     ] GC(19) Using 1 of 3 workers for concurrent strong root
[2021-02-28T14:26:12.245+0300][64.818s][info][gc          ] GC(19) Concurrent strong roots 0.211ms
[2021-02-28T14:26:12.245+0300][64.818s][info][gc,start    ] GC(19) Concurrent evacuation
[2021-02-28T14:26:12.245+0300][64.818s][info][gc,task     ] GC(19) Using 1 of 3 workers for concurrent evacuation
[2021-02-28T14:26:12.273+0300][64.846s][info][gc          ] GC(19) Concurrent evacuation 28.476ms
[2021-02-28T14:26:12.283+0300][64.856s][info][gc,start    ] GC(19) Pause Init Update Refs
[2021-02-28T14:26:12.283+0300][64.856s][info][gc,ergo     ] GC(19) Pacer for Update Refs. Used: 967M, Free: 48613K, Non-Taxable: 4861K, Alloc Tax Rate: 24.9x
[2021-02-28T14:26:12.283+0300][64.856s][info][gc          ] GC(19) Pause Init Update Refs 0.054ms
[2021-02-28T14:26:12.283+0300][64.856s][info][gc,start    ] GC(19) Concurrent update references
[2021-02-28T14:26:12.283+0300][64.856s][info][gc,task     ] GC(19) Using 1 of 3 workers for concurrent reference update
[2021-02-28T14:26:12.873+0300][65.446s][info][gc          ] GC(19) Concurrent update references 589.774ms
[2021-02-28T14:26:12.884+0300][65.457s][info][gc,start    ] GC(19) Pause Final Update Refs
[2021-02-28T14:26:12.884+0300][65.457s][info][gc,task     ] GC(19) Using 3 of 3 workers for final reference update
[2021-02-28T14:26:12.884+0300][65.457s][info][gc          ] GC(19) Pause Final Update Refs 0.243ms
[2021-02-28T14:26:12.884+0300][65.457s][info][gc,start    ] GC(19) Concurrent cleanup
[2021-02-28T14:26:12.884+0300][65.457s][info][gc          ] GC(19) Concurrent cleanup 967M->923M(1024M) 0.037ms
[2021-02-28T14:26:12.884+0300][65.457s][info][gc,ergo     ] Free: 49456K, Max: 512K regular, 10752K humongous, Frag: 78% external, 0% internal; Reserve: 52736K, Max: 512K
[2021-02-28T14:26:12.884+0300][65.457s][info][gc,stats    ] 
[2021-02-28T14:26:12.884+0300][65.457s][info][gc,stats    ] All times are wall-clock times, except per-root-class counters, that are sum over
[2021-02-28T14:26:12.884+0300][65.457s][info][gc,stats    ] all workers. Dividing the <total> over the root stage time estimates parallelism.
[2021-02-28T14:26:12.884+0300][65.457s][info][gc,stats    ] 
[2021-02-28T14:26:12.884+0300][65.457s][info][gc,stats    ] Concurrent Reset                   1186 us
[2021-02-28T14:26:12.884+0300][65.457s][info][gc,stats    ] Pause Init Mark (G)                3326 us
[2021-02-28T14:26:12.884+0300][65.457s][info][gc,stats    ] Pause Init Mark (N)                 272 us
[2021-02-28T14:26:12.884+0300][65.457s][info][gc,stats    ]   Manage TLABs                        4 us
[2021-02-28T14:26:12.884+0300][65.457s][info][gc,stats    ]   Update Region States               88 us
[2021-02-28T14:26:12.884+0300][65.457s][info][gc,stats    ]   Scan Roots                        100 us, parallelism: 0.68x
[2021-02-28T14:26:12.884+0300][65.457s][info][gc,stats    ]     S: <total>                       68 us
[2021-02-28T14:26:12.884+0300][65.457s][info][gc,stats    ]     S: Thread Roots                  65 us, workers (us):  46,  18,   1, 
[2021-02-28T14:26:12.884+0300][65.457s][info][gc,stats    ]     S: Universe Roots                 2 us, workers (us):   2, ---, ---, 
[2021-02-28T14:26:12.884+0300][65.457s][info][gc,stats    ]     S: Synchronizer Roots             0 us, workers (us):   0, ---, ---, 
[2021-02-28T14:26:12.884+0300][65.457s][info][gc,stats    ]     S: Management Roots               1 us, workers (us):   1, ---, ---, 
[2021-02-28T14:26:12.884+0300][65.457s][info][gc,stats    ]     S: JVMTI Roots                    0 us, workers (us):   0, ---, ---, 
[2021-02-28T14:26:12.884+0300][65.457s][info][gc,stats    ] Concurrent Marking              1227700 us
[2021-02-28T14:26:12.884+0300][65.457s][info][gc,stats    ]   Roots                             126 us, parallelism: 0.55x
[2021-02-28T14:26:12.884+0300][65.457s][info][gc,stats    ]     CM: <total>                      69 us
[2021-02-28T14:26:12.884+0300][65.457s][info][gc,stats    ]     CM: JNI Handles Roots             2 us, workers (us):   2, ---, ---, 
[2021-02-28T14:26:12.884+0300][65.457s][info][gc,stats    ]     CM: VM Global Roots               2 us, workers (us):   2, ---, ---, 
[2021-02-28T14:26:12.884+0300][65.457s][info][gc,stats    ]     CM: CLDG Roots                   65 us, workers (us):  65, ---, ---, 
[2021-02-28T14:26:12.884+0300][65.457s][info][gc,stats    ] Pause Final Mark (G)              10660 us
[2021-02-28T14:26:12.884+0300][65.457s][info][gc,stats    ] Pause Final Mark (N)                665 us
[2021-02-28T14:26:12.884+0300][65.457s][info][gc,stats    ]   Finish Queues                     112 us
[2021-02-28T14:26:12.884+0300][65.457s][info][gc,stats    ]   System Purge                       97 us
[2021-02-28T14:26:12.884+0300][65.457s][info][gc,stats    ]     Weak Roots                       97 us, parallelism: 0.01x
[2021-02-28T14:26:12.884+0300][65.457s][info][gc,stats    ]       WR: <total>                     0 us
[2021-02-28T14:26:12.884+0300][65.457s][info][gc,stats    ]       WR: JVMTI Weak Roots            0 us, workers (us):   0, ---, ---, 
[2021-02-28T14:26:12.884+0300][65.457s][info][gc,stats    ]       WR: JFR Weak Roots              0 us, workers (us):   0, ---, ---, 
[2021-02-28T14:26:12.884+0300][65.457s][info][gc,stats    ]   Update Region States               96 us
[2021-02-28T14:26:12.884+0300][65.457s][info][gc,stats    ]   Manage GC/TLABs                     3 us
[2021-02-28T14:26:12.884+0300][65.457s][info][gc,stats    ]   Choose Collection Set             123 us
[2021-02-28T14:26:12.884+0300][65.457s][info][gc,stats    ]   Rebuild Free Set                   11 us
[2021-02-28T14:26:12.884+0300][65.457s][info][gc,stats    ]   Initial Evacuation                161 us, parallelism: 0.67x
[2021-02-28T14:26:12.884+0300][65.457s][info][gc,stats    ]     E: <total>                      107 us
[2021-02-28T14:26:12.884+0300][65.457s][info][gc,stats    ]     E: Thread Roots                 101 us, workers (us):  43,  29,  29, 
[2021-02-28T14:26:12.884+0300][65.457s][info][gc,stats    ]     E: Universe Roots                 4 us, workers (us):   4, ---, ---, 
[2021-02-28T14:26:12.884+0300][65.457s][info][gc,stats    ]     E: JVMTI Weak Roots               0 us, workers (us):   0, ---, ---, 
[2021-02-28T14:26:12.884+0300][65.457s][info][gc,stats    ]     E: JFR Weak Roots                 0 us, workers (us):   0, ---, ---, 
[2021-02-28T14:26:12.885+0300][65.457s][info][gc,stats    ]     E: Synchronizer Roots             0 us, workers (us):   0, ---, ---, 
[2021-02-28T14:26:12.885+0300][65.457s][info][gc,stats    ]     E: Management Roots               2 us, workers (us):   2, ---, ---, 
[2021-02-28T14:26:12.885+0300][65.457s][info][gc,stats    ]     E: JVMTI Roots                    0 us, workers (us):   0, ---, ---, 
[2021-02-28T14:26:12.885+0300][65.457s][info][gc,stats    ] Concurrent Weak Roots             17153 us
[2021-02-28T14:26:12.885+0300][65.457s][info][gc,stats    ]   Roots                             502 us, parallelism: 0.36x
[2021-02-28T14:26:12.885+0300][65.457s][info][gc,stats    ]     CWR: <total>                    179 us
[2021-02-28T14:26:12.885+0300][65.457s][info][gc,stats    ]     CWR: JNI Weak Roots               0 us, workers (us):   0, ---, ---, 
[2021-02-28T14:26:12.885+0300][65.457s][info][gc,stats    ]     CWR: String Table Roots         157 us, workers (us): 157, ---, ---, 
[2021-02-28T14:26:12.885+0300][65.458s][info][gc,stats    ]     CWR: Resolved Table Roots        12 us, workers (us):  12, ---, ---, 
[2021-02-28T14:26:12.885+0300][65.458s][info][gc,stats    ]     CWR: VM Weak Roots                7 us, workers (us):   7, ---, ---, 
[2021-02-28T14:26:12.885+0300][65.458s][info][gc,stats    ]     CWR: CLDG Roots                   4 us, workers (us):   4, ---, ---, 
[2021-02-28T14:26:12.885+0300][65.458s][info][gc,stats    ]   Rendezvous                      16556 us
[2021-02-28T14:26:12.885+0300][65.458s][info][gc,stats    ] Concurrent Cleanup                   42 us
[2021-02-28T14:26:12.885+0300][65.458s][info][gc,stats    ] Concurrent Class Unloading        10086 us
[2021-02-28T14:26:12.885+0300][65.458s][info][gc,stats    ]   Unlink Stale                     1276 us
[2021-02-28T14:26:12.885+0300][65.458s][info][gc,stats    ]     System Dictionary                 9 us
[2021-02-28T14:26:12.885+0300][65.458s][info][gc,stats    ]     Weak Class Links                  0 us
[2021-02-28T14:26:12.885+0300][65.458s][info][gc,stats    ]     Code Roots                     1265 us
[2021-02-28T14:26:12.885+0300][65.458s][info][gc,stats    ]   Rendezvous                       8606 us
[2021-02-28T14:26:12.885+0300][65.458s][info][gc,stats    ]   Purge Unlinked                    150 us
[2021-02-28T14:26:12.885+0300][65.458s][info][gc,stats    ]     Code Roots                      149 us
[2021-02-28T14:26:12.885+0300][65.458s][info][gc,stats    ]     CLDG                              1 us
[2021-02-28T14:26:12.885+0300][65.458s][info][gc,stats    ]     Exception Caches                  0 us
[2021-02-28T14:26:12.885+0300][65.458s][info][gc,stats    ] Concurrent Strong Roots             234 us, parallelism: 0.44x
[2021-02-28T14:26:12.885+0300][65.458s][info][gc,stats    ] Rendezvous                          102 us
[2021-02-28T14:26:12.885+0300][65.458s][info][gc,stats    ]   CSR: Universe Roots                 3 us, workers (us):   3, ---, ---, 
[2021-02-28T14:26:12.885+0300][65.458s][info][gc,stats    ]   CSR: Resolved Table Roots           2 us, workers (us):   2, ---, ---, 
[2021-02-28T14:26:12.885+0300][65.458s][info][gc,stats    ]   CSR: Management Roots              97 us, workers (us):  97, ---, ---, 
[2021-02-28T14:26:12.885+0300][65.458s][info][gc,stats    ] Concurrent Evacuation             28515 us
[2021-02-28T14:26:12.885+0300][65.458s][info][gc,stats    ] Pause Init  Update Refs (G)        9330 us
[2021-02-28T14:26:12.885+0300][65.458s][info][gc,stats    ] Pause Init  Update Refs (N)          69 us
[2021-02-28T14:26:12.885+0300][65.458s][info][gc,stats    ]   Manage GCLABs                       2 us
[2021-02-28T14:26:12.885+0300][65.458s][info][gc,stats    ] Concurrent Update Refs           589812 us
[2021-02-28T14:26:12.885+0300][65.458s][info][gc,stats    ] Pause Final Update Refs (G)       11225 us
[2021-02-28T14:26:12.885+0300][65.458s][info][gc,stats    ] Pause Final Update Refs (N)         267 us
[2021-02-28T14:26:12.885+0300][65.458s][info][gc,stats    ]   Update Roots                       84 us, parallelism: 0.82x
[2021-02-28T14:26:12.885+0300][65.458s][info][gc,stats    ]     UR: <total>                      69 us
[2021-02-28T14:26:12.885+0300][65.458s][info][gc,stats    ]     UR: Thread Roots                 69 us, workers (us):  34,  34,   1, 
[2021-02-28T14:26:12.885+0300][65.458s][info][gc,stats    ]   Update Region States               90 us
[2021-02-28T14:26:12.885+0300][65.458s][info][gc,stats    ]   Trash Collection Set                3 us
[2021-02-28T14:26:12.885+0300][65.458s][info][gc,stats    ]   Rebuild Free Set                   14 us
[2021-02-28T14:26:12.885+0300][65.458s][info][gc,stats    ] Concurrent Cleanup                   51 us
[2021-02-28T14:26:12.885+0300][65.458s][info][gc,stats    ] 
[2021-02-28T14:26:12.885+0300][65.458s][info][gc,stats    ] Allocation pacing accrued:
[2021-02-28T14:26:12.885+0300][65.458s][info][gc,stats    ]       0 of  1912 ms (  0.0%): <total>
[2021-02-28T14:26:12.885+0300][65.458s][info][gc,stats    ]       0 of  1912 ms (  0.0%): <average total>
[2021-02-28T14:26:12.885+0300][65.458s][info][gc,stats    ] 
[2021-02-28T14:26:12.885+0300][65.458s][info][gc,metaspace] Metaspace: 7181K(7552K)->7186K(7552K) NonClass: 6416K(6656K)->6420K(6656K) Class: 765K(896K)->765K(896K)
[2021-02-28T14:26:12.885+0300][65.458s][info][gc,ergo     ] Pacer for Idle. Initial: 20971K, Alloc Tax Rate: 1.0x
[2021-02-28T14:26:12.887+0300][65.459s][info][gc          ] Trigger: Free (49412K) is below minimum threshold (102M)
[2021-02-28T14:26:12.887+0300][65.459s][info][gc,ergo     ] Free: 49412K, Max: 512K regular, 10752K humongous, Frag: 78% external, 0% internal; Reserve: 52736K, Max: 512K
[2021-02-28T14:26:12.887+0300][65.460s][info][gc,start    ] GC(20) Concurrent reset
[2021-02-28T14:26:12.887+0300][65.460s][info][gc,task     ] GC(20) Using 1 of 3 workers for concurrent reset
[2021-02-28T14:26:12.887+0300][65.460s][info][gc,ergo     ] GC(20) Pacer for Reset. Non-Taxable: 1024M
[2021-02-28T14:26:12.888+0300][65.461s][info][gc          ] GC(20) Concurrent reset 1.061ms
[2021-02-28T14:26:12.888+0300][65.461s][info][gc,start    ] GC(20) Pause Init Mark (process weakrefs) (unload classes)
[2021-02-28T14:26:12.888+0300][65.461s][info][gc,task     ] GC(20) Using 3 of 3 workers for init marking
[2021-02-28T14:26:12.888+0300][65.461s][info][gc,ergo     ] GC(20) Pacer for Mark. Expected Live: 922M, Free: 49412K, Non-Taxable: 4941K, Alloc Tax Rate: 23.4x
[2021-02-28T14:26:12.888+0300][65.461s][info][gc          ] GC(20) Pause Init Mark (process weakrefs) (unload classes) 0.280ms
[2021-02-28T14:26:12.888+0300][65.461s][info][gc,start    ] GC(20) Concurrent marking (process weakrefs) (unload classes)
[2021-02-28T14:26:12.888+0300][65.461s][info][gc,task     ] GC(20) Using 1 of 3 workers for concurrent marking
[2021-02-28T14:26:14.176+0300][66.749s][info][gc          ] GC(20) Concurrent marking (process weakrefs) (unload classes) 1288.075ms
[2021-02-28T14:26:14.176+0300][66.749s][info][gc,start    ] GC(20) Concurrent precleaning
[2021-02-28T14:26:14.176+0300][66.749s][info][gc,task     ] GC(20) Using 1 of 3 workers for concurrent preclean
[2021-02-28T14:26:14.176+0300][66.749s][info][gc,ergo     ] GC(20) Pacer for Precleaning. Non-Taxable: 1024M
[2021-02-28T14:26:14.176+0300][66.749s][info][gc          ] GC(20) Concurrent precleaning 0.144ms
[2021-02-28T14:26:14.185+0300][66.758s][info][gc,start    ] GC(20) Pause Final Mark (process weakrefs) (unload classes)
[2021-02-28T14:26:14.185+0300][66.758s][info][gc,task     ] GC(20) Using 3 of 3 workers for final marking
[2021-02-28T14:26:14.185+0300][66.758s][info][gc,ergo     ] GC(20) Adaptive CSet Selection. Target Free: 145M, Actual Free: 101376K, Max CSet: 43690K, Min Garbage: 47172K
[2021-02-28T14:26:14.185+0300][66.758s][info][gc,ergo     ] GC(20) Collectable Garbage: 1364K (78%), Immediate: 0B (0%), CSet: 1364K (78%)
[2021-02-28T14:26:14.185+0300][66.758s][info][gc,ergo     ] GC(20) Pacer for Evacuation. Used CSet: 44975K, Free: 48640K, Non-Taxable: 4864K, Alloc Tax Rate: 2.3x
[2021-02-28T14:26:14.185+0300][66.758s][info][gc          ] GC(20) Pause Final Mark (process weakrefs) (unload classes) 0.675ms
[2021-02-28T14:26:14.186+0300][66.759s][info][gc,start    ] GC(20) Concurrent weak roots
[2021-02-28T14:26:14.186+0300][66.759s][info][gc,task     ] GC(20) Using 1 of 3 workers for concurrent weak root
[2021-02-28T14:26:14.203+0300][66.776s][info][gc          ] GC(20) Concurrent weak roots 17.019ms
[2021-02-28T14:26:14.203+0300][66.776s][info][gc,start    ] GC(20) Concurrent cleanup
[2021-02-28T14:26:14.203+0300][66.776s][info][gc          ] GC(20) Concurrent cleanup 936M->936M(1024M) 0.028ms
[2021-02-28T14:26:14.203+0300][66.776s][info][gc,ergo     ] GC(20) Free: 48613K, Max: 512K regular, 10752K humongous, Frag: 78% external, 0% internal; Reserve: 40448K, Max: 512K
[2021-02-28T14:26:14.203+0300][66.776s][info][gc,start    ] GC(20) Concurrent class unloading
[2021-02-28T14:26:14.203+0300][66.776s][info][gc,task     ] GC(20) Using 1 of 3 workers for concurrent class unloading
[2021-02-28T14:26:14.213+0300][66.786s][info][gc          ] GC(20) Concurrent class unloading 10.043ms
[2021-02-28T14:26:14.213+0300][66.786s][info][gc,start    ] GC(20) Concurrent strong roots
[2021-02-28T14:26:14.213+0300][66.786s][info][gc,task     ] GC(20) Using 1 of 3 workers for concurrent strong root
[2021-02-28T14:26:14.213+0300][66.786s][info][gc          ] GC(20) Concurrent strong roots 0.208ms
[2021-02-28T14:26:14.213+0300][66.786s][info][gc,start    ] GC(20) Concurrent evacuation
[2021-02-28T14:26:14.213+0300][66.786s][info][gc,task     ] GC(20) Using 1 of 3 workers for concurrent evacuation
[2021-02-28T14:26:14.241+0300][66.814s][info][gc          ] GC(20) Concurrent evacuation 28.398ms
[2021-02-28T14:26:14.251+0300][66.824s][info][gc,start    ] GC(20) Pause Init Update Refs
[2021-02-28T14:26:14.251+0300][66.824s][info][gc,ergo     ] GC(20) Pacer for Update Refs. Used: 967M, Free: 48613K, Non-Taxable: 4861K, Alloc Tax Rate: 24.9x
[2021-02-28T14:26:14.251+0300][66.824s][info][gc          ] GC(20) Pause Init Update Refs 0.048ms
[2021-02-28T14:26:14.251+0300][66.824s][info][gc,start    ] GC(20) Concurrent update references
[2021-02-28T14:26:14.251+0300][66.824s][info][gc,task     ] GC(20) Using 1 of 3 workers for concurrent reference update
[2021-02-28T14:26:14.828+0300][67.401s][info][gc          ] GC(20) Concurrent update references 577.443ms
[2021-02-28T14:26:14.833+0300][67.406s][info][gc,start    ] GC(20) Pause Final Update Refs
[2021-02-28T14:26:14.833+0300][67.406s][info][gc,task     ] GC(20) Using 3 of 3 workers for final reference update
[2021-02-28T14:26:14.833+0300][67.406s][info][gc          ] GC(20) Pause Final Update Refs 0.245ms
[2021-02-28T14:26:14.833+0300][67.406s][info][gc,start    ] GC(20) Concurrent cleanup
[2021-02-28T14:26:14.833+0300][67.406s][info][gc          ] GC(20) Concurrent cleanup 967M->923M(1024M) 0.045ms
[2021-02-28T14:26:14.833+0300][67.406s][info][gc,ergo     ] Free: 49473K, Max: 512K regular, 12288K humongous, Frag: 75% external, 0% internal; Reserve: 52736K, Max: 512K
[2021-02-28T14:26:14.833+0300][67.406s][info][gc,stats    ] 
[2021-02-28T14:26:14.833+0300][67.406s][info][gc,stats    ] All times are wall-clock times, except per-root-class counters, that are sum over
[2021-02-28T14:26:14.833+0300][67.406s][info][gc,stats    ] all workers. Dividing the <total> over the root stage time estimates parallelism.
[2021-02-28T14:26:14.833+0300][67.406s][info][gc,stats    ] 
[2021-02-28T14:26:14.833+0300][67.406s][info][gc,stats    ] Concurrent Reset                   1113 us
[2021-02-28T14:26:14.833+0300][67.406s][info][gc,stats    ] Pause Init Mark (G)                 502 us
[2021-02-28T14:26:14.833+0300][67.406s][info][gc,stats    ] Pause Init Mark (N)                 294 us
[2021-02-28T14:26:14.833+0300][67.406s][info][gc,stats    ]   Manage TLABs                        3 us
[2021-02-28T14:26:14.833+0300][67.406s][info][gc,stats    ]   Update Region States               92 us
[2021-02-28T14:26:14.833+0300][67.406s][info][gc,stats    ]   Scan Roots                        111 us, parallelism: 0.66x
[2021-02-28T14:26:14.833+0300][67.406s][info][gc,stats    ]     S: <total>                       74 us
[2021-02-28T14:26:14.833+0300][67.406s][info][gc,stats    ]     S: Thread Roots                  70 us, workers (us):  55,  14,   1, 
[2021-02-28T14:26:14.833+0300][67.406s][info][gc,stats    ]     S: Universe Roots                 2 us, workers (us):   2, ---, ---, 
[2021-02-28T14:26:14.833+0300][67.406s][info][gc,stats    ]     S: Synchronizer Roots             0 us, workers (us):   0, ---, ---, 
[2021-02-28T14:26:14.833+0300][67.406s][info][gc,stats    ]     S: Management Roots               1 us, workers (us):   1, ---, ---, 
[2021-02-28T14:26:14.833+0300][67.406s][info][gc,stats    ]     S: JVMTI Roots                    0 us, workers (us):   0, ---, ---, 
[2021-02-28T14:26:14.833+0300][67.406s][info][gc,stats    ] Concurrent Marking              1288115 us
[2021-02-28T14:26:14.833+0300][67.406s][info][gc,stats    ]   Roots                             129 us, parallelism: 0.55x
[2021-02-28T14:26:14.833+0300][67.406s][info][gc,stats    ]     CM: <total>                      71 us
[2021-02-28T14:26:14.833+0300][67.406s][info][gc,stats    ]     CM: JNI Handles Roots             2 us, workers (us):   2, ---, ---, 
[2021-02-28T14:26:14.833+0300][67.406s][info][gc,stats    ]     CM: VM Global Roots               2 us, workers (us):   2, ---, ---, 
[2021-02-28T14:26:14.833+0300][67.406s][info][gc,stats    ]     CM: CLDG Roots                   67 us, workers (us):  67, ---, ---, 
[2021-02-28T14:26:14.833+0300][67.406s][info][gc,stats    ] Concurrent Precleaning              169 us
[2021-02-28T14:26:14.833+0300][67.406s][info][gc,stats    ] Pause Final Mark (G)               9088 us
[2021-02-28T14:26:14.833+0300][67.406s][info][gc,stats    ] Pause Final Mark (N)                689 us
[2021-02-28T14:26:14.833+0300][67.406s][info][gc,stats    ]   Finish Queues                     138 us
[2021-02-28T14:26:14.833+0300][67.406s][info][gc,stats    ]   Weak References                    21 us
[2021-02-28T14:26:14.833+0300][67.406s][info][gc,stats    ]     Process                          17 us
[2021-02-28T14:26:14.833+0300][67.406s][info][gc,stats    ]   System Purge                       88 us
[2021-02-28T14:26:14.833+0300][67.406s][info][gc,stats    ]     Weak Roots                       88 us, parallelism: 0.01x
[2021-02-28T14:26:14.833+0300][67.406s][info][gc,stats    ]       WR: <total>                     1 us
[2021-02-28T14:26:14.834+0300][67.406s][info][gc,stats    ]       WR: JVMTI Weak Roots            0 us, workers (us):   0, ---, ---, 
[2021-02-28T14:26:14.834+0300][67.406s][info][gc,stats    ]       WR: JFR Weak Roots              0 us, workers (us):   0, ---, ---, 
[2021-02-28T14:26:14.834+0300][67.406s][info][gc,stats    ]   Update Region States               91 us
[2021-02-28T14:26:14.834+0300][67.406s][info][gc,stats    ]   Manage GC/TLABs                     3 us
[2021-02-28T14:26:14.834+0300][67.406s][info][gc,stats    ]   Choose Collection Set             124 us
[2021-02-28T14:26:14.834+0300][67.406s][info][gc,stats    ]   Rebuild Free Set                   11 us
[2021-02-28T14:26:14.834+0300][67.406s][info][gc,stats    ]   Initial Evacuation                159 us, parallelism: 0.72x
[2021-02-28T14:26:14.834+0300][67.406s][info][gc,stats    ]     E: <total>                      114 us
[2021-02-28T14:26:14.834+0300][67.407s][info][gc,stats    ]     E: Thread Roots                 108 us, workers (us):  69,  29,  11, 
[2021-02-28T14:26:14.834+0300][67.407s][info][gc,stats    ]     E: Universe Roots                 4 us, workers (us):   4, ---, ---, 
[2021-02-28T14:26:14.834+0300][67.407s][info][gc,stats    ]     E: JVMTI Weak Roots               0 us, workers (us):   0, ---, ---, 
[2021-02-28T14:26:14.834+0300][67.407s][info][gc,stats    ]     E: JFR Weak Roots                 0 us, workers (us):   0, ---, ---, 
[2021-02-28T14:26:14.834+0300][67.407s][info][gc,stats    ]     E: Synchronizer Roots             0 us, workers (us):   0, ---, ---, 
[2021-02-28T14:26:14.834+0300][67.407s][info][gc,stats    ]     E: Management Roots               2 us, workers (us):   2, ---, ---, 
[2021-02-28T14:26:14.834+0300][67.407s][info][gc,stats    ]     E: JVMTI Roots                    0 us, workers (us):   0, ---, ---, 
[2021-02-28T14:26:14.834+0300][67.407s][info][gc,stats    ] Concurrent Weak Roots             17054 us
[2021-02-28T14:26:14.834+0300][67.407s][info][gc,stats    ]   Roots                             497 us, parallelism: 0.36x
[2021-02-28T14:26:14.834+0300][67.407s][info][gc,stats    ]     CWR: <total>                    177 us
[2021-02-28T14:26:14.834+0300][67.407s][info][gc,stats    ]     CWR: JNI Weak Roots               0 us, workers (us):   0, ---, ---, 
[2021-02-28T14:26:14.834+0300][67.407s][info][gc,stats    ]     CWR: String Table Roots         154 us, workers (us): 154, ---, ---, 
[2021-02-28T14:26:14.834+0300][67.407s][info][gc,stats    ]     CWR: Resolved Table Roots        11 us, workers (us):  11, ---, ---, 
[2021-02-28T14:26:14.834+0300][67.407s][info][gc,stats    ]     CWR: VM Weak Roots                8 us, workers (us):   8, ---, ---, 
[2021-02-28T14:26:14.834+0300][67.407s][info][gc,stats    ]     CWR: CLDG Roots                   4 us, workers (us):   4, ---, ---, 
[2021-02-28T14:26:14.834+0300][67.407s][info][gc,stats    ]   Rendezvous                      16484 us
[2021-02-28T14:26:14.834+0300][67.407s][info][gc,stats    ] Concurrent Cleanup                   42 us
[2021-02-28T14:26:14.834+0300][67.407s][info][gc,stats    ] Concurrent Class Unloading        10069 us
[2021-02-28T14:26:14.834+0300][67.407s][info][gc,stats    ]   Unlink Stale                     1293 us
[2021-02-28T14:26:14.834+0300][67.407s][info][gc,stats    ]     System Dictionary                 9 us
[2021-02-28T14:26:14.834+0300][67.407s][info][gc,stats    ]     Weak Class Links                  0 us
[2021-02-28T14:26:14.834+0300][67.407s][info][gc,stats    ]     Code Roots                     1282 us
[2021-02-28T14:26:14.834+0300][67.407s][info][gc,stats    ]   Rendezvous                       8531 us
[2021-02-28T14:26:14.834+0300][67.407s][info][gc,stats    ]   Purge Unlinked                    195 us
[2021-02-28T14:26:14.834+0300][67.407s][info][gc,stats    ]     Code Roots                      194 us
[2021-02-28T14:26:14.834+0300][67.407s][info][gc,stats    ]     CLDG                              0 us
[2021-02-28T14:26:14.834+0300][67.407s][info][gc,stats    ]     Exception Caches                  0 us
[2021-02-28T14:26:14.834+0300][67.407s][info][gc,stats    ] Concurrent Strong Roots             230 us, parallelism: 0.43x
[2021-02-28T14:26:14.834+0300][67.407s][info][gc,stats    ] Rendezvous                          100 us
[2021-02-28T14:26:14.834+0300][67.407s][info][gc,stats    ]   CSR: Universe Roots                 3 us, workers (us):   3, ---, ---, 
[2021-02-28T14:26:14.834+0300][67.407s][info][gc,stats    ]   CSR: Resolved Table Roots           2 us, workers (us):   2, ---, ---, 
[2021-02-28T14:26:14.834+0300][67.407s][info][gc,stats    ]   CSR: Management Roots              95 us, workers (us):  95, ---, ---, 
[2021-02-28T14:26:14.834+0300][67.407s][info][gc,stats    ] Concurrent Evacuation             28434 us
[2021-02-28T14:26:14.834+0300][67.407s][info][gc,stats    ] Pause Init  Update Refs (G)        9353 us
[2021-02-28T14:26:14.834+0300][67.407s][info][gc,stats    ] Pause Init  Update Refs (N)          60 us
[2021-02-28T14:26:14.834+0300][67.407s][info][gc,stats    ]   Manage GCLABs                       2 us
[2021-02-28T14:26:14.834+0300][67.407s][info][gc,stats    ] Concurrent Update Refs           577485 us
[2021-02-28T14:26:14.834+0300][67.407s][info][gc,stats    ] Pause Final Update Refs (G)        4740 us
[2021-02-28T14:26:14.834+0300][67.407s][info][gc,stats    ] Pause Final Update Refs (N)         268 us
[2021-02-28T14:26:14.834+0300][67.407s][info][gc,stats    ]   Update Roots                       90 us, parallelism: 0.58x
[2021-02-28T14:26:14.834+0300][67.407s][info][gc,stats    ]     UR: <total>                      52 us
[2021-02-28T14:26:14.834+0300][67.407s][info][gc,stats    ]     UR: Thread Roots                 52 us, workers (us):  42,   9,   1, 
[2021-02-28T14:26:14.834+0300][67.407s][info][gc,stats    ]   Update Region States               89 us
[2021-02-28T14:26:14.834+0300][67.407s][info][gc,stats    ]   Trash Collection Set                3 us
[2021-02-28T14:26:14.834+0300][67.407s][info][gc,stats    ]   Rebuild Free Set                   12 us
[2021-02-28T14:26:14.834+0300][67.407s][info][gc,stats    ] Concurrent Cleanup                   61 us
[2021-02-28T14:26:14.834+0300][67.407s][info][gc,stats    ] 
[2021-02-28T14:26:14.834+0300][67.407s][info][gc,stats    ] Allocation pacing accrued:
[2021-02-28T14:26:14.834+0300][67.407s][info][gc,stats    ]       0 of  1949 ms (  0.0%): <total>
[2021-02-28T14:26:14.834+0300][67.407s][info][gc,stats    ]       0 of  1949 ms (  0.0%): <average total>
[2021-02-28T14:26:14.834+0300][67.407s][info][gc,stats    ] 
[2021-02-28T14:26:14.834+0300][67.407s][info][gc,metaspace] Metaspace: 7186K(7552K)->7191K(7552K) NonClass: 6420K(6656K)->6426K(6656K) Class: 765K(896K)->765K(896K)
[2021-02-28T14:26:14.834+0300][67.407s][info][gc,ergo     ] Pacer for Idle. Initial: 20971K, Alloc Tax Rate: 1.0x
[2021-02-28T14:26:14.845+0300][67.417s][info][gc          ] Trigger: Free (49431K) is below minimum threshold (102M)
[2021-02-28T14:26:14.845+0300][67.417s][info][gc,ergo     ] Free: 49431K, Max: 512K regular, 12288K humongous, Frag: 75% external, 0% internal; Reserve: 52736K, Max: 512K
[2021-02-28T14:26:14.845+0300][67.418s][info][gc,start    ] GC(21) Concurrent reset
[2021-02-28T14:26:14.845+0300][67.418s][info][gc,task     ] GC(21) Using 1 of 3 workers for concurrent reset
[2021-02-28T14:26:14.845+0300][67.418s][info][gc,ergo     ] GC(21) Pacer for Reset. Non-Taxable: 1024M
[2021-02-28T14:26:14.846+0300][67.419s][info][gc          ] GC(21) Concurrent reset 1.256ms
[2021-02-28T14:26:14.860+0300][67.433s][info][gc,start    ] GC(21) Pause Init Mark (unload classes)
[2021-02-28T14:26:14.860+0300][67.433s][info][gc,task     ] GC(21) Using 3 of 3 workers for init marking
[2021-02-28T14:26:14.860+0300][67.433s][info][gc,ergo     ] GC(21) Pacer for Mark. Expected Live: 922M, Free: 49431K, Non-Taxable: 4943K, Alloc Tax Rate: 23.4x
[2021-02-28T14:26:14.860+0300][67.433s][info][gc          ] GC(21) Pause Init Mark (unload classes) 0.318ms
[2021-02-28T14:26:14.860+0300][67.433s][info][gc,start    ] GC(21) Concurrent marking (unload classes)
[2021-02-28T14:26:14.860+0300][67.433s][info][gc,task     ] GC(21) Using 1 of 3 workers for concurrent marking
[2021-02-28T14:26:16.113+0300][68.686s][info][gc          ] GC(21) Concurrent marking (unload classes) 1253.035ms
[2021-02-28T14:26:16.118+0300][68.691s][info][gc,start    ] GC(21) Pause Final Mark (unload classes)
[2021-02-28T14:26:16.118+0300][68.691s][info][gc,task     ] GC(21) Using 3 of 3 workers for final marking
[2021-02-28T14:26:16.118+0300][68.691s][info][gc,ergo     ] GC(21) Adaptive CSet Selection. Target Free: 145M, Actual Free: 101376K, Max CSet: 43690K, Min Garbage: 47172K
[2021-02-28T14:26:16.118+0300][68.691s][info][gc,ergo     ] GC(21) Collectable Garbage: 1371K (80%), Immediate: 0B (0%), CSet: 1371K (80%)
[2021-02-28T14:26:16.118+0300][68.691s][info][gc,ergo     ] GC(21) Pacer for Evacuation. Used CSet: 44938K, Free: 48640K, Non-Taxable: 4864K, Alloc Tax Rate: 2.3x
[2021-02-28T14:26:16.118+0300][68.691s][info][gc          ] GC(21) Pause Final Mark (unload classes) 0.535ms
[2021-02-28T14:26:16.118+0300][68.691s][info][gc,start    ] GC(21) Concurrent weak roots
[2021-02-28T14:26:16.118+0300][68.691s][info][gc,task     ] GC(21) Using 1 of 3 workers for concurrent weak root
[2021-02-28T14:26:16.136+0300][68.708s][info][gc          ] GC(21) Concurrent weak roots 17.326ms
[2021-02-28T14:26:16.136+0300][68.709s][info][gc,start    ] GC(21) Concurrent cleanup
[2021-02-28T14:26:16.136+0300][68.709s][info][gc          ] GC(21) Concurrent cleanup 936M->936M(1024M) 0.028ms
[2021-02-28T14:26:16.136+0300][68.709s][info][gc,ergo     ] GC(21) Free: 48613K, Max: 512K regular, 12288K humongous, Frag: 75% external, 0% internal; Reserve: 39936K, Max: 512K
[2021-02-28T14:26:16.136+0300][68.709s][info][gc,start    ] GC(21) Concurrent class unloading
[2021-02-28T14:26:16.136+0300][68.709s][info][gc,task     ] GC(21) Using 1 of 3 workers for concurrent class unloading
[2021-02-28T14:26:16.146+0300][68.719s][info][gc          ] GC(21) Concurrent class unloading 10.021ms
[2021-02-28T14:26:16.146+0300][68.719s][info][gc,start    ] GC(21) Concurrent strong roots
[2021-02-28T14:26:16.146+0300][68.719s][info][gc,task     ] GC(21) Using 1 of 3 workers for concurrent strong root
[2021-02-28T14:26:16.146+0300][68.719s][info][gc          ] GC(21) Concurrent strong roots 0.216ms
[2021-02-28T14:26:16.146+0300][68.719s][info][gc,start    ] GC(21) Concurrent evacuation
[2021-02-28T14:26:16.146+0300][68.719s][info][gc,task     ] GC(21) Using 1 of 3 workers for concurrent evacuation
[2021-02-28T14:26:16.175+0300][68.748s][info][gc          ] GC(21) Concurrent evacuation 29.191ms
[2021-02-28T14:26:16.185+0300][68.758s][info][gc,start    ] GC(21) Pause Init Update Refs
[2021-02-28T14:26:16.185+0300][68.758s][info][gc,ergo     ] GC(21) Pacer for Update Refs. Used: 967M, Free: 48613K, Non-Taxable: 4861K, Alloc Tax Rate: 24.9x
[2021-02-28T14:26:16.185+0300][68.758s][info][gc          ] GC(21) Pause Init Update Refs 0.047ms
[2021-02-28T14:26:16.185+0300][68.758s][info][gc,start    ] GC(21) Concurrent update references
[2021-02-28T14:26:16.185+0300][68.758s][info][gc,task     ] GC(21) Using 1 of 3 workers for concurrent reference update
[2021-02-28T14:26:16.755+0300][69.328s][info][gc          ] GC(21) Concurrent update references 569.813ms
[2021-02-28T14:26:16.761+0300][69.334s][info][gc,start    ] GC(21) Pause Final Update Refs
[2021-02-28T14:26:16.761+0300][69.334s][info][gc,task     ] GC(21) Using 3 of 3 workers for final reference update
[2021-02-28T14:26:16.761+0300][69.334s][info][gc          ] GC(21) Pause Final Update Refs 0.269ms
[2021-02-28T14:26:16.761+0300][69.334s][info][gc,start    ] GC(21) Concurrent cleanup
[2021-02-28T14:26:16.761+0300][69.334s][info][gc          ] GC(21) Concurrent cleanup 967M->923M(1024M) 0.041ms
[2021-02-28T14:26:16.761+0300][69.334s][info][gc,ergo     ] Free: 49579K, Max: 512K regular, 5120K humongous, Frag: 90% external, 0% internal; Reserve: 52736K, Max: 512K
[2021-02-28T14:26:16.761+0300][69.334s][info][gc,stats    ] 
[2021-02-28T14:26:16.761+0300][69.334s][info][gc,stats    ] All times are wall-clock times, except per-root-class counters, that are sum over
[2021-02-28T14:26:16.761+0300][69.334s][info][gc,stats    ] all workers. Dividing the <total> over the root stage time estimates parallelism.
[2021-02-28T14:26:16.761+0300][69.334s][info][gc,stats    ] 
[2021-02-28T14:26:16.761+0300][69.334s][info][gc,stats    ] Concurrent Reset                   1311 us
[2021-02-28T14:26:16.761+0300][69.334s][info][gc,stats    ] Pause Init Mark (G)               14205 us
[2021-02-28T14:26:16.761+0300][69.334s][info][gc,stats    ] Pause Init Mark (N)                 336 us
[2021-02-28T14:26:16.761+0300][69.334s][info][gc,stats    ]   Manage TLABs                        3 us
[2021-02-28T14:26:16.761+0300][69.334s][info][gc,stats    ]   Update Region States               89 us
[2021-02-28T14:26:16.761+0300][69.334s][info][gc,stats    ]   Scan Roots                        111 us, parallelism: 0.69x
[2021-02-28T14:26:16.761+0300][69.334s][info][gc,stats    ]     S: <total>                       77 us
[2021-02-28T14:26:16.761+0300][69.334s][info][gc,stats    ]     S: Thread Roots                  73 us, workers (us):  55,   9,   9, 
[2021-02-28T14:26:16.761+0300][69.334s][info][gc,stats    ]     S: Universe Roots                 2 us, workers (us):   2, ---, ---, 
[2021-02-28T14:26:16.761+0300][69.334s][info][gc,stats    ]     S: Synchronizer Roots             0 us, workers (us):   0, ---, ---, 
[2021-02-28T14:26:16.761+0300][69.334s][info][gc,stats    ]     S: Management Roots               1 us, workers (us):   1, ---, ---, 
[2021-02-28T14:26:16.761+0300][69.334s][info][gc,stats    ]     S: JVMTI Roots                    0 us, workers (us):   0, ---, ---, 
[2021-02-28T14:26:16.762+0300][69.334s][info][gc,stats    ] Concurrent Marking              1253073 us
[2021-02-28T14:26:16.762+0300][69.334s][info][gc,stats    ]   Roots                             151 us, parallelism: 0.43x
[2021-02-28T14:26:16.762+0300][69.334s][info][gc,stats    ]     CM: <total>                      65 us
[2021-02-28T14:26:16.762+0300][69.334s][info][gc,stats    ]     CM: JNI Handles Roots             2 us, workers (us):   2, ---, ---, 
[2021-02-28T14:26:16.762+0300][69.334s][info][gc,stats    ]     CM: VM Global Roots               2 us, workers (us):   2, ---, ---, 
[2021-02-28T14:26:16.762+0300][69.334s][info][gc,stats    ]     CM: CLDG Roots                   62 us, workers (us):  62, ---, ---, 
[2021-02-28T14:26:16.762+0300][69.334s][info][gc,stats    ] Pause Final Mark (G)               5043 us
[2021-02-28T14:26:16.762+0300][69.334s][info][gc,stats    ] Pause Final Mark (N)                548 us
[2021-02-28T14:26:16.762+0300][69.335s][info][gc,stats    ]   Finish Queues                     110 us
[2021-02-28T14:26:16.762+0300][69.335s][info][gc,stats    ]   System Purge                       65 us
[2021-02-28T14:26:16.762+0300][69.335s][info][gc,stats    ]     Weak Roots                       64 us, parallelism: 0.01x
[2021-02-28T14:26:16.762+0300][69.335s][info][gc,stats    ]       WR: <total>                     1 us
[2021-02-28T14:26:16.762+0300][69.335s][info][gc,stats    ]       WR: JVMTI Weak Roots            0 us, workers (us):   0, ---, ---, 
[2021-02-28T14:26:16.762+0300][69.335s][info][gc,stats    ]       WR: JFR Weak Roots              0 us, workers (us):   0, ---, ---, 
[2021-02-28T14:26:16.762+0300][69.335s][info][gc,stats    ]   Update Region States               46 us
[2021-02-28T14:26:16.762+0300][69.335s][info][gc,stats    ]   Manage GC/TLABs                     3 us
[2021-02-28T14:26:16.762+0300][69.335s][info][gc,stats    ]   Choose Collection Set             121 us
[2021-02-28T14:26:16.762+0300][69.335s][info][gc,stats    ]   Rebuild Free Set                   11 us
[2021-02-28T14:26:16.762+0300][69.335s][info][gc,stats    ]   Initial Evacuation                129 us, parallelism: 0.88x
[2021-02-28T14:26:16.762+0300][69.335s][info][gc,stats    ]     E: <total>                      114 us
[2021-02-28T14:26:16.762+0300][69.335s][info][gc,stats    ]     E: Thread Roots                 107 us, workers (us):  42,  29,  36, 
[2021-02-28T14:26:16.762+0300][69.335s][info][gc,stats    ]     E: Universe Roots                 4 us, workers (us):   4, ---, ---, 
[2021-02-28T14:26:16.762+0300][69.335s][info][gc,stats    ]     E: JVMTI Weak Roots               0 us, workers (us):   0, ---, ---, 
[2021-02-28T14:26:16.762+0300][69.335s][info][gc,stats    ]     E: JFR Weak Roots                 0 us, workers (us):   0, ---, ---, 
[2021-02-28T14:26:16.762+0300][69.335s][info][gc,stats    ]     E: Synchronizer Roots             0 us, workers (us):   0, ---, ---, 
[2021-02-28T14:26:16.762+0300][69.335s][info][gc,stats    ]     E: Management Roots               2 us, workers (us):   2, ---, ---, 
[2021-02-28T14:26:16.762+0300][69.335s][info][gc,stats    ]     E: JVMTI Roots                    0 us, workers (us):   0, ---, ---, 
[2021-02-28T14:26:16.762+0300][69.335s][info][gc,stats    ] Concurrent Weak Roots             17360 us
[2021-02-28T14:26:16.762+0300][69.335s][info][gc,stats    ]   Roots                             471 us, parallelism: 0.39x
[2021-02-28T14:26:16.762+0300][69.335s][info][gc,stats    ]     CWR: <total>                    185 us
[2021-02-28T14:26:16.762+0300][69.335s][info][gc,stats    ]     CWR: JNI Weak Roots               0 us, workers (us):   0, ---, ---, 
[2021-02-28T14:26:16.762+0300][69.335s][info][gc,stats    ]     CWR: String Table Roots         162 us, workers (us): 162, ---, ---, 
[2021-02-28T14:26:16.762+0300][69.335s][info][gc,stats    ]     CWR: Resolved Table Roots        12 us, workers (us):  12, ---, ---, 
[2021-02-28T14:26:16.762+0300][69.335s][info][gc,stats    ]     CWR: VM Weak Roots                7 us, workers (us):   7, ---, ---, 
[2021-02-28T14:26:16.762+0300][69.335s][info][gc,stats    ]     CWR: CLDG Roots                   4 us, workers (us):   4, ---, ---, 
[2021-02-28T14:26:16.762+0300][69.335s][info][gc,stats    ]   Rendezvous                      16801 us
[2021-02-28T14:26:16.762+0300][69.335s][info][gc,stats    ] Concurrent Cleanup                   42 us
[2021-02-28T14:26:16.762+0300][69.335s][info][gc,stats    ] Concurrent Class Unloading        10062 us
[2021-02-28T14:26:16.762+0300][69.335s][info][gc,stats    ]   Unlink Stale                     1323 us
[2021-02-28T14:26:16.762+0300][69.335s][info][gc,stats    ]     System Dictionary                 9 us
[2021-02-28T14:26:16.762+0300][69.335s][info][gc,stats    ]     Weak Class Links                  0 us
[2021-02-28T14:26:16.762+0300][69.335s][info][gc,stats    ]     Code Roots                     1313 us
[2021-02-28T14:26:16.762+0300][69.335s][info][gc,stats    ]   Rendezvous                       8577 us
[2021-02-28T14:26:16.762+0300][69.335s][info][gc,stats    ]   Purge Unlinked                     96 us
[2021-02-28T14:26:16.762+0300][69.335s][info][gc,stats    ]     Code Roots                       96 us
[2021-02-28T14:26:16.762+0300][69.335s][info][gc,stats    ]     CLDG                              0 us
[2021-02-28T14:26:16.762+0300][69.335s][info][gc,stats    ]     Exception Caches                  0 us
[2021-02-28T14:26:16.762+0300][69.335s][info][gc,stats    ] Concurrent Strong Roots             238 us, parallelism: 0.48x
[2021-02-28T14:26:16.762+0300][69.335s][info][gc,stats    ] Rendezvous                          113 us
[2021-02-28T14:26:16.762+0300][69.335s][info][gc,stats    ]   CSR: Universe Roots                16 us, workers (us):  16, ---, ---, 
[2021-02-28T14:26:16.762+0300][69.335s][info][gc,stats    ]   CSR: Resolved Table Roots           2 us, workers (us):   2, ---, ---, 
[2021-02-28T14:26:16.762+0300][69.335s][info][gc,stats    ]   CSR: Management Roots              95 us, workers (us):  95, ---, ---, 
[2021-02-28T14:26:16.762+0300][69.335s][info][gc,stats    ] Concurrent Evacuation             29228 us
[2021-02-28T14:26:16.762+0300][69.335s][info][gc,stats    ] Pause Init  Update Refs (G)        9776 us
[2021-02-28T14:26:16.762+0300][69.335s][info][gc,stats    ] Pause Init  Update Refs (N)          59 us
[2021-02-28T14:26:16.762+0300][69.335s][info][gc,stats    ]   Manage GCLABs                       2 us
[2021-02-28T14:26:16.762+0300][69.335s][info][gc,stats    ] Concurrent Update Refs           569851 us
[2021-02-28T14:26:16.762+0300][69.335s][info][gc,stats    ] Pause Final Update Refs (G)        6328 us
[2021-02-28T14:26:16.762+0300][69.335s][info][gc,stats    ] Pause Final Update Refs (N)         291 us
[2021-02-28T14:26:16.762+0300][69.335s][info][gc,stats    ]   Update Roots                      113 us, parallelism: 0.51x
[2021-02-28T14:26:16.762+0300][69.335s][info][gc,stats    ]     UR: <total>                      58 us
[2021-02-28T14:26:16.762+0300][69.335s][info][gc,stats    ]     UR: Thread Roots                 58 us, workers (us):  34,  11,  12, 
[2021-02-28T14:26:16.762+0300][69.335s][info][gc,stats    ]   Update Region States               97 us
[2021-02-28T14:26:16.762+0300][69.335s][info][gc,stats    ]   Trash Collection Set                3 us
[2021-02-28T14:26:16.762+0300][69.335s][info][gc,stats    ]   Rebuild Free Set                   12 us
[2021-02-28T14:26:16.762+0300][69.335s][info][gc,stats    ] Concurrent Cleanup                   56 us
[2021-02-28T14:26:16.762+0300][69.335s][info][gc,stats    ] 
[2021-02-28T14:26:16.762+0300][69.335s][info][gc,stats    ] Allocation pacing accrued:
[2021-02-28T14:26:16.762+0300][69.335s][info][gc,stats    ]       0 of  1928 ms (  0.0%): <total>
[2021-02-28T14:26:16.762+0300][69.335s][info][gc,stats    ]       0 of  1928 ms (  0.0%): <average total>
[2021-02-28T14:26:16.762+0300][69.335s][info][gc,stats    ] 
[2021-02-28T14:26:16.762+0300][69.335s][info][gc,metaspace] Metaspace: 7191K(7552K)->7192K(7552K) NonClass: 6426K(6656K)->6427K(6656K) Class: 765K(896K)->765K(896K)
[2021-02-28T14:26:16.762+0300][69.335s][info][gc,ergo     ] Pacer for Idle. Initial: 20971K, Alloc Tax Rate: 1.0x
[2021-02-28T14:26:16.764+0300][69.336s][info][gc          ] Trigger: Free (49538K) is below minimum threshold (102M)
[2021-02-28T14:26:16.764+0300][69.337s][info][gc,ergo     ] Free: 49538K, Max: 512K regular, 5120K humongous, Frag: 90% external, 0% internal; Reserve: 52736K, Max: 512K
[2021-02-28T14:26:16.764+0300][69.337s][info][gc,start    ] GC(22) Concurrent reset
[2021-02-28T14:26:16.764+0300][69.337s][info][gc,task     ] GC(22) Using 1 of 3 workers for concurrent reset
[2021-02-28T14:26:16.764+0300][69.337s][info][gc,ergo     ] GC(22) Pacer for Reset. Non-Taxable: 1024M
[2021-02-28T14:26:16.765+0300][69.338s][info][gc          ] GC(22) Concurrent reset 1.378ms
[2021-02-28T14:26:16.780+0300][69.353s][info][gc,start    ] GC(22) Pause Init Mark (unload classes)
[2021-02-28T14:26:16.780+0300][69.353s][info][gc,task     ] GC(22) Using 3 of 3 workers for init marking
[2021-02-28T14:26:16.780+0300][69.353s][info][gc,ergo     ] GC(22) Pacer for Mark. Expected Live: 922M, Free: 49538K, Non-Taxable: 4953K, Alloc Tax Rate: 23.3x
[2021-02-28T14:26:16.780+0300][69.353s][info][gc          ] GC(22) Pause Init Mark (unload classes) 0.303ms
[2021-02-28T14:26:16.780+0300][69.353s][info][gc,start    ] GC(22) Concurrent marking (unload classes)
[2021-02-28T14:26:16.780+0300][69.353s][info][gc,task     ] GC(22) Using 1 of 3 workers for concurrent marking
[2021-02-28T14:26:18.034+0300][70.607s][info][gc          ] GC(22) Concurrent marking (unload classes) 1253.976ms
[2021-02-28T14:26:18.047+0300][70.620s][info][gc,start    ] GC(22) Pause Final Mark (unload classes)
[2021-02-28T14:26:18.047+0300][70.620s][info][gc,task     ] GC(22) Using 3 of 3 workers for final marking
[2021-02-28T14:26:18.047+0300][70.620s][info][gc,ergo     ] GC(22) Adaptive CSet Selection. Target Free: 145M, Actual Free: 101376K, Max CSet: 43690K, Min Garbage: 47172K
[2021-02-28T14:26:18.047+0300][70.620s][info][gc,ergo     ] GC(22) Collectable Garbage: 1288K (82%), Immediate: 0B (0%), CSet: 1288K (82%)
[2021-02-28T14:26:18.047+0300][70.620s][info][gc,ergo     ] GC(22) Pacer for Evacuation. Used CSet: 44939K, Free: 48640K, Non-Taxable: 4864K, Alloc Tax Rate: 2.3x
[2021-02-28T14:26:18.047+0300][70.620s][info][gc          ] GC(22) Pause Final Mark (unload classes) 0.704ms
[2021-02-28T14:26:18.048+0300][70.620s][info][gc,start    ] GC(22) Concurrent weak roots
[2021-02-28T14:26:18.048+0300][70.621s][info][gc,task     ] GC(22) Using 1 of 3 workers for concurrent weak root
[2021-02-28T14:26:18.065+0300][70.638s][info][gc          ] GC(22) Concurrent weak roots 17.044ms
[2021-02-28T14:26:18.065+0300][70.638s][info][gc,start    ] GC(22) Concurrent cleanup
[2021-02-28T14:26:18.065+0300][70.638s][info][gc          ] GC(22) Concurrent cleanup 936M->936M(1024M) 0.029ms
[2021-02-28T14:26:18.065+0300][70.638s][info][gc,ergo     ] GC(22) Free: 48613K, Max: 512K regular, 5120K humongous, Frag: 90% external, 0% internal; Reserve: 39936K, Max: 512K
[2021-02-28T14:26:18.065+0300][70.638s][info][gc,start    ] GC(22) Concurrent class unloading
[2021-02-28T14:26:18.065+0300][70.638s][info][gc,task     ] GC(22) Using 1 of 3 workers for concurrent class unloading
[2021-02-28T14:26:18.075+0300][70.648s][info][gc          ] GC(22) Concurrent class unloading 9.977ms
[2021-02-28T14:26:18.075+0300][70.648s][info][gc,start    ] GC(22) Concurrent strong roots
[2021-02-28T14:26:18.075+0300][70.648s][info][gc,task     ] GC(22) Using 1 of 3 workers for concurrent strong root
[2021-02-28T14:26:18.075+0300][70.648s][info][gc          ] GC(22) Concurrent strong roots 0.192ms
[2021-02-28T14:26:18.075+0300][70.648s][info][gc,start    ] GC(22) Concurrent evacuation
[2021-02-28T14:26:18.075+0300][70.648s][info][gc,task     ] GC(22) Using 1 of 3 workers for concurrent evacuation
[2021-02-28T14:26:18.103+0300][70.676s][info][gc          ] GC(22) Concurrent evacuation 27.733ms
[2021-02-28T14:26:18.103+0300][70.676s][info][gc,start    ] GC(22) Pause Init Update Refs
[2021-02-28T14:26:18.103+0300][70.676s][info][gc,ergo     ] GC(22) Pacer for Update Refs. Used: 967M, Free: 48613K, Non-Taxable: 4861K, Alloc Tax Rate: 24.9x
[2021-02-28T14:26:18.104+0300][70.676s][info][gc          ] GC(22) Pause Init Update Refs 0.045ms
[2021-02-28T14:26:18.104+0300][70.676s][info][gc,start    ] GC(22) Concurrent update references
[2021-02-28T14:26:18.104+0300][70.677s][info][gc,task     ] GC(22) Using 1 of 3 workers for concurrent reference update
[2021-02-28T14:26:18.624+0300][71.197s][info][gc          ] GC(22) Concurrent update references 520.885ms
[2021-02-28T14:26:18.634+0300][71.207s][info][gc,start    ] GC(22) Pause Final Update Refs
[2021-02-28T14:26:18.634+0300][71.207s][info][gc,task     ] GC(22) Using 3 of 3 workers for final reference update
[2021-02-28T14:26:18.634+0300][71.207s][info][gc          ] GC(22) Pause Final Update Refs 0.242ms
[2021-02-28T14:26:18.634+0300][71.207s][info][gc,start    ] GC(22) Concurrent cleanup
[2021-02-28T14:26:18.634+0300][71.207s][info][gc          ] GC(22) Concurrent cleanup 966M->923M(1024M) 0.052ms
[2021-02-28T14:26:18.634+0300][71.207s][info][gc,ergo     ] Free: 50123K, Max: 512K regular, 7168K humongous, Frag: 86% external, 0% internal; Reserve: 52736K, Max: 512K
[2021-02-28T14:26:18.634+0300][71.207s][info][gc,stats    ] 
[2021-02-28T14:26:18.634+0300][71.207s][info][gc,stats    ] All times are wall-clock times, except per-root-class counters, that are sum over
[2021-02-28T14:26:18.634+0300][71.207s][info][gc,stats    ] all workers. Dividing the <total> over the root stage time estimates parallelism.
[2021-02-28T14:26:18.634+0300][71.207s][info][gc,stats    ] 
[2021-02-28T14:26:18.634+0300][71.207s][info][gc,stats    ] Concurrent Reset                   1431 us
[2021-02-28T14:26:18.634+0300][71.207s][info][gc,stats    ] Pause Init Mark (G)               15069 us
[2021-02-28T14:26:18.634+0300][71.207s][info][gc,stats    ] Pause Init Mark (N)                 317 us
[2021-02-28T14:26:18.634+0300][71.207s][info][gc,stats    ]   Manage TLABs                        4 us
[2021-02-28T14:26:18.634+0300][71.207s][info][gc,stats    ]   Update Region States               95 us
[2021-02-28T14:26:18.634+0300][71.207s][info][gc,stats    ]   Scan Roots                        133 us, parallelism: 0.65x
[2021-02-28T14:26:18.634+0300][71.207s][info][gc,stats    ]     S: <total>                       87 us
[2021-02-28T14:26:18.634+0300][71.207s][info][gc,stats    ]     S: Thread Roots                  83 us, workers (us):  30,  18,  35, 
[2021-02-28T14:26:18.634+0300][71.207s][info][gc,stats    ]     S: Universe Roots                 2 us, workers (us):   2, ---, ---, 
[2021-02-28T14:26:18.634+0300][71.207s][info][gc,stats    ]     S: Synchronizer Roots             0 us, workers (us):   0, ---, ---, 
[2021-02-28T14:26:18.634+0300][71.207s][info][gc,stats    ]     S: Management Roots               1 us, workers (us):   1, ---, ---, 
[2021-02-28T14:26:18.634+0300][71.207s][info][gc,stats    ]     S: JVMTI Roots                    0 us, workers (us):   0, ---, ---, 
[2021-02-28T14:26:18.634+0300][71.207s][info][gc,stats    ] Concurrent Marking              1254012 us
[2021-02-28T14:26:18.634+0300][71.207s][info][gc,stats    ]   Roots                             163 us, parallelism: 0.45x
[2021-02-28T14:26:18.634+0300][71.207s][info][gc,stats    ]     CM: <total>                      74 us
[2021-02-28T14:26:18.634+0300][71.207s][info][gc,stats    ]     CM: JNI Handles Roots             2 us, workers (us):   2, ---, ---, 
[2021-02-28T14:26:18.634+0300][71.207s][info][gc,stats    ]     CM: VM Global Roots               2 us, workers (us):   2, ---, ---, 
[2021-02-28T14:26:18.634+0300][71.207s][info][gc,stats    ]     CM: CLDG Roots                   70 us, workers (us):  70, ---, ---, 
[2021-02-28T14:26:18.634+0300][71.207s][info][gc,stats    ] Pause Final Mark (G)              13422 us
[2021-02-28T14:26:18.634+0300][71.207s][info][gc,stats    ] Pause Final Mark (N)                718 us
[2021-02-28T14:26:18.635+0300][71.207s][info][gc,stats    ]   Finish Queues                     139 us
[2021-02-28T14:26:18.635+0300][71.207s][info][gc,stats    ]   System Purge                       88 us
[2021-02-28T14:26:18.635+0300][71.207s][info][gc,stats    ]     Weak Roots                       88 us, parallelism: 0.01x
[2021-02-28T14:26:18.635+0300][71.207s][info][gc,stats    ]       WR: <total>                     1 us
[2021-02-28T14:26:18.635+0300][71.207s][info][gc,stats    ]       WR: JVMTI Weak Roots            0 us, workers (us):   0, ---, ---, 
[2021-02-28T14:26:18.635+0300][71.207s][info][gc,stats    ]       WR: JFR Weak Roots              0 us, workers (us):   0, ---, ---, 
[2021-02-28T14:26:18.635+0300][71.207s][info][gc,stats    ]   Update Region States               87 us
[2021-02-28T14:26:18.635+0300][71.208s][info][gc,stats    ]   Manage GC/TLABs                     3 us
[2021-02-28T14:26:18.635+0300][71.208s][info][gc,stats    ]   Choose Collection Set             172 us
[2021-02-28T14:26:18.635+0300][71.208s][info][gc,stats    ]   Rebuild Free Set                   11 us
[2021-02-28T14:26:18.635+0300][71.208s][info][gc,stats    ]   Initial Evacuation                160 us, parallelism: 0.70x
[2021-02-28T14:26:18.635+0300][71.208s][info][gc,stats    ]     E: <total>                      113 us
[2021-02-28T14:26:18.635+0300][71.208s][info][gc,stats    ]     E: Thread Roots                 106 us, workers (us):  46,  47,  13, 
[2021-02-28T14:26:18.635+0300][71.208s][info][gc,stats    ]     E: Universe Roots                 4 us, workers (us):   4, ---, ---, 
[2021-02-28T14:26:18.635+0300][71.208s][info][gc,stats    ]     E: JVMTI Weak Roots               0 us, workers (us):   0, ---, ---, 
[2021-02-28T14:26:18.635+0300][71.208s][info][gc,stats    ]     E: JFR Weak Roots                 0 us, workers (us):   0, ---, ---, 
[2021-02-28T14:26:18.635+0300][71.208s][info][gc,stats    ]     E: Synchronizer Roots             0 us, workers (us):   0, ---, ---, 
[2021-02-28T14:26:18.635+0300][71.208s][info][gc,stats    ]     E: Management Roots               2 us, workers (us):   2, ---, ---, 
[2021-02-28T14:26:18.635+0300][71.208s][info][gc,stats    ]     E: JVMTI Roots                    0 us, workers (us):   0, ---, ---, 
[2021-02-28T14:26:18.635+0300][71.208s][info][gc,stats    ] Concurrent Weak Roots             17077 us
[2021-02-28T14:26:18.635+0300][71.208s][info][gc,stats    ]   Roots                             481 us, parallelism: 0.23x
[2021-02-28T14:26:18.635+0300][71.208s][info][gc,stats    ]     CWR: <total>                    109 us
[2021-02-28T14:26:18.635+0300][71.208s][info][gc,stats    ]     CWR: JNI Weak Roots               0 us, workers (us):   0, ---, ---, 
[2021-02-28T14:26:18.635+0300][71.208s][info][gc,stats    ]     CWR: String Table Roots          94 us, workers (us):  94, ---, ---, 
[2021-02-28T14:26:18.635+0300][71.208s][info][gc,stats    ]     CWR: Resolved Table Roots         3 us, workers (us):   3, ---, ---, 
[2021-02-28T14:26:18.635+0300][71.208s][info][gc,stats    ]     CWR: VM Weak Roots                7 us, workers (us):   7, ---, ---, 
[2021-02-28T14:26:18.635+0300][71.208s][info][gc,stats    ]     CWR: CLDG Roots                   5 us, workers (us):   5, ---, ---, 
[2021-02-28T14:26:18.635+0300][71.208s][info][gc,stats    ]   Rendezvous                      16513 us
[2021-02-28T14:26:18.635+0300][71.208s][info][gc,stats    ] Concurrent Cleanup                   42 us
[2021-02-28T14:26:18.635+0300][71.208s][info][gc,stats    ] Concurrent Class Unloading        10001 us
[2021-02-28T14:26:18.635+0300][71.208s][info][gc,stats    ]   Unlink Stale                     1275 us
[2021-02-28T14:26:18.635+0300][71.208s][info][gc,stats    ]     System Dictionary                 9 us
[2021-02-28T14:26:18.635+0300][71.208s][info][gc,stats    ]     Weak Class Links                  0 us
[2021-02-28T14:26:18.635+0300][71.208s][info][gc,stats    ]     Code Roots                     1265 us
[2021-02-28T14:26:18.635+0300][71.208s][info][gc,stats    ]   Rendezvous                       8573 us
[2021-02-28T14:26:18.635+0300][71.208s][info][gc,stats    ]   Purge Unlinked                    104 us
[2021-02-28T14:26:18.635+0300][71.208s][info][gc,stats    ]     Code Roots                      104 us
[2021-02-28T14:26:18.635+0300][71.208s][info][gc,stats    ]     CLDG                              0 us
[2021-02-28T14:26:18.635+0300][71.208s][info][gc,stats    ]     Exception Caches                  0 us
[2021-02-28T14:26:18.635+0300][71.208s][info][gc,stats    ] Concurrent Strong Roots             214 us, parallelism: 0.40x
[2021-02-28T14:26:18.635+0300][71.208s][info][gc,stats    ] Rendezvous                           86 us
[2021-02-28T14:26:18.635+0300][71.208s][info][gc,stats    ]   CSR: Universe Roots                 1 us, workers (us):   1, ---, ---, 
[2021-02-28T14:26:18.635+0300][71.208s][info][gc,stats    ]   CSR: Resolved Table Roots           1 us, workers (us):   1, ---, ---, 
[2021-02-28T14:26:18.635+0300][71.208s][info][gc,stats    ]   CSR: Management Roots              84 us, workers (us):  84, ---, ---, 
[2021-02-28T14:26:18.635+0300][71.208s][info][gc,stats    ] Concurrent Evacuation             27782 us
[2021-02-28T14:26:18.635+0300][71.208s][info][gc,stats    ] Pause Init  Update Refs (G)         863 us
[2021-02-28T14:26:18.635+0300][71.208s][info][gc,stats    ] Pause Init  Update Refs (N)          58 us
[2021-02-28T14:26:18.635+0300][71.208s][info][gc,stats    ]   Manage GCLABs                       2 us
[2021-02-28T14:26:18.635+0300][71.208s][info][gc,stats    ] Concurrent Update Refs           520925 us
[2021-02-28T14:26:18.635+0300][71.208s][info][gc,stats    ] Pause Final Update Refs (G)        9587 us
[2021-02-28T14:26:18.635+0300][71.208s][info][gc,stats    ] Pause Final Update Refs (N)         265 us
[2021-02-28T14:26:18.635+0300][71.208s][info][gc,stats    ]   Update Roots                       90 us, parallelism: 0.56x
[2021-02-28T14:26:18.635+0300][71.208s][info][gc,stats    ]     UR: <total>                      50 us
[2021-02-28T14:26:18.635+0300][71.208s][info][gc,stats    ]     UR: Thread Roots                 50 us, workers (us):  40,   9,   1, 
[2021-02-28T14:26:18.635+0300][71.208s][info][gc,stats    ]   Update Region States               92 us
[2021-02-28T14:26:18.635+0300][71.208s][info][gc,stats    ]   Trash Collection Set                3 us
[2021-02-28T14:26:18.635+0300][71.208s][info][gc,stats    ]   Rebuild Free Set                   13 us
[2021-02-28T14:26:18.635+0300][71.208s][info][gc,stats    ] Concurrent Cleanup                   68 us
[2021-02-28T14:26:18.635+0300][71.208s][info][gc,stats    ] 
[2021-02-28T14:26:18.635+0300][71.208s][info][gc,stats    ] Allocation pacing accrued:
[2021-02-28T14:26:18.635+0300][71.208s][info][gc,stats    ]       0 of  1873 ms (  0.0%): <total>
[2021-02-28T14:26:18.635+0300][71.208s][info][gc,stats    ]       0 of  1873 ms (  0.0%): <average total>
[2021-02-28T14:26:18.635+0300][71.208s][info][gc,stats    ] 
[2021-02-28T14:26:18.635+0300][71.208s][info][gc,metaspace] Metaspace: 7192K(7552K)->7192K(7552K) NonClass: 6427K(6656K)->6427K(6656K) Class: 765K(896K)->765K(896K)
[2021-02-28T14:26:18.635+0300][71.208s][info][gc,ergo     ] Pacer for Idle. Initial: 20971K, Alloc Tax Rate: 1.0x
[2021-02-28T14:26:18.637+0300][71.209s][info][gc          ] Trigger: Free (50079K) is below minimum threshold (102M)
[2021-02-28T14:26:18.637+0300][71.210s][info][gc,ergo     ] Free: 50079K, Max: 512K regular, 7168K humongous, Frag: 86% external, 0% internal; Reserve: 52736K, Max: 512K
[2021-02-28T14:26:18.637+0300][71.210s][info][gc,start    ] GC(23) Concurrent reset
[2021-02-28T14:26:18.637+0300][71.210s][info][gc,task     ] GC(23) Using 1 of 3 workers for concurrent reset
[2021-02-28T14:26:18.637+0300][71.210s][info][gc,ergo     ] GC(23) Pacer for Reset. Non-Taxable: 1024M
[2021-02-28T14:26:18.638+0300][71.211s][info][gc          ] GC(23) Concurrent reset 1.121ms
[2021-02-28T14:26:18.638+0300][71.211s][info][gc,start    ] GC(23) Pause Init Mark (unload classes)
[2021-02-28T14:26:18.638+0300][71.211s][info][gc,task     ] GC(23) Using 3 of 3 workers for init marking
[2021-02-28T14:26:18.638+0300][71.211s][info][gc,ergo     ] GC(23) Pacer for Mark. Expected Live: 922M, Free: 50079K, Non-Taxable: 5007K, Alloc Tax Rate: 23.0x
[2021-02-28T14:26:18.638+0300][71.211s][info][gc          ] GC(23) Pause Init Mark (unload classes) 0.300ms
[2021-02-28T14:26:18.638+0300][71.211s][info][gc,start    ] GC(23) Concurrent marking (unload classes)
[2021-02-28T14:26:18.638+0300][71.211s][info][gc,task     ] GC(23) Using 1 of 3 workers for concurrent marking
[2021-02-28T14:26:19.886+0300][72.458s][info][gc          ] GC(23) Concurrent marking (unload classes) 1247.121ms
[2021-02-28T14:26:19.897+0300][72.470s][info][gc,start    ] GC(23) Pause Final Mark (unload classes)
[2021-02-28T14:26:19.897+0300][72.470s][info][gc,task     ] GC(23) Using 3 of 3 workers for final marking
[2021-02-28T14:26:19.897+0300][72.470s][info][gc,ergo     ] GC(23) Adaptive CSet Selection. Target Free: 145M, Actual Free: 101888K, Max CSet: 43690K, Min Garbage: 46660K
[2021-02-28T14:26:19.897+0300][72.470s][info][gc,ergo     ] GC(23) Collectable Garbage: 769K (76%), Immediate: 0B (0%), CSet: 769K (76%)
[2021-02-28T14:26:19.897+0300][72.470s][info][gc,ergo     ] GC(23) Pacer for Evacuation. Used CSet: 44429K, Free: 49152K, Non-Taxable: 4915K, Alloc Tax Rate: 2.2x
[2021-02-28T14:26:19.897+0300][72.470s][info][gc          ] GC(23) Pause Final Mark (unload classes) 0.696ms
[2021-02-28T14:26:19.898+0300][72.470s][info][gc,start    ] GC(23) Concurrent weak roots
[2021-02-28T14:26:19.898+0300][72.471s][info][gc,task     ] GC(23) Using 1 of 3 workers for concurrent weak root
[2021-02-28T14:26:19.915+0300][72.488s][info][gc          ] GC(23) Concurrent weak roots 17.039ms
[2021-02-28T14:26:19.915+0300][72.488s][info][gc,start    ] GC(23) Concurrent cleanup
[2021-02-28T14:26:19.915+0300][72.488s][info][gc          ] GC(23) Concurrent cleanup 936M->936M(1024M) 0.027ms
[2021-02-28T14:26:19.915+0300][72.488s][info][gc,ergo     ] GC(23) Free: 49125K, Max: 512K regular, 7168K humongous, Frag: 86% external, 0% internal; Reserve: 39424K, Max: 512K
[2021-02-28T14:26:19.915+0300][72.488s][info][gc,start    ] GC(23) Concurrent class unloading
[2021-02-28T14:26:19.915+0300][72.488s][info][gc,task     ] GC(23) Using 1 of 3 workers for concurrent class unloading
[2021-02-28T14:26:19.925+0300][72.498s][info][gc          ] GC(23) Concurrent class unloading 10.075ms
[2021-02-28T14:26:19.925+0300][72.498s][info][gc,start    ] GC(23) Concurrent strong roots
[2021-02-28T14:26:19.925+0300][72.498s][info][gc,task     ] GC(23) Using 1 of 3 workers for concurrent strong root
[2021-02-28T14:26:19.925+0300][72.498s][info][gc          ] GC(23) Concurrent strong roots 0.204ms
[2021-02-28T14:26:19.925+0300][72.498s][info][gc,start    ] GC(23) Concurrent evacuation
[2021-02-28T14:26:19.925+0300][72.498s][info][gc,task     ] GC(23) Using 1 of 3 workers for concurrent evacuation
[2021-02-28T14:26:19.954+0300][72.527s][info][gc          ] GC(23) Concurrent evacuation 29.227ms
[2021-02-28T14:26:19.957+0300][72.530s][info][gc,start    ] GC(23) Pause Init Update Refs
[2021-02-28T14:26:19.957+0300][72.530s][info][gc,ergo     ] GC(23) Pacer for Update Refs. Used: 967M, Free: 49125K, Non-Taxable: 4912K, Alloc Tax Rate: 24.6x
[2021-02-28T14:26:19.957+0300][72.530s][info][gc          ] GC(23) Pause Init Update Refs 0.063ms
[2021-02-28T14:26:19.957+0300][72.530s][info][gc,start    ] GC(23) Concurrent update references
[2021-02-28T14:26:19.957+0300][72.530s][info][gc,task     ] GC(23) Using 1 of 3 workers for concurrent reference update
[2021-02-28T14:26:20.480+0300][73.053s][info][gc          ] GC(23) Concurrent update references 523.381ms
[2021-02-28T14:26:20.480+0300][73.053s][info][gc,start    ] GC(23) Pause Final Update Refs
[2021-02-28T14:26:20.481+0300][73.053s][info][gc,task     ] GC(23) Using 3 of 3 workers for final reference update
[2021-02-28T14:26:20.481+0300][73.054s][info][gc          ] GC(23) Pause Final Update Refs 0.264ms
[2021-02-28T14:26:20.481+0300][73.054s][info][gc,start    ] GC(23) Concurrent cleanup
[2021-02-28T14:26:20.481+0300][73.054s][info][gc          ] GC(23) Concurrent cleanup 966M->923M(1024M) 0.040ms
[2021-02-28T14:26:20.481+0300][73.054s][info][gc,ergo     ] Free: 49609K, Max: 512K regular, 4096K humongous, Frag: 92% external, 0% internal; Reserve: 52736K, Max: 512K
[2021-02-28T14:26:20.481+0300][73.054s][info][gc,stats    ] 
[2021-02-28T14:26:20.481+0300][73.054s][info][gc,stats    ] All times are wall-clock times, except per-root-class counters, that are sum over
[2021-02-28T14:26:20.481+0300][73.054s][info][gc,stats    ] all workers. Dividing the <total> over the root stage time estimates parallelism.
[2021-02-28T14:26:20.481+0300][73.054s][info][gc,stats    ] 
[2021-02-28T14:26:20.481+0300][73.054s][info][gc,stats    ] Concurrent Reset                   1170 us
[2021-02-28T14:26:20.481+0300][73.054s][info][gc,stats    ] Pause Init Mark (G)                 588 us
[2021-02-28T14:26:20.481+0300][73.054s][info][gc,stats    ] Pause Init Mark (N)                 314 us
[2021-02-28T14:26:20.481+0300][73.054s][info][gc,stats    ]   Manage TLABs                        3 us
[2021-02-28T14:26:20.481+0300][73.054s][info][gc,stats    ]   Update Region States              125 us
[2021-02-28T14:26:20.481+0300][73.054s][info][gc,stats    ]   Scan Roots                        109 us, parallelism: 0.66x
[2021-02-28T14:26:20.481+0300][73.054s][info][gc,stats    ]     S: <total>                       72 us
[2021-02-28T14:26:20.481+0300][73.054s][info][gc,stats    ]     S: Thread Roots                  69 us, workers (us):  54,  14,   1, 
[2021-02-28T14:26:20.481+0300][73.054s][info][gc,stats    ]     S: Universe Roots                 2 us, workers (us):   2, ---, ---, 
[2021-02-28T14:26:20.481+0300][73.054s][info][gc,stats    ]     S: Synchronizer Roots             0 us, workers (us):   0, ---, ---, 
[2021-02-28T14:26:20.481+0300][73.054s][info][gc,stats    ]     S: Management Roots               1 us, workers (us):   1, ---, ---, 
[2021-02-28T14:26:20.481+0300][73.054s][info][gc,stats    ]     S: JVMTI Roots                    0 us, workers (us):   0, ---, ---, 
[2021-02-28T14:26:20.481+0300][73.054s][info][gc,stats    ] Concurrent Marking              1247159 us
[2021-02-28T14:26:20.481+0300][73.054s][info][gc,stats    ]   Roots                             135 us, parallelism: 0.59x
[2021-02-28T14:26:20.481+0300][73.054s][info][gc,stats    ]     CM: <total>                      80 us
[2021-02-28T14:26:20.481+0300][73.054s][info][gc,stats    ]     CM: JNI Handles Roots             2 us, workers (us):   2, ---, ---, 
[2021-02-28T14:26:20.481+0300][73.054s][info][gc,stats    ]     CM: VM Global Roots               2 us, workers (us):   2, ---, ---, 
[2021-02-28T14:26:20.481+0300][73.054s][info][gc,stats    ]     CM: CLDG Roots                   76 us, workers (us):  76, ---, ---, 
[2021-02-28T14:26:20.481+0300][73.054s][info][gc,stats    ] Pause Final Mark (G)              12026 us
[2021-02-28T14:26:20.481+0300][73.054s][info][gc,stats    ] Pause Final Mark (N)                710 us
[2021-02-28T14:26:20.481+0300][73.054s][info][gc,stats    ]   Finish Queues                     129 us
[2021-02-28T14:26:20.481+0300][73.054s][info][gc,stats    ]   System Purge                      102 us
[2021-02-28T14:26:20.481+0300][73.054s][info][gc,stats    ]     Weak Roots                      101 us, parallelism: 0.01x
[2021-02-28T14:26:20.481+0300][73.054s][info][gc,stats    ]       WR: <total>                     1 us
[2021-02-28T14:26:20.481+0300][73.054s][info][gc,stats    ]       WR: JVMTI Weak Roots            0 us, workers (us):   0, ---, ---, 
[2021-02-28T14:26:20.481+0300][73.054s][info][gc,stats    ]       WR: JFR Weak Roots              0 us, workers (us):   0, ---, ---, 
[2021-02-28T14:26:20.481+0300][73.054s][info][gc,stats    ]   Update Region States              104 us
[2021-02-28T14:26:20.481+0300][73.054s][info][gc,stats    ]   Manage GC/TLABs                     3 us
[2021-02-28T14:26:20.481+0300][73.054s][info][gc,stats    ]   Choose Collection Set             122 us
[2021-02-28T14:26:20.481+0300][73.054s][info][gc,stats    ]   Rebuild Free Set                   11 us
[2021-02-28T14:26:20.481+0300][73.054s][info][gc,stats    ]   Initial Evacuation                182 us, parallelism: 0.64x
[2021-02-28T14:26:20.481+0300][73.054s][info][gc,stats    ]     E: <total>                      116 us
[2021-02-28T14:26:20.481+0300][73.054s][info][gc,stats    ]     E: Thread Roots                 110 us, workers (us):  34,  29,  47, 
[2021-02-28T14:26:20.481+0300][73.054s][info][gc,stats    ]     E: Universe Roots                 3 us, workers (us): ---,   3, ---, 
[2021-02-28T14:26:20.481+0300][73.054s][info][gc,stats    ]     E: JVMTI Weak Roots               0 us, workers (us):   0, ---, ---, 
[2021-02-28T14:26:20.481+0300][73.054s][info][gc,stats    ]     E: JFR Weak Roots                 0 us, workers (us):   0, ---, ---, 
[2021-02-28T14:26:20.482+0300][73.054s][info][gc,stats    ]     E: Synchronizer Roots             0 us, workers (us):   0, ---, ---, 
[2021-02-28T14:26:20.482+0300][73.054s][info][gc,stats    ]     E: Management Roots               3 us, workers (us):   3, ---, ---, 
[2021-02-28T14:26:20.482+0300][73.054s][info][gc,stats    ]     E: JVMTI Roots                    0 us, workers (us):   0, ---, ---, 
[2021-02-28T14:26:20.482+0300][73.054s][info][gc,stats    ] Concurrent Weak Roots             17070 us
[2021-02-28T14:26:20.482+0300][73.054s][info][gc,stats    ]   Roots                             365 us, parallelism: 0.21x
[2021-02-28T14:26:20.482+0300][73.054s][info][gc,stats    ]     CWR: <total>                     77 us
[2021-02-28T14:26:20.482+0300][73.054s][info][gc,stats    ]     CWR: JNI Weak Roots               0 us, workers (us):   0, ---, ---, 
[2021-02-28T14:26:20.482+0300][73.054s][info][gc,stats    ]     CWR: String Table Roots          63 us, workers (us):  63, ---, ---, 
[2021-02-28T14:26:20.482+0300][73.055s][info][gc,stats    ]     CWR: Resolved Table Roots         3 us, workers (us):   3, ---, ---, 
[2021-02-28T14:26:20.482+0300][73.055s][info][gc,stats    ]     CWR: VM Weak Roots                7 us, workers (us):   7, ---, ---, 
[2021-02-28T14:26:20.482+0300][73.055s][info][gc,stats    ]     CWR: CLDG Roots                   3 us, workers (us):   3, ---, ---, 
[2021-02-28T14:26:20.482+0300][73.055s][info][gc,stats    ]   Rendezvous                      16636 us
[2021-02-28T14:26:20.482+0300][73.055s][info][gc,stats    ] Concurrent Cleanup                   41 us
[2021-02-28T14:26:20.482+0300][73.055s][info][gc,stats    ] Concurrent Class Unloading        10107 us
[2021-02-28T14:26:20.482+0300][73.055s][info][gc,stats    ]   Unlink Stale                     1286 us
[2021-02-28T14:26:20.482+0300][73.055s][info][gc,stats    ]     System Dictionary                 8 us
[2021-02-28T14:26:20.482+0300][73.055s][info][gc,stats    ]     Weak Class Links                  0 us
[2021-02-28T14:26:20.482+0300][73.055s][info][gc,stats    ]     Code Roots                     1276 us
[2021-02-28T14:26:20.482+0300][73.055s][info][gc,stats    ]   Rendezvous                       8576 us
[2021-02-28T14:26:20.482+0300][73.055s][info][gc,stats    ]   Purge Unlinked                    185 us
[2021-02-28T14:26:20.482+0300][73.055s][info][gc,stats    ]     Code Roots                      171 us
[2021-02-28T14:26:20.482+0300][73.055s][info][gc,stats    ]     CLDG                              0 us
[2021-02-28T14:26:20.482+0300][73.055s][info][gc,stats    ]     Exception Caches                  0 us
[2021-02-28T14:26:20.482+0300][73.055s][info][gc,stats    ] Concurrent Strong Roots             239 us, parallelism: 0.38x
[2021-02-28T14:26:20.482+0300][73.055s][info][gc,stats    ] Rendezvous                           90 us
[2021-02-28T14:26:20.482+0300][73.055s][info][gc,stats    ]   CSR: Universe Roots                 1 us, workers (us):   1, ---, ---, 
[2021-02-28T14:26:20.482+0300][73.055s][info][gc,stats    ]   CSR: Resolved Table Roots           2 us, workers (us):   2, ---, ---, 
[2021-02-28T14:26:20.482+0300][73.055s][info][gc,stats    ]   CSR: Management Roots              87 us, workers (us):  87, ---, ---, 
[2021-02-28T14:26:20.482+0300][73.055s][info][gc,stats    ] Concurrent Evacuation             29269 us
[2021-02-28T14:26:20.482+0300][73.055s][info][gc,stats    ] Pause Init  Update Refs (G)        2483 us
[2021-02-28T14:26:20.482+0300][73.055s][info][gc,stats    ] Pause Init  Update Refs (N)          93 us
[2021-02-28T14:26:20.482+0300][73.055s][info][gc,stats    ]   Manage GCLABs                       2 us
[2021-02-28T14:26:20.482+0300][73.055s][info][gc,stats    ] Concurrent Update Refs           523432 us
[2021-02-28T14:26:20.482+0300][73.055s][info][gc,stats    ] Pause Final Update Refs (G)         658 us
[2021-02-28T14:26:20.482+0300][73.055s][info][gc,stats    ] Pause Final Update Refs (N)         286 us
[2021-02-28T14:26:20.482+0300][73.055s][info][gc,stats    ]   Update Roots                       90 us, parallelism: 0.64x
[2021-02-28T14:26:20.482+0300][73.055s][info][gc,stats    ]     UR: <total>                      58 us
[2021-02-28T14:26:20.482+0300][73.055s][info][gc,stats    ]     UR: Thread Roots                 58 us, workers (us):  30,  21,   7, 
[2021-02-28T14:26:20.482+0300][73.055s][info][gc,stats    ]   Update Region States              114 us
[2021-02-28T14:26:20.482+0300][73.055s][info][gc,stats    ]   Trash Collection Set                3 us
[2021-02-28T14:26:20.482+0300][73.055s][info][gc,stats    ]   Rebuild Free Set                   12 us
[2021-02-28T14:26:20.482+0300][73.055s][info][gc,stats    ] Concurrent Cleanup                   55 us
[2021-02-28T14:26:20.482+0300][73.055s][info][gc,stats    ] 
[2021-02-28T14:26:20.482+0300][73.055s][info][gc,stats    ] Allocation pacing accrued:
[2021-02-28T14:26:20.482+0300][73.055s][info][gc,stats    ]       0 of  1847 ms (  0.0%): <total>
[2021-02-28T14:26:20.482+0300][73.055s][info][gc,stats    ]       0 of  1847 ms (  0.0%): <average total>
[2021-02-28T14:26:20.482+0300][73.055s][info][gc,stats    ] 
[2021-02-28T14:26:20.482+0300][73.055s][info][gc,metaspace] Metaspace: 7192K(7552K)->7192K(7552K) NonClass: 6427K(6656K)->6427K(6656K) Class: 765K(896K)->765K(896K)
[2021-02-28T14:26:20.482+0300][73.055s][info][gc,ergo     ] Pacer for Idle. Initial: 20971K, Alloc Tax Rate: 1.0x
[2021-02-28T14:26:20.484+0300][73.056s][info][gc          ] Trigger: Free (49567K) is below minimum threshold (102M)
[2021-02-28T14:26:20.484+0300][73.057s][info][gc,ergo     ] Free: 49567K, Max: 512K regular, 4096K humongous, Frag: 92% external, 0% internal; Reserve: 52736K, Max: 512K
[2021-02-28T14:26:20.484+0300][73.057s][info][gc,start    ] GC(24) Concurrent reset
[2021-02-28T14:26:20.484+0300][73.057s][info][gc,task     ] GC(24) Using 1 of 3 workers for concurrent reset
[2021-02-28T14:26:20.484+0300][73.057s][info][gc,ergo     ] GC(24) Pacer for Reset. Non-Taxable: 1024M
[2021-02-28T14:26:20.485+0300][73.058s][info][gc          ] GC(24) Concurrent reset 1.176ms
[2021-02-28T14:26:20.488+0300][73.061s][info][gc,start    ] GC(24) Pause Init Mark (unload classes)
[2021-02-28T14:26:20.488+0300][73.061s][info][gc,task     ] GC(24) Using 3 of 3 workers for init marking
[2021-02-28T14:26:20.488+0300][73.061s][info][gc,ergo     ] GC(24) Pacer for Mark. Expected Live: 922M, Free: 49567K, Non-Taxable: 4956K, Alloc Tax Rate: 23.3x
[2021-02-28T14:26:20.488+0300][73.061s][info][gc          ] GC(24) Pause Init Mark (unload classes) 0.296ms
[2021-02-28T14:26:20.488+0300][73.061s][info][gc,start    ] GC(24) Concurrent marking (unload classes)
[2021-02-28T14:26:20.488+0300][73.061s][info][gc,task     ] GC(24) Using 1 of 3 workers for concurrent marking
[2021-02-28T14:26:21.732+0300][74.305s][info][gc          ] GC(24) Concurrent marking (unload classes) 1243.427ms
[2021-02-28T14:26:21.744+0300][74.317s][info][gc,start    ] GC(24) Pause Final Mark (unload classes)
[2021-02-28T14:26:21.744+0300][74.317s][info][gc,task     ] GC(24) Using 3 of 3 workers for final marking
[2021-02-28T14:26:21.744+0300][74.317s][info][gc,ergo     ] GC(24) Adaptive CSet Selection. Target Free: 145M, Actual Free: 101376K, Max CSet: 43690K, Min Garbage: 47172K
[2021-02-28T14:26:21.744+0300][74.317s][info][gc,ergo     ] GC(24) Collectable Garbage: 1304K (87%), Immediate: 0B (0%), CSet: 1304K (87%)
[2021-02-28T14:26:21.744+0300][74.317s][info][gc,ergo     ] GC(24) Pacer for Evacuation. Used CSet: 44830K, Free: 48640K, Non-Taxable: 4864K, Alloc Tax Rate: 2.3x
[2021-02-28T14:26:21.744+0300][74.317s][info][gc          ] GC(24) Pause Final Mark (unload classes) 0.668ms
[2021-02-28T14:26:21.745+0300][74.317s][info][gc,start    ] GC(24) Concurrent weak roots
[2021-02-28T14:26:21.745+0300][74.317s][info][gc,task     ] GC(24) Using 1 of 3 workers for concurrent weak root
[2021-02-28T14:26:21.762+0300][74.335s][info][gc          ] GC(24) Concurrent weak roots 17.077ms
[2021-02-28T14:26:21.762+0300][74.335s][info][gc,start    ] GC(24) Concurrent cleanup
[2021-02-28T14:26:21.762+0300][74.335s][info][gc          ] GC(24) Concurrent cleanup 937M->937M(1024M) 0.029ms
[2021-02-28T14:26:21.762+0300][74.335s][info][gc,ergo     ] GC(24) Free: 48613K, Max: 512K regular, 4096K humongous, Frag: 92% external, 0% internal; Reserve: 39424K, Max: 512K
[2021-02-28T14:26:21.762+0300][74.335s][info][gc,start    ] GC(24) Concurrent class unloading
[2021-02-28T14:26:21.762+0300][74.335s][info][gc,task     ] GC(24) Using 1 of 3 workers for concurrent class unloading
[2021-02-28T14:26:21.772+0300][74.345s][info][gc          ] GC(24) Concurrent class unloading 9.959ms
[2021-02-28T14:26:21.772+0300][74.345s][info][gc,start    ] GC(24) Concurrent strong roots
[2021-02-28T14:26:21.772+0300][74.345s][info][gc,task     ] GC(24) Using 1 of 3 workers for concurrent strong root
[2021-02-28T14:26:21.772+0300][74.345s][info][gc          ] GC(24) Concurrent strong roots 0.213ms
[2021-02-28T14:26:21.772+0300][74.345s][info][gc,start    ] GC(24) Concurrent evacuation
[2021-02-28T14:26:21.772+0300][74.345s][info][gc,task     ] GC(24) Using 1 of 3 workers for concurrent evacuation
[2021-02-28T14:26:21.808+0300][74.381s][info][gc          ] GC(24) Concurrent evacuation 36.494ms
[2021-02-28T14:26:21.813+0300][74.386s][info][gc,start    ] GC(24) Pause Init Update Refs
[2021-02-28T14:26:21.813+0300][74.386s][info][gc,ergo     ] GC(24) Pacer for Update Refs. Used: 967M, Free: 48505K, Non-Taxable: 4850K, Alloc Tax Rate: 25.0x
[2021-02-28T14:26:21.813+0300][74.386s][info][gc          ] GC(24) Pause Init Update Refs 0.049ms
[2021-02-28T14:26:21.813+0300][74.386s][info][gc,start    ] GC(24) Concurrent update references
[2021-02-28T14:26:21.813+0300][74.386s][info][gc,task     ] GC(24) Using 1 of 3 workers for concurrent reference update
[2021-02-28T14:26:22.339+0300][74.912s][info][gc          ] GC(24) Concurrent update references 526.351ms
[2021-02-28T14:26:22.348+0300][74.921s][info][gc,start    ] GC(24) Pause Final Update Refs
[2021-02-28T14:26:22.348+0300][74.921s][info][gc,task     ] GC(24) Using 3 of 3 workers for final reference update
[2021-02-28T14:26:22.348+0300][74.921s][info][gc          ] GC(24) Pause Final Update Refs 0.159ms
[2021-02-28T14:26:22.348+0300][74.921s][info][gc,start    ] GC(24) Concurrent cleanup
[2021-02-28T14:26:22.348+0300][74.921s][info][gc          ] GC(24) Concurrent cleanup 967M->923M(1024M) 0.055ms
[2021-02-28T14:26:22.348+0300][74.921s][info][gc,ergo     ] Free: 50015K, Max: 512K regular, 4096K humongous, Frag: 92% external, 0% internal; Reserve: 52736K, Max: 512K
[2021-02-28T14:26:22.348+0300][74.921s][info][gc,stats    ] 
[2021-02-28T14:26:22.348+0300][74.921s][info][gc,stats    ] All times are wall-clock times, except per-root-class counters, that are sum over
[2021-02-28T14:26:22.348+0300][74.921s][info][gc,stats    ] all workers. Dividing the <total> over the root stage time estimates parallelism.
[2021-02-28T14:26:22.348+0300][74.921s][info][gc,stats    ] 
[2021-02-28T14:26:22.348+0300][74.921s][info][gc,stats    ] Concurrent Reset                   1227 us
[2021-02-28T14:26:22.348+0300][74.921s][info][gc,stats    ] Pause Init Mark (G)                3320 us
[2021-02-28T14:26:22.348+0300][74.921s][info][gc,stats    ] Pause Init Mark (N)                 310 us
[2021-02-28T14:26:22.348+0300][74.921s][info][gc,stats    ]   Manage TLABs                        3 us
[2021-02-28T14:26:22.348+0300][74.921s][info][gc,stats    ]   Update Region States               95 us
[2021-02-28T14:26:22.348+0300][74.921s][info][gc,stats    ]   Scan Roots                        132 us, parallelism: 0.59x
[2021-02-28T14:26:22.348+0300][74.921s][info][gc,stats    ]     S: <total>                       78 us
[2021-02-28T14:26:22.348+0300][74.921s][info][gc,stats    ]     S: Thread Roots                  75 us, workers (us):  46,  14,  15, 
[2021-02-28T14:26:22.348+0300][74.921s][info][gc,stats    ]     S: Universe Roots                 2 us, workers (us):   2, ---, ---, 
[2021-02-28T14:26:22.348+0300][74.921s][info][gc,stats    ]     S: Synchronizer Roots             0 us, workers (us):   0, ---, ---, 
[2021-02-28T14:26:22.348+0300][74.921s][info][gc,stats    ]     S: Management Roots               1 us, workers (us):   1, ---, ---, 
[2021-02-28T14:26:22.348+0300][74.921s][info][gc,stats    ]     S: JVMTI Roots                    0 us, workers (us):   0, ---, ---, 
[2021-02-28T14:26:22.348+0300][74.921s][info][gc,stats    ] Concurrent Marking              1243466 us
[2021-02-28T14:26:22.348+0300][74.921s][info][gc,stats    ]   Roots                             154 us, parallelism: 0.45x
[2021-02-28T14:26:22.348+0300][74.921s][info][gc,stats    ]     CM: <total>                      69 us
[2021-02-28T14:26:22.348+0300][74.921s][info][gc,stats    ]     CM: JNI Handles Roots             2 us, workers (us):   2, ---, ---, 
[2021-02-28T14:26:22.348+0300][74.921s][info][gc,stats    ]     CM: VM Global Roots               2 us, workers (us):   2, ---, ---, 
[2021-02-28T14:26:22.348+0300][74.921s][info][gc,stats    ]     CM: CLDG Roots                   65 us, workers (us):  65, ---, ---, 
[2021-02-28T14:26:22.348+0300][74.921s][info][gc,stats    ] Pause Final Mark (G)              12910 us
[2021-02-28T14:26:22.348+0300][74.921s][info][gc,stats    ] Pause Final Mark (N)                682 us
[2021-02-28T14:26:22.348+0300][74.921s][info][gc,stats    ]   Finish Queues                     139 us
[2021-02-28T14:26:22.348+0300][74.921s][info][gc,stats    ]   System Purge                       90 us
[2021-02-28T14:26:22.348+0300][74.921s][info][gc,stats    ]     Weak Roots                       90 us, parallelism: 0.01x
[2021-02-28T14:26:22.348+0300][74.921s][info][gc,stats    ]       WR: <total>                     1 us
[2021-02-28T14:26:22.348+0300][74.921s][info][gc,stats    ]       WR: JVMTI Weak Roots            0 us, workers (us):   0, ---, ---, 
[2021-02-28T14:26:22.348+0300][74.921s][info][gc,stats    ]       WR: JFR Weak Roots              0 us, workers (us):   0, ---, ---, 
[2021-02-28T14:26:22.349+0300][74.921s][info][gc,stats    ]   Update Region States               88 us
[2021-02-28T14:26:22.349+0300][74.921s][info][gc,stats    ]   Manage GC/TLABs                     4 us
[2021-02-28T14:26:22.349+0300][74.921s][info][gc,stats    ]   Choose Collection Set             126 us
[2021-02-28T14:26:22.349+0300][74.921s][info][gc,stats    ]   Rebuild Free Set                   11 us
[2021-02-28T14:26:22.349+0300][74.921s][info][gc,stats    ]   Initial Evacuation                162 us, parallelism: 0.69x
[2021-02-28T14:26:22.349+0300][74.921s][info][gc,stats    ]     E: <total>                      112 us
[2021-02-28T14:26:22.349+0300][74.921s][info][gc,stats    ]     E: Thread Roots                 106 us, workers (us):  67,  29,  11, 
[2021-02-28T14:26:22.349+0300][74.921s][info][gc,stats    ]     E: Universe Roots                 4 us, workers (us):   4, ---, ---, 
[2021-02-28T14:26:22.349+0300][74.922s][info][gc,stats    ]     E: JVMTI Weak Roots               0 us, workers (us):   0, ---, ---, 
[2021-02-28T14:26:22.349+0300][74.922s][info][gc,stats    ]     E: JFR Weak Roots                 0 us, workers (us):   0, ---, ---, 
[2021-02-28T14:26:22.349+0300][74.922s][info][gc,stats    ]     E: Synchronizer Roots             0 us, workers (us):   0, ---, ---, 
[2021-02-28T14:26:22.349+0300][74.922s][info][gc,stats    ]     E: Management Roots               2 us, workers (us):   2, ---, ---, 
[2021-02-28T14:26:22.349+0300][74.922s][info][gc,stats    ]     E: JVMTI Roots                    0 us, workers (us):   0, ---, ---, 
[2021-02-28T14:26:22.349+0300][74.922s][info][gc,stats    ] Concurrent Weak Roots             17113 us
[2021-02-28T14:26:22.349+0300][74.922s][info][gc,stats    ]   Roots                             383 us, parallelism: 0.21x
[2021-02-28T14:26:22.349+0300][74.922s][info][gc,stats    ]     CWR: <total>                     79 us
[2021-02-28T14:26:22.349+0300][74.922s][info][gc,stats    ]     CWR: JNI Weak Roots               0 us, workers (us):   0, ---, ---, 
[2021-02-28T14:26:22.349+0300][74.922s][info][gc,stats    ]     CWR: String Table Roots          65 us, workers (us):  65, ---, ---, 
[2021-02-28T14:26:22.349+0300][74.922s][info][gc,stats    ]     CWR: Resolved Table Roots         3 us, workers (us):   3, ---, ---, 
[2021-02-28T14:26:22.349+0300][74.922s][info][gc,stats    ]     CWR: VM Weak Roots                8 us, workers (us):   8, ---, ---, 
[2021-02-28T14:26:22.349+0300][74.922s][info][gc,stats    ]     CWR: CLDG Roots                   3 us, workers (us):   3, ---, ---, 
[2021-02-28T14:26:22.349+0300][74.922s][info][gc,stats    ]   Rendezvous                      16655 us
[2021-02-28T14:26:22.349+0300][74.922s][info][gc,stats    ] Concurrent Cleanup                   43 us
[2021-02-28T14:26:22.349+0300][74.922s][info][gc,stats    ] Concurrent Class Unloading         9988 us
[2021-02-28T14:26:22.349+0300][74.922s][info][gc,stats    ]   Unlink Stale                     1334 us
[2021-02-28T14:26:22.349+0300][74.922s][info][gc,stats    ]     System Dictionary                10 us
[2021-02-28T14:26:22.349+0300][74.922s][info][gc,stats    ]     Weak Class Links                  0 us
[2021-02-28T14:26:22.349+0300][74.922s][info][gc,stats    ]     Code Roots                     1323 us
[2021-02-28T14:26:22.349+0300][74.922s][info][gc,stats    ]   Rendezvous                       8484 us
[2021-02-28T14:26:22.349+0300][74.922s][info][gc,stats    ]   Purge Unlinked                    115 us
[2021-02-28T14:26:22.349+0300][74.922s][info][gc,stats    ]     Code Roots                      114 us
[2021-02-28T14:26:22.349+0300][74.922s][info][gc,stats    ]     CLDG                              0 us
[2021-02-28T14:26:22.349+0300][74.922s][info][gc,stats    ]     Exception Caches                  0 us
[2021-02-28T14:26:22.349+0300][74.922s][info][gc,stats    ] Concurrent Strong Roots             237 us, parallelism: 0.40x
[2021-02-28T14:26:22.349+0300][74.922s][info][gc,stats    ] Rendezvous                           94 us
[2021-02-28T14:26:22.349+0300][74.922s][info][gc,stats    ]   CSR: Universe Roots                 2 us, workers (us):   2, ---, ---, 
[2021-02-28T14:26:22.349+0300][74.922s][info][gc,stats    ]   CSR: Resolved Table Roots           1 us, workers (us):   1, ---, ---, 
[2021-02-28T14:26:22.349+0300][74.922s][info][gc,stats    ]   CSR: Management Roots              91 us, workers (us):  91, ---, ---, 
[2021-02-28T14:26:22.349+0300][74.922s][info][gc,stats    ] Concurrent Evacuation             36531 us
[2021-02-28T14:26:22.349+0300][74.922s][info][gc,stats    ] Pause Init  Update Refs (G)        4468 us
[2021-02-28T14:26:22.349+0300][74.922s][info][gc,stats    ] Pause Init  Update Refs (N)          62 us
[2021-02-28T14:26:22.349+0300][74.922s][info][gc,stats    ]   Manage GCLABs                       2 us
[2021-02-28T14:26:22.349+0300][74.922s][info][gc,stats    ] Concurrent Update Refs           526390 us
[2021-02-28T14:26:22.349+0300][74.922s][info][gc,stats    ] Pause Final Update Refs (G)        8622 us
[2021-02-28T14:26:22.349+0300][74.922s][info][gc,stats    ] Pause Final Update Refs (N)         178 us
[2021-02-28T14:26:22.349+0300][74.922s][info][gc,stats    ]   Update Roots                       58 us, parallelism: 1.40x
[2021-02-28T14:26:22.349+0300][74.922s][info][gc,stats    ]     UR: <total>                      82 us
[2021-02-28T14:26:22.349+0300][74.922s][info][gc,stats    ]     UR: Thread Roots                 82 us, workers (us):  43,  38,   1, 
[2021-02-28T14:26:22.349+0300][74.922s][info][gc,stats    ]   Update Region States               37 us
[2021-02-28T14:26:22.349+0300][74.922s][info][gc,stats    ]   Trash Collection Set                3 us
[2021-02-28T14:26:22.349+0300][74.922s][info][gc,stats    ]   Rebuild Free Set                   16 us
[2021-02-28T14:26:22.349+0300][74.922s][info][gc,stats    ] Concurrent Cleanup                   71 us
[2021-02-28T14:26:22.349+0300][74.922s][info][gc,stats    ] 
[2021-02-28T14:26:22.349+0300][74.922s][info][gc,stats    ] Allocation pacing accrued:
[2021-02-28T14:26:22.349+0300][74.922s][info][gc,stats    ]       0 of  1867 ms (  0.0%): <total>
[2021-02-28T14:26:22.349+0300][74.922s][info][gc,stats    ]       0 of  1867 ms (  0.0%): <average total>
[2021-02-28T14:26:22.349+0300][74.922s][info][gc,stats    ] 
[2021-02-28T14:26:22.349+0300][74.922s][info][gc,metaspace] Metaspace: 7192K(7552K)->7193K(7552K) NonClass: 6427K(6656K)->6428K(6656K) Class: 765K(896K)->765K(896K)
[2021-02-28T14:26:22.349+0300][74.922s][info][gc,ergo     ] Pacer for Idle. Initial: 20971K, Alloc Tax Rate: 1.0x
[2021-02-28T14:26:22.351+0300][74.923s][info][gc          ] Trigger: Free (49970K) is below minimum threshold (102M)
[2021-02-28T14:26:22.351+0300][74.924s][info][gc,ergo     ] Free: 49970K, Max: 512K regular, 4096K humongous, Frag: 92% external, 0% internal; Reserve: 52736K, Max: 512K
[2021-02-28T14:26:22.351+0300][74.924s][info][gc,start    ] GC(25) Concurrent reset
[2021-02-28T14:26:22.351+0300][74.924s][info][gc,task     ] GC(25) Using 1 of 3 workers for concurrent reset
[2021-02-28T14:26:22.351+0300][74.924s][info][gc,ergo     ] GC(25) Pacer for Reset. Non-Taxable: 1024M
[2021-02-28T14:26:22.352+0300][74.925s][info][gc          ] GC(25) Concurrent reset 1.095ms
[2021-02-28T14:26:22.355+0300][74.928s][info][gc,start    ] GC(25) Pause Init Mark (process weakrefs) (unload classes)
[2021-02-28T14:26:22.355+0300][74.928s][info][gc,task     ] GC(25) Using 3 of 3 workers for init marking
[2021-02-28T14:26:22.355+0300][74.928s][info][gc,ergo     ] GC(25) Pacer for Mark. Expected Live: 922M, Free: 49970K, Non-Taxable: 4997K, Alloc Tax Rate: 23.1x
[2021-02-28T14:26:22.355+0300][74.928s][info][gc          ] GC(25) Pause Init Mark (process weakrefs) (unload classes) 0.304ms
[2021-02-28T14:26:22.355+0300][74.928s][info][gc,start    ] GC(25) Concurrent marking (process weakrefs) (unload classes)
[2021-02-28T14:26:22.355+0300][74.928s][info][gc,task     ] GC(25) Using 1 of 3 workers for concurrent marking
[2021-02-28T14:26:23.604+0300][76.176s][info][gc          ] GC(25) Concurrent marking (process weakrefs) (unload classes) 1248.371ms
[2021-02-28T14:26:23.604+0300][76.176s][info][gc,start    ] GC(25) Concurrent precleaning
[2021-02-28T14:26:23.604+0300][76.177s][info][gc,task     ] GC(25) Using 1 of 3 workers for concurrent preclean
[2021-02-28T14:26:23.604+0300][76.177s][info][gc,ergo     ] GC(25) Pacer for Precleaning. Non-Taxable: 1024M
[2021-02-28T14:26:23.604+0300][76.177s][info][gc          ] GC(25) Concurrent precleaning 0.173ms
[2021-02-28T14:26:23.607+0300][76.180s][info][gc,start    ] GC(25) Pause Final Mark (process weakrefs) (unload classes)
[2021-02-28T14:26:23.607+0300][76.180s][info][gc,task     ] GC(25) Using 3 of 3 workers for final marking
[2021-02-28T14:26:23.607+0300][76.180s][info][gc,ergo     ] GC(25) Adaptive CSet Selection. Target Free: 145M, Actual Free: 101888K, Max CSet: 43690K, Min Garbage: 46660K
[2021-02-28T14:26:23.607+0300][76.180s][info][gc,ergo     ] GC(25) Collectable Garbage: 923K (85%), Immediate: 0B (0%), CSet: 923K (85%)
[2021-02-28T14:26:23.607+0300][76.180s][info][gc,ergo     ] GC(25) Pacer for Evacuation. Used CSet: 44399K, Free: 49152K, Non-Taxable: 4915K, Alloc Tax Rate: 2.2x
[2021-02-28T14:26:23.607+0300][76.180s][info][gc          ] GC(25) Pause Final Mark (process weakrefs) (unload classes) 0.685ms
[2021-02-28T14:26:23.607+0300][76.180s][info][gc,start    ] GC(25) Concurrent weak roots
[2021-02-28T14:26:23.607+0300][76.180s][info][gc,task     ] GC(25) Using 1 of 3 workers for concurrent weak root
[2021-02-28T14:26:23.625+0300][76.198s][info][gc          ] GC(25) Concurrent weak roots 17.204ms
[2021-02-28T14:26:23.625+0300][76.198s][info][gc,start    ] GC(25) Concurrent cleanup
[2021-02-28T14:26:23.625+0300][76.198s][info][gc          ] GC(25) Concurrent cleanup 936M->936M(1024M) 0.029ms
[2021-02-28T14:26:23.625+0300][76.198s][info][gc,ergo     ] GC(25) Free: 49125K, Max: 512K regular, 4096K humongous, Frag: 92% external, 0% internal; Reserve: 39936K, Max: 512K
[2021-02-28T14:26:23.625+0300][76.198s][info][gc,start    ] GC(25) Concurrent class unloading
[2021-02-28T14:26:23.625+0300][76.198s][info][gc,task     ] GC(25) Using 1 of 3 workers for concurrent class unloading
[2021-02-28T14:26:23.635+0300][76.208s][info][gc          ] GC(25) Concurrent class unloading 10.039ms
[2021-02-28T14:26:23.635+0300][76.208s][info][gc,start    ] GC(25) Concurrent strong roots
[2021-02-28T14:26:23.635+0300][76.208s][info][gc,task     ] GC(25) Using 1 of 3 workers for concurrent strong root
[2021-02-28T14:26:23.635+0300][76.208s][info][gc          ] GC(25) Concurrent strong roots 0.207ms
[2021-02-28T14:26:23.635+0300][76.208s][info][gc,start    ] GC(25) Concurrent evacuation
[2021-02-28T14:26:23.635+0300][76.208s][info][gc,task     ] GC(25) Using 1 of 3 workers for concurrent evacuation
[2021-02-28T14:26:23.664+0300][76.237s][info][gc          ] GC(25) Concurrent evacuation 28.679ms
[2021-02-28T14:26:23.667+0300][76.240s][info][gc,start    ] GC(25) Pause Init Update Refs
[2021-02-28T14:26:23.667+0300][76.240s][info][gc,ergo     ] GC(25) Pacer for Update Refs. Used: 966M, Free: 49125K, Non-Taxable: 4912K, Alloc Tax Rate: 24.6x
[2021-02-28T14:26:23.667+0300][76.240s][info][gc          ] GC(25) Pause Init Update Refs 0.055ms
[2021-02-28T14:26:23.667+0300][76.240s][info][gc,start    ] GC(25) Concurrent update references
[2021-02-28T14:26:23.667+0300][76.240s][info][gc,task     ] GC(25) Using 1 of 3 workers for concurrent reference update
[2021-02-28T14:26:24.206+0300][76.779s][info][gc          ] GC(25) Concurrent update references 538.892ms
[2021-02-28T14:26:24.216+0300][76.789s][info][gc,start    ] GC(25) Pause Final Update Refs
[2021-02-28T14:26:24.216+0300][76.789s][info][gc,task     ] GC(25) Using 3 of 3 workers for final reference update
[2021-02-28T14:26:24.216+0300][76.789s][info][gc          ] GC(25) Pause Final Update Refs 0.281ms
[2021-02-28T14:26:24.216+0300][76.789s][info][gc,start    ] GC(25) Concurrent cleanup
[2021-02-28T14:26:24.216+0300][76.789s][info][gc          ] GC(25) Concurrent cleanup 966M->923M(1024M) 0.051ms
[2021-02-28T14:26:24.216+0300][76.789s][info][gc,ergo     ] Free: 49968K, Max: 512K regular, 4096K humongous, Frag: 92% external, 0% internal; Reserve: 52736K, Max: 512K
[2021-02-28T14:26:24.216+0300][76.789s][info][gc,stats    ] 
[2021-02-28T14:26:24.216+0300][76.789s][info][gc,stats    ] All times are wall-clock times, except per-root-class counters, that are sum over
[2021-02-28T14:26:24.216+0300][76.789s][info][gc,stats    ] all workers. Dividing the <total> over the root stage time estimates parallelism.
[2021-02-28T14:26:24.216+0300][76.789s][info][gc,stats    ] 
[2021-02-28T14:26:24.216+0300][76.789s][info][gc,stats    ] Concurrent Reset                   1147 us
[2021-02-28T14:26:24.216+0300][76.789s][info][gc,stats    ] Pause Init Mark (G)                3392 us
[2021-02-28T14:26:24.216+0300][76.789s][info][gc,stats    ] Pause Init Mark (N)                 318 us
[2021-02-28T14:26:24.216+0300][76.789s][info][gc,stats    ]   Manage TLABs                        3 us
[2021-02-28T14:26:24.216+0300][76.789s][info][gc,stats    ]   Update Region States               97 us
[2021-02-28T14:26:24.216+0300][76.789s][info][gc,stats    ]   Scan Roots                        130 us, parallelism: 0.64x
[2021-02-28T14:26:24.216+0300][76.789s][info][gc,stats    ]     S: <total>                       83 us
[2021-02-28T14:26:24.216+0300][76.789s][info][gc,stats    ]     S: Thread Roots                  79 us, workers (us):  29,  33,  17, 
[2021-02-28T14:26:24.216+0300][76.789s][info][gc,stats    ]     S: Universe Roots                 2 us, workers (us):   2, ---, ---, 
[2021-02-28T14:26:24.216+0300][76.789s][info][gc,stats    ]     S: Synchronizer Roots             0 us, workers (us):   0, ---, ---, 
[2021-02-28T14:26:24.216+0300][76.789s][info][gc,stats    ]     S: Management Roots               1 us, workers (us):   1, ---, ---, 
[2021-02-28T14:26:24.216+0300][76.789s][info][gc,stats    ]     S: JVMTI Roots                    0 us, workers (us):   0, ---, ---, 
[2021-02-28T14:26:24.216+0300][76.789s][info][gc,stats    ] Concurrent Marking              1248411 us
[2021-02-28T14:26:24.216+0300][76.789s][info][gc,stats    ]   Roots                             156 us, parallelism: 0.43x
[2021-02-28T14:26:24.217+0300][76.789s][info][gc,stats    ]     CM: <total>                      67 us
[2021-02-28T14:26:24.217+0300][76.789s][info][gc,stats    ]     CM: JNI Handles Roots             2 us, workers (us):   2, ---, ---, 
[2021-02-28T14:26:24.217+0300][76.789s][info][gc,stats    ]     CM: VM Global Roots               2 us, workers (us):   2, ---, ---, 
[2021-02-28T14:26:24.217+0300][76.789s][info][gc,stats    ]     CM: CLDG Roots                   63 us, workers (us):  63, ---, ---, 
[2021-02-28T14:26:24.217+0300][76.789s][info][gc,stats    ] Concurrent Precleaning              196 us
[2021-02-28T14:26:24.217+0300][76.789s][info][gc,stats    ] Pause Final Mark (G)               3608 us
[2021-02-28T14:26:24.217+0300][76.789s][info][gc,stats    ] Pause Final Mark (N)                699 us
[2021-02-28T14:26:24.217+0300][76.790s][info][gc,stats    ]   Finish Queues                     139 us
[2021-02-28T14:26:24.217+0300][76.790s][info][gc,stats    ]   Weak References                    21 us
[2021-02-28T14:26:24.217+0300][76.790s][info][gc,stats    ]     Process                          17 us
[2021-02-28T14:26:24.217+0300][76.790s][info][gc,stats    ]   System Purge                       89 us
[2021-02-28T14:26:24.217+0300][76.790s][info][gc,stats    ]     Weak Roots                       89 us, parallelism: 0.01x
[2021-02-28T14:26:24.217+0300][76.790s][info][gc,stats    ]       WR: <total>                     1 us
[2021-02-28T14:26:24.217+0300][76.790s][info][gc,stats    ]       WR: JVMTI Weak Roots            0 us, workers (us):   0, ---, ---, 
[2021-02-28T14:26:24.217+0300][76.790s][info][gc,stats    ]       WR: JFR Weak Roots              0 us, workers (us):   0, ---, ---, 
[2021-02-28T14:26:24.217+0300][76.790s][info][gc,stats    ]   Update Region States               87 us
[2021-02-28T14:26:24.217+0300][76.790s][info][gc,stats    ]   Manage GC/TLABs                     4 us
[2021-02-28T14:26:24.217+0300][76.790s][info][gc,stats    ]   Choose Collection Set             125 us
[2021-02-28T14:26:24.217+0300][76.790s][info][gc,stats    ]   Rebuild Free Set                   11 us
[2021-02-28T14:26:24.217+0300][76.790s][info][gc,stats    ]   Initial Evacuation                165 us, parallelism: 0.69x
[2021-02-28T14:26:24.217+0300][76.790s][info][gc,stats    ]     E: <total>                      114 us
[2021-02-28T14:26:24.217+0300][76.790s][info][gc,stats    ]     E: Thread Roots                 107 us, workers (us):  67,  26,  14, 
[2021-02-28T14:26:24.217+0300][76.790s][info][gc,stats    ]     E: Universe Roots                 4 us, workers (us):   4, ---, ---, 
[2021-02-28T14:26:24.217+0300][76.790s][info][gc,stats    ]     E: JVMTI Weak Roots               0 us, workers (us):   0, ---, ---, 
[2021-02-28T14:26:24.217+0300][76.790s][info][gc,stats    ]     E: JFR Weak Roots                 0 us, workers (us):   0, ---, ---, 
[2021-02-28T14:26:24.217+0300][76.790s][info][gc,stats    ]     E: Synchronizer Roots             0 us, workers (us):   0, ---, ---, 
[2021-02-28T14:26:24.217+0300][76.790s][info][gc,stats    ]     E: Management Roots               2 us, workers (us):   2, ---, ---, 
[2021-02-28T14:26:24.217+0300][76.790s][info][gc,stats    ]     E: JVMTI Roots                    0 us, workers (us):   0, ---, ---, 
[2021-02-28T14:26:24.217+0300][76.790s][info][gc,stats    ] Concurrent Weak Roots             17242 us
[2021-02-28T14:26:24.217+0300][76.790s][info][gc,stats    ]   Roots                             397 us, parallelism: 0.21x
[2021-02-28T14:26:24.217+0300][76.790s][info][gc,stats    ]     CWR: <total>                     83 us
[2021-02-28T14:26:24.217+0300][76.790s][info][gc,stats    ]     CWR: JNI Weak Roots               0 us, workers (us):   0, ---, ---, 
[2021-02-28T14:26:24.217+0300][76.790s][info][gc,stats    ]     CWR: String Table Roots          68 us, workers (us):  68, ---, ---, 
[2021-02-28T14:26:24.217+0300][76.790s][info][gc,stats    ]     CWR: Resolved Table Roots         3 us, workers (us):   3, ---, ---, 
[2021-02-28T14:26:24.217+0300][76.790s][info][gc,stats    ]     CWR: VM Weak Roots                8 us, workers (us):   8, ---, ---, 
[2021-02-28T14:26:24.217+0300][76.790s][info][gc,stats    ]     CWR: CLDG Roots                   4 us, workers (us):   4, ---, ---, 
[2021-02-28T14:26:24.217+0300][76.790s][info][gc,stats    ]   Rendezvous                      16767 us
[2021-02-28T14:26:24.217+0300][76.790s][info][gc,stats    ] Concurrent Cleanup                   43 us
[2021-02-28T14:26:24.217+0300][76.790s][info][gc,stats    ] Concurrent Class Unloading        10077 us
[2021-02-28T14:26:24.217+0300][76.790s][info][gc,stats    ]   Unlink Stale                     1355 us
[2021-02-28T14:26:24.217+0300][76.790s][info][gc,stats    ]     System Dictionary                10 us
[2021-02-28T14:26:24.217+0300][76.790s][info][gc,stats    ]     Weak Class Links                  0 us
[2021-02-28T14:26:24.217+0300][76.790s][info][gc,stats    ]     Code Roots                     1344 us
[2021-02-28T14:26:24.217+0300][76.790s][info][gc,stats    ]   Rendezvous                       8505 us
[2021-02-28T14:26:24.217+0300][76.790s][info][gc,stats    ]   Purge Unlinked                    152 us
[2021-02-28T14:26:24.217+0300][76.790s][info][gc,stats    ]     Code Roots                      152 us
[2021-02-28T14:26:24.217+0300][76.790s][info][gc,stats    ]     CLDG                              0 us
[2021-02-28T14:26:24.217+0300][76.790s][info][gc,stats    ]     Exception Caches                  0 us
[2021-02-28T14:26:24.217+0300][76.790s][info][gc,stats    ] Concurrent Strong Roots             230 us, parallelism: 0.40x
[2021-02-28T14:26:24.217+0300][76.790s][info][gc,stats    ] Rendezvous                           92 us
[2021-02-28T14:26:24.217+0300][76.790s][info][gc,stats    ]   CSR: Universe Roots                 1 us, workers (us):   1, ---, ---, 
[2021-02-28T14:26:24.217+0300][76.790s][info][gc,stats    ]   CSR: Resolved Table Roots           1 us, workers (us):   1, ---, ---, 
[2021-02-28T14:26:24.217+0300][76.790s][info][gc,stats    ]   CSR: Management Roots              89 us, workers (us):  89, ---, ---, 
[2021-02-28T14:26:24.217+0300][76.790s][info][gc,stats    ] Concurrent Evacuation             28733 us
[2021-02-28T14:26:24.217+0300][76.790s][info][gc,stats    ] Pause Init  Update Refs (G)        3124 us
[2021-02-28T14:26:24.217+0300][76.790s][info][gc,stats    ] Pause Init  Update Refs (N)          67 us
[2021-02-28T14:26:24.217+0300][76.790s][info][gc,stats    ]   Manage GCLABs                       2 us
[2021-02-28T14:26:24.217+0300][76.790s][info][gc,stats    ] Concurrent Update Refs           538935 us
[2021-02-28T14:26:24.217+0300][76.790s][info][gc,stats    ] Pause Final Update Refs (G)       10354 us
[2021-02-28T14:26:24.217+0300][76.790s][info][gc,stats    ] Pause Final Update Refs (N)         303 us
[2021-02-28T14:26:24.217+0300][76.790s][info][gc,stats    ]   Update Roots                      122 us, parallelism: 0.48x
[2021-02-28T14:26:24.217+0300][76.790s][info][gc,stats    ]     UR: <total>                      59 us
[2021-02-28T14:26:24.217+0300][76.790s][info][gc,stats    ]     UR: Thread Roots                 59 us, workers (us):  19,  15,  24, 
[2021-02-28T14:26:24.217+0300][76.790s][info][gc,stats    ]   Update Region States               94 us
[2021-02-28T14:26:24.217+0300][76.790s][info][gc,stats    ]   Trash Collection Set                3 us
[2021-02-28T14:26:24.217+0300][76.790s][info][gc,stats    ]   Rebuild Free Set                   12 us
[2021-02-28T14:26:24.217+0300][76.790s][info][gc,stats    ] Concurrent Cleanup                   66 us
[2021-02-28T14:26:24.217+0300][76.790s][info][gc,stats    ] 
[2021-02-28T14:26:24.217+0300][76.790s][info][gc,stats    ] Allocation pacing accrued:
[2021-02-28T14:26:24.217+0300][76.790s][info][gc,stats    ]       0 of  1868 ms (  0.0%): <total>
[2021-02-28T14:26:24.217+0300][76.790s][info][gc,stats    ]       0 of  1868 ms (  0.0%): <average total>
[2021-02-28T14:26:24.217+0300][76.790s][info][gc,stats    ] 
[2021-02-28T14:26:24.217+0300][76.790s][info][gc,metaspace] Metaspace: 7193K(7552K)->7197K(7552K) NonClass: 6428K(6656K)->6432K(6656K) Class: 765K(896K)->765K(896K)
[2021-02-28T14:26:24.217+0300][76.790s][info][gc,ergo     ] Pacer for Idle. Initial: 20971K, Alloc Tax Rate: 1.0x
[2021-02-28T14:26:24.219+0300][76.791s][info][gc          ] Trigger: Free (49924K) is below minimum threshold (102M)
[2021-02-28T14:26:24.219+0300][76.792s][info][gc,ergo     ] Free: 49924K, Max: 512K regular, 4096K humongous, Frag: 92% external, 0% internal; Reserve: 52736K, Max: 512K
[2021-02-28T14:26:24.219+0300][76.792s][info][gc,start    ] GC(26) Concurrent reset
[2021-02-28T14:26:24.219+0300][76.792s][info][gc,task     ] GC(26) Using 1 of 3 workers for concurrent reset
[2021-02-28T14:26:24.219+0300][76.792s][info][gc,ergo     ] GC(26) Pacer for Reset. Non-Taxable: 1024M
[2021-02-28T14:26:24.220+0300][76.793s][info][gc          ] GC(26) Concurrent reset 1.129ms
[2021-02-28T14:26:24.223+0300][76.796s][info][gc,start    ] GC(26) Pause Init Mark (unload classes)
[2021-02-28T14:26:24.223+0300][76.796s][info][gc,task     ] GC(26) Using 3 of 3 workers for init marking
[2021-02-28T14:26:24.223+0300][76.796s][info][gc,ergo     ] GC(26) Pacer for Mark. Expected Live: 922M, Free: 49924K, Non-Taxable: 4992K, Alloc Tax Rate: 23.1x
[2021-02-28T14:26:24.223+0300][76.796s][info][gc          ] GC(26) Pause Init Mark (unload classes) 0.291ms
[2021-02-28T14:26:24.223+0300][76.796s][info][gc,start    ] GC(26) Concurrent marking (unload classes)
[2021-02-28T14:26:24.223+0300][76.796s][info][gc,task     ] GC(26) Using 1 of 3 workers for concurrent marking
[2021-02-28T14:26:25.455+0300][78.028s][info][gc          ] GC(26) Concurrent marking (unload classes) 1232.134ms
[2021-02-28T14:26:25.466+0300][78.039s][info][gc,start    ] GC(26) Pause Final Mark (unload classes)
[2021-02-28T14:26:25.466+0300][78.039s][info][gc,task     ] GC(26) Using 3 of 3 workers for final marking
[2021-02-28T14:26:25.466+0300][78.039s][info][gc,ergo     ] GC(26) Adaptive CSet Selection. Target Free: 145M, Actual Free: 101888K, Max CSet: 43690K, Min Garbage: 46660K
[2021-02-28T14:26:25.466+0300][78.039s][info][gc,ergo     ] GC(26) Collectable Garbage: 992K (89%), Immediate: 0B (0%), CSet: 992K (89%)
[2021-02-28T14:26:25.466+0300][78.039s][info][gc,ergo     ] GC(26) Pacer for Evacuation. Used CSet: 44446K, Free: 49152K, Non-Taxable: 4915K, Alloc Tax Rate: 2.2x
[2021-02-28T14:26:25.466+0300][78.039s][info][gc          ] GC(26) Pause Final Mark (unload classes) 0.682ms
[2021-02-28T14:26:25.466+0300][78.039s][info][gc,start    ] GC(26) Concurrent weak roots
[2021-02-28T14:26:25.466+0300][78.039s][info][gc,task     ] GC(26) Using 1 of 3 workers for concurrent weak root
[2021-02-28T14:26:25.484+0300][78.057s][info][gc          ] GC(26) Concurrent weak roots 17.171ms
[2021-02-28T14:26:25.484+0300][78.057s][info][gc,start    ] GC(26) Concurrent cleanup
[2021-02-28T14:26:25.484+0300][78.057s][info][gc          ] GC(26) Concurrent cleanup 936M->936M(1024M) 0.029ms
[2021-02-28T14:26:25.484+0300][78.057s][info][gc,ergo     ] GC(26) Free: 49125K, Max: 512K regular, 4096K humongous, Frag: 92% external, 0% internal; Reserve: 39424K, Max: 512K
[2021-02-28T14:26:25.484+0300][78.057s][info][gc,start    ] GC(26) Concurrent class unloading
[2021-02-28T14:26:25.484+0300][78.057s][info][gc,task     ] GC(26) Using 1 of 3 workers for concurrent class unloading
[2021-02-28T14:26:25.494+0300][78.067s][info][gc          ] GC(26) Concurrent class unloading 10.003ms
[2021-02-28T14:26:25.494+0300][78.067s][info][gc,start    ] GC(26) Concurrent strong roots
[2021-02-28T14:26:25.494+0300][78.067s][info][gc,task     ] GC(26) Using 1 of 3 workers for concurrent strong root
[2021-02-28T14:26:25.494+0300][78.067s][info][gc          ] GC(26) Concurrent strong roots 0.164ms
[2021-02-28T14:26:25.494+0300][78.067s][info][gc,start    ] GC(26) Concurrent evacuation
[2021-02-28T14:26:25.494+0300][78.067s][info][gc,task     ] GC(26) Using 1 of 3 workers for concurrent evacuation
[2021-02-28T14:26:25.522+0300][78.095s][info][gc          ] GC(26) Concurrent evacuation 28.110ms
[2021-02-28T14:26:25.523+0300][78.096s][info][gc,start    ] GC(26) Pause Init Update Refs
[2021-02-28T14:26:25.523+0300][78.096s][info][gc,ergo     ] GC(26) Pacer for Update Refs. Used: 966M, Free: 49125K, Non-Taxable: 4912K, Alloc Tax Rate: 24.6x
[2021-02-28T14:26:25.523+0300][78.096s][info][gc          ] GC(26) Pause Init Update Refs 0.044ms
[2021-02-28T14:26:25.523+0300][78.096s][info][gc,start    ] GC(26) Concurrent update references
[2021-02-28T14:26:25.523+0300][78.096s][info][gc,task     ] GC(26) Using 1 of 3 workers for concurrent reference update
[2021-02-28T14:26:26.096+0300][78.668s][info][gc          ] GC(26) Concurrent update references 572.650ms
[2021-02-28T14:26:26.116+0300][78.689s][info][gc,start    ] GC(26) Pause Final Update Refs
[2021-02-28T14:26:26.116+0300][78.689s][info][gc,task     ] GC(26) Using 3 of 3 workers for final reference update
[2021-02-28T14:26:26.116+0300][78.689s][info][gc          ] GC(26) Pause Final Update Refs 0.186ms
[2021-02-28T14:26:26.117+0300][78.690s][info][gc,start    ] GC(26) Concurrent cleanup
[2021-02-28T14:26:26.117+0300][78.690s][info][gc          ] GC(26) Concurrent cleanup 966M->923M(1024M) 0.060ms
[2021-02-28T14:26:26.117+0300][78.690s][info][gc,ergo     ] Free: 49987K, Max: 512K regular, 5632K humongous, Frag: 89% external, 0% internal; Reserve: 52736K, Max: 512K
[2021-02-28T14:26:26.117+0300][78.690s][info][gc,stats    ] 
[2021-02-28T14:26:26.117+0300][78.690s][info][gc,stats    ] All times are wall-clock times, except per-root-class counters, that are sum over
[2021-02-28T14:26:26.117+0300][78.690s][info][gc,stats    ] all workers. Dividing the <total> over the root stage time estimates parallelism.
[2021-02-28T14:26:26.117+0300][78.690s][info][gc,stats    ] 
[2021-02-28T14:26:26.117+0300][78.690s][info][gc,stats    ] Concurrent Reset                   1182 us
[2021-02-28T14:26:26.117+0300][78.690s][info][gc,stats    ] Pause Init Mark (G)                3335 us
[2021-02-28T14:26:26.117+0300][78.690s][info][gc,stats    ] Pause Init Mark (N)                 307 us
[2021-02-28T14:26:26.117+0300][78.690s][info][gc,stats    ]   Manage TLABs                        3 us
[2021-02-28T14:26:26.117+0300][78.690s][info][gc,stats    ]   Update Region States               92 us
[2021-02-28T14:26:26.117+0300][78.690s][info][gc,stats    ]   Scan Roots                        125 us, parallelism: 0.64x
[2021-02-28T14:26:26.117+0300][78.690s][info][gc,stats    ]     S: <total>                       80 us
[2021-02-28T14:26:26.117+0300][78.690s][info][gc,stats    ]     S: Thread Roots                  77 us, workers (us):  28,  32,  17, 
[2021-02-28T14:26:26.117+0300][78.690s][info][gc,stats    ]     S: Universe Roots                 2 us, workers (us):   2, ---, ---, 
[2021-02-28T14:26:26.117+0300][78.690s][info][gc,stats    ]     S: Synchronizer Roots             0 us, workers (us):   0, ---, ---, 
[2021-02-28T14:26:26.117+0300][78.690s][info][gc,stats    ]     S: Management Roots               1 us, workers (us):   1, ---, ---, 
[2021-02-28T14:26:26.117+0300][78.690s][info][gc,stats    ]     S: JVMTI Roots                    0 us, workers (us):   0, ---, ---, 
[2021-02-28T14:26:26.117+0300][78.690s][info][gc,stats    ] Concurrent Marking              1232175 us
[2021-02-28T14:26:26.117+0300][78.690s][info][gc,stats    ]   Roots                             157 us, parallelism: 0.45x
[2021-02-28T14:26:26.117+0300][78.690s][info][gc,stats    ]     CM: <total>                      70 us
[2021-02-28T14:26:26.117+0300][78.690s][info][gc,stats    ]     CM: JNI Handles Roots             2 us, workers (us):   2, ---, ---, 
[2021-02-28T14:26:26.117+0300][78.690s][info][gc,stats    ]     CM: VM Global Roots               2 us, workers (us):   2, ---, ---, 
[2021-02-28T14:26:26.117+0300][78.690s][info][gc,stats    ]     CM: CLDG Roots                   66 us, workers (us):  66, ---, ---, 
[2021-02-28T14:26:26.117+0300][78.690s][info][gc,stats    ] Pause Final Mark (G)              11090 us
[2021-02-28T14:26:26.117+0300][78.690s][info][gc,stats    ] Pause Final Mark (N)                697 us
[2021-02-28T14:26:26.117+0300][78.690s][info][gc,stats    ]   Finish Queues                     114 us
[2021-02-28T14:26:26.117+0300][78.690s][info][gc,stats    ]   System Purge                       99 us
[2021-02-28T14:26:26.117+0300][78.690s][info][gc,stats    ]     Weak Roots                       99 us, parallelism: 0.01x
[2021-02-28T14:26:26.117+0300][78.690s][info][gc,stats    ]       WR: <total>                     1 us
[2021-02-28T14:26:26.117+0300][78.690s][info][gc,stats    ]       WR: JVMTI Weak Roots            0 us, workers (us):   0, ---, ---, 
[2021-02-28T14:26:26.117+0300][78.690s][info][gc,stats    ]       WR: JFR Weak Roots              0 us, workers (us):   0, ---, ---, 
[2021-02-28T14:26:26.117+0300][78.690s][info][gc,stats    ]   Update Region States               93 us
[2021-02-28T14:26:26.117+0300][78.690s][info][gc,stats    ]   Manage GC/TLABs                     4 us
[2021-02-28T14:26:26.117+0300][78.690s][info][gc,stats    ]   Choose Collection Set             123 us
[2021-02-28T14:26:26.117+0300][78.690s][info][gc,stats    ]   Rebuild Free Set                   11 us
[2021-02-28T14:26:26.117+0300][78.690s][info][gc,stats    ]   Initial Evacuation                182 us, parallelism: 0.62x
[2021-02-28T14:26:26.117+0300][78.690s][info][gc,stats    ]     E: <total>                      113 us
[2021-02-28T14:26:26.117+0300][78.690s][info][gc,stats    ]     E: Thread Roots                 107 us, workers (us):  58,  21,  28, 
[2021-02-28T14:26:26.117+0300][78.690s][info][gc,stats    ]     E: Universe Roots                 4 us, workers (us):   4, ---, ---, 
[2021-02-28T14:26:26.117+0300][78.690s][info][gc,stats    ]     E: JVMTI Weak Roots               0 us, workers (us):   0, ---, ---, 
[2021-02-28T14:26:26.117+0300][78.690s][info][gc,stats    ]     E: JFR Weak Roots                 0 us, workers (us):   0, ---, ---, 
[2021-02-28T14:26:26.117+0300][78.690s][info][gc,stats    ]     E: Synchronizer Roots             0 us, workers (us):   0, ---, ---, 
[2021-02-28T14:26:26.117+0300][78.690s][info][gc,stats    ]     E: Management Roots               2 us, workers (us):   2, ---, ---, 
[2021-02-28T14:26:26.117+0300][78.690s][info][gc,stats    ]     E: JVMTI Roots                    0 us, workers (us):   0, ---, ---, 
[2021-02-28T14:26:26.117+0300][78.690s][info][gc,stats    ] Concurrent Weak Roots             17205 us
[2021-02-28T14:26:26.118+0300][78.690s][info][gc,stats    ]   Roots                             331 us, parallelism: 0.25x
[2021-02-28T14:26:26.118+0300][78.690s][info][gc,stats    ]     CWR: <total>                     83 us
[2021-02-28T14:26:26.118+0300][78.690s][info][gc,stats    ]     CWR: JNI Weak Roots               0 us, workers (us):   0, ---, ---, 
[2021-02-28T14:26:26.118+0300][78.690s][info][gc,stats    ]     CWR: String Table Roots          68 us, workers (us):  68, ---, ---, 
[2021-02-28T14:26:26.118+0300][78.690s][info][gc,stats    ]     CWR: Resolved Table Roots         3 us, workers (us):   3, ---, ---, 
[2021-02-28T14:26:26.118+0300][78.690s][info][gc,stats    ]     CWR: VM Weak Roots                7 us, workers (us):   7, ---, ---, 
[2021-02-28T14:26:26.118+0300][78.690s][info][gc,stats    ]     CWR: CLDG Roots                   4 us, workers (us):   4, ---, ---, 
[2021-02-28T14:26:26.118+0300][78.690s][info][gc,stats    ]   Rendezvous                      16799 us
[2021-02-28T14:26:26.118+0300][78.691s][info][gc,stats    ] Concurrent Cleanup                   42 us
[2021-02-28T14:26:26.118+0300][78.691s][info][gc,stats    ] Concurrent Class Unloading        10025 us
[2021-02-28T14:26:26.118+0300][78.691s][info][gc,stats    ]   Unlink Stale                     1311 us
[2021-02-28T14:26:26.118+0300][78.691s][info][gc,stats    ]     System Dictionary                 9 us
[2021-02-28T14:26:26.118+0300][78.691s][info][gc,stats    ]     Weak Class Links                  0 us
[2021-02-28T14:26:26.118+0300][78.691s][info][gc,stats    ]     Code Roots                     1301 us
[2021-02-28T14:26:26.118+0300][78.691s][info][gc,stats    ]   Rendezvous                       8565 us
[2021-02-28T14:26:26.118+0300][78.691s][info][gc,stats    ]   Purge Unlinked                    103 us
[2021-02-28T14:26:26.118+0300][78.691s][info][gc,stats    ]     Code Roots                      102 us
[2021-02-28T14:26:26.118+0300][78.691s][info][gc,stats    ]     CLDG                              0 us
[2021-02-28T14:26:26.118+0300][78.691s][info][gc,stats    ]     Exception Caches                  0 us
[2021-02-28T14:26:26.118+0300][78.691s][info][gc,stats    ] Concurrent Strong Roots             183 us, parallelism: 0.49x
[2021-02-28T14:26:26.118+0300][78.691s][info][gc,stats    ] Rendezvous                           89 us
[2021-02-28T14:26:26.118+0300][78.691s][info][gc,stats    ]   CSR: Universe Roots                 1 us, workers (us):   1, ---, ---, 
[2021-02-28T14:26:26.118+0300][78.691s][info][gc,stats    ]   CSR: Resolved Table Roots           1 us, workers (us):   1, ---, ---, 
[2021-02-28T14:26:26.118+0300][78.691s][info][gc,stats    ]   CSR: Management Roots              87 us, workers (us):  87, ---, ---, 
[2021-02-28T14:26:26.118+0300][78.691s][info][gc,stats    ] Concurrent Evacuation             28159 us
[2021-02-28T14:26:26.118+0300][78.691s][info][gc,stats    ] Pause Init  Update Refs (G)         794 us
[2021-02-28T14:26:26.118+0300][78.691s][info][gc,stats    ] Pause Init  Update Refs (N)          56 us
[2021-02-28T14:26:26.118+0300][78.691s][info][gc,stats    ]   Manage GCLABs                       2 us
[2021-02-28T14:26:26.118+0300][78.691s][info][gc,stats    ] Concurrent Update Refs           572694 us
[2021-02-28T14:26:26.118+0300][78.691s][info][gc,stats    ] Pause Final Update Refs (G)       21314 us
[2021-02-28T14:26:26.118+0300][78.691s][info][gc,stats    ] Pause Final Update Refs (N)         217 us
[2021-02-28T14:26:26.118+0300][78.691s][info][gc,stats    ]   Update Roots                       63 us, parallelism: 0.88x
[2021-02-28T14:26:26.118+0300][78.691s][info][gc,stats    ]     UR: <total>                      55 us
[2021-02-28T14:26:26.118+0300][78.691s][info][gc,stats    ]     UR: Thread Roots                 55 us, workers (us):  47,   7,   1, 
[2021-02-28T14:26:26.118+0300][78.691s][info][gc,stats    ]   Update Region States               35 us
[2021-02-28T14:26:26.118+0300][78.691s][info][gc,stats    ]   Trash Collection Set                4 us
[2021-02-28T14:26:26.118+0300][78.691s][info][gc,stats    ]   Rebuild Free Set                   17 us
[2021-02-28T14:26:26.118+0300][78.691s][info][gc,stats    ] Concurrent Cleanup                   85 us
[2021-02-28T14:26:26.118+0300][78.691s][info][gc,stats    ] 
[2021-02-28T14:26:26.118+0300][78.691s][info][gc,stats    ] Allocation pacing accrued:
[2021-02-28T14:26:26.118+0300][78.691s][info][gc,stats    ]       0 of  1901 ms (  0.0%): <total>
[2021-02-28T14:26:26.118+0300][78.691s][info][gc,stats    ]       0 of  1901 ms (  0.0%): <average total>
[2021-02-28T14:26:26.118+0300][78.691s][info][gc,stats    ] 
[2021-02-28T14:26:26.118+0300][78.691s][info][gc,metaspace] Metaspace: 7197K(7552K)->7197K(7552K) NonClass: 6432K(6656K)->6432K(6656K) Class: 765K(896K)->765K(896K)
[2021-02-28T14:26:26.118+0300][78.691s][info][gc,ergo     ] Pacer for Idle. Initial: 20971K, Alloc Tax Rate: 1.0x
[2021-02-28T14:26:26.120+0300][78.692s][info][gc          ] Trigger: Free (49943K) is below minimum threshold (102M)
[2021-02-28T14:26:26.120+0300][78.692s][info][gc,ergo     ] Free: 49943K, Max: 512K regular, 5632K humongous, Frag: 89% external, 0% internal; Reserve: 52736K, Max: 512K
[2021-02-28T14:26:26.120+0300][78.692s][info][gc,start    ] GC(27) Concurrent reset
[2021-02-28T14:26:26.120+0300][78.692s][info][gc,task     ] GC(27) Using 1 of 3 workers for concurrent reset
[2021-02-28T14:26:26.120+0300][78.693s][info][gc,ergo     ] GC(27) Pacer for Reset. Non-Taxable: 1024M
[2021-02-28T14:26:26.121+0300][78.694s][info][gc          ] GC(27) Concurrent reset 1.143ms
[2021-02-28T14:26:26.124+0300][78.696s][info][gc,start    ] GC(27) Pause Init Mark (unload classes)
[2021-02-28T14:26:26.124+0300][78.697s][info][gc,task     ] GC(27) Using 3 of 3 workers for init marking
[2021-02-28T14:26:26.124+0300][78.697s][info][gc,ergo     ] GC(27) Pacer for Mark. Expected Live: 922M, Free: 49943K, Non-Taxable: 4994K, Alloc Tax Rate: 23.1x
[2021-02-28T14:26:26.124+0300][78.697s][info][gc          ] GC(27) Pause Init Mark (unload classes) 0.181ms
[2021-02-28T14:26:26.124+0300][78.697s][info][gc,start    ] GC(27) Concurrent marking (unload classes)
[2021-02-28T14:26:26.124+0300][78.697s][info][gc,task     ] GC(27) Using 1 of 3 workers for concurrent marking
[2021-02-28T14:26:27.389+0300][79.962s][info][gc          ] GC(27) Concurrent marking (unload classes) 1264.483ms
[2021-02-28T14:26:27.396+0300][79.969s][info][gc,start    ] GC(27) Pause Final Mark (unload classes)
[2021-02-28T14:26:27.396+0300][79.969s][info][gc,task     ] GC(27) Using 3 of 3 workers for final marking
[2021-02-28T14:26:27.396+0300][79.969s][info][gc,ergo     ] GC(27) Adaptive CSet Selection. Target Free: 145M, Actual Free: 101888K, Max CSet: 43690K, Min Garbage: 46660K
[2021-02-28T14:26:27.396+0300][79.969s][info][gc,ergo     ] GC(27) Collectable Garbage: 991K (93%), Immediate: 0B (0%), CSet: 991K (93%)
[2021-02-28T14:26:27.396+0300][79.969s][info][gc,ergo     ] GC(27) Pacer for Evacuation. Used CSet: 44426K, Free: 49152K, Non-Taxable: 4915K, Alloc Tax Rate: 2.2x
[2021-02-28T14:26:27.396+0300][79.969s][info][gc          ] GC(27) Pause Final Mark (unload classes) 0.600ms
[2021-02-28T14:26:27.396+0300][79.969s][info][gc,start    ] GC(27) Concurrent weak roots
[2021-02-28T14:26:27.396+0300][79.969s][info][gc,task     ] GC(27) Using 1 of 3 workers for concurrent weak root
[2021-02-28T14:26:27.414+0300][79.986s][info][gc          ] GC(27) Concurrent weak roots 17.277ms
[2021-02-28T14:26:27.414+0300][79.987s][info][gc,start    ] GC(27) Concurrent cleanup
[2021-02-28T14:26:27.414+0300][79.987s][info][gc          ] GC(27) Concurrent cleanup 936M->936M(1024M) 0.027ms
[2021-02-28T14:26:27.414+0300][79.987s][info][gc,ergo     ] GC(27) Free: 49125K, Max: 512K regular, 5632K humongous, Frag: 89% external, 0% internal; Reserve: 39424K, Max: 512K
[2021-02-28T14:26:27.414+0300][79.987s][info][gc,start    ] GC(27) Concurrent class unloading
[2021-02-28T14:26:27.414+0300][79.987s][info][gc,task     ] GC(27) Using 1 of 3 workers for concurrent class unloading
[2021-02-28T14:26:27.424+0300][79.997s][info][gc          ] GC(27) Concurrent class unloading 10.069ms
[2021-02-28T14:26:27.424+0300][79.997s][info][gc,start    ] GC(27) Concurrent strong roots
[2021-02-28T14:26:27.424+0300][79.997s][info][gc,task     ] GC(27) Using 1 of 3 workers for concurrent strong root
[2021-02-28T14:26:27.424+0300][79.997s][info][gc          ] GC(27) Concurrent strong roots 0.205ms
[2021-02-28T14:26:27.424+0300][79.997s][info][gc,start    ] GC(27) Concurrent evacuation
[2021-02-28T14:26:27.424+0300][79.997s][info][gc,task     ] GC(27) Using 1 of 3 workers for concurrent evacuation
[2021-02-28T14:26:27.453+0300][80.026s][info][gc          ] GC(27) Concurrent evacuation 29.369ms
[2021-02-28T14:26:27.464+0300][80.037s][info][gc,start    ] GC(27) Pause Init Update Refs
[2021-02-28T14:26:27.464+0300][80.037s][info][gc,ergo     ] GC(27) Pacer for Update Refs. Used: 967M, Free: 49125K, Non-Taxable: 4912K, Alloc Tax Rate: 24.6x
[2021-02-28T14:26:27.464+0300][80.037s][info][gc          ] GC(27) Pause Init Update Refs 0.051ms
[2021-02-28T14:26:27.464+0300][80.037s][info][gc,start    ] GC(27) Concurrent update references
[2021-02-28T14:26:27.464+0300][80.037s][info][gc,task     ] GC(27) Using 1 of 3 workers for concurrent reference update
[2021-02-28T14:26:28.004+0300][80.577s][info][gc          ] GC(27) Concurrent update references 540.746ms
[2021-02-28T14:26:28.012+0300][80.585s][info][gc,start    ] GC(27) Pause Final Update Refs
[2021-02-28T14:26:28.012+0300][80.585s][info][gc,task     ] GC(27) Using 3 of 3 workers for final reference update
[2021-02-28T14:26:28.012+0300][80.585s][info][gc          ] GC(27) Pause Final Update Refs 0.279ms
[2021-02-28T14:26:28.012+0300][80.585s][info][gc,start    ] GC(27) Concurrent cleanup
[2021-02-28T14:26:28.012+0300][80.585s][info][gc          ] GC(27) Concurrent cleanup 967M->923M(1024M) 0.041ms
[2021-02-28T14:26:28.012+0300][80.585s][info][gc,ergo     ] Free: 49475K, Max: 512K regular, 16896K humongous, Frag: 66% external, 0% internal; Reserve: 52736K, Max: 512K
[2021-02-28T14:26:28.012+0300][80.585s][info][gc,stats    ] 
[2021-02-28T14:26:28.012+0300][80.585s][info][gc,stats    ] All times are wall-clock times, except per-root-class counters, that are sum over
[2021-02-28T14:26:28.012+0300][80.585s][info][gc,stats    ] all workers. Dividing the <total> over the root stage time estimates parallelism.
[2021-02-28T14:26:28.012+0300][80.585s][info][gc,stats    ] 
[2021-02-28T14:26:28.012+0300][80.585s][info][gc,stats    ] Concurrent Reset                   1208 us
[2021-02-28T14:26:28.012+0300][80.585s][info][gc,stats    ] Pause Init Mark (G)                3511 us
[2021-02-28T14:26:28.012+0300][80.585s][info][gc,stats    ] Pause Init Mark (N)                 196 us
[2021-02-28T14:26:28.012+0300][80.585s][info][gc,stats    ]   Manage TLABs                        4 us
[2021-02-28T14:26:28.012+0300][80.585s][info][gc,stats    ]   Update Region States               29 us
[2021-02-28T14:26:28.012+0300][80.585s][info][gc,stats    ]   Scan Roots                         57 us, parallelism: 1.57x
[2021-02-28T14:26:28.012+0300][80.585s][info][gc,stats    ]     S: <total>                       89 us
[2021-02-28T14:26:28.012+0300][80.585s][info][gc,stats    ]     S: Thread Roots                  85 us, workers (us):  22,  38,  25, 
[2021-02-28T14:26:28.012+0300][80.585s][info][gc,stats    ]     S: Universe Roots                 2 us, workers (us):   2, ---, ---, 
[2021-02-28T14:26:28.012+0300][80.585s][info][gc,stats    ]     S: Synchronizer Roots             0 us, workers (us): ---,   0, ---, 
[2021-02-28T14:26:28.012+0300][80.585s][info][gc,stats    ]     S: Management Roots               2 us, workers (us): ---,   2, ---, 
[2021-02-28T14:26:28.012+0300][80.585s][info][gc,stats    ]     S: JVMTI Roots                    0 us, workers (us): ---, ---,   0, 
[2021-02-28T14:26:28.012+0300][80.585s][info][gc,stats    ] Concurrent Marking              1264519 us
[2021-02-28T14:26:28.012+0300][80.585s][info][gc,stats    ]   Roots                              93 us, parallelism: 0.75x
[2021-02-28T14:26:28.012+0300][80.585s][info][gc,stats    ]     CM: <total>                      70 us
[2021-02-28T14:26:28.012+0300][80.585s][info][gc,stats    ]     CM: JNI Handles Roots             2 us, workers (us):   2, ---, ---, 
[2021-02-28T14:26:28.012+0300][80.585s][info][gc,stats    ]     CM: VM Global Roots               2 us, workers (us):   2, ---, ---, 
[2021-02-28T14:26:28.012+0300][80.585s][info][gc,stats    ]     CM: CLDG Roots                   66 us, workers (us):  66, ---, ---, 
[2021-02-28T14:26:28.012+0300][80.585s][info][gc,stats    ] Pause Final Mark (G)               7491 us
[2021-02-28T14:26:28.012+0300][80.585s][info][gc,stats    ] Pause Final Mark (N)                614 us
[2021-02-28T14:26:28.012+0300][80.585s][info][gc,stats    ]   Finish Queues                      88 us
[2021-02-28T14:26:28.012+0300][80.585s][info][gc,stats    ]   System Purge                       80 us
[2021-02-28T14:26:28.012+0300][80.585s][info][gc,stats    ]     Weak Roots                       80 us, parallelism: 0.01x
[2021-02-28T14:26:28.012+0300][80.585s][info][gc,stats    ]       WR: <total>                     1 us
[2021-02-28T14:26:28.012+0300][80.585s][info][gc,stats    ]       WR: JVMTI Weak Roots            0 us, workers (us):   0, ---, ---, 
[2021-02-28T14:26:28.012+0300][80.585s][info][gc,stats    ]       WR: JFR Weak Roots              0 us, workers (us):   0, ---, ---, 
[2021-02-28T14:26:28.012+0300][80.585s][info][gc,stats    ]   Update Region States               80 us
[2021-02-28T14:26:28.013+0300][80.585s][info][gc,stats    ]   Manage GC/TLABs                     3 us
[2021-02-28T14:26:28.013+0300][80.585s][info][gc,stats    ]   Choose Collection Set             131 us
[2021-02-28T14:26:28.013+0300][80.585s][info][gc,stats    ]   Rebuild Free Set                   12 us
[2021-02-28T14:26:28.013+0300][80.585s][info][gc,stats    ]   Initial Evacuation                162 us, parallelism: 0.72x
[2021-02-28T14:26:28.013+0300][80.585s][info][gc,stats    ]     E: <total>                      116 us
[2021-02-28T14:26:28.013+0300][80.585s][info][gc,stats    ]     E: Thread Roots                 109 us, workers (us):  39,  60,  11, 
[2021-02-28T14:26:28.013+0300][80.585s][info][gc,stats    ]     E: Universe Roots                 4 us, workers (us):   4, ---, ---, 
[2021-02-28T14:26:28.013+0300][80.585s][info][gc,stats    ]     E: JVMTI Weak Roots               0 us, workers (us): ---,   0, ---, 
[2021-02-28T14:26:28.013+0300][80.585s][info][gc,stats    ]     E: JFR Weak Roots                 0 us, workers (us): ---,   0, ---, 
[2021-02-28T14:26:28.013+0300][80.586s][info][gc,stats    ]     E: Synchronizer Roots             0 us, workers (us): ---,   0, ---, 
[2021-02-28T14:26:28.013+0300][80.586s][info][gc,stats    ]     E: Management Roots               2 us, workers (us): ---,   2, ---, 
[2021-02-28T14:26:28.013+0300][80.586s][info][gc,stats    ]     E: JVMTI Roots                    0 us, workers (us): ---,   0, ---, 
[2021-02-28T14:26:28.013+0300][80.586s][info][gc,stats    ] Concurrent Weak Roots             17307 us
[2021-02-28T14:26:28.013+0300][80.586s][info][gc,stats    ]   Roots                             359 us, parallelism: 0.22x
[2021-02-28T14:26:28.013+0300][80.586s][info][gc,stats    ]     CWR: <total>                     81 us
[2021-02-28T14:26:28.013+0300][80.586s][info][gc,stats    ]     CWR: JNI Weak Roots               0 us, workers (us):   0, ---, ---, 
[2021-02-28T14:26:28.013+0300][80.586s][info][gc,stats    ]     CWR: String Table Roots          65 us, workers (us):  65, ---, ---, 
[2021-02-28T14:26:28.013+0300][80.586s][info][gc,stats    ]     CWR: Resolved Table Roots         3 us, workers (us):   3, ---, ---, 
[2021-02-28T14:26:28.013+0300][80.586s][info][gc,stats    ]     CWR: VM Weak Roots                8 us, workers (us):   8, ---, ---, 
[2021-02-28T14:26:28.013+0300][80.586s][info][gc,stats    ]     CWR: CLDG Roots                   4 us, workers (us):   4, ---, ---, 
[2021-02-28T14:26:28.013+0300][80.586s][info][gc,stats    ]   Rendezvous                      16877 us
[2021-02-28T14:26:28.013+0300][80.586s][info][gc,stats    ] Concurrent Cleanup                   41 us
[2021-02-28T14:26:28.013+0300][80.586s][info][gc,stats    ] Concurrent Class Unloading        10103 us
[2021-02-28T14:26:28.013+0300][80.586s][info][gc,stats    ]   Unlink Stale                     1399 us
[2021-02-28T14:26:28.013+0300][80.586s][info][gc,stats    ]     System Dictionary                 7 us
[2021-02-28T14:26:28.013+0300][80.586s][info][gc,stats    ]     Weak Class Links                  0 us
[2021-02-28T14:26:28.013+0300][80.586s][info][gc,stats    ]     Code Roots                     1391 us
[2021-02-28T14:26:28.013+0300][80.586s][info][gc,stats    ]   Rendezvous                       8493 us
[2021-02-28T14:26:28.013+0300][80.586s][info][gc,stats    ]   Purge Unlinked                    152 us
[2021-02-28T14:26:28.013+0300][80.586s][info][gc,stats    ]     Code Roots                      152 us
[2021-02-28T14:26:28.013+0300][80.586s][info][gc,stats    ]     CLDG                              0 us
[2021-02-28T14:26:28.013+0300][80.586s][info][gc,stats    ]     Exception Caches                  0 us
[2021-02-28T14:26:28.013+0300][80.586s][info][gc,stats    ] Concurrent Strong Roots             228 us, parallelism: 0.39x
[2021-02-28T14:26:28.013+0300][80.586s][info][gc,stats    ] Rendezvous                           90 us
[2021-02-28T14:26:28.013+0300][80.586s][info][gc,stats    ]   CSR: Universe Roots                 2 us, workers (us):   2, ---, ---, 
[2021-02-28T14:26:28.013+0300][80.586s][info][gc,stats    ]   CSR: Resolved Table Roots           1 us, workers (us):   1, ---, ---, 
[2021-02-28T14:26:28.013+0300][80.586s][info][gc,stats    ]   CSR: Management Roots              87 us, workers (us):  87, ---, ---, 
[2021-02-28T14:26:28.013+0300][80.586s][info][gc,stats    ] Concurrent Evacuation             29405 us
[2021-02-28T14:26:28.013+0300][80.586s][info][gc,stats    ] Pause Init  Update Refs (G)       10340 us
[2021-02-28T14:26:28.013+0300][80.586s][info][gc,stats    ] Pause Init  Update Refs (N)          64 us
[2021-02-28T14:26:28.013+0300][80.586s][info][gc,stats    ]   Manage GCLABs                       2 us
[2021-02-28T14:26:28.013+0300][80.586s][info][gc,stats    ] Concurrent Update Refs           540782 us
[2021-02-28T14:26:28.013+0300][80.586s][info][gc,stats    ] Pause Final Update Refs (G)        7502 us
[2021-02-28T14:26:28.013+0300][80.586s][info][gc,stats    ] Pause Final Update Refs (N)         303 us
[2021-02-28T14:26:28.013+0300][80.586s][info][gc,stats    ]   Update Roots                      115 us, parallelism: 0.50x
[2021-02-28T14:26:28.013+0300][80.586s][info][gc,stats    ]     UR: <total>                      58 us
[2021-02-28T14:26:28.013+0300][80.586s][info][gc,stats    ]     UR: Thread Roots                 58 us, workers (us):  35,  11,  12, 
[2021-02-28T14:26:28.013+0300][80.586s][info][gc,stats    ]   Update Region States               95 us
[2021-02-28T14:26:28.013+0300][80.586s][info][gc,stats    ]   Trash Collection Set                3 us
[2021-02-28T14:26:28.013+0300][80.586s][info][gc,stats    ]   Rebuild Free Set                   14 us
[2021-02-28T14:26:28.013+0300][80.586s][info][gc,stats    ] Concurrent Cleanup                   57 us
[2021-02-28T14:26:28.013+0300][80.586s][info][gc,stats    ] 
[2021-02-28T14:26:28.013+0300][80.586s][info][gc,stats    ] Allocation pacing accrued:
[2021-02-28T14:26:28.013+0300][80.586s][info][gc,stats    ]       0 of  1895 ms (  0.0%): <total>
[2021-02-28T14:26:28.013+0300][80.586s][info][gc,stats    ]       0 of  1895 ms (  0.0%): <average total>
[2021-02-28T14:26:28.013+0300][80.586s][info][gc,stats    ] 
[2021-02-28T14:26:28.013+0300][80.586s][info][gc,metaspace] Metaspace: 7197K(7552K)->7197K(7552K) NonClass: 6432K(6656K)->6432K(6656K) Class: 765K(896K)->765K(896K)
[2021-02-28T14:26:28.013+0300][80.586s][info][gc,ergo     ] Pacer for Idle. Initial: 20971K, Alloc Tax Rate: 1.0x
[2021-02-28T14:26:28.030+0300][80.602s][info][gc          ] Trigger: Free (49431K) is below minimum threshold (102M)
[2021-02-28T14:26:28.030+0300][80.603s][info][gc,ergo     ] Free: 49431K, Max: 512K regular, 16896K humongous, Frag: 66% external, 0% internal; Reserve: 52736K, Max: 512K
[2021-02-28T14:26:28.030+0300][80.603s][info][gc,start    ] GC(28) Concurrent reset
[2021-02-28T14:26:28.030+0300][80.603s][info][gc,task     ] GC(28) Using 1 of 3 workers for concurrent reset
[2021-02-28T14:26:28.030+0300][80.603s][info][gc,ergo     ] GC(28) Pacer for Reset. Non-Taxable: 1024M
[2021-02-28T14:26:28.031+0300][80.604s][info][gc          ] GC(28) Concurrent reset 1.310ms
[2021-02-28T14:26:28.046+0300][80.619s][info][gc,start    ] GC(28) Pause Init Mark (unload classes)
[2021-02-28T14:26:28.046+0300][80.619s][info][gc,task     ] GC(28) Using 3 of 3 workers for init marking
[2021-02-28T14:26:28.046+0300][80.619s][info][gc,ergo     ] GC(28) Pacer for Mark. Expected Live: 922M, Free: 49431K, Non-Taxable: 4943K, Alloc Tax Rate: 23.4x
[2021-02-28T14:26:28.046+0300][80.619s][info][gc          ] GC(28) Pause Init Mark (unload classes) 0.301ms
[2021-02-28T14:26:28.046+0300][80.619s][info][gc,start    ] GC(28) Concurrent marking (unload classes)
[2021-02-28T14:26:28.046+0300][80.619s][info][gc,task     ] GC(28) Using 1 of 3 workers for concurrent marking
[2021-02-28T14:26:29.297+0300][81.869s][info][gc          ] GC(28) Concurrent marking (unload classes) 1250.552ms
[2021-02-28T14:26:29.314+0300][81.887s][info][gc,start    ] GC(28) Pause Final Mark (unload classes)
[2021-02-28T14:26:29.314+0300][81.887s][info][gc,task     ] GC(28) Using 3 of 3 workers for final marking
[2021-02-28T14:26:29.314+0300][81.887s][info][gc,ergo     ] GC(28) Adaptive CSet Selection. Target Free: 145M, Actual Free: 101376K, Max CSet: 43690K, Min Garbage: 47172K
[2021-02-28T14:26:29.314+0300][81.887s][info][gc,ergo     ] GC(28) Collectable Garbage: 1508K (96%), Immediate: 0B (0%), CSet: 1508K (96%)
[2021-02-28T14:26:29.314+0300][81.887s][info][gc,ergo     ] GC(28) Pacer for Evacuation. Used CSet: 44938K, Free: 48640K, Non-Taxable: 4864K, Alloc Tax Rate: 2.3x
[2021-02-28T14:26:29.314+0300][81.887s][info][gc          ] GC(28) Pause Final Mark (unload classes) 0.674ms
[2021-02-28T14:26:29.315+0300][81.887s][info][gc,start    ] GC(28) Concurrent weak roots
[2021-02-28T14:26:29.315+0300][81.888s][info][gc,task     ] GC(28) Using 1 of 3 workers for concurrent weak root
[2021-02-28T14:26:29.336+0300][81.909s][info][gc          ] GC(28) Concurrent weak roots 21.043ms
[2021-02-28T14:26:29.336+0300][81.909s][info][gc,start    ] GC(28) Concurrent cleanup
[2021-02-28T14:26:29.336+0300][81.909s][info][gc          ] GC(28) Concurrent cleanup 948M->948M(1024M) 0.032ms
[2021-02-28T14:26:29.336+0300][81.909s][info][gc,ergo     ] GC(28) Free: 48613K, Max: 512K regular, 16896K humongous, Frag: 65% external, 0% internal; Reserve: 27648K, Max: 512K
[2021-02-28T14:26:29.336+0300][81.909s][info][gc,start    ] GC(28) Concurrent class unloading
[2021-02-28T14:26:29.336+0300][81.909s][info][gc,task     ] GC(28) Using 1 of 3 workers for concurrent class unloading
[2021-02-28T14:26:29.346+0300][81.919s][info][gc          ] GC(28) Concurrent class unloading 9.983ms
[2021-02-28T14:26:29.346+0300][81.919s][info][gc,start    ] GC(28) Concurrent strong roots
[2021-02-28T14:26:29.346+0300][81.919s][info][gc,task     ] GC(28) Using 1 of 3 workers for concurrent strong root
[2021-02-28T14:26:29.346+0300][81.919s][info][gc          ] GC(28) Concurrent strong roots 0.257ms
[2021-02-28T14:26:29.346+0300][81.919s][info][gc,start    ] GC(28) Concurrent evacuation
[2021-02-28T14:26:29.346+0300][81.919s][info][gc,task     ] GC(28) Using 1 of 3 workers for concurrent evacuation
[2021-02-28T14:26:29.366+0300][81.939s][info][gc          ] GC(28) Concurrent evacuation 20.392ms
[2021-02-28T14:26:29.376+0300][81.949s][info][gc,start    ] GC(28) Pause Init Update Refs
[2021-02-28T14:26:29.376+0300][81.949s][info][gc,ergo     ] GC(28) Pacer for Update Refs. Used: 967M, Free: 48613K, Non-Taxable: 4861K, Alloc Tax Rate: 24.9x
[2021-02-28T14:26:29.376+0300][81.949s][info][gc          ] GC(28) Pause Init Update Refs 0.043ms
[2021-02-28T14:26:29.376+0300][81.949s][info][gc,start    ] GC(28) Concurrent update references
[2021-02-28T14:26:29.376+0300][81.949s][info][gc,task     ] GC(28) Using 1 of 3 workers for concurrent reference update
[2021-02-28T14:26:29.910+0300][82.483s][info][gc          ] GC(28) Concurrent update references 533.953ms
[2021-02-28T14:26:29.921+0300][82.494s][info][gc,start    ] GC(28) Pause Final Update Refs
[2021-02-28T14:26:29.921+0300][82.494s][info][gc,task     ] GC(28) Using 3 of 3 workers for final reference update
[2021-02-28T14:26:29.921+0300][82.494s][info][gc          ] GC(28) Pause Final Update Refs 0.253ms
[2021-02-28T14:26:29.921+0300][82.494s][info][gc,start    ] GC(28) Concurrent cleanup
[2021-02-28T14:26:29.921+0300][82.494s][info][gc          ] GC(28) Concurrent cleanup 967M->923M(1024M) 0.037ms
[2021-02-28T14:26:29.921+0300][82.494s][info][gc,ergo     ] Free: 49987K, Max: 512K regular, 48640K humongous, Frag: 2% external, 0% internal; Reserve: 52736K, Max: 512K
[2021-02-28T14:26:29.921+0300][82.494s][info][gc,stats    ] 
[2021-02-28T14:26:29.921+0300][82.494s][info][gc,stats    ] All times are wall-clock times, except per-root-class counters, that are sum over
[2021-02-28T14:26:29.921+0300][82.494s][info][gc,stats    ] all workers. Dividing the <total> over the root stage time estimates parallelism.
[2021-02-28T14:26:29.921+0300][82.494s][info][gc,stats    ] 
[2021-02-28T14:26:29.921+0300][82.494s][info][gc,stats    ] Concurrent Reset                   1371 us
[2021-02-28T14:26:29.921+0300][82.494s][info][gc,stats    ] Pause Init Mark (G)               14983 us
[2021-02-28T14:26:29.921+0300][82.494s][info][gc,stats    ] Pause Init Mark (N)                 316 us
[2021-02-28T14:26:29.921+0300][82.494s][info][gc,stats    ]   Manage TLABs                        4 us
[2021-02-28T14:26:29.921+0300][82.494s][info][gc,stats    ]   Update Region States               94 us
[2021-02-28T14:26:29.921+0300][82.494s][info][gc,stats    ]   Scan Roots                        114 us, parallelism: 0.75x
[2021-02-28T14:26:29.921+0300][82.494s][info][gc,stats    ]     S: <total>                       86 us
[2021-02-28T14:26:29.921+0300][82.494s][info][gc,stats    ]     S: Thread Roots                  82 us, workers (us):  46,   9,  28, 
[2021-02-28T14:26:29.921+0300][82.494s][info][gc,stats    ]     S: Universe Roots                 2 us, workers (us):   2, ---, ---, 
[2021-02-28T14:26:29.921+0300][82.494s][info][gc,stats    ]     S: Synchronizer Roots             0 us, workers (us):   0, ---, ---, 
[2021-02-28T14:26:29.921+0300][82.494s][info][gc,stats    ]     S: Management Roots               1 us, workers (us):   1, ---, ---, 
[2021-02-28T14:26:29.921+0300][82.494s][info][gc,stats    ]     S: JVMTI Roots                    0 us, workers (us):   0, ---, ---, 
[2021-02-28T14:26:29.921+0300][82.494s][info][gc,stats    ] Concurrent Marking              1250590 us
[2021-02-28T14:26:29.921+0300][82.494s][info][gc,stats    ]   Roots                             127 us, parallelism: 0.54x
[2021-02-28T14:26:29.921+0300][82.494s][info][gc,stats    ]     CM: <total>                      68 us
[2021-02-28T14:26:29.921+0300][82.494s][info][gc,stats    ]     CM: JNI Handles Roots             2 us, workers (us):   2, ---, ---, 
[2021-02-28T14:26:29.921+0300][82.494s][info][gc,stats    ]     CM: VM Global Roots               2 us, workers (us):   2, ---, ---, 
[2021-02-28T14:26:29.921+0300][82.494s][info][gc,stats    ]     CM: CLDG Roots                   64 us, workers (us):  64, ---, ---, 
[2021-02-28T14:26:29.921+0300][82.494s][info][gc,stats    ] Pause Final Mark (G)              17979 us
[2021-02-28T14:26:29.921+0300][82.494s][info][gc,stats    ] Pause Final Mark (N)                688 us
[2021-02-28T14:26:29.921+0300][82.494s][info][gc,stats    ]   Finish Queues                     143 us
[2021-02-28T14:26:29.921+0300][82.494s][info][gc,stats    ]   System Purge                       94 us
[2021-02-28T14:26:29.921+0300][82.494s][info][gc,stats    ]     Weak Roots                       94 us, parallelism: 0.01x
[2021-02-28T14:26:29.921+0300][82.494s][info][gc,stats    ]       WR: <total>                     1 us
[2021-02-28T14:26:29.921+0300][82.494s][info][gc,stats    ]       WR: JVMTI Weak Roots            0 us, workers (us):   0, ---, ---, 
[2021-02-28T14:26:29.921+0300][82.494s][info][gc,stats    ]       WR: JFR Weak Roots              0 us, workers (us):   0, ---, ---, 
[2021-02-28T14:26:29.921+0300][82.494s][info][gc,stats    ]   Update Region States               87 us
[2021-02-28T14:26:29.921+0300][82.494s][info][gc,stats    ]   Manage GC/TLABs                     4 us
[2021-02-28T14:26:29.921+0300][82.494s][info][gc,stats    ]   Choose Collection Set             125 us
[2021-02-28T14:26:29.921+0300][82.494s][info][gc,stats    ]   Rebuild Free Set                   11 us
[2021-02-28T14:26:29.921+0300][82.494s][info][gc,stats    ]   Initial Evacuation                159 us, parallelism: 0.70x
[2021-02-28T14:26:29.921+0300][82.494s][info][gc,stats    ]     E: <total>                      112 us
[2021-02-28T14:26:29.921+0300][82.494s][info][gc,stats    ]     E: Thread Roots                 106 us, workers (us):  66,  29,  10, 
[2021-02-28T14:26:29.922+0300][82.494s][info][gc,stats    ]     E: Universe Roots                 3 us, workers (us):   3, ---, ---, 
[2021-02-28T14:26:29.922+0300][82.494s][info][gc,stats    ]     E: JVMTI Weak Roots               0 us, workers (us):   0, ---, ---, 
[2021-02-28T14:26:29.922+0300][82.494s][info][gc,stats    ]     E: JFR Weak Roots                 0 us, workers (us):   0, ---, ---, 
[2021-02-28T14:26:29.922+0300][82.494s][info][gc,stats    ]     E: Synchronizer Roots             0 us, workers (us):   0, ---, ---, 
[2021-02-28T14:26:29.922+0300][82.494s][info][gc,stats    ]     E: Management Roots               2 us, workers (us):   2, ---, ---, 
[2021-02-28T14:26:29.922+0300][82.494s][info][gc,stats    ]     E: JVMTI Roots                    0 us, workers (us):   0, ---, ---, 
[2021-02-28T14:26:29.922+0300][82.494s][info][gc,stats    ] Concurrent Weak Roots             21081 us
[2021-02-28T14:26:29.922+0300][82.495s][info][gc,stats    ]   Roots                             634 us, parallelism: 0.34x
[2021-02-28T14:26:29.922+0300][82.495s][info][gc,stats    ]     CWR: <total>                    215 us
[2021-02-28T14:26:29.922+0300][82.495s][info][gc,stats    ]     CWR: JNI Weak Roots               0 us, workers (us):   0, ---, ---, 
[2021-02-28T14:26:29.922+0300][82.495s][info][gc,stats    ]     CWR: String Table Roots         171 us, workers (us): 171, ---, ---, 
[2021-02-28T14:26:29.922+0300][82.495s][info][gc,stats    ]     CWR: Resolved Table Roots        27 us, workers (us):  27, ---, ---, 
[2021-02-28T14:26:29.922+0300][82.495s][info][gc,stats    ]     CWR: VM Weak Roots                9 us, workers (us):   9, ---, ---, 
[2021-02-28T14:26:29.922+0300][82.495s][info][gc,stats    ]     CWR: CLDG Roots                   7 us, workers (us):   7, ---, ---, 
[2021-02-28T14:26:29.922+0300][82.495s][info][gc,stats    ]   Rendezvous                      20336 us
[2021-02-28T14:26:29.922+0300][82.495s][info][gc,stats    ] Concurrent Cleanup                   46 us
[2021-02-28T14:26:29.922+0300][82.495s][info][gc,stats    ] Concurrent Class Unloading        10012 us
[2021-02-28T14:26:29.922+0300][82.495s][info][gc,stats    ]   Unlink Stale                     1315 us
[2021-02-28T14:26:29.922+0300][82.495s][info][gc,stats    ]     System Dictionary                 9 us
[2021-02-28T14:26:29.922+0300][82.495s][info][gc,stats    ]     Weak Class Links                  0 us
[2021-02-28T14:26:29.922+0300][82.495s][info][gc,stats    ]     Code Roots                     1305 us
[2021-02-28T14:26:29.922+0300][82.495s][info][gc,stats    ]   Rendezvous                       8531 us
[2021-02-28T14:26:29.922+0300][82.495s][info][gc,stats    ]   Purge Unlinked                    108 us
[2021-02-28T14:26:29.922+0300][82.495s][info][gc,stats    ]     Code Roots                      107 us
[2021-02-28T14:26:29.922+0300][82.495s][info][gc,stats    ]     CLDG                              0 us
[2021-02-28T14:26:29.922+0300][82.495s][info][gc,stats    ]     Exception Caches                  0 us
[2021-02-28T14:26:29.922+0300][82.495s][info][gc,stats    ] Concurrent Strong Roots             280 us, parallelism: 0.49x
[2021-02-28T14:26:29.922+0300][82.495s][info][gc,stats    ] Rendezvous                          137 us
[2021-02-28T14:26:29.922+0300][82.495s][info][gc,stats    ]   CSR: Universe Roots                 3 us, workers (us):   3, ---, ---, 
[2021-02-28T14:26:29.922+0300][82.495s][info][gc,stats    ]   CSR: Resolved Table Roots           2 us, workers (us):   2, ---, ---, 
[2021-02-28T14:26:29.922+0300][82.495s][info][gc,stats    ]   CSR: Management Roots             132 us, workers (us): 132, ---, ---, 
[2021-02-28T14:26:29.922+0300][82.495s][info][gc,stats    ] Concurrent Evacuation             20427 us
[2021-02-28T14:26:29.922+0300][82.495s][info][gc,stats    ] Pause Init  Update Refs (G)        9391 us
[2021-02-28T14:26:29.922+0300][82.495s][info][gc,stats    ] Pause Init  Update Refs (N)          55 us
[2021-02-28T14:26:29.922+0300][82.495s][info][gc,stats    ]   Manage GCLABs                       2 us
[2021-02-28T14:26:29.922+0300][82.495s][info][gc,stats    ] Concurrent Update Refs           533996 us
[2021-02-28T14:26:29.922+0300][82.495s][info][gc,stats    ] Pause Final Update Refs (G)       11134 us
[2021-02-28T14:26:29.922+0300][82.495s][info][gc,stats    ] Pause Final Update Refs (N)         276 us
[2021-02-28T14:26:29.922+0300][82.495s][info][gc,stats    ]   Update Roots                       92 us, parallelism: 0.57x
[2021-02-28T14:26:29.922+0300][82.495s][info][gc,stats    ]     UR: <total>                      52 us
[2021-02-28T14:26:29.922+0300][82.495s][info][gc,stats    ]     UR: Thread Roots                 52 us, workers (us):  43,   9,   1, 
[2021-02-28T14:26:29.922+0300][82.495s][info][gc,stats    ]   Update Region States               87 us
[2021-02-28T14:26:29.922+0300][82.495s][info][gc,stats    ]   Trash Collection Set                4 us
[2021-02-28T14:26:29.922+0300][82.495s][info][gc,stats    ]   Rebuild Free Set                   13 us
[2021-02-28T14:26:29.922+0300][82.495s][info][gc,stats    ] Concurrent Cleanup                   53 us
[2021-02-28T14:26:29.922+0300][82.495s][info][gc,stats    ] 
[2021-02-28T14:26:29.922+0300][82.495s][info][gc,stats    ] Allocation pacing accrued:
[2021-02-28T14:26:29.922+0300][82.495s][info][gc,stats    ]       0 of  1909 ms (  0.0%): <total>
[2021-02-28T14:26:29.922+0300][82.495s][info][gc,stats    ]       0 of  1909 ms (  0.0%): <average total>
[2021-02-28T14:26:29.922+0300][82.495s][info][gc,stats    ] 
[2021-02-28T14:26:29.922+0300][82.495s][info][gc,metaspace] Metaspace: 7197K(7552K)->7197K(7552K) NonClass: 6432K(6656K)->6432K(6656K) Class: 765K(896K)->765K(896K)
[2021-02-28T14:26:29.922+0300][82.495s][info][gc,ergo     ] Pacer for Idle. Initial: 20971K, Alloc Tax Rate: 1.0x
[2021-02-28T14:26:29.924+0300][82.496s][info][gc          ] Trigger: Free (49943K) is below minimum threshold (102M)
[2021-02-28T14:26:29.924+0300][82.496s][info][gc,ergo     ] Free: 49943K, Max: 512K regular, 48640K humongous, Frag: 2% external, 0% internal; Reserve: 52736K, Max: 512K
[2021-02-28T14:26:29.924+0300][82.496s][info][gc,start    ] GC(29) Concurrent reset
[2021-02-28T14:26:29.924+0300][82.496s][info][gc,task     ] GC(29) Using 1 of 3 workers for concurrent reset
[2021-02-28T14:26:29.924+0300][82.496s][info][gc,ergo     ] GC(29) Pacer for Reset. Non-Taxable: 1024M
[2021-02-28T14:26:29.925+0300][82.498s][info][gc          ] GC(29) Concurrent reset 1.169ms
[2021-02-28T14:26:29.925+0300][82.498s][info][gc,start    ] GC(29) Pause Init Mark (unload classes)
[2021-02-28T14:26:29.925+0300][82.498s][info][gc,task     ] GC(29) Using 3 of 3 workers for init marking
[2021-02-28T14:26:29.925+0300][82.498s][info][gc,ergo     ] GC(29) Pacer for Mark. Expected Live: 922M, Free: 49943K, Non-Taxable: 4994K, Alloc Tax Rate: 23.1x
[2021-02-28T14:26:29.925+0300][82.498s][info][gc          ] GC(29) Pause Init Mark (unload classes) 0.262ms
[2021-02-28T14:26:29.925+0300][82.498s][info][gc,start    ] GC(29) Concurrent marking (unload classes)
[2021-02-28T14:26:29.925+0300][82.498s][info][gc,task     ] GC(29) Using 1 of 3 workers for concurrent marking
[2021-02-28T14:26:31.199+0300][83.772s][info][gc          ] GC(29) Concurrent marking (unload classes) 1273.714ms
[2021-02-28T14:26:31.202+0300][83.775s][info][gc,start    ] GC(29) Pause Final Mark (unload classes)
[2021-02-28T14:26:31.202+0300][83.775s][info][gc,task     ] GC(29) Using 3 of 3 workers for final marking
[2021-02-28T14:26:31.202+0300][83.775s][info][gc,ergo     ] GC(29) Adaptive CSet Selection. Target Free: 145M, Actual Free: 101888K, Max CSet: 43690K, Min Garbage: 46660K
[2021-02-28T14:26:31.202+0300][83.775s][info][gc,ergo     ] GC(29) Collectable Garbage: 977K (95%), Immediate: 0B (0%), CSet: 977K (95%)
[2021-02-28T14:26:31.202+0300][83.775s][info][gc,ergo     ] GC(29) Pacer for Evacuation. Used CSet: 44429K, Free: 49152K, Non-Taxable: 4915K, Alloc Tax Rate: 2.2x
[2021-02-28T14:26:31.202+0300][83.775s][info][gc          ] GC(29) Pause Final Mark (unload classes) 0.661ms
[2021-02-28T14:26:31.203+0300][83.775s][info][gc,start    ] GC(29) Concurrent weak roots
[2021-02-28T14:26:31.203+0300][83.775s][info][gc,task     ] GC(29) Using 1 of 3 workers for concurrent weak root
[2021-02-28T14:26:31.232+0300][83.804s][info][gc          ] GC(29) Concurrent weak roots 29.023ms
[2021-02-28T14:26:31.232+0300][83.804s][info][gc,start    ] GC(29) Concurrent cleanup
[2021-02-28T14:26:31.232+0300][83.805s][info][gc          ] GC(29) Concurrent cleanup 964M->964M(1024M) 0.030ms
[2021-02-28T14:26:31.232+0300][83.805s][info][gc,ergo     ] GC(29) Free: 49125K, Max: 512K regular, 48640K humongous, Frag: 0% external, 0% internal; Reserve: 11264K, Max: 512K
[2021-02-28T14:26:31.232+0300][83.805s][info][gc,start    ] GC(29) Concurrent class unloading
[2021-02-28T14:26:31.232+0300][83.805s][info][gc,task     ] GC(29) Using 1 of 3 workers for concurrent class unloading
[2021-02-28T14:26:31.248+0300][83.821s][info][gc          ] GC(29) Concurrent class unloading 16.104ms
[2021-02-28T14:26:31.248+0300][83.821s][info][gc,start    ] GC(29) Concurrent strong roots
[2021-02-28T14:26:31.248+0300][83.821s][info][gc,task     ] GC(29) Using 1 of 3 workers for concurrent strong root
[2021-02-28T14:26:31.248+0300][83.821s][info][gc          ] GC(29) Concurrent strong roots 0.318ms
[2021-02-28T14:26:31.248+0300][83.821s][info][gc,start    ] GC(29) Concurrent evacuation
[2021-02-28T14:26:31.248+0300][83.821s][info][gc,task     ] GC(29) Using 1 of 3 workers for concurrent evacuation
[2021-02-28T14:26:31.259+0300][83.832s][info][gc          ] GC(29) Concurrent evacuation 10.478ms
[2021-02-28T14:26:31.263+0300][83.836s][info][gc,start    ] GC(29) Pause Init Update Refs
[2021-02-28T14:26:31.263+0300][83.836s][info][gc,ergo     ] GC(29) Pacer for Update Refs. Used: 966M, Free: 49125K, Non-Taxable: 4912K, Alloc Tax Rate: 24.6x
[2021-02-28T14:26:31.263+0300][83.836s][info][gc          ] GC(29) Pause Init Update Refs 0.049ms
[2021-02-28T14:26:31.263+0300][83.836s][info][gc,start    ] GC(29) Concurrent update references
[2021-02-28T14:26:31.263+0300][83.836s][info][gc,task     ] GC(29) Using 1 of 3 workers for concurrent reference update
[2021-02-28T14:26:31.782+0300][84.355s][info][gc          ] GC(29) Concurrent update references 519.076ms
[2021-02-28T14:26:31.783+0300][84.356s][info][gc,start    ] GC(29) Pause Final Update Refs
[2021-02-28T14:26:31.783+0300][84.356s][info][gc,task     ] GC(29) Using 3 of 3 workers for final reference update
[2021-02-28T14:26:31.783+0300][84.356s][info][gc          ] GC(29) Pause Final Update Refs 0.240ms
[2021-02-28T14:26:31.783+0300][84.356s][info][gc,start    ] GC(29) Concurrent cleanup
[2021-02-28T14:26:31.783+0300][84.356s][info][gc          ] GC(29) Concurrent cleanup 966M->923M(1024M) 0.038ms
[2021-02-28T14:26:31.783+0300][84.356s][info][gc,ergo     ] Free: 50094K, Max: 512K regular, 49152K humongous, Frag: 0% external, 0% internal; Reserve: 52736K, Max: 512K
[2021-02-28T14:26:31.783+0300][84.356s][info][gc,stats    ] 
[2021-02-28T14:26:31.783+0300][84.356s][info][gc,stats    ] All times are wall-clock times, except per-root-class counters, that are sum over
[2021-02-28T14:26:31.783+0300][84.356s][info][gc,stats    ] all workers. Dividing the <total> over the root stage time estimates parallelism.
[2021-02-28T14:26:31.783+0300][84.356s][info][gc,stats    ] 
[2021-02-28T14:26:31.783+0300][84.356s][info][gc,stats    ] Concurrent Reset                   1225 us
[2021-02-28T14:26:31.783+0300][84.356s][info][gc,stats    ] Pause Init Mark (G)                 650 us
[2021-02-28T14:26:31.783+0300][84.356s][info][gc,stats    ] Pause Init Mark (N)                 276 us
[2021-02-28T14:26:31.783+0300][84.356s][info][gc,stats    ]   Manage TLABs                        3 us
[2021-02-28T14:26:31.783+0300][84.356s][info][gc,stats    ]   Update Region States               94 us
[2021-02-28T14:26:31.783+0300][84.356s][info][gc,stats    ]   Scan Roots                         97 us, parallelism: 0.82x
[2021-02-28T14:26:31.783+0300][84.356s][info][gc,stats    ]     S: <total>                       80 us
[2021-02-28T14:26:31.783+0300][84.356s][info][gc,stats    ]     S: Thread Roots                  76 us, workers (us):  52,  17,   8, 
[2021-02-28T14:26:31.783+0300][84.356s][info][gc,stats    ]     S: Universe Roots                 2 us, workers (us):   2, ---, ---, 
[2021-02-28T14:26:31.783+0300][84.356s][info][gc,stats    ]     S: Synchronizer Roots             0 us, workers (us):   0, ---, ---, 
[2021-02-28T14:26:31.783+0300][84.356s][info][gc,stats    ]     S: Management Roots               1 us, workers (us):   1, ---, ---, 
[2021-02-28T14:26:31.783+0300][84.356s][info][gc,stats    ]     S: JVMTI Roots                    0 us, workers (us):   0, ---, ---, 
[2021-02-28T14:26:31.783+0300][84.356s][info][gc,stats    ] Concurrent Marking              1273767 us
[2021-02-28T14:26:31.783+0300][84.356s][info][gc,stats    ]   Roots                             111 us, parallelism: 0.76x
[2021-02-28T14:26:31.783+0300][84.356s][info][gc,stats    ]     CM: <total>                      85 us
[2021-02-28T14:26:31.783+0300][84.356s][info][gc,stats    ]     CM: JNI Handles Roots             2 us, workers (us):   2, ---, ---, 
[2021-02-28T14:26:31.783+0300][84.356s][info][gc,stats    ]     CM: VM Global Roots               2 us, workers (us):   2, ---, ---, 
[2021-02-28T14:26:31.783+0300][84.356s][info][gc,stats    ]     CM: CLDG Roots                   81 us, workers (us):  81, ---, ---, 
[2021-02-28T14:26:31.783+0300][84.356s][info][gc,stats    ] Pause Final Mark (G)               3298 us
[2021-02-28T14:26:31.783+0300][84.356s][info][gc,stats    ] Pause Final Mark (N)                675 us
[2021-02-28T14:26:31.783+0300][84.356s][info][gc,stats    ]   Finish Queues                     107 us
[2021-02-28T14:26:31.783+0300][84.356s][info][gc,stats    ]   System Purge                       96 us
[2021-02-28T14:26:31.783+0300][84.356s][info][gc,stats    ]     Weak Roots                       96 us, parallelism: 0.01x
[2021-02-28T14:26:31.783+0300][84.356s][info][gc,stats    ]       WR: <total>                     1 us
[2021-02-28T14:26:31.783+0300][84.356s][info][gc,stats    ]       WR: JVMTI Weak Roots            0 us, workers (us):   0, ---, ---, 
[2021-02-28T14:26:31.783+0300][84.356s][info][gc,stats    ]       WR: JFR Weak Roots              0 us, workers (us):   0, ---, ---, 
[2021-02-28T14:26:31.783+0300][84.356s][info][gc,stats    ]   Update Region States               94 us
[2021-02-28T14:26:31.783+0300][84.356s][info][gc,stats    ]   Manage GC/TLABs                     3 us
[2021-02-28T14:26:31.784+0300][84.356s][info][gc,stats    ]   Choose Collection Set             124 us
[2021-02-28T14:26:31.784+0300][84.356s][info][gc,stats    ]   Rebuild Free Set                   11 us
[2021-02-28T14:26:31.784+0300][84.356s][info][gc,stats    ]   Initial Evacuation                180 us, parallelism: 0.64x
[2021-02-28T14:26:31.784+0300][84.356s][info][gc,stats    ]     E: <total>                      116 us
[2021-02-28T14:26:31.784+0300][84.356s][info][gc,stats    ]     E: Thread Roots                 110 us, workers (us):  60,  29,  21, 
[2021-02-28T14:26:31.784+0300][84.356s][info][gc,stats    ]     E: Universe Roots                 4 us, workers (us):   4, ---, ---, 
[2021-02-28T14:26:31.784+0300][84.356s][info][gc,stats    ]     E: JVMTI Weak Roots               0 us, workers (us):   0, ---, ---, 
[2021-02-28T14:26:31.784+0300][84.357s][info][gc,stats    ]     E: JFR Weak Roots                 0 us, workers (us):   0, ---, ---, 
[2021-02-28T14:26:31.784+0300][84.357s][info][gc,stats    ]     E: Synchronizer Roots             0 us, workers (us):   0, ---, ---, 
[2021-02-28T14:26:31.784+0300][84.357s][info][gc,stats    ]     E: Management Roots               2 us, workers (us):   2, ---, ---, 
[2021-02-28T14:26:31.784+0300][84.357s][info][gc,stats    ]     E: JVMTI Roots                    0 us, workers (us):   0, ---, ---, 
[2021-02-28T14:26:31.784+0300][84.357s][info][gc,stats    ] Concurrent Weak Roots             29061 us
[2021-02-28T14:26:31.784+0300][84.357s][info][gc,stats    ]   Roots                             445 us, parallelism: 0.41x
[2021-02-28T14:26:31.784+0300][84.357s][info][gc,stats    ]     CWR: <total>                    181 us
[2021-02-28T14:26:31.784+0300][84.357s][info][gc,stats    ]     CWR: JNI Weak Roots               0 us, workers (us):   0, ---, ---, 
[2021-02-28T14:26:31.784+0300][84.357s][info][gc,stats    ]     CWR: String Table Roots         158 us, workers (us): 158, ---, ---, 
[2021-02-28T14:26:31.784+0300][84.357s][info][gc,stats    ]     CWR: Resolved Table Roots        11 us, workers (us):  11, ---, ---, 
[2021-02-28T14:26:31.784+0300][84.357s][info][gc,stats    ]     CWR: VM Weak Roots                7 us, workers (us):   7, ---, ---, 
[2021-02-28T14:26:31.784+0300][84.357s][info][gc,stats    ]     CWR: CLDG Roots                   5 us, workers (us):   5, ---, ---, 
[2021-02-28T14:26:31.784+0300][84.357s][info][gc,stats    ]   Rendezvous                      28540 us
[2021-02-28T14:26:31.784+0300][84.357s][info][gc,stats    ] Concurrent Cleanup                   45 us
[2021-02-28T14:26:31.784+0300][84.357s][info][gc,stats    ] Concurrent Class Unloading        16140 us
[2021-02-28T14:26:31.784+0300][84.357s][info][gc,stats    ]   Unlink Stale                     1352 us
[2021-02-28T14:26:31.784+0300][84.357s][info][gc,stats    ]     System Dictionary                11 us
[2021-02-28T14:26:31.784+0300][84.357s][info][gc,stats    ]     Weak Class Links                  0 us
[2021-02-28T14:26:31.784+0300][84.357s][info][gc,stats    ]     Code Roots                     1340 us
[2021-02-28T14:26:31.784+0300][84.357s][info][gc,stats    ]   Rendezvous                      14577 us
[2021-02-28T14:26:31.784+0300][84.357s][info][gc,stats    ]   Purge Unlinked                    146 us
[2021-02-28T14:26:31.784+0300][84.357s][info][gc,stats    ]     Code Roots                      145 us
[2021-02-28T14:26:31.784+0300][84.357s][info][gc,stats    ]     CLDG                              0 us
[2021-02-28T14:26:31.784+0300][84.357s][info][gc,stats    ]     Exception Caches                  1 us
[2021-02-28T14:26:31.784+0300][84.357s][info][gc,stats    ] Concurrent Strong Roots             343 us, parallelism: 0.36x
[2021-02-28T14:26:31.784+0300][84.357s][info][gc,stats    ] Rendezvous                          123 us
[2021-02-28T14:26:31.784+0300][84.357s][info][gc,stats    ]   CSR: Universe Roots                 4 us, workers (us):   4, ---, ---, 
[2021-02-28T14:26:31.784+0300][84.357s][info][gc,stats    ]   CSR: Resolved Table Roots           3 us, workers (us):   3, ---, ---, 
[2021-02-28T14:26:31.784+0300][84.357s][info][gc,stats    ]   CSR: Management Roots             116 us, workers (us): 116, ---, ---, 
[2021-02-28T14:26:31.784+0300][84.357s][info][gc,stats    ] Concurrent Evacuation             10561 us
[2021-02-28T14:26:31.784+0300][84.357s][info][gc,stats    ] Pause Init  Update Refs (G)        4195 us
[2021-02-28T14:26:31.784+0300][84.357s][info][gc,stats    ] Pause Init  Update Refs (N)          63 us
[2021-02-28T14:26:31.784+0300][84.357s][info][gc,stats    ]   Manage GCLABs                       2 us
[2021-02-28T14:26:31.784+0300][84.357s][info][gc,stats    ] Concurrent Update Refs           519125 us
[2021-02-28T14:26:31.784+0300][84.357s][info][gc,stats    ] Pause Final Update Refs (G)        1025 us
[2021-02-28T14:26:31.784+0300][84.357s][info][gc,stats    ] Pause Final Update Refs (N)         263 us
[2021-02-28T14:26:31.784+0300][84.357s][info][gc,stats    ]   Update Roots                       90 us, parallelism: 0.56x
[2021-02-28T14:26:31.784+0300][84.357s][info][gc,stats    ]     UR: <total>                      51 us
[2021-02-28T14:26:31.784+0300][84.357s][info][gc,stats    ]     UR: Thread Roots                 51 us, workers (us):  41,   9,   1, 
[2021-02-28T14:26:31.784+0300][84.357s][info][gc,stats    ]   Update Region States               92 us
[2021-02-28T14:26:31.784+0300][84.357s][info][gc,stats    ]   Trash Collection Set                3 us
[2021-02-28T14:26:31.784+0300][84.357s][info][gc,stats    ]   Rebuild Free Set                   13 us
[2021-02-28T14:26:31.784+0300][84.357s][info][gc,stats    ] Concurrent Cleanup                   55 us
[2021-02-28T14:26:31.784+0300][84.357s][info][gc,stats    ] 
[2021-02-28T14:26:31.784+0300][84.357s][info][gc,stats    ] Allocation pacing accrued:
[2021-02-28T14:26:31.784+0300][84.357s][info][gc,stats    ]       0 of  1862 ms (  0.0%): <total>
[2021-02-28T14:26:31.784+0300][84.357s][info][gc,stats    ]       0 of  1862 ms (  0.0%): <average total>
[2021-02-28T14:26:31.784+0300][84.357s][info][gc,stats    ] 
[2021-02-28T14:26:31.784+0300][84.357s][info][gc,metaspace] Metaspace: 7197K(7552K)->7205K(7552K) NonClass: 6432K(6656K)->6440K(6656K) Class: 765K(896K)->765K(896K)
[2021-02-28T14:26:31.784+0300][84.357s][info][gc,ergo     ] Pacer for Idle. Initial: 20971K, Alloc Tax Rate: 1.0x
[2021-02-28T14:26:31.800+0300][84.373s][info][gc          ] Trigger: Free (50013K) is below minimum threshold (102M)
[2021-02-28T14:26:31.800+0300][84.373s][info][gc,ergo     ] Free: 50013K, Max: 512K regular, 49152K humongous, Frag: 0% external, 0% internal; Reserve: 52736K, Max: 512K
[2021-02-28T14:26:31.800+0300][84.373s][info][gc,start    ] GC(30) Concurrent reset
[2021-02-28T14:26:31.800+0300][84.373s][info][gc,task     ] GC(30) Using 1 of 3 workers for concurrent reset
[2021-02-28T14:26:31.800+0300][84.373s][info][gc,ergo     ] GC(30) Pacer for Reset. Non-Taxable: 1024M
[2021-02-28T14:26:31.801+0300][84.374s][info][gc          ] GC(30) Concurrent reset 1.223ms
[2021-02-28T14:26:31.802+0300][84.375s][info][gc,start    ] GC(30) Pause Init Mark (process weakrefs) (unload classes)
[2021-02-28T14:26:31.802+0300][84.375s][info][gc,task     ] GC(30) Using 3 of 3 workers for init marking
[2021-02-28T14:26:31.802+0300][84.375s][info][gc,ergo     ] GC(30) Pacer for Mark. Expected Live: 922M, Free: 49943K, Non-Taxable: 4994K, Alloc Tax Rate: 23.1x
[2021-02-28T14:26:31.802+0300][84.375s][info][gc          ] GC(30) Pause Init Mark (process weakrefs) (unload classes) 0.222ms
[2021-02-28T14:26:31.802+0300][84.375s][info][gc,start    ] GC(30) Concurrent marking (process weakrefs) (unload classes)
[2021-02-28T14:26:31.802+0300][84.375s][info][gc,task     ] GC(30) Using 1 of 3 workers for concurrent marking
[2021-02-28T14:26:33.070+0300][85.642s][info][gc          ] GC(30) Concurrent marking (process weakrefs) (unload classes) 1267.121ms
[2021-02-28T14:26:33.070+0300][85.642s][info][gc,start    ] GC(30) Concurrent precleaning
[2021-02-28T14:26:33.070+0300][85.642s][info][gc,task     ] GC(30) Using 1 of 3 workers for concurrent preclean
[2021-02-28T14:26:33.070+0300][85.642s][info][gc,ergo     ] GC(30) Pacer for Precleaning. Non-Taxable: 1024M
[2021-02-28T14:26:33.070+0300][85.643s][info][gc          ] GC(30) Concurrent precleaning 0.145ms
[2021-02-28T14:26:33.098+0300][85.671s][info][gc,start    ] GC(30) Pause Final Mark (process weakrefs) (unload classes)
[2021-02-28T14:26:33.098+0300][85.671s][info][gc,task     ] GC(30) Using 3 of 3 workers for final marking
[2021-02-28T14:26:33.098+0300][85.671s][info][gc,ergo     ] GC(30) Adaptive CSet Selection. Target Free: 145M, Actual Free: 101888K, Max CSet: 43690K, Min Garbage: 46660K
[2021-02-28T14:26:33.098+0300][85.671s][info][gc,ergo     ] GC(30) Collectable Garbage: 956K (95%), Immediate: 0B (0%), CSet: 956K (95%)
[2021-02-28T14:26:33.099+0300][85.671s][info][gc,ergo     ] GC(30) Pacer for Evacuation. Used CSet: 44426K, Free: 49152K, Non-Taxable: 4915K, Alloc Tax Rate: 2.2x
[2021-02-28T14:26:33.099+0300][85.671s][info][gc          ] GC(30) Pause Final Mark (process weakrefs) (unload classes) 0.776ms
[2021-02-28T14:26:33.099+0300][85.672s][info][gc,start    ] GC(30) Concurrent weak roots
[2021-02-28T14:26:33.099+0300][85.672s][info][gc,task     ] GC(30) Using 1 of 3 workers for concurrent weak root
[2021-02-28T14:26:33.128+0300][85.701s][info][gc          ] GC(30) Concurrent weak roots 28.994ms
[2021-02-28T14:26:33.128+0300][85.701s][info][gc,start    ] GC(30) Concurrent cleanup
[2021-02-28T14:26:33.128+0300][85.701s][info][gc          ] GC(30) Concurrent cleanup 964M->964M(1024M) 0.029ms
[2021-02-28T14:26:33.128+0300][85.701s][info][gc,ergo     ] GC(30) Free: 49125K, Max: 512K regular, 48640K humongous, Frag: 0% external, 0% internal; Reserve: 10752K, Max: 512K
[2021-02-28T14:26:33.128+0300][85.701s][info][gc,start    ] GC(30) Concurrent class unloading
[2021-02-28T14:26:33.128+0300][85.701s][info][gc,task     ] GC(30) Using 1 of 3 workers for concurrent class unloading
[2021-02-28T14:26:33.138+0300][85.711s][info][gc          ] GC(30) Concurrent class unloading 10.060ms
[2021-02-28T14:26:33.138+0300][85.711s][info][gc,start    ] GC(30) Concurrent strong roots
[2021-02-28T14:26:33.138+0300][85.711s][info][gc,task     ] GC(30) Using 1 of 3 workers for concurrent strong root
[2021-02-28T14:26:33.138+0300][85.711s][info][gc          ] GC(30) Concurrent strong roots 0.222ms
[2021-02-28T14:26:33.138+0300][85.711s][info][gc,start    ] GC(30) Concurrent evacuation
[2021-02-28T14:26:33.138+0300][85.711s][info][gc,task     ] GC(30) Using 1 of 3 workers for concurrent evacuation
[2021-02-28T14:26:33.148+0300][85.721s][info][gc          ] GC(30) Concurrent evacuation 10.249ms
[2021-02-28T14:26:33.159+0300][85.732s][info][gc,start    ] GC(30) Pause Init Update Refs
[2021-02-28T14:26:33.159+0300][85.732s][info][gc,ergo     ] GC(30) Pacer for Update Refs. Used: 966M, Free: 49125K, Non-Taxable: 4912K, Alloc Tax Rate: 24.6x
[2021-02-28T14:26:33.159+0300][85.732s][info][gc          ] GC(30) Pause Init Update Refs 0.055ms
[2021-02-28T14:26:33.159+0300][85.732s][info][gc,start    ] GC(30) Concurrent update references
[2021-02-28T14:26:33.159+0300][85.732s][info][gc,task     ] GC(30) Using 1 of 3 workers for concurrent reference update
[2021-02-28T14:26:33.683+0300][86.256s][info][gc          ] GC(30) Concurrent update references 524.484ms
[2021-02-28T14:26:33.687+0300][86.260s][info][gc,start    ] GC(30) Pause Final Update Refs
[2021-02-28T14:26:33.687+0300][86.260s][info][gc,task     ] GC(30) Using 3 of 3 workers for final reference update
[2021-02-28T14:26:33.687+0300][86.260s][info][gc          ] GC(30) Pause Final Update Refs 0.246ms
[2021-02-28T14:26:33.687+0300][86.260s][info][gc,start    ] GC(30) Concurrent cleanup
[2021-02-28T14:26:33.687+0300][86.260s][info][gc          ] GC(30) Concurrent cleanup 966M->923M(1024M) 0.051ms
[2021-02-28T14:26:33.687+0300][86.260s][info][gc,ergo     ] Free: 50123K, Max: 512K regular, 48640K humongous, Frag: 2% external, 0% internal; Reserve: 52736K, Max: 512K
[2021-02-28T14:26:33.687+0300][86.260s][info][gc,stats    ] 
[2021-02-28T14:26:33.687+0300][86.260s][info][gc,stats    ] All times are wall-clock times, except per-root-class counters, that are sum over
[2021-02-28T14:26:33.687+0300][86.260s][info][gc,stats    ] all workers. Dividing the <total> over the root stage time estimates parallelism.
[2021-02-28T14:26:33.687+0300][86.260s][info][gc,stats    ] 
[2021-02-28T14:26:33.687+0300][86.260s][info][gc,stats    ] Concurrent Reset                   1275 us
[2021-02-28T14:26:33.687+0300][86.260s][info][gc,stats    ] Pause Init Mark (G)                1415 us
[2021-02-28T14:26:33.687+0300][86.260s][info][gc,stats    ] Pause Init Mark (N)                 236 us
[2021-02-28T14:26:33.687+0300][86.260s][info][gc,stats    ]   Manage TLABs                        3 us
[2021-02-28T14:26:33.687+0300][86.260s][info][gc,stats    ]   Update Region States               71 us
[2021-02-28T14:26:33.687+0300][86.260s][info][gc,stats    ]   Scan Roots                         75 us, parallelism: 1.02x
[2021-02-28T14:26:33.687+0300][86.260s][info][gc,stats    ]     S: <total>                       76 us
[2021-02-28T14:26:33.687+0300][86.260s][info][gc,stats    ]     S: Thread Roots                  73 us, workers (us):  35,  36,   1, 
[2021-02-28T14:26:33.687+0300][86.260s][info][gc,stats    ]     S: Universe Roots                 2 us, workers (us):   2, ---, ---, 
[2021-02-28T14:26:33.687+0300][86.260s][info][gc,stats    ]     S: Synchronizer Roots             0 us, workers (us):   0, ---, ---, 
[2021-02-28T14:26:33.687+0300][86.260s][info][gc,stats    ]     S: Management Roots               1 us, workers (us):   1, ---, ---, 
[2021-02-28T14:26:33.687+0300][86.260s][info][gc,stats    ]     S: JVMTI Roots                    0 us, workers (us):   0, ---, ---, 
[2021-02-28T14:26:33.687+0300][86.260s][info][gc,stats    ] Concurrent Marking              1267161 us
[2021-02-28T14:26:33.687+0300][86.260s][info][gc,stats    ]   Roots                             160 us, parallelism: 0.44x
[2021-02-28T14:26:33.687+0300][86.260s][info][gc,stats    ]     CM: <total>                      71 us
[2021-02-28T14:26:33.687+0300][86.260s][info][gc,stats    ]     CM: JNI Handles Roots             2 us, workers (us):   2, ---, ---, 
[2021-02-28T14:26:33.687+0300][86.260s][info][gc,stats    ]     CM: VM Global Roots               2 us, workers (us):   2, ---, ---, 
[2021-02-28T14:26:33.687+0300][86.260s][info][gc,stats    ]     CM: CLDG Roots                   68 us, workers (us):  68, ---, ---, 
[2021-02-28T14:26:33.687+0300][86.260s][info][gc,stats    ] Concurrent Precleaning              164 us
[2021-02-28T14:26:33.687+0300][86.260s][info][gc,stats    ] Pause Final Mark (G)              28862 us
[2021-02-28T14:26:33.687+0300][86.260s][info][gc,stats    ] Pause Final Mark (N)                790 us
[2021-02-28T14:26:33.687+0300][86.260s][info][gc,stats    ]   Finish Queues                     215 us
[2021-02-28T14:26:33.687+0300][86.260s][info][gc,stats    ]   Weak References                    22 us
[2021-02-28T14:26:33.687+0300][86.260s][info][gc,stats    ]     Process                          18 us
[2021-02-28T14:26:33.687+0300][86.260s][info][gc,stats    ]   System Purge                       91 us
[2021-02-28T14:26:33.688+0300][86.260s][info][gc,stats    ]     Weak Roots                       90 us, parallelism: 0.01x
[2021-02-28T14:26:33.688+0300][86.260s][info][gc,stats    ]       WR: <total>                     1 us
[2021-02-28T14:26:33.688+0300][86.260s][info][gc,stats    ]       WR: JVMTI Weak Roots            0 us, workers (us):   0, ---, ---, 
[2021-02-28T14:26:33.688+0300][86.260s][info][gc,stats    ]       WR: JFR Weak Roots              0 us, workers (us):   0, ---, ---, 
[2021-02-28T14:26:33.688+0300][86.260s][info][gc,stats    ]   Update Region States               87 us
[2021-02-28T14:26:33.688+0300][86.261s][info][gc,stats    ]   Manage GC/TLABs                     4 us
[2021-02-28T14:26:33.688+0300][86.261s][info][gc,stats    ]   Choose Collection Set             127 us
[2021-02-28T14:26:33.688+0300][86.261s][info][gc,stats    ]   Rebuild Free Set                   11 us
[2021-02-28T14:26:33.688+0300][86.261s][info][gc,stats    ]   Initial Evacuation                164 us, parallelism: 0.70x
[2021-02-28T14:26:33.688+0300][86.261s][info][gc,stats    ]     E: <total>                      115 us
[2021-02-28T14:26:33.688+0300][86.261s][info][gc,stats    ]     E: Thread Roots                 109 us, workers (us):  48,  48,  13, 
[2021-02-28T14:26:33.688+0300][86.261s][info][gc,stats    ]     E: Universe Roots                 4 us, workers (us):   4, ---, ---, 
[2021-02-28T14:26:33.688+0300][86.261s][info][gc,stats    ]     E: JVMTI Weak Roots               0 us, workers (us):   0, ---, ---, 
[2021-02-28T14:26:33.688+0300][86.261s][info][gc,stats    ]     E: JFR Weak Roots                 0 us, workers (us):   0, ---, ---, 
[2021-02-28T14:26:33.688+0300][86.261s][info][gc,stats    ]     E: Synchronizer Roots             0 us, workers (us):   0, ---, ---, 
[2021-02-28T14:26:33.688+0300][86.261s][info][gc,stats    ]     E: Management Roots               2 us, workers (us):   2, ---, ---, 
[2021-02-28T14:26:33.688+0300][86.261s][info][gc,stats    ]     E: JVMTI Roots                    0 us, workers (us):   0, ---, ---, 
[2021-02-28T14:26:33.688+0300][86.261s][info][gc,stats    ] Concurrent Weak Roots             29031 us
[2021-02-28T14:26:33.688+0300][86.261s][info][gc,stats    ]   Roots                             471 us, parallelism: 0.38x
[2021-02-28T14:26:33.688+0300][86.261s][info][gc,stats    ]     CWR: <total>                    181 us
[2021-02-28T14:26:33.688+0300][86.261s][info][gc,stats    ]     CWR: JNI Weak Roots               0 us, workers (us):   0, ---, ---, 
[2021-02-28T14:26:33.688+0300][86.261s][info][gc,stats    ]     CWR: String Table Roots         158 us, workers (us): 158, ---, ---, 
[2021-02-28T14:26:33.688+0300][86.261s][info][gc,stats    ]     CWR: Resolved Table Roots        11 us, workers (us):  11, ---, ---, 
[2021-02-28T14:26:33.688+0300][86.261s][info][gc,stats    ]     CWR: VM Weak Roots                8 us, workers (us):   8, ---, ---, 
[2021-02-28T14:26:33.688+0300][86.261s][info][gc,stats    ]     CWR: CLDG Roots                   4 us, workers (us):   4, ---, ---, 
[2021-02-28T14:26:33.688+0300][86.261s][info][gc,stats    ]   Rendezvous                      28483 us
[2021-02-28T14:26:33.688+0300][86.261s][info][gc,stats    ] Concurrent Cleanup                   43 us
[2021-02-28T14:26:33.688+0300][86.261s][info][gc,stats    ] Concurrent Class Unloading        10097 us
[2021-02-28T14:26:33.688+0300][86.261s][info][gc,stats    ]   Unlink Stale                     1367 us
[2021-02-28T14:26:33.688+0300][86.261s][info][gc,stats    ]     System Dictionary                11 us
[2021-02-28T14:26:33.688+0300][86.261s][info][gc,stats    ]     Weak Class Links                  0 us
[2021-02-28T14:26:33.688+0300][86.261s][info][gc,stats    ]     Code Roots                     1356 us
[2021-02-28T14:26:33.688+0300][86.261s][info][gc,stats    ]   Rendezvous                       8511 us
[2021-02-28T14:26:33.688+0300][86.261s][info][gc,stats    ]   Purge Unlinked                    156 us
[2021-02-28T14:26:33.688+0300][86.261s][info][gc,stats    ]     Code Roots                      155 us
[2021-02-28T14:26:33.688+0300][86.261s][info][gc,stats    ]     CLDG                              0 us
[2021-02-28T14:26:33.688+0300][86.261s][info][gc,stats    ]     Exception Caches                  0 us
[2021-02-28T14:26:33.688+0300][86.261s][info][gc,stats    ] Concurrent Strong Roots             245 us, parallelism: 0.43x
[2021-02-28T14:26:33.688+0300][86.261s][info][gc,stats    ] Rendezvous                          105 us
[2021-02-28T14:26:33.688+0300][86.261s][info][gc,stats    ]   CSR: Universe Roots                 4 us, workers (us):   4, ---, ---, 
[2021-02-28T14:26:33.688+0300][86.261s][info][gc,stats    ]   CSR: Resolved Table Roots           2 us, workers (us):   2, ---, ---, 
[2021-02-28T14:26:33.688+0300][86.261s][info][gc,stats    ]   CSR: Management Roots              99 us, workers (us):  99, ---, ---, 
[2021-02-28T14:26:33.688+0300][86.261s][info][gc,stats    ] Concurrent Evacuation             10283 us
[2021-02-28T14:26:33.688+0300][86.261s][info][gc,stats    ] Pause Init  Update Refs (G)       10525 us
[2021-02-28T14:26:33.688+0300][86.261s][info][gc,stats    ] Pause Init  Update Refs (N)          68 us
[2021-02-28T14:26:33.688+0300][86.261s][info][gc,stats    ]   Manage GCLABs                       2 us
[2021-02-28T14:26:33.688+0300][86.261s][info][gc,stats    ] Concurrent Update Refs           524525 us
[2021-02-28T14:26:33.688+0300][86.261s][info][gc,stats    ] Pause Final Update Refs (G)        3648 us
[2021-02-28T14:26:33.688+0300][86.261s][info][gc,stats    ] Pause Final Update Refs (N)         268 us
[2021-02-28T14:26:33.688+0300][86.261s][info][gc,stats    ]   Update Roots                       98 us, parallelism: 0.53x
[2021-02-28T14:26:33.688+0300][86.261s][info][gc,stats    ]     UR: <total>                      52 us
[2021-02-28T14:26:33.688+0300][86.261s][info][gc,stats    ]     UR: Thread Roots                 52 us, workers (us):  42,   9,   1, 
[2021-02-28T14:26:33.688+0300][86.261s][info][gc,stats    ]   Update Region States               87 us
[2021-02-28T14:26:33.688+0300][86.261s][info][gc,stats    ]   Trash Collection Set                3 us
[2021-02-28T14:26:33.688+0300][86.261s][info][gc,stats    ]   Rebuild Free Set                   12 us
[2021-02-28T14:26:33.688+0300][86.261s][info][gc,stats    ] Concurrent Cleanup                   67 us
[2021-02-28T14:26:33.688+0300][86.261s][info][gc,stats    ] 
[2021-02-28T14:26:33.688+0300][86.261s][info][gc,stats    ] Allocation pacing accrued:
[2021-02-28T14:26:33.688+0300][86.261s][info][gc,stats    ]       0 of  1904 ms (  0.0%): <total>
[2021-02-28T14:26:33.688+0300][86.261s][info][gc,stats    ]       0 of  1904 ms (  0.0%): <average total>
[2021-02-28T14:26:33.688+0300][86.261s][info][gc,stats    ] 
[2021-02-28T14:26:33.688+0300][86.261s][info][gc,metaspace] Metaspace: 7205K(7552K)->7207K(7552K) NonClass: 6440K(6656K)->6442K(6656K) Class: 765K(896K)->765K(896K)
[2021-02-28T14:26:33.688+0300][86.261s][info][gc,ergo     ] Pacer for Idle. Initial: 20971K, Alloc Tax Rate: 1.0x
[2021-02-28T14:26:33.690+0300][86.262s][info][gc          ] Trigger: Free (50079K) is below minimum threshold (102M)
[2021-02-28T14:26:33.690+0300][86.262s][info][gc,ergo     ] Free: 50079K, Max: 512K regular, 48640K humongous, Frag: 2% external, 0% internal; Reserve: 52736K, Max: 512K
[2021-02-28T14:26:33.690+0300][86.262s][info][gc,start    ] GC(31) Concurrent reset
[2021-02-28T14:26:33.690+0300][86.262s][info][gc,task     ] GC(31) Using 1 of 3 workers for concurrent reset
[2021-02-28T14:26:33.690+0300][86.262s][info][gc,ergo     ] GC(31) Pacer for Reset. Non-Taxable: 1024M
[2021-02-28T14:26:33.691+0300][86.263s][info][gc          ] GC(31) Concurrent reset 1.008ms
[2021-02-28T14:26:33.691+0300][86.264s][info][gc,start    ] GC(31) Pause Init Mark (unload classes)
[2021-02-28T14:26:33.691+0300][86.264s][info][gc,task     ] GC(31) Using 3 of 3 workers for init marking
[2021-02-28T14:26:33.691+0300][86.264s][info][gc,ergo     ] GC(31) Pacer for Mark. Expected Live: 922M, Free: 50079K, Non-Taxable: 5007K, Alloc Tax Rate: 23.1x
[2021-02-28T14:26:33.691+0300][86.264s][info][gc          ] GC(31) Pause Init Mark (unload classes) 0.275ms
[2021-02-28T14:26:33.691+0300][86.264s][info][gc,start    ] GC(31) Concurrent marking (unload classes)
[2021-02-28T14:26:33.691+0300][86.264s][info][gc,task     ] GC(31) Using 1 of 3 workers for concurrent marking
[2021-02-28T14:26:34.951+0300][87.524s][info][gc          ] GC(31) Concurrent marking (unload classes) 1259.691ms
[2021-02-28T14:26:34.954+0300][87.527s][info][gc,start    ] GC(31) Pause Final Mark (unload classes)
[2021-02-28T14:26:34.954+0300][87.527s][info][gc,task     ] GC(31) Using 3 of 3 workers for final marking
[2021-02-28T14:26:34.954+0300][87.527s][info][gc,ergo     ] GC(31) Adaptive CSet Selection. Target Free: 145M, Actual Free: 101888K, Max CSet: 43690K, Min Garbage: 46660K
[2021-02-28T14:26:34.954+0300][87.527s][info][gc,ergo     ] GC(31) Collectable Garbage: 800K (94%), Immediate: 0B (0%), CSet: 800K (94%)
[2021-02-28T14:26:34.954+0300][87.527s][info][gc,ergo     ] GC(31) Pacer for Evacuation. Used CSet: 44441K, Free: 49152K, Non-Taxable: 4915K, Alloc Tax Rate: 2.2x
[2021-02-28T14:26:34.954+0300][87.527s][info][gc          ] GC(31) Pause Final Mark (unload classes) 0.657ms
[2021-02-28T14:26:34.954+0300][87.527s][info][gc,start    ] GC(31) Concurrent weak roots
[2021-02-28T14:26:34.954+0300][87.527s][info][gc,task     ] GC(31) Using 1 of 3 workers for concurrent weak root
[2021-02-28T14:26:34.984+0300][87.557s][info][gc          ] GC(31) Concurrent weak roots 29.193ms
[2021-02-28T14:26:34.984+0300][87.557s][info][gc,start    ] GC(31) Concurrent cleanup
[2021-02-28T14:26:34.984+0300][87.557s][info][gc          ] GC(31) Concurrent cleanup 964M->964M(1024M) 0.028ms
[2021-02-28T14:26:34.984+0300][87.557s][info][gc,ergo     ] GC(31) Free: 49125K, Max: 512K regular, 48640K humongous, Frag: 0% external, 0% internal; Reserve: 10752K, Max: 512K
[2021-02-28T14:26:34.984+0300][87.557s][info][gc,start    ] GC(31) Concurrent class unloading
[2021-02-28T14:26:34.984+0300][87.557s][info][gc,task     ] GC(31) Using 1 of 3 workers for concurrent class unloading
[2021-02-28T14:26:34.994+0300][87.567s][info][gc          ] GC(31) Concurrent class unloading 10.049ms
[2021-02-28T14:26:34.994+0300][87.567s][info][gc,start    ] GC(31) Concurrent strong roots
[2021-02-28T14:26:34.994+0300][87.567s][info][gc,task     ] GC(31) Using 1 of 3 workers for concurrent strong root
[2021-02-28T14:26:34.994+0300][87.567s][info][gc          ] GC(31) Concurrent strong roots 0.209ms
[2021-02-28T14:26:34.994+0300][87.567s][info][gc,start    ] GC(31) Concurrent evacuation
[2021-02-28T14:26:34.994+0300][87.567s][info][gc,task     ] GC(31) Using 1 of 3 workers for concurrent evacuation
[2021-02-28T14:26:35.004+0300][87.577s][info][gc          ] GC(31) Concurrent evacuation 9.993ms
[2021-02-28T14:26:35.012+0300][87.585s][info][gc,start    ] GC(31) Pause Init Update Refs
[2021-02-28T14:26:35.012+0300][87.585s][info][gc,ergo     ] GC(31) Pacer for Update Refs. Used: 966M, Free: 49125K, Non-Taxable: 4912K, Alloc Tax Rate: 24.6x
[2021-02-28T14:26:35.012+0300][87.585s][info][gc          ] GC(31) Pause Init Update Refs 0.042ms
[2021-02-28T14:26:35.012+0300][87.585s][info][gc,start    ] GC(31) Concurrent update references
[2021-02-28T14:26:35.012+0300][87.585s][info][gc,task     ] GC(31) Using 1 of 3 workers for concurrent reference update
[2021-02-28T14:26:35.521+0300][88.094s][info][gc          ] GC(31) Concurrent update references 508.974ms
[2021-02-28T14:26:35.530+0300][88.103s][info][gc,start    ] GC(31) Pause Final Update Refs
[2021-02-28T14:26:35.530+0300][88.103s][info][gc,task     ] GC(31) Using 3 of 3 workers for final reference update
[2021-02-28T14:26:35.530+0300][88.103s][info][gc          ] GC(31) Pause Final Update Refs 0.266ms
[2021-02-28T14:26:35.530+0300][88.103s][info][gc,start    ] GC(31) Concurrent cleanup
[2021-02-28T14:26:35.530+0300][88.103s][info][gc          ] GC(31) Concurrent cleanup 966M->923M(1024M) 0.062ms
[2021-02-28T14:26:35.530+0300][88.103s][info][gc,ergo     ] Free: 50121K, Max: 512K regular, 49152K humongous, Frag: 0% external, 0% internal; Reserve: 52736K, Max: 512K
[2021-02-28T14:26:35.530+0300][88.103s][info][gc,stats    ] 
[2021-02-28T14:26:35.530+0300][88.103s][info][gc,stats    ] All times are wall-clock times, except per-root-class counters, that are sum over
[2021-02-28T14:26:35.530+0300][88.103s][info][gc,stats    ] all workers. Dividing the <total> over the root stage time estimates parallelism.
[2021-02-28T14:26:35.530+0300][88.103s][info][gc,stats    ] 
[2021-02-28T14:26:35.530+0300][88.103s][info][gc,stats    ] Concurrent Reset                   1057 us
[2021-02-28T14:26:35.530+0300][88.103s][info][gc,stats    ] Pause Init Mark (G)                 627 us
[2021-02-28T14:26:35.530+0300][88.103s][info][gc,stats    ] Pause Init Mark (N)                 288 us
[2021-02-28T14:26:35.530+0300][88.103s][info][gc,stats    ]   Manage TLABs                        3 us
[2021-02-28T14:26:35.530+0300][88.103s][info][gc,stats    ]   Update Region States               90 us
[2021-02-28T14:26:35.530+0300][88.103s][info][gc,stats    ]   Scan Roots                        109 us, parallelism: 0.63x
[2021-02-28T14:26:35.530+0300][88.103s][info][gc,stats    ]     S: <total>                       69 us
[2021-02-28T14:26:35.530+0300][88.103s][info][gc,stats    ]     S: Thread Roots                  66 us, workers (us):  53,  12,   1, 
[2021-02-28T14:26:35.530+0300][88.103s][info][gc,stats    ]     S: Universe Roots                 2 us, workers (us):   2, ---, ---, 
[2021-02-28T14:26:35.530+0300][88.103s][info][gc,stats    ]     S: Synchronizer Roots             0 us, workers (us):   0, ---, ---, 
[2021-02-28T14:26:35.530+0300][88.103s][info][gc,stats    ]     S: Management Roots               1 us, workers (us):   1, ---, ---, 
[2021-02-28T14:26:35.531+0300][88.103s][info][gc,stats    ]     S: JVMTI Roots                    0 us, workers (us):   0, ---, ---, 
[2021-02-28T14:26:35.531+0300][88.103s][info][gc,stats    ] Concurrent Marking              1259728 us
[2021-02-28T14:26:35.531+0300][88.103s][info][gc,stats    ]   Roots                             121 us, parallelism: 0.59x
[2021-02-28T14:26:35.531+0300][88.103s][info][gc,stats    ]     CM: <total>                      72 us
[2021-02-28T14:26:35.531+0300][88.103s][info][gc,stats    ]     CM: JNI Handles Roots             2 us, workers (us):   2, ---, ---, 
[2021-02-28T14:26:35.531+0300][88.103s][info][gc,stats    ]     CM: VM Global Roots               2 us, workers (us):   2, ---, ---, 
[2021-02-28T14:26:35.531+0300][88.104s][info][gc,stats    ]     CM: CLDG Roots                   68 us, workers (us):  68, ---, ---, 
[2021-02-28T14:26:35.531+0300][88.104s][info][gc,stats    ] Pause Final Mark (G)               3469 us
[2021-02-28T14:26:35.531+0300][88.104s][info][gc,stats    ] Pause Final Mark (N)                671 us
[2021-02-28T14:26:35.531+0300][88.104s][info][gc,stats    ]   Finish Queues                     105 us
[2021-02-28T14:26:35.531+0300][88.104s][info][gc,stats    ]   System Purge                       98 us
[2021-02-28T14:26:35.531+0300][88.104s][info][gc,stats    ]     Weak Roots                       97 us, parallelism: 0.01x
[2021-02-28T14:26:35.531+0300][88.104s][info][gc,stats    ]       WR: <total>                     1 us
[2021-02-28T14:26:35.531+0300][88.104s][info][gc,stats    ]       WR: JVMTI Weak Roots            0 us, workers (us):   0, ---, ---, 
[2021-02-28T14:26:35.531+0300][88.104s][info][gc,stats    ]       WR: JFR Weak Roots              0 us, workers (us):   0, ---, ---, 
[2021-02-28T14:26:35.531+0300][88.104s][info][gc,stats    ]   Update Region States               99 us
[2021-02-28T14:26:35.531+0300][88.104s][info][gc,stats    ]   Manage GC/TLABs                     4 us
[2021-02-28T14:26:35.531+0300][88.104s][info][gc,stats    ]   Choose Collection Set             119 us
[2021-02-28T14:26:35.531+0300][88.104s][info][gc,stats    ]   Rebuild Free Set                   11 us
[2021-02-28T14:26:35.531+0300][88.104s][info][gc,stats    ]   Initial Evacuation                179 us, parallelism: 0.63x
[2021-02-28T14:26:35.531+0300][88.104s][info][gc,stats    ]     E: <total>                      113 us
[2021-02-28T14:26:35.531+0300][88.104s][info][gc,stats    ]     E: Thread Roots                 107 us, workers (us):  59,  20,  28, 
[2021-02-28T14:26:35.531+0300][88.104s][info][gc,stats    ]     E: Universe Roots                 4 us, workers (us):   4, ---, ---, 
[2021-02-28T14:26:35.531+0300][88.104s][info][gc,stats    ]     E: JVMTI Weak Roots               0 us, workers (us):   0, ---, ---, 
[2021-02-28T14:26:35.531+0300][88.104s][info][gc,stats    ]     E: JFR Weak Roots                 0 us, workers (us):   0, ---, ---, 
[2021-02-28T14:26:35.531+0300][88.104s][info][gc,stats    ]     E: Synchronizer Roots             0 us, workers (us):   0, ---, ---, 
[2021-02-28T14:26:35.531+0300][88.104s][info][gc,stats    ]     E: Management Roots               2 us, workers (us):   2, ---, ---, 
[2021-02-28T14:26:35.531+0300][88.104s][info][gc,stats    ]     E: JVMTI Roots                    0 us, workers (us):   0, ---, ---, 
[2021-02-28T14:26:35.531+0300][88.104s][info][gc,stats    ] Concurrent Weak Roots             29223 us
[2021-02-28T14:26:35.531+0300][88.104s][info][gc,stats    ]   Roots                             481 us, parallelism: 0.37x
[2021-02-28T14:26:35.531+0300][88.104s][info][gc,stats    ]     CWR: <total>                    177 us
[2021-02-28T14:26:35.531+0300][88.104s][info][gc,stats    ]     CWR: JNI Weak Roots               0 us, workers (us):   0, ---, ---, 
[2021-02-28T14:26:35.531+0300][88.104s][info][gc,stats    ]     CWR: String Table Roots         154 us, workers (us): 154, ---, ---, 
[2021-02-28T14:26:35.531+0300][88.104s][info][gc,stats    ]     CWR: Resolved Table Roots        11 us, workers (us):  11, ---, ---, 
[2021-02-28T14:26:35.531+0300][88.104s][info][gc,stats    ]     CWR: VM Weak Roots                7 us, workers (us):   7, ---, ---, 
[2021-02-28T14:26:35.531+0300][88.104s][info][gc,stats    ]     CWR: CLDG Roots                   4 us, workers (us):   4, ---, ---, 
[2021-02-28T14:26:35.531+0300][88.104s][info][gc,stats    ]   Rendezvous                      28661 us
[2021-02-28T14:26:35.531+0300][88.104s][info][gc,stats    ] Concurrent Cleanup                   41 us
[2021-02-28T14:26:35.531+0300][88.104s][info][gc,stats    ] Concurrent Class Unloading        10079 us
[2021-02-28T14:26:35.531+0300][88.104s][info][gc,stats    ]   Unlink Stale                     1302 us
[2021-02-28T14:26:35.531+0300][88.104s][info][gc,stats    ]     System Dictionary                 8 us
[2021-02-28T14:26:35.531+0300][88.104s][info][gc,stats    ]     Weak Class Links                  0 us
[2021-02-28T14:26:35.531+0300][88.104s][info][gc,stats    ]     Code Roots                     1294 us
[2021-02-28T14:26:35.531+0300][88.104s][info][gc,stats    ]   Rendezvous                       8581 us
[2021-02-28T14:26:35.531+0300][88.104s][info][gc,stats    ]   Purge Unlinked                    141 us
[2021-02-28T14:26:35.531+0300][88.104s][info][gc,stats    ]     Code Roots                      140 us
[2021-02-28T14:26:35.531+0300][88.104s][info][gc,stats    ]     CLDG                              0 us
[2021-02-28T14:26:35.531+0300][88.104s][info][gc,stats    ]     Exception Caches                  0 us
[2021-02-28T14:26:35.531+0300][88.104s][info][gc,stats    ] Concurrent Strong Roots             231 us, parallelism: 0.43x
[2021-02-28T14:26:35.531+0300][88.104s][info][gc,stats    ] Rendezvous                          100 us
[2021-02-28T14:26:35.531+0300][88.104s][info][gc,stats    ]   CSR: Universe Roots                 3 us, workers (us):   3, ---, ---, 
[2021-02-28T14:26:35.531+0300][88.104s][info][gc,stats    ]   CSR: Resolved Table Roots           2 us, workers (us):   2, ---, ---, 
[2021-02-28T14:26:35.531+0300][88.104s][info][gc,stats    ]   CSR: Management Roots              95 us, workers (us):  95, ---, ---, 
[2021-02-28T14:26:35.531+0300][88.104s][info][gc,stats    ] Concurrent Evacuation             10018 us
[2021-02-28T14:26:35.531+0300][88.104s][info][gc,stats    ] Pause Init  Update Refs (G)        7872 us
[2021-02-28T14:26:35.531+0300][88.104s][info][gc,stats    ] Pause Init  Update Refs (N)          54 us
[2021-02-28T14:26:35.531+0300][88.104s][info][gc,stats    ]   Manage GCLABs                       2 us
[2021-02-28T14:26:35.531+0300][88.104s][info][gc,stats    ] Concurrent Update Refs           509012 us
[2021-02-28T14:26:35.531+0300][88.104s][info][gc,stats    ] Pause Final Update Refs (G)        9257 us
[2021-02-28T14:26:35.531+0300][88.104s][info][gc,stats    ] Pause Final Update Refs (N)         288 us
[2021-02-28T14:26:35.531+0300][88.104s][info][gc,stats    ]   Update Roots                      112 us, parallelism: 0.50x
[2021-02-28T14:26:35.531+0300][88.104s][info][gc,stats    ]     UR: <total>                      55 us
[2021-02-28T14:26:35.531+0300][88.104s][info][gc,stats    ]     UR: Thread Roots                 55 us, workers (us):  34,  10,  12, 
[2021-02-28T14:26:35.531+0300][88.104s][info][gc,stats    ]   Update Region States               95 us
[2021-02-28T14:26:35.531+0300][88.104s][info][gc,stats    ]   Trash Collection Set                3 us
[2021-02-28T14:26:35.531+0300][88.104s][info][gc,stats    ]   Rebuild Free Set                   12 us
[2021-02-28T14:26:35.531+0300][88.104s][info][gc,stats    ] Concurrent Cleanup                   81 us
[2021-02-28T14:26:35.531+0300][88.104s][info][gc,stats    ] 
[2021-02-28T14:26:35.531+0300][88.104s][info][gc,stats    ] Allocation pacing accrued:
[2021-02-28T14:26:35.531+0300][88.104s][info][gc,stats    ]       0 of  1843 ms (  0.0%): <total>
[2021-02-28T14:26:35.531+0300][88.104s][info][gc,stats    ]       0 of  1843 ms (  0.0%): <average total>
[2021-02-28T14:26:35.531+0300][88.104s][info][gc,stats    ] 
[2021-02-28T14:26:35.531+0300][88.104s][info][gc,metaspace] Metaspace: 7207K(7552K)->7208K(7552K) NonClass: 6442K(6656K)->6443K(6656K) Class: 765K(896K)->765K(896K)
[2021-02-28T14:26:35.531+0300][88.104s][info][gc,ergo     ] Pacer for Idle. Initial: 20971K, Alloc Tax Rate: 1.0x
[2021-02-28T14:26:35.533+0300][88.105s][info][gc          ] Trigger: Free (50079K) is below minimum threshold (102M)
[2021-02-28T14:26:35.533+0300][88.106s][info][gc,ergo     ] Free: 50079K, Max: 512K regular, 49152K humongous, Frag: 0% external, 0% internal; Reserve: 52736K, Max: 512K
[2021-02-28T14:26:35.533+0300][88.106s][info][gc,start    ] GC(32) Concurrent reset
[2021-02-28T14:26:35.533+0300][88.106s][info][gc,task     ] GC(32) Using 1 of 3 workers for concurrent reset
[2021-02-28T14:26:35.533+0300][88.106s][info][gc,ergo     ] GC(32) Pacer for Reset. Non-Taxable: 1024M
[2021-02-28T14:26:35.534+0300][88.107s][info][gc          ] GC(32) Concurrent reset 1.132ms
[2021-02-28T14:26:35.537+0300][88.110s][info][gc,start    ] GC(32) Pause Init Mark (unload classes)
[2021-02-28T14:26:35.537+0300][88.110s][info][gc,task     ] GC(32) Using 3 of 3 workers for init marking
[2021-02-28T14:26:35.537+0300][88.110s][info][gc,ergo     ] GC(32) Pacer for Mark. Expected Live: 922M, Free: 50079K, Non-Taxable: 5007K, Alloc Tax Rate: 23.1x
[2021-02-28T14:26:35.537+0300][88.110s][info][gc          ] GC(32) Pause Init Mark (unload classes) 0.278ms
[2021-02-28T14:26:35.537+0300][88.110s][info][gc,start    ] GC(32) Concurrent marking (unload classes)
[2021-02-28T14:26:35.537+0300][88.110s][info][gc,task     ] GC(32) Using 1 of 3 workers for concurrent marking
[2021-02-28T14:26:36.767+0300][89.340s][info][gc          ] GC(32) Concurrent marking (unload classes) 1229.628ms
[2021-02-28T14:26:36.780+0300][89.353s][info][gc,start    ] GC(32) Pause Final Mark (unload classes)
[2021-02-28T14:26:36.780+0300][89.353s][info][gc,task     ] GC(32) Using 3 of 3 workers for final marking
[2021-02-28T14:26:36.780+0300][89.353s][info][gc,ergo     ] GC(32) Adaptive CSet Selection. Target Free: 145M, Actual Free: 101888K, Max CSet: 43690K, Min Garbage: 46660K
[2021-02-28T14:26:36.780+0300][89.353s][info][gc,ergo     ] GC(32) Collectable Garbage: 780K (94%), Immediate: 0B (0%), CSet: 780K (94%)
[2021-02-28T14:26:36.780+0300][89.353s][info][gc,ergo     ] GC(32) Pacer for Evacuation. Used CSet: 44321K, Free: 49152K, Non-Taxable: 4915K, Alloc Tax Rate: 2.2x
[2021-02-28T14:26:36.780+0300][89.353s][info][gc          ] GC(32) Pause Final Mark (unload classes) 0.679ms
[2021-02-28T14:26:36.781+0300][89.353s][info][gc,start    ] GC(32) Concurrent weak roots
[2021-02-28T14:26:36.781+0300][89.353s][info][gc,task     ] GC(32) Using 1 of 3 workers for concurrent weak root
[2021-02-28T14:26:36.810+0300][89.383s][info][gc          ] GC(32) Concurrent weak roots 29.039ms
[2021-02-28T14:26:36.810+0300][89.383s][info][gc,start    ] GC(32) Concurrent cleanup
[2021-02-28T14:26:36.810+0300][89.383s][info][gc          ] GC(32) Concurrent cleanup 964M->964M(1024M) 0.030ms
[2021-02-28T14:26:36.810+0300][89.383s][info][gc,ergo     ] GC(32) Free: 49084K, Max: 512K regular, 48640K humongous, Frag: 0% external, 0% internal; Reserve: 10752K, Max: 512K
[2021-02-28T14:26:36.810+0300][89.383s][info][gc,start    ] GC(32) Concurrent class unloading
[2021-02-28T14:26:36.810+0300][89.383s][info][gc,task     ] GC(32) Using 1 of 3 workers for concurrent class unloading
[2021-02-28T14:26:36.833+0300][89.406s][info][gc          ] GC(32) Concurrent class unloading 22.992ms
[2021-02-28T14:26:36.833+0300][89.406s][info][gc,start    ] GC(32) Concurrent strong roots
[2021-02-28T14:26:36.833+0300][89.406s][info][gc,task     ] GC(32) Using 1 of 3 workers for concurrent strong root
[2021-02-28T14:26:36.833+0300][89.406s][info][gc          ] GC(32) Concurrent strong roots 0.187ms
[2021-02-28T14:26:36.833+0300][89.406s][info][gc,start    ] GC(32) Concurrent evacuation
[2021-02-28T14:26:36.833+0300][89.406s][info][gc,task     ] GC(32) Using 1 of 3 workers for concurrent evacuation
[2021-02-28T14:26:36.843+0300][89.416s][info][gc          ] GC(32) Concurrent evacuation 10.205ms
[2021-02-28T14:26:36.852+0300][89.425s][info][gc,start    ] GC(32) Pause Init Update Refs
[2021-02-28T14:26:36.852+0300][89.425s][info][gc,ergo     ] GC(32) Pacer for Update Refs. Used: 966M, Free: 49014K, Non-Taxable: 4901K, Alloc Tax Rate: 24.7x
[2021-02-28T14:26:36.852+0300][89.425s][info][gc          ] GC(32) Pause Init Update Refs 0.045ms
[2021-02-28T14:26:36.852+0300][89.425s][info][gc,start    ] GC(32) Concurrent update references
[2021-02-28T14:26:36.852+0300][89.425s][info][gc,task     ] GC(32) Using 1 of 3 workers for concurrent reference update
[2021-02-28T14:26:37.373+0300][89.946s][info][gc          ] GC(32) Concurrent update references 521.106ms
[2021-02-28T14:26:37.378+0300][89.951s][info][gc,start    ] GC(32) Pause Final Update Refs
[2021-02-28T14:26:37.378+0300][89.951s][info][gc,task     ] GC(32) Using 3 of 3 workers for final reference update
[2021-02-28T14:26:37.378+0300][89.951s][info][gc          ] GC(32) Pause Final Update Refs 0.262ms
[2021-02-28T14:26:37.378+0300][89.951s][info][gc,start    ] GC(32) Concurrent cleanup
[2021-02-28T14:26:37.378+0300][89.951s][info][gc          ] GC(32) Concurrent cleanup 966M->923M(1024M) 0.051ms
[2021-02-28T14:26:37.378+0300][89.951s][info][gc,ergo     ] Free: 50012K, Max: 512K regular, 48640K humongous, Frag: 2% external, 0% internal; Reserve: 52736K, Max: 512K
[2021-02-28T14:26:37.378+0300][89.951s][info][gc,stats    ] 
[2021-02-28T14:26:37.378+0300][89.951s][info][gc,stats    ] All times are wall-clock times, except per-root-class counters, that are sum over
[2021-02-28T14:26:37.378+0300][89.951s][info][gc,stats    ] all workers. Dividing the <total> over the root stage time estimates parallelism.
[2021-02-28T14:26:37.378+0300][89.951s][info][gc,stats    ] 
[2021-02-28T14:26:37.378+0300][89.951s][info][gc,stats    ] Concurrent Reset                   1184 us
[2021-02-28T14:26:37.378+0300][89.951s][info][gc,stats    ] Pause Init Mark (G)                3357 us
[2021-02-28T14:26:37.378+0300][89.951s][info][gc,stats    ] Pause Init Mark (N)                 291 us
[2021-02-28T14:26:37.378+0300][89.951s][info][gc,stats    ]   Manage TLABs                        3 us
[2021-02-28T14:26:37.378+0300][89.951s][info][gc,stats    ]   Update Region States               93 us
[2021-02-28T14:26:37.378+0300][89.951s][info][gc,stats    ]   Scan Roots                        115 us, parallelism: 0.69x
[2021-02-28T14:26:37.378+0300][89.951s][info][gc,stats    ]     S: <total>                       79 us
[2021-02-28T14:26:37.378+0300][89.951s][info][gc,stats    ]     S: Thread Roots                  76 us, workers (us):  43,  16,  17, 
[2021-02-28T14:26:37.378+0300][89.951s][info][gc,stats    ]     S: Universe Roots                 2 us, workers (us):   2, ---, ---, 
[2021-02-28T14:26:37.378+0300][89.951s][info][gc,stats    ]     S: Synchronizer Roots             0 us, workers (us):   0, ---, ---, 
[2021-02-28T14:26:37.378+0300][89.951s][info][gc,stats    ]     S: Management Roots               1 us, workers (us):   1, ---, ---, 
[2021-02-28T14:26:37.378+0300][89.951s][info][gc,stats    ]     S: JVMTI Roots                    0 us, workers (us):   0, ---, ---, 
[2021-02-28T14:26:37.378+0300][89.951s][info][gc,stats    ] Concurrent Marking              1229665 us
[2021-02-28T14:26:37.378+0300][89.951s][info][gc,stats    ]   Roots                             154 us, parallelism: 0.44x
[2021-02-28T14:26:37.378+0300][89.951s][info][gc,stats    ]     CM: <total>                      67 us
[2021-02-28T14:26:37.379+0300][89.951s][info][gc,stats    ]     CM: JNI Handles Roots             2 us, workers (us):   2, ---, ---, 
[2021-02-28T14:26:37.379+0300][89.951s][info][gc,stats    ]     CM: VM Global Roots               2 us, workers (us):   2, ---, ---, 
[2021-02-28T14:26:37.379+0300][89.951s][info][gc,stats    ]     CM: CLDG Roots                   64 us, workers (us):  64, ---, ---, 
[2021-02-28T14:26:37.379+0300][89.951s][info][gc,stats    ] Pause Final Mark (G)              13710 us
[2021-02-28T14:26:37.379+0300][89.951s][info][gc,stats    ] Pause Final Mark (N)                693 us
[2021-02-28T14:26:37.379+0300][89.951s][info][gc,stats    ]   Finish Queues                     103 us
[2021-02-28T14:26:37.379+0300][89.952s][info][gc,stats    ]   System Purge                       98 us
[2021-02-28T14:26:37.379+0300][89.952s][info][gc,stats    ]     Weak Roots                       98 us, parallelism: 0.01x
[2021-02-28T14:26:37.379+0300][89.952s][info][gc,stats    ]       WR: <total>                     1 us
[2021-02-28T14:26:37.379+0300][89.952s][info][gc,stats    ]       WR: JVMTI Weak Roots            0 us, workers (us):   0, ---, ---, 
[2021-02-28T14:26:37.379+0300][89.952s][info][gc,stats    ]       WR: JFR Weak Roots              0 us, workers (us):   0, ---, ---, 
[2021-02-28T14:26:37.379+0300][89.952s][info][gc,stats    ]   Update Region States              100 us
[2021-02-28T14:26:37.379+0300][89.952s][info][gc,stats    ]   Manage GC/TLABs                     4 us
[2021-02-28T14:26:37.379+0300][89.952s][info][gc,stats    ]   Choose Collection Set             127 us
[2021-02-28T14:26:37.379+0300][89.952s][info][gc,stats    ]   Rebuild Free Set                   11 us
[2021-02-28T14:26:37.379+0300][89.952s][info][gc,stats    ]   Initial Evacuation                182 us, parallelism: 0.64x
[2021-02-28T14:26:37.379+0300][89.952s][info][gc,stats    ]     E: <total>                      117 us
[2021-02-28T14:26:37.379+0300][89.952s][info][gc,stats    ]     E: Thread Roots                 109 us, workers (us):  51,  28,  30, 
[2021-02-28T14:26:37.379+0300][89.952s][info][gc,stats    ]     E: Universe Roots                 4 us, workers (us):   4, ---, ---, 
[2021-02-28T14:26:37.379+0300][89.952s][info][gc,stats    ]     E: JVMTI Weak Roots               0 us, workers (us): ---,   0, ---, 
[2021-02-28T14:26:37.379+0300][89.952s][info][gc,stats    ]     E: JFR Weak Roots                 0 us, workers (us): ---,   0, ---, 
[2021-02-28T14:26:37.379+0300][89.952s][info][gc,stats    ]     E: Synchronizer Roots             0 us, workers (us): ---,   0, ---, 
[2021-02-28T14:26:37.379+0300][89.952s][info][gc,stats    ]     E: Management Roots               3 us, workers (us): ---,   3, ---, 
[2021-02-28T14:26:37.379+0300][89.952s][info][gc,stats    ]     E: JVMTI Roots                    0 us, workers (us): ---,   0, ---, 
[2021-02-28T14:26:37.379+0300][89.952s][info][gc,stats    ] Concurrent Weak Roots             29079 us
[2021-02-28T14:26:37.379+0300][89.952s][info][gc,stats    ]   Roots                             515 us, parallelism: 0.36x
[2021-02-28T14:26:37.379+0300][89.952s][info][gc,stats    ]     CWR: <total>                    184 us
[2021-02-28T14:26:37.379+0300][89.952s][info][gc,stats    ]     CWR: JNI Weak Roots               0 us, workers (us):   0, ---, ---, 
[2021-02-28T14:26:37.379+0300][89.952s][info][gc,stats    ]     CWR: String Table Roots         159 us, workers (us): 159, ---, ---, 
[2021-02-28T14:26:37.379+0300][89.952s][info][gc,stats    ]     CWR: Resolved Table Roots        11 us, workers (us):  11, ---, ---, 
[2021-02-28T14:26:37.379+0300][89.952s][info][gc,stats    ]     CWR: VM Weak Roots                7 us, workers (us):   7, ---, ---, 
[2021-02-28T14:26:37.379+0300][89.952s][info][gc,stats    ]     CWR: CLDG Roots                   6 us, workers (us):   6, ---, ---, 
[2021-02-28T14:26:37.379+0300][89.952s][info][gc,stats    ]   Rendezvous                      28483 us
[2021-02-28T14:26:37.379+0300][89.952s][info][gc,stats    ] Concurrent Cleanup                   44 us
[2021-02-28T14:26:37.379+0300][89.952s][info][gc,stats    ] Concurrent Class Unloading        23028 us
[2021-02-28T14:26:37.379+0300][89.952s][info][gc,stats    ]   Unlink Stale                    12522 us
[2021-02-28T14:26:37.379+0300][89.952s][info][gc,stats    ]     System Dictionary                12 us
[2021-02-28T14:26:37.379+0300][89.952s][info][gc,stats    ]     Weak Class Links                  0 us
[2021-02-28T14:26:37.379+0300][89.952s][info][gc,stats    ]     Code Roots                     1326 us
[2021-02-28T14:26:37.379+0300][89.952s][info][gc,stats    ]   Rendezvous                      10350 us
[2021-02-28T14:26:37.379+0300][89.952s][info][gc,stats    ]   Purge Unlinked                     94 us
[2021-02-28T14:26:37.379+0300][89.952s][info][gc,stats    ]     Code Roots                       93 us
[2021-02-28T14:26:37.379+0300][89.952s][info][gc,stats    ]     CLDG                              0 us
[2021-02-28T14:26:37.379+0300][89.952s][info][gc,stats    ]     Exception Caches                  0 us
[2021-02-28T14:26:37.379+0300][89.952s][info][gc,stats    ] Concurrent Strong Roots             207 us, parallelism: 0.51x
[2021-02-28T14:26:37.379+0300][89.952s][info][gc,stats    ] Rendezvous                          106 us
[2021-02-28T14:26:37.379+0300][89.952s][info][gc,stats    ]   CSR: Universe Roots                 4 us, workers (us):   4, ---, ---, 
[2021-02-28T14:26:37.379+0300][89.952s][info][gc,stats    ]   CSR: Resolved Table Roots           2 us, workers (us):   2, ---, ---, 
[2021-02-28T14:26:37.379+0300][89.952s][info][gc,stats    ]   CSR: Management Roots              99 us, workers (us):  99, ---, ---, 
[2021-02-28T14:26:37.379+0300][89.952s][info][gc,stats    ] Concurrent Evacuation             10232 us
[2021-02-28T14:26:37.379+0300][89.952s][info][gc,stats    ] Pause Init  Update Refs (G)        8751 us
[2021-02-28T14:26:37.379+0300][89.952s][info][gc,stats    ] Pause Init  Update Refs (N)          57 us
[2021-02-28T14:26:37.379+0300][89.952s][info][gc,stats    ]   Manage GCLABs                       2 us
[2021-02-28T14:26:37.379+0300][89.952s][info][gc,stats    ] Concurrent Update Refs           521143 us
[2021-02-28T14:26:37.379+0300][89.952s][info][gc,stats    ] Pause Final Update Refs (G)        5093 us
[2021-02-28T14:26:37.379+0300][89.952s][info][gc,stats    ] Pause Final Update Refs (N)         284 us
[2021-02-28T14:26:37.379+0300][89.952s][info][gc,stats    ]   Update Roots                      110 us, parallelism: 0.51x
[2021-02-28T14:26:37.379+0300][89.952s][info][gc,stats    ]     UR: <total>                      56 us
[2021-02-28T14:26:37.379+0300][89.952s][info][gc,stats    ]     UR: Thread Roots                 56 us, workers (us):  33,  12,  11, 
[2021-02-28T14:26:37.379+0300][89.952s][info][gc,stats    ]   Update Region States               96 us
[2021-02-28T14:26:37.379+0300][89.952s][info][gc,stats    ]   Trash Collection Set                3 us
[2021-02-28T14:26:37.379+0300][89.952s][info][gc,stats    ]   Rebuild Free Set                   12 us
[2021-02-28T14:26:37.379+0300][89.952s][info][gc,stats    ] Concurrent Cleanup                   67 us
[2021-02-28T14:26:37.379+0300][89.952s][info][gc,stats    ] 
[2021-02-28T14:26:37.379+0300][89.952s][info][gc,stats    ] Allocation pacing accrued:
[2021-02-28T14:26:37.379+0300][89.952s][info][gc,stats    ]       0 of  1848 ms (  0.0%): <total>
[2021-02-28T14:26:37.379+0300][89.952s][info][gc,stats    ]       0 of  1848 ms (  0.0%): <average total>
[2021-02-28T14:26:37.379+0300][89.952s][info][gc,stats    ] 
[2021-02-28T14:26:37.379+0300][89.952s][info][gc,metaspace] Metaspace: 7208K(7552K)->7218K(7552K) NonClass: 6443K(6656K)->6453K(6656K) Class: 765K(896K)->765K(896K)
[2021-02-28T14:26:37.379+0300][89.952s][info][gc,ergo     ] Pacer for Idle. Initial: 20971K, Alloc Tax Rate: 1.0x
[2021-02-28T14:26:37.381+0300][89.953s][info][gc          ] Trigger: Free (49968K) is below minimum threshold (102M)
[2021-02-28T14:26:37.381+0300][89.954s][info][gc,ergo     ] Free: 49968K, Max: 512K regular, 48640K humongous, Frag: 2% external, 0% internal; Reserve: 52736K, Max: 512K
[2021-02-28T14:26:37.381+0300][89.954s][info][gc,start    ] GC(33) Concurrent reset
[2021-02-28T14:26:37.381+0300][89.954s][info][gc,task     ] GC(33) Using 1 of 3 workers for concurrent reset
[2021-02-28T14:26:37.381+0300][89.954s][info][gc,ergo     ] GC(33) Pacer for Reset. Non-Taxable: 1024M
[2021-02-28T14:26:37.382+0300][89.955s][info][gc          ] GC(33) Concurrent reset 1.208ms
[2021-02-28T14:26:37.382+0300][89.955s][info][gc,start    ] GC(33) Pause Init Mark (unload classes)
[2021-02-28T14:26:37.382+0300][89.955s][info][gc,task     ] GC(33) Using 3 of 3 workers for init marking
[2021-02-28T14:26:37.383+0300][89.955s][info][gc,ergo     ] GC(33) Pacer for Mark. Expected Live: 922M, Free: 49968K, Non-Taxable: 4996K, Alloc Tax Rate: 23.1x
[2021-02-28T14:26:37.383+0300][89.956s][info][gc          ] GC(33) Pause Init Mark (unload classes) 0.283ms
[2021-02-28T14:26:37.383+0300][89.956s][info][gc,start    ] GC(33) Concurrent marking (unload classes)
[2021-02-28T14:26:37.383+0300][89.956s][info][gc,task     ] GC(33) Using 1 of 3 workers for concurrent marking
[2021-02-28T14:26:38.630+0300][91.203s][info][gc          ] GC(33) Concurrent marking (unload classes) 1246.987ms
[2021-02-28T14:26:38.654+0300][91.227s][info][gc,start    ] GC(33) Pause Final Mark (unload classes)
[2021-02-28T14:26:38.654+0300][91.227s][info][gc,task     ] GC(33) Using 3 of 3 workers for final marking
[2021-02-28T14:26:38.654+0300][91.227s][info][gc,ergo     ] GC(33) Adaptive CSet Selection. Target Free: 145M, Actual Free: 101888K, Max CSet: 43690K, Min Garbage: 46660K
[2021-02-28T14:26:38.654+0300][91.227s][info][gc,ergo     ] GC(33) Collectable Garbage: 871K (94%), Immediate: 0B (0%), CSet: 871K (94%)
[2021-02-28T14:26:38.654+0300][91.227s][info][gc,ergo     ] GC(33) Pacer for Evacuation. Used CSet: 44405K, Free: 49152K, Non-Taxable: 4915K, Alloc Tax Rate: 2.2x
[2021-02-28T14:26:38.654+0300][91.227s][info][gc          ] GC(33) Pause Final Mark (unload classes) 0.409ms
[2021-02-28T14:26:38.654+0300][91.227s][info][gc,start    ] GC(33) Concurrent weak roots
[2021-02-28T14:26:38.654+0300][91.227s][info][gc,task     ] GC(33) Using 1 of 3 workers for concurrent weak root
[2021-02-28T14:26:38.684+0300][91.257s][info][gc          ] GC(33) Concurrent weak roots 29.442ms
[2021-02-28T14:26:38.684+0300][91.257s][info][gc,start    ] GC(33) Concurrent cleanup
[2021-02-28T14:26:38.684+0300][91.257s][info][gc          ] GC(33) Concurrent cleanup 964M->964M(1024M) 0.029ms
[2021-02-28T14:26:38.684+0300][91.257s][info][gc,ergo     ] GC(33) Free: 49125K, Max: 512K regular, 48640K humongous, Frag: 0% external, 0% internal; Reserve: 10752K, Max: 512K
[2021-02-28T14:26:38.684+0300][91.257s][info][gc,start    ] GC(33) Concurrent class unloading
[2021-02-28T14:26:38.684+0300][91.257s][info][gc,task     ] GC(33) Using 1 of 3 workers for concurrent class unloading
[2021-02-28T14:26:38.694+0300][91.267s][info][gc          ] GC(33) Concurrent class unloading 9.990ms
[2021-02-28T14:26:38.694+0300][91.267s][info][gc,start    ] GC(33) Concurrent strong roots
[2021-02-28T14:26:38.694+0300][91.267s][info][gc,task     ] GC(33) Using 1 of 3 workers for concurrent strong root
[2021-02-28T14:26:38.694+0300][91.267s][info][gc          ] GC(33) Concurrent strong roots 0.213ms
[2021-02-28T14:26:38.694+0300][91.267s][info][gc,start    ] GC(33) Concurrent evacuation
[2021-02-28T14:26:38.694+0300][91.267s][info][gc,task     ] GC(33) Using 1 of 3 workers for concurrent evacuation
[2021-02-28T14:26:38.704+0300][91.277s][info][gc          ] GC(33) Concurrent evacuation 10.022ms
[2021-02-28T14:26:38.713+0300][91.286s][info][gc,start    ] GC(33) Pause Init Update Refs
[2021-02-28T14:26:38.713+0300][91.286s][info][gc,ergo     ] GC(33) Pacer for Update Refs. Used: 966M, Free: 49125K, Non-Taxable: 4912K, Alloc Tax Rate: 24.6x
[2021-02-28T14:26:38.713+0300][91.286s][info][gc          ] GC(33) Pause Init Update Refs 0.041ms
[2021-02-28T14:26:38.713+0300][91.286s][info][gc,start    ] GC(33) Concurrent update references
[2021-02-28T14:26:38.713+0300][91.286s][info][gc,task     ] GC(33) Using 1 of 3 workers for concurrent reference update
[2021-02-28T14:26:39.243+0300][91.816s][info][gc          ] GC(33) Concurrent update references 530.555ms
[2021-02-28T14:26:39.253+0300][91.826s][info][gc,start    ] GC(33) Pause Final Update Refs
[2021-02-28T14:26:39.253+0300][91.826s][info][gc,task     ] GC(33) Using 3 of 3 workers for final reference update
[2021-02-28T14:26:39.253+0300][91.826s][info][gc          ] GC(33) Pause Final Update Refs 0.226ms
[2021-02-28T14:26:39.253+0300][91.826s][info][gc,start    ] GC(33) Concurrent cleanup
[2021-02-28T14:26:39.253+0300][91.826s][info][gc          ] GC(33) Concurrent cleanup 966M->923M(1024M) 0.046ms
[2021-02-28T14:26:39.253+0300][91.826s][info][gc,ergo     ] Free: 49985K, Max: 512K regular, 49152K humongous, Frag: 0% external, 0% internal; Reserve: 52736K, Max: 512K
[2021-02-28T14:26:39.253+0300][91.826s][info][gc,stats    ] 
[2021-02-28T14:26:39.253+0300][91.826s][info][gc,stats    ] All times are wall-clock times, except per-root-class counters, that are sum over
[2021-02-28T14:26:39.253+0300][91.826s][info][gc,stats    ] all workers. Dividing the <total> over the root stage time estimates parallelism.
[2021-02-28T14:26:39.253+0300][91.826s][info][gc,stats    ] 
[2021-02-28T14:26:39.253+0300][91.826s][info][gc,stats    ] Concurrent Reset                   1263 us
[2021-02-28T14:26:39.253+0300][91.826s][info][gc,stats    ] Pause Init Mark (G)                 811 us
[2021-02-28T14:26:39.253+0300][91.826s][info][gc,stats    ] Pause Init Mark (N)                 297 us
[2021-02-28T14:26:39.253+0300][91.826s][info][gc,stats    ]   Manage TLABs                        4 us
[2021-02-28T14:26:39.253+0300][91.826s][info][gc,stats    ]   Update Region States               94 us
[2021-02-28T14:26:39.253+0300][91.826s][info][gc,stats    ]   Scan Roots                        120 us, parallelism: 0.67x
[2021-02-28T14:26:39.253+0300][91.826s][info][gc,stats    ]     S: <total>                       81 us
[2021-02-28T14:26:39.253+0300][91.826s][info][gc,stats    ]     S: Thread Roots                  77 us, workers (us):  59,   8,  10, 
[2021-02-28T14:26:39.253+0300][91.826s][info][gc,stats    ]     S: Universe Roots                 2 us, workers (us):   2, ---, ---, 
[2021-02-28T14:26:39.253+0300][91.826s][info][gc,stats    ]     S: Synchronizer Roots             0 us, workers (us):   0, ---, ---, 
[2021-02-28T14:26:39.253+0300][91.826s][info][gc,stats    ]     S: Management Roots               1 us, workers (us):   1, ---, ---, 
[2021-02-28T14:26:39.253+0300][91.826s][info][gc,stats    ]     S: JVMTI Roots                    0 us, workers (us):   0, ---, ---, 
[2021-02-28T14:26:39.253+0300][91.826s][info][gc,stats    ] Concurrent Marking              1247025 us
[2021-02-28T14:26:39.253+0300][91.826s][info][gc,stats    ]   Roots                             158 us, parallelism: 0.45x
[2021-02-28T14:26:39.253+0300][91.826s][info][gc,stats    ]     CM: <total>                      70 us
[2021-02-28T14:26:39.253+0300][91.826s][info][gc,stats    ]     CM: JNI Handles Roots             2 us, workers (us):   2, ---, ---, 
[2021-02-28T14:26:39.253+0300][91.826s][info][gc,stats    ]     CM: VM Global Roots               2 us, workers (us):   2, ---, ---, 
[2021-02-28T14:26:39.253+0300][91.826s][info][gc,stats    ]     CM: CLDG Roots                   67 us, workers (us):  67, ---, ---, 
[2021-02-28T14:26:39.253+0300][91.826s][info][gc,stats    ] Pause Final Mark (G)              24434 us
[2021-02-28T14:26:39.253+0300][91.826s][info][gc,stats    ] Pause Final Mark (N)                423 us
[2021-02-28T14:26:39.253+0300][91.826s][info][gc,stats    ]   Finish Queues                      33 us
[2021-02-28T14:26:39.253+0300][91.826s][info][gc,stats    ]   System Purge                       18 us
[2021-02-28T14:26:39.253+0300][91.826s][info][gc,stats    ]     Weak Roots                       18 us, parallelism: 0.04x
[2021-02-28T14:26:39.253+0300][91.826s][info][gc,stats    ]       WR: <total>                     1 us
[2021-02-28T14:26:39.253+0300][91.826s][info][gc,stats    ]       WR: JVMTI Weak Roots            0 us, workers (us):   0, ---, ---, 
[2021-02-28T14:26:39.254+0300][91.826s][info][gc,stats    ]       WR: JFR Weak Roots              0 us, workers (us):   0, ---, ---, 
[2021-02-28T14:26:39.254+0300][91.826s][info][gc,stats    ]   Update Region States               33 us
[2021-02-28T14:26:39.254+0300][91.826s][info][gc,stats    ]   Manage GC/TLABs                     3 us
[2021-02-28T14:26:39.254+0300][91.826s][info][gc,stats    ]   Choose Collection Set             135 us
[2021-02-28T14:26:39.254+0300][91.826s][info][gc,stats    ]   Rebuild Free Set                   17 us
[2021-02-28T14:26:39.254+0300][91.826s][info][gc,stats    ]   Initial Evacuation                117 us, parallelism: 1.11x
[2021-02-28T14:26:39.254+0300][91.826s][info][gc,stats    ]     E: <total>                      130 us
[2021-02-28T14:26:39.254+0300][91.826s][info][gc,stats    ]     E: Thread Roots                 123 us, workers (us):  27,  38,  58, 
[2021-02-28T14:26:39.254+0300][91.827s][info][gc,stats    ]     E: Universe Roots                 4 us, workers (us):   4, ---, ---, 
[2021-02-28T14:26:39.254+0300][91.827s][info][gc,stats    ]     E: JVMTI Weak Roots               0 us, workers (us): ---, ---,   0, 
[2021-02-28T14:26:39.254+0300][91.827s][info][gc,stats    ]     E: JFR Weak Roots                 0 us, workers (us): ---, ---,   0, 
[2021-02-28T14:26:39.254+0300][91.827s][info][gc,stats    ]     E: Synchronizer Roots             0 us, workers (us): ---,   0, ---, 
[2021-02-28T14:26:39.254+0300][91.827s][info][gc,stats    ]     E: Management Roots               3 us, workers (us): ---,   3, ---, 
[2021-02-28T14:26:39.254+0300][91.827s][info][gc,stats    ]     E: JVMTI Roots                    0 us, workers (us): ---, ---,   0, 
[2021-02-28T14:26:39.254+0300][91.827s][info][gc,stats    ] Concurrent Weak Roots             29477 us
[2021-02-28T14:26:39.254+0300][91.827s][info][gc,stats    ]   Roots                             474 us, parallelism: 0.40x
[2021-02-28T14:26:39.254+0300][91.827s][info][gc,stats    ]     CWR: <total>                    189 us
[2021-02-28T14:26:39.254+0300][91.827s][info][gc,stats    ]     CWR: JNI Weak Roots               0 us, workers (us):   0, ---, ---, 
[2021-02-28T14:26:39.254+0300][91.827s][info][gc,stats    ]     CWR: String Table Roots         163 us, workers (us): 163, ---, ---, 
[2021-02-28T14:26:39.254+0300][91.827s][info][gc,stats    ]     CWR: Resolved Table Roots        13 us, workers (us):  13, ---, ---, 
[2021-02-28T14:26:39.254+0300][91.827s][info][gc,stats    ]     CWR: VM Weak Roots                7 us, workers (us):   7, ---, ---, 
[2021-02-28T14:26:39.254+0300][91.827s][info][gc,stats    ]     CWR: CLDG Roots                   5 us, workers (us):   5, ---, ---, 
[2021-02-28T14:26:39.254+0300][91.827s][info][gc,stats    ]   Rendezvous                      28927 us
[2021-02-28T14:26:39.254+0300][91.827s][info][gc,stats    ] Concurrent Cleanup                   46 us
[2021-02-28T14:26:39.254+0300][91.827s][info][gc,stats    ] Concurrent Class Unloading        10014 us
[2021-02-28T14:26:39.254+0300][91.827s][info][gc,stats    ]   Unlink Stale                     1383 us
[2021-02-28T14:26:39.254+0300][91.827s][info][gc,stats    ]     System Dictionary                 9 us
[2021-02-28T14:26:39.254+0300][91.827s][info][gc,stats    ]     Weak Class Links                  0 us
[2021-02-28T14:26:39.254+0300][91.827s][info][gc,stats    ]     Code Roots                     1373 us
[2021-02-28T14:26:39.254+0300][91.827s][info][gc,stats    ]   Rendezvous                       8449 us
[2021-02-28T14:26:39.254+0300][91.827s][info][gc,stats    ]   Purge Unlinked                    132 us
[2021-02-28T14:26:39.254+0300][91.827s][info][gc,stats    ]     Code Roots                      132 us
[2021-02-28T14:26:39.254+0300][91.827s][info][gc,stats    ]     CLDG                              0 us
[2021-02-28T14:26:39.254+0300][91.827s][info][gc,stats    ]     Exception Caches                  0 us
[2021-02-28T14:26:39.254+0300][91.827s][info][gc,stats    ] Concurrent Strong Roots             235 us, parallelism: 0.43x
[2021-02-28T14:26:39.254+0300][91.827s][info][gc,stats    ] Rendezvous                          101 us
[2021-02-28T14:26:39.254+0300][91.827s][info][gc,stats    ]   CSR: Universe Roots                 3 us, workers (us):   3, ---, ---, 
[2021-02-28T14:26:39.254+0300][91.827s][info][gc,stats    ]   CSR: Resolved Table Roots           2 us, workers (us):   2, ---, ---, 
[2021-02-28T14:26:39.254+0300][91.827s][info][gc,stats    ]   CSR: Management Roots              96 us, workers (us):  96, ---, ---, 
[2021-02-28T14:26:39.254+0300][91.827s][info][gc,stats    ] Concurrent Evacuation             10046 us
[2021-02-28T14:26:39.254+0300][91.827s][info][gc,stats    ] Pause Init  Update Refs (G)        8882 us
[2021-02-28T14:26:39.254+0300][91.827s][info][gc,stats    ] Pause Init  Update Refs (N)          53 us
[2021-02-28T14:26:39.254+0300][91.827s][info][gc,stats    ]   Manage GCLABs                       2 us
[2021-02-28T14:26:39.254+0300][91.827s][info][gc,stats    ] Concurrent Update Refs           530593 us
[2021-02-28T14:26:39.254+0300][91.827s][info][gc,stats    ] Pause Final Update Refs (G)        9467 us
[2021-02-28T14:26:39.254+0300][91.827s][info][gc,stats    ] Pause Final Update Refs (N)         249 us
[2021-02-28T14:26:39.254+0300][91.827s][info][gc,stats    ]   Update Roots                       72 us, parallelism: 0.74x
[2021-02-28T14:26:39.254+0300][91.827s][info][gc,stats    ]     UR: <total>                      54 us
[2021-02-28T14:26:39.254+0300][91.827s][info][gc,stats    ]     UR: Thread Roots                 54 us, workers (us):  41,  11,   1, 
[2021-02-28T14:26:39.254+0300][91.827s][info][gc,stats    ]   Update Region States               81 us
[2021-02-28T14:26:39.254+0300][91.827s][info][gc,stats    ]   Trash Collection Set                3 us
[2021-02-28T14:26:39.254+0300][91.827s][info][gc,stats    ]   Rebuild Free Set                   12 us
[2021-02-28T14:26:39.254+0300][91.827s][info][gc,stats    ] Concurrent Cleanup                   62 us
[2021-02-28T14:26:39.254+0300][91.827s][info][gc,stats    ] 
[2021-02-28T14:26:39.254+0300][91.827s][info][gc,stats    ] Allocation pacing accrued:
[2021-02-28T14:26:39.254+0300][91.827s][info][gc,stats    ]       0 of  1875 ms (  0.0%): <total>
[2021-02-28T14:26:39.254+0300][91.827s][info][gc,stats    ]       0 of  1875 ms (  0.0%): <average total>
[2021-02-28T14:26:39.254+0300][91.827s][info][gc,stats    ] 
[2021-02-28T14:26:39.254+0300][91.827s][info][gc,metaspace] Metaspace: 7218K(7552K)->7220K(7552K) NonClass: 6453K(6656K)->6455K(6656K) Class: 765K(896K)->765K(896K)
[2021-02-28T14:26:39.254+0300][91.827s][info][gc,ergo     ] Pacer for Idle. Initial: 20971K, Alloc Tax Rate: 1.0x
[2021-02-28T14:26:39.268+0300][91.840s][info][gc          ] Trigger: Free (49943K) is below minimum threshold (102M)
[2021-02-28T14:26:39.268+0300][91.841s][info][gc,ergo     ] Free: 49943K, Max: 512K regular, 49152K humongous, Frag: 0% external, 0% internal; Reserve: 52736K, Max: 512K
[2021-02-28T14:26:39.268+0300][91.841s][info][gc,start    ] GC(34) Concurrent reset
[2021-02-28T14:26:39.268+0300][91.841s][info][gc,task     ] GC(34) Using 1 of 3 workers for concurrent reset
[2021-02-28T14:26:39.268+0300][91.841s][info][gc,ergo     ] GC(34) Pacer for Reset. Non-Taxable: 1024M
[2021-02-28T14:26:39.269+0300][91.842s][info][gc          ] GC(34) Concurrent reset 1.207ms
[2021-02-28T14:26:39.270+0300][91.843s][info][gc,start    ] GC(34) Pause Init Mark (unload classes)
[2021-02-28T14:26:39.270+0300][91.843s][info][gc,task     ] GC(34) Using 3 of 3 workers for init marking
[2021-02-28T14:26:39.270+0300][91.843s][info][gc,ergo     ] GC(34) Pacer for Mark. Expected Live: 922M, Free: 49943K, Non-Taxable: 4994K, Alloc Tax Rate: 23.1x
[2021-02-28T14:26:39.270+0300][91.843s][info][gc          ] GC(34) Pause Init Mark (unload classes) 0.242ms
[2021-02-28T14:26:39.270+0300][91.843s][info][gc,start    ] GC(34) Concurrent marking (unload classes)
[2021-02-28T14:26:39.270+0300][91.843s][info][gc,task     ] GC(34) Using 1 of 3 workers for concurrent marking
[2021-02-28T14:26:40.516+0300][93.089s][info][gc          ] GC(34) Concurrent marking (unload classes) 1245.681ms
[2021-02-28T14:26:40.529+0300][93.102s][info][gc,start    ] GC(34) Pause Final Mark (unload classes)
[2021-02-28T14:26:40.529+0300][93.102s][info][gc,task     ] GC(34) Using 3 of 3 workers for final marking
[2021-02-28T14:26:40.529+0300][93.102s][info][gc,ergo     ] GC(34) Adaptive CSet Selection. Target Free: 145M, Actual Free: 101888K, Max CSet: 43690K, Min Garbage: 46660K
[2021-02-28T14:26:40.529+0300][93.102s][info][gc,ergo     ] GC(34) Collectable Garbage: 877K (94%), Immediate: 0B (0%), CSet: 877K (94%)
[2021-02-28T14:26:40.529+0300][93.102s][info][gc,ergo     ] GC(34) Pacer for Evacuation. Used CSet: 44427K, Free: 49152K, Non-Taxable: 4915K, Alloc Tax Rate: 2.2x
[2021-02-28T14:26:40.529+0300][93.102s][info][gc          ] GC(34) Pause Final Mark (unload classes) 0.655ms
[2021-02-28T14:26:40.530+0300][93.102s][info][gc,start    ] GC(34) Concurrent weak roots
[2021-02-28T14:26:40.530+0300][93.102s][info][gc,task     ] GC(34) Using 1 of 3 workers for concurrent weak root
[2021-02-28T14:26:40.557+0300][93.130s][info][gc          ] GC(34) Concurrent weak roots 27.081ms
[2021-02-28T14:26:40.557+0300][93.130s][info][gc,start    ] GC(34) Concurrent cleanup
[2021-02-28T14:26:40.557+0300][93.130s][info][gc          ] GC(34) Concurrent cleanup 964M->964M(1024M) 0.034ms
[2021-02-28T14:26:40.557+0300][93.130s][info][gc,ergo     ] GC(34) Free: 49125K, Max: 512K regular, 48640K humongous, Frag: 0% external, 0% internal; Reserve: 11264K, Max: 512K
[2021-02-28T14:26:40.557+0300][93.130s][info][gc,start    ] GC(34) Concurrent class unloading
[2021-02-28T14:26:40.557+0300][93.130s][info][gc,task     ] GC(34) Using 1 of 3 workers for concurrent class unloading
[2021-02-28T14:26:40.567+0300][93.140s][info][gc          ] GC(34) Concurrent class unloading 10.038ms
[2021-02-28T14:26:40.567+0300][93.140s][info][gc,start    ] GC(34) Concurrent strong roots
[2021-02-28T14:26:40.567+0300][93.140s][info][gc,task     ] GC(34) Using 1 of 3 workers for concurrent strong root
[2021-02-28T14:26:40.567+0300][93.140s][info][gc          ] GC(34) Concurrent strong roots 0.214ms
[2021-02-28T14:26:40.567+0300][93.140s][info][gc,start    ] GC(34) Concurrent evacuation
[2021-02-28T14:26:40.567+0300][93.140s][info][gc,task     ] GC(34) Using 1 of 3 workers for concurrent evacuation
[2021-02-28T14:26:40.578+0300][93.150s][info][gc          ] GC(34) Concurrent evacuation 10.560ms
[2021-02-28T14:26:40.587+0300][93.160s][info][gc,start    ] GC(34) Pause Init Update Refs
[2021-02-28T14:26:40.587+0300][93.160s][info][gc,ergo     ] GC(34) Pacer for Update Refs. Used: 966M, Free: 49125K, Non-Taxable: 4912K, Alloc Tax Rate: 24.6x
[2021-02-28T14:26:40.587+0300][93.160s][info][gc          ] GC(34) Pause Init Update Refs 0.043ms
[2021-02-28T14:26:40.587+0300][93.160s][info][gc,start    ] GC(34) Concurrent update references
[2021-02-28T14:26:40.587+0300][93.160s][info][gc,task     ] GC(34) Using 1 of 3 workers for concurrent reference update
[2021-02-28T14:26:41.110+0300][93.683s][info][gc          ] GC(34) Concurrent update references 522.782ms
[2021-02-28T14:26:41.119+0300][93.692s][info][gc,start    ] GC(34) Pause Final Update Refs
[2021-02-28T14:26:41.119+0300][93.692s][info][gc,task     ] GC(34) Using 3 of 3 workers for final reference update
[2021-02-28T14:26:41.119+0300][93.692s][info][gc          ] GC(34) Pause Final Update Refs 0.268ms
[2021-02-28T14:26:41.119+0300][93.692s][info][gc,start    ] GC(34) Concurrent cleanup
[2021-02-28T14:26:41.119+0300][93.692s][info][gc          ] GC(34) Concurrent cleanup 966M->923M(1024M) 0.041ms
[2021-02-28T14:26:41.119+0300][93.692s][info][gc,ergo     ] Free: 49985K, Max: 512K regular, 48640K humongous, Frag: 2% external, 0% internal; Reserve: 52736K, Max: 512K
[2021-02-28T14:26:41.119+0300][93.692s][info][gc,stats    ] 
[2021-02-28T14:26:41.119+0300][93.692s][info][gc,stats    ] All times are wall-clock times, except per-root-class counters, that are sum over
[2021-02-28T14:26:41.119+0300][93.692s][info][gc,stats    ] all workers. Dividing the <total> over the root stage time estimates parallelism.
[2021-02-28T14:26:41.119+0300][93.692s][info][gc,stats    ] 
[2021-02-28T14:26:41.119+0300][93.692s][info][gc,stats    ] Concurrent Reset                   1270 us
[2021-02-28T14:26:41.119+0300][93.692s][info][gc,stats    ] Pause Init Mark (G)                1360 us
[2021-02-28T14:26:41.119+0300][93.692s][info][gc,stats    ] Pause Init Mark (N)                 256 us
[2021-02-28T14:26:41.119+0300][93.692s][info][gc,stats    ]   Manage TLABs                        3 us
[2021-02-28T14:26:41.119+0300][93.692s][info][gc,stats    ]   Update Region States               72 us
[2021-02-28T14:26:41.119+0300][93.692s][info][gc,stats    ]   Scan Roots                         96 us, parallelism: 0.89x
[2021-02-28T14:26:41.119+0300][93.692s][info][gc,stats    ]     S: <total>                       85 us
[2021-02-28T14:26:41.119+0300][93.692s][info][gc,stats    ]     S: Thread Roots                  81 us, workers (us):  37,  21,  23, 
[2021-02-28T14:26:41.119+0300][93.692s][info][gc,stats    ]     S: Universe Roots                 2 us, workers (us):   2, ---, ---, 
[2021-02-28T14:26:41.119+0300][93.692s][info][gc,stats    ]     S: Synchronizer Roots             0 us, workers (us): ---,   0, ---, 
[2021-02-28T14:26:41.119+0300][93.692s][info][gc,stats    ]     S: Management Roots               1 us, workers (us): ---,   1, ---, 
[2021-02-28T14:26:41.119+0300][93.692s][info][gc,stats    ]     S: JVMTI Roots                    0 us, workers (us):   0, ---, ---, 
[2021-02-28T14:26:41.119+0300][93.692s][info][gc,stats    ] Concurrent Marking              1245718 us
[2021-02-28T14:26:41.120+0300][93.692s][info][gc,stats    ]   Roots                             124 us, parallelism: 0.55x
[2021-02-28T14:26:41.120+0300][93.692s][info][gc,stats    ]     CM: <total>                      68 us
[2021-02-28T14:26:41.120+0300][93.692s][info][gc,stats    ]     CM: JNI Handles Roots             2 us, workers (us):   2, ---, ---, 
[2021-02-28T14:26:41.120+0300][93.692s][info][gc,stats    ]     CM: VM Global Roots               2 us, workers (us):   2, ---, ---, 
[2021-02-28T14:26:41.120+0300][93.692s][info][gc,stats    ]     CM: CLDG Roots                   64 us, workers (us):  64, ---, ---, 
[2021-02-28T14:26:41.120+0300][93.692s][info][gc,stats    ] Pause Final Mark (G)              13544 us
[2021-02-28T14:26:41.120+0300][93.693s][info][gc,stats    ] Pause Final Mark (N)                668 us
[2021-02-28T14:26:41.120+0300][93.693s][info][gc,stats    ]   Finish Queues                     102 us
[2021-02-28T14:26:41.120+0300][93.693s][info][gc,stats    ]   System Purge                      102 us
[2021-02-28T14:26:41.120+0300][93.693s][info][gc,stats    ]     Weak Roots                      102 us, parallelism: 0.00x
[2021-02-28T14:26:41.120+0300][93.693s][info][gc,stats    ]       WR: <total>                     0 us
[2021-02-28T14:26:41.120+0300][93.693s][info][gc,stats    ]       WR: JVMTI Weak Roots            0 us, workers (us):   0, ---, ---, 
[2021-02-28T14:26:41.120+0300][93.693s][info][gc,stats    ]       WR: JFR Weak Roots              0 us, workers (us):   0, ---, ---, 
[2021-02-28T14:26:41.120+0300][93.693s][info][gc,stats    ]   Update Region States               96 us
[2021-02-28T14:26:41.120+0300][93.693s][info][gc,stats    ]   Manage GC/TLABs                     3 us
[2021-02-28T14:26:41.120+0300][93.693s][info][gc,stats    ]   Choose Collection Set             120 us
[2021-02-28T14:26:41.120+0300][93.693s][info][gc,stats    ]   Rebuild Free Set                   11 us
[2021-02-28T14:26:41.120+0300][93.693s][info][gc,stats    ]   Initial Evacuation                178 us, parallelism: 0.64x
[2021-02-28T14:26:41.120+0300][93.693s][info][gc,stats    ]     E: <total>                      114 us
[2021-02-28T14:26:41.120+0300][93.693s][info][gc,stats    ]     E: Thread Roots                 109 us, workers (us):  58,  29,  22, 
[2021-02-28T14:26:41.120+0300][93.693s][info][gc,stats    ]     E: Universe Roots                 3 us, workers (us):   3, ---, ---, 
[2021-02-28T14:26:41.120+0300][93.693s][info][gc,stats    ]     E: JVMTI Weak Roots               0 us, workers (us):   0, ---, ---, 
[2021-02-28T14:26:41.120+0300][93.693s][info][gc,stats    ]     E: JFR Weak Roots                 0 us, workers (us):   0, ---, ---, 
[2021-02-28T14:26:41.120+0300][93.693s][info][gc,stats    ]     E: Synchronizer Roots             0 us, workers (us):   0, ---, ---, 
[2021-02-28T14:26:41.120+0300][93.693s][info][gc,stats    ]     E: Management Roots               2 us, workers (us):   2, ---, ---, 
[2021-02-28T14:26:41.120+0300][93.693s][info][gc,stats    ]     E: JVMTI Roots                    0 us, workers (us):   0, ---, ---, 
[2021-02-28T14:26:41.120+0300][93.693s][info][gc,stats    ] Concurrent Weak Roots             27111 us
[2021-02-28T14:26:41.120+0300][93.693s][info][gc,stats    ]   Roots                             476 us, parallelism: 0.37x
[2021-02-28T14:26:41.120+0300][93.693s][info][gc,stats    ]     CWR: <total>                    177 us
[2021-02-28T14:26:41.120+0300][93.693s][info][gc,stats    ]     CWR: JNI Weak Roots               0 us, workers (us):   0, ---, ---, 
[2021-02-28T14:26:41.120+0300][93.693s][info][gc,stats    ]     CWR: String Table Roots         154 us, workers (us): 154, ---, ---, 
[2021-02-28T14:26:41.120+0300][93.693s][info][gc,stats    ]     CWR: Resolved Table Roots        11 us, workers (us):  11, ---, ---, 
[2021-02-28T14:26:41.120+0300][93.693s][info][gc,stats    ]     CWR: VM Weak Roots                7 us, workers (us):   7, ---, ---, 
[2021-02-28T14:26:41.120+0300][93.693s][info][gc,stats    ]     CWR: CLDG Roots                   4 us, workers (us):   4, ---, ---, 
[2021-02-28T14:26:41.120+0300][93.693s][info][gc,stats    ]   Rendezvous                      26567 us
[2021-02-28T14:26:41.120+0300][93.693s][info][gc,stats    ] Concurrent Cleanup                   48 us
[2021-02-28T14:26:41.120+0300][93.693s][info][gc,stats    ] Concurrent Class Unloading        10063 us
[2021-02-28T14:26:41.120+0300][93.693s][info][gc,stats    ]   Unlink Stale                     1321 us
[2021-02-28T14:26:41.120+0300][93.693s][info][gc,stats    ]     System Dictionary                 8 us
[2021-02-28T14:26:41.120+0300][93.693s][info][gc,stats    ]     Weak Class Links                  0 us
[2021-02-28T14:26:41.120+0300][93.693s][info][gc,stats    ]     Code Roots                     1312 us
[2021-02-28T14:26:41.120+0300][93.693s][info][gc,stats    ]   Rendezvous                       8556 us
[2021-02-28T14:26:41.120+0300][93.693s][info][gc,stats    ]   Purge Unlinked                    137 us
[2021-02-28T14:26:41.120+0300][93.693s][info][gc,stats    ]     Code Roots                      137 us
[2021-02-28T14:26:41.120+0300][93.693s][info][gc,stats    ]     CLDG                              0 us
[2021-02-28T14:26:41.120+0300][93.693s][info][gc,stats    ]     Exception Caches                  0 us
[2021-02-28T14:26:41.120+0300][93.693s][info][gc,stats    ] Concurrent Strong Roots             236 us, parallelism: 0.43x
[2021-02-28T14:26:41.120+0300][93.693s][info][gc,stats    ] Rendezvous                          102 us
[2021-02-28T14:26:41.120+0300][93.693s][info][gc,stats    ]   CSR: Universe Roots                 3 us, workers (us):   3, ---, ---, 
[2021-02-28T14:26:41.120+0300][93.693s][info][gc,stats    ]   CSR: Resolved Table Roots           2 us, workers (us):   2, ---, ---, 
[2021-02-28T14:26:41.120+0300][93.693s][info][gc,stats    ]   CSR: Management Roots              97 us, workers (us):  97, ---, ---, 
[2021-02-28T14:26:41.120+0300][93.693s][info][gc,stats    ] Concurrent Evacuation             10592 us
[2021-02-28T14:26:41.120+0300][93.693s][info][gc,stats    ] Pause Init  Update Refs (G)        9306 us
[2021-02-28T14:26:41.120+0300][93.693s][info][gc,stats    ] Pause Init  Update Refs (N)          55 us
[2021-02-28T14:26:41.120+0300][93.693s][info][gc,stats    ]   Manage GCLABs                       2 us
[2021-02-28T14:26:41.120+0300][93.693s][info][gc,stats    ] Concurrent Update Refs           522821 us
[2021-02-28T14:26:41.120+0300][93.693s][info][gc,stats    ] Pause Final Update Refs (G)        9427 us
[2021-02-28T14:26:41.120+0300][93.693s][info][gc,stats    ] Pause Final Update Refs (N)         290 us
[2021-02-28T14:26:41.120+0300][93.693s][info][gc,stats    ]   Update Roots                      113 us, parallelism: 0.49x
[2021-02-28T14:26:41.120+0300][93.693s][info][gc,stats    ]     UR: <total>                      55 us
[2021-02-28T14:26:41.120+0300][93.693s][info][gc,stats    ]     UR: Thread Roots                 55 us, workers (us):  34,  10,  11, 
[2021-02-28T14:26:41.120+0300][93.693s][info][gc,stats    ]   Update Region States               96 us
[2021-02-28T14:26:41.120+0300][93.693s][info][gc,stats    ]   Trash Collection Set                3 us
[2021-02-28T14:26:41.120+0300][93.693s][info][gc,stats    ]   Rebuild Free Set                   11 us
[2021-02-28T14:26:41.120+0300][93.693s][info][gc,stats    ] Concurrent Cleanup                   56 us
[2021-02-28T14:26:41.120+0300][93.693s][info][gc,stats    ] 
[2021-02-28T14:26:41.120+0300][93.693s][info][gc,stats    ] Allocation pacing accrued:
[2021-02-28T14:26:41.120+0300][93.693s][info][gc,stats    ]       0 of  1866 ms (  0.0%): <total>
[2021-02-28T14:26:41.120+0300][93.693s][info][gc,stats    ]       0 of  1866 ms (  0.0%): <average total>
[2021-02-28T14:26:41.120+0300][93.693s][info][gc,stats    ] 
[2021-02-28T14:26:41.120+0300][93.693s][info][gc,metaspace] Metaspace: 7220K(7552K)->7233K(7552K) NonClass: 6455K(6656K)->6468K(6656K) Class: 765K(896K)->765K(896K)
[2021-02-28T14:26:41.120+0300][93.693s][info][gc,ergo     ] Pacer for Idle. Initial: 20971K, Alloc Tax Rate: 1.0x
[2021-02-28T14:26:41.122+0300][93.694s][info][gc          ] Trigger: Free (49943K) is below minimum threshold (102M)
[2021-02-28T14:26:41.122+0300][93.695s][info][gc,ergo     ] Free: 49943K, Max: 512K regular, 48640K humongous, Frag: 2% external, 0% internal; Reserve: 52736K, Max: 512K
[2021-02-28T14:26:41.122+0300][93.695s][info][gc,start    ] GC(35) Concurrent reset
[2021-02-28T14:26:41.122+0300][93.695s][info][gc,task     ] GC(35) Using 1 of 3 workers for concurrent reset
[2021-02-28T14:26:41.122+0300][93.695s][info][gc,ergo     ] GC(35) Pacer for Reset. Non-Taxable: 1024M
[2021-02-28T14:26:41.123+0300][93.696s][info][gc          ] GC(35) Concurrent reset 1.111ms
[2021-02-28T14:26:41.126+0300][93.699s][info][gc,start    ] GC(35) Pause Init Mark (process weakrefs) (unload classes)
[2021-02-28T14:26:41.126+0300][93.699s][info][gc,task     ] GC(35) Using 3 of 3 workers for init marking
[2021-02-28T14:26:41.126+0300][93.699s][info][gc,ergo     ] GC(35) Pacer for Mark. Expected Live: 922M, Free: 49943K, Non-Taxable: 4994K, Alloc Tax Rate: 23.1x
[2021-02-28T14:26:41.126+0300][93.699s][info][gc          ] GC(35) Pause Init Mark (process weakrefs) (unload classes) 0.291ms
[2021-02-28T14:26:41.126+0300][93.699s][info][gc,start    ] GC(35) Concurrent marking (process weakrefs) (unload classes)
[2021-02-28T14:26:41.126+0300][93.699s][info][gc,task     ] GC(35) Using 1 of 3 workers for concurrent marking
[2021-02-28T14:26:42.352+0300][94.925s][info][gc          ] GC(35) Concurrent marking (process weakrefs) (unload classes) 1225.934ms
[2021-02-28T14:26:42.352+0300][94.925s][info][gc,start    ] GC(35) Concurrent precleaning
[2021-02-28T14:26:42.352+0300][94.925s][info][gc,task     ] GC(35) Using 1 of 3 workers for concurrent preclean
[2021-02-28T14:26:42.352+0300][94.925s][info][gc,ergo     ] GC(35) Pacer for Precleaning. Non-Taxable: 1024M
[2021-02-28T14:26:42.352+0300][94.925s][info][gc          ] GC(35) Concurrent precleaning 0.168ms
[2021-02-28T14:26:42.360+0300][94.933s][info][gc,start    ] GC(35) Pause Final Mark (process weakrefs) (unload classes)
[2021-02-28T14:26:42.360+0300][94.933s][info][gc,task     ] GC(35) Using 3 of 3 workers for final marking
[2021-02-28T14:26:42.360+0300][94.933s][info][gc,ergo     ] GC(35) Adaptive CSet Selection. Target Free: 145M, Actual Free: 101888K, Max CSet: 43690K, Min Garbage: 46660K
[2021-02-28T14:26:42.360+0300][94.933s][info][gc,ergo     ] GC(35) Collectable Garbage: 858K (94%), Immediate: 0B (0%), CSet: 858K (94%)
[2021-02-28T14:26:42.360+0300][94.933s][info][gc,ergo     ] GC(35) Pacer for Evacuation. Used CSet: 44426K, Free: 49152K, Non-Taxable: 4915K, Alloc Tax Rate: 2.2x
[2021-02-28T14:26:42.360+0300][94.933s][info][gc          ] GC(35) Pause Final Mark (process weakrefs) (unload classes) 0.633ms
[2021-02-28T14:26:42.361+0300][94.933s][info][gc,start    ] GC(35) Concurrent weak roots
[2021-02-28T14:26:42.361+0300][94.933s][info][gc,task     ] GC(35) Using 1 of 3 workers for concurrent weak root
[2021-02-28T14:26:42.390+0300][94.963s][info][gc          ] GC(35) Concurrent weak roots 29.074ms
[2021-02-28T14:26:42.390+0300][94.963s][info][gc,start    ] GC(35) Concurrent cleanup
[2021-02-28T14:26:42.390+0300][94.963s][info][gc          ] GC(35) Concurrent cleanup 965M->965M(1024M) 0.027ms
[2021-02-28T14:26:42.390+0300][94.963s][info][gc,ergo     ] GC(35) Free: 49125K, Max: 512K regular, 48640K humongous, Frag: 0% external, 0% internal; Reserve: 10240K, Max: 512K
[2021-02-28T14:26:42.390+0300][94.963s][info][gc,start    ] GC(35) Concurrent class unloading
[2021-02-28T14:26:42.390+0300][94.963s][info][gc,task     ] GC(35) Using 1 of 3 workers for concurrent class unloading
[2021-02-28T14:26:42.400+0300][94.973s][info][gc          ] GC(35) Concurrent class unloading 10.045ms
[2021-02-28T14:26:42.400+0300][94.973s][info][gc,start    ] GC(35) Concurrent strong roots
[2021-02-28T14:26:42.400+0300][94.973s][info][gc,task     ] GC(35) Using 1 of 3 workers for concurrent strong root
[2021-02-28T14:26:42.400+0300][94.973s][info][gc          ] GC(35) Concurrent strong roots 0.212ms
[2021-02-28T14:26:42.400+0300][94.973s][info][gc,start    ] GC(35) Concurrent evacuation
[2021-02-28T14:26:42.400+0300][94.973s][info][gc,task     ] GC(35) Using 1 of 3 workers for concurrent evacuation
[2021-02-28T14:26:42.410+0300][94.983s][info][gc          ] GC(35) Concurrent evacuation 9.849ms
[2021-02-28T14:26:42.419+0300][94.992s][info][gc,start    ] GC(35) Pause Init Update Refs
[2021-02-28T14:26:42.419+0300][94.992s][info][gc,ergo     ] GC(35) Pacer for Update Refs. Used: 966M, Free: 49125K, Non-Taxable: 4912K, Alloc Tax Rate: 24.6x
[2021-02-28T14:26:42.419+0300][94.992s][info][gc          ] GC(35) Pause Init Update Refs 0.043ms
[2021-02-28T14:26:42.419+0300][94.992s][info][gc,start    ] GC(35) Concurrent update references
[2021-02-28T14:26:42.419+0300][94.992s][info][gc,task     ] GC(35) Using 1 of 3 workers for concurrent reference update
[2021-02-28T14:26:42.940+0300][95.513s][info][gc          ] GC(35) Concurrent update references 520.843ms
[2021-02-28T14:26:42.947+0300][95.520s][info][gc,start    ] GC(35) Pause Final Update Refs
[2021-02-28T14:26:42.947+0300][95.520s][info][gc,task     ] GC(35) Using 3 of 3 workers for final reference update
[2021-02-28T14:26:42.947+0300][95.520s][info][gc          ] GC(35) Pause Final Update Refs 0.235ms
[2021-02-28T14:26:42.947+0300][95.520s][info][gc,start    ] GC(35) Concurrent cleanup
[2021-02-28T14:26:42.947+0300][95.520s][info][gc          ] GC(35) Concurrent cleanup 966M->923M(1024M) 0.053ms
[2021-02-28T14:26:42.947+0300][95.520s][info][gc,ergo     ] Free: 49987K, Max: 512K regular, 49152K humongous, Frag: 0% external, 0% internal; Reserve: 52736K, Max: 512K
[2021-02-28T14:26:42.947+0300][95.520s][info][gc,stats    ] 
[2021-02-28T14:26:42.947+0300][95.520s][info][gc,stats    ] All times are wall-clock times, except per-root-class counters, that are sum over
[2021-02-28T14:26:42.947+0300][95.520s][info][gc,stats    ] all workers. Dividing the <total> over the root stage time estimates parallelism.
[2021-02-28T14:26:42.947+0300][95.520s][info][gc,stats    ] 
[2021-02-28T14:26:42.947+0300][95.520s][info][gc,stats    ] Concurrent Reset                   1172 us
[2021-02-28T14:26:42.947+0300][95.520s][info][gc,stats    ] Pause Init Mark (G)                3396 us
[2021-02-28T14:26:42.947+0300][95.520s][info][gc,stats    ] Pause Init Mark (N)                 304 us
[2021-02-28T14:26:42.947+0300][95.520s][info][gc,stats    ]   Manage TLABs                        3 us
[2021-02-28T14:26:42.947+0300][95.520s][info][gc,stats    ]   Update Region States               94 us
[2021-02-28T14:26:42.947+0300][95.520s][info][gc,stats    ]   Scan Roots                        127 us, parallelism: 0.63x
[2021-02-28T14:26:42.947+0300][95.520s][info][gc,stats    ]     S: <total>                       79 us
[2021-02-28T14:26:42.947+0300][95.520s][info][gc,stats    ]     S: Thread Roots                  76 us, workers (us):  28,  17,  31, 
[2021-02-28T14:26:42.947+0300][95.520s][info][gc,stats    ]     S: Universe Roots                 2 us, workers (us):   2, ---, ---, 
[2021-02-28T14:26:42.947+0300][95.520s][info][gc,stats    ]     S: Synchronizer Roots             0 us, workers (us):   0, ---, ---, 
[2021-02-28T14:26:42.947+0300][95.520s][info][gc,stats    ]     S: Management Roots               1 us, workers (us):   1, ---, ---, 
[2021-02-28T14:26:42.947+0300][95.520s][info][gc,stats    ]     S: JVMTI Roots                    0 us, workers (us):   0, ---, ---, 
[2021-02-28T14:26:42.947+0300][95.520s][info][gc,stats    ] Concurrent Marking              1225971 us
[2021-02-28T14:26:42.947+0300][95.520s][info][gc,stats    ]   Roots                             155 us, parallelism: 0.44x
[2021-02-28T14:26:42.947+0300][95.520s][info][gc,stats    ]     CM: <total>                      68 us
[2021-02-28T14:26:42.947+0300][95.520s][info][gc,stats    ]     CM: JNI Handles Roots             2 us, workers (us):   2, ---, ---, 
[2021-02-28T14:26:42.947+0300][95.520s][info][gc,stats    ]     CM: VM Global Roots               2 us, workers (us):   2, ---, ---, 
[2021-02-28T14:26:42.947+0300][95.520s][info][gc,stats    ]     CM: CLDG Roots                   64 us, workers (us):  64, ---, ---, 
[2021-02-28T14:26:42.947+0300][95.520s][info][gc,stats    ] Concurrent Precleaning              190 us
[2021-02-28T14:26:42.947+0300][95.520s][info][gc,stats    ] Pause Final Mark (G)               8172 us
[2021-02-28T14:26:42.948+0300][95.520s][info][gc,stats    ] Pause Final Mark (N)                646 us
[2021-02-28T14:26:42.948+0300][95.520s][info][gc,stats    ]   Finish Queues                      66 us
[2021-02-28T14:26:42.948+0300][95.520s][info][gc,stats    ]   Weak References                    22 us
[2021-02-28T14:26:42.948+0300][95.520s][info][gc,stats    ]     Process                          18 us
[2021-02-28T14:26:42.948+0300][95.520s][info][gc,stats    ]   System Purge                       95 us
[2021-02-28T14:26:42.948+0300][95.520s][info][gc,stats    ]     Weak Roots                       95 us, parallelism: 0.01x
[2021-02-28T14:26:42.948+0300][95.520s][info][gc,stats    ]       WR: <total>                     1 us
[2021-02-28T14:26:42.948+0300][95.521s][info][gc,stats    ]       WR: JVMTI Weak Roots            0 us, workers (us):   0, ---, ---, 
[2021-02-28T14:26:42.948+0300][95.521s][info][gc,stats    ]       WR: JFR Weak Roots              0 us, workers (us): ---,   0, ---, 
[2021-02-28T14:26:42.948+0300][95.521s][info][gc,stats    ]   Update Region States               95 us
[2021-02-28T14:26:42.948+0300][95.521s][info][gc,stats    ]   Manage GC/TLABs                     3 us
[2021-02-28T14:26:42.948+0300][95.521s][info][gc,stats    ]   Choose Collection Set             121 us
[2021-02-28T14:26:42.948+0300][95.521s][info][gc,stats    ]   Rebuild Free Set                   11 us
[2021-02-28T14:26:42.948+0300][95.521s][info][gc,stats    ]   Initial Evacuation                180 us, parallelism: 0.64x
[2021-02-28T14:26:42.948+0300][95.521s][info][gc,stats    ]     E: <total>                      114 us
[2021-02-28T14:26:42.948+0300][95.521s][info][gc,stats    ]     E: Thread Roots                 108 us, workers (us):  59,  21,  29, 
[2021-02-28T14:26:42.948+0300][95.521s][info][gc,stats    ]     E: Universe Roots                 4 us, workers (us):   4, ---, ---, 
[2021-02-28T14:26:42.948+0300][95.521s][info][gc,stats    ]     E: JVMTI Weak Roots               0 us, workers (us):   0, ---, ---, 
[2021-02-28T14:26:42.948+0300][95.521s][info][gc,stats    ]     E: JFR Weak Roots                 0 us, workers (us):   0, ---, ---, 
[2021-02-28T14:26:42.948+0300][95.521s][info][gc,stats    ]     E: Synchronizer Roots             0 us, workers (us):   0, ---, ---, 
[2021-02-28T14:26:42.948+0300][95.521s][info][gc,stats    ]     E: Management Roots               2 us, workers (us):   2, ---, ---, 
[2021-02-28T14:26:42.948+0300][95.521s][info][gc,stats    ]     E: JVMTI Roots                    0 us, workers (us):   0, ---, ---, 
[2021-02-28T14:26:42.948+0300][95.521s][info][gc,stats    ] Concurrent Weak Roots             29103 us
[2021-02-28T14:26:42.948+0300][95.521s][info][gc,stats    ]   Roots                             515 us, parallelism: 0.34x
[2021-02-28T14:26:42.948+0300][95.521s][info][gc,stats    ]     CWR: <total>                    176 us
[2021-02-28T14:26:42.948+0300][95.521s][info][gc,stats    ]     CWR: JNI Weak Roots               0 us, workers (us):   0, ---, ---, 
[2021-02-28T14:26:42.948+0300][95.521s][info][gc,stats    ]     CWR: String Table Roots         154 us, workers (us): 154, ---, ---, 
[2021-02-28T14:26:42.948+0300][95.521s][info][gc,stats    ]     CWR: Resolved Table Roots        11 us, workers (us):  11, ---, ---, 
[2021-02-28T14:26:42.948+0300][95.521s][info][gc,stats    ]     CWR: VM Weak Roots                7 us, workers (us):   7, ---, ---, 
[2021-02-28T14:26:42.948+0300][95.521s][info][gc,stats    ]     CWR: CLDG Roots                   4 us, workers (us):   4, ---, ---, 
[2021-02-28T14:26:42.948+0300][95.521s][info][gc,stats    ]   Rendezvous                      28484 us
[2021-02-28T14:26:42.948+0300][95.521s][info][gc,stats    ] Concurrent Cleanup                   41 us
[2021-02-28T14:26:42.948+0300][95.521s][info][gc,stats    ] Concurrent Class Unloading        10072 us
[2021-02-28T14:26:42.948+0300][95.521s][info][gc,stats    ]   Unlink Stale                     1341 us
[2021-02-28T14:26:42.948+0300][95.521s][info][gc,stats    ]     System Dictionary                 7 us
[2021-02-28T14:26:42.948+0300][95.521s][info][gc,stats    ]     Weak Class Links                  0 us
[2021-02-28T14:26:42.948+0300][95.521s][info][gc,stats    ]     Code Roots                     1332 us
[2021-02-28T14:26:42.948+0300][95.521s][info][gc,stats    ]   Rendezvous                       8540 us
[2021-02-28T14:26:42.948+0300][95.521s][info][gc,stats    ]   Purge Unlinked                    140 us
[2021-02-28T14:26:42.948+0300][95.521s][info][gc,stats    ]     Code Roots                      140 us
[2021-02-28T14:26:42.948+0300][95.521s][info][gc,stats    ]     CLDG                              0 us
[2021-02-28T14:26:42.948+0300][95.521s][info][gc,stats    ]     Exception Caches                  0 us
[2021-02-28T14:26:42.948+0300][95.521s][info][gc,stats    ] Concurrent Strong Roots             234 us, parallelism: 0.43x
[2021-02-28T14:26:42.948+0300][95.521s][info][gc,stats    ] Rendezvous                          100 us
[2021-02-28T14:26:42.948+0300][95.521s][info][gc,stats    ]   CSR: Universe Roots                 3 us, workers (us):   3, ---, ---, 
[2021-02-28T14:26:42.948+0300][95.521s][info][gc,stats    ]   CSR: Resolved Table Roots           2 us, workers (us):   2, ---, ---, 
[2021-02-28T14:26:42.948+0300][95.521s][info][gc,stats    ]   CSR: Management Roots              95 us, workers (us):  95, ---, ---, 
[2021-02-28T14:26:42.948+0300][95.521s][info][gc,stats    ] Concurrent Evacuation              9873 us
[2021-02-28T14:26:42.948+0300][95.521s][info][gc,stats    ] Pause Init  Update Refs (G)        9013 us
[2021-02-28T14:26:42.948+0300][95.521s][info][gc,stats    ] Pause Init  Update Refs (N)          60 us
[2021-02-28T14:26:42.948+0300][95.521s][info][gc,stats    ]   Manage GCLABs                       2 us
[2021-02-28T14:26:42.948+0300][95.521s][info][gc,stats    ] Concurrent Update Refs           520881 us
[2021-02-28T14:26:42.948+0300][95.521s][info][gc,stats    ] Pause Final Update Refs (G)        7319 us
[2021-02-28T14:26:42.948+0300][95.521s][info][gc,stats    ] Pause Final Update Refs (N)         257 us
[2021-02-28T14:26:42.948+0300][95.521s][info][gc,stats    ]   Update Roots                       89 us, parallelism: 0.55x
[2021-02-28T14:26:42.948+0300][95.521s][info][gc,stats    ]     UR: <total>                      49 us
[2021-02-28T14:26:42.948+0300][95.521s][info][gc,stats    ]     UR: Thread Roots                 49 us, workers (us):  37,  11,   1, 
[2021-02-28T14:26:42.948+0300][95.521s][info][gc,stats    ]   Update Region States               89 us
[2021-02-28T14:26:42.948+0300][95.521s][info][gc,stats    ]   Trash Collection Set                3 us
[2021-02-28T14:26:42.948+0300][95.521s][info][gc,stats    ]   Rebuild Free Set                   12 us
[2021-02-28T14:26:42.948+0300][95.521s][info][gc,stats    ] Concurrent Cleanup                   68 us
[2021-02-28T14:26:42.948+0300][95.521s][info][gc,stats    ] 
[2021-02-28T14:26:42.948+0300][95.521s][info][gc,stats    ] Allocation pacing accrued:
[2021-02-28T14:26:42.948+0300][95.521s][info][gc,stats    ]       0 of  1828 ms (  0.0%): <total>
[2021-02-28T14:26:42.948+0300][95.521s][info][gc,stats    ]       0 of  1828 ms (  0.0%): <average total>
[2021-02-28T14:26:42.948+0300][95.521s][info][gc,stats    ] 
[2021-02-28T14:26:42.948+0300][95.521s][info][gc,metaspace] Metaspace: 7233K(7552K)->7236K(7552K) NonClass: 6468K(6656K)->6471K(6656K) Class: 765K(896K)->765K(896K)
[2021-02-28T14:26:42.948+0300][95.521s][info][gc,ergo     ] Pacer for Idle. Initial: 20971K, Alloc Tax Rate: 1.0x
[2021-02-28T14:26:42.950+0300][95.522s][info][gc          ] Trigger: Free (49943K) is below minimum threshold (102M)
[2021-02-28T14:26:42.950+0300][95.523s][info][gc,ergo     ] Free: 49943K, Max: 512K regular, 49152K humongous, Frag: 0% external, 0% internal; Reserve: 52736K, Max: 512K
[2021-02-28T14:26:42.950+0300][95.523s][info][gc,start    ] GC(36) Concurrent reset
[2021-02-28T14:26:42.950+0300][95.523s][info][gc,task     ] GC(36) Using 1 of 3 workers for concurrent reset
[2021-02-28T14:26:42.950+0300][95.523s][info][gc,ergo     ] GC(36) Pacer for Reset. Non-Taxable: 1024M
[2021-02-28T14:26:42.951+0300][95.524s][info][gc          ] GC(36) Concurrent reset 1.125ms
[2021-02-28T14:26:42.954+0300][95.527s][info][gc,start    ] GC(36) Pause Init Mark (unload classes)
[2021-02-28T14:26:42.954+0300][95.527s][info][gc,task     ] GC(36) Using 3 of 3 workers for init marking
[2021-02-28T14:26:42.954+0300][95.527s][info][gc,ergo     ] GC(36) Pacer for Mark. Expected Live: 922M, Free: 49943K, Non-Taxable: 4994K, Alloc Tax Rate: 23.1x
[2021-02-28T14:26:42.954+0300][95.527s][info][gc          ] GC(36) Pause Init Mark (unload classes) 0.257ms
[2021-02-28T14:26:42.954+0300][95.527s][info][gc,start    ] GC(36) Concurrent marking (unload classes)
[2021-02-28T14:26:42.954+0300][95.527s][info][gc,task     ] GC(36) Using 1 of 3 workers for concurrent marking
[2021-02-28T14:26:44.203+0300][96.776s][info][gc          ] GC(36) Concurrent marking (unload classes) 1248.768ms
[2021-02-28T14:26:44.218+0300][96.791s][info][gc,start    ] GC(36) Pause Final Mark (unload classes)
[2021-02-28T14:26:44.218+0300][96.791s][info][gc,task     ] GC(36) Using 3 of 3 workers for final marking
[2021-02-28T14:26:44.218+0300][96.791s][info][gc,ergo     ] GC(36) Adaptive CSet Selection. Target Free: 145M, Actual Free: 101888K, Max CSet: 43690K, Min Garbage: 46660K
[2021-02-28T14:26:44.218+0300][96.791s][info][gc,ergo     ] GC(36) Collectable Garbage: 838K (94%), Immediate: 0B (0%), CSet: 838K (94%)
[2021-02-28T14:26:44.218+0300][96.791s][info][gc,ergo     ] GC(36) Pacer for Evacuation. Used CSet: 44443K, Free: 49152K, Non-Taxable: 4915K, Alloc Tax Rate: 2.2x
[2021-02-28T14:26:44.218+0300][96.791s][info][gc          ] GC(36) Pause Final Mark (unload classes) 0.580ms
[2021-02-28T14:26:44.218+0300][96.791s][info][gc,start    ] GC(36) Concurrent weak roots
[2021-02-28T14:26:44.218+0300][96.791s][info][gc,task     ] GC(36) Using 1 of 3 workers for concurrent weak root
[2021-02-28T14:26:44.248+0300][96.820s][info][gc          ] GC(36) Concurrent weak roots 29.211ms
[2021-02-28T14:26:44.248+0300][96.820s][info][gc,start    ] GC(36) Concurrent cleanup
[2021-02-28T14:26:44.248+0300][96.821s][info][gc          ] GC(36) Concurrent cleanup 965M->965M(1024M) 0.028ms
[2021-02-28T14:26:44.248+0300][96.821s][info][gc,ergo     ] GC(36) Free: 49125K, Max: 512K regular, 48640K humongous, Frag: 0% external, 0% internal; Reserve: 10240K, Max: 512K
[2021-02-28T14:26:44.248+0300][96.821s][info][gc,start    ] GC(36) Concurrent class unloading
[2021-02-28T14:26:44.248+0300][96.821s][info][gc,task     ] GC(36) Using 1 of 3 workers for concurrent class unloading
[2021-02-28T14:26:44.258+0300][96.831s][info][gc          ] GC(36) Concurrent class unloading 10.076ms
[2021-02-28T14:26:44.258+0300][96.831s][info][gc,start    ] GC(36) Concurrent strong roots
[2021-02-28T14:26:44.258+0300][96.831s][info][gc,task     ] GC(36) Using 1 of 3 workers for concurrent strong root
[2021-02-28T14:26:44.258+0300][96.831s][info][gc          ] GC(36) Concurrent strong roots 0.214ms
[2021-02-28T14:26:44.258+0300][96.831s][info][gc,start    ] GC(36) Concurrent evacuation
[2021-02-28T14:26:44.258+0300][96.831s][info][gc,task     ] GC(36) Using 1 of 3 workers for concurrent evacuation
[2021-02-28T14:26:44.268+0300][96.841s][info][gc          ] GC(36) Concurrent evacuation 9.843ms
[2021-02-28T14:26:44.277+0300][96.850s][info][gc,start    ] GC(36) Pause Init Update Refs
[2021-02-28T14:26:44.277+0300][96.850s][info][gc,ergo     ] GC(36) Pacer for Update Refs. Used: 966M, Free: 49125K, Non-Taxable: 4912K, Alloc Tax Rate: 24.6x
[2021-02-28T14:26:44.277+0300][96.850s][info][gc          ] GC(36) Pause Init Update Refs 0.043ms
[2021-02-28T14:26:44.277+0300][96.850s][info][gc,start    ] GC(36) Concurrent update references
[2021-02-28T14:26:44.277+0300][96.850s][info][gc,task     ] GC(36) Using 1 of 3 workers for concurrent reference update
[2021-02-28T14:26:44.792+0300][97.364s][info][gc          ] GC(36) Concurrent update references 514.457ms
[2021-02-28T14:26:44.802+0300][97.374s][info][gc,start    ] GC(36) Pause Final Update Refs
[2021-02-28T14:26:44.802+0300][97.374s][info][gc,task     ] GC(36) Using 3 of 3 workers for final reference update
[2021-02-28T14:26:44.802+0300][97.374s][info][gc          ] GC(36) Pause Final Update Refs 0.268ms
[2021-02-28T14:26:44.802+0300][97.374s][info][gc,start    ] GC(36) Concurrent cleanup
[2021-02-28T14:26:44.802+0300][97.374s][info][gc          ] GC(36) Concurrent cleanup 966M->923M(1024M) 0.046ms
[2021-02-28T14:26:44.802+0300][97.374s][info][gc,ergo     ] Free: 50086K, Max: 512K regular, 48640K humongous, Frag: 2% external, 0% internal; Reserve: 52736K, Max: 512K
[2021-02-28T14:26:44.802+0300][97.374s][info][gc,stats    ] 
[2021-02-28T14:26:44.802+0300][97.374s][info][gc,stats    ] All times are wall-clock times, except per-root-class counters, that are sum over
[2021-02-28T14:26:44.802+0300][97.375s][info][gc,stats    ] all workers. Dividing the <total> over the root stage time estimates parallelism.
[2021-02-28T14:26:44.802+0300][97.375s][info][gc,stats    ] 
[2021-02-28T14:26:44.802+0300][97.375s][info][gc,stats    ] Concurrent Reset                   1177 us
[2021-02-28T14:26:44.802+0300][97.375s][info][gc,stats    ] Pause Init Mark (G)                3265 us
[2021-02-28T14:26:44.802+0300][97.375s][info][gc,stats    ] Pause Init Mark (N)                 271 us
[2021-02-28T14:26:44.802+0300][97.375s][info][gc,stats    ]   Manage TLABs                        3 us
[2021-02-28T14:26:44.802+0300][97.375s][info][gc,stats    ]   Update Region States               86 us
[2021-02-28T14:26:44.802+0300][97.375s][info][gc,stats    ]   Scan Roots                         95 us, parallelism: 0.82x
[2021-02-28T14:26:44.802+0300][97.375s][info][gc,stats    ]     S: <total>                       77 us
[2021-02-28T14:26:44.802+0300][97.375s][info][gc,stats    ]     S: Thread Roots                  74 us, workers (us):  50,  16,   7, 
[2021-02-28T14:26:44.802+0300][97.375s][info][gc,stats    ]     S: Universe Roots                 2 us, workers (us):   2, ---, ---, 
[2021-02-28T14:26:44.802+0300][97.375s][info][gc,stats    ]     S: Synchronizer Roots             0 us, workers (us):   0, ---, ---, 
[2021-02-28T14:26:44.802+0300][97.375s][info][gc,stats    ]     S: Management Roots               1 us, workers (us):   1, ---, ---, 
[2021-02-28T14:26:44.802+0300][97.375s][info][gc,stats    ]     S: JVMTI Roots                    0 us, workers (us):   0, ---, ---, 
[2021-02-28T14:26:44.802+0300][97.375s][info][gc,stats    ] Concurrent Marking              1248804 us
[2021-02-28T14:26:44.802+0300][97.375s][info][gc,stats    ]   Roots                             153 us, parallelism: 0.47x
[2021-02-28T14:26:44.802+0300][97.375s][info][gc,stats    ]     CM: <total>                      72 us
[2021-02-28T14:26:44.802+0300][97.375s][info][gc,stats    ]     CM: JNI Handles Roots             2 us, workers (us):   2, ---, ---, 
[2021-02-28T14:26:44.802+0300][97.375s][info][gc,stats    ]     CM: VM Global Roots               2 us, workers (us):   2, ---, ---, 
[2021-02-28T14:26:44.802+0300][97.375s][info][gc,stats    ]     CM: CLDG Roots                   68 us, workers (us):  68, ---, ---, 
[2021-02-28T14:26:44.802+0300][97.375s][info][gc,stats    ] Pause Final Mark (G)              15456 us
[2021-02-28T14:26:44.803+0300][97.375s][info][gc,stats    ] Pause Final Mark (N)                593 us
[2021-02-28T14:26:44.803+0300][97.375s][info][gc,stats    ]   Finish Queues                      89 us
[2021-02-28T14:26:44.803+0300][97.375s][info][gc,stats    ]   System Purge                       82 us
[2021-02-28T14:26:44.803+0300][97.375s][info][gc,stats    ]     Weak Roots                       82 us, parallelism: 0.01x
[2021-02-28T14:26:44.803+0300][97.375s][info][gc,stats    ]       WR: <total>                     1 us
[2021-02-28T14:26:44.803+0300][97.375s][info][gc,stats    ]       WR: JVMTI Weak Roots            0 us, workers (us):   0, ---, ---, 
[2021-02-28T14:26:44.803+0300][97.375s][info][gc,stats    ]       WR: JFR Weak Roots              0 us, workers (us):   0, ---, ---, 
[2021-02-28T14:26:44.803+0300][97.375s][info][gc,stats    ]   Update Region States               77 us
[2021-02-28T14:26:44.803+0300][97.375s][info][gc,stats    ]   Manage GC/TLABs                     3 us
[2021-02-28T14:26:44.803+0300][97.375s][info][gc,stats    ]   Choose Collection Set             122 us
[2021-02-28T14:26:44.803+0300][97.375s][info][gc,stats    ]   Rebuild Free Set                   11 us
[2021-02-28T14:26:44.803+0300][97.375s][info][gc,stats    ]   Initial Evacuation                153 us, parallelism: 0.74x
[2021-02-28T14:26:44.803+0300][97.375s][info][gc,stats    ]     E: <total>                      113 us
[2021-02-28T14:26:44.803+0300][97.375s][info][gc,stats    ]     E: Thread Roots                 106 us, workers (us):  59,  38,  10, 
[2021-02-28T14:26:44.803+0300][97.375s][info][gc,stats    ]     E: Universe Roots                 4 us, workers (us):   4, ---, ---, 
[2021-02-28T14:26:44.803+0300][97.375s][info][gc,stats    ]     E: JVMTI Weak Roots               0 us, workers (us): ---,   0, ---, 
[2021-02-28T14:26:44.803+0300][97.375s][info][gc,stats    ]     E: JFR Weak Roots                 0 us, workers (us): ---,   0, ---, 
[2021-02-28T14:26:44.803+0300][97.375s][info][gc,stats    ]     E: Synchronizer Roots             0 us, workers (us): ---,   0, ---, 
[2021-02-28T14:26:44.803+0300][97.375s][info][gc,stats    ]     E: Management Roots               3 us, workers (us): ---,   3, ---, 
[2021-02-28T14:26:44.803+0300][97.375s][info][gc,stats    ]     E: JVMTI Roots                    0 us, workers (us): ---,   0, ---, 
[2021-02-28T14:26:44.803+0300][97.375s][info][gc,stats    ] Concurrent Weak Roots             29243 us
[2021-02-28T14:26:44.803+0300][97.375s][info][gc,stats    ]   Roots                             540 us, parallelism: 0.39x
[2021-02-28T14:26:44.803+0300][97.375s][info][gc,stats    ]     CWR: <total>                    210 us
[2021-02-28T14:26:44.803+0300][97.375s][info][gc,stats    ]     CWR: JNI Weak Roots               0 us, workers (us):   0, ---, ---, 
[2021-02-28T14:26:44.803+0300][97.375s][info][gc,stats    ]     CWR: String Table Roots         186 us, workers (us): 186, ---, ---, 
[2021-02-28T14:26:44.803+0300][97.375s][info][gc,stats    ]     CWR: Resolved Table Roots        11 us, workers (us):  11, ---, ---, 
[2021-02-28T14:26:44.803+0300][97.375s][info][gc,stats    ]     CWR: VM Weak Roots                7 us, workers (us):   7, ---, ---, 
[2021-02-28T14:26:44.803+0300][97.375s][info][gc,stats    ]     CWR: CLDG Roots                   5 us, workers (us):   5, ---, ---, 
[2021-02-28T14:26:44.803+0300][97.375s][info][gc,stats    ]   Rendezvous                      28618 us
[2021-02-28T14:26:44.803+0300][97.375s][info][gc,stats    ] Concurrent Cleanup                   42 us
[2021-02-28T14:26:44.803+0300][97.375s][info][gc,stats    ] Concurrent Class Unloading        10102 us
[2021-02-28T14:26:44.803+0300][97.375s][info][gc,stats    ]   Unlink Stale                     1331 us
[2021-02-28T14:26:44.803+0300][97.375s][info][gc,stats    ]     System Dictionary                 9 us
[2021-02-28T14:26:44.803+0300][97.375s][info][gc,stats    ]     Weak Class Links                  0 us
[2021-02-28T14:26:44.803+0300][97.375s][info][gc,stats    ]     Code Roots                     1322 us
[2021-02-28T14:26:44.803+0300][97.375s][info][gc,stats    ]   Rendezvous                       8577 us
[2021-02-28T14:26:44.803+0300][97.375s][info][gc,stats    ]   Purge Unlinked                    142 us
[2021-02-28T14:26:44.803+0300][97.375s][info][gc,stats    ]     Code Roots                      142 us
[2021-02-28T14:26:44.803+0300][97.375s][info][gc,stats    ]     CLDG                              0 us
[2021-02-28T14:26:44.803+0300][97.375s][info][gc,stats    ]     Exception Caches                  0 us
[2021-02-28T14:26:44.803+0300][97.375s][info][gc,stats    ] Concurrent Strong Roots             236 us, parallelism: 0.42x
[2021-02-28T14:26:44.803+0300][97.375s][info][gc,stats    ] Rendezvous                          100 us
[2021-02-28T14:26:44.803+0300][97.375s][info][gc,stats    ]   CSR: Universe Roots                 3 us, workers (us):   3, ---, ---, 
[2021-02-28T14:26:44.803+0300][97.375s][info][gc,stats    ]   CSR: Resolved Table Roots           2 us, workers (us):   2, ---, ---, 
[2021-02-28T14:26:44.803+0300][97.375s][info][gc,stats    ]   CSR: Management Roots              95 us, workers (us):  95, ---, ---, 
[2021-02-28T14:26:44.803+0300][97.375s][info][gc,stats    ] Concurrent Evacuation              9867 us
[2021-02-28T14:26:44.803+0300][97.375s][info][gc,stats    ] Pause Init  Update Refs (G)        9096 us
[2021-02-28T14:26:44.803+0300][97.375s][info][gc,stats    ] Pause Init  Update Refs (N)          55 us
[2021-02-28T14:26:44.803+0300][97.375s][info][gc,stats    ]   Manage GCLABs                       2 us
[2021-02-28T14:26:44.803+0300][97.375s][info][gc,stats    ] Concurrent Update Refs           514495 us
[2021-02-28T14:26:44.803+0300][97.375s][info][gc,stats    ] Pause Final Update Refs (G)       10020 us
[2021-02-28T14:26:44.803+0300][97.375s][info][gc,stats    ] Pause Final Update Refs (N)         294 us
[2021-02-28T14:26:44.803+0300][97.375s][info][gc,stats    ]   Update Roots                      111 us, parallelism: 0.50x
[2021-02-28T14:26:44.803+0300][97.375s][info][gc,stats    ]     UR: <total>                      56 us
[2021-02-28T14:26:44.803+0300][97.375s][info][gc,stats    ]     UR: Thread Roots                 56 us, workers (us):  34,  12,  10, 
[2021-02-28T14:26:44.803+0300][97.375s][info][gc,stats    ]   Update Region States               97 us
[2021-02-28T14:26:44.803+0300][97.375s][info][gc,stats    ]   Trash Collection Set                3 us
[2021-02-28T14:26:44.803+0300][97.375s][info][gc,stats    ]   Rebuild Free Set                   11 us
[2021-02-28T14:26:44.803+0300][97.375s][info][gc,stats    ] Concurrent Cleanup                   62 us
[2021-02-28T14:26:44.803+0300][97.375s][info][gc,stats    ] 
[2021-02-28T14:26:44.803+0300][97.375s][info][gc,stats    ] Allocation pacing accrued:
[2021-02-28T14:26:44.803+0300][97.375s][info][gc,stats    ]       0 of  1854 ms (  0.0%): <total>
[2021-02-28T14:26:44.803+0300][97.375s][info][gc,stats    ]       0 of  1854 ms (  0.0%): <average total>
[2021-02-28T14:26:44.803+0300][97.375s][info][gc,stats    ] 
[2021-02-28T14:26:44.803+0300][97.375s][info][gc,metaspace] Metaspace: 7236K(7552K)->7236K(7552K) NonClass: 6471K(6656K)->6471K(6656K) Class: 765K(896K)->765K(896K)
[2021-02-28T14:26:44.803+0300][97.376s][info][gc,ergo     ] Pacer for Idle. Initial: 20971K, Alloc Tax Rate: 1.0x
[2021-02-28T14:26:44.810+0300][97.382s][info][gc          ] Trigger: Free (50011K) is below minimum threshold (102M)
[2021-02-28T14:26:44.810+0300][97.382s][info][gc,ergo     ] Free: 50011K, Max: 512K regular, 48640K humongous, Frag: 2% external, 0% internal; Reserve: 52736K, Max: 512K
[2021-02-28T14:26:44.810+0300][97.382s][info][gc,start    ] GC(37) Concurrent reset
[2021-02-28T14:26:44.810+0300][97.382s][info][gc,task     ] GC(37) Using 1 of 3 workers for concurrent reset
[2021-02-28T14:26:44.810+0300][97.382s][info][gc,ergo     ] GC(37) Pacer for Reset. Non-Taxable: 1024M
[2021-02-28T14:26:44.810+0300][97.383s][info][gc          ] GC(37) Concurrent reset 1.297ms
[2021-02-28T14:26:44.811+0300][97.384s][info][gc,start    ] GC(37) Pause Init Mark (unload classes)
[2021-02-28T14:26:44.811+0300][97.384s][info][gc,task     ] GC(37) Using 3 of 3 workers for init marking
[2021-02-28T14:26:44.811+0300][97.385s][info][gc,ergo     ] GC(37) Pacer for Mark. Expected Live: 922M, Free: 49940K, Non-Taxable: 4994K, Alloc Tax Rate: 23.1x
[2021-02-28T14:26:44.811+0300][97.385s][info][gc          ] GC(37) Pause Init Mark (unload classes) 0.298ms
[2021-02-28T14:26:44.812+0300][97.385s][info][gc,start    ] GC(37) Concurrent marking (unload classes)
[2021-02-28T14:26:44.812+0300][97.385s][info][gc,task     ] GC(37) Using 1 of 3 workers for concurrent marking
[2021-02-28T14:26:46.043+0300][98.616s][info][gc          ] GC(37) Concurrent marking (unload classes) 1231.578ms
[2021-02-28T14:26:46.048+0300][98.620s][info][gc,start    ] GC(37) Pause Final Mark (unload classes)
[2021-02-28T14:26:46.048+0300][98.620s][info][gc,task     ] GC(37) Using 3 of 3 workers for final marking
[2021-02-28T14:26:46.048+0300][98.620s][info][gc,ergo     ] GC(37) Adaptive CSet Selection. Target Free: 145M, Actual Free: 101888K, Max CSet: 43690K, Min Garbage: 46660K
[2021-02-28T14:26:46.048+0300][98.620s][info][gc,ergo     ] GC(37) Collectable Garbage: 821K (94%), Immediate: 0B (0%), CSet: 821K (94%)
[2021-02-28T14:26:46.048+0300][98.621s][info][gc,ergo     ] GC(37) Pacer for Evacuation. Used CSet: 44429K, Free: 49152K, Non-Taxable: 4915K, Alloc Tax Rate: 2.2x
[2021-02-28T14:26:46.048+0300][98.621s][info][gc          ] GC(37) Pause Final Mark (unload classes) 0.659ms
[2021-02-28T14:26:46.048+0300][98.621s][info][gc,start    ] GC(37) Concurrent weak roots
[2021-02-28T14:26:46.048+0300][98.621s][info][gc,task     ] GC(37) Using 1 of 3 workers for concurrent weak root
[2021-02-28T14:26:46.078+0300][98.650s][info][gc          ] GC(37) Concurrent weak roots 29.110ms
[2021-02-28T14:26:46.078+0300][98.650s][info][gc,start    ] GC(37) Concurrent cleanup
[2021-02-28T14:26:46.078+0300][98.650s][info][gc          ] GC(37) Concurrent cleanup 964M->964M(1024M) 0.028ms
[2021-02-28T14:26:46.078+0300][98.650s][info][gc,ergo     ] GC(37) Free: 49125K, Max: 512K regular, 48640K humongous, Frag: 0% external, 0% internal; Reserve: 10752K, Max: 512K
[2021-02-28T14:26:46.078+0300][98.650s][info][gc,start    ] GC(37) Concurrent class unloading
[2021-02-28T14:26:46.078+0300][98.650s][info][gc,task     ] GC(37) Using 1 of 3 workers for concurrent class unloading
[2021-02-28T14:26:46.088+0300][98.660s][info][gc          ] GC(37) Concurrent class unloading 10.011ms
[2021-02-28T14:26:46.088+0300][98.660s][info][gc,start    ] GC(37) Concurrent strong roots
[2021-02-28T14:26:46.088+0300][98.660s][info][gc,task     ] GC(37) Using 1 of 3 workers for concurrent strong root
[2021-02-28T14:26:46.088+0300][98.660s][info][gc          ] GC(37) Concurrent strong roots 0.208ms
[2021-02-28T14:26:46.088+0300][98.660s][info][gc,start    ] GC(37) Concurrent evacuation
[2021-02-28T14:26:46.088+0300][98.660s][info][gc,task     ] GC(37) Using 1 of 3 workers for concurrent evacuation
[2021-02-28T14:26:46.098+0300][98.670s][info][gc          ] GC(37) Concurrent evacuation 10.082ms
[2021-02-28T14:26:46.106+0300][98.678s][info][gc,start    ] GC(37) Pause Init Update Refs
[2021-02-28T14:26:46.106+0300][98.678s][info][gc,ergo     ] GC(37) Pacer for Update Refs. Used: 967M, Free: 49125K, Non-Taxable: 4912K, Alloc Tax Rate: 24.6x
[2021-02-28T14:26:46.106+0300][98.678s][info][gc          ] GC(37) Pause Init Update Refs 0.041ms
[2021-02-28T14:26:46.106+0300][98.678s][info][gc,start    ] GC(37) Concurrent update references
[2021-02-28T14:26:46.106+0300][98.678s][info][gc,task     ] GC(37) Using 1 of 3 workers for concurrent reference update
[2021-02-28T14:26:46.639+0300][99.212s][info][gc          ] GC(37) Concurrent update references 533.795ms
[2021-02-28T14:26:46.644+0300][99.217s][info][gc,start    ] GC(37) Pause Final Update Refs
[2021-02-28T14:26:46.644+0300][99.217s][info][gc,task     ] GC(37) Using 3 of 3 workers for final reference update
[2021-02-28T14:26:46.644+0300][99.217s][info][gc          ] GC(37) Pause Final Update Refs 0.175ms
[2021-02-28T14:26:46.644+0300][99.217s][info][gc,start    ] GC(37) Concurrent cleanup
[2021-02-28T14:26:46.644+0300][99.217s][info][gc          ] GC(37) Concurrent cleanup 966M->923M(1024M) 0.042ms
[2021-02-28T14:26:46.644+0300][99.217s][info][gc,ergo     ] Free: 49611K, Max: 512K regular, 48640K humongous, Frag: 0% external, 0% internal; Reserve: 52736K, Max: 512K
[2021-02-28T14:26:46.644+0300][99.217s][info][gc,stats    ] 
[2021-02-28T14:26:46.644+0300][99.217s][info][gc,stats    ] All times are wall-clock times, except per-root-class counters, that are sum over
[2021-02-28T14:26:46.644+0300][99.217s][info][gc,stats    ] all workers. Dividing the <total> over the root stage time estimates parallelism.
[2021-02-28T14:26:46.644+0300][99.217s][info][gc,stats    ] 
[2021-02-28T14:26:46.644+0300][99.217s][info][gc,stats    ] Concurrent Reset                   1351 us
[2021-02-28T14:26:46.644+0300][99.217s][info][gc,stats    ] Pause Init Mark (G)                1463 us
[2021-02-28T14:26:46.644+0300][99.217s][info][gc,stats    ] Pause Init Mark (N)                 312 us
[2021-02-28T14:26:46.644+0300][99.217s][info][gc,stats    ]   Manage TLABs                        3 us
[2021-02-28T14:26:46.644+0300][99.217s][info][gc,stats    ]   Update Region States               96 us
[2021-02-28T14:26:46.644+0300][99.217s][info][gc,stats    ]   Scan Roots                        132 us, parallelism: 0.62x
[2021-02-28T14:26:46.644+0300][99.217s][info][gc,stats    ]     S: <total>                       81 us
[2021-02-28T14:26:46.644+0300][99.217s][info][gc,stats    ]     S: Thread Roots                  78 us, workers (us):  31,  31,  16, 
[2021-02-28T14:26:46.644+0300][99.217s][info][gc,stats    ]     S: Universe Roots                 2 us, workers (us):   2, ---, ---, 
[2021-02-28T14:26:46.644+0300][99.217s][info][gc,stats    ]     S: Synchronizer Roots             0 us, workers (us):   0, ---, ---, 
[2021-02-28T14:26:46.644+0300][99.217s][info][gc,stats    ]     S: Management Roots               1 us, workers (us):   1, ---, ---, 
[2021-02-28T14:26:46.644+0300][99.217s][info][gc,stats    ]     S: JVMTI Roots                    0 us, workers (us):   0, ---, ---, 
[2021-02-28T14:26:46.644+0300][99.217s][info][gc,stats    ] Concurrent Marking              1231614 us
[2021-02-28T14:26:46.644+0300][99.217s][info][gc,stats    ]   Roots                             152 us, parallelism: 0.44x
[2021-02-28T14:26:46.644+0300][99.217s][info][gc,stats    ]     CM: <total>                      67 us
[2021-02-28T14:26:46.644+0300][99.217s][info][gc,stats    ]     CM: JNI Handles Roots             1 us, workers (us):   1, ---, ---, 
[2021-02-28T14:26:46.644+0300][99.217s][info][gc,stats    ]     CM: VM Global Roots               2 us, workers (us):   2, ---, ---, 
[2021-02-28T14:26:46.644+0300][99.217s][info][gc,stats    ]     CM: CLDG Roots                   64 us, workers (us):  64, ---, ---, 
[2021-02-28T14:26:46.644+0300][99.217s][info][gc,stats    ] Pause Final Mark (G)               4336 us
[2021-02-28T14:26:46.644+0300][99.218s][info][gc,stats    ] Pause Final Mark (N)                673 us
[2021-02-28T14:26:46.644+0300][99.218s][info][gc,stats    ]   Finish Queues                     103 us
[2021-02-28T14:26:46.644+0300][99.218s][info][gc,stats    ]   System Purge                      101 us
[2021-02-28T14:26:46.644+0300][99.218s][info][gc,stats    ]     Weak Roots                      100 us, parallelism: 0.01x
[2021-02-28T14:26:46.644+0300][99.218s][info][gc,stats    ]       WR: <total>                     1 us
[2021-02-28T14:26:46.644+0300][99.218s][info][gc,stats    ]       WR: JVMTI Weak Roots            0 us, workers (us):   0, ---, ---, 
[2021-02-28T14:26:46.644+0300][99.218s][info][gc,stats    ]       WR: JFR Weak Roots              0 us, workers (us):   0, ---, ---, 
[2021-02-28T14:26:46.644+0300][99.218s][info][gc,stats    ]   Update Region States               97 us
[2021-02-28T14:26:46.644+0300][99.218s][info][gc,stats    ]   Manage GC/TLABs                     3 us
[2021-02-28T14:26:46.644+0300][99.218s][info][gc,stats    ]   Choose Collection Set             125 us
[2021-02-28T14:26:46.644+0300][99.218s][info][gc,stats    ]   Rebuild Free Set                   10 us
[2021-02-28T14:26:46.644+0300][99.218s][info][gc,stats    ]   Initial Evacuation                179 us, parallelism: 0.65x
[2021-02-28T14:26:46.644+0300][99.218s][info][gc,stats    ]     E: <total>                      116 us
[2021-02-28T14:26:46.644+0300][99.218s][info][gc,stats    ]     E: Thread Roots                 109 us, workers (us):  34,  48,  28, 
[2021-02-28T14:26:46.644+0300][99.218s][info][gc,stats    ]     E: Universe Roots                 4 us, workers (us):   4, ---, ---, 
[2021-02-28T14:26:46.644+0300][99.218s][info][gc,stats    ]     E: JVMTI Weak Roots               0 us, workers (us):   0, ---, ---, 
[2021-02-28T14:26:46.644+0300][99.218s][info][gc,stats    ]     E: JFR Weak Roots                 0 us, workers (us):   0, ---, ---, 
[2021-02-28T14:26:46.644+0300][99.218s][info][gc,stats    ]     E: Synchronizer Roots             0 us, workers (us):   0, ---, ---, 
[2021-02-28T14:26:46.645+0300][99.218s][info][gc,stats    ]     E: Management Roots               2 us, workers (us):   2, ---, ---, 
[2021-02-28T14:26:46.645+0300][99.218s][info][gc,stats    ]     E: JVMTI Roots                    0 us, workers (us):   0, ---, ---, 
[2021-02-28T14:26:46.645+0300][99.218s][info][gc,stats    ] Concurrent Weak Roots             29142 us
[2021-02-28T14:26:46.645+0300][99.218s][info][gc,stats    ]   Roots                             514 us, parallelism: 0.42x
[2021-02-28T14:26:46.645+0300][99.218s][info][gc,stats    ]     CWR: <total>                    216 us
[2021-02-28T14:26:46.645+0300][99.218s][info][gc,stats    ]     CWR: JNI Weak Roots               0 us, workers (us):   0, ---, ---, 
[2021-02-28T14:26:46.645+0300][99.218s][info][gc,stats    ]     CWR: String Table Roots         194 us, workers (us): 194, ---, ---, 
[2021-02-28T14:26:46.645+0300][99.218s][info][gc,stats    ]     CWR: Resolved Table Roots        11 us, workers (us):  11, ---, ---, 
[2021-02-28T14:26:46.645+0300][99.218s][info][gc,stats    ]     CWR: VM Weak Roots                7 us, workers (us):   7, ---, ---, 
[2021-02-28T14:26:46.645+0300][99.218s][info][gc,stats    ]     CWR: CLDG Roots                   4 us, workers (us):   4, ---, ---, 
[2021-02-28T14:26:46.645+0300][99.218s][info][gc,stats    ]   Rendezvous                      28545 us
[2021-02-28T14:26:46.645+0300][99.218s][info][gc,stats    ] Concurrent Cleanup                   41 us
[2021-02-28T14:26:46.645+0300][99.218s][info][gc,stats    ] Concurrent Class Unloading        10035 us
[2021-02-28T14:26:46.645+0300][99.218s][info][gc,stats    ]   Unlink Stale                     1344 us
[2021-02-28T14:26:46.645+0300][99.218s][info][gc,stats    ]     System Dictionary                 8 us
[2021-02-28T14:26:46.645+0300][99.218s][info][gc,stats    ]     Weak Class Links                  0 us
[2021-02-28T14:26:46.645+0300][99.218s][info][gc,stats    ]     Code Roots                     1335 us
[2021-02-28T14:26:46.645+0300][99.218s][info][gc,stats    ]   Rendezvous                       8510 us
[2021-02-28T14:26:46.645+0300][99.218s][info][gc,stats    ]   Purge Unlinked                    132 us
[2021-02-28T14:26:46.645+0300][99.218s][info][gc,stats    ]     Code Roots                      132 us
[2021-02-28T14:26:46.645+0300][99.218s][info][gc,stats    ]     CLDG                              0 us
[2021-02-28T14:26:46.645+0300][99.218s][info][gc,stats    ]     Exception Caches                  0 us
[2021-02-28T14:26:46.645+0300][99.218s][info][gc,stats    ] Concurrent Strong Roots             231 us, parallelism: 0.43x
[2021-02-28T14:26:46.645+0300][99.218s][info][gc,stats    ] Rendezvous                          100 us
[2021-02-28T14:26:46.645+0300][99.218s][info][gc,stats    ]   CSR: Universe Roots                 3 us, workers (us):   3, ---, ---, 
[2021-02-28T14:26:46.645+0300][99.218s][info][gc,stats    ]   CSR: Resolved Table Roots           2 us, workers (us):   2, ---, ---, 
[2021-02-28T14:26:46.645+0300][99.218s][info][gc,stats    ]   CSR: Management Roots              96 us, workers (us):  96, ---, ---, 
[2021-02-28T14:26:46.645+0300][99.218s][info][gc,stats    ] Concurrent Evacuation             10107 us
[2021-02-28T14:26:46.645+0300][99.218s][info][gc,stats    ] Pause Init  Update Refs (G)        7834 us
[2021-02-28T14:26:46.645+0300][99.218s][info][gc,stats    ] Pause Init  Update Refs (N)          53 us
[2021-02-28T14:26:46.645+0300][99.218s][info][gc,stats    ]   Manage GCLABs                       2 us
[2021-02-28T14:26:46.645+0300][99.218s][info][gc,stats    ] Concurrent Update Refs           533834 us
[2021-02-28T14:26:46.645+0300][99.218s][info][gc,stats    ] Pause Final Update Refs (G)        5168 us
[2021-02-28T14:26:46.645+0300][99.218s][info][gc,stats    ] Pause Final Update Refs (N)         195 us
[2021-02-28T14:26:46.645+0300][99.218s][info][gc,stats    ]   Update Roots                       65 us, parallelism: 0.81x
[2021-02-28T14:26:46.645+0300][99.218s][info][gc,stats    ]     UR: <total>                      53 us
[2021-02-28T14:26:46.645+0300][99.218s][info][gc,stats    ]     UR: Thread Roots                 53 us, workers (us):  39,  14,   1, 
[2021-02-28T14:26:46.645+0300][99.218s][info][gc,stats    ]   Update Region States               51 us
[2021-02-28T14:26:46.645+0300][99.218s][info][gc,stats    ]   Trash Collection Set                3 us
[2021-02-28T14:26:46.645+0300][99.218s][info][gc,stats    ]   Rebuild Free Set                   12 us
[2021-02-28T14:26:46.645+0300][99.218s][info][gc,stats    ] Concurrent Cleanup                   59 us
[2021-02-28T14:26:46.645+0300][99.218s][info][gc,stats    ] 
[2021-02-28T14:26:46.645+0300][99.218s][info][gc,stats    ] Allocation pacing accrued:
[2021-02-28T14:26:46.645+0300][99.218s][info][gc,stats    ]       0 of  1843 ms (  0.0%): <total>
[2021-02-28T14:26:46.645+0300][99.218s][info][gc,stats    ]       0 of  1843 ms (  0.0%): <average total>
[2021-02-28T14:26:46.645+0300][99.218s][info][gc,stats    ] 
[2021-02-28T14:26:46.645+0300][99.218s][info][gc,metaspace] Metaspace: 7236K(7552K)->7237K(7552K) NonClass: 6471K(6656K)->6472K(6656K) Class: 765K(896K)->765K(896K)
[2021-02-28T14:26:46.645+0300][99.218s][info][gc,ergo     ] Pacer for Idle. Initial: 20971K, Alloc Tax Rate: 1.0x
[2021-02-28T14:26:46.647+0300][99.220s][info][gc          ] Trigger: Free (49567K) is below minimum threshold (102M)
[2021-02-28T14:26:46.647+0300][99.220s][info][gc,ergo     ] Free: 49567K, Max: 512K regular, 48640K humongous, Frag: 0% external, 0% internal; Reserve: 52736K, Max: 512K
[2021-02-28T14:26:46.647+0300][99.220s][info][gc,start    ] GC(38) Concurrent reset
[2021-02-28T14:26:46.647+0300][99.220s][info][gc,task     ] GC(38) Using 1 of 3 workers for concurrent reset
[2021-02-28T14:26:46.647+0300][99.220s][info][gc,ergo     ] GC(38) Pacer for Reset. Non-Taxable: 1024M
[2021-02-28T14:26:46.648+0300][99.221s][info][gc          ] GC(38) Concurrent reset 1.349ms
[2021-02-28T14:26:46.649+0300][99.222s][info][gc,start    ] GC(38) Pause Init Mark (unload classes)
[2021-02-28T14:26:46.649+0300][99.222s][info][gc,task     ] GC(38) Using 3 of 3 workers for init marking
[2021-02-28T14:26:46.649+0300][99.222s][info][gc,ergo     ] GC(38) Pacer for Mark. Expected Live: 922M, Free: 49567K, Non-Taxable: 4956K, Alloc Tax Rate: 23.3x
[2021-02-28T14:26:46.649+0300][99.222s][info][gc          ] GC(38) Pause Init Mark (unload classes) 0.183ms
[2021-02-28T14:26:46.649+0300][99.222s][info][gc,start    ] GC(38) Concurrent marking (unload classes)
[2021-02-28T14:26:46.649+0300][99.222s][info][gc,task     ] GC(38) Using 1 of 3 workers for concurrent marking
[2021-02-28T14:26:47.902+0300][100.476s][info][gc          ] GC(38) Concurrent marking (unload classes) 1253.226ms
[2021-02-28T14:26:47.906+0300][100.478s][info][gc,start    ] GC(38) Pause Final Mark (unload classes)
[2021-02-28T14:26:47.906+0300][100.478s][info][gc,task     ] GC(38) Using 3 of 3 workers for final marking
[2021-02-28T14:26:47.906+0300][100.478s][info][gc,ergo     ] GC(38) Adaptive CSet Selection. Target Free: 145M, Actual Free: 101376K, Max CSet: 43690K, Min Garbage: 47172K
[2021-02-28T14:26:47.906+0300][100.478s][info][gc,ergo     ] GC(38) Collectable Garbage: 1174K (96%), Immediate: 0B (0%), CSet: 1174K (96%)
[2021-02-28T14:26:47.906+0300][100.479s][info][gc,ergo     ] GC(38) Pacer for Evacuation. Used CSet: 44427K, Free: 48640K, Non-Taxable: 4864K, Alloc Tax Rate: 2.2x
[2021-02-28T14:26:47.906+0300][100.479s][info][gc          ] GC(38) Pause Final Mark (unload classes) 0.665ms
[2021-02-28T14:26:47.906+0300][100.479s][info][gc,start    ] GC(38) Concurrent weak roots
[2021-02-28T14:26:47.906+0300][100.479s][info][gc,task     ] GC(38) Using 1 of 3 workers for concurrent weak root
[2021-02-28T14:26:47.935+0300][100.508s][info][gc          ] GC(38) Concurrent weak roots 29.072ms
[2021-02-28T14:26:47.935+0300][100.508s][info][gc,start    ] GC(38) Concurrent cleanup
[2021-02-28T14:26:47.935+0300][100.508s][info][gc          ] GC(38) Concurrent cleanup 965M->965M(1024M) 0.029ms
[2021-02-28T14:26:47.935+0300][100.508s][info][gc,ergo     ] GC(38) Free: 48613K, Max: 512K regular, 48128K humongous, Frag: 0% external, 0% internal; Reserve: 10752K, Max: 512K
[2021-02-28T14:26:47.935+0300][100.508s][info][gc,start    ] GC(38) Concurrent class unloading
[2021-02-28T14:26:47.935+0300][100.508s][info][gc,task     ] GC(38) Using 1 of 3 workers for concurrent class unloading
[2021-02-28T14:26:47.945+0300][100.518s][info][gc          ] GC(38) Concurrent class unloading 10.005ms
[2021-02-28T14:26:47.945+0300][100.518s][info][gc,start    ] GC(38) Concurrent strong roots
[2021-02-28T14:26:47.945+0300][100.518s][info][gc,task     ] GC(38) Using 1 of 3 workers for concurrent strong root
[2021-02-28T14:26:47.945+0300][100.518s][info][gc          ] GC(38) Concurrent strong roots 0.214ms
[2021-02-28T14:26:47.945+0300][100.518s][info][gc,start    ] GC(38) Concurrent evacuation
[2021-02-28T14:26:47.945+0300][100.518s][info][gc,task     ] GC(38) Using 1 of 3 workers for concurrent evacuation
[2021-02-28T14:26:47.955+0300][100.528s][info][gc          ] GC(38) Concurrent evacuation 10.324ms
[2021-02-28T14:26:47.965+0300][100.537s][info][gc,start    ] GC(38) Pause Init Update Refs
[2021-02-28T14:26:47.965+0300][100.537s][info][gc,ergo     ] GC(38) Pacer for Update Refs. Used: 967M, Free: 48613K, Non-Taxable: 4861K, Alloc Tax Rate: 24.9x
[2021-02-28T14:26:47.965+0300][100.537s][info][gc          ] GC(38) Pause Init Update Refs 0.048ms
[2021-02-28T14:26:47.965+0300][100.537s][info][gc,start    ] GC(38) Concurrent update references
[2021-02-28T14:26:47.965+0300][100.537s][info][gc,task     ] GC(38) Using 1 of 3 workers for concurrent reference update
[2021-02-28T14:26:48.477+0300][101.050s][info][gc          ] GC(38) Concurrent update references 513.347ms
[2021-02-28T14:26:48.485+0300][101.057s][info][gc,start    ] GC(38) Pause Final Update Refs
[2021-02-28T14:26:48.485+0300][101.057s][info][gc,task     ] GC(38) Using 3 of 3 workers for final reference update
[2021-02-28T14:26:48.485+0300][101.057s][info][gc          ] GC(38) Pause Final Update Refs 0.251ms
[2021-02-28T14:26:48.485+0300][101.057s][info][gc,start    ] GC(38) Concurrent cleanup
[2021-02-28T14:26:48.485+0300][101.057s][info][gc          ] GC(38) Concurrent cleanup 966M->923M(1024M) 0.053ms
[2021-02-28T14:26:48.485+0300][101.057s][info][gc,ergo     ] Free: 49611K, Max: 512K regular, 48128K humongous, Frag: 2% external, 0% internal; Reserve: 52736K, Max: 512K
[2021-02-28T14:26:48.485+0300][101.057s][info][gc,stats    ] 
[2021-02-28T14:26:48.485+0300][101.057s][info][gc,stats    ] All times are wall-clock times, except per-root-class counters, that are sum over
[2021-02-28T14:26:48.485+0300][101.057s][info][gc,stats    ] all workers. Dividing the <total> over the root stage time estimates parallelism.
[2021-02-28T14:26:48.485+0300][101.057s][info][gc,stats    ] 
[2021-02-28T14:26:48.485+0300][101.057s][info][gc,stats    ] Concurrent Reset                   1402 us
[2021-02-28T14:26:48.485+0300][101.057s][info][gc,stats    ] Pause Init Mark (G)                1058 us
[2021-02-28T14:26:48.485+0300][101.057s][info][gc,stats    ] Pause Init Mark (N)                 199 us
[2021-02-28T14:26:48.485+0300][101.057s][info][gc,stats    ]   Manage TLABs                        4 us
[2021-02-28T14:26:48.485+0300][101.057s][info][gc,stats    ]   Update Region States               30 us
[2021-02-28T14:26:48.485+0300][101.057s][info][gc,stats    ]   Scan Roots                         58 us, parallelism: 1.56x
[2021-02-28T14:26:48.485+0300][101.058s][info][gc,stats    ]     S: <total>                       90 us
[2021-02-28T14:26:48.485+0300][101.058s][info][gc,stats    ]     S: Thread Roots                  85 us, workers (us):  25,  39,  21, 
[2021-02-28T14:26:48.485+0300][101.058s][info][gc,stats    ]     S: Universe Roots                 2 us, workers (us):   2, ---, ---, 
[2021-02-28T14:26:48.485+0300][101.058s][info][gc,stats    ]     S: Synchronizer Roots             0 us, workers (us): ---,   0, ---, 
[2021-02-28T14:26:48.485+0300][101.058s][info][gc,stats    ]     S: Management Roots               2 us, workers (us): ---,   2, ---, 
[2021-02-28T14:26:48.485+0300][101.058s][info][gc,stats    ]     S: JVMTI Roots                    0 us, workers (us):   0, ---, ---, 
[2021-02-28T14:26:48.485+0300][101.058s][info][gc,stats    ] Concurrent Marking              1253275 us
[2021-02-28T14:26:48.485+0300][101.058s][info][gc,stats    ]   Roots                             100 us, parallelism: 0.72x
[2021-02-28T14:26:48.485+0300][101.058s][info][gc,stats    ]     CM: <total>                      73 us
[2021-02-28T14:26:48.485+0300][101.058s][info][gc,stats    ]     CM: JNI Handles Roots             2 us, workers (us):   2, ---, ---, 
[2021-02-28T14:26:48.485+0300][101.058s][info][gc,stats    ]     CM: VM Global Roots               2 us, workers (us):   2, ---, ---, 
[2021-02-28T14:26:48.485+0300][101.058s][info][gc,stats    ]     CM: CLDG Roots                   69 us, workers (us):  69, ---, ---, 
[2021-02-28T14:26:48.485+0300][101.058s][info][gc,stats    ] Pause Final Mark (G)               3156 us
[2021-02-28T14:26:48.485+0300][101.058s][info][gc,stats    ] Pause Final Mark (N)                678 us
[2021-02-28T14:26:48.485+0300][101.058s][info][gc,stats    ]   Finish Queues                     106 us
[2021-02-28T14:26:48.485+0300][101.058s][info][gc,stats    ]   System Purge                      103 us
[2021-02-28T14:26:48.485+0300][101.058s][info][gc,stats    ]     Weak Roots                      103 us, parallelism: 0.00x
[2021-02-28T14:26:48.485+0300][101.058s][info][gc,stats    ]       WR: <total>                     0 us
[2021-02-28T14:26:48.485+0300][101.058s][info][gc,stats    ]       WR: JVMTI Weak Roots            0 us, workers (us):   0, ---, ---, 
[2021-02-28T14:26:48.485+0300][101.058s][info][gc,stats    ]       WR: JFR Weak Roots              0 us, workers (us):   0, ---, ---, 
[2021-02-28T14:26:48.485+0300][101.058s][info][gc,stats    ]   Update Region States              101 us
[2021-02-28T14:26:48.485+0300][101.058s][info][gc,stats    ]   Manage GC/TLABs                     3 us
[2021-02-28T14:26:48.485+0300][101.058s][info][gc,stats    ]   Choose Collection Set             120 us
[2021-02-28T14:26:48.485+0300][101.058s][info][gc,stats    ]   Rebuild Free Set                   11 us
[2021-02-28T14:26:48.485+0300][101.058s][info][gc,stats    ]   Initial Evacuation                178 us, parallelism: 0.65x
[2021-02-28T14:26:48.485+0300][101.058s][info][gc,stats    ]     E: <total>                      116 us
[2021-02-28T14:26:48.485+0300][101.058s][info][gc,stats    ]     E: Thread Roots                 109 us, workers (us):  59,  21,  29, 
[2021-02-28T14:26:48.485+0300][101.058s][info][gc,stats    ]     E: Universe Roots                 4 us, workers (us):   4, ---, ---, 
[2021-02-28T14:26:48.485+0300][101.058s][info][gc,stats    ]     E: JVMTI Weak Roots               0 us, workers (us):   0, ---, ---, 
[2021-02-28T14:26:48.485+0300][101.058s][info][gc,stats    ]     E: JFR Weak Roots                 0 us, workers (us):   0, ---, ---, 
[2021-02-28T14:26:48.485+0300][101.058s][info][gc,stats    ]     E: Synchronizer Roots             0 us, workers (us):   0, ---, ---, 
[2021-02-28T14:26:48.485+0300][101.058s][info][gc,stats    ]     E: Management Roots               2 us, workers (us):   2, ---, ---, 
[2021-02-28T14:26:48.485+0300][101.058s][info][gc,stats    ]     E: JVMTI Roots                    0 us, workers (us):   0, ---, ---, 
[2021-02-28T14:26:48.485+0300][101.058s][info][gc,stats    ] Concurrent Weak Roots             29110 us
[2021-02-28T14:26:48.485+0300][101.058s][info][gc,stats    ]   Roots                             473 us, parallelism: 0.39x
[2021-02-28T14:26:48.485+0300][101.058s][info][gc,stats    ]     CWR: <total>                    184 us
[2021-02-28T14:26:48.485+0300][101.058s][info][gc,stats    ]     CWR: JNI Weak Roots               0 us, workers (us):   0, ---, ---, 
[2021-02-28T14:26:48.485+0300][101.058s][info][gc,stats    ]     CWR: String Table Roots         160 us, workers (us): 160, ---, ---, 
[2021-02-28T14:26:48.485+0300][101.058s][info][gc,stats    ]     CWR: Resolved Table Roots        11 us, workers (us):  11, ---, ---, 
[2021-02-28T14:26:48.485+0300][101.058s][info][gc,stats    ]     CWR: VM Weak Roots                7 us, workers (us):   7, ---, ---, 
[2021-02-28T14:26:48.485+0300][101.058s][info][gc,stats    ]     CWR: CLDG Roots                   5 us, workers (us):   5, ---, ---, 
[2021-02-28T14:26:48.485+0300][101.058s][info][gc,stats    ]   Rendezvous                      28559 us
[2021-02-28T14:26:48.485+0300][101.058s][info][gc,stats    ] Concurrent Cleanup                   46 us
[2021-02-28T14:26:48.485+0300][101.058s][info][gc,stats    ] Concurrent Class Unloading        10031 us
[2021-02-28T14:26:48.485+0300][101.058s][info][gc,stats    ]   Unlink Stale                     1400 us
[2021-02-28T14:26:48.485+0300][101.058s][info][gc,stats    ]     System Dictionary                10 us
[2021-02-28T14:26:48.485+0300][101.058s][info][gc,stats    ]     Weak Class Links                  1 us
[2021-02-28T14:26:48.485+0300][101.058s][info][gc,stats    ]     Code Roots                     1389 us
[2021-02-28T14:26:48.485+0300][101.058s][info][gc,stats    ]   Rendezvous                       8438 us
[2021-02-28T14:26:48.485+0300][101.058s][info][gc,stats    ]   Purge Unlinked                    141 us
[2021-02-28T14:26:48.485+0300][101.058s][info][gc,stats    ]     Code Roots                      140 us
[2021-02-28T14:26:48.485+0300][101.058s][info][gc,stats    ]     CLDG                              0 us
[2021-02-28T14:26:48.485+0300][101.058s][info][gc,stats    ]     Exception Caches                  0 us
[2021-02-28T14:26:48.485+0300][101.058s][info][gc,stats    ] Concurrent Strong Roots             237 us, parallelism: 0.44x
[2021-02-28T14:26:48.485+0300][101.058s][info][gc,stats    ] Rendezvous                          104 us
[2021-02-28T14:26:48.485+0300][101.058s][info][gc,stats    ]   CSR: Universe Roots                 3 us, workers (us):   3, ---, ---, 
[2021-02-28T14:26:48.485+0300][101.058s][info][gc,stats    ]   CSR: Resolved Table Roots           2 us, workers (us):   2, ---, ---, 
[2021-02-28T14:26:48.485+0300][101.058s][info][gc,stats    ]   CSR: Management Roots              99 us, workers (us):  99, ---, ---, 
[2021-02-28T14:26:48.485+0300][101.058s][info][gc,stats    ] Concurrent Evacuation             10360 us
[2021-02-28T14:26:48.485+0300][101.058s][info][gc,stats    ] Pause Init  Update Refs (G)        8503 us
[2021-02-28T14:26:48.485+0300][101.058s][info][gc,stats    ] Pause Init  Update Refs (N)          60 us
[2021-02-28T14:26:48.485+0300][101.058s][info][gc,stats    ]   Manage GCLABs                       2 us
[2021-02-28T14:26:48.485+0300][101.058s][info][gc,stats    ] Concurrent Update Refs           513385 us
[2021-02-28T14:26:48.485+0300][101.058s][info][gc,stats    ] Pause Final Update Refs (G)        6872 us
[2021-02-28T14:26:48.485+0300][101.058s][info][gc,stats    ] Pause Final Update Refs (N)         273 us
[2021-02-28T14:26:48.485+0300][101.058s][info][gc,stats    ]   Update Roots                       90 us, parallelism: 0.59x
[2021-02-28T14:26:48.485+0300][101.058s][info][gc,stats    ]     UR: <total>                      53 us
[2021-02-28T14:26:48.485+0300][101.058s][info][gc,stats    ]     UR: Thread Roots                 53 us, workers (us):  25,  27,   1, 
[2021-02-28T14:26:48.485+0300][101.058s][info][gc,stats    ]   Update Region States               95 us
[2021-02-28T14:26:48.485+0300][101.058s][info][gc,stats    ]   Trash Collection Set                3 us
[2021-02-28T14:26:48.485+0300][101.058s][info][gc,stats    ]   Rebuild Free Set                   13 us
[2021-02-28T14:26:48.485+0300][101.058s][info][gc,stats    ] Concurrent Cleanup                   68 us
[2021-02-28T14:26:48.485+0300][101.058s][info][gc,stats    ] 
[2021-02-28T14:26:48.485+0300][101.058s][info][gc,stats    ] Allocation pacing accrued:
[2021-02-28T14:26:48.485+0300][101.058s][info][gc,stats    ]       0 of  1840 ms (  0.0%): <total>
[2021-02-28T14:26:48.485+0300][101.058s][info][gc,stats    ]       0 of  1840 ms (  0.0%): <average total>
[2021-02-28T14:26:48.485+0300][101.058s][info][gc,stats    ] 
[2021-02-28T14:26:48.485+0300][101.058s][info][gc,metaspace] Metaspace: 7237K(7552K)->7242K(7552K) NonClass: 6472K(6656K)->6476K(6656K) Class: 765K(896K)->765K(896K)
[2021-02-28T14:26:48.485+0300][101.058s][info][gc,ergo     ] Pacer for Idle. Initial: 20971K, Alloc Tax Rate: 1.0x
[2021-02-28T14:26:48.488+0300][101.060s][info][gc          ] Trigger: Free (49567K) is below minimum threshold (102M)
[2021-02-28T14:26:48.488+0300][101.060s][info][gc,ergo     ] Free: 49567K, Max: 512K regular, 48128K humongous, Frag: 2% external, 0% internal; Reserve: 52736K, Max: 512K
[2021-02-28T14:26:48.488+0300][101.060s][info][gc,start    ] GC(39) Concurrent reset
[2021-02-28T14:26:48.488+0300][101.060s][info][gc,task     ] GC(39) Using 1 of 3 workers for concurrent reset
[2021-02-28T14:26:48.488+0300][101.060s][info][gc,ergo     ] GC(39) Pacer for Reset. Non-Taxable: 1024M
[2021-02-28T14:26:48.489+0300][101.061s][info][gc          ] GC(39) Concurrent reset 1.070ms
[2021-02-28T14:26:48.492+0300][101.064s][info][gc,start    ] GC(39) Pause Init Mark (unload classes)
[2021-02-28T14:26:48.492+0300][101.064s][info][gc,task     ] GC(39) Using 3 of 3 workers for init marking
[2021-02-28T14:26:48.492+0300][101.064s][info][gc,ergo     ] GC(39) Pacer for Mark. Expected Live: 922M, Free: 49567K, Non-Taxable: 4956K, Alloc Tax Rate: 23.3x
[2021-02-28T14:26:48.492+0300][101.064s][info][gc          ] GC(39) Pause Init Mark (unload classes) 0.277ms
[2021-02-28T14:26:48.492+0300][101.064s][info][gc,start    ] GC(39) Concurrent marking (unload classes)
[2021-02-28T14:26:48.492+0300][101.064s][info][gc,task     ] GC(39) Using 1 of 3 workers for concurrent marking
[2021-02-28T14:26:49.729+0300][102.301s][info][gc          ] GC(39) Concurrent marking (unload classes) 1236.544ms
[2021-02-28T14:26:49.752+0300][102.324s][info][gc,start    ] GC(39) Pause Final Mark (unload classes)
[2021-02-28T14:26:49.752+0300][102.324s][info][gc,task     ] GC(39) Using 3 of 3 workers for final marking
[2021-02-28T14:26:49.752+0300][102.324s][info][gc,ergo     ] GC(39) Adaptive CSet Selection. Target Free: 145M, Actual Free: 101376K, Max CSet: 43690K, Min Garbage: 47172K
[2021-02-28T14:26:49.752+0300][102.324s][info][gc,ergo     ] GC(39) Collectable Garbage: 1152K (96%), Immediate: 0B (0%), CSet: 1152K (96%)
[2021-02-28T14:26:49.752+0300][102.325s][info][gc,ergo     ] GC(39) Pacer for Evacuation. Used CSet: 44830K, Free: 48640K, Non-Taxable: 4864K, Alloc Tax Rate: 2.3x
[2021-02-28T14:26:49.752+0300][102.325s][info][gc          ] GC(39) Pause Final Mark (unload classes) 0.672ms
[2021-02-28T14:26:49.752+0300][102.325s][info][gc,start    ] GC(39) Concurrent weak roots
[2021-02-28T14:26:49.752+0300][102.325s][info][gc,task     ] GC(39) Using 1 of 3 workers for concurrent weak root
[2021-02-28T14:26:49.782+0300][102.354s][info][gc          ] GC(39) Concurrent weak roots 29.061ms
[2021-02-28T14:26:49.782+0300][102.354s][info][gc,start    ] GC(39) Concurrent cleanup
[2021-02-28T14:26:49.782+0300][102.354s][info][gc          ] GC(39) Concurrent cleanup 965M->965M(1024M) 0.030ms
[2021-02-28T14:26:49.782+0300][102.354s][info][gc,ergo     ] GC(39) Free: 48613K, Max: 512K regular, 48128K humongous, Frag: 0% external, 0% internal; Reserve: 10240K, Max: 512K
[2021-02-28T14:26:49.782+0300][102.354s][info][gc,start    ] GC(39) Concurrent class unloading
[2021-02-28T14:26:49.782+0300][102.354s][info][gc,task     ] GC(39) Using 1 of 3 workers for concurrent class unloading
[2021-02-28T14:26:49.792+0300][102.364s][info][gc          ] GC(39) Concurrent class unloading 9.982ms
[2021-02-28T14:26:49.792+0300][102.364s][info][gc,start    ] GC(39) Concurrent strong roots
[2021-02-28T14:26:49.792+0300][102.364s][info][gc,task     ] GC(39) Using 1 of 3 workers for concurrent strong root
[2021-02-28T14:26:49.792+0300][102.364s][info][gc          ] GC(39) Concurrent strong roots 0.207ms
[2021-02-28T14:26:49.792+0300][102.364s][info][gc,start    ] GC(39) Concurrent evacuation
[2021-02-28T14:26:49.792+0300][102.364s][info][gc,task     ] GC(39) Using 1 of 3 workers for concurrent evacuation
[2021-02-28T14:26:49.802+0300][102.374s][info][gc          ] GC(39) Concurrent evacuation 9.938ms
[2021-02-28T14:26:49.811+0300][102.383s][info][gc,start    ] GC(39) Pause Init Update Refs
[2021-02-28T14:26:49.811+0300][102.383s][info][gc,ergo     ] GC(39) Pacer for Update Refs. Used: 967M, Free: 48613K, Non-Taxable: 4861K, Alloc Tax Rate: 24.9x
[2021-02-28T14:26:49.811+0300][102.383s][info][gc          ] GC(39) Pause Init Update Refs 0.041ms
[2021-02-28T14:26:49.811+0300][102.383s][info][gc,start    ] GC(39) Concurrent update references
[2021-02-28T14:26:49.811+0300][102.383s][info][gc,task     ] GC(39) Using 1 of 3 workers for concurrent reference update
[2021-02-28T14:26:50.330+0300][102.904s][info][gc          ] GC(39) Concurrent update references 520.418ms
[2021-02-28T14:26:50.337+0300][102.910s][info][gc,start    ] GC(39) Pause Final Update Refs
[2021-02-28T14:26:50.337+0300][102.910s][info][gc,task     ] GC(39) Using 3 of 3 workers for final reference update
[2021-02-28T14:26:50.337+0300][102.910s][info][gc          ] GC(39) Pause Final Update Refs 0.204ms
[2021-02-28T14:26:50.337+0300][102.910s][info][gc,start    ] GC(39) Concurrent cleanup
[2021-02-28T14:26:50.337+0300][102.910s][info][gc          ] GC(39) Concurrent cleanup 967M->923M(1024M) 0.056ms
[2021-02-28T14:26:50.337+0300][102.910s][info][gc,ergo     ] Free: 49499K, Max: 512K regular, 48640K humongous, Frag: 0% external, 0% internal; Reserve: 52736K, Max: 512K
[2021-02-28T14:26:50.337+0300][102.910s][info][gc,stats    ] 
[2021-02-28T14:26:50.337+0300][102.910s][info][gc,stats    ] All times are wall-clock times, except per-root-class counters, that are sum over
[2021-02-28T14:26:50.337+0300][102.910s][info][gc,stats    ] all workers. Dividing the <total> over the root stage time estimates parallelism.
[2021-02-28T14:26:50.337+0300][102.910s][info][gc,stats    ] 
[2021-02-28T14:26:50.337+0300][102.910s][info][gc,stats    ] Concurrent Reset                   1121 us
[2021-02-28T14:26:50.337+0300][102.910s][info][gc,stats    ] Pause Init Mark (G)                3360 us
[2021-02-28T14:26:50.337+0300][102.910s][info][gc,stats    ] Pause Init Mark (N)                 291 us
[2021-02-28T14:26:50.337+0300][102.910s][info][gc,stats    ]   Manage TLABs                        3 us
[2021-02-28T14:26:50.337+0300][102.910s][info][gc,stats    ]   Update Region States               93 us
[2021-02-28T14:26:50.337+0300][102.910s][info][gc,stats    ]   Scan Roots                        116 us, parallelism: 0.65x
[2021-02-28T14:26:50.337+0300][102.910s][info][gc,stats    ]     S: <total>                       75 us
[2021-02-28T14:26:50.337+0300][102.910s][info][gc,stats    ]     S: Thread Roots                  72 us, workers (us):  42,  24,   6, 
[2021-02-28T14:26:50.337+0300][102.910s][info][gc,stats    ]     S: Universe Roots                 2 us, workers (us):   2, ---, ---, 
[2021-02-28T14:26:50.337+0300][102.910s][info][gc,stats    ]     S: Synchronizer Roots             0 us, workers (us):   0, ---, ---, 
[2021-02-28T14:26:50.337+0300][102.910s][info][gc,stats    ]     S: Management Roots               1 us, workers (us):   1, ---, ---, 
[2021-02-28T14:26:50.337+0300][102.910s][info][gc,stats    ]     S: JVMTI Roots                    0 us, workers (us):   0, ---, ---, 
[2021-02-28T14:26:50.337+0300][102.910s][info][gc,stats    ] Concurrent Marking              1236578 us
[2021-02-28T14:26:50.337+0300][102.910s][info][gc,stats    ]   Roots                             172 us, parallelism: 0.41x
[2021-02-28T14:26:50.337+0300][102.911s][info][gc,stats    ]     CM: <total>                      70 us
[2021-02-28T14:26:50.337+0300][102.911s][info][gc,stats    ]     CM: JNI Handles Roots             2 us, workers (us):   2, ---, ---, 
[2021-02-28T14:26:50.337+0300][102.911s][info][gc,stats    ]     CM: VM Global Roots               2 us, workers (us):   2, ---, ---, 
[2021-02-28T14:26:50.337+0300][102.911s][info][gc,stats    ]     CM: CLDG Roots                   67 us, workers (us):  67, ---, ---, 
[2021-02-28T14:26:50.337+0300][102.911s][info][gc,stats    ] Pause Final Mark (G)              23885 us
[2021-02-28T14:26:50.337+0300][102.911s][info][gc,stats    ] Pause Final Mark (N)                686 us
[2021-02-28T14:26:50.337+0300][102.911s][info][gc,stats    ]   Finish Queues                     103 us
[2021-02-28T14:26:50.337+0300][102.911s][info][gc,stats    ]   System Purge                      101 us
[2021-02-28T14:26:50.337+0300][102.911s][info][gc,stats    ]     Weak Roots                      101 us, parallelism: 0.01x
[2021-02-28T14:26:50.337+0300][102.911s][info][gc,stats    ]       WR: <total>                     1 us
[2021-02-28T14:26:50.337+0300][102.911s][info][gc,stats    ]       WR: JVMTI Weak Roots            0 us, workers (us):   0, ---, ---, 
[2021-02-28T14:26:50.337+0300][102.911s][info][gc,stats    ]       WR: JFR Weak Roots              0 us, workers (us):   0, ---, ---, 
[2021-02-28T14:26:50.337+0300][102.911s][info][gc,stats    ]   Update Region States              104 us
[2021-02-28T14:26:50.337+0300][102.911s][info][gc,stats    ]   Manage GC/TLABs                     3 us
[2021-02-28T14:26:50.337+0300][102.911s][info][gc,stats    ]   Choose Collection Set             117 us
[2021-02-28T14:26:50.338+0300][102.911s][info][gc,stats    ]   Rebuild Free Set                   11 us
[2021-02-28T14:26:50.338+0300][102.911s][info][gc,stats    ]   Initial Evacuation                179 us, parallelism: 0.65x
[2021-02-28T14:26:50.338+0300][102.911s][info][gc,stats    ]     E: <total>                      116 us
[2021-02-28T14:26:50.338+0300][102.911s][info][gc,stats    ]     E: Thread Roots                 110 us, workers (us):  31,  30,  49, 
[2021-02-28T14:26:50.338+0300][102.911s][info][gc,stats    ]     E: Universe Roots                 4 us, workers (us):   4, ---, ---, 
[2021-02-28T14:26:50.338+0300][102.911s][info][gc,stats    ]     E: JVMTI Weak Roots               0 us, workers (us):   0, ---, ---, 
[2021-02-28T14:26:50.338+0300][102.911s][info][gc,stats    ]     E: JFR Weak Roots                 0 us, workers (us):   0, ---, ---, 
[2021-02-28T14:26:50.338+0300][102.911s][info][gc,stats    ]     E: Synchronizer Roots             0 us, workers (us):   0, ---, ---, 
[2021-02-28T14:26:50.338+0300][102.911s][info][gc,stats    ]     E: Management Roots               2 us, workers (us):   2, ---, ---, 
[2021-02-28T14:26:50.338+0300][102.911s][info][gc,stats    ]     E: JVMTI Roots                    0 us, workers (us):   0, ---, ---, 
[2021-02-28T14:26:50.338+0300][102.911s][info][gc,stats    ] Concurrent Weak Roots             29094 us
[2021-02-28T14:26:50.338+0300][102.911s][info][gc,stats    ]   Roots                             490 us, parallelism: 0.36x
[2021-02-28T14:26:50.338+0300][102.911s][info][gc,stats    ]     CWR: <total>                    178 us
[2021-02-28T14:26:50.338+0300][102.911s][info][gc,stats    ]     CWR: JNI Weak Roots               0 us, workers (us):   0, ---, ---, 
[2021-02-28T14:26:50.338+0300][102.911s][info][gc,stats    ]     CWR: String Table Roots         156 us, workers (us): 156, ---, ---, 
[2021-02-28T14:26:50.338+0300][102.911s][info][gc,stats    ]     CWR: Resolved Table Roots        11 us, workers (us):  11, ---, ---, 
[2021-02-28T14:26:50.338+0300][102.911s][info][gc,stats    ]     CWR: VM Weak Roots                7 us, workers (us):   7, ---, ---, 
[2021-02-28T14:26:50.338+0300][102.911s][info][gc,stats    ]     CWR: CLDG Roots                   4 us, workers (us):   4, ---, ---, 
[2021-02-28T14:26:50.338+0300][102.911s][info][gc,stats    ]   Rendezvous                      28533 us
[2021-02-28T14:26:50.338+0300][102.911s][info][gc,stats    ] Concurrent Cleanup                   44 us
[2021-02-28T14:26:50.338+0300][102.911s][info][gc,stats    ] Concurrent Class Unloading        10007 us
[2021-02-28T14:26:50.338+0300][102.911s][info][gc,stats    ]   Unlink Stale                     1467 us
[2021-02-28T14:26:50.338+0300][102.911s][info][gc,stats    ]     System Dictionary                 9 us
[2021-02-28T14:26:50.338+0300][102.911s][info][gc,stats    ]     Weak Class Links                  0 us
[2021-02-28T14:26:50.338+0300][102.911s][info][gc,stats    ]     Code Roots                     1457 us
[2021-02-28T14:26:50.338+0300][102.911s][info][gc,stats    ]   Rendezvous                       8360 us
[2021-02-28T14:26:50.338+0300][102.911s][info][gc,stats    ]   Purge Unlinked                    131 us
[2021-02-28T14:26:50.338+0300][102.911s][info][gc,stats    ]     Code Roots                      130 us
[2021-02-28T14:26:50.338+0300][102.911s][info][gc,stats    ]     CLDG                              0 us
[2021-02-28T14:26:50.338+0300][102.911s][info][gc,stats    ]     Exception Caches                  0 us
[2021-02-28T14:26:50.338+0300][102.911s][info][gc,stats    ] Concurrent Strong Roots             232 us, parallelism: 0.43x
[2021-02-28T14:26:50.338+0300][102.911s][info][gc,stats    ] Rendezvous                          100 us
[2021-02-28T14:26:50.338+0300][102.911s][info][gc,stats    ]   CSR: Universe Roots                 3 us, workers (us):   3, ---, ---, 
[2021-02-28T14:26:50.338+0300][102.911s][info][gc,stats    ]   CSR: Resolved Table Roots           2 us, workers (us):   2, ---, ---, 
[2021-02-28T14:26:50.338+0300][102.911s][info][gc,stats    ]   CSR: Management Roots              95 us, workers (us):  95, ---, ---, 
[2021-02-28T14:26:50.338+0300][102.911s][info][gc,stats    ] Concurrent Evacuation              9961 us
[2021-02-28T14:26:50.338+0300][102.911s][info][gc,stats    ] Pause Init  Update Refs (G)        8976 us
[2021-02-28T14:26:50.338+0300][102.911s][info][gc,stats    ] Pause Init  Update Refs (N)          53 us
[2021-02-28T14:26:50.338+0300][102.911s][info][gc,stats    ]   Manage GCLABs                       2 us
[2021-02-28T14:26:50.338+0300][102.911s][info][gc,stats    ] Concurrent Update Refs           520456 us
[2021-02-28T14:26:50.338+0300][102.911s][info][gc,stats    ] Pause Final Update Refs (G)        6613 us
[2021-02-28T14:26:50.338+0300][102.911s][info][gc,stats    ] Pause Final Update Refs (N)         224 us
[2021-02-28T14:26:50.338+0300][102.911s][info][gc,stats    ]   Update Roots                       82 us, parallelism: 0.69x
[2021-02-28T14:26:50.338+0300][102.911s][info][gc,stats    ]     UR: <total>                      56 us
[2021-02-28T14:26:50.338+0300][102.911s][info][gc,stats    ]     UR: Thread Roots                 56 us, workers (us):  35,  10,  11, 
[2021-02-28T14:26:50.338+0300][102.911s][info][gc,stats    ]   Update Region States               58 us
[2021-02-28T14:26:50.338+0300][102.911s][info][gc,stats    ]   Trash Collection Set                3 us
[2021-02-28T14:26:50.338+0300][102.911s][info][gc,stats    ]   Rebuild Free Set                   12 us
[2021-02-28T14:26:50.338+0300][102.911s][info][gc,stats    ] Concurrent Cleanup                   71 us
[2021-02-28T14:26:50.338+0300][102.911s][info][gc,stats    ] 
[2021-02-28T14:26:50.338+0300][102.911s][info][gc,stats    ] Allocation pacing accrued:
[2021-02-28T14:26:50.338+0300][102.911s][info][gc,stats    ]       0 of  1853 ms (  0.0%): <total>
[2021-02-28T14:26:50.338+0300][102.911s][info][gc,stats    ]       0 of  1853 ms (  0.0%): <average total>
[2021-02-28T14:26:50.338+0300][102.911s][info][gc,stats    ] 
[2021-02-28T14:26:50.338+0300][102.911s][info][gc,metaspace] Metaspace: 7242K(7552K)->7242K(7552K) NonClass: 6476K(6656K)->6476K(6656K) Class: 765K(896K)->765K(896K)
[2021-02-28T14:26:50.338+0300][102.911s][info][gc,ergo     ] Pacer for Idle. Initial: 20971K, Alloc Tax Rate: 1.0x
[2021-02-28T14:26:50.340+0300][102.913s][info][gc          ] Trigger: Free (49458K) is below minimum threshold (102M)
[2021-02-28T14:26:50.340+0300][102.913s][info][gc,ergo     ] Free: 49458K, Max: 512K regular, 48640K humongous, Frag: 0% external, 0% internal; Reserve: 52736K, Max: 512K
[2021-02-28T14:26:50.340+0300][102.913s][info][gc,start    ] GC(40) Concurrent reset
[2021-02-28T14:26:50.340+0300][102.913s][info][gc,task     ] GC(40) Using 1 of 3 workers for concurrent reset
[2021-02-28T14:26:50.340+0300][102.913s][info][gc,ergo     ] GC(40) Pacer for Reset. Non-Taxable: 1024M
[2021-02-28T14:26:50.341+0300][102.914s][info][gc          ] GC(40) Concurrent reset 1.170ms
[2021-02-28T14:26:50.344+0300][102.917s][info][gc,start    ] GC(40) Pause Init Mark (process weakrefs) (unload classes)
[2021-02-28T14:26:50.344+0300][102.917s][info][gc,task     ] GC(40) Using 3 of 3 workers for init marking
[2021-02-28T14:26:50.344+0300][102.917s][info][gc,ergo     ] GC(40) Pacer for Mark. Expected Live: 922M, Free: 49458K, Non-Taxable: 4945K, Alloc Tax Rate: 23.3x
[2021-02-28T14:26:50.344+0300][102.917s][info][gc          ] GC(40) Pause Init Mark (process weakrefs) (unload classes) 0.220ms
[2021-02-28T14:26:50.344+0300][102.917s][info][gc,start    ] GC(40) Concurrent marking (process weakrefs) (unload classes)
[2021-02-28T14:26:50.344+0300][102.917s][info][gc,task     ] GC(40) Using 1 of 3 workers for concurrent marking
[2021-02-28T14:26:51.578+0300][104.151s][info][gc          ] GC(40) Concurrent marking (process weakrefs) (unload classes) 1233.835ms
[2021-02-28T14:26:51.578+0300][104.151s][info][gc,start    ] GC(40) Concurrent precleaning
[2021-02-28T14:26:51.578+0300][104.151s][info][gc,task     ] GC(40) Using 1 of 3 workers for concurrent preclean
[2021-02-28T14:26:51.578+0300][104.151s][info][gc,ergo     ] GC(40) Pacer for Precleaning. Non-Taxable: 1024M
[2021-02-28T14:26:51.578+0300][104.151s][info][gc          ] GC(40) Concurrent precleaning 0.172ms
[2021-02-28T14:26:51.593+0300][104.166s][info][gc,start    ] GC(40) Pause Final Mark (process weakrefs) (unload classes)
[2021-02-28T14:26:51.593+0300][104.166s][info][gc,task     ] GC(40) Using 3 of 3 workers for final marking
[2021-02-28T14:26:51.593+0300][104.166s][info][gc,ergo     ] GC(40) Adaptive CSet Selection. Target Free: 145M, Actual Free: 101376K, Max CSet: 43690K, Min Garbage: 47172K
[2021-02-28T14:26:51.593+0300][104.166s][info][gc,ergo     ] GC(40) Collectable Garbage: 1242K (96%), Immediate: 0B (0%), CSet: 1242K (96%)
[2021-02-28T14:26:51.593+0300][104.166s][info][gc,ergo     ] GC(40) Pacer for Evacuation. Used CSet: 44912K, Free: 48640K, Non-Taxable: 4864K, Alloc Tax Rate: 2.3x
[2021-02-28T14:26:51.593+0300][104.166s][info][gc          ] GC(40) Pause Final Mark (process weakrefs) (unload classes) 0.538ms
[2021-02-28T14:26:51.593+0300][104.167s][info][gc,start    ] GC(40) Concurrent weak roots
[2021-02-28T14:26:51.593+0300][104.167s][info][gc,task     ] GC(40) Using 1 of 3 workers for concurrent weak root
[2021-02-28T14:26:51.623+0300][104.196s][info][gc          ] GC(40) Concurrent weak roots 29.281ms
[2021-02-28T14:26:51.623+0300][104.196s][info][gc,start    ] GC(40) Concurrent cleanup
[2021-02-28T14:26:51.623+0300][104.196s][info][gc          ] GC(40) Concurrent cleanup 966M->966M(1024M) 0.032ms
[2021-02-28T14:26:51.623+0300][104.196s][info][gc,ergo     ] GC(40) Free: 48613K, Max: 512K regular, 48128K humongous, Frag: 0% external, 0% internal; Reserve: 9728K, Max: 512K
[2021-02-28T14:26:51.623+0300][104.196s][info][gc,start    ] GC(40) Concurrent class unloading
[2021-02-28T14:26:51.623+0300][104.196s][info][gc,task     ] GC(40) Using 1 of 3 workers for concurrent class unloading
[2021-02-28T14:26:51.633+0300][104.206s][info][gc          ] GC(40) Concurrent class unloading 10.002ms
[2021-02-28T14:26:51.633+0300][104.206s][info][gc,start    ] GC(40) Concurrent strong roots
[2021-02-28T14:26:51.633+0300][104.206s][info][gc,task     ] GC(40) Using 1 of 3 workers for concurrent strong root
[2021-02-28T14:26:51.633+0300][104.206s][info][gc          ] GC(40) Concurrent strong roots 0.211ms
[2021-02-28T14:26:51.633+0300][104.206s][info][gc,start    ] GC(40) Concurrent evacuation
[2021-02-28T14:26:51.633+0300][104.206s][info][gc,task     ] GC(40) Using 1 of 3 workers for concurrent evacuation
[2021-02-28T14:26:51.643+0300][104.216s][info][gc          ] GC(40) Concurrent evacuation 9.570ms
[2021-02-28T14:26:51.653+0300][104.225s][info][gc,start    ] GC(40) Pause Init Update Refs
[2021-02-28T14:26:51.653+0300][104.225s][info][gc,ergo     ] GC(40) Pacer for Update Refs. Used: 967M, Free: 48613K, Non-Taxable: 4861K, Alloc Tax Rate: 24.9x
[2021-02-28T14:26:51.653+0300][104.225s][info][gc          ] GC(40) Pause Init Update Refs 0.054ms
[2021-02-28T14:26:51.653+0300][104.225s][info][gc,start    ] GC(40) Concurrent update references
[2021-02-28T14:26:51.653+0300][104.225s][info][gc,task     ] GC(40) Using 1 of 3 workers for concurrent reference update
[2021-02-28T14:26:52.198+0300][104.771s][info][gc          ] GC(40) Concurrent update references 545.760ms
[2021-02-28T14:26:52.220+0300][104.792s][info][gc,start    ] GC(40) Pause Final Update Refs
[2021-02-28T14:26:52.220+0300][104.792s][info][gc,task     ] GC(40) Using 3 of 3 workers for final reference update
[2021-02-28T14:26:52.220+0300][104.792s][info][gc          ] GC(40) Pause Final Update Refs 0.242ms
[2021-02-28T14:26:52.220+0300][104.792s][info][gc,start    ] GC(40) Concurrent cleanup
[2021-02-28T14:26:52.220+0300][104.792s][info][gc          ] GC(40) Concurrent cleanup 967M->923M(1024M) 0.053ms
[2021-02-28T14:26:52.220+0300][104.792s][info][gc,ergo     ] Free: 49475K, Max: 512K regular, 48128K humongous, Frag: 2% external, 0% internal; Reserve: 52736K, Max: 512K
[2021-02-28T14:26:52.220+0300][104.792s][info][gc,stats    ] 
[2021-02-28T14:26:52.220+0300][104.792s][info][gc,stats    ] All times are wall-clock times, except per-root-class counters, that are sum over
[2021-02-28T14:26:52.220+0300][104.792s][info][gc,stats    ] all workers. Dividing the <total> over the root stage time estimates parallelism.
[2021-02-28T14:26:52.220+0300][104.792s][info][gc,stats    ] 
[2021-02-28T14:26:52.220+0300][104.792s][info][gc,stats    ] Concurrent Reset                   1237 us
[2021-02-28T14:26:52.220+0300][104.792s][info][gc,stats    ] Pause Init Mark (G)                3216 us
[2021-02-28T14:26:52.220+0300][104.792s][info][gc,stats    ] Pause Init Mark (N)                 233 us
[2021-02-28T14:26:52.220+0300][104.793s][info][gc,stats    ]   Manage TLABs                        3 us
[2021-02-28T14:26:52.220+0300][104.793s][info][gc,stats    ]   Update Region States               61 us
[2021-02-28T14:26:52.220+0300][104.793s][info][gc,stats    ]   Scan Roots                         93 us, parallelism: 0.85x
[2021-02-28T14:26:52.220+0300][104.793s][info][gc,stats    ]     S: <total>                       79 us
[2021-02-28T14:26:52.220+0300][104.793s][info][gc,stats    ]     S: Thread Roots                  76 us, workers (us):  29,  16,  31, 
[2021-02-28T14:26:52.220+0300][104.793s][info][gc,stats    ]     S: Universe Roots                 2 us, workers (us):   2, ---, ---, 
[2021-02-28T14:26:52.220+0300][104.793s][info][gc,stats    ]     S: Synchronizer Roots             0 us, workers (us):   0, ---, ---, 
[2021-02-28T14:26:52.220+0300][104.793s][info][gc,stats    ]     S: Management Roots               1 us, workers (us):   1, ---, ---, 
[2021-02-28T14:26:52.220+0300][104.793s][info][gc,stats    ]     S: JVMTI Roots                    0 us, workers (us):   0, ---, ---, 
[2021-02-28T14:26:52.220+0300][104.793s][info][gc,stats    ] Concurrent Marking              1233874 us
[2021-02-28T14:26:52.220+0300][104.793s][info][gc,stats    ]   Roots                             187 us, parallelism: 0.36x
[2021-02-28T14:26:52.220+0300][104.793s][info][gc,stats    ]     CM: <total>                      67 us
[2021-02-28T14:26:52.220+0300][104.793s][info][gc,stats    ]     CM: JNI Handles Roots             2 us, workers (us):   2, ---, ---, 
[2021-02-28T14:26:52.220+0300][104.793s][info][gc,stats    ]     CM: VM Global Roots               2 us, workers (us):   2, ---, ---, 
[2021-02-28T14:26:52.220+0300][104.793s][info][gc,stats    ]     CM: CLDG Roots                   63 us, workers (us):  63, ---, ---, 
[2021-02-28T14:26:52.220+0300][104.793s][info][gc,stats    ] Concurrent Precleaning              194 us
[2021-02-28T14:26:52.221+0300][104.793s][info][gc,stats    ] Pause Final Mark (G)              15231 us
[2021-02-28T14:26:52.221+0300][104.793s][info][gc,stats    ] Pause Final Mark (N)                550 us
[2021-02-28T14:26:52.221+0300][104.793s][info][gc,stats    ]   Finish Queues                      75 us
[2021-02-28T14:26:52.221+0300][104.793s][info][gc,stats    ]   Weak References                    20 us
[2021-02-28T14:26:52.221+0300][104.793s][info][gc,stats    ]     Process                          16 us
[2021-02-28T14:26:52.221+0300][104.793s][info][gc,stats    ]   System Purge                       63 us
[2021-02-28T14:26:52.221+0300][104.793s][info][gc,stats    ]     Weak Roots                       63 us, parallelism: 0.01x
[2021-02-28T14:26:52.221+0300][104.793s][info][gc,stats    ]       WR: <total>                     1 us
[2021-02-28T14:26:52.221+0300][104.793s][info][gc,stats    ]       WR: JVMTI Weak Roots            0 us, workers (us):   0, ---, ---, 
[2021-02-28T14:26:52.221+0300][104.793s][info][gc,stats    ]       WR: JFR Weak Roots              0 us, workers (us): ---,   0, ---, 
[2021-02-28T14:26:52.221+0300][104.793s][info][gc,stats    ]   Update Region States               58 us
[2021-02-28T14:26:52.221+0300][104.793s][info][gc,stats    ]   Manage GC/TLABs                     3 us
[2021-02-28T14:26:52.221+0300][104.793s][info][gc,stats    ]   Choose Collection Set             117 us
[2021-02-28T14:26:52.221+0300][104.793s][info][gc,stats    ]   Rebuild Free Set                   11 us
[2021-02-28T14:26:52.221+0300][104.793s][info][gc,stats    ]   Initial Evacuation                147 us, parallelism: 0.79x
[2021-02-28T14:26:52.221+0300][104.793s][info][gc,stats    ]     E: <total>                      116 us
[2021-02-28T14:26:52.221+0300][104.793s][info][gc,stats    ]     E: Thread Roots                 109 us, workers (us):  60,  20,  29, 
[2021-02-28T14:26:52.221+0300][104.793s][info][gc,stats    ]     E: Universe Roots                 4 us, workers (us):   4, ---, ---, 
[2021-02-28T14:26:52.221+0300][104.793s][info][gc,stats    ]     E: JVMTI Weak Roots               0 us, workers (us):   0, ---, ---, 
[2021-02-28T14:26:52.221+0300][104.793s][info][gc,stats    ]     E: JFR Weak Roots                 0 us, workers (us):   0, ---, ---, 
[2021-02-28T14:26:52.221+0300][104.793s][info][gc,stats    ]     E: Synchronizer Roots             0 us, workers (us):   0, ---, ---, 
[2021-02-28T14:26:52.221+0300][104.793s][info][gc,stats    ]     E: Management Roots               2 us, workers (us):   2, ---, ---, 
[2021-02-28T14:26:52.221+0300][104.793s][info][gc,stats    ]     E: JVMTI Roots                    0 us, workers (us):   0, ---, ---, 
[2021-02-28T14:26:52.221+0300][104.793s][info][gc,stats    ] Concurrent Weak Roots             29321 us
[2021-02-28T14:26:52.221+0300][104.793s][info][gc,stats    ]   Roots                             465 us, parallelism: 0.42x
[2021-02-28T14:26:52.221+0300][104.793s][info][gc,stats    ]     CWR: <total>                    193 us
[2021-02-28T14:26:52.221+0300][104.793s][info][gc,stats    ]     CWR: JNI Weak Roots               0 us, workers (us):   0, ---, ---, 
[2021-02-28T14:26:52.221+0300][104.793s][info][gc,stats    ]     CWR: String Table Roots         159 us, workers (us): 159, ---, ---, 
[2021-02-28T14:26:52.221+0300][104.793s][info][gc,stats    ]     CWR: Resolved Table Roots        11 us, workers (us):  11, ---, ---, 
[2021-02-28T14:26:52.221+0300][104.793s][info][gc,stats    ]     CWR: VM Weak Roots               20 us, workers (us):  20, ---, ---, 
[2021-02-28T14:26:52.221+0300][104.793s][info][gc,stats    ]     CWR: CLDG Roots                   3 us, workers (us):   3, ---, ---, 
[2021-02-28T14:26:52.221+0300][104.793s][info][gc,stats    ]   Rendezvous                      28761 us
[2021-02-28T14:26:52.221+0300][104.793s][info][gc,stats    ] Concurrent Cleanup                   46 us
[2021-02-28T14:26:52.221+0300][104.793s][info][gc,stats    ] Concurrent Class Unloading        10027 us
[2021-02-28T14:26:52.221+0300][104.793s][info][gc,stats    ]   Unlink Stale                     1477 us
[2021-02-28T14:26:52.221+0300][104.793s][info][gc,stats    ]     System Dictionary                11 us
[2021-02-28T14:26:52.221+0300][104.793s][info][gc,stats    ]     Weak Class Links                  0 us
[2021-02-28T14:26:52.221+0300][104.793s][info][gc,stats    ]     Code Roots                     1464 us
[2021-02-28T14:26:52.221+0300][104.793s][info][gc,stats    ]   Rendezvous                       8357 us
[2021-02-28T14:26:52.221+0300][104.793s][info][gc,stats    ]   Purge Unlinked                    144 us
[2021-02-28T14:26:52.221+0300][104.793s][info][gc,stats    ]     Code Roots                      143 us
[2021-02-28T14:26:52.221+0300][104.793s][info][gc,stats    ]     CLDG                              0 us
[2021-02-28T14:26:52.221+0300][104.793s][info][gc,stats    ]     Exception Caches                  0 us
[2021-02-28T14:26:52.221+0300][104.793s][info][gc,stats    ] Concurrent Strong Roots             233 us, parallelism: 0.42x
[2021-02-28T14:26:52.221+0300][104.793s][info][gc,stats    ] Rendezvous                           99 us
[2021-02-28T14:26:52.221+0300][104.793s][info][gc,stats    ]   CSR: Universe Roots                 3 us, workers (us):   3, ---, ---, 
[2021-02-28T14:26:52.221+0300][104.793s][info][gc,stats    ]   CSR: Resolved Table Roots           2 us, workers (us):   2, ---, ---, 
[2021-02-28T14:26:52.221+0300][104.793s][info][gc,stats    ]   CSR: Management Roots              94 us, workers (us):  94, ---, ---, 
[2021-02-28T14:26:52.221+0300][104.793s][info][gc,stats    ] Concurrent Evacuation              9600 us
[2021-02-28T14:26:52.221+0300][104.793s][info][gc,stats    ] Pause Init  Update Refs (G)        9301 us
[2021-02-28T14:26:52.221+0300][104.793s][info][gc,stats    ] Pause Init  Update Refs (N)          66 us
[2021-02-28T14:26:52.221+0300][104.793s][info][gc,stats    ]   Manage GCLABs                       2 us
[2021-02-28T14:26:52.221+0300][104.793s][info][gc,stats    ] Concurrent Update Refs           545797 us
[2021-02-28T14:26:52.221+0300][104.793s][info][gc,stats    ] Pause Final Update Refs (G)       21409 us
[2021-02-28T14:26:52.221+0300][104.793s][info][gc,stats    ] Pause Final Update Refs (N)         265 us
[2021-02-28T14:26:52.221+0300][104.793s][info][gc,stats    ]   Update Roots                       88 us, parallelism: 0.56x
[2021-02-28T14:26:52.221+0300][104.793s][info][gc,stats    ]     UR: <total>                      49 us
[2021-02-28T14:26:52.221+0300][104.793s][info][gc,stats    ]     UR: Thread Roots                 49 us, workers (us):  40,   9,   1, 
[2021-02-28T14:26:52.221+0300][104.793s][info][gc,stats    ]   Update Region States               90 us
[2021-02-28T14:26:52.221+0300][104.793s][info][gc,stats    ]   Trash Collection Set                3 us
[2021-02-28T14:26:52.221+0300][104.793s][info][gc,stats    ]   Rebuild Free Set                   12 us
[2021-02-28T14:26:52.221+0300][104.793s][info][gc,stats    ] Concurrent Cleanup                   68 us
[2021-02-28T14:26:52.221+0300][104.793s][info][gc,stats    ] 
[2021-02-28T14:26:52.221+0300][104.793s][info][gc,stats    ] Allocation pacing accrued:
[2021-02-28T14:26:52.221+0300][104.793s][info][gc,stats    ]       0 of  1882 ms (  0.0%): <total>
[2021-02-28T14:26:52.221+0300][104.793s][info][gc,stats    ]       0 of  1882 ms (  0.0%): <average total>
[2021-02-28T14:26:52.221+0300][104.793s][info][gc,stats    ] 
[2021-02-28T14:26:52.221+0300][104.794s][info][gc,metaspace] Metaspace: 7242K(7552K)->7242K(7552K) NonClass: 6476K(6656K)->6476K(6656K) Class: 765K(896K)->765K(896K)
[2021-02-28T14:26:52.221+0300][104.794s][info][gc,ergo     ] Pacer for Idle. Initial: 20971K, Alloc Tax Rate: 1.0x
[2021-02-28T14:26:52.223+0300][104.795s][info][gc          ] Trigger: Free (49431K) is below minimum threshold (102M)
[2021-02-28T14:26:52.223+0300][104.795s][info][gc,ergo     ] Free: 49431K, Max: 512K regular, 48128K humongous, Frag: 2% external, 0% internal; Reserve: 52736K, Max: 512K
[2021-02-28T14:26:52.223+0300][104.795s][info][gc,start    ] GC(41) Concurrent reset
[2021-02-28T14:26:52.223+0300][104.795s][info][gc,task     ] GC(41) Using 1 of 3 workers for concurrent reset
[2021-02-28T14:26:52.223+0300][104.795s][info][gc,ergo     ] GC(41) Pacer for Reset. Non-Taxable: 1024M
[2021-02-28T14:26:52.224+0300][104.796s][info][gc          ] GC(41) Concurrent reset 1.087ms
[2021-02-28T14:26:52.227+0300][104.799s][info][gc,start    ] GC(41) Pause Init Mark (unload classes)
[2021-02-28T14:26:52.227+0300][104.799s][info][gc,task     ] GC(41) Using 3 of 3 workers for init marking
[2021-02-28T14:26:52.227+0300][104.799s][info][gc,ergo     ] GC(41) Pacer for Mark. Expected Live: 922M, Free: 49431K, Non-Taxable: 4943K, Alloc Tax Rate: 23.4x
[2021-02-28T14:26:52.227+0300][104.799s][info][gc          ] GC(41) Pause Init Mark (unload classes) 0.273ms
[2021-02-28T14:26:52.227+0300][104.799s][info][gc,start    ] GC(41) Concurrent marking (unload classes)
[2021-02-28T14:26:52.227+0300][104.799s][info][gc,task     ] GC(41) Using 1 of 3 workers for concurrent marking
[2021-02-28T14:26:53.468+0300][106.041s][info][gc          ] GC(41) Concurrent marking (unload classes) 1241.649ms
[2021-02-28T14:26:53.484+0300][106.056s][info][gc,start    ] GC(41) Pause Final Mark (unload classes)
[2021-02-28T14:26:53.484+0300][106.056s][info][gc,task     ] GC(41) Using 3 of 3 workers for final marking
[2021-02-28T14:26:53.484+0300][106.056s][info][gc,ergo     ] GC(41) Adaptive CSet Selection. Target Free: 145M, Actual Free: 101376K, Max CSet: 43690K, Min Garbage: 47172K
[2021-02-28T14:26:53.484+0300][106.056s][info][gc,ergo     ] GC(41) Collectable Garbage: 1249K (96%), Immediate: 0B (0%), CSet: 1249K (96%)
[2021-02-28T14:26:53.484+0300][106.057s][info][gc,ergo     ] GC(41) Pacer for Evacuation. Used CSet: 44938K, Free: 48640K, Non-Taxable: 4864K, Alloc Tax Rate: 2.3x
[2021-02-28T14:26:53.484+0300][106.057s][info][gc          ] GC(41) Pause Final Mark (unload classes) 0.669ms
[2021-02-28T14:26:53.484+0300][106.057s][info][gc,start    ] GC(41) Concurrent weak roots
[2021-02-28T14:26:53.484+0300][106.057s][info][gc,task     ] GC(41) Using 1 of 3 workers for concurrent weak root
[2021-02-28T14:26:53.514+0300][106.086s][info][gc          ] GC(41) Concurrent weak roots 29.131ms
[2021-02-28T14:26:53.514+0300][106.086s][info][gc,start    ] GC(41) Concurrent cleanup
[2021-02-28T14:26:53.514+0300][106.086s][info][gc          ] GC(41) Concurrent cleanup 966M->966M(1024M) 0.029ms
[2021-02-28T14:26:53.514+0300][106.086s][info][gc,ergo     ] GC(41) Free: 48613K, Max: 512K regular, 48128K humongous, Frag: 0% external, 0% internal; Reserve: 9728K, Max: 512K
[2021-02-28T14:26:53.514+0300][106.086s][info][gc,start    ] GC(41) Concurrent class unloading
[2021-02-28T14:26:53.514+0300][106.086s][info][gc,task     ] GC(41) Using 1 of 3 workers for concurrent class unloading
[2021-02-28T14:26:53.524+0300][106.096s][info][gc          ] GC(41) Concurrent class unloading 10.020ms
[2021-02-28T14:26:53.524+0300][106.096s][info][gc,start    ] GC(41) Concurrent strong roots
[2021-02-28T14:26:53.524+0300][106.096s][info][gc,task     ] GC(41) Using 1 of 3 workers for concurrent strong root
[2021-02-28T14:26:53.524+0300][106.096s][info][gc          ] GC(41) Concurrent strong roots 0.216ms
[2021-02-28T14:26:53.524+0300][106.096s][info][gc,start    ] GC(41) Concurrent evacuation
[2021-02-28T14:26:53.524+0300][106.096s][info][gc,task     ] GC(41) Using 1 of 3 workers for concurrent evacuation
[2021-02-28T14:26:53.533+0300][106.106s][info][gc          ] GC(41) Concurrent evacuation 9.925ms
[2021-02-28T14:26:53.543+0300][106.115s][info][gc,start    ] GC(41) Pause Init Update Refs
[2021-02-28T14:26:53.543+0300][106.115s][info][gc,ergo     ] GC(41) Pacer for Update Refs. Used: 967M, Free: 48613K, Non-Taxable: 4861K, Alloc Tax Rate: 24.9x
[2021-02-28T14:26:53.543+0300][106.115s][info][gc          ] GC(41) Pause Init Update Refs 0.050ms
[2021-02-28T14:26:53.543+0300][106.115s][info][gc,start    ] GC(41) Concurrent update references
[2021-02-28T14:26:53.543+0300][106.115s][info][gc,task     ] GC(41) Using 1 of 3 workers for concurrent reference update
[2021-02-28T14:26:54.088+0300][106.661s][info][gc          ] GC(41) Concurrent update references 545.992ms
[2021-02-28T14:26:54.107+0300][106.680s][info][gc,start    ] GC(41) Pause Final Update Refs
[2021-02-28T14:26:54.107+0300][106.680s][info][gc,task     ] GC(41) Using 3 of 3 workers for final reference update
[2021-02-28T14:26:54.107+0300][106.680s][info][gc          ] GC(41) Pause Final Update Refs 0.182ms
[2021-02-28T14:26:54.107+0300][106.680s][info][gc,start    ] GC(41) Concurrent cleanup
[2021-02-28T14:26:54.107+0300][106.680s][info][gc          ] GC(41) Concurrent cleanup 967M->923M(1024M) 0.044ms
[2021-02-28T14:26:54.107+0300][106.680s][info][gc,ergo     ] Free: 49451K, Max: 512K regular, 48640K humongous, Frag: 0% external, 0% internal; Reserve: 52736K, Max: 512K
[2021-02-28T14:26:54.107+0300][106.680s][info][gc,stats    ] 
[2021-02-28T14:26:54.107+0300][106.680s][info][gc,stats    ] All times are wall-clock times, except per-root-class counters, that are sum over
[2021-02-28T14:26:54.107+0300][106.680s][info][gc,stats    ] all workers. Dividing the <total> over the root stage time estimates parallelism.
[2021-02-28T14:26:54.107+0300][106.680s][info][gc,stats    ] 
[2021-02-28T14:26:54.107+0300][106.680s][info][gc,stats    ] Concurrent Reset                   1140 us
[2021-02-28T14:26:54.107+0300][106.680s][info][gc,stats    ] Pause Init Mark (G)                3361 us
[2021-02-28T14:26:54.107+0300][106.680s][info][gc,stats    ] Pause Init Mark (N)                 287 us
[2021-02-28T14:26:54.107+0300][106.680s][info][gc,stats    ]   Manage TLABs                        3 us
[2021-02-28T14:26:54.107+0300][106.680s][info][gc,stats    ]   Update Region States               85 us
[2021-02-28T14:26:54.107+0300][106.680s][info][gc,stats    ]   Scan Roots                        119 us, parallelism: 0.69x
[2021-02-28T14:26:54.107+0300][106.680s][info][gc,stats    ]     S: <total>                       82 us
[2021-02-28T14:26:54.107+0300][106.680s][info][gc,stats    ]     S: Thread Roots                  78 us, workers (us):  23,  34,  21, 
[2021-02-28T14:26:54.107+0300][106.680s][info][gc,stats    ]     S: Universe Roots                 2 us, workers (us):   2, ---, ---, 
[2021-02-28T14:26:54.107+0300][106.680s][info][gc,stats    ]     S: Synchronizer Roots             0 us, workers (us): ---, ---,   0, 
[2021-02-28T14:26:54.107+0300][106.680s][info][gc,stats    ]     S: Management Roots               2 us, workers (us): ---,   2, ---, 
[2021-02-28T14:26:54.107+0300][106.680s][info][gc,stats    ]     S: JVMTI Roots                    0 us, workers (us): ---, ---,   0, 
[2021-02-28T14:26:54.107+0300][106.680s][info][gc,stats    ] Concurrent Marking              1241686 us
[2021-02-28T14:26:54.107+0300][106.680s][info][gc,stats    ]   Roots                             151 us, parallelism: 0.44x
[2021-02-28T14:26:54.107+0300][106.680s][info][gc,stats    ]     CM: <total>                      66 us
[2021-02-28T14:26:54.107+0300][106.680s][info][gc,stats    ]     CM: JNI Handles Roots             2 us, workers (us):   2, ---, ---, 
[2021-02-28T14:26:54.107+0300][106.680s][info][gc,stats    ]     CM: VM Global Roots               2 us, workers (us):   2, ---, ---, 
[2021-02-28T14:26:54.107+0300][106.681s][info][gc,stats    ]     CM: CLDG Roots                   62 us, workers (us):  62, ---, ---, 
[2021-02-28T14:26:54.107+0300][106.681s][info][gc,stats    ] Pause Final Mark (G)              15659 us
[2021-02-28T14:26:54.107+0300][106.681s][info][gc,stats    ] Pause Final Mark (N)                683 us
[2021-02-28T14:26:54.107+0300][106.681s][info][gc,stats    ]   Finish Queues                     103 us
[2021-02-28T14:26:54.107+0300][106.681s][info][gc,stats    ]   System Purge                      100 us
[2021-02-28T14:26:54.107+0300][106.681s][info][gc,stats    ]     Weak Roots                      100 us, parallelism: 0.01x
[2021-02-28T14:26:54.107+0300][106.681s][info][gc,stats    ]       WR: <total>                     1 us
[2021-02-28T14:26:54.107+0300][106.681s][info][gc,stats    ]       WR: JVMTI Weak Roots            0 us, workers (us):   0, ---, ---, 
[2021-02-28T14:26:54.107+0300][106.681s][info][gc,stats    ]       WR: JFR Weak Roots              0 us, workers (us): ---,   0, ---, 
[2021-02-28T14:26:54.107+0300][106.681s][info][gc,stats    ]   Update Region States               94 us
[2021-02-28T14:26:54.107+0300][106.681s][info][gc,stats    ]   Manage GC/TLABs                     4 us
[2021-02-28T14:26:54.107+0300][106.681s][info][gc,stats    ]   Choose Collection Set             124 us
[2021-02-28T14:26:54.107+0300][106.681s][info][gc,stats    ]   Rebuild Free Set                   11 us
[2021-02-28T14:26:54.107+0300][106.681s][info][gc,stats    ]   Initial Evacuation                178 us, parallelism: 0.64x
[2021-02-28T14:26:54.107+0300][106.681s][info][gc,stats    ]     E: <total>                      115 us
[2021-02-28T14:26:54.107+0300][106.681s][info][gc,stats    ]     E: Thread Roots                 108 us, workers (us):  58,  21,  30, 
[2021-02-28T14:26:54.107+0300][106.681s][info][gc,stats    ]     E: Universe Roots                 4 us, workers (us):   4, ---, ---, 
[2021-02-28T14:26:54.108+0300][106.681s][info][gc,stats    ]     E: JVMTI Weak Roots               0 us, workers (us):   0, ---, ---, 
[2021-02-28T14:26:54.108+0300][106.681s][info][gc,stats    ]     E: JFR Weak Roots                 0 us, workers (us):   0, ---, ---, 
[2021-02-28T14:26:54.108+0300][106.681s][info][gc,stats    ]     E: Synchronizer Roots             0 us, workers (us):   0, ---, ---, 
[2021-02-28T14:26:54.108+0300][106.681s][info][gc,stats    ]     E: Management Roots               2 us, workers (us):   2, ---, ---, 
[2021-02-28T14:26:54.108+0300][106.681s][info][gc,stats    ]     E: JVMTI Roots                    0 us, workers (us):   0, ---, ---, 
[2021-02-28T14:26:54.108+0300][106.681s][info][gc,stats    ] Concurrent Weak Roots             29168 us
[2021-02-28T14:26:54.108+0300][106.681s][info][gc,stats    ]   Roots                             470 us, parallelism: 0.39x
[2021-02-28T14:26:54.108+0300][106.681s][info][gc,stats    ]     CWR: <total>                    182 us
[2021-02-28T14:26:54.108+0300][106.681s][info][gc,stats    ]     CWR: JNI Weak Roots               0 us, workers (us):   0, ---, ---, 
[2021-02-28T14:26:54.108+0300][106.681s][info][gc,stats    ]     CWR: String Table Roots         159 us, workers (us): 159, ---, ---, 
[2021-02-28T14:26:54.108+0300][106.681s][info][gc,stats    ]     CWR: Resolved Table Roots        11 us, workers (us):  11, ---, ---, 
[2021-02-28T14:26:54.108+0300][106.681s][info][gc,stats    ]     CWR: VM Weak Roots                8 us, workers (us):   8, ---, ---, 
[2021-02-28T14:26:54.108+0300][106.681s][info][gc,stats    ]     CWR: CLDG Roots                   4 us, workers (us):   4, ---, ---, 
[2021-02-28T14:26:54.108+0300][106.681s][info][gc,stats    ]   Rendezvous                      28616 us
[2021-02-28T14:26:54.108+0300][106.681s][info][gc,stats    ] Concurrent Cleanup                   43 us
[2021-02-28T14:26:54.108+0300][106.681s][info][gc,stats    ] Concurrent Class Unloading        10051 us
[2021-02-28T14:26:54.108+0300][106.681s][info][gc,stats    ]   Unlink Stale                     1396 us
[2021-02-28T14:26:54.108+0300][106.681s][info][gc,stats    ]     System Dictionary                10 us
[2021-02-28T14:26:54.108+0300][106.681s][info][gc,stats    ]     Weak Class Links                  0 us
[2021-02-28T14:26:54.108+0300][106.681s][info][gc,stats    ]     Code Roots                     1386 us
[2021-02-28T14:26:54.108+0300][106.681s][info][gc,stats    ]   Rendezvous                       8451 us
[2021-02-28T14:26:54.108+0300][106.681s][info][gc,stats    ]   Purge Unlinked                    147 us
[2021-02-28T14:26:54.108+0300][106.681s][info][gc,stats    ]     Code Roots                      147 us
[2021-02-28T14:26:54.108+0300][106.681s][info][gc,stats    ]     CLDG                              0 us
[2021-02-28T14:26:54.108+0300][106.681s][info][gc,stats    ]     Exception Caches                  0 us
[2021-02-28T14:26:54.108+0300][106.681s][info][gc,stats    ] Concurrent Strong Roots             239 us, parallelism: 0.44x
[2021-02-28T14:26:54.108+0300][106.681s][info][gc,stats    ] Rendezvous                          104 us
[2021-02-28T14:26:54.108+0300][106.681s][info][gc,stats    ]   CSR: Universe Roots                 3 us, workers (us):   3, ---, ---, 
[2021-02-28T14:26:54.108+0300][106.681s][info][gc,stats    ]   CSR: Resolved Table Roots           2 us, workers (us):   2, ---, ---, 
[2021-02-28T14:26:54.108+0300][106.681s][info][gc,stats    ]   CSR: Management Roots              99 us, workers (us):  99, ---, ---, 
[2021-02-28T14:26:54.108+0300][106.681s][info][gc,stats    ] Concurrent Evacuation              9957 us
[2021-02-28T14:26:54.108+0300][106.681s][info][gc,stats    ] Pause Init  Update Refs (G)        8810 us
[2021-02-28T14:26:54.108+0300][106.681s][info][gc,stats    ] Pause Init  Update Refs (N)          62 us
[2021-02-28T14:26:54.108+0300][106.681s][info][gc,stats    ]   Manage GCLABs                       2 us
[2021-02-28T14:26:54.108+0300][106.681s][info][gc,stats    ] Concurrent Update Refs           546028 us
[2021-02-28T14:26:54.108+0300][106.681s][info][gc,stats    ] Pause Final Update Refs (G)       19151 us
[2021-02-28T14:26:54.108+0300][106.681s][info][gc,stats    ] Pause Final Update Refs (N)         207 us
[2021-02-28T14:26:54.108+0300][106.681s][info][gc,stats    ]   Update Roots                       60 us, parallelism: 0.90x
[2021-02-28T14:26:54.108+0300][106.681s][info][gc,stats    ]     UR: <total>                      54 us
[2021-02-28T14:26:54.108+0300][106.681s][info][gc,stats    ]     UR: Thread Roots                 54 us, workers (us):  45,   7,   1, 
[2021-02-28T14:26:54.108+0300][106.681s][info][gc,stats    ]   Update Region States               60 us
[2021-02-28T14:26:54.108+0300][106.681s][info][gc,stats    ]   Trash Collection Set                3 us
[2021-02-28T14:26:54.108+0300][106.681s][info][gc,stats    ]   Rebuild Free Set                   14 us
[2021-02-28T14:26:54.108+0300][106.681s][info][gc,stats    ] Concurrent Cleanup                   60 us
[2021-02-28T14:26:54.108+0300][106.681s][info][gc,stats    ] 
[2021-02-28T14:26:54.108+0300][106.681s][info][gc,stats    ] Allocation pacing accrued:
[2021-02-28T14:26:54.108+0300][106.681s][info][gc,stats    ]       0 of  1888 ms (  0.0%): <total>
[2021-02-28T14:26:54.108+0300][106.681s][info][gc,stats    ]       0 of  1888 ms (  0.0%): <average total>
[2021-02-28T14:26:54.108+0300][106.681s][info][gc,stats    ] 
[2021-02-28T14:26:54.108+0300][106.681s][info][gc,metaspace] Metaspace: 7242K(7552K)->7242K(7552K) NonClass: 6476K(6656K)->6477K(6656K) Class: 765K(896K)->765K(896K)
[2021-02-28T14:26:54.108+0300][106.681s][info][gc,ergo     ] Pacer for Idle. Initial: 20971K, Alloc Tax Rate: 1.0x
[2021-02-28T14:26:54.110+0300][106.683s][info][gc          ] Trigger: Free (49414K) is below minimum threshold (102M)
[2021-02-28T14:26:54.110+0300][106.683s][info][gc,ergo     ] Free: 49414K, Max: 512K regular, 48640K humongous, Frag: 0% external, 0% internal; Reserve: 52736K, Max: 512K
[2021-02-28T14:26:54.110+0300][106.683s][info][gc,start    ] GC(42) Concurrent reset
[2021-02-28T14:26:54.110+0300][106.683s][info][gc,task     ] GC(42) Using 1 of 3 workers for concurrent reset
[2021-02-28T14:26:54.110+0300][106.683s][info][gc,ergo     ] GC(42) Pacer for Reset. Non-Taxable: 1024M
[2021-02-28T14:26:54.111+0300][106.684s][info][gc          ] GC(42) Concurrent reset 1.065ms
[2021-02-28T14:26:54.114+0300][106.687s][info][gc,start    ] GC(42) Pause Init Mark (unload classes)
[2021-02-28T14:26:54.114+0300][106.687s][info][gc,task     ] GC(42) Using 3 of 3 workers for init marking
[2021-02-28T14:26:54.114+0300][106.687s][info][gc,ergo     ] GC(42) Pacer for Mark. Expected Live: 922M, Free: 49414K, Non-Taxable: 4941K, Alloc Tax Rate: 23.4x
[2021-02-28T14:26:54.114+0300][106.687s][info][gc          ] GC(42) Pause Init Mark (unload classes) 0.191ms
[2021-02-28T14:26:54.114+0300][106.687s][info][gc,start    ] GC(42) Concurrent marking (unload classes)
[2021-02-28T14:26:54.114+0300][106.687s][info][gc,task     ] GC(42) Using 1 of 3 workers for concurrent marking
[2021-02-28T14:26:55.356+0300][107.929s][info][gc          ] GC(42) Concurrent marking (unload classes) 1241.643ms
[2021-02-28T14:26:55.356+0300][107.929s][info][gc,start    ] GC(42) Pause Final Mark (unload classes)
[2021-02-28T14:26:55.356+0300][107.929s][info][gc,task     ] GC(42) Using 3 of 3 workers for final marking
[2021-02-28T14:26:55.356+0300][107.929s][info][gc,ergo     ] GC(42) Adaptive CSet Selection. Target Free: 145M, Actual Free: 86528K, Max CSet: 43690K, Min Garbage: 62020K
[2021-02-28T14:26:55.356+0300][107.930s][info][gc,ergo     ] GC(42) Collectable Garbage: 1246K (96%), Immediate: 0B (0%), CSet: 1246K (96%)
[2021-02-28T14:26:55.356+0300][107.930s][info][gc,ergo     ] GC(42) Pacer for Evacuation. Used CSet: 44544K, Free: 33792K, Non-Taxable: 3379K, Alloc Tax Rate: 3.2x
[2021-02-28T14:26:55.356+0300][107.930s][info][gc          ] GC(42) Pause Final Mark (unload classes) 0.619ms
[2021-02-28T14:26:55.357+0300][107.930s][info][gc,start    ] GC(42) Concurrent weak roots
[2021-02-28T14:26:55.357+0300][107.930s][info][gc,task     ] GC(42) Using 1 of 3 workers for concurrent weak root
[2021-02-28T14:26:55.357+0300][107.931s][info][gc          ] GC(42) Concurrent weak roots 0.704ms
[2021-02-28T14:26:55.357+0300][107.931s][info][gc,start    ] GC(42) Concurrent cleanup
[2021-02-28T14:26:55.357+0300][107.931s][info][gc          ] GC(42) Concurrent cleanup 943M->943M(1024M) 0.025ms
[2021-02-28T14:26:55.357+0300][107.931s][info][gc,ergo     ] GC(42) Free: 30208K, Max: 512K regular, 30208K humongous, Frag: 0% external, 0% internal; Reserve: 52302K, Max: 512K
[2021-02-28T14:26:55.357+0300][107.931s][info][gc,start    ] GC(42) Concurrent class unloading
[2021-02-28T14:26:55.357+0300][107.931s][info][gc,task     ] GC(42) Using 1 of 3 workers for concurrent class unloading
[2021-02-28T14:26:55.360+0300][107.932s][info][gc          ] GC(42) Concurrent class unloading 1.529ms
[2021-02-28T14:26:55.360+0300][107.932s][info][gc,start    ] GC(42) Concurrent strong roots
[2021-02-28T14:26:55.360+0300][107.932s][info][gc,task     ] GC(42) Using 1 of 3 workers for concurrent strong root
[2021-02-28T14:26:55.360+0300][107.932s][info][gc          ] GC(42) Concurrent strong roots 0.198ms
[2021-02-28T14:26:55.360+0300][107.932s][info][gc,start    ] GC(42) Concurrent evacuation
[2021-02-28T14:26:55.360+0300][107.932s][info][gc,task     ] GC(42) Using 1 of 3 workers for concurrent evacuation
[2021-02-28T14:26:55.380+0300][107.952s][info][gc          ] GC(42) Concurrent evacuation 19.504ms
[2021-02-28T14:26:55.380+0300][107.952s][info][gc,start    ] GC(42) Pause Init Update Refs
[2021-02-28T14:26:55.380+0300][107.952s][info][gc,ergo     ] GC(42) Pacer for Update Refs. Used: 994M, Free: 20992K, Non-Taxable: 2099K, Alloc Tax Rate: 59.3x
[2021-02-28T14:26:55.380+0300][107.952s][info][gc          ] GC(42) Pause Init Update Refs 0.040ms
[2021-02-28T14:26:55.380+0300][107.952s][info][gc,start    ] GC(42) Concurrent update references
[2021-02-28T14:26:55.380+0300][107.952s][info][gc,task     ] GC(42) Using 1 of 3 workers for concurrent reference update
[2021-02-28T14:26:55.829+0300][108.401s][info][gc          ] Failed to allocate TLAB, 2680B
[2021-02-28T14:26:55.829+0300][108.401s][info][gc          ] Cancelling GC: Allocation Failure
[2021-02-28T14:26:55.829+0300][108.401s][info][gc          ] GC(42) Concurrent update references 448.831ms
[2021-02-28T14:26:55.829+0300][108.401s][info][gc,ergo     ] Free: 0B, Max: 0B regular, 0B humongous, Frag: 0% external, 0% internal; Reserve: 8704K, Max: 512K
[2021-02-28T14:26:55.829+0300][108.401s][info][gc,stats    ] 
[2021-02-28T14:26:55.829+0300][108.401s][info][gc,stats    ] All times are wall-clock times, except per-root-class counters, that are sum over
[2021-02-28T14:26:55.829+0300][108.401s][info][gc,stats    ] all workers. Dividing the <total> over the root stage time estimates parallelism.
[2021-02-28T14:26:55.829+0300][108.401s][info][gc,stats    ] 
[2021-02-28T14:26:55.829+0300][108.401s][info][gc,stats    ] Concurrent Reset                   1117 us
[2021-02-28T14:26:55.829+0300][108.401s][info][gc,stats    ] Pause Init Mark (G)                3291 us
[2021-02-28T14:26:55.829+0300][108.401s][info][gc,stats    ] Pause Init Mark (N)                 257 us
[2021-02-28T14:26:55.829+0300][108.401s][info][gc,stats    ]   Manage TLABs                        3 us
[2021-02-28T14:26:55.829+0300][108.401s][info][gc,stats    ]   Update Region States               60 us
[2021-02-28T14:26:55.829+0300][108.401s][info][gc,stats    ]   Scan Roots                         64 us, parallelism: 1.21x
[2021-02-28T14:26:55.829+0300][108.401s][info][gc,stats    ]     S: <total>                       77 us
[2021-02-28T14:26:55.829+0300][108.401s][info][gc,stats    ]     S: Thread Roots                  73 us, workers (us):  43,  29,   1, 
[2021-02-28T14:26:55.829+0300][108.401s][info][gc,stats    ]     S: Universe Roots                 2 us, workers (us):   2, ---, ---, 
[2021-02-28T14:26:55.829+0300][108.401s][info][gc,stats    ]     S: Synchronizer Roots             0 us, workers (us):   0, ---, ---, 
[2021-02-28T14:26:55.829+0300][108.401s][info][gc,stats    ]     S: Management Roots               1 us, workers (us):   1, ---, ---, 
[2021-02-28T14:26:55.829+0300][108.401s][info][gc,stats    ]     S: JVMTI Roots                    0 us, workers (us):   0, ---, ---, 
[2021-02-28T14:26:55.829+0300][108.401s][info][gc,stats    ] Concurrent Marking              1241680 us
[2021-02-28T14:26:55.829+0300][108.401s][info][gc,stats    ]   Roots                             152 us, parallelism: 0.44x
[2021-02-28T14:26:55.829+0300][108.401s][info][gc,stats    ]     CM: <total>                      67 us
[2021-02-28T14:26:55.829+0300][108.401s][info][gc,stats    ]     CM: JNI Handles Roots             2 us, workers (us):   2, ---, ---, 
[2021-02-28T14:26:55.829+0300][108.401s][info][gc,stats    ]     CM: VM Global Roots               2 us, workers (us):   2, ---, ---, 
[2021-02-28T14:26:55.829+0300][108.401s][info][gc,stats    ]     CM: CLDG Roots                   63 us, workers (us):  63, ---, ---, 
[2021-02-28T14:26:55.829+0300][108.401s][info][gc,stats    ] Pause Final Mark (G)                917 us
[2021-02-28T14:26:55.829+0300][108.401s][info][gc,stats    ] Pause Final Mark (N)                632 us
[2021-02-28T14:26:55.829+0300][108.401s][info][gc,stats    ]   Finish Queues                     101 us
[2021-02-28T14:26:55.829+0300][108.401s][info][gc,stats    ]   System Purge                      101 us
[2021-02-28T14:26:55.829+0300][108.401s][info][gc,stats    ]     Weak Roots                      101 us, parallelism: 0.01x
[2021-02-28T14:26:55.829+0300][108.401s][info][gc,stats    ]       WR: <total>                     1 us
[2021-02-28T14:26:55.829+0300][108.401s][info][gc,stats    ]       WR: JVMTI Weak Roots            0 us, workers (us):   0, ---, ---, 
[2021-02-28T14:26:55.829+0300][108.401s][info][gc,stats    ]       WR: JFR Weak Roots              0 us, workers (us):   0, ---, ---, 
[2021-02-28T14:26:55.829+0300][108.401s][info][gc,stats    ]   Update Region States               99 us
[2021-02-28T14:26:55.829+0300][108.401s][info][gc,stats    ]   Manage GC/TLABs                     3 us
[2021-02-28T14:26:55.829+0300][108.401s][info][gc,stats    ]   Choose Collection Set             118 us
[2021-02-28T14:26:55.829+0300][108.401s][info][gc,stats    ]   Rebuild Free Set                   11 us
[2021-02-28T14:26:55.829+0300][108.401s][info][gc,stats    ]   Initial Evacuation                145 us, parallelism: 0.76x
[2021-02-28T14:26:55.829+0300][108.401s][info][gc,stats    ]     E: <total>                      110 us
[2021-02-28T14:26:55.829+0300][108.402s][info][gc,stats    ]     E: Thread Roots                 104 us, workers (us):  57,  19,  27, 
[2021-02-28T14:26:55.829+0300][108.402s][info][gc,stats    ]     E: Universe Roots                 4 us, workers (us):   4, ---, ---, 
[2021-02-28T14:26:55.829+0300][108.402s][info][gc,stats    ]     E: JVMTI Weak Roots               0 us, workers (us):   0, ---, ---, 
[2021-02-28T14:26:55.829+0300][108.402s][info][gc,stats    ]     E: JFR Weak Roots                 0 us, workers (us):   0, ---, ---, 
[2021-02-28T14:26:55.829+0300][108.402s][info][gc,stats    ]     E: Synchronizer Roots             0 us, workers (us):   0, ---, ---, 
[2021-02-28T14:26:55.829+0300][108.402s][info][gc,stats    ]     E: Management Roots               2 us, workers (us):   2, ---, ---, 
[2021-02-28T14:26:55.829+0300][108.402s][info][gc,stats    ]     E: JVMTI Roots                    0 us, workers (us):   0, ---, ---, 
[2021-02-28T14:26:55.829+0300][108.402s][info][gc,stats    ] Concurrent Weak Roots               726 us
[2021-02-28T14:26:55.829+0300][108.402s][info][gc,stats    ]   Roots                             545 us, parallelism: 0.32x
[2021-02-28T14:26:55.829+0300][108.402s][info][gc,stats    ]     CWR: <total>                    177 us
[2021-02-28T14:26:55.829+0300][108.402s][info][gc,stats    ]     CWR: JNI Weak Roots               0 us, workers (us):   0, ---, ---, 
[2021-02-28T14:26:55.829+0300][108.402s][info][gc,stats    ]     CWR: String Table Roots         155 us, workers (us): 155, ---, ---, 
[2021-02-28T14:26:55.829+0300][108.402s][info][gc,stats    ]     CWR: Resolved Table Roots        11 us, workers (us):  11, ---, ---, 
[2021-02-28T14:26:55.829+0300][108.402s][info][gc,stats    ]     CWR: VM Weak Roots                7 us, workers (us):   7, ---, ---, 
[2021-02-28T14:26:55.829+0300][108.402s][info][gc,stats    ]     CWR: CLDG Roots                   4 us, workers (us):   4, ---, ---, 
[2021-02-28T14:26:55.829+0300][108.402s][info][gc,stats    ]   Rendezvous                        106 us
[2021-02-28T14:26:55.829+0300][108.402s][info][gc,stats    ] Concurrent Cleanup                   39 us
[2021-02-28T14:26:55.829+0300][108.402s][info][gc,stats    ] Concurrent Class Unloading         1551 us
[2021-02-28T14:26:55.829+0300][108.402s][info][gc,stats    ]   Unlink Stale                     1280 us
[2021-02-28T14:26:55.829+0300][108.402s][info][gc,stats    ]     System Dictionary                 4 us
[2021-02-28T14:26:55.829+0300][108.402s][info][gc,stats    ]     Weak Class Links                  0 us
[2021-02-28T14:26:55.830+0300][108.402s][info][gc,stats    ]     Code Roots                     1276 us
[2021-02-28T14:26:55.830+0300][108.402s][info][gc,stats    ]   Rendezvous                        119 us
[2021-02-28T14:26:55.830+0300][108.402s][info][gc,stats    ]   Purge Unlinked                    107 us
[2021-02-28T14:26:55.830+0300][108.402s][info][gc,stats    ]     Code Roots                      106 us
[2021-02-28T14:26:55.830+0300][108.402s][info][gc,stats    ]     CLDG                              0 us
[2021-02-28T14:26:55.830+0300][108.402s][info][gc,stats    ]     Exception Caches                  0 us
[2021-02-28T14:26:55.830+0300][108.402s][info][gc,stats    ] Concurrent Strong Roots             219 us, parallelism: 0.44x
[2021-02-28T14:26:55.830+0300][108.402s][info][gc,stats    ] Rendezvous                           96 us
[2021-02-28T14:26:55.830+0300][108.402s][info][gc,stats    ]   CSR: Universe Roots                 2 us, workers (us):   2, ---, ---, 
[2021-02-28T14:26:55.830+0300][108.402s][info][gc,stats    ]   CSR: Resolved Table Roots           2 us, workers (us):   2, ---, ---, 
[2021-02-28T14:26:55.830+0300][108.402s][info][gc,stats    ]   CSR: Management Roots              92 us, workers (us):  92, ---, ---, 
[2021-02-28T14:26:55.830+0300][108.402s][info][gc,stats    ] Concurrent Evacuation             19537 us
[2021-02-28T14:26:55.830+0300][108.402s][info][gc,stats    ] Pause Init  Update Refs (G)         307 us
[2021-02-28T14:26:55.830+0300][108.402s][info][gc,stats    ] Pause Init  Update Refs (N)          52 us
[2021-02-28T14:26:55.830+0300][108.402s][info][gc,stats    ]   Manage GCLABs                       2 us
[2021-02-28T14:26:55.830+0300][108.402s][info][gc,stats    ] Concurrent Update Refs           448853 us
[2021-02-28T14:26:55.830+0300][108.402s][info][gc,stats    ] Pacing                           801447 us
[2021-02-28T14:26:55.830+0300][108.402s][info][gc,stats    ] 
[2021-02-28T14:26:55.830+0300][108.402s][info][gc,stats    ] Allocation pacing accrued:
[2021-02-28T14:26:55.830+0300][108.402s][info][gc,stats    ]     694 of  1721 ms ( 40.3%): main
[2021-02-28T14:26:55.830+0300][108.402s][info][gc,stats    ]      12 of  1721 ms (  0.7%): RMI TCP Accept-0
[2021-02-28T14:26:55.830+0300][108.402s][info][gc,stats    ]      96 of  1721 ms (  5.6%): RMI TCP Connection(4)-172.22.16.1
[2021-02-28T14:26:55.830+0300][108.402s][info][gc,stats    ]     801 of  1721 ms ( 46.6%): <total>
[2021-02-28T14:26:55.830+0300][108.402s][info][gc,stats    ]      47 of  1721 ms (  2.7%): <average total>
[2021-02-28T14:26:55.830+0300][108.402s][info][gc,stats    ]     267 of  1721 ms ( 15.5%): <average non-zero>
[2021-02-28T14:26:55.830+0300][108.402s][info][gc,stats    ] 
[2021-02-28T14:26:55.830+0300][108.402s][info][gc,metaspace] Metaspace: 7242K(7552K)->7242K(7552K) NonClass: 6477K(6656K)->6477K(6656K) Class: 765K(896K)->765K(896K)
[2021-02-28T14:26:55.830+0300][108.402s][info][gc,ergo     ] Pacer for Idle. Initial: 20971K, Alloc Tax Rate: 1.0x
[2021-02-28T14:26:55.831+0300][108.404s][info][gc          ] Trigger: Handle Allocation Failure
[2021-02-28T14:26:55.831+0300][108.404s][info][gc,ergo     ] Free: 0B, Max: 0B regular, 0B humongous, Frag: 0% external, 0% internal; Reserve: 8704K, Max: 512K
[2021-02-28T14:26:55.831+0300][108.404s][info][gc,start    ] GC(43) Pause Degenerated GC (Update Refs)
[2021-02-28T14:26:55.831+0300][108.404s][info][gc,task     ] GC(43) Using 3 of 3 workers for stw degenerated gc
[2021-02-28T14:26:55.861+0300][108.433s][info][gc,ergo     ] GC(43) Bad progress for free space: 512K, need 10485K
[2021-02-28T14:26:55.861+0300][108.433s][info][gc          ] GC(43) Cancelling GC: Upgrade To Full GC
[2021-02-28T14:26:55.862+0300][108.434s][info][gc,phases,start] GC(43) Phase 1: Mark live objects
[2021-02-28T14:26:56.270+0300][108.843s][info][gc,phases      ] GC(43) Phase 1: Mark live objects 408.604ms
[2021-02-28T14:26:56.270+0300][108.843s][info][gc,phases,start] GC(43) Phase 2: Compute new object addresses
[2021-02-28T14:26:56.454+0300][109.026s][info][gc,phases      ] GC(43) Phase 2: Compute new object addresses 183.239ms
[2021-02-28T14:26:56.454+0300][109.026s][info][gc,phases,start] GC(43) Phase 3: Adjust pointers
[2021-02-28T14:26:56.649+0300][109.222s][info][gc,phases      ] GC(43) Phase 3: Adjust pointers 196.091ms
[2021-02-28T14:26:56.649+0300][109.222s][info][gc,phases,start] GC(43) Phase 4: Move objects
[2021-02-28T14:26:56.844+0300][109.417s][info][gc,phases      ] GC(43) Phase 4: Move objects 194.384ms
[2021-02-28T14:26:56.844+0300][109.417s][info][gc,ergo        ] GC(43) Bad progress for free space: 2028K, need 10485K
[2021-02-28T14:26:56.844+0300][109.417s][info][gc             ] GC(43) Pause Degenerated GC (Update Refs) 1015M->970M(1024M) 1012.910ms
[2021-02-28T14:26:56.844+0300][109.417s][info][gc,ergo        ] Free: 1745K, Max: 512K regular, 1024K humongous, Frag: 0% external, 99% internal; Reserve: 52736K, Max: 512K
[2021-02-28T14:26:56.844+0300][109.417s][info][gc,stats       ] 
[2021-02-28T14:26:56.844+0300][109.417s][info][gc,stats       ] All times are wall-clock times, except per-root-class counters, that are sum over
[2021-02-28T14:26:56.844+0300][109.417s][info][gc,stats       ] all workers. Dividing the <total> over the root stage time estimates parallelism.
[2021-02-28T14:26:56.844+0300][109.417s][info][gc,stats       ] 
[2021-02-28T14:26:56.844+0300][109.417s][info][gc,stats       ]   Finish Work                     28473 us
[2021-02-28T14:26:56.844+0300][109.417s][info][gc,stats       ]   Update Region States               95 us
[2021-02-28T14:26:56.844+0300][109.417s][info][gc,stats       ]   Trash Collection Set                3 us
[2021-02-28T14:26:56.844+0300][109.417s][info][gc,stats       ]   Rebuild Free Set                   11 us
[2021-02-28T14:26:56.844+0300][109.417s][info][gc,stats       ] Pause Degenerated GC (G)        1013192 us
[2021-02-28T14:26:56.844+0300][109.417s][info][gc,stats       ] Pause Degenerated GC (N)        1012926 us
[2021-02-28T14:26:56.844+0300][109.417s][info][gc,stats       ]   Degen Update Roots                717 us, parallelism: 2.11x
[2021-02-28T14:26:56.844+0300][109.417s][info][gc,stats       ]     DU: <total>                    1514 us
[2021-02-28T14:26:56.844+0300][109.417s][info][gc,stats       ]     DU: Thread Roots                 99 us, workers (us):  56,   1,  42, 
[2021-02-28T14:26:56.844+0300][109.417s][info][gc,stats       ]     DU: Code Cache Roots           1337 us, workers (us): 403, 534, 401, 
[2021-02-28T14:26:56.844+0300][109.417s][info][gc,stats       ]     DU: Universe Roots                1 us, workers (us):   1, ---, ---, 
[2021-02-28T14:26:56.844+0300][109.417s][info][gc,stats       ]     DU: JNI Handles Roots             1 us, workers (us):   0,   0,   0, 
[2021-02-28T14:26:56.844+0300][109.417s][info][gc,stats       ]     DU: JVMTI Weak Roots              0 us, workers (us):   0, ---, ---, 
[2021-02-28T14:26:56.844+0300][109.417s][info][gc,stats       ]     DU: JFR Weak Roots                0 us, workers (us):   0, ---, ---, 
[2021-02-28T14:26:56.844+0300][109.417s][info][gc,stats       ]     DU: JNI Weak Roots                0 us, workers (us):   0,   0,   0, 
[2021-02-28T14:26:56.844+0300][109.417s][info][gc,stats       ]     DU: String Table Roots           47 us, workers (us):  26,  11,  10, 
[2021-02-28T14:26:56.844+0300][109.417s][info][gc,stats       ]     DU: Resolved Table Roots          4 us, workers (us):   1,   1,   2, 
[2021-02-28T14:26:56.844+0300][109.417s][info][gc,stats       ]     DU: VM Global Roots               1 us, workers (us):   1,   0,   0, 
[2021-02-28T14:26:56.844+0300][109.417s][info][gc,stats       ]     DU: VM Weak Roots                 2 us, workers (us):   1,   1,   0, 
[2021-02-28T14:26:56.844+0300][109.417s][info][gc,stats       ]     DU: Synchronizer Roots            0 us, workers (us):   0, ---, ---, 
[2021-02-28T14:26:56.844+0300][109.417s][info][gc,stats       ]     DU: Management Roots              1 us, workers (us):   1, ---, ---, 
[2021-02-28T14:26:56.844+0300][109.417s][info][gc,stats       ]     DU: CLDG Roots                   20 us, workers (us): ---, ---,  20, 
[2021-02-28T14:26:56.844+0300][109.417s][info][gc,stats       ]     DU: JVMTI Roots                   0 us, workers (us):   0, ---, ---, 
[2021-02-28T14:26:56.844+0300][109.417s][info][gc,stats       ]   Pre Heap Dump                       0 us
[2021-02-28T14:26:56.844+0300][109.417s][info][gc,stats       ]   Prepare                           429 us
[2021-02-28T14:26:56.844+0300][109.417s][info][gc,stats       ]   Scan Roots                        130 us, parallelism: 0.73x
[2021-02-28T14:26:56.844+0300][109.417s][info][gc,stats       ]     FS: <total>                      94 us
[2021-02-28T14:26:56.844+0300][109.417s][info][gc,stats       ]     FS: Thread Roots                 91 us, workers (us):  35,  25,  31, 
[2021-02-28T14:26:56.844+0300][109.417s][info][gc,stats       ]     FS: Universe Roots                2 us, workers (us):   2, ---, ---, 
[2021-02-28T14:26:56.844+0300][109.417s][info][gc,stats       ]     FS: Synchronizer Roots            0 us, workers (us):   0, ---, ---, 
[2021-02-28T14:26:56.844+0300][109.417s][info][gc,stats       ]     FS: Management Roots              1 us, workers (us):   1, ---, ---, 
[2021-02-28T14:26:56.844+0300][109.418s][info][gc,stats       ]     FS: JVMTI Roots                   0 us, workers (us):   0, ---, ---, 
[2021-02-28T14:26:56.844+0300][109.418s][info][gc,stats       ]   Scan Concurrent Roots             135 us, parallelism: 0.36x
[2021-02-28T14:26:56.844+0300][109.418s][info][gc,stats       ]     FCS: <total>                     48 us
[2021-02-28T14:26:56.844+0300][109.418s][info][gc,stats       ]     FCS: JNI Handles Roots            2 us, workers (us):   1,   0,   0, 
[2021-02-28T14:26:56.844+0300][109.418s][info][gc,stats       ]     FCS: VM Global Roots              2 us, workers (us):   2,   0,   0, 
[2021-02-28T14:26:56.844+0300][109.418s][info][gc,stats       ]     FCS: CLDG Roots                  45 us, workers (us):  45, ---, ---, 
[2021-02-28T14:26:56.844+0300][109.418s][info][gc,stats       ]   Mark                           408569 us
[2021-02-28T14:26:56.844+0300][109.418s][info][gc,stats       ]     Finish Queues                406459 us
[2021-02-28T14:26:56.844+0300][109.418s][info][gc,stats       ]     Weak References                 225 us
[2021-02-28T14:26:56.844+0300][109.418s][info][gc,stats       ]       Process                       219 us
[2021-02-28T14:26:56.844+0300][109.418s][info][gc,stats       ]     System Purge                     99 us
[2021-02-28T14:26:56.844+0300][109.418s][info][gc,stats       ]       Unload Classes               1323 us
[2021-02-28T14:26:56.844+0300][109.418s][info][gc,stats       ]       Weak Roots                     98 us
[2021-02-28T14:26:56.844+0300][109.418s][info][gc,stats       ]       CLDG                          177 us
[2021-02-28T14:26:56.844+0300][109.418s][info][gc,stats       ]   Calculate Addresses            183226 us
[2021-02-28T14:26:56.844+0300][109.418s][info][gc,stats       ]     Regular Objects              183191 us
[2021-02-28T14:26:56.844+0300][109.418s][info][gc,stats       ]     Humongous Objects                15 us
[2021-02-28T14:26:56.844+0300][109.418s][info][gc,stats       ]   Adjust Pointers                196077 us
[2021-02-28T14:26:56.845+0300][109.418s][info][gc,stats       ]     FA: <total>                    1500 us
[2021-02-28T14:26:56.845+0300][109.418s][info][gc,stats       ]     FA: Thread Roots                 59 us, workers (us):  12,  46,   1, 
[2021-02-28T14:26:56.845+0300][109.418s][info][gc,stats       ]     FA: Code Cache Roots           1345 us, workers (us): 405, 406, 534, 
[2021-02-28T14:26:56.845+0300][109.418s][info][gc,stats       ]     FA: Universe Roots                1 us, workers (us):   1, ---, ---, 
[2021-02-28T14:26:56.845+0300][109.418s][info][gc,stats       ]     FA: JNI Handles Roots             2 us, workers (us):   1,   0,   0, 
[2021-02-28T14:26:56.845+0300][109.418s][info][gc,stats       ]     FA: JVMTI Weak Roots              0 us, workers (us):   0, ---, ---, 
[2021-02-28T14:26:56.845+0300][109.418s][info][gc,stats       ]     FA: JFR Weak Roots                0 us, workers (us):   0, ---, ---, 
[2021-02-28T14:26:56.845+0300][109.418s][info][gc,stats       ]     FA: String Table Roots           47 us, workers (us):  36,  12,   0, 
[2021-02-28T14:26:56.845+0300][109.418s][info][gc             ] Failed to allocate TLAB, 6712B
[2021-02-28T14:26:56.845+0300][109.418s][info][gc,stats       ]     FA: Resolved Table Roots          5 us, workers (us):   2,   1,   2, 
[2021-02-28T14:26:56.845+0300][109.418s][info][gc             ] Cancelling GC: Allocation Failure
[2021-02-28T14:26:56.845+0300][109.418s][info][gc,stats       ]     FA: VM Global Roots               2 us, workers (us):   2,   0,   0, 
[2021-02-28T14:26:56.845+0300][109.418s][info][gc,stats       ]     FA: VM Weak Roots                 3 us, workers (us):   0,   2,   1, 
[2021-02-28T14:26:56.845+0300][109.418s][info][gc,stats       ]     FA: Synchronizer Roots            0 us, workers (us):   0, ---, ---, 
[2021-02-28T14:26:56.845+0300][109.418s][info][gc,stats       ]     FA: Management Roots              1 us, workers (us):   1, ---, ---, 
[2021-02-28T14:26:56.845+0300][109.418s][info][gc,stats       ]     FA: CLDG Roots                   34 us, workers (us):  34, ---, ---, 
[2021-02-28T14:26:56.845+0300][109.418s][info][gc,stats       ]     FA: JVMTI Roots                   0 us, workers (us):   0, ---, ---, 
[2021-02-28T14:26:56.845+0300][109.418s][info][gc,stats       ]   Copy Objects                   194372 us
[2021-02-28T14:26:56.845+0300][109.418s][info][gc,stats       ]     Regular Objects              193769 us
[2021-02-28T14:26:56.845+0300][109.418s][info][gc,stats       ]     Humongous Objects                15 us
[2021-02-28T14:26:56.845+0300][109.418s][info][gc,stats       ]     Reset Complete Bitmap           542 us
[2021-02-28T14:26:56.845+0300][109.418s][info][gc,stats       ]     Rebuild Region Sets              45 us
[2021-02-28T14:26:56.845+0300][109.418s][info][gc,stats       ]   Post Heap Dump                      1 us
[2021-02-28T14:26:56.845+0300][109.418s][info][gc,stats       ] Pacing                          2031837 us
[2021-02-28T14:26:56.845+0300][109.418s][info][gc,stats       ] 
[2021-02-28T14:26:56.845+0300][109.418s][info][gc,stats       ] Allocation pacing accrued:
[2021-02-28T14:26:56.845+0300][109.418s][info][gc,stats       ]    1016 of  1016 ms (100.0%): main
[2021-02-28T14:26:56.845+0300][109.418s][info][gc,stats       ]    1016 of  1016 ms (100.0%): Notification Thread
[2021-02-28T14:26:56.845+0300][109.418s][info][gc,stats       ]    2032 of  1016 ms (200.0%): <total>
[2021-02-28T14:26:56.845+0300][109.418s][info][gc,stats       ]     120 of  1016 ms ( 11.8%): <average total>
[2021-02-28T14:26:56.845+0300][109.418s][info][gc,stats       ]    1016 of  1016 ms (100.0%): <average non-zero>
[2021-02-28T14:26:56.845+0300][109.418s][info][gc,stats       ] 
[2021-02-28T14:26:56.845+0300][109.418s][info][gc,metaspace   ] Metaspace: 7242K(7552K)->6965K(7552K) NonClass: 6477K(6656K)->6246K(6656K) Class: 765K(896K)->718K(896K)
[2021-02-28T14:26:56.845+0300][109.418s][info][gc,ergo        ] Pacer for Idle. Initial: 20971K, Alloc Tax Rate: 1.0x
[2021-02-28T14:26:56.848+0300][109.420s][info][gc             ] Trigger: Handle Allocation Failure
[2021-02-28T14:26:56.848+0300][109.420s][info][gc,ergo        ] Free: 0B, Max: 0B regular, 0B humongous, Frag: 0% external, 0% internal; Reserve: 52736K, Max: 512K
[2021-02-28T14:26:56.848+0300][109.420s][info][gc,start       ] GC(44) Pause Degenerated GC (Outside of Cycle)
[2021-02-28T14:26:56.848+0300][109.420s][info][gc,task        ] GC(44) Using 3 of 3 workers for stw degenerated gc
[2021-02-28T14:26:56.848+0300][109.420s][info][gc,ergo        ] GC(44) Pacer for Reset. Non-Taxable: 1024M
[2021-02-28T14:26:56.848+0300][109.421s][info][gc,ergo        ] GC(44) Pacer for Mark. Expected Live: 1116M, Free: 0B, Non-Taxable: 0B, Alloc Tax Rate: infx
[2021-02-28T14:26:57.262+0300][109.835s][info][gc,ergo        ] GC(44) Adaptive CSet Selection. Target Free: 145M, Actual Free: 52736K, Max CSet: 43690K, Min Garbage: 95812K
[2021-02-28T14:26:57.262+0300][109.835s][info][gc,ergo        ] GC(44) Collectable Garbage: 235K (100%), Immediate: 0B (0%), CSet: 235K (100%)
[2021-02-28T14:26:57.262+0300][109.835s][info][gc,ergo        ] GC(44) Pacer for Evacuation. Used CSet: 43519K, Free: 14776B, Non-Taxable: 1477B, Alloc Tax Rate: 7372.0x
[2021-02-28T14:26:57.275+0300][109.847s][info][gc,ergo        ] GC(44) Pacer for Update Refs. Used: 1015M, Free: 14776B, Non-Taxable: 1477B, Alloc Tax Rate: 88048.8x
[2021-02-28T14:26:57.462+0300][110.036s][info][gc,ergo        ] GC(44) Bad progress for free space: 14776B, need 10485K
[2021-02-28T14:26:57.462+0300][110.036s][info][gc             ] GC(44) Cancelling GC: Upgrade To Full GC
[2021-02-28T14:26:57.463+0300][110.036s][info][gc,phases,start] GC(44) Phase 1: Mark live objects
[2021-02-28T14:26:57.883+0300][110.456s][info][gc,phases      ] GC(44) Phase 1: Mark live objects 420.205ms
[2021-02-28T14:26:57.883+0300][110.456s][info][gc,phases,start] GC(44) Phase 2: Compute new object addresses
[2021-02-28T14:26:58.078+0300][110.650s][info][gc,phases      ] GC(44) Phase 2: Compute new object addresses 194.037ms
[2021-02-28T14:26:58.078+0300][110.651s][info][gc,phases,start] GC(44) Phase 3: Adjust pointers
[2021-02-28T14:26:58.272+0300][110.844s][info][gc,phases      ] GC(44) Phase 3: Adjust pointers 193.390ms
[2021-02-28T14:26:58.272+0300][110.844s][info][gc,phases,start] GC(44) Phase 4: Move objects
[2021-02-28T14:26:58.457+0300][111.030s][info][gc,phases      ] GC(44) Phase 4: Move objects 185.679ms
[2021-02-28T14:26:58.457+0300][111.030s][info][gc,ergo        ] GC(44) Bad progress for free space: 763K, need 10485K
[2021-02-28T14:26:58.457+0300][111.030s][info][gc             ] GC(44) Pause Degenerated GC (Outside of Cycle) 972M->971M(1024M) 1609.734ms
[2021-02-28T14:26:58.457+0300][111.030s][info][gc,ergo        ] Free: 739K, Max: 462K regular, 0B humongous, Frag: 0% external, 86% internal; Reserve: 52224K, Max: 512K
[2021-02-28T14:26:58.457+0300][111.030s][info][gc,stats       ] 
[2021-02-28T14:26:58.457+0300][111.030s][info][gc,stats       ] All times are wall-clock times, except per-root-class counters, that are sum over
[2021-02-28T14:26:58.457+0300][111.030s][info][gc,stats       ] all workers. Dividing the <total> over the root stage time estimates parallelism.
[2021-02-28T14:26:58.457+0300][111.030s][info][gc,stats       ] 
[2021-02-28T14:26:58.457+0300][111.030s][info][gc,stats       ]   Manage TLABs                        3 us
[2021-02-28T14:26:58.457+0300][111.030s][info][gc,stats       ]   Update Region States               96 us
[2021-02-28T14:26:58.457+0300][111.030s][info][gc,stats       ]   Scan Roots                        204 us, parallelism: 0.82x
[2021-02-28T14:26:58.457+0300][111.030s][info][gc,stats       ]     S: <total>                      167 us
[2021-02-28T14:26:58.457+0300][111.030s][info][gc,stats       ]     S: Thread Roots                 164 us, workers (us):  38,  23, 103, 
[2021-02-28T14:26:58.457+0300][111.030s][info][gc,stats       ]     S: Universe Roots                 2 us, workers (us):   2, ---, ---, 
[2021-02-28T14:26:58.457+0300][111.030s][info][gc,stats       ]     S: Synchronizer Roots             0 us, workers (us):   0, ---, ---, 
[2021-02-28T14:26:58.457+0300][111.030s][info][gc,stats       ]     S: Management Roots               1 us, workers (us):   1, ---, ---, 
[2021-02-28T14:26:58.457+0300][111.030s][info][gc,stats       ]     S: JVMTI Roots                    0 us, workers (us):   0, ---, ---, 
[2021-02-28T14:26:58.457+0300][111.030s][info][gc,stats       ]   Finish Queues                  413677 us
[2021-02-28T14:26:58.457+0300][111.030s][info][gc,stats       ]   Weak References                    28 us
[2021-02-28T14:26:58.457+0300][111.030s][info][gc,stats       ]     Process                          23 us
[2021-02-28T14:26:58.457+0300][111.030s][info][gc,stats       ]   System Purge                       97 us
[2021-02-28T14:26:58.457+0300][111.030s][info][gc,stats       ]     Unload Classes                  559 us
[2021-02-28T14:26:58.457+0300][111.030s][info][gc,stats       ]     Weak Roots                       97 us
[2021-02-28T14:26:58.457+0300][111.030s][info][gc,stats       ]     CLDG                              0 us
[2021-02-28T14:26:58.457+0300][111.030s][info][gc,stats       ]   Update Region States               95 us
[2021-02-28T14:26:58.457+0300][111.030s][info][gc,stats       ]   Manage GC/TLABs                     2 us
[2021-02-28T14:26:58.457+0300][111.030s][info][gc,stats       ]   Choose Collection Set             117 us
[2021-02-28T14:26:58.457+0300][111.030s][info][gc,stats       ]   Rebuild Free Set                   18 us
[2021-02-28T14:26:58.457+0300][111.030s][info][gc,stats       ]   Initial Evacuation                 14 us
[2021-02-28T14:26:58.457+0300][111.030s][info][gc,stats       ]   Manage GCLABs                       2 us
[2021-02-28T14:26:58.457+0300][111.030s][info][gc,stats       ]   Finish Work                    187508 us
[2021-02-28T14:26:58.457+0300][111.030s][info][gc,stats       ]   Update Region States               63 us
[2021-02-28T14:26:58.457+0300][111.030s][info][gc,stats       ]   Trash Collection Set                3 us
[2021-02-28T14:26:58.457+0300][111.030s][info][gc,stats       ]   Rebuild Free Set                   23 us
[2021-02-28T14:26:58.457+0300][111.030s][info][gc,stats       ] Pause Degenerated GC (G)        1609978 us
[2021-02-28T14:26:58.457+0300][111.030s][info][gc,stats       ] Pause Degenerated GC (N)        1609752 us
[2021-02-28T14:26:58.457+0300][111.030s][info][gc,stats       ]   Degen Mark Roots                  139 us, parallelism: 0.37x
[2021-02-28T14:26:58.457+0300][111.030s][info][gc,stats       ]     DM: <total>                      51 us
[2021-02-28T14:26:58.457+0300][111.030s][info][gc,stats       ]     DM: JNI Handles Roots             2 us, workers (us):   1,   0,   0, 
[2021-02-28T14:26:58.457+0300][111.030s][info][gc,stats       ]     DM: VM Global Roots               2 us, workers (us):   2,   0,   0, 
[2021-02-28T14:26:58.457+0300][111.030s][info][gc,stats       ]     DM: CLDG Roots                   48 us, workers (us):  48, ---, ---, 
[2021-02-28T14:26:58.457+0300][111.030s][info][gc,stats       ]   Degen Update Roots                700 us, parallelism: 2.12x
[2021-02-28T14:26:58.457+0300][111.030s][info][gc,stats       ]     DU: <total>                    1481 us
[2021-02-28T14:26:58.457+0300][111.030s][info][gc,stats       ]     DU: Thread Roots                 68 us, workers (us):   1,  27,  41, 
[2021-02-28T14:26:58.457+0300][111.030s][info][gc,stats       ]     DU: Code Cache Roots           1327 us, workers (us): 528, 396, 403, 
[2021-02-28T14:26:58.457+0300][111.030s][info][gc,stats       ]     DU: Universe Roots                1 us, workers (us):   1, ---, ---, 
[2021-02-28T14:26:58.457+0300][111.030s][info][gc,stats       ]     DU: JNI Handles Roots             1 us, workers (us):   1,   0,   0, 
[2021-02-28T14:26:58.457+0300][111.030s][info][gc,stats       ]     DU: JVMTI Weak Roots              0 us, workers (us):   0, ---, ---, 
[2021-02-28T14:26:58.457+0300][111.030s][info][gc,stats       ]     DU: JFR Weak Roots                0 us, workers (us):   0, ---, ---, 
[2021-02-28T14:26:58.457+0300][111.030s][info][gc,stats       ]     DU: JNI Weak Roots                0 us, workers (us):   0,   0,   0, 
[2021-02-28T14:26:58.457+0300][111.030s][info][gc,stats       ]     DU: String Table Roots           51 us, workers (us):  37,  13,   0, 
[2021-02-28T14:26:58.457+0300][111.030s][info][gc,stats       ]     DU: Resolved Table Roots          4 us, workers (us):   3,   2,   0, 
[2021-02-28T14:26:58.457+0300][111.030s][info][gc,stats       ]     DU: VM Global Roots               1 us, workers (us):   1,   0,   0, 
[2021-02-28T14:26:58.457+0300][111.030s][info][gc,stats       ]     DU: VM Weak Roots                 2 us, workers (us):   1,   1,   0, 
[2021-02-28T14:26:58.457+0300][111.030s][info][gc,stats       ]     DU: Synchronizer Roots            0 us, workers (us):   0, ---, ---, 
[2021-02-28T14:26:58.457+0300][111.030s][info][gc,stats       ]     DU: Management Roots              1 us, workers (us):   1, ---, ---, 
[2021-02-28T14:26:58.457+0300][111.031s][info][gc,stats       ]     DU: CLDG Roots                   23 us, workers (us): ---,  23, ---, 
[2021-02-28T14:26:58.457+0300][111.031s][info][gc,stats       ]     DU: JVMTI Roots                   0 us, workers (us):   0, ---, ---, 
[2021-02-28T14:26:58.457+0300][111.031s][info][gc,stats       ]   Pre Heap Dump                       0 us
[2021-02-28T14:26:58.457+0300][111.031s][info][gc,stats       ]   Prepare                           463 us
[2021-02-28T14:26:58.457+0300][111.031s][info][gc,stats       ]   Scan Roots                        113 us, parallelism: 1.02x
[2021-02-28T14:26:58.457+0300][111.031s][info][gc,stats       ]     FS: <total>                     115 us
[2021-02-28T14:26:58.457+0300][111.031s][info][gc,stats       ]     FS: Thread Roots                110 us, workers (us):  58,  33,  19, 
[2021-02-28T14:26:58.457+0300][111.031s][info][gc,stats       ]     FS: Universe Roots                2 us, workers (us):   2, ---, ---, 
[2021-02-28T14:26:58.457+0300][111.031s][info][gc,stats       ]     FS: Synchronizer Roots            0 us, workers (us):   0, ---, ---, 
[2021-02-28T14:26:58.457+0300][111.031s][info][gc,stats       ]     FS: Management Roots              2 us, workers (us):   2, ---, ---, 
[2021-02-28T14:26:58.457+0300][111.031s][info][gc,stats       ]     FS: JVMTI Roots                   0 us, workers (us):   0, ---, ---, 
[2021-02-28T14:26:58.457+0300][111.031s][info][gc,stats       ]   Scan Concurrent Roots             104 us, parallelism: 0.47x
[2021-02-28T14:26:58.457+0300][111.031s][info][gc,stats       ]     FCS: <total>                     49 us
[2021-02-28T14:26:58.457+0300][111.031s][info][gc,stats       ]     FCS: JNI Handles Roots            2 us, workers (us):   1,   0,   0, 
[2021-02-28T14:26:58.457+0300][111.031s][info][gc,stats       ]     FCS: VM Global Roots              2 us, workers (us):   2,   0,   0, 
[2021-02-28T14:26:58.457+0300][111.031s][info][gc,stats       ]     FCS: CLDG Roots                  45 us, workers (us):  45, ---, ---, 
[2021-02-28T14:26:58.457+0300][111.031s][info][gc,stats       ]   Mark                           420164 us
[2021-02-28T14:26:58.457+0300][111.031s][info][gc,stats       ]     Finish Queues                419189 us
[2021-02-28T14:26:58.457+0300][111.031s][info][gc,stats       ]     Weak References                 120 us
[2021-02-28T14:26:58.457+0300][111.031s][info][gc,stats       ]       Process                       115 us
[2021-02-28T14:26:58.459+0300][111.031s][info][gc,stats       ]     System Purge                     81 us
[2021-02-28T14:26:58.459+0300][111.031s][info][gc,stats       ]       Unload Classes                538 us
[2021-02-28T14:26:58.459+0300][111.031s][info][gc,stats       ]       Weak Roots                     81 us
[2021-02-28T14:26:58.459+0300][111.031s][info][gc,stats       ]       CLDG                            0 us
[2021-02-28T14:26:58.459+0300][111.031s][info][gc,stats       ]   Calculate Addresses            194024 us
[2021-02-28T14:26:58.459+0300][111.031s][info][gc,stats       ]     Regular Objects              193986 us
[2021-02-28T14:26:58.459+0300][111.031s][info][gc,stats       ]     Humongous Objects                17 us
[2021-02-28T14:26:58.459+0300][111.031s][info][gc,stats       ]   Adjust Pointers                193377 us
[2021-02-28T14:26:58.459+0300][111.031s][info][gc,stats       ]     FA: <total>                    1522 us
[2021-02-28T14:26:58.459+0300][111.031s][info][gc,stats       ]     FA: Thread Roots                 72 us, workers (us):   1,  44,  28, 
[2021-02-28T14:26:58.459+0300][111.031s][info][gc,stats       ]     FA: Code Cache Roots           1349 us, workers (us): 531, 418, 400, 
[2021-02-28T14:26:58.459+0300][111.031s][info][gc,stats       ]     FA: Universe Roots                1 us, workers (us):   1, ---, ---, 
[2021-02-28T14:26:58.459+0300][111.031s][info][gc,stats       ]     FA: JNI Handles Roots             2 us, workers (us):   0,   2,   0, 
[2021-02-28T14:26:58.459+0300][111.031s][info][gc,stats       ]     FA: JVMTI Weak Roots              0 us, workers (us):   0, ---, ---, 
[2021-02-28T14:26:58.459+0300][111.031s][info][gc,stats       ]     FA: JFR Weak Roots                0 us, workers (us): ---,   0, ---, 
[2021-02-28T14:26:58.459+0300][111.031s][info][gc,stats       ]     FA: String Table Roots           52 us, workers (us):  25,  26,   0, 
[2021-02-28T14:26:58.459+0300][111.031s][info][gc,stats       ]     FA: Resolved Table Roots          5 us, workers (us):   3,   2,   0, 
[2021-02-28T14:26:58.459+0300][111.031s][info][gc,stats       ]     FA: VM Global Roots               2 us, workers (us):   1,   0,   0, 
[2021-02-28T14:26:58.459+0300][111.031s][info][gc,stats       ]     FA: VM Weak Roots                 2 us, workers (us):   1,   1,   0, 
[2021-02-28T14:26:58.459+0300][111.031s][info][gc,stats       ]     FA: Synchronizer Roots            0 us, workers (us): ---,   0, ---, 
[2021-02-28T14:26:58.459+0300][111.031s][info][gc,stats       ]     FA: Management Roots              1 us, workers (us): ---,   1, ---, 
[2021-02-28T14:26:58.459+0300][111.031s][info][gc,stats       ]     FA: CLDG Roots                   35 us, workers (us): ---, ---,  35, 
[2021-02-28T14:26:58.459+0300][111.031s][info][gc,stats       ]     FA: JVMTI Roots                   0 us, workers (us):   0, ---, ---, 
[2021-02-28T14:26:58.459+0300][111.031s][info][gc,stats       ]   Copy Objects                   185666 us
[2021-02-28T14:26:58.459+0300][111.031s][info][gc,stats       ]     Regular Objects              185100 us
[2021-02-28T14:26:58.459+0300][111.031s][info][gc,stats       ]     Humongous Objects                14 us
[2021-02-28T14:26:58.459+0300][111.031s][info][gc,stats       ]     Reset Complete Bitmap           501 us
[2021-02-28T14:26:58.459+0300][111.031s][info][gc,stats       ]     Rebuild Region Sets              50 us
[2021-02-28T14:26:58.459+0300][111.031s][info][gc,stats       ]   Post Heap Dump                      1 us
[2021-02-28T14:26:58.459+0300][111.031s][info][gc,stats       ] 
[2021-02-28T14:26:58.459+0300][111.031s][info][gc,stats       ] Allocation pacing accrued:
[2021-02-28T14:26:58.459+0300][111.031s][info][gc,stats       ]       0 of  1613 ms (  0.0%): <total>
[2021-02-28T14:26:58.459+0300][111.031s][info][gc,stats       ]       0 of  1613 ms (  0.0%): <average total>
[2021-02-28T14:26:58.459+0300][111.031s][info][gc,stats       ] 
[2021-02-28T14:26:58.459+0300][111.031s][info][gc,metaspace   ] Metaspace: 6965K(7552K)->6965K(7552K) NonClass: 6246K(6656K)->6246K(6656K) Class: 718K(896K)->718K(896K)
[2021-02-28T14:26:58.459+0300][111.031s][info][gc,ergo        ] Pacer for Idle. Initial: 20971K, Alloc Tax Rate: 1.0x
[2021-02-28T14:26:58.461+0300][111.033s][info][gc             ] Trigger: Free (728K) is below minimum threshold (102M)
[2021-02-28T14:26:58.461+0300][111.033s][info][gc,ergo        ] Free: 728K, Max: 451K regular, 0B humongous, Frag: 0% external, 87% internal; Reserve: 52224K, Max: 512K
[2021-02-28T14:26:58.461+0300][111.033s][info][gc,start       ] GC(45) Concurrent reset
[2021-02-28T14:26:58.461+0300][111.033s][info][gc,task        ] GC(45) Using 1 of 3 workers for concurrent reset
[2021-02-28T14:26:58.461+0300][111.033s][info][gc,ergo        ] GC(45) Pacer for Reset. Non-Taxable: 1024M
[2021-02-28T14:26:58.461+0300][111.033s][info][gc             ] GC(45) Concurrent reset 0.196ms
[2021-02-28T14:26:58.461+0300][111.033s][info][gc,start       ] GC(45) Pause Init Mark (process weakrefs) (unload classes)
[2021-02-28T14:26:58.461+0300][111.033s][info][gc,task        ] GC(45) Using 3 of 3 workers for init marking
[2021-02-28T14:26:58.461+0300][111.034s][info][gc,ergo        ] GC(45) Pacer for Mark. Expected Live: 1320M, Free: 728K, Non-Taxable: 74648B, Alloc Tax Rate: 2267.9x
[2021-02-28T14:26:58.461+0300][111.034s][info][gc             ] GC(45) Pause Init Mark (process weakrefs) (unload classes) 0.275ms
[2021-02-28T14:26:58.461+0300][111.034s][info][gc,start       ] GC(45) Concurrent marking (process weakrefs) (unload classes)
[2021-02-28T14:26:58.461+0300][111.034s][info][gc,task        ] GC(45) Using 1 of 3 workers for concurrent marking
[2021-02-28T14:26:58.893+0300][111.465s][info][gc             ] Failed to allocate TLAB, 2656B
[2021-02-28T14:26:58.893+0300][111.465s][info][gc             ] Cancelling GC: Allocation Failure
[2021-02-28T14:26:58.893+0300][111.465s][info][gc             ] GC(45) Concurrent marking (process weakrefs) (unload classes) 431.291ms
[2021-02-28T14:26:58.893+0300][111.465s][info][gc,ergo        ] Free: 0B, Max: 0B regular, 0B humongous, Frag: 0% external, 0% internal; Reserve: 52224K, Max: 512K
[2021-02-28T14:26:58.893+0300][111.465s][info][gc,stats       ] 
[2021-02-28T14:26:58.893+0300][111.465s][info][gc,stats       ] All times are wall-clock times, except per-root-class counters, that are sum over
[2021-02-28T14:26:58.893+0300][111.465s][info][gc,stats       ] all workers. Dividing the <total> over the root stage time estimates parallelism.
[2021-02-28T14:26:58.893+0300][111.465s][info][gc,stats       ] 
[2021-02-28T14:26:58.893+0300][111.465s][info][gc,stats       ] Concurrent Reset                    218 us
[2021-02-28T14:26:58.893+0300][111.465s][info][gc,stats       ] Pause Init Mark (G)                 486 us
[2021-02-28T14:26:58.893+0300][111.465s][info][gc,stats       ] Pause Init Mark (N)                 289 us
[2021-02-28T14:26:58.893+0300][111.465s][info][gc,stats       ]   Manage TLABs                        2 us
[2021-02-28T14:26:58.893+0300][111.465s][info][gc,stats       ]   Update Region States               79 us
[2021-02-28T14:26:58.893+0300][111.465s][info][gc,stats       ]   Scan Roots                        131 us, parallelism: 1.16x
[2021-02-28T14:26:58.893+0300][111.465s][info][gc,stats       ]     S: <total>                      151 us
[2021-02-28T14:26:58.893+0300][111.465s][info][gc,stats       ]     S: Thread Roots                 148 us, workers (us):  49,  47,  52, 
[2021-02-28T14:26:58.893+0300][111.465s][info][gc,stats       ]     S: Universe Roots                 2 us, workers (us):   2, ---, ---, 
[2021-02-28T14:26:58.893+0300][111.465s][info][gc,stats       ]     S: Synchronizer Roots             0 us, workers (us): ---,   0, ---, 
[2021-02-28T14:26:58.893+0300][111.465s][info][gc,stats       ]     S: Management Roots               1 us, workers (us): ---,   1, ---, 
[2021-02-28T14:26:58.893+0300][111.465s][info][gc,stats       ]     S: JVMTI Roots                    0 us, workers (us): ---,   0, ---, 
[2021-02-28T14:26:58.893+0300][111.465s][info][gc,stats       ] Concurrent Marking               431315 us
[2021-02-28T14:26:58.893+0300][111.465s][info][gc,stats       ]   Roots                             105 us, parallelism: 0.61x
[2021-02-28T14:26:58.893+0300][111.465s][info][gc,stats       ]     CM: <total>                      64 us
[2021-02-28T14:26:58.893+0300][111.465s][info][gc,stats       ]     CM: JNI Handles Roots             2 us, workers (us):   2, ---, ---, 
[2021-02-28T14:26:58.893+0300][111.465s][info][gc,stats       ]     CM: VM Global Roots               2 us, workers (us):   2, ---, ---, 
[2021-02-28T14:26:58.893+0300][111.465s][info][gc,stats       ]     CM: CLDG Roots                   61 us, workers (us):  61, ---, ---, 
[2021-02-28T14:26:58.893+0300][111.465s][info][gc,stats       ] Pacing                          1628276 us
[2021-02-28T14:26:58.893+0300][111.465s][info][gc,stats       ] 
[2021-02-28T14:26:58.893+0300][111.465s][info][gc,stats       ] Allocation pacing accrued:
[2021-02-28T14:26:58.893+0300][111.465s][info][gc,stats       ]     431 of   434 ms ( 99.2%): main
[2021-02-28T14:26:58.893+0300][111.465s][info][gc,stats       ]     326 of   434 ms ( 75.0%): Notification Thread
[2021-02-28T14:26:58.893+0300][111.465s][info][gc,stats       ]     424 of   434 ms ( 97.7%): RMI TCP Connection(4)-172.22.16.1
[2021-02-28T14:26:58.893+0300][111.465s][info][gc,stats       ]      15 of   434 ms (  3.4%): RMI TCP Connection(2)-172.22.16.1
[2021-02-28T14:26:58.893+0300][111.465s][info][gc,stats       ]     433 of   434 ms ( 99.7%): RMI TCP Connection(5)-172.22.16.1
[2021-02-28T14:26:58.893+0300][111.465s][info][gc,stats       ]    1628 of   434 ms (375.0%): <total>
[2021-02-28T14:26:58.893+0300][111.465s][info][gc,stats       ]      96 of   434 ms ( 22.1%): <average total>
[2021-02-28T14:26:58.893+0300][111.465s][info][gc,stats       ]     326 of   434 ms ( 75.0%): <average non-zero>
[2021-02-28T14:26:58.893+0300][111.465s][info][gc,stats       ] 
[2021-02-28T14:26:58.893+0300][111.465s][info][gc,metaspace   ] Metaspace: 6965K(7552K)->6980K(7552K) NonClass: 6246K(6656K)->6259K(6656K) Class: 718K(896K)->720K(896K)
[2021-02-28T14:26:58.893+0300][111.465s][info][gc,ergo        ] Pacer for Idle. Initial: 20971K, Alloc Tax Rate: 1.0x
[2021-02-28T14:26:58.896+0300][111.468s][info][gc             ] Trigger: Handle Allocation Failure
[2021-02-28T14:26:58.896+0300][111.468s][info][gc,ergo        ] Free: 0B, Max: 0B regular, 0B humongous, Frag: 0% external, 0% internal; Reserve: 52224K, Max: 512K
[2021-02-28T14:26:58.896+0300][111.468s][info][gc,start       ] GC(46) Pause Degenerated GC (Mark)
[2021-02-28T14:26:58.896+0300][111.468s][info][gc,task        ] GC(46) Using 3 of 3 workers for stw degenerated gc
[2021-02-28T14:26:59.158+0300][111.730s][info][gc,ergo        ] GC(46) Adaptive CSet Selection. Target Free: 145M, Actual Free: 52224K, Max CSet: 43690K, Min Garbage: 96324K
[2021-02-28T14:26:59.158+0300][111.730s][info][gc,ergo        ] GC(46) Collectable Garbage: 3752B (100%), Immediate: 0B (0%), CSet: 3752B (100%)
[2021-02-28T14:26:59.158+0300][111.730s][info][gc,ergo        ] GC(46) Pacer for Evacuation. Used CSet: 43519K, Free: 15744B, Non-Taxable: 1574B, Alloc Tax Rate: 6918.9x
[2021-02-28T14:26:59.168+0300][111.740s][info][gc,ergo        ] GC(46) Pacer for Update Refs. Used: 1015M, Free: 15744B, Non-Taxable: 1574B, Alloc Tax Rate: 82677.2x
[2021-02-28T14:26:59.339+0300][111.913s][info][gc,ergo        ] GC(46) Bad progress for free space: 15744B, need 10485K
[2021-02-28T14:26:59.339+0300][111.913s][info][gc             ] GC(46) Cancelling GC: Upgrade To Full GC
[2021-02-28T14:26:59.340+0300][111.913s][info][gc,phases,start] GC(46) Phase 1: Mark live objects
[2021-02-28T14:26:59.755+0300][112.327s][info][gc,phases      ] GC(46) Phase 1: Mark live objects 413.938ms
[2021-02-28T14:26:59.755+0300][112.327s][info][gc,phases,start] GC(46) Phase 2: Compute new object addresses
[2021-02-28T14:26:59.935+0300][112.507s][info][gc,phases      ] GC(46) Phase 2: Compute new object addresses 180.016ms
[2021-02-28T14:26:59.935+0300][112.507s][info][gc,phases,start] GC(46) Phase 3: Adjust pointers
[2021-02-28T14:27:00.131+0300][112.703s][info][gc,phases      ] GC(46) Phase 3: Adjust pointers 195.615ms
[2021-02-28T14:27:00.131+0300][112.703s][info][gc,phases,start] GC(46) Phase 4: Move objects
[2021-02-28T14:27:00.314+0300][112.887s][info][gc,phases      ] GC(46) Phase 4: Move objects 184.078ms
[2021-02-28T14:27:00.314+0300][112.887s][info][gc,ergo        ] GC(46) Bad progress for free space: 739K, need 10485K
[2021-02-28T14:27:00.314+0300][112.887s][info][gc             ] GC(46) Pause Degenerated GC (Mark) 972M->972M(1024M) 1419.120ms
[2021-02-28T14:27:00.314+0300][112.887s][info][gc,ergo        ] Free: 721K, Max: 475K regular, 0B humongous, Frag: 0% external, 71% internal; Reserve: 51712K, Max: 512K
[2021-02-28T14:27:00.314+0300][112.887s][info][gc,stats       ] 
[2021-02-28T14:27:00.314+0300][112.887s][info][gc,stats       ] All times are wall-clock times, except per-root-class counters, that are sum over
[2021-02-28T14:27:00.314+0300][112.887s][info][gc,stats       ] all workers. Dividing the <total> over the root stage time estimates parallelism.
[2021-02-28T14:27:00.314+0300][112.887s][info][gc,stats       ] 
[2021-02-28T14:27:00.314+0300][112.887s][info][gc,stats       ]   Finish Queues                  260762 us
[2021-02-28T14:27:00.314+0300][112.887s][info][gc,stats       ]   Weak References                   225 us
[2021-02-28T14:27:00.314+0300][112.887s][info][gc,stats       ]     Process                         220 us
[2021-02-28T14:27:00.314+0300][112.887s][info][gc,stats       ]   System Purge                       95 us
[2021-02-28T14:27:00.314+0300][112.888s][info][gc,stats       ]     Unload Classes                  518 us
[2021-02-28T14:27:00.314+0300][112.888s][info][gc,stats       ]     Weak Roots                       94 us
[2021-02-28T14:27:00.314+0300][112.888s][info][gc,stats       ]     CLDG                              0 us
[2021-02-28T14:27:00.314+0300][112.888s][info][gc,stats       ]   Update Region States               68 us
[2021-02-28T14:27:00.314+0300][112.888s][info][gc,stats       ]   Manage GC/TLABs                     4 us
[2021-02-28T14:27:00.314+0300][112.888s][info][gc,stats       ]   Choose Collection Set             121 us
[2021-02-28T14:27:00.314+0300][112.888s][info][gc,stats       ]   Rebuild Free Set                   22 us
[2021-02-28T14:27:00.314+0300][112.888s][info][gc,stats       ]   Initial Evacuation                 17 us
[2021-02-28T14:27:00.314+0300][112.888s][info][gc,stats       ]   Manage GCLABs                       2 us
[2021-02-28T14:27:00.314+0300][112.888s][info][gc,stats       ]   Finish Work                    171313 us
[2021-02-28T14:27:00.314+0300][112.888s][info][gc,stats       ]   Update Region States               45 us
[2021-02-28T14:27:00.314+0300][112.888s][info][gc,stats       ]   Trash Collection Set                2 us
[2021-02-28T14:27:00.314+0300][112.888s][info][gc,stats       ]   Rebuild Free Set                   22 us
[2021-02-28T14:27:00.314+0300][112.888s][info][gc,stats       ] Pause Degenerated GC (G)        1419403 us
[2021-02-28T14:27:00.314+0300][112.888s][info][gc,stats       ] Pause Degenerated GC (N)        1419134 us
[2021-02-28T14:27:00.314+0300][112.888s][info][gc,stats       ]   Degen Mark Roots                   98 us, parallelism: 0.27x
[2021-02-28T14:27:00.314+0300][112.888s][info][gc,stats       ]     DM: <total>                      27 us
[2021-02-28T14:27:00.314+0300][112.888s][info][gc,stats       ]     DM: JNI Handles Roots             2 us, workers (us):   1,   0,   0, 
[2021-02-28T14:27:00.314+0300][112.888s][info][gc,stats       ]     DM: VM Global Roots               1 us, workers (us):   1,   0,   0, 
[2021-02-28T14:27:00.314+0300][112.888s][info][gc,stats       ]     DM: CLDG Roots                   24 us, workers (us):  24, ---, ---, 
[2021-02-28T14:27:00.316+0300][112.888s][info][gc,stats       ]   Degen Update Roots                818 us, parallelism: 2.30x
[2021-02-28T14:27:00.316+0300][112.888s][info][gc,stats       ]     DU: <total>                    1880 us
[2021-02-28T14:27:00.316+0300][112.888s][info][gc,stats       ]     DU: Thread Roots                 90 us, workers (us):   1,  27,  63, 
[2021-02-28T14:27:00.316+0300][112.888s][info][gc,stats       ]     DU: Code Cache Roots           1661 us, workers (us): 632, 513, 517, 
[2021-02-28T14:27:00.316+0300][112.888s][info][gc,stats       ]     DU: Universe Roots                1 us, workers (us):   1, ---, ---, 
[2021-02-28T14:27:00.316+0300][112.888s][info][gc,stats       ]     DU: JNI Handles Roots             1 us, workers (us):   0,   1,   0, 
[2021-02-28T14:27:00.316+0300][112.888s][info][gc,stats       ]     DU: JVMTI Weak Roots              0 us, workers (us): ---,   0, ---, 
[2021-02-28T14:27:00.316+0300][112.888s][info][gc,stats       ]     DU: JFR Weak Roots                1 us, workers (us):   1, ---, ---, 
[2021-02-28T14:27:00.316+0300][112.888s][info][gc,stats       ]     DU: JNI Weak Roots                0 us, workers (us):   0,   0,   0, 
[2021-02-28T14:27:00.316+0300][112.888s][info][gc,stats       ]     DU: String Table Roots          101 us, workers (us):  47,  50,   4, 
[2021-02-28T14:27:00.316+0300][112.888s][info][gc,stats       ]     DU: Resolved Table Roots          4 us, workers (us):   3,   0,   2, 
[2021-02-28T14:27:00.316+0300][112.888s][info][gc,stats       ]     DU: VM Global Roots               1 us, workers (us):   0,   1,   0, 
[2021-02-28T14:27:00.316+0300][112.888s][info][gc,stats       ]     DU: VM Weak Roots                 2 us, workers (us):   1,   0,   1, 
[2021-02-28T14:27:00.316+0300][112.888s][info][gc,stats       ]     DU: Synchronizer Roots            0 us, workers (us): ---,   0, ---, 
[2021-02-28T14:27:00.316+0300][112.888s][info][gc,stats       ]     DU: Management Roots              1 us, workers (us):   1, ---, ---, 
[2021-02-28T14:27:00.316+0300][112.888s][info][gc,stats       ]     DU: CLDG Roots                   16 us, workers (us): ---,  16, ---, 
[2021-02-28T14:27:00.316+0300][112.888s][info][gc,stats       ]     DU: JVMTI Roots                   0 us, workers (us): ---,   0, ---, 
[2021-02-28T14:27:00.316+0300][112.888s][info][gc,stats       ]   Pre Heap Dump                       1 us
[2021-02-28T14:27:00.316+0300][112.888s][info][gc,stats       ]   Prepare                           550 us
[2021-02-28T14:27:00.316+0300][112.888s][info][gc,stats       ]   Scan Roots                         90 us, parallelism: 1.16x
[2021-02-28T14:27:00.316+0300][112.888s][info][gc,stats       ]     FS: <total>                     104 us
[2021-02-28T14:27:00.316+0300][112.888s][info][gc,stats       ]     FS: Thread Roots                100 us, workers (us):  40,  43,  16, 
[2021-02-28T14:27:00.316+0300][112.888s][info][gc,stats       ]     FS: Universe Roots                2 us, workers (us):   2, ---, ---, 
[2021-02-28T14:27:00.316+0300][112.888s][info][gc,stats       ]     FS: Synchronizer Roots            0 us, workers (us): ---,   0, ---, 
[2021-02-28T14:27:00.316+0300][112.888s][info][gc,stats       ]     FS: Management Roots              2 us, workers (us): ---,   2, ---, 
[2021-02-28T14:27:00.316+0300][112.888s][info][gc,stats       ]     FS: JVMTI Roots                   0 us, workers (us):   0, ---, ---, 
[2021-02-28T14:27:00.316+0300][112.888s][info][gc,stats       ]   Scan Concurrent Roots              95 us, parallelism: 0.51x
[2021-02-28T14:27:00.316+0300][112.888s][info][gc,stats       ]     FCS: <total>                     48 us
[2021-02-28T14:27:00.316+0300][112.888s][info][gc,stats       ]     FCS: JNI Handles Roots            1 us, workers (us):   1,   0,   0, 
[2021-02-28T14:27:00.316+0300][112.888s][info][gc,stats       ]     FCS: VM Global Roots              2 us, workers (us):   1,   2,   0, 
[2021-02-28T14:27:00.316+0300][112.888s][info][gc,stats       ]     FCS: CLDG Roots                  44 us, workers (us):  44, ---, ---, 
[2021-02-28T14:27:00.316+0300][112.888s][info][gc,stats       ]   Mark                           413901 us
[2021-02-28T14:27:00.316+0300][112.888s][info][gc,stats       ]     Finish Queues                412444 us
[2021-02-28T14:27:00.316+0300][112.888s][info][gc,stats       ]     Weak References                 166 us
[2021-02-28T14:27:00.316+0300][112.888s][info][gc,stats       ]       Process                       161 us
[2021-02-28T14:27:00.316+0300][112.888s][info][gc,stats       ]     System Purge                     65 us
[2021-02-28T14:27:00.316+0300][112.888s][info][gc,stats       ]       Unload Classes               1008 us
[2021-02-28T14:27:00.316+0300][112.888s][info][gc,stats       ]       Weak Roots                     65 us
[2021-02-28T14:27:00.316+0300][112.888s][info][gc,stats       ]       CLDG                           15 us
[2021-02-28T14:27:00.316+0300][112.888s][info][gc,stats       ]   Calculate Addresses            180001 us
[2021-02-28T14:27:00.316+0300][112.888s][info][gc,stats       ]     Regular Objects              179965 us
[2021-02-28T14:27:00.316+0300][112.888s][info][gc,stats       ]     Humongous Objects                17 us
[2021-02-28T14:27:00.316+0300][112.888s][info][gc,stats       ]   Adjust Pointers                195602 us
[2021-02-28T14:27:00.316+0300][112.888s][info][gc,stats       ]     FA: <total>                    1529 us
[2021-02-28T14:27:00.316+0300][112.888s][info][gc,stats       ]     FA: Thread Roots                 67 us, workers (us):   1,  20,  45, 
[2021-02-28T14:27:00.316+0300][112.888s][info][gc,stats       ]     FA: Code Cache Roots           1358 us, workers (us): 538, 408, 413, 
[2021-02-28T14:27:00.316+0300][112.888s][info][gc,stats       ]     FA: Universe Roots                1 us, workers (us):   1, ---, ---, 
[2021-02-28T14:27:00.316+0300][112.888s][info][gc,stats       ]     FA: JNI Handles Roots             2 us, workers (us):   2,   1,   0, 
[2021-02-28T14:27:00.316+0300][112.888s][info][gc,stats       ]     FA: JVMTI Weak Roots              0 us, workers (us): ---,   0, ---, 
[2021-02-28T14:27:00.316+0300][112.888s][info][gc,stats       ]     FA: JFR Weak Roots                0 us, workers (us):   0, ---, ---, 
[2021-02-28T14:27:00.316+0300][112.888s][info][gc,stats       ]     FA: JNI Weak Roots                0 us, workers (us):   0,   0,   0, 
[2021-02-28T14:27:00.316+0300][112.888s][info][gc,stats       ]     FA: String Table Roots           54 us, workers (us):  27,  27,   0, 
[2021-02-28T14:27:00.316+0300][112.888s][info][gc,stats       ]     FA: Resolved Table Roots          4 us, workers (us):   2,   1,   1, 
[2021-02-28T14:27:00.316+0300][112.888s][info][gc,stats       ]     FA: VM Global Roots               2 us, workers (us):   1,   1,   0, 
[2021-02-28T14:27:00.316+0300][112.888s][info][gc,stats       ]     FA: VM Weak Roots                 2 us, workers (us):   1,   0,   1, 
[2021-02-28T14:27:00.316+0300][112.888s][info][gc,stats       ]     FA: Synchronizer Roots            0 us, workers (us):   0, ---, ---, 
[2021-02-28T14:27:00.316+0300][112.888s][info][gc,stats       ]     FA: Management Roots              1 us, workers (us):   1, ---, ---, 
[2021-02-28T14:27:00.316+0300][112.888s][info][gc,stats       ]     FA: CLDG Roots                   35 us, workers (us): ---,  35, ---, 
[2021-02-28T14:27:00.316+0300][112.888s][info][gc,stats       ]     FA: JVMTI Roots                   0 us, workers (us):   0, ---, ---, 
[2021-02-28T14:27:00.316+0300][112.888s][info][gc,stats       ]   Copy Objects                   184064 us
[2021-02-28T14:27:00.316+0300][112.888s][info][gc,stats       ]     Regular Objects              183559 us
[2021-02-28T14:27:00.316+0300][112.888s][info][gc,stats       ]     Humongous Objects                14 us
[2021-02-28T14:27:00.316+0300][112.888s][info][gc,stats       ]     Reset Complete Bitmap           441 us
[2021-02-28T14:27:00.316+0300][112.888s][info][gc,stats       ]     Rebuild Region Sets              50 us
[2021-02-28T14:27:00.316+0300][112.888s][info][gc,stats       ]   Post Heap Dump                      1 us
[2021-02-28T14:27:00.316+0300][112.888s][info][gc,stats       ] Pacing                          2858875 us
[2021-02-28T14:27:00.316+0300][112.888s][info][gc,stats       ] 
[2021-02-28T14:27:00.316+0300][112.889s][info][gc,stats       ] Allocation pacing accrued:
[2021-02-28T14:27:00.316+0300][112.889s][info][gc,stats       ]    1427 of  1423 ms (100.2%): main
[2021-02-28T14:27:00.316+0300][112.889s][info][gc,stats       ]    1422 of  1423 ms ( 99.9%): Notification Thread
[2021-02-28T14:27:00.316+0300][112.889s][info][gc,stats       ]      10 of  1423 ms (  0.7%): RMI TCP Connection(4)-172.22.16.1
[2021-02-28T14:27:00.316+0300][112.889s][info][gc,stats       ]    2859 of  1423 ms (200.9%): <total>
[2021-02-28T14:27:00.316+0300][112.889s][info][gc,stats       ]     168 of  1423 ms ( 11.8%): <average total>
[2021-02-28T14:27:00.316+0300][112.889s][info][gc,stats       ]     953 of  1423 ms ( 67.0%): <average non-zero>
[2021-02-28T14:27:00.316+0300][112.889s][info][gc,stats       ] 
[2021-02-28T14:27:00.316+0300][112.889s][info][gc,metaspace   ] Metaspace: 6980K(7552K)->6973K(7552K) NonClass: 6259K(6656K)->6253K(6656K) Class: 720K(896K)->719K(896K)
[2021-02-28T14:27:00.316+0300][112.889s][info][gc,ergo        ] Pacer for Idle. Initial: 20971K, Alloc Tax Rate: 1.0x
[2021-02-28T14:27:00.317+0300][112.889s][info][gc             ] Failed to allocate TLAB, 2648B
[2021-02-28T14:27:00.317+0300][112.889s][info][gc             ] Cancelling GC: Allocation Failure
[2021-02-28T14:27:00.317+0300][112.890s][info][gc             ] Trigger: Handle Allocation Failure
[2021-02-28T14:27:00.317+0300][112.890s][info][gc,ergo        ] Free: 0B, Max: 0B regular, 0B humongous, Frag: 0% external, 0% internal; Reserve: 51712K, Max: 512K
[2021-02-28T14:27:00.317+0300][112.890s][info][gc,start       ] GC(47) Pause Degenerated GC (Outside of Cycle)
[2021-02-28T14:27:00.317+0300][112.890s][info][gc,task        ] GC(47) Using 3 of 3 workers for stw degenerated gc
[2021-02-28T14:27:00.317+0300][112.890s][info][gc,ergo        ] GC(47) Pacer for Reset. Non-Taxable: 1024M
[2021-02-28T14:27:00.317+0300][112.890s][info][gc,ergo        ] GC(47) Pacer for Mark. Expected Live: 1525M, Free: 0B, Non-Taxable: 0B, Alloc Tax Rate: infx
[2021-02-28T14:27:00.730+0300][113.303s][info][gc,ergo        ] GC(47) Adaptive CSet Selection. Target Free: 145M, Actual Free: 51712K, Max CSet: 43690K, Min Garbage: 96836K
[2021-02-28T14:27:00.730+0300][113.304s][info][gc,ergo        ] GC(47) Collectable Garbage: 160K (100%), Immediate: 0B (0%), CSet: 160K (100%)
[2021-02-28T14:27:00.730+0300][113.304s][info][gc,ergo        ] GC(47) Pacer for Evacuation. Used CSet: 43515K, Free: 15248B, Non-Taxable: 1524B, Alloc Tax Rate: 7143.1x
[2021-02-28T14:27:00.741+0300][113.314s][info][gc,ergo        ] GC(47) Pacer for Update Refs. Used: 1016M, Free: 15248B, Non-Taxable: 1524B, Alloc Tax Rate: 85405.8x
[2021-02-28T14:27:00.914+0300][113.487s][info][gc,ergo        ] GC(47) Bad progress for free space: 15248B, need 10485K
[2021-02-28T14:27:00.914+0300][113.487s][info][gc             ] GC(47) Cancelling GC: Upgrade To Full GC
[2021-02-28T14:27:00.914+0300][113.487s][info][gc,phases,start] GC(47) Phase 1: Mark live objects
[2021-02-28T14:27:01.330+0300][113.903s][info][gc,phases      ] GC(47) Phase 1: Mark live objects 415.634ms
[2021-02-28T14:27:01.330+0300][113.903s][info][gc,phases,start] GC(47) Phase 2: Compute new object addresses
[2021-02-28T14:27:01.513+0300][114.086s][info][gc,phases      ] GC(47) Phase 2: Compute new object addresses 183.641ms
[2021-02-28T14:27:01.513+0300][114.087s][info][gc,phases,start] GC(47) Phase 3: Adjust pointers
[2021-02-28T14:27:01.722+0300][114.295s][info][gc,phases      ] GC(47) Phase 3: Adjust pointers 208.247ms
[2021-02-28T14:27:01.722+0300][114.295s][info][gc,phases,start] GC(47) Phase 4: Move objects
[2021-02-28T14:27:01.913+0300][114.486s][info][gc,phases      ] GC(47) Phase 4: Move objects 191.085ms
[2021-02-28T14:27:01.913+0300][114.486s][info][gc,ergo        ] GC(47) Bad progress for free space: 703K, need 10485K
[2021-02-28T14:27:01.913+0300][114.486s][info][gc             ] GC(47) Pause Degenerated GC (Outside of Cycle) 973M->973M(1024M) 1596.056ms
[2021-02-28T14:27:01.913+0300][114.486s][info][gc,ergo        ] Free: 703K, Max: 407K regular, 0B humongous, Frag: 0% external, 99% internal; Reserve: 51200K, Max: 512K
[2021-02-28T14:27:01.913+0300][114.486s][info][gc,stats       ] 
[2021-02-28T14:27:01.913+0300][114.486s][info][gc,stats       ] All times are wall-clock times, except per-root-class counters, that are sum over
[2021-02-28T14:27:01.913+0300][114.486s][info][gc,stats       ] all workers. Dividing the <total> over the root stage time estimates parallelism.
[2021-02-28T14:27:01.913+0300][114.486s][info][gc,stats       ] 
[2021-02-28T14:27:01.913+0300][114.486s][info][gc,stats       ]   Manage TLABs                        3 us
[2021-02-28T14:27:01.913+0300][114.486s][info][gc,stats       ]   Update Region States               80 us
[2021-02-28T14:27:01.913+0300][114.486s][info][gc,stats       ]   Scan Roots                        120 us, parallelism: 1.24x
[2021-02-28T14:27:01.913+0300][114.486s][info][gc,stats       ]     S: <total>                      149 us
[2021-02-28T14:27:01.913+0300][114.486s][info][gc,stats       ]     S: Thread Roots                 145 us, workers (us):  60,  63,  22, 
[2021-02-28T14:27:01.913+0300][114.486s][info][gc,stats       ]     S: Universe Roots                 2 us, workers (us):   2, ---, ---, 
[2021-02-28T14:27:01.913+0300][114.486s][info][gc,stats       ]     S: Synchronizer Roots             0 us, workers (us): ---,   0, ---, 
[2021-02-28T14:27:01.913+0300][114.486s][info][gc,stats       ]     S: Management Roots               2 us, workers (us): ---,   2, ---, 
[2021-02-28T14:27:01.913+0300][114.486s][info][gc,stats       ]     S: JVMTI Roots                    0 us, workers (us):   0, ---, ---, 
[2021-02-28T14:27:01.913+0300][114.486s][info][gc,stats       ]   Finish Queues                  412125 us
[2021-02-28T14:27:01.913+0300][114.486s][info][gc,stats       ]   Weak References                    28 us
[2021-02-28T14:27:01.913+0300][114.486s][info][gc,stats       ]     Process                          23 us
[2021-02-28T14:27:01.913+0300][114.486s][info][gc,stats       ]   System Purge                      111 us
[2021-02-28T14:27:01.913+0300][114.486s][info][gc,stats       ]     Unload Classes                  547 us
[2021-02-28T14:27:01.913+0300][114.486s][info][gc,stats       ]     Weak Roots                      110 us
[2021-02-28T14:27:01.913+0300][114.487s][info][gc,stats       ]     CLDG                              0 us
[2021-02-28T14:27:01.913+0300][114.487s][info][gc,stats       ]   Update Region States               96 us
[2021-02-28T14:27:01.913+0300][114.487s][info][gc,stats       ]   Manage GC/TLABs                     2 us
[2021-02-28T14:27:01.913+0300][114.487s][info][gc,stats       ]   Choose Collection Set             116 us
[2021-02-28T14:27:01.913+0300][114.487s][info][gc,stats       ]   Rebuild Free Set                   22 us
[2021-02-28T14:27:01.913+0300][114.487s][info][gc,stats       ]   Initial Evacuation                 15 us
[2021-02-28T14:27:01.913+0300][114.487s][info][gc,stats       ]   Manage GCLABs                       2 us
[2021-02-28T14:27:01.913+0300][114.487s][info][gc,stats       ]   Finish Work                    171390 us
[2021-02-28T14:27:01.913+0300][114.487s][info][gc,stats       ]   Update Region States               97 us
[2021-02-28T14:27:01.913+0300][114.487s][info][gc,stats       ]   Trash Collection Set                2 us
[2021-02-28T14:27:01.913+0300][114.487s][info][gc,stats       ]   Rebuild Free Set                   23 us
[2021-02-28T14:27:01.913+0300][114.487s][info][gc,stats       ] Pause Degenerated GC (G)        1596400 us
[2021-02-28T14:27:01.913+0300][114.487s][info][gc,stats       ] Pause Degenerated GC (N)        1596073 us
[2021-02-28T14:27:01.913+0300][114.487s][info][gc,stats       ]   Degen Mark Roots                   97 us, parallelism: 0.51x
[2021-02-28T14:27:01.913+0300][114.487s][info][gc,stats       ]     DM: <total>                      49 us
[2021-02-28T14:27:01.913+0300][114.487s][info][gc,stats       ]     DM: JNI Handles Roots             2 us, workers (us):   1,   0,   0, 
[2021-02-28T14:27:01.913+0300][114.487s][info][gc,stats       ]     DM: VM Global Roots               2 us, workers (us):   1,   1,   0, 
[2021-02-28T14:27:01.914+0300][114.487s][info][gc,stats       ]     DM: CLDG Roots                   46 us, workers (us): ---,  46, ---, 
[2021-02-28T14:27:01.914+0300][114.487s][info][gc,stats       ]   Degen Update Roots                711 us, parallelism: 2.07x
[2021-02-28T14:27:01.914+0300][114.487s][info][gc,stats       ]     DU: <total>                    1472 us
[2021-02-28T14:27:01.914+0300][114.487s][info][gc,stats       ]     DU: Thread Roots                 69 us, workers (us):  39,  30,   1, 
[2021-02-28T14:27:01.914+0300][114.487s][info][gc,stats       ]     DU: Code Cache Roots           1319 us, workers (us): 405, 396, 518, 
[2021-02-28T14:27:01.914+0300][114.487s][info][gc,stats       ]     DU: Universe Roots                1 us, workers (us):   1, ---, ---, 
[2021-02-28T14:27:01.914+0300][114.487s][info][gc,stats       ]     DU: JNI Handles Roots             1 us, workers (us):   1,   0,   0, 
[2021-02-28T14:27:01.914+0300][114.487s][info][gc,stats       ]     DU: JVMTI Weak Roots              0 us, workers (us):   0, ---, ---, 
[2021-02-28T14:27:01.914+0300][114.487s][info][gc,stats       ]     DU: JFR Weak Roots                0 us, workers (us):   0, ---, ---, 
[2021-02-28T14:27:01.914+0300][114.487s][info][gc,stats       ]     DU: String Table Roots           56 us, workers (us):  29,  13,  14, 
[2021-02-28T14:27:01.914+0300][114.487s][info][gc,stats       ]     DU: Resolved Table Roots          5 us, workers (us):   1,   2,   1, 
[2021-02-28T14:27:01.914+0300][114.487s][info][gc,stats       ]     DU: VM Global Roots               1 us, workers (us):   1,   0,   0, 
[2021-02-28T14:27:01.914+0300][114.487s][info][gc,stats       ]     DU: VM Weak Roots                 2 us, workers (us):   1,   0,   1, 
[2021-02-28T14:27:01.914+0300][114.487s][info][gc,stats       ]     DU: Synchronizer Roots            0 us, workers (us):   0, ---, ---, 
[2021-02-28T14:27:01.914+0300][114.487s][info][gc,stats       ]     DU: Management Roots              1 us, workers (us):   1, ---, ---, 
[2021-02-28T14:27:01.914+0300][114.487s][info][gc,stats       ]     DU: CLDG Roots                   16 us, workers (us): ---,  16, ---, 
[2021-02-28T14:27:01.914+0300][114.487s][info][gc,stats       ]     DU: JVMTI Roots                   0 us, workers (us):   0, ---, ---, 
[2021-02-28T14:27:01.914+0300][114.487s][info][gc,stats       ]   Pre Heap Dump                       0 us
[2021-02-28T14:27:01.914+0300][114.487s][info][gc,stats       ]   Prepare                           490 us
[2021-02-28T14:27:01.914+0300][114.487s][info][gc,stats       ]   Scan Roots                        137 us, parallelism: 0.86x
[2021-02-28T14:27:01.914+0300][114.487s][info][gc,stats       ]     FS: <total>                     118 us
[2021-02-28T14:27:01.914+0300][114.487s][info][gc,stats       ]     FS: Thread Roots                113 us, workers (us):  39,  35,  39, 
[2021-02-28T14:27:01.914+0300][114.487s][info][gc,stats       ]     FS: Universe Roots                2 us, workers (us):   2, ---, ---, 
[2021-02-28T14:27:01.914+0300][114.487s][info][gc,stats       ]     FS: Synchronizer Roots            0 us, workers (us): ---,   0, ---, 
[2021-02-28T14:27:01.914+0300][114.487s][info][gc,stats       ]     FS: Management Roots              2 us, workers (us): ---,   2, ---, 
[2021-02-28T14:27:01.914+0300][114.487s][info][gc,stats       ]     FS: JVMTI Roots                   0 us, workers (us): ---, ---,   0, 
[2021-02-28T14:27:01.914+0300][114.487s][info][gc,stats       ]   Scan Concurrent Roots             133 us, parallelism: 0.36x
[2021-02-28T14:27:01.914+0300][114.487s][info][gc,stats       ]     FCS: <total>                     48 us
[2021-02-28T14:27:01.914+0300][114.487s][info][gc,stats       ]     FCS: JNI Handles Roots            2 us, workers (us):   1,   0,   0, 
[2021-02-28T14:27:01.914+0300][114.487s][info][gc,stats       ]     FCS: VM Global Roots              2 us, workers (us):   2,   0,   0, 
[2021-02-28T14:27:01.914+0300][114.487s][info][gc,stats       ]     FCS: CLDG Roots                  45 us, workers (us):  45, ---, ---, 
[2021-02-28T14:27:01.914+0300][114.487s][info][gc,stats       ]   Mark                           415591 us
[2021-02-28T14:27:01.914+0300][114.487s][info][gc,stats       ]     Finish Queues                414516 us
[2021-02-28T14:27:01.914+0300][114.487s][info][gc,stats       ]     Weak References                 171 us
[2021-02-28T14:27:01.914+0300][114.487s][info][gc,stats       ]       Process                       165 us
[2021-02-28T14:27:01.914+0300][114.487s][info][gc,stats       ]     System Purge                     37 us
[2021-02-28T14:27:01.914+0300][114.487s][info][gc,stats       ]       Unload Classes                578 us
[2021-02-28T14:27:01.914+0300][114.487s][info][gc,stats       ]       Weak Roots                     36 us
[2021-02-28T14:27:01.914+0300][114.487s][info][gc,stats       ]       CLDG                            0 us
[2021-02-28T14:27:01.914+0300][114.487s][info][gc,stats       ]   Calculate Addresses            183627 us
[2021-02-28T14:27:01.914+0300][114.487s][info][gc,stats       ]     Regular Objects              183586 us
[2021-02-28T14:27:01.914+0300][114.487s][info][gc,stats       ]     Humongous Objects                17 us
[2021-02-28T14:27:01.914+0300][114.487s][info][gc,stats       ]   Adjust Pointers                208233 us
[2021-02-28T14:27:01.914+0300][114.487s][info][gc,stats       ]     FA: <total>                    1558 us
[2021-02-28T14:27:01.914+0300][114.487s][info][gc,stats       ]     FA: Thread Roots                 75 us, workers (us):  57,  18,   0, 
[2021-02-28T14:27:01.914+0300][114.487s][info][gc,stats       ]     FA: Code Cache Roots           1381 us, workers (us): 422, 420, 539, 
[2021-02-28T14:27:01.914+0300][114.487s][info][gc,stats       ]     FA: Universe Roots                1 us, workers (us):   1, ---, ---, 
[2021-02-28T14:27:01.914+0300][114.487s][info][gc,stats       ]     FA: JNI Handles Roots             2 us, workers (us):   0,   0,   2, 
[2021-02-28T14:27:01.914+0300][114.487s][info][gc,stats       ]     FA: JVMTI Weak Roots              0 us, workers (us): ---,   0, ---, 
[2021-02-28T14:27:01.914+0300][114.487s][info][gc,stats       ]     FA: JFR Weak Roots                0 us, workers (us): ---,   0, ---, 
[2021-02-28T14:27:01.914+0300][114.487s][info][gc,stats       ]     FA: JNI Weak Roots                0 us, workers (us):   0,   0,   0, 
[2021-02-28T14:27:01.914+0300][114.487s][info][gc,stats       ]     FA: String Table Roots           54 us, workers (us):  18,  18,  18, 
[2021-02-28T14:27:01.914+0300][114.487s][info][gc,stats       ]     FA: Resolved Table Roots          5 us, workers (us):   2,   2,   1, 
[2021-02-28T14:27:01.914+0300][114.487s][info][gc,stats       ]     FA: VM Global Roots               2 us, workers (us):   1,   1,   0, 
[2021-02-28T14:27:01.914+0300][114.487s][info][gc,stats       ]     FA: VM Weak Roots                 2 us, workers (us):   1,   0,   1, 
[2021-02-28T14:27:01.914+0300][114.487s][info][gc,stats       ]     FA: Synchronizer Roots            0 us, workers (us): ---,   0, ---, 
[2021-02-28T14:27:01.914+0300][114.487s][info][gc,stats       ]     FA: Management Roots              1 us, workers (us):   1, ---, ---, 
[2021-02-28T14:27:01.914+0300][114.487s][info][gc,stats       ]     FA: CLDG Roots                   33 us, workers (us): ---,  33, ---, 
[2021-02-28T14:27:01.914+0300][114.487s][info][gc,stats       ]     FA: JVMTI Roots                   0 us, workers (us): ---, ---,   0, 
[2021-02-28T14:27:01.914+0300][114.487s][info][gc,stats       ]   Copy Objects                   191072 us
[2021-02-28T14:27:01.914+0300][114.487s][info][gc,stats       ]     Regular Objects              190445 us
[2021-02-28T14:27:01.914+0300][114.487s][info][gc,stats       ]     Humongous Objects                14 us
[2021-02-28T14:27:01.914+0300][114.487s][info][gc,stats       ]     Reset Complete Bitmap           542 us
[2021-02-28T14:27:01.914+0300][114.487s][info][gc,stats       ]     Rebuild Region Sets              68 us
[2021-02-28T14:27:01.914+0300][114.487s][info][gc,stats       ]   Post Heap Dump                      1 us
[2021-02-28T14:27:01.914+0300][114.487s][info][gc,stats       ] Pacing                             6141 us
[2021-02-28T14:27:01.914+0300][114.487s][info][gc,stats       ] 
[2021-02-28T14:27:01.914+0300][114.488s][info][gc,stats       ] Allocation pacing accrued:
[2021-02-28T14:27:01.914+0300][114.488s][info][gc,stats       ]       2 of  1599 ms (  0.1%): Notification Thread
[2021-02-28T14:27:01.914+0300][114.488s][info][gc,stats       ]       2 of  1599 ms (  0.1%): RMI TCP Connection(4)-172.22.16.1
[2021-02-28T14:27:01.914+0300][114.488s][info][gc,stats       ]       2 of  1599 ms (  0.1%): RMI TCP Connection(5)-172.22.16.1
[2021-02-28T14:27:01.914+0300][114.488s][info][gc,stats       ]       6 of  1599 ms (  0.4%): <total>
[2021-02-28T14:27:01.914+0300][114.488s][info][gc,stats       ]       0 of  1599 ms (  0.0%): <average total>
[2021-02-28T14:27:01.914+0300][114.488s][info][gc,stats       ]       2 of  1599 ms (  0.1%): <average non-zero>
[2021-02-28T14:27:01.914+0300][114.488s][info][gc,stats       ] 
[2021-02-28T14:27:01.914+0300][114.488s][info][gc,metaspace   ] Metaspace: 6973K(7552K)->6973K(7552K) NonClass: 6253K(6656K)->6253K(6656K) Class: 719K(896K)->719K(896K)
[2021-02-28T14:27:01.914+0300][114.488s][info][gc,ergo        ] Pacer for Idle. Initial: 20971K, Alloc Tax Rate: 1.0x
[2021-02-28T14:27:01.916+0300][114.489s][info][gc             ] Trigger: Free (672K) is below minimum threshold (102M)
[2021-02-28T14:27:01.916+0300][114.489s][info][gc,ergo        ] Free: 672K, Max: 407K regular, 0B humongous, Frag: 0% external, 67% internal; Reserve: 51200K, Max: 512K
[2021-02-28T14:27:01.916+0300][114.489s][info][gc,start       ] GC(48) Concurrent reset
[2021-02-28T14:27:01.916+0300][114.489s][info][gc,task        ] GC(48) Using 1 of 3 workers for concurrent reset
[2021-02-28T14:27:01.916+0300][114.489s][info][gc,ergo        ] GC(48) Pacer for Reset. Non-Taxable: 1024M
[2021-02-28T14:27:01.916+0300][114.489s][info][gc             ] GC(48) Concurrent reset 0.143ms
[2021-02-28T14:27:01.916+0300][114.489s][info][gc,start       ] GC(48) Pause Init Mark (unload classes)
[2021-02-28T14:27:01.916+0300][114.489s][info][gc,task        ] GC(48) Using 3 of 3 workers for init marking
[2021-02-28T14:27:01.916+0300][114.489s][info][gc,ergo        ] GC(48) Pacer for Mark. Expected Live: 1730M, Free: 672K, Non-Taxable: 68816B, Alloc Tax Rate: 3221.8x
[2021-02-28T14:27:01.916+0300][114.489s][info][gc             ] GC(48) Pause Init Mark (unload classes) 0.164ms
[2021-02-28T14:27:01.916+0300][114.489s][info][gc,start       ] GC(48) Concurrent marking (unload classes)
[2021-02-28T14:27:01.916+0300][114.489s][info][gc,task        ] GC(48) Using 1 of 3 workers for concurrent marking
[2021-02-28T14:27:02.421+0300][114.994s][info][gc             ] Failed to allocate TLAB, 2672B
[2021-02-28T14:27:02.421+0300][114.994s][info][gc             ] Cancelling GC: Allocation Failure
[2021-02-28T14:27:02.421+0300][114.994s][info][gc             ] GC(48) Concurrent marking (unload classes) 504.671ms
[2021-02-28T14:27:02.421+0300][114.994s][info][gc,ergo        ] Free: 0B, Max: 0B regular, 0B humongous, Frag: 0% external, 0% internal; Reserve: 51200K, Max: 512K
[2021-02-28T14:27:02.421+0300][114.994s][info][gc,stats       ] 
[2021-02-28T14:27:02.421+0300][114.994s][info][gc,stats       ] All times are wall-clock times, except per-root-class counters, that are sum over
[2021-02-28T14:27:02.421+0300][114.994s][info][gc,stats       ] all workers. Dividing the <total> over the root stage time estimates parallelism.
[2021-02-28T14:27:02.421+0300][114.994s][info][gc,stats       ] 
[2021-02-28T14:27:02.421+0300][114.994s][info][gc,stats       ] Concurrent Reset                    163 us
[2021-02-28T14:27:02.421+0300][114.994s][info][gc,stats       ] Pause Init Mark (G)                 258 us
[2021-02-28T14:27:02.421+0300][114.994s][info][gc,stats       ] Pause Init Mark (N)                 178 us
[2021-02-28T14:27:02.421+0300][114.994s][info][gc,stats       ]   Manage TLABs                        2 us
[2021-02-28T14:27:02.421+0300][114.994s][info][gc,stats       ]   Update Region States               22 us
[2021-02-28T14:27:02.421+0300][114.994s][info][gc,stats       ]   Scan Roots                         72 us, parallelism: 2.07x
[2021-02-28T14:27:02.421+0300][114.994s][info][gc,stats       ]     S: <total>                      149 us
[2021-02-28T14:27:02.421+0300][114.994s][info][gc,stats       ]     S: Thread Roots                 144 us, workers (us):  46,  54,  44, 
[2021-02-28T14:27:02.421+0300][114.994s][info][gc,stats       ]     S: Universe Roots                 2 us, workers (us):   2, ---, ---, 
[2021-02-28T14:27:02.421+0300][114.994s][info][gc,stats       ]     S: Synchronizer Roots             0 us, workers (us): ---,   0, ---, 
[2021-02-28T14:27:02.421+0300][114.994s][info][gc,stats       ]     S: Management Roots               2 us, workers (us): ---, ---,   2, 
[2021-02-28T14:27:02.421+0300][114.994s][info][gc,stats       ]     S: JVMTI Roots                    0 us, workers (us): ---,   0, ---, 
[2021-02-28T14:27:02.421+0300][114.994s][info][gc,stats       ] Concurrent Marking               504692 us
[2021-02-28T14:27:02.421+0300][114.994s][info][gc,stats       ]   Roots                              85 us, parallelism: 0.75x
[2021-02-28T14:27:02.421+0300][114.994s][info][gc,stats       ]     CM: <total>                      64 us
[2021-02-28T14:27:02.421+0300][114.994s][info][gc,stats       ]     CM: JNI Handles Roots             2 us, workers (us):   2, ---, ---, 
[2021-02-28T14:27:02.421+0300][114.994s][info][gc,stats       ]     CM: VM Global Roots               2 us, workers (us):   2, ---, ---, 
[2021-02-28T14:27:02.421+0300][114.994s][info][gc,stats       ]     CM: CLDG Roots                   60 us, workers (us):  60, ---, ---, 
[2021-02-28T14:27:02.421+0300][114.994s][info][gc,stats       ] Pacing                          1994369 us
[2021-02-28T14:27:02.421+0300][114.994s][info][gc,stats       ] 
[2021-02-28T14:27:02.421+0300][114.994s][info][gc,stats       ] Allocation pacing accrued:
[2021-02-28T14:27:02.421+0300][114.994s][info][gc,stats       ]     499 of   507 ms ( 98.4%): main
[2021-02-28T14:27:02.421+0300][114.994s][info][gc,stats       ]     504 of   507 ms ( 99.5%): Notification Thread
[2021-02-28T14:27:02.421+0300][114.994s][info][gc,stats       ]     494 of   507 ms ( 97.5%): RMI TCP Connection(4)-172.22.16.1
[2021-02-28T14:27:02.421+0300][114.994s][info][gc,stats       ]     498 of   507 ms ( 98.2%): RMI TCP Connection(5)-172.22.16.1
[2021-02-28T14:27:02.421+0300][114.994s][info][gc,stats       ]    1994 of   507 ms (393.6%): <total>
[2021-02-28T14:27:02.421+0300][114.994s][info][gc,stats       ]     117 of   507 ms ( 23.2%): <average total>
[2021-02-28T14:27:02.421+0300][114.994s][info][gc,stats       ]     499 of   507 ms ( 98.4%): <average non-zero>
[2021-02-28T14:27:02.421+0300][114.994s][info][gc,stats       ] 
[2021-02-28T14:27:02.421+0300][114.994s][info][gc,metaspace   ] Metaspace: 6973K(7552K)->6993K(7552K) NonClass: 6253K(6656K)->6272K(6656K) Class: 719K(896K)->721K(896K)
[2021-02-28T14:27:02.421+0300][114.994s][info][gc,ergo        ] Pacer for Idle. Initial: 20971K, Alloc Tax Rate: 1.0x
[2021-02-28T14:27:02.424+0300][114.997s][info][gc             ] Trigger: Handle Allocation Failure
[2021-02-28T14:27:02.424+0300][114.997s][info][gc,ergo        ] Free: 0B, Max: 0B regular, 0B humongous, Frag: 0% external, 0% internal; Reserve: 51200K, Max: 512K
[2021-02-28T14:27:02.424+0300][114.997s][info][gc,start       ] GC(49) Pause Full
[2021-02-28T14:27:02.424+0300][114.997s][info][gc,task        ] GC(49) Using 3 of 3 workers for full gc
[2021-02-28T14:27:02.425+0300][114.998s][info][gc,phases,start] GC(49) Phase 1: Mark live objects
[2021-02-28T14:27:02.861+0300][115.434s][info][gc,phases      ] GC(49) Phase 1: Mark live objects 435.898ms
[2021-02-28T14:27:02.861+0300][115.434s][info][gc,phases,start] GC(49) Phase 2: Compute new object addresses
[2021-02-28T14:27:03.042+0300][115.615s][info][gc,phases      ] GC(49) Phase 2: Compute new object addresses 181.435ms
[2021-02-28T14:27:03.042+0300][115.615s][info][gc,phases,start] GC(49) Phase 3: Adjust pointers
[2021-02-28T14:27:03.245+0300][115.817s][info][gc,phases      ] GC(49) Phase 3: Adjust pointers 202.020ms
[2021-02-28T14:27:03.245+0300][115.817s][info][gc,phases,start] GC(49) Phase 4: Move objects
[2021-02-28T14:27:03.428+0300][116.000s][info][gc,phases      ] GC(49) Phase 4: Move objects 183.105ms
[2021-02-28T14:27:03.428+0300][116.001s][info][gc,ergo        ] GC(49) Bad progress for free space: 311K, need 10485K
[2021-02-28T14:27:03.428+0300][116.001s][info][gc             ] GC(49) Pause Full 973M->973M(1024M) 1003.388ms
[2021-02-28T14:27:03.428+0300][116.001s][info][gc,ergo        ] Free: 289K, Max: 150K regular, 0B humongous, Frag: 0% external, 81% internal; Reserve: 51200K, Max: 512K
[2021-02-28T14:27:03.428+0300][116.001s][info][gc,stats       ] 
[2021-02-28T14:27:03.428+0300][116.001s][info][gc,stats       ] All times are wall-clock times, except per-root-class counters, that are sum over
[2021-02-28T14:27:03.428+0300][116.001s][info][gc,stats       ] all workers. Dividing the <total> over the root stage time estimates parallelism.
[2021-02-28T14:27:03.428+0300][116.001s][info][gc,stats       ] 
[2021-02-28T14:27:03.428+0300][116.001s][info][gc,stats       ] Pause Full GC (G)               1003595 us
[2021-02-28T14:27:03.428+0300][116.001s][info][gc,stats       ] Pause Full GC (N)               1003402 us
[2021-02-28T14:27:03.428+0300][116.001s][info][gc             ] Failed to allocate TLAB, 7600B
[2021-02-28T14:27:03.428+0300][116.001s][info][gc,stats       ]   Pre Heap Dump                       0 us
[2021-02-28T14:27:03.428+0300][116.001s][info][gc             ] Cancelling GC: Allocation Failure
[2021-02-28T14:27:03.428+0300][116.001s][info][gc,stats       ]   Prepare                           575 us
[2021-02-28T14:27:03.428+0300][116.001s][info][gc,stats       ]   Scan Roots                        127 us, parallelism: 1.62x
[2021-02-28T14:27:03.428+0300][116.001s][info][gc,stats       ]     FS: <total>                     206 us
[2021-02-28T14:27:03.428+0300][116.001s][info][gc,stats       ]     FS: Thread Roots                201 us, workers (us):  45, 110,  45, 
[2021-02-28T14:27:03.428+0300][116.001s][info][gc,stats       ]     FS: Universe Roots                2 us, workers (us):   2, ---, ---, 
[2021-02-28T14:27:03.428+0300][116.001s][info][gc,stats       ]     FS: Synchronizer Roots            0 us, workers (us): ---,   0, ---, 
[2021-02-28T14:27:03.428+0300][116.001s][info][gc,stats       ]     FS: Management Roots              2 us, workers (us): ---,   2, ---, 
[2021-02-28T14:27:03.428+0300][116.001s][info][gc,stats       ]     FS: JVMTI Roots                   0 us, workers (us): ---, ---,   0, 
[2021-02-28T14:27:03.428+0300][116.001s][info][gc,stats       ]   Scan Concurrent Roots              68 us, parallelism: 0.76x
[2021-02-28T14:27:03.428+0300][116.001s][info][gc,stats       ]     FCS: <total>                     51 us
[2021-02-28T14:27:03.428+0300][116.001s][info][gc,stats       ]     FCS: JNI Handles Roots            2 us, workers (us):   1,   0,   0, 
[2021-02-28T14:27:03.428+0300][116.001s][info][gc,stats       ]     FCS: VM Global Roots              3 us, workers (us):   1,   2,   0, 
[2021-02-28T14:27:03.428+0300][116.001s][info][gc,stats       ]     FCS: CLDG Roots                  46 us, workers (us):  46, ---, ---, 
[2021-02-28T14:27:03.428+0300][116.001s][info][gc,stats       ]   Mark                           435856 us
[2021-02-28T14:27:03.428+0300][116.001s][info][gc,stats       ]     Finish Queues                434380 us
[2021-02-28T14:27:03.428+0300][116.001s][info][gc,stats       ]     Weak References                 179 us
[2021-02-28T14:27:03.428+0300][116.001s][info][gc,stats       ]       Process                       174 us
[2021-02-28T14:27:03.428+0300][116.001s][info][gc,stats       ]     System Purge                     55 us
[2021-02-28T14:27:03.428+0300][116.001s][info][gc,stats       ]       Unload Classes               1000 us
[2021-02-28T14:27:03.428+0300][116.001s][info][gc,stats       ]       Weak Roots                     54 us
[2021-02-28T14:27:03.428+0300][116.001s][info][gc,stats       ]       CLDG                           26 us
[2021-02-28T14:27:03.428+0300][116.001s][info][gc,stats       ]   Calculate Addresses            181421 us
[2021-02-28T14:27:03.428+0300][116.001s][info][gc,stats       ]     Regular Objects              181382 us
[2021-02-28T14:27:03.428+0300][116.001s][info][gc,stats       ]     Humongous Objects                17 us
[2021-02-28T14:27:03.428+0300][116.001s][info][gc,stats       ]   Adjust Pointers                202006 us
[2021-02-28T14:27:03.428+0300][116.001s][info][gc,stats       ]     FA: <total>                    1532 us
[2021-02-28T14:27:03.428+0300][116.001s][info][gc,stats       ]     FA: Thread Roots                 81 us, workers (us):  38,   1,  43, 
[2021-02-28T14:27:03.428+0300][116.001s][info][gc,stats       ]     FA: Code Cache Roots           1352 us, workers (us): 400, 534, 418, 
[2021-02-28T14:27:03.428+0300][116.001s][info][gc,stats       ]     FA: Universe Roots                1 us, workers (us):   1, ---, ---, 
[2021-02-28T14:27:03.428+0300][116.001s][info][gc,stats       ]     FA: JNI Handles Roots             3 us, workers (us):   1,   2,   0, 
[2021-02-28T14:27:03.428+0300][116.001s][info][gc,stats       ]     FA: JVMTI Weak Roots              0 us, workers (us):   0, ---, ---, 
[2021-02-28T14:27:03.428+0300][116.001s][info][gc,stats       ]     FA: JFR Weak Roots                0 us, workers (us): ---,   0, ---, 
[2021-02-28T14:27:03.428+0300][116.001s][info][gc,stats       ]     FA: String Table Roots           52 us, workers (us):  26,  26,   0, 
[2021-02-28T14:27:03.428+0300][116.001s][info][gc,stats       ]     FA: Resolved Table Roots          4 us, workers (us):   2,   2,   0, 
[2021-02-28T14:27:03.428+0300][116.001s][info][gc,stats       ]     FA: VM Global Roots               2 us, workers (us):   2,   1,   0, 
[2021-02-28T14:27:03.428+0300][116.002s][info][gc,stats       ]     FA: VM Weak Roots                 2 us, workers (us):   1,   1,   0, 
[2021-02-28T14:27:03.428+0300][116.002s][info][gc,stats       ]     FA: Synchronizer Roots            0 us, workers (us):   0, ---, ---, 
[2021-02-28T14:27:03.428+0300][116.002s][info][gc,stats       ]     FA: Management Roots              1 us, workers (us):   1, ---, ---, 
[2021-02-28T14:27:03.428+0300][116.002s][info][gc,stats       ]     FA: CLDG Roots                   33 us, workers (us):  33, ---, ---, 
[2021-02-28T14:27:03.428+0300][116.002s][info][gc,stats       ]     FA: JVMTI Roots                   0 us, workers (us): ---,   0, ---, 
[2021-02-28T14:27:03.428+0300][116.002s][info][gc,stats       ]   Copy Objects                   183092 us
[2021-02-28T14:27:03.428+0300][116.002s][info][gc,stats       ]     Regular Objects              182546 us
[2021-02-28T14:27:03.428+0300][116.002s][info][gc,stats       ]     Humongous Objects                14 us
[2021-02-28T14:27:03.428+0300][116.002s][info][gc,stats       ]     Reset Complete Bitmap           485 us
[2021-02-28T14:27:03.428+0300][116.002s][info][gc,stats       ]     Rebuild Region Sets              46 us
[2021-02-28T14:27:03.428+0300][116.002s][info][gc,stats       ]   Post Heap Dump                      1 us
[2021-02-28T14:27:03.428+0300][116.002s][info][gc,stats       ] Pacing                          2030794 us
[2021-02-28T14:27:03.428+0300][116.002s][info][gc,stats       ] 
[2021-02-28T14:27:03.428+0300][116.002s][info][gc,stats       ] Allocation pacing accrued:
[2021-02-28T14:27:03.428+0300][116.002s][info][gc,stats       ]      11 of  1007 ms (  1.1%): main
[2021-02-28T14:27:03.428+0300][116.002s][info][gc,stats       ]    1007 of  1007 ms ( 99.9%): RMI TCP Connection(4)-172.22.16.1
[2021-02-28T14:27:03.429+0300][116.002s][info][gc,stats       ]    1013 of  1007 ms (100.5%): RMI TCP Connection(5)-172.22.16.1
[2021-02-28T14:27:03.429+0300][116.002s][info][gc,stats       ]    2031 of  1007 ms (201.6%): <total>
[2021-02-28T14:27:03.429+0300][116.002s][info][gc,stats       ]     119 of  1007 ms ( 11.9%): <average total>
[2021-02-28T14:27:03.429+0300][116.002s][info][gc,stats       ]     677 of  1007 ms ( 67.2%): <average non-zero>
[2021-02-28T14:27:03.429+0300][116.002s][info][gc,stats       ] 
[2021-02-28T14:27:03.429+0300][116.002s][info][gc,metaspace   ] Metaspace: 6993K(7552K)->6982K(7552K) NonClass: 6272K(6656K)->6262K(6656K) Class: 721K(896K)->719K(896K)
[2021-02-28T14:27:03.429+0300][116.002s][info][gc,ergo        ] Pacer for Idle. Initial: 20971K, Alloc Tax Rate: 1.0x
[2021-02-28T14:27:03.435+0300][116.007s][info][gc             ] Trigger: Handle Allocation Failure
[2021-02-28T14:27:03.435+0300][116.007s][info][gc,ergo        ] Free: 0B, Max: 0B regular, 0B humongous, Frag: 0% external, 0% internal; Reserve: 51200K, Max: 512K
[2021-02-28T14:27:03.435+0300][116.007s][info][gc,start       ] GC(50) Pause Degenerated GC (Outside of Cycle)
[2021-02-28T14:27:03.435+0300][116.007s][info][gc,task        ] GC(50) Using 3 of 3 workers for stw degenerated gc
[2021-02-28T14:27:03.435+0300][116.007s][info][gc,ergo        ] GC(50) Pacer for Reset. Non-Taxable: 1024M
[2021-02-28T14:27:03.435+0300][116.008s][info][gc,ergo        ] GC(50) Pacer for Mark. Expected Live: 1822M, Free: 0B, Non-Taxable: 0B, Alloc Tax Rate: infx
[2021-02-28T14:27:03.848+0300][116.421s][info][gc,ergo        ] GC(50) Adaptive CSet Selection. Target Free: 145M, Actual Free: 51200K, Max CSet: 43690K, Min Garbage: 97348K
[2021-02-28T14:27:03.848+0300][116.421s][info][gc,ergo        ] GC(50) Collectable Garbage: 31632B (100%), Immediate: 0B (0%), CSet: 31632B (100%)
[2021-02-28T14:27:03.848+0300][116.421s][info][gc,ergo        ] GC(50) Pacer for Evacuation. Used CSet: 43519K, Free: 15672B, Non-Taxable: 1567B, Alloc Tax Rate: 6950.7x
[2021-02-28T14:27:03.860+0300][116.432s][info][gc,ergo        ] GC(50) Pacer for Update Refs. Used: 1016M, Free: 15672B, Non-Taxable: 1567B, Alloc Tax Rate: 83140.0x
[2021-02-28T14:27:04.039+0300][116.612s][info][gc,ergo        ] GC(50) Bad progress for free space: 15672B, need 10485K
[2021-02-28T14:27:04.039+0300][116.612s][info][gc             ] GC(50) Cancelling GC: Upgrade To Full GC
[2021-02-28T14:27:04.039+0300][116.612s][info][gc,phases,start] GC(50) Phase 1: Mark live objects
[2021-02-28T14:27:04.452+0300][117.025s][info][gc,phases      ] GC(50) Phase 1: Mark live objects 412.959ms
[2021-02-28T14:27:04.452+0300][117.025s][info][gc,phases,start] GC(50) Phase 2: Compute new object addresses
[2021-02-28T14:27:04.635+0300][117.207s][info][gc,phases      ] GC(50) Phase 2: Compute new object addresses 182.185ms
[2021-02-28T14:27:04.635+0300][117.208s][info][gc,phases,start] GC(50) Phase 3: Adjust pointers
[2021-02-28T14:27:04.832+0300][117.404s][info][gc,phases      ] GC(50) Phase 3: Adjust pointers 196.946ms
[2021-02-28T14:27:04.832+0300][117.404s][info][gc,phases,start] GC(50) Phase 4: Move objects
[2021-02-28T14:27:05.018+0300][117.590s][info][gc,phases      ] GC(50) Phase 4: Move objects 185.810ms
[2021-02-28T14:27:05.018+0300][117.590s][info][gc,ergo        ] GC(50) Bad progress for free space: 560K, need 10485K
[2021-02-28T14:27:05.018+0300][117.590s][info][gc             ] GC(50) Pause Degenerated GC (Outside of Cycle) 973M->973M(1024M) 1583.459ms
[2021-02-28T14:27:05.018+0300][117.591s][info][gc,ergo        ] Free: 560K, Max: 419K regular, 0B humongous, Frag: 0% external, 99% internal; Reserve: 50688K, Max: 512K
[2021-02-28T14:27:05.018+0300][117.591s][info][gc,stats       ] 
[2021-02-28T14:27:05.018+0300][117.591s][info][gc,stats       ] All times are wall-clock times, except per-root-class counters, that are sum over
[2021-02-28T14:27:05.018+0300][117.591s][info][gc,stats       ] all workers. Dividing the <total> over the root stage time estimates parallelism.
[2021-02-28T14:27:05.018+0300][117.591s][info][gc,stats       ] 
[2021-02-28T14:27:05.018+0300][117.591s][info][gc,stats       ]   Manage TLABs                        3 us
[2021-02-28T14:27:05.018+0300][117.591s][info][gc,stats       ]   Update Region States               88 us
[2021-02-28T14:27:05.018+0300][117.591s][info][gc,stats       ]   Scan Roots                        208 us, parallelism: 1.23x
[2021-02-28T14:27:05.018+0300][117.591s][info][gc,stats       ]     S: <total>                      257 us
[2021-02-28T14:27:05.018+0300][117.591s][info][gc,stats       ]     S: Thread Roots                 253 us, workers (us):  91, 130,  32, 
[2021-02-28T14:27:05.018+0300][117.591s][info][gc,stats       ]     S: Universe Roots                 2 us, workers (us):   2, ---, ---, 
[2021-02-28T14:27:05.018+0300][117.591s][info][gc,stats       ]     S: Synchronizer Roots             0 us, workers (us): ---,   0, ---, 
[2021-02-28T14:27:05.018+0300][117.591s][info][gc,stats       ]     S: Management Roots               2 us, workers (us): ---,   2, ---, 
[2021-02-28T14:27:05.018+0300][117.591s][info][gc,stats       ]     S: JVMTI Roots                    0 us, workers (us):   0, ---, ---, 
[2021-02-28T14:27:05.018+0300][117.591s][info][gc,stats       ]   Finish Queues                  412673 us
[2021-02-28T14:27:05.018+0300][117.591s][info][gc,stats       ]   Weak References                    32 us
[2021-02-28T14:27:05.018+0300][117.591s][info][gc,stats       ]     Process                          27 us
[2021-02-28T14:27:05.018+0300][117.591s][info][gc,stats       ]   System Purge                       58 us
[2021-02-28T14:27:05.018+0300][117.591s][info][gc,stats       ]     Unload Classes                  568 us
[2021-02-28T14:27:05.018+0300][117.591s][info][gc,stats       ]     Weak Roots                       58 us
[2021-02-28T14:27:05.018+0300][117.591s][info][gc,stats       ]     CLDG                              0 us
[2021-02-28T14:27:05.018+0300][117.591s][info][gc,stats       ]   Update Region States              151 us
[2021-02-28T14:27:05.018+0300][117.591s][info][gc,stats       ]   Manage GC/TLABs                     3 us
[2021-02-28T14:27:05.018+0300][117.591s][info][gc,stats       ]   Choose Collection Set             120 us
[2021-02-28T14:27:05.018+0300][117.591s][info][gc,stats       ]   Rebuild Free Set                   26 us
[2021-02-28T14:27:05.018+0300][117.591s][info][gc,stats       ]   Initial Evacuation                 15 us
[2021-02-28T14:27:05.018+0300][117.591s][info][gc,stats       ]   Manage GCLABs                       2 us
[2021-02-28T14:27:05.018+0300][117.591s][info][gc,stats       ]   Finish Work                    179078 us
[2021-02-28T14:27:05.018+0300][117.591s][info][gc,stats       ]   Update Region States               46 us
[2021-02-28T14:27:05.018+0300][117.591s][info][gc,stats       ]   Trash Collection Set                2 us
[2021-02-28T14:27:05.018+0300][117.591s][info][gc,stats       ]   Rebuild Free Set                   24 us
[2021-02-28T14:27:05.018+0300][117.591s][info][gc,stats       ] Pause Degenerated GC (G)        1583634 us
[2021-02-28T14:27:05.018+0300][117.591s][info][gc,stats       ] Pause Degenerated GC (N)        1583475 us
[2021-02-28T14:27:05.018+0300][117.591s][info][gc,stats       ]   Degen Mark Roots                   95 us, parallelism: 0.53x
[2021-02-28T14:27:05.018+0300][117.591s][info][gc,stats       ]     DM: <total>                      50 us
[2021-02-28T14:27:05.018+0300][117.591s][info][gc,stats       ]     DM: JNI Handles Roots             2 us, workers (us):   2,   0,   0, 
[2021-02-28T14:27:05.018+0300][117.591s][info][gc,stats       ]     DM: VM Global Roots               2 us, workers (us):   2,   0,   0, 
[2021-02-28T14:27:05.018+0300][117.591s][info][gc,stats       ]     DM: CLDG Roots                   45 us, workers (us):  45, ---, ---, 
[2021-02-28T14:27:05.018+0300][117.591s][info][gc,stats       ]   Degen Update Roots                659 us, parallelism: 2.27x
[2021-02-28T14:27:05.018+0300][117.591s][info][gc,stats       ]     DU: <total>                    1499 us
[2021-02-28T14:27:05.018+0300][117.591s][info][gc,stats       ]     DU: Thread Roots                 80 us, workers (us):   0,  33,  46, 
[2021-02-28T14:27:05.018+0300][117.591s][info][gc,stats       ]     DU: Code Cache Roots           1337 us, workers (us): 523, 416, 398, 
[2021-02-28T14:27:05.018+0300][117.591s][info][gc,stats       ]     DU: Universe Roots                1 us, workers (us):   1, ---, ---, 
[2021-02-28T14:27:05.018+0300][117.591s][info][gc,stats       ]     DU: JNI Handles Roots             1 us, workers (us):   0,   0,   0, 
[2021-02-28T14:27:05.018+0300][117.591s][info][gc,stats       ]     DU: JVMTI Weak Roots              0 us, workers (us):   0, ---, ---, 
[2021-02-28T14:27:05.018+0300][117.591s][info][gc,stats       ]     DU: JFR Weak Roots                0 us, workers (us):   0, ---, ---, 
[2021-02-28T14:27:05.018+0300][117.591s][info][gc,stats       ]     DU: JNI Weak Roots                0 us, workers (us):   0,   0,   0, 
[2021-02-28T14:27:05.018+0300][117.591s][info][gc,stats       ]     DU: String Table Roots           54 us, workers (us):  27,  27,   0, 
[2021-02-28T14:27:05.018+0300][117.591s][info][gc,stats       ]     DU: Resolved Table Roots          4 us, workers (us):   2,   2,   0, 
[2021-02-28T14:27:05.018+0300][117.591s][info][gc,stats       ]     DU: VM Global Roots               1 us, workers (us):   1,   0,   0, 
[2021-02-28T14:27:05.018+0300][117.591s][info][gc,stats       ]     DU: VM Weak Roots                 2 us, workers (us):   1,   1,   0, 
[2021-02-28T14:27:05.018+0300][117.591s][info][gc,stats       ]     DU: Synchronizer Roots            0 us, workers (us): ---,   0, ---, 
[2021-02-28T14:27:05.018+0300][117.591s][info][gc,stats       ]     DU: Management Roots              1 us, workers (us): ---,   1, ---, 
[2021-02-28T14:27:05.018+0300][117.591s][info][gc,stats       ]     DU: CLDG Roots                   17 us, workers (us): ---, ---,  17, 
[2021-02-28T14:27:05.018+0300][117.591s][info][gc,stats       ]     DU: JVMTI Roots                   0 us, workers (us):   0, ---, ---, 
[2021-02-28T14:27:05.018+0300][117.591s][info][gc,stats       ]   Pre Heap Dump                       1 us
[2021-02-28T14:27:05.018+0300][117.591s][info][gc,stats       ]   Prepare                           438 us
[2021-02-28T14:27:05.018+0300][117.591s][info][gc,stats       ]   Scan Roots                         70 us, parallelism: 1.75x
[2021-02-28T14:27:05.018+0300][117.591s][info][gc,stats       ]     FS: <total>                     123 us
[2021-02-28T14:27:05.018+0300][117.591s][info][gc,stats       ]     FS: Thread Roots                119 us, workers (us):  50,  50,  19, 
[2021-02-28T14:27:05.018+0300][117.591s][info][gc,stats       ]     FS: Universe Roots                2 us, workers (us):   2, ---, ---, 
[2021-02-28T14:27:05.018+0300][117.591s][info][gc,stats       ]     FS: Synchronizer Roots            0 us, workers (us): ---,   0, ---, 
[2021-02-28T14:27:05.018+0300][117.591s][info][gc,stats       ]     FS: Management Roots              2 us, workers (us): ---,   2, ---, 
[2021-02-28T14:27:05.018+0300][117.591s][info][gc,stats       ]     FS: JVMTI Roots                   0 us, workers (us):   0, ---, ---, 
[2021-02-28T14:27:05.018+0300][117.591s][info][gc,stats       ]   Scan Concurrent Roots              67 us, parallelism: 0.76x
[2021-02-28T14:27:05.018+0300][117.591s][info][gc,stats       ]     FCS: <total>                     51 us
[2021-02-28T14:27:05.018+0300][117.591s][info][gc,stats       ]     FCS: JNI Handles Roots            2 us, workers (us):   1,   0,   0, 
[2021-02-28T14:27:05.018+0300][117.591s][info][gc,stats       ]     FCS: VM Global Roots              3 us, workers (us):   1,   2,   0, 
[2021-02-28T14:27:05.018+0300][117.591s][info][gc,stats       ]     FCS: CLDG Roots                  46 us, workers (us):  46, ---, ---, 
[2021-02-28T14:27:05.018+0300][117.591s][info][gc,stats       ]   Mark                           412921 us
[2021-02-28T14:27:05.018+0300][117.591s][info][gc,stats       ]     Finish Queues                411937 us
[2021-02-28T14:27:05.018+0300][117.591s][info][gc,stats       ]     Weak References                 177 us
[2021-02-28T14:27:05.018+0300][117.591s][info][gc,stats       ]       Process                       172 us
[2021-02-28T14:27:05.018+0300][117.591s][info][gc,stats       ]     System Purge                     68 us
[2021-02-28T14:27:05.018+0300][117.591s][info][gc,stats       ]       Unload Classes                581 us
[2021-02-28T14:27:05.018+0300][117.591s][info][gc,stats       ]       Weak Roots                     68 us
[2021-02-28T14:27:05.018+0300][117.591s][info][gc,stats       ]       CLDG                            0 us
[2021-02-28T14:27:05.018+0300][117.591s][info][gc,stats       ]   Calculate Addresses            182172 us
[2021-02-28T14:27:05.018+0300][117.591s][info][gc,stats       ]     Regular Objects              182135 us
[2021-02-28T14:27:05.018+0300][117.591s][info][gc,stats       ]     Humongous Objects                18 us
[2021-02-28T14:27:05.018+0300][117.591s][info][gc,stats       ]   Adjust Pointers                196929 us
[2021-02-28T14:27:05.018+0300][117.592s][info][gc,stats       ]     FA: <total>                    1559 us
[2021-02-28T14:27:05.018+0300][117.592s][info][gc,stats       ]     FA: Thread Roots                 82 us, workers (us):   1,  45,  36, 
[2021-02-28T14:27:05.018+0300][117.592s][info][gc,stats       ]     FA: Code Cache Roots           1379 us, workers (us): 538, 437, 404, 
[2021-02-28T14:27:05.018+0300][117.592s][info][gc,stats       ]     FA: Universe Roots                1 us, workers (us):   1, ---, ---, 
[2021-02-28T14:27:05.018+0300][117.592s][info][gc,stats       ]     FA: JNI Handles Roots             2 us, workers (us):   0,   1,   0, 
[2021-02-28T14:27:05.018+0300][117.592s][info][gc,stats       ]     FA: JVMTI Weak Roots              0 us, workers (us):   0, ---, ---, 
[2021-02-28T14:27:05.018+0300][117.592s][info][gc,stats       ]     FA: JFR Weak Roots                0 us, workers (us):   0, ---, ---, 
[2021-02-28T14:27:05.018+0300][117.592s][info][gc,stats       ]     FA: String Table Roots           51 us, workers (us):  26,  25,   0, 
[2021-02-28T14:27:05.018+0300][117.592s][info][gc,stats       ]     FA: Resolved Table Roots          5 us, workers (us):   2,   2,   0, 
[2021-02-28T14:27:05.018+0300][117.592s][info][gc,stats       ]     FA: VM Global Roots               2 us, workers (us):   1,   0,   0, 
[2021-02-28T14:27:05.018+0300][117.592s][info][gc,stats       ]     FA: VM Weak Roots                 2 us, workers (us):   1,   1,   0, 
[2021-02-28T14:27:05.018+0300][117.592s][info][gc,stats       ]     FA: Synchronizer Roots            0 us, workers (us): ---,   0, ---, 
[2021-02-28T14:27:05.018+0300][117.592s][info][gc,stats       ]     FA: Management Roots              2 us, workers (us): ---,   2, ---, 
[2021-02-28T14:27:05.018+0300][117.592s][info][gc,stats       ]     FA: CLDG Roots                   33 us, workers (us): ---, ---,  33, 
[2021-02-28T14:27:05.018+0300][117.592s][info][gc,stats       ]     FA: JVMTI Roots                   0 us, workers (us):   0, ---, ---, 
[2021-02-28T14:27:05.018+0300][117.592s][info][gc,stats       ]   Copy Objects                   185796 us
[2021-02-28T14:27:05.018+0300][117.592s][info][gc,stats       ]     Regular Objects              185290 us
[2021-02-28T14:27:05.018+0300][117.592s][info][gc,stats       ]     Humongous Objects                14 us
[2021-02-28T14:27:05.018+0300][117.592s][info][gc,stats       ]     Reset Complete Bitmap           443 us
[2021-02-28T14:27:05.018+0300][117.592s][info][gc,stats       ]     Rebuild Region Sets              49 us
[2021-02-28T14:27:05.020+0300][117.592s][info][gc,stats       ]   Post Heap Dump                      1 us
[2021-02-28T14:27:05.020+0300][117.592s][info][gc,stats       ] 
[2021-02-28T14:27:05.020+0300][117.592s][info][gc,stats       ] Allocation pacing accrued:
[2021-02-28T14:27:05.020+0300][117.592s][info][gc,stats       ]       0 of  1590 ms (  0.0%): <total>
[2021-02-28T14:27:05.020+0300][117.592s][info][gc,stats       ]       0 of  1590 ms (  0.0%): <average total>
[2021-02-28T14:27:05.020+0300][117.592s][info][gc,stats       ] 
[2021-02-28T14:27:05.020+0300][117.592s][info][gc,metaspace   ] Metaspace: 6982K(7552K)->6982K(7552K) NonClass: 6262K(6656K)->6262K(6656K) Class: 719K(896K)->719K(896K)
[2021-02-28T14:27:05.020+0300][117.592s][info][gc,ergo        ] Pacer for Idle. Initial: 20971K, Alloc Tax Rate: 1.0x
[2021-02-28T14:27:05.022+0300][117.594s][info][gc             ] Trigger: Free (521K) is below minimum threshold (102M)
[2021-02-28T14:27:05.022+0300][117.594s][info][gc,ergo        ] Free: 521K, Max: 419K regular, 0B humongous, Frag: 0% external, 66% internal; Reserve: 50688K, Max: 512K
[2021-02-28T14:27:05.022+0300][117.594s][info][gc,start       ] GC(51) Concurrent reset
[2021-02-28T14:27:05.022+0300][117.594s][info][gc,task        ] GC(51) Using 1 of 3 workers for concurrent reset
[2021-02-28T14:27:05.022+0300][117.594s][info][gc,ergo        ] GC(51) Pacer for Reset. Non-Taxable: 1024M
[2021-02-28T14:27:05.022+0300][117.594s][info][gc             ] GC(51) Concurrent reset 0.126ms
[2021-02-28T14:27:05.022+0300][117.594s][info][gc,start       ] GC(51) Pause Init Mark (unload classes)
[2021-02-28T14:27:05.022+0300][117.594s][info][gc,task        ] GC(51) Using 3 of 3 workers for init marking
[2021-02-28T14:27:05.022+0300][117.594s][info][gc,ergo        ] GC(51) Pacer for Mark. Expected Live: 1833M, Free: 521K, Non-Taxable: 53418B, Alloc Tax Rate: 4398.2x
[2021-02-28T14:27:05.022+0300][117.594s][info][gc             ] GC(51) Pause Init Mark (unload classes) 0.288ms
[2021-02-28T14:27:05.022+0300][117.594s][info][gc,start       ] GC(51) Concurrent marking (unload classes)
[2021-02-28T14:27:05.022+0300][117.595s][info][gc,task        ] GC(51) Using 1 of 3 workers for concurrent marking
[2021-02-28T14:27:05.432+0300][118.004s][info][gc             ] Failed to allocate TLAB, 2640B
[2021-02-28T14:27:05.432+0300][118.004s][info][gc             ] Cancelling GC: Allocation Failure
[2021-02-28T14:27:05.432+0300][118.004s][info][gc             ] GC(51) Concurrent marking (unload classes) 409.423ms
[2021-02-28T14:27:05.432+0300][118.004s][info][gc,ergo        ] Free: 0B, Max: 0B regular, 0B humongous, Frag: 0% external, 0% internal; Reserve: 50688K, Max: 512K
[2021-02-28T14:27:05.432+0300][118.004s][info][gc,stats       ] 
[2021-02-28T14:27:05.432+0300][118.004s][info][gc,stats       ] All times are wall-clock times, except per-root-class counters, that are sum over
[2021-02-28T14:27:05.432+0300][118.004s][info][gc,stats       ] all workers. Dividing the <total> over the root stage time estimates parallelism.
[2021-02-28T14:27:05.432+0300][118.004s][info][gc,stats       ] 
[2021-02-28T14:27:05.432+0300][118.004s][info][gc,stats       ] Concurrent Reset                    145 us
[2021-02-28T14:27:05.432+0300][118.004s][info][gc,stats       ] Pause Init Mark (G)                 462 us
[2021-02-28T14:27:05.432+0300][118.004s][info][gc,stats       ] Pause Init Mark (N)                 302 us
[2021-02-28T14:27:05.432+0300][118.004s][info][gc,stats       ]   Manage TLABs                        2 us
[2021-02-28T14:27:05.432+0300][118.004s][info][gc,stats       ]   Update Region States               77 us
[2021-02-28T14:27:05.432+0300][118.004s][info][gc,stats       ]   Scan Roots                        145 us, parallelism: 1.36x
[2021-02-28T14:27:05.432+0300][118.004s][info][gc,stats       ]     S: <total>                      198 us
[2021-02-28T14:27:05.432+0300][118.004s][info][gc,stats       ]     S: Thread Roots                 194 us, workers (us):  83,  44,  67, 
[2021-02-28T14:27:05.432+0300][118.004s][info][gc,stats       ]     S: Universe Roots                 2 us, workers (us):   2, ---, ---, 
[2021-02-28T14:27:05.432+0300][118.004s][info][gc,stats       ]     S: Synchronizer Roots             0 us, workers (us): ---,   0, ---, 
[2021-02-28T14:27:05.432+0300][118.004s][info][gc,stats       ]     S: Management Roots               1 us, workers (us): ---,   1, ---, 
[2021-02-28T14:27:05.432+0300][118.004s][info][gc,stats       ]     S: JVMTI Roots                    0 us, workers (us): ---,   0, ---, 
[2021-02-28T14:27:05.432+0300][118.004s][info][gc,stats       ] Concurrent Marking               409446 us
[2021-02-28T14:27:05.432+0300][118.004s][info][gc,stats       ]   Roots                              80 us, parallelism: 0.75x
[2021-02-28T14:27:05.432+0300][118.004s][info][gc,stats       ]     CM: <total>                      61 us
[2021-02-28T14:27:05.432+0300][118.004s][info][gc,stats       ]     CM: JNI Handles Roots             2 us, workers (us):   2, ---, ---, 
[2021-02-28T14:27:05.432+0300][118.004s][info][gc,stats       ]     CM: VM Global Roots               2 us, workers (us):   2, ---, ---, 
[2021-02-28T14:27:05.432+0300][118.004s][info][gc,stats       ]     CM: CLDG Roots                   57 us, workers (us):  57, ---, ---, 
[2021-02-28T14:27:05.432+0300][118.004s][info][gc,stats       ] Pacing                          1649251 us
[2021-02-28T14:27:05.432+0300][118.004s][info][gc,stats       ] 
[2021-02-28T14:27:05.432+0300][118.004s][info][gc,stats       ] Allocation pacing accrued:
[2021-02-28T14:27:05.432+0300][118.004s][info][gc,stats       ]     408 of   412 ms ( 98.9%): main
[2021-02-28T14:27:05.432+0300][118.004s][info][gc,stats       ]     411 of   412 ms ( 99.5%): Notification Thread
[2021-02-28T14:27:05.432+0300][118.004s][info][gc,stats       ]     406 of   412 ms ( 98.5%): RMI TCP Connection(4)-172.22.16.1
[2021-02-28T14:27:05.432+0300][118.004s][info][gc,stats       ]      24 of   412 ms (  5.8%): RMI TCP Connection(2)-172.22.16.1
[2021-02-28T14:27:05.432+0300][118.004s][info][gc,stats       ]     401 of   412 ms ( 97.1%): RMI TCP Connection(5)-172.22.16.1
[2021-02-28T14:27:05.432+0300][118.004s][info][gc,stats       ]    1649 of   412 ms (399.8%): <total>
[2021-02-28T14:27:05.432+0300][118.004s][info][gc,stats       ]      97 of   412 ms ( 23.5%): <average total>
[2021-02-28T14:27:05.432+0300][118.004s][info][gc,stats       ]     330 of   412 ms ( 80.0%): <average non-zero>
[2021-02-28T14:27:05.432+0300][118.004s][info][gc,stats       ] 
[2021-02-28T14:27:05.432+0300][118.004s][info][gc,metaspace   ] Metaspace: 6982K(7552K)->6999K(7552K) NonClass: 6262K(6656K)->6277K(6656K) Class: 719K(896K)->721K(896K)
[2021-02-28T14:27:05.432+0300][118.004s][info][gc,ergo        ] Pacer for Idle. Initial: 20971K, Alloc Tax Rate: 1.0x
[2021-02-28T14:27:05.435+0300][118.007s][info][gc             ] Trigger: Handle Allocation Failure
[2021-02-28T14:27:05.435+0300][118.007s][info][gc,ergo        ] Free: 0B, Max: 0B regular, 0B humongous, Frag: 0% external, 0% internal; Reserve: 50688K, Max: 512K
[2021-02-28T14:27:05.435+0300][118.007s][info][gc,start       ] GC(52) Pause Degenerated GC (Mark)
[2021-02-28T14:27:05.435+0300][118.007s][info][gc,task        ] GC(52) Using 3 of 3 workers for stw degenerated gc
[2021-02-28T14:27:05.710+0300][118.283s][info][gc,ergo        ] GC(52) Adaptive CSet Selection. Target Free: 145M, Actual Free: 50688K, Max CSet: 43690K, Min Garbage: 97860K
[2021-02-28T14:27:05.710+0300][118.283s][info][gc,ergo        ] GC(52) Collectable Garbage: 7344B (100%), Immediate: 0B (0%), CSet: 7344B (100%)
[2021-02-28T14:27:05.710+0300][118.283s][info][gc,ergo        ] GC(52) Pacer for Evacuation. Used CSet: 43518K, Free: 19840B, Non-Taxable: 1984B, Alloc Tax Rate: 5490.6x
[2021-02-28T14:27:05.721+0300][118.293s][info][gc,ergo        ] GC(52) Pacer for Update Refs. Used: 1017M, Free: 19840B, Non-Taxable: 1984B, Alloc Tax Rate: 65706.8x
[2021-02-28T14:27:05.909+0300][118.482s][info][gc,ergo        ] GC(52) Bad progress for free space: 19840B, need 10485K
[2021-02-28T14:27:05.909+0300][118.482s][info][gc             ] GC(52) Cancelling GC: Upgrade To Full GC
[2021-02-28T14:27:05.909+0300][118.483s][info][gc,phases,start] GC(52) Phase 1: Mark live objects
[2021-02-28T14:27:06.321+0300][118.895s][info][gc,phases      ] GC(52) Phase 1: Mark live objects 411.962ms
[2021-02-28T14:27:06.321+0300][118.895s][info][gc,phases,start] GC(52) Phase 2: Compute new object addresses
[2021-02-28T14:27:06.501+0300][119.073s][info][gc,phases      ] GC(52) Phase 2: Compute new object addresses 178.372ms
[2021-02-28T14:27:06.501+0300][119.073s][info][gc,phases,start] GC(52) Phase 3: Adjust pointers
[2021-02-28T14:27:06.704+0300][119.277s][info][gc,phases      ] GC(52) Phase 3: Adjust pointers 204.031ms
[2021-02-28T14:27:06.704+0300][119.277s][info][gc,phases,start] GC(52) Phase 4: Move objects
[2021-02-28T14:27:06.888+0300][119.460s][info][gc,phases      ] GC(52) Phase 4: Move objects 183.128ms
[2021-02-28T14:27:06.888+0300][119.460s][info][gc,ergo        ] GC(52) Bad progress for free space: 226K, need 10485K
[2021-02-28T14:27:06.888+0300][119.460s][info][gc             ] GC(52) Pause Degenerated GC (Mark) 974M->973M(1024M) 1453.440ms
[2021-02-28T14:27:06.888+0300][119.461s][info][gc,ergo        ] Free: 226K, Max: 117K regular, 0B humongous, Frag: 0% external, 99% internal; Reserve: 50688K, Max: 512K
[2021-02-28T14:27:06.888+0300][119.461s][info][gc,stats       ] 
[2021-02-28T14:27:06.888+0300][119.461s][info][gc,stats       ] All times are wall-clock times, except per-root-class counters, that are sum over
[2021-02-28T14:27:06.888+0300][119.461s][info][gc,stats       ] all workers. Dividing the <total> over the root stage time estimates parallelism.
[2021-02-28T14:27:06.888+0300][119.461s][info][gc,stats       ] 
[2021-02-28T14:27:06.888+0300][119.461s][info][gc,stats       ]   Finish Queues                  274706 us
[2021-02-28T14:27:06.888+0300][119.461s][info][gc,stats       ]   System Purge                      118 us
[2021-02-28T14:27:06.888+0300][119.461s][info][gc,stats       ]     Unload Classes                  581 us
[2021-02-28T14:27:06.888+0300][119.461s][info][gc,stats       ]     Weak Roots                      118 us
[2021-02-28T14:27:06.888+0300][119.461s][info][gc,stats       ]     CLDG                              0 us
[2021-02-28T14:27:06.888+0300][119.461s][info][gc,stats       ]   Update Region States               65 us
[2021-02-28T14:27:06.888+0300][119.461s][info][gc,stats       ]   Manage GC/TLABs                     4 us
[2021-02-28T14:27:06.888+0300][119.461s][info][gc,stats       ]   Choose Collection Set             136 us
[2021-02-28T14:27:06.888+0300][119.461s][info][gc,stats       ]   Rebuild Free Set                   22 us
[2021-02-28T14:27:06.888+0300][119.461s][info][gc,stats       ]   Initial Evacuation                 15 us
[2021-02-28T14:27:06.888+0300][119.461s][info][gc,stats       ]   Manage GCLABs                       2 us
[2021-02-28T14:27:06.888+0300][119.461s][info][gc,stats       ]   Finish Work                    188174 us
[2021-02-28T14:27:06.888+0300][119.461s][info][gc,stats       ]   Update Region States               83 us
[2021-02-28T14:27:06.888+0300][119.461s][info][gc,stats       ]   Trash Collection Set                3 us
[2021-02-28T14:27:06.888+0300][119.461s][info][gc,stats       ]   Rebuild Free Set                   24 us
[2021-02-28T14:27:06.888+0300][119.461s][info][gc,stats       ] Pause Degenerated GC (G)        1453643 us
[2021-02-28T14:27:06.888+0300][119.461s][info][gc,stats       ] Pause Degenerated GC (N)        1453454 us
[2021-02-28T14:27:06.888+0300][119.461s][info][gc,stats       ]   Degen Mark Roots                  122 us, parallelism: 0.23x
[2021-02-28T14:27:06.888+0300][119.461s][info][gc,stats       ]     DM: <total>                      28 us
[2021-02-28T14:27:06.888+0300][119.461s][info][gc,stats       ]     DM: JNI Handles Roots             2 us, workers (us):   1,   0,   0, 
[2021-02-28T14:27:06.888+0300][119.461s][info][gc,stats       ]     DM: VM Global Roots               2 us, workers (us):   1,   1,   0, 
[2021-02-28T14:27:06.888+0300][119.461s][info][gc,stats       ]     DM: CLDG Roots                   24 us, workers (us): ---, ---,  24, 
[2021-02-28T14:27:06.888+0300][119.461s][info][gc,stats       ]   Degen Update Roots                739 us, parallelism: 2.33x
[2021-02-28T14:27:06.888+0300][119.461s][info][gc,stats       ]     DU: <total>                    1720 us
[2021-02-28T14:27:06.888+0300][119.461s][info][gc,stats       ]     DU: Thread Roots                210 us, workers (us): 111,  98,   1, 
[2021-02-28T14:27:06.888+0300][119.461s][info][gc,stats       ]     DU: Code Cache Roots           1412 us, workers (us): 407, 461, 544, 
[2021-02-28T14:27:06.888+0300][119.461s][info][gc,stats       ]     DU: Universe Roots                1 us, workers (us):   1, ---, ---, 
[2021-02-28T14:27:06.888+0300][119.461s][info][gc,stats       ]     DU: JNI Handles Roots             1 us, workers (us):   0,   1,   0, 
[2021-02-28T14:27:06.888+0300][119.461s][info][gc,stats       ]     DU: JVMTI Weak Roots              0 us, workers (us):   0, ---, ---, 
[2021-02-28T14:27:06.888+0300][119.461s][info][gc,stats       ]     DU: JFR Weak Roots                0 us, workers (us):   0, ---, ---, 
[2021-02-28T14:27:06.888+0300][119.461s][info][gc,stats       ]     DU: JNI Weak Roots                0 us, workers (us):   0,   0,   0, 
[2021-02-28T14:27:06.888+0300][119.461s][info][gc,stats       ]     DU: String Table Roots           62 us, workers (us):  31,  31,   0, 
[2021-02-28T14:27:06.888+0300][119.461s][info][gc,stats       ]     DU: Resolved Table Roots          5 us, workers (us):   2,   1,   1, 
[2021-02-28T14:27:06.888+0300][119.461s][info][gc,stats       ]     DU: VM Global Roots               2 us, workers (us):   1,   0,   0, 
[2021-02-28T14:27:06.888+0300][119.461s][info][gc,stats       ]     DU: VM Weak Roots                 3 us, workers (us):   0,   1,   1, 
[2021-02-28T14:27:06.888+0300][119.461s][info][gc,stats       ]     DU: Synchronizer Roots            0 us, workers (us):   0, ---, ---, 
[2021-02-28T14:27:06.888+0300][119.461s][info][gc,stats       ]     DU: Management Roots              1 us, workers (us):   1, ---, ---, 
[2021-02-28T14:27:06.888+0300][119.461s][info][gc,stats       ]     DU: CLDG Roots                   21 us, workers (us):  21, ---, ---, 
[2021-02-28T14:27:06.888+0300][119.461s][info][gc,stats       ]     DU: JVMTI Roots                   0 us, workers (us): ---,   0, ---, 
[2021-02-28T14:27:06.888+0300][119.461s][info][gc,stats       ]   Pre Heap Dump                       0 us
[2021-02-28T14:27:06.888+0300][119.461s][info][gc,stats       ]   Prepare                           537 us
[2021-02-28T14:27:06.888+0300][119.461s][info][gc,stats       ]   Scan Roots                        190 us, parallelism: 1.01x
[2021-02-28T14:27:06.888+0300][119.461s][info][gc,stats       ]     FS: <total>                     192 us
[2021-02-28T14:27:06.888+0300][119.461s][info][gc,stats       ]     FS: Thread Roots                187 us, workers (us):  50,  96,  41, 
[2021-02-28T14:27:06.888+0300][119.461s][info][gc,stats       ]     FS: Universe Roots                2 us, workers (us):   2, ---, ---, 
[2021-02-28T14:27:06.888+0300][119.461s][info][gc,stats       ]     FS: Synchronizer Roots            0 us, workers (us): ---,   0, ---, 
[2021-02-28T14:27:06.888+0300][119.461s][info][gc,stats       ]     FS: Management Roots              2 us, workers (us): ---,   2, ---, 
[2021-02-28T14:27:06.888+0300][119.461s][info][gc,stats       ]     FS: JVMTI Roots                   0 us, workers (us):   0, ---, ---, 
[2021-02-28T14:27:06.888+0300][119.461s][info][gc,stats       ]   Scan Concurrent Roots             129 us, parallelism: 0.38x
[2021-02-28T14:27:06.888+0300][119.461s][info][gc,stats       ]     FCS: <total>                     49 us
[2021-02-28T14:27:06.888+0300][119.461s][info][gc,stats       ]     FCS: JNI Handles Roots            2 us, workers (us):   1,   0,   0, 
[2021-02-28T14:27:06.888+0300][119.461s][info][gc,stats       ]     FCS: VM Global Roots              2 us, workers (us):   2,   0,   0, 
[2021-02-28T14:27:06.888+0300][119.461s][info][gc,stats       ]     FCS: CLDG Roots                  45 us, workers (us):  45, ---, ---, 
[2021-02-28T14:27:06.888+0300][119.461s][info][gc,stats       ]   Mark                           411920 us
[2021-02-28T14:27:06.888+0300][119.461s][info][gc,stats       ]     Finish Queues                410269 us
[2021-02-28T14:27:06.888+0300][119.461s][info][gc,stats       ]     Weak References                 191 us
[2021-02-28T14:27:06.888+0300][119.461s][info][gc,stats       ]       Process                       186 us
[2021-02-28T14:27:06.888+0300][119.461s][info][gc,stats       ]     System Purge                    100 us
[2021-02-28T14:27:06.888+0300][119.461s][info][gc,stats       ]       Unload Classes               1008 us
[2021-02-28T14:27:06.888+0300][119.461s][info][gc,stats       ]       Weak Roots                    100 us
[2021-02-28T14:27:06.888+0300][119.461s][info][gc,stats       ]       CLDG                           13 us
[2021-02-28T14:27:06.888+0300][119.461s][info][gc,stats       ]   Calculate Addresses            178359 us
[2021-02-28T14:27:06.888+0300][119.461s][info][gc,stats       ]     Regular Objects              178322 us
[2021-02-28T14:27:06.888+0300][119.461s][info][gc,stats       ]     Humongous Objects                17 us
[2021-02-28T14:27:06.888+0300][119.461s][info][gc,stats       ]   Adjust Pointers                204017 us
[2021-02-28T14:27:06.888+0300][119.461s][info][gc,stats       ]     FA: <total>                    1592 us
[2021-02-28T14:27:06.888+0300][119.461s][info][gc,stats       ]     FA: Thread Roots                132 us, workers (us):   1,  30, 102, 
[2021-02-28T14:27:06.888+0300][119.461s][info][gc,stats       ]     FA: Code Cache Roots           1359 us, workers (us): 535, 403, 421, 
[2021-02-28T14:27:06.888+0300][119.461s][info][gc,stats       ]     FA: Universe Roots                1 us, workers (us):   1, ---, ---, 
[2021-02-28T14:27:06.888+0300][119.461s][info][gc,stats       ]     FA: JNI Handles Roots             2 us, workers (us):   0,   0,   2, 
[2021-02-28T14:27:06.888+0300][119.461s][info][gc,stats       ]     FA: JVMTI Weak Roots              0 us, workers (us): ---,   0, ---, 
[2021-02-28T14:27:06.888+0300][119.461s][info][gc,stats       ]     FA: JFR Weak Roots                1 us, workers (us): ---,   1, ---, 
[2021-02-28T14:27:06.888+0300][119.461s][info][gc,stats       ]     FA: JNI Weak Roots                0 us, workers (us):   0,   0,   0, 
[2021-02-28T14:27:06.888+0300][119.462s][info][gc,stats       ]     FA: String Table Roots           53 us, workers (us):  18,  18,  18, 
[2021-02-28T14:27:06.888+0300][119.462s][info][gc,stats       ]     FA: Resolved Table Roots          4 us, workers (us):   1,   2,   1, 
[2021-02-28T14:27:06.888+0300][119.462s][info][gc,stats       ]     FA: VM Global Roots               2 us, workers (us):   2,   1,   0, 
[2021-02-28T14:27:06.888+0300][119.462s][info][gc,stats       ]     FA: VM Weak Roots                 2 us, workers (us):   1,   0,   1, 
[2021-02-28T14:27:06.888+0300][119.462s][info][gc,stats       ]     FA: Synchronizer Roots            0 us, workers (us): ---,   0, ---, 
[2021-02-28T14:27:06.888+0300][119.462s][info][gc,stats       ]     FA: Management Roots              1 us, workers (us):   1, ---, ---, 
[2021-02-28T14:27:06.888+0300][119.462s][info][gc,stats       ]     FA: CLDG Roots                   33 us, workers (us): ---,  33, ---, 
[2021-02-28T14:27:06.888+0300][119.462s][info][gc,stats       ]     FA: JVMTI Roots                   0 us, workers (us): ---, ---,   0, 
[2021-02-28T14:27:06.888+0300][119.462s][info][gc,stats       ]   Copy Objects                   183114 us
[2021-02-28T14:27:06.888+0300][119.462s][info][gc,stats       ]     Regular Objects              182610 us
[2021-02-28T14:27:06.888+0300][119.462s][info][gc,stats       ]     Humongous Objects                14 us
[2021-02-28T14:27:06.888+0300][119.462s][info][gc,stats       ]     Reset Complete Bitmap           440 us
[2021-02-28T14:27:06.888+0300][119.462s][info][gc,stats       ]     Rebuild Region Sets              49 us
[2021-02-28T14:27:06.888+0300][119.462s][info][gc,stats       ]   Post Heap Dump                      1 us
[2021-02-28T14:27:06.888+0300][119.462s][info][gc,stats       ] Pacing                             9176 us
[2021-02-28T14:27:06.888+0300][119.462s][info][gc,stats       ] 
[2021-02-28T14:27:06.888+0300][119.462s][info][gc,stats       ] Allocation pacing accrued:
[2021-02-28T14:27:06.888+0300][119.462s][info][gc,stats       ]       7 of  1457 ms (  0.5%): main
[2021-02-28T14:27:06.888+0300][119.462s][info][gc,stats       ]       2 of  1457 ms (  0.1%): RMI TCP Connection(4)-172.22.16.1
[2021-02-28T14:27:06.888+0300][119.462s][info][gc,stats       ]       9 of  1457 ms (  0.6%): <total>
[2021-02-28T14:27:06.890+0300][119.462s][info][gc,stats       ]       1 of  1457 ms (  0.0%): <average total>
[2021-02-28T14:27:06.890+0300][119.462s][info][gc,stats       ]       5 of  1457 ms (  0.3%): <average non-zero>
[2021-02-28T14:27:06.890+0300][119.462s][info][gc,stats       ] 
[2021-02-28T14:27:06.890+0300][119.462s][info][gc,metaspace   ] Metaspace: 6999K(7552K)->6991K(7552K) NonClass: 6277K(6656K)->6271K(6656K) Class: 721K(896K)->720K(896K)
[2021-02-28T14:27:06.890+0300][119.462s][info][gc,ergo        ] Pacer for Idle. Initial: 20971K, Alloc Tax Rate: 1.0x
[2021-02-28T14:27:06.891+0300][119.463s][info][gc             ] Failed to allocate Shared, 1504B
[2021-02-28T14:27:06.891+0300][119.463s][info][gc             ] Cancelling GC: Allocation Failure
[2021-02-28T14:27:06.892+0300][119.464s][info][gc             ] Trigger: Handle Allocation Failure
[2021-02-28T14:27:06.892+0300][119.464s][info][gc,ergo        ] Free: 0B, Max: 0B regular, 0B humongous, Frag: 0% external, 0% internal; Reserve: 50688K, Max: 512K
[2021-02-28T14:27:06.892+0300][119.464s][info][gc,start       ] GC(53) Pause Degenerated GC (Outside of Cycle)
[2021-02-28T14:27:06.892+0300][119.464s][info][gc,task        ] GC(53) Using 3 of 3 workers for stw degenerated gc
[2021-02-28T14:27:06.892+0300][119.464s][info][gc,ergo        ] GC(53) Pacer for Reset. Non-Taxable: 1024M
[2021-02-28T14:27:06.892+0300][119.465s][info][gc,ergo        ] GC(53) Pacer for Mark. Expected Live: 1833M, Free: 0B, Non-Taxable: 0B, Alloc Tax Rate: infx
[2021-02-28T14:27:07.301+0300][119.874s][info][gc,ergo        ] GC(53) Adaptive CSet Selection. Target Free: 145M, Actual Free: 50688K, Max CSet: 43690K, Min Garbage: 97860K
[2021-02-28T14:27:07.301+0300][119.874s][info][gc,ergo        ] GC(53) Collectable Garbage: 53152B (100%), Immediate: 0B (0%), CSet: 53152B (100%)
[2021-02-28T14:27:07.301+0300][119.874s][info][gc,ergo        ] GC(53) Pacer for Evacuation. Used CSet: 43518K, Free: 15688B, Non-Taxable: 1568B, Alloc Tax Rate: 6943.2x
[2021-02-28T14:27:07.312+0300][119.884s][info][gc,ergo        ] GC(53) Pacer for Update Refs. Used: 1017M, Free: 15688B, Non-Taxable: 1568B, Alloc Tax Rate: 83092.4x
[2021-02-28T14:27:07.501+0300][120.074s][info][gc,ergo        ] GC(53) Bad progress for free space: 15688B, need 10485K
[2021-02-28T14:27:07.501+0300][120.074s][info][gc             ] GC(53) Cancelling GC: Upgrade To Full GC
[2021-02-28T14:27:07.503+0300][120.075s][info][gc,phases,start] GC(53) Phase 1: Mark live objects
[2021-02-28T14:27:07.926+0300][120.498s][info][gc,phases      ] GC(53) Phase 1: Mark live objects 422.893ms
[2021-02-28T14:27:07.926+0300][120.498s][info][gc,phases,start] GC(53) Phase 2: Compute new object addresses
[2021-02-28T14:27:08.102+0300][120.675s][info][gc,phases      ] GC(53) Phase 2: Compute new object addresses 176.828ms
[2021-02-28T14:27:08.102+0300][120.675s][info][gc,phases,start] GC(53) Phase 3: Adjust pointers
[2021-02-28T14:27:08.300+0300][120.872s][info][gc,phases      ] GC(53) Phase 3: Adjust pointers 197.249ms
[2021-02-28T14:27:08.300+0300][120.872s][info][gc,phases,start] GC(53) Phase 4: Move objects
[2021-02-28T14:27:08.487+0300][121.059s][info][gc,phases      ] GC(53) Phase 4: Move objects 186.887ms
[2021-02-28T14:27:08.487+0300][121.059s][info][gc,ergo        ] GC(53) Bad progress for free space: 584K, need 10485K
[2021-02-28T14:27:08.487+0300][121.059s][info][gc             ] GC(53) Pause Degenerated GC (Outside of Cycle) 974M->974M(1024M) 1595.044ms
[2021-02-28T14:27:08.487+0300][121.059s][info][gc,ergo        ] Free: 584K, Max: 388K regular, 0B humongous, Frag: 0% external, 99% internal; Reserve: 50176K, Max: 512K
[2021-02-28T14:27:08.487+0300][121.059s][info][gc,stats       ] 
[2021-02-28T14:27:08.487+0300][121.059s][info][gc,stats       ] All times are wall-clock times, except per-root-class counters, that are sum over
[2021-02-28T14:27:08.487+0300][121.059s][info][gc,stats       ] all workers. Dividing the <total> over the root stage time estimates parallelism.
[2021-02-28T14:27:08.487+0300][121.059s][info][gc,stats       ] 
[2021-02-28T14:27:08.487+0300][121.059s][info][gc,stats       ]   Manage TLABs                        3 us
[2021-02-28T14:27:08.487+0300][121.059s][info][gc,stats       ]   Update Region States               78 us
[2021-02-28T14:27:08.487+0300][121.059s][info][gc,stats       ]   Scan Roots                        168 us, parallelism: 1.56x
[2021-02-28T14:27:08.487+0300][121.059s][info][gc,stats       ]     S: <total>                      263 us
[2021-02-28T14:27:08.487+0300][121.059s][info][gc,stats       ]     S: Thread Roots                 259 us, workers (us):  88,  79,  92, 
[2021-02-28T14:27:08.487+0300][121.059s][info][gc,stats       ]     S: Universe Roots                 2 us, workers (us):   2, ---, ---, 
[2021-02-28T14:27:08.487+0300][121.059s][info][gc,stats       ]     S: Synchronizer Roots             0 us, workers (us): ---,   0, ---, 
[2021-02-28T14:27:08.487+0300][121.059s][info][gc,stats       ]     S: Management Roots               1 us, workers (us): ---,   1, ---, 
[2021-02-28T14:27:08.487+0300][121.059s][info][gc,stats       ]     S: JVMTI Roots                    0 us, workers (us):   0, ---, ---, 
[2021-02-28T14:27:08.487+0300][121.059s][info][gc,stats       ]   Finish Queues                  408378 us
[2021-02-28T14:27:08.487+0300][121.059s][info][gc,stats       ]   Weak References                    30 us
[2021-02-28T14:27:08.487+0300][121.059s][info][gc,stats       ]     Process                          25 us
[2021-02-28T14:27:08.487+0300][121.059s][info][gc,stats       ]   System Purge                      115 us
[2021-02-28T14:27:08.487+0300][121.059s][info][gc,stats       ]     Unload Classes                  569 us
[2021-02-28T14:27:08.487+0300][121.059s][info][gc,stats       ]     Weak Roots                      115 us
[2021-02-28T14:27:08.487+0300][121.059s][info][gc,stats       ]     CLDG                              0 us
[2021-02-28T14:27:08.487+0300][121.059s][info][gc,stats       ]   Update Region States               93 us
[2021-02-28T14:27:08.487+0300][121.059s][info][gc,stats       ]   Manage GC/TLABs                     2 us
[2021-02-28T14:27:08.487+0300][121.059s][info][gc,stats       ]   Choose Collection Set             116 us
[2021-02-28T14:27:08.487+0300][121.059s][info][gc,stats       ]   Rebuild Free Set                   22 us
[2021-02-28T14:27:08.487+0300][121.059s][info][gc,stats       ]   Initial Evacuation                 15 us
[2021-02-28T14:27:08.487+0300][121.059s][info][gc,stats       ]   Manage GCLABs                       2 us
[2021-02-28T14:27:08.487+0300][121.060s][info][gc,stats       ]   Finish Work                    189104 us
[2021-02-28T14:27:08.487+0300][121.060s][info][gc,stats       ]   Update Region States               83 us
[2021-02-28T14:27:08.487+0300][121.060s][info][gc,stats       ]   Trash Collection Set                3 us
[2021-02-28T14:27:08.487+0300][121.060s][info][gc,stats       ]   Rebuild Free Set                   24 us
[2021-02-28T14:27:08.487+0300][121.060s][info][gc,stats       ] Pause Degenerated GC (G)        1595270 us
[2021-02-28T14:27:08.487+0300][121.060s][info][gc,stats       ] Pause Degenerated GC (N)        1595060 us
[2021-02-28T14:27:08.487+0300][121.060s][info][gc,stats       ]   Degen Mark Roots                   66 us, parallelism: 0.75x
[2021-02-28T14:27:08.487+0300][121.060s][info][gc,stats       ]     DM: <total>                      50 us
[2021-02-28T14:27:08.487+0300][121.060s][info][gc,stats       ]     DM: JNI Handles Roots             2 us, workers (us):   1,   0,   0, 
[2021-02-28T14:27:08.487+0300][121.060s][info][gc,stats       ]     DM: VM Global Roots               3 us, workers (us):   1,   2,   0, 
[2021-02-28T14:27:08.487+0300][121.060s][info][gc,stats       ]     DM: CLDG Roots                   45 us, workers (us):  45, ---, ---, 
[2021-02-28T14:27:08.487+0300][121.060s][info][gc,stats       ]   Degen Update Roots                706 us, parallelism: 2.22x
[2021-02-28T14:27:08.487+0300][121.060s][info][gc,stats       ]     DU: <total>                    1569 us
[2021-02-28T14:27:08.487+0300][121.060s][info][gc,stats       ]     DU: Thread Roots                127 us, workers (us):  48,   1,  78, 
[2021-02-28T14:27:08.487+0300][121.060s][info][gc,stats       ]     DU: Code Cache Roots           1358 us, workers (us): 404, 530, 423, 
[2021-02-28T14:27:08.487+0300][121.060s][info][gc,stats       ]     DU: Universe Roots                1 us, workers (us):   1, ---, ---, 
[2021-02-28T14:27:08.487+0300][121.060s][info][gc,stats       ]     DU: JNI Handles Roots             1 us, workers (us):   1,   0,   0, 
[2021-02-28T14:27:08.487+0300][121.060s][info][gc,stats       ]     DU: JVMTI Weak Roots              0 us, workers (us):   0, ---, ---, 
[2021-02-28T14:27:08.487+0300][121.060s][info][gc,stats       ]     DU: JFR Weak Roots                0 us, workers (us):   0, ---, ---, 
[2021-02-28T14:27:08.487+0300][121.060s][info][gc,stats       ]     DU: String Table Roots           51 us, workers (us):  41,  10,   0, 
[2021-02-28T14:27:08.488+0300][121.060s][info][gc,stats       ]     DU: Resolved Table Roots          5 us, workers (us):   2,   2,   0, 
[2021-02-28T14:27:08.488+0300][121.060s][info][gc,stats       ]     DU: VM Global Roots               2 us, workers (us):   1,   0,   0, 
[2021-02-28T14:27:08.488+0300][121.060s][info][gc,stats       ]     DU: VM Weak Roots                 2 us, workers (us):   1,   2,   0, 
[2021-02-28T14:27:08.488+0300][121.060s][info][gc,stats       ]     DU: Synchronizer Roots            0 us, workers (us):   0, ---, ---, 
[2021-02-28T14:27:08.488+0300][121.060s][info][gc,stats       ]     DU: Management Roots              1 us, workers (us):   1, ---, ---, 
[2021-02-28T14:27:08.488+0300][121.060s][info][gc,stats       ]     DU: CLDG Roots                   21 us, workers (us):  21, ---, ---, 
[2021-02-28T14:27:08.488+0300][121.060s][info][gc,stats       ]     DU: JVMTI Roots                   0 us, workers (us):   0, ---, ---, 
[2021-02-28T14:27:08.488+0300][121.060s][info][gc,stats       ]   Pre Heap Dump                       0 us
[2021-02-28T14:27:08.488+0300][121.060s][info][gc,stats       ]   Prepare                           473 us
[2021-02-28T14:27:08.488+0300][121.060s][info][gc,stats       ]   Scan Roots                        160 us, parallelism: 1.11x
[2021-02-28T14:27:08.488+0300][121.060s][info][gc,stats       ]     FS: <total>                     178 us
[2021-02-28T14:27:08.488+0300][121.060s][info][gc,stats       ]     FS: Thread Roots                174 us, workers (us):  62,  84,  28, 
[2021-02-28T14:27:08.488+0300][121.060s][info][gc,stats       ]     FS: Universe Roots                2 us, workers (us):   2, ---, ---, 
[2021-02-28T14:27:08.488+0300][121.060s][info][gc,stats       ]     FS: Synchronizer Roots            0 us, workers (us):   0, ---, ---, 
[2021-02-28T14:27:08.488+0300][121.060s][info][gc,stats       ]     FS: Management Roots              2 us, workers (us):   2, ---, ---, 
[2021-02-28T14:27:08.488+0300][121.060s][info][gc,stats       ]     FS: JVMTI Roots                   0 us, workers (us):   0, ---, ---, 
[2021-02-28T14:27:08.488+0300][121.060s][info][gc,stats       ]   Scan Concurrent Roots             100 us, parallelism: 0.48x
[2021-02-28T14:27:08.488+0300][121.060s][info][gc,stats       ]     FCS: <total>                     48 us
[2021-02-28T14:27:08.488+0300][121.060s][info][gc,stats       ]     FCS: JNI Handles Roots            2 us, workers (us):   1,   0,   0, 
[2021-02-28T14:27:08.488+0300][121.060s][info][gc,stats       ]     FCS: VM Global Roots              2 us, workers (us):   2,   0,   0, 
[2021-02-28T14:27:08.488+0300][121.060s][info][gc,stats       ]     FCS: CLDG Roots                  45 us, workers (us):  45, ---, ---, 
[2021-02-28T14:27:08.488+0300][121.060s][info][gc,stats       ]   Mark                           422847 us
[2021-02-28T14:27:08.488+0300][121.060s][info][gc,stats       ]     Finish Queues                421740 us
[2021-02-28T14:27:08.488+0300][121.060s][info][gc,stats       ]     Weak References                 180 us
[2021-02-28T14:27:08.488+0300][121.060s][info][gc,stats       ]       Process                       175 us
[2021-02-28T14:27:08.488+0300][121.060s][info][gc,stats       ]     System Purge                     87 us
[2021-02-28T14:27:08.488+0300][121.060s][info][gc,stats       ]       Unload Classes                562 us
[2021-02-28T14:27:08.488+0300][121.060s][info][gc,stats       ]       Weak Roots                     87 us
[2021-02-28T14:27:08.488+0300][121.060s][info][gc,stats       ]       CLDG                            0 us
[2021-02-28T14:27:08.488+0300][121.060s][info][gc,stats       ]   Calculate Addresses            176814 us
[2021-02-28T14:27:08.488+0300][121.060s][info][gc,stats       ]     Regular Objects              176777 us
[2021-02-28T14:27:08.488+0300][121.060s][info][gc,stats       ]     Humongous Objects                17 us
[2021-02-28T14:27:08.488+0300][121.060s][info][gc,stats       ]   Adjust Pointers                197234 us
[2021-02-28T14:27:08.488+0300][121.060s][info][gc,stats       ]     FA: <total>                    1587 us
[2021-02-28T14:27:08.488+0300][121.060s][info][gc,stats       ]     FA: Thread Roots                132 us, workers (us):  73,   0,  58, 
[2021-02-28T14:27:08.488+0300][121.060s][info][gc,stats       ]     FA: Code Cache Roots           1358 us, workers (us): 405, 534, 419, 
[2021-02-28T14:27:08.488+0300][121.060s][info][gc,stats       ]     FA: Universe Roots                1 us, workers (us):   1, ---, ---, 
[2021-02-28T14:27:08.488+0300][121.060s][info][gc,stats       ]     FA: JNI Handles Roots             2 us, workers (us):   2,   0,   0, 
[2021-02-28T14:27:08.488+0300][121.060s][info][gc,stats       ]     FA: JVMTI Weak Roots              0 us, workers (us): ---,   0, ---, 
[2021-02-28T14:27:08.488+0300][121.060s][info][gc,stats       ]     FA: JFR Weak Roots                0 us, workers (us): ---,   0, ---, 
[2021-02-28T14:27:08.488+0300][121.060s][info][gc,stats       ]     FA: JNI Weak Roots                0 us, workers (us):   0,   0,   0, 
[2021-02-28T14:27:08.488+0300][121.060s][info][gc,stats       ]     FA: String Table Roots           50 us, workers (us):  25,  25,   0, 
[2021-02-28T14:27:08.488+0300][121.060s][info][gc,stats       ]     FA: Resolved Table Roots          4 us, workers (us):   2,   2,   0, 
[2021-02-28T14:27:08.488+0300][121.060s][info][gc,stats       ]     FA: VM Global Roots               2 us, workers (us):   0,   1,   0, 
[2021-02-28T14:27:08.488+0300][121.060s][info][gc,stats       ]     FA: VM Weak Roots                 2 us, workers (us):   1,   2,   0, 
[2021-02-28T14:27:08.488+0300][121.060s][info][gc,stats       ]     FA: Synchronizer Roots            0 us, workers (us): ---,   0, ---, 
[2021-02-28T14:27:08.488+0300][121.060s][info][gc,stats       ]     FA: Management Roots              1 us, workers (us):   1, ---, ---, 
[2021-02-28T14:27:08.488+0300][121.060s][info][gc,stats       ]     FA: CLDG Roots                   34 us, workers (us):  34, ---, ---, 
[2021-02-28T14:27:08.488+0300][121.060s][info][gc,stats       ]     FA: JVMTI Roots                   0 us, workers (us): ---,   0, ---, 
[2021-02-28T14:27:08.488+0300][121.060s][info][gc,stats       ]   Copy Objects                   186874 us
[2021-02-28T14:27:08.488+0300][121.060s][info][gc,stats       ]     Regular Objects              186345 us
[2021-02-28T14:27:08.488+0300][121.060s][info][gc,stats       ]     Humongous Objects                13 us
[2021-02-28T14:27:08.488+0300][121.060s][info][gc,stats       ]     Reset Complete Bitmap           465 us
[2021-02-28T14:27:08.488+0300][121.060s][info][gc,stats       ]     Rebuild Region Sets              50 us
[2021-02-28T14:27:08.488+0300][121.060s][info][gc,stats       ]   Post Heap Dump                      1 us
[2021-02-28T14:27:08.488+0300][121.060s][info][gc,stats       ] Pacing                             7636 us
[2021-02-28T14:27:08.488+0300][121.060s][info][gc,stats       ] 
[2021-02-28T14:27:08.488+0300][121.060s][info][gc,stats       ] Allocation pacing accrued:
[2021-02-28T14:27:08.488+0300][121.060s][info][gc,stats       ]       2 of  1599 ms (  0.1%): main
[2021-02-28T14:27:08.488+0300][121.060s][info][gc,stats       ]       1 of  1599 ms (  0.1%): Notification Thread
[2021-02-28T14:27:08.488+0300][121.060s][info][gc,stats       ]       2 of  1599 ms (  0.1%): RMI TCP Connection(4)-172.22.16.1
[2021-02-28T14:27:08.488+0300][121.060s][info][gc,stats       ]       2 of  1599 ms (  0.1%): RMI TCP Connection(5)-172.22.16.1
[2021-02-28T14:27:08.488+0300][121.060s][info][gc,stats       ]       8 of  1599 ms (  0.5%): <total>
[2021-02-28T14:27:08.488+0300][121.060s][info][gc,stats       ]       0 of  1599 ms (  0.0%): <average total>
[2021-02-28T14:27:08.488+0300][121.060s][info][gc,stats       ]       2 of  1599 ms (  0.1%): <average non-zero>
[2021-02-28T14:27:08.488+0300][121.060s][info][gc,stats       ] 
[2021-02-28T14:27:08.488+0300][121.061s][info][gc,metaspace   ] Metaspace: 6991K(7552K)->6991K(7552K) NonClass: 6271K(6656K)->6271K(6656K) Class: 720K(896K)->720K(896K)
[2021-02-28T14:27:08.488+0300][121.061s][info][gc,ergo        ] Pacer for Idle. Initial: 20971K, Alloc Tax Rate: 1.0x
[2021-02-28T14:27:08.489+0300][121.062s][info][gc             ] Trigger: Free (392K) is below minimum threshold (102M)
[2021-02-28T14:27:08.489+0300][121.062s][info][gc,ergo        ] Free: 392K, Max: 388K regular, 0B humongous, Frag: 0% external, 61% internal; Reserve: 50176K, Max: 512K
[2021-02-28T14:27:08.489+0300][121.062s][info][gc,start       ] GC(54) Concurrent reset
[2021-02-28T14:27:08.489+0300][121.062s][info][gc,task        ] GC(54) Using 1 of 3 workers for concurrent reset
[2021-02-28T14:27:08.489+0300][121.062s][info][gc,ergo        ] GC(54) Pacer for Reset. Non-Taxable: 1024M
[2021-02-28T14:27:08.489+0300][121.062s][info][gc             ] GC(54) Concurrent reset 0.142ms
[2021-02-28T14:27:08.489+0300][121.062s][info][gc,start       ] GC(54) Pause Init Mark (unload classes)
[2021-02-28T14:27:08.489+0300][121.062s][info][gc,task        ] GC(54) Using 3 of 3 workers for init marking
[2021-02-28T14:27:08.489+0300][121.062s][info][gc,ergo        ] GC(54) Pacer for Mark. Expected Live: 1834M, Free: 372K, Non-Taxable: 38169B, Alloc Tax Rate: 6160.4x
[2021-02-28T14:27:08.489+0300][121.062s][info][gc             ] GC(54) Pause Init Mark (unload classes) 0.276ms
[2021-02-28T14:27:08.489+0300][121.062s][info][gc,start       ] GC(54) Concurrent marking (unload classes)
[2021-02-28T14:27:08.489+0300][121.062s][info][gc,task        ] GC(54) Using 1 of 3 workers for concurrent marking
[2021-02-28T14:27:08.755+0300][121.327s][info][gc             ] Failed to allocate TLAB, 2648B
[2021-02-28T14:27:08.755+0300][121.327s][info][gc             ] Cancelling GC: Allocation Failure
[2021-02-28T14:27:08.755+0300][121.327s][info][gc             ] GC(54) Concurrent marking (unload classes) 264.489ms
[2021-02-28T14:27:08.755+0300][121.327s][info][gc,ergo        ] Free: 0B, Max: 0B regular, 0B humongous, Frag: 0% external, 0% internal; Reserve: 50176K, Max: 512K
[2021-02-28T14:27:08.755+0300][121.327s][info][gc,stats       ] 
[2021-02-28T14:27:08.755+0300][121.327s][info][gc,stats       ] All times are wall-clock times, except per-root-class counters, that are sum over
[2021-02-28T14:27:08.755+0300][121.327s][info][gc,stats       ] all workers. Dividing the <total> over the root stage time estimates parallelism.
[2021-02-28T14:27:08.755+0300][121.327s][info][gc,stats       ] 
[2021-02-28T14:27:08.755+0300][121.327s][info][gc,stats       ] Concurrent Reset                    162 us
[2021-02-28T14:27:08.755+0300][121.327s][info][gc,stats       ] Pause Init Mark (G)                 507 us
[2021-02-28T14:27:08.755+0300][121.327s][info][gc,stats       ] Pause Init Mark (N)                 290 us
[2021-02-28T14:27:08.755+0300][121.327s][info][gc,stats       ]   Manage TLABs                        3 us
[2021-02-28T14:27:08.755+0300][121.327s][info][gc,stats       ]   Update Region States               77 us
[2021-02-28T14:27:08.755+0300][121.327s][info][gc,stats       ]   Scan Roots                        130 us, parallelism: 1.31x
[2021-02-28T14:27:08.755+0300][121.327s][info][gc,stats       ]     S: <total>                      170 us
[2021-02-28T14:27:08.755+0300][121.327s][info][gc,stats       ]     S: Thread Roots                 167 us, workers (us):  77,  68,  22, 
[2021-02-28T14:27:08.755+0300][121.327s][info][gc,stats       ]     S: Universe Roots                 2 us, workers (us):   2, ---, ---, 
[2021-02-28T14:27:08.755+0300][121.327s][info][gc,stats       ]     S: Synchronizer Roots             0 us, workers (us): ---,   0, ---, 
[2021-02-28T14:27:08.755+0300][121.327s][info][gc,stats       ]     S: Management Roots               1 us, workers (us):   1, ---, ---, 
[2021-02-28T14:27:08.755+0300][121.327s][info][gc,stats       ]     S: JVMTI Roots                    0 us, workers (us): ---,   0, ---, 
[2021-02-28T14:27:08.755+0300][121.327s][info][gc,stats       ] Concurrent Marking               264513 us
[2021-02-28T14:27:08.755+0300][121.327s][info][gc,stats       ]   Roots                             116 us, parallelism: 0.54x
[2021-02-28T14:27:08.755+0300][121.327s][info][gc,stats       ]     CM: <total>                      63 us
[2021-02-28T14:27:08.755+0300][121.327s][info][gc,stats       ]     CM: JNI Handles Roots             2 us, workers (us):   2, ---, ---, 
[2021-02-28T14:27:08.755+0300][121.327s][info][gc,stats       ]     CM: VM Global Roots               2 us, workers (us):   2, ---, ---, 
[2021-02-28T14:27:08.755+0300][121.327s][info][gc,stats       ]     CM: CLDG Roots                   59 us, workers (us):  59, ---, ---, 
[2021-02-28T14:27:08.755+0300][121.327s][info][gc,stats       ] Pacing                          1175609 us
[2021-02-28T14:27:08.755+0300][121.327s][info][gc,stats       ] 
[2021-02-28T14:27:08.755+0300][121.327s][info][gc,stats       ] Allocation pacing accrued:
[2021-02-28T14:27:08.755+0300][121.327s][info][gc,stats       ]     264 of   267 ms ( 99.1%): main
[2021-02-28T14:27:08.755+0300][121.327s][info][gc,stats       ]      13 of   267 ms (  4.8%): C1 CompilerThread0
[2021-02-28T14:27:08.755+0300][121.327s][info][gc,stats       ]     266 of   267 ms ( 99.8%): Notification Thread
[2021-02-28T14:27:08.755+0300][121.327s][info][gc,stats       ]      90 of   267 ms ( 33.7%): RMI TCP Accept-0
[2021-02-28T14:27:08.755+0300][121.327s][info][gc,stats       ]     192 of   267 ms ( 71.8%): RMI TCP Connection(4)-172.22.16.1
[2021-02-28T14:27:08.755+0300][121.327s][info][gc,stats       ]      13 of   267 ms (  4.8%): RMI TCP Connection(2)-172.22.16.1
[2021-02-28T14:27:08.755+0300][121.327s][info][gc,stats       ]     252 of   267 ms ( 94.3%): RMI TCP Connection(5)-172.22.16.1
[2021-02-28T14:27:08.755+0300][121.327s][info][gc,stats       ]      86 of   267 ms ( 32.3%): RMI TCP Connection(6)-172.22.16.1
[2021-02-28T14:27:08.755+0300][121.327s][info][gc,stats       ]    1176 of   267 ms (440.5%): <total>
[2021-02-28T14:27:08.755+0300][121.327s][info][gc,stats       ]      65 of   267 ms ( 24.5%): <average total>
[2021-02-28T14:27:08.755+0300][121.327s][info][gc,stats       ]     147 of   267 ms ( 55.1%): <average non-zero>
[2021-02-28T14:27:08.755+0300][121.327s][info][gc,stats       ] 
[2021-02-28T14:27:08.755+0300][121.327s][info][gc,metaspace   ] Metaspace: 7007K(7552K)->7014K(7552K) NonClass: 6285K(6656K)->6291K(6656K) Class: 722K(896K)->722K(896K)
[2021-02-28T14:27:08.755+0300][121.327s][info][gc,ergo        ] Pacer for Idle. Initial: 20971K, Alloc Tax Rate: 1.0x
[2021-02-28T14:27:08.758+0300][121.330s][info][gc             ] Trigger: Handle Allocation Failure
[2021-02-28T14:27:08.758+0300][121.330s][info][gc,ergo        ] Free: 0B, Max: 0B regular, 0B humongous, Frag: 0% external, 0% internal; Reserve: 50176K, Max: 512K
[2021-02-28T14:27:08.758+0300][121.330s][info][gc,start       ] GC(55) Pause Degenerated GC (Mark)
[2021-02-28T14:27:08.758+0300][121.330s][info][gc,task        ] GC(55) Using 3 of 3 workers for stw degenerated gc
[2021-02-28T14:27:09.083+0300][121.656s][info][gc,ergo        ] GC(55) Adaptive CSet Selection. Target Free: 145M, Actual Free: 50176K, Max CSet: 43690K, Min Garbage: 98372K
[2021-02-28T14:27:09.083+0300][121.656s][info][gc,ergo        ] GC(55) Collectable Garbage: 139K (100%), Immediate: 0B (0%), CSet: 139K (100%)
[2021-02-28T14:27:09.083+0300][121.656s][info][gc,ergo        ] GC(55) Pacer for Evacuation. Used CSet: 43519K, Free: 15440B, Non-Taxable: 1544B, Alloc Tax Rate: 7055.3x
[2021-02-28T14:27:09.094+0300][121.667s][info][gc,ergo        ] GC(55) Pacer for Update Refs. Used: 1017M, Free: 15440B, Non-Taxable: 1544B, Alloc Tax Rate: 84473.5x
[2021-02-28T14:27:09.268+0300][121.842s][info][gc,ergo        ] GC(55) Bad progress for free space: 15440B, need 10485K
[2021-02-28T14:27:09.268+0300][121.842s][info][gc             ] GC(55) Cancelling GC: Upgrade To Full GC
[2021-02-28T14:27:09.269+0300][121.842s][info][gc,phases,start] GC(55) Phase 1: Mark live objects
[2021-02-28T14:27:09.684+0300][122.256s][info][gc,phases      ] GC(55) Phase 1: Mark live objects 413.786ms
[2021-02-28T14:27:09.684+0300][122.256s][info][gc,phases,start] GC(55) Phase 2: Compute new object addresses
[2021-02-28T14:27:09.861+0300][122.434s][info][gc,phases      ] GC(55) Phase 2: Compute new object addresses 177.904ms
[2021-02-28T14:27:09.861+0300][122.434s][info][gc,phases,start] GC(55) Phase 3: Adjust pointers
[2021-02-28T14:27:10.057+0300][122.630s][info][gc,phases      ] GC(55) Phase 3: Adjust pointers 195.856ms
[2021-02-28T14:27:10.057+0300][122.630s][info][gc,phases,start] GC(55) Phase 4: Move objects
[2021-02-28T14:27:10.239+0300][122.813s][info][gc,phases      ] GC(55) Phase 4: Move objects 182.759ms
[2021-02-28T14:27:10.240+0300][122.813s][info][gc,ergo        ] GC(55) Bad progress for free space: 393K, need 10485K
[2021-02-28T14:27:10.240+0300][122.813s][info][gc             ] GC(55) Pause Degenerated GC (Mark) 974M->974M(1024M) 1482.683ms
[2021-02-28T14:27:10.240+0300][122.813s][info][gc,ergo        ] Free: 361K, Max: 218K regular, 0B humongous, Frag: 0% external, 76% internal; Reserve: 50176K, Max: 512K
[2021-02-28T14:27:10.240+0300][122.813s][info][gc,stats       ] 
[2021-02-28T14:27:10.240+0300][122.813s][info][gc,stats       ] All times are wall-clock times, except per-root-class counters, that are sum over
[2021-02-28T14:27:10.240+0300][122.813s][info][gc,stats       ] all workers. Dividing the <total> over the root stage time estimates parallelism.
[2021-02-28T14:27:10.240+0300][122.813s][info][gc,stats       ] 
[2021-02-28T14:27:10.240+0300][122.813s][info][gc,stats       ]   Finish Queues                  325393 us
[2021-02-28T14:27:10.240+0300][122.813s][info][gc,stats       ]   System Purge                       87 us
[2021-02-28T14:27:10.240+0300][122.813s][info][gc,stats       ]     Unload Classes                  567 us
[2021-02-28T14:27:10.240+0300][122.813s][info][gc,stats       ]     Weak Roots                       86 us
[2021-02-28T14:27:10.240+0300][122.813s][info][gc,stats       ]     CLDG                              0 us
[2021-02-28T14:27:10.240+0300][122.813s][info][gc,stats       ]   Update Region States               57 us
[2021-02-28T14:27:10.240+0300][122.813s][info][gc,stats       ]   Manage GC/TLABs                     4 us
[2021-02-28T14:27:10.240+0300][122.813s][info][gc,stats       ]   Choose Collection Set             119 us
[2021-02-28T14:27:10.240+0300][122.813s][info][gc,stats       ]   Rebuild Free Set                   21 us
[2021-02-28T14:27:10.240+0300][122.813s][info][gc,stats       ]   Initial Evacuation                 14 us
[2021-02-28T14:27:10.240+0300][122.813s][info][gc,stats       ]   Manage GCLABs                       1 us
[2021-02-28T14:27:10.240+0300][122.813s][info][gc,stats       ]   Finish Work                    173795 us
[2021-02-28T14:27:10.240+0300][122.813s][info][gc,stats       ]   Update Region States               62 us
[2021-02-28T14:27:10.240+0300][122.813s][info][gc,stats       ]   Trash Collection Set                3 us
[2021-02-28T14:27:10.240+0300][122.813s][info][gc,stats       ]   Rebuild Free Set                   24 us
[2021-02-28T14:27:10.240+0300][122.813s][info][gc,stats       ] Pause Degenerated GC (G)        1482961 us
[2021-02-28T14:27:10.240+0300][122.813s][info][gc,stats       ] Pause Degenerated GC (N)        1482697 us
[2021-02-28T14:27:10.240+0300][122.813s][info][gc,stats       ]   Degen Mark Roots                   94 us, parallelism: 0.30x
[2021-02-28T14:27:10.240+0300][122.813s][info][gc,stats       ]     DM: <total>                      28 us
[2021-02-28T14:27:10.240+0300][122.813s][info][gc,stats       ]     DM: JNI Handles Roots             2 us, workers (us):   1,   0,   0, 
[2021-02-28T14:27:10.240+0300][122.813s][info][gc,stats       ]     DM: VM Global Roots               2 us, workers (us):   2,   0,   0, 
[2021-02-28T14:27:10.240+0300][122.813s][info][gc,stats       ]     DM: CLDG Roots                   25 us, workers (us):  25, ---, ---, 
[2021-02-28T14:27:10.240+0300][122.813s][info][gc,stats       ]   Degen Update Roots                679 us, parallelism: 2.33x
[2021-02-28T14:27:10.240+0300][122.813s][info][gc,stats       ]     DU: <total>                    1581 us
[2021-02-28T14:27:10.240+0300][122.813s][info][gc,stats       ]     DU: Thread Roots                151 us, workers (us):   1, 115,  36, 
[2021-02-28T14:27:10.240+0300][122.813s][info][gc,stats       ]     DU: Code Cache Roots           1342 us, workers (us): 524, 395, 423, 
[2021-02-28T14:27:10.240+0300][122.813s][info][gc,stats       ]     DU: Universe Roots                1 us, workers (us):   1, ---, ---, 
[2021-02-28T14:27:10.240+0300][122.813s][info][gc,stats       ]     DU: JNI Handles Roots             1 us, workers (us):   0,   0,   0, 
[2021-02-28T14:27:10.240+0300][122.813s][info][gc,stats       ]     DU: JVMTI Weak Roots              0 us, workers (us):   0, ---, ---, 
[2021-02-28T14:27:10.240+0300][122.813s][info][gc,stats       ]     DU: JFR Weak Roots                1 us, workers (us):   1, ---, ---, 
[2021-02-28T14:27:10.240+0300][122.813s][info][gc,stats       ]     DU: JNI Weak Roots                0 us, workers (us):   0,   0,   0, 
[2021-02-28T14:27:10.240+0300][122.813s][info][gc,stats       ]     DU: String Table Roots           58 us, workers (us):  44,  14,   0, 
[2021-02-28T14:27:10.240+0300][122.813s][info][gc,stats       ]     DU: Resolved Table Roots          4 us, workers (us):   2,   1,   1, 
[2021-02-28T14:27:10.240+0300][122.813s][info][gc,stats       ]     DU: VM Global Roots               1 us, workers (us):   1,   0,   0, 
[2021-02-28T14:27:10.240+0300][122.813s][info][gc,stats       ]     DU: VM Weak Roots                 2 us, workers (us):   1,   0,   2, 
[2021-02-28T14:27:10.240+0300][122.813s][info][gc,stats       ]     DU: Synchronizer Roots            0 us, workers (us):   0, ---, ---, 
[2021-02-28T14:27:10.240+0300][122.813s][info][gc,stats       ]     DU: Management Roots              1 us, workers (us):   1, ---, ---, 
[2021-02-28T14:27:10.240+0300][122.813s][info][gc,stats       ]     DU: CLDG Roots                   17 us, workers (us): ---,  17, ---, 
[2021-02-28T14:27:10.240+0300][122.813s][info][gc,stats       ]     DU: JVMTI Roots                   0 us, workers (us):   0, ---, ---, 
[2021-02-28T14:27:10.240+0300][122.813s][info][gc,stats       ]   Pre Heap Dump                       0 us
[2021-02-28T14:27:10.240+0300][122.813s][info][gc,stats       ]   Prepare                           430 us
[2021-02-28T14:27:10.240+0300][122.813s][info][gc,stats       ]   Scan Roots                         91 us, parallelism: 1.35x
[2021-02-28T14:27:10.240+0300][122.813s][info][gc,stats       ]     FS: <total>                     123 us
[2021-02-28T14:27:10.240+0300][122.813s][info][gc,stats       ]     FS: Thread Roots                119 us, workers (us):  66,  26,  26, 
[2021-02-28T14:27:10.240+0300][122.813s][info][gc,stats       ]     FS: Universe Roots                2 us, workers (us):   2, ---, ---, 
[2021-02-28T14:27:10.240+0300][122.813s][info][gc,stats       ]     FS: Synchronizer Roots            0 us, workers (us):   0, ---, ---, 
[2021-02-28T14:27:10.240+0300][122.814s][info][gc,stats       ]     FS: Management Roots              2 us, workers (us):   2, ---, ---, 
[2021-02-28T14:27:10.240+0300][122.814s][info][gc,stats       ]     FS: JVMTI Roots                   0 us, workers (us):   0, ---, ---, 
[2021-02-28T14:27:10.240+0300][122.814s][info][gc,stats       ]   Scan Concurrent Roots              68 us, parallelism: 0.72x
[2021-02-28T14:27:10.240+0300][122.814s][info][gc,stats       ]     FCS: <total>                     50 us
[2021-02-28T14:27:10.240+0300][122.814s][info][gc,stats       ]     FCS: JNI Handles Roots            2 us, workers (us):   1,   0,   0, 
[2021-02-28T14:27:10.240+0300][122.814s][info][gc,stats       ]     FCS: VM Global Roots              2 us, workers (us):   2,   0,   0, 
[2021-02-28T14:27:10.240+0300][122.814s][info][gc,stats       ]     FCS: CLDG Roots                  46 us, workers (us):  46, ---, ---, 
[2021-02-28T14:27:10.240+0300][122.814s][info][gc,stats       ]   Mark                           413749 us
[2021-02-28T14:27:10.240+0300][122.814s][info][gc,stats       ]     Finish Queues                412250 us
[2021-02-28T14:27:10.240+0300][122.814s][info][gc,stats       ]     Weak References                 163 us
[2021-02-28T14:27:10.240+0300][122.814s][info][gc,stats       ]       Process                       157 us
[2021-02-28T14:27:10.240+0300][122.814s][info][gc,stats       ]     System Purge                     94 us
[2021-02-28T14:27:10.240+0300][122.814s][info][gc,stats       ]       Unload Classes               1036 us
[2021-02-28T14:27:10.240+0300][122.814s][info][gc,stats       ]       Weak Roots                     94 us
[2021-02-28T14:27:10.240+0300][122.814s][info][gc,stats       ]       CLDG                           27 us
[2021-02-28T14:27:10.240+0300][122.814s][info][gc,stats       ]   Calculate Addresses            177891 us
[2021-02-28T14:27:10.240+0300][122.814s][info][gc,stats       ]     Regular Objects              177857 us
[2021-02-28T14:27:10.240+0300][122.814s][info][gc,stats       ]     Humongous Objects                15 us
[2021-02-28T14:27:10.241+0300][122.814s][info][gc,stats       ]   Adjust Pointers                195842 us
[2021-02-28T14:27:10.241+0300][122.814s][info][gc,stats       ]     FA: <total>                    1544 us
[2021-02-28T14:27:10.241+0300][122.814s][info][gc,stats       ]     FA: Thread Roots                 82 us, workers (us):   1,  41,  41, 
[2021-02-28T14:27:10.241+0300][122.814s][info][gc,stats       ]     FA: Code Cache Roots           1361 us, workers (us): 531, 399, 430, 
[2021-02-28T14:27:10.241+0300][122.814s][info][gc,stats       ]     FA: Universe Roots                1 us, workers (us):   1, ---, ---, 
[2021-02-28T14:27:10.241+0300][122.814s][info][gc,stats       ]     FA: JNI Handles Roots             2 us, workers (us):   2,   0,   0, 
[2021-02-28T14:27:10.241+0300][122.814s][info][gc,stats       ]     FA: JVMTI Weak Roots              0 us, workers (us):   0, ---, ---, 
[2021-02-28T14:27:10.241+0300][122.814s][info][gc,stats       ]     FA: JFR Weak Roots                0 us, workers (us):   0, ---, ---, 
[2021-02-28T14:27:10.241+0300][122.814s][info][gc,stats       ]     FA: JNI Weak Roots                0 us, workers (us):   0,   0,   0, 
[2021-02-28T14:27:10.241+0300][122.814s][info][gc,stats       ]     FA: String Table Roots           52 us, workers (us):  25,  25,   1, 
[2021-02-28T14:27:10.241+0300][122.814s][info][gc,stats       ]     FA: Resolved Table Roots          4 us, workers (us):   2,   1,   1, 
[2021-02-28T14:27:10.241+0300][122.814s][info][gc,stats       ]     FA: VM Global Roots               2 us, workers (us):   0,   2,   0, 
[2021-02-28T14:27:10.241+0300][122.814s][info][gc,stats       ]     FA: VM Weak Roots                 2 us, workers (us):   0,   0,   2, 
[2021-02-28T14:27:10.241+0300][122.814s][info][gc,stats       ]     FA: Synchronizer Roots            0 us, workers (us):   0, ---, ---, 
[2021-02-28T14:27:10.241+0300][122.814s][info][gc,stats       ]     FA: Management Roots              1 us, workers (us): ---,   1, ---, 
[2021-02-28T14:27:10.241+0300][122.814s][info][gc,stats       ]     FA: CLDG Roots                   34 us, workers (us): ---,  34, ---, 
[2021-02-28T14:27:10.241+0300][122.814s][info][gc,stats       ]     FA: JVMTI Roots                   0 us, workers (us):   0, ---, ---, 
[2021-02-28T14:27:10.241+0300][122.814s][info][gc,stats       ]   Copy Objects                   182746 us
[2021-02-28T14:27:10.241+0300][122.814s][info][gc,stats       ]     Regular Objects              182134 us
[2021-02-28T14:27:10.241+0300][122.814s][info][gc,stats       ]     Humongous Objects                14 us
[2021-02-28T14:27:10.241+0300][122.814s][info][gc,stats       ]     Reset Complete Bitmap           532 us
[2021-02-28T14:27:10.241+0300][122.814s][info][gc,stats       ]     Rebuild Region Sets              65 us
[2021-02-28T14:27:10.241+0300][122.814s][info][gc,stats       ]   Post Heap Dump                      1 us
[2021-02-28T14:27:10.241+0300][122.814s][info][gc,stats       ] Pacing                          1500999 us
[2021-02-28T14:27:10.241+0300][122.814s][info][gc,stats       ] 
[2021-02-28T14:27:10.241+0300][122.814s][info][gc,stats       ] Allocation pacing accrued:
[2021-02-28T14:27:10.241+0300][122.814s][info][gc,stats       ]    1489 of  1487 ms (100.1%): main
[2021-02-28T14:27:10.241+0300][122.814s][info][gc,stats       ]      12 of  1487 ms (  0.8%): RMI TCP Connection(5)-172.22.16.1
[2021-02-28T14:27:10.241+0300][122.814s][info][gc,stats       ]    1501 of  1487 ms (101.0%): <total>
[2021-02-28T14:27:10.241+0300][122.814s][info][gc,stats       ]      83 of  1487 ms (  5.6%): <average total>
[2021-02-28T14:27:10.241+0300][122.814s][info][gc,stats       ]     750 of  1487 ms ( 50.5%): <average non-zero>
[2021-02-28T14:27:10.241+0300][122.814s][info][gc,stats       ] 
[2021-02-28T14:27:10.241+0300][122.814s][info][gc,metaspace   ] Metaspace: 7014K(7552K)->6980K(7552K) NonClass: 6291K(6656K)->6262K(6656K) Class: 722K(896K)->718K(896K)
[2021-02-28T14:27:10.241+0300][122.814s][info][gc,ergo        ] Pacer for Idle. Initial: 20971K, Alloc Tax Rate: 1.0x
[2021-02-28T14:27:10.243+0300][122.816s][info][gc             ] Trigger: Free (356K) is below minimum threshold (102M)
[2021-02-28T14:27:10.243+0300][122.816s][info][gc,ergo        ] Free: 356K, Max: 218K regular, 0B humongous, Frag: 0% external, 76% internal; Reserve: 50176K, Max: 512K
[2021-02-28T14:27:10.243+0300][122.816s][info][gc,start       ] GC(56) Concurrent reset
[2021-02-28T14:27:10.243+0300][122.816s][info][gc,task        ] GC(56) Using 1 of 3 workers for concurrent reset
[2021-02-28T14:27:10.243+0300][122.816s][info][gc,ergo        ] GC(56) Pacer for Reset. Non-Taxable: 1024M
[2021-02-28T14:27:10.243+0300][122.816s][info][gc             ] GC(56) Concurrent reset 0.234ms
[2021-02-28T14:27:10.243+0300][122.816s][info][gc,start       ] GC(56) Pause Init Mark (unload classes)
[2021-02-28T14:27:10.243+0300][122.816s][info][gc,task        ] GC(56) Using 3 of 3 workers for init marking
[2021-02-28T14:27:10.243+0300][122.816s][info][gc,ergo        ] GC(56) Pacer for Mark. Expected Live: 1835M, Free: 356K, Non-Taxable: 36505B, Alloc Tax Rate: 6442.9x
[2021-02-28T14:27:10.243+0300][122.816s][info][gc             ] GC(56) Pause Init Mark (unload classes) 0.212ms
[2021-02-28T14:27:10.243+0300][122.816s][info][gc,start       ] GC(56) Concurrent marking (unload classes)
[2021-02-28T14:27:10.243+0300][122.817s][info][gc,task        ] GC(56) Using 1 of 3 workers for concurrent marking
[2021-02-28T14:27:10.635+0300][123.207s][info][gc             ] Failed to allocate TLAB, 2704B
[2021-02-28T14:27:10.635+0300][123.207s][info][gc             ] Cancelling GC: Allocation Failure
[2021-02-28T14:27:10.635+0300][123.207s][info][gc             ] GC(56) Concurrent marking (unload classes) 390.472ms
[2021-02-28T14:27:10.635+0300][123.207s][info][gc,ergo        ] Free: 0B, Max: 0B regular, 0B humongous, Frag: 0% external, 0% internal; Reserve: 50176K, Max: 512K
[2021-02-28T14:27:10.635+0300][123.207s][info][gc,stats       ] 
[2021-02-28T14:27:10.635+0300][123.207s][info][gc,stats       ] All times are wall-clock times, except per-root-class counters, that are sum over
[2021-02-28T14:27:10.635+0300][123.207s][info][gc,stats       ] all workers. Dividing the <total> over the root stage time estimates parallelism.
[2021-02-28T14:27:10.635+0300][123.207s][info][gc,stats       ] 
[2021-02-28T14:27:10.635+0300][123.207s][info][gc,stats       ] Concurrent Reset                    256 us
[2021-02-28T14:27:10.635+0300][123.207s][info][gc,stats       ] Pause Init Mark (G)                 404 us
[2021-02-28T14:27:10.635+0300][123.207s][info][gc,stats       ] Pause Init Mark (N)                 225 us
[2021-02-28T14:27:10.635+0300][123.207s][info][gc,stats       ]   Manage TLABs                        3 us
[2021-02-28T14:27:10.635+0300][123.207s][info][gc,stats       ]   Update Region States               59 us
[2021-02-28T14:27:10.635+0300][123.207s][info][gc,stats       ]   Scan Roots                         87 us, parallelism: 1.93x
[2021-02-28T14:27:10.635+0300][123.207s][info][gc,stats       ]     S: <total>                      167 us
[2021-02-28T14:27:10.635+0300][123.207s][info][gc,stats       ]     S: Thread Roots                 164 us, workers (us):  68,  57,  39, 
[2021-02-28T14:27:10.635+0300][123.207s][info][gc,stats       ]     S: Universe Roots                 2 us, workers (us):   2, ---, ---, 
[2021-02-28T14:27:10.635+0300][123.207s][info][gc,stats       ]     S: Synchronizer Roots             0 us, workers (us):   0, ---, ---, 
[2021-02-28T14:27:10.635+0300][123.207s][info][gc,stats       ]     S: Management Roots               1 us, workers (us):   1, ---, ---, 
[2021-02-28T14:27:10.635+0300][123.207s][info][gc,stats       ]     S: JVMTI Roots                    0 us, workers (us):   0, ---, ---, 
[2021-02-28T14:27:10.635+0300][123.207s][info][gc,stats       ] Concurrent Marking               390495 us
[2021-02-28T14:27:10.635+0300][123.207s][info][gc,stats       ]   Roots                             114 us, parallelism: 0.55x
[2021-02-28T14:27:10.635+0300][123.207s][info][gc,stats       ]     CM: <total>                      63 us
[2021-02-28T14:27:10.635+0300][123.207s][info][gc,stats       ]     CM: JNI Handles Roots             2 us, workers (us):   2, ---, ---, 
[2021-02-28T14:27:10.635+0300][123.207s][info][gc,stats       ]     CM: VM Global Roots               2 us, workers (us):   2, ---, ---, 
[2021-02-28T14:27:10.635+0300][123.207s][info][gc,stats       ]     CM: CLDG Roots                   59 us, workers (us):  59, ---, ---, 
[2021-02-28T14:27:10.635+0300][123.207s][info][gc,stats       ] Pacing                          1967175 us
[2021-02-28T14:27:10.635+0300][123.207s][info][gc,stats       ] 
[2021-02-28T14:27:10.635+0300][123.207s][info][gc,stats       ] Allocation pacing accrued:
[2021-02-28T14:27:10.635+0300][123.207s][info][gc,stats       ]     393 of   393 ms ( 99.9%): main
[2021-02-28T14:27:10.635+0300][123.207s][info][gc,stats       ]     392 of   393 ms ( 99.7%): Notification Thread
[2021-02-28T14:27:10.635+0300][123.207s][info][gc,stats       ]     381 of   393 ms ( 96.8%): RMI TCP Connection(4)-172.22.16.1
[2021-02-28T14:27:10.635+0300][123.207s][info][gc,stats       ]      18 of   393 ms (  4.6%): RMI TCP Connection(2)-172.22.16.1
[2021-02-28T14:27:10.635+0300][123.207s][info][gc,stats       ]     392 of   393 ms ( 99.6%): RMI TCP Connection(5)-172.22.16.1
[2021-02-28T14:27:10.635+0300][123.207s][info][gc,stats       ]     392 of   393 ms ( 99.7%): RMI TCP Connection(6)-172.22.16.1
[2021-02-28T14:27:10.635+0300][123.207s][info][gc,stats       ]    1967 of   393 ms (500.2%): <total>
[2021-02-28T14:27:10.635+0300][123.207s][info][gc,stats       ]     109 of   393 ms ( 27.8%): <average total>
[2021-02-28T14:27:10.635+0300][123.207s][info][gc,stats       ]     328 of   393 ms ( 83.4%): <average non-zero>
[2021-02-28T14:27:10.635+0300][123.207s][info][gc,stats       ] 
[2021-02-28T14:27:10.635+0300][123.207s][info][gc,metaspace   ] Metaspace: 6980K(7552K)->7000K(7552K) NonClass: 6262K(6656K)->6279K(6656K) Class: 718K(896K)->720K(896K)
[2021-02-28T14:27:10.635+0300][123.207s][info][gc,ergo        ] Pacer for Idle. Initial: 20971K, Alloc Tax Rate: 1.0x
[2021-02-28T14:27:10.638+0300][123.210s][info][gc             ] Trigger: Handle Allocation Failure
[2021-02-28T14:27:10.638+0300][123.210s][info][gc,ergo        ] Free: 0B, Max: 0B regular, 0B humongous, Frag: 0% external, 0% internal; Reserve: 50176K, Max: 512K
[2021-02-28T14:27:10.638+0300][123.210s][info][gc,start       ] GC(57) Pause Full
[2021-02-28T14:27:10.638+0300][123.210s][info][gc,task        ] GC(57) Using 3 of 3 workers for full gc
[2021-02-28T14:27:10.638+0300][123.211s][info][gc,phases,start] GC(57) Phase 1: Mark live objects
[2021-02-28T14:27:11.057+0300][123.631s][info][gc,phases      ] GC(57) Phase 1: Mark live objects 419.877ms
[2021-02-28T14:27:11.057+0300][123.631s][info][gc,phases,start] GC(57) Phase 2: Compute new object addresses
[2021-02-28T14:27:11.236+0300][123.809s][info][gc,phases      ] GC(57) Phase 2: Compute new object addresses 177.959ms
[2021-02-28T14:27:11.236+0300][123.809s][info][gc,phases,start] GC(57) Phase 3: Adjust pointers
[2021-02-28T14:27:11.439+0300][124.012s][info][gc,phases      ] GC(57) Phase 3: Adjust pointers 203.448ms
[2021-02-28T14:27:11.439+0300][124.012s][info][gc,phases,start] GC(57) Phase 4: Move objects
[2021-02-28T14:27:11.626+0300][124.199s][info][gc,phases      ] GC(57) Phase 4: Move objects 186.505ms
[2021-02-28T14:27:11.626+0300][124.199s][info][gc,ergo        ] GC(57) Bad progress for free space: 265K, need 10485K
[2021-02-28T14:27:11.626+0300][124.199s][info][gc             ] GC(57) Pause Full 974M->974M(1024M) 988.668ms
[2021-02-28T14:27:11.626+0300][124.199s][info][gc,ergo        ] Free: 63832B, Max: 63832B regular, 0B humongous, Frag: 0% external, 87% internal; Reserve: 50176K, Max: 512K
[2021-02-28T14:27:11.626+0300][124.199s][info][gc,stats       ] 
[2021-02-28T14:27:11.626+0300][124.199s][info][gc,stats       ] All times are wall-clock times, except per-root-class counters, that are sum over
[2021-02-28T14:27:11.626+0300][124.199s][info][gc,stats       ] all workers. Dividing the <total> over the root stage time estimates parallelism.
[2021-02-28T14:27:11.626+0300][124.199s][info][gc,stats       ] 
[2021-02-28T14:27:11.626+0300][124.199s][info][gc,stats       ] Pause Full GC (G)                988909 us
[2021-02-28T14:27:11.626+0300][124.199s][info][gc,stats       ] Pause Full GC (N)                988691 us
[2021-02-28T14:27:11.626+0300][124.199s][info][gc             ] Failed to allocate TLAB, 2664B
[2021-02-28T14:27:11.626+0300][124.199s][info][gc,stats       ]   Pre Heap Dump                       1 us
[2021-02-28T14:27:11.626+0300][124.199s][info][gc             ] Cancelling GC: Allocation Failure
[2021-02-28T14:27:11.626+0300][124.199s][info][gc,stats       ]   Prepare                           524 us
[2021-02-28T14:27:11.626+0300][124.199s][info][gc,stats       ]   Scan Roots                        114 us, parallelism: 1.23x
[2021-02-28T14:27:11.626+0300][124.199s][info][gc,stats       ]     FS: <total>                     140 us
[2021-02-28T14:27:11.626+0300][124.199s][info][gc,stats       ]     FS: Thread Roots                135 us, workers (us):  47,  45,  44, 
[2021-02-28T14:27:11.626+0300][124.199s][info][gc,stats       ]     FS: Universe Roots                2 us, workers (us):   2, ---, ---, 
[2021-02-28T14:27:11.626+0300][124.199s][info][gc,stats       ]     FS: Synchronizer Roots            0 us, workers (us): ---,   0, ---, 
[2021-02-28T14:27:11.626+0300][124.199s][info][gc,stats       ]     FS: Management Roots              2 us, workers (us): ---, ---,   2, 
[2021-02-28T14:27:11.626+0300][124.199s][info][gc,stats       ]     FS: JVMTI Roots                   0 us, workers (us): ---,   0, ---, 
[2021-02-28T14:27:11.626+0300][124.199s][info][gc,stats       ]   Scan Concurrent Roots             145 us, parallelism: 0.43x
[2021-02-28T14:27:11.626+0300][124.199s][info][gc,stats       ]     FCS: <total>                     62 us
[2021-02-28T14:27:11.626+0300][124.199s][info][gc,stats       ]     FCS: JNI Handles Roots            2 us, workers (us):   1,   0,   0, 
[2021-02-28T14:27:11.626+0300][124.199s][info][gc,stats       ]     FCS: VM Global Roots              2 us, workers (us):   2,   0,   0, 
[2021-02-28T14:27:11.626+0300][124.199s][info][gc,stats       ]     FCS: CLDG Roots                  58 us, workers (us):  58, ---, ---, 
[2021-02-28T14:27:11.626+0300][124.199s][info][gc,stats       ]   Mark                           419838 us
[2021-02-28T14:27:11.626+0300][124.199s][info][gc,stats       ]     Finish Queues                418247 us
[2021-02-28T14:27:11.626+0300][124.199s][info][gc,stats       ]     Weak References                 181 us
[2021-02-28T14:27:11.626+0300][124.199s][info][gc,stats       ]       Process                       176 us
[2021-02-28T14:27:11.626+0300][124.199s][info][gc,stats       ]     System Purge                    100 us
[2021-02-28T14:27:11.626+0300][124.199s][info][gc,stats       ]       Unload Classes               1021 us
[2021-02-28T14:27:11.626+0300][124.199s][info][gc,stats       ]       Weak Roots                     99 us
[2021-02-28T14:27:11.626+0300][124.199s][info][gc,stats       ]       CLDG                           12 us
[2021-02-28T14:27:11.626+0300][124.199s][info][gc,stats       ]   Calculate Addresses            177946 us
[2021-02-28T14:27:11.626+0300][124.199s][info][gc,stats       ]     Regular Objects              177909 us
[2021-02-28T14:27:11.626+0300][124.199s][info][gc,stats       ]     Humongous Objects                18 us
[2021-02-28T14:27:11.626+0300][124.199s][info][gc,stats       ]   Adjust Pointers                203435 us
[2021-02-28T14:27:11.626+0300][124.199s][info][gc,stats       ]     FA: <total>                    1560 us
[2021-02-28T14:27:11.626+0300][124.199s][info][gc,stats       ]     FA: Thread Roots                 80 us, workers (us):  35,  44,   1, 
[2021-02-28T14:27:11.626+0300][124.199s][info][gc,stats       ]     FA: Code Cache Roots           1379 us, workers (us): 442, 405, 532, 
[2021-02-28T14:27:11.626+0300][124.199s][info][gc,stats       ]     FA: Universe Roots                1 us, workers (us):   1, ---, ---, 
[2021-02-28T14:27:11.626+0300][124.199s][info][gc,stats       ]     FA: JNI Handles Roots             2 us, workers (us):   1,   0,   0, 
[2021-02-28T14:27:11.626+0300][124.199s][info][gc,stats       ]     FA: JVMTI Weak Roots              0 us, workers (us): ---,   0, ---, 
[2021-02-28T14:27:11.626+0300][124.199s][info][gc,stats       ]     FA: JFR Weak Roots                0 us, workers (us): ---,   0, ---, 
[2021-02-28T14:27:11.626+0300][124.199s][info][gc,stats       ]     FA: String Table Roots           52 us, workers (us):  26,  26,   0, 
[2021-02-28T14:27:11.626+0300][124.199s][info][gc,stats       ]     FA: Resolved Table Roots          4 us, workers (us):   1,   2,   1, 
[2021-02-28T14:27:11.626+0300][124.199s][info][gc,stats       ]     FA: VM Global Roots               2 us, workers (us):   0,   1,   0, 
[2021-02-28T14:27:11.626+0300][124.199s][info][gc,stats       ]     FA: VM Weak Roots                 2 us, workers (us):   2,   0,   1, 
[2021-02-28T14:27:11.626+0300][124.199s][info][gc,stats       ]     FA: Synchronizer Roots            0 us, workers (us): ---,   0, ---, 
[2021-02-28T14:27:11.626+0300][124.199s][info][gc,stats       ]     FA: Management Roots              1 us, workers (us):   1, ---, ---, 
[2021-02-28T14:27:11.626+0300][124.200s][info][gc,stats       ]     FA: CLDG Roots                   34 us, workers (us): ---,  34, ---, 
[2021-02-28T14:27:11.626+0300][124.200s][info][gc,stats       ]     FA: JVMTI Roots                   0 us, workers (us): ---,   0, ---, 
[2021-02-28T14:27:11.626+0300][124.200s][info][gc,stats       ]   Copy Objects                   186491 us
[2021-02-28T14:27:11.626+0300][124.200s][info][gc,stats       ]     Regular Objects              185977 us
[2021-02-28T14:27:11.626+0300][124.200s][info][gc,stats       ]     Humongous Objects                16 us
[2021-02-28T14:27:11.626+0300][124.200s][info][gc,stats       ]     Reset Complete Bitmap           452 us
[2021-02-28T14:27:11.626+0300][124.200s][info][gc,stats       ]     Rebuild Region Sets              46 us
[2021-02-28T14:27:11.626+0300][124.200s][info][gc,stats       ]   Post Heap Dump                      1 us
[2021-02-28T14:27:11.626+0300][124.200s][info][gc,stats       ] Pacing                          1984864 us
[2021-02-28T14:27:11.626+0300][124.200s][info][gc,stats       ] 
[2021-02-28T14:27:11.626+0300][124.200s][info][gc,stats       ] Allocation pacing accrued:
[2021-02-28T14:27:11.626+0300][124.200s][info][gc,stats       ]     993 of   992 ms (100.1%): main
[2021-02-28T14:27:11.626+0300][124.200s][info][gc,stats       ]     992 of   992 ms (100.0%): Notification Thread
[2021-02-28T14:27:11.626+0300][124.200s][info][gc,stats       ]    1985 of   992 ms (200.0%): <total>
[2021-02-28T14:27:11.626+0300][124.200s][info][gc,stats       ]     110 of   992 ms ( 11.1%): <average total>
[2021-02-28T14:27:11.626+0300][124.200s][info][gc,stats       ]     992 of   992 ms (100.0%): <average non-zero>
[2021-02-28T14:27:11.626+0300][124.200s][info][gc,stats       ] 
[2021-02-28T14:27:11.626+0300][124.200s][info][gc,metaspace   ] Metaspace: 7000K(7552K)->6992K(7552K) NonClass: 6279K(6656K)->6273K(6656K) Class: 720K(896K)->719K(896K)
[2021-02-28T14:27:11.626+0300][124.200s][info][gc,ergo        ] Pacer for Idle. Initial: 20971K, Alloc Tax Rate: 1.0x
[2021-02-28T14:27:11.630+0300][124.202s][info][gc             ] Trigger: Handle Allocation Failure
[2021-02-28T14:27:11.630+0300][124.202s][info][gc,ergo        ] Free: 0B, Max: 0B regular, 0B humongous, Frag: 0% external, 0% internal; Reserve: 50176K, Max: 512K
[2021-02-28T14:27:11.630+0300][124.202s][info][gc,start       ] GC(58) Pause Degenerated GC (Outside of Cycle)
[2021-02-28T14:27:11.630+0300][124.202s][info][gc,task        ] GC(58) Using 3 of 3 workers for stw degenerated gc
[2021-02-28T14:27:11.630+0300][124.202s][info][gc,ergo        ] GC(58) Pacer for Reset. Non-Taxable: 1024M
[2021-02-28T14:27:11.630+0300][124.202s][info][gc,ergo        ] GC(58) Pacer for Mark. Expected Live: 1820M, Free: 0B, Non-Taxable: 0B, Alloc Tax Rate: infx
[2021-02-28T14:27:12.050+0300][124.623s][info][gc,ergo        ] GC(58) Adaptive CSet Selection. Target Free: 145M, Actual Free: 50176K, Max CSet: 43690K, Min Garbage: 98372K
[2021-02-28T14:27:12.050+0300][124.624s][info][gc,ergo        ] GC(58) Collectable Garbage: 65632B (100%), Immediate: 0B (0%), CSet: 65632B (100%)
[2021-02-28T14:27:12.050+0300][124.624s][info][gc,ergo        ] GC(58) Pacer for Evacuation. Used CSet: 43518K, Free: 15536B, Non-Taxable: 1553B, Alloc Tax Rate: 7011.2x
[2021-02-28T14:27:12.061+0300][124.633s][info][gc,ergo        ] GC(58) Pacer for Update Refs. Used: 1017M, Free: 15536B, Non-Taxable: 1553B, Alloc Tax Rate: 83947.8x
[2021-02-28T14:27:12.250+0300][124.823s][info][gc,ergo        ] GC(58) Bad progress for free space: 15536B, need 10485K
[2021-02-28T14:27:12.250+0300][124.823s][info][gc             ] GC(58) Cancelling GC: Upgrade To Full GC
[2021-02-28T14:27:12.252+0300][124.824s][info][gc,phases,start] GC(58) Phase 1: Mark live objects
[2021-02-28T14:27:12.670+0300][125.242s][info][gc,phases      ] GC(58) Phase 1: Mark live objects 417.760ms
[2021-02-28T14:27:12.670+0300][125.242s][info][gc,phases,start] GC(58) Phase 2: Compute new object addresses
[2021-02-28T14:27:12.851+0300][125.423s][info][gc,phases      ] GC(58) Phase 2: Compute new object addresses 181.209ms
[2021-02-28T14:27:12.851+0300][125.423s][info][gc,phases,start] GC(58) Phase 3: Adjust pointers
[2021-02-28T14:27:13.046+0300][125.619s][info][gc,phases      ] GC(58) Phase 3: Adjust pointers 195.482ms
[2021-02-28T14:27:13.046+0300][125.619s][info][gc,phases,start] GC(58) Phase 4: Move objects
[2021-02-28T14:27:13.229+0300][125.801s][info][gc,phases      ] GC(58) Phase 4: Move objects 182.238ms
[2021-02-28T14:27:13.229+0300][125.801s][info][gc,ergo        ] GC(58) Bad progress for free space: 86040B, need 10485K
[2021-02-28T14:27:13.229+0300][125.801s][info][gc             ] GC(58) Pause Degenerated GC (Outside of Cycle) 974M->974M(1024M) 1599.088ms
[2021-02-28T14:27:13.229+0300][125.801s][info][gc,ergo        ] Free: 64088B, Max: 64088B regular, 0B humongous, Frag: 0% external, 87% internal; Reserve: 50176K, Max: 512K
[2021-02-28T14:27:13.229+0300][125.801s][info][gc,stats       ] 
[2021-02-28T14:27:13.229+0300][125.801s][info][gc,stats       ] All times are wall-clock times, except per-root-class counters, that are sum over
[2021-02-28T14:27:13.229+0300][125.801s][info][gc,stats       ] all workers. Dividing the <total> over the root stage time estimates parallelism.
[2021-02-28T14:27:13.229+0300][125.801s][info][gc,stats       ] 
[2021-02-28T14:27:13.229+0300][125.801s][info][gc,stats       ]   Manage TLABs                        3 us
[2021-02-28T14:27:13.229+0300][125.801s][info][gc,stats       ]   Update Region States               87 us
[2021-02-28T14:27:13.229+0300][125.801s][info][gc,stats       ]   Scan Roots                        145 us, parallelism: 1.36x
[2021-02-28T14:27:13.229+0300][125.801s][info][gc,stats       ]     S: <total>                      197 us
[2021-02-28T14:27:13.229+0300][125.801s][info][gc,stats       ]     S: Thread Roots                 194 us, workers (us):  82,  64,  48, 
[2021-02-28T14:27:13.229+0300][125.801s][info][gc,stats       ]     S: Universe Roots                 2 us, workers (us):   2, ---, ---, 
[2021-02-28T14:27:13.229+0300][125.801s][info][gc,stats       ]     S: Synchronizer Roots             0 us, workers (us):   0, ---, ---, 
[2021-02-28T14:27:13.229+0300][125.801s][info][gc,stats       ]     S: Management Roots               1 us, workers (us):   1, ---, ---, 
[2021-02-28T14:27:13.229+0300][125.801s][info][gc,stats       ]     S: JVMTI Roots                    0 us, workers (us):   0, ---, ---, 
[2021-02-28T14:27:13.229+0300][125.801s][info][gc,stats       ]   Finish Queues                  420160 us
[2021-02-28T14:27:13.229+0300][125.801s][info][gc,stats       ]   Weak References                    28 us
[2021-02-28T14:27:13.229+0300][125.801s][info][gc,stats       ]     Process                          23 us
[2021-02-28T14:27:13.229+0300][125.801s][info][gc,stats       ]   System Purge                       83 us
[2021-02-28T14:27:13.229+0300][125.801s][info][gc,stats       ]     Unload Classes                  551 us
[2021-02-28T14:27:13.229+0300][125.801s][info][gc,stats       ]     Weak Roots                       82 us
[2021-02-28T14:27:13.229+0300][125.801s][info][gc,stats       ]     CLDG                              0 us
[2021-02-28T14:27:13.229+0300][125.801s][info][gc,stats       ]   Update Region States               80 us
[2021-02-28T14:27:13.229+0300][125.801s][info][gc,stats       ]   Manage GC/TLABs                     2 us
[2021-02-28T14:27:13.229+0300][125.801s][info][gc,stats       ]   Choose Collection Set             126 us
[2021-02-28T14:27:13.229+0300][125.802s][info][gc,stats       ]   Rebuild Free Set                   22 us
[2021-02-28T14:27:13.229+0300][125.802s][info][gc,stats       ]   Initial Evacuation                 17 us
[2021-02-28T14:27:13.229+0300][125.802s][info][gc,stats       ]   Manage GCLABs                       2 us
[2021-02-28T14:27:13.229+0300][125.802s][info][gc,stats       ]   Finish Work                    189303 us
[2021-02-28T14:27:13.229+0300][125.802s][info][gc,stats       ]   Update Region States               84 us
[2021-02-28T14:27:13.229+0300][125.802s][info][gc,stats       ]   Trash Collection Set                3 us
[2021-02-28T14:27:13.229+0300][125.802s][info][gc,stats       ]   Rebuild Free Set                   24 us
[2021-02-28T14:27:13.229+0300][125.802s][info][gc,stats       ] Pause Degenerated GC (G)        1599351 us
[2021-02-28T14:27:13.229+0300][125.802s][info][gc,stats       ] Pause Degenerated GC (N)        1599104 us
[2021-02-28T14:27:13.229+0300][125.802s][info][gc,stats       ]   Degen Mark Roots                  100 us, parallelism: 0.49x
[2021-02-28T14:27:13.229+0300][125.802s][info][gc,stats       ]     DM: <total>                      49 us
[2021-02-28T14:27:13.229+0300][125.802s][info][gc,stats       ]     DM: JNI Handles Roots             2 us, workers (us):   1,   0,   0, 
[2021-02-28T14:27:13.229+0300][125.802s][info][gc,stats       ]     DM: VM Global Roots               2 us, workers (us):   2,   0,   0, 
[2021-02-28T14:27:13.229+0300][125.802s][info][gc,stats       ]     DM: CLDG Roots                   46 us, workers (us):  46, ---, ---, 
[2021-02-28T14:27:13.229+0300][125.802s][info][gc,stats       ]   Degen Update Roots                693 us, parallelism: 2.22x
[2021-02-28T14:27:13.229+0300][125.802s][info][gc,stats       ]     DU: <total>                    1537 us
[2021-02-28T14:27:13.229+0300][125.802s][info][gc,stats       ]     DU: Thread Roots                 85 us, workers (us):   1,  45,  39, 
[2021-02-28T14:27:13.229+0300][125.802s][info][gc,stats       ]     DU: Code Cache Roots           1366 us, workers (us): 531, 404, 431, 
[2021-02-28T14:27:13.229+0300][125.802s][info][gc,stats       ]     DU: Universe Roots                1 us, workers (us):   1, ---, ---, 
[2021-02-28T14:27:13.229+0300][125.802s][info][gc,stats       ]     DU: JNI Handles Roots             1 us, workers (us):   1,   0,   0, 
[2021-02-28T14:27:13.230+0300][125.802s][info][gc,stats       ]     DU: JVMTI Weak Roots              0 us, workers (us): ---,   0, ---, 
[2021-02-28T14:27:13.230+0300][125.802s][info][gc,stats       ]     DU: JFR Weak Roots                0 us, workers (us): ---,   0, ---, 
[2021-02-28T14:27:13.230+0300][125.802s][info][gc,stats       ]     DU: String Table Roots           56 us, workers (us):  28,  27,   1, 
[2021-02-28T14:27:13.230+0300][125.802s][info][gc,stats       ]     DU: Resolved Table Roots          4 us, workers (us):   1,   2,   1, 
[2021-02-28T14:27:13.230+0300][125.802s][info][gc,stats       ]     DU: VM Global Roots               2 us, workers (us):   1,   1,   0, 
[2021-02-28T14:27:13.230+0300][125.802s][info][gc,stats       ]     DU: VM Weak Roots                 2 us, workers (us):   0,   0,   1, 
[2021-02-28T14:27:13.230+0300][125.802s][info][gc,stats       ]     DU: Synchronizer Roots            0 us, workers (us): ---,   0, ---, 
[2021-02-28T14:27:13.230+0300][125.802s][info][gc,stats       ]     DU: Management Roots              1 us, workers (us):   1, ---, ---, 
[2021-02-28T14:27:13.230+0300][125.802s][info][gc,stats       ]     DU: CLDG Roots                   18 us, workers (us): ---,  18, ---, 
[2021-02-28T14:27:13.230+0300][125.802s][info][gc,stats       ]     DU: JVMTI Roots                   0 us, workers (us): ---,   0, ---, 
[2021-02-28T14:27:13.230+0300][125.802s][info][gc,stats       ]   Pre Heap Dump                       0 us
[2021-02-28T14:27:13.230+0300][125.802s][info][gc,stats       ]   Prepare                           529 us
[2021-02-28T14:27:13.230+0300][125.802s][info][gc,stats       ]   Scan Roots                        104 us, parallelism: 1.39x
[2021-02-28T14:27:13.230+0300][125.802s][info][gc,stats       ]     FS: <total>                     145 us
[2021-02-28T14:27:13.230+0300][125.802s][info][gc,stats       ]     FS: Thread Roots                141 us, workers (us):  44,  44,  53, 
[2021-02-28T14:27:13.230+0300][125.802s][info][gc,stats       ]     FS: Universe Roots                2 us, workers (us):   2, ---, ---, 
[2021-02-28T14:27:13.230+0300][125.802s][info][gc,stats       ]     FS: Synchronizer Roots            0 us, workers (us): ---,   0, ---, 
[2021-02-28T14:27:13.230+0300][125.802s][info][gc,stats       ]     FS: Management Roots              2 us, workers (us): ---,   2, ---, 
[2021-02-28T14:27:13.230+0300][125.802s][info][gc,stats       ]     FS: JVMTI Roots                   0 us, workers (us):   0, ---, ---, 
[2021-02-28T14:27:13.230+0300][125.802s][info][gc,stats       ]   Scan Concurrent Roots             104 us, parallelism: 0.49x
[2021-02-28T14:27:13.230+0300][125.802s][info][gc,stats       ]     FCS: <total>                     51 us
[2021-02-28T14:27:13.230+0300][125.802s][info][gc,stats       ]     FCS: JNI Handles Roots            2 us, workers (us):   1,   0,   0, 
[2021-02-28T14:27:13.230+0300][125.802s][info][gc,stats       ]     FCS: VM Global Roots              3 us, workers (us):   1,   2,   0, 
[2021-02-28T14:27:13.230+0300][125.802s][info][gc,stats       ]     FCS: CLDG Roots                  46 us, workers (us):  46, ---, ---, 
[2021-02-28T14:27:13.230+0300][125.802s][info][gc,stats       ]   Mark                           417716 us
[2021-02-28T14:27:13.230+0300][125.802s][info][gc,stats       ]     Finish Queues                416651 us
[2021-02-28T14:27:13.230+0300][125.802s][info][gc,stats       ]     Weak References                 211 us
[2021-02-28T14:27:13.230+0300][125.802s][info][gc,stats       ]       Process                       205 us
[2021-02-28T14:27:13.230+0300][125.802s][info][gc,stats       ]     System Purge                     95 us
[2021-02-28T14:27:13.230+0300][125.802s][info][gc,stats       ]       Unload Classes                532 us
[2021-02-28T14:27:13.230+0300][125.802s][info][gc,stats       ]       Weak Roots                     94 us
[2021-02-28T14:27:13.230+0300][125.802s][info][gc,stats       ]       CLDG                            0 us
[2021-02-28T14:27:13.230+0300][125.802s][info][gc,stats       ]   Calculate Addresses            181195 us
[2021-02-28T14:27:13.230+0300][125.802s][info][gc,stats       ]     Regular Objects              181159 us
[2021-02-28T14:27:13.230+0300][125.802s][info][gc,stats       ]     Humongous Objects                16 us
[2021-02-28T14:27:13.230+0300][125.802s][info][gc,stats       ]   Adjust Pointers                195469 us
[2021-02-28T14:27:13.230+0300][125.802s][info][gc,stats       ]     FA: <total>                    1546 us
[2021-02-28T14:27:13.230+0300][125.802s][info][gc,stats       ]     FA: Thread Roots                 86 us, workers (us):   1,  43,  42, 
[2021-02-28T14:27:13.230+0300][125.802s][info][gc,stats       ]     FA: Code Cache Roots           1364 us, workers (us): 534, 398, 432, 
[2021-02-28T14:27:13.230+0300][125.802s][info][gc,stats       ]     FA: Universe Roots                1 us, workers (us):   1, ---, ---, 
[2021-02-28T14:27:13.230+0300][125.802s][info][gc,stats       ]     FA: JNI Handles Roots             2 us, workers (us):   1,   0,   0, 
[2021-02-28T14:27:13.230+0300][125.802s][info][gc,stats       ]     FA: JVMTI Weak Roots              0 us, workers (us):   0, ---, ---, 
[2021-02-28T14:27:13.230+0300][125.802s][info][gc,stats       ]     FA: JFR Weak Roots                0 us, workers (us):   0, ---, ---, 
[2021-02-28T14:27:13.230+0300][125.802s][info][gc,stats       ]     FA: JNI Weak Roots                0 us, workers (us):   0,   0,   0, 
[2021-02-28T14:27:13.230+0300][125.802s][info][gc,stats       ]     FA: String Table Roots           48 us, workers (us):  34,  13,   1, 
[2021-02-28T14:27:13.230+0300][125.802s][info][gc,stats       ]     FA: Resolved Table Roots          4 us, workers (us):   1,   1,   1, 
[2021-02-28T14:27:13.230+0300][125.802s][info][gc,stats       ]     FA: VM Global Roots               1 us, workers (us):   1,   0,   0, 
[2021-02-28T14:27:13.230+0300][125.802s][info][gc,stats       ]     FA: VM Weak Roots                 3 us, workers (us):   1,   0,   2, 
[2021-02-28T14:27:13.230+0300][125.802s][info][gc,stats       ]     FA: Synchronizer Roots            0 us, workers (us):   0, ---, ---, 
[2021-02-28T14:27:13.230+0300][125.802s][info][gc,stats       ]     FA: Management Roots              1 us, workers (us):   1, ---, ---, 
[2021-02-28T14:27:13.230+0300][125.802s][info][gc,stats       ]     FA: CLDG Roots                   34 us, workers (us): ---,  34, ---, 
[2021-02-28T14:27:13.230+0300][125.802s][info][gc,stats       ]     FA: JVMTI Roots                   0 us, workers (us):   0, ---, ---, 
[2021-02-28T14:27:13.230+0300][125.802s][info][gc,stats       ]   Copy Objects                   182225 us
[2021-02-28T14:27:13.230+0300][125.802s][info][gc,stats       ]     Regular Objects              181710 us
[2021-02-28T14:27:13.230+0300][125.802s][info][gc,stats       ]     Humongous Objects                14 us
[2021-02-28T14:27:13.230+0300][125.802s][info][gc,stats       ]     Reset Complete Bitmap           450 us
[2021-02-28T14:27:13.230+0300][125.802s][info][gc,stats       ]     Rebuild Region Sets              50 us
[2021-02-28T14:27:13.230+0300][125.802s][info][gc,stats       ]   Post Heap Dump                      1 us
[2021-02-28T14:27:13.230+0300][125.802s][info][gc,stats       ] 
[2021-02-28T14:27:13.230+0300][125.802s][info][gc,stats       ] Allocation pacing accrued:
[2021-02-28T14:27:13.230+0300][125.802s][info][gc,stats       ]       0 of  1603 ms (  0.0%): <total>
[2021-02-28T14:27:13.230+0300][125.802s][info][gc,stats       ]       0 of  1603 ms (  0.0%): <average total>
[2021-02-28T14:27:13.230+0300][125.802s][info][gc,stats       ] 
[2021-02-28T14:27:13.230+0300][125.803s][info][gc,metaspace   ] Metaspace: 6992K(7552K)->6992K(7552K) NonClass: 6273K(6656K)->6273K(6656K) Class: 719K(896K)->719K(896K)
[2021-02-28T14:27:13.230+0300][125.803s][info][gc,ergo        ] Pacer for Idle. Initial: 20971K, Alloc Tax Rate: 1.0x
[2021-02-28T14:27:13.236+0300][125.808s][info][gc             ] Trigger: Free (13056B) is below minimum threshold (102M)
[2021-02-28T14:27:13.236+0300][125.808s][info][gc,ergo        ] Free: 3824B, Max: 3824B regular, 0B humongous, Frag: 0% external, 99% internal; Reserve: 50176K, Max: 512K
[2021-02-28T14:27:13.236+0300][125.808s][info][gc,start       ] GC(59) Concurrent reset
[2021-02-28T14:27:13.236+0300][125.808s][info][gc             ] Failed to allocate TLAB, 2672B
[2021-02-28T14:27:13.236+0300][125.808s][info][gc,task        ] GC(59) Using 1 of 3 workers for concurrent reset
[2021-02-28T14:27:13.236+0300][125.808s][info][gc             ] Cancelling GC: Allocation Failure
[2021-02-28T14:27:13.236+0300][125.808s][info][gc,ergo        ] GC(59) Pacer for Reset. Non-Taxable: 1024M
[2021-02-28T14:27:13.236+0300][125.808s][info][gc             ] GC(59) Concurrent reset 0.357ms
[2021-02-28T14:27:13.236+0300][125.808s][info][gc,start       ] GC(59) Pause Init Mark (unload classes)
[2021-02-28T14:27:13.236+0300][125.808s][info][gc,task        ] GC(59) Using 3 of 3 workers for init marking
[2021-02-28T14:27:13.236+0300][125.809s][info][gc,ergo        ] GC(59) Pacer for Mark. Expected Live: 1821M, Free: 0B, Non-Taxable: 0B, Alloc Tax Rate: infx
[2021-02-28T14:27:13.236+0300][125.809s][info][gc             ] GC(59) Pause Init Mark (unload classes) 0.330ms
[2021-02-28T14:27:13.236+0300][125.809s][info][gc,start       ] GC(59) Concurrent marking (unload classes)
[2021-02-28T14:27:13.236+0300][125.809s][info][gc,task        ] GC(59) Using 1 of 3 workers for concurrent marking
[2021-02-28T14:27:13.236+0300][125.809s][info][gc             ] GC(59) Concurrent marking (unload classes) 0.276ms
[2021-02-28T14:27:13.236+0300][125.809s][info][gc,ergo        ] Free: 0B, Max: 0B regular, 0B humongous, Frag: 0% external, 0% internal; Reserve: 50176K, Max: 512K
[2021-02-28T14:27:13.236+0300][125.809s][info][gc,stats       ] 
[2021-02-28T14:27:13.236+0300][125.809s][info][gc,stats       ] All times are wall-clock times, except per-root-class counters, that are sum over
[2021-02-28T14:27:13.236+0300][125.809s][info][gc,stats       ] all workers. Dividing the <total> over the root stage time estimates parallelism.
[2021-02-28T14:27:13.236+0300][125.809s][info][gc,stats       ] 
[2021-02-28T14:27:13.236+0300][125.809s][info][gc,stats       ] Concurrent Reset                    379 us
[2021-02-28T14:27:13.236+0300][125.809s][info][gc,stats       ] Pause Init Mark (G)                 586 us
[2021-02-28T14:27:13.236+0300][125.809s][info][gc,stats       ] Pause Init Mark (N)                 352 us
[2021-02-28T14:27:13.236+0300][125.809s][info][gc,stats       ]   Manage TLABs                        3 us
[2021-02-28T14:27:13.236+0300][125.809s][info][gc,stats       ]   Update Region States               87 us
[2021-02-28T14:27:13.236+0300][125.809s][info][gc,stats       ]   Scan Roots                        177 us, parallelism: 1.73x
[2021-02-28T14:27:13.236+0300][125.809s][info][gc,stats       ]     S: <total>                      306 us
[2021-02-28T14:27:13.236+0300][125.809s][info][gc,stats       ]     S: Thread Roots                 303 us, workers (us): 119, 100,  84, 
[2021-02-28T14:27:13.236+0300][125.809s][info][gc,stats       ]     S: Universe Roots                 2 us, workers (us):   2, ---, ---, 
[2021-02-28T14:27:13.236+0300][125.809s][info][gc,stats       ]     S: Synchronizer Roots             0 us, workers (us):   0, ---, ---, 
[2021-02-28T14:27:13.236+0300][125.809s][info][gc,stats       ]     S: Management Roots               1 us, workers (us):   1, ---, ---, 
[2021-02-28T14:27:13.236+0300][125.809s][info][gc,stats       ]     S: JVMTI Roots                    0 us, workers (us):   0, ---, ---, 
[2021-02-28T14:27:13.236+0300][125.809s][info][gc,stats       ] Concurrent Marking                  299 us
[2021-02-28T14:27:13.236+0300][125.809s][info][gc,stats       ]   Roots                             114 us, parallelism: 0.54x
[2021-02-28T14:27:13.236+0300][125.809s][info][gc,stats       ]     CM: <total>                      61 us
[2021-02-28T14:27:13.236+0300][125.809s][info][gc,stats       ]     CM: JNI Handles Roots             1 us, workers (us):   1, ---, ---, 
[2021-02-28T14:27:13.236+0300][125.809s][info][gc,stats       ]     CM: VM Global Roots               2 us, workers (us):   2, ---, ---, 
[2021-02-28T14:27:13.236+0300][125.809s][info][gc,stats       ]     CM: CLDG Roots                   58 us, workers (us):  58, ---, ---, 
[2021-02-28T14:27:13.236+0300][125.809s][info][gc,stats       ] Pacing                            45863 us
[2021-02-28T14:27:13.236+0300][125.809s][info][gc,stats       ] 
[2021-02-28T14:27:13.236+0300][125.809s][info][gc,stats       ] Allocation pacing accrued:
[2021-02-28T14:27:13.236+0300][125.809s][info][gc,stats       ]       7 of     7 ms ( 94.4%): main
[2021-02-28T14:27:13.236+0300][125.809s][info][gc,stats       ]       7 of     7 ms ( 94.2%): Notification Thread
[2021-02-28T14:27:13.236+0300][125.809s][info][gc,stats       ]       7 of     7 ms ( 95.0%): RMI TCP Connection(4)-172.22.16.1
[2021-02-28T14:27:13.236+0300][125.809s][info][gc,stats       ]       7 of     7 ms ( 95.2%): JMX server connection timeout 17
[2021-02-28T14:27:13.236+0300][125.809s][info][gc,stats       ]       7 of     7 ms ( 93.9%): RMI TCP Connection(2)-172.22.16.1
[2021-02-28T14:27:13.236+0300][125.809s][info][gc,stats       ]       7 of     7 ms ( 94.1%): RMI TCP Connection(5)-172.22.16.1
[2021-02-28T14:27:13.236+0300][125.810s][info][gc,stats       ]       7 of     7 ms ( 94.1%): RMI TCP Connection(6)-172.22.16.1
[2021-02-28T14:27:13.236+0300][125.810s][info][gc,stats       ]      46 of     7 ms (660.7%): <total>
[2021-02-28T14:27:13.236+0300][125.810s][info][gc,stats       ]       2 of     7 ms ( 34.8%): <average total>
[2021-02-28T14:27:13.236+0300][125.810s][info][gc,stats       ]       7 of     7 ms ( 94.4%): <average non-zero>
[2021-02-28T14:27:13.236+0300][125.810s][info][gc,stats       ] 
[2021-02-28T14:27:13.236+0300][125.810s][info][gc,metaspace   ] Metaspace: 6993K(7552K)->6993K(7552K) NonClass: 6273K(6656K)->6273K(6656K) Class: 719K(896K)->719K(896K)
[2021-02-28T14:27:13.236+0300][125.810s][info][gc,ergo        ] Pacer for Idle. Initial: 20971K, Alloc Tax Rate: 1.0x
[2021-02-28T14:27:13.240+0300][125.812s][info][gc             ] Trigger: Handle Allocation Failure
[2021-02-28T14:27:13.240+0300][125.812s][info][gc,ergo        ] Free: 0B, Max: 0B regular, 0B humongous, Frag: 0% external, 0% internal; Reserve: 50176K, Max: 512K
[2021-02-28T14:27:13.240+0300][125.812s][info][gc,start       ] GC(60) Pause Degenerated GC (Mark)
[2021-02-28T14:27:13.240+0300][125.812s][info][gc,task        ] GC(60) Using 3 of 3 workers for stw degenerated gc
[2021-02-28T14:27:13.653+0300][126.227s][info][gc,ergo        ] GC(60) Adaptive CSet Selection. Target Free: 145M, Actual Free: 50176K, Max CSet: 43690K, Min Garbage: 98372K
[2021-02-28T14:27:13.653+0300][126.227s][info][gc,ergo        ] GC(60) Collectable Garbage: 35112B (100%), Immediate: 0B (0%), CSet: 35112B (100%)
[2021-02-28T14:27:13.653+0300][126.227s][info][gc,ergo        ] GC(60) Pacer for Evacuation. Used CSet: 43518K, Free: 15856B, Non-Taxable: 1585B, Alloc Tax Rate: 6869.7x
[2021-02-28T14:27:13.664+0300][126.238s][info][gc,ergo        ] GC(60) Pacer for Update Refs. Used: 1017M, Free: 15856B, Non-Taxable: 1585B, Alloc Tax Rate: 82253.6x
[2021-02-28T14:27:13.860+0300][126.433s][info][gc,ergo        ] GC(60) Bad progress for free space: 15856B, need 10485K
[2021-02-28T14:27:13.860+0300][126.433s][info][gc             ] GC(60) Cancelling GC: Upgrade To Full GC
[2021-02-28T14:27:13.860+0300][126.433s][info][gc,phases,start] GC(60) Phase 1: Mark live objects
[2021-02-28T14:27:14.277+0300][126.849s][info][gc,phases      ] GC(60) Phase 1: Mark live objects 415.408ms
[2021-02-28T14:27:14.277+0300][126.849s][info][gc,phases,start] GC(60) Phase 2: Compute new object addresses
[2021-02-28T14:27:14.457+0300][127.029s][info][gc,phases      ] GC(60) Phase 2: Compute new object addresses 180.074ms
[2021-02-28T14:27:14.457+0300][127.029s][info][gc,phases,start] GC(60) Phase 3: Adjust pointers
[2021-02-28T14:27:14.652+0300][127.224s][info][gc,phases      ] GC(60) Phase 3: Adjust pointers 194.991ms
[2021-02-28T14:27:14.652+0300][127.224s][info][gc,phases,start] GC(60) Phase 4: Move objects
[2021-02-28T14:27:14.833+0300][127.406s][info][gc,phases      ] GC(60) Phase 4: Move objects 182.266ms
[2021-02-28T14:27:14.833+0300][127.406s][info][gc,ergo        ] GC(60) Bad progress for free space: 566K, need 10485K
[2021-02-28T14:27:14.833+0300][127.406s][info][gc             ] GC(60) Pause Degenerated GC (Mark) 974M->974M(1024M) 1594.296ms
[2021-02-28T14:27:14.833+0300][127.406s][info][gc,ergo        ] Free: 566K, Max: 391K regular, 0B humongous, Frag: 0% external, 99% internal; Reserve: 49664K, Max: 512K
[2021-02-28T14:27:14.833+0300][127.407s][info][gc,stats       ] 
[2021-02-28T14:27:14.833+0300][127.407s][info][gc,stats       ] All times are wall-clock times, except per-root-class counters, that are sum over
[2021-02-28T14:27:14.833+0300][127.407s][info][gc,stats       ] all workers. Dividing the <total> over the root stage time estimates parallelism.
[2021-02-28T14:27:14.833+0300][127.407s][info][gc,stats       ] 
[2021-02-28T14:27:14.833+0300][127.407s][info][gc,stats       ]   Finish Queues                  413522 us
[2021-02-28T14:27:14.833+0300][127.407s][info][gc,stats       ]   System Purge                       92 us
[2021-02-28T14:27:14.833+0300][127.407s][info][gc,stats       ]     Unload Classes                  577 us
[2021-02-28T14:27:14.833+0300][127.407s][info][gc,stats       ]     Weak Roots                       92 us
[2021-02-28T14:27:14.833+0300][127.407s][info][gc,stats       ]     CLDG                              0 us
[2021-02-28T14:27:14.833+0300][127.407s][info][gc,stats       ]   Update Region States               95 us
[2021-02-28T14:27:14.834+0300][127.407s][info][gc,stats       ]   Manage GC/TLABs                     2 us
[2021-02-28T14:27:14.834+0300][127.407s][info][gc,stats       ]   Choose Collection Set             120 us
[2021-02-28T14:27:14.834+0300][127.407s][info][gc,stats       ]   Rebuild Free Set                   21 us
[2021-02-28T14:27:14.834+0300][127.407s][info][gc,stats       ]   Initial Evacuation                 14 us
[2021-02-28T14:27:14.834+0300][127.407s][info][gc,stats       ]   Manage GCLABs                       2 us
[2021-02-28T14:27:14.834+0300][127.407s][info][gc,stats       ]   Finish Work                    194250 us
[2021-02-28T14:27:14.834+0300][127.407s][info][gc,stats       ]   Update Region States               73 us
[2021-02-28T14:27:14.834+0300][127.407s][info][gc,stats       ]   Trash Collection Set                3 us
[2021-02-28T14:27:14.834+0300][127.407s][info][gc,stats       ]   Rebuild Free Set                   24 us
[2021-02-28T14:27:14.834+0300][127.407s][info][gc,stats       ] Pause Degenerated GC (G)        1594523 us
[2021-02-28T14:27:14.834+0300][127.407s][info][gc,stats       ] Pause Degenerated GC (N)        1594310 us
[2021-02-28T14:27:14.834+0300][127.407s][info][gc,stats       ]   Degen Mark Roots                   89 us, parallelism: 0.25x
[2021-02-28T14:27:14.834+0300][127.407s][info][gc,stats       ]     DM: <total>                      23 us
[2021-02-28T14:27:14.834+0300][127.407s][info][gc,stats       ]     DM: JNI Handles Roots             1 us, workers (us):   1,   0,   0, 
[2021-02-28T14:27:14.834+0300][127.407s][info][gc,stats       ]     DM: VM Global Roots               1 us, workers (us):   1,   0,   0, 
[2021-02-28T14:27:14.834+0300][127.407s][info][gc,stats       ]     DM: CLDG Roots                   20 us, workers (us):  20, ---, ---, 
[2021-02-28T14:27:14.834+0300][127.407s][info][gc,stats       ]   Degen Update Roots                719 us, parallelism: 2.14x
[2021-02-28T14:27:14.834+0300][127.407s][info][gc,stats       ]     DU: <total>                    1538 us
[2021-02-28T14:27:14.834+0300][127.407s][info][gc,stats       ]     DU: Thread Roots                102 us, workers (us):   1,  45,  56, 
[2021-02-28T14:27:14.834+0300][127.407s][info][gc,stats       ]     DU: Code Cache Roots           1352 us, workers (us): 523, 430, 399, 
[2021-02-28T14:27:14.834+0300][127.407s][info][gc,stats       ]     DU: Universe Roots                1 us, workers (us):   1, ---, ---, 
[2021-02-28T14:27:14.834+0300][127.407s][info][gc,stats       ]     DU: JNI Handles Roots             1 us, workers (us):   1,   0,   0, 
[2021-02-28T14:27:14.834+0300][127.407s][info][gc,stats       ]     DU: JVMTI Weak Roots              0 us, workers (us):   0, ---, ---, 
[2021-02-28T14:27:14.834+0300][127.407s][info][gc,stats       ]     DU: JFR Weak Roots                0 us, workers (us):   0, ---, ---, 
[2021-02-28T14:27:14.834+0300][127.407s][info][gc,stats       ]     DU: JNI Weak Roots                0 us, workers (us):   0,   0,   0, 
[2021-02-28T14:27:14.834+0300][127.407s][info][gc,stats       ]     DU: String Table Roots           55 us, workers (us):  29,  13,  13, 
[2021-02-28T14:27:14.834+0300][127.407s][info][gc,stats       ]     DU: Resolved Table Roots          4 us, workers (us):   1,   1,   2, 
[2021-02-28T14:27:14.834+0300][127.407s][info][gc,stats       ]     DU: VM Global Roots               1 us, workers (us):   1,   0,   0, 
[2021-02-28T14:27:14.834+0300][127.407s][info][gc,stats       ]     DU: VM Weak Roots                 2 us, workers (us):   0,   1,   0, 
[2021-02-28T14:27:14.834+0300][127.407s][info][gc,stats       ]     DU: Synchronizer Roots            0 us, workers (us):   0, ---, ---, 
[2021-02-28T14:27:14.834+0300][127.407s][info][gc,stats       ]     DU: Management Roots              1 us, workers (us):   1, ---, ---, 
[2021-02-28T14:27:14.834+0300][127.407s][info][gc,stats       ]     DU: CLDG Roots                   17 us, workers (us): ---, ---,  17, 
[2021-02-28T14:27:14.834+0300][127.407s][info][gc,stats       ]     DU: JVMTI Roots                   0 us, workers (us):   0, ---, ---, 
[2021-02-28T14:27:14.834+0300][127.407s][info][gc,stats       ]   Pre Heap Dump                       0 us
[2021-02-28T14:27:14.834+0300][127.407s][info][gc,stats       ]   Prepare                           494 us
[2021-02-28T14:27:14.834+0300][127.407s][info][gc,stats       ]   Scan Roots                        143 us, parallelism: 1.06x
[2021-02-28T14:27:14.834+0300][127.407s][info][gc,stats       ]     FS: <total>                     151 us
[2021-02-28T14:27:14.834+0300][127.407s][info][gc,stats       ]     FS: Thread Roots                147 us, workers (us):  63,  41,  43, 
[2021-02-28T14:27:14.834+0300][127.407s][info][gc,stats       ]     FS: Universe Roots                2 us, workers (us):   2, ---, ---, 
[2021-02-28T14:27:14.834+0300][127.407s][info][gc,stats       ]     FS: Synchronizer Roots            0 us, workers (us):   0, ---, ---, 
[2021-02-28T14:27:14.834+0300][127.407s][info][gc,stats       ]     FS: Management Roots              1 us, workers (us):   1, ---, ---, 
[2021-02-28T14:27:14.834+0300][127.407s][info][gc,stats       ]     FS: JVMTI Roots                   0 us, workers (us):   0, ---, ---, 
[2021-02-28T14:27:14.834+0300][127.407s][info][gc,stats       ]   Scan Concurrent Roots             103 us, parallelism: 0.48x
[2021-02-28T14:27:14.834+0300][127.407s][info][gc,stats       ]     FCS: <total>                     49 us
[2021-02-28T14:27:14.834+0300][127.407s][info][gc,stats       ]     FCS: JNI Handles Roots            2 us, workers (us):   1,   0,   0, 
[2021-02-28T14:27:14.834+0300][127.407s][info][gc,stats       ]     FCS: VM Global Roots              2 us, workers (us):   2,   0,   0, 
[2021-02-28T14:27:14.834+0300][127.407s][info][gc,stats       ]     FCS: CLDG Roots                  46 us, workers (us):  46, ---, ---, 
[2021-02-28T14:27:14.834+0300][127.407s][info][gc,stats       ]   Mark                           415368 us
[2021-02-28T14:27:14.834+0300][127.407s][info][gc,stats       ]     Finish Queues                414240 us
[2021-02-28T14:27:14.834+0300][127.407s][info][gc,stats       ]     Weak References                 196 us
[2021-02-28T14:27:14.834+0300][127.407s][info][gc,stats       ]       Process                       191 us
[2021-02-28T14:27:14.834+0300][127.407s][info][gc,stats       ]     System Purge                    115 us
[2021-02-28T14:27:14.834+0300][127.407s][info][gc,stats       ]       Unload Classes                553 us
[2021-02-28T14:27:14.834+0300][127.407s][info][gc,stats       ]       Weak Roots                    114 us
[2021-02-28T14:27:14.834+0300][127.407s][info][gc,stats       ]       CLDG                            0 us
[2021-02-28T14:27:14.834+0300][127.407s][info][gc,stats       ]   Calculate Addresses            180060 us
[2021-02-28T14:27:14.834+0300][127.407s][info][gc,stats       ]     Regular Objects              180025 us
[2021-02-28T14:27:14.834+0300][127.407s][info][gc,stats       ]     Humongous Objects                16 us
[2021-02-28T14:27:14.834+0300][127.407s][info][gc,stats       ]   Adjust Pointers                194978 us
[2021-02-28T14:27:14.834+0300][127.407s][info][gc,stats       ]     FA: <total>                    1575 us
[2021-02-28T14:27:14.834+0300][127.407s][info][gc,stats       ]     FA: Thread Roots                102 us, workers (us):  53,  48,   1, 
[2021-02-28T14:27:14.834+0300][127.407s][info][gc,stats       ]     FA: Code Cache Roots           1372 us, workers (us): 401, 442, 528, 
[2021-02-28T14:27:14.834+0300][127.407s][info][gc,stats       ]     FA: Universe Roots                1 us, workers (us):   1, ---, ---, 
[2021-02-28T14:27:14.834+0300][127.407s][info][gc,stats       ]     FA: JNI Handles Roots             2 us, workers (us):   0,   2,   0, 
[2021-02-28T14:27:14.834+0300][127.407s][info][gc,stats       ]     FA: JVMTI Weak Roots              0 us, workers (us):   0, ---, ---, 
[2021-02-28T14:27:14.834+0300][127.407s][info][gc,stats       ]     FA: JFR Weak Roots                0 us, workers (us):   0, ---, ---, 
[2021-02-28T14:27:14.834+0300][127.407s][info][gc,stats       ]     FA: JNI Weak Roots                0 us, workers (us):   0,   0,   0, 
[2021-02-28T14:27:14.834+0300][127.407s][info][gc,stats       ]     FA: String Table Roots           52 us, workers (us):  26,  26,   0, 
[2021-02-28T14:27:14.834+0300][127.407s][info][gc,stats       ]     FA: Resolved Table Roots          4 us, workers (us):   2,   2,   0, 
[2021-02-28T14:27:14.834+0300][127.407s][info][gc,stats       ]     FA: VM Global Roots               2 us, workers (us):   2,   1,   0, 
[2021-02-28T14:27:14.834+0300][127.408s][info][gc,stats       ]     FA: VM Weak Roots                 2 us, workers (us):   1,   2,   0, 
[2021-02-28T14:27:14.834+0300][127.408s][info][gc,stats       ]     FA: Synchronizer Roots            0 us, workers (us): ---,   0, ---, 
[2021-02-28T14:27:14.834+0300][127.408s][info][gc,stats       ]     FA: Management Roots              1 us, workers (us): ---,   1, ---, 
[2021-02-28T14:27:14.834+0300][127.408s][info][gc,stats       ]     FA: CLDG Roots                   35 us, workers (us):  35, ---, ---, 
[2021-02-28T14:27:14.834+0300][127.408s][info][gc,stats       ]     FA: JVMTI Roots                   0 us, workers (us):   0, ---, ---, 
[2021-02-28T14:27:14.834+0300][127.408s][info][gc,stats       ]   Copy Objects                   182251 us
[2021-02-28T14:27:14.834+0300][127.408s][info][gc,stats       ]     Regular Objects              181737 us
[2021-02-28T14:27:14.834+0300][127.408s][info][gc,stats       ]     Humongous Objects                13 us
[2021-02-28T14:27:14.834+0300][127.408s][info][gc,stats       ]     Reset Complete Bitmap           451 us
[2021-02-28T14:27:14.834+0300][127.408s][info][gc,stats       ]     Rebuild Region Sets              49 us
[2021-02-28T14:27:14.834+0300][127.408s][info][gc,stats       ]   Post Heap Dump                      1 us
[2021-02-28T14:27:14.834+0300][127.408s][info][gc,stats       ] 
[2021-02-28T14:27:14.834+0300][127.408s][info][gc,stats       ] Allocation pacing accrued:
[2021-02-28T14:27:14.834+0300][127.408s][info][gc,stats       ]       0 of  1598 ms (  0.0%): <total>
[2021-02-28T14:27:14.834+0300][127.408s][info][gc,stats       ]       0 of  1598 ms (  0.0%): <average total>
[2021-02-28T14:27:14.834+0300][127.408s][info][gc,stats       ] 
[2021-02-28T14:27:14.834+0300][127.408s][info][gc,metaspace   ] Metaspace: 6993K(7552K)->6993K(7552K) NonClass: 6273K(6656K)->6273K(6656K) Class: 719K(896K)->719K(896K)
[2021-02-28T14:27:14.834+0300][127.408s][info][gc,ergo        ] Pacer for Idle. Initial: 20971K, Alloc Tax Rate: 1.0x
[2021-02-28T14:27:14.837+0300][127.409s][info][gc             ] Trigger: Free (525K) is below minimum threshold (102M)
[2021-02-28T14:27:14.837+0300][127.409s][info][gc,ergo        ] Free: 525K, Max: 391K regular, 0B humongous, Frag: 0% external, 99% internal; Reserve: 49664K, Max: 512K
[2021-02-28T14:27:14.837+0300][127.409s][info][gc,start       ] GC(61) Concurrent reset
[2021-02-28T14:27:14.837+0300][127.409s][info][gc,task        ] GC(61) Using 1 of 3 workers for concurrent reset
[2021-02-28T14:27:14.837+0300][127.409s][info][gc,ergo        ] GC(61) Pacer for Reset. Non-Taxable: 1024M
[2021-02-28T14:27:14.837+0300][127.409s][info][gc             ] GC(61) Concurrent reset 0.197ms
[2021-02-28T14:27:14.837+0300][127.409s][info][gc,start       ] GC(61) Pause Init Mark (unload classes)
[2021-02-28T14:27:14.837+0300][127.409s][info][gc,task        ] GC(61) Using 3 of 3 workers for init marking
[2021-02-28T14:27:14.837+0300][127.410s][info][gc,ergo        ] GC(61) Pacer for Mark. Expected Live: 1821M, Free: 525K, Non-Taxable: 53792B, Alloc Tax Rate: 4340.0x
[2021-02-28T14:27:14.837+0300][127.410s][info][gc             ] GC(61) Pause Init Mark (unload classes) 0.270ms
[2021-02-28T14:27:14.837+0300][127.410s][info][gc,start       ] GC(61) Concurrent marking (unload classes)
[2021-02-28T14:27:14.837+0300][127.410s][info][gc,task        ] GC(61) Using 1 of 3 workers for concurrent marking
[2021-02-28T14:27:15.387+0300][127.959s][info][gc             ] Failed to allocate Shared, 272B
[2021-02-28T14:27:15.387+0300][127.959s][info][gc             ] Cancelling GC: Allocation Failure
[2021-02-28T14:27:15.387+0300][127.959s][info][gc             ] GC(61) Concurrent marking (unload classes) 549.343ms
[2021-02-28T14:27:15.387+0300][127.959s][info][gc,ergo        ] Free: 0B, Max: 0B regular, 0B humongous, Frag: 0% external, 0% internal; Reserve: 49664K, Max: 512K
[2021-02-28T14:27:15.387+0300][127.959s][info][gc,stats       ] 
[2021-02-28T14:27:15.387+0300][127.959s][info][gc,stats       ] All times are wall-clock times, except per-root-class counters, that are sum over
[2021-02-28T14:27:15.387+0300][127.959s][info][gc,stats       ] all workers. Dividing the <total> over the root stage time estimates parallelism.
[2021-02-28T14:27:15.387+0300][127.959s][info][gc,stats       ] 
[2021-02-28T14:27:15.387+0300][127.959s][info][gc,stats       ] Concurrent Reset                    219 us
[2021-02-28T14:27:15.387+0300][127.959s][info][gc,stats       ] Pause Init Mark (G)                 486 us
[2021-02-28T14:27:15.387+0300][127.959s][info][gc,stats       ] Pause Init Mark (N)                 286 us
[2021-02-28T14:27:15.387+0300][127.959s][info][gc,stats       ]   Manage TLABs                        2 us
[2021-02-28T14:27:15.387+0300][127.959s][info][gc,stats       ]   Update Region States               81 us
[2021-02-28T14:27:15.387+0300][127.959s][info][gc,stats       ]   Scan Roots                        121 us, parallelism: 1.71x
[2021-02-28T14:27:15.387+0300][127.959s][info][gc,stats       ]     S: <total>                      208 us
[2021-02-28T14:27:15.387+0300][127.959s][info][gc,stats       ]     S: Thread Roots                 204 us, workers (us):  77,  81,  46, 
[2021-02-28T14:27:15.387+0300][127.959s][info][gc,stats       ]     S: Universe Roots                 2 us, workers (us):   2, ---, ---, 
[2021-02-28T14:27:15.387+0300][127.959s][info][gc,stats       ]     S: Synchronizer Roots             0 us, workers (us): ---,   0, ---, 
[2021-02-28T14:27:15.387+0300][127.959s][info][gc,stats       ]     S: Management Roots               1 us, workers (us): ---,   1, ---, 
[2021-02-28T14:27:15.387+0300][127.959s][info][gc,stats       ]     S: JVMTI Roots                    0 us, workers (us):   0, ---, ---, 
[2021-02-28T14:27:15.387+0300][127.959s][info][gc,stats       ] Concurrent Marking               549367 us
[2021-02-28T14:27:15.387+0300][127.959s][info][gc,stats       ]   Roots                             153 us, parallelism: 0.42x
[2021-02-28T14:27:15.387+0300][127.959s][info][gc,stats       ]     CM: <total>                      65 us
[2021-02-28T14:27:15.387+0300][127.959s][info][gc,stats       ]     CM: JNI Handles Roots             2 us, workers (us):   2, ---, ---, 
[2021-02-28T14:27:15.387+0300][127.959s][info][gc,stats       ]     CM: VM Global Roots               2 us, workers (us):   2, ---, ---, 
[2021-02-28T14:27:15.387+0300][127.959s][info][gc,stats       ]     CM: CLDG Roots                   61 us, workers (us):  61, ---, ---, 
[2021-02-28T14:27:15.387+0300][127.959s][info][gc,stats       ] Pacing                          2587517 us
[2021-02-28T14:27:15.387+0300][127.959s][info][gc,stats       ] 
[2021-02-28T14:27:15.387+0300][127.959s][info][gc,stats       ] Allocation pacing accrued:
[2021-02-28T14:27:15.387+0300][127.959s][info][gc,stats       ]     551 of   552 ms ( 99.9%): main
[2021-02-28T14:27:15.387+0300][127.959s][info][gc,stats       ]      12 of   552 ms (  2.1%): C1 CompilerThread0
[2021-02-28T14:27:15.387+0300][127.959s][info][gc,stats       ]     542 of   552 ms ( 98.3%): Notification Thread
[2021-02-28T14:27:15.387+0300][127.959s][info][gc,stats       ]     213 of   552 ms ( 38.7%): RMI TCP Connection(4)-172.22.16.1
[2021-02-28T14:27:15.387+0300][127.959s][info][gc,stats       ]      15 of   552 ms (  2.7%): JMX server connection timeout 17
[2021-02-28T14:27:15.387+0300][127.959s][info][gc,stats       ]     164 of   552 ms ( 29.7%): RMI TCP Connection(2)-172.22.16.1
[2021-02-28T14:27:15.387+0300][127.959s][info][gc,stats       ]     537 of   552 ms ( 97.3%): RMI TCP Connection(5)-172.22.16.1
[2021-02-28T14:27:15.387+0300][127.959s][info][gc,stats       ]     547 of   552 ms ( 99.2%): RMI TCP Connection(6)-172.22.16.1
[2021-02-28T14:27:15.387+0300][127.959s][info][gc,stats       ]       6 of   552 ms (  1.1%): RMI TCP Connection(7)-172.22.16.1
[2021-02-28T14:27:15.387+0300][127.959s][info][gc,stats       ]    2588 of   552 ms (469.1%): <total>
[2021-02-28T14:27:15.387+0300][127.959s][info][gc,stats       ]     136 of   552 ms ( 24.7%): <average total>
[2021-02-28T14:27:15.387+0300][127.959s][info][gc,stats       ]     288 of   552 ms ( 52.1%): <average non-zero>
[2021-02-28T14:27:15.387+0300][127.959s][info][gc,stats       ] 
[2021-02-28T14:27:15.387+0300][127.959s][info][gc,metaspace   ] Metaspace: 6993K(7552K)->7017K(7552K) NonClass: 6273K(6656K)->6294K(6656K) Class: 719K(896K)->722K(896K)
[2021-02-28T14:27:15.387+0300][127.959s][info][gc,ergo        ] Pacer for Idle. Initial: 20971K, Alloc Tax Rate: 1.0x
[2021-02-28T14:27:15.390+0300][127.962s][info][gc             ] Trigger: Handle Allocation Failure
[2021-02-28T14:27:15.390+0300][127.962s][info][gc,ergo        ] Free: 0B, Max: 0B regular, 0B humongous, Frag: 0% external, 0% internal; Reserve: 49664K, Max: 512K
[2021-02-28T14:27:15.390+0300][127.962s][info][gc,start       ] GC(62) Pause Degenerated GC (Mark)
[2021-02-28T14:27:15.390+0300][127.962s][info][gc,task        ] GC(62) Using 3 of 3 workers for stw degenerated gc
[2021-02-28T14:27:15.613+0300][128.185s][info][gc,ergo        ] GC(62) Adaptive CSet Selection. Target Free: 145M, Actual Free: 49664K, Max CSet: 43690K, Min Garbage: 98884K
[2021-02-28T14:27:15.613+0300][128.185s][info][gc,ergo        ] GC(62) Collectable Garbage: 16448B (100%), Immediate: 0B (0%), CSet: 16448B (100%)
[2021-02-28T14:27:15.613+0300][128.185s][info][gc,ergo        ] GC(62) Pacer for Evacuation. Used CSet: 43518K, Free: 16200B, Non-Taxable: 1620B, Alloc Tax Rate: 6724.2x
[2021-02-28T14:27:15.622+0300][128.195s][info][gc,ergo        ] GC(62) Pacer for Update Refs. Used: 1018M, Free: 16200B, Non-Taxable: 1620B, Alloc Tax Rate: 80550.0x
[2021-02-28T14:27:15.813+0300][128.386s][info][gc,ergo        ] GC(62) Bad progress for free space: 16200B, need 10485K
[2021-02-28T14:27:15.813+0300][128.386s][info][gc             ] GC(62) Cancelling GC: Upgrade To Full GC
[2021-02-28T14:27:15.815+0300][128.387s][info][gc,phases,start] GC(62) Phase 1: Mark live objects
[2021-02-28T14:27:16.233+0300][128.805s][info][gc,phases      ] GC(62) Phase 1: Mark live objects 418.089ms
[2021-02-28T14:27:16.233+0300][128.805s][info][gc,phases,start] GC(62) Phase 2: Compute new object addresses
[2021-02-28T14:27:16.412+0300][128.984s][info][gc,phases      ] GC(62) Phase 2: Compute new object addresses 178.725ms
[2021-02-28T14:27:16.412+0300][128.984s][info][gc,phases,start] GC(62) Phase 3: Adjust pointers
[2021-02-28T14:27:16.608+0300][129.181s][info][gc,phases      ] GC(62) Phase 3: Adjust pointers 196.787ms
[2021-02-28T14:27:16.608+0300][129.181s][info][gc,phases,start] GC(62) Phase 4: Move objects
[2021-02-28T14:27:16.793+0300][129.366s][info][gc,phases      ] GC(62) Phase 4: Move objects 184.834ms
[2021-02-28T14:27:16.793+0300][129.366s][info][gc,ergo        ] GC(62) Bad progress for free space: 938K, need 10485K
[2021-02-28T14:27:16.793+0300][129.366s][info][gc             ] GC(62) Pause Degenerated GC (Mark) 975M->974M(1024M) 1403.587ms
[2021-02-28T14:27:16.793+0300][129.366s][info][gc,ergo        ] Free: 938K, Max: 505K regular, 0B humongous, Frag: 0% external, 99% internal; Reserve: 49152K, Max: 512K
[2021-02-28T14:27:16.793+0300][129.366s][info][gc,stats       ] 
[2021-02-28T14:27:16.793+0300][129.366s][info][gc,stats       ] All times are wall-clock times, except per-root-class counters, that are sum over
[2021-02-28T14:27:16.793+0300][129.366s][info][gc,stats       ] all workers. Dividing the <total> over the root stage time estimates parallelism.
[2021-02-28T14:27:16.793+0300][129.366s][info][gc,stats       ] 
[2021-02-28T14:27:16.793+0300][129.366s][info][gc,stats       ]   Finish Queues                  222108 us
[2021-02-28T14:27:16.793+0300][129.366s][info][gc,stats       ]   System Purge                       69 us
[2021-02-28T14:27:16.793+0300][129.366s][info][gc,stats       ]     Unload Classes                  564 us
[2021-02-28T14:27:16.793+0300][129.366s][info][gc,stats       ]     Weak Roots                       69 us
[2021-02-28T14:27:16.793+0300][129.366s][info][gc,stats       ]     CLDG                              0 us
[2021-02-28T14:27:16.793+0300][129.366s][info][gc,stats       ]   Update Region States               98 us
[2021-02-28T14:27:16.793+0300][129.366s][info][gc,stats       ]   Manage GC/TLABs                     4 us
[2021-02-28T14:27:16.793+0300][129.366s][info][gc,stats       ]   Choose Collection Set             122 us
[2021-02-28T14:27:16.793+0300][129.366s][info][gc,stats       ]   Rebuild Free Set                   23 us
[2021-02-28T14:27:16.793+0300][129.366s][info][gc,stats       ]   Initial Evacuation                 15 us
[2021-02-28T14:27:16.793+0300][129.366s][info][gc,stats       ]   Manage GCLABs                       1 us
[2021-02-28T14:27:16.793+0300][129.366s][info][gc,stats       ]   Finish Work                    190610 us
[2021-02-28T14:27:16.793+0300][129.366s][info][gc,stats       ]   Update Region States               90 us
[2021-02-28T14:27:16.793+0300][129.366s][info][gc,stats       ]   Trash Collection Set                3 us
[2021-02-28T14:27:16.793+0300][129.366s][info][gc,stats       ]   Rebuild Free Set                   23 us
[2021-02-28T14:27:16.793+0300][129.366s][info][gc,stats       ] Pause Degenerated GC (G)        1403839 us
[2021-02-28T14:27:16.793+0300][129.366s][info][gc,stats       ] Pause Degenerated GC (N)        1403601 us
[2021-02-28T14:27:16.793+0300][129.366s][info][gc,stats       ]   Degen Mark Roots                   97 us, parallelism: 0.28x
[2021-02-28T14:27:16.793+0300][129.366s][info][gc,stats       ]     DM: <total>                      27 us
[2021-02-28T14:27:16.793+0300][129.366s][info][gc,stats       ]     DM: JNI Handles Roots             2 us, workers (us):   1,   0,   0, 
[2021-02-28T14:27:16.793+0300][129.366s][info][gc,stats       ]     DM: VM Global Roots               2 us, workers (us):   2,   0,   0, 
[2021-02-28T14:27:16.793+0300][129.366s][info][gc,stats       ]     DM: CLDG Roots                   24 us, workers (us):  24, ---, ---, 
[2021-02-28T14:27:16.793+0300][129.366s][info][gc,stats       ]   Degen Update Roots                708 us, parallelism: 2.23x
[2021-02-28T14:27:16.793+0300][129.366s][info][gc,stats       ]     DU: <total>                    1577 us
[2021-02-28T14:27:16.793+0300][129.366s][info][gc,stats       ]     DU: Thread Roots                 84 us, workers (us):  21,   1,  62, 
[2021-02-28T14:27:16.793+0300][129.366s][info][gc,stats       ]     DU: Code Cache Roots           1402 us, workers (us): 464, 535, 404, 
[2021-02-28T14:27:16.793+0300][129.366s][info][gc,stats       ]     DU: Universe Roots                1 us, workers (us):   1, ---, ---, 
[2021-02-28T14:27:16.793+0300][129.366s][info][gc,stats       ]     DU: JNI Handles Roots             1 us, workers (us):   0,   1,   0, 
[2021-02-28T14:27:16.793+0300][129.366s][info][gc,stats       ]     DU: JVMTI Weak Roots              0 us, workers (us): ---,   0, ---, 
[2021-02-28T14:27:16.793+0300][129.366s][info][gc,stats       ]     DU: JFR Weak Roots                0 us, workers (us):   0, ---, ---, 
[2021-02-28T14:27:16.793+0300][129.366s][info][gc,stats       ]     DU: String Table Roots           62 us, workers (us):  30,  30,   3, 
[2021-02-28T14:27:16.793+0300][129.366s][info][gc,stats       ]     DU: Resolved Table Roots          4 us, workers (us):   2,   0,   2, 
[2021-02-28T14:27:16.793+0300][129.366s][info][gc,stats       ]     DU: VM Global Roots               1 us, workers (us):   1,   0,   0, 
[2021-02-28T14:27:16.793+0300][129.366s][info][gc,stats       ]     DU: VM Weak Roots                 2 us, workers (us):   1,   1,   0, 
[2021-02-28T14:27:16.793+0300][129.366s][info][gc,stats       ]     DU: Synchronizer Roots            0 us, workers (us): ---,   0, ---, 
[2021-02-28T14:27:16.793+0300][129.366s][info][gc,stats       ]     DU: Management Roots              1 us, workers (us):   1, ---, ---, 
[2021-02-28T14:27:16.793+0300][129.366s][info][gc,stats       ]     DU: CLDG Roots                   17 us, workers (us): ---, ---,  17, 
[2021-02-28T14:27:16.793+0300][129.366s][info][gc,stats       ]     DU: JVMTI Roots                   0 us, workers (us): ---,   0, ---, 
[2021-02-28T14:27:16.793+0300][129.366s][info][gc,stats       ]   Pre Heap Dump                       0 us
[2021-02-28T14:27:16.793+0300][129.366s][info][gc,stats       ]   Prepare                           476 us
[2021-02-28T14:27:16.793+0300][129.366s][info][gc,stats       ]   Scan Roots                        125 us, parallelism: 1.08x
[2021-02-28T14:27:16.793+0300][129.366s][info][gc,stats       ]     FS: <total>                     136 us
[2021-02-28T14:27:16.793+0300][129.366s][info][gc,stats       ]     FS: Thread Roots                132 us, workers (us):  70,  38,  24, 
[2021-02-28T14:27:16.793+0300][129.366s][info][gc,stats       ]     FS: Universe Roots                2 us, workers (us):   2, ---, ---, 
[2021-02-28T14:27:16.793+0300][129.366s][info][gc,stats       ]     FS: Synchronizer Roots            0 us, workers (us):   0, ---, ---, 
[2021-02-28T14:27:16.793+0300][129.366s][info][gc,stats       ]     FS: Management Roots              2 us, workers (us):   2, ---, ---, 
[2021-02-28T14:27:16.793+0300][129.366s][info][gc,stats       ]     FS: JVMTI Roots                   0 us, workers (us):   0, ---, ---, 
[2021-02-28T14:27:16.793+0300][129.366s][info][gc,stats       ]   Scan Concurrent Roots             103 us, parallelism: 0.49x
[2021-02-28T14:27:16.793+0300][129.366s][info][gc,stats       ]     FCS: <total>                     50 us
[2021-02-28T14:27:16.793+0300][129.366s][info][gc,stats       ]     FCS: JNI Handles Roots            2 us, workers (us):   1,   0,   0, 
[2021-02-28T14:27:16.793+0300][129.366s][info][gc,stats       ]     FCS: VM Global Roots              2 us, workers (us):   2,   0,   0, 
[2021-02-28T14:27:16.793+0300][129.366s][info][gc,stats       ]     FCS: CLDG Roots                  46 us, workers (us):  46, ---, ---, 
[2021-02-28T14:27:16.793+0300][129.366s][info][gc,stats       ]   Mark                           418048 us
[2021-02-28T14:27:16.793+0300][129.366s][info][gc,stats       ]     Finish Queues                416435 us
[2021-02-28T14:27:16.793+0300][129.366s][info][gc,stats       ]     Weak References                 190 us
[2021-02-28T14:27:16.793+0300][129.366s][info][gc,stats       ]       Process                       176 us
[2021-02-28T14:27:16.793+0300][129.367s][info][gc,stats       ]     System Purge                    100 us
[2021-02-28T14:27:16.793+0300][129.367s][info][gc,stats       ]       Unload Classes               1059 us
[2021-02-28T14:27:16.793+0300][129.367s][info][gc,stats       ]       Weak Roots                    100 us
[2021-02-28T14:27:16.793+0300][129.367s][info][gc,stats       ]       CLDG                           18 us
[2021-02-28T14:27:16.793+0300][129.367s][info][gc,stats       ]   Calculate Addresses            178712 us
[2021-02-28T14:27:16.793+0300][129.367s][info][gc,stats       ]     Regular Objects              178676 us
[2021-02-28T14:27:16.793+0300][129.367s][info][gc,stats       ]     Humongous Objects                15 us
[2021-02-28T14:27:16.793+0300][129.367s][info][gc,stats       ]   Adjust Pointers                196774 us
[2021-02-28T14:27:16.793+0300][129.367s][info][gc,stats       ]     FA: <total>                    1530 us
[2021-02-28T14:27:16.793+0300][129.367s][info][gc,stats       ]     FA: Thread Roots                 87 us, workers (us):  37,  49,   1, 
[2021-02-28T14:27:16.793+0300][129.367s][info][gc,stats       ]     FA: Code Cache Roots           1347 us, workers (us): 437, 390, 520, 
[2021-02-28T14:27:16.793+0300][129.367s][info][gc,stats       ]     FA: Universe Roots                1 us, workers (us):   1, ---, ---, 
[2021-02-28T14:27:16.793+0300][129.367s][info][gc,stats       ]     FA: JNI Handles Roots             2 us, workers (us):   1,   0,   0, 
[2021-02-28T14:27:16.793+0300][129.367s][info][gc,stats       ]     FA: JVMTI Weak Roots              0 us, workers (us):   0, ---, ---, 
[2021-02-28T14:27:16.793+0300][129.367s][info][gc,stats       ]     FA: JFR Weak Roots                0 us, workers (us):   0, ---, ---, 
[2021-02-28T14:27:16.793+0300][129.367s][info][gc,stats       ]     FA: JNI Weak Roots                0 us, workers (us):   0,   0,   0, 
[2021-02-28T14:27:16.793+0300][129.367s][info][gc,stats       ]     FA: String Table Roots           48 us, workers (us):  36,  11,   0, 
[2021-02-28T14:27:16.793+0300][129.367s][info][gc,stats       ]     FA: Resolved Table Roots          4 us, workers (us):   1,   2,   1, 
[2021-02-28T14:27:16.793+0300][129.367s][info][gc,stats       ]     FA: VM Global Roots               2 us, workers (us):   2,   0,   0, 
[2021-02-28T14:27:16.793+0300][129.367s][info][gc,stats       ]     FA: VM Weak Roots                 3 us, workers (us):   2,   0,   1, 
[2021-02-28T14:27:16.795+0300][129.367s][info][gc,stats       ]     FA: Synchronizer Roots            0 us, workers (us):   0, ---, ---, 
[2021-02-28T14:27:16.795+0300][129.367s][info][gc,stats       ]     FA: Management Roots              1 us, workers (us):   1, ---, ---, 
[2021-02-28T14:27:16.795+0300][129.367s][info][gc,stats       ]     FA: CLDG Roots                   34 us, workers (us): ---,  34, ---, 
[2021-02-28T14:27:16.795+0300][129.367s][info][gc,stats       ]     FA: JVMTI Roots                   0 us, workers (us):   0, ---, ---, 
[2021-02-28T14:27:16.795+0300][129.367s][info][gc,stats       ]   Copy Objects                   184813 us
[2021-02-28T14:27:16.795+0300][129.367s][info][gc,stats       ]     Regular Objects              184283 us
[2021-02-28T14:27:16.795+0300][129.367s][info][gc,stats       ]     Humongous Objects                13 us
[2021-02-28T14:27:16.795+0300][129.367s][info][gc,stats       ]     Reset Complete Bitmap           467 us
[2021-02-28T14:27:16.795+0300][129.367s][info][gc,stats       ]     Rebuild Region Sets              50 us
[2021-02-28T14:27:16.795+0300][129.367s][info][gc,stats       ]   Post Heap Dump                      1 us
[2021-02-28T14:27:16.795+0300][129.367s][info][gc,stats       ] Pacing                            15157 us
[2021-02-28T14:27:16.795+0300][129.367s][info][gc,stats       ] 
[2021-02-28T14:27:16.795+0300][129.367s][info][gc,stats       ] Allocation pacing accrued:
[2021-02-28T14:27:16.795+0300][129.367s][info][gc,stats       ]       3 of  1408 ms (  0.2%): main
[2021-02-28T14:27:16.795+0300][129.367s][info][gc,stats       ]      10 of  1408 ms (  0.7%): Notification Thread
[2021-02-28T14:27:16.795+0300][129.367s][info][gc,stats       ]       2 of  1408 ms (  0.1%): RMI TCP Connection(6)-172.22.16.1
[2021-02-28T14:27:16.795+0300][129.367s][info][gc,stats       ]      15 of  1408 ms (  1.1%): <total>
[2021-02-28T14:27:16.795+0300][129.367s][info][gc,stats       ]       1 of  1408 ms (  0.1%): <average total>
[2021-02-28T14:27:16.795+0300][129.367s][info][gc,stats       ]       5 of  1408 ms (  0.4%): <average non-zero>
[2021-02-28T14:27:16.795+0300][129.367s][info][gc,stats       ] 
[2021-02-28T14:27:16.795+0300][129.367s][info][gc,metaspace   ] Metaspace: 7017K(7552K)->7002K(7552K) NonClass: 6294K(6656K)->6281K(6656K) Class: 722K(896K)->720K(896K)
[2021-02-28T14:27:16.795+0300][129.367s][info][gc,ergo        ] Pacer for Idle. Initial: 20971K, Alloc Tax Rate: 1.0x
[2021-02-28T14:27:16.796+0300][129.368s][info][gc             ] Failed to allocate TLAB, 2664B
[2021-02-28T14:27:16.796+0300][129.368s][info][gc             ] Cancelling GC: Allocation Failure
[2021-02-28T14:27:16.797+0300][129.369s][info][gc             ] Trigger: Handle Allocation Failure
[2021-02-28T14:27:16.797+0300][129.369s][info][gc,ergo        ] Free: 0B, Max: 0B regular, 0B humongous, Frag: 0% external, 0% internal; Reserve: 49152K, Max: 512K
[2021-02-28T14:27:16.797+0300][129.369s][info][gc,start       ] GC(63) Pause Degenerated GC (Outside of Cycle)
[2021-02-28T14:27:16.797+0300][129.369s][info][gc,task        ] GC(63) Using 3 of 3 workers for stw degenerated gc
[2021-02-28T14:27:16.797+0300][129.369s][info][gc,ergo        ] GC(63) Pacer for Reset. Non-Taxable: 1024M
[2021-02-28T14:27:16.797+0300][129.369s][info][gc,ergo        ] GC(63) Pacer for Mark. Expected Live: 1821M, Free: 0B, Non-Taxable: 0B, Alloc Tax Rate: infx
[2021-02-28T14:27:17.211+0300][129.784s][info][gc,ergo        ] GC(63) Adaptive CSet Selection. Target Free: 145M, Actual Free: 49152K, Max CSet: 43690K, Min Garbage: 99396K
[2021-02-28T14:27:17.211+0300][129.784s][info][gc,ergo        ] GC(63) Collectable Garbage: 207K (100%), Immediate: 0B (0%), CSet: 207K (100%)
[2021-02-28T14:27:17.211+0300][129.784s][info][gc,ergo        ] GC(63) Pacer for Evacuation. Used CSet: 43519K, Free: 16384B, Non-Taxable: 1638B, Alloc Tax Rate: 6648.6x
[2021-02-28T14:27:17.221+0300][129.794s][info][gc,ergo        ] GC(63) Pacer for Update Refs. Used: 1018M, Free: 16384B, Non-Taxable: 1638B, Alloc Tax Rate: 79682.3x
[2021-02-28T14:27:17.408+0300][129.981s][info][gc,ergo        ] GC(63) Bad progress for free space: 16384B, need 10485K
[2021-02-28T14:27:17.408+0300][129.982s][info][gc             ] GC(63) Cancelling GC: Upgrade To Full GC
[2021-02-28T14:27:17.409+0300][129.982s][info][gc,phases,start] GC(63) Phase 1: Mark live objects
[2021-02-28T14:27:17.828+0300][130.402s][info][gc,phases      ] GC(63) Phase 1: Mark live objects 419.551ms
[2021-02-28T14:27:17.828+0300][130.402s][info][gc,phases,start] GC(63) Phase 2: Compute new object addresses
[2021-02-28T14:27:18.006+0300][130.578s][info][gc,phases      ] GC(63) Phase 2: Compute new object addresses 176.272ms
[2021-02-28T14:27:18.006+0300][130.578s][info][gc,phases,start] GC(63) Phase 3: Adjust pointers
[2021-02-28T14:27:18.202+0300][130.775s][info][gc,phases      ] GC(63) Phase 3: Adjust pointers 197.509ms
[2021-02-28T14:27:18.202+0300][130.775s][info][gc,phases,start] GC(63) Phase 4: Move objects
[2021-02-28T14:27:18.402+0300][130.975s][info][gc,phases      ] GC(63) Phase 4: Move objects 199.650ms
[2021-02-28T14:27:18.402+0300][130.975s][info][gc,ergo        ] GC(63) Bad progress for free space: 738K, need 10485K
[2021-02-28T14:27:18.402+0300][130.975s][info][gc             ] GC(63) Pause Degenerated GC (Outside of Cycle) 975M->975M(1024M) 1606.202ms
[2021-02-28T14:27:18.402+0300][130.975s][info][gc,ergo        ] Free: 714K, Max: 381K regular, 0B humongous, Frag: 0% external, 72% internal; Reserve: 48640K, Max: 512K
[2021-02-28T14:27:18.402+0300][130.975s][info][gc,stats       ] 
[2021-02-28T14:27:18.402+0300][130.975s][info][gc,stats       ] All times are wall-clock times, except per-root-class counters, that are sum over
[2021-02-28T14:27:18.402+0300][130.975s][info][gc,stats       ] all workers. Dividing the <total> over the root stage time estimates parallelism.
[2021-02-28T14:27:18.402+0300][130.975s][info][gc,stats       ] 
[2021-02-28T14:27:18.402+0300][130.976s][info][gc,stats       ]   Manage TLABs                        3 us
[2021-02-28T14:27:18.402+0300][130.976s][info][gc,stats       ]   Update Region States               75 us
[2021-02-28T14:27:18.402+0300][130.976s][info][gc,stats       ]   Scan Roots                         95 us, parallelism: 1.17x
[2021-02-28T14:27:18.402+0300][130.976s][info][gc,stats       ]     S: <total>                      111 us
[2021-02-28T14:27:18.402+0300][130.976s][info][gc,stats       ]     S: Thread Roots                 107 us, workers (us):  46,  46,  16, 
[2021-02-28T14:27:18.402+0300][130.976s][info][gc,stats       ]     S: Universe Roots                 2 us, workers (us):   2, ---, ---, 
[2021-02-28T14:27:18.402+0300][130.976s][info][gc,stats       ]     S: Synchronizer Roots             0 us, workers (us): ---,   0, ---, 
[2021-02-28T14:27:18.402+0300][130.976s][info][gc,stats       ]     S: Management Roots               1 us, workers (us): ---,   1, ---, 
[2021-02-28T14:27:18.402+0300][130.976s][info][gc,stats       ]     S: JVMTI Roots                    0 us, workers (us):   0, ---, ---, 
[2021-02-28T14:27:18.402+0300][130.976s][info][gc,stats       ]   Finish Queues                  413827 us
[2021-02-28T14:27:18.402+0300][130.976s][info][gc,stats       ]   Weak References                    28 us
[2021-02-28T14:27:18.402+0300][130.976s][info][gc,stats       ]     Process                          23 us
[2021-02-28T14:27:18.402+0300][130.976s][info][gc,stats       ]   System Purge                       84 us
[2021-02-28T14:27:18.402+0300][130.976s][info][gc,stats       ]     Unload Classes                  554 us
[2021-02-28T14:27:18.402+0300][130.976s][info][gc,stats       ]     Weak Roots                       84 us
[2021-02-28T14:27:18.402+0300][130.976s][info][gc,stats       ]     CLDG                              0 us
[2021-02-28T14:27:18.402+0300][130.976s][info][gc,stats       ]   Update Region States               75 us
[2021-02-28T14:27:18.402+0300][130.976s][info][gc,stats       ]   Manage GC/TLABs                     2 us
[2021-02-28T14:27:18.404+0300][130.976s][info][gc,stats       ]   Choose Collection Set             117 us
[2021-02-28T14:27:18.404+0300][130.976s][info][gc,stats       ]   Rebuild Free Set                   22 us
[2021-02-28T14:27:18.404+0300][130.976s][info][gc,stats       ]   Initial Evacuation                 14 us
[2021-02-28T14:27:18.404+0300][130.976s][info][gc,stats       ]   Manage GCLABs                       2 us
[2021-02-28T14:27:18.404+0300][130.976s][info][gc,stats       ]   Finish Work                    187064 us
[2021-02-28T14:27:18.404+0300][130.976s][info][gc,stats       ]   Update Region States               80 us
[2021-02-28T14:27:18.404+0300][130.976s][info][gc,stats       ]   Trash Collection Set                3 us
[2021-02-28T14:27:18.404+0300][130.976s][info][gc,stats       ]   Rebuild Free Set                   24 us
[2021-02-28T14:27:18.404+0300][130.976s][info][gc,stats       ] Pause Degenerated GC (G)        1606476 us
[2021-02-28T14:27:18.404+0300][130.976s][info][gc,stats       ] Pause Degenerated GC (N)        1606218 us
[2021-02-28T14:27:18.404+0300][130.976s][info][gc,stats       ]   Degen Mark Roots                   98 us, parallelism: 0.51x
[2021-02-28T14:27:18.404+0300][130.976s][info][gc,stats       ]     DM: <total>                      50 us
[2021-02-28T14:27:18.404+0300][130.976s][info][gc,stats       ]     DM: JNI Handles Roots             2 us, workers (us):   1,   0,   0, 
[2021-02-28T14:27:18.404+0300][130.976s][info][gc,stats       ]     DM: VM Global Roots               2 us, workers (us):   1,   1,   0, 
[2021-02-28T14:27:18.404+0300][130.976s][info][gc,stats       ]     DM: CLDG Roots                   46 us, workers (us):  46, ---, ---, 
[2021-02-28T14:27:18.404+0300][130.976s][info][gc,stats       ]   Degen Update Roots                702 us, parallelism: 2.20x
[2021-02-28T14:27:18.404+0300][130.976s][info][gc,stats       ]     DU: <total>                    1544 us
[2021-02-28T14:27:18.404+0300][130.976s][info][gc,stats       ]     DU: Thread Roots                 87 us, workers (us):   1,  34,  52, 
[2021-02-28T14:27:18.404+0300][130.976s][info][gc,stats       ]     DU: Code Cache Roots           1370 us, workers (us): 530, 440, 399, 
[2021-02-28T14:27:18.404+0300][130.976s][info][gc,stats       ]     DU: Universe Roots                1 us, workers (us):   1, ---, ---, 
[2021-02-28T14:27:18.404+0300][130.976s][info][gc,stats       ]     DU: JNI Handles Roots             1 us, workers (us):   0,   1,   0, 
[2021-02-28T14:27:18.404+0300][130.976s][info][gc,stats       ]     DU: JVMTI Weak Roots              0 us, workers (us):   0, ---, ---, 
[2021-02-28T14:27:18.404+0300][130.976s][info][gc,stats       ]     DU: JFR Weak Roots                0 us, workers (us):   0, ---, ---, 
[2021-02-28T14:27:18.404+0300][130.976s][info][gc,stats       ]     DU: JNI Weak Roots                0 us, workers (us):   0,   0,   0, 
[2021-02-28T14:27:18.404+0300][130.976s][info][gc,stats       ]     DU: String Table Roots           54 us, workers (us):  26,  26,   2, 
[2021-02-28T14:27:18.404+0300][130.976s][info][gc,stats       ]     DU: Resolved Table Roots          5 us, workers (us):   1,   1,   2, 
[2021-02-28T14:27:18.404+0300][130.976s][info][gc,stats       ]     DU: VM Global Roots               2 us, workers (us):   1,   0,   0, 
[2021-02-28T14:27:18.404+0300][130.976s][info][gc,stats       ]     DU: VM Weak Roots                 2 us, workers (us):   0,   1,   0, 
[2021-02-28T14:27:18.404+0300][130.976s][info][gc,stats       ]     DU: Synchronizer Roots            0 us, workers (us): ---,   0, ---, 
[2021-02-28T14:27:18.404+0300][130.976s][info][gc,stats       ]     DU: Management Roots              1 us, workers (us): ---,   1, ---, 
[2021-02-28T14:27:18.404+0300][130.976s][info][gc,stats       ]     DU: CLDG Roots                   20 us, workers (us): ---, ---,  20, 
[2021-02-28T14:27:18.404+0300][130.976s][info][gc,stats       ]     DU: JVMTI Roots                   0 us, workers (us):   0, ---, ---, 
[2021-02-28T14:27:18.404+0300][130.976s][info][gc,stats       ]   Pre Heap Dump                       0 us
[2021-02-28T14:27:18.404+0300][130.976s][info][gc,stats       ]   Prepare                           464 us
[2021-02-28T14:27:18.404+0300][130.976s][info][gc,stats       ]   Scan Roots                        111 us, parallelism: 1.27x
[2021-02-28T14:27:18.404+0300][130.976s][info][gc,stats       ]     FS: <total>                     141 us
[2021-02-28T14:27:18.404+0300][130.976s][info][gc,stats       ]     FS: Thread Roots                136 us, workers (us):  51,  60,  25, 
[2021-02-28T14:27:18.404+0300][130.976s][info][gc,stats       ]     FS: Universe Roots                2 us, workers (us):   2, ---, ---, 
[2021-02-28T14:27:18.404+0300][130.976s][info][gc,stats       ]     FS: Synchronizer Roots            0 us, workers (us): ---,   0, ---, 
[2021-02-28T14:27:18.404+0300][130.976s][info][gc,stats       ]     FS: Management Roots              2 us, workers (us): ---,   2, ---, 
[2021-02-28T14:27:18.404+0300][130.976s][info][gc,stats       ]     FS: JVMTI Roots                   0 us, workers (us):   0, ---, ---, 
[2021-02-28T14:27:18.404+0300][130.976s][info][gc,stats       ]   Scan Concurrent Roots             104 us, parallelism: 0.48x
[2021-02-28T14:27:18.404+0300][130.976s][info][gc,stats       ]     FCS: <total>                     51 us
[2021-02-28T14:27:18.404+0300][130.976s][info][gc,stats       ]     FCS: JNI Handles Roots            2 us, workers (us):   1,   0,   0, 
[2021-02-28T14:27:18.404+0300][130.976s][info][gc,stats       ]     FCS: VM Global Roots              3 us, workers (us):   1,   1,   0, 
[2021-02-28T14:27:18.404+0300][130.976s][info][gc,stats       ]     FCS: CLDG Roots                  46 us, workers (us): ---,  46, ---, 
[2021-02-28T14:27:18.404+0300][130.976s][info][gc,stats       ]   Mark                           419511 us
[2021-02-28T14:27:18.404+0300][130.976s][info][gc,stats       ]     Finish Queues                418014 us
[2021-02-28T14:27:18.404+0300][130.976s][info][gc,stats       ]     Weak References                 175 us
[2021-02-28T14:27:18.404+0300][130.976s][info][gc,stats       ]       Process                       169 us
[2021-02-28T14:27:18.404+0300][130.976s][info][gc,stats       ]     System Purge                     86 us
[2021-02-28T14:27:18.404+0300][130.976s][info][gc,stats       ]       Unload Classes                993 us
[2021-02-28T14:27:18.404+0300][130.976s][info][gc,stats       ]       Weak Roots                     86 us
[2021-02-28T14:27:18.404+0300][130.976s][info][gc,stats       ]       CLDG                           10 us
[2021-02-28T14:27:18.404+0300][130.976s][info][gc,stats       ]   Calculate Addresses            176258 us
[2021-02-28T14:27:18.404+0300][130.976s][info][gc,stats       ]     Regular Objects              176221 us
[2021-02-28T14:27:18.404+0300][130.976s][info][gc,stats       ]     Humongous Objects                17 us
[2021-02-28T14:27:18.404+0300][130.976s][info][gc,stats       ]   Adjust Pointers                197496 us
[2021-02-28T14:27:18.404+0300][130.976s][info][gc,stats       ]     FA: <total>                    1572 us
[2021-02-28T14:27:18.404+0300][130.976s][info][gc,stats       ]     FA: Thread Roots                 87 us, workers (us):   1,  39,  47, 
[2021-02-28T14:27:18.404+0300][130.976s][info][gc,stats       ]     FA: Code Cache Roots           1382 us, workers (us): 538, 446, 399, 
[2021-02-28T14:27:18.404+0300][130.976s][info][gc,stats       ]     FA: Universe Roots                1 us, workers (us):   1, ---, ---, 
[2021-02-28T14:27:18.404+0300][130.976s][info][gc,stats       ]     FA: JNI Handles Roots             2 us, workers (us):   2,   0,   0, 
[2021-02-28T14:27:18.404+0300][130.976s][info][gc,stats       ]     FA: JVMTI Weak Roots              0 us, workers (us):   0, ---, ---, 
[2021-02-28T14:27:18.404+0300][130.976s][info][gc,stats       ]     FA: JFR Weak Roots                0 us, workers (us): ---,   0, ---, 
[2021-02-28T14:27:18.404+0300][130.976s][info][gc,stats       ]     FA: String Table Roots           52 us, workers (us):  26,  26,   0, 
[2021-02-28T14:27:18.404+0300][130.976s][info][gc,stats       ]     FA: Resolved Table Roots          4 us, workers (us):   2,   2,   0, 
[2021-02-28T14:27:18.404+0300][130.976s][info][gc,stats       ]     FA: VM Global Roots               2 us, workers (us):   0,   2,   0, 
[2021-02-28T14:27:18.404+0300][130.977s][info][gc,stats       ]     FA: VM Weak Roots                 3 us, workers (us):   1,   2,   0, 
[2021-02-28T14:27:18.404+0300][130.977s][info][gc,stats       ]     FA: Synchronizer Roots            0 us, workers (us): ---,   0, ---, 
[2021-02-28T14:27:18.404+0300][130.977s][info][gc,stats       ]     FA: Management Roots              1 us, workers (us): ---,   1, ---, 
[2021-02-28T14:27:18.404+0300][130.977s][info][gc,stats       ]     FA: CLDG Roots                   37 us, workers (us): ---, ---,  37, 
[2021-02-28T14:27:18.404+0300][130.977s][info][gc,stats       ]     FA: JVMTI Roots                   0 us, workers (us):   0, ---, ---, 
[2021-02-28T14:27:18.404+0300][130.977s][info][gc,stats       ]   Copy Objects                   199637 us
[2021-02-28T14:27:18.404+0300][130.977s][info][gc,stats       ]     Regular Objects              199119 us
[2021-02-28T14:27:18.404+0300][130.977s][info][gc,stats       ]     Humongous Objects                13 us
[2021-02-28T14:27:18.404+0300][130.977s][info][gc,stats       ]     Reset Complete Bitmap           456 us
[2021-02-28T14:27:18.404+0300][130.977s][info][gc,stats       ]     Rebuild Region Sets              48 us
[2021-02-28T14:27:18.404+0300][130.977s][info][gc,stats       ]   Post Heap Dump                      1 us
[2021-02-28T14:27:18.404+0300][130.977s][info][gc,stats       ] Pacing                          4828202 us
[2021-02-28T14:27:18.404+0300][130.977s][info][gc,stats       ] 
[2021-02-28T14:27:18.404+0300][130.977s][info][gc,stats       ] Allocation pacing accrued:
[2021-02-28T14:27:18.404+0300][130.977s][info][gc,stats       ]    1609 of  1610 ms (100.0%): Notification Thread
[2021-02-28T14:27:18.404+0300][130.977s][info][gc,stats       ]    1609 of  1610 ms (100.0%): RMI TCP Connection(5)-172.22.16.1
[2021-02-28T14:27:18.404+0300][130.977s][info][gc,stats       ]    1609 of  1610 ms (100.0%): RMI TCP Connection(6)-172.22.16.1
[2021-02-28T14:27:18.404+0300][130.977s][info][gc,stats       ]    4828 of  1610 ms (299.9%): <total>
[2021-02-28T14:27:18.404+0300][130.977s][info][gc,stats       ]     254 of  1610 ms ( 15.8%): <average total>
[2021-02-28T14:27:18.404+0300][130.977s][info][gc,stats       ]    1609 of  1610 ms (100.0%): <average non-zero>
[2021-02-28T14:27:18.404+0300][130.977s][info][gc,stats       ] 
[2021-02-28T14:27:18.405+0300][130.977s][info][gc,metaspace   ] Metaspace: 7002K(7552K)->6998K(7552K) NonClass: 6281K(6656K)->6278K(6656K) Class: 720K(896K)->720K(896K)
[2021-02-28T14:27:18.405+0300][130.977s][info][gc,ergo        ] Pacer for Idle. Initial: 20971K, Alloc Tax Rate: 1.0x
[2021-02-28T14:27:18.407+0300][130.979s][info][gc             ] Trigger: Free (701K) is below minimum threshold (102M)
[2021-02-28T14:27:18.407+0300][130.979s][info][gc,ergo        ] Free: 651K, Max: 318K regular, 0B humongous, Frag: 0% external, 74% internal; Reserve: 48640K, Max: 512K
[2021-02-28T14:27:18.407+0300][130.979s][info][gc,start       ] GC(64) Concurrent reset
[2021-02-28T14:27:18.407+0300][130.979s][info][gc,task        ] GC(64) Using 1 of 3 workers for concurrent reset
[2021-02-28T14:27:18.407+0300][130.979s][info][gc,ergo        ] GC(64) Pacer for Reset. Non-Taxable: 1024M
[2021-02-28T14:27:18.407+0300][130.979s][info][gc             ] Failed to allocate TLAB, 2664B
[2021-02-28T14:27:18.407+0300][130.979s][info][gc             ] GC(64) Concurrent reset 0.150ms
[2021-02-28T14:27:18.407+0300][130.979s][info][gc             ] Cancelling GC: Allocation Failure
[2021-02-28T14:27:18.407+0300][130.979s][info][gc,start       ] GC(64) Pause Init Mark (unload classes)
[2021-02-28T14:27:18.407+0300][130.979s][info][gc,task        ] GC(64) Using 3 of 3 workers for init marking
[2021-02-28T14:27:18.407+0300][130.980s][info][gc,ergo        ] GC(64) Pacer for Mark. Expected Live: 1822M, Free: 0B, Non-Taxable: 0B, Alloc Tax Rate: infx
[2021-02-28T14:27:18.407+0300][130.980s][info][gc             ] GC(64) Pause Init Mark (unload classes) 0.335ms
[2021-02-28T14:27:18.407+0300][130.980s][info][gc,start       ] GC(64) Concurrent marking (unload classes)
[2021-02-28T14:27:18.407+0300][130.980s][info][gc,task        ] GC(64) Using 1 of 3 workers for concurrent marking
[2021-02-28T14:27:18.407+0300][130.980s][info][gc             ] GC(64) Concurrent marking (unload classes) 0.331ms
[2021-02-28T14:27:18.407+0300][130.980s][info][gc,ergo        ] Free: 0B, Max: 0B regular, 0B humongous, Frag: 0% external, 0% internal; Reserve: 48640K, Max: 512K
[2021-02-28T14:27:18.407+0300][130.980s][info][gc,stats       ] 
[2021-02-28T14:27:18.407+0300][130.980s][info][gc,stats       ] All times are wall-clock times, except per-root-class counters, that are sum over
[2021-02-28T14:27:18.407+0300][130.980s][info][gc,stats       ] all workers. Dividing the <total> over the root stage time estimates parallelism.
[2021-02-28T14:27:18.407+0300][130.980s][info][gc,stats       ] 
[2021-02-28T14:27:18.407+0300][130.980s][info][gc,stats       ] Concurrent Reset                    221 us
[2021-02-28T14:27:18.407+0300][130.980s][info][gc,stats       ] Pause Init Mark (G)                 565 us
[2021-02-28T14:27:18.407+0300][130.980s][info][gc,stats       ] Pause Init Mark (N)                 349 us
[2021-02-28T14:27:18.407+0300][130.980s][info][gc,stats       ]   Manage TLABs                        2 us
[2021-02-28T14:27:18.407+0300][130.980s][info][gc,stats       ]   Update Region States               77 us
[2021-02-28T14:27:18.407+0300][130.980s][info][gc,stats       ]   Scan Roots                        193 us, parallelism: 1.16x
[2021-02-28T14:27:18.407+0300][130.980s][info][gc,stats       ]     S: <total>                      223 us
[2021-02-28T14:27:18.407+0300][130.980s][info][gc,stats       ]     S: Thread Roots                 220 us, workers (us): 144,  51,  25, 
[2021-02-28T14:27:18.407+0300][130.980s][info][gc,stats       ]     S: Universe Roots                 2 us, workers (us):   2, ---, ---, 
[2021-02-28T14:27:18.407+0300][130.980s][info][gc,stats       ]     S: Synchronizer Roots             0 us, workers (us): ---,   0, ---, 
[2021-02-28T14:27:18.407+0300][130.980s][info][gc,stats       ]     S: Management Roots               1 us, workers (us): ---,   1, ---, 
[2021-02-28T14:27:18.407+0300][130.980s][info][gc,stats       ]     S: JVMTI Roots                    0 us, workers (us):   0, ---, ---, 
[2021-02-28T14:27:18.407+0300][130.980s][info][gc,stats       ] Concurrent Marking                  353 us
[2021-02-28T14:27:18.407+0300][130.980s][info][gc,stats       ]   Roots                             178 us, parallelism: 0.42x
[2021-02-28T14:27:18.407+0300][130.980s][info][gc,stats       ]     CM: <total>                      74 us
[2021-02-28T14:27:18.407+0300][130.980s][info][gc,stats       ]     CM: JNI Handles Roots             2 us, workers (us):   2, ---, ---, 
[2021-02-28T14:27:18.407+0300][130.980s][info][gc,stats       ]     CM: VM Global Roots               2 us, workers (us):   2, ---, ---, 
[2021-02-28T14:27:18.407+0300][130.980s][info][gc,stats       ]     CM: CLDG Roots                   71 us, workers (us):  71, ---, ---, 
[2021-02-28T14:27:18.407+0300][130.980s][info][gc,stats       ] Pacing                            16970 us
[2021-02-28T14:27:18.407+0300][130.980s][info][gc,stats       ] 
[2021-02-28T14:27:18.407+0300][130.980s][info][gc,stats       ] Allocation pacing accrued:
[2021-02-28T14:27:18.407+0300][130.980s][info][gc,stats       ]       3 of     4 ms ( 92.9%): main
[2021-02-28T14:27:18.407+0300][130.980s][info][gc,stats       ]       3 of     4 ms ( 92.2%): Notification Thread
[2021-02-28T14:27:18.407+0300][130.980s][info][gc,stats       ]       3 of     4 ms ( 84.5%): RMI TCP Connection(5)-172.22.16.1
[2021-02-28T14:27:18.407+0300][130.980s][info][gc,stats       ]       3 of     4 ms ( 92.3%): RMI TCP Connection(6)-172.22.16.1
[2021-02-28T14:27:18.407+0300][130.980s][info][gc,stats       ]       3 of     4 ms ( 92.6%): RMI TCP Connection(7)-172.22.16.1
[2021-02-28T14:27:18.407+0300][130.980s][info][gc,stats       ]      17 of     4 ms (454.5%): <total>
[2021-02-28T14:27:18.407+0300][130.980s][info][gc,stats       ]       1 of     4 ms ( 23.9%): <average total>
[2021-02-28T14:27:18.407+0300][130.980s][info][gc,stats       ]       3 of     4 ms ( 90.9%): <average non-zero>
[2021-02-28T14:27:18.407+0300][130.980s][info][gc,stats       ] 
[2021-02-28T14:27:18.407+0300][130.980s][info][gc,metaspace   ] Metaspace: 6998K(7552K)->7002K(7552K) NonClass: 6278K(6656K)->6281K(6656K) Class: 720K(896K)->720K(896K)
[2021-02-28T14:27:18.407+0300][130.981s][info][gc,ergo        ] Pacer for Idle. Initial: 20971K, Alloc Tax Rate: 1.0x
[2021-02-28T14:27:18.411+0300][130.983s][info][gc             ] Trigger: Handle Allocation Failure
[2021-02-28T14:27:18.411+0300][130.983s][info][gc,ergo        ] Free: 0B, Max: 0B regular, 0B humongous, Frag: 0% external, 0% internal; Reserve: 48640K, Max: 512K
[2021-02-28T14:27:18.411+0300][130.983s][info][gc,start       ] GC(65) Pause Full
[2021-02-28T14:27:18.411+0300][130.983s][info][gc,task        ] GC(65) Using 3 of 3 workers for full gc
[2021-02-28T14:27:18.411+0300][130.984s][info][gc,phases,start] GC(65) Phase 1: Mark live objects
[2021-02-28T14:27:18.830+0300][131.403s][info][gc,phases      ] GC(65) Phase 1: Mark live objects 419.200ms
[2021-02-28T14:27:18.830+0300][131.403s][info][gc,phases,start] GC(65) Phase 2: Compute new object addresses
[2021-02-28T14:27:19.008+0300][131.581s][info][gc,phases      ] GC(65) Phase 2: Compute new object addresses 177.800ms
[2021-02-28T14:27:19.008+0300][131.581s][info][gc,phases,start] GC(65) Phase 3: Adjust pointers
[2021-02-28T14:27:19.207+0300][131.780s][info][gc,phases      ] GC(65) Phase 3: Adjust pointers 199.366ms
[2021-02-28T14:27:19.207+0300][131.780s][info][gc,phases,start] GC(65) Phase 4: Move objects
[2021-02-28T14:27:19.389+0300][131.961s][info][gc,phases      ] GC(65) Phase 4: Move objects 180.938ms
[2021-02-28T14:27:19.389+0300][131.961s][info][gc,ergo        ] GC(65) Bad progress for free space: 222K, need 10485K
[2021-02-28T14:27:19.389+0300][131.961s][info][gc             ] GC(65) Pause Full 976M->975M(1024M) 978.091ms
[2021-02-28T14:27:19.389+0300][131.961s][info][gc,ergo        ] Free: 222K, Max: 144K regular, 0B humongous, Frag: 0% external, 99% internal; Reserve: 48640K, Max: 512K
[2021-02-28T14:27:19.389+0300][131.961s][info][gc,stats       ] 
[2021-02-28T14:27:19.389+0300][131.961s][info][gc,stats       ] All times are wall-clock times, except per-root-class counters, that are sum over
[2021-02-28T14:27:19.389+0300][131.961s][info][gc,stats       ] all workers. Dividing the <total> over the root stage time estimates parallelism.
[2021-02-28T14:27:19.389+0300][131.961s][info][gc,stats       ] 
[2021-02-28T14:27:19.389+0300][131.961s][info][gc,stats       ] Pause Full GC (G)                978348 us
[2021-02-28T14:27:19.389+0300][131.961s][info][gc,stats       ] Pause Full GC (N)                978106 us
[2021-02-28T14:27:19.389+0300][131.961s][info][gc,stats       ]   Pre Heap Dump                       0 us
[2021-02-28T14:27:19.389+0300][131.961s][info][gc,stats       ]   Prepare                           451 us
[2021-02-28T14:27:19.389+0300][131.961s][info][gc             ] Failed to allocate TLAB, 10432B
[2021-02-28T14:27:19.389+0300][131.961s][info][gc,stats       ]   Scan Roots                         81 us, parallelism: 1.69x
[2021-02-28T14:27:19.389+0300][131.961s][info][gc             ] Cancelling GC: Allocation Failure
[2021-02-28T14:27:19.389+0300][131.962s][info][gc,stats       ]     FS: <total>                     137 us
[2021-02-28T14:27:19.389+0300][131.962s][info][gc,stats       ]     FS: Thread Roots                133 us, workers (us):  59,  50,  24, 
[2021-02-28T14:27:19.389+0300][131.962s][info][gc,stats       ]     FS: Universe Roots                2 us, workers (us):   2, ---, ---, 
[2021-02-28T14:27:19.389+0300][131.962s][info][gc,stats       ]     FS: Synchronizer Roots            0 us, workers (us): ---,   0, ---, 
[2021-02-28T14:27:19.389+0300][131.962s][info][gc,stats       ]     FS: Management Roots              2 us, workers (us):   2, ---, ---, 
[2021-02-28T14:27:19.389+0300][131.962s][info][gc,stats       ]     FS: JVMTI Roots                   0 us, workers (us): ---,   0, ---, 
[2021-02-28T14:27:19.389+0300][131.962s][info][gc,stats       ]   Scan Concurrent Roots             107 us, parallelism: 0.46x
[2021-02-28T14:27:19.389+0300][131.962s][info][gc,stats       ]     FCS: <total>                     50 us
[2021-02-28T14:27:19.389+0300][131.962s][info][gc,stats       ]     FCS: JNI Handles Roots            2 us, workers (us):   1,   0,   0, 
[2021-02-28T14:27:19.389+0300][131.962s][info][gc,stats       ]     FCS: VM Global Roots              3 us, workers (us):   2,   1,   0, 
[2021-02-28T14:27:19.389+0300][131.962s][info][gc,stats       ]     FCS: CLDG Roots                  45 us, workers (us): ---,  45, ---, 
[2021-02-28T14:27:19.389+0300][131.962s][info][gc,stats       ]   Mark                           419160 us
[2021-02-28T14:27:19.389+0300][131.962s][info][gc,stats       ]     Finish Queues                418054 us
[2021-02-28T14:27:19.390+0300][131.962s][info][gc,stats       ]     Weak References                 236 us
[2021-02-28T14:27:19.390+0300][131.962s][info][gc,stats       ]       Process                       213 us
[2021-02-28T14:27:19.390+0300][131.962s][info][gc,stats       ]     System Purge                     81 us
[2021-02-28T14:27:19.390+0300][131.962s][info][gc,stats       ]       Unload Classes                582 us
[2021-02-28T14:27:19.390+0300][131.962s][info][gc,stats       ]       Weak Roots                     81 us
[2021-02-28T14:27:19.390+0300][131.962s][info][gc,stats       ]       CLDG                            0 us
[2021-02-28T14:27:19.390+0300][131.962s][info][gc,stats       ]   Calculate Addresses            177788 us
[2021-02-28T14:27:19.390+0300][131.962s][info][gc,stats       ]     Regular Objects              177751 us
[2021-02-28T14:27:19.390+0300][131.962s][info][gc,stats       ]     Humongous Objects                17 us
[2021-02-28T14:27:19.390+0300][131.962s][info][gc,stats       ]   Adjust Pointers                199353 us
[2021-02-28T14:27:19.390+0300][131.962s][info][gc,stats       ]     FA: <total>                    1594 us
[2021-02-28T14:27:19.390+0300][131.962s][info][gc,stats       ]     FA: Thread Roots                 94 us, workers (us):   0,  53,  41, 
[2021-02-28T14:27:19.390+0300][131.962s][info][gc,stats       ]     FA: Code Cache Roots           1349 us, workers (us): 517, 395, 436, 
[2021-02-28T14:27:19.390+0300][131.962s][info][gc,stats       ]     FA: Universe Roots                1 us, workers (us):   1, ---, ---, 
[2021-02-28T14:27:19.390+0300][131.962s][info][gc,stats       ]     FA: JNI Handles Roots             2 us, workers (us):   2,   0,   0, 
[2021-02-28T14:27:19.390+0300][131.962s][info][gc,stats       ]     FA: JVMTI Weak Roots              0 us, workers (us):   0, ---, ---, 
[2021-02-28T14:27:19.390+0300][131.962s][info][gc,stats       ]     FA: JFR Weak Roots                3 us, workers (us):   3, ---, ---, 
[2021-02-28T14:27:19.390+0300][131.962s][info][gc,stats       ]     FA: JNI Weak Roots                0 us, workers (us):   0,   0,   0, 
[2021-02-28T14:27:19.390+0300][131.962s][info][gc,stats       ]     FA: String Table Roots           99 us, workers (us):  33,  33,  33, 
[2021-02-28T14:27:19.390+0300][131.962s][info][gc,stats       ]     FA: Resolved Table Roots          4 us, workers (us):   2,   2,   0, 
[2021-02-28T14:27:19.390+0300][131.962s][info][gc,stats       ]     FA: VM Global Roots               2 us, workers (us):   2,   1,   0, 
[2021-02-28T14:27:19.390+0300][131.962s][info][gc,stats       ]     FA: VM Weak Roots                 3 us, workers (us):   1,   0,   2, 
[2021-02-28T14:27:19.390+0300][131.962s][info][gc,stats       ]     FA: Synchronizer Roots            0 us, workers (us):   0, ---, ---, 
[2021-02-28T14:27:19.390+0300][131.962s][info][gc,stats       ]     FA: Management Roots              1 us, workers (us):   1, ---, ---, 
[2021-02-28T14:27:19.390+0300][131.962s][info][gc,stats       ]     FA: CLDG Roots                   34 us, workers (us): ---,  34, ---, 
[2021-02-28T14:27:19.390+0300][131.962s][info][gc,stats       ]     FA: JVMTI Roots                   0 us, workers (us):   0, ---, ---, 
[2021-02-28T14:27:19.390+0300][131.962s][info][gc,stats       ]   Copy Objects                   180925 us
[2021-02-28T14:27:19.390+0300][131.962s][info][gc,stats       ]     Regular Objects              180400 us
[2021-02-28T14:27:19.390+0300][131.962s][info][gc,stats       ]     Humongous Objects                14 us
[2021-02-28T14:27:19.390+0300][131.962s][info][gc,stats       ]     Reset Complete Bitmap           464 us
[2021-02-28T14:27:19.390+0300][131.962s][info][gc,stats       ]     Rebuild Region Sets              46 us
[2021-02-28T14:27:19.390+0300][131.962s][info][gc,stats       ]   Post Heap Dump                      1 us
[2021-02-28T14:27:19.390+0300][131.962s][info][gc,stats       ] 
[2021-02-28T14:27:19.390+0300][131.962s][info][gc,stats       ] Allocation pacing accrued:
[2021-02-28T14:27:19.390+0300][131.962s][info][gc,stats       ]       0 of   982 ms (  0.0%): <total>
[2021-02-28T14:27:19.390+0300][131.962s][info][gc,stats       ]       0 of   982 ms (  0.0%): <average total>
[2021-02-28T14:27:19.390+0300][131.962s][info][gc,stats       ] 
[2021-02-28T14:27:19.390+0300][131.962s][info][gc,metaspace   ] Metaspace: 7002K(7552K)->7002K(7552K) NonClass: 6281K(6656K)->6281K(6656K) Class: 720K(896K)->720K(896K)
[2021-02-28T14:27:19.390+0300][131.962s][info][gc,ergo        ] Pacer for Idle. Initial: 20971K, Alloc Tax Rate: 1.0x
[2021-02-28T14:27:19.393+0300][131.965s][info][gc             ] Trigger: Handle Allocation Failure
[2021-02-28T14:27:19.393+0300][131.965s][info][gc,ergo        ] Free: 0B, Max: 0B regular, 0B humongous, Frag: 0% external, 0% internal; Reserve: 48640K, Max: 512K
[2021-02-28T14:27:19.393+0300][131.965s][info][gc,start       ] GC(66) Pause Degenerated GC (Outside of Cycle)
[2021-02-28T14:27:19.393+0300][131.965s][info][gc,task        ] GC(66) Using 3 of 3 workers for stw degenerated gc
[2021-02-28T14:27:19.393+0300][131.965s][info][gc,ergo        ] GC(66) Pacer for Reset. Non-Taxable: 1024M
[2021-02-28T14:27:19.393+0300][131.966s][info][gc,ergo        ] GC(66) Pacer for Mark. Expected Live: 1755M, Free: 0B, Non-Taxable: 0B, Alloc Tax Rate: infx
[2021-02-28T14:27:19.812+0300][132.384s][info][gc,ergo        ] GC(66) Adaptive CSet Selection. Target Free: 145M, Actual Free: 48640K, Max CSet: 43690K, Min Garbage: 99908K
[2021-02-28T14:27:19.812+0300][132.384s][info][gc,ergo        ] GC(66) Collectable Garbage: 18608B (100%), Immediate: 0B (0%), CSet: 18608B (100%)
[2021-02-28T14:27:19.812+0300][132.384s][info][gc,ergo        ] GC(66) Pacer for Evacuation. Used CSet: 43518K, Free: 15872B, Non-Taxable: 1587B, Alloc Tax Rate: 6863.0x
[2021-02-28T14:27:19.821+0300][132.393s][info][gc,ergo        ] GC(66) Pacer for Update Refs. Used: 1019M, Free: 15872B, Non-Taxable: 1587B, Alloc Tax Rate: 82294.1x
[2021-02-28T14:27:19.995+0300][132.567s][info][gc,ergo        ] GC(66) Bad progress for free space: 15872B, need 10485K
[2021-02-28T14:27:19.995+0300][132.567s][info][gc             ] GC(66) Cancelling GC: Upgrade To Full GC
[2021-02-28T14:27:19.995+0300][132.568s][info][gc,phases,start] GC(66) Phase 1: Mark live objects
[2021-02-28T14:27:20.414+0300][132.987s][info][gc,phases      ] GC(66) Phase 1: Mark live objects 419.472ms
[2021-02-28T14:27:20.414+0300][132.987s][info][gc,phases,start] GC(66) Phase 2: Compute new object addresses
[2021-02-28T14:27:20.591+0300][133.163s][info][gc,phases      ] GC(66) Phase 2: Compute new object addresses 175.846ms
[2021-02-28T14:27:20.591+0300][133.163s][info][gc,phases,start] GC(66) Phase 3: Adjust pointers
[2021-02-28T14:27:20.789+0300][133.363s][info][gc,phases      ] GC(66) Phase 3: Adjust pointers 199.583ms
[2021-02-28T14:27:20.789+0300][133.363s][info][gc,phases,start] GC(66) Phase 4: Move objects
[2021-02-28T14:27:20.979+0300][133.551s][info][gc,phases      ] GC(66) Phase 4: Move objects 188.680ms
[2021-02-28T14:27:20.979+0300][133.551s][info][gc,ergo        ] GC(66) Bad progress for free space: 36088B, need 10485K
[2021-02-28T14:27:20.979+0300][133.552s][info][gc             ] GC(66) Pause Degenerated GC (Outside of Cycle) 976M->976M(1024M) 1586.448ms
[2021-02-28T14:27:20.979+0300][133.552s][info][gc,ergo        ] Free: 36088B, Max: 15272B regular, 0B humongous, Frag: 0% external, 99% internal; Reserve: 48640K, Max: 512K
[2021-02-28T14:27:20.979+0300][133.552s][info][gc,stats       ] 
[2021-02-28T14:27:20.979+0300][133.552s][info][gc,stats       ] All times are wall-clock times, except per-root-class counters, that are sum over
[2021-02-28T14:27:20.979+0300][133.552s][info][gc,stats       ] all workers. Dividing the <total> over the root stage time estimates parallelism.
[2021-02-28T14:27:20.979+0300][133.552s][info][gc,stats       ] 
[2021-02-28T14:27:20.979+0300][133.552s][info][gc,stats       ]   Manage TLABs                        3 us
[2021-02-28T14:27:20.979+0300][133.552s][info][gc,stats       ]   Update Region States               88 us
[2021-02-28T14:27:20.979+0300][133.552s][info][gc,stats       ]   Scan Roots                        180 us, parallelism: 1.11x
[2021-02-28T14:27:20.979+0300][133.552s][info][gc,stats       ]     S: <total>                      199 us
[2021-02-28T14:27:20.979+0300][133.552s][info][gc,stats       ]     S: Thread Roots                 196 us, workers (us): 126,  35,  35, 
[2021-02-28T14:27:20.979+0300][133.552s][info][gc,stats       ]     S: Universe Roots                 2 us, workers (us):   2, ---, ---, 
[2021-02-28T14:27:20.979+0300][133.552s][info][gc,stats       ]     S: Synchronizer Roots             0 us, workers (us):   0, ---, ---, 
[2021-02-28T14:27:20.979+0300][133.552s][info][gc,stats       ]     S: Management Roots               1 us, workers (us):   1, ---, ---, 
[2021-02-28T14:27:20.979+0300][133.552s][info][gc,stats       ]     S: JVMTI Roots                    0 us, workers (us):   0, ---, ---, 
[2021-02-28T14:27:20.979+0300][133.552s][info][gc,stats       ]   Finish Queues                  417661 us
[2021-02-28T14:27:20.979+0300][133.552s][info][gc,stats       ]   Weak References                    28 us
[2021-02-28T14:27:20.979+0300][133.552s][info][gc,stats       ]     Process                          23 us
[2021-02-28T14:27:20.979+0300][133.552s][info][gc,stats       ]   System Purge                       86 us
[2021-02-28T14:27:20.979+0300][133.552s][info][gc,stats       ]     Unload Classes                  560 us
[2021-02-28T14:27:20.979+0300][133.552s][info][gc,stats       ]     Weak Roots                       86 us
[2021-02-28T14:27:20.979+0300][133.552s][info][gc,stats       ]     CLDG                              0 us
[2021-02-28T14:27:20.979+0300][133.552s][info][gc,stats       ]   Update Region States               85 us
[2021-02-28T14:27:20.979+0300][133.552s][info][gc,stats       ]   Manage GC/TLABs                     2 us
[2021-02-28T14:27:20.979+0300][133.552s][info][gc,stats       ]   Choose Collection Set             115 us
[2021-02-28T14:27:20.979+0300][133.552s][info][gc,stats       ]   Rebuild Free Set                   22 us
[2021-02-28T14:27:20.979+0300][133.552s][info][gc,stats       ]   Initial Evacuation                 15 us
[2021-02-28T14:27:20.979+0300][133.552s][info][gc,stats       ]   Manage GCLABs                       2 us
[2021-02-28T14:27:20.979+0300][133.552s][info][gc,stats       ]   Finish Work                    173245 us
[2021-02-28T14:27:20.979+0300][133.552s][info][gc,stats       ]   Update Region States               85 us
[2021-02-28T14:27:20.979+0300][133.552s][info][gc,stats       ]   Trash Collection Set                3 us
[2021-02-28T14:27:20.979+0300][133.552s][info][gc,stats       ]   Rebuild Free Set                   23 us
[2021-02-28T14:27:20.979+0300][133.552s][info][gc,stats       ] Pause Degenerated GC (G)        1586693 us
[2021-02-28T14:27:20.979+0300][133.552s][info][gc,stats       ] Pause Degenerated GC (N)        1586465 us
[2021-02-28T14:27:20.979+0300][133.552s][info][gc,stats       ]   Degen Mark Roots                   68 us, parallelism: 0.71x
[2021-02-28T14:27:20.979+0300][133.552s][info][gc,stats       ]     DM: <total>                      48 us
[2021-02-28T14:27:20.979+0300][133.552s][info][gc,stats       ]     DM: JNI Handles Roots             2 us, workers (us):   1,   0,   0, 
[2021-02-28T14:27:20.979+0300][133.552s][info][gc,stats       ]     DM: VM Global Roots               2 us, workers (us):   2,   0,   0, 
[2021-02-28T14:27:20.979+0300][133.552s][info][gc,stats       ]     DM: CLDG Roots                   45 us, workers (us):  45, ---, ---, 
[2021-02-28T14:27:20.979+0300][133.552s][info][gc,stats       ]   Degen Update Roots                698 us, parallelism: 2.23x
[2021-02-28T14:27:20.979+0300][133.552s][info][gc,stats       ]     DU: <total>                    1554 us
[2021-02-28T14:27:20.979+0300][133.552s][info][gc,stats       ]     DU: Thread Roots                 91 us, workers (us):   1,  54,  37, 
[2021-02-28T14:27:20.979+0300][133.552s][info][gc,stats       ]     DU: Code Cache Roots           1371 us, workers (us): 531, 401, 439, 
[2021-02-28T14:27:20.979+0300][133.552s][info][gc,stats       ]     DU: Universe Roots                1 us, workers (us):   1, ---, ---, 
[2021-02-28T14:27:20.979+0300][133.552s][info][gc,stats       ]     DU: JNI Handles Roots             1 us, workers (us):   1,   0,   0, 
[2021-02-28T14:27:20.979+0300][133.552s][info][gc,stats       ]     DU: JVMTI Weak Roots              0 us, workers (us):   0, ---, ---, 
[2021-02-28T14:27:20.979+0300][133.552s][info][gc,stats       ]     DU: JFR Weak Roots                1 us, workers (us): ---,   1, ---, 
[2021-02-28T14:27:20.979+0300][133.552s][info][gc,stats       ]     DU: JNI Weak Roots                0 us, workers (us):   0,   0,   0, 
[2021-02-28T14:27:20.979+0300][133.552s][info][gc,stats       ]     DU: String Table Roots           53 us, workers (us):  26,  26,   0, 
[2021-02-28T14:27:20.979+0300][133.552s][info][gc,stats       ]     DU: Resolved Table Roots          4 us, workers (us):   2,   2,   0, 
[2021-02-28T14:27:20.979+0300][133.552s][info][gc,stats       ]     DU: VM Global Roots               1 us, workers (us):   1,   0,   0, 
[2021-02-28T14:27:20.979+0300][133.552s][info][gc,stats       ]     DU: VM Weak Roots                 2 us, workers (us):   1,   0,   0, 
[2021-02-28T14:27:20.979+0300][133.552s][info][gc,stats       ]     DU: Synchronizer Roots            0 us, workers (us): ---,   0, ---, 
[2021-02-28T14:27:20.979+0300][133.552s][info][gc,stats       ]     DU: Management Roots              1 us, workers (us):   1, ---, ---, 
[2021-02-28T14:27:20.979+0300][133.552s][info][gc,stats       ]     DU: CLDG Roots                   27 us, workers (us): ---,  27, ---, 
[2021-02-28T14:27:20.979+0300][133.552s][info][gc,stats       ]     DU: JVMTI Roots                   0 us, workers (us): ---,   0, ---, 
[2021-02-28T14:27:20.979+0300][133.552s][info][gc,stats       ]   Pre Heap Dump                       0 us
[2021-02-28T14:27:20.979+0300][133.552s][info][gc,stats       ]   Prepare                           456 us
[2021-02-28T14:27:20.979+0300][133.552s][info][gc,stats       ]   Scan Roots                        113 us, parallelism: 1.26x
[2021-02-28T14:27:20.979+0300][133.552s][info][gc,stats       ]     FS: <total>                     143 us
[2021-02-28T14:27:20.979+0300][133.552s][info][gc,stats       ]     FS: Thread Roots                138 us, workers (us):  51,  52,  35, 
[2021-02-28T14:27:20.979+0300][133.552s][info][gc,stats       ]     FS: Universe Roots                2 us, workers (us):   2, ---, ---, 
[2021-02-28T14:27:20.979+0300][133.552s][info][gc,stats       ]     FS: Synchronizer Roots            0 us, workers (us): ---,   0, ---, 
[2021-02-28T14:27:20.979+0300][133.552s][info][gc,stats       ]     FS: Management Roots              2 us, workers (us): ---,   2, ---, 
[2021-02-28T14:27:20.979+0300][133.552s][info][gc,stats       ]     FS: JVMTI Roots                   0 us, workers (us):   0, ---, ---, 
[2021-02-28T14:27:20.979+0300][133.552s][info][gc,stats       ]   Scan Concurrent Roots             104 us, parallelism: 0.50x
[2021-02-28T14:27:20.979+0300][133.552s][info][gc,stats       ]     FCS: <total>                     52 us
[2021-02-28T14:27:20.979+0300][133.552s][info][gc,stats       ]     FCS: JNI Handles Roots            2 us, workers (us):   1,   0,   0, 
[2021-02-28T14:27:20.979+0300][133.552s][info][gc,stats       ]     FCS: VM Global Roots              3 us, workers (us):   1,   2,   0, 
[2021-02-28T14:27:20.979+0300][133.552s][info][gc,stats       ]     FCS: CLDG Roots                  47 us, workers (us):  47, ---, ---, 
[2021-02-28T14:27:20.979+0300][133.552s][info][gc,stats       ]   Mark                           419432 us
[2021-02-28T14:27:20.979+0300][133.552s][info][gc,stats       ]     Finish Queues                418353 us
[2021-02-28T14:27:20.979+0300][133.552s][info][gc,stats       ]     Weak References                 173 us
[2021-02-28T14:27:20.979+0300][133.552s][info][gc,stats       ]       Process                       168 us
[2021-02-28T14:27:20.979+0300][133.553s][info][gc,stats       ]     System Purge                     85 us
[2021-02-28T14:27:20.979+0300][133.553s][info][gc,stats       ]       Unload Classes                558 us
[2021-02-28T14:27:20.979+0300][133.553s][info][gc,stats       ]       Weak Roots                     85 us
[2021-02-28T14:27:20.979+0300][133.553s][info][gc,stats       ]       CLDG                            0 us
[2021-02-28T14:27:20.979+0300][133.553s][info][gc,stats       ]   Calculate Addresses            175832 us
[2021-02-28T14:27:20.979+0300][133.553s][info][gc,stats       ]     Regular Objects              175795 us
[2021-02-28T14:27:20.979+0300][133.553s][info][gc,stats       ]     Humongous Objects                17 us
[2021-02-28T14:27:20.979+0300][133.553s][info][gc,stats       ]   Adjust Pointers                199570 us
[2021-02-28T14:27:20.979+0300][133.553s][info][gc,stats       ]     FA: <total>                    1577 us
[2021-02-28T14:27:20.979+0300][133.553s][info][gc,stats       ]     FA: Thread Roots                 98 us, workers (us):   0,  53,  44, 
[2021-02-28T14:27:20.979+0300][133.553s][info][gc,stats       ]     FA: Code Cache Roots           1378 us, workers (us): 535, 405, 439, 
[2021-02-28T14:27:20.979+0300][133.553s][info][gc,stats       ]     FA: Universe Roots                1 us, workers (us):   1, ---, ---, 
[2021-02-28T14:27:20.979+0300][133.553s][info][gc,stats       ]     FA: JNI Handles Roots             2 us, workers (us):   0,   2,   0, 
[2021-02-28T14:27:20.979+0300][133.553s][info][gc,stats       ]     FA: JVMTI Weak Roots              0 us, workers (us): ---,   0, ---, 
[2021-02-28T14:27:20.979+0300][133.553s][info][gc,stats       ]     FA: JFR Weak Roots                0 us, workers (us):   0, ---, ---, 
[2021-02-28T14:27:20.979+0300][133.553s][info][gc,stats       ]     FA: JNI Weak Roots                0 us, workers (us):   0,   0,   0, 
[2021-02-28T14:27:20.979+0300][133.553s][info][gc,stats       ]     FA: String Table Roots           52 us, workers (us):  26,  26,   0, 
[2021-02-28T14:27:20.979+0300][133.553s][info][gc,stats       ]     FA: Resolved Table Roots          4 us, workers (us):   2,   2,   0, 
[2021-02-28T14:27:20.979+0300][133.553s][info][gc,stats       ]     FA: VM Global Roots               2 us, workers (us):   1,   0,   0, 
[2021-02-28T14:27:20.979+0300][133.553s][info][gc,stats       ]     FA: VM Weak Roots                 3 us, workers (us):   1,   0,   2, 
[2021-02-28T14:27:20.979+0300][133.553s][info][gc,stats       ]     FA: Synchronizer Roots            0 us, workers (us): ---,   0, ---, 
[2021-02-28T14:27:20.981+0300][133.553s][info][gc,stats       ]     FA: Management Roots              1 us, workers (us):   1, ---, ---, 
[2021-02-28T14:27:20.981+0300][133.553s][info][gc             ] Failed to allocate TLAB, 2648B
[2021-02-28T14:27:20.981+0300][133.553s][info][gc,stats       ]     FA: CLDG Roots                   34 us, workers (us): ---,  34, ---, 
[2021-02-28T14:27:20.981+0300][133.553s][info][gc             ] Cancelling GC: Allocation Failure
[2021-02-28T14:27:20.981+0300][133.553s][info][gc,stats       ]     FA: JVMTI Roots                   1 us, workers (us): ---,   1, ---, 
[2021-02-28T14:27:20.981+0300][133.553s][info][gc,stats       ]   Copy Objects                   188667 us
[2021-02-28T14:27:20.981+0300][133.553s][info][gc,stats       ]     Regular Objects              188139 us
[2021-02-28T14:27:20.981+0300][133.553s][info][gc,stats       ]     Humongous Objects                13 us
[2021-02-28T14:27:20.981+0300][133.553s][info][gc,stats       ]     Reset Complete Bitmap           466 us
[2021-02-28T14:27:20.981+0300][133.553s][info][gc,stats       ]     Rebuild Region Sets              49 us
[2021-02-28T14:27:20.981+0300][133.553s][info][gc,stats       ]   Post Heap Dump                      1 us
[2021-02-28T14:27:20.981+0300][133.553s][info][gc,stats       ] 
[2021-02-28T14:27:20.981+0300][133.553s][info][gc,stats       ] Allocation pacing accrued:
[2021-02-28T14:27:20.981+0300][133.553s][info][gc,stats       ]       0 of  1591 ms (  0.0%): <total>
[2021-02-28T14:27:20.981+0300][133.553s][info][gc,stats       ]       0 of  1591 ms (  0.0%): <average total>
[2021-02-28T14:27:20.981+0300][133.553s][info][gc,stats       ] 
[2021-02-28T14:27:20.981+0300][133.553s][info][gc,metaspace   ] Metaspace: 7002K(7552K)->7005K(7552K) NonClass: 6281K(6656K)->6284K(6656K) Class: 720K(896K)->721K(896K)
[2021-02-28T14:27:20.981+0300][133.553s][info][gc,ergo        ] Pacer for Idle. Initial: 20971K, Alloc Tax Rate: 1.0x
[2021-02-28T14:27:20.982+0300][133.555s][info][gc             ] Trigger: Handle Allocation Failure
[2021-02-28T14:27:20.982+0300][133.555s][info][gc,ergo        ] Free: 0B, Max: 0B regular, 0B humongous, Frag: 0% external, 0% internal; Reserve: 48640K, Max: 512K
[2021-02-28T14:27:20.982+0300][133.555s][info][gc,start       ] GC(67) Pause Degenerated GC (Outside of Cycle)
[2021-02-28T14:27:20.982+0300][133.555s][info][gc,task        ] GC(67) Using 3 of 3 workers for stw degenerated gc
[2021-02-28T14:27:20.982+0300][133.555s][info][gc,ergo        ] GC(67) Pacer for Reset. Non-Taxable: 1024M
[2021-02-28T14:27:20.982+0300][133.555s][info][gc,ergo        ] GC(67) Pacer for Mark. Expected Live: 1755M, Free: 0B, Non-Taxable: 0B, Alloc Tax Rate: infx
[2021-02-28T14:27:21.400+0300][133.973s][info][gc,ergo        ] GC(67) Adaptive CSet Selection. Target Free: 145M, Actual Free: 48640K, Max CSet: 43690K, Min Garbage: 99908K
[2021-02-28T14:27:21.400+0300][133.974s][info][gc,ergo        ] GC(67) Collectable Garbage: 14000B (100%), Immediate: 0B (0%), CSet: 14000B (100%)
[2021-02-28T14:27:21.400+0300][133.974s][info][gc,ergo        ] GC(67) Pacer for Evacuation. Used CSet: 43516K, Free: 15848B, Non-Taxable: 1584B, Alloc Tax Rate: 6872.8x
[2021-02-28T14:27:21.410+0300][133.982s][info][gc,ergo        ] GC(67) Pacer for Update Refs. Used: 1019M, Free: 15848B, Non-Taxable: 1584B, Alloc Tax Rate: 82415.2x
[2021-02-28T14:27:21.603+0300][134.175s][info][gc,ergo        ] GC(67) Bad progress for free space: 15848B, need 10485K
[2021-02-28T14:27:21.603+0300][134.175s][info][gc             ] GC(67) Cancelling GC: Upgrade To Full GC
[2021-02-28T14:27:21.603+0300][134.176s][info][gc,phases,start] GC(67) Phase 1: Mark live objects
[2021-02-28T14:27:22.026+0300][134.599s][info][gc,phases      ] GC(67) Phase 1: Mark live objects 423.555ms
[2021-02-28T14:27:22.026+0300][134.599s][info][gc,phases,start] GC(67) Phase 2: Compute new object addresses
[2021-02-28T14:27:22.201+0300][134.773s][info][gc,phases      ] GC(67) Phase 2: Compute new object addresses 173.991ms
[2021-02-28T14:27:22.201+0300][134.773s][info][gc,phases,start] GC(67) Phase 3: Adjust pointers
[2021-02-28T14:27:22.398+0300][134.971s][info][gc,phases      ] GC(67) Phase 3: Adjust pointers 197.875ms
[2021-02-28T14:27:22.398+0300][134.971s][info][gc,phases,start] GC(67) Phase 4: Move objects
[2021-02-28T14:27:22.577+0300][135.150s][info][gc,phases      ] GC(67) Phase 4: Move objects 178.867ms
[2021-02-28T14:27:22.577+0300][135.150s][info][gc,ergo        ] GC(67) Bad progress for free space: 546K, need 10485K
[2021-02-28T14:27:22.577+0300][135.150s][info][gc             ] GC(67) Pause Degenerated GC (Outside of Cycle) 976M->976M(1024M) 1595.299ms
[2021-02-28T14:27:22.577+0300][135.150s][info][gc,ergo        ] Free: 515K, Max: 379K regular, 0B humongous, Frag: 0% external, 49% internal; Reserve: 48128K, Max: 512K
[2021-02-28T14:27:22.577+0300][135.150s][info][gc,stats       ] 
[2021-02-28T14:27:22.577+0300][135.150s][info][gc,stats       ] All times are wall-clock times, except per-root-class counters, that are sum over
[2021-02-28T14:27:22.577+0300][135.150s][info][gc,stats       ] all workers. Dividing the <total> over the root stage time estimates parallelism.
[2021-02-28T14:27:22.577+0300][135.150s][info][gc,stats       ] 
[2021-02-28T14:27:22.577+0300][135.150s][info][gc,stats       ]   Manage TLABs                        4 us
[2021-02-28T14:27:22.577+0300][135.150s][info][gc,stats       ]   Update Region States               77 us
[2021-02-28T14:27:22.577+0300][135.151s][info][gc,stats       ]   Scan Roots                        103 us, parallelism: 1.29x
[2021-02-28T14:27:22.577+0300][135.151s][info][gc,stats       ]     S: <total>                      134 us
[2021-02-28T14:27:22.577+0300][135.151s][info][gc,stats       ]     S: Thread Roots                 129 us, workers (us):  50,  53,  26, 
[2021-02-28T14:27:22.577+0300][135.151s][info][gc,stats       ]     S: Universe Roots                 2 us, workers (us):   2, ---, ---, 
[2021-02-28T14:27:22.577+0300][135.151s][info][gc,stats       ]     S: Synchronizer Roots             0 us, workers (us): ---,   0, ---, 
[2021-02-28T14:27:22.577+0300][135.151s][info][gc,stats       ]     S: Management Roots               1 us, workers (us): ---,   1, ---, 
[2021-02-28T14:27:22.577+0300][135.151s][info][gc,stats       ]     S: JVMTI Roots                    0 us, workers (us): ---,   0, ---, 
[2021-02-28T14:27:22.577+0300][135.151s][info][gc,stats       ]   Finish Queues                  417119 us
[2021-02-28T14:27:22.577+0300][135.151s][info][gc,stats       ]   Weak References                    28 us
[2021-02-28T14:27:22.577+0300][135.151s][info][gc,stats       ]     Process                          23 us
[2021-02-28T14:27:22.577+0300][135.151s][info][gc,stats       ]   System Purge                       70 us
[2021-02-28T14:27:22.577+0300][135.151s][info][gc,stats       ]     Unload Classes                  576 us
[2021-02-28T14:27:22.577+0300][135.151s][info][gc,stats       ]     Weak Roots                       70 us
[2021-02-28T14:27:22.577+0300][135.151s][info][gc,stats       ]     CLDG                              0 us
[2021-02-28T14:27:22.577+0300][135.151s][info][gc,stats       ]   Update Region States              132 us
[2021-02-28T14:27:22.577+0300][135.151s][info][gc,stats       ]   Manage GC/TLABs                     2 us
[2021-02-28T14:27:22.577+0300][135.151s][info][gc,stats       ]   Choose Collection Set             118 us
[2021-02-28T14:27:22.577+0300][135.151s][info][gc,stats       ]   Rebuild Free Set                   22 us
[2021-02-28T14:27:22.577+0300][135.151s][info][gc,stats       ]   Initial Evacuation                 15 us
[2021-02-28T14:27:22.577+0300][135.151s][info][gc,stats       ]   Manage GCLABs                       2 us
[2021-02-28T14:27:22.579+0300][135.151s][info][gc,stats       ]   Finish Work                    192306 us
[2021-02-28T14:27:22.579+0300][135.151s][info][gc,stats       ]   Update Region States               76 us
[2021-02-28T14:27:22.579+0300][135.151s][info][gc,stats       ]   Trash Collection Set                3 us
[2021-02-28T14:27:22.579+0300][135.151s][info][gc,stats       ]   Rebuild Free Set                   23 us
[2021-02-28T14:27:22.579+0300][135.151s][info][gc,stats       ] Pause Degenerated GC (G)        1595595 us
[2021-02-28T14:27:22.579+0300][135.151s][info][gc,stats       ] Pause Degenerated GC (N)        1595315 us
[2021-02-28T14:27:22.579+0300][135.151s][info][gc,stats       ]   Degen Mark Roots                  101 us, parallelism: 0.49x
[2021-02-28T14:27:22.579+0300][135.151s][info][gc,stats       ]     DM: <total>                      50 us
[2021-02-28T14:27:22.579+0300][135.151s][info][gc,stats       ]     DM: JNI Handles Roots             2 us, workers (us):   1,   0,   0, 
[2021-02-28T14:27:22.579+0300][135.151s][info][gc,stats       ]     DM: VM Global Roots               3 us, workers (us):   1,   1,   0, 
[2021-02-28T14:27:22.579+0300][135.151s][info][gc,stats       ]     DM: CLDG Roots                   45 us, workers (us):  45, ---, ---, 
[2021-02-28T14:27:22.579+0300][135.151s][info][gc,stats       ]   Degen Update Roots                696 us, parallelism: 2.23x
[2021-02-28T14:27:22.579+0300][135.151s][info][gc,stats       ]     DU: <total>                    1556 us
[2021-02-28T14:27:22.579+0300][135.151s][info][gc,stats       ]     DU: Thread Roots                 90 us, workers (us):  55,  34,   1, 
[2021-02-28T14:27:22.579+0300][135.151s][info][gc,stats       ]     DU: Code Cache Roots           1380 us, workers (us): 405, 443, 532, 
[2021-02-28T14:27:22.579+0300][135.151s][info][gc,stats       ]     DU: Universe Roots                1 us, workers (us):   1, ---, ---, 
[2021-02-28T14:27:22.579+0300][135.151s][info][gc,stats       ]     DU: JNI Handles Roots             1 us, workers (us):   1,   0,   0, 
[2021-02-28T14:27:22.579+0300][135.151s][info][gc,stats       ]     DU: JVMTI Weak Roots              0 us, workers (us):   0, ---, ---, 
[2021-02-28T14:27:22.579+0300][135.151s][info][gc,stats       ]     DU: JFR Weak Roots                0 us, workers (us): ---,   0, ---, 
[2021-02-28T14:27:22.579+0300][135.151s][info][gc,stats       ]     DU: String Table Roots           56 us, workers (us):  27,  27,   1, 
[2021-02-28T14:27:22.579+0300][135.151s][info][gc,stats       ]     DU: Resolved Table Roots          4 us, workers (us):   1,   1,   2, 
[2021-02-28T14:27:22.579+0300][135.151s][info][gc,stats       ]     DU: VM Global Roots               2 us, workers (us):   0,   1,   0, 
[2021-02-28T14:27:22.579+0300][135.151s][info][gc,stats       ]     DU: VM Weak Roots                 2 us, workers (us):   1,   1,   0, 
[2021-02-28T14:27:22.579+0300][135.151s][info][gc,stats       ]     DU: Synchronizer Roots            0 us, workers (us): ---,   0, ---, 
[2021-02-28T14:27:22.579+0300][135.151s][info][gc,stats       ]     DU: Management Roots              1 us, workers (us): ---,   1, ---, 
[2021-02-28T14:27:22.579+0300][135.151s][info][gc,stats       ]     DU: CLDG Roots                   18 us, workers (us):  18, ---, ---, 
[2021-02-28T14:27:22.579+0300][135.151s][info][gc,stats       ]     DU: JVMTI Roots                   0 us, workers (us):   0, ---, ---, 
[2021-02-28T14:27:22.579+0300][135.151s][info][gc,stats       ]   Pre Heap Dump                       1 us
[2021-02-28T14:27:22.579+0300][135.151s][info][gc,stats       ]   Prepare                           456 us
[2021-02-28T14:27:22.579+0300][135.151s][info][gc,stats       ]   Scan Roots                        108 us, parallelism: 1.27x
[2021-02-28T14:27:22.579+0300][135.151s][info][gc,stats       ]     FS: <total>                     138 us
[2021-02-28T14:27:22.579+0300][135.151s][info][gc,stats       ]     FS: Thread Roots                133 us, workers (us):  51,  57,  24, 
[2021-02-28T14:27:22.579+0300][135.151s][info][gc,stats       ]     FS: Universe Roots                3 us, workers (us):   3, ---, ---, 
[2021-02-28T14:27:22.579+0300][135.151s][info][gc,stats       ]     FS: Synchronizer Roots            0 us, workers (us): ---,   0, ---, 
[2021-02-28T14:27:22.579+0300][135.151s][info][gc,stats       ]     FS: Management Roots              2 us, workers (us): ---,   2, ---, 
[2021-02-28T14:27:22.579+0300][135.151s][info][gc,stats       ]     FS: JVMTI Roots                   0 us, workers (us): ---,   0, ---, 
[2021-02-28T14:27:22.579+0300][135.151s][info][gc,stats       ]   Scan Concurrent Roots             103 us, parallelism: 0.49x
[2021-02-28T14:27:22.579+0300][135.151s][info][gc,stats       ]     FCS: <total>                     51 us
[2021-02-28T14:27:22.579+0300][135.151s][info][gc,stats       ]     FCS: JNI Handles Roots            2 us, workers (us):   2,   0,   0, 
[2021-02-28T14:27:22.579+0300][135.151s][info][gc,stats       ]     FCS: VM Global Roots              2 us, workers (us):   1,   1,   0, 
[2021-02-28T14:27:22.579+0300][135.151s][info][gc,stats       ]     FCS: CLDG Roots                  46 us, workers (us): ---,  46, ---, 
[2021-02-28T14:27:22.579+0300][135.151s][info][gc,stats       ]   Mark                           423505 us
[2021-02-28T14:27:22.579+0300][135.151s][info][gc,stats       ]     Finish Queues                422496 us
[2021-02-28T14:27:22.579+0300][135.151s][info][gc,stats       ]     Weak References                 171 us
[2021-02-28T14:27:22.579+0300][135.151s][info][gc,stats       ]       Process                       166 us
[2021-02-28T14:27:22.579+0300][135.151s][info][gc,stats       ]     System Purge                     53 us
[2021-02-28T14:27:22.579+0300][135.151s][info][gc,stats       ]       Unload Classes                554 us
[2021-02-28T14:27:22.579+0300][135.151s][info][gc,stats       ]       Weak Roots                     53 us
[2021-02-28T14:27:22.579+0300][135.151s][info][gc,stats       ]       CLDG                            0 us
[2021-02-28T14:27:22.579+0300][135.151s][info][gc,stats       ]   Calculate Addresses            173976 us
[2021-02-28T14:27:22.579+0300][135.151s][info][gc,stats       ]     Regular Objects              173942 us
[2021-02-28T14:27:22.579+0300][135.151s][info][gc,stats       ]     Humongous Objects                15 us
[2021-02-28T14:27:22.579+0300][135.151s][info][gc,stats       ]   Adjust Pointers                197861 us
[2021-02-28T14:27:22.579+0300][135.151s][info][gc,stats       ]     FA: <total>                    1588 us
[2021-02-28T14:27:22.579+0300][135.151s][info][gc,stats       ]     FA: Thread Roots                 89 us, workers (us):  47,  41,   1, 
[2021-02-28T14:27:22.579+0300][135.151s][info][gc,stats       ]     FA: Code Cache Roots           1391 us, workers (us): 407, 449, 534, 
[2021-02-28T14:27:22.579+0300][135.151s][info][gc,stats       ]     FA: Universe Roots                1 us, workers (us):   1, ---, ---, 
[2021-02-28T14:27:22.579+0300][135.151s][info][gc,stats       ]     FA: JNI Handles Roots             2 us, workers (us):   0,   0,   2, 
[2021-02-28T14:27:22.579+0300][135.151s][info][gc,stats       ]     FA: JVMTI Weak Roots              0 us, workers (us):   0, ---, ---, 
[2021-02-28T14:27:22.579+0300][135.151s][info][gc,stats       ]     FA: JFR Weak Roots                0 us, workers (us):   0, ---, ---, 
[2021-02-28T14:27:22.579+0300][135.151s][info][gc,stats       ]     FA: JNI Weak Roots                0 us, workers (us):   0,   0,   0, 
[2021-02-28T14:27:22.579+0300][135.151s][info][gc,stats       ]     FA: String Table Roots           57 us, workers (us):  19,  19,  19, 
[2021-02-28T14:27:22.579+0300][135.151s][info][gc,stats       ]     FA: Resolved Table Roots          4 us, workers (us):   2,   0,   2, 
[2021-02-28T14:27:22.579+0300][135.151s][info][gc,stats       ]     FA: VM Global Roots               3 us, workers (us):   1,   2,   0, 
[2021-02-28T14:27:22.579+0300][135.151s][info][gc,stats       ]     FA: VM Weak Roots                 3 us, workers (us):   0,   2,   1, 
[2021-02-28T14:27:22.579+0300][135.151s][info][gc,stats       ]     FA: Synchronizer Roots            0 us, workers (us): ---,   0, ---, 
[2021-02-28T14:27:22.579+0300][135.151s][info][gc,stats       ]     FA: Management Roots              1 us, workers (us): ---,   1, ---, 
[2021-02-28T14:27:22.579+0300][135.152s][info][gc,stats       ]     FA: CLDG Roots                   35 us, workers (us):  35, ---, ---, 
[2021-02-28T14:27:22.579+0300][135.152s][info][gc,stats       ]     FA: JVMTI Roots                   0 us, workers (us): ---, ---,   0, 
[2021-02-28T14:27:22.579+0300][135.152s][info][gc,stats       ]   Copy Objects                   178854 us
[2021-02-28T14:27:22.579+0300][135.152s][info][gc,stats       ]     Regular Objects              178324 us
[2021-02-28T14:27:22.579+0300][135.152s][info][gc,stats       ]     Humongous Objects                13 us
[2021-02-28T14:27:22.579+0300][135.152s][info][gc,stats       ]     Reset Complete Bitmap           467 us
[2021-02-28T14:27:22.579+0300][135.152s][info][gc,stats       ]     Rebuild Region Sets              49 us
[2021-02-28T14:27:22.579+0300][135.152s][info][gc,stats       ]   Post Heap Dump                      1 us
[2021-02-28T14:27:22.579+0300][135.152s][info][gc,stats       ] Pacing                          4794443 us
[2021-02-28T14:27:22.579+0300][135.152s][info][gc,stats       ] 
[2021-02-28T14:27:22.579+0300][135.152s][info][gc,stats       ] Allocation pacing accrued:
[2021-02-28T14:27:22.579+0300][135.152s][info][gc,stats       ]    1598 of  1599 ms ( 99.9%): Notification Thread
[2021-02-28T14:27:22.579+0300][135.152s][info][gc,stats       ]    1599 of  1599 ms (100.0%): RMI TCP Connection(6)-172.22.16.1
[2021-02-28T14:27:22.579+0300][135.152s][info][gc,stats       ]    1598 of  1599 ms (100.0%): RMI TCP Connection(7)-172.22.16.1
[2021-02-28T14:27:22.579+0300][135.152s][info][gc,stats       ]    4794 of  1599 ms (299.9%): <total>
[2021-02-28T14:27:22.579+0300][135.152s][info][gc,stats       ]     252 of  1599 ms ( 15.8%): <average total>
[2021-02-28T14:27:22.579+0300][135.152s][info][gc,stats       ]    1598 of  1599 ms (100.0%): <average non-zero>
[2021-02-28T14:27:22.579+0300][135.152s][info][gc,stats       ] 
[2021-02-28T14:27:22.579+0300][135.152s][info][gc,metaspace   ] Metaspace: 7005K(7552K)->7005K(7552K) NonClass: 6284K(6656K)->6284K(6656K) Class: 721K(896K)->721K(896K)
[2021-02-28T14:27:22.579+0300][135.152s][info][gc,ergo        ] Pacer for Idle. Initial: 20971K, Alloc Tax Rate: 1.0x
[2021-02-28T14:27:22.581+0300][135.153s][info][gc             ] Trigger: Free (499K) is below minimum threshold (102M)
[2021-02-28T14:27:22.581+0300][135.153s][info][gc,ergo        ] Free: 499K, Max: 364K regular, 0B humongous, Frag: 0% external, 51% internal; Reserve: 48128K, Max: 512K
[2021-02-28T14:27:22.581+0300][135.153s][info][gc,start       ] GC(68) Concurrent reset
[2021-02-28T14:27:22.581+0300][135.153s][info][gc,task        ] GC(68) Using 1 of 3 workers for concurrent reset
[2021-02-28T14:27:22.581+0300][135.153s][info][gc,ergo        ] GC(68) Pacer for Reset. Non-Taxable: 1024M
[2021-02-28T14:27:22.581+0300][135.153s][info][gc             ] GC(68) Concurrent reset 0.199ms
[2021-02-28T14:27:22.581+0300][135.153s][info][gc,start       ] GC(68) Pause Init Mark (unload classes)
[2021-02-28T14:27:22.581+0300][135.153s][info][gc,task        ] GC(68) Using 3 of 3 workers for init marking
[2021-02-28T14:27:22.581+0300][135.154s][info][gc,ergo        ] GC(68) Pacer for Mark. Expected Live: 1756M, Free: 499K, Non-Taxable: 51175B, Alloc Tax Rate: 4398.2x
[2021-02-28T14:27:22.581+0300][135.154s][info][gc             ] GC(68) Pause Init Mark (unload classes) 0.245ms
[2021-02-28T14:27:22.581+0300][135.154s][info][gc,start       ] GC(68) Concurrent marking (unload classes)
[2021-02-28T14:27:22.581+0300][135.154s][info][gc,task        ] GC(68) Using 1 of 3 workers for concurrent marking
[2021-02-28T14:27:22.937+0300][135.509s][info][gc             ] Failed to allocate TLAB, 9184B
[2021-02-28T14:27:22.937+0300][135.509s][info][gc             ] Cancelling GC: Allocation Failure
[2021-02-28T14:27:22.937+0300][135.509s][info][gc             ] GC(68) Concurrent marking (unload classes) 355.406ms
[2021-02-28T14:27:22.937+0300][135.509s][info][gc,ergo        ] Free: 0B, Max: 0B regular, 0B humongous, Frag: 0% external, 0% internal; Reserve: 48128K, Max: 512K
[2021-02-28T14:27:22.937+0300][135.509s][info][gc,stats       ] 
[2021-02-28T14:27:22.937+0300][135.509s][info][gc,stats       ] All times are wall-clock times, except per-root-class counters, that are sum over
[2021-02-28T14:27:22.937+0300][135.509s][info][gc,stats       ] all workers. Dividing the <total> over the root stage time estimates parallelism.
[2021-02-28T14:27:22.937+0300][135.509s][info][gc,stats       ] 
[2021-02-28T14:27:22.937+0300][135.509s][info][gc,stats       ] Concurrent Reset                    221 us
[2021-02-28T14:27:22.937+0300][135.509s][info][gc,stats       ] Pause Init Mark (G)                 461 us
[2021-02-28T14:27:22.937+0300][135.509s][info][gc,stats       ] Pause Init Mark (N)                 259 us
[2021-02-28T14:27:22.937+0300][135.509s][info][gc,stats       ]   Manage TLABs                        3 us
[2021-02-28T14:27:22.937+0300][135.509s][info][gc,stats       ]   Update Region States               77 us
[2021-02-28T14:27:22.937+0300][135.509s][info][gc,stats       ]   Scan Roots                        103 us, parallelism: 1.12x
[2021-02-28T14:27:22.937+0300][135.509s][info][gc,stats       ]     S: <total>                      115 us
[2021-02-28T14:27:22.937+0300][135.509s][info][gc,stats       ]     S: Thread Roots                 111 us, workers (us):  50,  46,  15, 
[2021-02-28T14:27:22.937+0300][135.509s][info][gc,stats       ]     S: Universe Roots                 2 us, workers (us):   2, ---, ---, 
[2021-02-28T14:27:22.937+0300][135.509s][info][gc,stats       ]     S: Synchronizer Roots             0 us, workers (us): ---,   0, ---, 
[2021-02-28T14:27:22.937+0300][135.509s][info][gc,stats       ]     S: Management Roots               1 us, workers (us): ---,   1, ---, 
[2021-02-28T14:27:22.937+0300][135.509s][info][gc,stats       ]     S: JVMTI Roots                    0 us, workers (us):   0, ---, ---, 
[2021-02-28T14:27:22.937+0300][135.509s][info][gc,stats       ] Concurrent Marking               355429 us
[2021-02-28T14:27:22.937+0300][135.509s][info][gc,stats       ]   Roots                             148 us, parallelism: 0.43x
[2021-02-28T14:27:22.937+0300][135.509s][info][gc,stats       ]     CM: <total>                      64 us
[2021-02-28T14:27:22.937+0300][135.509s][info][gc,stats       ]     CM: JNI Handles Roots             2 us, workers (us):   2, ---, ---, 
[2021-02-28T14:27:22.937+0300][135.509s][info][gc,stats       ]     CM: VM Global Roots               2 us, workers (us):   2, ---, ---, 
[2021-02-28T14:27:22.937+0300][135.509s][info][gc,stats       ]     CM: CLDG Roots                   61 us, workers (us):  61, ---, ---, 
[2021-02-28T14:27:22.937+0300][135.509s][info][gc,stats       ] Pacing                          1532485 us
[2021-02-28T14:27:22.937+0300][135.509s][info][gc,stats       ] 
[2021-02-28T14:27:22.937+0300][135.509s][info][gc,stats       ] Allocation pacing accrued:
[2021-02-28T14:27:22.937+0300][135.509s][info][gc,stats       ]     358 of   358 ms (100.1%): main
[2021-02-28T14:27:22.937+0300][135.509s][info][gc,stats       ]     355 of   358 ms ( 99.3%): Notification Thread
[2021-02-28T14:27:22.937+0300][135.509s][info][gc,stats       ]      13 of   358 ms (  3.6%): RMI TCP Connection(2)-172.22.16.1
[2021-02-28T14:27:22.937+0300][135.509s][info][gc,stats       ]     247 of   358 ms ( 68.9%): RMI TCP Connection(5)-172.22.16.1
[2021-02-28T14:27:22.937+0300][135.509s][info][gc,stats       ]     353 of   358 ms ( 98.7%): RMI TCP Connection(6)-172.22.16.1
[2021-02-28T14:27:22.937+0300][135.509s][info][gc,stats       ]     207 of   358 ms ( 57.8%): RMI TCP Connection(7)-172.22.16.1
[2021-02-28T14:27:22.937+0300][135.509s][info][gc,stats       ]    1532 of   358 ms (428.4%): <total>
[2021-02-28T14:27:22.937+0300][135.509s][info][gc,stats       ]      81 of   358 ms ( 22.5%): <average total>
[2021-02-28T14:27:22.937+0300][135.509s][info][gc,stats       ]     255 of   358 ms ( 71.4%): <average non-zero>
[2021-02-28T14:27:22.937+0300][135.509s][info][gc,stats       ] 
[2021-02-28T14:27:22.937+0300][135.509s][info][gc,metaspace   ] Metaspace: 7005K(7552K)->7013K(7552K) NonClass: 6284K(6656K)->6291K(6656K) Class: 721K(896K)->722K(896K)
[2021-02-28T14:27:22.937+0300][135.509s][info][gc,ergo        ] Pacer for Idle. Initial: 20971K, Alloc Tax Rate: 1.0x
[2021-02-28T14:27:22.940+0300][135.512s][info][gc             ] Trigger: Handle Allocation Failure
[2021-02-28T14:27:22.940+0300][135.512s][info][gc,ergo        ] Free: 0B, Max: 0B regular, 0B humongous, Frag: 0% external, 0% internal; Reserve: 48128K, Max: 512K
[2021-02-28T14:27:22.940+0300][135.512s][info][gc,start       ] GC(69) Pause Degenerated GC (Mark)
[2021-02-28T14:27:22.940+0300][135.512s][info][gc,task        ] GC(69) Using 3 of 3 workers for stw degenerated gc
[2021-02-28T14:27:23.231+0300][135.804s][info][gc,ergo        ] GC(69) Adaptive CSet Selection. Target Free: 145M, Actual Free: 48128K, Max CSet: 43690K, Min Garbage: 100420K
[2021-02-28T14:27:23.231+0300][135.804s][info][gc,ergo        ] GC(69) Collectable Garbage: 8864B (100%), Immediate: 0B (0%), CSet: 8864B (100%)
[2021-02-28T14:27:23.231+0300][135.804s][info][gc,ergo        ] GC(69) Pacer for Evacuation. Used CSet: 43517K, Free: 17112B, Non-Taxable: 1711B, Alloc Tax Rate: 6365.6x
[2021-02-28T14:27:23.242+0300][135.814s][info][gc,ergo        ] GC(69) Pacer for Update Refs. Used: 1019M, Free: 17112B, Non-Taxable: 1711B, Alloc Tax Rate: 76368.2x
[2021-02-28T14:27:23.435+0300][136.008s][info][gc,ergo        ] GC(69) Bad progress for free space: 17112B, need 10485K
[2021-02-28T14:27:23.435+0300][136.008s][info][gc             ] GC(69) Cancelling GC: Upgrade To Full GC
[2021-02-28T14:27:23.436+0300][136.009s][info][gc,phases,start] GC(69) Phase 1: Mark live objects
[2021-02-28T14:27:23.852+0300][136.425s][info][gc,phases      ] GC(69) Phase 1: Mark live objects 416.095ms
[2021-02-28T14:27:23.852+0300][136.425s][info][gc,phases,start] GC(69) Phase 2: Compute new object addresses
[2021-02-28T14:27:24.029+0300][136.602s][info][gc,phases      ] GC(69) Phase 2: Compute new object addresses 177.071ms
[2021-02-28T14:27:24.029+0300][136.602s][info][gc,phases,start] GC(69) Phase 3: Adjust pointers
[2021-02-28T14:27:24.225+0300][136.797s][info][gc,phases      ] GC(69) Phase 3: Adjust pointers 195.257ms
[2021-02-28T14:27:24.225+0300][136.797s][info][gc,phases,start] GC(69) Phase 4: Move objects
[2021-02-28T14:27:24.404+0300][136.977s][info][gc,phases      ] GC(69) Phase 4: Move objects 179.290ms
[2021-02-28T14:27:24.404+0300][136.977s][info][gc,ergo        ] GC(69) Bad progress for free space: 744K, need 10485K
[2021-02-28T14:27:24.404+0300][136.977s][info][gc             ] GC(69) Pause Degenerated GC (Mark) 976M->976M(1024M) 1464.770ms
[2021-02-28T14:27:24.404+0300][136.977s][info][gc,ergo        ] Free: 732K, Max: 386K regular, 0B humongous, Frag: 0% external, 99% internal; Reserve: 47616K, Max: 512K
[2021-02-28T14:27:24.404+0300][136.977s][info][gc,stats       ] 
[2021-02-28T14:27:24.404+0300][136.977s][info][gc,stats       ] All times are wall-clock times, except per-root-class counters, that are sum over
[2021-02-28T14:27:24.404+0300][136.977s][info][gc,stats       ] all workers. Dividing the <total> over the root stage time estimates parallelism.
[2021-02-28T14:27:24.404+0300][136.977s][info][gc,stats       ] 
[2021-02-28T14:27:24.404+0300][136.977s][info][gc,stats       ]   Finish Queues                  290740 us
[2021-02-28T14:27:24.404+0300][136.977s][info][gc,stats       ]   System Purge                       85 us
[2021-02-28T14:27:24.404+0300][136.977s][info][gc,stats       ]     Unload Classes                  621 us
[2021-02-28T14:27:24.404+0300][136.977s][info][gc,stats       ]     Weak Roots                       84 us
[2021-02-28T14:27:24.404+0300][136.977s][info][gc,stats       ]     CLDG                              0 us
[2021-02-28T14:27:24.404+0300][136.977s][info][gc,stats       ]   Update Region States              132 us
[2021-02-28T14:27:24.404+0300][136.977s][info][gc,stats       ]   Manage GC/TLABs                     4 us
[2021-02-28T14:27:24.404+0300][136.977s][info][gc,stats       ]   Choose Collection Set             117 us
[2021-02-28T14:27:24.404+0300][136.977s][info][gc,stats       ]   Rebuild Free Set                   21 us
[2021-02-28T14:27:24.404+0300][136.977s][info][gc,stats       ]   Initial Evacuation                 14 us
[2021-02-28T14:27:24.404+0300][136.977s][info][gc,stats       ]   Manage GCLABs                       1 us
[2021-02-28T14:27:24.404+0300][136.977s][info][gc,stats       ]   Finish Work                    193276 us
[2021-02-28T14:27:24.404+0300][136.977s][info][gc,stats       ]   Update Region States               58 us
[2021-02-28T14:27:24.404+0300][136.977s][info][gc,stats       ]   Trash Collection Set                2 us
[2021-02-28T14:27:24.404+0300][136.977s][info][gc,stats       ]   Rebuild Free Set                   23 us
[2021-02-28T14:27:24.404+0300][136.977s][info][gc,stats       ] Pause Degenerated GC (G)        1465019 us
[2021-02-28T14:27:24.404+0300][136.977s][info][gc,stats       ] Pause Degenerated GC (N)        1464788 us
[2021-02-28T14:27:24.404+0300][136.977s][info][gc,stats       ]   Degen Mark Roots                  123 us, parallelism: 0.22x
[2021-02-28T14:27:24.404+0300][136.977s][info][gc,stats       ]     DM: <total>                      27 us
[2021-02-28T14:27:24.404+0300][136.977s][info][gc,stats       ]     DM: JNI Handles Roots             1 us, workers (us):   1,   0,   0, 
[2021-02-28T14:27:24.404+0300][136.977s][info][gc,stats       ]     DM: VM Global Roots               2 us, workers (us):   1,   0,   1, 
[2021-02-28T14:27:24.404+0300][136.977s][info][gc,stats       ]     DM: CLDG Roots                   23 us, workers (us): ---,  23, ---, 
[2021-02-28T14:27:24.404+0300][136.977s][info][gc,stats       ]   Degen Update Roots                719 us, parallelism: 2.26x
[2021-02-28T14:27:24.404+0300][136.977s][info][gc,stats       ]     DU: <total>                    1624 us
[2021-02-28T14:27:24.404+0300][136.977s][info][gc,stats       ]     DU: Thread Roots                154 us, workers (us): 120,   1,  33, 
[2021-02-28T14:27:24.404+0300][136.977s][info][gc,stats       ]     DU: Code Cache Roots           1381 us, workers (us): 405, 532, 444, 
[2021-02-28T14:27:24.404+0300][136.977s][info][gc,stats       ]     DU: Universe Roots                1 us, workers (us):   1, ---, ---, 
[2021-02-28T14:27:24.404+0300][136.977s][info][gc,stats       ]     DU: JNI Handles Roots             1 us, workers (us):   1,   0,   0, 
[2021-02-28T14:27:24.404+0300][136.977s][info][gc,stats       ]     DU: JVMTI Weak Roots              0 us, workers (us):   0, ---, ---, 
[2021-02-28T14:27:24.404+0300][136.977s][info][gc,stats       ]     DU: JFR Weak Roots                0 us, workers (us):   0, ---, ---, 
[2021-02-28T14:27:24.404+0300][136.977s][info][gc,stats       ]     DU: String Table Roots           60 us, workers (us):  40,  16,   3, 
[2021-02-28T14:27:24.404+0300][136.977s][info][gc,stats       ]     DU: Resolved Table Roots          5 us, workers (us):   2,   1,   1, 
[2021-02-28T14:27:24.404+0300][136.977s][info][gc,stats       ]     DU: VM Global Roots               1 us, workers (us):   1,   0,   0, 
[2021-02-28T14:27:24.404+0300][136.977s][info][gc,stats       ]     DU: VM Weak Roots                 2 us, workers (us):   1,   0,   1, 
[2021-02-28T14:27:24.404+0300][136.977s][info][gc,stats       ]     DU: Synchronizer Roots            0 us, workers (us):   0, ---, ---, 
[2021-02-28T14:27:24.404+0300][136.978s][info][gc,stats       ]     DU: Management Roots              1 us, workers (us):   1, ---, ---, 
[2021-02-28T14:27:24.404+0300][136.978s][info][gc,stats       ]     DU: CLDG Roots                   17 us, workers (us):  17, ---, ---, 
[2021-02-28T14:27:24.404+0300][136.978s][info][gc,stats       ]     DU: JVMTI Roots                   1 us, workers (us):   1, ---, ---, 
[2021-02-28T14:27:24.404+0300][136.978s][info][gc,stats       ]   Pre Heap Dump                       0 us
[2021-02-28T14:27:24.404+0300][136.978s][info][gc,stats       ]   Prepare                           474 us
[2021-02-28T14:27:24.404+0300][136.978s][info][gc,stats       ]   Scan Roots                        121 us, parallelism: 1.34x
[2021-02-28T14:27:24.404+0300][136.978s][info][gc,stats       ]     FS: <total>                     163 us
[2021-02-28T14:27:24.404+0300][136.978s][info][gc,stats       ]     FS: Thread Roots                158 us, workers (us):  58,  48,  52, 
[2021-02-28T14:27:24.404+0300][136.978s][info][gc,stats       ]     FS: Universe Roots                2 us, workers (us): ---,   2, ---, 
[2021-02-28T14:27:24.404+0300][136.978s][info][gc,stats       ]     FS: Synchronizer Roots            0 us, workers (us):   0, ---, ---, 
[2021-02-28T14:27:24.404+0300][136.978s][info][gc,stats       ]     FS: Management Roots              2 us, workers (us): ---, ---,   2, 
[2021-02-28T14:27:24.404+0300][136.978s][info][gc,stats       ]     FS: JVMTI Roots                   0 us, workers (us):   0, ---, ---, 
[2021-02-28T14:27:24.404+0300][136.978s][info][gc,stats       ]   Scan Concurrent Roots             115 us, parallelism: 0.45x
[2021-02-28T14:27:24.404+0300][136.978s][info][gc,stats       ]     FCS: <total>                     51 us
[2021-02-28T14:27:24.404+0300][136.978s][info][gc,stats       ]     FCS: JNI Handles Roots            3 us, workers (us):   2,   0,   0, 
[2021-02-28T14:27:24.404+0300][136.978s][info][gc,stats       ]     FCS: VM Global Roots              3 us, workers (us):   1,   2,   0, 
[2021-02-28T14:27:24.404+0300][136.978s][info][gc,stats       ]     FCS: CLDG Roots                  46 us, workers (us): ---,  46, ---, 
[2021-02-28T14:27:24.404+0300][136.978s][info][gc,stats       ]   Mark                           416057 us
[2021-02-28T14:27:24.404+0300][136.978s][info][gc,stats       ]     Finish Queues                414412 us
[2021-02-28T14:27:24.404+0300][136.978s][info][gc,stats       ]     Weak References                 243 us
[2021-02-28T14:27:24.404+0300][136.978s][info][gc,stats       ]       Process                       238 us
[2021-02-28T14:27:24.406+0300][136.978s][info][gc,stats       ]     System Purge                    114 us
[2021-02-28T14:27:24.406+0300][136.978s][info][gc,stats       ]       Unload Classes               1022 us
[2021-02-28T14:27:24.406+0300][136.978s][info][gc,stats       ]       Weak Roots                    114 us
[2021-02-28T14:27:24.406+0300][136.978s][info][gc,stats       ]       CLDG                           12 us
[2021-02-28T14:27:24.406+0300][136.978s][info][gc,stats       ]   Calculate Addresses            177058 us
[2021-02-28T14:27:24.406+0300][136.978s][info][gc,stats       ]     Regular Objects              177025 us
[2021-02-28T14:27:24.406+0300][136.978s][info][gc,stats       ]     Humongous Objects                15 us
[2021-02-28T14:27:24.406+0300][136.978s][info][gc,stats       ]   Adjust Pointers                195244 us
[2021-02-28T14:27:24.406+0300][136.978s][info][gc,stats       ]     FA: <total>                    1572 us
[2021-02-28T14:27:24.406+0300][136.978s][info][gc,stats       ]     FA: Thread Roots                 94 us, workers (us):  42,   1,  52, 
[2021-02-28T14:27:24.406+0300][136.978s][info][gc,stats       ]     FA: Code Cache Roots           1381 us, workers (us): 444, 534, 402, 
[2021-02-28T14:27:24.406+0300][136.978s][info][gc,stats       ]     FA: Universe Roots                1 us, workers (us):   1, ---, ---, 
[2021-02-28T14:27:24.406+0300][136.978s][info][gc,stats       ]     FA: JNI Handles Roots             2 us, workers (us):   1,   0,   0, 
[2021-02-28T14:27:24.406+0300][136.978s][info][gc,stats       ]     FA: JVMTI Weak Roots              0 us, workers (us):   0, ---, ---, 
[2021-02-28T14:27:24.406+0300][136.978s][info][gc,stats       ]     FA: JFR Weak Roots                0 us, workers (us):   0, ---, ---, 
[2021-02-28T14:27:24.406+0300][136.978s][info][gc,stats       ]     FA: JNI Weak Roots                0 us, workers (us):   0,   0,   0, 
[2021-02-28T14:27:24.406+0300][136.978s][info][gc,stats       ]     FA: String Table Roots           47 us, workers (us):  35,  12,   0, 
[2021-02-28T14:27:24.406+0300][136.978s][info][gc,stats       ]     FA: Resolved Table Roots          4 us, workers (us):   2,   3,   0, 
[2021-02-28T14:27:24.406+0300][136.978s][info][gc,stats       ]     FA: VM Global Roots               2 us, workers (us):   2,   0,   0, 
[2021-02-28T14:27:24.406+0300][136.978s][info][gc,stats       ]     FA: VM Weak Roots                 3 us, workers (us):   2,   0,   0, 
[2021-02-28T14:27:24.406+0300][136.978s][info][gc,stats       ]     FA: Synchronizer Roots            0 us, workers (us):   0, ---, ---, 
[2021-02-28T14:27:24.406+0300][136.978s][info][gc,stats       ]     FA: Management Roots              1 us, workers (us):   1, ---, ---, 
[2021-02-28T14:27:24.406+0300][136.978s][info][gc,stats       ]     FA: CLDG Roots                   37 us, workers (us): ---, ---,  37, 
[2021-02-28T14:27:24.406+0300][136.978s][info][gc,stats       ]     FA: JVMTI Roots                   0 us, workers (us):   0, ---, ---, 
[2021-02-28T14:27:24.406+0300][136.978s][info][gc,stats       ]   Copy Objects                   179277 us
[2021-02-28T14:27:24.406+0300][136.978s][info][gc,stats       ]     Regular Objects              178776 us
[2021-02-28T14:27:24.406+0300][136.978s][info][gc,stats       ]     Humongous Objects                13 us
[2021-02-28T14:27:24.406+0300][136.978s][info][gc,stats       ]     Reset Complete Bitmap           439 us
[2021-02-28T14:27:24.406+0300][136.978s][info][gc,stats       ]     Rebuild Region Sets              48 us
[2021-02-28T14:27:24.406+0300][136.978s][info][gc,stats       ]   Post Heap Dump                      1 us
[2021-02-28T14:27:24.406+0300][136.978s][info][gc,stats       ] Pacing                            14317 us
[2021-02-28T14:27:24.406+0300][136.978s][info][gc,stats       ] 
[2021-02-28T14:27:24.406+0300][136.978s][info][gc,stats       ] Allocation pacing accrued:
[2021-02-28T14:27:24.406+0300][136.978s][info][gc,stats       ]       4 of  1469 ms (  0.3%): Notification Thread
[2021-02-28T14:27:24.406+0300][136.978s][info][gc,stats       ]       4 of  1469 ms (  0.3%): RMI TCP Connection(5)-172.22.16.1
[2021-02-28T14:27:24.406+0300][136.978s][info][gc,stats       ]       6 of  1469 ms (  0.4%): RMI TCP Connection(6)-172.22.16.1
[2021-02-28T14:27:24.406+0300][136.978s][info][gc,stats       ]      14 of  1469 ms (  1.0%): <total>
[2021-02-28T14:27:24.406+0300][136.978s][info][gc,stats       ]       1 of  1469 ms (  0.1%): <average total>
[2021-02-28T14:27:24.406+0300][136.978s][info][gc,stats       ]       5 of  1469 ms (  0.3%): <average non-zero>
[2021-02-28T14:27:24.406+0300][136.978s][info][gc,stats       ] 
[2021-02-28T14:27:24.406+0300][136.978s][info][gc,metaspace   ] Metaspace: 7013K(7552K)->7006K(7552K) NonClass: 6291K(6656K)->6285K(6656K) Class: 722K(896K)->721K(896K)
[2021-02-28T14:27:24.406+0300][136.978s][info][gc,ergo        ] Pacer for Idle. Initial: 20971K, Alloc Tax Rate: 1.0x
[2021-02-28T14:27:24.408+0300][136.980s][info][gc             ] Trigger: Free (700K) is below minimum threshold (102M)
[2021-02-28T14:27:24.408+0300][136.980s][info][gc,ergo        ] Free: 700K, Max: 355K regular, 0B humongous, Frag: 0% external, 99% internal; Reserve: 47616K, Max: 512K
[2021-02-28T14:27:24.408+0300][136.980s][info][gc,start       ] GC(70) Concurrent reset
[2021-02-28T14:27:24.408+0300][136.980s][info][gc,task        ] GC(70) Using 1 of 3 workers for concurrent reset
[2021-02-28T14:27:24.408+0300][136.980s][info][gc,ergo        ] GC(70) Pacer for Reset. Non-Taxable: 1024M
[2021-02-28T14:27:24.408+0300][136.980s][info][gc             ] GC(70) Concurrent reset 0.266ms
[2021-02-28T14:27:24.408+0300][136.980s][info][gc,start       ] GC(70) Pause Init Mark (process weakrefs) (unload classes)
[2021-02-28T14:27:24.408+0300][136.980s][info][gc,task        ] GC(70) Using 3 of 3 workers for init marking
[2021-02-28T14:27:24.408+0300][136.981s][info][gc,ergo        ] GC(70) Pacer for Mark. Expected Live: 1756M, Free: 700K, Non-Taxable: 71770B, Alloc Tax Rate: 3137.2x
[2021-02-28T14:27:24.408+0300][136.981s][info][gc             ] GC(70) Pause Init Mark (process weakrefs) (unload classes) 0.187ms
[2021-02-28T14:27:24.408+0300][136.981s][info][gc,start       ] GC(70) Concurrent marking (process weakrefs) (unload classes)
[2021-02-28T14:27:24.408+0300][136.981s][info][gc,task        ] GC(70) Using 1 of 3 workers for concurrent marking
[2021-02-28T14:27:24.946+0300][137.519s][info][gc             ] Failed to allocate TLAB, 2664B
[2021-02-28T14:27:24.946+0300][137.519s][info][gc             ] Cancelling GC: Allocation Failure
[2021-02-28T14:27:24.946+0300][137.519s][info][gc             ] GC(70) Concurrent marking (process weakrefs) (unload classes) 538.193ms
[2021-02-28T14:27:24.946+0300][137.519s][info][gc,ergo        ] Free: 0B, Max: 0B regular, 0B humongous, Frag: 0% external, 0% internal; Reserve: 47616K, Max: 512K
[2021-02-28T14:27:24.946+0300][137.519s][info][gc,stats       ] 
[2021-02-28T14:27:24.946+0300][137.519s][info][gc,stats       ] All times are wall-clock times, except per-root-class counters, that are sum over
[2021-02-28T14:27:24.946+0300][137.519s][info][gc,stats       ] all workers. Dividing the <total> over the root stage time estimates parallelism.
[2021-02-28T14:27:24.946+0300][137.519s][info][gc,stats       ] 
[2021-02-28T14:27:24.946+0300][137.519s][info][gc,stats       ] Concurrent Reset                    287 us
[2021-02-28T14:27:24.946+0300][137.519s][info][gc,stats       ] Pause Init Mark (G)                 447 us
[2021-02-28T14:27:24.946+0300][137.519s][info][gc,stats       ] Pause Init Mark (N)                 201 us
[2021-02-28T14:27:24.946+0300][137.519s][info][gc,stats       ]   Manage TLABs                        3 us
[2021-02-28T14:27:24.946+0300][137.519s][info][gc,stats       ]   Update Region States               61 us
[2021-02-28T14:27:24.946+0300][137.519s][info][gc,stats       ]   Scan Roots                         62 us, parallelism: 2.06x
[2021-02-28T14:27:24.946+0300][137.519s][info][gc,stats       ]     S: <total>                      127 us
[2021-02-28T14:27:24.946+0300][137.519s][info][gc,stats       ]     S: Thread Roots                 124 us, workers (us):  41,  43,  40, 
[2021-02-28T14:27:24.946+0300][137.519s][info][gc,stats       ]     S: Universe Roots                 2 us, workers (us):   2, ---, ---, 
[2021-02-28T14:27:24.946+0300][137.519s][info][gc,stats       ]     S: Synchronizer Roots             0 us, workers (us): ---,   0, ---, 
[2021-02-28T14:27:24.946+0300][137.519s][info][gc,stats       ]     S: Management Roots               1 us, workers (us): ---, ---,   1, 
[2021-02-28T14:27:24.946+0300][137.519s][info][gc,stats       ]     S: JVMTI Roots                    0 us, workers (us): ---,   0, ---, 
[2021-02-28T14:27:24.946+0300][137.519s][info][gc,stats       ] Concurrent Marking               538221 us
[2021-02-28T14:27:24.946+0300][137.519s][info][gc,stats       ]   Roots                             107 us, parallelism: 0.56x
[2021-02-28T14:27:24.946+0300][137.519s][info][gc,stats       ]     CM: <total>                      60 us
[2021-02-28T14:27:24.946+0300][137.519s][info][gc,stats       ]     CM: JNI Handles Roots             1 us, workers (us):   1, ---, ---, 
[2021-02-28T14:27:24.946+0300][137.519s][info][gc,stats       ]     CM: VM Global Roots               2 us, workers (us):   2, ---, ---, 
[2021-02-28T14:27:24.946+0300][137.519s][info][gc,stats       ]     CM: CLDG Roots                   56 us, workers (us):  56, ---, ---, 
[2021-02-28T14:27:24.946+0300][137.519s][info][gc,stats       ] Pacing                          1982939 us
[2021-02-28T14:27:24.946+0300][137.519s][info][gc,stats       ] 
[2021-02-28T14:27:24.946+0300][137.519s][info][gc,stats       ] Allocation pacing accrued:
[2021-02-28T14:27:24.946+0300][137.519s][info][gc,stats       ]     539 of   541 ms ( 99.5%): main
[2021-02-28T14:27:24.946+0300][137.519s][info][gc,stats       ]     540 of   541 ms ( 99.8%): Notification Thread
[2021-02-28T14:27:24.946+0300][137.519s][info][gc,stats       ]      12 of   541 ms (  2.2%): RMI TCP Connection(2)-172.22.16.1
[2021-02-28T14:27:24.946+0300][137.519s][info][gc,stats       ]     290 of   541 ms ( 53.5%): RMI TCP Connection(5)-172.22.16.1
[2021-02-28T14:27:24.946+0300][137.519s][info][gc,stats       ]     532 of   541 ms ( 98.3%): RMI TCP Connection(6)-172.22.16.1
[2021-02-28T14:27:24.946+0300][137.519s][info][gc,stats       ]      71 of   541 ms ( 13.2%): RMI TCP Connection(7)-172.22.16.1
[2021-02-28T14:27:24.946+0300][137.519s][info][gc,stats       ]    1983 of   541 ms (366.5%): <total>
[2021-02-28T14:27:24.946+0300][137.519s][info][gc,stats       ]     104 of   541 ms ( 19.3%): <average total>
[2021-02-28T14:27:24.946+0300][137.519s][info][gc,stats       ]     330 of   541 ms ( 61.1%): <average non-zero>
[2021-02-28T14:27:24.946+0300][137.519s][info][gc,stats       ] 
[2021-02-28T14:27:24.946+0300][137.519s][info][gc,metaspace   ] Metaspace: 7006K(7552K)->7022K(7552K) NonClass: 6285K(6656K)->6299K(6656K) Class: 721K(896K)->723K(896K)
[2021-02-28T14:27:24.946+0300][137.519s][info][gc,ergo        ] Pacer for Idle. Initial: 20971K, Alloc Tax Rate: 1.0x
[2021-02-28T14:27:24.950+0300][137.522s][info][gc             ] Trigger: Handle Allocation Failure
[2021-02-28T14:27:24.950+0300][137.522s][info][gc,ergo        ] Free: 0B, Max: 0B regular, 0B humongous, Frag: 0% external, 0% internal; Reserve: 47616K, Max: 512K
[2021-02-28T14:27:24.950+0300][137.522s][info][gc,start       ] GC(71) Pause Degenerated GC (Mark)
[2021-02-28T14:27:24.950+0300][137.522s][info][gc,task        ] GC(71) Using 3 of 3 workers for stw degenerated gc
[2021-02-28T14:27:25.178+0300][137.751s][info][gc,ergo        ] GC(71) Adaptive CSet Selection. Target Free: 145M, Actual Free: 47616K, Max CSet: 43690K, Min Garbage: 100932K
[2021-02-28T14:27:25.178+0300][137.751s][info][gc,ergo        ] GC(71) Collectable Garbage: 12176B (100%), Immediate: 0B (0%), CSet: 12176B (100%)
[2021-02-28T14:27:25.178+0300][137.751s][info][gc,ergo        ] GC(71) Pacer for Evacuation. Used CSet: 43517K, Free: 16032B, Non-Taxable: 1603B, Alloc Tax Rate: 6794.4x
[2021-02-28T14:27:25.188+0300][137.761s][info][gc,ergo        ] GC(71) Pacer for Update Refs. Used: 1020M, Free: 16032B, Non-Taxable: 1603B, Alloc Tax Rate: 81552.7x
[2021-02-28T14:27:25.361+0300][137.935s][info][gc,ergo        ] GC(71) Bad progress for free space: 16032B, need 10485K
[2021-02-28T14:27:25.362+0300][137.935s][info][gc             ] GC(71) Cancelling GC: Upgrade To Full GC
[2021-02-28T14:27:25.362+0300][137.935s][info][gc,phases,start] GC(71) Phase 1: Mark live objects
[2021-02-28T14:27:25.781+0300][138.353s][info][gc,phases      ] GC(71) Phase 1: Mark live objects 418.264ms
[2021-02-28T14:27:25.781+0300][138.354s][info][gc,phases,start] GC(71) Phase 2: Compute new object addresses
[2021-02-28T14:27:25.958+0300][138.530s][info][gc,phases      ] GC(71) Phase 2: Compute new object addresses 176.714ms
[2021-02-28T14:27:25.958+0300][138.530s][info][gc,phases,start] GC(71) Phase 3: Adjust pointers
[2021-02-28T14:27:26.163+0300][138.735s][info][gc,phases      ] GC(71) Phase 3: Adjust pointers 204.617ms
[2021-02-28T14:27:26.163+0300][138.735s][info][gc,phases,start] GC(71) Phase 4: Move objects
[2021-02-28T14:27:26.344+0300][138.916s][info][gc,phases      ] GC(71) Phase 4: Move objects 181.411ms
[2021-02-28T14:27:26.344+0300][138.916s][info][gc,ergo        ] GC(71) Bad progress for free space: 789K, need 10485K
[2021-02-28T14:27:26.344+0300][138.917s][info][gc             ] GC(71) Pause Degenerated GC (Mark) 977M->976M(1024M) 1394.476ms
[2021-02-28T14:27:26.344+0300][138.917s][info][gc,ergo        ] Free: 789K, Max: 403K regular, 0B humongous, Frag: 0% external, 99% internal; Reserve: 47104K, Max: 512K
[2021-02-28T14:27:26.344+0300][138.917s][info][gc,stats       ] 
[2021-02-28T14:27:26.344+0300][138.917s][info][gc,stats       ] All times are wall-clock times, except per-root-class counters, that are sum over
[2021-02-28T14:27:26.344+0300][138.917s][info][gc,stats       ] all workers. Dividing the <total> over the root stage time estimates parallelism.
[2021-02-28T14:27:26.344+0300][138.917s][info][gc,stats       ] 
[2021-02-28T14:27:26.344+0300][138.917s][info][gc,stats       ]   Finish Queues                  228062 us
[2021-02-28T14:27:26.344+0300][138.917s][info][gc,stats       ]   Weak References                   163 us
[2021-02-28T14:27:26.344+0300][138.917s][info][gc,stats       ]     Process                         158 us
[2021-02-28T14:27:26.344+0300][138.917s][info][gc,stats       ]   System Purge                      119 us
[2021-02-28T14:27:26.344+0300][138.917s][info][gc,stats       ]     Unload Classes                  589 us
[2021-02-28T14:27:26.344+0300][138.917s][info][gc,stats       ]     Weak Roots                      119 us
[2021-02-28T14:27:26.344+0300][138.917s][info][gc,stats       ]     CLDG                              0 us
[2021-02-28T14:27:26.344+0300][138.917s][info][gc,stats       ]   Update Region States               94 us
[2021-02-28T14:27:26.344+0300][138.917s][info][gc,stats       ]   Manage GC/TLABs                     4 us
[2021-02-28T14:27:26.344+0300][138.917s][info][gc,stats       ]   Choose Collection Set             114 us
[2021-02-28T14:27:26.344+0300][138.917s][info][gc,stats       ]   Rebuild Free Set                   22 us
[2021-02-28T14:27:26.344+0300][138.917s][info][gc,stats       ]   Initial Evacuation                 14 us
[2021-02-28T14:27:26.344+0300][138.917s][info][gc,stats       ]   Manage GCLABs                       2 us
[2021-02-28T14:27:26.344+0300][138.917s][info][gc,stats       ]   Finish Work                    173298 us
[2021-02-28T14:27:26.344+0300][138.917s][info][gc,stats       ]   Update Region States               26 us
[2021-02-28T14:27:26.344+0300][138.917s][info][gc,stats       ]   Trash Collection Set                3 us
[2021-02-28T14:27:26.344+0300][138.917s][info][gc,stats       ]   Rebuild Free Set                   23 us
[2021-02-28T14:27:26.344+0300][138.917s][info][gc,stats       ] Pause Degenerated GC (G)        1394767 us
[2021-02-28T14:27:26.344+0300][138.917s][info][gc,stats       ] Pause Degenerated GC (N)        1394491 us
[2021-02-28T14:27:26.344+0300][138.917s][info][gc,stats       ]   Degen Mark Roots                  138 us, parallelism: 0.59x
[2021-02-28T14:27:26.344+0300][138.917s][info][gc,stats       ]     DM: <total>                      81 us
[2021-02-28T14:27:26.344+0300][138.917s][info][gc,stats       ]     DM: JNI Handles Roots             2 us, workers (us):   2,   0,   0, 
[2021-02-28T14:27:26.344+0300][138.917s][info][gc,stats       ]     DM: VM Global Roots               2 us, workers (us):   2,   0,   0, 
[2021-02-28T14:27:26.344+0300][138.917s][info][gc,stats       ]     DM: CLDG Roots                   77 us, workers (us):  77, ---, ---, 
[2021-02-28T14:27:26.344+0300][138.917s][info][gc,stats       ]   Degen Update Roots                693 us, parallelism: 2.20x
[2021-02-28T14:27:26.344+0300][138.917s][info][gc,stats       ]     DU: <total>                    1527 us
[2021-02-28T14:27:26.344+0300][138.917s][info][gc,stats       ]     DU: Thread Roots                 90 us, workers (us):  59,  31,   1, 
[2021-02-28T14:27:26.344+0300][138.917s][info][gc,stats       ]     DU: Code Cache Roots           1353 us, workers (us): 392, 439, 522, 
[2021-02-28T14:27:26.344+0300][138.917s][info][gc,stats       ]     DU: Universe Roots                1 us, workers (us): ---,   1, ---, 
[2021-02-28T14:27:26.344+0300][138.917s][info][gc,stats       ]     DU: JNI Handles Roots             1 us, workers (us):   0,   0,   0, 
[2021-02-28T14:27:26.344+0300][138.917s][info][gc,stats       ]     DU: JVMTI Weak Roots              0 us, workers (us): ---,   0, ---, 
[2021-02-28T14:27:26.344+0300][138.917s][info][gc,stats       ]     DU: JFR Weak Roots                0 us, workers (us):   0, ---, ---, 
[2021-02-28T14:27:26.344+0300][138.917s][info][gc,stats       ]     DU: String Table Roots           58 us, workers (us):  29,  29,   0, 
[2021-02-28T14:27:26.344+0300][138.917s][info][gc,stats       ]     DU: Resolved Table Roots          4 us, workers (us):   2,   2,   0, 
[2021-02-28T14:27:26.344+0300][138.917s][info][gc,stats       ]     DU: VM Global Roots               1 us, workers (us):   1,   0,   0, 
[2021-02-28T14:27:26.344+0300][138.917s][info][gc,stats       ]     DU: VM Weak Roots                 2 us, workers (us):   0,   1,   0, 
[2021-02-28T14:27:26.344+0300][138.917s][info][gc,stats       ]     DU: Synchronizer Roots            0 us, workers (us):   0, ---, ---, 
[2021-02-28T14:27:26.344+0300][138.917s][info][gc,stats       ]     DU: Management Roots              1 us, workers (us):   1, ---, ---, 
[2021-02-28T14:27:26.344+0300][138.917s][info][gc,stats       ]     DU: CLDG Roots                   16 us, workers (us):  16, ---, ---, 
[2021-02-28T14:27:26.344+0300][138.917s][info][gc,stats       ]     DU: JVMTI Roots                   0 us, workers (us): ---,   0, ---, 
[2021-02-28T14:27:26.344+0300][138.917s][info][gc,stats       ]   Pre Heap Dump                       0 us
[2021-02-28T14:27:26.344+0300][138.917s][info][gc,stats       ]   Prepare                           448 us
[2021-02-28T14:27:26.344+0300][138.917s][info][gc,stats       ]   Scan Roots                        104 us, parallelism: 1.27x
[2021-02-28T14:27:26.344+0300][138.917s][info][gc,stats       ]     FS: <total>                     132 us
[2021-02-28T14:27:26.344+0300][138.917s][info][gc,stats       ]     FS: Thread Roots                127 us, workers (us):  41,  45,  41, 
[2021-02-28T14:27:26.344+0300][138.917s][info][gc,stats       ]     FS: Universe Roots                2 us, workers (us):   2, ---, ---, 
[2021-02-28T14:27:26.344+0300][138.917s][info][gc,stats       ]     FS: Synchronizer Roots            0 us, workers (us): ---,   0, ---, 
[2021-02-28T14:27:26.344+0300][138.917s][info][gc,stats       ]     FS: Management Roots              2 us, workers (us): ---,   2, ---, 
[2021-02-28T14:27:26.344+0300][138.917s][info][gc,stats       ]     FS: JVMTI Roots                   0 us, workers (us): ---, ---,   0, 
[2021-02-28T14:27:26.344+0300][138.917s][info][gc,stats       ]   Scan Concurrent Roots             102 us, parallelism: 0.51x
[2021-02-28T14:27:26.344+0300][138.917s][info][gc,stats       ]     FCS: <total>                     52 us
[2021-02-28T14:27:26.344+0300][138.917s][info][gc,stats       ]     FCS: JNI Handles Roots            2 us, workers (us):   1,   0,   0, 
[2021-02-28T14:27:26.344+0300][138.917s][info][gc,stats       ]     FCS: VM Global Roots              3 us, workers (us):   1,   2,   0, 
[2021-02-28T14:27:26.344+0300][138.917s][info][gc,stats       ]     FCS: CLDG Roots                  47 us, workers (us): ---, ---,  47, 
[2021-02-28T14:27:26.344+0300][138.917s][info][gc,stats       ]   Mark                           418219 us
[2021-02-28T14:27:26.344+0300][138.917s][info][gc,stats       ]     Finish Queues                416668 us
[2021-02-28T14:27:26.344+0300][138.917s][info][gc,stats       ]     Weak References                 192 us
[2021-02-28T14:27:26.344+0300][138.917s][info][gc,stats       ]       Process                       187 us
[2021-02-28T14:27:26.344+0300][138.917s][info][gc,stats       ]     System Purge                    101 us
[2021-02-28T14:27:26.344+0300][138.917s][info][gc,stats       ]       Unload Classes               1020 us
[2021-02-28T14:27:26.344+0300][138.917s][info][gc,stats       ]       Weak Roots                    101 us
[2021-02-28T14:27:26.344+0300][138.917s][info][gc,stats       ]       CLDG                           12 us
[2021-02-28T14:27:26.344+0300][138.917s][info][gc,stats       ]   Calculate Addresses            176700 us
[2021-02-28T14:27:26.344+0300][138.917s][info][gc,stats       ]     Regular Objects              176665 us
[2021-02-28T14:27:26.344+0300][138.917s][info][gc,stats       ]     Humongous Objects                16 us
[2021-02-28T14:27:26.344+0300][138.917s][info][gc,stats       ]   Adjust Pointers                204604 us
[2021-02-28T14:27:26.344+0300][138.917s][info][gc,stats       ]     FA: <total>                    1569 us
[2021-02-28T14:27:26.344+0300][138.917s][info][gc,stats       ]     FA: Thread Roots                 78 us, workers (us):  28,   1,  49, 
[2021-02-28T14:27:26.344+0300][138.917s][info][gc,stats       ]     FA: Code Cache Roots           1393 us, workers (us): 455, 537, 402, 
[2021-02-28T14:27:26.344+0300][138.917s][info][gc,stats       ]     FA: Universe Roots                1 us, workers (us):   1, ---, ---, 
[2021-02-28T14:27:26.344+0300][138.918s][info][gc,stats       ]     FA: JNI Handles Roots             2 us, workers (us):   1,   0,   0, 
[2021-02-28T14:27:26.344+0300][138.918s][info][gc,stats       ]     FA: JVMTI Weak Roots              0 us, workers (us):   0, ---, ---, 
[2021-02-28T14:27:26.344+0300][138.918s][info][gc,stats       ]     FA: JFR Weak Roots                0 us, workers (us):   0, ---, ---, 
[2021-02-28T14:27:26.344+0300][138.918s][info][gc,stats       ]     FA: JNI Weak Roots                0 us, workers (us):   0,   0,   0, 
[2021-02-28T14:27:26.344+0300][138.918s][info][gc,stats       ]     FA: String Table Roots           49 us, workers (us):  34,  13,   1, 
[2021-02-28T14:27:26.344+0300][138.918s][info][gc,stats       ]     FA: Resolved Table Roots          5 us, workers (us):   2,   2,   1, 
[2021-02-28T14:27:26.344+0300][138.918s][info][gc,stats       ]     FA: VM Global Roots               2 us, workers (us):   2,   0,   0, 
[2021-02-28T14:27:26.344+0300][138.918s][info][gc,stats       ]     FA: VM Weak Roots                 3 us, workers (us):   2,   1,   0, 
[2021-02-28T14:27:26.344+0300][138.918s][info][gc,stats       ]     FA: Synchronizer Roots            0 us, workers (us):   0, ---, ---, 
[2021-02-28T14:27:26.344+0300][138.918s][info][gc,stats       ]     FA: Management Roots              1 us, workers (us):   1, ---, ---, 
[2021-02-28T14:27:26.344+0300][138.918s][info][gc,stats       ]     FA: CLDG Roots                   34 us, workers (us): ---, ---,  34, 
[2021-02-28T14:27:26.344+0300][138.918s][info][gc,stats       ]     FA: JVMTI Roots                   0 us, workers (us):   0, ---, ---, 
[2021-02-28T14:27:26.344+0300][138.918s][info][gc,stats       ]   Copy Objects                   181398 us
[2021-02-28T14:27:26.344+0300][138.918s][info][gc,stats       ]     Regular Objects              180874 us
[2021-02-28T14:27:26.344+0300][138.918s][info][gc,stats       ]     Humongous Objects                12 us
[2021-02-28T14:27:26.344+0300][138.918s][info][gc,stats       ]     Reset Complete Bitmap           462 us
[2021-02-28T14:27:26.344+0300][138.918s][info][gc,stats       ]     Rebuild Region Sets              48 us
[2021-02-28T14:27:26.344+0300][138.918s][info][gc,stats       ]   Post Heap Dump                      1 us
[2021-02-28T14:27:26.344+0300][138.918s][info][gc,stats       ] Pacing                            15053 us
[2021-02-28T14:27:26.344+0300][138.918s][info][gc,stats       ] 
[2021-02-28T14:27:26.346+0300][138.918s][info][gc,stats       ] Allocation pacing accrued:
[2021-02-28T14:27:26.346+0300][138.918s][info][gc,stats       ]       5 of  1398 ms (  0.4%): main
[2021-02-28T14:27:26.346+0300][138.918s][info][gc,stats       ]      10 of  1398 ms (  0.7%): RMI TCP Connection(6)-172.22.16.1
[2021-02-28T14:27:26.346+0300][138.918s][info][gc,stats       ]      15 of  1398 ms (  1.1%): <total>
[2021-02-28T14:27:26.346+0300][138.918s][info][gc,stats       ]       1 of  1398 ms (  0.1%): <average total>
[2021-02-28T14:27:26.346+0300][138.918s][info][gc,stats       ]       8 of  1398 ms (  0.5%): <average non-zero>
[2021-02-28T14:27:26.346+0300][138.918s][info][gc,stats       ] 
[2021-02-28T14:27:26.346+0300][138.918s][info][gc,metaspace   ] Metaspace: 7022K(7552K)->7014K(7552K) NonClass: 6299K(6656K)->6292K(6656K) Class: 723K(896K)->722K(896K)
[2021-02-28T14:27:26.346+0300][138.918s][info][gc,ergo        ] Pacer for Idle. Initial: 20971K, Alloc Tax Rate: 1.0x
[2021-02-28T14:27:26.348+0300][138.920s][info][gc             ] Trigger: Free (751K) is below minimum threshold (102M)
[2021-02-28T14:27:26.348+0300][138.920s][info][gc,ergo        ] Free: 751K, Max: 403K regular, 0B humongous, Frag: 0% external, 75% internal; Reserve: 47104K, Max: 512K
[2021-02-28T14:27:26.348+0300][138.920s][info][gc,start       ] GC(72) Concurrent reset
[2021-02-28T14:27:26.348+0300][138.920s][info][gc,task        ] GC(72) Using 1 of 3 workers for concurrent reset
[2021-02-28T14:27:26.348+0300][138.920s][info][gc,ergo        ] GC(72) Pacer for Reset. Non-Taxable: 1024M
[2021-02-28T14:27:26.348+0300][138.920s][info][gc             ] GC(72) Concurrent reset 0.226ms
[2021-02-28T14:27:26.348+0300][138.920s][info][gc,start       ] GC(72) Pause Init Mark (unload classes)
[2021-02-28T14:27:26.348+0300][138.920s][info][gc,task        ] GC(72) Using 3 of 3 workers for init marking
[2021-02-28T14:27:26.348+0300][138.921s][info][gc,ergo        ] GC(72) Pacer for Mark. Expected Live: 1757M, Free: 751K, Non-Taxable: 76948B, Alloc Tax Rate: 2926.9x
[2021-02-28T14:27:26.348+0300][138.921s][info][gc             ] GC(72) Pause Init Mark (unload classes) 0.266ms
[2021-02-28T14:27:26.348+0300][138.921s][info][gc,start       ] GC(72) Concurrent marking (unload classes)
[2021-02-28T14:27:26.348+0300][138.921s][info][gc,task        ] GC(72) Using 1 of 3 workers for concurrent marking
[2021-02-28T14:27:26.898+0300][139.470s][info][gc             ] Failed to allocate TLAB, 8856B
[2021-02-28T14:27:26.898+0300][139.470s][info][gc             ] Cancelling GC: Allocation Failure
[2021-02-28T14:27:26.898+0300][139.470s][info][gc             ] GC(72) Concurrent marking (unload classes) 549.294ms
[2021-02-28T14:27:26.898+0300][139.470s][info][gc,ergo        ] Free: 0B, Max: 0B regular, 0B humongous, Frag: 0% external, 0% internal; Reserve: 47104K, Max: 512K
[2021-02-28T14:27:26.898+0300][139.470s][info][gc,stats       ] 
[2021-02-28T14:27:26.898+0300][139.470s][info][gc,stats       ] All times are wall-clock times, except per-root-class counters, that are sum over
[2021-02-28T14:27:26.898+0300][139.470s][info][gc,stats       ] all workers. Dividing the <total> over the root stage time estimates parallelism.
[2021-02-28T14:27:26.898+0300][139.470s][info][gc,stats       ] 
[2021-02-28T14:27:26.898+0300][139.470s][info][gc,stats       ] Concurrent Reset                    248 us
[2021-02-28T14:27:26.898+0300][139.470s][info][gc,stats       ] Pause Init Mark (G)                 522 us
[2021-02-28T14:27:26.898+0300][139.470s][info][gc,stats       ] Pause Init Mark (N)                 280 us
[2021-02-28T14:27:26.898+0300][139.470s][info][gc,stats       ]   Manage TLABs                        2 us
[2021-02-28T14:27:26.898+0300][139.470s][info][gc,stats       ]   Update Region States               90 us
[2021-02-28T14:27:26.898+0300][139.470s][info][gc,stats       ]   Scan Roots                        110 us, parallelism: 1.00x
[2021-02-28T14:27:26.898+0300][139.470s][info][gc,stats       ]     S: <total>                      110 us
[2021-02-28T14:27:26.898+0300][139.470s][info][gc,stats       ]     S: Thread Roots                 107 us, workers (us):  58,  26,  22, 
[2021-02-28T14:27:26.898+0300][139.470s][info][gc,stats       ]     S: Universe Roots                 2 us, workers (us):   2, ---, ---, 
[2021-02-28T14:27:26.898+0300][139.470s][info][gc,stats       ]     S: Synchronizer Roots             0 us, workers (us):   0, ---, ---, 
[2021-02-28T14:27:26.898+0300][139.470s][info][gc,stats       ]     S: Management Roots               1 us, workers (us):   1, ---, ---, 
[2021-02-28T14:27:26.898+0300][139.470s][info][gc,stats       ]     S: JVMTI Roots                    0 us, workers (us):   0, ---, ---, 
[2021-02-28T14:27:26.898+0300][139.470s][info][gc,stats       ] Concurrent Marking               549317 us
[2021-02-28T14:27:26.898+0300][139.470s][info][gc,stats       ]   Roots                             141 us, parallelism: 0.42x
[2021-02-28T14:27:26.898+0300][139.470s][info][gc,stats       ]     CM: <total>                      59 us
[2021-02-28T14:27:26.898+0300][139.470s][info][gc,stats       ]     CM: JNI Handles Roots             2 us, workers (us):   2, ---, ---, 
[2021-02-28T14:27:26.898+0300][139.470s][info][gc,stats       ]     CM: VM Global Roots               2 us, workers (us):   2, ---, ---, 
[2021-02-28T14:27:26.898+0300][139.470s][info][gc,stats       ]     CM: CLDG Roots                   56 us, workers (us):  56, ---, ---, 
[2021-02-28T14:27:26.898+0300][139.470s][info][gc,stats       ] Pacing                          2125485 us
[2021-02-28T14:27:26.898+0300][139.470s][info][gc,stats       ] 
[2021-02-28T14:27:26.898+0300][139.470s][info][gc,stats       ] Allocation pacing accrued:
[2021-02-28T14:27:26.898+0300][139.470s][info][gc,stats       ]     552 of   553 ms ( 99.9%): main
[2021-02-28T14:27:26.898+0300][139.470s][info][gc,stats       ]     545 of   553 ms ( 98.6%): Notification Thread
[2021-02-28T14:27:26.898+0300][139.470s][info][gc,stats       ]      12 of   553 ms (  2.1%): RMI TCP Connection(2)-172.22.16.1
[2021-02-28T14:27:26.898+0300][139.470s][info][gc,stats       ]     436 of   553 ms ( 79.0%): RMI TCP Connection(5)-172.22.16.1
[2021-02-28T14:27:26.898+0300][139.470s][info][gc,stats       ]     534 of   553 ms ( 96.7%): RMI TCP Connection(6)-172.22.16.1
[2021-02-28T14:27:26.898+0300][139.470s][info][gc,stats       ]      47 of   553 ms (  8.4%): RMI TCP Connection(7)-172.22.16.1
[2021-02-28T14:27:26.898+0300][139.470s][info][gc,stats       ]    2125 of   553 ms (384.7%): <total>
[2021-02-28T14:27:26.898+0300][139.470s][info][gc,stats       ]     112 of   553 ms ( 20.2%): <average total>
[2021-02-28T14:27:26.898+0300][139.470s][info][gc,stats       ]     354 of   553 ms ( 64.1%): <average non-zero>
[2021-02-28T14:27:26.898+0300][139.470s][info][gc,stats       ] 
[2021-02-28T14:27:26.898+0300][139.470s][info][gc,metaspace   ] Metaspace: 7014K(7552K)->7032K(7552K) NonClass: 6292K(6656K)->6307K(6656K) Class: 722K(896K)->724K(896K)
[2021-02-28T14:27:26.898+0300][139.470s][info][gc,ergo        ] Pacer for Idle. Initial: 20971K, Alloc Tax Rate: 1.0x
[2021-02-28T14:27:26.901+0300][139.473s][info][gc             ] Trigger: Handle Allocation Failure
[2021-02-28T14:27:26.901+0300][139.473s][info][gc,ergo        ] Free: 0B, Max: 0B regular, 0B humongous, Frag: 0% external, 0% internal; Reserve: 47104K, Max: 512K
[2021-02-28T14:27:26.901+0300][139.473s][info][gc,start       ] GC(73) Pause Full
[2021-02-28T14:27:26.901+0300][139.473s][info][gc,task        ] GC(73) Using 3 of 3 workers for full gc
[2021-02-28T14:27:26.901+0300][139.474s][info][gc,phases,start] GC(73) Phase 1: Mark live objects
[2021-02-28T14:27:27.319+0300][139.891s][info][gc,phases      ] GC(73) Phase 1: Mark live objects 417.841ms
[2021-02-28T14:27:27.319+0300][139.891s][info][gc,phases,start] GC(73) Phase 2: Compute new object addresses
[2021-02-28T14:27:27.496+0300][140.069s][info][gc,phases      ] GC(73) Phase 2: Compute new object addresses 177.226ms
[2021-02-28T14:27:27.496+0300][140.069s][info][gc,phases,start] GC(73) Phase 3: Adjust pointers
[2021-02-28T14:27:27.703+0300][140.275s][info][gc,phases      ] GC(73) Phase 3: Adjust pointers 206.103ms
[2021-02-28T14:27:27.703+0300][140.275s][info][gc,phases,start] GC(73) Phase 4: Move objects
[2021-02-28T14:27:27.883+0300][140.456s][info][gc,phases      ] GC(73) Phase 4: Move objects 181.212ms
[2021-02-28T14:27:27.883+0300][140.456s][info][gc,ergo        ] GC(73) Bad progress for free space: 333K, need 10485K
[2021-02-28T14:27:27.883+0300][140.456s][info][gc             ] GC(73) Pause Full 977M->977M(1024M) 983.194ms
[2021-02-28T14:27:27.883+0300][140.456s][info][gc,ergo        ] Free: 311K, Max: 306K regular, 0B humongous, Frag: 0% external, 69% internal; Reserve: 47104K, Max: 512K
[2021-02-28T14:27:27.883+0300][140.456s][info][gc,stats       ] 
[2021-02-28T14:27:27.883+0300][140.456s][info][gc,stats       ] All times are wall-clock times, except per-root-class counters, that are sum over
[2021-02-28T14:27:27.883+0300][140.456s][info][gc,stats       ] all workers. Dividing the <total> over the root stage time estimates parallelism.
[2021-02-28T14:27:27.883+0300][140.456s][info][gc,stats       ] 
[2021-02-28T14:27:27.883+0300][140.456s][info][gc,stats       ] Pause Full GC (G)                983463 us
[2021-02-28T14:27:27.883+0300][140.456s][info][gc             ] Failed to allocate TLAB, 8328B
[2021-02-28T14:27:27.883+0300][140.456s][info][gc,stats       ] Pause Full GC (N)                983209 us
[2021-02-28T14:27:27.883+0300][140.457s][info][gc             ] Cancelling GC: Allocation Failure
[2021-02-28T14:27:27.883+0300][140.457s][info][gc,stats       ]   Pre Heap Dump                       0 us
[2021-02-28T14:27:27.883+0300][140.457s][info][gc,stats       ]   Prepare                           485 us
[2021-02-28T14:27:27.883+0300][140.457s][info][gc,stats       ]   Scan Roots                        181 us, parallelism: 1.17x
[2021-02-28T14:27:27.883+0300][140.457s][info][gc,stats       ]     FS: <total>                     211 us
[2021-02-28T14:27:27.883+0300][140.457s][info][gc,stats       ]     FS: Thread Roots                207 us, workers (us):  71,  62,  74, 
[2021-02-28T14:27:27.883+0300][140.457s][info][gc,stats       ]     FS: Universe Roots                2 us, workers (us):   2, ---, ---, 
[2021-02-28T14:27:27.883+0300][140.457s][info][gc,stats       ]     FS: Synchronizer Roots            0 us, workers (us): ---, ---,   0, 
[2021-02-28T14:27:27.883+0300][140.457s][info][gc,stats       ]     FS: Management Roots              2 us, workers (us): ---,   2, ---, 
[2021-02-28T14:27:27.883+0300][140.457s][info][gc,stats       ]     FS: JVMTI Roots                   0 us, workers (us): ---, ---,   0, 
[2021-02-28T14:27:27.884+0300][140.457s][info][gc,stats       ]   Scan Concurrent Roots             166 us, parallelism: 0.30x
[2021-02-28T14:27:27.884+0300][140.457s][info][gc,stats       ]     FCS: <total>                     50 us
[2021-02-28T14:27:27.884+0300][140.457s][info][gc,stats       ]     FCS: JNI Handles Roots            2 us, workers (us):   1,   0,   0, 
[2021-02-28T14:27:27.884+0300][140.457s][info][gc,stats       ]     FCS: VM Global Roots              3 us, workers (us):   1,   2,   0, 
[2021-02-28T14:27:27.884+0300][140.457s][info][gc,stats       ]     FCS: CLDG Roots                  45 us, workers (us): ---, ---,  45, 
[2021-02-28T14:27:27.884+0300][140.457s][info][gc,stats       ]   Mark                           417801 us
[2021-02-28T14:27:27.884+0300][140.457s][info][gc,stats       ]     Finish Queues                416121 us
[2021-02-28T14:27:27.884+0300][140.457s][info][gc,stats       ]     Weak References                 175 us
[2021-02-28T14:27:27.884+0300][140.457s][info][gc,stats       ]       Process                       170 us
[2021-02-28T14:27:27.884+0300][140.457s][info][gc,stats       ]     System Purge                     99 us
[2021-02-28T14:27:27.884+0300][140.457s][info][gc,stats       ]       Unload Classes               1026 us
[2021-02-28T14:27:27.884+0300][140.457s][info][gc,stats       ]       Weak Roots                     99 us
[2021-02-28T14:27:27.884+0300][140.457s][info][gc,stats       ]       CLDG                           13 us
[2021-02-28T14:27:27.884+0300][140.457s][info][gc,stats       ]   Calculate Addresses            177211 us
[2021-02-28T14:27:27.884+0300][140.457s][info][gc,stats       ]     Regular Objects              177168 us
[2021-02-28T14:27:27.884+0300][140.457s][info][gc,stats       ]     Humongous Objects                24 us
[2021-02-28T14:27:27.884+0300][140.457s][info][gc,stats       ]   Adjust Pointers                206090 us
[2021-02-28T14:27:27.884+0300][140.457s][info][gc,stats       ]     FA: <total>                    1590 us
[2021-02-28T14:27:27.884+0300][140.457s][info][gc,stats       ]     FA: Thread Roots                 86 us, workers (us):   1,  29,  56, 
[2021-02-28T14:27:27.884+0300][140.457s][info][gc,stats       ]     FA: Code Cache Roots           1393 us, workers (us): 537, 459, 398, 
[2021-02-28T14:27:27.884+0300][140.457s][info][gc,stats       ]     FA: Universe Roots                1 us, workers (us):   1, ---, ---, 
[2021-02-28T14:27:27.884+0300][140.457s][info][gc,stats       ]     FA: JNI Handles Roots             2 us, workers (us):   2,   0,   0, 
[2021-02-28T14:27:27.884+0300][140.457s][info][gc,stats       ]     FA: JVMTI Weak Roots              0 us, workers (us):   0, ---, ---, 
[2021-02-28T14:27:27.884+0300][140.457s][info][gc,stats       ]     FA: JFR Weak Roots                0 us, workers (us): ---,   0, ---, 
[2021-02-28T14:27:27.884+0300][140.457s][info][gc,stats       ]     FA: JNI Weak Roots                0 us, workers (us):   0,   0,   0, 
[2021-02-28T14:27:27.884+0300][140.457s][info][gc,stats       ]     FA: String Table Roots           58 us, workers (us):  20,  19,  19, 
[2021-02-28T14:27:27.884+0300][140.457s][info][gc,stats       ]     FA: Resolved Table Roots          5 us, workers (us):   1,   1,   2, 
[2021-02-28T14:27:27.884+0300][140.457s][info][gc,stats       ]     FA: VM Global Roots               2 us, workers (us):   0,   2,   1, 
[2021-02-28T14:27:27.884+0300][140.457s][info][gc,stats       ]     FA: VM Weak Roots                 3 us, workers (us):   1,   3,   0, 
[2021-02-28T14:27:27.884+0300][140.457s][info][gc,stats       ]     FA: Synchronizer Roots            0 us, workers (us): ---,   0, ---, 
[2021-02-28T14:27:27.884+0300][140.457s][info][gc,stats       ]     FA: Management Roots              1 us, workers (us): ---, ---,   1, 
[2021-02-28T14:27:27.884+0300][140.457s][info][gc,stats       ]     FA: CLDG Roots                   37 us, workers (us): ---, ---,  37, 
[2021-02-28T14:27:27.884+0300][140.457s][info][gc,stats       ]     FA: JVMTI Roots                   0 us, workers (us): ---,   0, ---, 
[2021-02-28T14:27:27.884+0300][140.457s][info][gc,stats       ]   Copy Objects                   181199 us
[2021-02-28T14:27:27.884+0300][140.457s][info][gc,stats       ]     Regular Objects              180638 us
[2021-02-28T14:27:27.884+0300][140.457s][info][gc,stats       ]     Humongous Objects                13 us
[2021-02-28T14:27:27.884+0300][140.457s][info][gc,stats       ]     Reset Complete Bitmap           500 us
[2021-02-28T14:27:27.884+0300][140.457s][info][gc,stats       ]     Rebuild Region Sets              47 us
[2021-02-28T14:27:27.884+0300][140.457s][info][gc,stats       ]   Post Heap Dump                      1 us
[2021-02-28T14:27:27.884+0300][140.457s][info][gc,stats       ] Pacing                          2004858 us
[2021-02-28T14:27:27.884+0300][140.457s][info][gc,stats       ] 
[2021-02-28T14:27:27.884+0300][140.457s][info][gc,stats       ] Allocation pacing accrued:
[2021-02-28T14:27:27.884+0300][140.457s][info][gc,stats       ]     991 of   987 ms (100.5%): Notification Thread
[2021-02-28T14:27:27.884+0300][140.457s][info][gc,stats       ]     992 of   987 ms (100.5%): RMI TCP Connection(5)-172.22.16.1
[2021-02-28T14:27:27.884+0300][140.457s][info][gc,stats       ]      12 of   987 ms (  1.2%): RMI TCP Connection(6)-172.22.16.1
[2021-02-28T14:27:27.884+0300][140.457s][info][gc,stats       ]      10 of   987 ms (  1.0%): RMI TCP Connection(7)-172.22.16.1
[2021-02-28T14:27:27.884+0300][140.457s][info][gc,stats       ]    2005 of   987 ms (203.1%): <total>
[2021-02-28T14:27:27.884+0300][140.457s][info][gc,stats       ]     106 of   987 ms ( 10.7%): <average total>
[2021-02-28T14:27:27.884+0300][140.457s][info][gc,stats       ]     501 of   987 ms ( 50.8%): <average non-zero>
[2021-02-28T14:27:27.884+0300][140.457s][info][gc,stats       ] 
[2021-02-28T14:27:27.884+0300][140.457s][info][gc,metaspace   ] Metaspace: 7032K(7552K)->7032K(7552K) NonClass: 6307K(6656K)->6308K(6656K) Class: 724K(896K)->723K(896K)
[2021-02-28T14:27:27.884+0300][140.457s][info][gc,ergo        ] Pacer for Idle. Initial: 20971K, Alloc Tax Rate: 1.0x
[2021-02-28T14:27:27.888+0300][140.460s][info][gc             ] Trigger: Handle Allocation Failure
[2021-02-28T14:27:27.888+0300][140.460s][info][gc,ergo        ] Free: 0B, Max: 0B regular, 0B humongous, Frag: 0% external, 0% internal; Reserve: 47104K, Max: 512K
[2021-02-28T14:27:27.888+0300][140.460s][info][gc,start       ] GC(74) Pause Degenerated GC (Outside of Cycle)
[2021-02-28T14:27:27.888+0300][140.460s][info][gc,task        ] GC(74) Using 3 of 3 workers for stw degenerated gc
[2021-02-28T14:27:27.888+0300][140.460s][info][gc,ergo        ] GC(74) Pacer for Reset. Non-Taxable: 1024M
[2021-02-28T14:27:27.888+0300][140.460s][info][gc,ergo        ] GC(74) Pacer for Mark. Expected Live: 1850M, Free: 0B, Non-Taxable: 0B, Alloc Tax Rate: infx
[2021-02-28T14:27:28.305+0300][140.879s][info][gc,ergo        ] GC(74) Adaptive CSet Selection. Target Free: 145M, Actual Free: 47104K, Max CSet: 43690K, Min Garbage: 101444K
[2021-02-28T14:27:28.305+0300][140.879s][info][gc,ergo        ] GC(74) Collectable Garbage: 35224B (100%), Immediate: 0B (0%), CSet: 35224B (100%)
[2021-02-28T14:27:28.305+0300][140.879s][info][gc,ergo        ] GC(74) Pacer for Evacuation. Used CSet: 43519K, Free: 16056B, Non-Taxable: 1605B, Alloc Tax Rate: 6784.3x
[2021-02-28T14:27:28.317+0300][140.889s][info][gc,ergo        ] GC(74) Pacer for Update Refs. Used: 1020M, Free: 16056B, Non-Taxable: 1605B, Alloc Tax Rate: 81468.6x
[2021-02-28T14:27:28.490+0300][141.062s][info][gc,ergo        ] GC(74) Bad progress for free space: 16056B, need 10485K
[2021-02-28T14:27:28.490+0300][141.062s][info][gc             ] GC(74) Cancelling GC: Upgrade To Full GC
[2021-02-28T14:27:28.490+0300][141.063s][info][gc,phases,start] GC(74) Phase 1: Mark live objects
[2021-02-28T14:27:28.911+0300][141.483s][info][gc,phases      ] GC(74) Phase 1: Mark live objects 420.458ms
[2021-02-28T14:27:28.911+0300][141.483s][info][gc,phases,start] GC(74) Phase 2: Compute new object addresses
[2021-02-28T14:27:29.089+0300][141.661s][info][gc,phases      ] GC(74) Phase 2: Compute new object addresses 177.877ms
[2021-02-28T14:27:29.089+0300][141.661s][info][gc,phases,start] GC(74) Phase 3: Adjust pointers
[2021-02-28T14:27:29.288+0300][141.861s][info][gc,phases      ] GC(74) Phase 3: Adjust pointers 199.618ms
[2021-02-28T14:27:29.288+0300][141.861s][info][gc,phases,start] GC(74) Phase 4: Move objects
[2021-02-28T14:27:29.471+0300][142.044s][info][gc,phases      ] GC(74) Phase 4: Move objects 183.406ms
[2021-02-28T14:27:29.471+0300][142.044s][info][gc,ergo        ] GC(74) Bad progress for free space: 565K, need 10485K
[2021-02-28T14:27:29.471+0300][142.044s][info][gc             ] GC(74) Pause Degenerated GC (Outside of Cycle) 977M->977M(1024M) 1584.172ms
[2021-02-28T14:27:29.471+0300][142.044s][info][gc,ergo        ] Free: 565K, Max: 388K regular, 0B humongous, Frag: 0% external, 99% internal; Reserve: 46592K, Max: 512K
[2021-02-28T14:27:29.471+0300][142.044s][info][gc,stats       ] 
[2021-02-28T14:27:29.471+0300][142.044s][info][gc,stats       ] All times are wall-clock times, except per-root-class counters, that are sum over
[2021-02-28T14:27:29.471+0300][142.044s][info][gc,stats       ] all workers. Dividing the <total> over the root stage time estimates parallelism.
[2021-02-28T14:27:29.471+0300][142.044s][info][gc,stats       ] 
[2021-02-28T14:27:29.471+0300][142.044s][info][gc,stats       ]   Manage TLABs                        2 us
[2021-02-28T14:27:29.471+0300][142.044s][info][gc,stats       ]   Update Region States               78 us
[2021-02-28T14:27:29.471+0300][142.044s][info][gc,stats       ]   Scan Roots                        114 us, parallelism: 1.35x
[2021-02-28T14:27:29.471+0300][142.044s][info][gc,stats       ]     S: <total>                      154 us
[2021-02-28T14:27:29.471+0300][142.044s][info][gc,stats       ]     S: Thread Roots                 151 us, workers (us):  57,  65,  29, 
[2021-02-28T14:27:29.471+0300][142.044s][info][gc,stats       ]     S: Universe Roots                 2 us, workers (us):   2, ---, ---, 
[2021-02-28T14:27:29.471+0300][142.045s][info][gc,stats       ]     S: Synchronizer Roots             0 us, workers (us): ---,   0, ---, 
[2021-02-28T14:27:29.471+0300][142.045s][info][gc,stats       ]     S: Management Roots               1 us, workers (us): ---,   1, ---, 
[2021-02-28T14:27:29.471+0300][142.045s][info][gc,stats       ]     S: JVMTI Roots                    0 us, workers (us):   0, ---, ---, 
[2021-02-28T14:27:29.471+0300][142.045s][info][gc,stats       ]   Finish Queues                  417134 us
[2021-02-28T14:27:29.471+0300][142.045s][info][gc,stats       ]   Weak References                    28 us
[2021-02-28T14:27:29.471+0300][142.045s][info][gc,stats       ]     Process                          23 us
[2021-02-28T14:27:29.471+0300][142.045s][info][gc,stats       ]   System Purge                       87 us
[2021-02-28T14:27:29.471+0300][142.045s][info][gc,stats       ]     Unload Classes                  563 us
[2021-02-28T14:27:29.471+0300][142.045s][info][gc,stats       ]     Weak Roots                       87 us
[2021-02-28T14:27:29.471+0300][142.045s][info][gc,stats       ]     CLDG                              0 us
[2021-02-28T14:27:29.471+0300][142.045s][info][gc,stats       ]   Update Region States               82 us
[2021-02-28T14:27:29.471+0300][142.045s][info][gc,stats       ]   Manage GC/TLABs                     2 us
[2021-02-28T14:27:29.471+0300][142.045s][info][gc,stats       ]   Choose Collection Set             120 us
[2021-02-28T14:27:29.471+0300][142.045s][info][gc,stats       ]   Rebuild Free Set                   22 us
[2021-02-28T14:27:29.471+0300][142.045s][info][gc,stats       ]   Initial Evacuation                 15 us
[2021-02-28T14:27:29.471+0300][142.045s][info][gc,stats       ]   Manage GCLABs                       1 us
[2021-02-28T14:27:29.471+0300][142.045s][info][gc,stats       ]   Finish Work                    172386 us
[2021-02-28T14:27:29.471+0300][142.045s][info][gc,stats       ]   Update Region States               63 us
[2021-02-28T14:27:29.471+0300][142.045s][info][gc,stats       ]   Trash Collection Set                3 us
[2021-02-28T14:27:29.472+0300][142.045s][info][gc,stats       ]   Rebuild Free Set                   23 us
[2021-02-28T14:27:29.472+0300][142.045s][info][gc,stats       ] Pause Degenerated GC (G)        1584443 us
[2021-02-28T14:27:29.472+0300][142.045s][info][gc,stats       ] Pause Degenerated GC (N)        1584189 us
[2021-02-28T14:27:29.472+0300][142.045s][info][gc,stats       ]   Degen Mark Roots                  103 us, parallelism: 0.48x
[2021-02-28T14:27:29.472+0300][142.045s][info][gc,stats       ]     DM: <total>                      50 us
[2021-02-28T14:27:29.472+0300][142.045s][info][gc,stats       ]     DM: JNI Handles Roots             2 us, workers (us):   1,   0,   0, 
[2021-02-28T14:27:29.472+0300][142.045s][info][gc,stats       ]     DM: VM Global Roots               3 us, workers (us):   1,   2,   0, 
[2021-02-28T14:27:29.472+0300][142.045s][info][gc,stats       ]     DM: CLDG Roots                   46 us, workers (us):  46, ---, ---, 
[2021-02-28T14:27:29.472+0300][142.045s][info][gc,stats       ]   Degen Update Roots                706 us, parallelism: 2.28x
[2021-02-28T14:27:29.472+0300][142.045s][info][gc,stats       ]     DU: <total>                    1613 us
[2021-02-28T14:27:29.472+0300][142.045s][info][gc,stats       ]     DU: Thread Roots                157 us, workers (us):  95,  61,   1, 
[2021-02-28T14:27:29.472+0300][142.045s][info][gc,stats       ]     DU: Code Cache Roots           1375 us, workers (us): 389, 441, 545, 
[2021-02-28T14:27:29.472+0300][142.045s][info][gc,stats       ]     DU: Universe Roots                1 us, workers (us):   1, ---, ---, 
[2021-02-28T14:27:29.472+0300][142.045s][info][gc,stats       ]     DU: JNI Handles Roots             1 us, workers (us):   0,   0,   0, 
[2021-02-28T14:27:29.472+0300][142.045s][info][gc,stats       ]     DU: JVMTI Weak Roots              0 us, workers (us): ---, ---,   0, 
[2021-02-28T14:27:29.472+0300][142.045s][info][gc,stats       ]     DU: JFR Weak Roots                0 us, workers (us):   0, ---, ---, 
[2021-02-28T14:27:29.472+0300][142.045s][info][gc,stats       ]     DU: String Table Roots           54 us, workers (us):  18,  18,  18, 
[2021-02-28T14:27:29.472+0300][142.045s][info][gc,stats       ]     DU: Resolved Table Roots          4 us, workers (us):   2,   1,   1, 
[2021-02-28T14:27:29.472+0300][142.045s][info][gc,stats       ]     DU: VM Global Roots               2 us, workers (us):   0,   0,   1, 
[2021-02-28T14:27:29.472+0300][142.045s][info][gc,stats       ]     DU: VM Weak Roots                 2 us, workers (us):   0,   1,   0, 
[2021-02-28T14:27:29.472+0300][142.045s][info][gc,stats       ]     DU: Synchronizer Roots            0 us, workers (us): ---,   0, ---, 
[2021-02-28T14:27:29.472+0300][142.045s][info][gc,stats       ]     DU: Management Roots              1 us, workers (us): ---,   1, ---, 
[2021-02-28T14:27:29.472+0300][142.045s][info][gc,stats       ]     DU: CLDG Roots                   15 us, workers (us):  15, ---, ---, 
[2021-02-28T14:27:29.472+0300][142.045s][info][gc,stats       ]     DU: JVMTI Roots                   0 us, workers (us):   0, ---, ---, 
[2021-02-28T14:27:29.472+0300][142.045s][info][gc,stats       ]   Pre Heap Dump                       0 us
[2021-02-28T14:27:29.472+0300][142.045s][info][gc,stats       ]   Prepare                           445 us
[2021-02-28T14:27:29.472+0300][142.045s][info][gc,stats       ]   Scan Roots                        113 us, parallelism: 1.36x
[2021-02-28T14:27:29.472+0300][142.045s][info][gc,stats       ]     FS: <total>                     154 us
[2021-02-28T14:27:29.472+0300][142.045s][info][gc,stats       ]     FS: Thread Roots                150 us, workers (us):  50,  49,  50, 
[2021-02-28T14:27:29.472+0300][142.045s][info][gc,stats       ]     FS: Universe Roots                2 us, workers (us):   2, ---, ---, 
[2021-02-28T14:27:29.472+0300][142.045s][info][gc,stats       ]     FS: Synchronizer Roots            0 us, workers (us): ---,   0, ---, 
[2021-02-28T14:27:29.472+0300][142.045s][info][gc,stats       ]     FS: Management Roots              2 us, workers (us): ---,   2, ---, 
[2021-02-28T14:27:29.472+0300][142.045s][info][gc,stats       ]     FS: JVMTI Roots                   0 us, workers (us): ---, ---,   0, 
[2021-02-28T14:27:29.472+0300][142.045s][info][gc,stats       ]   Scan Concurrent Roots             117 us, parallelism: 0.55x
[2021-02-28T14:27:29.472+0300][142.045s][info][gc,stats       ]     FCS: <total>                     64 us
[2021-02-28T14:27:29.472+0300][142.045s][info][gc,stats       ]     FCS: JNI Handles Roots            2 us, workers (us):   1,   0,   0, 
[2021-02-28T14:27:29.472+0300][142.045s][info][gc,stats       ]     FCS: VM Global Roots              3 us, workers (us):   1,   2,   0, 
[2021-02-28T14:27:29.472+0300][142.045s][info][gc,stats       ]     FCS: CLDG Roots                  59 us, workers (us): ---, ---,  59, 
[2021-02-28T14:27:29.472+0300][142.045s][info][gc,stats       ]   Mark                           420419 us
[2021-02-28T14:27:29.472+0300][142.045s][info][gc,stats       ]     Finish Queues                419354 us
[2021-02-28T14:27:29.472+0300][142.045s][info][gc,stats       ]     Weak References                 175 us
[2021-02-28T14:27:29.472+0300][142.045s][info][gc,stats       ]       Process                       169 us
[2021-02-28T14:27:29.472+0300][142.045s][info][gc,stats       ]     System Purge                     82 us
[2021-02-28T14:27:29.472+0300][142.045s][info][gc,stats       ]       Unload Classes                559 us
[2021-02-28T14:27:29.472+0300][142.045s][info][gc,stats       ]       Weak Roots                     82 us
[2021-02-28T14:27:29.472+0300][142.045s][info][gc,stats       ]       CLDG                            0 us
[2021-02-28T14:27:29.472+0300][142.045s][info][gc,stats       ]   Calculate Addresses            177864 us
[2021-02-28T14:27:29.472+0300][142.045s][info][gc,stats       ]     Regular Objects              177828 us
[2021-02-28T14:27:29.472+0300][142.045s][info][gc,stats       ]     Humongous Objects                16 us
[2021-02-28T14:27:29.472+0300][142.045s][info][gc,stats       ]   Adjust Pointers                199604 us
[2021-02-28T14:27:29.472+0300][142.045s][info][gc,stats       ]     FA: <total>                    1594 us
[2021-02-28T14:27:29.472+0300][142.045s][info][gc,stats       ]     FA: Thread Roots                 92 us, workers (us):  56,  35,   1, 
[2021-02-28T14:27:29.472+0300][142.045s][info][gc,stats       ]     FA: Code Cache Roots           1398 us, workers (us): 404, 463, 531, 
[2021-02-28T14:27:29.472+0300][142.045s][info][gc,stats       ]     FA: Universe Roots                1 us, workers (us):   1, ---, ---, 
[2021-02-28T14:27:29.472+0300][142.045s][info][gc,stats       ]     FA: JNI Handles Roots             2 us, workers (us):   1,   0,   0, 
[2021-02-28T14:27:29.472+0300][142.045s][info][gc,stats       ]     FA: JVMTI Weak Roots              0 us, workers (us):   0, ---, ---, 
[2021-02-28T14:27:29.472+0300][142.045s][info][gc,stats       ]     FA: JFR Weak Roots                0 us, workers (us): ---,   0, ---, 
[2021-02-28T14:27:29.472+0300][142.045s][info][gc,stats       ]     FA: JNI Weak Roots                0 us, workers (us):   0,   0,   0, 
[2021-02-28T14:27:29.472+0300][142.045s][info][gc,stats       ]     FA: String Table Roots           53 us, workers (us):  26,  26,   0, 
[2021-02-28T14:27:29.472+0300][142.045s][info][gc,stats       ]     FA: Resolved Table Roots          4 us, workers (us):   2,   2,   0, 
[2021-02-28T14:27:29.472+0300][142.045s][info][gc,stats       ]     FA: VM Global Roots               2 us, workers (us):   1,   1,   0, 
[2021-02-28T14:27:29.472+0300][142.045s][info][gc,stats       ]     FA: VM Weak Roots                 4 us, workers (us):   0,   3,   1, 
[2021-02-28T14:27:29.472+0300][142.045s][info][gc,stats       ]     FA: Synchronizer Roots            0 us, workers (us): ---,   0, ---, 
[2021-02-28T14:27:29.472+0300][142.045s][info][gc,stats       ]     FA: Management Roots              1 us, workers (us): ---,   1, ---, 
[2021-02-28T14:27:29.472+0300][142.045s][info][gc,stats       ]     FA: CLDG Roots                   36 us, workers (us):  36, ---, ---, 
[2021-02-28T14:27:29.472+0300][142.045s][info][gc,stats       ]     FA: JVMTI Roots                   0 us, workers (us):   0, ---, ---, 
[2021-02-28T14:27:29.472+0300][142.045s][info][gc,stats       ]   Copy Objects                   183393 us
[2021-02-28T14:27:29.472+0300][142.045s][info][gc,stats       ]     Regular Objects              182801 us
[2021-02-28T14:27:29.472+0300][142.045s][info][gc,stats       ]     Humongous Objects                14 us
[2021-02-28T14:27:29.472+0300][142.046s][info][gc,stats       ]     Reset Complete Bitmap           528 us
[2021-02-28T14:27:29.472+0300][142.046s][info][gc,stats       ]     Rebuild Region Sets              49 us
[2021-02-28T14:27:29.472+0300][142.046s][info][gc,stats       ]   Post Heap Dump                      1 us
[2021-02-28T14:27:29.472+0300][142.046s][info][gc,stats       ] 
[2021-02-28T14:27:29.472+0300][142.046s][info][gc,stats       ] Allocation pacing accrued:
[2021-02-28T14:27:29.472+0300][142.046s][info][gc,stats       ]       0 of  1588 ms (  0.0%): <total>
[2021-02-28T14:27:29.472+0300][142.046s][info][gc,stats       ]       0 of  1588 ms (  0.0%): <average total>
[2021-02-28T14:27:29.472+0300][142.046s][info][gc,stats       ] 
[2021-02-28T14:27:29.472+0300][142.046s][info][gc,metaspace   ] Metaspace: 7032K(7552K)->7032K(7552K) NonClass: 6308K(6656K)->6308K(6656K) Class: 723K(896K)->723K(896K)
[2021-02-28T14:27:29.472+0300][142.046s][info][gc,ergo        ] Pacer for Idle. Initial: 20971K, Alloc Tax Rate: 1.0x
[2021-02-28T14:27:29.474+0300][142.046s][info][gc             ] Failed to allocate TLAB, 2664B
[2021-02-28T14:27:29.474+0300][142.046s][info][gc             ] Cancelling GC: Allocation Failure
[2021-02-28T14:27:29.475+0300][142.047s][info][gc             ] Trigger: Handle Allocation Failure
[2021-02-28T14:27:29.475+0300][142.047s][info][gc,ergo        ] Free: 0B, Max: 0B regular, 0B humongous, Frag: 0% external, 0% internal; Reserve: 46592K, Max: 512K
[2021-02-28T14:27:29.475+0300][142.047s][info][gc,start       ] GC(75) Pause Degenerated GC (Outside of Cycle)
[2021-02-28T14:27:29.475+0300][142.047s][info][gc,task        ] GC(75) Using 3 of 3 workers for stw degenerated gc
[2021-02-28T14:27:29.475+0300][142.047s][info][gc,ergo        ] GC(75) Pacer for Reset. Non-Taxable: 1024M
[2021-02-28T14:27:29.475+0300][142.048s][info][gc,ergo        ] GC(75) Pacer for Mark. Expected Live: 1851M, Free: 0B, Non-Taxable: 0B, Alloc Tax Rate: infx
[2021-02-28T14:27:29.893+0300][142.465s][info][gc,ergo        ] GC(75) Adaptive CSet Selection. Target Free: 145M, Actual Free: 46592K, Max CSet: 43690K, Min Garbage: 101956K
[2021-02-28T14:27:29.893+0300][142.465s][info][gc,ergo        ] GC(75) Collectable Garbage: 130K (100%), Immediate: 0B (0%), CSet: 130K (100%)
[2021-02-28T14:27:29.893+0300][142.465s][info][gc,ergo        ] GC(75) Pacer for Evacuation. Used CSet: 43515K, Free: 16112B, Non-Taxable: 1611B, Alloc Tax Rate: 6760.4x
[2021-02-28T14:27:29.903+0300][142.475s][info][gc,ergo        ] GC(75) Pacer for Update Refs. Used: 1021M, Free: 16112B, Non-Taxable: 1611B, Alloc Tax Rate: 81227.2x
[2021-02-28T14:27:30.075+0300][142.647s][info][gc,ergo        ] GC(75) Bad progress for free space: 16112B, need 10485K
[2021-02-28T14:27:30.075+0300][142.647s][info][gc             ] GC(75) Cancelling GC: Upgrade To Full GC
[2021-02-28T14:27:30.075+0300][142.648s][info][gc,phases,start] GC(75) Phase 1: Mark live objects
[2021-02-28T14:27:30.487+0300][143.060s][info][gc,phases      ] GC(75) Phase 1: Mark live objects 412.462ms
[2021-02-28T14:27:30.487+0300][143.060s][info][gc,phases,start] GC(75) Phase 2: Compute new object addresses
[2021-02-28T14:27:30.668+0300][143.240s][info][gc,phases      ] GC(75) Phase 2: Compute new object addresses 179.721ms
[2021-02-28T14:27:30.668+0300][143.240s][info][gc,phases,start] GC(75) Phase 3: Adjust pointers
[2021-02-28T14:27:30.866+0300][143.439s][info][gc,phases      ] GC(75) Phase 3: Adjust pointers 199.219ms
[2021-02-28T14:27:30.866+0300][143.439s][info][gc,phases,start] GC(75) Phase 4: Move objects
[2021-02-28T14:27:31.051+0300][143.624s][info][gc,phases      ] GC(75) Phase 4: Move objects 184.928ms
[2021-02-28T14:27:31.051+0300][143.624s][info][gc,ergo        ] GC(75) Bad progress for free space: 667K, need 10485K
[2021-02-28T14:27:31.051+0300][143.624s][info][gc             ] GC(75) Pause Degenerated GC (Outside of Cycle) 978M->978M(1024M) 1577.422ms
[2021-02-28T14:27:31.051+0300][143.625s][info][gc,ergo        ] Free: 654K, Max: 426K regular, 0B humongous, Frag: 0% external, 99% internal; Reserve: 46080K, Max: 512K
[2021-02-28T14:27:31.051+0300][143.625s][info][gc,stats       ] 
[2021-02-28T14:27:31.051+0300][143.625s][info][gc,stats       ] All times are wall-clock times, except per-root-class counters, that are sum over
[2021-02-28T14:27:31.051+0300][143.625s][info][gc,stats       ] all workers. Dividing the <total> over the root stage time estimates parallelism.
[2021-02-28T14:27:31.052+0300][143.625s][info][gc,stats       ] 
[2021-02-28T14:27:31.052+0300][143.625s][info][gc,stats       ]   Manage TLABs                        3 us
[2021-02-28T14:27:31.052+0300][143.625s][info][gc,stats       ]   Update Region States               86 us
[2021-02-28T14:27:31.052+0300][143.625s][info][gc,stats       ]   Scan Roots                        184 us, parallelism: 1.39x
[2021-02-28T14:27:31.052+0300][143.625s][info][gc,stats       ]     S: <total>                      255 us
[2021-02-28T14:27:31.052+0300][143.625s][info][gc,stats       ]     S: Thread Roots                 252 us, workers (us): 115, 104,  32, 
[2021-02-28T14:27:31.052+0300][143.625s][info][gc,stats       ]     S: Universe Roots                 2 us, workers (us):   2, ---, ---, 
[2021-02-28T14:27:31.052+0300][143.625s][info][gc,stats       ]     S: Synchronizer Roots             0 us, workers (us):   0, ---, ---, 
[2021-02-28T14:27:31.052+0300][143.625s][info][gc,stats       ]     S: Management Roots               1 us, workers (us):   1, ---, ---, 
[2021-02-28T14:27:31.052+0300][143.625s][info][gc,stats       ]     S: JVMTI Roots                    0 us, workers (us):   0, ---, ---, 
[2021-02-28T14:27:31.052+0300][143.625s][info][gc,stats       ]   Finish Queues                  416729 us
[2021-02-28T14:27:31.052+0300][143.625s][info][gc,stats       ]   Weak References                    28 us
[2021-02-28T14:27:31.052+0300][143.625s][info][gc,stats       ]     Process                          24 us
[2021-02-28T14:27:31.052+0300][143.625s][info][gc,stats       ]   System Purge                      105 us
[2021-02-28T14:27:31.052+0300][143.625s][info][gc,stats       ]     Unload Classes                  577 us
[2021-02-28T14:27:31.052+0300][143.625s][info][gc,stats       ]     Weak Roots                      105 us
[2021-02-28T14:27:31.052+0300][143.625s][info][gc,stats       ]     CLDG                              0 us
[2021-02-28T14:27:31.052+0300][143.625s][info][gc,stats       ]   Update Region States               90 us
[2021-02-28T14:27:31.052+0300][143.625s][info][gc,stats       ]   Manage GC/TLABs                     2 us
[2021-02-28T14:27:31.052+0300][143.625s][info][gc,stats       ]   Choose Collection Set             117 us
[2021-02-28T14:27:31.052+0300][143.625s][info][gc,stats       ]   Rebuild Free Set                   22 us
[2021-02-28T14:27:31.052+0300][143.625s][info][gc,stats       ]   Initial Evacuation                 14 us
[2021-02-28T14:27:31.052+0300][143.625s][info][gc,stats       ]   Manage GCLABs                       2 us
[2021-02-28T14:27:31.052+0300][143.625s][info][gc,stats       ]   Finish Work                    171278 us
[2021-02-28T14:27:31.052+0300][143.625s][info][gc,stats       ]   Update Region States               76 us
[2021-02-28T14:27:31.052+0300][143.625s][info][gc,stats       ]   Trash Collection Set                3 us
[2021-02-28T14:27:31.052+0300][143.625s][info][gc,stats       ]   Rebuild Free Set                   23 us
[2021-02-28T14:27:31.052+0300][143.625s][info][gc,stats       ] Pause Degenerated GC (G)        1577688 us
[2021-02-28T14:27:31.052+0300][143.625s][info][gc,stats       ] Pause Degenerated GC (N)        1577438 us
[2021-02-28T14:27:31.052+0300][143.625s][info][gc,stats       ]   Degen Mark Roots                   69 us, parallelism: 0.71x
[2021-02-28T14:27:31.052+0300][143.625s][info][gc,stats       ]     DM: <total>                      49 us
[2021-02-28T14:27:31.052+0300][143.625s][info][gc,stats       ]     DM: JNI Handles Roots             2 us, workers (us):   1,   0,   0, 
[2021-02-28T14:27:31.052+0300][143.625s][info][gc,stats       ]     DM: VM Global Roots               2 us, workers (us):   2,   0,   0, 
[2021-02-28T14:27:31.052+0300][143.625s][info][gc,stats       ]     DM: CLDG Roots                   45 us, workers (us):  45, ---, ---, 
[2021-02-28T14:27:31.052+0300][143.625s][info][gc,stats       ]   Degen Update Roots                703 us, parallelism: 2.29x
[2021-02-28T14:27:31.052+0300][143.625s][info][gc,stats       ]     DU: <total>                    1608 us
[2021-02-28T14:27:31.052+0300][143.625s][info][gc,stats       ]     DU: Thread Roots                151 us, workers (us):  66,  84,   1, 
[2021-02-28T14:27:31.052+0300][143.625s][info][gc,stats       ]     DU: Code Cache Roots           1368 us, workers (us): 396, 451, 521, 
[2021-02-28T14:27:31.052+0300][143.625s][info][gc,stats       ]     DU: Universe Roots                1 us, workers (us):   1, ---, ---, 
[2021-02-28T14:27:31.052+0300][143.625s][info][gc,stats       ]     DU: JNI Handles Roots             1 us, workers (us):   1,   0,   0, 
[2021-02-28T14:27:31.052+0300][143.625s][info][gc,stats       ]     DU: JVMTI Weak Roots              0 us, workers (us):   0, ---, ---, 
[2021-02-28T14:27:31.052+0300][143.625s][info][gc,stats       ]     DU: JFR Weak Roots                0 us, workers (us): ---,   0, ---, 
[2021-02-28T14:27:31.052+0300][143.625s][info][gc,stats       ]     DU: JNI Weak Roots                0 us, workers (us):   0,   0,   0, 
[2021-02-28T14:27:31.052+0300][143.625s][info][gc,stats       ]     DU: String Table Roots           55 us, workers (us):  27,  27,   0, 
[2021-02-28T14:27:31.052+0300][143.625s][info][gc,stats       ]     DU: Resolved Table Roots          4 us, workers (us):   2,   2,   0, 
[2021-02-28T14:27:31.052+0300][143.625s][info][gc,stats       ]     DU: VM Global Roots               2 us, workers (us):   1,   1,   0, 
[2021-02-28T14:27:31.052+0300][143.625s][info][gc,stats       ]     DU: VM Weak Roots                 2 us, workers (us):   0,   2,   0, 
[2021-02-28T14:27:31.052+0300][143.625s][info][gc,stats       ]     DU: Synchronizer Roots            0 us, workers (us):   0, ---, ---, 
[2021-02-28T14:27:31.052+0300][143.625s][info][gc,stats       ]     DU: Management Roots              1 us, workers (us):   1, ---, ---, 
[2021-02-28T14:27:31.052+0300][143.625s][info][gc,stats       ]     DU: CLDG Roots                   21 us, workers (us):  21, ---, ---, 
[2021-02-28T14:27:31.052+0300][143.625s][info][gc,stats       ]     DU: JVMTI Roots                   0 us, workers (us): ---,   0, ---, 
[2021-02-28T14:27:31.052+0300][143.625s][info][gc,stats       ]   Pre Heap Dump                       0 us
[2021-02-28T14:27:31.052+0300][143.625s][info][gc,stats       ]   Prepare                           471 us
[2021-02-28T14:27:31.052+0300][143.625s][info][gc,stats       ]   Scan Roots                        137 us, parallelism: 1.59x
[2021-02-28T14:27:31.052+0300][143.625s][info][gc,stats       ]     FS: <total>                     218 us
[2021-02-28T14:27:31.052+0300][143.625s][info][gc,stats       ]     FS: Thread Roots                213 us, workers (us): 117,  62,  34, 
[2021-02-28T14:27:31.052+0300][143.625s][info][gc,stats       ]     FS: Universe Roots                2 us, workers (us):   2, ---, ---, 
[2021-02-28T14:27:31.052+0300][143.625s][info][gc,stats       ]     FS: Synchronizer Roots            0 us, workers (us): ---,   0, ---, 
[2021-02-28T14:27:31.052+0300][143.625s][info][gc,stats       ]     FS: Management Roots              2 us, workers (us): ---,   2, ---, 
[2021-02-28T14:27:31.052+0300][143.625s][info][gc,stats       ]     FS: JVMTI Roots                   0 us, workers (us):   0, ---, ---, 
[2021-02-28T14:27:31.052+0300][143.625s][info][gc,stats       ]   Scan Concurrent Roots             101 us, parallelism: 0.49x
[2021-02-28T14:27:31.052+0300][143.625s][info][gc,stats       ]     FCS: <total>                     50 us
[2021-02-28T14:27:31.052+0300][143.625s][info][gc,stats       ]     FCS: JNI Handles Roots            2 us, workers (us):   2,   0,   0, 
[2021-02-28T14:27:31.052+0300][143.625s][info][gc,stats       ]     FCS: VM Global Roots              2 us, workers (us):   1,   1,   0, 
[2021-02-28T14:27:31.052+0300][143.625s][info][gc,stats       ]     FCS: CLDG Roots                  45 us, workers (us): ---,  45, ---, 
[2021-02-28T14:27:31.052+0300][143.626s][info][gc,stats       ]   Mark                           412422 us
[2021-02-28T14:27:31.052+0300][143.626s][info][gc,stats       ]     Finish Queues                411357 us
[2021-02-28T14:27:31.052+0300][143.626s][info][gc,stats       ]     Weak References                 191 us
[2021-02-28T14:27:31.052+0300][143.626s][info][gc,stats       ]       Process                       186 us
[2021-02-28T14:27:31.052+0300][143.626s][info][gc,stats       ]     System Purge                     53 us
[2021-02-28T14:27:31.052+0300][143.626s][info][gc,stats       ]       Unload Classes                563 us
[2021-02-28T14:27:31.052+0300][143.626s][info][gc,stats       ]       Weak Roots                     53 us
[2021-02-28T14:27:31.052+0300][143.626s][info][gc,stats       ]       CLDG                            0 us
[2021-02-28T14:27:31.052+0300][143.626s][info][gc,stats       ]   Calculate Addresses            179708 us
[2021-02-28T14:27:31.052+0300][143.626s][info][gc,stats       ]     Regular Objects              179670 us
[2021-02-28T14:27:31.052+0300][143.626s][info][gc,stats       ]     Humongous Objects                17 us
[2021-02-28T14:27:31.052+0300][143.626s][info][gc,stats       ]   Adjust Pointers                199206 us
[2021-02-28T14:27:31.052+0300][143.626s][info][gc,stats       ]     FA: <total>                    1646 us
[2021-02-28T14:27:31.052+0300][143.626s][info][gc,stats       ]     FA: Thread Roots                155 us, workers (us):  63,  91,   1, 
[2021-02-28T14:27:31.052+0300][143.626s][info][gc,stats       ]     FA: Code Cache Roots           1392 us, workers (us): 403, 462, 526, 
[2021-02-28T14:27:31.052+0300][143.626s][info][gc,stats       ]     FA: Universe Roots                1 us, workers (us):   1, ---, ---, 
[2021-02-28T14:27:31.052+0300][143.626s][info][gc,stats       ]     FA: JNI Handles Roots             2 us, workers (us):   1,   0,   0, 
[2021-02-28T14:27:31.052+0300][143.626s][info][gc,stats       ]     FA: JVMTI Weak Roots              0 us, workers (us):   0, ---, ---, 
[2021-02-28T14:27:31.052+0300][143.626s][info][gc,stats       ]     FA: JFR Weak Roots                0 us, workers (us):   0, ---, ---, 
[2021-02-28T14:27:31.052+0300][143.626s][info][gc,stats       ]     FA: JNI Weak Roots                0 us, workers (us):   0,   0,   0, 
[2021-02-28T14:27:31.052+0300][143.626s][info][gc,stats       ]     FA: String Table Roots           51 us, workers (us):  35,  13,   2, 
[2021-02-28T14:27:31.052+0300][143.626s][info][gc,stats       ]     FA: Resolved Table Roots          5 us, workers (us):   2,   1,   1, 
[2021-02-28T14:27:31.054+0300][143.626s][info][gc,stats       ]     FA: VM Global Roots               2 us, workers (us):   2,   0,   0, 
[2021-02-28T14:27:31.054+0300][143.626s][info][gc,stats       ]     FA: VM Weak Roots                 3 us, workers (us):   0,   3,   1, 
[2021-02-28T14:27:31.054+0300][143.626s][info][gc,stats       ]     FA: Synchronizer Roots            0 us, workers (us):   0, ---, ---, 
[2021-02-28T14:27:31.054+0300][143.626s][info][gc,stats       ]     FA: Management Roots              1 us, workers (us):   1, ---, ---, 
[2021-02-28T14:27:31.054+0300][143.626s][info][gc,stats       ]     FA: CLDG Roots                   34 us, workers (us):  34, ---, ---, 
[2021-02-28T14:27:31.054+0300][143.626s][info][gc,stats       ]     FA: JVMTI Roots                   0 us, workers (us):   0, ---, ---, 
[2021-02-28T14:27:31.054+0300][143.626s][info][gc,stats       ]   Copy Objects                   184915 us
[2021-02-28T14:27:31.054+0300][143.626s][info][gc,stats       ]     Regular Objects              184346 us
[2021-02-28T14:27:31.054+0300][143.626s][info][gc,stats       ]     Humongous Objects                13 us
[2021-02-28T14:27:31.054+0300][143.626s][info][gc,stats       ]     Reset Complete Bitmap           507 us
[2021-02-28T14:27:31.054+0300][143.626s][info][gc,stats       ]     Rebuild Region Sets              48 us
[2021-02-28T14:27:31.054+0300][143.626s][info][gc,stats       ]   Post Heap Dump                      1 us
[2021-02-28T14:27:31.054+0300][143.626s][info][gc,stats       ] Pacing                          3159929 us
[2021-02-28T14:27:31.054+0300][143.626s][info][gc,stats       ] 
[2021-02-28T14:27:31.054+0300][143.626s][info][gc,stats       ] Allocation pacing accrued:
[2021-02-28T14:27:31.054+0300][143.626s][info][gc,stats       ]    1580 of  1580 ms (100.0%): RMI TCP Connection(5)-172.22.16.1
[2021-02-28T14:27:31.054+0300][143.626s][info][gc,stats       ]    1580 of  1580 ms (100.0%): RMI TCP Connection(6)-172.22.16.1
[2021-02-28T14:27:31.054+0300][143.626s][info][gc,stats       ]    3160 of  1580 ms (200.0%): <total>
[2021-02-28T14:27:31.054+0300][143.626s][info][gc,stats       ]     166 of  1580 ms ( 10.5%): <average total>
[2021-02-28T14:27:31.054+0300][143.626s][info][gc,stats       ]    1580 of  1580 ms (100.0%): <average non-zero>
[2021-02-28T14:27:31.054+0300][143.626s][info][gc,stats       ] 
[2021-02-28T14:27:31.054+0300][143.626s][info][gc,metaspace   ] Metaspace: 7035K(7552K)->7036K(7552K) NonClass: 6311K(6656K)->6312K(6656K) Class: 723K(896K)->723K(896K)
[2021-02-28T14:27:31.054+0300][143.626s][info][gc,ergo        ] Pacer for Idle. Initial: 20971K, Alloc Tax Rate: 1.0x
[2021-02-28T14:27:31.056+0300][143.628s][info][gc             ] Trigger: Free (632K) is below minimum threshold (102M)
[2021-02-28T14:27:31.056+0300][143.628s][info][gc,ergo        ] Free: 632K, Max: 410K regular, 0B humongous, Frag: 0% external, 38% internal; Reserve: 46080K, Max: 512K
[2021-02-28T14:27:31.056+0300][143.628s][info][gc,start       ] GC(76) Concurrent reset
[2021-02-28T14:27:31.056+0300][143.628s][info][gc,task        ] GC(76) Using 1 of 3 workers for concurrent reset
[2021-02-28T14:27:31.056+0300][143.628s][info][gc,ergo        ] GC(76) Pacer for Reset. Non-Taxable: 1024M
[2021-02-28T14:27:31.056+0300][143.628s][info][gc             ] GC(76) Concurrent reset 0.220ms
[2021-02-28T14:27:31.056+0300][143.628s][info][gc,start       ] GC(76) Pause Init Mark (unload classes)
[2021-02-28T14:27:31.056+0300][143.628s][info][gc,task        ] GC(76) Using 3 of 3 workers for init marking
[2021-02-28T14:27:31.056+0300][143.629s][info][gc,ergo        ] GC(76) Pacer for Mark. Expected Live: 1851M, Free: 632K, Non-Taxable: 64746B, Alloc Tax Rate: 3665.8x
[2021-02-28T14:27:31.056+0300][143.629s][info][gc             ] GC(76) Pause Init Mark (unload classes) 0.314ms
[2021-02-28T14:27:31.056+0300][143.629s][info][gc,start       ] GC(76) Concurrent marking (unload classes)
[2021-02-28T14:27:31.056+0300][143.629s][info][gc,task        ] GC(76) Using 1 of 3 workers for concurrent marking
[2021-02-28T14:27:31.482+0300][144.054s][info][gc             ] Failed to allocate TLAB, 2704B
[2021-02-28T14:27:31.482+0300][144.054s][info][gc             ] Cancelling GC: Allocation Failure
[2021-02-28T14:27:31.482+0300][144.054s][info][gc             ] GC(76) Concurrent marking (unload classes) 425.172ms
[2021-02-28T14:27:31.482+0300][144.054s][info][gc,ergo        ] Free: 0B, Max: 0B regular, 0B humongous, Frag: 0% external, 0% internal; Reserve: 46080K, Max: 512K
[2021-02-28T14:27:31.482+0300][144.054s][info][gc,stats       ] 
[2021-02-28T14:27:31.482+0300][144.054s][info][gc,stats       ] All times are wall-clock times, except per-root-class counters, that are sum over
[2021-02-28T14:27:31.482+0300][144.054s][info][gc,stats       ] all workers. Dividing the <total> over the root stage time estimates parallelism.
[2021-02-28T14:27:31.482+0300][144.054s][info][gc,stats       ] 
[2021-02-28T14:27:31.482+0300][144.054s][info][gc,stats       ] Concurrent Reset                    241 us
[2021-02-28T14:27:31.482+0300][144.054s][info][gc,stats       ] Pause Init Mark (G)                 564 us
[2021-02-28T14:27:31.482+0300][144.054s][info][gc,stats       ] Pause Init Mark (N)                 328 us
[2021-02-28T14:27:31.482+0300][144.054s][info][gc,stats       ]   Manage TLABs                        2 us
[2021-02-28T14:27:31.482+0300][144.054s][info][gc,stats       ]   Update Region States               86 us
[2021-02-28T14:27:31.482+0300][144.054s][info][gc,stats       ]   Scan Roots                        164 us, parallelism: 1.07x
[2021-02-28T14:27:31.482+0300][144.054s][info][gc,stats       ]     S: <total>                      175 us
[2021-02-28T14:27:31.482+0300][144.054s][info][gc,stats       ]     S: Thread Roots                 173 us, workers (us):  65,  78,  30, 
[2021-02-28T14:27:31.482+0300][144.054s][info][gc,stats       ]     S: Universe Roots                 2 us, workers (us):   2, ---, ---, 
[2021-02-28T14:27:31.482+0300][144.054s][info][gc,stats       ]     S: Synchronizer Roots             0 us, workers (us):   0, ---, ---, 
[2021-02-28T14:27:31.482+0300][144.054s][info][gc,stats       ]     S: Management Roots               1 us, workers (us):   1, ---, ---, 
[2021-02-28T14:27:31.482+0300][144.054s][info][gc,stats       ]     S: JVMTI Roots                    0 us, workers (us):   0, ---, ---, 
[2021-02-28T14:27:31.482+0300][144.054s][info][gc,stats       ] Concurrent Marking               425195 us
[2021-02-28T14:27:31.482+0300][144.054s][info][gc,stats       ]   Roots                             113 us, parallelism: 0.53x
[2021-02-28T14:27:31.482+0300][144.054s][info][gc,stats       ]     CM: <total>                      60 us
[2021-02-28T14:27:31.482+0300][144.054s][info][gc,stats       ]     CM: JNI Handles Roots             2 us, workers (us):   2, ---, ---, 
[2021-02-28T14:27:31.482+0300][144.054s][info][gc,stats       ]     CM: VM Global Roots               2 us, workers (us):   2, ---, ---, 
[2021-02-28T14:27:31.482+0300][144.054s][info][gc,stats       ]     CM: CLDG Roots                   56 us, workers (us):  56, ---, ---, 
[2021-02-28T14:27:31.482+0300][144.054s][info][gc,stats       ] Pacing                          1746843 us
[2021-02-28T14:27:31.482+0300][144.054s][info][gc,stats       ] 
[2021-02-28T14:27:31.482+0300][144.054s][info][gc,stats       ] Allocation pacing accrued:
[2021-02-28T14:27:31.482+0300][144.054s][info][gc,stats       ]     428 of   428 ms ( 99.9%): main
[2021-02-28T14:27:31.482+0300][144.054s][info][gc,stats       ]      12 of   428 ms (  2.7%): C1 CompilerThread0
[2021-02-28T14:27:31.482+0300][144.054s][info][gc,stats       ]     423 of   428 ms ( 98.8%): Notification Thread
[2021-02-28T14:27:31.482+0300][144.054s][info][gc,stats       ]      12 of   428 ms (  2.8%): RMI TCP Connection(2)-172.22.16.1
[2021-02-28T14:27:31.482+0300][144.054s][info][gc,stats       ]     304 of   428 ms ( 71.0%): RMI TCP Connection(5)-172.22.16.1
[2021-02-28T14:27:31.482+0300][144.054s][info][gc,stats       ]     384 of   428 ms ( 89.7%): RMI TCP Connection(6)-172.22.16.1
[2021-02-28T14:27:31.482+0300][144.054s][info][gc,stats       ]     184 of   428 ms ( 42.9%): RMI TCP Connection(7)-172.22.16.1
[2021-02-28T14:27:31.482+0300][144.054s][info][gc,stats       ]    1747 of   428 ms (407.8%): <total>
[2021-02-28T14:27:31.482+0300][144.054s][info][gc,stats       ]      92 of   428 ms ( 21.5%): <average total>
[2021-02-28T14:27:31.482+0300][144.054s][info][gc,stats       ]     250 of   428 ms ( 58.3%): <average non-zero>
[2021-02-28T14:27:31.482+0300][144.054s][info][gc,stats       ] 
[2021-02-28T14:27:31.482+0300][144.054s][info][gc,metaspace   ] Metaspace: 7036K(7552K)->7069K(7552K) NonClass: 6312K(6656K)->6344K(6656K) Class: 723K(896K)->725K(896K)
[2021-02-28T14:27:31.482+0300][144.054s][info][gc,ergo        ] Pacer for Idle. Initial: 20971K, Alloc Tax Rate: 1.0x
[2021-02-28T14:27:31.485+0300][144.057s][info][gc             ] Trigger: Handle Allocation Failure
[2021-02-28T14:27:31.485+0300][144.057s][info][gc,ergo        ] Free: 0B, Max: 0B regular, 0B humongous, Frag: 0% external, 0% internal; Reserve: 46080K, Max: 512K
[2021-02-28T14:27:31.485+0300][144.057s][info][gc,start       ] GC(77) Pause Degenerated GC (Mark)
[2021-02-28T14:27:31.485+0300][144.057s][info][gc,task        ] GC(77) Using 3 of 3 workers for stw degenerated gc
[2021-02-28T14:27:31.750+0300][144.323s][info][gc,ergo        ] GC(77) Adaptive CSet Selection. Target Free: 145M, Actual Free: 46080K, Max CSet: 43690K, Min Garbage: 100M
[2021-02-28T14:27:31.750+0300][144.323s][info][gc,ergo        ] GC(77) Collectable Garbage: 9704B (100%), Immediate: 0B (0%), CSet: 9704B (100%)
[2021-02-28T14:27:31.750+0300][144.323s][info][gc,ergo        ] GC(77) Pacer for Evacuation. Used CSet: 43519K, Free: 16008B, Non-Taxable: 1600B, Alloc Tax Rate: 6804.5x
[2021-02-28T14:27:31.762+0300][144.334s][info][gc,ergo        ] GC(77) Pacer for Update Refs. Used: 1021M, Free: 16008B, Non-Taxable: 1600B, Alloc Tax Rate: 81791.8x
[2021-02-28T14:27:31.939+0300][144.512s][info][gc,ergo        ] GC(77) Bad progress for free space: 16008B, need 10485K
[2021-02-28T14:27:31.939+0300][144.512s][info][gc             ] GC(77) Cancelling GC: Upgrade To Full GC
[2021-02-28T14:27:31.941+0300][144.513s][info][gc,phases,start] GC(77) Phase 1: Mark live objects
[2021-02-28T14:27:32.355+0300][144.927s][info][gc,phases      ] GC(77) Phase 1: Mark live objects 414.360ms
[2021-02-28T14:27:32.355+0300][144.927s][info][gc,phases,start] GC(77) Phase 2: Compute new object addresses
[2021-02-28T14:27:32.534+0300][145.107s][info][gc,phases      ] GC(77) Phase 2: Compute new object addresses 179.843ms
[2021-02-28T14:27:32.534+0300][145.107s][info][gc,phases,start] GC(77) Phase 3: Adjust pointers
[2021-02-28T14:27:32.734+0300][145.306s][info][gc,phases      ] GC(77) Phase 3: Adjust pointers 199.149ms
[2021-02-28T14:27:32.734+0300][145.306s][info][gc,phases,start] GC(77) Phase 4: Move objects
[2021-02-28T14:27:32.924+0300][145.496s][info][gc,phases      ] GC(77) Phase 4: Move objects 189.664ms
[2021-02-28T14:27:32.924+0300][145.496s][info][gc,ergo        ] GC(77) Bad progress for free space: 817K, need 10485K
[2021-02-28T14:27:32.924+0300][145.496s][info][gc             ] GC(77) Pause Degenerated GC (Mark) 978M->978M(1024M) 1439.049ms
[2021-02-28T14:27:32.924+0300][145.496s][info][gc,ergo        ] Free: 793K, Max: 501K regular, 0B humongous, Frag: 0% external, 61% internal; Reserve: 45568K, Max: 512K
[2021-02-28T14:27:32.924+0300][145.496s][info][gc,stats       ] 
[2021-02-28T14:27:32.924+0300][145.496s][info][gc,stats       ] All times are wall-clock times, except per-root-class counters, that are sum over
[2021-02-28T14:27:32.924+0300][145.496s][info][gc,stats       ] all workers. Dividing the <total> over the root stage time estimates parallelism.
[2021-02-28T14:27:32.924+0300][145.496s][info][gc,stats       ] 
[2021-02-28T14:27:32.924+0300][145.496s][info][gc,stats       ]   Finish Queues                  265321 us
[2021-02-28T14:27:32.924+0300][145.496s][info][gc,stats       ]   System Purge                       95 us
[2021-02-28T14:27:32.924+0300][145.496s][info][gc,stats       ]     Unload Classes                  588 us
[2021-02-28T14:27:32.924+0300][145.496s][info][gc,stats       ]     Weak Roots                       94 us
[2021-02-28T14:27:32.924+0300][145.496s][info][gc,stats       ]     CLDG                              0 us
[2021-02-28T14:27:32.924+0300][145.496s][info][gc,stats       ]   Update Region States               87 us
[2021-02-28T14:27:32.924+0300][145.496s][info][gc,stats       ]   Manage GC/TLABs                     4 us
[2021-02-28T14:27:32.924+0300][145.496s][info][gc,stats       ]   Choose Collection Set             126 us
[2021-02-28T14:27:32.924+0300][145.496s][info][gc,stats       ]   Rebuild Free Set                   22 us
[2021-02-28T14:27:32.924+0300][145.496s][info][gc,stats       ]   Initial Evacuation                 15 us
[2021-02-28T14:27:32.924+0300][145.496s][info][gc,stats       ]   Manage GCLABs                       2 us
[2021-02-28T14:27:32.924+0300][145.496s][info][gc,stats       ]   Finish Work                    177129 us
[2021-02-28T14:27:32.924+0300][145.496s][info][gc,stats       ]   Update Region States               96 us
[2021-02-28T14:27:32.924+0300][145.496s][info][gc,stats       ]   Trash Collection Set                3 us
[2021-02-28T14:27:32.924+0300][145.496s][info][gc,stats       ]   Rebuild Free Set                   23 us
[2021-02-28T14:27:32.924+0300][145.496s][info][gc,stats       ] Pause Degenerated GC (G)        1439337 us
[2021-02-28T14:27:32.924+0300][145.497s][info][gc,stats       ] Pause Degenerated GC (N)        1439064 us
[2021-02-28T14:27:32.924+0300][145.497s][info][gc,stats       ]   Degen Mark Roots                  106 us, parallelism: 0.25x
[2021-02-28T14:27:32.924+0300][145.497s][info][gc,stats       ]     DM: <total>                      27 us
[2021-02-28T14:27:32.924+0300][145.497s][info][gc,stats       ]     DM: JNI Handles Roots             2 us, workers (us):   1,   0,   0, 
[2021-02-28T14:27:32.924+0300][145.497s][info][gc,stats       ]     DM: VM Global Roots               2 us, workers (us):   2,   0,   0, 
[2021-02-28T14:27:32.924+0300][145.497s][info][gc,stats       ]     DM: CLDG Roots                   23 us, workers (us):  23, ---, ---, 
[2021-02-28T14:27:32.924+0300][145.497s][info][gc,stats       ]   Degen Update Roots                690 us, parallelism: 2.35x
[2021-02-28T14:27:32.924+0300][145.497s][info][gc,stats       ]     DU: <total>                    1620 us
[2021-02-28T14:27:32.924+0300][145.497s][info][gc,stats       ]     DU: Thread Roots                118 us, workers (us): 105,   1,  13, 
[2021-02-28T14:27:32.924+0300][145.497s][info][gc,stats       ]     DU: Code Cache Roots           1410 us, workers (us): 404, 526, 480, 
[2021-02-28T14:27:32.924+0300][145.497s][info][gc,stats       ]     DU: Universe Roots                1 us, workers (us):   1, ---, ---, 
[2021-02-28T14:27:32.924+0300][145.497s][info][gc,stats       ]     DU: JNI Handles Roots             1 us, workers (us):   0,   0,   0, 
[2021-02-28T14:27:32.924+0300][145.497s][info][gc,stats       ]     DU: JVMTI Weak Roots              0 us, workers (us):   0, ---, ---, 
[2021-02-28T14:27:32.924+0300][145.497s][info][gc,stats       ]     DU: JFR Weak Roots                0 us, workers (us):   0, ---, ---, 
[2021-02-28T14:27:32.924+0300][145.497s][info][gc,stats       ]     DU: JNI Weak Roots                0 us, workers (us):   0,   0,   0, 
[2021-02-28T14:27:32.924+0300][145.497s][info][gc,stats       ]     DU: String Table Roots           63 us, workers (us):  27,  17,  18, 
[2021-02-28T14:27:32.924+0300][145.497s][info][gc,stats       ]     DU: Resolved Table Roots          4 us, workers (us):   1,   2,   1, 
[2021-02-28T14:27:32.924+0300][145.497s][info][gc,stats       ]     DU: VM Global Roots               1 us, workers (us):   1,   0,   0, 
[2021-02-28T14:27:32.924+0300][145.497s][info][gc,stats       ]     DU: VM Weak Roots                 3 us, workers (us):   0,   1,   2, 
[2021-02-28T14:27:32.924+0300][145.497s][info][gc,stats       ]     DU: Synchronizer Roots            0 us, workers (us):   0, ---, ---, 
[2021-02-28T14:27:32.924+0300][145.497s][info][gc,stats       ]     DU: Management Roots              1 us, workers (us):   1, ---, ---, 
[2021-02-28T14:27:32.924+0300][145.497s][info][gc,stats       ]     DU: CLDG Roots                   17 us, workers (us):  17, ---, ---, 
[2021-02-28T14:27:32.924+0300][145.497s][info][gc,stats       ]     DU: JVMTI Roots                   0 us, workers (us):   0, ---, ---, 
[2021-02-28T14:27:32.924+0300][145.497s][info][gc,stats       ]   Pre Heap Dump                       0 us
[2021-02-28T14:27:32.924+0300][145.497s][info][gc,stats       ]   Prepare                           478 us
[2021-02-28T14:27:32.924+0300][145.497s][info][gc,stats       ]   Scan Roots                        137 us, parallelism: 0.94x
[2021-02-28T14:27:32.924+0300][145.497s][info][gc,stats       ]     FS: <total>                     129 us
[2021-02-28T14:27:32.924+0300][145.497s][info][gc,stats       ]     FS: Thread Roots                125 us, workers (us):  54,  33,  38, 
[2021-02-28T14:27:32.924+0300][145.497s][info][gc,stats       ]     FS: Universe Roots                2 us, workers (us):   2, ---, ---, 
[2021-02-28T14:27:32.924+0300][145.497s][info][gc,stats       ]     FS: Synchronizer Roots            0 us, workers (us):   0, ---, ---, 
[2021-02-28T14:27:32.924+0300][145.497s][info][gc,stats       ]     FS: Management Roots              1 us, workers (us):   1, ---, ---, 
[2021-02-28T14:27:32.924+0300][145.497s][info][gc,stats       ]     FS: JVMTI Roots                   0 us, workers (us):   0, ---, ---, 
[2021-02-28T14:27:32.924+0300][145.497s][info][gc,stats       ]   Scan Concurrent Roots             134 us, parallelism: 0.37x
[2021-02-28T14:27:32.924+0300][145.497s][info][gc,stats       ]     FCS: <total>                     49 us
[2021-02-28T14:27:32.924+0300][145.497s][info][gc,stats       ]     FCS: JNI Handles Roots            2 us, workers (us):   1,   0,   0, 
[2021-02-28T14:27:32.924+0300][145.497s][info][gc,stats       ]     FCS: VM Global Roots              2 us, workers (us):   1,   1,   0, 
[2021-02-28T14:27:32.924+0300][145.497s][info][gc,stats       ]     FCS: CLDG Roots                  45 us, workers (us): ---,  45, ---, 
[2021-02-28T14:27:32.924+0300][145.497s][info][gc,stats       ]   Mark                           414318 us
[2021-02-28T14:27:32.924+0300][145.497s][info][gc,stats       ]     Finish Queues                412605 us
[2021-02-28T14:27:32.924+0300][145.497s][info][gc,stats       ]     Weak References                 221 us
[2021-02-28T14:27:32.924+0300][145.497s][info][gc,stats       ]       Process                       214 us
[2021-02-28T14:27:32.924+0300][145.497s][info][gc,stats       ]     System Purge                     97 us
[2021-02-28T14:27:32.924+0300][145.497s][info][gc,stats       ]       Unload Classes               1073 us
[2021-02-28T14:27:32.924+0300][145.497s][info][gc,stats       ]       Weak Roots                     96 us
[2021-02-28T14:27:32.924+0300][145.497s][info][gc,stats       ]       CLDG                           33 us
[2021-02-28T14:27:32.924+0300][145.497s][info][gc,stats       ]   Calculate Addresses            179829 us
[2021-02-28T14:27:32.924+0300][145.497s][info][gc,stats       ]     Regular Objects              179791 us
[2021-02-28T14:27:32.924+0300][145.497s][info][gc,stats       ]     Humongous Objects                19 us
[2021-02-28T14:27:32.924+0300][145.497s][info][gc,stats       ]   Adjust Pointers                199135 us
[2021-02-28T14:27:32.924+0300][145.497s][info][gc,stats       ]     FA: <total>                    1598 us
[2021-02-28T14:27:32.924+0300][145.497s][info][gc,stats       ]     FA: Thread Roots                 79 us, workers (us):  16,  62,   1, 
[2021-02-28T14:27:32.924+0300][145.497s][info][gc,stats       ]     FA: Code Cache Roots           1415 us, workers (us): 481, 398, 537, 
[2021-02-28T14:27:32.924+0300][145.497s][info][gc,stats       ]     FA: Universe Roots                1 us, workers (us):   1, ---, ---, 
[2021-02-28T14:27:32.924+0300][145.497s][info][gc,stats       ]     FA: JNI Handles Roots             2 us, workers (us):   1,   0,   0, 
[2021-02-28T14:27:32.924+0300][145.497s][info][gc,stats       ]     FA: JVMTI Weak Roots              0 us, workers (us):   0, ---, ---, 
[2021-02-28T14:27:32.924+0300][145.497s][info][gc,stats       ]     FA: JFR Weak Roots                0 us, workers (us):   0, ---, ---, 
[2021-02-28T14:27:32.924+0300][145.497s][info][gc,stats       ]     FA: JNI Weak Roots                0 us, workers (us):   0,   0,   0, 
[2021-02-28T14:27:32.924+0300][145.497s][info][gc,stats       ]     FA: String Table Roots           56 us, workers (us):  23,  16,  16, 
[2021-02-28T14:27:32.924+0300][145.497s][info][gc,stats       ]     FA: Resolved Table Roots          5 us, workers (us):   1,   2,   1, 
[2021-02-28T14:27:32.924+0300][145.497s][info][gc,stats       ]     FA: VM Global Roots               2 us, workers (us):   2,   0,   0, 
[2021-02-28T14:27:32.924+0300][145.497s][info][gc,stats       ]     FA: VM Weak Roots                 2 us, workers (us):   1,   0,   1, 
[2021-02-28T14:27:32.924+0300][145.497s][info][gc,stats       ]     FA: Synchronizer Roots            0 us, workers (us):   0, ---, ---, 
[2021-02-28T14:27:32.924+0300][145.497s][info][gc,stats       ]     FA: Management Roots              1 us, workers (us):   1, ---, ---, 
[2021-02-28T14:27:32.924+0300][145.497s][info][gc,stats       ]     FA: CLDG Roots                   34 us, workers (us): ---,  34, ---, 
[2021-02-28T14:27:32.924+0300][145.497s][info][gc,stats       ]     FA: JVMTI Roots                   0 us, workers (us):   0, ---, ---, 
[2021-02-28T14:27:32.924+0300][145.497s][info][gc,stats       ]   Copy Objects                   189650 us
[2021-02-28T14:27:32.924+0300][145.497s][info][gc,stats       ]     Regular Objects              189107 us
[2021-02-28T14:27:32.924+0300][145.497s][info][gc,stats       ]     Humongous Objects                13 us
[2021-02-28T14:27:32.924+0300][145.497s][info][gc,stats       ]     Reset Complete Bitmap           481 us
[2021-02-28T14:27:32.924+0300][145.497s][info][gc,stats       ]     Rebuild Region Sets              49 us
[2021-02-28T14:27:32.924+0300][145.497s][info][gc,stats       ]   Post Heap Dump                      1 us
[2021-02-28T14:27:32.924+0300][145.497s][info][gc,stats       ] Pacing                          2889670 us
[2021-02-28T14:27:32.924+0300][145.497s][info][gc,stats       ] 
[2021-02-28T14:27:32.924+0300][145.497s][info][gc,stats       ] Allocation pacing accrued:
[2021-02-28T14:27:32.924+0300][145.497s][info][gc,stats       ]    1443 of  1443 ms (100.0%): main
[2021-02-28T14:27:32.924+0300][145.497s][info][gc,stats       ]    1446 of  1443 ms (100.2%): Notification Thread
[2021-02-28T14:27:32.924+0300][145.497s][info][gc,stats       ]    2890 of  1443 ms (200.2%): <total>
[2021-02-28T14:27:32.924+0300][145.497s][info][gc,stats       ]     152 of  1443 ms ( 10.5%): <average total>
[2021-02-28T14:27:32.924+0300][145.497s][info][gc,stats       ]    1445 of  1443 ms (100.1%): <average non-zero>
[2021-02-28T14:27:32.924+0300][145.497s][info][gc,stats       ] 
[2021-02-28T14:27:32.924+0300][145.497s][info][gc,metaspace   ] Metaspace: 7069K(7552K)->7024K(7552K) NonClass: 6344K(6656K)->6305K(6656K) Class: 725K(896K)->718K(896K)
[2021-02-28T14:27:32.924+0300][145.497s][info][gc,ergo        ] Pacer for Idle. Initial: 20971K, Alloc Tax Rate: 1.0x
[2021-02-28T14:27:32.926+0300][145.498s][info][gc             ] Failed to allocate TLAB, 2648B
[2021-02-28T14:27:32.926+0300][145.498s][info][gc             ] Cancelling GC: Allocation Failure
[2021-02-28T14:27:32.927+0300][145.499s][info][gc             ] Trigger: Handle Allocation Failure
[2021-02-28T14:27:32.927+0300][145.499s][info][gc,ergo        ] Free: 0B, Max: 0B regular, 0B humongous, Frag: 0% external, 0% internal; Reserve: 45568K, Max: 512K
[2021-02-28T14:27:32.927+0300][145.499s][info][gc,start       ] GC(78) Pause Degenerated GC (Outside of Cycle)
[2021-02-28T14:27:32.927+0300][145.499s][info][gc,task        ] GC(78) Using 3 of 3 workers for stw degenerated gc
[2021-02-28T14:27:32.927+0300][145.499s][info][gc,ergo        ] GC(78) Pacer for Reset. Non-Taxable: 1024M
[2021-02-28T14:27:32.927+0300][145.500s][info][gc,ergo        ] GC(78) Pacer for Mark. Expected Live: 1852M, Free: 0B, Non-Taxable: 0B, Alloc Tax Rate: infx
[2021-02-28T14:27:33.345+0300][145.918s][info][gc,ergo        ] GC(78) Adaptive CSet Selection. Target Free: 145M, Actual Free: 45568K, Max CSet: 43690K, Min Garbage: 100M
[2021-02-28T14:27:33.345+0300][145.918s][info][gc,ergo        ] GC(78) Collectable Garbage: 179K (100%), Immediate: 0B (0%), CSet: 179K (100%)
[2021-02-28T14:27:33.345+0300][145.918s][info][gc,ergo        ] GC(78) Pacer for Evacuation. Used CSet: 43517K, Free: 15904B, Non-Taxable: 1590B, Alloc Tax Rate: 6848.9x
[2021-02-28T14:27:33.355+0300][145.929s][info][gc,ergo        ] GC(78) Pacer for Update Refs. Used: 1022M, Free: 15904B, Non-Taxable: 1590B, Alloc Tax Rate: 82369.1x
[2021-02-28T14:27:33.528+0300][146.101s][info][gc,ergo        ] GC(78) Bad progress for free space: 15904B, need 10485K
[2021-02-28T14:27:33.528+0300][146.101s][info][gc             ] GC(78) Cancelling GC: Upgrade To Full GC
[2021-02-28T14:27:33.528+0300][146.101s][info][gc,phases,start] GC(78) Phase 1: Mark live objects
[2021-02-28T14:27:33.956+0300][146.530s][info][gc,phases      ] GC(78) Phase 1: Mark live objects 428.207ms
[2021-02-28T14:27:33.956+0300][146.530s][info][gc,phases,start] GC(78) Phase 2: Compute new object addresses
[2021-02-28T14:27:34.137+0300][146.710s][info][gc,phases      ] GC(78) Phase 2: Compute new object addresses 179.872ms
[2021-02-28T14:27:34.137+0300][146.710s][info][gc,phases,start] GC(78) Phase 3: Adjust pointers
[2021-02-28T14:27:34.337+0300][146.910s][info][gc,phases      ] GC(78) Phase 3: Adjust pointers 200.460ms
[2021-02-28T14:27:34.337+0300][146.910s][info][gc,phases,start] GC(78) Phase 4: Move objects
[2021-02-28T14:27:34.520+0300][147.093s][info][gc,phases      ] GC(78) Phase 4: Move objects 182.782ms
[2021-02-28T14:27:34.520+0300][147.093s][info][gc,ergo        ] GC(78) Bad progress for free space: 200K, need 10485K
[2021-02-28T14:27:34.520+0300][147.093s][info][gc             ] GC(78) Pause Degenerated GC (Outside of Cycle) 979M->979M(1024M) 1593.914ms
[2021-02-28T14:27:34.520+0300][147.093s][info][gc,ergo        ] Free: 181K, Max: 112K regular, 0B humongous, Frag: 0% external, 82% internal; Reserve: 45568K, Max: 512K
[2021-02-28T14:27:34.520+0300][147.093s][info][gc,stats       ] 
[2021-02-28T14:27:34.520+0300][147.093s][info][gc,stats       ] All times are wall-clock times, except per-root-class counters, that are sum over
[2021-02-28T14:27:34.520+0300][147.093s][info][gc,stats       ] all workers. Dividing the <total> over the root stage time estimates parallelism.
[2021-02-28T14:27:34.520+0300][147.093s][info][gc,stats       ] 
[2021-02-28T14:27:34.520+0300][147.093s][info][gc,stats       ]   Manage TLABs                        2 us
[2021-02-28T14:27:34.520+0300][147.093s][info][gc,stats       ]   Update Region States               80 us
[2021-02-28T14:27:34.520+0300][147.093s][info][gc,stats       ]   Scan Roots                        151 us, parallelism: 1.22x
[2021-02-28T14:27:34.520+0300][147.093s][info][gc,stats       ]     S: <total>                      184 us
[2021-02-28T14:27:34.520+0300][147.093s][info][gc,stats       ]     S: Thread Roots                 181 us, workers (us):  98,  51,  32, 
[2021-02-28T14:27:34.520+0300][147.093s][info][gc,stats       ]     S: Universe Roots                 2 us, workers (us):   2, ---, ---, 
[2021-02-28T14:27:34.520+0300][147.093s][info][gc,stats       ]     S: Synchronizer Roots             0 us, workers (us): ---,   0, ---, 
[2021-02-28T14:27:34.520+0300][147.093s][info][gc,stats       ]     S: Management Roots               1 us, workers (us): ---,   1, ---, 
[2021-02-28T14:27:34.520+0300][147.093s][info][gc,stats       ]     S: JVMTI Roots                    0 us, workers (us):   0, ---, ---, 
[2021-02-28T14:27:34.520+0300][147.093s][info][gc,stats       ]   Finish Queues                  417582 us
[2021-02-28T14:27:34.520+0300][147.093s][info][gc,stats       ]   Weak References                    30 us
[2021-02-28T14:27:34.520+0300][147.093s][info][gc,stats       ]     Process                          24 us
[2021-02-28T14:27:34.520+0300][147.093s][info][gc,stats       ]   System Purge                       63 us
[2021-02-28T14:27:34.520+0300][147.093s][info][gc,stats       ]     Unload Classes                  589 us
[2021-02-28T14:27:34.520+0300][147.093s][info][gc,stats       ]     Weak Roots                       63 us
[2021-02-28T14:27:34.520+0300][147.093s][info][gc,stats       ]     CLDG                              0 us
[2021-02-28T14:27:34.520+0300][147.094s][info][gc,stats       ]   Update Region States               60 us
[2021-02-28T14:27:34.520+0300][147.094s][info][gc,stats       ]   Manage GC/TLABs                     2 us
[2021-02-28T14:27:34.520+0300][147.094s][info][gc,stats       ]   Choose Collection Set             115 us
[2021-02-28T14:27:34.520+0300][147.094s][info][gc,stats       ]   Rebuild Free Set                   22 us
[2021-02-28T14:27:34.520+0300][147.094s][info][gc,stats       ]   Initial Evacuation                 15 us
[2021-02-28T14:27:34.520+0300][147.094s][info][gc,stats       ]   Manage GCLABs                       1 us
[2021-02-28T14:27:34.520+0300][147.094s][info][gc,stats       ]   Finish Work                    171404 us
[2021-02-28T14:27:34.520+0300][147.094s][info][gc,stats       ]   Update Region States               82 us
[2021-02-28T14:27:34.520+0300][147.094s][info][gc,stats       ]   Trash Collection Set                3 us
[2021-02-28T14:27:34.520+0300][147.094s][info][gc,stats       ]   Rebuild Free Set                   23 us
[2021-02-28T14:27:34.520+0300][147.094s][info][gc,stats       ] Pause Degenerated GC (G)        1594221 us
[2021-02-28T14:27:34.520+0300][147.094s][info][gc,stats       ] Pause Degenerated GC (N)        1593930 us
[2021-02-28T14:27:34.520+0300][147.094s][info][gc,stats       ]   Degen Mark Roots                   67 us, parallelism: 0.73x
[2021-02-28T14:27:34.520+0300][147.094s][info][gc,stats       ]     DM: <total>                      49 us
[2021-02-28T14:27:34.520+0300][147.094s][info][gc,stats       ]     DM: JNI Handles Roots             2 us, workers (us):   1,   0,   0, 
[2021-02-28T14:27:34.520+0300][147.094s][info][gc,stats       ]     DM: VM Global Roots               2 us, workers (us):   1,   1,   0, 
[2021-02-28T14:27:34.520+0300][147.094s][info][gc,stats       ]     DM: CLDG Roots                   45 us, workers (us):  45, ---, ---, 
[2021-02-28T14:27:34.520+0300][147.094s][info][gc,stats       ]   Degen Update Roots                715 us, parallelism: 2.18x
[2021-02-28T14:27:34.520+0300][147.094s][info][gc,stats       ]     DU: <total>                    1560 us
[2021-02-28T14:27:34.522+0300][147.094s][info][gc,stats       ]     DU: Thread Roots                 81 us, workers (us):   1,  15,  65, 
[2021-02-28T14:27:34.522+0300][147.094s][info][gc,stats       ]     DU: Code Cache Roots           1396 us, workers (us): 522, 475, 399, 
[2021-02-28T14:27:34.522+0300][147.094s][info][gc,stats       ]     DU: Universe Roots                1 us, workers (us):   1, ---, ---, 
[2021-02-28T14:27:34.522+0300][147.094s][info][gc,stats       ]     DU: JNI Handles Roots             1 us, workers (us):   1,   0,   0, 
[2021-02-28T14:27:34.522+0300][147.094s][info][gc,stats       ]     DU: JVMTI Weak Roots              0 us, workers (us):   0, ---, ---, 
[2021-02-28T14:27:34.522+0300][147.094s][info][gc,stats       ]     DU: JFR Weak Roots                0 us, workers (us):   0, ---, ---, 
[2021-02-28T14:27:34.522+0300][147.094s][info][gc,stats       ]     DU: JNI Weak Roots                0 us, workers (us):   0,   0,   0, 
[2021-02-28T14:27:34.522+0300][147.094s][info][gc,stats       ]     DU: String Table Roots           54 us, workers (us):  38,  14,   2, 
[2021-02-28T14:27:34.522+0300][147.094s][info][gc,stats       ]     DU: Resolved Table Roots          5 us, workers (us):   1,   1,   3, 
[2021-02-28T14:27:34.522+0300][147.094s][info][gc,stats       ]     DU: VM Global Roots               1 us, workers (us):   1,   0,   0, 
[2021-02-28T14:27:34.522+0300][147.094s][info][gc,stats       ]     DU: VM Weak Roots                 1 us, workers (us):   1,   1,   0, 
[2021-02-28T14:27:34.522+0300][147.094s][info][gc,stats       ]     DU: Synchronizer Roots            0 us, workers (us):   0, ---, ---, 
[2021-02-28T14:27:34.522+0300][147.094s][info][gc,stats       ]     DU: Management Roots              1 us, workers (us):   1, ---, ---, 
[2021-02-28T14:27:34.522+0300][147.094s][info][gc,stats       ]     DU: CLDG Roots                   17 us, workers (us): ---, ---,  17, 
[2021-02-28T14:27:34.522+0300][147.094s][info][gc,stats       ]     DU: JVMTI Roots                   0 us, workers (us):   0, ---, ---, 
[2021-02-28T14:27:34.522+0300][147.094s][info][gc,stats       ]   Pre Heap Dump                       0 us
[2021-02-28T14:27:34.522+0300][147.094s][info][gc,stats       ]   Prepare                           476 us
[2021-02-28T14:27:34.522+0300][147.094s][info][gc,stats       ]   Scan Roots                        128 us, parallelism: 1.09x
[2021-02-28T14:27:34.522+0300][147.094s][info][gc,stats       ]     FS: <total>                     140 us
[2021-02-28T14:27:34.522+0300][147.094s][info][gc,stats       ]     FS: Thread Roots                135 us, workers (us):  65,  45,  26, 
[2021-02-28T14:27:34.522+0300][147.094s][info][gc,stats       ]     FS: Universe Roots                2 us, workers (us):   2, ---, ---, 
[2021-02-28T14:27:34.522+0300][147.094s][info][gc,stats       ]     FS: Synchronizer Roots            0 us, workers (us):   0, ---, ---, 
[2021-02-28T14:27:34.522+0300][147.094s][info][gc,stats       ]     FS: Management Roots              1 us, workers (us):   1, ---, ---, 
[2021-02-28T14:27:34.522+0300][147.094s][info][gc,stats       ]     FS: JVMTI Roots                   0 us, workers (us):   0, ---, ---, 
[2021-02-28T14:27:34.522+0300][147.094s][info][gc,stats       ]   Scan Concurrent Roots              69 us, parallelism: 0.70x
[2021-02-28T14:27:34.522+0300][147.094s][info][gc,stats       ]     FCS: <total>                     49 us
[2021-02-28T14:27:34.522+0300][147.094s][info][gc,stats       ]     FCS: JNI Handles Roots            2 us, workers (us):   1,   0,   0, 
[2021-02-28T14:27:34.522+0300][147.094s][info][gc,stats       ]     FCS: VM Global Roots              2 us, workers (us):   2,   0,   0, 
[2021-02-28T14:27:34.522+0300][147.094s][info][gc,stats       ]     FCS: CLDG Roots                  45 us, workers (us):  45, ---, ---, 
[2021-02-28T14:27:34.522+0300][147.094s][info][gc,stats       ]   Mark                           428167 us
[2021-02-28T14:27:34.522+0300][147.094s][info][gc,stats       ]     Finish Queues                426658 us
[2021-02-28T14:27:34.522+0300][147.094s][info][gc,stats       ]     Weak References                 192 us
[2021-02-28T14:27:34.522+0300][147.094s][info][gc,stats       ]       Process                       186 us
[2021-02-28T14:27:34.522+0300][147.094s][info][gc,stats       ]     System Purge                     66 us
[2021-02-28T14:27:34.522+0300][147.094s][info][gc,stats       ]       Unload Classes               1025 us
[2021-02-28T14:27:34.522+0300][147.094s][info][gc,stats       ]       Weak Roots                     66 us
[2021-02-28T14:27:34.522+0300][147.094s][info][gc,stats       ]       CLDG                           10 us
[2021-02-28T14:27:34.522+0300][147.094s][info][gc,stats       ]   Calculate Addresses            179855 us
[2021-02-28T14:27:34.522+0300][147.094s][info][gc,stats       ]     Regular Objects              179808 us
[2021-02-28T14:27:34.522+0300][147.094s][info][gc,stats       ]     Humongous Objects                16 us
[2021-02-28T14:27:34.522+0300][147.094s][info][gc,stats       ]   Adjust Pointers                200447 us
[2021-02-28T14:27:34.522+0300][147.094s][info][gc,stats       ]     FA: <total>                    1690 us
[2021-02-28T14:27:34.522+0300][147.094s][info][gc,stats       ]     FA: Thread Roots                 84 us, workers (us):  67,  16,   1, 
[2021-02-28T14:27:34.522+0300][147.094s][info][gc,stats       ]     FA: Code Cache Roots           1503 us, workers (us): 413, 498, 592, 
[2021-02-28T14:27:34.522+0300][147.094s][info][gc,stats       ]     FA: Universe Roots                1 us, workers (us): ---,   1, ---, 
[2021-02-28T14:27:34.522+0300][147.094s][info][gc,stats       ]     FA: JNI Handles Roots             3 us, workers (us):   2,   1,   0, 
[2021-02-28T14:27:34.522+0300][147.094s][info][gc,stats       ]     FA: JVMTI Weak Roots              0 us, workers (us):   0, ---, ---, 
[2021-02-28T14:27:34.522+0300][147.094s][info][gc,stats       ]     FA: JFR Weak Roots                0 us, workers (us): ---,   0, ---, 
[2021-02-28T14:27:34.522+0300][147.094s][info][gc,stats       ]     FA: JNI Weak Roots                0 us, workers (us):   0,   0,   0, 
[2021-02-28T14:27:34.522+0300][147.094s][info][gc,stats       ]     FA: String Table Roots           52 us, workers (us):  26,  26,   0, 
[2021-02-28T14:27:34.522+0300][147.094s][info][gc,stats       ]     FA: Resolved Table Roots          4 us, workers (us):   2,   2,   0, 
[2021-02-28T14:27:34.522+0300][147.094s][info][gc,stats       ]     FA: VM Global Roots               2 us, workers (us):   0,   2,   0, 
[2021-02-28T14:27:34.522+0300][147.094s][info][gc,stats       ]     FA: VM Weak Roots                 3 us, workers (us):   1,   2,   0, 
[2021-02-28T14:27:34.522+0300][147.094s][info][gc,stats       ]     FA: Synchronizer Roots            0 us, workers (us):   0, ---, ---, 
[2021-02-28T14:27:34.522+0300][147.094s][info][gc,stats       ]     FA: Management Roots              1 us, workers (us):   1, ---, ---, 
[2021-02-28T14:27:34.522+0300][147.094s][info][gc,stats       ]     FA: CLDG Roots                   35 us, workers (us):  35, ---, ---, 
[2021-02-28T14:27:34.522+0300][147.094s][info][gc,stats       ]     FA: JVMTI Roots                   0 us, workers (us): ---,   0, ---, 
[2021-02-28T14:27:34.522+0300][147.094s][info][gc,stats       ]   Copy Objects                   182769 us
[2021-02-28T14:27:34.522+0300][147.094s][info][gc,stats       ]     Regular Objects              182136 us
[2021-02-28T14:27:34.522+0300][147.094s][info][gc,stats       ]     Humongous Objects                14 us
[2021-02-28T14:27:34.522+0300][147.094s][info][gc,stats       ]     Reset Complete Bitmap           569 us
[2021-02-28T14:27:34.522+0300][147.094s][info][gc,stats       ]     Rebuild Region Sets              50 us
[2021-02-28T14:27:34.522+0300][147.094s][info][gc,stats       ]   Post Heap Dump                      1 us
[2021-02-28T14:27:34.522+0300][147.094s][info][gc,stats       ] Pacing                          4790508 us
[2021-02-28T14:27:34.522+0300][147.094s][info][gc,stats       ] 
[2021-02-28T14:27:34.522+0300][147.094s][info][gc,stats       ] Allocation pacing accrued:
[2021-02-28T14:27:34.522+0300][147.094s][info][gc,stats       ]    1597 of  1597 ms (100.0%): Notification Thread
[2021-02-28T14:27:34.522+0300][147.094s][info][gc,stats       ]    1597 of  1597 ms (100.0%): RMI TCP Connection(5)-172.22.16.1
[2021-02-28T14:27:34.522+0300][147.095s][info][gc,stats       ]    1597 of  1597 ms (100.0%): RMI TCP Connection(6)-172.22.16.1
[2021-02-28T14:27:34.522+0300][147.095s][info][gc,stats       ]    4791 of  1597 ms (299.9%): <total>
[2021-02-28T14:27:34.522+0300][147.095s][info][gc,stats       ]     252 of  1597 ms ( 15.8%): <average total>
[2021-02-28T14:27:34.522+0300][147.095s][info][gc,stats       ]    1597 of  1597 ms (100.0%): <average non-zero>
[2021-02-28T14:27:34.522+0300][147.095s][info][gc,stats       ] 
[2021-02-28T14:27:34.522+0300][147.095s][info][gc,metaspace   ] Metaspace: 7024K(7552K)->7024K(7552K) NonClass: 6305K(6656K)->6306K(6656K) Class: 718K(896K)->718K(896K)
[2021-02-28T14:27:34.522+0300][147.095s][info][gc,ergo        ] Pacer for Idle. Initial: 20971K, Alloc Tax Rate: 1.0x
[2021-02-28T14:27:34.523+0300][147.095s][info][gc             ] Failed to allocate TLAB, 2664B
[2021-02-28T14:27:34.523+0300][147.095s][info][gc             ] Cancelling GC: Allocation Failure
[2021-02-28T14:27:34.524+0300][147.096s][info][gc             ] Trigger: Handle Allocation Failure
[2021-02-28T14:27:34.524+0300][147.096s][info][gc,ergo        ] Free: 0B, Max: 0B regular, 0B humongous, Frag: 0% external, 0% internal; Reserve: 45568K, Max: 512K
[2021-02-28T14:27:34.524+0300][147.096s][info][gc,start       ] GC(79) Pause Full
[2021-02-28T14:27:34.524+0300][147.096s][info][gc,task        ] GC(79) Using 3 of 3 workers for full gc
[2021-02-28T14:27:34.524+0300][147.096s][info][gc,phases,start] GC(79) Phase 1: Mark live objects
[2021-02-28T14:27:34.946+0300][147.519s][info][gc,phases      ] GC(79) Phase 1: Mark live objects 422.933ms
[2021-02-28T14:27:34.946+0300][147.519s][info][gc,phases,start] GC(79) Phase 2: Compute new object addresses
[2021-02-28T14:27:35.125+0300][147.698s][info][gc,phases      ] GC(79) Phase 2: Compute new object addresses 178.422ms
[2021-02-28T14:27:35.125+0300][147.698s][info][gc,phases,start] GC(79) Phase 3: Adjust pointers
[2021-02-28T14:27:35.333+0300][147.905s][info][gc,phases      ] GC(79) Phase 3: Adjust pointers 207.639ms
[2021-02-28T14:27:35.333+0300][147.905s][info][gc,phases,start] GC(79) Phase 4: Move objects
[2021-02-28T14:27:35.530+0300][148.103s][info][gc,phases      ] GC(79) Phase 4: Move objects 197.182ms
[2021-02-28T14:27:35.530+0300][148.103s][info][gc,ergo        ] GC(79) Bad progress for free space: 69976B, need 10485K
[2021-02-28T14:27:35.530+0300][148.103s][info][gc             ] GC(79) Pause Full 979M->979M(1024M) 1006.591ms
[2021-02-28T14:27:35.530+0300][148.103s][info][gc,ergo        ] Free: 50312B, Max: 31608B regular, 0B humongous, Frag: 0% external, 95% internal; Reserve: 45568K, Max: 512K
[2021-02-28T14:27:35.530+0300][148.103s][info][gc,stats       ] 
[2021-02-28T14:27:35.530+0300][148.103s][info][gc             ] Failed to allocate TLAB, 2664B
[2021-02-28T14:27:35.530+0300][148.103s][info][gc,stats       ] All times are wall-clock times, except per-root-class counters, that are sum over
[2021-02-28T14:27:35.530+0300][148.103s][info][gc             ] Cancelling GC: Allocation Failure
[2021-02-28T14:27:35.530+0300][148.103s][info][gc,stats       ] all workers. Dividing the <total> over the root stage time estimates parallelism.
[2021-02-28T14:27:35.530+0300][148.103s][info][gc,stats       ] 
[2021-02-28T14:27:35.530+0300][148.103s][info][gc,stats       ] Pause Full GC (G)               1006853 us
[2021-02-28T14:27:35.530+0300][148.103s][info][gc,stats       ] Pause Full GC (N)               1006608 us
[2021-02-28T14:27:35.530+0300][148.103s][info][gc,stats       ]   Pre Heap Dump                       0 us
[2021-02-28T14:27:35.530+0300][148.103s][info][gc,stats       ]   Prepare                           114 us
[2021-02-28T14:27:35.530+0300][148.103s][info][gc,stats       ]   Scan Roots                        118 us, parallelism: 0.95x
[2021-02-28T14:27:35.530+0300][148.103s][info][gc,stats       ]     FS: <total>                     112 us
[2021-02-28T14:27:35.530+0300][148.103s][info][gc,stats       ]     FS: Thread Roots                109 us, workers (us):  55,  37,  17, 
[2021-02-28T14:27:35.530+0300][148.103s][info][gc,stats       ]     FS: Universe Roots                2 us, workers (us):   2, ---, ---, 
[2021-02-28T14:27:35.530+0300][148.103s][info][gc,stats       ]     FS: Synchronizer Roots            0 us, workers (us):   0, ---, ---, 
[2021-02-28T14:27:35.530+0300][148.103s][info][gc,stats       ]     FS: Management Roots              1 us, workers (us):   1, ---, ---, 
[2021-02-28T14:27:35.530+0300][148.103s][info][gc,stats       ]     FS: JVMTI Roots                   0 us, workers (us):   0, ---, ---, 
[2021-02-28T14:27:35.530+0300][148.103s][info][gc,stats       ]   Scan Concurrent Roots              95 us, parallelism: 0.50x
[2021-02-28T14:27:35.530+0300][148.103s][info][gc,stats       ]     FCS: <total>                     47 us
[2021-02-28T14:27:35.530+0300][148.103s][info][gc,stats       ]     FCS: JNI Handles Roots            2 us, workers (us):   1,   0,   0, 
[2021-02-28T14:27:35.530+0300][148.103s][info][gc,stats       ]     FCS: VM Global Roots              2 us, workers (us):   2,   0,   0, 
[2021-02-28T14:27:35.530+0300][148.103s][info][gc,stats       ]     FCS: CLDG Roots                  44 us, workers (us):  44, ---, ---, 
[2021-02-28T14:27:35.530+0300][148.103s][info][gc,stats       ]   Mark                           422910 us
[2021-02-28T14:27:35.530+0300][148.103s][info][gc,stats       ]     Finish Queues                421878 us
[2021-02-28T14:27:35.530+0300][148.103s][info][gc,stats       ]     Weak References                 175 us
[2021-02-28T14:27:35.530+0300][148.103s][info][gc,stats       ]       Process                       169 us
[2021-02-28T14:27:35.530+0300][148.103s][info][gc,stats       ]     System Purge                     55 us
[2021-02-28T14:27:35.530+0300][148.103s][info][gc,stats       ]       Unload Classes                573 us
[2021-02-28T14:27:35.530+0300][148.103s][info][gc,stats       ]       Weak Roots                     55 us
[2021-02-28T14:27:35.530+0300][148.103s][info][gc,stats       ]       CLDG                            0 us
[2021-02-28T14:27:35.530+0300][148.103s][info][gc,stats       ]   Calculate Addresses            178408 us
[2021-02-28T14:27:35.530+0300][148.103s][info][gc,stats       ]     Regular Objects              178371 us
[2021-02-28T14:27:35.530+0300][148.103s][info][gc,stats       ]     Humongous Objects                17 us
[2021-02-28T14:27:35.530+0300][148.103s][info][gc,stats       ]   Adjust Pointers                207626 us
[2021-02-28T14:27:35.530+0300][148.103s][info][gc,stats       ]     FA: <total>                    1628 us
[2021-02-28T14:27:35.530+0300][148.103s][info][gc,stats       ]     FA: Thread Roots                 83 us, workers (us):  15,   1,  68, 
[2021-02-28T14:27:35.530+0300][148.103s][info][gc,stats       ]     FA: Code Cache Roots           1427 us, workers (us): 490, 533, 404, 
[2021-02-28T14:27:35.530+0300][148.103s][info][gc,stats       ]     FA: Universe Roots                1 us, workers (us):   1, ---, ---, 
[2021-02-28T14:27:35.530+0300][148.103s][info][gc,stats       ]     FA: JNI Handles Roots             2 us, workers (us):   2,   0,   0, 
[2021-02-28T14:27:35.530+0300][148.103s][info][gc,stats       ]     FA: JVMTI Weak Roots              0 us, workers (us):   0, ---, ---, 
[2021-02-28T14:27:35.530+0300][148.103s][info][gc,stats       ]     FA: JFR Weak Roots                1 us, workers (us): ---,   1, ---, 
[2021-02-28T14:27:35.530+0300][148.103s][info][gc,stats       ]     FA: JNI Weak Roots                0 us, workers (us):   0,   0,   0, 
[2021-02-28T14:27:35.530+0300][148.103s][info][gc,stats       ]     FA: String Table Roots           67 us, workers (us):  22,  22,  23, 
[2021-02-28T14:27:35.530+0300][148.103s][info][gc,stats       ]     FA: Resolved Table Roots          4 us, workers (us):   2,   1,   1, 
[2021-02-28T14:27:35.530+0300][148.103s][info][gc,stats       ]     FA: VM Global Roots               2 us, workers (us):   0,   1,   1, 
[2021-02-28T14:27:35.530+0300][148.103s][info][gc,stats       ]     FA: VM Weak Roots                 2 us, workers (us):   1,   1,   0, 
[2021-02-28T14:27:35.530+0300][148.103s][info][gc,stats       ]     FA: Synchronizer Roots            0 us, workers (us): ---,   0, ---, 
[2021-02-28T14:27:35.530+0300][148.103s][info][gc,stats       ]     FA: Management Roots              1 us, workers (us): ---, ---,   1, 
[2021-02-28T14:27:35.530+0300][148.104s][info][gc,stats       ]     FA: CLDG Roots                   36 us, workers (us): ---, ---,  36, 
[2021-02-28T14:27:35.530+0300][148.104s][info][gc,stats       ]     FA: JVMTI Roots                   0 us, workers (us): ---,   0, ---, 
[2021-02-28T14:27:35.530+0300][148.104s][info][gc,stats       ]   Copy Objects                   197169 us
[2021-02-28T14:27:35.530+0300][148.104s][info][gc,stats       ]     Regular Objects              196662 us
[2021-02-28T14:27:35.530+0300][148.104s][info][gc,stats       ]     Humongous Objects                13 us
[2021-02-28T14:27:35.530+0300][148.104s][info][gc,stats       ]     Reset Complete Bitmap           446 us
[2021-02-28T14:27:35.530+0300][148.104s][info][gc,stats       ]     Rebuild Region Sets              47 us
[2021-02-28T14:27:35.530+0300][148.104s][info][gc,stats       ]   Post Heap Dump                      1 us
[2021-02-28T14:27:35.530+0300][148.104s][info][gc,stats       ] Pacing                          1009159 us
[2021-02-28T14:27:35.530+0300][148.104s][info][gc,stats       ] 
[2021-02-28T14:27:35.530+0300][148.104s][info][gc,stats       ] Allocation pacing accrued:
[2021-02-28T14:27:35.530+0300][148.104s][info][gc,stats       ]    1009 of  1009 ms (100.0%): Notification Thread
[2021-02-28T14:27:35.530+0300][148.104s][info][gc,stats       ]    1009 of  1009 ms (100.0%): <total>
[2021-02-28T14:27:35.530+0300][148.104s][info][gc,stats       ]      53 of  1009 ms (  5.3%): <average total>
[2021-02-28T14:27:35.530+0300][148.104s][info][gc,stats       ]    1009 of  1009 ms (100.0%): <average non-zero>
[2021-02-28T14:27:35.530+0300][148.104s][info][gc,stats       ] 
[2021-02-28T14:27:35.530+0300][148.104s][info][gc,metaspace   ] Metaspace: 7024K(7552K)->7024K(7552K) NonClass: 6306K(6656K)->6306K(6656K) Class: 718K(896K)->718K(896K)
[2021-02-28T14:27:35.530+0300][148.104s][info][gc,ergo        ] Pacer for Idle. Initial: 20971K, Alloc Tax Rate: 1.0x
[2021-02-28T14:27:35.535+0300][148.107s][info][gc             ] Trigger: Handle Allocation Failure
[2021-02-28T14:27:35.535+0300][148.107s][info][gc,ergo        ] Free: 0B, Max: 0B regular, 0B humongous, Frag: 0% external, 0% internal; Reserve: 45568K, Max: 512K
[2021-02-28T14:27:35.535+0300][148.107s][info][gc,start       ] GC(80) Pause Degenerated GC (Outside of Cycle)
[2021-02-28T14:27:35.535+0300][148.107s][info][gc,task        ] GC(80) Using 3 of 3 workers for stw degenerated gc
[2021-02-28T14:27:35.535+0300][148.107s][info][gc,ergo        ] GC(80) Pacer for Reset. Non-Taxable: 1024M
[2021-02-28T14:27:35.535+0300][148.108s][info][gc,ergo        ] GC(80) Pacer for Mark. Expected Live: 2049M, Free: 0B, Non-Taxable: 0B, Alloc Tax Rate: infx
[2021-02-28T14:27:35.956+0300][148.529s][info][gc,ergo        ] GC(80) Adaptive CSet Selection. Target Free: 145M, Actual Free: 45568K, Max CSet: 43690K, Min Garbage: 100M
[2021-02-28T14:27:35.956+0300][148.529s][info][gc,ergo        ] GC(80) Collectable Garbage: 11512B (100%), Immediate: 0B (0%), CSet: 11512B (100%)
[2021-02-28T14:27:35.956+0300][148.529s][info][gc,ergo        ] GC(80) Pacer for Evacuation. Used CSet: 43517K, Free: 15728B, Non-Taxable: 1572B, Alloc Tax Rate: 6925.4x
[2021-02-28T14:27:35.968+0300][148.540s][info][gc,ergo        ] GC(80) Pacer for Update Refs. Used: 1022M, Free: 15728B, Non-Taxable: 1572B, Alloc Tax Rate: 83288.4x
[2021-02-28T14:27:36.139+0300][148.712s][info][gc,ergo        ] GC(80) Bad progress for free space: 15728B, need 10485K
[2021-02-28T14:27:36.139+0300][148.712s][info][gc             ] GC(80) Cancelling GC: Upgrade To Full GC
[2021-02-28T14:27:36.139+0300][148.712s][info][gc,phases,start] GC(80) Phase 1: Mark live objects
[2021-02-28T14:27:36.563+0300][149.135s][info][gc,phases      ] GC(80) Phase 1: Mark live objects 422.436ms
[2021-02-28T14:27:36.563+0300][149.135s][info][gc,phases,start] GC(80) Phase 2: Compute new object addresses
[2021-02-28T14:27:36.748+0300][149.320s][info][gc,phases      ] GC(80) Phase 2: Compute new object addresses 185.526ms
[2021-02-28T14:27:36.748+0300][149.320s][info][gc,phases,start] GC(80) Phase 3: Adjust pointers
[2021-02-28T14:27:36.946+0300][149.518s][info][gc,phases      ] GC(80) Phase 3: Adjust pointers 197.860ms
[2021-02-28T14:27:36.946+0300][149.518s][info][gc,phases,start] GC(80) Phase 4: Move objects
[2021-02-28T14:27:37.131+0300][149.704s][info][gc,phases      ] GC(80) Phase 4: Move objects 185.160ms
[2021-02-28T14:27:37.131+0300][149.704s][info][gc,ergo        ] GC(80) Bad progress for free space: 31248B, need 10485K
[2021-02-28T14:27:37.131+0300][149.704s][info][gc             ] GC(80) Pause Degenerated GC (Outside of Cycle) 979M->979M(1024M) 1596.583ms
[2021-02-28T14:27:37.131+0300][149.704s][info][gc,ergo        ] Free: 31248B, Max: 9760B regular, 0B humongous, Frag: 0% external, 99% internal; Reserve: 45568K, Max: 512K
[2021-02-28T14:27:37.131+0300][149.704s][info][gc,stats       ] 
[2021-02-28T14:27:37.131+0300][149.704s][info][gc,stats       ] All times are wall-clock times, except per-root-class counters, that are sum over
[2021-02-28T14:27:37.131+0300][149.704s][info][gc,stats       ] all workers. Dividing the <total> over the root stage time estimates parallelism.
[2021-02-28T14:27:37.131+0300][149.704s][info][gc,stats       ] 
[2021-02-28T14:27:37.131+0300][149.704s][info][gc,stats       ]   Manage TLABs                        2 us
[2021-02-28T14:27:37.131+0300][149.704s][info][gc             ] Failed to allocate TLAB, 2664B
[2021-02-28T14:27:37.131+0300][149.704s][info][gc,stats       ]   Update Region States               75 us
[2021-02-28T14:27:37.131+0300][149.704s][info][gc             ] Cancelling GC: Allocation Failure
[2021-02-28T14:27:37.131+0300][149.704s][info][gc,stats       ]   Scan Roots                        112 us, parallelism: 1.13x
[2021-02-28T14:27:37.131+0300][149.704s][info][gc,stats       ]     S: <total>                      127 us
[2021-02-28T14:27:37.131+0300][149.704s][info][gc,stats       ]     S: Thread Roots                 123 us, workers (us):  51,  46,  26, 
[2021-02-28T14:27:37.131+0300][149.704s][info][gc,stats       ]     S: Universe Roots                 2 us, workers (us):   2, ---, ---, 
[2021-02-28T14:27:37.131+0300][149.704s][info][gc,stats       ]     S: Synchronizer Roots             0 us, workers (us): ---,   0, ---, 
[2021-02-28T14:27:37.131+0300][149.704s][info][gc,stats       ]     S: Management Roots               1 us, workers (us): ---,   1, ---, 
[2021-02-28T14:27:37.131+0300][149.704s][info][gc,stats       ]     S: JVMTI Roots                    0 us, workers (us): ---,   0, ---, 
[2021-02-28T14:27:37.131+0300][149.704s][info][gc,stats       ]   Finish Queues                  420979 us
[2021-02-28T14:27:37.131+0300][149.704s][info][gc,stats       ]   Weak References                    28 us
[2021-02-28T14:27:37.131+0300][149.704s][info][gc,stats       ]     Process                          23 us
[2021-02-28T14:27:37.131+0300][149.704s][info][gc,stats       ]   System Purge                       66 us
[2021-02-28T14:27:37.131+0300][149.704s][info][gc,stats       ]     Unload Classes                  577 us
[2021-02-28T14:27:37.131+0300][149.704s][info][gc,stats       ]     Weak Roots                       65 us
[2021-02-28T14:27:37.131+0300][149.704s][info][gc,stats       ]     CLDG                              0 us
[2021-02-28T14:27:37.131+0300][149.704s][info][gc,stats       ]   Update Region States               92 us
[2021-02-28T14:27:37.131+0300][149.704s][info][gc,stats       ]   Manage GC/TLABs                     2 us
[2021-02-28T14:27:37.131+0300][149.704s][info][gc,stats       ]   Choose Collection Set             118 us
[2021-02-28T14:27:37.131+0300][149.704s][info][gc,stats       ]   Rebuild Free Set                   22 us
[2021-02-28T14:27:37.131+0300][149.704s][info][gc,stats       ]   Initial Evacuation                 15 us
[2021-02-28T14:27:37.131+0300][149.704s][info][gc,stats       ]   Manage GCLABs                       2 us
[2021-02-28T14:27:37.131+0300][149.704s][info][gc,stats       ]   Finish Work                    171174 us
[2021-02-28T14:27:37.131+0300][149.704s][info][gc,stats       ]   Update Region States               98 us
[2021-02-28T14:27:37.131+0300][149.704s][info][gc,stats       ]   Trash Collection Set                3 us
[2021-02-28T14:27:37.131+0300][149.704s][info][gc,stats       ]   Rebuild Free Set                   23 us
[2021-02-28T14:27:37.131+0300][149.704s][info][gc,stats       ] Pause Degenerated GC (G)        1596831 us
[2021-02-28T14:27:37.131+0300][149.704s][info][gc,stats       ] Pause Degenerated GC (N)        1596598 us
[2021-02-28T14:27:37.131+0300][149.704s][info][gc,stats       ]   Degen Mark Roots                   69 us, parallelism: 0.74x
[2021-02-28T14:27:37.131+0300][149.704s][info][gc,stats       ]     DM: <total>                      51 us
[2021-02-28T14:27:37.131+0300][149.704s][info][gc,stats       ]     DM: JNI Handles Roots             2 us, workers (us):   1,   0,   0, 
[2021-02-28T14:27:37.131+0300][149.704s][info][gc,stats       ]     DM: VM Global Roots               3 us, workers (us):   1,   2,   0, 
[2021-02-28T14:27:37.131+0300][149.704s][info][gc,stats       ]     DM: CLDG Roots                   46 us, workers (us):  46, ---, ---, 
[2021-02-28T14:27:37.131+0300][149.704s][info][gc,stats       ]   Degen Update Roots                703 us, parallelism: 2.17x
[2021-02-28T14:27:37.131+0300][149.704s][info][gc,stats       ]     DU: <total>                    1524 us
[2021-02-28T14:27:37.131+0300][149.704s][info][gc,stats       ]     DU: Thread Roots                 74 us, workers (us):  72,   1,   1, 
[2021-02-28T14:27:37.131+0300][149.704s][info][gc,stats       ]     DU: Code Cache Roots           1369 us, workers (us): 388, 472, 509, 
[2021-02-28T14:27:37.131+0300][149.705s][info][gc,stats       ]     DU: Universe Roots                1 us, workers (us):   1, ---, ---, 
[2021-02-28T14:27:37.131+0300][149.705s][info][gc,stats       ]     DU: JNI Handles Roots             1 us, workers (us):   0,   0,   0, 
[2021-02-28T14:27:37.131+0300][149.705s][info][gc,stats       ]     DU: JVMTI Weak Roots              0 us, workers (us):   0, ---, ---, 
[2021-02-28T14:27:37.131+0300][149.705s][info][gc,stats       ]     DU: JFR Weak Roots                0 us, workers (us):   0, ---, ---, 
[2021-02-28T14:27:37.131+0300][149.705s][info][gc,stats       ]     DU: String Table Roots           54 us, workers (us):  27,  27,   0, 
[2021-02-28T14:27:37.131+0300][149.705s][info][gc,stats       ]     DU: Resolved Table Roots          5 us, workers (us):   2,   1,   1, 
[2021-02-28T14:27:37.131+0300][149.705s][info][gc,stats       ]     DU: VM Global Roots               1 us, workers (us):   1,   0,   0, 
[2021-02-28T14:27:37.131+0300][149.705s][info][gc,stats       ]     DU: VM Weak Roots                 1 us, workers (us):   0,   1,   0, 
[2021-02-28T14:27:37.131+0300][149.705s][info][gc,stats       ]     DU: Synchronizer Roots            0 us, workers (us):   0, ---, ---, 
[2021-02-28T14:27:37.131+0300][149.705s][info][gc,stats       ]     DU: Management Roots              1 us, workers (us): ---,   1, ---, 
[2021-02-28T14:27:37.131+0300][149.705s][info][gc,stats       ]     DU: CLDG Roots                   16 us, workers (us):  16, ---, ---, 
[2021-02-28T14:27:37.131+0300][149.705s][info][gc,stats       ]     DU: JVMTI Roots                   0 us, workers (us):   0, ---, ---, 
[2021-02-28T14:27:37.131+0300][149.705s][info][gc,stats       ]   Pre Heap Dump                       0 us
[2021-02-28T14:27:37.131+0300][149.705s][info][gc,stats       ]   Prepare                           451 us
[2021-02-28T14:27:37.131+0300][149.705s][info][gc,stats       ]   Scan Roots                        109 us, parallelism: 1.31x
[2021-02-28T14:27:37.131+0300][149.705s][info][gc,stats       ]     FS: <total>                     143 us
[2021-02-28T14:27:37.131+0300][149.705s][info][gc,stats       ]     FS: Thread Roots                138 us, workers (us):  57,  52,  29, 
[2021-02-28T14:27:37.131+0300][149.705s][info][gc,stats       ]     FS: Universe Roots                2 us, workers (us): ---,   2, ---, 
[2021-02-28T14:27:37.133+0300][149.705s][info][gc,stats       ]     FS: Synchronizer Roots            0 us, workers (us):   0, ---, ---, 
[2021-02-28T14:27:37.133+0300][149.705s][info][gc,stats       ]     FS: Management Roots              2 us, workers (us):   2, ---, ---, 
[2021-02-28T14:27:37.133+0300][149.705s][info][gc,stats       ]     FS: JVMTI Roots                   0 us, workers (us): ---,   0, ---, 
[2021-02-28T14:27:37.133+0300][149.705s][info][gc,stats       ]   Scan Concurrent Roots              67 us, parallelism: 0.73x
[2021-02-28T14:27:37.133+0300][149.705s][info][gc,stats       ]     FCS: <total>                     49 us
[2021-02-28T14:27:37.133+0300][149.705s][info][gc,stats       ]     FCS: JNI Handles Roots            2 us, workers (us):   1,   0,   0, 
[2021-02-28T14:27:37.133+0300][149.705s][info][gc,stats       ]     FCS: VM Global Roots              3 us, workers (us):   2,   1,   0, 
[2021-02-28T14:27:37.133+0300][149.705s][info][gc,stats       ]     FCS: CLDG Roots                  45 us, workers (us): ---,  45, ---, 
[2021-02-28T14:27:37.133+0300][149.705s][info][gc,stats       ]   Mark                           422397 us
[2021-02-28T14:27:37.133+0300][149.705s][info][gc,stats       ]     Finish Queues                421376 us
[2021-02-28T14:27:37.133+0300][149.705s][info][gc,stats       ]     Weak References                 171 us
[2021-02-28T14:27:37.133+0300][149.705s][info][gc,stats       ]       Process                       166 us
[2021-02-28T14:27:37.133+0300][149.705s][info][gc,stats       ]     System Purge                     85 us
[2021-02-28T14:27:37.133+0300][149.705s][info][gc,stats       ]       Unload Classes                570 us
[2021-02-28T14:27:37.133+0300][149.705s][info][gc,stats       ]       Weak Roots                     85 us
[2021-02-28T14:27:37.133+0300][149.705s][info][gc,stats       ]       CLDG                            0 us
[2021-02-28T14:27:37.133+0300][149.705s][info][gc,stats       ]   Calculate Addresses            185513 us
[2021-02-28T14:27:37.133+0300][149.705s][info][gc,stats       ]     Regular Objects              185475 us
[2021-02-28T14:27:37.133+0300][149.705s][info][gc,stats       ]     Humongous Objects                17 us
[2021-02-28T14:27:37.133+0300][149.705s][info][gc,stats       ]   Adjust Pointers                197846 us
[2021-02-28T14:27:37.133+0300][149.705s][info][gc,stats       ]     FA: <total>                    1628 us
[2021-02-28T14:27:37.133+0300][149.705s][info][gc,stats       ]     FA: Thread Roots                 86 us, workers (us):  16,   1,  69, 
[2021-02-28T14:27:37.133+0300][149.705s][info][gc,stats       ]     FA: Code Cache Roots           1439 us, workers (us): 494, 539, 406, 
[2021-02-28T14:27:37.133+0300][149.705s][info][gc,stats       ]     FA: Universe Roots                1 us, workers (us):   1, ---, ---, 
[2021-02-28T14:27:37.133+0300][149.705s][info][gc,stats       ]     FA: JNI Handles Roots             2 us, workers (us):   0,   2,   0, 
[2021-02-28T14:27:37.133+0300][149.705s][info][gc,stats       ]     FA: JVMTI Weak Roots              0 us, workers (us):   0, ---, ---, 
[2021-02-28T14:27:37.133+0300][149.705s][info][gc,stats       ]     FA: JFR Weak Roots                0 us, workers (us):   0, ---, ---, 
[2021-02-28T14:27:37.133+0300][149.705s][info][gc,stats       ]     FA: JNI Weak Roots                0 us, workers (us):   0,   0,   0, 
[2021-02-28T14:27:37.133+0300][149.705s][info][gc,stats       ]     FA: String Table Roots           53 us, workers (us):  27,  26,   0, 
[2021-02-28T14:27:37.133+0300][149.705s][info][gc,stats       ]     FA: Resolved Table Roots          5 us, workers (us):   2,   2,   0, 
[2021-02-28T14:27:37.133+0300][149.705s][info][gc,stats       ]     FA: VM Global Roots               2 us, workers (us):   2,   1,   0, 
[2021-02-28T14:27:37.133+0300][149.705s][info][gc,stats       ]     FA: VM Weak Roots                 2 us, workers (us):   1,   1,   0, 
[2021-02-28T14:27:37.133+0300][149.705s][info][gc,stats       ]     FA: Synchronizer Roots            0 us, workers (us): ---,   0, ---, 
[2021-02-28T14:27:37.133+0300][149.705s][info][gc,stats       ]     FA: Management Roots              1 us, workers (us): ---,   1, ---, 
[2021-02-28T14:27:37.133+0300][149.705s][info][gc,stats       ]     FA: CLDG Roots                   35 us, workers (us): ---, ---,  35, 
[2021-02-28T14:27:37.133+0300][149.705s][info][gc,stats       ]     FA: JVMTI Roots                   0 us, workers (us):   0, ---, ---, 
[2021-02-28T14:27:37.133+0300][149.705s][info][gc,stats       ]   Copy Objects                   185147 us
[2021-02-28T14:27:37.133+0300][149.705s][info][gc,stats       ]     Regular Objects              184635 us
[2021-02-28T14:27:37.133+0300][149.705s][info][gc,stats       ]     Humongous Objects                13 us
[2021-02-28T14:27:37.133+0300][149.705s][info][gc,stats       ]     Reset Complete Bitmap           450 us
[2021-02-28T14:27:37.133+0300][149.705s][info][gc,stats       ]     Rebuild Region Sets              48 us
[2021-02-28T14:27:37.133+0300][149.705s][info][gc,stats       ]   Post Heap Dump                      1 us
[2021-02-28T14:27:37.133+0300][149.705s][info][gc,stats       ] 
[2021-02-28T14:27:37.133+0300][149.705s][info][gc,stats       ] Allocation pacing accrued:
[2021-02-28T14:27:37.133+0300][149.705s][info][gc,stats       ]       0 of  1602 ms (  0.0%): <total>
[2021-02-28T14:27:37.133+0300][149.705s][info][gc,stats       ]       0 of  1602 ms (  0.0%): <average total>
[2021-02-28T14:27:37.133+0300][149.705s][info][gc,stats       ] 
[2021-02-28T14:27:37.133+0300][149.705s][info][gc,metaspace   ] Metaspace: 7024K(7552K)->7024K(7552K) NonClass: 6306K(6656K)->6306K(6656K) Class: 718K(896K)->718K(896K)
[2021-02-28T14:27:37.133+0300][149.705s][info][gc,ergo        ] Pacer for Idle. Initial: 20971K, Alloc Tax Rate: 1.0x
[2021-02-28T14:27:37.135+0300][149.707s][info][gc             ] Trigger: Handle Allocation Failure
[2021-02-28T14:27:37.135+0300][149.707s][info][gc,ergo        ] Free: 0B, Max: 0B regular, 0B humongous, Frag: 0% external, 0% internal; Reserve: 45568K, Max: 512K
[2021-02-28T14:27:37.135+0300][149.707s][info][gc,start       ] GC(81) Pause Degenerated GC (Outside of Cycle)
[2021-02-28T14:27:37.135+0300][149.707s][info][gc,task        ] GC(81) Using 3 of 3 workers for stw degenerated gc
[2021-02-28T14:27:37.135+0300][149.707s][info][gc,ergo        ] GC(81) Pacer for Reset. Non-Taxable: 1024M
[2021-02-28T14:27:37.135+0300][149.707s][info][gc,ergo        ] GC(81) Pacer for Mark. Expected Live: 2152M, Free: 0B, Non-Taxable: 0B, Alloc Tax Rate: infx
[2021-02-28T14:27:37.548+0300][150.122s][info][gc,ergo        ] GC(81) Adaptive CSet Selection. Target Free: 145M, Actual Free: 45568K, Max CSet: 43690K, Min Garbage: 100M
[2021-02-28T14:27:37.548+0300][150.122s][info][gc,ergo        ] GC(81) Collectable Garbage: 3048B (100%), Immediate: 0B (0%), CSet: 3048B (100%)
[2021-02-28T14:27:37.549+0300][150.122s][info][gc,ergo        ] GC(81) Pacer for Evacuation. Used CSet: 43516K, Free: 16616B, Non-Taxable: 1661B, Alloc Tax Rate: 6555.2x
[2021-02-28T14:27:37.560+0300][150.133s][info][gc,ergo        ] GC(81) Pacer for Update Refs. Used: 1022M, Free: 16616B, Non-Taxable: 1661B, Alloc Tax Rate: 78838.4x
[2021-02-28T14:27:37.735+0300][150.307s][info][gc,ergo        ] GC(81) Bad progress for free space: 16616B, need 10485K
[2021-02-28T14:27:37.735+0300][150.307s][info][gc             ] GC(81) Cancelling GC: Upgrade To Full GC
[2021-02-28T14:27:37.736+0300][150.308s][info][gc,phases,start] GC(81) Phase 1: Mark live objects
[2021-02-28T14:27:38.158+0300][150.730s][info][gc,phases      ] GC(81) Phase 1: Mark live objects 421.892ms
[2021-02-28T14:27:38.158+0300][150.730s][info][gc,phases,start] GC(81) Phase 2: Compute new object addresses
[2021-02-28T14:27:38.339+0300][150.911s][info][gc,phases      ] GC(81) Phase 2: Compute new object addresses 181.486ms
[2021-02-28T14:27:38.339+0300][150.911s][info][gc,phases,start] GC(81) Phase 3: Adjust pointers
[2021-02-28T14:27:38.536+0300][151.109s][info][gc,phases      ] GC(81) Phase 3: Adjust pointers 197.368ms
[2021-02-28T14:27:38.536+0300][151.109s][info][gc,phases,start] GC(81) Phase 4: Move objects
[2021-02-28T14:27:38.719+0300][151.292s][info][gc,phases      ] GC(81) Phase 4: Move objects 183.494ms
[2021-02-28T14:27:38.719+0300][151.292s][info][gc,ergo        ] GC(81) Bad progress for free space: 535K, need 10485K
[2021-02-28T14:27:38.719+0300][151.292s][info][gc             ] GC(81) Pause Degenerated GC (Outside of Cycle) 979M->979M(1024M) 1585.395ms
[2021-02-28T14:27:38.719+0300][151.292s][info][gc,ergo        ] Free: 519K, Max: 387K regular, 0B humongous, Frag: 0% external, 99% internal; Reserve: 45056K, Max: 512K
[2021-02-28T14:27:38.719+0300][151.293s][info][gc,stats       ] 
[2021-02-28T14:27:38.719+0300][151.293s][info][gc,stats       ] All times are wall-clock times, except per-root-class counters, that are sum over
[2021-02-28T14:27:38.719+0300][151.293s][info][gc,stats       ] all workers. Dividing the <total> over the root stage time estimates parallelism.
[2021-02-28T14:27:38.719+0300][151.293s][info][gc,stats       ] 
[2021-02-28T14:27:38.719+0300][151.293s][info][gc,stats       ]   Manage TLABs                        3 us
[2021-02-28T14:27:38.719+0300][151.293s][info][gc,stats       ]   Update Region States               79 us
[2021-02-28T14:27:38.719+0300][151.293s][info][gc,stats       ]   Scan Roots                        104 us, parallelism: 1.23x
[2021-02-28T14:27:38.719+0300][151.293s][info][gc,stats       ]     S: <total>                      127 us
[2021-02-28T14:27:38.719+0300][151.293s][info][gc,stats       ]     S: Thread Roots                 124 us, workers (us):  51,  46,  27, 
[2021-02-28T14:27:38.719+0300][151.293s][info][gc,stats       ]     S: Universe Roots                 2 us, workers (us):   2, ---, ---, 
[2021-02-28T14:27:38.719+0300][151.293s][info][gc,stats       ]     S: Synchronizer Roots             0 us, workers (us): ---,   0, ---, 
[2021-02-28T14:27:38.719+0300][151.293s][info][gc,stats       ]     S: Management Roots               1 us, workers (us): ---,   1, ---, 
[2021-02-28T14:27:38.719+0300][151.293s][info][gc,stats       ]     S: JVMTI Roots                    0 us, workers (us):   0, ---, ---, 
[2021-02-28T14:27:38.719+0300][151.293s][info][gc,stats       ]   Finish Queues                  413253 us
[2021-02-28T14:27:38.719+0300][151.293s][info][gc,stats       ]   Weak References                    29 us
[2021-02-28T14:27:38.719+0300][151.293s][info][gc,stats       ]     Process                          24 us
[2021-02-28T14:27:38.719+0300][151.293s][info][gc,stats       ]   System Purge                       64 us
[2021-02-28T14:27:38.719+0300][151.293s][info][gc,stats       ]     Unload Classes                  627 us
[2021-02-28T14:27:38.719+0300][151.293s][info][gc,stats       ]     Weak Roots                       64 us
[2021-02-28T14:27:38.719+0300][151.293s][info][gc,stats       ]     CLDG                              0 us
[2021-02-28T14:27:38.721+0300][151.293s][info][gc,stats       ]   Update Region States               77 us
[2021-02-28T14:27:38.721+0300][151.293s][info][gc,stats       ]   Manage GC/TLABs                     2 us
[2021-02-28T14:27:38.721+0300][151.293s][info][gc,stats       ]   Choose Collection Set             132 us
[2021-02-28T14:27:38.721+0300][151.293s][info][gc,stats       ]   Rebuild Free Set                   22 us
[2021-02-28T14:27:38.721+0300][151.293s][info][gc,stats       ]   Initial Evacuation                 15 us
[2021-02-28T14:27:38.721+0300][151.293s][info][gc,stats       ]   Manage GCLABs                       2 us
[2021-02-28T14:27:38.721+0300][151.293s][info][gc,stats       ]   Finish Work                    173904 us
[2021-02-28T14:27:38.721+0300][151.293s][info][gc,stats       ]   Update Region States               78 us
[2021-02-28T14:27:38.721+0300][151.293s][info][gc,stats       ]   Trash Collection Set                3 us
[2021-02-28T14:27:38.721+0300][151.293s][info][gc,stats       ]   Rebuild Free Set                   23 us
[2021-02-28T14:27:38.721+0300][151.293s][info][gc,stats       ] Pause Degenerated GC (G)        1585600 us
[2021-02-28T14:27:38.721+0300][151.293s][info][gc,stats       ] Pause Degenerated GC (N)        1585411 us
[2021-02-28T14:27:38.721+0300][151.293s][info][gc,stats       ]   Degen Mark Roots                  104 us, parallelism: 0.48x
[2021-02-28T14:27:38.721+0300][151.293s][info][gc,stats       ]     DM: <total>                      50 us
[2021-02-28T14:27:38.721+0300][151.293s][info][gc,stats       ]     DM: JNI Handles Roots             2 us, workers (us):   1,   0,   0, 
[2021-02-28T14:27:38.721+0300][151.293s][info][gc,stats       ]     DM: VM Global Roots               3 us, workers (us):   1,   2,   0, 
[2021-02-28T14:27:38.721+0300][151.293s][info][gc,stats       ]     DM: CLDG Roots                   45 us, workers (us):  45, ---, ---, 
[2021-02-28T14:27:38.721+0300][151.293s][info][gc,stats       ]   Degen Update Roots                695 us, parallelism: 2.29x
[2021-02-28T14:27:38.721+0300][151.293s][info][gc,stats       ]     DU: <total>                    1591 us
[2021-02-28T14:27:38.721+0300][151.293s][info][gc,stats       ]     DU: Thread Roots                 84 us, workers (us):  10,  74,   1, 
[2021-02-28T14:27:38.721+0300][151.293s][info][gc,stats       ]     DU: Code Cache Roots           1420 us, workers (us): 486, 404, 530, 
[2021-02-28T14:27:38.721+0300][151.293s][info][gc,stats       ]     DU: Universe Roots                1 us, workers (us):   1, ---, ---, 
[2021-02-28T14:27:38.721+0300][151.293s][info][gc,stats       ]     DU: JNI Handles Roots             1 us, workers (us):   0,   0,   0, 
[2021-02-28T14:27:38.721+0300][151.293s][info][gc,stats       ]     DU: JVMTI Weak Roots              0 us, workers (us):   0, ---, ---, 
[2021-02-28T14:27:38.721+0300][151.293s][info][gc,stats       ]     DU: JFR Weak Roots                0 us, workers (us): ---,   0, ---, 
[2021-02-28T14:27:38.721+0300][151.293s][info][gc,stats       ]     DU: String Table Roots           56 us, workers (us):  28,  27,   1, 
[2021-02-28T14:27:38.721+0300][151.293s][info][gc,stats       ]     DU: Resolved Table Roots          5 us, workers (us):   1,   2,   1, 
[2021-02-28T14:27:38.721+0300][151.293s][info][gc,stats       ]     DU: VM Global Roots               1 us, workers (us):   0,   1,   0, 
[2021-02-28T14:27:38.721+0300][151.293s][info][gc,stats       ]     DU: VM Weak Roots                 2 us, workers (us):   1,   0,   1, 
[2021-02-28T14:27:38.721+0300][151.293s][info][gc,stats       ]     DU: Synchronizer Roots            0 us, workers (us): ---,   0, ---, 
[2021-02-28T14:27:38.721+0300][151.293s][info][gc,stats       ]     DU: Management Roots              1 us, workers (us): ---,   1, ---, 
[2021-02-28T14:27:38.721+0300][151.293s][info][gc,stats       ]     DU: CLDG Roots                   18 us, workers (us): ---,  18, ---, 
[2021-02-28T14:27:38.721+0300][151.293s][info][gc,stats       ]     DU: JVMTI Roots                   0 us, workers (us):   0, ---, ---, 
[2021-02-28T14:27:38.721+0300][151.293s][info][gc,stats       ]   Pre Heap Dump                       1 us
[2021-02-28T14:27:38.721+0300][151.293s][info][gc,stats       ]   Prepare                           479 us
[2021-02-28T14:27:38.721+0300][151.293s][info][gc,stats       ]   Scan Roots                        112 us, parallelism: 1.30x
[2021-02-28T14:27:38.721+0300][151.293s][info][gc,stats       ]     FS: <total>                     145 us
[2021-02-28T14:27:38.721+0300][151.293s][info][gc,stats       ]     FS: Thread Roots                141 us, workers (us):  61,  52,  27, 
[2021-02-28T14:27:38.721+0300][151.293s][info][gc,stats       ]     FS: Universe Roots                2 us, workers (us):   2, ---, ---, 
[2021-02-28T14:27:38.721+0300][151.293s][info][gc,stats       ]     FS: Synchronizer Roots            0 us, workers (us): ---,   0, ---, 
[2021-02-28T14:27:38.721+0300][151.293s][info][gc,stats       ]     FS: Management Roots              2 us, workers (us): ---,   2, ---, 
[2021-02-28T14:27:38.721+0300][151.293s][info][gc,stats       ]     FS: JVMTI Roots                   0 us, workers (us):   0, ---, ---, 
[2021-02-28T14:27:38.721+0300][151.293s][info][gc,stats       ]   Scan Concurrent Roots             103 us, parallelism: 0.50x
[2021-02-28T14:27:38.721+0300][151.293s][info][gc,stats       ]     FCS: <total>                     51 us
[2021-02-28T14:27:38.721+0300][151.293s][info][gc,stats       ]     FCS: JNI Handles Roots            2 us, workers (us):   1,   0,   0, 
[2021-02-28T14:27:38.721+0300][151.293s][info][gc,stats       ]     FCS: VM Global Roots              3 us, workers (us):   2,   1,   0, 
[2021-02-28T14:27:38.721+0300][151.293s][info][gc,stats       ]     FCS: CLDG Roots                  47 us, workers (us): ---,  47, ---, 
[2021-02-28T14:27:38.721+0300][151.293s][info][gc,stats       ]   Mark                           421852 us
[2021-02-28T14:27:38.721+0300][151.293s][info][gc,stats       ]     Finish Queues                420726 us
[2021-02-28T14:27:38.721+0300][151.293s][info][gc,stats       ]     Weak References                 183 us
[2021-02-28T14:27:38.721+0300][151.293s][info][gc,stats       ]       Process                       177 us
[2021-02-28T14:27:38.721+0300][151.293s][info][gc,stats       ]     System Purge                    111 us
[2021-02-28T14:27:38.721+0300][151.293s][info][gc,stats       ]       Unload Classes                598 us
[2021-02-28T14:27:38.721+0300][151.293s][info][gc,stats       ]       Weak Roots                    111 us
[2021-02-28T14:27:38.721+0300][151.293s][info][gc,stats       ]       CLDG                            0 us
[2021-02-28T14:27:38.721+0300][151.293s][info][gc,stats       ]   Calculate Addresses            181473 us
[2021-02-28T14:27:38.721+0300][151.293s][info][gc,stats       ]     Regular Objects              181439 us
[2021-02-28T14:27:38.721+0300][151.293s][info][gc,stats       ]     Humongous Objects                15 us
[2021-02-28T14:27:38.721+0300][151.293s][info][gc,stats       ]   Adjust Pointers                197354 us
[2021-02-28T14:27:38.721+0300][151.293s][info][gc,stats       ]     FA: <total>                    1623 us
[2021-02-28T14:27:38.721+0300][151.293s][info][gc,stats       ]     FA: Thread Roots                 87 us, workers (us):   1,  70,  16, 
[2021-02-28T14:27:38.721+0300][151.293s][info][gc,stats       ]     FA: Code Cache Roots           1438 us, workers (us): 540, 405, 493, 
[2021-02-28T14:27:38.721+0300][151.293s][info][gc,stats       ]     FA: Universe Roots                1 us, workers (us):   1, ---, ---, 
[2021-02-28T14:27:38.721+0300][151.293s][info][gc,stats       ]     FA: JNI Handles Roots             2 us, workers (us):   2,   0,   0, 
[2021-02-28T14:27:38.721+0300][151.293s][info][gc,stats       ]     FA: JVMTI Weak Roots              0 us, workers (us):   0, ---, ---, 
[2021-02-28T14:27:38.721+0300][151.293s][info][gc,stats       ]     FA: JFR Weak Roots                0 us, workers (us):   0, ---, ---, 
[2021-02-28T14:27:38.721+0300][151.293s][info][gc,stats       ]     FA: JNI Weak Roots                0 us, workers (us):   0,   0,   0, 
[2021-02-28T14:27:38.721+0300][151.294s][info][gc,stats       ]     FA: String Table Roots           49 us, workers (us):  36,  12,   1, 
[2021-02-28T14:27:38.721+0300][151.294s][info][gc,stats       ]     FA: Resolved Table Roots          4 us, workers (us):   1,   2,   1, 
[2021-02-28T14:27:38.721+0300][151.294s][info][gc,stats       ]     FA: VM Global Roots               2 us, workers (us):   2,   0,   0, 
[2021-02-28T14:27:38.721+0300][151.294s][info][gc,stats       ]     FA: VM Weak Roots                 2 us, workers (us):   1,   0,   1, 
[2021-02-28T14:27:38.721+0300][151.294s][info][gc,stats       ]     FA: Synchronizer Roots            0 us, workers (us):   0, ---, ---, 
[2021-02-28T14:27:38.721+0300][151.294s][info][gc,stats       ]     FA: Management Roots              1 us, workers (us):   1, ---, ---, 
[2021-02-28T14:27:38.721+0300][151.294s][info][gc,stats       ]     FA: CLDG Roots                   36 us, workers (us): ---,  36, ---, 
[2021-02-28T14:27:38.721+0300][151.294s][info][gc,stats       ]     FA: JVMTI Roots                   0 us, workers (us):   0, ---, ---, 
[2021-02-28T14:27:38.721+0300][151.294s][info][gc,stats       ]   Copy Objects                   183481 us
[2021-02-28T14:27:38.721+0300][151.294s][info][gc,stats       ]     Regular Objects              182973 us
[2021-02-28T14:27:38.721+0300][151.294s][info][gc,stats       ]     Humongous Objects                13 us
[2021-02-28T14:27:38.721+0300][151.294s][info][gc,stats       ]     Reset Complete Bitmap           445 us
[2021-02-28T14:27:38.721+0300][151.294s][info][gc,stats       ]     Rebuild Region Sets              49 us
[2021-02-28T14:27:38.721+0300][151.294s][info][gc,stats       ]   Post Heap Dump                      1 us
[2021-02-28T14:27:38.721+0300][151.294s][info][gc,stats       ] Pacing                          1588514 us
[2021-02-28T14:27:38.721+0300][151.294s][info][gc,stats       ] 
[2021-02-28T14:27:38.721+0300][151.294s][info][gc,stats       ] Allocation pacing accrued:
[2021-02-28T14:27:38.721+0300][151.294s][info][gc,stats       ]    1589 of  1588 ms (100.0%): main
[2021-02-28T14:27:38.721+0300][151.294s][info][gc,stats       ]    1589 of  1588 ms (100.0%): <total>
[2021-02-28T14:27:38.721+0300][151.294s][info][gc,stats       ]      84 of  1588 ms (  5.3%): <average total>
[2021-02-28T14:27:38.721+0300][151.294s][info][gc,stats       ]    1589 of  1588 ms (100.0%): <average non-zero>
[2021-02-28T14:27:38.722+0300][151.294s][info][gc,stats       ] 
[2021-02-28T14:27:38.722+0300][151.294s][info][gc,metaspace   ] Metaspace: 7024K(7552K)->7024K(7552K) NonClass: 6306K(6656K)->6306K(6656K) Class: 718K(896K)->718K(896K)
[2021-02-28T14:27:38.722+0300][151.294s][info][gc,ergo        ] Pacer for Idle. Initial: 20971K, Alloc Tax Rate: 1.0x
[2021-02-28T14:27:38.723+0300][151.295s][info][gc             ] Failed to allocate TLAB, 2648B
[2021-02-28T14:27:38.723+0300][151.295s][info][gc             ] Cancelling GC: Allocation Failure
[2021-02-28T14:27:38.724+0300][151.296s][info][gc             ] Trigger: Handle Allocation Failure
[2021-02-28T14:27:38.724+0300][151.296s][info][gc,ergo        ] Free: 0B, Max: 0B regular, 0B humongous, Frag: 0% external, 0% internal; Reserve: 45056K, Max: 512K
[2021-02-28T14:27:38.724+0300][151.296s][info][gc,start       ] GC(82) Pause Degenerated GC (Outside of Cycle)
[2021-02-28T14:27:38.724+0300][151.296s][info][gc,task        ] GC(82) Using 3 of 3 workers for stw degenerated gc
[2021-02-28T14:27:38.724+0300][151.296s][info][gc,ergo        ] GC(82) Pacer for Reset. Non-Taxable: 1024M
[2021-02-28T14:27:38.724+0300][151.296s][info][gc,ergo        ] GC(82) Pacer for Mark. Expected Live: 2153M, Free: 0B, Non-Taxable: 0B, Alloc Tax Rate: infx
[2021-02-28T14:27:39.144+0300][151.716s][info][gc,ergo        ] GC(82) Adaptive CSet Selection. Target Free: 145M, Actual Free: 45056K, Max CSet: 43690K, Min Garbage: 101M
[2021-02-28T14:27:39.144+0300][151.716s][info][gc,ergo        ] GC(82) Collectable Garbage: 132K (100%), Immediate: 0B (0%), CSet: 132K (100%)
[2021-02-28T14:27:39.144+0300][151.716s][info][gc,ergo        ] GC(82) Pacer for Evacuation. Used CSet: 43518K, Free: 16288B, Non-Taxable: 1628B, Alloc Tax Rate: 6687.5x
[2021-02-28T14:27:39.155+0300][151.727s][info][gc,ergo        ] GC(82) Pacer for Update Refs. Used: 1022M, Free: 16288B, Non-Taxable: 1628B, Alloc Tax Rate: 80464.4x
[2021-02-28T14:27:39.330+0300][151.904s][info][gc,ergo        ] GC(82) Bad progress for free space: 16288B, need 10485K
[2021-02-28T14:27:39.330+0300][151.904s][info][gc             ] GC(82) Cancelling GC: Upgrade To Full GC
[2021-02-28T14:27:39.331+0300][151.904s][info][gc,phases,start] GC(82) Phase 1: Mark live objects
[2021-02-28T14:27:39.752+0300][152.325s][info][gc,phases      ] GC(82) Phase 1: Mark live objects 421.023ms
[2021-02-28T14:27:39.752+0300][152.325s][info][gc,phases,start] GC(82) Phase 2: Compute new object addresses
[2021-02-28T14:27:39.934+0300][152.506s][info][gc,phases      ] GC(82) Phase 2: Compute new object addresses 181.023ms
[2021-02-28T14:27:39.934+0300][152.506s][info][gc,phases,start] GC(82) Phase 3: Adjust pointers
[2021-02-28T14:27:40.136+0300][152.708s][info][gc,phases      ] GC(82) Phase 3: Adjust pointers 201.599ms
[2021-02-28T14:27:40.136+0300][152.708s][info][gc,phases,start] GC(82) Phase 4: Move objects
[2021-02-28T14:27:40.323+0300][152.896s][info][gc,phases      ] GC(82) Phase 4: Move objects 188.176ms
[2021-02-28T14:27:40.323+0300][152.896s][info][gc,ergo        ] GC(82) Bad progress for free space: 665K, need 10485K
[2021-02-28T14:27:40.323+0300][152.896s][info][gc             ] GC(82) Pause Degenerated GC (Outside of Cycle) 979M->979M(1024M) 1600.262ms
[2021-02-28T14:27:40.323+0300][152.896s][info][gc,ergo        ] Free: 665K, Max: 388K regular, 0B humongous, Frag: 0% external, 99% internal; Reserve: 44544K, Max: 512K
[2021-02-28T14:27:40.323+0300][152.896s][info][gc,stats       ] 
[2021-02-28T14:27:40.323+0300][152.896s][info][gc,stats       ] All times are wall-clock times, except per-root-class counters, that are sum over
[2021-02-28T14:27:40.323+0300][152.896s][info][gc,stats       ] all workers. Dividing the <total> over the root stage time estimates parallelism.
[2021-02-28T14:27:40.323+0300][152.896s][info][gc,stats       ] 
[2021-02-28T14:27:40.323+0300][152.896s][info][gc,stats       ]   Manage TLABs                        2 us
[2021-02-28T14:27:40.323+0300][152.897s][info][gc,stats       ]   Update Region States               75 us
[2021-02-28T14:27:40.323+0300][152.897s][info][gc,stats       ]   Scan Roots                        151 us, parallelism: 1.09x
[2021-02-28T14:27:40.323+0300][152.897s][info][gc,stats       ]     S: <total>                      165 us
[2021-02-28T14:27:40.323+0300][152.897s][info][gc,stats       ]     S: Thread Roots                 161 us, workers (us):  45,  42,  75, 
[2021-02-28T14:27:40.323+0300][152.897s][info][gc,stats       ]     S: Universe Roots                 2 us, workers (us):   2, ---, ---, 
[2021-02-28T14:27:40.323+0300][152.897s][info][gc,stats       ]     S: Synchronizer Roots             0 us, workers (us): ---,   0, ---, 
[2021-02-28T14:27:40.323+0300][152.897s][info][gc,stats       ]     S: Management Roots               1 us, workers (us): ---,   1, ---, 
[2021-02-28T14:27:40.323+0300][152.897s][info][gc,stats       ]     S: JVMTI Roots                    0 us, workers (us): ---,   0, ---, 
[2021-02-28T14:27:40.323+0300][152.897s][info][gc,stats       ]   Finish Queues                  418718 us
[2021-02-28T14:27:40.323+0300][152.897s][info][gc,stats       ]   Weak References                    28 us
[2021-02-28T14:27:40.323+0300][152.897s][info][gc,stats       ]     Process                          23 us
[2021-02-28T14:27:40.323+0300][152.897s][info][gc,stats       ]   System Purge                       88 us
[2021-02-28T14:27:40.323+0300][152.897s][info][gc,stats       ]     Unload Classes                  573 us
[2021-02-28T14:27:40.323+0300][152.897s][info][gc,stats       ]     Weak Roots                       88 us
[2021-02-28T14:27:40.323+0300][152.897s][info][gc,stats       ]     CLDG                              0 us
[2021-02-28T14:27:40.323+0300][152.897s][info][gc,stats       ]   Update Region States               84 us
[2021-02-28T14:27:40.323+0300][152.897s][info][gc,stats       ]   Manage GC/TLABs                     2 us
[2021-02-28T14:27:40.324+0300][152.897s][info][gc,stats       ]   Choose Collection Set             119 us
[2021-02-28T14:27:40.324+0300][152.897s][info][gc,stats       ]   Rebuild Free Set                   22 us
[2021-02-28T14:27:40.324+0300][152.897s][info][gc,stats       ]   Initial Evacuation                 14 us
[2021-02-28T14:27:40.324+0300][152.897s][info][gc,stats       ]   Manage GCLABs                       2 us
[2021-02-28T14:27:40.324+0300][152.897s][info][gc,stats       ]   Finish Work                    175925 us
[2021-02-28T14:27:40.324+0300][152.897s][info][gc,stats       ]   Update Region States               63 us
[2021-02-28T14:27:40.324+0300][152.897s][info][gc,stats       ]   Trash Collection Set                3 us
[2021-02-28T14:27:40.324+0300][152.897s][info][gc,stats       ]   Rebuild Free Set                   23 us
[2021-02-28T14:27:40.324+0300][152.897s][info][gc,stats       ] Pause Degenerated GC (G)        1600490 us
[2021-02-28T14:27:40.324+0300][152.897s][info][gc,stats       ] Pause Degenerated GC (N)        1600278 us
[2021-02-28T14:27:40.324+0300][152.897s][info][gc,stats       ]   Degen Mark Roots                   68 us, parallelism: 0.74x
[2021-02-28T14:27:40.324+0300][152.897s][info][gc,stats       ]     DM: <total>                      50 us
[2021-02-28T14:27:40.324+0300][152.897s][info][gc,stats       ]     DM: JNI Handles Roots             2 us, workers (us):   1,   0,   0, 
[2021-02-28T14:27:40.324+0300][152.897s][info][gc,stats       ]     DM: VM Global Roots               3 us, workers (us):   1,   2,   0, 
[2021-02-28T14:27:40.324+0300][152.897s][info][gc,stats       ]     DM: CLDG Roots                   45 us, workers (us):  45, ---, ---, 
[2021-02-28T14:27:40.324+0300][152.897s][info][gc,stats       ]   Degen Update Roots                712 us, parallelism: 2.26x
[2021-02-28T14:27:40.324+0300][152.897s][info][gc,stats       ]     DU: <total>                    1609 us
[2021-02-28T14:27:40.324+0300][152.897s][info][gc,stats       ]     DU: Thread Roots                129 us, workers (us):   1, 118,  10, 
[2021-02-28T14:27:40.324+0300][152.897s][info][gc,stats       ]     DU: Code Cache Roots           1399 us, workers (us): 526, 394, 480, 
[2021-02-28T14:27:40.324+0300][152.897s][info][gc,stats       ]     DU: Universe Roots                1 us, workers (us):   1, ---, ---, 
[2021-02-28T14:27:40.324+0300][152.897s][info][gc,stats       ]     DU: JNI Handles Roots             1 us, workers (us):   0,   0,   0, 
[2021-02-28T14:27:40.324+0300][152.897s][info][gc,stats       ]     DU: JVMTI Weak Roots              0 us, workers (us):   0, ---, ---, 
[2021-02-28T14:27:40.324+0300][152.897s][info][gc,stats       ]     DU: JFR Weak Roots                0 us, workers (us):   0, ---, ---, 
[2021-02-28T14:27:40.324+0300][152.897s][info][gc,stats       ]     DU: JNI Weak Roots                0 us, workers (us):   0,   0,   0, 
[2021-02-28T14:27:40.324+0300][152.897s][info][gc,stats       ]     DU: String Table Roots           53 us, workers (us):  40,  11,   1, 
[2021-02-28T14:27:40.324+0300][152.897s][info][gc,stats       ]     DU: Resolved Table Roots          4 us, workers (us):   2,   1,   1, 
[2021-02-28T14:27:40.324+0300][152.897s][info][gc,stats       ]     DU: VM Global Roots               1 us, workers (us):   1,   0,   0, 
[2021-02-28T14:27:40.324+0300][152.897s][info][gc,stats       ]     DU: VM Weak Roots                 1 us, workers (us):   0,   0,   1, 
[2021-02-28T14:27:40.324+0300][152.897s][info][gc,stats       ]     DU: Synchronizer Roots            0 us, workers (us):   0, ---, ---, 
[2021-02-28T14:27:40.324+0300][152.897s][info][gc,stats       ]     DU: Management Roots              1 us, workers (us):   1, ---, ---, 
[2021-02-28T14:27:40.324+0300][152.897s][info][gc,stats       ]     DU: CLDG Roots                   16 us, workers (us): ---,  16, ---, 
[2021-02-28T14:27:40.324+0300][152.897s][info][gc,stats       ]     DU: JVMTI Roots                   0 us, workers (us):   0, ---, ---, 
[2021-02-28T14:27:40.324+0300][152.897s][info][gc,stats       ]   Pre Heap Dump                       1 us
[2021-02-28T14:27:40.324+0300][152.897s][info][gc,stats       ]   Prepare                           459 us
[2021-02-28T14:27:40.324+0300][152.897s][info][gc,stats       ]   Scan Roots                        178 us, parallelism: 1.07x
[2021-02-28T14:27:40.324+0300][152.897s][info][gc,stats       ]     FS: <total>                     191 us
[2021-02-28T14:27:40.324+0300][152.897s][info][gc,stats       ]     FS: Thread Roots                187 us, workers (us):  65,  99,  23, 
[2021-02-28T14:27:40.324+0300][152.897s][info][gc,stats       ]     FS: Universe Roots                2 us, workers (us):   2, ---, ---, 
[2021-02-28T14:27:40.324+0300][152.897s][info][gc,stats       ]     FS: Synchronizer Roots            0 us, workers (us):   0, ---, ---, 
[2021-02-28T14:27:40.324+0300][152.897s][info][gc,stats       ]     FS: Management Roots              2 us, workers (us):   2, ---, ---, 
[2021-02-28T14:27:40.324+0300][152.897s][info][gc,stats       ]     FS: JVMTI Roots                   0 us, workers (us):   0, ---, ---, 
[2021-02-28T14:27:40.324+0300][152.897s][info][gc,stats       ]   Scan Concurrent Roots             100 us, parallelism: 0.49x
[2021-02-28T14:27:40.324+0300][152.897s][info][gc,stats       ]     FCS: <total>                     49 us
[2021-02-28T14:27:40.324+0300][152.897s][info][gc,stats       ]     FCS: JNI Handles Roots            2 us, workers (us):   1,   0,   0, 
[2021-02-28T14:27:40.324+0300][152.897s][info][gc,stats       ]     FCS: VM Global Roots              2 us, workers (us):   2,   0,   0, 
[2021-02-28T14:27:40.324+0300][152.897s][info][gc,stats       ]     FCS: CLDG Roots                  45 us, workers (us):  45, ---, ---, 
[2021-02-28T14:27:40.324+0300][152.897s][info][gc,stats       ]   Mark                           420982 us
[2021-02-28T14:27:40.324+0300][152.897s][info][gc,stats       ]     Finish Queues                419930 us
[2021-02-28T14:27:40.324+0300][152.897s][info][gc,stats       ]     Weak References                 146 us
[2021-02-28T14:27:40.324+0300][152.897s][info][gc,stats       ]       Process                       141 us
[2021-02-28T14:27:40.324+0300][152.897s][info][gc,stats       ]     System Purge                     43 us
[2021-02-28T14:27:40.324+0300][152.897s][info][gc,stats       ]       Unload Classes                566 us
[2021-02-28T14:27:40.324+0300][152.897s][info][gc,stats       ]       Weak Roots                     42 us
[2021-02-28T14:27:40.324+0300][152.897s][info][gc,stats       ]       CLDG                            0 us
[2021-02-28T14:27:40.324+0300][152.897s][info][gc,stats       ]   Calculate Addresses            181010 us
[2021-02-28T14:27:40.324+0300][152.897s][info][gc,stats       ]     Regular Objects              180972 us
[2021-02-28T14:27:40.324+0300][152.897s][info][gc,stats       ]     Humongous Objects                15 us
[2021-02-28T14:27:40.324+0300][152.897s][info][gc,stats       ]   Adjust Pointers                201586 us
[2021-02-28T14:27:40.324+0300][152.897s][info][gc,stats       ]     FA: <total>                    1685 us
[2021-02-28T14:27:40.324+0300][152.897s][info][gc,stats       ]     FA: Thread Roots                135 us, workers (us):  68,   1,  66, 
[2021-02-28T14:27:40.324+0300][152.897s][info][gc,stats       ]     FA: Code Cache Roots           1439 us, workers (us): 491, 541, 406, 
[2021-02-28T14:27:40.324+0300][152.897s][info][gc,stats       ]     FA: Universe Roots                1 us, workers (us):   1, ---, ---, 
[2021-02-28T14:27:40.324+0300][152.897s][info][gc,stats       ]     FA: JNI Handles Roots             3 us, workers (us):   0,   2,   0, 
[2021-02-28T14:27:40.324+0300][152.897s][info][gc,stats       ]     FA: JVMTI Weak Roots              0 us, workers (us):   0, ---, ---, 
[2021-02-28T14:27:40.324+0300][152.897s][info][gc,stats       ]     FA: JFR Weak Roots                0 us, workers (us):   0, ---, ---, 
[2021-02-28T14:27:40.324+0300][152.897s][info][gc,stats       ]     FA: String Table Roots           60 us, workers (us):  21,  20,  19, 
[2021-02-28T14:27:40.324+0300][152.897s][info][gc,stats       ]     FA: Resolved Table Roots          5 us, workers (us):   1,   1,   2, 
[2021-02-28T14:27:40.324+0300][152.897s][info][gc,stats       ]     FA: VM Global Roots               3 us, workers (us):   1,   0,   2, 
[2021-02-28T14:27:40.324+0300][152.897s][info][gc,stats       ]     FA: VM Weak Roots                 2 us, workers (us):   1,   1,   0, 
[2021-02-28T14:27:40.324+0300][152.897s][info][gc,stats       ]     FA: Synchronizer Roots            0 us, workers (us): ---,   0, ---, 
[2021-02-28T14:27:40.324+0300][152.898s][info][gc,stats       ]     FA: Management Roots              1 us, workers (us): ---,   1, ---, 
[2021-02-28T14:27:40.324+0300][152.898s][info][gc,stats       ]     FA: CLDG Roots                   36 us, workers (us): ---, ---,  36, 
[2021-02-28T14:27:40.324+0300][152.898s][info][gc,stats       ]     FA: JVMTI Roots                   0 us, workers (us): ---, ---,   0, 
[2021-02-28T14:27:40.324+0300][152.898s][info][gc,stats       ]   Copy Objects                   188163 us
[2021-02-28T14:27:40.324+0300][152.898s][info][gc,stats       ]     Regular Objects              187647 us
[2021-02-28T14:27:40.324+0300][152.898s][info][gc,stats       ]     Humongous Objects                12 us
[2021-02-28T14:27:40.324+0300][152.898s][info][gc,stats       ]     Reset Complete Bitmap           455 us
[2021-02-28T14:27:40.324+0300][152.898s][info][gc,stats       ]     Rebuild Region Sets              49 us
[2021-02-28T14:27:40.324+0300][152.898s][info][gc,stats       ]   Post Heap Dump                      1 us
[2021-02-28T14:27:40.324+0300][152.898s][info][gc,stats       ] Pacing                             9419 us
[2021-02-28T14:27:40.324+0300][152.898s][info][gc,stats       ] 
[2021-02-28T14:27:40.324+0300][152.898s][info][gc,stats       ] Allocation pacing accrued:
[2021-02-28T14:27:40.324+0300][152.898s][info][gc,stats       ]       2 of  1604 ms (  0.1%): main
[2021-02-28T14:27:40.324+0300][152.898s][info][gc,stats       ]       2 of  1604 ms (  0.1%): Notification Thread
[2021-02-28T14:27:40.324+0300][152.898s][info][gc,stats       ]       2 of  1604 ms (  0.1%): RMI TCP Connection(5)-172.22.16.1
[2021-02-28T14:27:40.324+0300][152.898s][info][gc,stats       ]       2 of  1604 ms (  0.1%): RMI TCP Connection(6)-172.22.16.1
[2021-02-28T14:27:40.324+0300][152.898s][info][gc,stats       ]       9 of  1604 ms (  0.6%): <total>
[2021-02-28T14:27:40.324+0300][152.898s][info][gc,stats       ]       0 of  1604 ms (  0.0%): <average total>
[2021-02-28T14:27:40.324+0300][152.898s][info][gc,stats       ]       2 of  1604 ms (  0.1%): <average non-zero>
[2021-02-28T14:27:40.324+0300][152.898s][info][gc,stats       ] 
[2021-02-28T14:27:40.326+0300][152.898s][info][gc,metaspace   ] Metaspace: 7031K(7552K)->7031K(7552K) NonClass: 6311K(6656K)->6312K(6656K) Class: 719K(896K)->719K(896K)
[2021-02-28T14:27:40.326+0300][152.898s][info][gc,ergo        ] Pacer for Idle. Initial: 20971K, Alloc Tax Rate: 1.0x
[2021-02-28T14:27:40.328+0300][152.900s][info][gc             ] Trigger: Free (382K) is below minimum threshold (102M)
[2021-02-28T14:27:40.328+0300][152.900s][info][gc,ergo        ] Free: 382K, Max: 382K regular, 0B humongous, Frag: 0% external, 25% internal; Reserve: 44544K, Max: 512K
[2021-02-28T14:27:40.328+0300][152.900s][info][gc,start       ] GC(83) Concurrent reset
[2021-02-28T14:27:40.328+0300][152.900s][info][gc,task        ] GC(83) Using 1 of 3 workers for concurrent reset
[2021-02-28T14:27:40.328+0300][152.900s][info][gc,ergo        ] GC(83) Pacer for Reset. Non-Taxable: 1024M
[2021-02-28T14:27:40.328+0300][152.900s][info][gc             ] GC(83) Concurrent reset 0.190ms
[2021-02-28T14:27:40.328+0300][152.900s][info][gc,start       ] GC(83) Pause Init Mark (unload classes)
[2021-02-28T14:27:40.328+0300][152.900s][info][gc,task        ] GC(83) Using 3 of 3 workers for init marking
[2021-02-28T14:27:40.328+0300][152.900s][info][gc,ergo        ] GC(83) Pacer for Mark. Expected Live: 2153M, Free: 376K, Non-Taxable: 38570B, Alloc Tax Rate: 7156.8x
[2021-02-28T14:27:40.328+0300][152.900s][info][gc             ] GC(83) Pause Init Mark (unload classes) 0.251ms
[2021-02-28T14:27:40.328+0300][152.901s][info][gc,start       ] GC(83) Concurrent marking (unload classes)
[2021-02-28T14:27:40.328+0300][152.901s][info][gc,task        ] GC(83) Using 1 of 3 workers for concurrent marking
[2021-02-28T14:27:40.602+0300][153.175s][info][gc             ] Failed to allocate TLAB, 2672B
[2021-02-28T14:27:40.602+0300][153.175s][info][gc             ] Cancelling GC: Allocation Failure
[2021-02-28T14:27:40.602+0300][153.175s][info][gc             ] GC(83) Concurrent marking (unload classes) 274.403ms
[2021-02-28T14:27:40.602+0300][153.175s][info][gc,ergo        ] Free: 0B, Max: 0B regular, 0B humongous, Frag: 0% external, 0% internal; Reserve: 44544K, Max: 512K
[2021-02-28T14:27:40.602+0300][153.175s][info][gc,stats       ] 
[2021-02-28T14:27:40.602+0300][153.175s][info][gc,stats       ] All times are wall-clock times, except per-root-class counters, that are sum over
[2021-02-28T14:27:40.602+0300][153.175s][info][gc,stats       ] all workers. Dividing the <total> over the root stage time estimates parallelism.
[2021-02-28T14:27:40.602+0300][153.175s][info][gc,stats       ] 
[2021-02-28T14:27:40.602+0300][153.175s][info][gc,stats       ] Concurrent Reset                    214 us
[2021-02-28T14:27:40.602+0300][153.175s][info][gc,stats       ] Pause Init Mark (G)                 465 us
[2021-02-28T14:27:40.602+0300][153.175s][info][gc,stats       ] Pause Init Mark (N)                 264 us
[2021-02-28T14:27:40.602+0300][153.175s][info][gc,stats       ]   Manage TLABs                        3 us
[2021-02-28T14:27:40.602+0300][153.175s][info][gc,stats       ]   Update Region States               76 us
[2021-02-28T14:27:40.602+0300][153.175s][info][gc,stats       ]   Scan Roots                        108 us, parallelism: 1.01x
[2021-02-28T14:27:40.602+0300][153.175s][info][gc,stats       ]     S: <total>                      110 us
[2021-02-28T14:27:40.602+0300][153.175s][info][gc,stats       ]     S: Thread Roots                 106 us, workers (us):  41,  56,  10, 
[2021-02-28T14:27:40.602+0300][153.175s][info][gc,stats       ]     S: Universe Roots                 2 us, workers (us):   2, ---, ---, 
[2021-02-28T14:27:40.602+0300][153.175s][info][gc,stats       ]     S: Synchronizer Roots             0 us, workers (us): ---,   0, ---, 
[2021-02-28T14:27:40.602+0300][153.175s][info][gc,stats       ]     S: Management Roots               1 us, workers (us): ---,   1, ---, 
[2021-02-28T14:27:40.602+0300][153.175s][info][gc,stats       ]     S: JVMTI Roots                    0 us, workers (us):   0, ---, ---, 
[2021-02-28T14:27:40.602+0300][153.175s][info][gc,stats       ] Concurrent Marking               274427 us
[2021-02-28T14:27:40.602+0300][153.175s][info][gc,stats       ]   Roots                             141 us, parallelism: 0.43x
[2021-02-28T14:27:40.602+0300][153.175s][info][gc,stats       ]     CM: <total>                      60 us
[2021-02-28T14:27:40.602+0300][153.175s][info][gc,stats       ]     CM: JNI Handles Roots             1 us, workers (us):   1, ---, ---, 
[2021-02-28T14:27:40.602+0300][153.175s][info][gc,stats       ]     CM: VM Global Roots               2 us, workers (us):   2, ---, ---, 
[2021-02-28T14:27:40.602+0300][153.175s][info][gc,stats       ]     CM: CLDG Roots                   57 us, workers (us):  57, ---, ---, 
[2021-02-28T14:27:40.602+0300][153.175s][info][gc,stats       ] Pacing                          1022384 us
[2021-02-28T14:27:40.602+0300][153.175s][info][gc,stats       ] 
[2021-02-28T14:27:40.602+0300][153.175s][info][gc,stats       ] Allocation pacing accrued:
[2021-02-28T14:27:40.602+0300][153.175s][info][gc,stats       ]     273 of   278 ms ( 98.4%): main
[2021-02-28T14:27:40.602+0300][153.175s][info][gc,stats       ]     277 of   278 ms ( 99.9%): Notification Thread
[2021-02-28T14:27:40.602+0300][153.175s][info][gc,stats       ]      12 of   278 ms (  4.3%): RMI TCP Connection(2)-172.22.16.1
[2021-02-28T14:27:40.602+0300][153.175s][info][gc,stats       ]     194 of   278 ms ( 69.8%): RMI TCP Connection(5)-172.22.16.1
[2021-02-28T14:27:40.602+0300][153.175s][info][gc,stats       ]     266 of   278 ms ( 95.9%): RMI TCP Connection(6)-172.22.16.1
[2021-02-28T14:27:40.602+0300][153.175s][info][gc,stats       ]    1022 of   278 ms (368.3%): <total>
[2021-02-28T14:27:40.602+0300][153.175s][info][gc,stats       ]      54 of   278 ms ( 19.4%): <average total>
[2021-02-28T14:27:40.602+0300][153.175s][info][gc,stats       ]     204 of   278 ms ( 73.7%): <average non-zero>
[2021-02-28T14:27:40.602+0300][153.175s][info][gc,stats       ] 
[2021-02-28T14:27:40.602+0300][153.175s][info][gc,metaspace   ] Metaspace: 7052K(7552K)->7060K(7552K) NonClass: 6331K(6656K)->6337K(6656K) Class: 721K(896K)->722K(896K)
[2021-02-28T14:27:40.602+0300][153.175s][info][gc,ergo        ] Pacer for Idle. Initial: 20971K, Alloc Tax Rate: 1.0x
[2021-02-28T14:27:40.606+0300][153.178s][info][gc             ] Trigger: Handle Allocation Failure
[2021-02-28T14:27:40.606+0300][153.178s][info][gc,ergo        ] Free: 0B, Max: 0B regular, 0B humongous, Frag: 0% external, 0% internal; Reserve: 44544K, Max: 512K
[2021-02-28T14:27:40.606+0300][153.178s][info][gc,start       ] GC(84) Pause Degenerated GC (Mark)
[2021-02-28T14:27:40.606+0300][153.178s][info][gc,task        ] GC(84) Using 3 of 3 workers for stw degenerated gc
[2021-02-28T14:27:40.924+0300][153.497s][info][gc,ergo        ] GC(84) Adaptive CSet Selection. Target Free: 145M, Actual Free: 44544K, Max CSet: 43690K, Min Garbage: 101M
[2021-02-28T14:27:40.924+0300][153.497s][info][gc,ergo        ] GC(84) Collectable Garbage: 202K (100%), Immediate: 0B (0%), CSet: 202K (100%)
[2021-02-28T14:27:40.924+0300][153.498s][info][gc,ergo        ] GC(84) Pacer for Evacuation. Used CSet: 43518K, Free: 15784B, Non-Taxable: 1578B, Alloc Tax Rate: 6901.2x
[2021-02-28T14:27:40.935+0300][153.508s][info][gc,ergo        ] GC(84) Pacer for Update Refs. Used: 1023M, Free: 15784B, Non-Taxable: 1578B, Alloc Tax Rate: 83076.6x
[2021-02-28T14:27:41.108+0300][153.682s][info][gc,ergo        ] GC(84) Bad progress for free space: 15784B, need 10485K
[2021-02-28T14:27:41.108+0300][153.682s][info][gc             ] GC(84) Cancelling GC: Upgrade To Full GC
[2021-02-28T14:27:41.109+0300][153.682s][info][gc,phases,start] GC(84) Phase 1: Mark live objects
[2021-02-28T14:27:41.518+0300][154.090s][info][gc,phases      ] GC(84) Phase 1: Mark live objects 407.909ms
[2021-02-28T14:27:41.518+0300][154.090s][info][gc,phases,start] GC(84) Phase 2: Compute new object addresses
[2021-02-28T14:27:41.697+0300][154.269s][info][gc,phases      ] GC(84) Phase 2: Compute new object addresses 178.724ms
[2021-02-28T14:27:41.697+0300][154.269s][info][gc,phases,start] GC(84) Phase 3: Adjust pointers
[2021-02-28T14:27:41.897+0300][154.470s][info][gc,phases      ] GC(84) Phase 3: Adjust pointers 200.905ms
[2021-02-28T14:27:41.897+0300][154.470s][info][gc,phases,start] GC(84) Phase 4: Move objects
[2021-02-28T14:27:42.080+0300][154.654s][info][gc,phases      ] GC(84) Phase 4: Move objects 183.905ms
[2021-02-28T14:27:42.081+0300][154.654s][info][gc,ergo        ] GC(84) Bad progress for free space: 915K, need 10485K
[2021-02-28T14:27:42.081+0300][154.654s][info][gc             ] GC(84) Pause Degenerated GC (Mark) 980M->979M(1024M) 1475.771ms
[2021-02-28T14:27:42.081+0300][154.654s][info][gc,ergo        ] Free: 915K, Max: 499K regular, 0B humongous, Frag: 0% external, 99% internal; Reserve: 44032K, Max: 512K
[2021-02-28T14:27:42.081+0300][154.654s][info][gc,stats       ] 
[2021-02-28T14:27:42.081+0300][154.654s][info][gc,stats       ] All times are wall-clock times, except per-root-class counters, that are sum over
[2021-02-28T14:27:42.081+0300][154.654s][info][gc,stats       ] all workers. Dividing the <total> over the root stage time estimates parallelism.
[2021-02-28T14:27:42.081+0300][154.654s][info][gc,stats       ] 
[2021-02-28T14:27:42.081+0300][154.654s][info][gc,stats       ]   Finish Queues                  318385 us
[2021-02-28T14:27:42.081+0300][154.654s][info][gc,stats       ]   System Purge                       86 us
[2021-02-28T14:27:42.081+0300][154.654s][info][gc,stats       ]     Unload Classes                  612 us
[2021-02-28T14:27:42.081+0300][154.654s][info][gc,stats       ]     Weak Roots                       86 us
[2021-02-28T14:27:42.081+0300][154.654s][info][gc,stats       ]     CLDG                              0 us
[2021-02-28T14:27:42.081+0300][154.654s][info][gc,stats       ]   Update Region States               97 us
[2021-02-28T14:27:42.081+0300][154.654s][info][gc,stats       ]   Manage GC/TLABs                     4 us
[2021-02-28T14:27:42.081+0300][154.654s][info][gc,stats       ]   Choose Collection Set             121 us
[2021-02-28T14:27:42.081+0300][154.654s][info][gc,stats       ]   Rebuild Free Set                   22 us
[2021-02-28T14:27:42.081+0300][154.654s][info][gc,stats       ]   Initial Evacuation                 15 us
[2021-02-28T14:27:42.081+0300][154.654s][info][gc,stats       ]   Manage GCLABs                       1 us
[2021-02-28T14:27:42.081+0300][154.654s][info][gc,stats       ]   Finish Work                    172917 us
[2021-02-28T14:27:42.081+0300][154.654s][info][gc,stats       ]   Update Region States               90 us
[2021-02-28T14:27:42.081+0300][154.654s][info][gc,stats       ]   Trash Collection Set                3 us
[2021-02-28T14:27:42.081+0300][154.654s][info][gc,stats       ]   Rebuild Free Set                   23 us
[2021-02-28T14:27:42.081+0300][154.654s][info][gc,stats       ] Pause Degenerated GC (G)        1476020 us
[2021-02-28T14:27:42.081+0300][154.654s][info][gc,stats       ] Pause Degenerated GC (N)        1475785 us
[2021-02-28T14:27:42.081+0300][154.654s][info][gc,stats       ]   Degen Mark Roots                  109 us, parallelism: 0.24x
[2021-02-28T14:27:42.081+0300][154.654s][info][gc,stats       ]     DM: <total>                      26 us
[2021-02-28T14:27:42.081+0300][154.654s][info][gc,stats       ]     DM: JNI Handles Roots             2 us, workers (us):   1,   0,   0, 
[2021-02-28T14:27:42.081+0300][154.654s][info][gc,stats       ]     DM: VM Global Roots               2 us, workers (us):   1,   0,   0, 
[2021-02-28T14:27:42.081+0300][154.654s][info][gc,stats       ]     DM: CLDG Roots                   23 us, workers (us):  23, ---, ---, 
[2021-02-28T14:27:42.081+0300][154.654s][info][gc,stats       ]   Degen Update Roots                708 us, parallelism: 2.29x
[2021-02-28T14:27:42.081+0300][154.654s][info][gc,stats       ]     DU: <total>                    1623 us
[2021-02-28T14:27:42.081+0300][154.654s][info][gc,stats       ]     DU: Thread Roots                129 us, workers (us): 108,  21,   1, 
[2021-02-28T14:27:42.081+0300][154.654s][info][gc,stats       ]     DU: Code Cache Roots           1398 us, workers (us): 397, 481, 520, 
[2021-02-28T14:27:42.081+0300][154.654s][info][gc,stats       ]     DU: Universe Roots                1 us, workers (us):   1, ---, ---, 
[2021-02-28T14:27:42.081+0300][154.654s][info][gc,stats       ]     DU: JNI Handles Roots             1 us, workers (us):   0,   0,   0, 
[2021-02-28T14:27:42.081+0300][154.654s][info][gc,stats       ]     DU: JVMTI Weak Roots              0 us, workers (us):   0, ---, ---, 
[2021-02-28T14:27:42.081+0300][154.654s][info][gc,stats       ]     DU: JFR Weak Roots                0 us, workers (us):   0, ---, ---, 
[2021-02-28T14:27:42.081+0300][154.654s][info][gc,stats       ]     DU: JNI Weak Roots                0 us, workers (us):   0,   0,   0, 
[2021-02-28T14:27:42.081+0300][154.654s][info][gc,stats       ]     DU: String Table Roots           67 us, workers (us):  41,  13,  13, 
[2021-02-28T14:27:42.081+0300][154.654s][info][gc,stats       ]     DU: Resolved Table Roots          5 us, workers (us):   2,   1,   1, 
[2021-02-28T14:27:42.081+0300][154.654s][info][gc,stats       ]     DU: VM Global Roots               1 us, workers (us):   1,   0,   0, 
[2021-02-28T14:27:42.081+0300][154.654s][info][gc,stats       ]     DU: VM Weak Roots                 3 us, workers (us):   1,   2,   0, 
[2021-02-28T14:27:42.081+0300][154.654s][info][gc,stats       ]     DU: Synchronizer Roots            0 us, workers (us):   0, ---, ---, 
[2021-02-28T14:27:42.081+0300][154.654s][info][gc,stats       ]     DU: Management Roots              1 us, workers (us):   1, ---, ---, 
[2021-02-28T14:27:42.081+0300][154.654s][info][gc,stats       ]     DU: CLDG Roots                   16 us, workers (us):  16, ---, ---, 
[2021-02-28T14:27:42.081+0300][154.654s][info][gc,stats       ]     DU: JVMTI Roots                   0 us, workers (us):   0, ---, ---, 
[2021-02-28T14:27:42.081+0300][154.654s][info][gc,stats       ]   Pre Heap Dump                       0 us
[2021-02-28T14:27:42.081+0300][154.654s][info][gc,stats       ]   Prepare                           513 us
[2021-02-28T14:27:42.081+0300][154.655s][info][gc,stats       ]   Scan Roots                        124 us, parallelism: 1.18x
[2021-02-28T14:27:42.081+0300][154.655s][info][gc,stats       ]     FS: <total>                     146 us
[2021-02-28T14:27:42.081+0300][154.655s][info][gc,stats       ]     FS: Thread Roots                142 us, workers (us):  68,  41,  33, 
[2021-02-28T14:27:42.081+0300][154.655s][info][gc,stats       ]     FS: Universe Roots                2 us, workers (us):   2, ---, ---, 
[2021-02-28T14:27:42.081+0300][154.655s][info][gc,stats       ]     FS: Synchronizer Roots            0 us, workers (us):   0, ---, ---, 
[2021-02-28T14:27:42.081+0300][154.655s][info][gc,stats       ]     FS: Management Roots              1 us, workers (us):   1, ---, ---, 
[2021-02-28T14:27:42.081+0300][154.655s][info][gc,stats       ]     FS: JVMTI Roots                   0 us, workers (us):   0, ---, ---, 
[2021-02-28T14:27:42.081+0300][154.655s][info][gc,stats       ]   Scan Concurrent Roots             107 us, parallelism: 0.45x
[2021-02-28T14:27:42.081+0300][154.655s][info][gc,stats       ]     FCS: <total>                     49 us
[2021-02-28T14:27:42.081+0300][154.655s][info][gc,stats       ]     FCS: JNI Handles Roots            2 us, workers (us):   1,   0,   0, 
[2021-02-28T14:27:42.081+0300][154.655s][info][gc,stats       ]     FCS: VM Global Roots              2 us, workers (us):   2,   0,   0, 
[2021-02-28T14:27:42.081+0300][154.655s][info][gc,stats       ]     FCS: CLDG Roots                  45 us, workers (us):  45, ---, ---, 
[2021-02-28T14:27:42.081+0300][154.655s][info][gc,stats       ]   Mark                           407870 us
[2021-02-28T14:27:42.081+0300][154.655s][info][gc,stats       ]     Finish Queues                406299 us
[2021-02-28T14:27:42.081+0300][154.655s][info][gc,stats       ]     Weak References                 182 us
[2021-02-28T14:27:42.081+0300][154.655s][info][gc,stats       ]       Process                       177 us
[2021-02-28T14:27:42.081+0300][154.655s][info][gc,stats       ]     System Purge                     83 us
[2021-02-28T14:27:42.081+0300][154.655s][info][gc,stats       ]       Unload Classes               1038 us
[2021-02-28T14:27:42.082+0300][154.655s][info][gc,stats       ]       Weak Roots                     83 us
[2021-02-28T14:27:42.082+0300][154.655s][info][gc,stats       ]       CLDG                           18 us
[2021-02-28T14:27:42.082+0300][154.655s][info][gc,stats       ]   Calculate Addresses            178707 us
[2021-02-28T14:27:42.082+0300][154.655s][info][gc,stats       ]     Regular Objects              178670 us
[2021-02-28T14:27:42.082+0300][154.655s][info][gc,stats       ]     Humongous Objects                17 us
[2021-02-28T14:27:42.082+0300][154.655s][info][gc,stats       ]   Adjust Pointers                200891 us
[2021-02-28T14:27:42.082+0300][154.655s][info][gc,stats       ]     FA: <total>                    1613 us
[2021-02-28T14:27:42.082+0300][154.655s][info][gc,stats       ]     FA: Thread Roots                 84 us, workers (us):  68,   1,  16, 
[2021-02-28T14:27:42.082+0300][154.655s][info][gc,stats       ]     FA: Code Cache Roots           1424 us, workers (us): 403, 534, 488, 
[2021-02-28T14:27:42.082+0300][154.655s][info][gc,stats       ]     FA: Universe Roots                1 us, workers (us):   1, ---, ---, 
[2021-02-28T14:27:42.082+0300][154.655s][info][gc,stats       ]     FA: JNI Handles Roots             3 us, workers (us):   2,   0,   0, 
[2021-02-28T14:27:42.082+0300][154.655s][info][gc,stats       ]     FA: JVMTI Weak Roots              0 us, workers (us): ---,   0, ---, 
[2021-02-28T14:27:42.082+0300][154.655s][info][gc,stats       ]     FA: JFR Weak Roots                0 us, workers (us): ---,   0, ---, 
[2021-02-28T14:27:42.082+0300][154.655s][info][gc,stats       ]     FA: JNI Weak Roots                0 us, workers (us):   0,   0,   0, 
[2021-02-28T14:27:42.082+0300][154.655s][info][gc,stats       ]     FA: String Table Roots           54 us, workers (us):  27,  27,   0, 
[2021-02-28T14:27:42.082+0300][154.655s][info][gc,stats       ]     FA: Resolved Table Roots          4 us, workers (us):   2,   2,   0, 
[2021-02-28T14:27:42.082+0300][154.655s][info][gc,stats       ]     FA: VM Global Roots               2 us, workers (us):   1,   2,   0, 
[2021-02-28T14:27:42.082+0300][154.655s][info][gc,stats       ]     FA: VM Weak Roots                 2 us, workers (us):   1,   1,   0, 
[2021-02-28T14:27:42.082+0300][154.655s][info][gc,stats       ]     FA: Synchronizer Roots            0 us, workers (us): ---,   0, ---, 
[2021-02-28T14:27:42.082+0300][154.655s][info][gc,stats       ]     FA: Management Roots              1 us, workers (us):   1, ---, ---, 
[2021-02-28T14:27:42.082+0300][154.655s][info][gc,stats       ]     FA: CLDG Roots                   36 us, workers (us):  36, ---, ---, 
[2021-02-28T14:27:42.082+0300][154.655s][info][gc,stats       ]     FA: JVMTI Roots                   0 us, workers (us): ---,   0, ---, 
[2021-02-28T14:27:42.082+0300][154.655s][info][gc,stats       ]   Copy Objects                   183892 us
[2021-02-28T14:27:42.082+0300][154.655s][info][gc,stats       ]     Regular Objects              183372 us
[2021-02-28T14:27:42.082+0300][154.655s][info][gc,stats       ]     Humongous Objects                13 us
[2021-02-28T14:27:42.082+0300][154.655s][info][gc,stats       ]     Reset Complete Bitmap           458 us
[2021-02-28T14:27:42.082+0300][154.655s][info][gc,stats       ]     Rebuild Region Sets              49 us
[2021-02-28T14:27:42.082+0300][154.655s][info][gc,stats       ]   Post Heap Dump                      1 us
[2021-02-28T14:27:42.082+0300][154.655s][info][gc,stats       ] Pacing                            30265 us
[2021-02-28T14:27:42.082+0300][154.655s][info][gc,stats       ] 
[2021-02-28T14:27:42.082+0300][154.655s][info][gc,stats       ] Allocation pacing accrued:
[2021-02-28T14:27:42.082+0300][154.655s][info][gc,stats       ]       6 of  1480 ms (  0.4%): main
[2021-02-28T14:27:42.082+0300][154.655s][info][gc,stats       ]      12 of  1480 ms (  0.8%): RMI TCP Connection(5)-172.22.16.1
[2021-02-28T14:27:42.082+0300][154.655s][info][gc,stats       ]      12 of  1480 ms (  0.8%): RMI TCP Connection(6)-172.22.16.1
[2021-02-28T14:27:42.082+0300][154.655s][info][gc,stats       ]      30 of  1480 ms (  2.0%): <total>
[2021-02-28T14:27:42.082+0300][154.655s][info][gc,stats       ]       2 of  1480 ms (  0.1%): <average total>
[2021-02-28T14:27:42.082+0300][154.655s][info][gc,stats       ]      10 of  1480 ms (  0.7%): <average non-zero>
[2021-02-28T14:27:42.082+0300][154.655s][info][gc,stats       ] 
[2021-02-28T14:27:42.082+0300][154.655s][info][gc,metaspace   ] Metaspace: 7060K(7552K)->7041K(7552K) NonClass: 6337K(6656K)->6321K(6656K) Class: 722K(896K)->720K(896K)
[2021-02-28T14:27:42.082+0300][154.655s][info][gc,ergo        ] Pacer for Idle. Initial: 20971K, Alloc Tax Rate: 1.0x
[2021-02-28T14:27:42.084+0300][154.657s][info][gc             ] Trigger: Free (641K) is below minimum threshold (102M)
[2021-02-28T14:27:42.084+0300][154.657s][info][gc,ergo        ] Free: 641K, Max: 499K regular, 0B humongous, Frag: 0% external, 84% internal; Reserve: 44032K, Max: 512K
[2021-02-28T14:27:42.084+0300][154.657s][info][gc,start       ] GC(85) Concurrent reset
[2021-02-28T14:27:42.084+0300][154.657s][info][gc,task        ] GC(85) Using 1 of 3 workers for concurrent reset
[2021-02-28T14:27:42.084+0300][154.657s][info][gc,ergo        ] GC(85) Pacer for Reset. Non-Taxable: 1024M
[2021-02-28T14:27:42.084+0300][154.657s][info][gc             ] GC(85) Concurrent reset 0.135ms
[2021-02-28T14:27:42.084+0300][154.657s][info][gc,start       ] GC(85) Pause Init Mark (process weakrefs) (unload classes)
[2021-02-28T14:27:42.084+0300][154.657s][info][gc,task        ] GC(85) Using 3 of 3 workers for init marking
[2021-02-28T14:27:42.084+0300][154.657s][info][gc,ergo        ] GC(85) Pacer for Mark. Expected Live: 2154M, Free: 595K, Non-Taxable: 61015B, Alloc Tax Rate: 4525.4x
[2021-02-28T14:27:42.084+0300][154.657s][info][gc             ] GC(85) Pause Init Mark (process weakrefs) (unload classes) 0.205ms
[2021-02-28T14:27:42.084+0300][154.657s][info][gc,start       ] GC(85) Concurrent marking (process weakrefs) (unload classes)
[2021-02-28T14:27:42.084+0300][154.657s][info][gc,task        ] GC(85) Using 1 of 3 workers for concurrent marking
[2021-02-28T14:27:42.573+0300][155.146s][info][gc             ] Failed to allocate TLAB, 2664B
[2021-02-28T14:27:42.573+0300][155.146s][info][gc             ] Cancelling GC: Allocation Failure
[2021-02-28T14:27:42.573+0300][155.146s][info][gc             ] GC(85) Concurrent marking (process weakrefs) (unload classes) 488.487ms
[2021-02-28T14:27:42.573+0300][155.146s][info][gc,ergo        ] Free: 0B, Max: 0B regular, 0B humongous, Frag: 0% external, 0% internal; Reserve: 44032K, Max: 512K
[2021-02-28T14:27:42.573+0300][155.146s][info][gc,stats       ] 
[2021-02-28T14:27:42.573+0300][155.146s][info][gc,stats       ] All times are wall-clock times, except per-root-class counters, that are sum over
[2021-02-28T14:27:42.573+0300][155.146s][info][gc,stats       ] all workers. Dividing the <total> over the root stage time estimates parallelism.
[2021-02-28T14:27:42.573+0300][155.146s][info][gc,stats       ] 
[2021-02-28T14:27:42.573+0300][155.146s][info][gc,stats       ] Concurrent Reset                    156 us
[2021-02-28T14:27:42.573+0300][155.146s][info][gc,stats       ] Pause Init Mark (G)                 422 us
[2021-02-28T14:27:42.573+0300][155.146s][info][gc,stats       ] Pause Init Mark (N)                 217 us
[2021-02-28T14:27:42.573+0300][155.146s][info][gc,stats       ]   Manage TLABs                        2 us
[2021-02-28T14:27:42.573+0300][155.146s][info][gc,stats       ]   Update Region States               57 us
[2021-02-28T14:27:42.573+0300][155.146s][info][gc,stats       ]   Scan Roots                         88 us, parallelism: 1.68x
[2021-02-28T14:27:42.573+0300][155.146s][info][gc,stats       ]     S: <total>                      148 us
[2021-02-28T14:27:42.573+0300][155.146s][info][gc,stats       ]     S: Thread Roots                 145 us, workers (us):  53,  66,  26, 
[2021-02-28T14:27:42.573+0300][155.146s][info][gc,stats       ]     S: Universe Roots                 2 us, workers (us):   2, ---, ---, 
[2021-02-28T14:27:42.573+0300][155.146s][info][gc,stats       ]     S: Synchronizer Roots             0 us, workers (us):   0, ---, ---, 
[2021-02-28T14:27:42.573+0300][155.146s][info][gc,stats       ]     S: Management Roots               1 us, workers (us):   1, ---, ---, 
[2021-02-28T14:27:42.573+0300][155.146s][info][gc,stats       ]     S: JVMTI Roots                    0 us, workers (us):   0, ---, ---, 
[2021-02-28T14:27:42.573+0300][155.146s][info][gc,stats       ] Concurrent Marking               488512 us
[2021-02-28T14:27:42.573+0300][155.146s][info][gc,stats       ]   Roots                             113 us, parallelism: 0.54x
[2021-02-28T14:27:42.573+0300][155.146s][info][gc,stats       ]     CM: <total>                      61 us
[2021-02-28T14:27:42.573+0300][155.146s][info][gc,stats       ]     CM: JNI Handles Roots             2 us, workers (us):   2, ---, ---, 
[2021-02-28T14:27:42.573+0300][155.146s][info][gc,stats       ]     CM: VM Global Roots               2 us, workers (us):   2, ---, ---, 
[2021-02-28T14:27:42.573+0300][155.146s][info][gc,stats       ]     CM: CLDG Roots                   58 us, workers (us):  58, ---, ---, 
[2021-02-28T14:27:42.573+0300][155.146s][info][gc,stats       ] Pacing                          2179605 us
[2021-02-28T14:27:42.573+0300][155.146s][info][gc,stats       ] 
[2021-02-28T14:27:42.573+0300][155.146s][info][gc,stats       ] Allocation pacing accrued:
[2021-02-28T14:27:42.573+0300][155.146s][info][gc,stats       ]     492 of   491 ms (100.1%): main
[2021-02-28T14:27:42.573+0300][155.146s][info][gc,stats       ]      12 of   491 ms (  2.4%): C1 CompilerThread0
[2021-02-28T14:27:42.573+0300][155.146s][info][gc,stats       ]     477 of   491 ms ( 97.1%): Notification Thread
[2021-02-28T14:27:42.573+0300][155.146s][info][gc,stats       ]     486 of   491 ms ( 99.0%): RMI TCP Connection(5)-172.22.16.1
[2021-02-28T14:27:42.573+0300][155.146s][info][gc,stats       ]     399 of   491 ms ( 81.2%): RMI TCP Connection(6)-172.22.16.1
[2021-02-28T14:27:42.573+0300][155.146s][info][gc,stats       ]     315 of   491 ms ( 64.0%): RMI TCP Connection(7)-172.22.16.1
[2021-02-28T14:27:42.573+0300][155.146s][info][gc,stats       ]    2180 of   491 ms (443.8%): <total>
[2021-02-28T14:27:42.573+0300][155.146s][info][gc,stats       ]     115 of   491 ms ( 23.4%): <average total>
[2021-02-28T14:27:42.573+0300][155.146s][info][gc,stats       ]     363 of   491 ms ( 74.0%): <average non-zero>
[2021-02-28T14:27:42.573+0300][155.146s][info][gc,stats       ] 
[2021-02-28T14:27:42.573+0300][155.146s][info][gc,metaspace   ] Metaspace: 7045K(7552K)->7062K(7552K) NonClass: 6324K(6656K)->6339K(6656K) Class: 720K(896K)->722K(896K)
[2021-02-28T14:27:42.573+0300][155.146s][info][gc,ergo        ] Pacer for Idle. Initial: 20971K, Alloc Tax Rate: 1.0x
[2021-02-28T14:27:42.576+0300][155.149s][info][gc             ] Trigger: Handle Allocation Failure
[2021-02-28T14:27:42.576+0300][155.149s][info][gc,ergo        ] Free: 0B, Max: 0B regular, 0B humongous, Frag: 0% external, 0% internal; Reserve: 44032K, Max: 512K
[2021-02-28T14:27:42.576+0300][155.149s][info][gc,start       ] GC(86) Pause Full
[2021-02-28T14:27:42.576+0300][155.149s][info][gc,task        ] GC(86) Using 3 of 3 workers for full gc
[2021-02-28T14:27:42.576+0300][155.150s][info][gc,phases,start] GC(86) Phase 1: Mark live objects
[2021-02-28T14:27:43.005+0300][155.578s][info][gc,phases      ] GC(86) Phase 1: Mark live objects 428.010ms
[2021-02-28T14:27:43.005+0300][155.578s][info][gc,phases,start] GC(86) Phase 2: Compute new object addresses
[2021-02-28T14:27:43.183+0300][155.756s][info][gc,phases      ] GC(86) Phase 2: Compute new object addresses 178.189ms
[2021-02-28T14:27:43.183+0300][155.756s][info][gc,phases,start] GC(86) Phase 3: Adjust pointers
[2021-02-28T14:27:43.384+0300][155.956s][info][gc,phases      ] GC(86) Phase 3: Adjust pointers 200.274ms
[2021-02-28T14:27:43.384+0300][155.956s][info][gc,phases,start] GC(86) Phase 4: Move objects
[2021-02-28T14:27:43.567+0300][156.139s][info][gc,phases      ] GC(86) Phase 4: Move objects 182.756ms
[2021-02-28T14:27:43.567+0300][156.139s][info][gc,ergo        ] GC(86) Bad progress for free space: 552K, need 10485K
[2021-02-28T14:27:43.567+0300][156.139s][info][gc             ] GC(86) Pause Full 980M->980M(1024M) 990.070ms
[2021-02-28T14:27:43.567+0300][156.139s][info][gc,ergo        ] Free: 552K, Max: 294K regular, 0B humongous, Frag: 0% external, 99% internal; Reserve: 44032K, Max: 512K
[2021-02-28T14:27:43.567+0300][156.139s][info][gc,stats       ] 
[2021-02-28T14:27:43.567+0300][156.139s][info][gc,stats       ] All times are wall-clock times, except per-root-class counters, that are sum over
[2021-02-28T14:27:43.567+0300][156.139s][info][gc,stats       ] all workers. Dividing the <total> over the root stage time estimates parallelism.
[2021-02-28T14:27:43.567+0300][156.139s][info][gc,stats       ] 
[2021-02-28T14:27:43.567+0300][156.139s][info][gc,stats       ] Pause Full GC (G)                990263 us
[2021-02-28T14:27:43.567+0300][156.139s][info][gc,stats       ] Pause Full GC (N)                990084 us
[2021-02-28T14:27:43.567+0300][156.139s][info][gc,stats       ]   Pre Heap Dump                       0 us
[2021-02-28T14:27:43.567+0300][156.139s][info][gc,stats       ]   Prepare                           495 us
[2021-02-28T14:27:43.567+0300][156.139s][info][gc,stats       ]   Scan Roots                        181 us, parallelism: 1.13x
[2021-02-28T14:27:43.567+0300][156.139s][info][gc,stats       ]     FS: <total>                     205 us
[2021-02-28T14:27:43.567+0300][156.139s][info][gc,stats       ]     FS: Thread Roots                201 us, workers (us):  56,  35, 110, 
[2021-02-28T14:27:43.567+0300][156.139s][info][gc,stats       ]     FS: Universe Roots                2 us, workers (us):   2, ---, ---, 
[2021-02-28T14:27:43.567+0300][156.139s][info][gc,stats       ]     FS: Synchronizer Roots            0 us, workers (us):   0, ---, ---, 
[2021-02-28T14:27:43.567+0300][156.139s][info][gc,stats       ]     FS: Management Roots              2 us, workers (us):   2, ---, ---, 
[2021-02-28T14:27:43.567+0300][156.139s][info][gc             ] Failed to allocate TLAB, 5024B
[2021-02-28T14:27:43.567+0300][156.139s][info][gc,stats       ]     FS: JVMTI Roots                   0 us, workers (us):   0, ---, ---, 
[2021-02-28T14:27:43.567+0300][156.139s][info][gc             ] Cancelling GC: Allocation Failure
[2021-02-28T14:27:43.567+0300][156.140s][info][gc,stats       ]   Scan Concurrent Roots             105 us, parallelism: 0.49x
[2021-02-28T14:27:43.567+0300][156.140s][info][gc,stats       ]     FCS: <total>                     52 us
[2021-02-28T14:27:43.567+0300][156.140s][info][gc,stats       ]     FCS: JNI Handles Roots            2 us, workers (us):   0,   2,   0, 
[2021-02-28T14:27:43.567+0300][156.140s][info][gc,stats       ]     FCS: VM Global Roots              3 us, workers (us):   2,   1,   0, 
[2021-02-28T14:27:43.567+0300][156.140s][info][gc,stats       ]     FCS: CLDG Roots                  46 us, workers (us):  46, ---, ---, 
[2021-02-28T14:27:43.567+0300][156.140s][info][gc,stats       ]   Mark                           427971 us
[2021-02-28T14:27:43.567+0300][156.140s][info][gc,stats       ]     Finish Queues                426342 us
[2021-02-28T14:27:43.567+0300][156.140s][info][gc,stats       ]     Weak References                 175 us
[2021-02-28T14:27:43.567+0300][156.140s][info][gc,stats       ]       Process                       170 us
[2021-02-28T14:27:43.567+0300][156.140s][info][gc,stats       ]     System Purge                     83 us
[2021-02-28T14:27:43.567+0300][156.140s][info][gc,stats       ]       Unload Classes               1044 us
[2021-02-28T14:27:43.567+0300][156.140s][info][gc,stats       ]       Weak Roots                     83 us
[2021-02-28T14:27:43.567+0300][156.140s][info][gc,stats       ]       CLDG                           23 us
[2021-02-28T14:27:43.567+0300][156.140s][info][gc,stats       ]   Calculate Addresses            178172 us
[2021-02-28T14:27:43.568+0300][156.140s][info][gc,stats       ]     Regular Objects              178136 us
[2021-02-28T14:27:43.568+0300][156.140s][info][gc,stats       ]     Humongous Objects                17 us
[2021-02-28T14:27:43.568+0300][156.140s][info][gc,stats       ]   Adjust Pointers                200260 us
[2021-02-28T14:27:43.568+0300][156.140s][info][gc,stats       ]     FA: <total>                    1628 us
[2021-02-28T14:27:43.568+0300][156.140s][info][gc,stats       ]     FA: Thread Roots                 86 us, workers (us):  10,  75,   1, 
[2021-02-28T14:27:43.568+0300][156.140s][info][gc,stats       ]     FA: Code Cache Roots           1436 us, workers (us): 502, 401, 534, 
[2021-02-28T14:27:43.568+0300][156.140s][info][gc,stats       ]     FA: Universe Roots                1 us, workers (us):   1, ---, ---, 
[2021-02-28T14:27:43.568+0300][156.140s][info][gc,stats       ]     FA: JNI Handles Roots             2 us, workers (us):   2,   0,   0, 
[2021-02-28T14:27:43.568+0300][156.140s][info][gc,stats       ]     FA: JVMTI Weak Roots              0 us, workers (us):   0, ---, ---, 
[2021-02-28T14:27:43.568+0300][156.140s][info][gc,stats       ]     FA: JFR Weak Roots                0 us, workers (us): ---,   0, ---, 
[2021-02-28T14:27:43.568+0300][156.140s][info][gc,stats       ]     FA: JNI Weak Roots                0 us, workers (us):   0,   0,   0, 
[2021-02-28T14:27:43.568+0300][156.140s][info][gc,stats       ]     FA: String Table Roots           55 us, workers (us):  27,  27,   1, 
[2021-02-28T14:27:43.568+0300][156.140s][info][gc,stats       ]     FA: Resolved Table Roots          5 us, workers (us):   1,   2,   1, 
[2021-02-28T14:27:43.568+0300][156.140s][info][gc,stats       ]     FA: VM Global Roots               2 us, workers (us):   0,   2,   0, 
[2021-02-28T14:27:43.568+0300][156.140s][info][gc,stats       ]     FA: VM Weak Roots                 2 us, workers (us):   1,   0,   1, 
[2021-02-28T14:27:43.568+0300][156.140s][info][gc,stats       ]     FA: Synchronizer Roots            0 us, workers (us): ---,   0, ---, 
[2021-02-28T14:27:43.568+0300][156.140s][info][gc,stats       ]     FA: Management Roots              2 us, workers (us): ---,   2, ---, 
[2021-02-28T14:27:43.568+0300][156.140s][info][gc,stats       ]     FA: CLDG Roots                   35 us, workers (us): ---,  35, ---, 
[2021-02-28T14:27:43.568+0300][156.140s][info][gc,stats       ]     FA: JVMTI Roots                   1 us, workers (us):   1, ---, ---, 
[2021-02-28T14:27:43.568+0300][156.140s][info][gc,stats       ]   Copy Objects                   182743 us
[2021-02-28T14:27:43.568+0300][156.140s][info][gc,stats       ]     Regular Objects              182097 us
[2021-02-28T14:27:43.568+0300][156.140s][info][gc,stats       ]     Humongous Objects                13 us
[2021-02-28T14:27:43.568+0300][156.140s][info][gc,stats       ]     Reset Complete Bitmap           573 us
[2021-02-28T14:27:43.568+0300][156.140s][info][gc,stats       ]     Rebuild Region Sets              58 us
[2021-02-28T14:27:43.568+0300][156.140s][info][gc,stats       ]   Post Heap Dump                      1 us
[2021-02-28T14:27:43.568+0300][156.140s][info][gc,stats       ] Pacing                            12081 us
[2021-02-28T14:27:43.568+0300][156.140s][info][gc,stats       ] 
[2021-02-28T14:27:43.568+0300][156.140s][info][gc,stats       ] Allocation pacing accrued:
[2021-02-28T14:27:43.568+0300][156.140s][info][gc,stats       ]       1 of   994 ms (  0.1%): main
[2021-02-28T14:27:43.568+0300][156.140s][info][gc,stats       ]      11 of   994 ms (  1.1%): Notification Thread
[2021-02-28T14:27:43.568+0300][156.140s][info][gc,stats       ]      12 of   994 ms (  1.2%): <total>
[2021-02-28T14:27:43.568+0300][156.140s][info][gc,stats       ]       1 of   994 ms (  0.1%): <average total>
[2021-02-28T14:27:43.568+0300][156.140s][info][gc,stats       ]       6 of   994 ms (  0.6%): <average non-zero>
[2021-02-28T14:27:43.568+0300][156.140s][info][gc,stats       ] 
[2021-02-28T14:27:43.568+0300][156.140s][info][gc,metaspace   ] Metaspace: 7062K(7552K)->7043K(7552K) NonClass: 6339K(6656K)->6323K(6656K) Class: 722K(896K)->719K(896K)
[2021-02-28T14:27:43.568+0300][156.140s][info][gc,ergo        ] Pacer for Idle. Initial: 20971K, Alloc Tax Rate: 1.0x
[2021-02-28T14:27:43.571+0300][156.143s][info][gc             ] Trigger: Handle Allocation Failure
[2021-02-28T14:27:43.571+0300][156.143s][info][gc,ergo        ] Free: 0B, Max: 0B regular, 0B humongous, Frag: 0% external, 0% internal; Reserve: 44032K, Max: 512K
[2021-02-28T14:27:43.571+0300][156.143s][info][gc,start       ] GC(87) Pause Degenerated GC (Outside of Cycle)
[2021-02-28T14:27:43.571+0300][156.143s][info][gc,task        ] GC(87) Using 3 of 3 workers for stw degenerated gc
[2021-02-28T14:27:43.571+0300][156.143s][info][gc,ergo        ] GC(87) Pacer for Reset. Non-Taxable: 1024M
[2021-02-28T14:27:43.571+0300][156.144s][info][gc,ergo        ] GC(87) Pacer for Mark. Expected Live: 1845M, Free: 0B, Non-Taxable: 0B, Alloc Tax Rate: infx
[2021-02-28T14:27:43.980+0300][156.553s][info][gc,ergo        ] GC(87) Adaptive CSet Selection. Target Free: 145M, Actual Free: 44032K, Max CSet: 43690K, Min Garbage: 102M
[2021-02-28T14:27:43.980+0300][156.553s][info][gc,ergo        ] GC(87) Collectable Garbage: 69232B (100%), Immediate: 0B (0%), CSet: 69232B (100%)
[2021-02-28T14:27:43.980+0300][156.553s][info][gc,ergo        ] GC(87) Pacer for Evacuation. Used CSet: 43519K, Free: 18960B, Non-Taxable: 1896B, Alloc Tax Rate: 5745.4x
[2021-02-28T14:27:43.991+0300][156.564s][info][gc,ergo        ] GC(87) Pacer for Update Refs. Used: 1023M, Free: 18960B, Non-Taxable: 1896B, Alloc Tax Rate: 69196.0x
[2021-02-28T14:27:44.162+0300][156.736s][info][gc,ergo        ] GC(87) Bad progress for free space: 18960B, need 10485K
[2021-02-28T14:27:44.162+0300][156.736s][info][gc             ] GC(87) Cancelling GC: Upgrade To Full GC
[2021-02-28T14:27:44.163+0300][156.736s][info][gc,phases,start] GC(87) Phase 1: Mark live objects
[2021-02-28T14:27:44.585+0300][157.158s][info][gc,phases      ] GC(87) Phase 1: Mark live objects 422.352ms
[2021-02-28T14:27:44.585+0300][157.158s][info][gc,phases,start] GC(87) Phase 2: Compute new object addresses
[2021-02-28T14:27:44.767+0300][157.339s][info][gc,phases      ] GC(87) Phase 2: Compute new object addresses 180.650ms
[2021-02-28T14:27:44.767+0300][157.339s][info][gc,phases,start] GC(87) Phase 3: Adjust pointers
[2021-02-28T14:27:44.965+0300][157.537s][info][gc,phases      ] GC(87) Phase 3: Adjust pointers 198.112ms
[2021-02-28T14:27:44.965+0300][157.537s][info][gc,phases,start] GC(87) Phase 4: Move objects
[2021-02-28T14:27:45.148+0300][157.720s][info][gc,phases      ] GC(87) Phase 4: Move objects 182.974ms
[2021-02-28T14:27:45.148+0300][157.720s][info][gc,ergo        ] GC(87) Bad progress for free space: 89056B, need 10485K
[2021-02-28T14:27:45.148+0300][157.720s][info][gc             ] GC(87) Pause Degenerated GC (Outside of Cycle) 980M->980M(1024M) 1577.377ms
[2021-02-28T14:27:45.148+0300][157.721s][info][gc,ergo        ] Free: 68224B, Max: 35648B regular, 0B humongous, Frag: 0% external, 95% internal; Reserve: 44032K, Max: 512K
[2021-02-28T14:27:45.148+0300][157.721s][info][gc,stats       ] 
[2021-02-28T14:27:45.148+0300][157.721s][info][gc,stats       ] All times are wall-clock times, except per-root-class counters, that are sum over
[2021-02-28T14:27:45.148+0300][157.721s][info][gc,stats       ] all workers. Dividing the <total> over the root stage time estimates parallelism.
[2021-02-28T14:27:45.148+0300][157.721s][info][gc,stats       ] 
[2021-02-28T14:27:45.148+0300][157.721s][info][gc,stats       ]   Manage TLABs                        3 us
[2021-02-28T14:27:45.148+0300][157.721s][info][gc,stats       ]   Update Region States               88 us
[2021-02-28T14:27:45.148+0300][157.721s][info][gc,stats       ]   Scan Roots                        143 us, parallelism: 1.19x
[2021-02-28T14:27:45.148+0300][157.721s][info][gc,stats       ]     S: <total>                      170 us
[2021-02-28T14:27:45.148+0300][157.721s][info][gc,stats       ]     S: Thread Roots                 167 us, workers (us):  77,  64,  26, 
[2021-02-28T14:27:45.148+0300][157.721s][info][gc,stats       ]     S: Universe Roots                 2 us, workers (us):   2, ---, ---, 
[2021-02-28T14:27:45.148+0300][157.721s][info][gc,stats       ]     S: Synchronizer Roots             0 us, workers (us):   0, ---, ---, 
[2021-02-28T14:27:45.148+0300][157.721s][info][gc,stats       ]     S: Management Roots               1 us, workers (us):   1, ---, ---, 
[2021-02-28T14:27:45.148+0300][157.721s][info][gc,stats       ]     S: JVMTI Roots                    0 us, workers (us):   0, ---, ---, 
[2021-02-28T14:27:45.148+0300][157.721s][info][gc,stats       ]   Finish Queues                  408699 us
[2021-02-28T14:27:45.148+0300][157.721s][info][gc,stats       ]   Weak References                    29 us
[2021-02-28T14:27:45.148+0300][157.721s][info][gc,stats       ]     Process                          25 us
[2021-02-28T14:27:45.148+0300][157.721s][info][gc,stats       ]   System Purge                       64 us
[2021-02-28T14:27:45.148+0300][157.721s][info][gc,stats       ]     Unload Classes                  555 us
[2021-02-28T14:27:45.148+0300][157.721s][info][gc,stats       ]     Weak Roots                       64 us
[2021-02-28T14:27:45.148+0300][157.721s][info][gc,stats       ]     CLDG                              0 us
[2021-02-28T14:27:45.148+0300][157.721s][info][gc,stats       ]   Update Region States               50 us
[2021-02-28T14:27:45.148+0300][157.721s][info][gc,stats       ]   Manage GC/TLABs                     2 us
[2021-02-28T14:27:45.148+0300][157.721s][info][gc,stats       ]   Choose Collection Set             115 us
[2021-02-28T14:27:45.148+0300][157.721s][info][gc,stats       ]   Rebuild Free Set                   22 us
[2021-02-28T14:27:45.148+0300][157.721s][info][gc,stats       ]   Initial Evacuation                 14 us
[2021-02-28T14:27:45.148+0300][157.721s][info][gc,stats       ]   Manage GCLABs                       1 us
[2021-02-28T14:27:45.148+0300][157.721s][info][gc,stats       ]   Finish Work                    170993 us
[2021-02-28T14:27:45.148+0300][157.721s][info][gc,stats       ]   Update Region States               81 us
[2021-02-28T14:27:45.148+0300][157.721s][info][gc,stats       ]   Trash Collection Set                3 us
[2021-02-28T14:27:45.148+0300][157.721s][info][gc,stats       ]   Rebuild Free Set                   23 us
[2021-02-28T14:27:45.148+0300][157.721s][info][gc,stats       ] Pause Degenerated GC (G)        1577613 us
[2021-02-28T14:27:45.148+0300][157.721s][info][gc,stats       ] Pause Degenerated GC (N)        1577393 us
[2021-02-28T14:27:45.148+0300][157.721s][info][gc,stats       ]   Degen Mark Roots                   67 us, parallelism: 0.73x
[2021-02-28T14:27:45.148+0300][157.721s][info][gc,stats       ]     DM: <total>                      49 us
[2021-02-28T14:27:45.148+0300][157.721s][info][gc,stats       ]     DM: JNI Handles Roots             2 us, workers (us):   1,   0,   0, 
[2021-02-28T14:27:45.148+0300][157.721s][info][gc,stats       ]     DM: VM Global Roots               1 us, workers (us):   1,   0,   0, 
[2021-02-28T14:27:45.148+0300][157.721s][info][gc,stats       ]     DM: CLDG Roots                   46 us, workers (us):  46, ---, ---, 
[2021-02-28T14:27:45.148+0300][157.721s][info][gc,stats       ]   Degen Update Roots                677 us, parallelism: 2.27x
[2021-02-28T14:27:45.148+0300][157.721s][info][gc,stats       ]     DU: <total>                    1535 us
[2021-02-28T14:27:45.148+0300][157.721s][info][gc,stats       ]     DU: Thread Roots                 78 us, workers (us):  76,   1,   1, 
[2021-02-28T14:27:45.148+0300][157.721s][info][gc,stats       ]     DU: Code Cache Roots           1376 us, workers (us): 388, 512, 476, 
[2021-02-28T14:27:45.148+0300][157.721s][info][gc,stats       ]     DU: Universe Roots                1 us, workers (us):   1, ---, ---, 
[2021-02-28T14:27:45.148+0300][157.721s][info][gc,stats       ]     DU: JNI Handles Roots             1 us, workers (us):   0,   1,   0, 
[2021-02-28T14:27:45.148+0300][157.721s][info][gc,stats       ]     DU: JVMTI Weak Roots              0 us, workers (us): ---,   0, ---, 
[2021-02-28T14:27:45.148+0300][157.721s][info][gc,stats       ]     DU: JFR Weak Roots                0 us, workers (us):   0, ---, ---, 
[2021-02-28T14:27:45.148+0300][157.721s][info][gc,stats       ]     DU: JNI Weak Roots                0 us, workers (us):   0,   0,   0, 
[2021-02-28T14:27:45.148+0300][157.721s][info][gc,stats       ]     DU: String Table Roots           54 us, workers (us):  21,  21,  12, 
[2021-02-28T14:27:45.148+0300][157.721s][info][gc,stats       ]     DU: Resolved Table Roots          4 us, workers (us):   1,   2,   1, 
[2021-02-28T14:27:45.148+0300][157.721s][info][gc,stats       ]     DU: VM Global Roots               1 us, workers (us):   1,   0,   0, 
[2021-02-28T14:27:45.148+0300][157.721s][info][gc,stats       ]     DU: VM Weak Roots                 1 us, workers (us):   0,   0,   1, 
[2021-02-28T14:27:45.148+0300][157.721s][info][gc,stats       ]     DU: Synchronizer Roots            0 us, workers (us): ---,   0, ---, 
[2021-02-28T14:27:45.148+0300][157.721s][info][gc,stats       ]     DU: Management Roots              1 us, workers (us):   1, ---, ---, 
[2021-02-28T14:27:45.148+0300][157.721s][info][gc,stats       ]     DU: CLDG Roots                   15 us, workers (us):  15, ---, ---, 
[2021-02-28T14:27:45.148+0300][157.721s][info][gc,stats       ]     DU: JVMTI Roots                   0 us, workers (us): ---,   0, ---, 
[2021-02-28T14:27:45.148+0300][157.721s][info][gc,stats       ]   Pre Heap Dump                       0 us
[2021-02-28T14:27:45.148+0300][157.721s][info][gc,stats       ]   Prepare                           452 us
[2021-02-28T14:27:45.148+0300][157.721s][info][gc,stats       ]   Scan Roots                        124 us, parallelism: 1.27x
[2021-02-28T14:27:45.148+0300][157.721s][info][gc,stats       ]     FS: <total>                     158 us
[2021-02-28T14:27:45.148+0300][157.721s][info][gc,stats       ]     FS: Thread Roots                152 us, workers (us):  62,  53,  38, 
[2021-02-28T14:27:45.148+0300][157.721s][info][gc,stats       ]     FS: Universe Roots                2 us, workers (us):   2, ---, ---, 
[2021-02-28T14:27:45.148+0300][157.721s][info][gc,stats       ]     FS: Synchronizer Roots            0 us, workers (us): ---,   0, ---, 
[2021-02-28T14:27:45.148+0300][157.721s][info][gc,stats       ]     FS: Management Roots              2 us, workers (us): ---,   2, ---, 
[2021-02-28T14:27:45.148+0300][157.721s][info][gc,stats       ]     FS: JVMTI Roots                   0 us, workers (us):   0, ---, ---, 
[2021-02-28T14:27:45.148+0300][157.721s][info][gc,stats       ]   Scan Concurrent Roots             102 us, parallelism: 0.48x
[2021-02-28T14:27:45.148+0300][157.721s][info][gc,stats       ]     FCS: <total>                     49 us
[2021-02-28T14:27:45.148+0300][157.721s][info][gc,stats       ]     FCS: JNI Handles Roots            1 us, workers (us):   1,   0,   0, 
[2021-02-28T14:27:45.148+0300][157.721s][info][gc,stats       ]     FCS: VM Global Roots              3 us, workers (us):   1,   2,   0, 
[2021-02-28T14:27:45.148+0300][157.721s][info][gc,stats       ]     FCS: CLDG Roots                  45 us, workers (us):  45, ---, ---, 
[2021-02-28T14:27:45.148+0300][157.721s][info][gc,stats       ]   Mark                           422312 us
[2021-02-28T14:27:45.148+0300][157.721s][info][gc,stats       ]     Finish Queues                421261 us
[2021-02-28T14:27:45.148+0300][157.721s][info][gc,stats       ]     Weak References                 156 us
[2021-02-28T14:27:45.148+0300][157.721s][info][gc,stats       ]       Process                       150 us
[2021-02-28T14:27:45.148+0300][157.721s][info][gc,stats       ]     System Purge                     83 us
[2021-02-28T14:27:45.148+0300][157.721s][info][gc,stats       ]       Unload Classes                567 us
[2021-02-28T14:27:45.148+0300][157.721s][info][gc,stats       ]       Weak Roots                     83 us
[2021-02-28T14:27:45.148+0300][157.721s][info][gc,stats       ]       CLDG                            0 us
[2021-02-28T14:27:45.148+0300][157.721s][info][gc,stats       ]   Calculate Addresses            180637 us
[2021-02-28T14:27:45.148+0300][157.721s][info][gc,stats       ]     Regular Objects              180601 us
[2021-02-28T14:27:45.148+0300][157.722s][info][gc,stats       ]     Humongous Objects                16 us
[2021-02-28T14:27:45.148+0300][157.722s][info][gc,stats       ]   Adjust Pointers                198099 us
[2021-02-28T14:27:45.148+0300][157.722s][info][gc,stats       ]     FA: <total>                    1632 us
[2021-02-28T14:27:45.148+0300][157.722s][info][gc,stats       ]     FA: Thread Roots                 91 us, workers (us):  20,  70,   1, 
[2021-02-28T14:27:45.148+0300][157.722s][info][gc,stats       ]     FA: Code Cache Roots           1440 us, workers (us): 500, 405, 535, 
[2021-02-28T14:27:45.148+0300][157.722s][info][gc,stats       ]     FA: Universe Roots                1 us, workers (us):   1, ---, ---, 
[2021-02-28T14:27:45.148+0300][157.722s][info][gc,stats       ]     FA: JNI Handles Roots             2 us, workers (us):   2,   0,   0, 
[2021-02-28T14:27:45.148+0300][157.722s][info][gc,stats       ]     FA: JVMTI Weak Roots              0 us, workers (us):   0, ---, ---, 
[2021-02-28T14:27:45.148+0300][157.722s][info][gc,stats       ]     FA: JFR Weak Roots                0 us, workers (us):   0, ---, ---, 
[2021-02-28T14:27:45.148+0300][157.722s][info][gc,stats       ]     FA: JNI Weak Roots                0 us, workers (us):   0,   0,   0, 
[2021-02-28T14:27:45.148+0300][157.722s][info][gc,stats       ]     FA: String Table Roots           53 us, workers (us):  37,  13,   2, 
[2021-02-28T14:27:45.148+0300][157.722s][info][gc,stats       ]     FA: Resolved Table Roots          4 us, workers (us):   2,   1,   1, 
[2021-02-28T14:27:45.148+0300][157.722s][info][gc,stats       ]     FA: VM Global Roots               2 us, workers (us):   2,   0,   0, 
[2021-02-28T14:27:45.148+0300][157.722s][info][gc,stats       ]     FA: VM Weak Roots                 2 us, workers (us):   1,   0,   1, 
[2021-02-28T14:27:45.148+0300][157.722s][info][gc,stats       ]     FA: Synchronizer Roots            0 us, workers (us):   0, ---, ---, 
[2021-02-28T14:27:45.148+0300][157.722s][info][gc,stats       ]     FA: Management Roots              1 us, workers (us):   1, ---, ---, 
[2021-02-28T14:27:45.148+0300][157.722s][info][gc,stats       ]     FA: CLDG Roots                   35 us, workers (us): ---,  35, ---, 
[2021-02-28T14:27:45.148+0300][157.722s][info][gc,stats       ]     FA: JVMTI Roots                   0 us, workers (us):   0, ---, ---, 
[2021-02-28T14:27:45.148+0300][157.722s][info][gc,stats       ]   Copy Objects                   182961 us
[2021-02-28T14:27:45.148+0300][157.722s][info][gc,stats       ]     Regular Objects              182427 us
[2021-02-28T14:27:45.150+0300][157.722s][info][gc,stats       ]     Humongous Objects                14 us
[2021-02-28T14:27:45.150+0300][157.722s][info][gc,stats       ]     Reset Complete Bitmap           470 us
[2021-02-28T14:27:45.150+0300][157.722s][info][gc,stats       ]     Rebuild Region Sets              49 us
[2021-02-28T14:27:45.150+0300][157.722s][info][gc,stats       ]   Post Heap Dump                      1 us
[2021-02-28T14:27:45.150+0300][157.722s][info][gc,stats       ] 
[2021-02-28T14:27:45.150+0300][157.722s][info][gc,stats       ] Allocation pacing accrued:
[2021-02-28T14:27:45.150+0300][157.722s][info][gc,stats       ]       0 of  1582 ms (  0.0%): <total>
[2021-02-28T14:27:45.150+0300][157.722s][info][gc,stats       ]       0 of  1582 ms (  0.0%): <average total>
[2021-02-28T14:27:45.150+0300][157.722s][info][gc,stats       ] 
[2021-02-28T14:27:45.150+0300][157.722s][info][gc,metaspace   ] Metaspace: 7043K(7552K)->7043K(7552K) NonClass: 6323K(6656K)->6323K(6656K) Class: 719K(896K)->719K(896K)
[2021-02-28T14:27:45.150+0300][157.722s][info][gc,ergo        ] Pacer for Idle. Initial: 20971K, Alloc Tax Rate: 1.0x
[2021-02-28T14:27:45.152+0300][157.724s][info][gc             ] Trigger: Free (41808B) is below minimum threshold (102M)
[2021-02-28T14:27:45.152+0300][157.724s][info][gc,ergo        ] Free: 41808B, Max: 32504B regular, 0B humongous, Frag: 0% external, 97% internal; Reserve: 44032K, Max: 512K
[2021-02-28T14:27:45.152+0300][157.724s][info][gc,start       ] GC(88) Concurrent reset
[2021-02-28T14:27:45.152+0300][157.724s][info][gc,task        ] GC(88) Using 1 of 3 workers for concurrent reset
[2021-02-28T14:27:45.152+0300][157.724s][info][gc,ergo        ] GC(88) Pacer for Reset. Non-Taxable: 1024M
[2021-02-28T14:27:45.152+0300][157.724s][info][gc             ] GC(88) Concurrent reset 0.201ms
[2021-02-28T14:27:45.152+0300][157.724s][info][gc,start       ] GC(88) Pause Init Mark (unload classes)
[2021-02-28T14:27:45.152+0300][157.724s][info][gc,task        ] GC(88) Using 3 of 3 workers for init marking
[2021-02-28T14:27:45.152+0300][157.725s][info][gc,ergo        ] GC(88) Pacer for Mark. Expected Live: 1845M, Free: 41808B, Non-Taxable: 4180B, Alloc Tax Rate: 56584.2x
[2021-02-28T14:27:45.152+0300][157.725s][info][gc             ] GC(88) Pause Init Mark (unload classes) 0.277ms
[2021-02-28T14:27:45.152+0300][157.725s][info][gc,start       ] GC(88) Concurrent marking (unload classes)
[2021-02-28T14:27:45.152+0300][157.725s][info][gc,task        ] GC(88) Using 1 of 3 workers for concurrent marking
[2021-02-28T14:27:45.196+0300][157.768s][info][gc             ] Failed to allocate TLAB, 2712B
[2021-02-28T14:27:45.196+0300][157.768s][info][gc             ] Cancelling GC: Allocation Failure
[2021-02-28T14:27:45.196+0300][157.768s][info][gc             ] GC(88) Concurrent marking (unload classes) 43.243ms
[2021-02-28T14:27:45.196+0300][157.768s][info][gc,ergo        ] Free: 0B, Max: 0B regular, 0B humongous, Frag: 0% external, 0% internal; Reserve: 44032K, Max: 512K
[2021-02-28T14:27:45.196+0300][157.768s][info][gc,stats       ] 
[2021-02-28T14:27:45.196+0300][157.768s][info][gc,stats       ] All times are wall-clock times, except per-root-class counters, that are sum over
[2021-02-28T14:27:45.196+0300][157.768s][info][gc,stats       ] all workers. Dividing the <total> over the root stage time estimates parallelism.
[2021-02-28T14:27:45.196+0300][157.768s][info][gc,stats       ] 
[2021-02-28T14:27:45.196+0300][157.768s][info][gc,stats       ] Concurrent Reset                    224 us
[2021-02-28T14:27:45.196+0300][157.768s][info][gc,stats       ] Pause Init Mark (G)                 495 us
[2021-02-28T14:27:45.196+0300][157.768s][info][gc,stats       ] Pause Init Mark (N)                 290 us
[2021-02-28T14:27:45.196+0300][157.768s][info][gc,stats       ]   Manage TLABs                        3 us
[2021-02-28T14:27:45.196+0300][157.768s][info][gc,stats       ]   Update Region States               79 us
[2021-02-28T14:27:45.196+0300][157.768s][info][gc,stats       ]   Scan Roots                        132 us, parallelism: 1.12x
[2021-02-28T14:27:45.196+0300][157.768s][info][gc,stats       ]     S: <total>                      148 us
[2021-02-28T14:27:45.196+0300][157.768s][info][gc,stats       ]     S: Thread Roots                 144 us, workers (us):  44,  48,  52, 
[2021-02-28T14:27:45.196+0300][157.768s][info][gc,stats       ]     S: Universe Roots                 2 us, workers (us):   2, ---, ---, 
[2021-02-28T14:27:45.196+0300][157.768s][info][gc,stats       ]     S: Synchronizer Roots             0 us, workers (us): ---,   0, ---, 
[2021-02-28T14:27:45.196+0300][157.768s][info][gc,stats       ]     S: Management Roots               1 us, workers (us): ---,   1, ---, 
[2021-02-28T14:27:45.196+0300][157.768s][info][gc,stats       ]     S: JVMTI Roots                    0 us, workers (us):   0, ---, ---, 
[2021-02-28T14:27:45.196+0300][157.768s][info][gc,stats       ] Concurrent Marking                43266 us
[2021-02-28T14:27:45.196+0300][157.768s][info][gc,stats       ]   Roots                             119 us, parallelism: 0.55x
[2021-02-28T14:27:45.196+0300][157.768s][info][gc,stats       ]     CM: <total>                      65 us
[2021-02-28T14:27:45.196+0300][157.768s][info][gc,stats       ]     CM: JNI Handles Roots             1 us, workers (us):   1, ---, ---, 
[2021-02-28T14:27:45.196+0300][157.768s][info][gc,stats       ]     CM: VM Global Roots               2 us, workers (us):   2, ---, ---, 
[2021-02-28T14:27:45.196+0300][157.768s][info][gc,stats       ]     CM: CLDG Roots                   62 us, workers (us):  62, ---, ---, 
[2021-02-28T14:27:45.196+0300][157.768s][info][gc,stats       ] Pacing                           227128 us
[2021-02-28T14:27:45.196+0300][157.768s][info][gc,stats       ] 
[2021-02-28T14:27:45.196+0300][157.768s][info][gc,stats       ] Allocation pacing accrued:
[2021-02-28T14:27:45.196+0300][157.768s][info][gc,stats       ]      45 of    46 ms ( 97.4%): main
[2021-02-28T14:27:45.196+0300][157.768s][info][gc,stats       ]      38 of    46 ms ( 81.7%): Notification Thread
[2021-02-28T14:27:45.196+0300][157.768s][info][gc,stats       ]      12 of    46 ms ( 25.9%): RMI TCP Connection(2)-172.22.16.1
[2021-02-28T14:27:45.196+0300][157.768s][info][gc,stats       ]      47 of    46 ms (101.1%): RMI TCP Connection(5)-172.22.16.1
[2021-02-28T14:27:45.196+0300][157.768s][info][gc,stats       ]      38 of    46 ms ( 82.1%): RMI TCP Connection(6)-172.22.16.1
[2021-02-28T14:27:45.196+0300][157.768s][info][gc,stats       ]      47 of    46 ms (101.3%): RMI TCP Connection(7)-172.22.16.1
[2021-02-28T14:27:45.196+0300][157.768s][info][gc,stats       ]     227 of    46 ms (489.4%): <total>
[2021-02-28T14:27:45.196+0300][157.768s][info][gc,stats       ]      12 of    46 ms ( 25.8%): <average total>
[2021-02-28T14:27:45.196+0300][157.768s][info][gc,stats       ]      38 of    46 ms ( 81.6%): <average non-zero>
[2021-02-28T14:27:45.196+0300][157.768s][info][gc,stats       ] 
[2021-02-28T14:27:45.196+0300][157.768s][info][gc,metaspace   ] Metaspace: 7043K(7552K)->7043K(7552K) NonClass: 6323K(6656K)->6323K(6656K) Class: 719K(896K)->719K(896K)
[2021-02-28T14:27:45.196+0300][157.768s][info][gc,ergo        ] Pacer for Idle. Initial: 20971K, Alloc Tax Rate: 1.0x
[2021-02-28T14:27:45.199+0300][157.771s][info][gc             ] Trigger: Handle Allocation Failure
[2021-02-28T14:27:45.199+0300][157.771s][info][gc,ergo        ] Free: 0B, Max: 0B regular, 0B humongous, Frag: 0% external, 0% internal; Reserve: 44032K, Max: 512K
[2021-02-28T14:27:45.199+0300][157.771s][info][gc,start       ] GC(89) Pause Degenerated GC (Mark)
[2021-02-28T14:27:45.199+0300][157.771s][info][gc,task        ] GC(89) Using 3 of 3 workers for stw degenerated gc
[2021-02-28T14:27:45.593+0300][158.166s][info][gc,ergo        ] GC(89) Adaptive CSet Selection. Target Free: 145M, Actual Free: 44032K, Max CSet: 43690K, Min Garbage: 102M
[2021-02-28T14:27:45.593+0300][158.166s][info][gc,ergo        ] GC(89) Collectable Garbage: 29608B (100%), Immediate: 0B (0%), CSet: 29608B (100%)
[2021-02-28T14:27:45.593+0300][158.166s][info][gc,ergo        ] GC(89) Pacer for Evacuation. Used CSet: 43518K, Free: 17456B, Non-Taxable: 1745B, Alloc Tax Rate: 6240.1x
[2021-02-28T14:27:45.604+0300][158.176s][info][gc,ergo        ] GC(89) Pacer for Update Refs. Used: 1023M, Free: 17456B, Non-Taxable: 1745B, Alloc Tax Rate: 75155.0x
[2021-02-28T14:27:45.798+0300][158.371s][info][gc,ergo        ] GC(89) Bad progress for free space: 17456B, need 10485K
[2021-02-28T14:27:45.798+0300][158.371s][info][gc             ] GC(89) Cancelling GC: Upgrade To Full GC
[2021-02-28T14:27:45.798+0300][158.372s][info][gc,phases,start] GC(89) Phase 1: Mark live objects
[2021-02-28T14:27:46.216+0300][158.788s][info][gc,phases      ] GC(89) Phase 1: Mark live objects 416.391ms
[2021-02-28T14:27:46.216+0300][158.788s][info][gc,phases,start] GC(89) Phase 2: Compute new object addresses
[2021-02-28T14:27:46.394+0300][158.966s][info][gc,phases      ] GC(89) Phase 2: Compute new object addresses 177.758ms
[2021-02-28T14:27:46.394+0300][158.966s][info][gc,phases,start] GC(89) Phase 3: Adjust pointers
[2021-02-28T14:27:46.590+0300][159.162s][info][gc,phases      ] GC(89) Phase 3: Adjust pointers 196.195ms
[2021-02-28T14:27:46.590+0300][159.162s][info][gc,phases,start] GC(89) Phase 4: Move objects
[2021-02-28T14:27:46.774+0300][159.347s][info][gc,phases      ] GC(89) Phase 4: Move objects 184.450ms
[2021-02-28T14:27:46.774+0300][159.347s][info][gc,ergo        ] GC(89) Bad progress for free space: 79576B, need 10485K
[2021-02-28T14:27:46.774+0300][159.347s][info][gc             ] GC(89) Pause Degenerated GC (Mark) 980M->980M(1024M) 1575.691ms
[2021-02-28T14:27:46.774+0300][159.347s][info][gc,ergo        ] Free: 49696B, Max: 32944B regular, 0B humongous, Frag: 0% external, 96% internal; Reserve: 44032K, Max: 512K
[2021-02-28T14:27:46.774+0300][159.347s][info][gc,stats       ] 
[2021-02-28T14:27:46.774+0300][159.347s][info][gc,stats       ] All times are wall-clock times, except per-root-class counters, that are sum over
[2021-02-28T14:27:46.774+0300][159.347s][info][gc,stats       ] all workers. Dividing the <total> over the root stage time estimates parallelism.
[2021-02-28T14:27:46.774+0300][159.347s][info][gc,stats       ] 
[2021-02-28T14:27:46.774+0300][159.347s][info][gc,stats       ]   Finish Queues                  393870 us
[2021-02-28T14:27:46.774+0300][159.347s][info][gc,stats       ]   System Purge                       87 us
[2021-02-28T14:27:46.774+0300][159.347s][info][gc,stats       ]     Unload Classes                  573 us
[2021-02-28T14:27:46.774+0300][159.347s][info][gc,stats       ]     Weak Roots                       87 us
[2021-02-28T14:27:46.774+0300][159.347s][info][gc,stats       ]     CLDG                              0 us
[2021-02-28T14:27:46.774+0300][159.347s][info][gc,stats       ]   Update Region States               97 us
[2021-02-28T14:27:46.774+0300][159.347s][info][gc,stats       ]   Manage GC/TLABs                     4 us
[2021-02-28T14:27:46.774+0300][159.347s][info][gc,stats       ]   Choose Collection Set             125 us
[2021-02-28T14:27:46.774+0300][159.347s][info][gc,stats       ]   Rebuild Free Set                   22 us
[2021-02-28T14:27:46.774+0300][159.347s][info][gc,stats       ]   Initial Evacuation                 15 us
[2021-02-28T14:27:46.774+0300][159.347s][info][gc,stats       ]   Manage GCLABs                       2 us
[2021-02-28T14:27:46.774+0300][159.347s][info][gc,stats       ]   Finish Work                    194194 us
[2021-02-28T14:27:46.774+0300][159.347s][info][gc,stats       ]   Update Region States               28 us
[2021-02-28T14:27:46.774+0300][159.347s][info][gc,stats       ]   Trash Collection Set                3 us
[2021-02-28T14:27:46.774+0300][159.347s][info][gc,stats       ]   Rebuild Free Set                   24 us
[2021-02-28T14:27:46.774+0300][159.347s][info][gc,stats       ] Pause Degenerated GC (G)        1575931 us
[2021-02-28T14:27:46.774+0300][159.347s][info][gc,stats       ] Pause Degenerated GC (N)        1575705 us
[2021-02-28T14:27:46.774+0300][159.347s][info][gc,stats       ]   Degen Mark Roots                   95 us, parallelism: 0.28x
[2021-02-28T14:27:46.774+0300][159.347s][info][gc,stats       ]     DM: <total>                      26 us
[2021-02-28T14:27:46.774+0300][159.347s][info][gc,stats       ]     DM: JNI Handles Roots             1 us, workers (us):   1,   0,   0, 
[2021-02-28T14:27:46.774+0300][159.347s][info][gc,stats       ]     DM: VM Global Roots               2 us, workers (us):   1,   0,   0, 
[2021-02-28T14:27:46.774+0300][159.347s][info][gc,stats       ]     DM: CLDG Roots                   23 us, workers (us):  23, ---, ---, 
[2021-02-28T14:27:46.774+0300][159.347s][info][gc,stats       ]   Degen Update Roots                803 us, parallelism: 2.27x
[2021-02-28T14:27:46.774+0300][159.347s][info][gc,stats       ]     DU: <total>                    1821 us
[2021-02-28T14:27:46.774+0300][159.347s][info][gc,stats       ]     DU: Thread Roots                102 us, workers (us):   1, 100,   1, 
[2021-02-28T14:27:46.774+0300][159.347s][info][gc,stats       ]     DU: Code Cache Roots           1624 us, workers (us): 659, 408, 557, 
[2021-02-28T14:27:46.774+0300][159.347s][info][gc,stats       ]     DU: Universe Roots                1 us, workers (us):   1, ---, ---, 
[2021-02-28T14:27:46.774+0300][159.347s][info][gc,stats       ]     DU: JNI Handles Roots             2 us, workers (us):   0,   1,   0, 
[2021-02-28T14:27:46.774+0300][159.347s][info][gc,stats       ]     DU: JVMTI Weak Roots              0 us, workers (us): ---,   0, ---, 
[2021-02-28T14:27:46.774+0300][159.347s][info][gc,stats       ]     DU: JFR Weak Roots                0 us, workers (us): ---, ---,   0, 
[2021-02-28T14:27:46.774+0300][159.347s][info][gc,stats       ]     DU: JNI Weak Roots                0 us, workers (us):   0,   0,   0, 
[2021-02-28T14:27:46.774+0300][159.347s][info][gc,stats       ]     DU: String Table Roots           62 us, workers (us):  20,  21,  21, 
[2021-02-28T14:27:46.774+0300][159.347s][info][gc,stats       ]     DU: Resolved Table Roots          5 us, workers (us):   2,   1,   1, 
[2021-02-28T14:27:46.774+0300][159.347s][info][gc,stats       ]     DU: VM Global Roots               2 us, workers (us):   1,   0,   1, 
[2021-02-28T14:27:46.774+0300][159.347s][info][gc,stats       ]     DU: VM Weak Roots                 2 us, workers (us):   0,   1,   1, 
[2021-02-28T14:27:46.774+0300][159.347s][info][gc,stats       ]     DU: Synchronizer Roots            0 us, workers (us): ---,   0, ---, 
[2021-02-28T14:27:46.774+0300][159.347s][info][gc,stats       ]     DU: Management Roots              1 us, workers (us):   1, ---, ---, 
[2021-02-28T14:27:46.774+0300][159.347s][info][gc,stats       ]     DU: CLDG Roots                   20 us, workers (us): ---,  20, ---, 
[2021-02-28T14:27:46.774+0300][159.347s][info][gc,stats       ]     DU: JVMTI Roots                   0 us, workers (us): ---,   0, ---, 
[2021-02-28T14:27:46.774+0300][159.347s][info][gc,stats       ]   Pre Heap Dump                       0 us
[2021-02-28T14:27:46.774+0300][159.347s][info][gc,stats       ]   Prepare                           519 us
[2021-02-28T14:27:46.774+0300][159.347s][info][gc,stats       ]   Scan Roots                         96 us, parallelism: 1.93x
[2021-02-28T14:27:46.774+0300][159.347s][info][gc,stats       ]     FS: <total>                     186 us
[2021-02-28T14:27:46.774+0300][159.347s][info][gc,stats       ]     FS: Thread Roots                180 us, workers (us):  52,  52,  76, 
[2021-02-28T14:27:46.774+0300][159.347s][info][gc,stats       ]     FS: Universe Roots                2 us, workers (us):   2, ---, ---, 
[2021-02-28T14:27:46.774+0300][159.347s][info][gc,stats       ]     FS: Synchronizer Roots            1 us, workers (us): ---,   1, ---, 
[2021-02-28T14:27:46.774+0300][159.347s][info][gc,stats       ]     FS: Management Roots              3 us, workers (us): ---, ---,   3, 
[2021-02-28T14:27:46.774+0300][159.347s][info][gc,stats       ]     FS: JVMTI Roots                   0 us, workers (us): ---,   0, ---, 
[2021-02-28T14:27:46.774+0300][159.347s][info][gc,stats       ]   Scan Concurrent Roots              69 us, parallelism: 0.74x
[2021-02-28T14:27:46.774+0300][159.347s][info][gc,stats       ]     FCS: <total>                     51 us
[2021-02-28T14:27:46.774+0300][159.347s][info][gc,stats       ]     FCS: JNI Handles Roots            2 us, workers (us):   1,   0,   0, 
[2021-02-28T14:27:46.774+0300][159.347s][info][gc,stats       ]     FCS: VM Global Roots              3 us, workers (us):   1,   2,   0, 
[2021-02-28T14:27:46.774+0300][159.347s][info][gc,stats       ]     FCS: CLDG Roots                  46 us, workers (us): ---, ---,  46, 
[2021-02-28T14:27:46.774+0300][159.348s][info][gc,stats       ]   Mark                           416344 us
[2021-02-28T14:27:46.774+0300][159.348s][info][gc,stats       ]     Finish Queues                415309 us
[2021-02-28T14:27:46.774+0300][159.348s][info][gc,stats       ]     Weak References                 175 us
[2021-02-28T14:27:46.774+0300][159.348s][info][gc,stats       ]       Process                       170 us
[2021-02-28T14:27:46.774+0300][159.348s][info][gc,stats       ]     System Purge                     86 us
[2021-02-28T14:27:46.774+0300][159.348s][info][gc,stats       ]       Unload Classes                581 us
[2021-02-28T14:27:46.774+0300][159.348s][info][gc,stats       ]       Weak Roots                     86 us
[2021-02-28T14:27:46.774+0300][159.348s][info][gc,stats       ]       CLDG                            0 us
[2021-02-28T14:27:46.774+0300][159.348s][info][gc,stats       ]   Calculate Addresses            177743 us
[2021-02-28T14:27:46.774+0300][159.348s][info][gc,stats       ]     Regular Objects              177707 us
[2021-02-28T14:27:46.774+0300][159.348s][info][gc,stats       ]     Humongous Objects                16 us
[2021-02-28T14:27:46.774+0300][159.348s][info][gc,stats       ]   Adjust Pointers                196181 us
[2021-02-28T14:27:46.774+0300][159.348s][info][gc,stats       ]     FA: <total>                    1638 us
[2021-02-28T14:27:46.774+0300][159.348s][info][gc,stats       ]     FA: Thread Roots                 88 us, workers (us):   1,  68,  19, 
[2021-02-28T14:27:46.774+0300][159.348s][info][gc,stats       ]     FA: Code Cache Roots           1438 us, workers (us): 535, 404, 499, 
[2021-02-28T14:27:46.774+0300][159.348s][info][gc,stats       ]     FA: Universe Roots                1 us, workers (us):   1, ---, ---, 
[2021-02-28T14:27:46.774+0300][159.348s][info][gc,stats       ]     FA: JNI Handles Roots             2 us, workers (us):   0,   0,   2, 
[2021-02-28T14:27:46.774+0300][159.348s][info][gc,stats       ]     FA: JVMTI Weak Roots              0 us, workers (us):   0, ---, ---, 
[2021-02-28T14:27:46.774+0300][159.348s][info][gc,stats       ]     FA: JFR Weak Roots                1 us, workers (us):   1, ---, ---, 
[2021-02-28T14:27:46.774+0300][159.348s][info][gc,stats       ]     FA: String Table Roots           61 us, workers (us):  21,  19,  21, 
[2021-02-28T14:27:46.776+0300][159.348s][info][gc,stats       ]     FA: Resolved Table Roots          5 us, workers (us):   1,   2,   1, 
[2021-02-28T14:27:46.776+0300][159.348s][info][gc,stats       ]     FA: VM Global Roots               2 us, workers (us):   1,   2,   0, 
[2021-02-28T14:27:46.776+0300][159.348s][info][gc,stats       ]     FA: VM Weak Roots                 2 us, workers (us):   1,   0,   1, 
[2021-02-28T14:27:46.776+0300][159.348s][info][gc,stats       ]     FA: Synchronizer Roots            0 us, workers (us):   0, ---, ---, 
[2021-02-28T14:27:46.776+0300][159.348s][info][gc,stats       ]     FA: Management Roots              1 us, workers (us): ---,   1, ---, 
[2021-02-28T14:27:46.776+0300][159.348s][info][gc,stats       ]     FA: CLDG Roots                   36 us, workers (us): ---,  36, ---, 
[2021-02-28T14:27:46.776+0300][159.348s][info][gc,stats       ]     FA: JVMTI Roots                   0 us, workers (us): ---, ---,   0, 
[2021-02-28T14:27:46.776+0300][159.348s][info][gc,stats       ]   Copy Objects                   184437 us
[2021-02-28T14:27:46.776+0300][159.348s][info][gc,stats       ]     Regular Objects              183876 us
[2021-02-28T14:27:46.776+0300][159.348s][info][gc,stats       ]     Humongous Objects                13 us
[2021-02-28T14:27:46.776+0300][159.348s][info][gc,stats       ]     Reset Complete Bitmap           499 us
[2021-02-28T14:27:46.776+0300][159.348s][info][gc,stats       ]     Rebuild Region Sets              48 us
[2021-02-28T14:27:46.776+0300][159.348s][info][gc,stats       ]   Post Heap Dump                      1 us
[2021-02-28T14:27:46.776+0300][159.348s][info][gc,stats       ] Pacing                          1602951 us
[2021-02-28T14:27:46.776+0300][159.348s][info][gc,stats       ] 
[2021-02-28T14:27:46.776+0300][159.348s][info][gc,stats       ] Allocation pacing accrued:
[2021-02-28T14:27:46.776+0300][159.348s][info][gc,stats       ]    1581 of  1580 ms (100.1%): main
[2021-02-28T14:27:46.776+0300][159.348s][info][gc,stats       ]      11 of  1580 ms (  0.7%): Notification Thread
[2021-02-28T14:27:46.776+0300][159.348s][info][gc,stats       ]      11 of  1580 ms (  0.7%): RMI TCP Connection(6)-172.22.16.1
[2021-02-28T14:27:46.776+0300][159.348s][info][gc,stats       ]    1603 of  1580 ms (101.5%): <total>
[2021-02-28T14:27:46.776+0300][159.348s][info][gc,stats       ]      84 of  1580 ms (  5.3%): <average total>
[2021-02-28T14:27:46.776+0300][159.348s][info][gc,stats       ]     534 of  1580 ms ( 33.8%): <average non-zero>
[2021-02-28T14:27:46.776+0300][159.348s][info][gc,stats       ] 
[2021-02-28T14:27:46.776+0300][159.348s][info][gc,metaspace   ] Metaspace: 7043K(7552K)->7043K(7552K) NonClass: 6323K(6656K)->6323K(6656K) Class: 719K(896K)->719K(896K)
[2021-02-28T14:27:46.776+0300][159.348s][info][gc,ergo        ] Pacer for Idle. Initial: 20971K, Alloc Tax Rate: 1.0x
[2021-02-28T14:27:46.778+0300][159.350s][info][gc             ] Trigger: Free (40048B) is below minimum threshold (102M)
[2021-02-28T14:27:46.778+0300][159.350s][info][gc,ergo        ] Free: 40048B, Max: 32944B regular, 0B humongous, Frag: 0% external, 97% internal; Reserve: 44032K, Max: 512K
[2021-02-28T14:27:46.778+0300][159.350s][info][gc,start       ] GC(90) Concurrent reset
[2021-02-28T14:27:46.778+0300][159.350s][info][gc,task        ] GC(90) Using 1 of 3 workers for concurrent reset
[2021-02-28T14:27:46.778+0300][159.350s][info][gc,ergo        ] GC(90) Pacer for Reset. Non-Taxable: 1024M
[2021-02-28T14:27:46.778+0300][159.350s][info][gc             ] GC(90) Concurrent reset 0.224ms
[2021-02-28T14:27:46.778+0300][159.350s][info][gc,start       ] GC(90) Pause Init Mark (process weakrefs) (unload classes)
[2021-02-28T14:27:46.778+0300][159.350s][info][gc,task        ] GC(90) Using 3 of 3 workers for init marking
[2021-02-28T14:27:46.778+0300][159.351s][info][gc,ergo        ] GC(90) Pacer for Mark. Expected Live: 1846M, Free: 40048B, Non-Taxable: 4004B, Alloc Tax Rate: 59089.3x
[2021-02-28T14:27:46.778+0300][159.351s][info][gc             ] GC(90) Pause Init Mark (process weakrefs) (unload classes) 0.282ms
[2021-02-28T14:27:46.778+0300][159.351s][info][gc,start       ] GC(90) Concurrent marking (process weakrefs) (unload classes)
[2021-02-28T14:27:46.778+0300][159.351s][info][gc,task        ] GC(90) Using 1 of 3 workers for concurrent marking
[2021-02-28T14:27:46.817+0300][159.389s][info][gc             ] Failed to allocate TLAB, 2648B
[2021-02-28T14:27:46.817+0300][159.389s][info][gc             ] Cancelling GC: Allocation Failure
[2021-02-28T14:27:46.817+0300][159.389s][info][gc             ] GC(90) Concurrent marking (process weakrefs) (unload classes) 38.207ms
[2021-02-28T14:27:46.817+0300][159.389s][info][gc,ergo        ] Free: 0B, Max: 0B regular, 0B humongous, Frag: 0% external, 0% internal; Reserve: 44032K, Max: 512K
[2021-02-28T14:27:46.817+0300][159.389s][info][gc,stats       ] 
[2021-02-28T14:27:46.817+0300][159.389s][info][gc,stats       ] All times are wall-clock times, except per-root-class counters, that are sum over
[2021-02-28T14:27:46.817+0300][159.389s][info][gc,stats       ] all workers. Dividing the <total> over the root stage time estimates parallelism.
[2021-02-28T14:27:46.817+0300][159.389s][info][gc,stats       ] 
[2021-02-28T14:27:46.817+0300][159.389s][info][gc,stats       ] Concurrent Reset                    246 us
[2021-02-28T14:27:46.817+0300][159.389s][info][gc,stats       ] Pause Init Mark (G)                 532 us
[2021-02-28T14:27:46.817+0300][159.389s][info][gc,stats       ] Pause Init Mark (N)                 296 us
[2021-02-28T14:27:46.817+0300][159.389s][info][gc,stats       ]   Manage TLABs                        2 us
[2021-02-28T14:27:46.817+0300][159.389s][info][gc,stats       ]   Update Region States               86 us
[2021-02-28T14:27:46.817+0300][159.389s][info][gc,stats       ]   Scan Roots                        130 us, parallelism: 0.98x
[2021-02-28T14:27:46.817+0300][159.389s][info][gc,stats       ]     S: <total>                      127 us
[2021-02-28T14:27:46.817+0300][159.389s][info][gc,stats       ]     S: Thread Roots                 124 us, workers (us):  57,  42,  25, 
[2021-02-28T14:27:46.817+0300][159.389s][info][gc,stats       ]     S: Universe Roots                 2 us, workers (us):   2, ---, ---, 
[2021-02-28T14:27:46.817+0300][159.389s][info][gc,stats       ]     S: Synchronizer Roots             0 us, workers (us):   0, ---, ---, 
[2021-02-28T14:27:46.817+0300][159.389s][info][gc,stats       ]     S: Management Roots               1 us, workers (us):   1, ---, ---, 
[2021-02-28T14:27:46.817+0300][159.389s][info][gc,stats       ]     S: JVMTI Roots                    0 us, workers (us):   0, ---, ---, 
[2021-02-28T14:27:46.817+0300][159.389s][info][gc,stats       ] Concurrent Marking                38230 us
[2021-02-28T14:27:46.817+0300][159.389s][info][gc,stats       ]   Roots                             118 us, parallelism: 0.53x
[2021-02-28T14:27:46.817+0300][159.389s][info][gc,stats       ]     CM: <total>                      62 us
[2021-02-28T14:27:46.817+0300][159.389s][info][gc,stats       ]     CM: JNI Handles Roots             2 us, workers (us):   2, ---, ---, 
[2021-02-28T14:27:46.817+0300][159.389s][info][gc,stats       ]     CM: VM Global Roots               2 us, workers (us):   2, ---, ---, 
[2021-02-28T14:27:46.817+0300][159.389s][info][gc,stats       ]     CM: CLDG Roots                   58 us, workers (us):  58, ---, ---, 
[2021-02-28T14:27:46.817+0300][159.389s][info][gc,stats       ] Pacing                           185337 us
[2021-02-28T14:27:46.817+0300][159.389s][info][gc,stats       ] 
[2021-02-28T14:27:46.817+0300][159.389s][info][gc,stats       ] Allocation pacing accrued:
[2021-02-28T14:27:46.817+0300][159.389s][info][gc,stats       ]      42 of    41 ms (101.6%): main
[2021-02-28T14:27:46.817+0300][159.389s][info][gc,stats       ]      36 of    41 ms ( 86.8%): Notification Thread
[2021-02-28T14:27:46.817+0300][159.389s][info][gc,stats       ]      36 of    41 ms ( 86.6%): RMI TCP Connection(5)-172.22.16.1
[2021-02-28T14:27:46.817+0300][159.389s][info][gc,stats       ]      36 of    41 ms ( 86.8%): RMI TCP Connection(6)-172.22.16.1
[2021-02-28T14:27:46.817+0300][159.389s][info][gc,stats       ]      36 of    41 ms ( 86.8%): RMI TCP Connection(7)-172.22.16.1
[2021-02-28T14:27:46.817+0300][159.389s][info][gc,stats       ]     185 of    41 ms (448.6%): <total>
[2021-02-28T14:27:46.817+0300][159.389s][info][gc,stats       ]      10 of    41 ms ( 23.6%): <average total>
[2021-02-28T14:27:46.817+0300][159.389s][info][gc,stats       ]      37 of    41 ms ( 89.7%): <average non-zero>
[2021-02-28T14:27:46.817+0300][159.389s][info][gc,stats       ] 
[2021-02-28T14:27:46.817+0300][159.389s][info][gc,metaspace   ] Metaspace: 7043K(7552K)->7047K(7552K) NonClass: 6323K(6656K)->6326K(6656K) Class: 719K(896K)->720K(896K)
[2021-02-28T14:27:46.817+0300][159.389s][info][gc,ergo        ] Pacer for Idle. Initial: 20971K, Alloc Tax Rate: 1.0x
[2021-02-28T14:27:46.820+0300][159.392s][info][gc             ] Trigger: Handle Allocation Failure
[2021-02-28T14:27:46.820+0300][159.392s][info][gc,ergo        ] Free: 0B, Max: 0B regular, 0B humongous, Frag: 0% external, 0% internal; Reserve: 44032K, Max: 512K
[2021-02-28T14:27:46.820+0300][159.392s][info][gc,start       ] GC(91) Pause Degenerated GC (Mark)
[2021-02-28T14:27:46.820+0300][159.392s][info][gc,task        ] GC(91) Using 3 of 3 workers for stw degenerated gc
[2021-02-28T14:27:47.222+0300][159.796s][info][gc,ergo        ] GC(91) Adaptive CSet Selection. Target Free: 145M, Actual Free: 44032K, Max CSet: 43690K, Min Garbage: 102M
[2021-02-28T14:27:47.223+0300][159.796s][info][gc,ergo        ] GC(91) Collectable Garbage: 7536B (100%), Immediate: 0B (0%), CSet: 7536B (100%)
[2021-02-28T14:27:47.223+0300][159.796s][info][gc,ergo        ] GC(91) Pacer for Evacuation. Used CSet: 43517K, Free: 15792B, Non-Taxable: 1579B, Alloc Tax Rate: 6897.6x
[2021-02-28T14:27:47.234+0300][159.806s][info][gc,ergo        ] GC(91) Pacer for Update Refs. Used: 1023M, Free: 15792B, Non-Taxable: 1579B, Alloc Tax Rate: 83076.1x
[2021-02-28T14:27:47.408+0300][159.980s][info][gc,ergo        ] GC(91) Bad progress for free space: 15792B, need 10485K
[2021-02-28T14:27:47.408+0300][159.980s][info][gc             ] GC(91) Cancelling GC: Upgrade To Full GC
[2021-02-28T14:27:47.408+0300][159.981s][info][gc,phases,start] GC(91) Phase 1: Mark live objects
[2021-02-28T14:27:47.826+0300][160.399s][info][gc,phases      ] GC(91) Phase 1: Mark live objects 418.459ms
[2021-02-28T14:27:47.826+0300][160.399s][info][gc,phases,start] GC(91) Phase 2: Compute new object addresses
[2021-02-28T14:27:48.004+0300][160.576s][info][gc,phases      ] GC(91) Phase 2: Compute new object addresses 176.984ms
[2021-02-28T14:27:48.004+0300][160.576s][info][gc,phases,start] GC(91) Phase 3: Adjust pointers
[2021-02-28T14:27:48.205+0300][160.778s][info][gc,phases      ] GC(91) Phase 3: Adjust pointers 201.460ms
[2021-02-28T14:27:48.205+0300][160.778s][info][gc,phases,start] GC(91) Phase 4: Move objects
[2021-02-28T14:27:48.388+0300][160.961s][info][gc,phases      ] GC(91) Phase 4: Move objects 182.869ms
[2021-02-28T14:27:48.388+0300][160.961s][info][gc,ergo        ] GC(91) Bad progress for free space: 52608B, need 10485K
[2021-02-28T14:27:48.388+0300][160.961s][info][gc             ] GC(91) Pause Degenerated GC (Mark) 980M->980M(1024M) 1568.779ms
[2021-02-28T14:27:48.388+0300][160.961s][info][gc,ergo        ] Free: 28816B, Max: 13152B regular, 0B humongous, Frag: 0% external, 99% internal; Reserve: 44032K, Max: 512K
[2021-02-28T14:27:48.388+0300][160.961s][info][gc,stats       ] 
[2021-02-28T14:27:48.388+0300][160.961s][info][gc,stats       ] All times are wall-clock times, except per-root-class counters, that are sum over
[2021-02-28T14:27:48.388+0300][160.961s][info][gc,stats       ] all workers. Dividing the <total> over the root stage time estimates parallelism.
[2021-02-28T14:27:48.388+0300][160.961s][info][gc,stats       ] 
[2021-02-28T14:27:48.388+0300][160.961s][info][gc,stats       ]   Finish Queues                  402522 us
[2021-02-28T14:27:48.388+0300][160.961s][info][gc,stats       ]   Weak References                   179 us
[2021-02-28T14:27:48.388+0300][160.961s][info][gc,stats       ]     Process                         173 us
[2021-02-28T14:27:48.388+0300][160.961s][info][gc,stats       ]   System Purge                       89 us
[2021-02-28T14:27:48.388+0300][160.961s][info][gc,stats       ]     Unload Classes                  570 us
[2021-02-28T14:27:48.388+0300][160.961s][info][gc,stats       ]     Weak Roots                       89 us
[2021-02-28T14:27:48.388+0300][160.961s][info][gc,stats       ]     CLDG                              0 us
[2021-02-28T14:27:48.388+0300][160.961s][info][gc,stats       ]   Update Region States               47 us
[2021-02-28T14:27:48.388+0300][160.961s][info][gc,stats       ]   Manage GC/TLABs                     3 us
[2021-02-28T14:27:48.388+0300][160.961s][info][gc,stats       ]   Choose Collection Set             126 us
[2021-02-28T14:27:48.388+0300][160.961s][info][gc,stats       ]   Rebuild Free Set                   22 us
[2021-02-28T14:27:48.388+0300][160.961s][info][gc,stats       ]   Initial Evacuation                 18 us
[2021-02-28T14:27:48.388+0300][160.961s][info][gc,stats       ]   Manage GCLABs                       2 us
[2021-02-28T14:27:48.388+0300][160.961s][info][gc,stats       ]   Finish Work                    173474 us
[2021-02-28T14:27:48.388+0300][160.961s][info][gc,stats       ]   Update Region States               89 us
[2021-02-28T14:27:48.388+0300][160.961s][info][gc,stats       ]   Trash Collection Set                3 us
[2021-02-28T14:27:48.388+0300][160.961s][info][gc,stats       ]   Rebuild Free Set                   25 us
[2021-02-28T14:27:48.388+0300][160.961s][info][gc,stats       ] Pause Degenerated GC (G)        1569046 us
[2021-02-28T14:27:48.388+0300][160.961s][info][gc,stats       ] Pause Degenerated GC (N)        1568793 us
[2021-02-28T14:27:48.388+0300][160.961s][info][gc,stats       ]   Degen Mark Roots                  112 us, parallelism: 0.23x
[2021-02-28T14:27:48.388+0300][160.961s][info][gc,stats       ]     DM: <total>                      26 us
[2021-02-28T14:27:48.388+0300][160.961s][info][gc,stats       ]     DM: JNI Handles Roots             1 us, workers (us):   1,   0,   0, 
[2021-02-28T14:27:48.388+0300][160.961s][info][gc,stats       ]     DM: VM Global Roots               2 us, workers (us):   1,   1,   0, 
[2021-02-28T14:27:48.388+0300][160.961s][info][gc,stats       ]     DM: CLDG Roots                   23 us, workers (us):  23, ---, ---, 
[2021-02-28T14:27:48.388+0300][160.961s][info][gc,stats       ]   Degen Update Roots                762 us, parallelism: 2.19x
[2021-02-28T14:27:48.388+0300][160.961s][info][gc,stats       ]     DU: <total>                    1669 us
[2021-02-28T14:27:48.388+0300][160.961s][info][gc,stats       ]     DU: Thread Roots                150 us, workers (us): 134,  15,   1, 
[2021-02-28T14:27:48.388+0300][160.961s][info][gc,stats       ]     DU: Code Cache Roots           1434 us, workers (us): 405, 496, 532, 
[2021-02-28T14:27:48.388+0300][160.961s][info][gc,stats       ]     DU: Universe Roots                1 us, workers (us):   1, ---, ---, 
[2021-02-28T14:27:48.388+0300][160.961s][info][gc,stats       ]     DU: JNI Handles Roots             1 us, workers (us):   1,   0,   0, 
[2021-02-28T14:27:48.388+0300][160.961s][info][gc,stats       ]     DU: JVMTI Weak Roots              0 us, workers (us):   0, ---, ---, 
[2021-02-28T14:27:48.388+0300][160.961s][info][gc,stats       ]     DU: JFR Weak Roots                0 us, workers (us):   0, ---, ---, 
[2021-02-28T14:27:48.388+0300][160.961s][info][gc,stats       ]     DU: String Table Roots           56 us, workers (us):  39,  14,   2, 
[2021-02-28T14:27:48.388+0300][160.961s][info][gc,stats       ]     DU: Resolved Table Roots          5 us, workers (us):   2,   1,   1, 
[2021-02-28T14:27:48.388+0300][160.961s][info][gc,stats       ]     DU: VM Global Roots               1 us, workers (us):   1,   0,   0, 
[2021-02-28T14:27:48.388+0300][160.961s][info][gc,stats       ]     DU: VM Weak Roots                 2 us, workers (us):   0,   1,   1, 
[2021-02-28T14:27:48.388+0300][160.962s][info][gc,stats       ]     DU: Synchronizer Roots            0 us, workers (us):   0, ---, ---, 
[2021-02-28T14:27:48.388+0300][160.962s][info][gc,stats       ]     DU: Management Roots              1 us, workers (us):   1, ---, ---, 
[2021-02-28T14:27:48.388+0300][160.962s][info][gc,stats       ]     DU: CLDG Roots                   18 us, workers (us):  18, ---, ---, 
[2021-02-28T14:27:48.388+0300][160.962s][info][gc,stats       ]     DU: JVMTI Roots                   0 us, workers (us):   0, ---, ---, 
[2021-02-28T14:27:48.388+0300][160.962s][info][gc,stats       ]   Pre Heap Dump                       0 us
[2021-02-28T14:27:48.388+0300][160.962s][info][gc,stats       ]   Prepare                           514 us
[2021-02-28T14:27:48.388+0300][160.962s][info][gc,stats       ]   Scan Roots                        141 us, parallelism: 1.07x
[2021-02-28T14:27:48.388+0300][160.962s][info][gc,stats       ]     FS: <total>                     150 us
[2021-02-28T14:27:48.388+0300][160.962s][info][gc,stats       ]     FS: Thread Roots                146 us, workers (us):  65,  33,  48, 
[2021-02-28T14:27:48.388+0300][160.962s][info][gc,stats       ]     FS: Universe Roots                2 us, workers (us):   2, ---, ---, 
[2021-02-28T14:27:48.388+0300][160.962s][info][gc,stats       ]     FS: Synchronizer Roots            0 us, workers (us):   0, ---, ---, 
[2021-02-28T14:27:48.388+0300][160.962s][info][gc,stats       ]     FS: Management Roots              1 us, workers (us):   1, ---, ---, 
[2021-02-28T14:27:48.388+0300][160.962s][info][gc,stats       ]     FS: JVMTI Roots                   0 us, workers (us):   0, ---, ---, 
[2021-02-28T14:27:48.388+0300][160.962s][info][gc,stats       ]   Scan Concurrent Roots             108 us, parallelism: 0.46x
[2021-02-28T14:27:48.388+0300][160.962s][info][gc,stats       ]     FCS: <total>                     49 us
[2021-02-28T14:27:48.388+0300][160.962s][info][gc,stats       ]     FCS: JNI Handles Roots            2 us, workers (us):   1,   0,   0, 
[2021-02-28T14:27:48.388+0300][160.962s][info][gc,stats       ]     FCS: VM Global Roots              2 us, workers (us):   2,   0,   0, 
[2021-02-28T14:27:48.388+0300][160.962s][info][gc,stats       ]     FCS: CLDG Roots                  46 us, workers (us):  46, ---, ---, 
[2021-02-28T14:27:48.388+0300][160.962s][info][gc,stats       ]   Mark                           418415 us
[2021-02-28T14:27:48.388+0300][160.962s][info][gc,stats       ]     Finish Queues                417350 us
[2021-02-28T14:27:48.390+0300][160.962s][info][gc,stats       ]     Weak References                 173 us
[2021-02-28T14:27:48.390+0300][160.962s][info][gc,stats       ]       Process                       167 us
[2021-02-28T14:27:48.390+0300][160.962s][info][gc,stats       ]     System Purge                     53 us
[2021-02-28T14:27:48.390+0300][160.962s][info][gc,stats       ]       Unload Classes                572 us
[2021-02-28T14:27:48.390+0300][160.962s][info][gc,stats       ]       Weak Roots                     52 us
[2021-02-28T14:27:48.390+0300][160.962s][info][gc,stats       ]       CLDG                            0 us
[2021-02-28T14:27:48.390+0300][160.962s][info][gc,stats       ]   Calculate Addresses            176970 us
[2021-02-28T14:27:48.390+0300][160.962s][info][gc,stats       ]     Regular Objects              176935 us
[2021-02-28T14:27:48.390+0300][160.962s][info][gc,stats       ]     Humongous Objects                16 us
[2021-02-28T14:27:48.390+0300][160.962s][info][gc,stats       ]   Adjust Pointers                201446 us
[2021-02-28T14:27:48.390+0300][160.962s][info][gc,stats       ]     FA: <total>                    1631 us
[2021-02-28T14:27:48.390+0300][160.962s][info][gc,stats       ]     FA: Thread Roots                 88 us, workers (us):  72,   1,  15, 
[2021-02-28T14:27:48.390+0300][160.962s][info][gc,stats       ]     FA: Code Cache Roots           1440 us, workers (us): 404, 539, 497, 
[2021-02-28T14:27:48.390+0300][160.962s][info][gc,stats       ]     FA: Universe Roots                1 us, workers (us):   1, ---, ---, 
[2021-02-28T14:27:48.390+0300][160.962s][info][gc,stats       ]     FA: JNI Handles Roots             2 us, workers (us):   0,   2,   0, 
[2021-02-28T14:27:48.390+0300][160.962s][info][gc,stats       ]     FA: JVMTI Weak Roots              0 us, workers (us): ---,   0, ---, 
[2021-02-28T14:27:48.390+0300][160.962s][info][gc,stats       ]     FA: JFR Weak Roots                0 us, workers (us):   0, ---, ---, 
[2021-02-28T14:27:48.390+0300][160.962s][info][gc,stats       ]     FA: String Table Roots           54 us, workers (us):  27,  27,   0, 
[2021-02-28T14:27:48.390+0300][160.962s][info][gc,stats       ]     FA: Resolved Table Roots          5 us, workers (us):   2,   2,   0, 
[2021-02-28T14:27:48.390+0300][160.962s][info][gc,stats       ]     FA: VM Global Roots               2 us, workers (us):   1,   0,   0, 
[2021-02-28T14:27:48.390+0300][160.962s][info][gc,stats       ]     FA: VM Weak Roots                 2 us, workers (us):   0,   0,   2, 
[2021-02-28T14:27:48.390+0300][160.962s][info][gc,stats       ]     FA: Synchronizer Roots            0 us, workers (us):   0, ---, ---, 
[2021-02-28T14:27:48.390+0300][160.962s][info][gc,stats       ]     FA: Management Roots              1 us, workers (us):   1, ---, ---, 
[2021-02-28T14:27:48.390+0300][160.962s][info][gc,stats       ]     FA: CLDG Roots                   34 us, workers (us):  34, ---, ---, 
[2021-02-28T14:27:48.390+0300][160.962s][info][gc,stats       ]     FA: JVMTI Roots                   1 us, workers (us): ---,   1, ---, 
[2021-02-28T14:27:48.390+0300][160.962s][info][gc,stats       ]   Copy Objects                   182856 us
[2021-02-28T14:27:48.390+0300][160.962s][info][gc,stats       ]     Regular Objects              182306 us
[2021-02-28T14:27:48.390+0300][160.962s][info][gc,stats       ]     Humongous Objects                12 us
[2021-02-28T14:27:48.390+0300][160.962s][info][gc,stats       ]     Reset Complete Bitmap           488 us
[2021-02-28T14:27:48.390+0300][160.962s][info][gc,stats       ]     Rebuild Region Sets              49 us
[2021-02-28T14:27:48.390+0300][160.962s][info][gc,stats       ]   Post Heap Dump                      1 us
[2021-02-28T14:27:48.390+0300][160.962s][info][gc,stats       ] Pacing                          6312117 us
[2021-02-28T14:27:48.390+0300][160.962s][info][gc,stats       ] 
[2021-02-28T14:27:48.390+0300][160.962s][info][gc,stats       ] Allocation pacing accrued:
[2021-02-28T14:27:48.390+0300][160.962s][info][gc,stats       ]    1578 of  1573 ms (100.3%): Notification Thread
[2021-02-28T14:27:48.390+0300][160.962s][info][gc,stats       ]    1578 of  1573 ms (100.3%): RMI TCP Connection(5)-172.22.16.1
[2021-02-28T14:27:48.390+0300][160.962s][info][gc,stats       ]    1578 of  1573 ms (100.3%): RMI TCP Connection(6)-172.22.16.1
[2021-02-28T14:27:48.390+0300][160.962s][info][gc,stats       ]    1578 of  1573 ms (100.3%): RMI TCP Connection(7)-172.22.16.1
[2021-02-28T14:27:48.390+0300][160.962s][info][gc,stats       ]    6312 of  1573 ms (401.3%): <total>
[2021-02-28T14:27:48.390+0300][160.962s][info][gc,stats       ]     332 of  1573 ms ( 21.1%): <average total>
[2021-02-28T14:27:48.390+0300][160.962s][info][gc,stats       ]    1578 of  1573 ms (100.3%): <average non-zero>
[2021-02-28T14:27:48.390+0300][160.962s][info][gc,stats       ] 
[2021-02-28T14:27:48.390+0300][160.962s][info][gc,metaspace   ] Metaspace: 7047K(7552K)->7050K(7552K) NonClass: 6326K(6656K)->6329K(6656K) Class: 720K(896K)->720K(896K)
[2021-02-28T14:27:48.390+0300][160.962s][info][gc,ergo        ] Pacer for Idle. Initial: 20971K, Alloc Tax Rate: 1.0x
[2021-02-28T14:27:48.392+0300][160.964s][info][gc             ] Trigger: Free (7896B) is below minimum threshold (102M)
[2021-02-28T14:27:48.392+0300][160.964s][info][gc,ergo        ] Free: 7896B, Max: 7896B regular, 0B humongous, Frag: 0% external, 98% internal; Reserve: 44032K, Max: 512K
[2021-02-28T14:27:48.392+0300][160.964s][info][gc,start       ] GC(92) Concurrent reset
[2021-02-28T14:27:48.392+0300][160.964s][info][gc,task        ] GC(92) Using 1 of 3 workers for concurrent reset
[2021-02-28T14:27:48.392+0300][160.964s][info][gc,ergo        ] GC(92) Pacer for Reset. Non-Taxable: 1024M
[2021-02-28T14:27:48.392+0300][160.964s][info][gc             ] GC(92) Concurrent reset 0.192ms
[2021-02-28T14:27:48.392+0300][160.964s][info][gc,start       ] GC(92) Pause Init Mark (unload classes)
[2021-02-28T14:27:48.392+0300][160.964s][info][gc,task        ] GC(92) Using 3 of 3 workers for init marking
[2021-02-28T14:27:48.392+0300][160.965s][info][gc,ergo        ] GC(92) Pacer for Mark. Expected Live: 1846M, Free: 7896B, Non-Taxable: 789B, Alloc Tax Rate: 299749.3x
[2021-02-28T14:27:48.392+0300][160.965s][info][gc             ] GC(92) Pause Init Mark (unload classes) 0.279ms
[2021-02-28T14:27:48.392+0300][160.965s][info][gc,start       ] GC(92) Concurrent marking (unload classes)
[2021-02-28T14:27:48.392+0300][160.965s][info][gc,task        ] GC(92) Using 1 of 3 workers for concurrent marking
[2021-02-28T14:27:48.401+0300][160.973s][info][gc             ] Failed to allocate TLAB, 2712B
[2021-02-28T14:27:48.401+0300][160.973s][info][gc             ] Cancelling GC: Allocation Failure
[2021-02-28T14:27:48.401+0300][160.973s][info][gc             ] GC(92) Concurrent marking (unload classes) 8.209ms
[2021-02-28T14:27:48.401+0300][160.973s][info][gc,ergo        ] Free: 0B, Max: 0B regular, 0B humongous, Frag: 0% external, 0% internal; Reserve: 44032K, Max: 512K
[2021-02-28T14:27:48.401+0300][160.973s][info][gc,stats       ] 
[2021-02-28T14:27:48.401+0300][160.973s][info][gc,stats       ] All times are wall-clock times, except per-root-class counters, that are sum over
[2021-02-28T14:27:48.401+0300][160.973s][info][gc,stats       ] all workers. Dividing the <total> over the root stage time estimates parallelism.
[2021-02-28T14:27:48.401+0300][160.973s][info][gc,stats       ] 
[2021-02-28T14:27:48.401+0300][160.973s][info][gc,stats       ] Concurrent Reset                    214 us
[2021-02-28T14:27:48.401+0300][160.973s][info][gc,stats       ] Pause Init Mark (G)                 529 us
[2021-02-28T14:27:48.401+0300][160.973s][info][gc,stats       ] Pause Init Mark (N)                 293 us
[2021-02-28T14:27:48.401+0300][160.973s][info][gc,stats       ]   Manage TLABs                        2 us
[2021-02-28T14:27:48.401+0300][160.973s][info][gc,stats       ]   Update Region States               76 us
[2021-02-28T14:27:48.401+0300][160.973s][info][gc,stats       ]   Scan Roots                        137 us, parallelism: 1.34x
[2021-02-28T14:27:48.401+0300][160.973s][info][gc,stats       ]     S: <total>                      183 us
[2021-02-28T14:27:48.401+0300][160.973s][info][gc,stats       ]     S: Thread Roots                 179 us, workers (us):  87,  68,  25, 
[2021-02-28T14:27:48.401+0300][160.973s][info][gc,stats       ]     S: Universe Roots                 2 us, workers (us):   2, ---, ---, 
[2021-02-28T14:27:48.401+0300][160.973s][info][gc,stats       ]     S: Synchronizer Roots             0 us, workers (us): ---,   0, ---, 
[2021-02-28T14:27:48.401+0300][160.973s][info][gc,stats       ]     S: Management Roots               1 us, workers (us): ---,   1, ---, 
[2021-02-28T14:27:48.401+0300][160.973s][info][gc,stats       ]     S: JVMTI Roots                    0 us, workers (us):   0, ---, ---, 
[2021-02-28T14:27:48.401+0300][160.973s][info][gc,stats       ] Concurrent Marking                 8232 us
[2021-02-28T14:27:48.401+0300][160.973s][info][gc,stats       ]   Roots                             111 us, parallelism: 0.54x
[2021-02-28T14:27:48.401+0300][160.973s][info][gc,stats       ]     CM: <total>                      61 us
[2021-02-28T14:27:48.401+0300][160.973s][info][gc,stats       ]     CM: JNI Handles Roots             2 us, workers (us):   2, ---, ---, 
[2021-02-28T14:27:48.401+0300][160.973s][info][gc,stats       ]     CM: VM Global Roots               2 us, workers (us):   2, ---, ---, 
[2021-02-28T14:27:48.401+0300][160.973s][info][gc,stats       ]     CM: CLDG Roots                   57 us, workers (us):  57, ---, ---, 
[2021-02-28T14:27:48.401+0300][160.973s][info][gc,stats       ] Pacing                            52746 us
[2021-02-28T14:27:48.401+0300][160.973s][info][gc,stats       ] 
[2021-02-28T14:27:48.401+0300][160.973s][info][gc,stats       ] Allocation pacing accrued:
[2021-02-28T14:27:48.401+0300][160.973s][info][gc,stats       ]      10 of    11 ms ( 88.3%): main
[2021-02-28T14:27:48.401+0300][160.973s][info][gc,stats       ]      10 of    11 ms ( 87.5%): Notification Thread
[2021-02-28T14:27:48.401+0300][160.973s][info][gc,stats       ]      12 of    11 ms (106.1%): RMI TCP Connection(5)-172.22.16.1
[2021-02-28T14:27:48.401+0300][160.973s][info][gc,stats       ]      12 of    11 ms (105.5%): RMI TCP Connection(6)-172.22.16.1
[2021-02-28T14:27:48.401+0300][160.973s][info][gc,stats       ]      10 of    11 ms ( 88.0%): RMI TCP Connection(7)-172.22.16.1
[2021-02-28T14:27:48.401+0300][160.973s][info][gc,stats       ]      53 of    11 ms (475.3%): <total>
[2021-02-28T14:27:48.401+0300][160.973s][info][gc,stats       ]       3 of    11 ms ( 25.0%): <average total>
[2021-02-28T14:27:48.401+0300][160.973s][info][gc,stats       ]      11 of    11 ms ( 95.1%): <average non-zero>
[2021-02-28T14:27:48.401+0300][160.973s][info][gc,stats       ] 
[2021-02-28T14:27:48.401+0300][160.973s][info][gc,metaspace   ] Metaspace: 7050K(7552K)->7050K(7552K) NonClass: 6329K(6656K)->6329K(6656K) Class: 720K(896K)->720K(896K)
[2021-02-28T14:27:48.401+0300][160.973s][info][gc,ergo        ] Pacer for Idle. Initial: 20971K, Alloc Tax Rate: 1.0x
[2021-02-28T14:27:48.404+0300][160.976s][info][gc             ] Trigger: Handle Allocation Failure
[2021-02-28T14:27:48.404+0300][160.976s][info][gc,ergo        ] Free: 0B, Max: 0B regular, 0B humongous, Frag: 0% external, 0% internal; Reserve: 44032K, Max: 512K
[2021-02-28T14:27:48.404+0300][160.976s][info][gc,start       ] GC(93) Pause Degenerated GC (Mark)
[2021-02-28T14:27:48.404+0300][160.976s][info][gc,task        ] GC(93) Using 3 of 3 workers for stw degenerated gc
[2021-02-28T14:27:48.813+0300][161.387s][info][gc,ergo        ] GC(93) Adaptive CSet Selection. Target Free: 145M, Actual Free: 44032K, Max CSet: 43690K, Min Garbage: 102M
[2021-02-28T14:27:48.813+0300][161.387s][info][gc,ergo        ] GC(93) Collectable Garbage: 12840B (100%), Immediate: 0B (0%), CSet: 12840B (100%)
[2021-02-28T14:27:48.813+0300][161.387s][info][gc,ergo        ] GC(93) Pacer for Evacuation. Used CSet: 43519K, Free: 15544B, Non-Taxable: 1554B, Alloc Tax Rate: 7007.8x
[2021-02-28T14:27:48.824+0300][161.396s][info][gc,ergo        ] GC(93) Pacer for Update Refs. Used: 1023M, Free: 15544B, Non-Taxable: 1554B, Alloc Tax Rate: 84400.5x
[2021-02-28T14:27:48.999+0300][161.572s][info][gc,ergo        ] GC(93) Bad progress for free space: 15544B, need 10485K
[2021-02-28T14:27:48.999+0300][161.572s][info][gc             ] GC(93) Cancelling GC: Upgrade To Full GC
[2021-02-28T14:27:48.999+0300][161.572s][info][gc,phases,start] GC(93) Phase 1: Mark live objects
[2021-02-28T14:27:49.417+0300][161.989s][info][gc,phases      ] GC(93) Phase 1: Mark live objects 416.524ms
[2021-02-28T14:27:49.417+0300][161.989s][info][gc,phases,start] GC(93) Phase 2: Compute new object addresses
[2021-02-28T14:27:49.593+0300][162.165s][info][gc,phases      ] GC(93) Phase 2: Compute new object addresses 176.204ms
[2021-02-28T14:27:49.593+0300][162.165s][info][gc,phases,start] GC(93) Phase 3: Adjust pointers
[2021-02-28T14:27:49.791+0300][162.364s][info][gc,phases      ] GC(93) Phase 3: Adjust pointers 198.331ms
[2021-02-28T14:27:49.791+0300][162.364s][info][gc,phases,start] GC(93) Phase 4: Move objects
[2021-02-28T14:27:49.972+0300][162.546s][info][gc,phases      ] GC(93) Phase 4: Move objects 181.953ms
[2021-02-28T14:27:49.972+0300][162.546s][info][gc,ergo        ] GC(93) Bad progress for free space: 549K, need 10485K
[2021-02-28T14:27:49.972+0300][162.546s][info][gc             ] GC(93) Pause Degenerated GC (Mark) 980M->980M(1024M) 1569.587ms
[2021-02-28T14:27:49.973+0300][162.546s][info][gc,ergo        ] Free: 549K, Max: 326K regular, 0B humongous, Frag: 0% external, 99% internal; Reserve: 43520K, Max: 512K
[2021-02-28T14:27:49.973+0300][162.546s][info][gc,stats       ] 
[2021-02-28T14:27:49.973+0300][162.546s][info][gc,stats       ] All times are wall-clock times, except per-root-class counters, that are sum over
[2021-02-28T14:27:49.973+0300][162.546s][info][gc,stats       ] all workers. Dividing the <total> over the root stage time estimates parallelism.
[2021-02-28T14:27:49.973+0300][162.546s][info][gc,stats       ] 
[2021-02-28T14:27:49.973+0300][162.546s][info][gc,stats       ]   Finish Queues                  409519 us
[2021-02-28T14:27:49.973+0300][162.546s][info][gc,stats       ]   System Purge                      100 us
[2021-02-28T14:27:49.973+0300][162.546s][info][gc,stats       ]     Unload Classes                  598 us
[2021-02-28T14:27:49.973+0300][162.546s][info][gc,stats       ]     Weak Roots                       99 us
[2021-02-28T14:27:49.973+0300][162.546s][info][gc,stats       ]     CLDG                              0 us
[2021-02-28T14:27:49.973+0300][162.546s][info][gc,stats       ]   Update Region States               89 us
[2021-02-28T14:27:49.973+0300][162.546s][info][gc,stats       ]   Manage GC/TLABs                     3 us
[2021-02-28T14:27:49.973+0300][162.546s][info][gc,stats       ]   Choose Collection Set             123 us
[2021-02-28T14:27:49.973+0300][162.546s][info][gc,stats       ]   Rebuild Free Set                   22 us
[2021-02-28T14:27:49.973+0300][162.546s][info][gc,stats       ]   Initial Evacuation                 14 us
[2021-02-28T14:27:49.973+0300][162.546s][info][gc,stats       ]   Manage GCLABs                       2 us
[2021-02-28T14:27:49.973+0300][162.546s][info][gc,stats       ]   Finish Work                    174763 us
[2021-02-28T14:27:49.973+0300][162.546s][info][gc,stats       ]   Update Region States               62 us
[2021-02-28T14:27:49.973+0300][162.546s][info][gc,stats       ]   Trash Collection Set                3 us
[2021-02-28T14:27:49.973+0300][162.546s][info][gc,stats       ]   Rebuild Free Set                   25 us
[2021-02-28T14:27:49.973+0300][162.546s][info][gc,stats       ] Pause Degenerated GC (G)        1569815 us
[2021-02-28T14:27:49.973+0300][162.546s][info][gc,stats       ] Pause Degenerated GC (N)        1569602 us
[2021-02-28T14:27:49.973+0300][162.546s][info][gc,stats       ]   Degen Mark Roots                   82 us, parallelism: 0.31x
[2021-02-28T14:27:49.973+0300][162.546s][info][gc,stats       ]     DM: <total>                      26 us
[2021-02-28T14:27:49.973+0300][162.546s][info][gc,stats       ]     DM: JNI Handles Roots             1 us, workers (us):   1,   0,   0, 
[2021-02-28T14:27:49.973+0300][162.546s][info][gc,stats       ]     DM: VM Global Roots               1 us, workers (us):   1,   0,   0, 
[2021-02-28T14:27:49.973+0300][162.546s][info][gc,stats       ]     DM: CLDG Roots                   23 us, workers (us): ---,  23, ---, 
[2021-02-28T14:27:49.973+0300][162.546s][info][gc,stats       ]   Degen Update Roots                741 us, parallelism: 2.32x
[2021-02-28T14:27:49.973+0300][162.546s][info][gc,stats       ]     DU: <total>                    1722 us
[2021-02-28T14:27:49.973+0300][162.546s][info][gc,stats       ]     DU: Thread Roots                134 us, workers (us): 116,  17,   1, 
[2021-02-28T14:27:49.973+0300][162.546s][info][gc,stats       ]     DU: Code Cache Roots           1494 us, workers (us): 395, 522, 577, 
[2021-02-28T14:27:49.973+0300][162.546s][info][gc,stats       ]     DU: Universe Roots                1 us, workers (us):   1, ---, ---, 
[2021-02-28T14:27:49.973+0300][162.546s][info][gc,stats       ]     DU: JNI Handles Roots             1 us, workers (us):   0,   0,   0, 
[2021-02-28T14:27:49.973+0300][162.546s][info][gc,stats       ]     DU: JVMTI Weak Roots              0 us, workers (us):   0, ---, ---, 
[2021-02-28T14:27:49.973+0300][162.546s][info][gc,stats       ]     DU: JFR Weak Roots                0 us, workers (us):   0, ---, ---, 
[2021-02-28T14:27:49.973+0300][162.546s][info][gc,stats       ]     DU: JNI Weak Roots                0 us, workers (us):   0,   0,   0, 
[2021-02-28T14:27:49.973+0300][162.546s][info][gc,stats       ]     DU: String Table Roots           56 us, workers (us):  42,  14,   0, 
[2021-02-28T14:27:49.973+0300][162.546s][info][gc,stats       ]     DU: Resolved Table Roots          4 us, workers (us):   2,   2,   0, 
[2021-02-28T14:27:49.973+0300][162.546s][info][gc,stats       ]     DU: VM Global Roots               1 us, workers (us):   1,   0,   0, 
[2021-02-28T14:27:49.973+0300][162.546s][info][gc,stats       ]     DU: VM Weak Roots                 2 us, workers (us):   1,   1,   0, 
[2021-02-28T14:27:49.973+0300][162.546s][info][gc,stats       ]     DU: Synchronizer Roots            0 us, workers (us):   0, ---, ---, 
[2021-02-28T14:27:49.973+0300][162.546s][info][gc,stats       ]     DU: Management Roots              1 us, workers (us):   1, ---, ---, 
[2021-02-28T14:27:49.973+0300][162.546s][info][gc,stats       ]     DU: CLDG Roots                   27 us, workers (us):  27, ---, ---, 
[2021-02-28T14:27:49.973+0300][162.546s][info][gc,stats       ]     DU: JVMTI Roots                   0 us, workers (us):   0, ---, ---, 
[2021-02-28T14:27:49.973+0300][162.546s][info][gc,stats       ]   Pre Heap Dump                       1 us
[2021-02-28T14:27:49.973+0300][162.546s][info][gc,stats       ]   Prepare                           468 us
[2021-02-28T14:27:49.973+0300][162.546s][info][gc,stats       ]   Scan Roots                        185 us, parallelism: 1.61x
[2021-02-28T14:27:49.973+0300][162.546s][info][gc,stats       ]     FS: <total>                     297 us
[2021-02-28T14:27:49.973+0300][162.546s][info][gc,stats       ]     FS: Thread Roots                293 us, workers (us):  86, 137,  69, 
[2021-02-28T14:27:49.973+0300][162.546s][info][gc,stats       ]     FS: Universe Roots                2 us, workers (us):   2, ---, ---, 
[2021-02-28T14:27:49.973+0300][162.546s][info][gc,stats       ]     FS: Synchronizer Roots            0 us, workers (us):   0, ---, ---, 
[2021-02-28T14:27:49.973+0300][162.546s][info][gc,stats       ]     FS: Management Roots              1 us, workers (us):   1, ---, ---, 
[2021-02-28T14:27:49.973+0300][162.546s][info][gc,stats       ]     FS: JVMTI Roots                   0 us, workers (us):   0, ---, ---, 
[2021-02-28T14:27:49.973+0300][162.546s][info][gc,stats       ]   Scan Concurrent Roots              71 us, parallelism: 0.71x
[2021-02-28T14:27:49.973+0300][162.546s][info][gc,stats       ]     FCS: <total>                     50 us
[2021-02-28T14:27:49.973+0300][162.546s][info][gc,stats       ]     FCS: JNI Handles Roots            2 us, workers (us):   1,   0,   0, 
[2021-02-28T14:27:49.973+0300][162.546s][info][gc,stats       ]     FCS: VM Global Roots              2 us, workers (us):   2,   0,   0, 
[2021-02-28T14:27:49.973+0300][162.546s][info][gc,stats       ]     FCS: CLDG Roots                  46 us, workers (us):  46, ---, ---, 
[2021-02-28T14:27:49.973+0300][162.546s][info][gc,stats       ]   Mark                           416484 us
[2021-02-28T14:27:49.973+0300][162.546s][info][gc,stats       ]     Finish Queues                415231 us
[2021-02-28T14:27:49.973+0300][162.546s][info][gc,stats       ]     Weak References                 204 us
[2021-02-28T14:27:49.973+0300][162.546s][info][gc,stats       ]       Process                       198 us
[2021-02-28T14:27:49.973+0300][162.547s][info][gc,stats       ]     System Purge                    183 us
[2021-02-28T14:27:49.973+0300][162.547s][info][gc,stats       ]       Unload Classes                591 us
[2021-02-28T14:27:49.973+0300][162.547s][info][gc,stats       ]       Weak Roots                    183 us
[2021-02-28T14:27:49.973+0300][162.547s][info][gc,stats       ]       CLDG                            0 us
[2021-02-28T14:27:49.973+0300][162.547s][info][gc,stats       ]   Calculate Addresses            176190 us
[2021-02-28T14:27:49.973+0300][162.547s][info][gc,stats       ]     Regular Objects              176155 us
[2021-02-28T14:27:49.973+0300][162.547s][info][gc,stats       ]     Humongous Objects                16 us
[2021-02-28T14:27:49.973+0300][162.547s][info][gc,stats       ]   Adjust Pointers                198317 us
[2021-02-28T14:27:49.973+0300][162.547s][info][gc,stats       ]     FA: <total>                    1675 us
[2021-02-28T14:27:49.973+0300][162.547s][info][gc,stats       ]     FA: Thread Roots                139 us, workers (us):   1, 121,  17, 
[2021-02-28T14:27:49.973+0300][162.547s][info][gc,stats       ]     FA: Code Cache Roots           1437 us, workers (us): 537, 398, 501, 
[2021-02-28T14:27:49.973+0300][162.547s][info][gc,stats       ]     FA: Universe Roots                1 us, workers (us):   1, ---, ---, 
[2021-02-28T14:27:49.973+0300][162.547s][info][gc,stats       ]     FA: JNI Handles Roots             2 us, workers (us):   2,   0,   0, 
[2021-02-28T14:27:49.973+0300][162.547s][info][gc,stats       ]     FA: JVMTI Weak Roots              0 us, workers (us):   0, ---, ---, 
[2021-02-28T14:27:49.973+0300][162.547s][info][gc,stats       ]     FA: JFR Weak Roots                0 us, workers (us):   0, ---, ---, 
[2021-02-28T14:27:49.973+0300][162.547s][info][gc,stats       ]     FA: JNI Weak Roots                0 us, workers (us):   0,   0,   0, 
[2021-02-28T14:27:49.973+0300][162.547s][info][gc,stats       ]     FA: String Table Roots           51 us, workers (us):  37,   7,   7, 
[2021-02-28T14:27:49.973+0300][162.547s][info][gc,stats       ]     FA: Resolved Table Roots          5 us, workers (us):   1,   2,   1, 
[2021-02-28T14:27:49.973+0300][162.547s][info][gc,stats       ]     FA: VM Global Roots               2 us, workers (us):   2,   0,   0, 
[2021-02-28T14:27:49.973+0300][162.547s][info][gc,stats       ]     FA: VM Weak Roots                 2 us, workers (us):   0,   0,   2, 
[2021-02-28T14:27:49.973+0300][162.547s][info][gc,stats       ]     FA: Synchronizer Roots            0 us, workers (us):   0, ---, ---, 
[2021-02-28T14:27:49.975+0300][162.547s][info][gc,stats       ]     FA: Management Roots              1 us, workers (us):   1, ---, ---, 
[2021-02-28T14:27:49.975+0300][162.547s][info][gc,stats       ]     FA: CLDG Roots                   35 us, workers (us): ---,  35, ---, 
[2021-02-28T14:27:49.975+0300][162.547s][info][gc,stats       ]     FA: JVMTI Roots                   0 us, workers (us):   0, ---, ---, 
[2021-02-28T14:27:49.975+0300][162.547s][info][gc,stats       ]   Copy Objects                   181939 us
[2021-02-28T14:27:49.975+0300][162.547s][info][gc,stats       ]     Regular Objects              181443 us
[2021-02-28T14:27:49.975+0300][162.547s][info][gc,stats       ]     Humongous Objects                13 us
[2021-02-28T14:27:49.975+0300][162.547s][info][gc,stats       ]     Reset Complete Bitmap           434 us
[2021-02-28T14:27:49.975+0300][162.547s][info][gc,stats       ]     Rebuild Region Sets              48 us
[2021-02-28T14:27:49.975+0300][162.547s][info][gc,stats       ]   Post Heap Dump                      1 us
[2021-02-28T14:27:49.975+0300][162.547s][info][gc,stats       ] Pacing                            12174 us
[2021-02-28T14:27:49.975+0300][162.547s][info][gc,stats       ] 
[2021-02-28T14:27:49.975+0300][162.547s][info][gc,stats       ] Allocation pacing accrued:
[2021-02-28T14:27:49.975+0300][162.547s][info][gc,stats       ]       3 of  1574 ms (  0.2%): main
[2021-02-28T14:27:49.975+0300][162.547s][info][gc,stats       ]       3 of  1574 ms (  0.2%): Notification Thread
[2021-02-28T14:27:49.975+0300][162.547s][info][gc,stats       ]       3 of  1574 ms (  0.2%): RMI TCP Connection(2)-172.22.16.1
[2021-02-28T14:27:49.975+0300][162.547s][info][gc,stats       ]       3 of  1574 ms (  0.2%): RMI TCP Connection(7)-172.22.16.1
[2021-02-28T14:27:49.975+0300][162.547s][info][gc,stats       ]      12 of  1574 ms (  0.8%): <total>
[2021-02-28T14:27:49.975+0300][162.547s][info][gc,stats       ]       1 of  1574 ms (  0.0%): <average total>
[2021-02-28T14:27:49.975+0300][162.547s][info][gc,stats       ]       3 of  1574 ms (  0.2%): <average non-zero>
[2021-02-28T14:27:49.975+0300][162.547s][info][gc,stats       ] 
[2021-02-28T14:27:49.975+0300][162.547s][info][gc,metaspace   ] Metaspace: 7050K(7552K)->7050K(7552K) NonClass: 6329K(6656K)->6330K(6656K) Class: 720K(896K)->720K(896K)
[2021-02-28T14:27:49.975+0300][162.547s][info][gc,ergo        ] Pacer for Idle. Initial: 20971K, Alloc Tax Rate: 1.0x
[2021-02-28T14:27:49.977+0300][162.549s][info][gc             ] Trigger: Free (505K) is below minimum threshold (102M)
[2021-02-28T14:27:49.977+0300][162.549s][info][gc,ergo        ] Free: 505K, Max: 326K regular, 0B humongous, Frag: 0% external, 99% internal; Reserve: 43520K, Max: 512K
[2021-02-28T14:27:49.977+0300][162.549s][info][gc,start       ] GC(94) Concurrent reset
[2021-02-28T14:27:49.977+0300][162.549s][info][gc,task        ] GC(94) Using 1 of 3 workers for concurrent reset
[2021-02-28T14:27:49.977+0300][162.549s][info][gc,ergo        ] GC(94) Pacer for Reset. Non-Taxable: 1024M
[2021-02-28T14:27:49.977+0300][162.549s][info][gc             ] GC(94) Concurrent reset 0.194ms
[2021-02-28T14:27:49.977+0300][162.549s][info][gc,start       ] GC(94) Pause Init Mark (unload classes)
[2021-02-28T14:27:49.977+0300][162.549s][info][gc,task        ] GC(94) Using 3 of 3 workers for init marking
[2021-02-28T14:27:49.977+0300][162.550s][info][gc,ergo        ] GC(94) Pacer for Mark. Expected Live: 1847M, Free: 505K, Non-Taxable: 51713B, Alloc Tax Rate: 4578.1x
[2021-02-28T14:27:49.977+0300][162.550s][info][gc             ] GC(94) Pause Init Mark (unload classes) 0.258ms
[2021-02-28T14:27:49.977+0300][162.550s][info][gc,start       ] GC(94) Concurrent marking (unload classes)
[2021-02-28T14:27:49.977+0300][162.550s][info][gc,task        ] GC(94) Using 1 of 3 workers for concurrent marking
[2021-02-28T14:27:50.574+0300][163.147s][info][gc             ] Failed to allocate TLAB, 2680B
[2021-02-28T14:27:50.574+0300][163.147s][info][gc             ] Cancelling GC: Allocation Failure
[2021-02-28T14:27:50.574+0300][163.147s][info][gc             ] GC(94) Concurrent marking (unload classes) 597.273ms
[2021-02-28T14:27:50.574+0300][163.147s][info][gc,ergo        ] Free: 0B, Max: 0B regular, 0B humongous, Frag: 0% external, 0% internal; Reserve: 43520K, Max: 512K
[2021-02-28T14:27:50.574+0300][163.147s][info][gc,stats       ] 
[2021-02-28T14:27:50.574+0300][163.147s][info][gc,stats       ] All times are wall-clock times, except per-root-class counters, that are sum over
[2021-02-28T14:27:50.574+0300][163.147s][info][gc,stats       ] all workers. Dividing the <total> over the root stage time estimates parallelism.
[2021-02-28T14:27:50.574+0300][163.147s][info][gc,stats       ] 
[2021-02-28T14:27:50.574+0300][163.147s][info][gc,stats       ] Concurrent Reset                    216 us
[2021-02-28T14:27:50.574+0300][163.147s][info][gc,stats       ] Pause Init Mark (G)                 475 us
[2021-02-28T14:27:50.574+0300][163.147s][info][gc,stats       ] Pause Init Mark (N)                 274 us
[2021-02-28T14:27:50.574+0300][163.147s][info][gc,stats       ]   Manage TLABs                        3 us
[2021-02-28T14:27:50.574+0300][163.147s][info][gc,stats       ]   Update Region States               79 us
[2021-02-28T14:27:50.574+0300][163.147s][info][gc,stats       ]   Scan Roots                        113 us, parallelism: 1.05x
[2021-02-28T14:27:50.574+0300][163.147s][info][gc,stats       ]     S: <total>                      119 us
[2021-02-28T14:27:50.574+0300][163.147s][info][gc,stats       ]     S: Thread Roots                 115 us, workers (us):  60,  39,  16, 
[2021-02-28T14:27:50.574+0300][163.147s][info][gc,stats       ]     S: Universe Roots                 2 us, workers (us):   2, ---, ---, 
[2021-02-28T14:27:50.574+0300][163.147s][info][gc,stats       ]     S: Synchronizer Roots             0 us, workers (us): ---,   0, ---, 
[2021-02-28T14:27:50.574+0300][163.147s][info][gc,stats       ]     S: Management Roots               1 us, workers (us): ---,   1, ---, 
[2021-02-28T14:27:50.574+0300][163.147s][info][gc,stats       ]     S: JVMTI Roots                    0 us, workers (us): ---,   0, ---, 
[2021-02-28T14:27:50.574+0300][163.147s][info][gc,stats       ] Concurrent Marking               597296 us
[2021-02-28T14:27:50.574+0300][163.147s][info][gc,stats       ]   Roots                             120 us, parallelism: 0.54x
[2021-02-28T14:27:50.574+0300][163.147s][info][gc,stats       ]     CM: <total>                      65 us
[2021-02-28T14:27:50.574+0300][163.147s][info][gc,stats       ]     CM: JNI Handles Roots             1 us, workers (us):   1, ---, ---, 
[2021-02-28T14:27:50.574+0300][163.147s][info][gc,stats       ]     CM: VM Global Roots               2 us, workers (us):   2, ---, ---, 
[2021-02-28T14:27:50.574+0300][163.147s][info][gc,stats       ]     CM: CLDG Roots                   62 us, workers (us):  62, ---, ---, 
[2021-02-28T14:27:50.574+0300][163.147s][info][gc,stats       ] Pacing                          2406810 us
[2021-02-28T14:27:50.574+0300][163.147s][info][gc,stats       ] 
[2021-02-28T14:27:50.574+0300][163.147s][info][gc,stats       ] Allocation pacing accrued:
[2021-02-28T14:27:50.574+0300][163.147s][info][gc,stats       ]     599 of   600 ms ( 99.7%): main
[2021-02-28T14:27:50.574+0300][163.147s][info][gc,stats       ]      12 of   600 ms (  1.9%): C1 CompilerThread0
[2021-02-28T14:27:50.574+0300][163.147s][info][gc,stats       ]     588 of   600 ms ( 97.9%): Notification Thread
[2021-02-28T14:27:50.574+0300][163.147s][info][gc,stats       ]      13 of   600 ms (  2.1%): RMI TCP Connection(2)-172.22.16.1
[2021-02-28T14:27:50.574+0300][163.147s][info][gc,stats       ]     446 of   600 ms ( 74.2%): RMI TCP Connection(5)-172.22.16.1
[2021-02-28T14:27:50.574+0300][163.147s][info][gc,stats       ]     152 of   600 ms ( 25.2%): RMI TCP Connection(6)-172.22.16.1
[2021-02-28T14:27:50.574+0300][163.147s][info][gc,stats       ]     598 of   600 ms ( 99.7%): RMI TCP Connection(7)-172.22.16.1
[2021-02-28T14:27:50.574+0300][163.147s][info][gc,stats       ]    2407 of   600 ms (400.9%): <total>
[2021-02-28T14:27:50.574+0300][163.147s][info][gc,stats       ]     127 of   600 ms ( 21.1%): <average total>
[2021-02-28T14:27:50.574+0300][163.147s][info][gc,stats       ]     344 of   600 ms ( 57.3%): <average non-zero>
[2021-02-28T14:27:50.574+0300][163.147s][info][gc,stats       ] 
[2021-02-28T14:27:50.574+0300][163.147s][info][gc,metaspace   ] Metaspace: 7050K(7552K)->7067K(7808K) NonClass: 6330K(6656K)->6345K(6912K) Class: 720K(896K)->722K(896K)
[2021-02-28T14:27:50.574+0300][163.147s][info][gc,ergo        ] Pacer for Idle. Initial: 20971K, Alloc Tax Rate: 1.0x
[2021-02-28T14:27:50.577+0300][163.150s][info][gc             ] Trigger: Handle Allocation Failure
[2021-02-28T14:27:50.577+0300][163.150s][info][gc,ergo        ] Free: 0B, Max: 0B regular, 0B humongous, Frag: 0% external, 0% internal; Reserve: 43520K, Max: 512K
[2021-02-28T14:27:50.577+0300][163.150s][info][gc,start       ] GC(95) Pause Full
[2021-02-28T14:27:50.577+0300][163.150s][info][gc,task        ] GC(95) Using 3 of 3 workers for full gc
[2021-02-28T14:27:50.577+0300][163.150s][info][gc,phases,start] GC(95) Phase 1: Mark live objects
[2021-02-28T14:27:50.998+0300][163.570s][info][gc,phases      ] GC(95) Phase 1: Mark live objects 419.465ms
[2021-02-28T14:27:50.998+0300][163.570s][info][gc,phases,start] GC(95) Phase 2: Compute new object addresses
[2021-02-28T14:27:51.175+0300][163.747s][info][gc,phases      ] GC(95) Phase 2: Compute new object addresses 176.879ms
[2021-02-28T14:27:51.175+0300][163.747s][info][gc,phases,start] GC(95) Phase 3: Adjust pointers
[2021-02-28T14:27:51.377+0300][163.949s][info][gc,phases      ] GC(95) Phase 3: Adjust pointers 201.970ms
[2021-02-28T14:27:51.377+0300][163.949s][info][gc,phases,start] GC(95) Phase 4: Move objects
[2021-02-28T14:27:51.557+0300][164.130s][info][gc,phases      ] GC(95) Phase 4: Move objects 180.672ms
[2021-02-28T14:27:51.557+0300][164.130s][info][gc,ergo        ] GC(95) Bad progress for free space: 350K, need 10485K
[2021-02-28T14:27:51.557+0300][164.130s][info][gc             ] GC(95) Pause Full 981M->980M(1024M) 979.798ms
[2021-02-28T14:27:51.557+0300][164.130s][info][gc,ergo        ] Free: 331K, Max: 322K regular, 0B humongous, Frag: 0% external, 78% internal; Reserve: 43520K, Max: 512K
[2021-02-28T14:27:51.557+0300][164.130s][info][gc,stats       ] 
[2021-02-28T14:27:51.557+0300][164.130s][info][gc,stats       ] All times are wall-clock times, except per-root-class counters, that are sum over
[2021-02-28T14:27:51.557+0300][164.130s][info][gc,stats       ] all workers. Dividing the <total> over the root stage time estimates parallelism.
[2021-02-28T14:27:51.557+0300][164.130s][info][gc,stats       ] 
[2021-02-28T14:27:51.557+0300][164.130s][info][gc,stats       ] Pause Full GC (G)                979963 us
[2021-02-28T14:27:51.557+0300][164.130s][info][gc,stats       ] Pause Full GC (N)                979812 us
[2021-02-28T14:27:51.557+0300][164.130s][info][gc,stats       ]   Pre Heap Dump                       0 us
[2021-02-28T14:27:51.557+0300][164.130s][info][gc,stats       ]   Prepare                           463 us
[2021-02-28T14:27:51.557+0300][164.130s][info][gc,stats       ]   Scan Roots                        121 us, parallelism: 1.25x
[2021-02-28T14:27:51.557+0300][164.130s][info][gc,stats       ]     FS: <total>                     151 us
[2021-02-28T14:27:51.557+0300][164.130s][info][gc,stats       ]     FS: Thread Roots                147 us, workers (us):  55,  48,  44, 
[2021-02-28T14:27:51.557+0300][164.130s][info][gc,stats       ]     FS: Universe Roots                2 us, workers (us):   2, ---, ---, 
[2021-02-28T14:27:51.557+0300][164.130s][info][gc,stats       ]     FS: Synchronizer Roots            0 us, workers (us):   0, ---, ---, 
[2021-02-28T14:27:51.557+0300][164.130s][info][gc,stats       ]     FS: Management Roots              2 us, workers (us):   2, ---, ---, 
[2021-02-28T14:27:51.557+0300][164.130s][info][gc,stats       ]     FS: JVMTI Roots                   0 us, workers (us):   0, ---, ---, 
[2021-02-28T14:27:51.557+0300][164.130s][info][gc,stats       ]   Scan Concurrent Roots             106 us, parallelism: 0.48x
[2021-02-28T14:27:51.557+0300][164.130s][info][gc,stats       ]     FCS: <total>                     51 us
[2021-02-28T14:27:51.557+0300][164.130s][info][gc,stats       ]     FCS: JNI Handles Roots            3 us, workers (us):   2,   0,   0, 
[2021-02-28T14:27:51.557+0300][164.130s][info][gc,stats       ]     FCS: VM Global Roots              3 us, workers (us):   1,   2,   0, 
[2021-02-28T14:27:51.557+0300][164.130s][info][gc,stats       ]     FCS: CLDG Roots                  45 us, workers (us): ---,  45, ---, 
[2021-02-28T14:27:51.557+0300][164.130s][info][gc,stats       ]   Mark                           419427 us
[2021-02-28T14:27:51.557+0300][164.130s][info][gc,stats       ]     Finish Queues                417816 us
[2021-02-28T14:27:51.557+0300][164.130s][info][gc,stats       ]     Weak References                 172 us
[2021-02-28T14:27:51.557+0300][164.130s][info][gc,stats       ]       Process                       166 us
[2021-02-28T14:27:51.557+0300][164.130s][info][gc,stats       ]     System Purge                    121 us
[2021-02-28T14:27:51.557+0300][164.130s][info][gc,stats       ]       Unload Classes               1062 us
[2021-02-28T14:27:51.557+0300][164.130s][info][gc,stats       ]       Weak Roots                    121 us
[2021-02-28T14:27:51.557+0300][164.130s][info][gc,stats       ]       CLDG                           12 us
[2021-02-28T14:27:51.557+0300][164.130s][info][gc,stats       ]   Calculate Addresses            176865 us
[2021-02-28T14:27:51.557+0300][164.130s][info][gc,stats       ]     Regular Objects              176830 us
[2021-02-28T14:27:51.557+0300][164.130s][info][gc,stats       ]     Humongous Objects                16 us
[2021-02-28T14:27:51.557+0300][164.130s][info][gc,stats       ]   Adjust Pointers                201957 us
[2021-02-28T14:27:51.557+0300][164.130s][info][gc,stats       ]     FA: <total>                    1587 us
[2021-02-28T14:27:51.557+0300][164.130s][info][gc,stats       ]     FA: Thread Roots                 80 us, workers (us):   1,   1,  78, 
[2021-02-28T14:27:51.557+0300][164.130s][info][gc,stats       ]     FA: Code Cache Roots           1409 us, workers (us): 496, 521, 393, 
[2021-02-28T14:27:51.557+0300][164.130s][info][gc,stats       ]     FA: Universe Roots                1 us, workers (us):   1, ---, ---, 
[2021-02-28T14:27:51.557+0300][164.130s][info][gc,stats       ]     FA: JNI Handles Roots             2 us, workers (us):   1,   0,   0, 
[2021-02-28T14:27:51.557+0300][164.130s][info][gc,stats       ]     FA: JVMTI Weak Roots              0 us, workers (us):   0, ---, ---, 
[2021-02-28T14:27:51.557+0300][164.130s][info][gc,stats       ]     FA: JFR Weak Roots                0 us, workers (us):   0, ---, ---, 
[2021-02-28T14:27:51.557+0300][164.130s][info][gc,stats       ]     FA: JNI Weak Roots                0 us, workers (us):   0,   0,   0, 
[2021-02-28T14:27:51.557+0300][164.130s][info][gc,stats       ]     FA: String Table Roots           49 us, workers (us):  35,  12,   2, 
[2021-02-28T14:27:51.557+0300][164.130s][info][gc,stats       ]     FA: Resolved Table Roots          4 us, workers (us):   2,   2,   1, 
[2021-02-28T14:27:51.557+0300][164.130s][info][gc,stats       ]     FA: VM Global Roots               2 us, workers (us):   2,   0,   0, 
[2021-02-28T14:27:51.557+0300][164.130s][info][gc,stats       ]     FA: VM Weak Roots                 3 us, workers (us):   2,   0,   0, 
[2021-02-28T14:27:51.557+0300][164.130s][info][gc,stats       ]     FA: Synchronizer Roots            0 us, workers (us):   0, ---, ---, 
[2021-02-28T14:27:51.557+0300][164.130s][info][gc,stats       ]     FA: Management Roots              1 us, workers (us):   1, ---, ---, 
[2021-02-28T14:27:51.557+0300][164.130s][info][gc,stats       ]     FA: CLDG Roots                   34 us, workers (us): ---, ---,  34, 
[2021-02-28T14:27:51.557+0300][164.131s][info][gc,stats       ]     FA: JVMTI Roots                   0 us, workers (us):   0, ---, ---, 
[2021-02-28T14:27:51.557+0300][164.131s][info][gc,stats       ]   Copy Objects                   180658 us
[2021-02-28T14:27:51.557+0300][164.131s][info][gc,stats       ]     Regular Objects              180150 us
[2021-02-28T14:27:51.557+0300][164.131s][info][gc,stats       ]     Humongous Objects                15 us
[2021-02-28T14:27:51.557+0300][164.131s][info][gc,stats       ]     Reset Complete Bitmap           447 us
[2021-02-28T14:27:51.557+0300][164.131s][info][gc,stats       ]     Rebuild Region Sets              46 us
[2021-02-28T14:27:51.557+0300][164.131s][info][gc,stats       ]   Post Heap Dump                      0 us
[2021-02-28T14:27:51.557+0300][164.131s][info][gc,stats       ] Pacing                          1982064 us
[2021-02-28T14:27:51.557+0300][164.131s][info][gc,stats       ] 
[2021-02-28T14:27:51.557+0300][164.131s][info][gc,stats       ] Allocation pacing accrued:
[2021-02-28T14:27:51.557+0300][164.131s][info][gc,stats       ]     985 of   983 ms (100.2%): main
[2021-02-28T14:27:51.557+0300][164.131s][info][gc,stats       ]      12 of   983 ms (  1.2%): Notification Thread
[2021-02-28T14:27:51.557+0300][164.131s][info][gc,stats       ]     985 of   983 ms (100.2%): RMI TCP Connection(5)-172.22.16.1
[2021-02-28T14:27:51.557+0300][164.131s][info][gc,stats       ]    1982 of   983 ms (201.6%): <total>
[2021-02-28T14:27:51.557+0300][164.131s][info][gc,stats       ]     104 of   983 ms ( 10.6%): <average total>
[2021-02-28T14:27:51.557+0300][164.131s][info][gc,stats       ]     661 of   983 ms ( 67.2%): <average non-zero>
[2021-02-28T14:27:51.557+0300][164.131s][info][gc,stats       ] 
[2021-02-28T14:27:51.558+0300][164.131s][info][gc,metaspace   ] Metaspace: 7067K(7808K)->7081K(7808K) NonClass: 6345K(6912K)->6358K(6912K) Class: 722K(896K)->723K(896K)
[2021-02-28T14:27:51.558+0300][164.131s][info][gc,ergo        ] Pacer for Idle. Initial: 20971K, Alloc Tax Rate: 1.0x
[2021-02-28T14:27:51.558+0300][164.131s][info][gc             ] Failed to allocate TLAB, 2648B
[2021-02-28T14:27:51.558+0300][164.131s][info][gc             ] Cancelling GC: Allocation Failure
[2021-02-28T14:27:51.561+0300][164.134s][info][gc             ] Trigger: Handle Allocation Failure
[2021-02-28T14:27:51.561+0300][164.134s][info][gc,ergo        ] Free: 0B, Max: 0B regular, 0B humongous, Frag: 0% external, 0% internal; Reserve: 43520K, Max: 512K
[2021-02-28T14:27:51.561+0300][164.134s][info][gc,start       ] GC(96) Pause Degenerated GC (Outside of Cycle)
[2021-02-28T14:27:51.561+0300][164.134s][info][gc,task        ] GC(96) Using 3 of 3 workers for stw degenerated gc
[2021-02-28T14:27:51.561+0300][164.134s][info][gc,ergo        ] GC(96) Pacer for Reset. Non-Taxable: 1024M
[2021-02-28T14:27:51.561+0300][164.134s][info][gc,ergo        ] GC(96) Pacer for Mark. Expected Live: 1864M, Free: 0B, Non-Taxable: 0B, Alloc Tax Rate: infx
[2021-02-28T14:27:51.979+0300][164.551s][info][gc,ergo        ] GC(96) Adaptive CSet Selection. Target Free: 145M, Actual Free: 43520K, Max CSet: 43690K, Min Garbage: 102M
[2021-02-28T14:27:51.979+0300][164.551s][info][gc,ergo        ] GC(96) Collectable Garbage: 242K (100%), Immediate: 0B (0%), CSet: 242K (100%)
[2021-02-28T14:27:51.979+0300][164.551s][info][gc,ergo        ] GC(96) Pacer for Evacuation. Used CSet: 43517K, Free: 16064B, Non-Taxable: 1606B, Alloc Tax Rate: 6780.7x
[2021-02-28T14:27:51.988+0300][164.560s][info][gc             ] GC(96) Cancelling GC: Allocation Failure During Evacuation
[2021-02-28T14:27:51.990+0300][164.562s][info][gc             ] GC(96) Cannot finish degeneration, upgrading to Full GC
[2021-02-28T14:27:51.990+0300][164.563s][info][gc,phases,start] GC(96) Phase 1: Mark live objects
[2021-02-28T14:27:52.446+0300][165.018s][info][gc,phases      ] GC(96) Phase 1: Mark live objects 455.029ms
[2021-02-28T14:27:52.446+0300][165.018s][info][gc,phases,start] GC(96) Phase 2: Compute new object addresses
[2021-02-28T14:27:52.628+0300][165.200s][info][gc,phases      ] GC(96) Phase 2: Compute new object addresses 181.609ms
[2021-02-28T14:27:52.628+0300][165.200s][info][gc,phases,start] GC(96) Phase 3: Adjust pointers
[2021-02-28T14:27:52.824+0300][165.397s][info][gc,phases      ] GC(96) Phase 3: Adjust pointers 197.044ms
[2021-02-28T14:27:52.824+0300][165.397s][info][gc,phases,start] GC(96) Phase 4: Move objects
[2021-02-28T14:27:53.011+0300][165.584s][info][gc,phases      ] GC(96) Phase 4: Move objects 186.899ms
[2021-02-28T14:27:53.011+0300][165.584s][info][gc,ergo        ] GC(96) Bad progress for free space: 805K, need 10485K
[2021-02-28T14:27:53.011+0300][165.584s][info][gc             ] GC(96) Pause Degenerated GC (Outside of Cycle) 981M->980M(1024M) 1450.098ms
[2021-02-28T14:27:53.011+0300][165.584s][info][gc,ergo        ] Free: 805K, Max: 400K regular, 0B humongous, Frag: 0% external, 99% internal; Reserve: 43008K, Max: 512K
[2021-02-28T14:27:53.011+0300][165.584s][info][gc,stats       ] 
[2021-02-28T14:27:53.011+0300][165.584s][info][gc,stats       ] All times are wall-clock times, except per-root-class counters, that are sum over
[2021-02-28T14:27:53.011+0300][165.584s][info][gc,stats       ] all workers. Dividing the <total> over the root stage time estimates parallelism.
[2021-02-28T14:27:53.011+0300][165.584s][info][gc,stats       ] 
[2021-02-28T14:27:53.011+0300][165.584s][info][gc,stats       ]   Manage TLABs                        4 us
[2021-02-28T14:27:53.011+0300][165.584s][info][gc,stats       ]   Update Region States               62 us
[2021-02-28T14:27:53.011+0300][165.584s][info][gc,stats       ]   Scan Roots                         85 us, parallelism: 1.63x
[2021-02-28T14:27:53.011+0300][165.584s][info][gc,stats       ]     S: <total>                      138 us
[2021-02-28T14:27:53.011+0300][165.584s][info][gc,stats       ]     S: Thread Roots                 134 us, workers (us):  50,  56,  29, 
[2021-02-28T14:27:53.011+0300][165.584s][info][gc,stats       ]     S: Universe Roots                 2 us, workers (us):   2, ---, ---, 
[2021-02-28T14:27:53.011+0300][165.584s][info][gc,stats       ]     S: Synchronizer Roots             0 us, workers (us):   0, ---, ---, 
[2021-02-28T14:27:53.011+0300][165.584s][info][gc,stats       ]     S: Management Roots               1 us, workers (us):   1, ---, ---, 
[2021-02-28T14:27:53.011+0300][165.584s][info][gc,stats       ]     S: JVMTI Roots                    0 us, workers (us):   0, ---, ---, 
[2021-02-28T14:27:53.011+0300][165.584s][info][gc,stats       ]   Finish Queues                  415774 us
[2021-02-28T14:27:53.011+0300][165.584s][info][gc,stats       ]   Weak References                    28 us
[2021-02-28T14:27:53.011+0300][165.584s][info][gc,stats       ]     Process                          23 us
[2021-02-28T14:27:53.011+0300][165.584s][info][gc,stats       ]   System Purge                       94 us
[2021-02-28T14:27:53.011+0300][165.584s][info][gc,stats       ]     Unload Classes                  590 us
[2021-02-28T14:27:53.011+0300][165.584s][info][gc,stats       ]     Weak Roots                       94 us
[2021-02-28T14:27:53.011+0300][165.584s][info][gc,stats       ]     CLDG                              1 us
[2021-02-28T14:27:53.011+0300][165.584s][info][gc,stats       ]   Update Region States               89 us
[2021-02-28T14:27:53.011+0300][165.584s][info][gc,stats       ]   Manage GC/TLABs                     2 us
[2021-02-28T14:27:53.011+0300][165.584s][info][gc,stats       ]   Choose Collection Set             120 us
[2021-02-28T14:27:53.011+0300][165.584s][info][gc,stats       ]   Rebuild Free Set                   22 us
[2021-02-28T14:27:53.011+0300][165.584s][info][gc,stats       ]   Initial Evacuation                 14 us
[2021-02-28T14:27:53.011+0300][165.585s][info][gc,stats       ] Pause Degenerated GC (G)        1450324 us
[2021-02-28T14:27:53.011+0300][165.585s][info][gc,stats       ] Pause Degenerated GC (N)        1450113 us
[2021-02-28T14:27:53.011+0300][165.585s][info][gc,stats       ]   Degen Mark Roots                   99 us, parallelism: 0.65x
[2021-02-28T14:27:53.011+0300][165.585s][info][gc,stats       ]     DM: <total>                      65 us
[2021-02-28T14:27:53.011+0300][165.585s][info][gc,stats       ]     DM: JNI Handles Roots             2 us, workers (us):   1,   0,   0, 
[2021-02-28T14:27:53.011+0300][165.585s][info][gc,stats       ]     DM: VM Global Roots               2 us, workers (us):   2,   0,   0, 
[2021-02-28T14:27:53.011+0300][165.585s][info][gc,stats       ]     DM: CLDG Roots                   61 us, workers (us):  61, ---, ---, 
[2021-02-28T14:27:53.011+0300][165.585s][info][gc,stats       ]   Pre Heap Dump                       1 us
[2021-02-28T14:27:53.011+0300][165.585s][info][gc,stats       ]   Prepare                          1189 us
[2021-02-28T14:27:53.011+0300][165.585s][info][gc,stats       ]     Update Roots                    701 us, parallelism: 2.22x
[2021-02-28T14:27:53.011+0300][165.585s][info][gc,stats       ]       FU: <total>                  1556 us
[2021-02-28T14:27:53.011+0300][165.585s][info][gc,stats       ]       FU: Thread Roots               73 us, workers (us):   1,  72,   1, 
[2021-02-28T14:27:53.011+0300][165.585s][info][gc,stats       ]       FU: Code Cache Roots         1408 us, workers (us): 494, 395, 519, 
[2021-02-28T14:27:53.011+0300][165.585s][info][gc,stats       ]       FU: Universe Roots              1 us, workers (us):   1, ---, ---, 
[2021-02-28T14:27:53.011+0300][165.585s][info][gc,stats       ]       FU: JNI Handles Roots           1 us, workers (us):   1,   0,   0, 
[2021-02-28T14:27:53.011+0300][165.585s][info][gc,stats       ]       FU: JVMTI Weak Roots            0 us, workers (us):   0, ---, ---, 
[2021-02-28T14:27:53.011+0300][165.585s][info][gc,stats       ]       FU: JFR Weak Roots              0 us, workers (us): ---,   0, ---, 
[2021-02-28T14:27:53.011+0300][165.585s][info][gc,stats       ]       FU: JNI Weak Roots              0 us, workers (us):   0,   0,   0, 
[2021-02-28T14:27:53.012+0300][165.585s][info][gc,stats       ]       FU: String Table Roots         45 us, workers (us):  17,  18,  10, 
[2021-02-28T14:27:53.012+0300][165.585s][info][gc,stats       ]       FU: Resolved Table Roots        3 us, workers (us):   1,   1,   2, 
[2021-02-28T14:27:53.012+0300][165.585s][info][gc,stats       ]       FU: VM Global Roots             2 us, workers (us):   0,   1,   0, 
[2021-02-28T14:27:53.012+0300][165.585s][info][gc,stats       ]       FU: VM Weak Roots               1 us, workers (us):   1,   0,   0, 
[2021-02-28T14:27:53.012+0300][165.585s][info][gc,stats       ]       FU: Synchronizer Roots          0 us, workers (us): ---,   0, ---, 
[2021-02-28T14:27:53.012+0300][165.585s][info][gc,stats       ]       FU: Management Roots            1 us, workers (us): ---,   1, ---, 
[2021-02-28T14:27:53.012+0300][165.585s][info][gc,stats       ]       FU: CLDG Roots                 19 us, workers (us): ---,  19, ---, 
[2021-02-28T14:27:53.012+0300][165.585s][info][gc,stats       ]       FU: JVMTI Roots                 0 us, workers (us):   0, ---, ---, 
[2021-02-28T14:27:53.012+0300][165.585s][info][gc,stats       ]   Scan Roots                        129 us, parallelism: 1.20x
[2021-02-28T14:27:53.012+0300][165.585s][info][gc,stats       ]     FS: <total>                     154 us
[2021-02-28T14:27:53.012+0300][165.585s][info][gc,stats       ]     FS: Thread Roots                150 us, workers (us):  77,  42,  32, 
[2021-02-28T14:27:53.012+0300][165.585s][info][gc,stats       ]     FS: Universe Roots                2 us, workers (us):   2, ---, ---, 
[2021-02-28T14:27:53.012+0300][165.585s][info][gc,stats       ]     FS: Synchronizer Roots            0 us, workers (us):   0, ---, ---, 
[2021-02-28T14:27:53.012+0300][165.585s][info][gc,stats       ]     FS: Management Roots              2 us, workers (us):   2, ---, ---, 
[2021-02-28T14:27:53.012+0300][165.585s][info][gc,stats       ]     FS: JVMTI Roots                   0 us, workers (us):   0, ---, ---, 
[2021-02-28T14:27:53.012+0300][165.585s][info][gc,stats       ]   Scan Concurrent Roots             114 us, parallelism: 0.54x
[2021-02-28T14:27:53.012+0300][165.585s][info][gc,stats       ]     FCS: <total>                     62 us
[2021-02-28T14:27:53.012+0300][165.585s][info][gc,stats       ]     FCS: JNI Handles Roots            2 us, workers (us):   1,   0,   0, 
[2021-02-28T14:27:53.012+0300][165.585s][info][gc,stats       ]     FCS: VM Global Roots              2 us, workers (us):   2,   0,   0, 
[2021-02-28T14:27:53.012+0300][165.585s][info][gc,stats       ]     FCS: CLDG Roots                  58 us, workers (us):  58, ---, ---, 
[2021-02-28T14:27:53.012+0300][165.585s][info][gc,stats       ]   Mark                           454984 us
[2021-02-28T14:27:53.012+0300][165.585s][info][gc,stats       ]     Finish Queues                453347 us
[2021-02-28T14:27:53.012+0300][165.585s][info][gc,stats       ]     Weak References                 198 us
[2021-02-28T14:27:53.012+0300][165.585s][info][gc,stats       ]       Process                       192 us
[2021-02-28T14:27:53.012+0300][165.585s][info][gc,stats       ]     System Purge                    109 us
[2021-02-28T14:27:53.012+0300][165.585s][info][gc,stats       ]       Unload Classes               1054 us
[2021-02-28T14:27:53.012+0300][165.585s][info][gc,stats       ]       Weak Roots                    108 us
[2021-02-28T14:27:53.012+0300][165.585s][info][gc,stats       ]       CLDG                           13 us
[2021-02-28T14:27:53.012+0300][165.585s][info][gc,stats       ]   Calculate Addresses            181595 us
[2021-02-28T14:27:53.012+0300][165.585s][info][gc,stats       ]     Regular Objects              181560 us
[2021-02-28T14:27:53.012+0300][165.585s][info][gc,stats       ]     Humongous Objects                15 us
[2021-02-28T14:27:53.012+0300][165.585s][info][gc,stats       ]   Adjust Pointers                197031 us
[2021-02-28T14:27:53.012+0300][165.585s][info][gc,stats       ]     FA: <total>                    1617 us
[2021-02-28T14:27:53.012+0300][165.585s][info][gc,stats       ]     FA: Thread Roots                 82 us, workers (us):  70,  11,   1, 
[2021-02-28T14:27:53.012+0300][165.585s][info][gc,stats       ]     FA: Code Cache Roots           1436 us, workers (us): 400, 501, 534, 
[2021-02-28T14:27:53.012+0300][165.585s][info][gc,stats       ]     FA: Universe Roots                1 us, workers (us):   1, ---, ---, 
[2021-02-28T14:27:53.012+0300][165.585s][info][gc,stats       ]     FA: JNI Handles Roots             2 us, workers (us):   2,   0,   0, 
[2021-02-28T14:27:53.012+0300][165.585s][info][gc,stats       ]     FA: JVMTI Weak Roots              0 us, workers (us):   0, ---, ---, 
[2021-02-28T14:27:53.012+0300][165.585s][info][gc,stats       ]     FA: JFR Weak Roots                0 us, workers (us):   0, ---, ---, 
[2021-02-28T14:27:53.012+0300][165.585s][info][gc,stats       ]     FA: String Table Roots           50 us, workers (us):  37,  12,   1, 
[2021-02-28T14:27:53.012+0300][165.585s][info][gc,stats       ]     FA: Resolved Table Roots          4 us, workers (us):   2,   1,   1, 
[2021-02-28T14:27:53.012+0300][165.585s][info][gc,stats       ]     FA: VM Global Roots               2 us, workers (us):   2,   0,   0, 
[2021-02-28T14:27:53.012+0300][165.585s][info][gc,stats       ]     FA: VM Weak Roots                 3 us, workers (us):   0,   2,   1, 
[2021-02-28T14:27:53.012+0300][165.585s][info][gc,stats       ]     FA: Synchronizer Roots            0 us, workers (us):   0, ---, ---, 
[2021-02-28T14:27:53.012+0300][165.585s][info][gc,stats       ]     FA: Management Roots              1 us, workers (us):   1, ---, ---, 
[2021-02-28T14:27:53.012+0300][165.585s][info][gc,stats       ]     FA: CLDG Roots                   34 us, workers (us):  34, ---, ---, 
[2021-02-28T14:27:53.012+0300][165.585s][info][gc,stats       ]     FA: JVMTI Roots                   0 us, workers (us):   0, ---, ---, 
[2021-02-28T14:27:53.012+0300][165.585s][info][gc,stats       ]   Copy Objects                   186886 us
[2021-02-28T14:27:53.012+0300][165.585s][info][gc,stats       ]     Regular Objects              186354 us
[2021-02-28T14:27:53.012+0300][165.585s][info][gc,stats       ]     Humongous Objects                14 us
[2021-02-28T14:27:53.012+0300][165.585s][info][gc,stats       ]     Reset Complete Bitmap           470 us
[2021-02-28T14:27:53.012+0300][165.585s][info][gc,stats       ]     Rebuild Region Sets              48 us
[2021-02-28T14:27:53.012+0300][165.585s][info][gc,stats       ]   Post Heap Dump                      1 us
[2021-02-28T14:27:53.012+0300][165.585s][info][gc,stats       ] 
[2021-02-28T14:27:53.012+0300][165.585s][info][gc,stats       ] Allocation pacing accrued:
[2021-02-28T14:27:53.012+0300][165.585s][info][gc,stats       ]       0 of  1455 ms (  0.0%): <total>
[2021-02-28T14:27:53.012+0300][165.585s][info][gc,stats       ]       0 of  1455 ms (  0.0%): <average total>
[2021-02-28T14:27:53.012+0300][165.585s][info][gc,stats       ] 
[2021-02-28T14:27:53.012+0300][165.585s][info][gc,metaspace   ] Metaspace: 7085K(7808K)->7077K(7808K) NonClass: 6361K(6912K)->6354K(6912K) Class: 723K(896K)->722K(896K)
[2021-02-28T14:27:53.012+0300][165.585s][info][gc,ergo        ] Pacer for Idle. Initial: 20971K, Alloc Tax Rate: 1.0x
[2021-02-28T14:27:53.014+0300][165.587s][info][gc             ] Trigger: Free (591K) is below minimum threshold (102M)
[2021-02-28T14:27:53.014+0300][165.587s][info][gc,ergo        ] Free: 591K, Max: 384K regular, 0B humongous, Frag: 0% external, 80% internal; Reserve: 43008K, Max: 512K
[2021-02-28T14:27:53.014+0300][165.587s][info][gc,start       ] GC(97) Concurrent reset
[2021-02-28T14:27:53.014+0300][165.587s][info][gc,task        ] GC(97) Using 1 of 3 workers for concurrent reset
[2021-02-28T14:27:53.014+0300][165.587s][info][gc,ergo        ] GC(97) Pacer for Reset. Non-Taxable: 1024M
[2021-02-28T14:27:53.014+0300][165.587s][info][gc             ] GC(97) Concurrent reset 0.231ms
[2021-02-28T14:27:53.014+0300][165.587s][info][gc,start       ] GC(97) Pause Init Mark (unload classes)
[2021-02-28T14:27:53.014+0300][165.587s][info][gc,task        ] GC(97) Using 3 of 3 workers for init marking
[2021-02-28T14:27:53.014+0300][165.587s][info][gc,ergo        ] GC(97) Pacer for Mark. Expected Live: 1864M, Free: 591K, Non-Taxable: 60559B, Alloc Tax Rate: 3945.8x
[2021-02-28T14:27:53.014+0300][165.587s][info][gc             ] GC(97) Pause Init Mark (unload classes) 0.248ms
[2021-02-28T14:27:53.014+0300][165.587s][info][gc,start       ] GC(97) Concurrent marking (unload classes)
[2021-02-28T14:27:53.014+0300][165.588s][info][gc,task        ] GC(97) Using 1 of 3 workers for concurrent marking
[2021-02-28T14:27:53.495+0300][166.067s][info][gc             ] Failed to allocate TLAB, 4032B
[2021-02-28T14:27:53.495+0300][166.067s][info][gc             ] Cancelling GC: Allocation Failure
[2021-02-28T14:27:53.495+0300][166.067s][info][gc             ] GC(97) Concurrent marking (unload classes) 479.425ms
[2021-02-28T14:27:53.495+0300][166.067s][info][gc,ergo        ] Free: 0B, Max: 0B regular, 0B humongous, Frag: 0% external, 0% internal; Reserve: 43008K, Max: 512K
[2021-02-28T14:27:53.495+0300][166.067s][info][gc,stats       ] 
[2021-02-28T14:27:53.495+0300][166.067s][info][gc,stats       ] All times are wall-clock times, except per-root-class counters, that are sum over
[2021-02-28T14:27:53.495+0300][166.067s][info][gc,stats       ] all workers. Dividing the <total> over the root stage time estimates parallelism.
[2021-02-28T14:27:53.495+0300][166.067s][info][gc,stats       ] 
[2021-02-28T14:27:53.495+0300][166.067s][info][gc,stats       ] Concurrent Reset                    253 us
[2021-02-28T14:27:53.495+0300][166.067s][info][gc,stats       ] Pause Init Mark (G)                 410 us
[2021-02-28T14:27:53.495+0300][166.067s][info][gc,stats       ] Pause Init Mark (N)                 261 us
[2021-02-28T14:27:53.495+0300][166.067s][info][gc,stats       ]   Manage TLABs                        2 us
[2021-02-28T14:27:53.495+0300][166.067s][info][gc,stats       ]   Update Region States               67 us
[2021-02-28T14:27:53.495+0300][166.067s][info][gc,stats       ]   Scan Roots                         81 us, parallelism: 1.65x
[2021-02-28T14:27:53.495+0300][166.067s][info][gc,stats       ]     S: <total>                      134 us
[2021-02-28T14:27:53.495+0300][166.067s][info][gc,stats       ]     S: Thread Roots                 116 us, workers (us):  38,  39,  40, 
[2021-02-28T14:27:53.495+0300][166.067s][info][gc,stats       ]     S: Universe Roots                17 us, workers (us):  17, ---, ---, 
[2021-02-28T14:27:53.495+0300][166.067s][info][gc,stats       ]     S: Synchronizer Roots             0 us, workers (us):   0, ---, ---, 
[2021-02-28T14:27:53.495+0300][166.067s][info][gc,stats       ]     S: Management Roots               1 us, workers (us):   1, ---, ---, 
[2021-02-28T14:27:53.495+0300][166.067s][info][gc,stats       ]     S: JVMTI Roots                    0 us, workers (us):   0, ---, ---, 
[2021-02-28T14:27:53.495+0300][166.067s][info][gc,stats       ] Concurrent Marking               479449 us
[2021-02-28T14:27:53.495+0300][166.067s][info][gc,stats       ]   Roots                             133 us, parallelism: 0.45x
[2021-02-28T14:27:53.495+0300][166.067s][info][gc,stats       ]     CM: <total>                      59 us
[2021-02-28T14:27:53.495+0300][166.067s][info][gc,stats       ]     CM: JNI Handles Roots             1 us, workers (us):   1, ---, ---, 
[2021-02-28T14:27:53.495+0300][166.067s][info][gc,stats       ]     CM: VM Global Roots               2 us, workers (us):   2, ---, ---, 
[2021-02-28T14:27:53.495+0300][166.067s][info][gc,stats       ]     CM: CLDG Roots                   56 us, workers (us):  56, ---, ---, 
[2021-02-28T14:27:53.495+0300][166.067s][info][gc,stats       ] Pacing                          1899911 us
[2021-02-28T14:27:53.495+0300][166.067s][info][gc,stats       ] 
[2021-02-28T14:27:53.495+0300][166.067s][info][gc,stats       ] Allocation pacing accrued:
[2021-02-28T14:27:53.495+0300][166.067s][info][gc,stats       ]     482 of   482 ms (100.1%): main
[2021-02-28T14:27:53.495+0300][166.067s][info][gc,stats       ]     470 of   482 ms ( 97.4%): Notification Thread
[2021-02-28T14:27:53.495+0300][166.067s][info][gc,stats       ]      12 of   482 ms (  2.5%): RMI TCP Connection(2)-172.22.16.1
[2021-02-28T14:27:53.495+0300][166.067s][info][gc,stats       ]     470 of   482 ms ( 97.4%): RMI TCP Connection(5)-172.22.16.1
[2021-02-28T14:27:53.495+0300][166.067s][info][gc,stats       ]     467 of   482 ms ( 96.8%): RMI TCP Connection(7)-172.22.16.1
[2021-02-28T14:27:53.495+0300][166.067s][info][gc,stats       ]    1900 of   482 ms (394.2%): <total>
[2021-02-28T14:27:53.495+0300][166.067s][info][gc,stats       ]     100 of   482 ms ( 20.7%): <average total>
[2021-02-28T14:27:53.495+0300][166.067s][info][gc,stats       ]     380 of   482 ms ( 78.8%): <average non-zero>
[2021-02-28T14:27:53.495+0300][166.067s][info][gc,stats       ] 
[2021-02-28T14:27:53.495+0300][166.067s][info][gc,metaspace   ] Metaspace: 7081K(7808K)->7093K(7808K) NonClass: 6358K(6912K)->6368K(6912K) Class: 723K(896K)->725K(896K)
[2021-02-28T14:27:53.495+0300][166.067s][info][gc,ergo        ] Pacer for Idle. Initial: 20971K, Alloc Tax Rate: 1.0x
[2021-02-28T14:27:53.498+0300][166.070s][info][gc             ] Trigger: Handle Allocation Failure
[2021-02-28T14:27:53.498+0300][166.070s][info][gc,ergo        ] Free: 0B, Max: 0B regular, 0B humongous, Frag: 0% external, 0% internal; Reserve: 43008K, Max: 512K
[2021-02-28T14:27:53.498+0300][166.070s][info][gc,start       ] GC(98) Pause Degenerated GC (Mark)
[2021-02-28T14:27:53.498+0300][166.070s][info][gc,task        ] GC(98) Using 3 of 3 workers for stw degenerated gc
[2021-02-28T14:27:53.751+0300][166.324s][info][gc,ergo        ] GC(98) Adaptive CSet Selection. Target Free: 145M, Actual Free: 43008K, Max CSet: 43690K, Min Garbage: 103M
[2021-02-28T14:27:53.751+0300][166.324s][info][gc,ergo        ] GC(98) Collectable Garbage: 69744B (100%), Immediate: 0B (0%), CSet: 69744B (100%)
[2021-02-28T14:27:53.751+0300][166.324s][info][gc,ergo        ] GC(98) Pacer for Evacuation. Used CSet: 43519K, Free: 17568B, Non-Taxable: 1756B, Alloc Tax Rate: 6200.4x
[2021-02-28T14:27:53.761+0300][166.334s][info][gc             ] GC(98) Cancelling GC: Allocation Failure During Evacuation
[2021-02-28T14:27:53.763+0300][166.335s][info][gc             ] GC(98) Cannot finish degeneration, upgrading to Full GC
[2021-02-28T14:27:53.763+0300][166.336s][info][gc,phases,start] GC(98) Phase 1: Mark live objects
[2021-02-28T14:27:54.211+0300][166.783s][info][gc,phases      ] GC(98) Phase 1: Mark live objects 447.168ms
[2021-02-28T14:27:54.211+0300][166.783s][info][gc,phases,start] GC(98) Phase 2: Compute new object addresses
[2021-02-28T14:27:54.389+0300][166.961s][info][gc,phases      ] GC(98) Phase 2: Compute new object addresses 177.853ms
[2021-02-28T14:27:54.389+0300][166.961s][info][gc,phases,start] GC(98) Phase 3: Adjust pointers
[2021-02-28T14:27:54.587+0300][167.159s][info][gc,phases      ] GC(98) Phase 3: Adjust pointers 197.953ms
[2021-02-28T14:27:54.587+0300][167.159s][info][gc,phases,start] GC(98) Phase 4: Move objects
[2021-02-28T14:27:54.769+0300][167.342s][info][gc,phases      ] GC(98) Phase 4: Move objects 182.800ms
[2021-02-28T14:27:54.769+0300][167.342s][info][gc,ergo        ] GC(98) Bad progress for free space: 465K, need 10485K
[2021-02-28T14:27:54.769+0300][167.342s][info][gc             ] GC(98) Pause Degenerated GC (Mark) 981M->981M(1024M) 1272.316ms
[2021-02-28T14:27:54.769+0300][167.342s][info][gc,ergo        ] Free: 465K, Max: 217K regular, 0B humongous, Frag: 0% external, 99% internal; Reserve: 43008K, Max: 512K
[2021-02-28T14:27:54.769+0300][167.343s][info][gc,stats       ] 
[2021-02-28T14:27:54.769+0300][167.343s][info][gc,stats       ] All times are wall-clock times, except per-root-class counters, that are sum over
[2021-02-28T14:27:54.769+0300][167.343s][info][gc,stats       ] all workers. Dividing the <total> over the root stage time estimates parallelism.
[2021-02-28T14:27:54.769+0300][167.343s][info][gc,stats       ] 
[2021-02-28T14:27:54.769+0300][167.343s][info][gc,stats       ]   Finish Queues                  253177 us
[2021-02-28T14:27:54.769+0300][167.343s][info][gc,stats       ]   System Purge                      121 us
[2021-02-28T14:27:54.769+0300][167.343s][info][gc,stats       ]     Unload Classes                  630 us
[2021-02-28T14:27:54.769+0300][167.343s][info][gc,stats       ]     Weak Roots                      121 us
[2021-02-28T14:27:54.769+0300][167.343s][info][gc,stats       ]     CLDG                              0 us
[2021-02-28T14:27:54.769+0300][167.343s][info][gc,stats       ]   Update Region States               94 us
[2021-02-28T14:27:54.769+0300][167.343s][info][gc,stats       ]   Manage GC/TLABs                     4 us
[2021-02-28T14:27:54.769+0300][167.343s][info][gc,stats       ]   Choose Collection Set             121 us
[2021-02-28T14:27:54.769+0300][167.343s][info][gc,stats       ]   Rebuild Free Set                   22 us
[2021-02-28T14:27:54.769+0300][167.343s][info][gc,stats       ]   Initial Evacuation                 14 us
[2021-02-28T14:27:54.769+0300][167.343s][info][gc,stats       ] Pause Degenerated GC (G)        1272532 us
[2021-02-28T14:27:54.769+0300][167.343s][info][gc,stats       ] Pause Degenerated GC (N)        1272330 us
[2021-02-28T14:27:54.769+0300][167.343s][info][gc,stats       ]   Degen Mark Roots                  121 us, parallelism: 0.23x
[2021-02-28T14:27:54.769+0300][167.343s][info][gc,stats       ]     DM: <total>                      28 us
[2021-02-28T14:27:54.770+0300][167.343s][info][gc,stats       ]     DM: JNI Handles Roots             2 us, workers (us):   1,   0,   0, 
[2021-02-28T14:27:54.770+0300][167.343s][info][gc,stats       ]     DM: VM Global Roots               1 us, workers (us):   1,   0,   0, 
[2021-02-28T14:27:54.770+0300][167.343s][info][gc,stats       ]     DM: CLDG Roots                   25 us, workers (us):  25, ---, ---, 
[2021-02-28T14:27:54.770+0300][167.343s][info][gc,stats       ]   Pre Heap Dump                       1 us
[2021-02-28T14:27:54.770+0300][167.343s][info][gc,stats       ]   Prepare                          1200 us
[2021-02-28T14:27:54.770+0300][167.343s][info][gc,stats       ]     Update Roots                    694 us, parallelism: 2.22x
[2021-02-28T14:27:54.770+0300][167.343s][info][gc,stats       ]       FU: <total>                  1543 us
[2021-02-28T14:27:54.770+0300][167.343s][info][gc,stats       ]       FU: Thread Roots               66 us, workers (us):   1,   0,  65, 
[2021-02-28T14:27:54.770+0300][167.343s][info][gc,stats       ]       FU: Code Cache Roots         1389 us, workers (us): 491, 509, 389, 
[2021-02-28T14:27:54.770+0300][167.343s][info][gc,stats       ]       FU: Universe Roots              1 us, workers (us):   1, ---, ---, 
[2021-02-28T14:27:54.770+0300][167.343s][info][gc,stats       ]       FU: JNI Handles Roots           1 us, workers (us):   0,   0,   0, 
[2021-02-28T14:27:54.770+0300][167.343s][info][gc,stats       ]       FU: JVMTI Weak Roots            0 us, workers (us):   0, ---, ---, 
[2021-02-28T14:27:54.770+0300][167.343s][info][gc,stats       ]       FU: JFR Weak Roots              0 us, workers (us):   0, ---, ---, 
[2021-02-28T14:27:54.770+0300][167.343s][info][gc,stats       ]       FU: JNI Weak Roots              0 us, workers (us):   0,   0,   0, 
[2021-02-28T14:27:54.770+0300][167.343s][info][gc,stats       ]       FU: String Table Roots         45 us, workers (us):  26,  10,  10, 
[2021-02-28T14:27:54.770+0300][167.343s][info][gc,stats       ]       FU: Resolved Table Roots        4 us, workers (us):   1,   2,   1, 
[2021-02-28T14:27:54.770+0300][167.343s][info][gc,stats       ]       FU: VM Global Roots             1 us, workers (us):   1,   0,   0, 
[2021-02-28T14:27:54.770+0300][167.343s][info][gc,stats       ]       FU: VM Weak Roots               2 us, workers (us):   2,   0,   0, 
[2021-02-28T14:27:54.770+0300][167.343s][info][gc,stats       ]       FU: Synchronizer Roots          0 us, workers (us):   0, ---, ---, 
[2021-02-28T14:27:54.770+0300][167.343s][info][gc,stats       ]       FU: Management Roots            1 us, workers (us):   1, ---, ---, 
[2021-02-28T14:27:54.770+0300][167.343s][info][gc,stats       ]       FU: CLDG Roots                 32 us, workers (us): ---, ---,  32, 
[2021-02-28T14:27:54.770+0300][167.343s][info][gc,stats       ]       FU: JVMTI Roots                 0 us, workers (us):   0, ---, ---, 
[2021-02-28T14:27:54.770+0300][167.343s][info][gc,stats       ]   Scan Roots                        140 us, parallelism: 0.91x
[2021-02-28T14:27:54.770+0300][167.343s][info][gc,stats       ]     FS: <total>                     127 us
[2021-02-28T14:27:54.770+0300][167.343s][info][gc,stats       ]     FS: Thread Roots                123 us, workers (us):  54,  32,  37, 
[2021-02-28T14:27:54.770+0300][167.343s][info][gc,stats       ]     FS: Universe Roots                2 us, workers (us):   2, ---, ---, 
[2021-02-28T14:27:54.770+0300][167.343s][info][gc,stats       ]     FS: Synchronizer Roots            0 us, workers (us):   0, ---, ---, 
[2021-02-28T14:27:54.770+0300][167.343s][info][gc,stats       ]     FS: Management Roots              2 us, workers (us):   2, ---, ---, 
[2021-02-28T14:27:54.770+0300][167.343s][info][gc,stats       ]     FS: JVMTI Roots                   0 us, workers (us):   0, ---, ---, 
[2021-02-28T14:27:54.770+0300][167.343s][info][gc,stats       ]   Scan Concurrent Roots             147 us, parallelism: 0.42x
[2021-02-28T14:27:54.770+0300][167.343s][info][gc,stats       ]     FCS: <total>                     62 us
[2021-02-28T14:27:54.770+0300][167.343s][info][gc,stats       ]     FCS: JNI Handles Roots            2 us, workers (us):   2,   0,   0, 
[2021-02-28T14:27:54.770+0300][167.343s][info][gc,stats       ]     FCS: VM Global Roots              2 us, workers (us):   2,   0,   0, 
[2021-02-28T14:27:54.770+0300][167.343s][info][gc,stats       ]     FCS: CLDG Roots                  58 us, workers (us):  58, ---, ---, 
[2021-02-28T14:27:54.770+0300][167.343s][info][gc,stats       ]   Mark                           447129 us
[2021-02-28T14:27:54.770+0300][167.343s][info][gc,stats       ]     Finish Queues                445388 us
[2021-02-28T14:27:54.770+0300][167.343s][info][gc,stats       ]     Weak References                 182 us
[2021-02-28T14:27:54.770+0300][167.343s][info][gc,stats       ]       Process                       177 us
[2021-02-28T14:27:54.770+0300][167.343s][info][gc,stats       ]     System Purge                    100 us
[2021-02-28T14:27:54.770+0300][167.343s][info][gc,stats       ]       Unload Classes               1118 us
[2021-02-28T14:27:54.770+0300][167.343s][info][gc,stats       ]       Weak Roots                    100 us
[2021-02-28T14:27:54.770+0300][167.343s][info][gc,stats       ]       CLDG                           35 us
[2021-02-28T14:27:54.770+0300][167.343s][info][gc,stats       ]   Calculate Addresses            177840 us
[2021-02-28T14:27:54.770+0300][167.343s][info][gc,stats       ]     Regular Objects              177804 us
[2021-02-28T14:27:54.770+0300][167.343s][info][gc,stats       ]     Humongous Objects                16 us
[2021-02-28T14:27:54.770+0300][167.343s][info][gc,stats       ]   Adjust Pointers                197939 us
[2021-02-28T14:27:54.770+0300][167.343s][info][gc,stats       ]     FA: <total>                    1633 us
[2021-02-28T14:27:54.770+0300][167.343s][info][gc,stats       ]     FA: Thread Roots                 72 us, workers (us):   1,  71,   1, 
[2021-02-28T14:27:54.770+0300][167.343s][info][gc,stats       ]     FA: Code Cache Roots           1463 us, workers (us): 539, 403, 522, 
[2021-02-28T14:27:54.770+0300][167.343s][info][gc,stats       ]     FA: Universe Roots                1 us, workers (us):   1, ---, ---, 
[2021-02-28T14:27:54.770+0300][167.343s][info][gc,stats       ]     FA: JNI Handles Roots             2 us, workers (us):   1,   0,   0, 
[2021-02-28T14:27:54.770+0300][167.343s][info][gc,stats       ]     FA: JVMTI Weak Roots              0 us, workers (us):   0, ---, ---, 
[2021-02-28T14:27:54.770+0300][167.343s][info][gc,stats       ]     FA: JFR Weak Roots                1 us, workers (us):   1, ---, ---, 
[2021-02-28T14:27:54.770+0300][167.343s][info][gc,stats       ]     FA: JNI Weak Roots                0 us, workers (us):   0,   0,   0, 
[2021-02-28T14:27:54.770+0300][167.343s][info][gc,stats       ]     FA: String Table Roots           51 us, workers (us):  36,  13,   3, 
[2021-02-28T14:27:54.770+0300][167.343s][info][gc,stats       ]     FA: Resolved Table Roots          4 us, workers (us):   1,   2,   1, 
[2021-02-28T14:27:54.770+0300][167.343s][info][gc,stats       ]     FA: VM Global Roots               1 us, workers (us):   1,   0,   0, 
[2021-02-28T14:27:54.770+0300][167.343s][info][gc,stats       ]     FA: VM Weak Roots                 2 us, workers (us):   1,   0,   1, 
[2021-02-28T14:27:54.770+0300][167.343s][info][gc,stats       ]     FA: Synchronizer Roots            0 us, workers (us):   0, ---, ---, 
[2021-02-28T14:27:54.770+0300][167.343s][info][gc,stats       ]     FA: Management Roots              1 us, workers (us):   1, ---, ---, 
[2021-02-28T14:27:54.770+0300][167.343s][info][gc,stats       ]     FA: CLDG Roots                   34 us, workers (us): ---,  34, ---, 
[2021-02-28T14:27:54.770+0300][167.343s][info][gc,stats       ]     FA: JVMTI Roots                   0 us, workers (us):   0, ---, ---, 
[2021-02-28T14:27:54.770+0300][167.344s][info][gc,stats       ]   Copy Objects                   182786 us
[2021-02-28T14:27:54.770+0300][167.344s][info][gc,stats       ]     Regular Objects              182244 us
[2021-02-28T14:27:54.770+0300][167.344s][info][gc,stats       ]     Humongous Objects                12 us
[2021-02-28T14:27:54.770+0300][167.344s][info][gc,stats       ]     Reset Complete Bitmap           480 us
[2021-02-28T14:27:54.770+0300][167.344s][info][gc,stats       ]     Rebuild Region Sets              50 us
[2021-02-28T14:27:54.770+0300][167.344s][info][gc,stats       ]   Post Heap Dump                      1 us
[2021-02-28T14:27:54.770+0300][167.344s][info][gc,stats       ] Pacing                            32994 us
[2021-02-28T14:27:54.770+0300][167.344s][info][gc,stats       ] 
[2021-02-28T14:27:54.770+0300][167.344s][info][gc,stats       ] Allocation pacing accrued:
[2021-02-28T14:27:54.770+0300][167.344s][info][gc,stats       ]      11 of  1276 ms (  0.9%): Notification Thread
[2021-02-28T14:27:54.770+0300][167.344s][info][gc,stats       ]      11 of  1276 ms (  0.9%): RMI TCP Connection(5)-172.22.16.1
[2021-02-28T14:27:54.770+0300][167.344s][info][gc,stats       ]      11 of  1276 ms (  0.9%): RMI TCP Connection(7)-172.22.16.1
[2021-02-28T14:27:54.770+0300][167.344s][info][gc,stats       ]      33 of  1276 ms (  2.6%): <total>
[2021-02-28T14:27:54.770+0300][167.344s][info][gc,stats       ]       2 of  1276 ms (  0.1%): <average total>
[2021-02-28T14:27:54.770+0300][167.344s][info][gc,stats       ]      11 of  1276 ms (  0.9%): <average non-zero>
[2021-02-28T14:27:54.770+0300][167.344s][info][gc,stats       ] 
[2021-02-28T14:27:54.770+0300][167.344s][info][gc,metaspace   ] Metaspace: 7093K(7808K)->7044K(7808K) NonClass: 6368K(6912K)->6326K(6912K) Class: 725K(896K)->718K(896K)
[2021-02-28T14:27:54.770+0300][167.344s][info][gc,ergo        ] Pacer for Idle. Initial: 20971K, Alloc Tax Rate: 1.0x
[2021-02-28T14:27:54.772+0300][167.345s][info][gc             ] Failed to allocate TLAB, 2672B
[2021-02-28T14:27:54.772+0300][167.345s][info][gc             ] Cancelling GC: Allocation Failure
[2021-02-28T14:27:54.773+0300][167.346s][info][gc             ] Trigger: Handle Allocation Failure
[2021-02-28T14:27:54.773+0300][167.346s][info][gc,ergo        ] Free: 0B, Max: 0B regular, 0B humongous, Frag: 0% external, 0% internal; Reserve: 43008K, Max: 512K
[2021-02-28T14:27:54.773+0300][167.346s][info][gc,start       ] GC(99) Pause Degenerated GC (Outside of Cycle)
[2021-02-28T14:27:54.773+0300][167.346s][info][gc,task        ] GC(99) Using 3 of 3 workers for stw degenerated gc
[2021-02-28T14:27:54.773+0300][167.346s][info][gc,ergo        ] GC(99) Pacer for Reset. Non-Taxable: 1024M
[2021-02-28T14:27:54.773+0300][167.346s][info][gc,ergo        ] GC(99) Pacer for Mark. Expected Live: 1864M, Free: 0B, Non-Taxable: 0B, Alloc Tax Rate: infx
[2021-02-28T14:27:55.195+0300][167.767s][info][gc,ergo        ] GC(99) Adaptive CSet Selection. Target Free: 145M, Actual Free: 43008K, Max CSet: 43690K, Min Garbage: 103M
[2021-02-28T14:27:55.195+0300][167.767s][info][gc,ergo        ] GC(99) Collectable Garbage: 222K (100%), Immediate: 0B (0%), CSet: 222K (100%)
[2021-02-28T14:27:55.195+0300][167.767s][info][gc,ergo        ] GC(99) Pacer for Evacuation. Used CSet: 43516K, Free: 16008B, Non-Taxable: 1600B, Alloc Tax Rate: 6804.1x
[2021-02-28T14:27:55.204+0300][167.776s][info][gc             ] GC(99) Cancelling GC: Allocation Failure During Evacuation
[2021-02-28T14:27:55.205+0300][167.778s][info][gc             ] GC(99) Cannot finish degeneration, upgrading to Full GC
[2021-02-28T14:27:55.206+0300][167.779s][info][gc,phases,start] GC(99) Phase 1: Mark live objects
[2021-02-28T14:27:55.649+0300][168.222s][info][gc,phases      ] GC(99) Phase 1: Mark live objects 442.890ms
[2021-02-28T14:27:55.649+0300][168.222s][info][gc,phases,start] GC(99) Phase 2: Compute new object addresses
[2021-02-28T14:27:55.825+0300][168.398s][info][gc,phases      ] GC(99) Phase 2: Compute new object addresses 175.709ms
[2021-02-28T14:27:55.825+0300][168.398s][info][gc,phases,start] GC(99) Phase 3: Adjust pointers
[2021-02-28T14:27:56.023+0300][168.595s][info][gc,phases      ] GC(99) Phase 3: Adjust pointers 197.191ms
[2021-02-28T14:27:56.023+0300][168.595s][info][gc,phases,start] GC(99) Phase 4: Move objects
[2021-02-28T14:27:56.206+0300][168.778s][info][gc,phases      ] GC(99) Phase 4: Move objects 183.504ms
[2021-02-28T14:27:56.206+0300][168.779s][info][gc,ergo        ] GC(99) Bad progress for free space: 242K, need 10485K
[2021-02-28T14:27:56.206+0300][168.779s][info][gc             ] GC(99) Pause Degenerated GC (Outside of Cycle) 981M->981M(1024M) 1432.707ms
[2021-02-28T14:27:56.206+0300][168.779s][info][gc,ergo        ] Free: 212K, Max: 212K regular, 0B humongous, Frag: 0% external, 58% internal; Reserve: 43008K, Max: 512K
[2021-02-28T14:27:56.206+0300][168.779s][info][gc,stats       ] 
[2021-02-28T14:27:56.206+0300][168.779s][info][gc,stats       ] All times are wall-clock times, except per-root-class counters, that are sum over
[2021-02-28T14:27:56.206+0300][168.779s][info][gc,stats       ] all workers. Dividing the <total> over the root stage time estimates parallelism.
[2021-02-28T14:27:56.206+0300][168.779s][info][gc,stats       ] 
[2021-02-28T14:27:56.206+0300][168.779s][info][gc,stats       ]   Manage TLABs                        3 us
[2021-02-28T14:27:56.206+0300][168.779s][info][gc,stats       ]   Update Region States               81 us
[2021-02-28T14:27:56.206+0300][168.779s][info][gc,stats       ]   Scan Roots                        101 us, parallelism: 1.33x
[2021-02-28T14:27:56.206+0300][168.779s][info][gc,stats       ]     S: <total>                      134 us
[2021-02-28T14:27:56.206+0300][168.779s][info][gc,stats       ]     S: Thread Roots                 130 us, workers (us):  55,  45,  30, 
[2021-02-28T14:27:56.206+0300][168.779s][info][gc,stats       ]     S: Universe Roots                 2 us, workers (us):   2, ---, ---, 
[2021-02-28T14:27:56.206+0300][168.779s][info][gc,stats       ]     S: Synchronizer Roots             0 us, workers (us): ---,   0, ---, 
[2021-02-28T14:27:56.206+0300][168.779s][info][gc,stats       ]     S: Management Roots               1 us, workers (us): ---,   1, ---, 
[2021-02-28T14:27:56.206+0300][168.779s][info][gc,stats       ]     S: JVMTI Roots                    0 us, workers (us):   0, ---, ---, 
[2021-02-28T14:27:56.206+0300][168.779s][info][gc,stats       ]   Finish Queues                  419902 us
[2021-02-28T14:27:56.206+0300][168.779s][info][gc,stats       ]   Weak References                    27 us
[2021-02-28T14:27:56.206+0300][168.779s][info][gc,stats       ]     Process                          23 us
[2021-02-28T14:27:56.206+0300][168.779s][info][gc,stats       ]   System Purge                       94 us
[2021-02-28T14:27:56.206+0300][168.779s][info][gc,stats       ]     Unload Classes                  594 us
[2021-02-28T14:27:56.206+0300][168.779s][info][gc,stats       ]     Weak Roots                       94 us
[2021-02-28T14:27:56.206+0300][168.779s][info][gc,stats       ]     CLDG                              0 us
[2021-02-28T14:27:56.206+0300][168.779s][info][gc,stats       ]   Update Region States               94 us
[2021-02-28T14:27:56.206+0300][168.779s][info][gc,stats       ]   Manage GC/TLABs                     2 us
[2021-02-28T14:27:56.206+0300][168.779s][info][gc,stats       ]   Choose Collection Set             119 us
[2021-02-28T14:27:56.206+0300][168.779s][info][gc,stats       ]   Rebuild Free Set                   22 us
[2021-02-28T14:27:56.206+0300][168.779s][info][gc,stats       ]   Initial Evacuation                 15 us
[2021-02-28T14:27:56.206+0300][168.779s][info][gc,stats       ] Pause Degenerated GC (G)        1432980 us
[2021-02-28T14:27:56.206+0300][168.779s][info][gc,stats       ] Pause Degenerated GC (N)        1432722 us
[2021-02-28T14:27:56.206+0300][168.779s][info][gc,stats       ]   Degen Mark Roots                   93 us, parallelism: 0.53x
[2021-02-28T14:27:56.206+0300][168.779s][info][gc,stats       ]     DM: <total>                      49 us
[2021-02-28T14:27:56.206+0300][168.779s][info][gc,stats       ]     DM: JNI Handles Roots             2 us, workers (us):   1,   0,   0, 
[2021-02-28T14:27:56.206+0300][168.779s][info][gc,stats       ]     DM: VM Global Roots               2 us, workers (us):   1,   1,   0, 
[2021-02-28T14:27:56.206+0300][168.779s][info][gc,stats       ]     DM: CLDG Roots                   45 us, workers (us):  45, ---, ---, 
[2021-02-28T14:27:56.206+0300][168.779s][info][gc,stats       ]   Pre Heap Dump                       1 us
[2021-02-28T14:27:56.206+0300][168.779s][info][gc,stats       ]   Prepare                          1139 us
[2021-02-28T14:27:56.206+0300][168.779s][info][gc,stats       ]     Update Roots                    664 us, parallelism: 2.34x
[2021-02-28T14:27:56.206+0300][168.779s][info][gc,stats       ]       FU: <total>                  1557 us
[2021-02-28T14:27:56.206+0300][168.779s][info][gc,stats       ]       FU: Thread Roots               74 us, workers (us):   1,  72,   1, 
[2021-02-28T14:27:56.206+0300][168.779s][info][gc,stats       ]       FU: Code Cache Roots         1416 us, workers (us): 517, 400, 499, 
[2021-02-28T14:27:56.206+0300][168.779s][info][gc,stats       ]       FU: Universe Roots              1 us, workers (us):   1, ---, ---, 
[2021-02-28T14:27:56.206+0300][168.779s][info][gc,stats       ]       FU: JNI Handles Roots           1 us, workers (us):   0,   0,   0, 
[2021-02-28T14:27:56.206+0300][168.779s][info][gc,stats       ]       FU: JVMTI Weak Roots            0 us, workers (us):   0, ---, ---, 
[2021-02-28T14:27:56.206+0300][168.779s][info][gc,stats       ]       FU: JFR Weak Roots              0 us, workers (us):   0, ---, ---, 
[2021-02-28T14:27:56.206+0300][168.779s][info][gc,stats       ]       FU: String Table Roots         39 us, workers (us):  33,   6,   0, 
[2021-02-28T14:27:56.206+0300][168.779s][info][gc,stats       ]       FU: Resolved Table Roots        4 us, workers (us):   2,   2,   0, 
[2021-02-28T14:27:56.206+0300][168.779s][info][gc,stats       ]       FU: VM Global Roots             2 us, workers (us):   2,   0,   0, 
[2021-02-28T14:27:56.206+0300][168.779s][info][gc,stats       ]       FU: VM Weak Roots               2 us, workers (us):   1,   1,   0, 
[2021-02-28T14:27:56.206+0300][168.779s][info][gc,stats       ]       FU: Synchronizer Roots          0 us, workers (us):   0, ---, ---, 
[2021-02-28T14:27:56.206+0300][168.779s][info][gc,stats       ]       FU: Management Roots            1 us, workers (us):   1, ---, ---, 
[2021-02-28T14:27:56.206+0300][168.779s][info][gc,stats       ]       FU: CLDG Roots                 17 us, workers (us): ---,  17, ---, 
[2021-02-28T14:27:56.206+0300][168.779s][info][gc,stats       ]       FU: JVMTI Roots                 0 us, workers (us):   0, ---, ---, 
[2021-02-28T14:27:56.206+0300][168.779s][info][gc,stats       ]   Scan Roots                        118 us, parallelism: 1.11x
[2021-02-28T14:27:56.206+0300][168.779s][info][gc,stats       ]     FS: <total>                     131 us
[2021-02-28T14:27:56.206+0300][168.779s][info][gc,stats       ]     FS: Thread Roots                127 us, workers (us):  62,  36,  28, 
[2021-02-28T14:27:56.206+0300][168.779s][info][gc,stats       ]     FS: Universe Roots                2 us, workers (us):   2, ---, ---, 
[2021-02-28T14:27:56.206+0300][168.779s][info][gc,stats       ]     FS: Synchronizer Roots            0 us, workers (us):   0, ---, ---, 
[2021-02-28T14:27:56.206+0300][168.779s][info][gc,stats       ]     FS: Management Roots              2 us, workers (us):   2, ---, ---, 
[2021-02-28T14:27:56.206+0300][168.779s][info][gc,stats       ]     FS: JVMTI Roots                   0 us, workers (us):   0, ---, ---, 
[2021-02-28T14:27:56.206+0300][168.780s][info][gc,stats       ]   Scan Concurrent Roots             120 us, parallelism: 0.51x
[2021-02-28T14:27:56.206+0300][168.780s][info][gc,stats       ]     FCS: <total>                     61 us
[2021-02-28T14:27:56.206+0300][168.780s][info][gc,stats       ]     FCS: JNI Handles Roots            2 us, workers (us):   1,   0,   0, 
[2021-02-28T14:27:56.206+0300][168.780s][info][gc,stats       ]     FCS: VM Global Roots              2 us, workers (us):   2,   0,   0, 
[2021-02-28T14:27:56.206+0300][168.780s][info][gc,stats       ]     FCS: CLDG Roots                  57 us, workers (us):  57, ---, ---, 
[2021-02-28T14:27:56.206+0300][168.780s][info][gc,stats       ]   Mark                           442847 us
[2021-02-28T14:27:56.206+0300][168.780s][info][gc,stats       ]     Finish Queues                441812 us
[2021-02-28T14:27:56.206+0300][168.780s][info][gc,stats       ]     Weak References                 129 us
[2021-02-28T14:27:56.206+0300][168.780s][info][gc,stats       ]       Process                       123 us
[2021-02-28T14:27:56.206+0300][168.780s][info][gc,stats       ]     System Purge                     45 us
[2021-02-28T14:27:56.206+0300][168.780s][info][gc,stats       ]       Unload Classes                604 us
[2021-02-28T14:27:56.206+0300][168.780s][info][gc,stats       ]       Weak Roots                     45 us
[2021-02-28T14:27:56.206+0300][168.780s][info][gc,stats       ]       CLDG                            0 us
[2021-02-28T14:27:56.206+0300][168.780s][info][gc,stats       ]   Calculate Addresses            175694 us
[2021-02-28T14:27:56.206+0300][168.780s][info][gc,stats       ]     Regular Objects              175651 us
[2021-02-28T14:27:56.206+0300][168.780s][info][gc,stats       ]     Humongous Objects                19 us
[2021-02-28T14:27:56.206+0300][168.780s][info][gc,stats       ]   Adjust Pointers                197178 us
[2021-02-28T14:27:56.206+0300][168.780s][info][gc,stats       ]     FA: <total>                    1601 us
[2021-02-28T14:27:56.206+0300][168.780s][info][gc,stats       ]     FA: Thread Roots                 74 us, workers (us):  72,   1,   1, 
[2021-02-28T14:27:56.208+0300][168.780s][info][gc,stats       ]     FA: Code Cache Roots           1425 us, workers (us): 397, 526, 502, 
[2021-02-28T14:27:56.208+0300][168.780s][info][gc,stats       ]     FA: Universe Roots                1 us, workers (us):   1, ---, ---, 
[2021-02-28T14:27:56.208+0300][168.780s][info][gc,stats       ]     FA: JNI Handles Roots             2 us, workers (us):   1,   0,   0, 
[2021-02-28T14:27:56.208+0300][168.780s][info][gc,stats       ]     FA: JVMTI Weak Roots              0 us, workers (us):   0, ---, ---, 
[2021-02-28T14:27:56.208+0300][168.780s][info][gc,stats       ]     FA: JFR Weak Roots                0 us, workers (us):   0, ---, ---, 
[2021-02-28T14:27:56.208+0300][168.780s][info][gc,stats       ]     FA: JNI Weak Roots                0 us, workers (us):   0,   0,   0, 
[2021-02-28T14:27:56.208+0300][168.780s][info][gc,stats       ]     FA: String Table Roots           54 us, workers (us):  27,  13,  13, 
[2021-02-28T14:27:56.208+0300][168.780s][info][gc,stats       ]     FA: Resolved Table Roots          4 us, workers (us):   2,   1,   1, 
[2021-02-28T14:27:56.208+0300][168.780s][info][gc,stats       ]     FA: VM Global Roots               2 us, workers (us):   2,   0,   0, 
[2021-02-28T14:27:56.208+0300][168.780s][info][gc,stats       ]     FA: VM Weak Roots                 2 us, workers (us):   0,   1,   1, 
[2021-02-28T14:27:56.208+0300][168.780s][info][gc,stats       ]     FA: Synchronizer Roots            0 us, workers (us):   0, ---, ---, 
[2021-02-28T14:27:56.208+0300][168.780s][info][gc,stats       ]     FA: Management Roots              1 us, workers (us):   1, ---, ---, 
[2021-02-28T14:27:56.208+0300][168.780s][info][gc,stats       ]     FA: CLDG Roots                   35 us, workers (us):  35, ---, ---, 
[2021-02-28T14:27:56.208+0300][168.780s][info][gc,stats       ]     FA: JVMTI Roots                   0 us, workers (us):   0, ---, ---, 
[2021-02-28T14:27:56.208+0300][168.780s][info][gc,stats       ]   Copy Objects                   183444 us
[2021-02-28T14:27:56.208+0300][168.780s][info][gc,stats       ]     Regular Objects              182859 us
[2021-02-28T14:27:56.208+0300][168.780s][info][gc,stats       ]     Humongous Objects                13 us
[2021-02-28T14:27:56.208+0300][168.780s][info][gc,stats       ]     Reset Complete Bitmap           524 us
[2021-02-28T14:27:56.208+0300][168.780s][info][gc,stats       ]     Rebuild Region Sets              47 us
[2021-02-28T14:27:56.208+0300][168.780s][info][gc,stats       ]   Post Heap Dump                      1 us
[2021-02-28T14:27:56.208+0300][168.780s][info][gc,stats       ] Pacing                          4308143 us
[2021-02-28T14:27:56.208+0300][168.780s][info][gc,stats       ] 
[2021-02-28T14:27:56.208+0300][168.780s][info][gc,stats       ] Allocation pacing accrued:
[2021-02-28T14:27:56.208+0300][168.780s][info][gc,stats       ]    1436 of  1436 ms (100.0%): main
[2021-02-28T14:27:56.208+0300][168.780s][info][gc,stats       ]    1436 of  1436 ms (100.0%): RMI TCP Connection(5)-172.22.16.1
[2021-02-28T14:27:56.208+0300][168.780s][info][gc,stats       ]    1436 of  1436 ms (100.0%): RMI TCP Connection(7)-172.22.16.1
[2021-02-28T14:27:56.208+0300][168.780s][info][gc,stats       ]    4308 of  1436 ms (299.9%): <total>
[2021-02-28T14:27:56.208+0300][168.780s][info][gc,stats       ]     227 of  1436 ms ( 15.8%): <average total>
[2021-02-28T14:27:56.208+0300][168.780s][info][gc,stats       ]    1436 of  1436 ms (100.0%): <average non-zero>
[2021-02-28T14:27:56.208+0300][168.780s][info][gc,stats       ] 
[2021-02-28T14:27:56.208+0300][168.780s][info][gc,metaspace   ] Metaspace: 7044K(7808K)->7044K(7808K) NonClass: 6326K(6912K)->6326K(6912K) Class: 718K(896K)->718K(896K)
[2021-02-28T14:27:56.208+0300][168.780s][info][gc,ergo        ] Pacer for Idle. Initial: 20971K, Alloc Tax Rate: 1.0x
[2021-02-28T14:27:56.209+0300][168.781s][info][gc             ] Failed to allocate TLAB, 2664B
[2021-02-28T14:27:56.209+0300][168.781s][info][gc             ] Cancelling GC: Allocation Failure
[2021-02-28T14:27:56.210+0300][168.782s][info][gc             ] Trigger: Handle Allocation Failure
[2021-02-28T14:27:56.210+0300][168.782s][info][gc,ergo        ] Free: 0B, Max: 0B regular, 0B humongous, Frag: 0% external, 0% internal; Reserve: 43008K, Max: 512K
[2021-02-28T14:27:56.210+0300][168.782s][info][gc,start       ] GC(100) Pause Degenerated GC (Outside of Cycle)
[2021-02-28T14:27:56.210+0300][168.782s][info][gc,task        ] GC(100) Using 3 of 3 workers for stw degenerated gc
[2021-02-28T14:27:56.210+0300][168.782s][info][gc,ergo        ] GC(100) Pacer for Reset. Non-Taxable: 1024M
[2021-02-28T14:27:56.210+0300][168.783s][info][gc,ergo        ] GC(100) Pacer for Mark. Expected Live: 1865M, Free: 0B, Non-Taxable: 0B, Alloc Tax Rate: infx
[2021-02-28T14:27:56.621+0300][169.194s][info][gc,ergo        ] GC(100) Adaptive CSet Selection. Target Free: 145M, Actual Free: 43008K, Max CSet: 43690K, Min Garbage: 103M
[2021-02-28T14:27:56.621+0300][169.194s][info][gc,ergo        ] GC(100) Collectable Garbage: 68664B (100%), Immediate: 0B (0%), CSet: 68664B (100%)
[2021-02-28T14:27:56.621+0300][169.195s][info][gc,ergo        ] GC(100) Pacer for Evacuation. Used CSet: 43517K, Free: 17120B, Non-Taxable: 1712B, Alloc Tax Rate: 6362.7x
[2021-02-28T14:27:56.632+0300][169.204s][info][gc             ] GC(100) Cancelling GC: Allocation Failure During Evacuation
[2021-02-28T14:27:56.634+0300][169.206s][info][gc             ] GC(100) Cannot finish degeneration, upgrading to Full GC
[2021-02-28T14:27:56.634+0300][169.207s][info][gc,phases,start] GC(100) Phase 1: Mark live objects
[2021-02-28T14:27:57.091+0300][169.664s][info][gc,phases      ] GC(100) Phase 1: Mark live objects 457.008ms
[2021-02-28T14:27:57.091+0300][169.664s][info][gc,phases,start] GC(100) Phase 2: Compute new object addresses
[2021-02-28T14:27:57.275+0300][169.847s][info][gc,phases      ] GC(100) Phase 2: Compute new object addresses 183.273ms
[2021-02-28T14:27:57.275+0300][169.848s][info][gc,phases,start] GC(100) Phase 3: Adjust pointers
[2021-02-28T14:27:57.472+0300][170.046s][info][gc,phases      ] GC(100) Phase 3: Adjust pointers 198.009ms
[2021-02-28T14:27:57.472+0300][170.046s][info][gc,phases,start] GC(100) Phase 4: Move objects
[2021-02-28T14:27:57.656+0300][170.228s][info][gc,phases      ] GC(100) Phase 4: Move objects 182.245ms
[2021-02-28T14:27:57.656+0300][170.228s][info][gc,ergo        ] GC(100) Bad progress for free space: 90280B, need 10485K
[2021-02-28T14:27:57.656+0300][170.228s][info][gc             ] GC(100) Pause Degenerated GC (Outside of Cycle) 981M->981M(1024M) 1445.882ms
[2021-02-28T14:27:57.656+0300][170.228s][info][gc,ergo        ] Free: 90280B, Max: 66448B regular, 0B humongous, Frag: 0% external, 99% internal; Reserve: 43008K, Max: 512K
[2021-02-28T14:27:57.656+0300][170.228s][info][gc,stats       ] 
[2021-02-28T14:27:57.656+0300][170.228s][info][gc,stats       ] All times are wall-clock times, except per-root-class counters, that are sum over
[2021-02-28T14:27:57.656+0300][170.228s][info][gc,stats       ] all workers. Dividing the <total> over the root stage time estimates parallelism.
[2021-02-28T14:27:57.656+0300][170.228s][info][gc,stats       ] 
[2021-02-28T14:27:57.656+0300][170.228s][info][gc,stats       ]   Manage TLABs                        3 us
[2021-02-28T14:27:57.656+0300][170.228s][info][gc,stats       ]   Update Region States               85 us
[2021-02-28T14:27:57.656+0300][170.228s][info][gc             ] Failed to allocate TLAB, 2648B
[2021-02-28T14:27:57.656+0300][170.228s][info][gc,stats       ]   Scan Roots                        113 us, parallelism: 0.91x
[2021-02-28T14:27:57.656+0300][170.228s][info][gc             ] Cancelling GC: Allocation Failure
[2021-02-28T14:27:57.656+0300][170.228s][info][gc,stats       ]     S: <total>                      103 us
[2021-02-28T14:27:57.656+0300][170.228s][info][gc,stats       ]     S: Thread Roots                 100 us, workers (us):  53,  33,  14, 
[2021-02-28T14:27:57.656+0300][170.228s][info][gc,stats       ]     S: Universe Roots                 2 us, workers (us):   2, ---, ---, 
[2021-02-28T14:27:57.656+0300][170.228s][info][gc,stats       ]     S: Synchronizer Roots             0 us, workers (us):   0, ---, ---, 
[2021-02-28T14:27:57.656+0300][170.228s][info][gc,stats       ]     S: Management Roots               1 us, workers (us):   1, ---, ---, 
[2021-02-28T14:27:57.656+0300][170.228s][info][gc,stats       ]     S: JVMTI Roots                    0 us, workers (us):   0, ---, ---, 
[2021-02-28T14:27:57.656+0300][170.228s][info][gc,stats       ]   Finish Queues                  410899 us
[2021-02-28T14:27:57.656+0300][170.228s][info][gc,stats       ]   Weak References                    30 us
[2021-02-28T14:27:57.656+0300][170.228s][info][gc,stats       ]     Process                          25 us
[2021-02-28T14:27:57.656+0300][170.228s][info][gc,stats       ]   System Purge                       95 us
[2021-02-28T14:27:57.656+0300][170.228s][info][gc,stats       ]     Unload Classes                  611 us
[2021-02-28T14:27:57.656+0300][170.228s][info][gc,stats       ]     Weak Roots                       95 us
[2021-02-28T14:27:57.656+0300][170.228s][info][gc,stats       ]     CLDG                              0 us
[2021-02-28T14:27:57.656+0300][170.229s][info][gc,stats       ]   Update Region States               85 us
[2021-02-28T14:27:57.656+0300][170.229s][info][gc,stats       ]   Manage GC/TLABs                     2 us
[2021-02-28T14:27:57.656+0300][170.229s][info][gc,stats       ]   Choose Collection Set             124 us
[2021-02-28T14:27:57.656+0300][170.229s][info][gc,stats       ]   Rebuild Free Set                   31 us
[2021-02-28T14:27:57.656+0300][170.229s][info][gc,stats       ]   Initial Evacuation                 15 us
[2021-02-28T14:27:57.656+0300][170.229s][info][gc,stats       ] Pause Degenerated GC (G)        1446145 us
[2021-02-28T14:27:57.656+0300][170.229s][info][gc,stats       ] Pause Degenerated GC (N)        1445902 us
[2021-02-28T14:27:57.656+0300][170.229s][info][gc,stats       ]   Degen Mark Roots                   67 us, parallelism: 0.71x
[2021-02-28T14:27:57.656+0300][170.229s][info][gc,stats       ]     DM: <total>                      48 us
[2021-02-28T14:27:57.656+0300][170.229s][info][gc,stats       ]     DM: JNI Handles Roots             2 us, workers (us):   1,   0,   0, 
[2021-02-28T14:27:57.656+0300][170.229s][info][gc,stats       ]     DM: VM Global Roots               2 us, workers (us):   2,   0,   0, 
[2021-02-28T14:27:57.656+0300][170.229s][info][gc,stats       ]     DM: CLDG Roots                   44 us, workers (us):  44, ---, ---, 
[2021-02-28T14:27:57.656+0300][170.229s][info][gc,stats       ]   Pre Heap Dump                       1 us
[2021-02-28T14:27:57.656+0300][170.229s][info][gc,stats       ]   Prepare                          1166 us
[2021-02-28T14:27:57.656+0300][170.229s][info][gc,stats       ]     Update Roots                    683 us, parallelism: 2.26x
[2021-02-28T14:27:57.656+0300][170.229s][info][gc,stats       ]       FU: <total>                  1545 us
[2021-02-28T14:27:57.656+0300][170.229s][info][gc,stats       ]       FU: Thread Roots               74 us, workers (us):   1,  72,   1, 
[2021-02-28T14:27:57.656+0300][170.229s][info][gc,stats       ]       FU: Code Cache Roots         1403 us, workers (us): 518, 391, 494, 
[2021-02-28T14:27:57.656+0300][170.229s][info][gc,stats       ]       FU: Universe Roots              1 us, workers (us):   1, ---, ---, 
[2021-02-28T14:27:57.656+0300][170.229s][info][gc,stats       ]       FU: JNI Handles Roots           1 us, workers (us):   0,   0,   0, 
[2021-02-28T14:27:57.657+0300][170.229s][info][gc,stats       ]       FU: JVMTI Weak Roots            0 us, workers (us):   0, ---, ---, 
[2021-02-28T14:27:57.657+0300][170.229s][info][gc,stats       ]       FU: JFR Weak Roots              0 us, workers (us):   0, ---, ---, 
[2021-02-28T14:27:57.657+0300][170.229s][info][gc,stats       ]       FU: JNI Weak Roots              0 us, workers (us):   0,   0,   0, 
[2021-02-28T14:27:57.657+0300][170.229s][info][gc,stats       ]       FU: String Table Roots         40 us, workers (us):  33,   7,   0, 
[2021-02-28T14:27:57.657+0300][170.229s][info][gc,stats       ]       FU: Resolved Table Roots        4 us, workers (us):   2,   2,   0, 
[2021-02-28T14:27:57.657+0300][170.229s][info][gc,stats       ]       FU: VM Global Roots             1 us, workers (us):   1,   0,   0, 
[2021-02-28T14:27:57.657+0300][170.229s][info][gc,stats       ]       FU: VM Weak Roots               2 us, workers (us):   1,   0,   0, 
[2021-02-28T14:27:57.657+0300][170.229s][info][gc,stats       ]       FU: Synchronizer Roots          0 us, workers (us):   0, ---, ---, 
[2021-02-28T14:27:57.657+0300][170.229s][info][gc,stats       ]       FU: Management Roots            1 us, workers (us):   1, ---, ---, 
[2021-02-28T14:27:57.657+0300][170.229s][info][gc,stats       ]       FU: CLDG Roots                 18 us, workers (us): ---,  18, ---, 
[2021-02-28T14:27:57.657+0300][170.229s][info][gc,stats       ]       FU: JVMTI Roots                 0 us, workers (us):   0, ---, ---, 
[2021-02-28T14:27:57.657+0300][170.229s][info][gc,stats       ]   Scan Roots                        129 us, parallelism: 1.08x
[2021-02-28T14:27:57.657+0300][170.229s][info][gc,stats       ]     FS: <total>                     139 us
[2021-02-28T14:27:57.657+0300][170.229s][info][gc,stats       ]     FS: Thread Roots                135 us, workers (us):  65,  36,  34, 
[2021-02-28T14:27:57.657+0300][170.229s][info][gc,stats       ]     FS: Universe Roots                2 us, workers (us):   2, ---, ---, 
[2021-02-28T14:27:57.657+0300][170.229s][info][gc,stats       ]     FS: Synchronizer Roots            0 us, workers (us):   0, ---, ---, 
[2021-02-28T14:27:57.657+0300][170.229s][info][gc,stats       ]     FS: Management Roots              2 us, workers (us):   2, ---, ---, 
[2021-02-28T14:27:57.657+0300][170.229s][info][gc,stats       ]     FS: JVMTI Roots                   0 us, workers (us):   0, ---, ---, 
[2021-02-28T14:27:57.657+0300][170.229s][info][gc,stats       ]   Scan Concurrent Roots             115 us, parallelism: 0.54x
[2021-02-28T14:27:57.657+0300][170.229s][info][gc,stats       ]     FCS: <total>                     62 us
[2021-02-28T14:27:57.657+0300][170.229s][info][gc,stats       ]     FCS: JNI Handles Roots            2 us, workers (us):   1,   0,   0, 
[2021-02-28T14:27:57.657+0300][170.229s][info][gc,stats       ]     FCS: VM Global Roots              2 us, workers (us):   2,   0,   0, 
[2021-02-28T14:27:57.657+0300][170.229s][info][gc,stats       ]     FCS: CLDG Roots                  58 us, workers (us):  58, ---, ---, 
[2021-02-28T14:27:57.657+0300][170.229s][info][gc,stats       ]   Mark                           456967 us
[2021-02-28T14:27:57.657+0300][170.229s][info][gc,stats       ]     Finish Queues                455813 us
[2021-02-28T14:27:57.657+0300][170.229s][info][gc,stats       ]     Weak References                 190 us
[2021-02-28T14:27:57.657+0300][170.229s][info][gc,stats       ]       Process                       184 us
[2021-02-28T14:27:57.657+0300][170.229s][info][gc,stats       ]     System Purge                    104 us
[2021-02-28T14:27:57.657+0300][170.229s][info][gc,stats       ]       Unload Classes                596 us
[2021-02-28T14:27:57.657+0300][170.229s][info][gc,stats       ]       Weak Roots                    104 us
[2021-02-28T14:27:57.657+0300][170.229s][info][gc,stats       ]       CLDG                            0 us
[2021-02-28T14:27:57.657+0300][170.229s][info][gc,stats       ]   Calculate Addresses            183259 us
[2021-02-28T14:27:57.657+0300][170.229s][info][gc,stats       ]     Regular Objects              183221 us
[2021-02-28T14:27:57.657+0300][170.229s][info][gc,stats       ]     Humongous Objects                16 us
[2021-02-28T14:27:57.657+0300][170.229s][info][gc,stats       ]   Adjust Pointers                197996 us
[2021-02-28T14:27:57.657+0300][170.229s][info][gc,stats       ]     FA: <total>                    1646 us
[2021-02-28T14:27:57.657+0300][170.229s][info][gc,stats       ]     FA: Thread Roots                 77 us, workers (us):  75,   1,   1, 
[2021-02-28T14:27:57.657+0300][170.229s][info][gc,stats       ]     FA: Code Cache Roots           1467 us, workers (us): 402, 523, 541, 
[2021-02-28T14:27:57.657+0300][170.229s][info][gc,stats       ]     FA: Universe Roots                1 us, workers (us):   1, ---, ---, 
[2021-02-28T14:27:57.657+0300][170.229s][info][gc,stats       ]     FA: JNI Handles Roots             2 us, workers (us):   0,   2,   0, 
[2021-02-28T14:27:57.657+0300][170.229s][info][gc,stats       ]     FA: JVMTI Weak Roots              0 us, workers (us):   0, ---, ---, 
[2021-02-28T14:27:57.657+0300][170.229s][info][gc,stats       ]     FA: JFR Weak Roots                1 us, workers (us):   1, ---, ---, 
[2021-02-28T14:27:57.657+0300][170.229s][info][gc,stats       ]     FA: String Table Roots           54 us, workers (us):  27,  27,   0, 
[2021-02-28T14:27:57.657+0300][170.229s][info][gc,stats       ]     FA: Resolved Table Roots          5 us, workers (us):   2,   1,   2, 
[2021-02-28T14:27:57.657+0300][170.229s][info][gc,stats       ]     FA: VM Global Roots               2 us, workers (us):   2,   0,   0, 
[2021-02-28T14:27:57.657+0300][170.229s][info][gc,stats       ]     FA: VM Weak Roots                 2 us, workers (us):   0,   1,   1, 
[2021-02-28T14:27:57.657+0300][170.229s][info][gc,stats       ]     FA: Synchronizer Roots            0 us, workers (us):   0, ---, ---, 
[2021-02-28T14:27:57.657+0300][170.229s][info][gc,stats       ]     FA: Management Roots              1 us, workers (us): ---,   1, ---, 
[2021-02-28T14:27:57.657+0300][170.229s][info][gc,stats       ]     FA: CLDG Roots                   34 us, workers (us):  34, ---, ---, 
[2021-02-28T14:27:57.657+0300][170.229s][info][gc,stats       ]     FA: JVMTI Roots                   0 us, workers (us):   0, ---, ---, 
[2021-02-28T14:27:57.657+0300][170.229s][info][gc,stats       ]   Copy Objects                   182232 us
[2021-02-28T14:27:57.657+0300][170.229s][info][gc,stats       ]     Regular Objects              181711 us
[2021-02-28T14:27:57.657+0300][170.229s][info][gc,stats       ]     Humongous Objects                13 us
[2021-02-28T14:27:57.657+0300][170.229s][info][gc,stats       ]     Reset Complete Bitmap           457 us
[2021-02-28T14:27:57.657+0300][170.229s][info][gc,stats       ]     Rebuild Region Sets              50 us
[2021-02-28T14:27:57.657+0300][170.229s][info][gc,stats       ]   Post Heap Dump                      1 us
[2021-02-28T14:27:57.657+0300][170.229s][info][gc,stats       ] Pacing                             8288 us
[2021-02-28T14:27:57.657+0300][170.229s][info][gc,stats       ] 
[2021-02-28T14:27:57.657+0300][170.229s][info][gc,stats       ] Allocation pacing accrued:
[2021-02-28T14:27:57.657+0300][170.229s][info][gc,stats       ]       2 of  1449 ms (  0.1%): main
[2021-02-28T14:27:57.657+0300][170.229s][info][gc,stats       ]       2 of  1449 ms (  0.1%): Notification Thread
[2021-02-28T14:27:57.657+0300][170.229s][info][gc,stats       ]       2 of  1449 ms (  0.1%): RMI TCP Connection(5)-172.22.16.1
[2021-02-28T14:27:57.657+0300][170.229s][info][gc,stats       ]       2 of  1449 ms (  0.1%): RMI TCP Connection(7)-172.22.16.1
[2021-02-28T14:27:57.657+0300][170.229s][info][gc,stats       ]       8 of  1449 ms (  0.6%): <total>
[2021-02-28T14:27:57.657+0300][170.229s][info][gc,stats       ]       0 of  1449 ms (  0.0%): <average total>
[2021-02-28T14:27:57.657+0300][170.229s][info][gc,stats       ]       2 of  1449 ms (  0.1%): <average non-zero>
[2021-02-28T14:27:57.657+0300][170.229s][info][gc,stats       ] 
[2021-02-28T14:27:57.657+0300][170.230s][info][gc,metaspace   ] Metaspace: 7048K(7808K)->7048K(7808K) NonClass: 6329K(6912K)->6329K(6912K) Class: 718K(896K)->718K(896K)
[2021-02-28T14:27:57.657+0300][170.230s][info][gc,ergo        ] Pacer for Idle. Initial: 20971K, Alloc Tax Rate: 1.0x
[2021-02-28T14:27:57.659+0300][170.231s][info][gc             ] Trigger: Handle Allocation Failure
[2021-02-28T14:27:57.659+0300][170.231s][info][gc,ergo        ] Free: 0B, Max: 0B regular, 0B humongous, Frag: 0% external, 0% internal; Reserve: 43008K, Max: 512K
[2021-02-28T14:27:57.659+0300][170.231s][info][gc,start       ] GC(101) Pause Full
[2021-02-28T14:27:57.659+0300][170.231s][info][gc,task        ] GC(101) Using 3 of 3 workers for full gc
[2021-02-28T14:27:57.659+0300][170.231s][info][gc,phases,start] GC(101) Phase 1: Mark live objects
[2021-02-28T14:27:58.075+0300][170.648s][info][gc,phases      ] GC(101) Phase 1: Mark live objects 417.118ms
[2021-02-28T14:27:58.075+0300][170.648s][info][gc,phases,start] GC(101) Phase 2: Compute new object addresses
[2021-02-28T14:27:58.263+0300][170.836s][info][gc,phases      ] GC(101) Phase 2: Compute new object addresses 187.223ms
[2021-02-28T14:27:58.263+0300][170.836s][info][gc,phases,start] GC(101) Phase 3: Adjust pointers
[2021-02-28T14:27:58.464+0300][171.036s][info][gc,phases      ] GC(101) Phase 3: Adjust pointers 200.136ms
[2021-02-28T14:27:58.464+0300][171.036s][info][gc,phases,start] GC(101) Phase 4: Move objects
[2021-02-28T14:27:58.644+0300][171.217s][info][gc,phases      ] GC(101) Phase 4: Move objects 180.647ms
[2021-02-28T14:27:58.644+0300][171.217s][info][gc,ergo        ] GC(101) Bad progress for free space: 36056B, need 10485K
[2021-02-28T14:27:58.644+0300][171.217s][info][gc             ] GC(101) Pause Full 981M->981M(1024M) 985.558ms
[2021-02-28T14:27:58.644+0300][171.217s][info][gc,ergo        ] Free: 36056B, Max: 16840B regular, 0B humongous, Frag: 0% external, 99% internal; Reserve: 43008K, Max: 512K
[2021-02-28T14:27:58.644+0300][171.217s][info][gc,stats       ] 
[2021-02-28T14:27:58.644+0300][171.217s][info][gc,stats       ] All times are wall-clock times, except per-root-class counters, that are sum over
[2021-02-28T14:27:58.644+0300][171.217s][info][gc,stats       ] all workers. Dividing the <total> over the root stage time estimates parallelism.
[2021-02-28T14:27:58.644+0300][171.217s][info][gc,stats       ] 
[2021-02-28T14:27:58.644+0300][171.217s][info][gc,stats       ] Pause Full GC (G)                985761 us
[2021-02-28T14:27:58.644+0300][171.217s][info][gc,stats       ] Pause Full GC (N)                985572 us
[2021-02-28T14:27:58.644+0300][171.217s][info][gc,stats       ]   Pre Heap Dump                       0 us
[2021-02-28T14:27:58.644+0300][171.217s][info][gc,stats       ]   Prepare                           133 us
[2021-02-28T14:27:58.644+0300][171.217s][info][gc,stats       ]   Scan Roots                        102 us, parallelism: 1.13x
[2021-02-28T14:27:58.644+0300][171.217s][info][gc,stats       ]     FS: <total>                     116 us
[2021-02-28T14:27:58.644+0300][171.217s][info][gc,stats       ]     FS: Thread Roots                113 us, workers (us):  44,  44,  24, 
[2021-02-28T14:27:58.644+0300][171.217s][info][gc,stats       ]     FS: Universe Roots                2 us, workers (us):   2, ---, ---, 
[2021-02-28T14:27:58.644+0300][171.217s][info][gc,stats       ]     FS: Synchronizer Roots            0 us, workers (us): ---,   0, ---, 
[2021-02-28T14:27:58.644+0300][171.217s][info][gc,stats       ]     FS: Management Roots              1 us, workers (us):   1, ---, ---, 
[2021-02-28T14:27:58.644+0300][171.217s][info][gc             ] Failed to allocate TLAB, 2656B
[2021-02-28T14:27:58.644+0300][171.217s][info][gc,stats       ]     FS: JVMTI Roots                   0 us, workers (us): ---,   0, ---, 
[2021-02-28T14:27:58.644+0300][171.217s][info][gc             ] Cancelling GC: Allocation Failure
[2021-02-28T14:27:58.644+0300][171.217s][info][gc,stats       ]   Scan Concurrent Roots             103 us, parallelism: 0.49x
[2021-02-28T14:27:58.644+0300][171.217s][info][gc,stats       ]     FCS: <total>                     51 us
[2021-02-28T14:27:58.644+0300][171.217s][info][gc,stats       ]     FCS: JNI Handles Roots            2 us, workers (us):   1,   0,   0, 
[2021-02-28T14:27:58.644+0300][171.217s][info][gc,stats       ]     FCS: VM Global Roots              3 us, workers (us):   1,   2,   0, 
[2021-02-28T14:27:58.644+0300][171.217s][info][gc,stats       ]     FCS: CLDG Roots                  46 us, workers (us):  46, ---, ---, 
[2021-02-28T14:27:58.644+0300][171.217s][info][gc,stats       ]   Mark                           417095 us
[2021-02-28T14:27:58.644+0300][171.217s][info][gc,stats       ]     Finish Queues                415994 us
[2021-02-28T14:27:58.644+0300][171.217s][info][gc,stats       ]     Weak References                 188 us
[2021-02-28T14:27:58.644+0300][171.217s][info][gc,stats       ]       Process                       182 us
[2021-02-28T14:27:58.644+0300][171.217s][info][gc,stats       ]     System Purge                     96 us
[2021-02-28T14:27:58.644+0300][171.217s][info][gc,stats       ]       Unload Classes                591 us
[2021-02-28T14:27:58.644+0300][171.217s][info][gc,stats       ]       Weak Roots                     96 us
[2021-02-28T14:27:58.644+0300][171.217s][info][gc,stats       ]       CLDG                            0 us
[2021-02-28T14:27:58.644+0300][171.217s][info][gc,stats       ]   Calculate Addresses            187210 us
[2021-02-28T14:27:58.644+0300][171.217s][info][gc,stats       ]     Regular Objects              187172 us
[2021-02-28T14:27:58.644+0300][171.217s][info][gc,stats       ]     Humongous Objects                17 us
[2021-02-28T14:27:58.644+0300][171.217s][info][gc,stats       ]   Adjust Pointers                200122 us
[2021-02-28T14:27:58.644+0300][171.217s][info][gc,stats       ]     FA: <total>                    1632 us
[2021-02-28T14:27:58.644+0300][171.217s][info][gc,stats       ]     FA: Thread Roots                 77 us, workers (us):   1,  75,   1, 
[2021-02-28T14:27:58.644+0300][171.217s][info][gc,stats       ]     FA: Code Cache Roots           1447 us, workers (us): 537, 396, 514, 
[2021-02-28T14:27:58.644+0300][171.217s][info][gc,stats       ]     FA: Universe Roots                1 us, workers (us):   1, ---, ---, 
[2021-02-28T14:27:58.644+0300][171.217s][info][gc,stats       ]     FA: JNI Handles Roots             2 us, workers (us):   1,   0,   0, 
[2021-02-28T14:27:58.644+0300][171.217s][info][gc,stats       ]     FA: JVMTI Weak Roots              0 us, workers (us):   0, ---, ---, 
[2021-02-28T14:27:58.644+0300][171.217s][info][gc,stats       ]     FA: JFR Weak Roots                0 us, workers (us):   0, ---, ---, 
[2021-02-28T14:27:58.644+0300][171.217s][info][gc,stats       ]     FA: String Table Roots           53 us, workers (us):  35,  17,   0, 
[2021-02-28T14:27:58.644+0300][171.217s][info][gc,stats       ]     FA: Resolved Table Roots          5 us, workers (us):   2,   3,   0, 
[2021-02-28T14:27:58.644+0300][171.217s][info][gc,stats       ]     FA: VM Global Roots               2 us, workers (us):   2,   0,   0, 
[2021-02-28T14:27:58.644+0300][171.217s][info][gc,stats       ]     FA: VM Weak Roots                 2 us, workers (us):   1,   0,   0, 
[2021-02-28T14:27:58.644+0300][171.217s][info][gc,stats       ]     FA: Synchronizer Roots            0 us, workers (us):   0, ---, ---, 
[2021-02-28T14:27:58.644+0300][171.217s][info][gc,stats       ]     FA: Management Roots              2 us, workers (us):   2, ---, ---, 
[2021-02-28T14:27:58.644+0300][171.217s][info][gc,stats       ]     FA: CLDG Roots                   40 us, workers (us): ---,  40, ---, 
[2021-02-28T14:27:58.644+0300][171.217s][info][gc,stats       ]     FA: JVMTI Roots                   0 us, workers (us):   0, ---, ---, 
[2021-02-28T14:27:58.644+0300][171.217s][info][gc,stats       ]   Copy Objects                   180634 us
[2021-02-28T14:27:58.644+0300][171.217s][info][gc,stats       ]     Regular Objects              180095 us
[2021-02-28T14:27:58.644+0300][171.217s][info][gc,stats       ]     Humongous Objects                12 us
[2021-02-28T14:27:58.644+0300][171.217s][info][gc,stats       ]     Reset Complete Bitmap           478 us
[2021-02-28T14:27:58.644+0300][171.217s][info][gc,stats       ]     Rebuild Region Sets              47 us
[2021-02-28T14:27:58.644+0300][171.217s][info][gc,stats       ]   Post Heap Dump                      1 us
[2021-02-28T14:27:58.644+0300][171.217s][info][gc,stats       ] 
[2021-02-28T14:27:58.644+0300][171.218s][info][gc,stats       ] Allocation pacing accrued:
[2021-02-28T14:27:58.644+0300][171.218s][info][gc,stats       ]       0 of   988 ms (  0.0%): <total>
[2021-02-28T14:27:58.644+0300][171.218s][info][gc,stats       ]       0 of   988 ms (  0.0%): <average total>
[2021-02-28T14:27:58.644+0300][171.218s][info][gc,stats       ] 
[2021-02-28T14:27:58.644+0300][171.218s][info][gc,metaspace   ] Metaspace: 7048K(7808K)->7048K(7808K) NonClass: 6329K(6912K)->6329K(6912K) Class: 718K(896K)->718K(896K)
[2021-02-28T14:27:58.644+0300][171.218s][info][gc,ergo        ] Pacer for Idle. Initial: 20971K, Alloc Tax Rate: 1.0x
[2021-02-28T14:27:58.648+0300][171.220s][info][gc             ] Trigger: Handle Allocation Failure
[2021-02-28T14:27:58.648+0300][171.220s][info][gc,ergo        ] Free: 0B, Max: 0B regular, 0B humongous, Frag: 0% external, 0% internal; Reserve: 43008K, Max: 512K
[2021-02-28T14:27:58.648+0300][171.220s][info][gc,start       ] GC(102) Pause Degenerated GC (Outside of Cycle)
[2021-02-28T14:27:58.648+0300][171.220s][info][gc,task        ] GC(102) Using 3 of 3 workers for stw degenerated gc
[2021-02-28T14:27:58.648+0300][171.220s][info][gc,ergo        ] GC(102) Pacer for Reset. Non-Taxable: 1024M
[2021-02-28T14:27:58.648+0300][171.220s][info][gc,ergo        ] GC(102) Pacer for Mark. Expected Live: 2061M, Free: 0B, Non-Taxable: 0B, Alloc Tax Rate: infx
[2021-02-28T14:27:59.068+0300][171.641s][info][gc,ergo        ] GC(102) Adaptive CSet Selection. Target Free: 145M, Actual Free: 43008K, Max CSet: 43690K, Min Garbage: 103M
[2021-02-28T14:27:59.068+0300][171.641s][info][gc,ergo        ] GC(102) Collectable Garbage: 11632B (100%), Immediate: 0B (0%), CSet: 11632B (100%)
[2021-02-28T14:27:59.068+0300][171.642s][info][gc,ergo        ] GC(102) Pacer for Evacuation. Used CSet: 43518K, Free: 16224B, Non-Taxable: 1622B, Alloc Tax Rate: 6714.1x
[2021-02-28T14:27:59.078+0300][171.651s][info][gc             ] GC(102) Cancelling GC: Allocation Failure During Evacuation
[2021-02-28T14:27:59.080+0300][171.652s][info][gc             ] GC(102) Cannot finish degeneration, upgrading to Full GC
[2021-02-28T14:27:59.080+0300][171.653s][info][gc,phases,start] GC(102) Phase 1: Mark live objects
[2021-02-28T14:27:59.525+0300][172.098s][info][gc,phases      ] GC(102) Phase 1: Mark live objects 445.120ms
[2021-02-28T14:27:59.525+0300][172.098s][info][gc,phases,start] GC(102) Phase 2: Compute new object addresses
[2021-02-28T14:27:59.704+0300][172.276s][info][gc,phases      ] GC(102) Phase 2: Compute new object addresses 177.961ms
[2021-02-28T14:27:59.704+0300][172.276s][info][gc,phases,start] GC(102) Phase 3: Adjust pointers
[2021-02-28T14:27:59.906+0300][172.479s][info][gc,phases      ] GC(102) Phase 3: Adjust pointers 202.311ms
[2021-02-28T14:27:59.906+0300][172.479s][info][gc,phases,start] GC(102) Phase 4: Move objects
[2021-02-28T14:28:00.088+0300][172.660s][info][gc,phases      ] GC(102) Phase 4: Move objects 181.245ms
[2021-02-28T14:28:00.088+0300][172.660s][info][gc,ergo        ] GC(102) Bad progress for free space: 542K, need 10485K
[2021-02-28T14:28:00.088+0300][172.660s][info][gc             ] GC(102) Pause Degenerated GC (Outside of Cycle) 981M->981M(1024M) 1440.149ms
[2021-02-28T14:28:00.088+0300][172.660s][info][gc,ergo        ] Free: 542K, Max: 391K regular, 0B humongous, Frag: 0% external, 99% internal; Reserve: 42496K, Max: 512K
[2021-02-28T14:28:00.088+0300][172.660s][info][gc,stats       ] 
[2021-02-28T14:28:00.088+0300][172.660s][info][gc,stats       ] All times are wall-clock times, except per-root-class counters, that are sum over
[2021-02-28T14:28:00.088+0300][172.660s][info][gc,stats       ] all workers. Dividing the <total> over the root stage time estimates parallelism.
[2021-02-28T14:28:00.088+0300][172.660s][info][gc,stats       ] 
[2021-02-28T14:28:00.088+0300][172.660s][info][gc,stats       ]   Manage TLABs                        3 us
[2021-02-28T14:28:00.088+0300][172.660s][info][gc,stats       ]   Update Region States               77 us
[2021-02-28T14:28:00.088+0300][172.660s][info][gc,stats       ]   Scan Roots                         97 us, parallelism: 1.08x
[2021-02-28T14:28:00.088+0300][172.660s][info][gc,stats       ]     S: <total>                      105 us
[2021-02-28T14:28:00.088+0300][172.660s][info][gc,stats       ]     S: Thread Roots                 101 us, workers (us):  47,  40,  13, 
[2021-02-28T14:28:00.088+0300][172.660s][info][gc,stats       ]     S: Universe Roots                 2 us, workers (us):   2, ---, ---, 
[2021-02-28T14:28:00.088+0300][172.660s][info][gc,stats       ]     S: Synchronizer Roots             0 us, workers (us): ---,   0, ---, 
[2021-02-28T14:28:00.088+0300][172.660s][info][gc,stats       ]     S: Management Roots               1 us, workers (us): ---,   1, ---, 
[2021-02-28T14:28:00.088+0300][172.660s][info][gc,stats       ]     S: JVMTI Roots                    0 us, workers (us): ---,   0, ---, 
[2021-02-28T14:28:00.088+0300][172.660s][info][gc,stats       ]   Finish Queues                  420046 us
[2021-02-28T14:28:00.088+0300][172.660s][info][gc,stats       ]   Weak References                    29 us
[2021-02-28T14:28:00.088+0300][172.661s][info][gc,stats       ]     Process                          23 us
[2021-02-28T14:28:00.088+0300][172.661s][info][gc,stats       ]   System Purge                       67 us
[2021-02-28T14:28:00.088+0300][172.661s][info][gc,stats       ]     Unload Classes                  603 us
[2021-02-28T14:28:00.088+0300][172.661s][info][gc,stats       ]     Weak Roots                       67 us
[2021-02-28T14:28:00.088+0300][172.661s][info][gc,stats       ]     CLDG                              0 us
[2021-02-28T14:28:00.088+0300][172.661s][info][gc,stats       ]   Update Region States               89 us
[2021-02-28T14:28:00.088+0300][172.661s][info][gc,stats       ]   Manage GC/TLABs                     2 us
[2021-02-28T14:28:00.088+0300][172.661s][info][gc,stats       ]   Choose Collection Set             118 us
[2021-02-28T14:28:00.088+0300][172.661s][info][gc,stats       ]   Rebuild Free Set                   22 us
[2021-02-28T14:28:00.088+0300][172.661s][info][gc,stats       ]   Initial Evacuation                 15 us
[2021-02-28T14:28:00.088+0300][172.661s][info][gc,stats       ] Pause Degenerated GC (G)        1440395 us
[2021-02-28T14:28:00.088+0300][172.661s][info][gc,stats       ] Pause Degenerated GC (N)        1440165 us
[2021-02-28T14:28:00.088+0300][172.661s][info][gc,stats       ]   Degen Mark Roots                  100 us, parallelism: 0.50x
[2021-02-28T14:28:00.088+0300][172.661s][info][gc,stats       ]     DM: <total>                      50 us
[2021-02-28T14:28:00.088+0300][172.661s][info][gc,stats       ]     DM: JNI Handles Roots             2 us, workers (us):   1,   0,   0, 
[2021-02-28T14:28:00.088+0300][172.661s][info][gc,stats       ]     DM: VM Global Roots               3 us, workers (us):   2,   1,   0, 
[2021-02-28T14:28:00.088+0300][172.661s][info][gc,stats       ]     DM: CLDG Roots                   46 us, workers (us):  46, ---, ---, 
[2021-02-28T14:28:00.088+0300][172.661s][info][gc,stats       ]   Pre Heap Dump                       1 us
[2021-02-28T14:28:00.088+0300][172.661s][info][gc,stats       ]   Prepare                          1155 us
[2021-02-28T14:28:00.088+0300][172.661s][info][gc,stats       ]     Update Roots                    667 us, parallelism: 2.27x
[2021-02-28T14:28:00.088+0300][172.661s][info][gc,stats       ]       FU: <total>                  1512 us
[2021-02-28T14:28:00.088+0300][172.661s][info][gc,stats       ]       FU: Thread Roots               69 us, workers (us):  68,   1,   1, 
[2021-02-28T14:28:00.088+0300][172.661s][info][gc,stats       ]       FU: Code Cache Roots         1382 us, workers (us): 386, 509, 488, 
[2021-02-28T14:28:00.088+0300][172.661s][info][gc,stats       ]       FU: Universe Roots              1 us, workers (us):   1, ---, ---, 
[2021-02-28T14:28:00.088+0300][172.661s][info][gc,stats       ]       FU: JNI Handles Roots           1 us, workers (us):   0,   0,   0, 
[2021-02-28T14:28:00.088+0300][172.661s][info][gc,stats       ]       FU: JVMTI Weak Roots            0 us, workers (us):   0, ---, ---, 
[2021-02-28T14:28:00.088+0300][172.661s][info][gc,stats       ]       FU: JFR Weak Roots              0 us, workers (us):   0, ---, ---, 
[2021-02-28T14:28:00.088+0300][172.661s][info][gc,stats       ]       FU: JNI Weak Roots              0 us, workers (us):   0,   0,   0, 
[2021-02-28T14:28:00.088+0300][172.661s][info][gc,stats       ]       FU: String Table Roots         37 us, workers (us):  31,   6,   0, 
[2021-02-28T14:28:00.088+0300][172.661s][info][gc,stats       ]       FU: Resolved Table Roots        3 us, workers (us):   1,   1,   0, 
[2021-02-28T14:28:00.088+0300][172.661s][info][gc,stats       ]       FU: VM Global Roots             1 us, workers (us):   1,   0,   0, 
[2021-02-28T14:28:00.088+0300][172.661s][info][gc,stats       ]       FU: VM Weak Roots               1 us, workers (us):   0,   1,   0, 
[2021-02-28T14:28:00.088+0300][172.661s][info][gc,stats       ]       FU: Synchronizer Roots          0 us, workers (us):   0, ---, ---, 
[2021-02-28T14:28:00.088+0300][172.661s][info][gc,stats       ]       FU: Management Roots            1 us, workers (us):   1, ---, ---, 
[2021-02-28T14:28:00.088+0300][172.661s][info][gc,stats       ]       FU: CLDG Roots                 15 us, workers (us):  15, ---, ---, 
[2021-02-28T14:28:00.088+0300][172.661s][info][gc,stats       ]       FU: JVMTI Roots                 0 us, workers (us):   0, ---, ---, 
[2021-02-28T14:28:00.088+0300][172.661s][info][gc,stats       ]   Scan Roots                        124 us, parallelism: 1.11x
[2021-02-28T14:28:00.088+0300][172.661s][info][gc,stats       ]     FS: <total>                     137 us
[2021-02-28T14:28:00.088+0300][172.661s][info][gc,stats       ]     FS: Thread Roots                133 us, workers (us):  62,  39,  32, 
[2021-02-28T14:28:00.088+0300][172.661s][info][gc,stats       ]     FS: Universe Roots                2 us, workers (us):   2, ---, ---, 
[2021-02-28T14:28:00.088+0300][172.661s][info][gc,stats       ]     FS: Synchronizer Roots            0 us, workers (us):   0, ---, ---, 
[2021-02-28T14:28:00.088+0300][172.661s][info][gc,stats       ]     FS: Management Roots              1 us, workers (us):   1, ---, ---, 
[2021-02-28T14:28:00.088+0300][172.661s][info][gc,stats       ]     FS: JVMTI Roots                   0 us, workers (us):   0, ---, ---, 
[2021-02-28T14:28:00.088+0300][172.661s][info][gc,stats       ]   Scan Concurrent Roots             117 us, parallelism: 0.53x
[2021-02-28T14:28:00.088+0300][172.661s][info][gc,stats       ]     FCS: <total>                     62 us
[2021-02-28T14:28:00.088+0300][172.661s][info][gc,stats       ]     FCS: JNI Handles Roots            2 us, workers (us):   1,   0,   0, 
[2021-02-28T14:28:00.088+0300][172.661s][info][gc,stats       ]     FCS: VM Global Roots              2 us, workers (us):   2,   0,   0, 
[2021-02-28T14:28:00.088+0300][172.661s][info][gc,stats       ]     FCS: CLDG Roots                  58 us, workers (us):  58, ---, ---, 
[2021-02-28T14:28:00.088+0300][172.661s][info][gc,stats       ]   Mark                           445080 us
[2021-02-28T14:28:00.088+0300][172.661s][info][gc,stats       ]     Finish Queues                443886 us
[2021-02-28T14:28:00.088+0300][172.661s][info][gc,stats       ]     Weak References                 183 us
[2021-02-28T14:28:00.088+0300][172.661s][info][gc,stats       ]       Process                       177 us
[2021-02-28T14:28:00.088+0300][172.661s][info][gc,stats       ]     System Purge                     68 us
[2021-02-28T14:28:00.088+0300][172.661s][info][gc,stats       ]       Unload Classes                682 us
[2021-02-28T14:28:00.088+0300][172.661s][info][gc,stats       ]       Weak Roots                     68 us
[2021-02-28T14:28:00.088+0300][172.661s][info][gc,stats       ]       CLDG                            0 us
[2021-02-28T14:28:00.088+0300][172.661s][info][gc,stats       ]   Calculate Addresses            177944 us
[2021-02-28T14:28:00.088+0300][172.661s][info][gc,stats       ]     Regular Objects              177907 us
[2021-02-28T14:28:00.088+0300][172.661s][info][gc,stats       ]     Humongous Objects                17 us
[2021-02-28T14:28:00.088+0300][172.661s][info][gc,stats       ]   Adjust Pointers                202297 us
[2021-02-28T14:28:00.088+0300][172.661s][info][gc,stats       ]     FA: <total>                    1637 us
[2021-02-28T14:28:00.088+0300][172.661s][info][gc,stats       ]     FA: Thread Roots                 74 us, workers (us):  73,   1,   1, 
[2021-02-28T14:28:00.088+0300][172.661s][info][gc,stats       ]     FA: Code Cache Roots           1462 us, workers (us): 404, 539, 519, 
[2021-02-28T14:28:00.088+0300][172.661s][info][gc,stats       ]     FA: Universe Roots                1 us, workers (us):   1, ---, ---, 
[2021-02-28T14:28:00.088+0300][172.661s][info][gc,stats       ]     FA: JNI Handles Roots             2 us, workers (us):   1,   0,   0, 
[2021-02-28T14:28:00.088+0300][172.661s][info][gc,stats       ]     FA: JVMTI Weak Roots              0 us, workers (us):   0, ---, ---, 
[2021-02-28T14:28:00.088+0300][172.661s][info][gc,stats       ]     FA: JFR Weak Roots                0 us, workers (us):   0, ---, ---, 
[2021-02-28T14:28:00.088+0300][172.661s][info][gc,stats       ]     FA: JNI Weak Roots                0 us, workers (us):   0,   0,   0, 
[2021-02-28T14:28:00.088+0300][172.661s][info][gc,stats       ]     FA: String Table Roots           52 us, workers (us):  36,  14,   2, 
[2021-02-28T14:28:00.088+0300][172.661s][info][gc,stats       ]     FA: Resolved Table Roots          4 us, workers (us):   2,   1,   1, 
[2021-02-28T14:28:00.088+0300][172.661s][info][gc,stats       ]     FA: VM Global Roots               2 us, workers (us):   2,   0,   0, 
[2021-02-28T14:28:00.088+0300][172.661s][info][gc,stats       ]     FA: VM Weak Roots                 2 us, workers (us):   0,   1,   1, 
[2021-02-28T14:28:00.088+0300][172.661s][info][gc,stats       ]     FA: Synchronizer Roots            0 us, workers (us):   0, ---, ---, 
[2021-02-28T14:28:00.088+0300][172.661s][info][gc,stats       ]     FA: Management Roots              1 us, workers (us):   1, ---, ---, 
[2021-02-28T14:28:00.088+0300][172.661s][info][gc,stats       ]     FA: CLDG Roots                   34 us, workers (us):  34, ---, ---, 
[2021-02-28T14:28:00.088+0300][172.661s][info][gc,stats       ]     FA: JVMTI Roots                   0 us, workers (us):   0, ---, ---, 
[2021-02-28T14:28:00.088+0300][172.661s][info][gc,stats       ]   Copy Objects                   181231 us
[2021-02-28T14:28:00.088+0300][172.661s][info][gc,stats       ]     Regular Objects              180708 us
[2021-02-28T14:28:00.088+0300][172.661s][info][gc,stats       ]     Humongous Objects                13 us
[2021-02-28T14:28:00.088+0300][172.661s][info][gc,stats       ]     Reset Complete Bitmap           461 us
[2021-02-28T14:28:00.088+0300][172.661s][info][gc,stats       ]     Rebuild Region Sets              49 us
[2021-02-28T14:28:00.088+0300][172.661s][info][gc,stats       ]   Post Heap Dump                      1 us
[2021-02-28T14:28:00.088+0300][172.661s][info][gc,stats       ] 
[2021-02-28T14:28:00.088+0300][172.661s][info][gc,stats       ] Allocation pacing accrued:
[2021-02-28T14:28:00.088+0300][172.661s][info][gc,stats       ]       0 of  1444 ms (  0.0%): <total>
[2021-02-28T14:28:00.088+0300][172.661s][info][gc,stats       ]       0 of  1444 ms (  0.0%): <average total>
[2021-02-28T14:28:00.088+0300][172.661s][info][gc,stats       ] 
[2021-02-28T14:28:00.088+0300][172.662s][info][gc,metaspace   ] Metaspace: 7048K(7808K)->7055K(7808K) NonClass: 6329K(6912K)->6336K(6912K) Class: 718K(896K)->719K(896K)
[2021-02-28T14:28:00.088+0300][172.662s][info][gc,ergo        ] Pacer for Idle. Initial: 20971K, Alloc Tax Rate: 1.0x
[2021-02-28T14:28:00.090+0300][172.662s][info][gc             ] Failed to allocate TLAB, 2664B
[2021-02-28T14:28:00.090+0300][172.662s][info][gc             ] Cancelling GC: Allocation Failure
[2021-02-28T14:28:00.091+0300][172.663s][info][gc             ] Trigger: Handle Allocation Failure
[2021-02-28T14:28:00.091+0300][172.663s][info][gc,ergo        ] Free: 0B, Max: 0B regular, 0B humongous, Frag: 0% external, 0% internal; Reserve: 42496K, Max: 512K
[2021-02-28T14:28:00.091+0300][172.663s][info][gc,start       ] GC(103) Pause Degenerated GC (Outside of Cycle)
[2021-02-28T14:28:00.091+0300][172.663s][info][gc,task        ] GC(103) Using 3 of 3 workers for stw degenerated gc
[2021-02-28T14:28:00.091+0300][172.663s][info][gc,ergo        ] GC(103) Pacer for Reset. Non-Taxable: 1024M
[2021-02-28T14:28:00.091+0300][172.664s][info][gc,ergo        ] GC(103) Pacer for Mark. Expected Live: 2159M, Free: 0B, Non-Taxable: 0B, Alloc Tax Rate: infx
[2021-02-28T14:28:00.513+0300][173.086s][info][gc,ergo        ] GC(103) Adaptive CSet Selection. Target Free: 145M, Actual Free: 42496K, Max CSet: 43690K, Min Garbage: 103M
[2021-02-28T14:28:00.513+0300][173.086s][info][gc,ergo        ] GC(103) Collectable Garbage: 173K (100%), Immediate: 0B (0%), CSet: 173K (100%)
[2021-02-28T14:28:00.513+0300][173.086s][info][gc,ergo        ] GC(103) Pacer for Evacuation. Used CSet: 43517K, Free: 17432B, Non-Taxable: 1743B, Alloc Tax Rate: 6248.7x
[2021-02-28T14:28:00.523+0300][173.096s][info][gc             ] GC(103) Cancelling GC: Allocation Failure During Evacuation
[2021-02-28T14:28:00.525+0300][173.097s][info][gc             ] GC(103) Cannot finish degeneration, upgrading to Full GC
[2021-02-28T14:28:00.525+0300][173.098s][info][gc,phases,start] GC(103) Phase 1: Mark live objects
[2021-02-28T14:28:00.984+0300][173.556s][info][gc,phases      ] GC(103) Phase 1: Mark live objects 457.877ms
[2021-02-28T14:28:00.984+0300][173.556s][info][gc,phases,start] GC(103) Phase 2: Compute new object addresses
[2021-02-28T14:28:01.160+0300][173.733s][info][gc,phases      ] GC(103) Phase 2: Compute new object addresses 176.626ms
[2021-02-28T14:28:01.160+0300][173.733s][info][gc,phases,start] GC(103) Phase 3: Adjust pointers
[2021-02-28T14:28:01.358+0300][173.931s][info][gc,phases      ] GC(103) Phase 3: Adjust pointers 197.721ms
[2021-02-28T14:28:01.358+0300][173.931s][info][gc,phases,start] GC(103) Phase 4: Move objects
[2021-02-28T14:28:01.539+0300][174.112s][info][gc,phases      ] GC(103) Phase 4: Move objects 180.995ms
[2021-02-28T14:28:01.539+0300][174.112s][info][gc,ergo        ] GC(103) Bad progress for free space: 222K, need 10485K
[2021-02-28T14:28:01.539+0300][174.112s][info][gc             ] GC(103) Pause Degenerated GC (Outside of Cycle) 982M->981M(1024M) 1448.599ms
[2021-02-28T14:28:01.539+0300][174.112s][info][gc,ergo        ] Free: 204K, Max: 103K regular, 0B humongous, Frag: 0% external, 99% internal; Reserve: 42496K, Max: 512K
[2021-02-28T14:28:01.539+0300][174.112s][info][gc,stats       ] 
[2021-02-28T14:28:01.539+0300][174.112s][info][gc,stats       ] All times are wall-clock times, except per-root-class counters, that are sum over
[2021-02-28T14:28:01.539+0300][174.112s][info][gc,stats       ] all workers. Dividing the <total> over the root stage time estimates parallelism.
[2021-02-28T14:28:01.539+0300][174.112s][info][gc,stats       ] 
[2021-02-28T14:28:01.539+0300][174.112s][info][gc,stats       ]   Manage TLABs                        3 us
[2021-02-28T14:28:01.539+0300][174.112s][info][gc,stats       ]   Update Region States               75 us
[2021-02-28T14:28:01.539+0300][174.112s][info][gc,stats       ]   Scan Roots                        123 us, parallelism: 1.04x
[2021-02-28T14:28:01.539+0300][174.112s][info][gc,stats       ]     S: <total>                      128 us
[2021-02-28T14:28:01.539+0300][174.112s][info][gc,stats       ]     S: Thread Roots                 124 us, workers (us):  39,  71,  14, 
[2021-02-28T14:28:01.539+0300][174.112s][info][gc,stats       ]     S: Universe Roots                 2 us, workers (us):   2, ---, ---, 
[2021-02-28T14:28:01.539+0300][174.112s][info][gc,stats       ]     S: Synchronizer Roots             0 us, workers (us): ---,   0, ---, 
[2021-02-28T14:28:01.539+0300][174.112s][info][gc,stats       ]     S: Management Roots               1 us, workers (us): ---,   1, ---, 
[2021-02-28T14:28:01.539+0300][174.112s][info][gc,stats       ]     S: JVMTI Roots                    0 us, workers (us): ---,   0, ---, 
[2021-02-28T14:28:01.539+0300][174.112s][info][gc,stats       ]   Finish Queues                  421887 us
[2021-02-28T14:28:01.539+0300][174.112s][info][gc,stats       ]   Weak References                    30 us
[2021-02-28T14:28:01.539+0300][174.112s][info][gc,stats       ]     Process                          23 us
[2021-02-28T14:28:01.539+0300][174.112s][info][gc,stats       ]   System Purge                       54 us
[2021-02-28T14:28:01.539+0300][174.112s][info][gc,stats       ]     Unload Classes                  586 us
[2021-02-28T14:28:01.539+0300][174.112s][info][gc,stats       ]     Weak Roots                       54 us
[2021-02-28T14:28:01.539+0300][174.112s][info][gc,stats       ]     CLDG                              0 us
[2021-02-28T14:28:01.539+0300][174.112s][info][gc,stats       ]   Update Region States               84 us
[2021-02-28T14:28:01.539+0300][174.112s][info][gc,stats       ]   Manage GC/TLABs                     2 us
[2021-02-28T14:28:01.539+0300][174.112s][info][gc,stats       ]   Choose Collection Set             119 us
[2021-02-28T14:28:01.539+0300][174.112s][info][gc,stats       ]   Rebuild Free Set                   22 us
[2021-02-28T14:28:01.539+0300][174.112s][info][gc,stats       ]   Initial Evacuation                 14 us
[2021-02-28T14:28:01.539+0300][174.112s][info][gc,stats       ] Pause Degenerated GC (G)        1448924 us
[2021-02-28T14:28:01.539+0300][174.112s][info][gc,stats       ] Pause Degenerated GC (N)        1448631 us
[2021-02-28T14:28:01.539+0300][174.112s][info][gc,stats       ]   Degen Mark Roots                   68 us, parallelism: 0.73x
[2021-02-28T14:28:01.539+0300][174.112s][info][gc,stats       ]     DM: <total>                      49 us
[2021-02-28T14:28:01.539+0300][174.112s][info][gc,stats       ]     DM: JNI Handles Roots             2 us, workers (us):   1,   0,   0, 
[2021-02-28T14:28:01.539+0300][174.112s][info][gc,stats       ]     DM: VM Global Roots               3 us, workers (us):   1,   1,   0, 
[2021-02-28T14:28:01.539+0300][174.112s][info][gc,stats       ]     DM: CLDG Roots                   45 us, workers (us):  45, ---, ---, 
[2021-02-28T14:28:01.539+0300][174.112s][info][gc,stats       ]   Pre Heap Dump                       1 us
[2021-02-28T14:28:01.539+0300][174.112s][info][gc,stats       ]   Prepare                          1136 us
[2021-02-28T14:28:01.539+0300][174.112s][info][gc,stats       ]     Update Roots                    698 us, parallelism: 2.24x
[2021-02-28T14:28:01.539+0300][174.112s][info][gc,stats       ]       FU: <total>                  1563 us
[2021-02-28T14:28:01.539+0300][174.112s][info][gc,stats       ]       FU: Thread Roots               73 us, workers (us):  72,   1,   1, 
[2021-02-28T14:28:01.539+0300][174.112s][info][gc,stats       ]       FU: Code Cache Roots         1410 us, workers (us): 392, 518, 500, 
[2021-02-28T14:28:01.539+0300][174.112s][info][gc,stats       ]       FU: Universe Roots              1 us, workers (us):   1, ---, ---, 
[2021-02-28T14:28:01.539+0300][174.112s][info][gc,stats       ]       FU: JNI Handles Roots           1 us, workers (us):   0,   1,   0, 
[2021-02-28T14:28:01.539+0300][174.112s][info][gc,stats       ]       FU: JVMTI Weak Roots            0 us, workers (us):   0, ---, ---, 
[2021-02-28T14:28:01.539+0300][174.112s][info][gc,stats       ]       FU: JFR Weak Roots              0 us, workers (us):   0, ---, ---, 
[2021-02-28T14:28:01.539+0300][174.112s][info][gc,stats       ]       FU: String Table Roots         45 us, workers (us):  22,  23,   0, 
[2021-02-28T14:28:01.539+0300][174.112s][info][gc,stats       ]       FU: Resolved Table Roots        4 us, workers (us):   2,   1,   0, 
[2021-02-28T14:28:01.539+0300][174.112s][info][gc,stats       ]       FU: VM Global Roots             2 us, workers (us):   1,   0,   0, 
[2021-02-28T14:28:01.539+0300][174.112s][info][gc,stats       ]       FU: VM Weak Roots               2 us, workers (us):   1,   1,   0, 
[2021-02-28T14:28:01.539+0300][174.112s][info][gc,stats       ]       FU: Synchronizer Roots          1 us, workers (us): ---,   1, ---, 
[2021-02-28T14:28:01.539+0300][174.112s][info][gc,stats       ]       FU: Management Roots            1 us, workers (us): ---,   1, ---, 
[2021-02-28T14:28:01.539+0300][174.112s][info][gc,stats       ]       FU: CLDG Roots                 23 us, workers (us):  23, ---, ---, 
[2021-02-28T14:28:01.539+0300][174.112s][info][gc,stats       ]       FU: JVMTI Roots                 0 us, workers (us):   0, ---, ---, 
[2021-02-28T14:28:01.539+0300][174.112s][info][gc,stats       ]   Scan Roots                        135 us, parallelism: 1.04x
[2021-02-28T14:28:01.539+0300][174.113s][info][gc,stats       ]     FS: <total>                     140 us
[2021-02-28T14:28:01.539+0300][174.113s][info][gc,stats       ]     FS: Thread Roots                136 us, workers (us):  63,  37,  36, 
[2021-02-28T14:28:01.539+0300][174.113s][info][gc,stats       ]     FS: Universe Roots                2 us, workers (us):   2, ---, ---, 
[2021-02-28T14:28:01.539+0300][174.113s][info][gc,stats       ]     FS: Synchronizer Roots            0 us, workers (us):   0, ---, ---, 
[2021-02-28T14:28:01.539+0300][174.113s][info][gc,stats       ]     FS: Management Roots              2 us, workers (us):   2, ---, ---, 
[2021-02-28T14:28:01.539+0300][174.113s][info][gc,stats       ]     FS: JVMTI Roots                   0 us, workers (us):   0, ---, ---, 
[2021-02-28T14:28:01.539+0300][174.113s][info][gc,stats       ]   Scan Concurrent Roots             115 us, parallelism: 0.56x
[2021-02-28T14:28:01.539+0300][174.113s][info][gc,stats       ]     FCS: <total>                     64 us
[2021-02-28T14:28:01.539+0300][174.113s][info][gc,stats       ]     FCS: JNI Handles Roots            3 us, workers (us):   2,   0,   0, 
[2021-02-28T14:28:01.539+0300][174.113s][info][gc,stats       ]     FCS: VM Global Roots              2 us, workers (us):   1,   2,   0, 
[2021-02-28T14:28:01.539+0300][174.113s][info][gc,stats       ]     FCS: CLDG Roots                  58 us, workers (us): ---,  58, ---, 
[2021-02-28T14:28:01.539+0300][174.113s][info][gc,stats       ]   Mark                           457833 us
[2021-02-28T14:28:01.539+0300][174.113s][info][gc,stats       ]     Finish Queues                456653 us
[2021-02-28T14:28:01.539+0300][174.113s][info][gc,stats       ]     Weak References                 209 us
[2021-02-28T14:28:01.539+0300][174.113s][info][gc,stats       ]       Process                       201 us
[2021-02-28T14:28:01.539+0300][174.113s][info][gc,stats       ]     System Purge                     99 us
[2021-02-28T14:28:01.539+0300][174.113s][info][gc,stats       ]       Unload Classes                603 us
[2021-02-28T14:28:01.539+0300][174.113s][info][gc,stats       ]       Weak Roots                     99 us
[2021-02-28T14:28:01.539+0300][174.113s][info][gc,stats       ]       CLDG                            0 us
[2021-02-28T14:28:01.539+0300][174.113s][info][gc,stats       ]   Calculate Addresses            176613 us
[2021-02-28T14:28:01.539+0300][174.113s][info][gc,stats       ]     Regular Objects              176576 us
[2021-02-28T14:28:01.541+0300][174.113s][info][gc,stats       ]     Humongous Objects                16 us
[2021-02-28T14:28:01.541+0300][174.113s][info][gc,stats       ]   Adjust Pointers                197708 us
[2021-02-28T14:28:01.541+0300][174.113s][info][gc,stats       ]     FA: <total>                    1638 us
[2021-02-28T14:28:01.541+0300][174.113s][info][gc,stats       ]     FA: Thread Roots                 79 us, workers (us):   1,   1,  77, 
[2021-02-28T14:28:01.541+0300][174.113s][info][gc,stats       ]     FA: Code Cache Roots           1455 us, workers (us): 537, 519, 399, 
[2021-02-28T14:28:01.541+0300][174.113s][info][gc,stats       ]     FA: Universe Roots                1 us, workers (us):   1, ---, ---, 
[2021-02-28T14:28:01.541+0300][174.113s][info][gc,stats       ]     FA: JNI Handles Roots             2 us, workers (us):   0,   1,   0, 
[2021-02-28T14:28:01.541+0300][174.113s][info][gc,stats       ]     FA: JVMTI Weak Roots              0 us, workers (us):   0, ---, ---, 
[2021-02-28T14:28:01.541+0300][174.113s][info][gc,stats       ]     FA: JFR Weak Roots                0 us, workers (us):   0, ---, ---, 
[2021-02-28T14:28:01.541+0300][174.113s][info][gc,stats       ]     FA: String Table Roots           54 us, workers (us):  27,  27,   0, 
[2021-02-28T14:28:01.541+0300][174.113s][info][gc,stats       ]     FA: Resolved Table Roots          4 us, workers (us):   2,   1,   1, 
[2021-02-28T14:28:01.541+0300][174.113s][info][gc,stats       ]     FA: VM Global Roots               2 us, workers (us):   1,   0,   0, 
[2021-02-28T14:28:01.541+0300][174.113s][info][gc,stats       ]     FA: VM Weak Roots                 3 us, workers (us):   1,   2,   0, 
[2021-02-28T14:28:01.541+0300][174.113s][info][gc,stats       ]     FA: Synchronizer Roots            0 us, workers (us): ---,   0, ---, 
[2021-02-28T14:28:01.541+0300][174.113s][info][gc,stats       ]     FA: Management Roots              1 us, workers (us): ---,   1, ---, 
[2021-02-28T14:28:01.541+0300][174.113s][info][gc,stats       ]     FA: CLDG Roots                   36 us, workers (us): ---, ---,  36, 
[2021-02-28T14:28:01.541+0300][174.113s][info][gc,stats       ]     FA: JVMTI Roots                   0 us, workers (us):   0, ---, ---, 
[2021-02-28T14:28:01.541+0300][174.113s][info][gc,stats       ]   Copy Objects                   180981 us
[2021-02-28T14:28:01.541+0300][174.113s][info][gc,stats       ]     Regular Objects              180478 us
[2021-02-28T14:28:01.541+0300][174.113s][info][gc,stats       ]     Humongous Objects                14 us
[2021-02-28T14:28:01.541+0300][174.113s][info][gc,stats       ]     Reset Complete Bitmap           441 us
[2021-02-28T14:28:01.541+0300][174.113s][info][gc,stats       ]     Rebuild Region Sets              48 us
[2021-02-28T14:28:01.541+0300][174.113s][info][gc,stats       ]   Post Heap Dump                      0 us
[2021-02-28T14:28:01.541+0300][174.113s][info][gc,stats       ] Pacing                          4352841 us
[2021-02-28T14:28:01.541+0300][174.113s][info][gc,stats       ] 
[2021-02-28T14:28:01.541+0300][174.113s][info][gc,stats       ] Allocation pacing accrued:
[2021-02-28T14:28:01.541+0300][174.113s][info][gc,stats       ]    1451 of  1452 ms (100.0%): Notification Thread
[2021-02-28T14:28:01.541+0300][174.113s][info][gc,stats       ]    1451 of  1452 ms (100.0%): RMI TCP Connection(5)-172.22.16.1
[2021-02-28T14:28:01.541+0300][174.113s][info][gc,stats       ]    1451 of  1452 ms (100.0%): RMI TCP Connection(7)-172.22.16.1
[2021-02-28T14:28:01.541+0300][174.113s][info][gc,stats       ]    4353 of  1452 ms (299.9%): <total>
[2021-02-28T14:28:01.541+0300][174.113s][info][gc,stats       ]     229 of  1452 ms ( 15.8%): <average total>
[2021-02-28T14:28:01.541+0300][174.113s][info][gc,stats       ]    1451 of  1452 ms (100.0%): <average non-zero>
[2021-02-28T14:28:01.541+0300][174.113s][info][gc,stats       ] 
[2021-02-28T14:28:01.541+0300][174.113s][info][gc,metaspace   ] Metaspace: 7055K(7808K)->7058K(7808K) NonClass: 6336K(6912K)->6338K(6912K) Class: 719K(896K)->720K(896K)
[2021-02-28T14:28:01.541+0300][174.113s][info][gc,ergo        ] Pacer for Idle. Initial: 20971K, Alloc Tax Rate: 1.0x
[2021-02-28T14:28:01.543+0300][174.115s][info][gc             ] Trigger: Free (45160B) is below minimum threshold (102M)
[2021-02-28T14:28:01.543+0300][174.115s][info][gc,ergo        ] Free: 45160B, Max: 44608B regular, 0B humongous, Frag: 0% external, 95% internal; Reserve: 42496K, Max: 512K
[2021-02-28T14:28:01.543+0300][174.115s][info][gc,start       ] GC(104) Concurrent reset
[2021-02-28T14:28:01.543+0300][174.115s][info][gc,task        ] GC(104) Using 1 of 3 workers for concurrent reset
[2021-02-28T14:28:01.543+0300][174.115s][info][gc,ergo        ] GC(104) Pacer for Reset. Non-Taxable: 1024M
[2021-02-28T14:28:01.543+0300][174.115s][info][gc             ] GC(104) Concurrent reset 0.224ms
[2021-02-28T14:28:01.543+0300][174.115s][info][gc,start       ] GC(104) Pause Init Mark (unload classes)
[2021-02-28T14:28:01.543+0300][174.115s][info][gc,task        ] GC(104) Using 3 of 3 workers for init marking
[2021-02-28T14:28:01.543+0300][174.116s][info][gc,ergo        ] GC(104) Pacer for Mark. Expected Live: 2159M, Free: 45160B, Non-Taxable: 4516B, Alloc Tax Rate: 61284.6x
[2021-02-28T14:28:01.543+0300][174.116s][info][gc             ] GC(104) Pause Init Mark (unload classes) 0.277ms
[2021-02-28T14:28:01.543+0300][174.116s][info][gc,start       ] GC(104) Concurrent marking (unload classes)
[2021-02-28T14:28:01.543+0300][174.116s][info][gc,task        ] GC(104) Using 1 of 3 workers for concurrent marking
[2021-02-28T14:28:01.599+0300][174.171s][info][gc             ] Failed to allocate TLAB, 2664B
[2021-02-28T14:28:01.599+0300][174.171s][info][gc             ] Cancelling GC: Allocation Failure
[2021-02-28T14:28:01.599+0300][174.171s][info][gc             ] GC(104) Concurrent marking (unload classes) 55.259ms
[2021-02-28T14:28:01.599+0300][174.171s][info][gc,ergo        ] Free: 0B, Max: 0B regular, 0B humongous, Frag: 0% external, 0% internal; Reserve: 42496K, Max: 512K
[2021-02-28T14:28:01.599+0300][174.171s][info][gc,stats       ] 
[2021-02-28T14:28:01.599+0300][174.171s][info][gc,stats       ] All times are wall-clock times, except per-root-class counters, that are sum over
[2021-02-28T14:28:01.599+0300][174.171s][info][gc,stats       ] all workers. Dividing the <total> over the root stage time estimates parallelism.
[2021-02-28T14:28:01.599+0300][174.171s][info][gc,stats       ] 
[2021-02-28T14:28:01.599+0300][174.171s][info][gc,stats       ] Concurrent Reset                    245 us
[2021-02-28T14:28:01.599+0300][174.171s][info][gc,stats       ] Pause Init Mark (G)                 488 us
[2021-02-28T14:28:01.599+0300][174.171s][info][gc,stats       ] Pause Init Mark (N)                 291 us
[2021-02-28T14:28:01.599+0300][174.171s][info][gc,stats       ]   Manage TLABs                        2 us
[2021-02-28T14:28:01.599+0300][174.171s][info][gc,stats       ]   Update Region States               77 us
[2021-02-28T14:28:01.599+0300][174.171s][info][gc,stats       ]   Scan Roots                        136 us, parallelism: 1.11x
[2021-02-28T14:28:01.599+0300][174.171s][info][gc,stats       ]     S: <total>                      151 us
[2021-02-28T14:28:01.599+0300][174.171s][info][gc,stats       ]     S: Thread Roots                 147 us, workers (us):  53,  81,  13, 
[2021-02-28T14:28:01.599+0300][174.171s][info][gc,stats       ]     S: Universe Roots                 2 us, workers (us):   2, ---, ---, 
[2021-02-28T14:28:01.599+0300][174.171s][info][gc,stats       ]     S: Synchronizer Roots             0 us, workers (us): ---,   0, ---, 
[2021-02-28T14:28:01.599+0300][174.171s][info][gc,stats       ]     S: Management Roots               1 us, workers (us): ---,   1, ---, 
[2021-02-28T14:28:01.599+0300][174.171s][info][gc,stats       ]     S: JVMTI Roots                    0 us, workers (us): ---,   0, ---, 
[2021-02-28T14:28:01.599+0300][174.171s][info][gc,stats       ] Concurrent Marking                55282 us
[2021-02-28T14:28:01.599+0300][174.171s][info][gc,stats       ]   Roots                             180 us, parallelism: 0.33x
[2021-02-28T14:28:01.599+0300][174.171s][info][gc,stats       ]     CM: <total>                      60 us
[2021-02-28T14:28:01.599+0300][174.171s][info][gc,stats       ]     CM: JNI Handles Roots             2 us, workers (us):   2, ---, ---, 
[2021-02-28T14:28:01.599+0300][174.171s][info][gc,stats       ]     CM: VM Global Roots               2 us, workers (us):   2, ---, ---, 
[2021-02-28T14:28:01.599+0300][174.171s][info][gc,stats       ]     CM: CLDG Roots                   56 us, workers (us):  56, ---, ---, 
[2021-02-28T14:28:01.599+0300][174.171s][info][gc,stats       ] Pacing                           235290 us
[2021-02-28T14:28:01.599+0300][174.171s][info][gc,stats       ] 
[2021-02-28T14:28:01.599+0300][174.171s][info][gc,stats       ] Allocation pacing accrued:
[2021-02-28T14:28:01.599+0300][174.171s][info][gc,stats       ]      59 of    58 ms (101.0%): main
[2021-02-28T14:28:01.599+0300][174.171s][info][gc,stats       ]      49 of    58 ms ( 83.5%): Notification Thread
[2021-02-28T14:28:01.599+0300][174.171s][info][gc,stats       ]      12 of    58 ms ( 20.3%): RMI TCP Connection(2)-172.22.16.1
[2021-02-28T14:28:01.599+0300][174.171s][info][gc,stats       ]      57 of    58 ms ( 98.7%): RMI TCP Connection(5)-172.22.16.1
[2021-02-28T14:28:01.599+0300][174.171s][info][gc,stats       ]      59 of    58 ms (100.7%): RMI TCP Connection(7)-172.22.16.1
[2021-02-28T14:28:01.599+0300][174.171s][info][gc,stats       ]     235 of    58 ms (404.2%): <total>
[2021-02-28T14:28:01.599+0300][174.171s][info][gc,stats       ]      12 of    58 ms ( 21.3%): <average total>
[2021-02-28T14:28:01.599+0300][174.171s][info][gc,stats       ]      47 of    58 ms ( 80.8%): <average non-zero>
[2021-02-28T14:28:01.599+0300][174.171s][info][gc,stats       ] 
[2021-02-28T14:28:01.599+0300][174.171s][info][gc,metaspace   ] Metaspace: 7058K(7808K)->7059K(7808K) NonClass: 6338K(6912K)->6339K(6912K) Class: 720K(896K)->720K(896K)
[2021-02-28T14:28:01.599+0300][174.171s][info][gc,ergo        ] Pacer for Idle. Initial: 20971K, Alloc Tax Rate: 1.0x
[2021-02-28T14:28:01.602+0300][174.174s][info][gc             ] Trigger: Handle Allocation Failure
[2021-02-28T14:28:01.602+0300][174.174s][info][gc,ergo        ] Free: 0B, Max: 0B regular, 0B humongous, Frag: 0% external, 0% internal; Reserve: 42496K, Max: 512K
[2021-02-28T14:28:01.602+0300][174.174s][info][gc,start       ] GC(105) Pause Degenerated GC (Mark)
[2021-02-28T14:28:01.602+0300][174.174s][info][gc,task        ] GC(105) Using 3 of 3 workers for stw degenerated gc
[2021-02-28T14:28:02.002+0300][174.575s][info][gc,ergo        ] GC(105) Adaptive CSet Selection. Target Free: 145M, Actual Free: 42496K, Max CSet: 43690K, Min Garbage: 103M
[2021-02-28T14:28:02.002+0300][174.575s][info][gc,ergo        ] GC(105) Collectable Garbage: 49280B (100%), Immediate: 0B (0%), CSet: 49280B (100%)
[2021-02-28T14:28:02.002+0300][174.575s][info][gc,ergo        ] GC(105) Pacer for Evacuation. Used CSet: 43518K, Free: 16952B, Non-Taxable: 1695B, Alloc Tax Rate: 6425.7x
[2021-02-28T14:28:02.012+0300][174.584s][info][gc             ] GC(105) Cancelling GC: Allocation Failure During Evacuation
[2021-02-28T14:28:02.014+0300][174.586s][info][gc             ] GC(105) Cannot finish degeneration, upgrading to Full GC
[2021-02-28T14:28:02.015+0300][174.587s][info][gc,phases,start] GC(105) Phase 1: Mark live objects
[2021-02-28T14:28:02.466+0300][175.038s][info][gc,phases      ] GC(105) Phase 1: Mark live objects 450.730ms
[2021-02-28T14:28:02.466+0300][175.038s][info][gc,phases,start] GC(105) Phase 2: Compute new object addresses
[2021-02-28T14:28:02.647+0300][175.219s][info][gc,phases      ] GC(105) Phase 2: Compute new object addresses 180.973ms
[2021-02-28T14:28:02.647+0300][175.219s][info][gc,phases,start] GC(105) Phase 3: Adjust pointers
[2021-02-28T14:28:02.844+0300][175.416s][info][gc,phases      ] GC(105) Phase 3: Adjust pointers 196.934ms
[2021-02-28T14:28:02.844+0300][175.416s][info][gc,phases,start] GC(105) Phase 4: Move objects
[2021-02-28T14:28:03.026+0300][175.599s][info][gc,phases      ] GC(105) Phase 4: Move objects 183.394ms
[2021-02-28T14:28:03.026+0300][175.600s][info][gc,ergo        ] GC(105) Bad progress for free space: 614K, need 10485K
[2021-02-28T14:28:03.026+0300][175.600s][info][gc             ] GC(105) Pause Degenerated GC (Mark) 982M->982M(1024M) 1425.557ms
[2021-02-28T14:28:03.027+0300][175.600s][info][gc,ergo        ] Free: 614K, Max: 366K regular, 0B humongous, Frag: 0% external, 99% internal; Reserve: 41984K, Max: 512K
[2021-02-28T14:28:03.027+0300][175.600s][info][gc,stats       ] 
[2021-02-28T14:28:03.027+0300][175.600s][info][gc,stats       ] All times are wall-clock times, except per-root-class counters, that are sum over
[2021-02-28T14:28:03.027+0300][175.600s][info][gc,stats       ] all workers. Dividing the <total> over the root stage time estimates parallelism.
[2021-02-28T14:28:03.027+0300][175.600s][info][gc,stats       ] 
[2021-02-28T14:28:03.027+0300][175.600s][info][gc,stats       ]   Finish Queues                  399667 us
[2021-02-28T14:28:03.027+0300][175.600s][info][gc,stats       ]   System Purge                       84 us
[2021-02-28T14:28:03.027+0300][175.600s][info][gc,stats       ]     Unload Classes                  576 us
[2021-02-28T14:28:03.027+0300][175.600s][info][gc,stats       ]     Weak Roots                       84 us
[2021-02-28T14:28:03.027+0300][175.600s][info][gc,stats       ]     CLDG                              0 us
[2021-02-28T14:28:03.027+0300][175.600s][info][gc,stats       ]   Update Region States               46 us
[2021-02-28T14:28:03.027+0300][175.600s][info][gc,stats       ]   Manage GC/TLABs                     4 us
[2021-02-28T14:28:03.027+0300][175.600s][info][gc,stats       ]   Choose Collection Set             124 us
[2021-02-28T14:28:03.027+0300][175.600s][info][gc,stats       ]   Rebuild Free Set                   30 us
[2021-02-28T14:28:03.027+0300][175.600s][info][gc,stats       ]   Initial Evacuation                 19 us
[2021-02-28T14:28:03.027+0300][175.600s][info][gc,stats       ] Pause Degenerated GC (G)        1425823 us
[2021-02-28T14:28:03.027+0300][175.600s][info][gc,stats       ] Pause Degenerated GC (N)        1425571 us
[2021-02-28T14:28:03.027+0300][175.600s][info][gc,stats       ]   Degen Mark Roots                   92 us, parallelism: 0.28x
[2021-02-28T14:28:03.027+0300][175.600s][info][gc,stats       ]     DM: <total>                      26 us
[2021-02-28T14:28:03.027+0300][175.600s][info][gc,stats       ]     DM: JNI Handles Roots             1 us, workers (us):   1,   0,   0, 
[2021-02-28T14:28:03.027+0300][175.600s][info][gc,stats       ]     DM: VM Global Roots               1 us, workers (us):   1,   0,   0, 
[2021-02-28T14:28:03.027+0300][175.600s][info][gc,stats       ]     DM: CLDG Roots                   23 us, workers (us):  23, ---, ---, 
[2021-02-28T14:28:03.027+0300][175.600s][info][gc,stats       ]   Pre Heap Dump                       1 us
[2021-02-28T14:28:03.027+0300][175.600s][info][gc,stats       ]   Prepare                          1129 us
[2021-02-28T14:28:03.027+0300][175.600s][info][gc,stats       ]     Update Roots                    665 us, parallelism: 2.29x
[2021-02-28T14:28:03.027+0300][175.600s][info][gc,stats       ]       FU: <total>                  1526 us
[2021-02-28T14:28:03.027+0300][175.600s][info][gc,stats       ]       FU: Thread Roots               70 us, workers (us):  69,   1,   1, 
[2021-02-28T14:28:03.027+0300][175.600s][info][gc,stats       ]       FU: Code Cache Roots         1388 us, workers (us): 387, 513, 489, 
[2021-02-28T14:28:03.027+0300][175.600s][info][gc,stats       ]       FU: Universe Roots              1 us, workers (us):   1, ---, ---, 
[2021-02-28T14:28:03.027+0300][175.600s][info][gc,stats       ]       FU: JNI Handles Roots           1 us, workers (us):   0,   0,   0, 
[2021-02-28T14:28:03.027+0300][175.600s][info][gc,stats       ]       FU: JVMTI Weak Roots            0 us, workers (us): ---,   0, ---, 
[2021-02-28T14:28:03.027+0300][175.600s][info][gc,stats       ]       FU: JFR Weak Roots              0 us, workers (us):   0, ---, ---, 
[2021-02-28T14:28:03.027+0300][175.600s][info][gc,stats       ]       FU: String Table Roots         41 us, workers (us):  20,  21,   0, 
[2021-02-28T14:28:03.027+0300][175.600s][info][gc,stats       ]       FU: Resolved Table Roots        3 us, workers (us):   2,   1,   0, 
[2021-02-28T14:28:03.027+0300][175.600s][info][gc,stats       ]       FU: VM Global Roots             1 us, workers (us):   1,   0,   0, 
[2021-02-28T14:28:03.027+0300][175.600s][info][gc,stats       ]       FU: VM Weak Roots               1 us, workers (us):   0,   1,   0, 
[2021-02-28T14:28:03.027+0300][175.600s][info][gc,stats       ]       FU: Synchronizer Roots          0 us, workers (us): ---,   0, ---, 
[2021-02-28T14:28:03.027+0300][175.600s][info][gc,stats       ]       FU: Management Roots            1 us, workers (us):   1, ---, ---, 
[2021-02-28T14:28:03.027+0300][175.600s][info][gc,stats       ]       FU: CLDG Roots                 17 us, workers (us):  17, ---, ---, 
[2021-02-28T14:28:03.027+0300][175.600s][info][gc,stats       ]       FU: JVMTI Roots                 0 us, workers (us): ---,   0, ---, 
[2021-02-28T14:28:03.027+0300][175.600s][info][gc,stats       ]   Scan Roots                        112 us, parallelism: 1.29x
[2021-02-28T14:28:03.027+0300][175.600s][info][gc,stats       ]     FS: <total>                     144 us
[2021-02-28T14:28:03.027+0300][175.600s][info][gc,stats       ]     FS: Thread Roots                139 us, workers (us):  59,  53,  28, 
[2021-02-28T14:28:03.027+0300][175.600s][info][gc,stats       ]     FS: Universe Roots                2 us, workers (us):   2, ---, ---, 
[2021-02-28T14:28:03.027+0300][175.600s][info][gc,stats       ]     FS: Synchronizer Roots            0 us, workers (us): ---,   0, ---, 
[2021-02-28T14:28:03.027+0300][175.600s][info][gc,stats       ]     FS: Management Roots              2 us, workers (us): ---,   2, ---, 
[2021-02-28T14:28:03.027+0300][175.600s][info][gc,stats       ]     FS: JVMTI Roots                   0 us, workers (us):   0, ---, ---, 
[2021-02-28T14:28:03.027+0300][175.600s][info][gc,stats       ]   Scan Concurrent Roots             115 us, parallelism: 0.55x
[2021-02-28T14:28:03.027+0300][175.600s][info][gc,stats       ]     FCS: <total>                     63 us
[2021-02-28T14:28:03.027+0300][175.600s][info][gc,stats       ]     FCS: JNI Handles Roots            2 us, workers (us):   1,   0,   0, 
[2021-02-28T14:28:03.027+0300][175.600s][info][gc,stats       ]     FCS: VM Global Roots              3 us, workers (us):   2,   1,   0, 
[2021-02-28T14:28:03.027+0300][175.600s][info][gc,stats       ]     FCS: CLDG Roots                  58 us, workers (us): ---,  58, ---, 
[2021-02-28T14:28:03.027+0300][175.600s][info][gc,stats       ]   Mark                           450689 us
[2021-02-28T14:28:03.027+0300][175.600s][info][gc,stats       ]     Finish Queues                449527 us
[2021-02-28T14:28:03.027+0300][175.600s][info][gc,stats       ]     Weak References                 185 us
[2021-02-28T14:28:03.027+0300][175.600s][info][gc,stats       ]       Process                       179 us
[2021-02-28T14:28:03.027+0300][175.600s][info][gc,stats       ]     System Purge                    104 us
[2021-02-28T14:28:03.027+0300][175.600s][info][gc,stats       ]       Unload Classes                627 us
[2021-02-28T14:28:03.027+0300][175.600s][info][gc,stats       ]       Weak Roots                    103 us
[2021-02-28T14:28:03.027+0300][175.600s][info][gc,stats       ]       CLDG                            0 us
[2021-02-28T14:28:03.027+0300][175.600s][info][gc,stats       ]   Calculate Addresses            180959 us
[2021-02-28T14:28:03.027+0300][175.600s][info][gc,stats       ]     Regular Objects              180915 us
[2021-02-28T14:28:03.027+0300][175.600s][info][gc,stats       ]     Humongous Objects                24 us
[2021-02-28T14:28:03.027+0300][175.601s][info][gc,stats       ]   Adjust Pointers                196919 us
[2021-02-28T14:28:03.027+0300][175.601s][info][gc,stats       ]     FA: <total>                    1776 us
[2021-02-28T14:28:03.027+0300][175.601s][info][gc,stats       ]     FA: Thread Roots                 86 us, workers (us):  71,  15,   1, 
[2021-02-28T14:28:03.027+0300][175.601s][info][gc,stats       ]     FA: Code Cache Roots           1574 us, workers (us): 442, 533, 599, 
[2021-02-28T14:28:03.027+0300][175.601s][info][gc,stats       ]     FA: Universe Roots                1 us, workers (us):   1, ---, ---, 
[2021-02-28T14:28:03.027+0300][175.601s][info][gc,stats       ]     FA: JNI Handles Roots             3 us, workers (us):   1,   0,   2, 
[2021-02-28T14:28:03.027+0300][175.601s][info][gc,stats       ]     FA: JVMTI Weak Roots              0 us, workers (us):   0, ---, ---, 
[2021-02-28T14:28:03.027+0300][175.601s][info][gc,stats       ]     FA: JFR Weak Roots                1 us, workers (us): ---,   1, ---, 
[2021-02-28T14:28:03.027+0300][175.601s][info][gc,stats       ]     FA: JNI Weak Roots                0 us, workers (us):   0,   0,   0, 
[2021-02-28T14:28:03.027+0300][175.601s][info][gc,stats       ]     FA: String Table Roots           61 us, workers (us):  20,  20,  21, 
[2021-02-28T14:28:03.027+0300][175.601s][info][gc,stats       ]     FA: Resolved Table Roots          5 us, workers (us):   2,   2,   1, 
[2021-02-28T14:28:03.027+0300][175.601s][info][gc,stats       ]     FA: VM Global Roots               3 us, workers (us):   1,   2,   0, 
[2021-02-28T14:28:03.027+0300][175.601s][info][gc,stats       ]     FA: VM Weak Roots                 2 us, workers (us):   0,   2,   1, 
[2021-02-28T14:28:03.027+0300][175.601s][info][gc,stats       ]     FA: Synchronizer Roots            0 us, workers (us): ---,   0, ---, 
[2021-02-28T14:28:03.027+0300][175.601s][info][gc,stats       ]     FA: Management Roots              1 us, workers (us): ---, ---,   1, 
[2021-02-28T14:28:03.027+0300][175.601s][info][gc,stats       ]     FA: CLDG Roots                   38 us, workers (us):  38, ---, ---, 
[2021-02-28T14:28:03.027+0300][175.601s][info][gc,stats       ]     FA: JVMTI Roots                   0 us, workers (us): ---,   0, ---, 
[2021-02-28T14:28:03.027+0300][175.601s][info][gc,stats       ]   Copy Objects                   183381 us
[2021-02-28T14:28:03.027+0300][175.601s][info][gc,stats       ]     Regular Objects              182884 us
[2021-02-28T14:28:03.027+0300][175.601s][info][gc,stats       ]     Humongous Objects                13 us
[2021-02-28T14:28:03.029+0300][175.601s][info][gc,stats       ]     Reset Complete Bitmap           430 us
[2021-02-28T14:28:03.029+0300][175.601s][info][gc,stats       ]     Rebuild Region Sets              52 us
[2021-02-28T14:28:03.029+0300][175.601s][info][gc,stats       ]   Post Heap Dump                      1 us
[2021-02-28T14:28:03.029+0300][175.601s][info][gc,stats       ] Pacing                            15126 us
[2021-02-28T14:28:03.029+0300][175.601s][info][gc,stats       ] 
[2021-02-28T14:28:03.029+0300][175.601s][info][gc,stats       ] Allocation pacing accrued:
[2021-02-28T14:28:03.029+0300][175.601s][info][gc,stats       ]      12 of  1430 ms (  0.8%): Notification Thread
[2021-02-28T14:28:03.029+0300][175.601s][info][gc,stats       ]       3 of  1430 ms (  0.2%): RMI TCP Connection(5)-172.22.16.1
[2021-02-28T14:28:03.029+0300][175.601s][info][gc,stats       ]      15 of  1430 ms (  1.1%): <total>
[2021-02-28T14:28:03.029+0300][175.601s][info][gc,stats       ]       1 of  1430 ms (  0.1%): <average total>
[2021-02-28T14:28:03.029+0300][175.601s][info][gc,stats       ]       8 of  1430 ms (  0.5%): <average non-zero>
[2021-02-28T14:28:03.029+0300][175.601s][info][gc,stats       ] 
[2021-02-28T14:28:03.029+0300][175.601s][info][gc,metaspace   ] Metaspace: 7059K(7808K)->7059K(7808K) NonClass: 6339K(6912K)->6339K(6912K) Class: 720K(896K)->720K(896K)
[2021-02-28T14:28:03.029+0300][175.601s][info][gc,ergo        ] Pacer for Idle. Initial: 20971K, Alloc Tax Rate: 1.0x
[2021-02-28T14:28:03.030+0300][175.603s][info][gc             ] Trigger: Free (241K) is below minimum threshold (102M)
[2021-02-28T14:28:03.030+0300][175.603s][info][gc,ergo        ] Free: 236K, Max: 236K regular, 0B humongous, Frag: 0% external, 76% internal; Reserve: 41984K, Max: 512K
[2021-02-28T14:28:03.030+0300][175.603s][info][gc,start       ] GC(106) Concurrent reset
[2021-02-28T14:28:03.030+0300][175.603s][info][gc,task        ] GC(106) Using 1 of 3 workers for concurrent reset
[2021-02-28T14:28:03.030+0300][175.603s][info][gc,ergo        ] GC(106) Pacer for Reset. Non-Taxable: 1024M
[2021-02-28T14:28:03.030+0300][175.603s][info][gc             ] GC(106) Concurrent reset 0.271ms
[2021-02-28T14:28:03.030+0300][175.603s][info][gc,start       ] GC(106) Pause Init Mark (unload classes)
[2021-02-28T14:28:03.030+0300][175.603s][info][gc,task        ] GC(106) Using 3 of 3 workers for init marking
[2021-02-28T14:28:03.030+0300][175.603s][info][gc,ergo        ] GC(106) Pacer for Mark. Expected Live: 2159M, Free: 145K, Non-Taxable: 14899B, Alloc Tax Rate: 18578.8x
[2021-02-28T14:28:03.030+0300][175.604s][info][gc             ] GC(106) Pause Init Mark (unload classes) 0.316ms
[2021-02-28T14:28:03.030+0300][175.604s][info][gc,start       ] GC(106) Concurrent marking (unload classes)
[2021-02-28T14:28:03.030+0300][175.604s][info][gc,task        ] GC(106) Using 1 of 3 workers for concurrent marking
[2021-02-28T14:28:03.162+0300][175.734s][info][gc             ] Failed to allocate TLAB, 2656B
[2021-02-28T14:28:03.162+0300][175.734s][info][gc             ] Cancelling GC: Allocation Failure
[2021-02-28T14:28:03.162+0300][175.734s][info][gc             ] GC(106) Concurrent marking (unload classes) 130.298ms
[2021-02-28T14:28:03.162+0300][175.734s][info][gc,ergo        ] Free: 0B, Max: 0B regular, 0B humongous, Frag: 0% external, 0% internal; Reserve: 41984K, Max: 512K
[2021-02-28T14:28:03.162+0300][175.734s][info][gc,stats       ] 
[2021-02-28T14:28:03.162+0300][175.734s][info][gc,stats       ] All times are wall-clock times, except per-root-class counters, that are sum over
[2021-02-28T14:28:03.162+0300][175.734s][info][gc,stats       ] all workers. Dividing the <total> over the root stage time estimates parallelism.
[2021-02-28T14:28:03.162+0300][175.734s][info][gc,stats       ] 
[2021-02-28T14:28:03.162+0300][175.734s][info][gc,stats       ] Concurrent Reset                    293 us
[2021-02-28T14:28:03.162+0300][175.734s][info][gc,stats       ] Pause Init Mark (G)                 514 us
[2021-02-28T14:28:03.162+0300][175.734s][info][gc,stats       ] Pause Init Mark (N)                 330 us
[2021-02-28T14:28:03.162+0300][175.734s][info][gc,stats       ]   Manage TLABs                        3 us
[2021-02-28T14:28:03.162+0300][175.734s][info][gc,stats       ]   Update Region States               77 us
[2021-02-28T14:28:03.162+0300][175.734s][info][gc,stats       ]   Scan Roots                        173 us, parallelism: 1.12x
[2021-02-28T14:28:03.162+0300][175.734s][info][gc,stats       ]     S: <total>                      194 us
[2021-02-28T14:28:03.162+0300][175.734s][info][gc,stats       ]     S: Thread Roots                 190 us, workers (us):  44, 124,  22, 
[2021-02-28T14:28:03.162+0300][175.734s][info][gc,stats       ]     S: Universe Roots                 2 us, workers (us):   2, ---, ---, 
[2021-02-28T14:28:03.162+0300][175.734s][info][gc,stats       ]     S: Synchronizer Roots             0 us, workers (us): ---,   0, ---, 
[2021-02-28T14:28:03.162+0300][175.734s][info][gc,stats       ]     S: Management Roots               1 us, workers (us): ---,   1, ---, 
[2021-02-28T14:28:03.162+0300][175.734s][info][gc,stats       ]     S: JVMTI Roots                    0 us, workers (us):   0, ---, ---, 
[2021-02-28T14:28:03.162+0300][175.734s][info][gc,stats       ] Concurrent Marking               130321 us
[2021-02-28T14:28:03.162+0300][175.734s][info][gc,stats       ]   Roots                              80 us, parallelism: 0.75x
[2021-02-28T14:28:03.162+0300][175.734s][info][gc,stats       ]     CM: <total>                      60 us
[2021-02-28T14:28:03.162+0300][175.734s][info][gc,stats       ]     CM: JNI Handles Roots             1 us, workers (us):   1, ---, ---, 
[2021-02-28T14:28:03.162+0300][175.734s][info][gc,stats       ]     CM: VM Global Roots               2 us, workers (us):   2, ---, ---, 
[2021-02-28T14:28:03.162+0300][175.734s][info][gc,stats       ]     CM: CLDG Roots                   57 us, workers (us):  57, ---, ---, 
[2021-02-28T14:28:03.162+0300][175.734s][info][gc,stats       ] Pacing                           510284 us
[2021-02-28T14:28:03.162+0300][175.734s][info][gc,stats       ] 
[2021-02-28T14:28:03.162+0300][175.734s][info][gc,stats       ] Allocation pacing accrued:
[2021-02-28T14:28:03.162+0300][175.734s][info][gc,stats       ]     132 of   133 ms ( 98.8%): main
[2021-02-28T14:28:03.162+0300][175.734s][info][gc,stats       ]     121 of   133 ms ( 90.4%): Notification Thread
[2021-02-28T14:28:03.162+0300][175.734s][info][gc,stats       ]     125 of   133 ms ( 93.4%): RMI TCP Connection(5)-172.22.16.1
[2021-02-28T14:28:03.162+0300][175.734s][info][gc,stats       ]     133 of   133 ms ( 99.8%): RMI TCP Connection(7)-172.22.16.1
[2021-02-28T14:28:03.162+0300][175.734s][info][gc,stats       ]     510 of   133 ms (382.5%): <total>
[2021-02-28T14:28:03.162+0300][175.734s][info][gc,stats       ]      27 of   133 ms ( 20.1%): <average total>
[2021-02-28T14:28:03.162+0300][175.734s][info][gc,stats       ]     128 of   133 ms ( 95.6%): <average non-zero>
[2021-02-28T14:28:03.162+0300][175.734s][info][gc,stats       ] 
[2021-02-28T14:28:03.162+0300][175.734s][info][gc,metaspace   ] Metaspace: 7059K(7808K)->7059K(7808K) NonClass: 6339K(6912K)->6339K(6912K) Class: 720K(896K)->720K(896K)
[2021-02-28T14:28:03.162+0300][175.734s][info][gc,ergo        ] Pacer for Idle. Initial: 20971K, Alloc Tax Rate: 1.0x
[2021-02-28T14:28:03.165+0300][175.737s][info][gc             ] Trigger: Handle Allocation Failure
[2021-02-28T14:28:03.165+0300][175.737s][info][gc,ergo        ] Free: 0B, Max: 0B regular, 0B humongous, Frag: 0% external, 0% internal; Reserve: 41984K, Max: 512K
[2021-02-28T14:28:03.165+0300][175.737s][info][gc,start       ] GC(107) Pause Degenerated GC (Mark)
[2021-02-28T14:28:03.165+0300][175.737s][info][gc,task        ] GC(107) Using 3 of 3 workers for stw degenerated gc
[2021-02-28T14:28:03.536+0300][176.109s][info][gc,ergo        ] GC(107) Adaptive CSet Selection. Target Free: 145M, Actual Free: 41984K, Max CSet: 43690K, Min Garbage: 104M
[2021-02-28T14:28:03.536+0300][176.109s][info][gc,ergo        ] GC(107) Collectable Garbage: 227K (100%), Immediate: 0B (0%), CSet: 227K (100%)
[2021-02-28T14:28:03.536+0300][176.109s][info][gc,ergo        ] GC(107) Pacer for Evacuation. Used CSet: 43517K, Free: 15808B, Non-Taxable: 1580B, Alloc Tax Rate: 6890.3x
[2021-02-28T14:28:03.546+0300][176.119s][info][gc             ] GC(107) Cancelling GC: Allocation Failure During Evacuation
[2021-02-28T14:28:03.549+0300][176.121s][info][gc             ] GC(107) Cannot finish degeneration, upgrading to Full GC
[2021-02-28T14:28:03.549+0300][176.122s][info][gc,phases,start] GC(107) Phase 1: Mark live objects
[2021-02-28T14:28:04.002+0300][176.574s][info][gc,phases      ] GC(107) Phase 1: Mark live objects 451.736ms
[2021-02-28T14:28:04.002+0300][176.574s][info][gc,phases,start] GC(107) Phase 2: Compute new object addresses
[2021-02-28T14:28:04.184+0300][176.757s][info][gc,phases      ] GC(107) Phase 2: Compute new object addresses 182.674ms
[2021-02-28T14:28:04.184+0300][176.757s][info][gc,phases,start] GC(107) Phase 3: Adjust pointers
[2021-02-28T14:28:04.381+0300][176.954s][info][gc,phases      ] GC(107) Phase 3: Adjust pointers 196.779ms
[2021-02-28T14:28:04.381+0300][176.954s][info][gc,phases,start] GC(107) Phase 4: Move objects
[2021-02-28T14:28:04.564+0300][177.136s][info][gc,phases      ] GC(107) Phase 4: Move objects 182.220ms
[2021-02-28T14:28:04.564+0300][177.136s][info][gc,ergo        ] GC(107) Bad progress for free space: 344K, need 10485K
[2021-02-28T14:28:04.564+0300][177.136s][info][gc             ] GC(107) Pause Degenerated GC (Mark) 982M->982M(1024M) 1398.940ms
[2021-02-28T14:28:04.564+0300][177.136s][info][gc,ergo        ] Free: 344K, Max: 325K regular, 0B humongous, Frag: 0% external, 99% internal; Reserve: 41984K, Max: 512K
[2021-02-28T14:28:04.564+0300][177.136s][info][gc,stats       ] 
[2021-02-28T14:28:04.564+0300][177.136s][info][gc,stats       ] All times are wall-clock times, except per-root-class counters, that are sum over
[2021-02-28T14:28:04.564+0300][177.136s][info][gc,stats       ] all workers. Dividing the <total> over the root stage time estimates parallelism.
[2021-02-28T14:28:04.564+0300][177.136s][info][gc,stats       ] 
[2021-02-28T14:28:04.564+0300][177.136s][info][gc,stats       ]   Finish Queues                  370690 us
[2021-02-28T14:28:04.564+0300][177.136s][info][gc,stats       ]   System Purge                      116 us
[2021-02-28T14:28:04.564+0300][177.136s][info][gc,stats       ]     Unload Classes                  621 us
[2021-02-28T14:28:04.564+0300][177.136s][info][gc,stats       ]     Weak Roots                      115 us
[2021-02-28T14:28:04.564+0300][177.136s][info][gc,stats       ]     CLDG                              0 us
[2021-02-28T14:28:04.564+0300][177.136s][info][gc,stats       ]   Update Region States               66 us
[2021-02-28T14:28:04.564+0300][177.136s][info][gc,stats       ]   Manage GC/TLABs                     4 us
[2021-02-28T14:28:04.564+0300][177.136s][info][gc,stats       ]   Choose Collection Set             129 us
[2021-02-28T14:28:04.564+0300][177.136s][info][gc,stats       ]   Rebuild Free Set                   22 us
[2021-02-28T14:28:04.564+0300][177.136s][info][gc,stats       ]   Initial Evacuation                 15 us
[2021-02-28T14:28:04.564+0300][177.136s][info][gc,stats       ] Pause Degenerated GC (G)        1399210 us
[2021-02-28T14:28:04.564+0300][177.136s][info][gc,stats       ] Pause Degenerated GC (N)        1398955 us
[2021-02-28T14:28:04.564+0300][177.136s][info][gc,stats       ]   Degen Mark Roots                   95 us, parallelism: 0.28x
[2021-02-28T14:28:04.564+0300][177.136s][info][gc,stats       ]     DM: <total>                      27 us
[2021-02-28T14:28:04.564+0300][177.136s][info][gc,stats       ]     DM: JNI Handles Roots             1 us, workers (us):   1,   0,   0, 
[2021-02-28T14:28:04.564+0300][177.136s][info][gc,stats       ]     DM: VM Global Roots               1 us, workers (us):   1,   0,   0, 
[2021-02-28T14:28:04.564+0300][177.136s][info][gc,stats       ]     DM: CLDG Roots                   24 us, workers (us):  24, ---, ---, 
[2021-02-28T14:28:04.564+0300][177.136s][info][gc,stats       ]   Pre Heap Dump                       1 us
[2021-02-28T14:28:04.564+0300][177.136s][info][gc,stats       ]   Prepare                          1294 us
[2021-02-28T14:28:04.564+0300][177.136s][info][gc,stats       ]     Update Roots                    737 us, parallelism: 2.20x
[2021-02-28T14:28:04.564+0300][177.136s][info][gc,stats       ]       FU: <total>                  1619 us
[2021-02-28T14:28:04.564+0300][177.136s][info][gc,stats       ]       FU: Thread Roots              133 us, workers (us):   1,   1, 131, 
[2021-02-28T14:28:04.564+0300][177.137s][info][gc,stats       ]       FU: Code Cache Roots         1401 us, workers (us): 516, 493, 392, 
[2021-02-28T14:28:04.564+0300][177.137s][info][gc,stats       ]       FU: Universe Roots              1 us, workers (us):   1, ---, ---, 
[2021-02-28T14:28:04.564+0300][177.137s][info][gc,stats       ]       FU: JNI Handles Roots           1 us, workers (us):   1,   0,   0, 
[2021-02-28T14:28:04.564+0300][177.137s][info][gc,stats       ]       FU: JVMTI Weak Roots            0 us, workers (us):   0, ---, ---, 
[2021-02-28T14:28:04.564+0300][177.137s][info][gc,stats       ]       FU: JFR Weak Roots              0 us, workers (us):   0, ---, ---, 
[2021-02-28T14:28:04.564+0300][177.137s][info][gc,stats       ]       FU: String Table Roots         51 us, workers (us):  28,  12,  11, 
[2021-02-28T14:28:04.564+0300][177.137s][info][gc,stats       ]       FU: Resolved Table Roots        5 us, workers (us):   0,   2,   2, 
[2021-02-28T14:28:04.564+0300][177.137s][info][gc,stats       ]       FU: VM Global Roots             2 us, workers (us):   2,   0,   0, 
[2021-02-28T14:28:04.564+0300][177.137s][info][gc,stats       ]       FU: VM Weak Roots               3 us, workers (us):   1,   2,   0, 
[2021-02-28T14:28:04.564+0300][177.137s][info][gc,stats       ]       FU: Synchronizer Roots          0 us, workers (us):   0, ---, ---, 
[2021-02-28T14:28:04.564+0300][177.137s][info][gc,stats       ]       FU: Management Roots            1 us, workers (us):   1, ---, ---, 
[2021-02-28T14:28:04.564+0300][177.137s][info][gc,stats       ]       FU: CLDG Roots                 21 us, workers (us): ---, ---,  21, 
[2021-02-28T14:28:04.564+0300][177.137s][info][gc,stats       ]       FU: JVMTI Roots                 0 us, workers (us):   0, ---, ---, 
[2021-02-28T14:28:04.564+0300][177.137s][info][gc,stats       ]   Scan Roots                        146 us, parallelism: 1.13x
[2021-02-28T14:28:04.564+0300][177.137s][info][gc,stats       ]     FS: <total>                     165 us
[2021-02-28T14:28:04.564+0300][177.137s][info][gc,stats       ]     FS: Thread Roots                160 us, workers (us):  70,  40,  50, 
[2021-02-28T14:28:04.564+0300][177.137s][info][gc,stats       ]     FS: Universe Roots                2 us, workers (us):   2, ---, ---, 
[2021-02-28T14:28:04.564+0300][177.137s][info][gc,stats       ]     FS: Synchronizer Roots            0 us, workers (us):   0, ---, ---, 
[2021-02-28T14:28:04.564+0300][177.137s][info][gc,stats       ]     FS: Management Roots              2 us, workers (us):   2, ---, ---, 
[2021-02-28T14:28:04.564+0300][177.137s][info][gc,stats       ]     FS: JVMTI Roots                   0 us, workers (us):   0, ---, ---, 
[2021-02-28T14:28:04.565+0300][177.137s][info][gc,stats       ]   Scan Concurrent Roots             114 us, parallelism: 0.55x
[2021-02-28T14:28:04.565+0300][177.137s][info][gc,stats       ]     FCS: <total>                     63 us
[2021-02-28T14:28:04.565+0300][177.137s][info][gc,stats       ]     FCS: JNI Handles Roots            2 us, workers (us):   2,   0,   0, 
[2021-02-28T14:28:04.565+0300][177.137s][info][gc,stats       ]     FCS: VM Global Roots              2 us, workers (us):   2,   0,   0, 
[2021-02-28T14:28:04.565+0300][177.137s][info][gc,stats       ]     FCS: CLDG Roots                  59 us, workers (us):  59, ---, ---, 
[2021-02-28T14:28:04.565+0300][177.137s][info][gc,stats       ]   Mark                           451681 us
[2021-02-28T14:28:04.565+0300][177.137s][info][gc,stats       ]     Finish Queues                450029 us
[2021-02-28T14:28:04.565+0300][177.137s][info][gc,stats       ]     Weak References                 198 us
[2021-02-28T14:28:04.565+0300][177.137s][info][gc,stats       ]       Process                       192 us
[2021-02-28T14:28:04.565+0300][177.137s][info][gc,stats       ]     System Purge                    105 us
[2021-02-28T14:28:04.565+0300][177.137s][info][gc,stats       ]       Unload Classes               1053 us
[2021-02-28T14:28:04.565+0300][177.137s][info][gc,stats       ]       Weak Roots                    105 us
[2021-02-28T14:28:04.565+0300][177.137s][info][gc,stats       ]       CLDG                           13 us
[2021-02-28T14:28:04.565+0300][177.137s][info][gc,stats       ]   Calculate Addresses            182660 us
[2021-02-28T14:28:04.565+0300][177.137s][info][gc,stats       ]     Regular Objects              182626 us
[2021-02-28T14:28:04.565+0300][177.137s][info][gc,stats       ]     Humongous Objects                15 us
[2021-02-28T14:28:04.565+0300][177.137s][info][gc,stats       ]   Adjust Pointers                196766 us
[2021-02-28T14:28:04.565+0300][177.137s][info][gc,stats       ]     FA: <total>                    1626 us
[2021-02-28T14:28:04.565+0300][177.137s][info][gc,stats       ]     FA: Thread Roots                 79 us, workers (us):   1,  78,   1, 
[2021-02-28T14:28:04.565+0300][177.137s][info][gc,stats       ]     FA: Code Cache Roots           1446 us, workers (us): 536, 395, 515, 
[2021-02-28T14:28:04.565+0300][177.137s][info][gc,stats       ]     FA: Universe Roots                1 us, workers (us):   1, ---, ---, 
[2021-02-28T14:28:04.565+0300][177.137s][info][gc,stats       ]     FA: JNI Handles Roots             2 us, workers (us):   1,   0,   0, 
[2021-02-28T14:28:04.565+0300][177.137s][info][gc,stats       ]     FA: JVMTI Weak Roots              0 us, workers (us):   0, ---, ---, 
[2021-02-28T14:28:04.565+0300][177.137s][info][gc,stats       ]     FA: JFR Weak Roots                0 us, workers (us):   0, ---, ---, 
[2021-02-28T14:28:04.565+0300][177.137s][info][gc,stats       ]     FA: JNI Weak Roots                0 us, workers (us):   0,   0,   0, 
[2021-02-28T14:28:04.565+0300][177.137s][info][gc,stats       ]     FA: String Table Roots           51 us, workers (us):  36,  14,   0, 
[2021-02-28T14:28:04.565+0300][177.137s][info][gc,stats       ]     FA: Resolved Table Roots          5 us, workers (us):   2,   2,   0, 
[2021-02-28T14:28:04.565+0300][177.137s][info][gc,stats       ]     FA: VM Global Roots               2 us, workers (us):   2,   0,   0, 
[2021-02-28T14:28:04.565+0300][177.137s][info][gc,stats       ]     FA: VM Weak Roots                 2 us, workers (us):   1,   0,   2, 
[2021-02-28T14:28:04.565+0300][177.137s][info][gc,stats       ]     FA: Synchronizer Roots            0 us, workers (us):   0, ---, ---, 
[2021-02-28T14:28:04.565+0300][177.137s][info][gc,stats       ]     FA: Management Roots              1 us, workers (us):   1, ---, ---, 
[2021-02-28T14:28:04.565+0300][177.137s][info][gc,stats       ]     FA: CLDG Roots                   35 us, workers (us): ---,  35, ---, 
[2021-02-28T14:28:04.565+0300][177.137s][info][gc,stats       ]     FA: JVMTI Roots                   0 us, workers (us):   0, ---, ---, 
[2021-02-28T14:28:04.565+0300][177.137s][info][gc,stats       ]   Copy Objects                   182206 us
[2021-02-28T14:28:04.565+0300][177.137s][info][gc,stats       ]     Regular Objects              181700 us
[2021-02-28T14:28:04.565+0300][177.137s][info][gc,stats       ]     Humongous Objects                14 us
[2021-02-28T14:28:04.565+0300][177.137s][info][gc,stats       ]     Reset Complete Bitmap           443 us
[2021-02-28T14:28:04.565+0300][177.137s][info][gc,stats       ]     Rebuild Region Sets              48 us
[2021-02-28T14:28:04.565+0300][177.137s][info][gc,stats       ]   Post Heap Dump                      1 us
[2021-02-28T14:28:04.565+0300][177.137s][info][gc,stats       ] Pacing                            23169 us
[2021-02-28T14:28:04.565+0300][177.137s][info][gc,stats       ] 
[2021-02-28T14:28:04.565+0300][177.137s][info][gc,stats       ] Allocation pacing accrued:
[2021-02-28T14:28:04.565+0300][177.137s][info][gc,stats       ]       3 of  1403 ms (  0.2%): main
[2021-02-28T14:28:04.565+0300][177.137s][info][gc,stats       ]      10 of  1403 ms (  0.7%): Notification Thread
[2021-02-28T14:28:04.565+0300][177.137s][info][gc,stats       ]      10 of  1403 ms (  0.7%): RMI TCP Connection(5)-172.22.16.1
[2021-02-28T14:28:04.565+0300][177.137s][info][gc,stats       ]      23 of  1403 ms (  1.7%): <total>
[2021-02-28T14:28:04.565+0300][177.137s][info][gc,stats       ]       1 of  1403 ms (  0.1%): <average total>
[2021-02-28T14:28:04.565+0300][177.137s][info][gc,stats       ]       8 of  1403 ms (  0.6%): <average non-zero>
[2021-02-28T14:28:04.565+0300][177.137s][info][gc,stats       ] 
[2021-02-28T14:28:04.565+0300][177.137s][info][gc,metaspace   ] Metaspace: 7059K(7808K)->7052K(7808K) NonClass: 6339K(6912K)->6332K(6912K) Class: 720K(896K)->719K(896K)
[2021-02-28T14:28:04.565+0300][177.137s][info][gc,ergo        ] Pacer for Idle. Initial: 20971K, Alloc Tax Rate: 1.0x
[2021-02-28T14:28:04.566+0300][177.138s][info][gc             ] Failed to allocate TLAB, 2648B
[2021-02-28T14:28:04.566+0300][177.138s][info][gc             ] Cancelling GC: Allocation Failure
[2021-02-28T14:28:04.567+0300][177.139s][info][gc             ] Trigger: Handle Allocation Failure
[2021-02-28T14:28:04.567+0300][177.139s][info][gc,ergo        ] Free: 0B, Max: 0B regular, 0B humongous, Frag: 0% external, 0% internal; Reserve: 41984K, Max: 512K
[2021-02-28T14:28:04.567+0300][177.139s][info][gc,start       ] GC(108) Pause Full
[2021-02-28T14:28:04.567+0300][177.139s][info][gc,task        ] GC(108) Using 3 of 3 workers for full gc
[2021-02-28T14:28:04.567+0300][177.139s][info][gc,phases,start] GC(108) Phase 1: Mark live objects
[2021-02-28T14:28:04.986+0300][177.559s][info][gc,phases      ] GC(108) Phase 1: Mark live objects 420.186ms
[2021-02-28T14:28:04.986+0300][177.559s][info][gc,phases,start] GC(108) Phase 2: Compute new object addresses
[2021-02-28T14:28:05.178+0300][177.752s][info][gc,phases      ] GC(108) Phase 2: Compute new object addresses 192.211ms
[2021-02-28T14:28:05.178+0300][177.752s][info][gc,phases,start] GC(108) Phase 3: Adjust pointers
[2021-02-28T14:28:05.379+0300][177.951s][info][gc,phases      ] GC(108) Phase 3: Adjust pointers 199.754ms
[2021-02-28T14:28:05.379+0300][177.951s][info][gc,phases,start] GC(108) Phase 4: Move objects
[2021-02-28T14:28:05.562+0300][178.134s][info][gc,phases      ] GC(108) Phase 4: Move objects 183.055ms
[2021-02-28T14:28:05.562+0300][178.135s][info][gc,ergo        ] GC(108) Bad progress for free space: 104K, need 10485K
[2021-02-28T14:28:05.562+0300][178.135s][info][gc             ] GC(108) Pause Full 982M->982M(1024M) 995.636ms
[2021-02-28T14:28:05.562+0300][178.135s][info][gc,ergo        ] Free: 104K, Max: 87464B regular, 0B humongous, Frag: 0% external, 99% internal; Reserve: 41984K, Max: 512K
[2021-02-28T14:28:05.562+0300][178.135s][info][gc,stats       ] 
[2021-02-28T14:28:05.562+0300][178.135s][info][gc,stats       ] All times are wall-clock times, except per-root-class counters, that are sum over
[2021-02-28T14:28:05.562+0300][178.135s][info][gc,stats       ] all workers. Dividing the <total> over the root stage time estimates parallelism.
[2021-02-28T14:28:05.562+0300][178.135s][info][gc,stats       ] 
[2021-02-28T14:28:05.562+0300][178.135s][info][gc,stats       ] Pause Full GC (G)                995873 us
[2021-02-28T14:28:05.562+0300][178.135s][info][gc,stats       ] Pause Full GC (N)                995650 us
[2021-02-28T14:28:05.562+0300][178.135s][info][gc             ] Failed to allocate TLAB, 4304B
[2021-02-28T14:28:05.562+0300][178.135s][info][gc,stats       ]   Pre Heap Dump                       0 us
[2021-02-28T14:28:05.562+0300][178.135s][info][gc             ] Cancelling GC: Allocation Failure
[2021-02-28T14:28:05.562+0300][178.135s][info][gc,stats       ]   Prepare                           134 us
[2021-02-28T14:28:05.562+0300][178.135s][info][gc,stats       ]   Scan Roots                        179 us, parallelism: 1.01x
[2021-02-28T14:28:05.562+0300][178.135s][info][gc,stats       ]     FS: <total>                     181 us
[2021-02-28T14:28:05.562+0300][178.135s][info][gc,stats       ]     FS: Thread Roots                178 us, workers (us):  60,  28,  90, 
[2021-02-28T14:28:05.562+0300][178.135s][info][gc,stats       ]     FS: Universe Roots                2 us, workers (us):   2, ---, ---, 
[2021-02-28T14:28:05.562+0300][178.135s][info][gc,stats       ]     FS: Synchronizer Roots            0 us, workers (us):   0, ---, ---, 
[2021-02-28T14:28:05.562+0300][178.135s][info][gc,stats       ]     FS: Management Roots              1 us, workers (us):   1, ---, ---, 
[2021-02-28T14:28:05.562+0300][178.135s][info][gc,stats       ]     FS: JVMTI Roots                   0 us, workers (us):   0, ---, ---, 
[2021-02-28T14:28:05.562+0300][178.135s][info][gc,stats       ]   Scan Concurrent Roots              98 us, parallelism: 0.48x
[2021-02-28T14:28:05.562+0300][178.135s][info][gc,stats       ]     FCS: <total>                     47 us
[2021-02-28T14:28:05.562+0300][178.135s][info][gc,stats       ]     FCS: JNI Handles Roots            1 us, workers (us):   1,   0,   0, 
[2021-02-28T14:28:05.562+0300][178.135s][info][gc,stats       ]     FCS: VM Global Roots              1 us, workers (us):   1,   0,   0, 
[2021-02-28T14:28:05.562+0300][178.135s][info][gc,stats       ]     FCS: CLDG Roots                  44 us, workers (us):  44, ---, ---, 
[2021-02-28T14:28:05.562+0300][178.135s][info][gc,stats       ]   Mark                           420164 us
[2021-02-28T14:28:05.562+0300][178.135s][info][gc,stats       ]     Finish Queues                419022 us
[2021-02-28T14:28:05.562+0300][178.135s][info][gc,stats       ]     Weak References                 177 us
[2021-02-28T14:28:05.562+0300][178.135s][info][gc,stats       ]       Process                       172 us
[2021-02-28T14:28:05.562+0300][178.135s][info][gc,stats       ]     System Purge                     88 us
[2021-02-28T14:28:05.562+0300][178.135s][info][gc,stats       ]       Unload Classes                582 us
[2021-02-28T14:28:05.562+0300][178.135s][info][gc,stats       ]       Weak Roots                     88 us
[2021-02-28T14:28:05.562+0300][178.135s][info][gc,stats       ]       CLDG                            0 us
[2021-02-28T14:28:05.562+0300][178.135s][info][gc,stats       ]   Calculate Addresses            192197 us
[2021-02-28T14:28:05.562+0300][178.135s][info][gc,stats       ]     Regular Objects              192160 us
[2021-02-28T14:28:05.562+0300][178.135s][info][gc,stats       ]     Humongous Objects                17 us
[2021-02-28T14:28:05.562+0300][178.135s][info][gc,stats       ]   Adjust Pointers                199740 us
[2021-02-28T14:28:05.562+0300][178.135s][info][gc,stats       ]     FA: <total>                    1695 us
[2021-02-28T14:28:05.562+0300][178.135s][info][gc,stats       ]     FA: Thread Roots                132 us, workers (us): 130,   1,   1, 
[2021-02-28T14:28:05.562+0300][178.135s][info][gc,stats       ]     FA: Code Cache Roots           1455 us, workers (us): 399, 520, 537, 
[2021-02-28T14:28:05.562+0300][178.135s][info][gc,stats       ]     FA: Universe Roots                1 us, workers (us):   1, ---, ---, 
[2021-02-28T14:28:05.562+0300][178.135s][info][gc,stats       ]     FA: JNI Handles Roots             2 us, workers (us):   1,   0,   0, 
[2021-02-28T14:28:05.562+0300][178.135s][info][gc,stats       ]     FA: JVMTI Weak Roots              0 us, workers (us): ---,   0, ---, 
[2021-02-28T14:28:05.562+0300][178.135s][info][gc,stats       ]     FA: JFR Weak Roots                0 us, workers (us): ---,   0, ---, 
[2021-02-28T14:28:05.562+0300][178.135s][info][gc,stats       ]     FA: JNI Weak Roots                0 us, workers (us):   0,   0,   0, 
[2021-02-28T14:28:05.562+0300][178.135s][info][gc,stats       ]     FA: String Table Roots           54 us, workers (us):  27,  27,   0, 
[2021-02-28T14:28:05.562+0300][178.135s][info][gc,stats       ]     FA: Resolved Table Roots          5 us, workers (us):   2,   2,   0, 
[2021-02-28T14:28:05.562+0300][178.135s][info][gc,stats       ]     FA: VM Global Roots               2 us, workers (us):   1,   2,   0, 
[2021-02-28T14:28:05.562+0300][178.135s][info][gc,stats       ]     FA: VM Weak Roots                 3 us, workers (us):   0,   2,   1, 
[2021-02-28T14:28:05.562+0300][178.135s][info][gc,stats       ]     FA: Synchronizer Roots            0 us, workers (us): ---,   0, ---, 
[2021-02-28T14:28:05.562+0300][178.135s][info][gc,stats       ]     FA: Management Roots              1 us, workers (us):   1, ---, ---, 
[2021-02-28T14:28:05.562+0300][178.135s][info][gc,stats       ]     FA: CLDG Roots                   38 us, workers (us):  38, ---, ---, 
[2021-02-28T14:28:05.562+0300][178.135s][info][gc,stats       ]     FA: JVMTI Roots                   0 us, workers (us): ---,   0, ---, 
[2021-02-28T14:28:05.562+0300][178.135s][info][gc,stats       ]   Copy Objects                   183041 us
[2021-02-28T14:28:05.562+0300][178.135s][info][gc,stats       ]     Regular Objects              182532 us
[2021-02-28T14:28:05.562+0300][178.135s][info][gc,stats       ]     Humongous Objects                14 us
[2021-02-28T14:28:05.562+0300][178.135s][info][gc,stats       ]     Reset Complete Bitmap           447 us
[2021-02-28T14:28:05.562+0300][178.135s][info][gc,stats       ]     Rebuild Region Sets              47 us
[2021-02-28T14:28:05.562+0300][178.136s][info][gc,stats       ]   Post Heap Dump                      1 us
[2021-02-28T14:28:05.562+0300][178.136s][info][gc,stats       ] Pacing                             1664 us
[2021-02-28T14:28:05.562+0300][178.136s][info][gc,stats       ] 
[2021-02-28T14:28:05.562+0300][178.136s][info][gc,stats       ] Allocation pacing accrued:
[2021-02-28T14:28:05.562+0300][178.136s][info][gc,stats       ]       2 of   998 ms (  0.2%): main
[2021-02-28T14:28:05.562+0300][178.136s][info][gc,stats       ]       2 of   998 ms (  0.2%): <total>
[2021-02-28T14:28:05.562+0300][178.136s][info][gc,stats       ]       0 of   998 ms (  0.0%): <average total>
[2021-02-28T14:28:05.562+0300][178.136s][info][gc,stats       ]       2 of   998 ms (  0.2%): <average non-zero>
[2021-02-28T14:28:05.562+0300][178.136s][info][gc,stats       ] 
[2021-02-28T14:28:05.562+0300][178.136s][info][gc,metaspace   ] Metaspace: 7055K(7808K)->7055K(7808K) NonClass: 6335K(6912K)->6335K(6912K) Class: 719K(896K)->719K(896K)
[2021-02-28T14:28:05.562+0300][178.136s][info][gc,ergo        ] Pacer for Idle. Initial: 20971K, Alloc Tax Rate: 1.0x
[2021-02-28T14:28:05.566+0300][178.138s][info][gc             ] Trigger: Handle Allocation Failure
[2021-02-28T14:28:05.566+0300][178.138s][info][gc,ergo        ] Free: 0B, Max: 0B regular, 0B humongous, Frag: 0% external, 0% internal; Reserve: 41984K, Max: 512K
[2021-02-28T14:28:05.566+0300][178.138s][info][gc,start       ] GC(109) Pause Degenerated GC (Outside of Cycle)
[2021-02-28T14:28:05.566+0300][178.138s][info][gc,task        ] GC(109) Using 3 of 3 workers for stw degenerated gc
[2021-02-28T14:28:05.566+0300][178.138s][info][gc,ergo        ] GC(109) Pacer for Reset. Non-Taxable: 1024M
[2021-02-28T14:28:05.566+0300][178.139s][info][gc,ergo        ] GC(109) Pacer for Mark. Expected Live: 2356M, Free: 0B, Non-Taxable: 0B, Alloc Tax Rate: infx
[2021-02-28T14:28:05.983+0300][178.557s][info][gc,ergo        ] GC(109) Adaptive CSet Selection. Target Free: 145M, Actual Free: 41984K, Max CSet: 43690K, Min Garbage: 104M
[2021-02-28T14:28:05.984+0300][178.557s][info][gc,ergo        ] GC(109) Collectable Garbage: 14344B (100%), Immediate: 0B (0%), CSet: 14344B (100%)
[2021-02-28T14:28:05.984+0300][178.557s][info][gc,ergo        ] GC(109) Pacer for Evacuation. Used CSet: 43517K, Free: 16440B, Non-Taxable: 1644B, Alloc Tax Rate: 6625.9x
[2021-02-28T14:28:05.993+0300][178.566s][info][gc             ] GC(109) Cancelling GC: Allocation Failure During Evacuation
[2021-02-28T14:28:05.995+0300][178.568s][info][gc             ] GC(109) Cannot finish degeneration, upgrading to Full GC
[2021-02-28T14:28:05.996+0300][178.569s][info][gc,phases,start] GC(109) Phase 1: Mark live objects
[2021-02-28T14:28:06.442+0300][179.015s][info][gc,phases      ] GC(109) Phase 1: Mark live objects 446.182ms
[2021-02-28T14:28:06.442+0300][179.015s][info][gc,phases,start] GC(109) Phase 2: Compute new object addresses
[2021-02-28T14:28:06.621+0300][179.194s][info][gc,phases      ] GC(109) Phase 2: Compute new object addresses 178.845ms
[2021-02-28T14:28:06.621+0300][179.194s][info][gc,phases,start] GC(109) Phase 3: Adjust pointers
[2021-02-28T14:28:06.818+0300][179.392s][info][gc,phases      ] GC(109) Phase 3: Adjust pointers 197.580ms
[2021-02-28T14:28:06.819+0300][179.392s][info][gc,phases,start] GC(109) Phase 4: Move objects
[2021-02-28T14:28:07.003+0300][179.575s][info][gc,phases      ] GC(109) Phase 4: Move objects 183.646ms
[2021-02-28T14:28:07.003+0300][179.576s][info][gc,ergo        ] GC(109) Bad progress for free space: 547K, need 10485K
[2021-02-28T14:28:07.003+0300][179.576s][info][gc             ] GC(109) Pause Degenerated GC (Outside of Cycle) 982M->982M(1024M) 1437.494ms
[2021-02-28T14:28:07.003+0300][179.576s][info][gc,ergo        ] Free: 547K, Max: 511K regular, 0B humongous, Frag: 0% external, 99% internal; Reserve: 41472K, Max: 512K
[2021-02-28T14:28:07.003+0300][179.576s][info][gc,stats       ] 
[2021-02-28T14:28:07.003+0300][179.576s][info][gc,stats       ] All times are wall-clock times, except per-root-class counters, that are sum over
[2021-02-28T14:28:07.003+0300][179.576s][info][gc,stats       ] all workers. Dividing the <total> over the root stage time estimates parallelism.
[2021-02-28T14:28:07.003+0300][179.576s][info][gc,stats       ] 
[2021-02-28T14:28:07.003+0300][179.576s][info][gc,stats       ]   Manage TLABs                        3 us
[2021-02-28T14:28:07.003+0300][179.576s][info][gc,stats       ]   Update Region States               79 us
[2021-02-28T14:28:07.003+0300][179.576s][info][gc,stats       ]   Scan Roots                        182 us, parallelism: 1.01x
[2021-02-28T14:28:07.003+0300][179.576s][info][gc,stats       ]     S: <total>                      184 us
[2021-02-28T14:28:07.003+0300][179.576s][info][gc,stats       ]     S: Thread Roots                 180 us, workers (us):  56, 124,   1, 
[2021-02-28T14:28:07.003+0300][179.576s][info][gc,stats       ]     S: Universe Roots                 2 us, workers (us):   2, ---, ---, 
[2021-02-28T14:28:07.003+0300][179.576s][info][gc,stats       ]     S: Synchronizer Roots             0 us, workers (us): ---,   0, ---, 
[2021-02-28T14:28:07.003+0300][179.576s][info][gc,stats       ]     S: Management Roots               1 us, workers (us): ---,   1, ---, 
[2021-02-28T14:28:07.003+0300][179.576s][info][gc,stats       ]     S: JVMTI Roots                    0 us, workers (us): ---,   0, ---, 
[2021-02-28T14:28:07.003+0300][179.576s][info][gc,stats       ]   Finish Queues                  417274 us
[2021-02-28T14:28:07.003+0300][179.576s][info][gc,stats       ]   Weak References                    29 us
[2021-02-28T14:28:07.003+0300][179.576s][info][gc,stats       ]     Process                          23 us
[2021-02-28T14:28:07.003+0300][179.576s][info][gc,stats       ]   System Purge                       75 us
[2021-02-28T14:28:07.003+0300][179.576s][info][gc,stats       ]     Unload Classes                  583 us
[2021-02-28T14:28:07.003+0300][179.576s][info][gc,stats       ]     Weak Roots                       75 us
[2021-02-28T14:28:07.003+0300][179.576s][info][gc,stats       ]     CLDG                              0 us
[2021-02-28T14:28:07.003+0300][179.576s][info][gc,stats       ]   Update Region States               23 us
[2021-02-28T14:28:07.003+0300][179.576s][info][gc,stats       ]   Manage GC/TLABs                     2 us
[2021-02-28T14:28:07.003+0300][179.576s][info][gc,stats       ]   Choose Collection Set             124 us
[2021-02-28T14:28:07.003+0300][179.576s][info][gc,stats       ]   Rebuild Free Set                   23 us
[2021-02-28T14:28:07.003+0300][179.576s][info][gc,stats       ]   Initial Evacuation                 14 us
[2021-02-28T14:28:07.003+0300][179.576s][info][gc,stats       ] Pause Degenerated GC (G)        1437718 us
[2021-02-28T14:28:07.003+0300][179.576s][info][gc,stats       ] Pause Degenerated GC (N)        1437509 us
[2021-02-28T14:28:07.003+0300][179.576s][info][gc,stats       ]   Degen Mark Roots                   70 us, parallelism: 0.73x
[2021-02-28T14:28:07.003+0300][179.576s][info][gc,stats       ]     DM: <total>                      50 us
[2021-02-28T14:28:07.003+0300][179.576s][info][gc,stats       ]     DM: JNI Handles Roots             2 us, workers (us):   1,   0,   0, 
[2021-02-28T14:28:07.003+0300][179.576s][info][gc,stats       ]     DM: VM Global Roots               2 us, workers (us):   1,   2,   0, 
[2021-02-28T14:28:07.003+0300][179.576s][info][gc,stats       ]     DM: CLDG Roots                   46 us, workers (us):  46, ---, ---, 
[2021-02-28T14:28:07.003+0300][179.576s][info][gc,stats       ]   Pre Heap Dump                       1 us
[2021-02-28T14:28:07.003+0300][179.576s][info][gc,stats       ]   Prepare                          1073 us
[2021-02-28T14:28:07.003+0300][179.576s][info][gc,stats       ]     Update Roots                    632 us, parallelism: 2.45x
[2021-02-28T14:28:07.003+0300][179.576s][info][gc,stats       ]       FU: <total>                  1545 us
[2021-02-28T14:28:07.003+0300][179.576s][info][gc,stats       ]       FU: Thread Roots              126 us, workers (us): 124,   0,   1, 
[2021-02-28T14:28:07.003+0300][179.576s][info][gc,stats       ]       FU: Code Cache Roots         1356 us, workers (us): 374, 498, 484, 
[2021-02-28T14:28:07.003+0300][179.576s][info][gc,stats       ]       FU: Universe Roots              1 us, workers (us):   1, ---, ---, 
[2021-02-28T14:28:07.003+0300][179.576s][info][gc,stats       ]       FU: JNI Handles Roots           0 us, workers (us):   0,   0,   0, 
[2021-02-28T14:28:07.003+0300][179.576s][info][gc,stats       ]       FU: JVMTI Weak Roots            0 us, workers (us):   0, ---, ---, 
[2021-02-28T14:28:07.003+0300][179.576s][info][gc,stats       ]       FU: JFR Weak Roots              0 us, workers (us): ---,   0, ---, 
[2021-02-28T14:28:07.003+0300][179.576s][info][gc,stats       ]       FU: String Table Roots         38 us, workers (us):  20,  19,   0, 
[2021-02-28T14:28:07.003+0300][179.576s][info][gc,stats       ]       FU: Resolved Table Roots        3 us, workers (us):   1,   1,   0, 
[2021-02-28T14:28:07.003+0300][179.576s][info][gc,stats       ]       FU: VM Global Roots             1 us, workers (us):   0,   1,   0, 
[2021-02-28T14:28:07.003+0300][179.576s][info][gc,stats       ]       FU: VM Weak Roots               1 us, workers (us):   0,   0,   0, 
[2021-02-28T14:28:07.003+0300][179.576s][info][gc,stats       ]       FU: Synchronizer Roots          0 us, workers (us): ---,   0, ---, 
[2021-02-28T14:28:07.003+0300][179.576s][info][gc,stats       ]       FU: Management Roots            1 us, workers (us): ---,   1, ---, 
[2021-02-28T14:28:07.003+0300][179.576s][info][gc,stats       ]       FU: CLDG Roots                 16 us, workers (us):  16, ---, ---, 
[2021-02-28T14:28:07.003+0300][179.576s][info][gc,stats       ]       FU: JVMTI Roots                 0 us, workers (us):   0, ---, ---, 
[2021-02-28T14:28:07.003+0300][179.576s][info][gc,stats       ]   Scan Roots                        156 us, parallelism: 1.43x
[2021-02-28T14:28:07.003+0300][179.576s][info][gc,stats       ]     FS: <total>                     222 us
[2021-02-28T14:28:07.003+0300][179.576s][info][gc,stats       ]     FS: Thread Roots                218 us, workers (us): 136,  55,  27, 
[2021-02-28T14:28:07.003+0300][179.576s][info][gc,stats       ]     FS: Universe Roots                2 us, workers (us):   2, ---, ---, 
[2021-02-28T14:28:07.003+0300][179.576s][info][gc,stats       ]     FS: Synchronizer Roots            0 us, workers (us): ---,   0, ---, 
[2021-02-28T14:28:07.003+0300][179.576s][info][gc,stats       ]     FS: Management Roots              2 us, workers (us): ---,   2, ---, 
[2021-02-28T14:28:07.003+0300][179.576s][info][gc,stats       ]     FS: JVMTI Roots                   0 us, workers (us):   0, ---, ---, 
[2021-02-28T14:28:07.003+0300][179.576s][info][gc,stats       ]   Scan Concurrent Roots              78 us, parallelism: 0.78x
[2021-02-28T14:28:07.003+0300][179.576s][info][gc,stats       ]     FCS: <total>                     61 us
[2021-02-28T14:28:07.003+0300][179.576s][info][gc,stats       ]     FCS: JNI Handles Roots            2 us, workers (us):   2,   0,   0, 
[2021-02-28T14:28:07.003+0300][179.576s][info][gc,stats       ]     FCS: VM Global Roots              3 us, workers (us):   1,   1,   0, 
[2021-02-28T14:28:07.003+0300][179.576s][info][gc,stats       ]     FCS: CLDG Roots                  56 us, workers (us): ---,  56, ---, 
[2021-02-28T14:28:07.003+0300][179.576s][info][gc,stats       ]   Mark                           446146 us
[2021-02-28T14:28:07.003+0300][179.576s][info][gc,stats       ]     Finish Queues                444980 us
[2021-02-28T14:28:07.003+0300][179.576s][info][gc,stats       ]     Weak References                 197 us
[2021-02-28T14:28:07.003+0300][179.577s][info][gc,stats       ]       Process                       191 us
[2021-02-28T14:28:07.003+0300][179.577s][info][gc,stats       ]     System Purge                    103 us
[2021-02-28T14:28:07.003+0300][179.577s][info][gc,stats       ]       Unload Classes                613 us
[2021-02-28T14:28:07.003+0300][179.577s][info][gc,stats       ]       Weak Roots                    103 us
[2021-02-28T14:28:07.003+0300][179.577s][info][gc,stats       ]       CLDG                            0 us
[2021-02-28T14:28:07.003+0300][179.577s][info][gc,stats       ]   Calculate Addresses            178828 us
[2021-02-28T14:28:07.003+0300][179.577s][info][gc,stats       ]     Regular Objects              178791 us
[2021-02-28T14:28:07.003+0300][179.577s][info][gc,stats       ]     Humongous Objects                16 us
[2021-02-28T14:28:07.003+0300][179.577s][info][gc,stats       ]   Adjust Pointers                197566 us
[2021-02-28T14:28:07.003+0300][179.577s][info][gc,stats       ]     FA: <total>                    1787 us
[2021-02-28T14:28:07.003+0300][179.577s][info][gc,stats       ]     FA: Thread Roots                152 us, workers (us):   1,   1, 150, 
[2021-02-28T14:28:07.003+0300][179.577s][info][gc,stats       ]     FA: Code Cache Roots           1506 us, workers (us): 566, 530, 410, 
[2021-02-28T14:28:07.003+0300][179.577s][info][gc,stats       ]     FA: Universe Roots                1 us, workers (us):   1, ---, ---, 
[2021-02-28T14:28:07.003+0300][179.577s][info][gc,stats       ]     FA: JNI Handles Roots             2 us, workers (us):   2,   0,   0, 
[2021-02-28T14:28:07.003+0300][179.577s][info][gc,stats       ]     FA: JVMTI Weak Roots              0 us, workers (us):   0, ---, ---, 
[2021-02-28T14:28:07.003+0300][179.577s][info][gc,stats       ]     FA: JFR Weak Roots                0 us, workers (us):   0, ---, ---, 
[2021-02-28T14:28:07.003+0300][179.577s][info][gc,stats       ]     FA: JNI Weak Roots                0 us, workers (us):   0,   0,   0, 
[2021-02-28T14:28:07.003+0300][179.577s][info][gc,stats       ]     FA: String Table Roots           81 us, workers (us):  56,  17,   8, 
[2021-02-28T14:28:07.003+0300][179.577s][info][gc,stats       ]     FA: Resolved Table Roots          5 us, workers (us):   1,   1,   2, 
[2021-02-28T14:28:07.003+0300][179.577s][info][gc,stats       ]     FA: VM Global Roots               2 us, workers (us):   2,   0,   0, 
[2021-02-28T14:28:07.003+0300][179.577s][info][gc,stats       ]     FA: VM Weak Roots                 2 us, workers (us):   1,   2,   0, 
[2021-02-28T14:28:07.005+0300][179.577s][info][gc,stats       ]     FA: Synchronizer Roots            0 us, workers (us):   0, ---, ---, 
[2021-02-28T14:28:07.005+0300][179.577s][info][gc,stats       ]     FA: Management Roots              1 us, workers (us):   1, ---, ---, 
[2021-02-28T14:28:07.005+0300][179.577s][info][gc,stats       ]     FA: CLDG Roots                   34 us, workers (us): ---, ---,  34, 
[2021-02-28T14:28:07.005+0300][179.577s][info][gc,stats       ]     FA: JVMTI Roots                   0 us, workers (us):   0, ---, ---, 
[2021-02-28T14:28:07.005+0300][179.577s][info][gc,stats       ]   Copy Objects                   183631 us
[2021-02-28T14:28:07.005+0300][179.577s][info][gc,stats       ]     Regular Objects              183119 us
[2021-02-28T14:28:07.005+0300][179.577s][info][gc,stats       ]     Humongous Objects                14 us
[2021-02-28T14:28:07.005+0300][179.577s][info][gc,stats       ]     Reset Complete Bitmap           450 us
[2021-02-28T14:28:07.005+0300][179.577s][info][gc,stats       ]     Rebuild Region Sets              47 us
[2021-02-28T14:28:07.005+0300][179.577s][info][gc,stats       ]   Post Heap Dump                      1 us
[2021-02-28T14:28:07.005+0300][179.577s][info][gc,stats       ] 
[2021-02-28T14:28:07.005+0300][179.577s][info][gc,stats       ] Allocation pacing accrued:
[2021-02-28T14:28:07.005+0300][179.577s][info][gc,stats       ]       0 of  1441 ms (  0.0%): <total>
[2021-02-28T14:28:07.005+0300][179.577s][info][gc,stats       ]       0 of  1441 ms (  0.0%): <average total>
[2021-02-28T14:28:07.005+0300][179.577s][info][gc,stats       ] 
[2021-02-28T14:28:07.005+0300][179.577s][info][gc,metaspace   ] Metaspace: 7055K(7808K)->7055K(7808K) NonClass: 6335K(6912K)->6336K(6912K) Class: 719K(896K)->719K(896K)
[2021-02-28T14:28:07.005+0300][179.577s][info][gc,ergo        ] Pacer for Idle. Initial: 20971K, Alloc Tax Rate: 1.0x
[2021-02-28T14:28:07.007+0300][179.579s][info][gc             ] Trigger: Free (379K) is below minimum threshold (102M)
[2021-02-28T14:28:07.007+0300][179.579s][info][gc,ergo        ] Free: 379K, Max: 378K regular, 0B humongous, Frag: 0% external, 62% internal; Reserve: 41472K, Max: 512K
[2021-02-28T14:28:07.007+0300][179.579s][info][gc,start       ] GC(110) Concurrent reset
[2021-02-28T14:28:07.007+0300][179.579s][info][gc,task        ] GC(110) Using 1 of 3 workers for concurrent reset
[2021-02-28T14:28:07.007+0300][179.579s][info][gc,ergo        ] GC(110) Pacer for Reset. Non-Taxable: 1024M
[2021-02-28T14:28:07.007+0300][179.579s][info][gc             ] GC(110) Concurrent reset 0.253ms
[2021-02-28T14:28:07.007+0300][179.579s][info][gc,start       ] GC(110) Pause Init Mark (process weakrefs) (unload classes)
[2021-02-28T14:28:07.007+0300][179.579s][info][gc,task        ] GC(110) Using 3 of 3 workers for init marking
[2021-02-28T14:28:07.007+0300][179.580s][info][gc,ergo        ] GC(110) Pacer for Mark. Expected Live: 2160M, Free: 379K, Non-Taxable: 38829B, Alloc Tax Rate: 7132.0x
[2021-02-28T14:28:07.007+0300][179.580s][info][gc             ] GC(110) Pause Init Mark (process weakrefs) (unload classes) 0.271ms
[2021-02-28T14:28:07.007+0300][179.580s][info][gc,start       ] GC(110) Concurrent marking (process weakrefs) (unload classes)
[2021-02-28T14:28:07.007+0300][179.580s][info][gc,task        ] GC(110) Using 1 of 3 workers for concurrent marking
[2021-02-28T14:28:07.320+0300][179.892s][info][gc             ] Failed to allocate TLAB, 2664B
[2021-02-28T14:28:07.320+0300][179.892s][info][gc             ] Cancelling GC: Allocation Failure
[2021-02-28T14:28:07.320+0300][179.892s][info][gc             ] GC(110) Concurrent marking (process weakrefs) (unload classes) 312.211ms
[2021-02-28T14:28:07.320+0300][179.892s][info][gc,ergo        ] Free: 0B, Max: 0B regular, 0B humongous, Frag: 0% external, 0% internal; Reserve: 41472K, Max: 512K
[2021-02-28T14:28:07.320+0300][179.892s][info][gc,stats       ] 
[2021-02-28T14:28:07.320+0300][179.892s][info][gc,stats       ] All times are wall-clock times, except per-root-class counters, that are sum over
[2021-02-28T14:28:07.320+0300][179.892s][info][gc,stats       ] all workers. Dividing the <total> over the root stage time estimates parallelism.
[2021-02-28T14:28:07.320+0300][179.892s][info][gc,stats       ] 
[2021-02-28T14:28:07.320+0300][179.892s][info][gc,stats       ] Concurrent Reset                    275 us
[2021-02-28T14:28:07.320+0300][179.892s][info][gc,stats       ] Pause Init Mark (G)                 521 us
[2021-02-28T14:28:07.320+0300][179.892s][info][gc,stats       ] Pause Init Mark (N)                 285 us
[2021-02-28T14:28:07.320+0300][179.892s][info][gc,stats       ]   Manage TLABs                        2 us
[2021-02-28T14:28:07.320+0300][179.892s][info][gc,stats       ]   Update Region States               89 us
[2021-02-28T14:28:07.320+0300][179.892s][info][gc,stats       ]   Scan Roots                        118 us, parallelism: 0.91x
[2021-02-28T14:28:07.320+0300][179.892s][info][gc,stats       ]     S: <total>                      107 us
[2021-02-28T14:28:07.320+0300][179.892s][info][gc,stats       ]     S: Thread Roots                 104 us, workers (us):  65,  26,  13, 
[2021-02-28T14:28:07.320+0300][179.892s][info][gc,stats       ]     S: Universe Roots                 2 us, workers (us):   2, ---, ---, 
[2021-02-28T14:28:07.320+0300][179.892s][info][gc,stats       ]     S: Synchronizer Roots             0 us, workers (us):   0, ---, ---, 
[2021-02-28T14:28:07.320+0300][179.892s][info][gc,stats       ]     S: Management Roots               1 us, workers (us):   1, ---, ---, 
[2021-02-28T14:28:07.320+0300][179.892s][info][gc,stats       ]     S: JVMTI Roots                    0 us, workers (us):   0, ---, ---, 
[2021-02-28T14:28:07.320+0300][179.892s][info][gc,stats       ] Concurrent Marking               312235 us
[2021-02-28T14:28:07.320+0300][179.892s][info][gc,stats       ]   Roots                             113 us, parallelism: 0.53x
[2021-02-28T14:28:07.320+0300][179.892s][info][gc,stats       ]     CM: <total>                      60 us
[2021-02-28T14:28:07.320+0300][179.892s][info][gc,stats       ]     CM: JNI Handles Roots             2 us, workers (us):   2, ---, ---, 
[2021-02-28T14:28:07.320+0300][179.892s][info][gc,stats       ]     CM: VM Global Roots               2 us, workers (us):   2, ---, ---, 
[2021-02-28T14:28:07.320+0300][179.892s][info][gc,stats       ]     CM: CLDG Roots                   56 us, workers (us):  56, ---, ---, 
[2021-02-28T14:28:07.320+0300][179.892s][info][gc,stats       ] Pacing                          1255527 us
[2021-02-28T14:28:07.320+0300][179.892s][info][gc,stats       ] 
[2021-02-28T14:28:07.320+0300][179.892s][info][gc,stats       ] Allocation pacing accrued:
[2021-02-28T14:28:07.320+0300][179.892s][info][gc,stats       ]     306 of   315 ms ( 97.0%): main
[2021-02-28T14:28:07.320+0300][179.892s][info][gc,stats       ]     315 of   315 ms ( 99.8%): Notification Thread
[2021-02-28T14:28:07.320+0300][179.892s][info][gc,stats       ]      12 of   315 ms (  3.8%): RMI TCP Connection(2)-172.22.16.1
[2021-02-28T14:28:07.320+0300][179.892s][info][gc,stats       ]     308 of   315 ms ( 97.7%): RMI TCP Connection(5)-172.22.16.1
[2021-02-28T14:28:07.320+0300][179.892s][info][gc,stats       ]     315 of   315 ms ( 99.8%): RMI TCP Connection(7)-172.22.16.1
[2021-02-28T14:28:07.320+0300][179.892s][info][gc,stats       ]    1256 of   315 ms (398.1%): <total>
[2021-02-28T14:28:07.320+0300][179.892s][info][gc,stats       ]      66 of   315 ms ( 21.0%): <average total>
[2021-02-28T14:28:07.320+0300][179.892s][info][gc,stats       ]     251 of   315 ms ( 79.6%): <average non-zero>
[2021-02-28T14:28:07.320+0300][179.892s][info][gc,stats       ] 
[2021-02-28T14:28:07.320+0300][179.892s][info][gc,metaspace   ] Metaspace: 7055K(7808K)->7063K(7808K) NonClass: 6336K(6912K)->6342K(6912K) Class: 719K(896K)->720K(896K)
[2021-02-28T14:28:07.320+0300][179.892s][info][gc,ergo        ] Pacer for Idle. Initial: 20971K, Alloc Tax Rate: 1.0x
[2021-02-28T14:28:07.323+0300][179.895s][info][gc             ] Trigger: Handle Allocation Failure
[2021-02-28T14:28:07.323+0300][179.895s][info][gc,ergo        ] Free: 0B, Max: 0B regular, 0B humongous, Frag: 0% external, 0% internal; Reserve: 41472K, Max: 512K
[2021-02-28T14:28:07.323+0300][179.895s][info][gc,start       ] GC(111) Pause Degenerated GC (Mark)
[2021-02-28T14:28:07.323+0300][179.895s][info][gc,task        ] GC(111) Using 3 of 3 workers for stw degenerated gc
[2021-02-28T14:28:07.630+0300][180.203s][info][gc,ergo        ] GC(111) Adaptive CSet Selection. Target Free: 145M, Actual Free: 41472K, Max CSet: 43690K, Min Garbage: 104M
[2021-02-28T14:28:07.630+0300][180.203s][info][gc,ergo        ] GC(111) Collectable Garbage: 39712B (100%), Immediate: 0B (0%), CSet: 39712B (100%)
[2021-02-28T14:28:07.630+0300][180.204s][info][gc,ergo        ] GC(111) Pacer for Evacuation. Used CSet: 43517K, Free: 16952B, Non-Taxable: 1695B, Alloc Tax Rate: 6425.6x
[2021-02-28T14:28:07.641+0300][180.214s][info][gc             ] GC(111) Cancelling GC: Allocation Failure During Evacuation
[2021-02-28T14:28:07.643+0300][180.215s][info][gc             ] GC(111) Cannot finish degeneration, upgrading to Full GC
[2021-02-28T14:28:07.643+0300][180.216s][info][gc,phases,start] GC(111) Phase 1: Mark live objects
[2021-02-28T14:28:08.094+0300][180.666s][info][gc,phases      ] GC(111) Phase 1: Mark live objects 450.116ms
[2021-02-28T14:28:08.094+0300][180.666s][info][gc,phases,start] GC(111) Phase 2: Compute new object addresses
[2021-02-28T14:28:08.274+0300][180.846s][info][gc,phases      ] GC(111) Phase 2: Compute new object addresses 180.098ms
[2021-02-28T14:28:08.274+0300][180.846s][info][gc,phases,start] GC(111) Phase 3: Adjust pointers
[2021-02-28T14:28:08.471+0300][181.044s][info][gc,phases      ] GC(111) Phase 3: Adjust pointers 197.909ms
[2021-02-28T14:28:08.471+0300][181.044s][info][gc,phases,start] GC(111) Phase 4: Move objects
[2021-02-28T14:28:08.657+0300][181.229s][info][gc,phases      ] GC(111) Phase 4: Move objects 184.379ms
[2021-02-28T14:28:08.657+0300][181.229s][info][gc,ergo        ] GC(111) Bad progress for free space: 721K, need 10485K
[2021-02-28T14:28:08.657+0300][181.229s][info][gc             ] GC(111) Pause Degenerated GC (Mark) 983M->983M(1024M) 1333.915ms
[2021-02-28T14:28:08.657+0300][181.229s][info][gc,ergo        ] Free: 709K, Max: 402K regular, 0B humongous, Frag: 0% external, 99% internal; Reserve: 40960K, Max: 512K
[2021-02-28T14:28:08.657+0300][181.229s][info][gc,stats       ] 
[2021-02-28T14:28:08.657+0300][181.229s][info][gc,stats       ] All times are wall-clock times, except per-root-class counters, that are sum over
[2021-02-28T14:28:08.657+0300][181.229s][info][gc,stats       ] all workers. Dividing the <total> over the root stage time estimates parallelism.
[2021-02-28T14:28:08.657+0300][181.229s][info][gc,stats       ] 
[2021-02-28T14:28:08.657+0300][181.229s][info][gc,stats       ]   Finish Queues                  307177 us
[2021-02-28T14:28:08.657+0300][181.229s][info][gc,stats       ]   Weak References                   194 us
[2021-02-28T14:28:08.657+0300][181.229s][info][gc,stats       ]     Process                         189 us
[2021-02-28T14:28:08.657+0300][181.229s][info][gc,stats       ]   System Purge                       85 us
[2021-02-28T14:28:08.657+0300][181.229s][info][gc,stats       ]     Unload Classes                  619 us
[2021-02-28T14:28:08.657+0300][181.229s][info][gc,stats       ]     Weak Roots                       84 us
[2021-02-28T14:28:08.657+0300][181.229s][info][gc,stats       ]     CLDG                              0 us
[2021-02-28T14:28:08.657+0300][181.229s][info][gc,stats       ]   Update Region States               90 us
[2021-02-28T14:28:08.657+0300][181.229s][info][gc,stats       ]   Manage GC/TLABs                     4 us
[2021-02-28T14:28:08.657+0300][181.229s][info][gc,stats       ]   Choose Collection Set             120 us
[2021-02-28T14:28:08.657+0300][181.229s][info][gc,stats       ]   Rebuild Free Set                   22 us
[2021-02-28T14:28:08.657+0300][181.229s][info][gc,stats       ]   Initial Evacuation                 17 us
[2021-02-28T14:28:08.657+0300][181.229s][info][gc,stats       ] Pause Degenerated GC (G)        1334167 us
[2021-02-28T14:28:08.657+0300][181.229s][info][gc,stats       ] Pause Degenerated GC (N)        1333930 us
[2021-02-28T14:28:08.657+0300][181.229s][info][gc,stats       ]   Degen Mark Roots                  104 us, parallelism: 0.25x
[2021-02-28T14:28:08.657+0300][181.229s][info][gc,stats       ]     DM: <total>                      26 us
[2021-02-28T14:28:08.657+0300][181.229s][info][gc,stats       ]     DM: JNI Handles Roots             2 us, workers (us):   1,   0,   0, 
[2021-02-28T14:28:08.657+0300][181.229s][info][gc,stats       ]     DM: VM Global Roots               1 us, workers (us):   1,   0,   0, 
[2021-02-28T14:28:08.657+0300][181.229s][info][gc,stats       ]     DM: CLDG Roots                   23 us, workers (us):  23, ---, ---, 
[2021-02-28T14:28:08.657+0300][181.229s][info][gc,stats       ]   Pre Heap Dump                       1 us
[2021-02-28T14:28:08.657+0300][181.229s][info][gc,stats       ]   Prepare                          1207 us
[2021-02-28T14:28:08.657+0300][181.229s][info][gc,stats       ]     Update Roots                    701 us, parallelism: 2.21x
[2021-02-28T14:28:08.657+0300][181.229s][info][gc,stats       ]       FU: <total>                  1553 us
[2021-02-28T14:28:08.657+0300][181.229s][info][gc,stats       ]       FU: Thread Roots               75 us, workers (us):   1,   1,  73, 
[2021-02-28T14:28:08.657+0300][181.229s][info][gc,stats       ]       FU: Code Cache Roots         1394 us, workers (us): 496, 513, 384, 
[2021-02-28T14:28:08.657+0300][181.229s][info][gc,stats       ]       FU: Universe Roots              1 us, workers (us):   1, ---, ---, 
[2021-02-28T14:28:08.657+0300][181.229s][info][gc,stats       ]       FU: JNI Handles Roots           1 us, workers (us):   1,   0,   0, 
[2021-02-28T14:28:08.657+0300][181.229s][info][gc,stats       ]       FU: JVMTI Weak Roots            0 us, workers (us):   0, ---, ---, 
[2021-02-28T14:28:08.657+0300][181.230s][info][gc,stats       ]       FU: JFR Weak Roots              0 us, workers (us):   0, ---, ---, 
[2021-02-28T14:28:08.657+0300][181.230s][info][gc,stats       ]       FU: JNI Weak Roots              0 us, workers (us):   0,   0,   0, 
[2021-02-28T14:28:08.657+0300][181.230s][info][gc,stats       ]       FU: String Table Roots         55 us, workers (us):  29,  13,  13, 
[2021-02-28T14:28:08.657+0300][181.230s][info][gc,stats       ]       FU: Resolved Table Roots        4 us, workers (us):   1,   1,   2, 
[2021-02-28T14:28:08.657+0300][181.230s][info][gc,stats       ]       FU: VM Global Roots             1 us, workers (us):   1,   0,   0, 
[2021-02-28T14:28:08.657+0300][181.230s][info][gc,stats       ]       FU: VM Weak Roots               1 us, workers (us):   1,   0,   0, 
[2021-02-28T14:28:08.657+0300][181.230s][info][gc,stats       ]       FU: Synchronizer Roots          0 us, workers (us):   0, ---, ---, 
[2021-02-28T14:28:08.657+0300][181.230s][info][gc,stats       ]       FU: Management Roots            1 us, workers (us):   1, ---, ---, 
[2021-02-28T14:28:08.657+0300][181.230s][info][gc,stats       ]       FU: CLDG Roots                 19 us, workers (us): ---, ---,  19, 
[2021-02-28T14:28:08.657+0300][181.230s][info][gc,stats       ]       FU: JVMTI Roots                 0 us, workers (us):   0, ---, ---, 
[2021-02-28T14:28:08.657+0300][181.230s][info][gc,stats       ]   Scan Roots                        146 us, parallelism: 1.06x
[2021-02-28T14:28:08.657+0300][181.230s][info][gc,stats       ]     FS: <total>                     155 us
[2021-02-28T14:28:08.657+0300][181.230s][info][gc,stats       ]     FS: Thread Roots                151 us, workers (us):  63,  49,  39, 
[2021-02-28T14:28:08.657+0300][181.230s][info][gc,stats       ]     FS: Universe Roots                2 us, workers (us):   2, ---, ---, 
[2021-02-28T14:28:08.657+0300][181.230s][info][gc,stats       ]     FS: Synchronizer Roots            0 us, workers (us):   0, ---, ---, 
[2021-02-28T14:28:08.657+0300][181.230s][info][gc,stats       ]     FS: Management Roots              2 us, workers (us):   2, ---, ---, 
[2021-02-28T14:28:08.657+0300][181.230s][info][gc,stats       ]     FS: JVMTI Roots                   0 us, workers (us):   0, ---, ---, 
[2021-02-28T14:28:08.657+0300][181.230s][info][gc,stats       ]   Scan Concurrent Roots             147 us, parallelism: 0.42x
[2021-02-28T14:28:08.657+0300][181.230s][info][gc,stats       ]     FCS: <total>                     62 us
[2021-02-28T14:28:08.657+0300][181.230s][info][gc,stats       ]     FCS: JNI Handles Roots            2 us, workers (us):   2,   0,   0, 
[2021-02-28T14:28:08.658+0300][181.230s][info][gc,stats       ]     FCS: VM Global Roots              2 us, workers (us):   2,   0,   0, 
[2021-02-28T14:28:08.658+0300][181.230s][info][gc,stats       ]     FCS: CLDG Roots                  58 us, workers (us):  58, ---, ---, 
[2021-02-28T14:28:08.658+0300][181.230s][info][gc,stats       ]   Mark                           450075 us
[2021-02-28T14:28:08.658+0300][181.230s][info][gc,stats       ]     Finish Queues                448370 us
[2021-02-28T14:28:08.658+0300][181.230s][info][gc,stats       ]     Weak References                 191 us
[2021-02-28T14:28:08.658+0300][181.230s][info][gc,stats       ]       Process                       186 us
[2021-02-28T14:28:08.658+0300][181.230s][info][gc,stats       ]     System Purge                    101 us
[2021-02-28T14:28:08.658+0300][181.230s][info][gc,stats       ]       Unload Classes               1092 us
[2021-02-28T14:28:08.658+0300][181.230s][info][gc,stats       ]       Weak Roots                    100 us
[2021-02-28T14:28:08.658+0300][181.230s][info][gc,stats       ]       CLDG                           10 us
[2021-02-28T14:28:08.658+0300][181.230s][info][gc,stats       ]   Calculate Addresses            180085 us
[2021-02-28T14:28:08.658+0300][181.230s][info][gc,stats       ]     Regular Objects              180049 us
[2021-02-28T14:28:08.658+0300][181.230s][info][gc,stats       ]     Humongous Objects                17 us
[2021-02-28T14:28:08.658+0300][181.230s][info][gc,stats       ]   Adjust Pointers                197895 us
[2021-02-28T14:28:08.658+0300][181.230s][info][gc,stats       ]     FA: <total>                    1640 us
[2021-02-28T14:28:08.658+0300][181.230s][info][gc,stats       ]     FA: Thread Roots                 79 us, workers (us):   1,   1,  77, 
[2021-02-28T14:28:08.658+0300][181.230s][info][gc,stats       ]     FA: Code Cache Roots           1460 us, workers (us): 520, 539, 400, 
[2021-02-28T14:28:08.658+0300][181.230s][info][gc,stats       ]     FA: Universe Roots                1 us, workers (us):   1, ---, ---, 
[2021-02-28T14:28:08.658+0300][181.230s][info][gc,stats       ]     FA: JNI Handles Roots             2 us, workers (us):   1,   0,   0, 
[2021-02-28T14:28:08.658+0300][181.230s][info][gc,stats       ]     FA: JVMTI Weak Roots              0 us, workers (us):   0, ---, ---, 
[2021-02-28T14:28:08.658+0300][181.230s][info][gc,stats       ]     FA: JFR Weak Roots                0 us, workers (us):   0, ---, ---, 
[2021-02-28T14:28:08.658+0300][181.230s][info][gc,stats       ]     FA: JNI Weak Roots                0 us, workers (us):   0,   0,   0, 
[2021-02-28T14:28:08.658+0300][181.230s][info][gc,stats       ]     FA: String Table Roots           53 us, workers (us):  36,  15,   2, 
[2021-02-28T14:28:08.658+0300][181.230s][info][gc,stats       ]     FA: Resolved Table Roots          5 us, workers (us):   1,   1,   2, 
[2021-02-28T14:28:08.658+0300][181.230s][info][gc,stats       ]     FA: VM Global Roots               2 us, workers (us):   2,   0,   0, 
[2021-02-28T14:28:08.658+0300][181.230s][info][gc,stats       ]     FA: VM Weak Roots                 3 us, workers (us):   2,   1,   0, 
[2021-02-28T14:28:08.658+0300][181.230s][info][gc,stats       ]     FA: Synchronizer Roots            0 us, workers (us):   0, ---, ---, 
[2021-02-28T14:28:08.658+0300][181.230s][info][gc,stats       ]     FA: Management Roots              1 us, workers (us):   1, ---, ---, 
[2021-02-28T14:28:08.658+0300][181.230s][info][gc,stats       ]     FA: CLDG Roots                   35 us, workers (us): ---, ---,  35, 
[2021-02-28T14:28:08.658+0300][181.230s][info][gc,stats       ]     FA: JVMTI Roots                   0 us, workers (us):   0, ---, ---, 
[2021-02-28T14:28:08.658+0300][181.230s][info][gc,stats       ]   Copy Objects                   184366 us
[2021-02-28T14:28:08.658+0300][181.230s][info][gc,stats       ]     Regular Objects              183869 us
[2021-02-28T14:28:08.658+0300][181.230s][info][gc,stats       ]     Humongous Objects                14 us
[2021-02-28T14:28:08.658+0300][181.230s][info][gc,stats       ]     Reset Complete Bitmap           433 us
[2021-02-28T14:28:08.658+0300][181.230s][info][gc,stats       ]     Rebuild Region Sets              49 us
[2021-02-28T14:28:08.658+0300][181.230s][info][gc,stats       ]   Post Heap Dump                      1 us
[2021-02-28T14:28:08.658+0300][181.230s][info][gc,stats       ] Pacing                          1354253 us
[2021-02-28T14:28:08.658+0300][181.230s][info][gc,stats       ] 
[2021-02-28T14:28:08.658+0300][181.230s][info][gc,stats       ] Allocation pacing accrued:
[2021-02-28T14:28:08.658+0300][181.230s][info][gc,stats       ]      11 of  1338 ms (  0.8%): main
[2021-02-28T14:28:08.658+0300][181.230s][info][gc,stats       ]    1343 of  1338 ms (100.4%): RMI TCP Connection(5)-172.22.16.1
[2021-02-28T14:28:08.658+0300][181.230s][info][gc,stats       ]    1354 of  1338 ms (101.2%): <total>
[2021-02-28T14:28:08.658+0300][181.230s][info][gc,stats       ]      71 of  1338 ms (  5.3%): <average total>
[2021-02-28T14:28:08.658+0300][181.230s][info][gc,stats       ]     677 of  1338 ms ( 50.6%): <average non-zero>
[2021-02-28T14:28:08.658+0300][181.230s][info][gc,stats       ] 
[2021-02-28T14:28:08.658+0300][181.230s][info][gc,metaspace   ] Metaspace: 7063K(7808K)->7059K(7808K) NonClass: 6342K(6912K)->6339K(6912K) Class: 720K(896K)->720K(896K)
[2021-02-28T14:28:08.658+0300][181.230s][info][gc,ergo        ] Pacer for Idle. Initial: 20971K, Alloc Tax Rate: 1.0x
[2021-02-28T14:28:08.660+0300][181.232s][info][gc             ] Trigger: Free (543K) is below minimum threshold (102M)
[2021-02-28T14:28:08.660+0300][181.232s][info][gc,ergo        ] Free: 543K, Max: 402K regular, 0B humongous, Frag: 0% external, 99% internal; Reserve: 40960K, Max: 512K
[2021-02-28T14:28:08.660+0300][181.232s][info][gc,start       ] GC(112) Concurrent reset
[2021-02-28T14:28:08.660+0300][181.232s][info][gc,task        ] GC(112) Using 1 of 3 workers for concurrent reset
[2021-02-28T14:28:08.660+0300][181.232s][info][gc,ergo        ] GC(112) Pacer for Reset. Non-Taxable: 1024M
[2021-02-28T14:28:08.660+0300][181.232s][info][gc             ] GC(112) Concurrent reset 0.227ms
[2021-02-28T14:28:08.660+0300][181.232s][info][gc,start       ] GC(112) Pause Init Mark (unload classes)
[2021-02-28T14:28:08.660+0300][181.232s][info][gc,task        ] GC(112) Using 3 of 3 workers for init marking
[2021-02-28T14:28:08.660+0300][181.233s][info][gc,ergo        ] GC(112) Pacer for Mark. Expected Live: 2161M, Free: 543K, Non-Taxable: 55690B, Alloc Tax Rate: 4973.8x
[2021-02-28T14:28:08.660+0300][181.233s][info][gc             ] GC(112) Pause Init Mark (unload classes) 0.243ms
[2021-02-28T14:28:08.660+0300][181.233s][info][gc,start       ] GC(112) Concurrent marking (unload classes)
[2021-02-28T14:28:08.660+0300][181.233s][info][gc,task        ] GC(112) Using 1 of 3 workers for concurrent marking
[2021-02-28T14:28:09.151+0300][181.723s][info][gc             ] Failed to allocate TLAB, 2672B
[2021-02-28T14:28:09.151+0300][181.723s][info][gc             ] Cancelling GC: Allocation Failure
[2021-02-28T14:28:09.151+0300][181.723s][info][gc             ] GC(112) Concurrent marking (unload classes) 490.303ms
[2021-02-28T14:28:09.151+0300][181.723s][info][gc,ergo        ] Free: 0B, Max: 0B regular, 0B humongous, Frag: 0% external, 0% internal; Reserve: 40960K, Max: 512K
[2021-02-28T14:28:09.151+0300][181.723s][info][gc,stats       ] 
[2021-02-28T14:28:09.151+0300][181.723s][info][gc,stats       ] All times are wall-clock times, except per-root-class counters, that are sum over
[2021-02-28T14:28:09.151+0300][181.723s][info][gc,stats       ] all workers. Dividing the <total> over the root stage time estimates parallelism.
[2021-02-28T14:28:09.151+0300][181.723s][info][gc,stats       ] 
[2021-02-28T14:28:09.151+0300][181.723s][info][gc,stats       ] Concurrent Reset                    250 us
[2021-02-28T14:28:09.151+0300][181.723s][info][gc,stats       ] Pause Init Mark (G)                 459 us
[2021-02-28T14:28:09.151+0300][181.723s][info][gc,stats       ] Pause Init Mark (N)                 257 us
[2021-02-28T14:28:09.151+0300][181.723s][info][gc,stats       ]   Manage TLABs                        2 us
[2021-02-28T14:28:09.151+0300][181.723s][info][gc,stats       ]   Update Region States               77 us
[2021-02-28T14:28:09.151+0300][181.723s][info][gc,stats       ]   Scan Roots                        101 us, parallelism: 1.12x
[2021-02-28T14:28:09.151+0300][181.723s][info][gc,stats       ]     S: <total>                      113 us
[2021-02-28T14:28:09.151+0300][181.723s][info][gc,stats       ]     S: Thread Roots                 109 us, workers (us):  45,  51,  13, 
[2021-02-28T14:28:09.151+0300][181.723s][info][gc,stats       ]     S: Universe Roots                 2 us, workers (us):   2, ---, ---, 
[2021-02-28T14:28:09.151+0300][181.723s][info][gc,stats       ]     S: Synchronizer Roots             0 us, workers (us): ---,   0, ---, 
[2021-02-28T14:28:09.151+0300][181.723s][info][gc,stats       ]     S: Management Roots               1 us, workers (us): ---,   1, ---, 
[2021-02-28T14:28:09.151+0300][181.723s][info][gc,stats       ]     S: JVMTI Roots                    0 us, workers (us):   0, ---, ---, 
[2021-02-28T14:28:09.151+0300][181.723s][info][gc,stats       ] Concurrent Marking               490326 us
[2021-02-28T14:28:09.151+0300][181.723s][info][gc,stats       ]   Roots                             113 us, parallelism: 0.58x
[2021-02-28T14:28:09.151+0300][181.723s][info][gc,stats       ]     CM: <total>                      66 us
[2021-02-28T14:28:09.151+0300][181.723s][info][gc,stats       ]     CM: JNI Handles Roots             2 us, workers (us):   2, ---, ---, 
[2021-02-28T14:28:09.151+0300][181.723s][info][gc,stats       ]     CM: VM Global Roots               2 us, workers (us):   2, ---, ---, 
[2021-02-28T14:28:09.151+0300][181.723s][info][gc,stats       ]     CM: CLDG Roots                   63 us, workers (us):  63, ---, ---, 
[2021-02-28T14:28:09.151+0300][181.723s][info][gc,stats       ] Pacing                          1960292 us
[2021-02-28T14:28:09.151+0300][181.723s][info][gc,stats       ] 
[2021-02-28T14:28:09.151+0300][181.723s][info][gc,stats       ] Allocation pacing accrued:
[2021-02-28T14:28:09.151+0300][181.723s][info][gc,stats       ]     483 of   493 ms ( 98.0%): main
[2021-02-28T14:28:09.151+0300][181.723s][info][gc,stats       ]     492 of   493 ms ( 99.8%): Notification Thread
[2021-02-28T14:28:09.151+0300][181.723s][info][gc,stats       ]      12 of   493 ms (  2.4%): RMI TCP Connection(2)-172.22.16.1
[2021-02-28T14:28:09.151+0300][181.723s][info][gc,stats       ]     481 of   493 ms ( 97.6%): RMI TCP Connection(5)-172.22.16.1
[2021-02-28T14:28:09.151+0300][181.723s][info][gc,stats       ]     492 of   493 ms ( 99.7%): RMI TCP Connection(7)-172.22.16.1
[2021-02-28T14:28:09.151+0300][181.723s][info][gc,stats       ]    1960 of   493 ms (397.6%): <total>
[2021-02-28T14:28:09.151+0300][181.723s][info][gc,stats       ]     103 of   493 ms ( 20.9%): <average total>
[2021-02-28T14:28:09.151+0300][181.723s][info][gc,stats       ]     392 of   493 ms ( 79.5%): <average non-zero>
[2021-02-28T14:28:09.151+0300][181.723s][info][gc,stats       ] 
[2021-02-28T14:28:09.151+0300][181.723s][info][gc,metaspace   ] Metaspace: 7059K(7808K)->7070K(7808K) NonClass: 6339K(6912K)->6349K(6912K) Class: 720K(896K)->721K(896K)
[2021-02-28T14:28:09.151+0300][181.723s][info][gc,ergo        ] Pacer for Idle. Initial: 20971K, Alloc Tax Rate: 1.0x
[2021-02-28T14:28:09.154+0300][181.726s][info][gc             ] Trigger: Handle Allocation Failure
[2021-02-28T14:28:09.154+0300][181.726s][info][gc,ergo        ] Free: 0B, Max: 0B regular, 0B humongous, Frag: 0% external, 0% internal; Reserve: 40960K, Max: 512K
[2021-02-28T14:28:09.154+0300][181.726s][info][gc,start       ] GC(113) Pause Degenerated GC (Mark)
[2021-02-28T14:28:09.154+0300][181.726s][info][gc,task        ] GC(113) Using 3 of 3 workers for stw degenerated gc
[2021-02-28T14:28:09.403+0300][181.976s][info][gc,ergo        ] GC(113) Adaptive CSet Selection. Target Free: 145M, Actual Free: 40960K, Max CSet: 43690K, Min Garbage: 105M
[2021-02-28T14:28:09.403+0300][181.976s][info][gc,ergo        ] GC(113) Collectable Garbage: 41344B (100%), Immediate: 0B (0%), CSet: 41344B (100%)
[2021-02-28T14:28:09.403+0300][181.977s][info][gc,ergo        ] GC(113) Pacer for Evacuation. Used CSet: 43519K, Free: 17072B, Non-Taxable: 1707B, Alloc Tax Rate: 6380.7x
[2021-02-28T14:28:09.414+0300][181.986s][info][gc             ] GC(113) Cancelling GC: Allocation Failure During Evacuation
[2021-02-28T14:28:09.416+0300][181.988s][info][gc             ] GC(113) Cannot finish degeneration, upgrading to Full GC
[2021-02-28T14:28:09.417+0300][181.989s][info][gc,phases,start] GC(113) Phase 1: Mark live objects
[2021-02-28T14:28:09.882+0300][182.454s][info][gc,phases      ] GC(113) Phase 1: Mark live objects 464.723ms
[2021-02-28T14:28:09.882+0300][182.454s][info][gc,phases,start] GC(113) Phase 2: Compute new object addresses
[2021-02-28T14:28:10.069+0300][182.641s][info][gc,phases      ] GC(113) Phase 2: Compute new object addresses 186.671ms
[2021-02-28T14:28:10.069+0300][182.641s][info][gc,phases,start] GC(113) Phase 3: Adjust pointers
[2021-02-28T14:28:10.268+0300][182.842s][info][gc,phases      ] GC(113) Phase 3: Adjust pointers 200.719ms
[2021-02-28T14:28:10.268+0300][182.842s][info][gc,phases,start] GC(113) Phase 4: Move objects
[2021-02-28T14:28:10.452+0300][183.025s][info][gc,phases      ] GC(113) Phase 4: Move objects 183.157ms
[2021-02-28T14:28:10.452+0300][183.025s][info][gc,ergo        ] GC(113) Bad progress for free space: 310K, need 10485K
[2021-02-28T14:28:10.452+0300][183.025s][info][gc             ] GC(113) Pause Degenerated GC (Mark) 983M->983M(1024M) 1298.875ms
[2021-02-28T14:28:10.452+0300][183.025s][info][gc,ergo        ] Free: 310K, Max: 235K regular, 0B humongous, Frag: 0% external, 99% internal; Reserve: 40960K, Max: 512K
[2021-02-28T14:28:10.452+0300][183.025s][info][gc,stats       ] 
[2021-02-28T14:28:10.452+0300][183.025s][info][gc,stats       ] All times are wall-clock times, except per-root-class counters, that are sum over
[2021-02-28T14:28:10.452+0300][183.025s][info][gc,stats       ] all workers. Dividing the <total> over the root stage time estimates parallelism.
[2021-02-28T14:28:10.452+0300][183.025s][info][gc,stats       ] 
[2021-02-28T14:28:10.452+0300][183.025s][info][gc,stats       ]   Finish Queues                  249296 us
[2021-02-28T14:28:10.452+0300][183.025s][info][gc,stats       ]   System Purge                       91 us
[2021-02-28T14:28:10.452+0300][183.025s][info][gc,stats       ]     Unload Classes                  625 us
[2021-02-28T14:28:10.452+0300][183.025s][info][gc,stats       ]     Weak Roots                       91 us
[2021-02-28T14:28:10.452+0300][183.025s][info][gc,stats       ]     CLDG                              0 us
[2021-02-28T14:28:10.452+0300][183.025s][info][gc,stats       ]   Update Region States               92 us
[2021-02-28T14:28:10.452+0300][183.025s][info][gc,stats       ]   Manage GC/TLABs                     4 us
[2021-02-28T14:28:10.452+0300][183.025s][info][gc,stats       ]   Choose Collection Set             126 us
[2021-02-28T14:28:10.452+0300][183.025s][info][gc,stats       ]   Rebuild Free Set                   22 us
[2021-02-28T14:28:10.452+0300][183.025s][info][gc,stats       ]   Initial Evacuation                 15 us
[2021-02-28T14:28:10.452+0300][183.025s][info][gc,stats       ] Pause Degenerated GC (G)        1299151 us
[2021-02-28T14:28:10.452+0300][183.025s][info][gc,stats       ] Pause Degenerated GC (N)        1298889 us
[2021-02-28T14:28:10.452+0300][183.025s][info][gc,stats       ]   Degen Mark Roots                  108 us, parallelism: 0.24x
[2021-02-28T14:28:10.452+0300][183.025s][info][gc,stats       ]     DM: <total>                      26 us
[2021-02-28T14:28:10.452+0300][183.025s][info][gc,stats       ]     DM: JNI Handles Roots             2 us, workers (us):   1,   0,   0, 
[2021-02-28T14:28:10.452+0300][183.025s][info][gc,stats       ]     DM: VM Global Roots               1 us, workers (us):   1,   0,   0, 
[2021-02-28T14:28:10.452+0300][183.025s][info][gc,stats       ]     DM: CLDG Roots                   23 us, workers (us):  23, ---, ---, 
[2021-02-28T14:28:10.452+0300][183.025s][info][gc,stats       ]   Pre Heap Dump                       1 us
[2021-02-28T14:28:10.452+0300][183.025s][info][gc,stats       ]   Prepare                          1262 us
[2021-02-28T14:28:10.452+0300][183.025s][info][gc,stats       ]     Update Roots                    758 us, parallelism: 2.20x
[2021-02-28T14:28:10.452+0300][183.025s][info][gc,stats       ]       FU: <total>                  1670 us
[2021-02-28T14:28:10.452+0300][183.025s][info][gc,stats       ]       FU: Thread Roots               99 us, workers (us):  23,  15,  62, 
[2021-02-28T14:28:10.452+0300][183.025s][info][gc,stats       ]       FU: Code Cache Roots         1501 us, workers (us): 516, 505, 479, 
[2021-02-28T14:28:10.452+0300][183.025s][info][gc,stats       ]       FU: Universe Roots              1 us, workers (us):   1, ---, ---, 
[2021-02-28T14:28:10.452+0300][183.025s][info][gc,stats       ]       FU: JNI Handles Roots           1 us, workers (us):   1,   0,   0, 
[2021-02-28T14:28:10.452+0300][183.025s][info][gc,stats       ]       FU: JVMTI Weak Roots            0 us, workers (us):   0, ---, ---, 
[2021-02-28T14:28:10.452+0300][183.025s][info][gc,stats       ]       FU: JFR Weak Roots              0 us, workers (us):   0, ---, ---, 
[2021-02-28T14:28:10.452+0300][183.026s][info][gc,stats       ]       FU: String Table Roots         42 us, workers (us):  23,  10,  10, 
[2021-02-28T14:28:10.452+0300][183.026s][info][gc,stats       ]       FU: Resolved Table Roots        4 us, workers (us):   2,   1,   1, 
[2021-02-28T14:28:10.452+0300][183.026s][info][gc,stats       ]       FU: VM Global Roots             1 us, workers (us):   1,   0,   0, 
[2021-02-28T14:28:10.452+0300][183.026s][info][gc,stats       ]       FU: VM Weak Roots               1 us, workers (us):   0,   0,   1, 
[2021-02-28T14:28:10.452+0300][183.026s][info][gc,stats       ]       FU: Synchronizer Roots          0 us, workers (us):   0, ---, ---, 
[2021-02-28T14:28:10.452+0300][183.026s][info][gc,stats       ]       FU: Management Roots            1 us, workers (us):   1, ---, ---, 
[2021-02-28T14:28:10.452+0300][183.026s][info][gc,stats       ]       FU: CLDG Roots                 18 us, workers (us): ---,  18, ---, 
[2021-02-28T14:28:10.452+0300][183.026s][info][gc,stats       ]       FU: JVMTI Roots                 0 us, workers (us):   0, ---, ---, 
[2021-02-28T14:28:10.452+0300][183.026s][info][gc,stats       ]   Scan Roots                        158 us, parallelism: 0.98x
[2021-02-28T14:28:10.452+0300][183.026s][info][gc,stats       ]     FS: <total>                     155 us
[2021-02-28T14:28:10.452+0300][183.026s][info][gc,stats       ]     FS: Thread Roots                151 us, workers (us):  61,  36,  54, 
[2021-02-28T14:28:10.452+0300][183.026s][info][gc,stats       ]     FS: Universe Roots                2 us, workers (us):   2, ---, ---, 
[2021-02-28T14:28:10.452+0300][183.026s][info][gc,stats       ]     FS: Synchronizer Roots            0 us, workers (us):   0, ---, ---, 
[2021-02-28T14:28:10.452+0300][183.026s][info][gc,stats       ]     FS: Management Roots              2 us, workers (us):   2, ---, ---, 
[2021-02-28T14:28:10.452+0300][183.026s][info][gc,stats       ]     FS: JVMTI Roots                   0 us, workers (us):   0, ---, ---, 
[2021-02-28T14:28:10.452+0300][183.026s][info][gc,stats       ]   Scan Concurrent Roots             166 us, parallelism: 0.42x
[2021-02-28T14:28:10.452+0300][183.026s][info][gc,stats       ]     FCS: <total>                     70 us
[2021-02-28T14:28:10.452+0300][183.026s][info][gc,stats       ]     FCS: JNI Handles Roots            2 us, workers (us):   2,   0,   0, 
[2021-02-28T14:28:10.452+0300][183.026s][info][gc,stats       ]     FCS: VM Global Roots              3 us, workers (us):   1,   2,   0, 
[2021-02-28T14:28:10.452+0300][183.026s][info][gc,stats       ]     FCS: CLDG Roots                  65 us, workers (us):  65, ---, ---, 
[2021-02-28T14:28:10.454+0300][183.026s][info][gc,stats       ]   Mark                           464681 us
[2021-02-28T14:28:10.454+0300][183.026s][info][gc,stats       ]     Finish Queues                462979 us
[2021-02-28T14:28:10.454+0300][183.026s][info][gc,stats       ]     Weak References                 188 us
[2021-02-28T14:28:10.454+0300][183.026s][info][gc,stats       ]       Process                       183 us
[2021-02-28T14:28:10.454+0300][183.026s][info][gc,stats       ]     System Purge                    103 us
[2021-02-28T14:28:10.454+0300][183.026s][info][gc,stats       ]       Unload Classes               1056 us
[2021-02-28T14:28:10.454+0300][183.026s][info][gc,stats       ]       Weak Roots                    102 us
[2021-02-28T14:28:10.454+0300][183.026s][info][gc,stats       ]       CLDG                           13 us
[2021-02-28T14:28:10.454+0300][183.026s][info][gc,stats       ]   Calculate Addresses            186657 us
[2021-02-28T14:28:10.454+0300][183.026s][info][gc,stats       ]     Regular Objects              186622 us
[2021-02-28T14:28:10.454+0300][183.026s][info][gc,stats       ]     Humongous Objects                16 us
[2021-02-28T14:28:10.454+0300][183.026s][info][gc,stats       ]   Adjust Pointers                200706 us
[2021-02-28T14:28:10.454+0300][183.026s][info][gc,stats       ]     FA: <total>                    1637 us
[2021-02-28T14:28:10.454+0300][183.026s][info][gc,stats       ]     FA: Thread Roots                 79 us, workers (us):   1,  77,   1, 
[2021-02-28T14:28:10.454+0300][183.026s][info][gc,stats       ]     FA: Code Cache Roots           1452 us, workers (us): 519, 399, 535, 
[2021-02-28T14:28:10.454+0300][183.026s][info][gc,stats       ]     FA: Universe Roots                1 us, workers (us):   1, ---, ---, 
[2021-02-28T14:28:10.454+0300][183.026s][info][gc,stats       ]     FA: JNI Handles Roots             2 us, workers (us):   2,   0,   0, 
[2021-02-28T14:28:10.454+0300][183.026s][info][gc,stats       ]     FA: JVMTI Weak Roots              0 us, workers (us):   0, ---, ---, 
[2021-02-28T14:28:10.454+0300][183.026s][info][gc,stats       ]     FA: JFR Weak Roots                0 us, workers (us): ---,   0, ---, 
[2021-02-28T14:28:10.454+0300][183.026s][info][gc,stats       ]     FA: JNI Weak Roots                0 us, workers (us):   0,   0,   0, 
[2021-02-28T14:28:10.454+0300][183.026s][info][gc,stats       ]     FA: String Table Roots           56 us, workers (us):  27,  27,   2, 
[2021-02-28T14:28:10.454+0300][183.026s][info][gc,stats       ]     FA: Resolved Table Roots          5 us, workers (us):   1,   1,   2, 
[2021-02-28T14:28:10.454+0300][183.026s][info][gc,stats       ]     FA: VM Global Roots               2 us, workers (us):   1,   1,   0, 
[2021-02-28T14:28:10.454+0300][183.026s][info][gc,stats       ]     FA: VM Weak Roots                 2 us, workers (us):   2,   1,   0, 
[2021-02-28T14:28:10.454+0300][183.026s][info][gc,stats       ]     FA: Synchronizer Roots            0 us, workers (us): ---,   0, ---, 
[2021-02-28T14:28:10.454+0300][183.026s][info][gc,stats       ]     FA: Management Roots              1 us, workers (us): ---,   1, ---, 
[2021-02-28T14:28:10.454+0300][183.026s][info][gc,stats       ]     FA: CLDG Roots                   35 us, workers (us): ---,  35, ---, 
[2021-02-28T14:28:10.454+0300][183.026s][info][gc,stats       ]     FA: JVMTI Roots                   0 us, workers (us):   0, ---, ---, 
[2021-02-28T14:28:10.454+0300][183.026s][info][gc,stats       ]   Copy Objects                   183144 us
[2021-02-28T14:28:10.454+0300][183.026s][info][gc,stats       ]     Regular Objects              182603 us
[2021-02-28T14:28:10.454+0300][183.026s][info][gc,stats       ]     Humongous Objects                13 us
[2021-02-28T14:28:10.454+0300][183.026s][info][gc,stats       ]     Reset Complete Bitmap           483 us
[2021-02-28T14:28:10.454+0300][183.026s][info][gc,stats       ]     Rebuild Region Sets              44 us
[2021-02-28T14:28:10.454+0300][183.026s][info][gc,stats       ]   Post Heap Dump                      1 us
[2021-02-28T14:28:10.454+0300][183.026s][info][gc,stats       ] Pacing                            23141 us
[2021-02-28T14:28:10.454+0300][183.026s][info][gc,stats       ] 
[2021-02-28T14:28:10.454+0300][183.026s][info][gc,stats       ] Allocation pacing accrued:
[2021-02-28T14:28:10.454+0300][183.026s][info][gc,stats       ]      11 of  1303 ms (  0.9%): main
[2021-02-28T14:28:10.454+0300][183.026s][info][gc,stats       ]      12 of  1303 ms (  0.9%): RMI TCP Connection(5)-172.22.16.1
[2021-02-28T14:28:10.454+0300][183.026s][info][gc,stats       ]      23 of  1303 ms (  1.8%): <total>
[2021-02-28T14:28:10.454+0300][183.026s][info][gc,stats       ]       1 of  1303 ms (  0.1%): <average total>
[2021-02-28T14:28:10.454+0300][183.026s][info][gc,stats       ]      12 of  1303 ms (  0.9%): <average non-zero>
[2021-02-28T14:28:10.454+0300][183.026s][info][gc,stats       ] 
[2021-02-28T14:28:10.454+0300][183.026s][info][gc,metaspace   ] Metaspace: 7070K(7808K)->7067K(7808K) NonClass: 6349K(6912K)->6345K(6912K) Class: 721K(896K)->721K(896K)
[2021-02-28T14:28:10.454+0300][183.026s][info][gc,ergo        ] Pacer for Idle. Initial: 20971K, Alloc Tax Rate: 1.0x
[2021-02-28T14:28:10.456+0300][183.028s][info][gc             ] Trigger: Free (134K) is below minimum threshold (102M)
[2021-02-28T14:28:10.456+0300][183.028s][info][gc,ergo        ] Free: 134K, Max: 134K regular, 0B humongous, Frag: 0% external, 86% internal; Reserve: 40960K, Max: 512K
[2021-02-28T14:28:10.456+0300][183.028s][info][gc,start       ] GC(114) Concurrent reset
[2021-02-28T14:28:10.456+0300][183.028s][info][gc,task        ] GC(114) Using 1 of 3 workers for concurrent reset
[2021-02-28T14:28:10.456+0300][183.028s][info][gc,ergo        ] GC(114) Pacer for Reset. Non-Taxable: 1024M
[2021-02-28T14:28:10.456+0300][183.028s][info][gc             ] GC(114) Concurrent reset 0.279ms
[2021-02-28T14:28:10.456+0300][183.028s][info][gc,start       ] GC(114) Pause Init Mark (unload classes)
[2021-02-28T14:28:10.456+0300][183.028s][info][gc,task        ] GC(114) Using 3 of 3 workers for init marking
[2021-02-28T14:28:10.456+0300][183.029s][info][gc,ergo        ] GC(114) Pacer for Mark. Expected Live: 2161M, Free: 134K, Non-Taxable: 13821B, Alloc Tax Rate: 20045.3x
[2021-02-28T14:28:10.456+0300][183.029s][info][gc             ] GC(114) Pause Init Mark (unload classes) 0.294ms
[2021-02-28T14:28:10.456+0300][183.029s][info][gc,start       ] GC(114) Concurrent marking (unload classes)
[2021-02-28T14:28:10.456+0300][183.029s][info][gc,task        ] GC(114) Using 1 of 3 workers for concurrent marking
[2021-02-28T14:28:10.595+0300][183.167s][info][gc             ] Failed to allocate TLAB, 2672B
[2021-02-28T14:28:10.595+0300][183.167s][info][gc             ] Cancelling GC: Allocation Failure
[2021-02-28T14:28:10.595+0300][183.167s][info][gc             ] GC(114) Concurrent marking (unload classes) 138.132ms
[2021-02-28T14:28:10.595+0300][183.167s][info][gc,ergo        ] Free: 0B, Max: 0B regular, 0B humongous, Frag: 0% external, 0% internal; Reserve: 40960K, Max: 512K
[2021-02-28T14:28:10.595+0300][183.167s][info][gc,stats       ] 
[2021-02-28T14:28:10.595+0300][183.167s][info][gc,stats       ] All times are wall-clock times, except per-root-class counters, that are sum over
[2021-02-28T14:28:10.595+0300][183.167s][info][gc,stats       ] all workers. Dividing the <total> over the root stage time estimates parallelism.
[2021-02-28T14:28:10.595+0300][183.167s][info][gc,stats       ] 
[2021-02-28T14:28:10.595+0300][183.167s][info][gc,stats       ] Concurrent Reset                    301 us
[2021-02-28T14:28:10.595+0300][183.167s][info][gc,stats       ] Pause Init Mark (G)                 563 us
[2021-02-28T14:28:10.595+0300][183.167s][info][gc,stats       ] Pause Init Mark (N)                 308 us
[2021-02-28T14:28:10.595+0300][183.167s][info][gc,stats       ]   Manage TLABs                        2 us
[2021-02-28T14:28:10.595+0300][183.167s][info][gc,stats       ]   Update Region States               98 us
[2021-02-28T14:28:10.595+0300][183.167s][info][gc,stats       ]   Scan Roots                        131 us, parallelism: 0.96x
[2021-02-28T14:28:10.595+0300][183.167s][info][gc,stats       ]     S: <total>                      126 us
[2021-02-28T14:28:10.595+0300][183.167s][info][gc,stats       ]     S: Thread Roots                 123 us, workers (us):  58,  31,  34, 
[2021-02-28T14:28:10.595+0300][183.167s][info][gc,stats       ]     S: Universe Roots                 2 us, workers (us):   2, ---, ---, 
[2021-02-28T14:28:10.595+0300][183.167s][info][gc,stats       ]     S: Synchronizer Roots             0 us, workers (us):   0, ---, ---, 
[2021-02-28T14:28:10.595+0300][183.167s][info][gc,stats       ]     S: Management Roots               1 us, workers (us):   1, ---, ---, 
[2021-02-28T14:28:10.595+0300][183.167s][info][gc,stats       ]     S: JVMTI Roots                    0 us, workers (us):   0, ---, ---, 
[2021-02-28T14:28:10.595+0300][183.167s][info][gc,stats       ] Concurrent Marking               138156 us
[2021-02-28T14:28:10.595+0300][183.167s][info][gc,stats       ]   Roots                             138 us, parallelism: 0.44x
[2021-02-28T14:28:10.595+0300][183.167s][info][gc,stats       ]     CM: <total>                      61 us
[2021-02-28T14:28:10.595+0300][183.167s][info][gc,stats       ]     CM: JNI Handles Roots             1 us, workers (us):   1, ---, ---, 
[2021-02-28T14:28:10.595+0300][183.167s][info][gc,stats       ]     CM: VM Global Roots               2 us, workers (us):   2, ---, ---, 
[2021-02-28T14:28:10.595+0300][183.167s][info][gc,stats       ]     CM: CLDG Roots                   57 us, workers (us):  57, ---, ---, 
[2021-02-28T14:28:10.595+0300][183.167s][info][gc,stats       ] Pacing                           567565 us
[2021-02-28T14:28:10.595+0300][183.167s][info][gc,stats       ] 
[2021-02-28T14:28:10.595+0300][183.167s][info][gc,stats       ] Allocation pacing accrued:
[2021-02-28T14:28:10.595+0300][183.167s][info][gc,stats       ]     136 of   141 ms ( 96.1%): main
[2021-02-28T14:28:10.595+0300][183.167s][info][gc,stats       ]     141 of   141 ms (100.0%): Notification Thread
[2021-02-28T14:28:10.595+0300][183.167s][info][gc,stats       ]      13 of   141 ms (  9.1%): RMI TCP Connection(2)-172.22.16.1
[2021-02-28T14:28:10.595+0300][183.167s][info][gc,stats       ]     139 of   141 ms ( 98.6%): RMI TCP Connection(5)-172.22.16.1
[2021-02-28T14:28:10.595+0300][183.167s][info][gc,stats       ]     139 of   141 ms ( 98.6%): RMI TCP Connection(7)-172.22.16.1
[2021-02-28T14:28:10.595+0300][183.167s][info][gc,stats       ]     568 of   141 ms (402.3%): <total>
[2021-02-28T14:28:10.595+0300][183.167s][info][gc,stats       ]      30 of   141 ms ( 21.2%): <average total>
[2021-02-28T14:28:10.595+0300][183.167s][info][gc,stats       ]     114 of   141 ms ( 80.5%): <average non-zero>
[2021-02-28T14:28:10.595+0300][183.167s][info][gc,stats       ] 
[2021-02-28T14:28:10.595+0300][183.167s][info][gc,metaspace   ] Metaspace: 7067K(7808K)->7067K(7808K) NonClass: 6345K(6912K)->6345K(6912K) Class: 721K(896K)->721K(896K)
[2021-02-28T14:28:10.595+0300][183.167s][info][gc,ergo        ] Pacer for Idle. Initial: 20971K, Alloc Tax Rate: 1.0x
[2021-02-28T14:28:10.598+0300][183.170s][info][gc             ] Trigger: Handle Allocation Failure
[2021-02-28T14:28:10.598+0300][183.170s][info][gc,ergo        ] Free: 0B, Max: 0B regular, 0B humongous, Frag: 0% external, 0% internal; Reserve: 40960K, Max: 512K
[2021-02-28T14:28:10.598+0300][183.170s][info][gc,start       ] GC(115) Pause Degenerated GC (Mark)
[2021-02-28T14:28:10.598+0300][183.170s][info][gc,task        ] GC(115) Using 3 of 3 workers for stw degenerated gc
[2021-02-28T14:28:10.970+0300][183.544s][info][gc,ergo        ] GC(115) Adaptive CSet Selection. Target Free: 145M, Actual Free: 40960K, Max CSet: 43690K, Min Garbage: 105M
[2021-02-28T14:28:10.970+0300][183.544s][info][gc,ergo        ] GC(115) Collectable Garbage: 40760B (100%), Immediate: 0B (0%), CSet: 40760B (100%)
[2021-02-28T14:28:10.971+0300][183.544s][info][gc,ergo        ] GC(115) Pacer for Evacuation. Used CSet: 43519K, Free: 17632B, Non-Taxable: 1763B, Alloc Tax Rate: 6178.1x
[2021-02-28T14:28:10.982+0300][183.554s][info][gc             ] GC(115) Cancelling GC: Allocation Failure During Evacuation
[2021-02-28T14:28:10.984+0300][183.556s][info][gc             ] GC(115) Cannot finish degeneration, upgrading to Full GC
[2021-02-28T14:28:10.985+0300][183.557s][info][gc,phases,start] GC(115) Phase 1: Mark live objects
[2021-02-28T14:28:11.443+0300][184.015s][info][gc,phases      ] GC(115) Phase 1: Mark live objects 457.839ms
[2021-02-28T14:28:11.443+0300][184.015s][info][gc,phases,start] GC(115) Phase 2: Compute new object addresses
[2021-02-28T14:28:11.623+0300][184.196s][info][gc,phases      ] GC(115) Phase 2: Compute new object addresses 180.491ms
[2021-02-28T14:28:11.623+0300][184.196s][info][gc,phases,start] GC(115) Phase 3: Adjust pointers
[2021-02-28T14:28:11.823+0300][184.395s][info][gc,phases      ] GC(115) Phase 3: Adjust pointers 199.135ms
[2021-02-28T14:28:11.823+0300][184.395s][info][gc,phases,start] GC(115) Phase 4: Move objects
[2021-02-28T14:28:12.011+0300][184.584s][info][gc,phases      ] GC(115) Phase 4: Move objects 189.176ms
[2021-02-28T14:28:12.011+0300][184.584s][info][gc,ergo        ] GC(115) Bad progress for free space: 648K, need 10485K
[2021-02-28T14:28:12.011+0300][184.584s][info][gc             ] GC(115) Pause Degenerated GC (Mark) 983M->983M(1024M) 1414.195ms
[2021-02-28T14:28:12.011+0300][184.584s][info][gc,ergo        ] Free: 475K, Max: 244K regular, 0B humongous, Frag: 0% external, 53% internal; Reserve: 40448K, Max: 512K
[2021-02-28T14:28:12.011+0300][184.584s][info][gc,stats       ] 
[2021-02-28T14:28:12.011+0300][184.584s][info][gc,stats       ] All times are wall-clock times, except per-root-class counters, that are sum over
[2021-02-28T14:28:12.011+0300][184.584s][info][gc,stats       ] all workers. Dividing the <total> over the root stage time estimates parallelism.
[2021-02-28T14:28:12.011+0300][184.584s][info][gc,stats       ] 
[2021-02-28T14:28:12.011+0300][184.584s][info][gc,stats       ]   Finish Queues                  372570 us
[2021-02-28T14:28:12.011+0300][184.584s][info][gc,stats       ]   System Purge                      130 us
[2021-02-28T14:28:12.011+0300][184.584s][info][gc,stats       ]     Unload Classes                  621 us
[2021-02-28T14:28:12.011+0300][184.584s][info][gc,stats       ]     Weak Roots                      130 us
[2021-02-28T14:28:12.011+0300][184.584s][info][gc,stats       ]     CLDG                              0 us
[2021-02-28T14:28:12.011+0300][184.584s][info][gc,stats       ]   Update Region States               90 us
[2021-02-28T14:28:12.011+0300][184.585s][info][gc,stats       ]   Manage GC/TLABs                     4 us
[2021-02-28T14:28:12.011+0300][184.585s][info][gc,stats       ]   Choose Collection Set             178 us
[2021-02-28T14:28:12.011+0300][184.585s][info][gc,stats       ]   Rebuild Free Set                   22 us
[2021-02-28T14:28:12.011+0300][184.585s][info][gc,stats       ]   Initial Evacuation                 19 us
[2021-02-28T14:28:12.011+0300][184.585s][info][gc,stats       ] Pause Degenerated GC (G)        1414442 us
[2021-02-28T14:28:12.011+0300][184.585s][info][gc,stats       ] Pause Degenerated GC (N)        1414209 us
[2021-02-28T14:28:12.011+0300][184.585s][info][gc,stats       ]   Degen Mark Roots                   95 us, parallelism: 0.28x
[2021-02-28T14:28:12.011+0300][184.585s][info][gc,stats       ]     DM: <total>                      27 us
[2021-02-28T14:28:12.011+0300][184.585s][info][gc,stats       ]     DM: JNI Handles Roots             1 us, workers (us):   1,   0,   0, 
[2021-02-28T14:28:12.011+0300][184.585s][info][gc,stats       ]     DM: VM Global Roots               1 us, workers (us):   1,   0,   0, 
[2021-02-28T14:28:12.011+0300][184.585s][info][gc,stats       ]     DM: CLDG Roots                   24 us, workers (us):  24, ---, ---, 
[2021-02-28T14:28:12.011+0300][184.585s][info][gc,stats       ]   Pre Heap Dump                       1 us
[2021-02-28T14:28:12.011+0300][184.585s][info][gc,stats       ]   Prepare                          1205 us
[2021-02-28T14:28:12.011+0300][184.585s][info][gc,stats       ]     Update Roots                    709 us, parallelism: 2.23x
[2021-02-28T14:28:12.011+0300][184.585s][info][gc,stats       ]       FU: <total>                  1582 us
[2021-02-28T14:28:12.013+0300][184.585s][info][gc,stats       ]       FU: Thread Roots               76 us, workers (us):  74,   1,   1, 
[2021-02-28T14:28:12.013+0300][184.585s][info][gc,stats       ]       FU: Code Cache Roots         1426 us, workers (us): 394, 505, 527, 
[2021-02-28T14:28:12.013+0300][184.585s][info][gc,stats       ]       FU: Universe Roots              1 us, workers (us):   1, ---, ---, 
[2021-02-28T14:28:12.013+0300][184.585s][info][gc,stats       ]       FU: JNI Handles Roots           1 us, workers (us):   1,   0,   0, 
[2021-02-28T14:28:12.013+0300][184.585s][info][gc,stats       ]       FU: JVMTI Weak Roots            0 us, workers (us):   0, ---, ---, 
[2021-02-28T14:28:12.013+0300][184.585s][info][gc,stats       ]       FU: JFR Weak Roots              0 us, workers (us):   0, ---, ---, 
[2021-02-28T14:28:12.013+0300][184.585s][info][gc,stats       ]       FU: String Table Roots         51 us, workers (us):  27,  12,  11, 
[2021-02-28T14:28:12.013+0300][184.585s][info][gc,stats       ]       FU: Resolved Table Roots        5 us, workers (us):   1,   1,   2, 
[2021-02-28T14:28:12.013+0300][184.585s][info][gc,stats       ]       FU: VM Global Roots             2 us, workers (us):   1,   0,   0, 
[2021-02-28T14:28:12.013+0300][184.585s][info][gc,stats       ]       FU: VM Weak Roots               1 us, workers (us):   0,   1,   0, 
[2021-02-28T14:28:12.013+0300][184.585s][info][gc,stats       ]       FU: Synchronizer Roots          0 us, workers (us):   0, ---, ---, 
[2021-02-28T14:28:12.013+0300][184.585s][info][gc,stats       ]       FU: Management Roots            1 us, workers (us):   1, ---, ---, 
[2021-02-28T14:28:12.013+0300][184.585s][info][gc,stats       ]       FU: CLDG Roots                 19 us, workers (us):  19, ---, ---, 
[2021-02-28T14:28:12.013+0300][184.585s][info][gc,stats       ]       FU: JVMTI Roots                 0 us, workers (us):   0, ---, ---, 
[2021-02-28T14:28:12.013+0300][184.585s][info][gc,stats       ]   Scan Roots                        146 us, parallelism: 1.03x
[2021-02-28T14:28:12.013+0300][184.585s][info][gc,stats       ]     FS: <total>                     150 us
[2021-02-28T14:28:12.013+0300][184.585s][info][gc,stats       ]     FS: Thread Roots                146 us, workers (us):  55,  45,  46, 
[2021-02-28T14:28:12.013+0300][184.585s][info][gc,stats       ]     FS: Universe Roots                2 us, workers (us):   2, ---, ---, 
[2021-02-28T14:28:12.013+0300][184.585s][info][gc,stats       ]     FS: Synchronizer Roots            0 us, workers (us):   0, ---, ---, 
[2021-02-28T14:28:12.013+0300][184.585s][info][gc,stats       ]     FS: Management Roots              2 us, workers (us):   2, ---, ---, 
[2021-02-28T14:28:12.013+0300][184.585s][info][gc,stats       ]     FS: JVMTI Roots                   0 us, workers (us):   0, ---, ---, 
[2021-02-28T14:28:12.013+0300][184.585s][info][gc,stats       ]   Scan Concurrent Roots             144 us, parallelism: 0.43x
[2021-02-28T14:28:12.013+0300][184.585s][info][gc,stats       ]     FCS: <total>                     62 us
[2021-02-28T14:28:12.013+0300][184.585s][info][gc,stats       ]     FCS: JNI Handles Roots            2 us, workers (us):   2,   0,   0, 
[2021-02-28T14:28:12.013+0300][184.585s][info][gc,stats       ]     FCS: VM Global Roots              2 us, workers (us):   2,   0,   0, 
[2021-02-28T14:28:12.013+0300][184.585s][info][gc,stats       ]     FCS: CLDG Roots                  58 us, workers (us):  58, ---, ---, 
[2021-02-28T14:28:12.013+0300][184.585s][info][gc,stats       ]   Mark                           457798 us
[2021-02-28T14:28:12.013+0300][184.585s][info][gc,stats       ]     Finish Queues                456101 us
[2021-02-28T14:28:12.013+0300][184.585s][info][gc,stats       ]     Weak References                 225 us
[2021-02-28T14:28:12.013+0300][184.585s][info][gc,stats       ]       Process                       220 us
[2021-02-28T14:28:12.013+0300][184.585s][info][gc,stats       ]     System Purge                     98 us
[2021-02-28T14:28:12.013+0300][184.585s][info][gc,stats       ]       Unload Classes               1056 us
[2021-02-28T14:28:12.013+0300][184.585s][info][gc,stats       ]       Weak Roots                     98 us
[2021-02-28T14:28:12.013+0300][184.585s][info][gc,stats       ]       CLDG                           10 us
[2021-02-28T14:28:12.013+0300][184.585s][info][gc,stats       ]   Calculate Addresses            180478 us
[2021-02-28T14:28:12.013+0300][184.585s][info][gc,stats       ]     Regular Objects              180442 us
[2021-02-28T14:28:12.013+0300][184.585s][info][gc,stats       ]     Humongous Objects                16 us
[2021-02-28T14:28:12.013+0300][184.585s][info][gc,stats       ]   Adjust Pointers                199122 us
[2021-02-28T14:28:12.013+0300][184.585s][info][gc,stats       ]     FA: <total>                    1624 us
[2021-02-28T14:28:12.013+0300][184.585s][info][gc,stats       ]     FA: Thread Roots                 78 us, workers (us):   1,  76,   1, 
[2021-02-28T14:28:12.013+0300][184.585s][info][gc,stats       ]     FA: Code Cache Roots           1445 us, workers (us): 532, 400, 512, 
[2021-02-28T14:28:12.013+0300][184.585s][info][gc,stats       ]     FA: Universe Roots                1 us, workers (us):   1, ---, ---, 
[2021-02-28T14:28:12.013+0300][184.585s][info][gc,stats       ]     FA: JNI Handles Roots             3 us, workers (us):   2,   1,   0, 
[2021-02-28T14:28:12.013+0300][184.585s][info][gc,stats       ]     FA: JVMTI Weak Roots              0 us, workers (us):   0, ---, ---, 
[2021-02-28T14:28:12.013+0300][184.585s][info][gc,stats       ]     FA: JFR Weak Roots                0 us, workers (us):   0, ---, ---, 
[2021-02-28T14:28:12.013+0300][184.585s][info][gc,stats       ]     FA: JNI Weak Roots                0 us, workers (us):   0,   0,   0, 
[2021-02-28T14:28:12.013+0300][184.585s][info][gc,stats       ]     FA: String Table Roots           53 us, workers (us):  26,  27,   0, 
[2021-02-28T14:28:12.013+0300][184.585s][info][gc,stats       ]     FA: Resolved Table Roots          4 us, workers (us):   2,   2,   0, 
[2021-02-28T14:28:12.013+0300][184.585s][info][gc,stats       ]     FA: VM Global Roots               2 us, workers (us):   1,   2,   0, 
[2021-02-28T14:28:12.013+0300][184.585s][info][gc,stats       ]     FA: VM Weak Roots                 2 us, workers (us):   2,   1,   0, 
[2021-02-28T14:28:12.013+0300][184.585s][info][gc,stats       ]     FA: Synchronizer Roots            0 us, workers (us):   0, ---, ---, 
[2021-02-28T14:28:12.013+0300][184.585s][info][gc,stats       ]     FA: Management Roots              1 us, workers (us):   1, ---, ---, 
[2021-02-28T14:28:12.013+0300][184.585s][info][gc,stats       ]     FA: CLDG Roots                   33 us, workers (us): ---,  33, ---, 
[2021-02-28T14:28:12.013+0300][184.585s][info][gc,stats       ]     FA: JVMTI Roots                   0 us, workers (us):   0, ---, ---, 
[2021-02-28T14:28:12.013+0300][184.585s][info][gc,stats       ]   Copy Objects                   189163 us
[2021-02-28T14:28:12.013+0300][184.585s][info][gc,stats       ]     Regular Objects              188618 us
[2021-02-28T14:28:12.013+0300][184.585s][info][gc,stats       ]     Humongous Objects                13 us
[2021-02-28T14:28:12.013+0300][184.585s][info][gc,stats       ]     Reset Complete Bitmap           480 us
[2021-02-28T14:28:12.013+0300][184.585s][info][gc,stats       ]     Rebuild Region Sets              50 us
[2021-02-28T14:28:12.013+0300][184.585s][info][gc,stats       ]   Post Heap Dump                      1 us
[2021-02-28T14:28:12.013+0300][184.585s][info][gc,stats       ] Pacing                          4262304 us
[2021-02-28T14:28:12.013+0300][184.585s][info][gc,stats       ] 
[2021-02-28T14:28:12.013+0300][184.585s][info][gc,stats       ] Allocation pacing accrued:
[2021-02-28T14:28:12.013+0300][184.586s][info][gc,stats       ]    1423 of  1418 ms (100.4%): main
[2021-02-28T14:28:12.013+0300][184.586s][info][gc,stats       ]    1419 of  1418 ms (100.1%): RMI TCP Connection(5)-172.22.16.1
[2021-02-28T14:28:12.013+0300][184.586s][info][gc,stats       ]    1419 of  1418 ms (100.1%): RMI TCP Connection(7)-172.22.16.1
[2021-02-28T14:28:12.013+0300][184.586s][info][gc,stats       ]    4262 of  1418 ms (300.5%): <total>
[2021-02-28T14:28:12.013+0300][184.586s][info][gc,stats       ]     224 of  1418 ms ( 15.8%): <average total>
[2021-02-28T14:28:12.013+0300][184.586s][info][gc,stats       ]    1421 of  1418 ms (100.2%): <average non-zero>
[2021-02-28T14:28:12.013+0300][184.586s][info][gc,stats       ] 
[2021-02-28T14:28:12.013+0300][184.586s][info][gc,metaspace   ] Metaspace: 7067K(7808K)->7063K(7808K) NonClass: 6345K(6912K)->6342K(6912K) Class: 721K(896K)->720K(896K)
[2021-02-28T14:28:12.013+0300][184.586s][info][gc,ergo        ] Pacer for Idle. Initial: 20971K, Alloc Tax Rate: 1.0x
[2021-02-28T14:28:12.014+0300][184.587s][info][gc             ] Trigger: Free (344K) is below minimum threshold (102M)
[2021-02-28T14:28:12.014+0300][184.587s][info][gc,ergo        ] Free: 340K, Max: 230K regular, 0B humongous, Frag: 0% external, 66% internal; Reserve: 40448K, Max: 512K
[2021-02-28T14:28:12.014+0300][184.587s][info][gc,start       ] GC(116) Concurrent reset
[2021-02-28T14:28:12.014+0300][184.587s][info][gc,task        ] GC(116) Using 1 of 3 workers for concurrent reset
[2021-02-28T14:28:12.014+0300][184.587s][info][gc,ergo        ] GC(116) Pacer for Reset. Non-Taxable: 1024M
[2021-02-28T14:28:12.014+0300][184.587s][info][gc             ] GC(116) Concurrent reset 0.239ms
[2021-02-28T14:28:12.014+0300][184.587s][info][gc,start       ] GC(116) Pause Init Mark (unload classes)
[2021-02-28T14:28:12.014+0300][184.587s][info][gc,task        ] GC(116) Using 3 of 3 workers for init marking
[2021-02-28T14:28:12.014+0300][184.587s][info][gc,ergo        ] GC(116) Pacer for Mark. Expected Live: 2162M, Free: 315K, Non-Taxable: 32256B, Alloc Tax Rate: 8591.5x
[2021-02-28T14:28:12.014+0300][184.587s][info][gc             ] GC(116) Pause Init Mark (unload classes) 0.179ms
[2021-02-28T14:28:12.014+0300][184.587s][info][gc,start       ] GC(116) Concurrent marking (unload classes)
[2021-02-28T14:28:12.014+0300][184.587s][info][gc,task        ] GC(116) Using 1 of 3 workers for concurrent marking
[2021-02-28T14:28:12.455+0300][185.027s][info][gc             ] Failed to allocate TLAB, 2672B
[2021-02-28T14:28:12.455+0300][185.027s][info][gc             ] Cancelling GC: Allocation Failure
[2021-02-28T14:28:12.455+0300][185.027s][info][gc             ] GC(116) Concurrent marking (unload classes) 439.488ms
[2021-02-28T14:28:12.455+0300][185.027s][info][gc,ergo        ] Free: 0B, Max: 0B regular, 0B humongous, Frag: 0% external, 0% internal; Reserve: 40448K, Max: 512K
[2021-02-28T14:28:12.455+0300][185.027s][info][gc,stats       ] 
[2021-02-28T14:28:12.455+0300][185.027s][info][gc,stats       ] All times are wall-clock times, except per-root-class counters, that are sum over
[2021-02-28T14:28:12.455+0300][185.027s][info][gc,stats       ] all workers. Dividing the <total> over the root stage time estimates parallelism.
[2021-02-28T14:28:12.455+0300][185.027s][info][gc,stats       ] 
[2021-02-28T14:28:12.455+0300][185.027s][info][gc,stats       ] Concurrent Reset                    263 us
[2021-02-28T14:28:12.455+0300][185.027s][info][gc,stats       ] Pause Init Mark (G)                 353 us
[2021-02-28T14:28:12.455+0300][185.027s][info][gc,stats       ] Pause Init Mark (N)                 192 us
[2021-02-28T14:28:12.455+0300][185.027s][info][gc,stats       ]   Manage TLABs                        3 us
[2021-02-28T14:28:12.455+0300][185.027s][info][gc,stats       ]   Update Region States               45 us
[2021-02-28T14:28:12.455+0300][185.027s][info][gc,stats       ]   Scan Roots                         68 us, parallelism: 1.68x
[2021-02-28T14:28:12.455+0300][185.027s][info][gc,stats       ]     S: <total>                      114 us
[2021-02-28T14:28:12.455+0300][185.027s][info][gc,stats       ]     S: Thread Roots                 110 us, workers (us):  49,  29,  32, 
[2021-02-28T14:28:12.455+0300][185.027s][info][gc,stats       ]     S: Universe Roots                 2 us, workers (us):   2, ---, ---, 
[2021-02-28T14:28:12.455+0300][185.027s][info][gc,stats       ]     S: Synchronizer Roots             0 us, workers (us): ---,   0, ---, 
[2021-02-28T14:28:12.455+0300][185.027s][info][gc,stats       ]     S: Management Roots               1 us, workers (us): ---,   1, ---, 
[2021-02-28T14:28:12.455+0300][185.027s][info][gc,stats       ]     S: JVMTI Roots                    0 us, workers (us):   0, ---, ---, 
[2021-02-28T14:28:12.455+0300][185.027s][info][gc,stats       ] Concurrent Marking               439511 us
[2021-02-28T14:28:12.455+0300][185.027s][info][gc,stats       ]   Roots                             142 us, parallelism: 0.46x
[2021-02-28T14:28:12.455+0300][185.027s][info][gc,stats       ]     CM: <total>                      65 us
[2021-02-28T14:28:12.455+0300][185.027s][info][gc,stats       ]     CM: JNI Handles Roots             2 us, workers (us):   2, ---, ---, 
[2021-02-28T14:28:12.455+0300][185.027s][info][gc,stats       ]     CM: VM Global Roots               2 us, workers (us):   2, ---, ---, 
[2021-02-28T14:28:12.455+0300][185.027s][info][gc,stats       ]     CM: CLDG Roots                   61 us, workers (us):  61, ---, ---, 
[2021-02-28T14:28:12.455+0300][185.027s][info][gc,stats       ] Pacing                          1083715 us
[2021-02-28T14:28:12.455+0300][185.027s][info][gc,stats       ] 
[2021-02-28T14:28:12.455+0300][185.027s][info][gc,stats       ] Allocation pacing accrued:
[2021-02-28T14:28:12.455+0300][185.027s][info][gc,stats       ]     434 of   442 ms ( 98.3%): main
[2021-02-28T14:28:12.455+0300][185.027s][info][gc,stats       ]     441 of   442 ms ( 99.8%): Notification Thread
[2021-02-28T14:28:12.455+0300][185.027s][info][gc,stats       ]      12 of   442 ms (  2.7%): RMI TCP Connection(2)-172.22.16.1
[2021-02-28T14:28:12.455+0300][185.027s][info][gc,stats       ]     197 of   442 ms ( 44.5%): RMI TCP Connection(7)-172.22.16.1
[2021-02-28T14:28:12.455+0300][185.027s][info][gc,stats       ]    1084 of   442 ms (245.3%): <total>
[2021-02-28T14:28:12.455+0300][185.027s][info][gc,stats       ]      57 of   442 ms ( 12.9%): <average total>
[2021-02-28T14:28:12.455+0300][185.027s][info][gc,stats       ]     271 of   442 ms ( 61.3%): <average non-zero>
[2021-02-28T14:28:12.455+0300][185.027s][info][gc,stats       ] 
[2021-02-28T14:28:12.455+0300][185.027s][info][gc,metaspace   ] Metaspace: 7071K(7808K)->7076K(7808K) NonClass: 6349K(6912K)->6354K(6912K) Class: 721K(896K)->722K(896K)
[2021-02-28T14:28:12.455+0300][185.027s][info][gc,ergo        ] Pacer for Idle. Initial: 20971K, Alloc Tax Rate: 1.0x
[2021-02-28T14:28:12.458+0300][185.030s][info][gc             ] Trigger: Handle Allocation Failure
[2021-02-28T14:28:12.458+0300][185.030s][info][gc,ergo        ] Free: 0B, Max: 0B regular, 0B humongous, Frag: 0% external, 0% internal; Reserve: 40448K, Max: 512K
[2021-02-28T14:28:12.458+0300][185.030s][info][gc,start       ] GC(117) Pause Full
[2021-02-28T14:28:12.458+0300][185.030s][info][gc,task        ] GC(117) Using 3 of 3 workers for full gc
[2021-02-28T14:28:12.458+0300][185.031s][info][gc,phases,start] GC(117) Phase 1: Mark live objects
[2021-02-28T14:28:12.876+0300][185.449s][info][gc,phases      ] GC(117) Phase 1: Mark live objects 418.591ms
[2021-02-28T14:28:12.876+0300][185.449s][info][gc,phases,start] GC(117) Phase 2: Compute new object addresses
[2021-02-28T14:28:13.058+0300][185.630s][info][gc,phases      ] GC(117) Phase 2: Compute new object addresses 181.219ms
[2021-02-28T14:28:13.058+0300][185.630s][info][gc,phases,start] GC(117) Phase 3: Adjust pointers
[2021-02-28T14:28:13.260+0300][185.832s][info][gc,phases      ] GC(117) Phase 3: Adjust pointers 201.285ms
[2021-02-28T14:28:13.260+0300][185.832s][info][gc,phases,start] GC(117) Phase 4: Move objects
[2021-02-28T14:28:13.443+0300][186.015s][info][gc,phases      ] GC(117) Phase 4: Move objects 183.245ms
[2021-02-28T14:28:13.443+0300][186.015s][info][gc,ergo        ] GC(117) Bad progress for free space: 344K, need 10485K
[2021-02-28T14:28:13.443+0300][186.015s][info][gc             ] GC(117) Pause Full 984M->983M(1024M) 985.178ms
[2021-02-28T14:28:13.443+0300][186.015s][info][gc,ergo        ] Free: 319K, Max: 235K regular, 0B humongous, Frag: 0% external, 68% internal; Reserve: 40448K, Max: 512K
[2021-02-28T14:28:13.443+0300][186.015s][info][gc,stats       ] 
[2021-02-28T14:28:13.443+0300][186.015s][info][gc,stats       ] All times are wall-clock times, except per-root-class counters, that are sum over
[2021-02-28T14:28:13.443+0300][186.015s][info][gc,stats       ] all workers. Dividing the <total> over the root stage time estimates parallelism.
[2021-02-28T14:28:13.443+0300][186.015s][info][gc,stats       ] 
[2021-02-28T14:28:13.443+0300][186.015s][info][gc,stats       ] Pause Full GC (G)                985455 us
[2021-02-28T14:28:13.443+0300][186.015s][info][gc,stats       ] Pause Full GC (N)                985193 us
[2021-02-28T14:28:13.443+0300][186.015s][info][gc,stats       ]   Pre Heap Dump                       0 us
[2021-02-28T14:28:13.443+0300][186.015s][info][gc             ] Failed to allocate TLAB, 2648B
[2021-02-28T14:28:13.443+0300][186.015s][info][gc,stats       ]   Prepare                           489 us
[2021-02-28T14:28:13.443+0300][186.016s][info][gc             ] Cancelling GC: Allocation Failure
[2021-02-28T14:28:13.443+0300][186.016s][info][gc,stats       ]   Scan Roots                        169 us, parallelism: 1.16x
[2021-02-28T14:28:13.443+0300][186.016s][info][gc,stats       ]     FS: <total>                     197 us
[2021-02-28T14:28:13.443+0300][186.016s][info][gc,stats       ]     FS: Thread Roots                193 us, workers (us):  71,  74,  49, 
[2021-02-28T14:28:13.443+0300][186.016s][info][gc,stats       ]     FS: Universe Roots                2 us, workers (us):   2, ---, ---, 
[2021-02-28T14:28:13.443+0300][186.016s][info][gc,stats       ]     FS: Synchronizer Roots            0 us, workers (us):   0, ---, ---, 
[2021-02-28T14:28:13.443+0300][186.016s][info][gc,stats       ]     FS: Management Roots              1 us, workers (us):   1, ---, ---, 
[2021-02-28T14:28:13.443+0300][186.016s][info][gc,stats       ]     FS: JVMTI Roots                   0 us, workers (us):   0, ---, ---, 
[2021-02-28T14:28:13.443+0300][186.016s][info][gc,stats       ]   Scan Concurrent Roots             140 us, parallelism: 0.35x
[2021-02-28T14:28:13.443+0300][186.016s][info][gc,stats       ]     FCS: <total>                     48 us
[2021-02-28T14:28:13.443+0300][186.016s][info][gc,stats       ]     FCS: JNI Handles Roots            2 us, workers (us):   1,   0,   0, 
[2021-02-28T14:28:13.443+0300][186.016s][info][gc,stats       ]     FCS: VM Global Roots              2 us, workers (us):   1,   1,   0, 
[2021-02-28T14:28:13.443+0300][186.016s][info][gc,stats       ]     FCS: CLDG Roots                  44 us, workers (us): ---,  44, ---, 
[2021-02-28T14:28:13.443+0300][186.016s][info][gc,stats       ]   Mark                           418550 us
[2021-02-28T14:28:13.443+0300][186.016s][info][gc,stats       ]     Finish Queues                416899 us
[2021-02-28T14:28:13.443+0300][186.016s][info][gc,stats       ]     Weak References                 159 us
[2021-02-28T14:28:13.443+0300][186.016s][info][gc,stats       ]       Process                       154 us
[2021-02-28T14:28:13.443+0300][186.016s][info][gc,stats       ]     System Purge                     85 us
[2021-02-28T14:28:13.443+0300][186.016s][info][gc,stats       ]       Unload Classes               1057 us
[2021-02-28T14:28:13.443+0300][186.016s][info][gc,stats       ]       Weak Roots                     85 us
[2021-02-28T14:28:13.443+0300][186.016s][info][gc,stats       ]       CLDG                           24 us
[2021-02-28T14:28:13.443+0300][186.016s][info][gc,stats       ]   Calculate Addresses            181206 us
[2021-02-28T14:28:13.443+0300][186.016s][info][gc,stats       ]     Regular Objects              181170 us
[2021-02-28T14:28:13.443+0300][186.016s][info][gc,stats       ]     Humongous Objects                16 us
[2021-02-28T14:28:13.443+0300][186.016s][info][gc,stats       ]   Adjust Pointers                201227 us
[2021-02-28T14:28:13.443+0300][186.016s][info][gc,stats       ]     FA: <total>                    1633 us
[2021-02-28T14:28:13.443+0300][186.016s][info][gc,stats       ]     FA: Thread Roots                 65 us, workers (us):   1,  64,   1, 
[2021-02-28T14:28:13.443+0300][186.016s][info][gc,stats       ]     FA: Code Cache Roots           1465 us, workers (us): 518, 405, 542, 
[2021-02-28T14:28:13.443+0300][186.016s][info][gc,stats       ]     FA: Universe Roots                1 us, workers (us):   1, ---, ---, 
[2021-02-28T14:28:13.443+0300][186.016s][info][gc,stats       ]     FA: JNI Handles Roots             2 us, workers (us):   0,   2,   0, 
[2021-02-28T14:28:13.443+0300][186.016s][info][gc,stats       ]     FA: JVMTI Weak Roots              0 us, workers (us): ---,   0, ---, 
[2021-02-28T14:28:13.443+0300][186.016s][info][gc,stats       ]     FA: JFR Weak Roots                0 us, workers (us):   0, ---, ---, 
[2021-02-28T14:28:13.443+0300][186.016s][info][gc,stats       ]     FA: JNI Weak Roots                0 us, workers (us):   0,   0,   0, 
[2021-02-28T14:28:13.443+0300][186.016s][info][gc,stats       ]     FA: String Table Roots           54 us, workers (us):  27,  27,   0, 
[2021-02-28T14:28:13.443+0300][186.016s][info][gc,stats       ]     FA: Resolved Table Roots          4 us, workers (us):   2,   2,   0, 
[2021-02-28T14:28:13.443+0300][186.016s][info][gc,stats       ]     FA: VM Global Roots               2 us, workers (us):   1,   1,   0, 
[2021-02-28T14:28:13.443+0300][186.016s][info][gc,stats       ]     FA: VM Weak Roots                 2 us, workers (us):   1,   1,   0, 
[2021-02-28T14:28:13.443+0300][186.016s][info][gc,stats       ]     FA: Synchronizer Roots            0 us, workers (us): ---,   0, ---, 
[2021-02-28T14:28:13.443+0300][186.016s][info][gc,stats       ]     FA: Management Roots              1 us, workers (us):   1, ---, ---, 
[2021-02-28T14:28:13.443+0300][186.016s][info][gc,stats       ]     FA: CLDG Roots                   35 us, workers (us): ---,  35, ---, 
[2021-02-28T14:28:13.443+0300][186.016s][info][gc,stats       ]     FA: JVMTI Roots                   0 us, workers (us): ---,   0, ---, 
[2021-02-28T14:28:13.443+0300][186.016s][info][gc,stats       ]   Copy Objects                   183231 us
[2021-02-28T14:28:13.443+0300][186.016s][info][gc,stats       ]     Regular Objects              182697 us
[2021-02-28T14:28:13.443+0300][186.016s][info][gc,stats       ]     Humongous Objects                14 us
[2021-02-28T14:28:13.443+0300][186.016s][info][gc,stats       ]     Reset Complete Bitmap           475 us
[2021-02-28T14:28:13.443+0300][186.016s][info][gc,stats       ]     Rebuild Region Sets              45 us
[2021-02-28T14:28:13.443+0300][186.016s][info][gc,stats       ]   Post Heap Dump                      1 us
[2021-02-28T14:28:13.443+0300][186.016s][info][gc,stats       ] Pacing                            10064 us
[2021-02-28T14:28:13.443+0300][186.016s][info][gc,stats       ] 
[2021-02-28T14:28:13.443+0300][186.016s][info][gc,stats       ] Allocation pacing accrued:
[2021-02-28T14:28:13.443+0300][186.016s][info][gc,stats       ]      10 of   989 ms (  1.0%): main
[2021-02-28T14:28:13.443+0300][186.016s][info][gc,stats       ]      10 of   989 ms (  1.0%): <total>
[2021-02-28T14:28:13.443+0300][186.016s][info][gc,stats       ]       1 of   989 ms (  0.1%): <average total>
[2021-02-28T14:28:13.443+0300][186.016s][info][gc,stats       ]      10 of   989 ms (  1.0%): <average non-zero>
[2021-02-28T14:28:13.443+0300][186.016s][info][gc,stats       ] 
[2021-02-28T14:28:13.443+0300][186.016s][info][gc,metaspace   ] Metaspace: 7076K(7808K)->7046K(7808K) NonClass: 6354K(6912K)->6328K(6912K) Class: 722K(896K)->718K(896K)
[2021-02-28T14:28:13.443+0300][186.016s][info][gc,ergo        ] Pacer for Idle. Initial: 20971K, Alloc Tax Rate: 1.0x
[2021-02-28T14:28:13.447+0300][186.019s][info][gc             ] Trigger: Handle Allocation Failure
[2021-02-28T14:28:13.447+0300][186.019s][info][gc,ergo        ] Free: 0B, Max: 0B regular, 0B humongous, Frag: 0% external, 0% internal; Reserve: 40448K, Max: 512K
[2021-02-28T14:28:13.447+0300][186.019s][info][gc,start       ] GC(118) Pause Degenerated GC (Outside of Cycle)
[2021-02-28T14:28:13.447+0300][186.019s][info][gc,task        ] GC(118) Using 3 of 3 workers for stw degenerated gc
[2021-02-28T14:28:13.447+0300][186.019s][info][gc,ergo        ] GC(118) Pacer for Reset. Non-Taxable: 1024M
[2021-02-28T14:28:13.447+0300][186.019s][info][gc,ergo        ] GC(118) Pacer for Mark. Expected Live: 1845M, Free: 0B, Non-Taxable: 0B, Alloc Tax Rate: infx
[2021-02-28T14:28:13.860+0300][186.433s][info][gc,ergo        ] GC(118) Adaptive CSet Selection. Target Free: 145M, Actual Free: 40448K, Max CSet: 43690K, Min Garbage: 105M
[2021-02-28T14:28:13.860+0300][186.433s][info][gc,ergo        ] GC(118) Collectable Garbage: 59952B (100%), Immediate: 0B (0%), CSet: 59952B (100%)
[2021-02-28T14:28:13.860+0300][186.433s][info][gc,ergo        ] GC(118) Pacer for Evacuation. Used CSet: 43515K, Free: 16240B, Non-Taxable: 1624B, Alloc Tax Rate: 6707.2x
[2021-02-28T14:28:13.871+0300][186.443s][info][gc             ] GC(118) Cancelling GC: Allocation Failure During Evacuation
[2021-02-28T14:28:13.873+0300][186.445s][info][gc             ] GC(118) Cannot finish degeneration, upgrading to Full GC
[2021-02-28T14:28:13.874+0300][186.446s][info][gc,phases,start] GC(118) Phase 1: Mark live objects
[2021-02-28T14:28:14.333+0300][186.906s][info][gc,phases      ] GC(118) Phase 1: Mark live objects 460.003ms
[2021-02-28T14:28:14.333+0300][186.906s][info][gc,phases,start] GC(118) Phase 2: Compute new object addresses
[2021-02-28T14:28:14.518+0300][187.090s][info][gc,phases      ] GC(118) Phase 2: Compute new object addresses 183.905ms
[2021-02-28T14:28:14.518+0300][187.090s][info][gc,phases,start] GC(118) Phase 3: Adjust pointers
[2021-02-28T14:28:14.717+0300][187.289s][info][gc,phases      ] GC(118) Phase 3: Adjust pointers 198.794ms
[2021-02-28T14:28:14.717+0300][187.289s][info][gc,phases,start] GC(118) Phase 4: Move objects
[2021-02-28T14:28:14.900+0300][187.473s][info][gc,phases      ] GC(118) Phase 4: Move objects 183.461ms
[2021-02-28T14:28:14.900+0300][187.473s][info][gc,ergo        ] GC(118) Bad progress for free space: 591K, need 10485K
[2021-02-28T14:28:14.900+0300][187.473s][info][gc             ] GC(118) Pause Degenerated GC (Outside of Cycle) 984M->984M(1024M) 1453.672ms
[2021-02-28T14:28:14.900+0300][187.473s][info][gc,ergo        ] Free: 591K, Max: 400K regular, 0B humongous, Frag: 0% external, 99% internal; Reserve: 39936K, Max: 512K
[2021-02-28T14:28:14.900+0300][187.473s][info][gc,stats       ] 
[2021-02-28T14:28:14.900+0300][187.473s][info][gc,stats       ] All times are wall-clock times, except per-root-class counters, that are sum over
[2021-02-28T14:28:14.900+0300][187.473s][info][gc,stats       ] all workers. Dividing the <total> over the root stage time estimates parallelism.
[2021-02-28T14:28:14.900+0300][187.473s][info][gc,stats       ] 
[2021-02-28T14:28:14.900+0300][187.473s][info][gc,stats       ]   Manage TLABs                        3 us
[2021-02-28T14:28:14.900+0300][187.473s][info][gc,stats       ]   Update Region States               93 us
[2021-02-28T14:28:14.900+0300][187.473s][info][gc,stats       ]   Scan Roots                        105 us, parallelism: 1.00x
[2021-02-28T14:28:14.900+0300][187.473s][info][gc,stats       ]     S: <total>                      105 us
[2021-02-28T14:28:14.900+0300][187.473s][info][gc,stats       ]     S: Thread Roots                 102 us, workers (us):  63,  25,  13, 
[2021-02-28T14:28:14.900+0300][187.473s][info][gc,stats       ]     S: Universe Roots                 2 us, workers (us):   2, ---, ---, 
[2021-02-28T14:28:14.900+0300][187.473s][info][gc,stats       ]     S: Synchronizer Roots             0 us, workers (us):   0, ---, ---, 
[2021-02-28T14:28:14.900+0300][187.473s][info][gc,stats       ]     S: Management Roots               1 us, workers (us):   1, ---, ---, 
[2021-02-28T14:28:14.900+0300][187.473s][info][gc,stats       ]     S: JVMTI Roots                    0 us, workers (us):   0, ---, ---, 
[2021-02-28T14:28:14.900+0300][187.473s][info][gc,stats       ]   Finish Queues                  412828 us
[2021-02-28T14:28:14.900+0300][187.473s][info][gc,stats       ]   Weak References                    29 us
[2021-02-28T14:28:14.900+0300][187.473s][info][gc,stats       ]     Process                          23 us
[2021-02-28T14:28:14.900+0300][187.473s][info][gc,stats       ]   System Purge                       83 us
[2021-02-28T14:28:14.900+0300][187.473s][info][gc,stats       ]     Unload Classes                  588 us
[2021-02-28T14:28:14.900+0300][187.473s][info][gc,stats       ]     Weak Roots                       82 us
[2021-02-28T14:28:14.900+0300][187.473s][info][gc,stats       ]     CLDG                              0 us
[2021-02-28T14:28:14.900+0300][187.473s][info][gc,stats       ]   Update Region States               78 us
[2021-02-28T14:28:14.900+0300][187.473s][info][gc,stats       ]   Manage GC/TLABs                     2 us
[2021-02-28T14:28:14.900+0300][187.473s][info][gc,stats       ]   Choose Collection Set             119 us
[2021-02-28T14:28:14.900+0300][187.473s][info][gc,stats       ]   Rebuild Free Set                   22 us
[2021-02-28T14:28:14.900+0300][187.473s][info][gc,stats       ]   Initial Evacuation                 14 us
[2021-02-28T14:28:14.900+0300][187.473s][info][gc,stats       ] Pause Degenerated GC (G)        1453937 us
[2021-02-28T14:28:14.900+0300][187.473s][info][gc,stats       ] Pause Degenerated GC (N)        1453687 us
[2021-02-28T14:28:14.900+0300][187.473s][info][gc,stats       ]   Degen Mark Roots                   95 us, parallelism: 0.51x
[2021-02-28T14:28:14.900+0300][187.473s][info][gc,stats       ]     DM: <total>                      49 us
[2021-02-28T14:28:14.900+0300][187.473s][info][gc,stats       ]     DM: JNI Handles Roots             2 us, workers (us):   1,   0,   0, 
[2021-02-28T14:28:14.900+0300][187.473s][info][gc,stats       ]     DM: VM Global Roots               2 us, workers (us):   1,   0,   0, 
[2021-02-28T14:28:14.900+0300][187.473s][info][gc,stats       ]     DM: CLDG Roots                   45 us, workers (us):  45, ---, ---, 
[2021-02-28T14:28:14.900+0300][187.473s][info][gc,stats       ]   Pre Heap Dump                       1 us
[2021-02-28T14:28:14.900+0300][187.473s][info][gc,stats       ]   Prepare                          1166 us
[2021-02-28T14:28:14.900+0300][187.473s][info][gc,stats       ]     Update Roots                    694 us, parallelism: 2.27x
[2021-02-28T14:28:14.900+0300][187.473s][info][gc,stats       ]       FU: <total>                  1573 us
[2021-02-28T14:28:14.900+0300][187.473s][info][gc,stats       ]       FU: Thread Roots               73 us, workers (us):   1,  71,   1, 
[2021-02-28T14:28:14.900+0300][187.473s][info][gc,stats       ]       FU: Code Cache Roots         1429 us, workers (us): 526, 398, 505, 
[2021-02-28T14:28:14.900+0300][187.473s][info][gc,stats       ]       FU: Universe Roots              1 us, workers (us):   1, ---, ---, 
[2021-02-28T14:28:14.900+0300][187.473s][info][gc,stats       ]       FU: JNI Handles Roots           1 us, workers (us):   0,   1,   0, 
[2021-02-28T14:28:14.900+0300][187.473s][info][gc,stats       ]       FU: JVMTI Weak Roots            0 us, workers (us):   0, ---, ---, 
[2021-02-28T14:28:14.900+0300][187.473s][info][gc,stats       ]       FU: JFR Weak Roots              0 us, workers (us):   0, ---, ---, 
[2021-02-28T14:28:14.900+0300][187.473s][info][gc,stats       ]       FU: JNI Weak Roots              0 us, workers (us):   0,   0,   0, 
[2021-02-28T14:28:14.900+0300][187.473s][info][gc,stats       ]       FU: String Table Roots         44 us, workers (us):  22,  22,   0, 
[2021-02-28T14:28:14.900+0300][187.473s][info][gc,stats       ]       FU: Resolved Table Roots        3 us, workers (us):   2,   1,   0, 
[2021-02-28T14:28:14.900+0300][187.473s][info][gc,stats       ]       FU: VM Global Roots             2 us, workers (us):   1,   0,   0, 
[2021-02-28T14:28:14.900+0300][187.473s][info][gc,stats       ]       FU: VM Weak Roots               1 us, workers (us):   0,   1,   0, 
[2021-02-28T14:28:14.900+0300][187.473s][info][gc,stats       ]       FU: Synchronizer Roots          0 us, workers (us): ---,   0, ---, 
[2021-02-28T14:28:14.900+0300][187.473s][info][gc,stats       ]       FU: Management Roots            1 us, workers (us): ---,   1, ---, 
[2021-02-28T14:28:14.900+0300][187.473s][info][gc,stats       ]       FU: CLDG Roots                 18 us, workers (us): ---,  18, ---, 
[2021-02-28T14:28:14.900+0300][187.473s][info][gc,stats       ]       FU: JVMTI Roots                 0 us, workers (us):   0, ---, ---, 
[2021-02-28T14:28:14.900+0300][187.473s][info][gc,stats       ]   Scan Roots                        120 us, parallelism: 1.14x
[2021-02-28T14:28:14.900+0300][187.474s][info][gc,stats       ]     FS: <total>                     137 us
[2021-02-28T14:28:14.900+0300][187.474s][info][gc,stats       ]     FS: Thread Roots                132 us, workers (us):  66,  47,  19, 
[2021-02-28T14:28:14.900+0300][187.474s][info][gc,stats       ]     FS: Universe Roots                2 us, workers (us):   2, ---, ---, 
[2021-02-28T14:28:14.900+0300][187.474s][info][gc,stats       ]     FS: Synchronizer Roots            0 us, workers (us): ---,   0, ---, 
[2021-02-28T14:28:14.900+0300][187.474s][info][gc,stats       ]     FS: Management Roots              2 us, workers (us): ---,   2, ---, 
[2021-02-28T14:28:14.900+0300][187.474s][info][gc,stats       ]     FS: JVMTI Roots                   0 us, workers (us):   0, ---, ---, 
[2021-02-28T14:28:14.900+0300][187.474s][info][gc,stats       ]   Scan Concurrent Roots             115 us, parallelism: 0.55x
[2021-02-28T14:28:14.900+0300][187.474s][info][gc,stats       ]     FCS: <total>                     64 us
[2021-02-28T14:28:14.900+0300][187.474s][info][gc,stats       ]     FCS: JNI Handles Roots            2 us, workers (us):   2,   0,   0, 
[2021-02-28T14:28:14.900+0300][187.474s][info][gc,stats       ]     FCS: VM Global Roots              2 us, workers (us):   1,   1,   0, 
[2021-02-28T14:28:14.900+0300][187.474s][info][gc,stats       ]     FCS: CLDG Roots                  59 us, workers (us): ---,  59, ---, 
[2021-02-28T14:28:14.900+0300][187.474s][info][gc,stats       ]   Mark                           459962 us
[2021-02-28T14:28:14.900+0300][187.474s][info][gc,stats       ]     Finish Queues                458837 us
[2021-02-28T14:28:14.900+0300][187.474s][info][gc,stats       ]     Weak References                 188 us
[2021-02-28T14:28:14.900+0300][187.474s][info][gc,stats       ]       Process                       183 us
[2021-02-28T14:28:14.900+0300][187.474s][info][gc,stats       ]     System Purge                     70 us
[2021-02-28T14:28:14.900+0300][187.474s][info][gc,stats       ]       Unload Classes                612 us
[2021-02-28T14:28:14.900+0300][187.474s][info][gc,stats       ]       Weak Roots                     69 us
[2021-02-28T14:28:14.900+0300][187.474s][info][gc,stats       ]       CLDG                            0 us
[2021-02-28T14:28:14.900+0300][187.474s][info][gc,stats       ]   Calculate Addresses            183892 us
[2021-02-28T14:28:14.900+0300][187.474s][info][gc,stats       ]     Regular Objects              183858 us
[2021-02-28T14:28:14.900+0300][187.474s][info][gc,stats       ]     Humongous Objects                16 us
[2021-02-28T14:28:14.902+0300][187.474s][info][gc,stats       ]   Adjust Pointers                198781 us
[2021-02-28T14:28:14.902+0300][187.474s][info][gc,stats       ]     FA: <total>                    1664 us
[2021-02-28T14:28:14.902+0300][187.474s][info][gc,stats       ]     FA: Thread Roots                 77 us, workers (us):   1,  76,   1, 
[2021-02-28T14:28:14.902+0300][187.474s][info][gc,stats       ]     FA: Code Cache Roots           1471 us, workers (us): 527, 406, 537, 
[2021-02-28T14:28:14.902+0300][187.474s][info][gc,stats       ]     FA: Universe Roots                1 us, workers (us):   1, ---, ---, 
[2021-02-28T14:28:14.902+0300][187.474s][info][gc,stats       ]     FA: JNI Handles Roots             2 us, workers (us):   2,   0,   0, 
[2021-02-28T14:28:14.902+0300][187.474s][info][gc,stats       ]     FA: JVMTI Weak Roots              0 us, workers (us): ---,   0, ---, 
[2021-02-28T14:28:14.902+0300][187.474s][info][gc,stats       ]     FA: JFR Weak Roots                1 us, workers (us): ---,   1, ---, 
[2021-02-28T14:28:14.902+0300][187.474s][info][gc,stats       ]     FA: JNI Weak Roots                0 us, workers (us):   0,   0,   0, 
[2021-02-28T14:28:14.902+0300][187.474s][info][gc,stats       ]     FA: String Table Roots           61 us, workers (us):  28,  28,   5, 
[2021-02-28T14:28:14.902+0300][187.474s][info][gc,stats       ]     FA: Resolved Table Roots          4 us, workers (us):   1,   2,   1, 
[2021-02-28T14:28:14.902+0300][187.474s][info][gc,stats       ]     FA: VM Global Roots               2 us, workers (us):   1,   2,   0, 
[2021-02-28T14:28:14.902+0300][187.474s][info][gc,stats       ]     FA: VM Weak Roots                 2 us, workers (us):   1,   0,   1, 
[2021-02-28T14:28:14.902+0300][187.474s][info][gc,stats       ]     FA: Synchronizer Roots            0 us, workers (us): ---,   0, ---, 
[2021-02-28T14:28:14.902+0300][187.474s][info][gc,stats       ]     FA: Management Roots              1 us, workers (us):   1, ---, ---, 
[2021-02-28T14:28:14.902+0300][187.474s][info][gc,stats       ]     FA: CLDG Roots                   40 us, workers (us): ---,  40, ---, 
[2021-02-28T14:28:14.902+0300][187.474s][info][gc,stats       ]     FA: JVMTI Roots                   0 us, workers (us): ---,   0, ---, 
[2021-02-28T14:28:14.902+0300][187.474s][info][gc,stats       ]   Copy Objects                   183447 us
[2021-02-28T14:28:14.902+0300][187.474s][info][gc,stats       ]     Regular Objects              182933 us
[2021-02-28T14:28:14.902+0300][187.474s][info][gc,stats       ]     Humongous Objects                13 us
[2021-02-28T14:28:14.902+0300][187.474s][info][gc,stats       ]     Reset Complete Bitmap           452 us
[2021-02-28T14:28:14.902+0300][187.474s][info][gc,stats       ]     Rebuild Region Sets              48 us
[2021-02-28T14:28:14.902+0300][187.474s][info][gc,stats       ]   Post Heap Dump                      1 us
[2021-02-28T14:28:14.902+0300][187.474s][info][gc,stats       ] 
[2021-02-28T14:28:14.902+0300][187.474s][info][gc,stats       ] Allocation pacing accrued:
[2021-02-28T14:28:14.902+0300][187.474s][info][gc,stats       ]       0 of  1458 ms (  0.0%): <total>
[2021-02-28T14:28:14.902+0300][187.474s][info][gc,stats       ]       0 of  1458 ms (  0.0%): <average total>
[2021-02-28T14:28:14.902+0300][187.474s][info][gc,stats       ] 
[2021-02-28T14:28:14.902+0300][187.474s][info][gc,metaspace   ] Metaspace: 7046K(7808K)->7046K(7808K) NonClass: 6328K(6912K)->6328K(6912K) Class: 718K(896K)->718K(896K)
[2021-02-28T14:28:14.902+0300][187.474s][info][gc,ergo        ] Pacer for Idle. Initial: 20971K, Alloc Tax Rate: 1.0x
[2021-02-28T14:28:14.904+0300][187.476s][info][gc             ] Trigger: Free (222K) is below minimum threshold (102M)
[2021-02-28T14:28:14.904+0300][187.476s][info][gc,ergo        ] Free: 217K, Max: 217K regular, 0B humongous, Frag: 0% external, 78% internal; Reserve: 39936K, Max: 512K
[2021-02-28T14:28:14.904+0300][187.476s][info][gc,start       ] GC(119) Concurrent reset
[2021-02-28T14:28:14.904+0300][187.476s][info][gc,task        ] GC(119) Using 1 of 3 workers for concurrent reset
[2021-02-28T14:28:14.904+0300][187.476s][info][gc,ergo        ] GC(119) Pacer for Reset. Non-Taxable: 1024M
[2021-02-28T14:28:14.904+0300][187.476s][info][gc             ] GC(119) Concurrent reset 0.398ms
[2021-02-28T14:28:14.904+0300][187.476s][info][gc,start       ] GC(119) Pause Init Mark (unload classes)
[2021-02-28T14:28:14.904+0300][187.476s][info][gc,task        ] GC(119) Using 3 of 3 workers for init marking
[2021-02-28T14:28:14.904+0300][187.477s][info][gc,ergo        ] GC(119) Pacer for Mark. Expected Live: 1845M, Free: 147K, Non-Taxable: 15104B, Alloc Tax Rate: 15660.0x
[2021-02-28T14:28:14.904+0300][187.477s][info][gc             ] GC(119) Pause Init Mark (unload classes) 0.301ms
[2021-02-28T14:28:14.904+0300][187.477s][info][gc,start       ] GC(119) Concurrent marking (unload classes)
[2021-02-28T14:28:14.904+0300][187.477s][info][gc,task        ] GC(119) Using 1 of 3 workers for concurrent marking
[2021-02-28T14:28:15.037+0300][187.610s][info][gc             ] Failed to allocate TLAB, 2712B
[2021-02-28T14:28:15.037+0300][187.610s][info][gc             ] Cancelling GC: Allocation Failure
[2021-02-28T14:28:15.037+0300][187.610s][info][gc             ] GC(119) Concurrent marking (unload classes) 133.188ms
[2021-02-28T14:28:15.037+0300][187.610s][info][gc,ergo        ] Free: 0B, Max: 0B regular, 0B humongous, Frag: 0% external, 0% internal; Reserve: 39936K, Max: 512K
[2021-02-28T14:28:15.037+0300][187.610s][info][gc,stats       ] 
[2021-02-28T14:28:15.037+0300][187.610s][info][gc,stats       ] All times are wall-clock times, except per-root-class counters, that are sum over
[2021-02-28T14:28:15.037+0300][187.610s][info][gc,stats       ] all workers. Dividing the <total> over the root stage time estimates parallelism.
[2021-02-28T14:28:15.037+0300][187.610s][info][gc,stats       ] 
[2021-02-28T14:28:15.037+0300][187.610s][info][gc,stats       ] Concurrent Reset                    437 us
[2021-02-28T14:28:15.037+0300][187.610s][info][gc,stats       ] Pause Init Mark (G)                 463 us
[2021-02-28T14:28:15.037+0300][187.610s][info][gc,stats       ] Pause Init Mark (N)                 315 us
[2021-02-28T14:28:15.037+0300][187.610s][info][gc,stats       ]   Manage TLABs                        3 us
[2021-02-28T14:28:15.037+0300][187.610s][info][gc,stats       ]   Update Region States              132 us
[2021-02-28T14:28:15.037+0300][187.610s][info][gc,stats       ]   Scan Roots                         78 us, parallelism: 1.50x
[2021-02-28T14:28:15.037+0300][187.610s][info][gc,stats       ]     S: <total>                      117 us
[2021-02-28T14:28:15.037+0300][187.610s][info][gc,stats       ]     S: Thread Roots                 113 us, workers (us):  41,  35,  37, 
[2021-02-28T14:28:15.037+0300][187.610s][info][gc,stats       ]     S: Universe Roots                 2 us, workers (us):   2, ---, ---, 
[2021-02-28T14:28:15.037+0300][187.610s][info][gc,stats       ]     S: Synchronizer Roots             0 us, workers (us): ---,   0, ---, 
[2021-02-28T14:28:15.037+0300][187.610s][info][gc,stats       ]     S: Management Roots               1 us, workers (us): ---,   1, ---, 
[2021-02-28T14:28:15.037+0300][187.610s][info][gc,stats       ]     S: JVMTI Roots                    0 us, workers (us): ---,   0, ---, 
[2021-02-28T14:28:15.037+0300][187.610s][info][gc,stats       ] Concurrent Marking               133211 us
[2021-02-28T14:28:15.037+0300][187.610s][info][gc,stats       ]   Roots                             105 us, parallelism: 0.56x
[2021-02-28T14:28:15.037+0300][187.610s][info][gc,stats       ]     CM: <total>                      59 us
[2021-02-28T14:28:15.037+0300][187.610s][info][gc,stats       ]     CM: JNI Handles Roots             2 us, workers (us):   2, ---, ---, 
[2021-02-28T14:28:15.037+0300][187.610s][info][gc,stats       ]     CM: VM Global Roots               2 us, workers (us):   2, ---, ---, 
[2021-02-28T14:28:15.037+0300][187.610s][info][gc,stats       ]     CM: CLDG Roots                   56 us, workers (us):  56, ---, ---, 
[2021-02-28T14:28:15.037+0300][187.610s][info][gc,stats       ] Pacing                           590374 us
[2021-02-28T14:28:15.037+0300][187.610s][info][gc,stats       ] 
[2021-02-28T14:28:15.037+0300][187.610s][info][gc,stats       ] Allocation pacing accrued:
[2021-02-28T14:28:15.037+0300][187.610s][info][gc,stats       ]     136 of   136 ms ( 99.7%): main
[2021-02-28T14:28:15.037+0300][187.610s][info][gc,stats       ]     132 of   136 ms ( 97.2%): Notification Thread
[2021-02-28T14:28:15.037+0300][187.610s][info][gc,stats       ]      13 of   136 ms (  9.4%): JMX server connection timeout 17
[2021-02-28T14:28:15.037+0300][187.610s][info][gc,stats       ]      37 of   136 ms ( 27.0%): RMI TCP Connection(2)-172.22.16.1
[2021-02-28T14:28:15.037+0300][187.610s][info][gc,stats       ]     136 of   136 ms (100.0%): RMI TCP Connection(5)-172.22.16.1
[2021-02-28T14:28:15.037+0300][187.610s][info][gc,stats       ]     136 of   136 ms (100.2%): RMI TCP Connection(7)-172.22.16.1
[2021-02-28T14:28:15.037+0300][187.610s][info][gc,stats       ]     590 of   136 ms (433.5%): <total>
[2021-02-28T14:28:15.037+0300][187.610s][info][gc,stats       ]      31 of   136 ms ( 22.8%): <average total>
[2021-02-28T14:28:15.037+0300][187.610s][info][gc,stats       ]      98 of   136 ms ( 72.2%): <average non-zero>
[2021-02-28T14:28:15.037+0300][187.610s][info][gc,stats       ] 
[2021-02-28T14:28:15.037+0300][187.610s][info][gc,metaspace   ] Metaspace: 7047K(7808K)->7060K(7808K) NonClass: 6329K(6912K)->6341K(6912K) Class: 718K(896K)->719K(896K)
[2021-02-28T14:28:15.037+0300][187.610s][info][gc,ergo        ] Pacer for Idle. Initial: 20971K, Alloc Tax Rate: 1.0x
[2021-02-28T14:28:15.041+0300][187.613s][info][gc             ] Trigger: Handle Allocation Failure
[2021-02-28T14:28:15.041+0300][187.613s][info][gc,ergo        ] Free: 0B, Max: 0B regular, 0B humongous, Frag: 0% external, 0% internal; Reserve: 39936K, Max: 512K
[2021-02-28T14:28:15.041+0300][187.613s][info][gc,start       ] GC(120) Pause Degenerated GC (Mark)
[2021-02-28T14:28:15.041+0300][187.613s][info][gc,task        ] GC(120) Using 3 of 3 workers for stw degenerated gc
[2021-02-28T14:28:15.413+0300][187.986s][info][gc,ergo        ] GC(120) Adaptive CSet Selection. Target Free: 145M, Actual Free: 39936K, Max CSet: 43690K, Min Garbage: 106M
[2021-02-28T14:28:15.413+0300][187.986s][info][gc,ergo        ] GC(120) Collectable Garbage: 210K (100%), Immediate: 0B (0%), CSet: 210K (100%)
[2021-02-28T14:28:15.413+0300][187.986s][info][gc,ergo        ] GC(120) Pacer for Evacuation. Used CSet: 43517K, Free: 17704B, Non-Taxable: 1770B, Alloc Tax Rate: 6152.7x
[2021-02-28T14:28:15.423+0300][187.995s][info][gc             ] GC(120) Cancelling GC: Allocation Failure During Evacuation
[2021-02-28T14:28:15.425+0300][187.997s][info][gc             ] GC(120) Cannot finish degeneration, upgrading to Full GC
[2021-02-28T14:28:15.425+0300][187.998s][info][gc,phases,start] GC(120) Phase 1: Mark live objects
[2021-02-28T14:28:15.873+0300][188.445s][info][gc,phases      ] GC(120) Phase 1: Mark live objects 446.984ms
[2021-02-28T14:28:15.873+0300][188.445s][info][gc,phases,start] GC(120) Phase 2: Compute new object addresses
[2021-02-28T14:28:16.051+0300][188.623s][info][gc,phases      ] GC(120) Phase 2: Compute new object addresses 178.217ms
[2021-02-28T14:28:16.051+0300][188.623s][info][gc,phases,start] GC(120) Phase 3: Adjust pointers
[2021-02-28T14:28:16.249+0300][188.821s][info][gc,phases      ] GC(120) Phase 3: Adjust pointers 197.452ms
[2021-02-28T14:28:16.249+0300][188.821s][info][gc,phases,start] GC(120) Phase 4: Move objects
[2021-02-28T14:28:16.451+0300][189.023s][info][gc,phases      ] GC(120) Phase 4: Move objects 202.127ms
[2021-02-28T14:28:16.451+0300][189.023s][info][gc,ergo        ] GC(120) Bad progress for free space: 302K, need 10485K
[2021-02-28T14:28:16.451+0300][189.023s][info][gc             ] GC(120) Pause Degenerated GC (Mark) 984M->984M(1024M) 1410.140ms
[2021-02-28T14:28:16.451+0300][189.023s][info][gc,ergo        ] Free: 141K, Max: 141K regular, 0B humongous, Frag: 0% external, 86% internal; Reserve: 39936K, Max: 512K
[2021-02-28T14:28:16.451+0300][189.023s][info][gc,stats       ] 
[2021-02-28T14:28:16.451+0300][189.023s][info][gc,stats       ] All times are wall-clock times, except per-root-class counters, that are sum over
[2021-02-28T14:28:16.451+0300][189.023s][info][gc,stats       ] all workers. Dividing the <total> over the root stage time estimates parallelism.
[2021-02-28T14:28:16.451+0300][189.023s][info][gc,stats       ] 
[2021-02-28T14:28:16.451+0300][189.023s][info][gc,stats       ]   Finish Queues                  371771 us
[2021-02-28T14:28:16.451+0300][189.023s][info][gc,stats       ]   System Purge                      105 us
[2021-02-28T14:28:16.451+0300][189.023s][info][gc,stats       ]     Unload Classes                  591 us
[2021-02-28T14:28:16.451+0300][189.023s][info][gc,stats       ]     Weak Roots                      104 us
[2021-02-28T14:28:16.451+0300][189.023s][info][gc,stats       ]     CLDG                              0 us
[2021-02-28T14:28:16.451+0300][189.024s][info][gc,stats       ]   Update Region States               86 us
[2021-02-28T14:28:16.451+0300][189.024s][info][gc,stats       ]   Manage GC/TLABs                     4 us
[2021-02-28T14:28:16.451+0300][189.024s][info][gc,stats       ]   Choose Collection Set             124 us
[2021-02-28T14:28:16.451+0300][189.024s][info][gc,stats       ]   Rebuild Free Set                   22 us
[2021-02-28T14:28:16.451+0300][189.024s][info][gc,stats       ]   Initial Evacuation                 14 us
[2021-02-28T14:28:16.451+0300][189.024s][info][gc,stats       ] Pause Degenerated GC (G)        1410425 us
[2021-02-28T14:28:16.451+0300][189.024s][info][gc,stats       ] Pause Degenerated GC (N)        1410155 us
[2021-02-28T14:28:16.451+0300][189.024s][info][gc,stats       ]   Degen Mark Roots                  106 us, parallelism: 0.24x
[2021-02-28T14:28:16.451+0300][189.024s][info][gc,stats       ]     DM: <total>                      25 us
[2021-02-28T14:28:16.451+0300][189.024s][info][gc,stats       ]     DM: JNI Handles Roots             1 us, workers (us):   1,   0,   0, 
[2021-02-28T14:28:16.451+0300][189.024s][info][gc,stats       ]     DM: VM Global Roots               1 us, workers (us):   1,   0,   0, 
[2021-02-28T14:28:16.451+0300][189.024s][info][gc,stats       ]     DM: CLDG Roots                   23 us, workers (us):  23, ---, ---, 
[2021-02-28T14:28:16.451+0300][189.024s][info][gc,stats       ]   Pre Heap Dump                       1 us
[2021-02-28T14:28:16.451+0300][189.024s][info][gc,stats       ]   Prepare                          1160 us
[2021-02-28T14:28:16.451+0300][189.024s][info][gc,stats       ]     Update Roots                    670 us, parallelism: 2.30x
[2021-02-28T14:28:16.451+0300][189.024s][info][gc,stats       ]       FU: <total>                  1540 us
[2021-02-28T14:28:16.451+0300][189.024s][info][gc,stats       ]       FU: Thread Roots               79 us, workers (us):  78,   1,   1, 
[2021-02-28T14:28:16.451+0300][189.024s][info][gc,stats       ]       FU: Code Cache Roots         1391 us, workers (us): 386, 507, 498, 
[2021-02-28T14:28:16.451+0300][189.024s][info][gc,stats       ]       FU: Universe Roots              1 us, workers (us):   1, ---, ---, 
[2021-02-28T14:28:16.451+0300][189.024s][info][gc,stats       ]       FU: JNI Handles Roots           1 us, workers (us):   0,   0,   0, 
[2021-02-28T14:28:16.451+0300][189.024s][info][gc,stats       ]       FU: JVMTI Weak Roots            0 us, workers (us):   0, ---, ---, 
[2021-02-28T14:28:16.451+0300][189.024s][info][gc,stats       ]       FU: JFR Weak Roots              0 us, workers (us):   0, ---, ---, 
[2021-02-28T14:28:16.451+0300][189.024s][info][gc,stats       ]       FU: JNI Weak Roots              0 us, workers (us):   0,   0,   0, 
[2021-02-28T14:28:16.451+0300][189.024s][info][gc,stats       ]       FU: String Table Roots         42 us, workers (us):  34,   7,   0, 
[2021-02-28T14:28:16.451+0300][189.024s][info][gc,stats       ]       FU: Resolved Table Roots        3 us, workers (us):   1,   2,   0, 
[2021-02-28T14:28:16.451+0300][189.024s][info][gc,stats       ]       FU: VM Global Roots             1 us, workers (us):   1,   0,   0, 
[2021-02-28T14:28:16.451+0300][189.024s][info][gc,stats       ]       FU: VM Weak Roots               1 us, workers (us):   0,   1,   0, 
[2021-02-28T14:28:16.451+0300][189.024s][info][gc,stats       ]       FU: Synchronizer Roots          0 us, workers (us):   0, ---, ---, 
[2021-02-28T14:28:16.451+0300][189.024s][info][gc,stats       ]       FU: Management Roots            1 us, workers (us):   1, ---, ---, 
[2021-02-28T14:28:16.451+0300][189.024s][info][gc,stats       ]       FU: CLDG Roots                 18 us, workers (us):  18, ---, ---, 
[2021-02-28T14:28:16.451+0300][189.024s][info][gc,stats       ]       FU: JVMTI Roots                 0 us, workers (us):   0, ---, ---, 
[2021-02-28T14:28:16.451+0300][189.024s][info][gc,stats       ]   Scan Roots                        126 us, parallelism: 1.15x
[2021-02-28T14:28:16.451+0300][189.024s][info][gc,stats       ]     FS: <total>                     144 us
[2021-02-28T14:28:16.451+0300][189.024s][info][gc,stats       ]     FS: Thread Roots                141 us, workers (us):  68,  41,  32, 
[2021-02-28T14:28:16.451+0300][189.024s][info][gc,stats       ]     FS: Universe Roots                2 us, workers (us):   2, ---, ---, 
[2021-02-28T14:28:16.451+0300][189.024s][info][gc,stats       ]     FS: Synchronizer Roots            0 us, workers (us):   0, ---, ---, 
[2021-02-28T14:28:16.451+0300][189.024s][info][gc,stats       ]     FS: Management Roots              2 us, workers (us):   2, ---, ---, 
[2021-02-28T14:28:16.451+0300][189.024s][info][gc,stats       ]     FS: JVMTI Roots                   0 us, workers (us):   0, ---, ---, 
[2021-02-28T14:28:16.451+0300][189.024s][info][gc,stats       ]   Scan Concurrent Roots             120 us, parallelism: 0.52x
[2021-02-28T14:28:16.451+0300][189.024s][info][gc,stats       ]     FCS: <total>                     62 us
[2021-02-28T14:28:16.451+0300][189.024s][info][gc,stats       ]     FCS: JNI Handles Roots            2 us, workers (us):   2,   0,   0, 
[2021-02-28T14:28:16.451+0300][189.024s][info][gc,stats       ]     FCS: VM Global Roots              2 us, workers (us):   2,   0,   0, 
[2021-02-28T14:28:16.451+0300][189.024s][info][gc,stats       ]     FCS: CLDG Roots                  58 us, workers (us):  58, ---, ---, 
[2021-02-28T14:28:16.451+0300][189.024s][info][gc,stats       ]   Mark                           446944 us
[2021-02-28T14:28:16.451+0300][189.024s][info][gc,stats       ]     Finish Queues                445792 us
[2021-02-28T14:28:16.451+0300][189.024s][info][gc,stats       ]     Weak References                 160 us
[2021-02-28T14:28:16.451+0300][189.024s][info][gc,stats       ]       Process                       155 us
[2021-02-28T14:28:16.451+0300][189.024s][info][gc,stats       ]     System Purge                    101 us
[2021-02-28T14:28:16.451+0300][189.024s][info][gc,stats       ]       Unload Classes                625 us
[2021-02-28T14:28:16.451+0300][189.024s][info][gc,stats       ]       Weak Roots                    101 us
[2021-02-28T14:28:16.451+0300][189.024s][info][gc,stats       ]       CLDG                            0 us
[2021-02-28T14:28:16.451+0300][189.024s][info][gc,stats       ]   Calculate Addresses            178204 us
[2021-02-28T14:28:16.451+0300][189.024s][info][gc,stats       ]     Regular Objects              178169 us
[2021-02-28T14:28:16.451+0300][189.024s][info][gc,stats       ]     Humongous Objects                16 us
[2021-02-28T14:28:16.451+0300][189.024s][info][gc,stats       ]   Adjust Pointers                197438 us
[2021-02-28T14:28:16.451+0300][189.024s][info][gc,stats       ]     FA: <total>                    1716 us
[2021-02-28T14:28:16.451+0300][189.024s][info][gc,stats       ]     FA: Thread Roots                 73 us, workers (us):   1,  72,   1, 
[2021-02-28T14:28:16.451+0300][189.024s][info][gc,stats       ]     FA: Code Cache Roots           1542 us, workers (us): 563, 426, 553, 
[2021-02-28T14:28:16.451+0300][189.024s][info][gc,stats       ]     FA: Universe Roots                1 us, workers (us):   1, ---, ---, 
[2021-02-28T14:28:16.451+0300][189.024s][info][gc,stats       ]     FA: JNI Handles Roots             2 us, workers (us):   2,   0,   0, 
[2021-02-28T14:28:16.451+0300][189.024s][info][gc,stats       ]     FA: JVMTI Weak Roots              0 us, workers (us):   0, ---, ---, 
[2021-02-28T14:28:16.451+0300][189.024s][info][gc,stats       ]     FA: JFR Weak Roots                0 us, workers (us):   0, ---, ---, 
[2021-02-28T14:28:16.451+0300][189.024s][info][gc,stats       ]     FA: String Table Roots           53 us, workers (us):  36,  14,   2, 
[2021-02-28T14:28:16.451+0300][189.024s][info][gc,stats       ]     FA: Resolved Table Roots          5 us, workers (us):   1,   1,   2, 
[2021-02-28T14:28:16.451+0300][189.024s][info][gc,stats       ]     FA: VM Global Roots               2 us, workers (us):   2,   0,   0, 
[2021-02-28T14:28:16.451+0300][189.024s][info][gc,stats       ]     FA: VM Weak Roots                 2 us, workers (us):   1,   1,   0, 
[2021-02-28T14:28:16.451+0300][189.024s][info][gc,stats       ]     FA: Synchronizer Roots            0 us, workers (us):   0, ---, ---, 
[2021-02-28T14:28:16.451+0300][189.024s][info][gc,stats       ]     FA: Management Roots              1 us, workers (us):   1, ---, ---, 
[2021-02-28T14:28:16.451+0300][189.024s][info][gc,stats       ]     FA: CLDG Roots                   35 us, workers (us): ---,  35, ---, 
[2021-02-28T14:28:16.451+0300][189.024s][info][gc,stats       ]     FA: JVMTI Roots                   0 us, workers (us):   0, ---, ---, 
[2021-02-28T14:28:16.451+0300][189.024s][info][gc,stats       ]   Copy Objects                   202114 us
[2021-02-28T14:28:16.451+0300][189.024s][info][gc,stats       ]     Regular Objects              201544 us
[2021-02-28T14:28:16.451+0300][189.024s][info][gc,stats       ]     Humongous Objects                13 us
[2021-02-28T14:28:16.451+0300][189.024s][info][gc,stats       ]     Reset Complete Bitmap           507 us
[2021-02-28T14:28:16.451+0300][189.024s][info][gc,stats       ]     Rebuild Region Sets              49 us
[2021-02-28T14:28:16.451+0300][189.024s][info][gc,stats       ]   Post Heap Dump                      1 us
[2021-02-28T14:28:16.451+0300][189.024s][info][gc,stats       ] Pacing                          1414425 us
[2021-02-28T14:28:16.451+0300][189.024s][info][gc,stats       ] 
[2021-02-28T14:28:16.451+0300][189.024s][info][gc,stats       ] Allocation pacing accrued:
[2021-02-28T14:28:16.451+0300][189.024s][info][gc,stats       ]    1414 of  1414 ms (100.0%): main
[2021-02-28T14:28:16.451+0300][189.024s][info][gc,stats       ]    1414 of  1414 ms (100.0%): <total>
[2021-02-28T14:28:16.451+0300][189.024s][info][gc,stats       ]      74 of  1414 ms (  5.3%): <average total>
[2021-02-28T14:28:16.451+0300][189.024s][info][gc,stats       ]    1414 of  1414 ms (100.0%): <average non-zero>
[2021-02-28T14:28:16.451+0300][189.024s][info][gc,stats       ] 
[2021-02-28T14:28:16.451+0300][189.025s][info][gc,metaspace   ] Metaspace: 7060K(7808K)->7060K(7808K) NonClass: 6341K(6912K)->6341K(6912K) Class: 719K(896K)->719K(896K)
[2021-02-28T14:28:16.451+0300][189.025s][info][gc,ergo        ] Pacer for Idle. Initial: 20971K, Alloc Tax Rate: 1.0x
[2021-02-28T14:28:16.454+0300][189.026s][info][gc             ] Trigger: Free (115K) is below minimum threshold (102M)
[2021-02-28T14:28:16.454+0300][189.026s][info][gc,ergo        ] Free: 115K, Max: 115K regular, 0B humongous, Frag: 0% external, 88% internal; Reserve: 39936K, Max: 512K
[2021-02-28T14:28:16.454+0300][189.026s][info][gc,start       ] GC(121) Concurrent reset
[2021-02-28T14:28:16.454+0300][189.026s][info][gc,task        ] GC(121) Using 1 of 3 workers for concurrent reset
[2021-02-28T14:28:16.454+0300][189.026s][info][gc,ergo        ] GC(121) Pacer for Reset. Non-Taxable: 1024M
[2021-02-28T14:28:16.454+0300][189.026s][info][gc             ] GC(121) Concurrent reset 0.252ms
[2021-02-28T14:28:16.454+0300][189.026s][info][gc,start       ] GC(121) Pause Init Mark (unload classes)
[2021-02-28T14:28:16.454+0300][189.026s][info][gc,task        ] GC(121) Using 3 of 3 workers for init marking
[2021-02-28T14:28:16.454+0300][189.027s][info][gc,ergo        ] GC(121) Pacer for Mark. Expected Live: 1846M, Free: 115K, Non-Taxable: 11844B, Alloc Tax Rate: 19977.9x
[2021-02-28T14:28:16.454+0300][189.027s][info][gc             ] GC(121) Pause Init Mark (unload classes) 0.330ms
[2021-02-28T14:28:16.454+0300][189.027s][info][gc,start       ] GC(121) Concurrent marking (unload classes)
[2021-02-28T14:28:16.454+0300][189.027s][info][gc,task        ] GC(121) Using 1 of 3 workers for concurrent marking
[2021-02-28T14:28:16.602+0300][189.174s][info][gc             ] Failed to allocate Shared, 1616B
[2021-02-28T14:28:16.602+0300][189.174s][info][gc             ] Cancelling GC: Allocation Failure
[2021-02-28T14:28:16.602+0300][189.174s][info][gc             ] GC(121) Concurrent marking (unload classes) 147.128ms
[2021-02-28T14:28:16.602+0300][189.174s][info][gc,ergo        ] Free: 0B, Max: 0B regular, 0B humongous, Frag: 0% external, 0% internal; Reserve: 39936K, Max: 512K
[2021-02-28T14:28:16.602+0300][189.174s][info][gc,stats       ] 
[2021-02-28T14:28:16.602+0300][189.174s][info][gc,stats       ] All times are wall-clock times, except per-root-class counters, that are sum over
[2021-02-28T14:28:16.602+0300][189.174s][info][gc,stats       ] all workers. Dividing the <total> over the root stage time estimates parallelism.
[2021-02-28T14:28:16.602+0300][189.174s][info][gc,stats       ] 
[2021-02-28T14:28:16.602+0300][189.174s][info][gc,stats       ] Concurrent Reset                    274 us
[2021-02-28T14:28:16.602+0300][189.174s][info][gc,stats       ] Pause Init Mark (G)                 609 us
[2021-02-28T14:28:16.602+0300][189.174s][info][gc,stats       ] Pause Init Mark (N)                 344 us
[2021-02-28T14:28:16.602+0300][189.174s][info][gc,stats       ]   Manage TLABs                        3 us
[2021-02-28T14:28:16.602+0300][189.174s][info][gc,stats       ]   Update Region States               86 us
[2021-02-28T14:28:16.602+0300][189.174s][info][gc,stats       ]   Scan Roots                        169 us, parallelism: 1.11x
[2021-02-28T14:28:16.602+0300][189.174s][info][gc,stats       ]     S: <total>                      187 us
[2021-02-28T14:28:16.602+0300][189.174s][info][gc,stats       ]     S: Thread Roots                 184 us, workers (us): 112,  38,  34, 
[2021-02-28T14:28:16.602+0300][189.174s][info][gc,stats       ]     S: Universe Roots                 2 us, workers (us):   2, ---, ---, 
[2021-02-28T14:28:16.602+0300][189.174s][info][gc,stats       ]     S: Synchronizer Roots             0 us, workers (us):   0, ---, ---, 
[2021-02-28T14:28:16.602+0300][189.174s][info][gc,stats       ]     S: Management Roots               1 us, workers (us):   1, ---, ---, 
[2021-02-28T14:28:16.602+0300][189.174s][info][gc,stats       ]     S: JVMTI Roots                    0 us, workers (us):   0, ---, ---, 
[2021-02-28T14:28:16.602+0300][189.174s][info][gc,stats       ] Concurrent Marking               147151 us
[2021-02-28T14:28:16.602+0300][189.174s][info][gc,stats       ]   Roots                             118 us, parallelism: 0.52x
[2021-02-28T14:28:16.602+0300][189.174s][info][gc,stats       ]     CM: <total>                      62 us
[2021-02-28T14:28:16.602+0300][189.174s][info][gc,stats       ]     CM: JNI Handles Roots             2 us, workers (us):   2, ---, ---, 
[2021-02-28T14:28:16.602+0300][189.174s][info][gc,stats       ]     CM: VM Global Roots               2 us, workers (us):   2, ---, ---, 
[2021-02-28T14:28:16.602+0300][189.174s][info][gc,stats       ]     CM: CLDG Roots                   58 us, workers (us):  58, ---, ---, 
[2021-02-28T14:28:16.602+0300][189.174s][info][gc,stats       ] Pacing                           802034 us
[2021-02-28T14:28:16.602+0300][189.174s][info][gc,stats       ] 
[2021-02-28T14:28:16.602+0300][189.174s][info][gc,stats       ] Allocation pacing accrued:
[2021-02-28T14:28:16.602+0300][189.174s][info][gc,stats       ]     150 of   150 ms (100.3%): main
[2021-02-28T14:28:16.602+0300][189.174s][info][gc,stats       ]     150 of   150 ms (100.1%): Notification Thread
[2021-02-28T14:28:16.602+0300][189.174s][info][gc,stats       ]      17 of   150 ms ( 11.2%): JMX server connection timeout 17
[2021-02-28T14:28:16.602+0300][189.174s][info][gc,stats       ]     150 of   150 ms (100.1%): RMI TCP Connection(2)-172.22.16.1
[2021-02-28T14:28:16.602+0300][189.174s][info][gc,stats       ]     150 of   150 ms (100.0%): RMI TCP Connection(5)-172.22.16.1
[2021-02-28T14:28:16.602+0300][189.174s][info][gc,stats       ]      35 of   150 ms ( 23.5%): RMI TCP Connection(6)-172.22.16.1
[2021-02-28T14:28:16.602+0300][189.174s][info][gc,stats       ]     150 of   150 ms (100.2%): RMI TCP Connection(7)-172.22.16.1
[2021-02-28T14:28:16.602+0300][189.174s][info][gc,stats       ]     802 of   150 ms (535.3%): <total>
[2021-02-28T14:28:16.602+0300][189.174s][info][gc,stats       ]      42 of   150 ms ( 28.2%): <average total>
[2021-02-28T14:28:16.602+0300][189.174s][info][gc,stats       ]     115 of   150 ms ( 76.5%): <average non-zero>
[2021-02-28T14:28:16.602+0300][189.174s][info][gc,stats       ] 
[2021-02-28T14:28:16.602+0300][189.174s][info][gc,metaspace   ] Metaspace: 7060K(7808K)->7064K(7808K) NonClass: 6341K(6912K)->6344K(6912K) Class: 719K(896K)->719K(896K)
[2021-02-28T14:28:16.602+0300][189.174s][info][gc,ergo        ] Pacer for Idle. Initial: 20971K, Alloc Tax Rate: 1.0x
[2021-02-28T14:28:16.618+0300][189.190s][info][gc             ] Trigger: Handle Allocation Failure
[2021-02-28T14:28:16.618+0300][189.190s][info][gc,ergo        ] Free: 0B, Max: 0B regular, 0B humongous, Frag: 0% external, 0% internal; Reserve: 39936K, Max: 512K
[2021-02-28T14:28:16.618+0300][189.190s][info][gc,start       ] GC(122) Pause Degenerated GC (Mark)
[2021-02-28T14:28:16.618+0300][189.190s][info][gc,task        ] GC(122) Using 3 of 3 workers for stw degenerated gc
[2021-02-28T14:28:16.980+0300][189.553s][info][gc,ergo        ] GC(122) Adaptive CSet Selection. Target Free: 145M, Actual Free: 39936K, Max CSet: 43690K, Min Garbage: 106M
[2021-02-28T14:28:16.980+0300][189.553s][info][gc,ergo        ] GC(122) Collectable Garbage: 42584B (100%), Immediate: 0B (0%), CSet: 42584B (100%)
[2021-02-28T14:28:16.980+0300][189.554s][info][gc,ergo        ] GC(122) Pacer for Evacuation. Used CSet: 43515K, Free: 16392B, Non-Taxable: 1639B, Alloc Tax Rate: 6644.9x
[2021-02-28T14:28:16.991+0300][189.563s][info][gc             ] GC(122) Cancelling GC: Allocation Failure During Evacuation
[2021-02-28T14:28:17.001+0300][189.573s][info][gc             ] GC(122) Cannot finish degeneration, upgrading to Full GC
[2021-02-28T14:28:17.001+0300][189.574s][info][gc,phases,start] GC(122) Phase 1: Mark live objects
[2021-02-28T14:28:17.452+0300][190.024s][info][gc,phases      ] GC(122) Phase 1: Mark live objects 450.090ms
[2021-02-28T14:28:17.452+0300][190.024s][info][gc,phases,start] GC(122) Phase 2: Compute new object addresses
[2021-02-28T14:28:17.632+0300][190.205s][info][gc,phases      ] GC(122) Phase 2: Compute new object addresses 180.291ms
[2021-02-28T14:28:17.632+0300][190.205s][info][gc,phases,start] GC(122) Phase 3: Adjust pointers
[2021-02-28T14:28:17.834+0300][190.406s][info][gc,phases      ] GC(122) Phase 3: Adjust pointers 201.265ms
[2021-02-28T14:28:17.834+0300][190.406s][info][gc,phases,start] GC(122) Phase 4: Move objects
[2021-02-28T14:28:18.015+0300][190.588s][info][gc,phases      ] GC(122) Phase 4: Move objects 182.326ms
[2021-02-28T14:28:18.015+0300][190.588s][info][gc,ergo        ] GC(122) Bad progress for free space: 675K, need 10485K
[2021-02-28T14:28:18.015+0300][190.588s][info][gc             ] GC(122) Pause Degenerated GC (Mark) 984M->984M(1024M) 1398.294ms
[2021-02-28T14:28:18.015+0300][190.589s][info][gc,ergo        ] Free: 675K, Max: 408K regular, 0B humongous, Frag: 0% external, 99% internal; Reserve: 39424K, Max: 512K
[2021-02-28T14:28:18.015+0300][190.589s][info][gc,stats       ] 
[2021-02-28T14:28:18.015+0300][190.589s][info][gc,stats       ] All times are wall-clock times, except per-root-class counters, that are sum over
[2021-02-28T14:28:18.015+0300][190.589s][info][gc,stats       ] all workers. Dividing the <total> over the root stage time estimates parallelism.
[2021-02-28T14:28:18.015+0300][190.589s][info][gc,stats       ] 
[2021-02-28T14:28:18.015+0300][190.589s][info][gc,stats       ]   Finish Queues                  362347 us
[2021-02-28T14:28:18.015+0300][190.589s][info][gc,stats       ]   System Purge                       69 us
[2021-02-28T14:28:18.015+0300][190.589s][info][gc,stats       ]     Unload Classes                  599 us
[2021-02-28T14:28:18.015+0300][190.589s][info][gc,stats       ]     Weak Roots                       69 us
[2021-02-28T14:28:18.015+0300][190.589s][info][gc,stats       ]     CLDG                              0 us
[2021-02-28T14:28:18.015+0300][190.589s][info][gc,stats       ]   Update Region States               89 us
[2021-02-28T14:28:18.015+0300][190.589s][info][gc,stats       ]   Manage GC/TLABs                     4 us
[2021-02-28T14:28:18.016+0300][190.589s][info][gc,stats       ]   Choose Collection Set             124 us
[2021-02-28T14:28:18.016+0300][190.589s][info][gc,stats       ]   Rebuild Free Set                   22 us
[2021-02-28T14:28:18.016+0300][190.589s][info][gc,stats       ]   Initial Evacuation                 15 us
[2021-02-28T14:28:18.016+0300][190.589s][info][gc,stats       ] Pause Degenerated GC (G)        1398553 us
[2021-02-28T14:28:18.016+0300][190.589s][info][gc,stats       ] Pause Degenerated GC (N)        1398309 us
[2021-02-28T14:28:18.016+0300][190.589s][info][gc,stats       ]   Degen Mark Roots                   93 us, parallelism: 0.30x
[2021-02-28T14:28:18.016+0300][190.589s][info][gc,stats       ]     DM: <total>                      28 us
[2021-02-28T14:28:18.016+0300][190.589s][info][gc,stats       ]     DM: JNI Handles Roots             2 us, workers (us):   1,   0,   0, 
[2021-02-28T14:28:18.016+0300][190.589s][info][gc,stats       ]     DM: VM Global Roots               1 us, workers (us):   1,   0,   0, 
[2021-02-28T14:28:18.016+0300][190.589s][info][gc,stats       ]     DM: CLDG Roots                   24 us, workers (us):  24, ---, ---, 
[2021-02-28T14:28:18.016+0300][190.589s][info][gc,stats       ]   Pre Heap Dump                       1 us
[2021-02-28T14:28:18.016+0300][190.589s][info][gc,stats       ]   Prepare                          1184 us
[2021-02-28T14:28:18.016+0300][190.589s][info][gc,stats       ]     Update Roots                    688 us, parallelism: 2.36x
[2021-02-28T14:28:18.016+0300][190.589s][info][gc,stats       ]       FU: <total>                  1620 us
[2021-02-28T14:28:18.016+0300][190.589s][info][gc,stats       ]       FU: Thread Roots               73 us, workers (us):   1,  72,   1, 
[2021-02-28T14:28:18.016+0300][190.589s][info][gc,stats       ]       FU: Code Cache Roots         1460 us, workers (us): 531, 405, 524, 
[2021-02-28T14:28:18.016+0300][190.589s][info][gc,stats       ]       FU: Universe Roots              1 us, workers (us):   1, ---, ---, 
[2021-02-28T14:28:18.016+0300][190.589s][info][gc,stats       ]       FU: JNI Handles Roots           1 us, workers (us):   0,   0,   0, 
[2021-02-28T14:28:18.016+0300][190.589s][info][gc,stats       ]       FU: JVMTI Weak Roots            0 us, workers (us):   0, ---, ---, 
[2021-02-28T14:28:18.016+0300][190.589s][info][gc,stats       ]       FU: JFR Weak Roots              0 us, workers (us):   0, ---, ---, 
[2021-02-28T14:28:18.016+0300][190.589s][info][gc,stats       ]       FU: JNI Weak Roots              0 us, workers (us):   0,   0,   0, 
[2021-02-28T14:28:18.016+0300][190.589s][info][gc,stats       ]       FU: String Table Roots         53 us, workers (us):  38,  13,   1, 
[2021-02-28T14:28:18.016+0300][190.589s][info][gc,stats       ]       FU: Resolved Table Roots        3 us, workers (us):   0,   2,   2, 
[2021-02-28T14:28:18.016+0300][190.589s][info][gc,stats       ]       FU: VM Global Roots             2 us, workers (us):   2,   0,   0, 
[2021-02-28T14:28:18.016+0300][190.589s][info][gc,stats       ]       FU: VM Weak Roots               1 us, workers (us):   0,   0,   1, 
[2021-02-28T14:28:18.016+0300][190.589s][info][gc,stats       ]       FU: Synchronizer Roots          0 us, workers (us):   0, ---, ---, 
[2021-02-28T14:28:18.016+0300][190.589s][info][gc,stats       ]       FU: Management Roots            1 us, workers (us):   1, ---, ---, 
[2021-02-28T14:28:18.016+0300][190.589s][info][gc,stats       ]       FU: CLDG Roots                 24 us, workers (us): ---,  24, ---, 
[2021-02-28T14:28:18.016+0300][190.589s][info][gc,stats       ]       FU: JVMTI Roots                 0 us, workers (us):   0, ---, ---, 
[2021-02-28T14:28:18.016+0300][190.589s][info][gc,stats       ]   Scan Roots                        121 us, parallelism: 1.11x
[2021-02-28T14:28:18.016+0300][190.589s][info][gc,stats       ]     FS: <total>                     134 us
[2021-02-28T14:28:18.016+0300][190.589s][info][gc,stats       ]     FS: Thread Roots                131 us, workers (us):  74,  28,  29, 
[2021-02-28T14:28:18.016+0300][190.589s][info][gc,stats       ]     FS: Universe Roots                2 us, workers (us):   2, ---, ---, 
[2021-02-28T14:28:18.016+0300][190.589s][info][gc,stats       ]     FS: Synchronizer Roots            0 us, workers (us):   0, ---, ---, 
[2021-02-28T14:28:18.016+0300][190.589s][info][gc,stats       ]     FS: Management Roots              1 us, workers (us):   1, ---, ---, 
[2021-02-28T14:28:18.016+0300][190.589s][info][gc,stats       ]     FS: JVMTI Roots                   0 us, workers (us):   0, ---, ---, 
[2021-02-28T14:28:18.016+0300][190.589s][info][gc,stats       ]   Scan Concurrent Roots             116 us, parallelism: 0.54x
[2021-02-28T14:28:18.016+0300][190.589s][info][gc,stats       ]     FCS: <total>                     63 us
[2021-02-28T14:28:18.016+0300][190.589s][info][gc,stats       ]     FCS: JNI Handles Roots            2 us, workers (us):   1,   0,   0, 
[2021-02-28T14:28:18.016+0300][190.589s][info][gc,stats       ]     FCS: VM Global Roots              2 us, workers (us):   2,   0,   0, 
[2021-02-28T14:28:18.016+0300][190.589s][info][gc,stats       ]     FCS: CLDG Roots                  59 us, workers (us):  59, ---, ---, 
[2021-02-28T14:28:18.016+0300][190.589s][info][gc,stats       ]   Mark                           450048 us
[2021-02-28T14:28:18.016+0300][190.589s][info][gc,stats       ]     Finish Queues                448432 us
[2021-02-28T14:28:18.016+0300][190.589s][info][gc,stats       ]     Weak References                 189 us
[2021-02-28T14:28:18.016+0300][190.589s][info][gc,stats       ]       Process                       183 us
[2021-02-28T14:28:18.016+0300][190.589s][info][gc,stats       ]     System Purge                     99 us
[2021-02-28T14:28:18.016+0300][190.589s][info][gc,stats       ]       Unload Classes               1063 us
[2021-02-28T14:28:18.016+0300][190.589s][info][gc,stats       ]       Weak Roots                     98 us
[2021-02-28T14:28:18.016+0300][190.589s][info][gc,stats       ]       CLDG                           10 us
[2021-02-28T14:28:18.016+0300][190.589s][info][gc,stats       ]   Calculate Addresses            180278 us
[2021-02-28T14:28:18.016+0300][190.589s][info][gc,stats       ]     Regular Objects              180242 us
[2021-02-28T14:28:18.016+0300][190.589s][info][gc,stats       ]     Humongous Objects                17 us
[2021-02-28T14:28:18.016+0300][190.589s][info][gc,stats       ]   Adjust Pointers                201251 us
[2021-02-28T14:28:18.016+0300][190.589s][info][gc,stats       ]     FA: <total>                    1735 us
[2021-02-28T14:28:18.016+0300][190.589s][info][gc,stats       ]     FA: Thread Roots                 85 us, workers (us):  22,  31,  32, 
[2021-02-28T14:28:18.016+0300][190.589s][info][gc,stats       ]     FA: Code Cache Roots           1548 us, workers (us): 538, 486, 524, 
[2021-02-28T14:28:18.016+0300][190.589s][info][gc,stats       ]     FA: Universe Roots                1 us, workers (us):   1, ---, ---, 
[2021-02-28T14:28:18.016+0300][190.589s][info][gc,stats       ]     FA: JNI Handles Roots             2 us, workers (us):   1,   0,   0, 
[2021-02-28T14:28:18.016+0300][190.589s][info][gc,stats       ]     FA: JVMTI Weak Roots              0 us, workers (us):   0, ---, ---, 
[2021-02-28T14:28:18.016+0300][190.589s][info][gc,stats       ]     FA: JFR Weak Roots                0 us, workers (us):   0, ---, ---, 
[2021-02-28T14:28:18.016+0300][190.589s][info][gc,stats       ]     FA: JNI Weak Roots                0 us, workers (us):   0,   0,   0, 
[2021-02-28T14:28:18.016+0300][190.589s][info][gc,stats       ]     FA: String Table Roots           50 us, workers (us):  36,  13,   0, 
[2021-02-28T14:28:18.016+0300][190.589s][info][gc,stats       ]     FA: Resolved Table Roots          5 us, workers (us):   2,   2,   0, 
[2021-02-28T14:28:18.016+0300][190.589s][info][gc,stats       ]     FA: VM Global Roots               2 us, workers (us):   2,   0,   0, 
[2021-02-28T14:28:18.016+0300][190.589s][info][gc,stats       ]     FA: VM Weak Roots                 2 us, workers (us):   1,   0,   2, 
[2021-02-28T14:28:18.016+0300][190.589s][info][gc,stats       ]     FA: Synchronizer Roots            0 us, workers (us):   0, ---, ---, 
[2021-02-28T14:28:18.016+0300][190.590s][info][gc,stats       ]     FA: Management Roots              1 us, workers (us):   1, ---, ---, 
[2021-02-28T14:28:18.016+0300][190.590s][info][gc,stats       ]     FA: CLDG Roots                   38 us, workers (us): ---,  38, ---, 
[2021-02-28T14:28:18.016+0300][190.590s][info][gc,stats       ]     FA: JVMTI Roots                   0 us, workers (us):   0, ---, ---, 
[2021-02-28T14:28:18.016+0300][190.590s][info][gc,stats       ]   Copy Objects                   182312 us
[2021-02-28T14:28:18.016+0300][190.590s][info][gc,stats       ]     Regular Objects              181799 us
[2021-02-28T14:28:18.016+0300][190.590s][info][gc,stats       ]     Humongous Objects                13 us
[2021-02-28T14:28:18.016+0300][190.590s][info][gc,stats       ]     Reset Complete Bitmap           450 us
[2021-02-28T14:28:18.016+0300][190.590s][info][gc,stats       ]     Rebuild Region Sets              48 us
[2021-02-28T14:28:18.016+0300][190.590s][info][gc,stats       ]   Post Heap Dump                      1 us
[2021-02-28T14:28:18.016+0300][190.590s][info][gc,stats       ] Pacing                            32172 us
[2021-02-28T14:28:18.016+0300][190.590s][info][gc,stats       ] 
[2021-02-28T14:28:18.016+0300][190.590s][info][gc,stats       ] Allocation pacing accrued:
[2021-02-28T14:28:18.016+0300][190.590s][info][gc,stats       ]      16 of  1415 ms (  1.1%): main
[2021-02-28T14:28:18.016+0300][190.590s][info][gc,stats       ]      16 of  1415 ms (  1.1%): RMI TCP Connection(2)-172.22.16.1
[2021-02-28T14:28:18.016+0300][190.590s][info][gc,stats       ]      32 of  1415 ms (  2.3%): <total>
[2021-02-28T14:28:18.016+0300][190.590s][info][gc,stats       ]       2 of  1415 ms (  0.1%): <average total>
[2021-02-28T14:28:18.016+0300][190.590s][info][gc,stats       ]      16 of  1415 ms (  1.1%): <average non-zero>
[2021-02-28T14:28:18.016+0300][190.590s][info][gc,stats       ] 
[2021-02-28T14:28:18.017+0300][190.590s][info][gc,metaspace   ] Metaspace: 7064K(7808K)->7060K(7808K) NonClass: 6344K(6912K)->6341K(6912K) Class: 719K(896K)->719K(896K)
[2021-02-28T14:28:18.017+0300][190.590s][info][gc,ergo        ] Pacer for Idle. Initial: 20971K, Alloc Tax Rate: 1.0x
[2021-02-28T14:28:18.026+0300][190.598s][info][gc             ] Trigger: Free (506K) is below minimum threshold (102M)
[2021-02-28T14:28:18.026+0300][190.598s][info][gc,ergo        ] Free: 431K, Max: 308K regular, 0B humongous, Frag: 0% external, 57% internal; Reserve: 39424K, Max: 512K
[2021-02-28T14:28:18.026+0300][190.598s][info][gc,start       ] GC(123) Concurrent reset
[2021-02-28T14:28:18.026+0300][190.598s][info][gc,task        ] GC(123) Using 1 of 3 workers for concurrent reset
[2021-02-28T14:28:18.026+0300][190.598s][info][gc,ergo        ] GC(123) Pacer for Reset. Non-Taxable: 1024M
[2021-02-28T14:28:18.026+0300][190.598s][info][gc             ] GC(123) Concurrent reset 0.195ms
[2021-02-28T14:28:18.026+0300][190.598s][info][gc             ] Failed to allocate TLAB, 2648B
[2021-02-28T14:28:18.026+0300][190.598s][info][gc             ] Cancelling GC: Allocation Failure
[2021-02-28T14:28:18.042+0300][190.614s][info][gc,start       ] GC(123) Pause Init Mark (unload classes)
[2021-02-28T14:28:18.042+0300][190.614s][info][gc,task        ] GC(123) Using 3 of 3 workers for init marking
[2021-02-28T14:28:18.042+0300][190.614s][info][gc,ergo        ] GC(123) Pacer for Mark. Expected Live: 1846M, Free: 0B, Non-Taxable: 0B, Alloc Tax Rate: infx
[2021-02-28T14:28:18.042+0300][190.614s][info][gc             ] GC(123) Pause Init Mark (unload classes) 0.315ms
[2021-02-28T14:28:18.042+0300][190.614s][info][gc,start       ] GC(123) Concurrent marking (unload classes)
[2021-02-28T14:28:18.042+0300][190.614s][info][gc,task        ] GC(123) Using 1 of 3 workers for concurrent marking
[2021-02-28T14:28:18.042+0300][190.615s][info][gc             ] GC(123) Concurrent marking (unload classes) 0.170ms
[2021-02-28T14:28:18.042+0300][190.615s][info][gc,ergo        ] Free: 0B, Max: 0B regular, 0B humongous, Frag: 0% external, 0% internal; Reserve: 39424K, Max: 512K
[2021-02-28T14:28:18.042+0300][190.615s][info][gc,stats       ] 
[2021-02-28T14:28:18.042+0300][190.615s][info][gc,stats       ] All times are wall-clock times, except per-root-class counters, that are sum over
[2021-02-28T14:28:18.042+0300][190.615s][info][gc,stats       ] all workers. Dividing the <total> over the root stage time estimates parallelism.
[2021-02-28T14:28:18.042+0300][190.615s][info][gc,stats       ] 
[2021-02-28T14:28:18.042+0300][190.615s][info][gc,stats       ] Concurrent Reset                    216 us
[2021-02-28T14:28:18.042+0300][190.615s][info][gc,stats       ] Pause Init Mark (G)               16198 us
[2021-02-28T14:28:18.042+0300][190.615s][info][gc,stats       ] Pause Init Mark (N)                 328 us
[2021-02-28T14:28:18.042+0300][190.615s][info][gc,stats       ]   Manage TLABs                        3 us
[2021-02-28T14:28:18.042+0300][190.615s][info][gc,stats       ]   Update Region States               91 us
[2021-02-28T14:28:18.042+0300][190.615s][info][gc,stats       ]   Scan Roots                        149 us, parallelism: 1.13x
[2021-02-28T14:28:18.042+0300][190.615s][info][gc,stats       ]     S: <total>                      169 us
[2021-02-28T14:28:18.042+0300][190.615s][info][gc,stats       ]     S: Thread Roots                 166 us, workers (us):  59,  63,  44, 
[2021-02-28T14:28:18.042+0300][190.615s][info][gc,stats       ]     S: Universe Roots                 2 us, workers (us):   2, ---, ---, 
[2021-02-28T14:28:18.042+0300][190.615s][info][gc,stats       ]     S: Synchronizer Roots             0 us, workers (us):   0, ---, ---, 
[2021-02-28T14:28:18.042+0300][190.615s][info][gc,stats       ]     S: Management Roots               1 us, workers (us):   1, ---, ---, 
[2021-02-28T14:28:18.042+0300][190.615s][info][gc,stats       ]     S: JVMTI Roots                    0 us, workers (us):   0, ---, ---, 
[2021-02-28T14:28:18.042+0300][190.615s][info][gc,stats       ] Concurrent Marking                  193 us
[2021-02-28T14:28:18.043+0300][190.615s][info][gc,stats       ]   Roots                             111 us, parallelism: 0.53x
[2021-02-28T14:28:18.043+0300][190.615s][info][gc,stats       ]     CM: <total>                      59 us
[2021-02-28T14:28:18.043+0300][190.615s][info][gc,stats       ]     CM: JNI Handles Roots             2 us, workers (us):   2, ---, ---, 
[2021-02-28T14:28:18.043+0300][190.615s][info][gc,stats       ]     CM: VM Global Roots               2 us, workers (us):   2, ---, ---, 
[2021-02-28T14:28:18.043+0300][190.615s][info][gc,stats       ]     CM: CLDG Roots                   56 us, workers (us):  56, ---, ---, 
[2021-02-28T14:28:18.043+0300][190.615s][info][gc,stats       ] Pacing                            36277 us
[2021-02-28T14:28:18.043+0300][190.615s][info][gc,stats       ] 
[2021-02-28T14:28:18.043+0300][190.615s][info][gc,stats       ] Allocation pacing accrued:
[2021-02-28T14:28:18.043+0300][190.615s][info][gc,stats       ]       9 of    25 ms ( 36.5%): main
[2021-02-28T14:28:18.043+0300][190.615s][info][gc,stats       ]       9 of    25 ms ( 35.1%): Notification Thread
[2021-02-28T14:28:18.043+0300][190.615s][info][gc,stats       ]       9 of    25 ms ( 36.4%): RMI TCP Connection(5)-172.22.16.1
[2021-02-28T14:28:18.043+0300][190.615s][info][gc,stats       ]       9 of    25 ms ( 36.0%): RMI TCP Connection(6)-172.22.16.1
[2021-02-28T14:28:18.043+0300][190.615s][info][gc,stats       ]      36 of    25 ms (144.0%): <total>
[2021-02-28T14:28:18.043+0300][190.615s][info][gc,stats       ]       2 of    25 ms (  7.6%): <average total>
[2021-02-28T14:28:18.043+0300][190.615s][info][gc,stats       ]       9 of    25 ms ( 36.0%): <average non-zero>
[2021-02-28T14:28:18.043+0300][190.615s][info][gc,stats       ] 
[2021-02-28T14:28:18.043+0300][190.615s][info][gc,metaspace   ] Metaspace: 7060K(7808K)->7068K(7808K) NonClass: 6341K(6912K)->6348K(6912K) Class: 719K(896K)->720K(896K)
[2021-02-28T14:28:18.043+0300][190.615s][info][gc,ergo        ] Pacer for Idle. Initial: 20971K, Alloc Tax Rate: 1.0x
[2021-02-28T14:28:18.058+0300][190.630s][info][gc             ] Trigger: Handle Allocation Failure
[2021-02-28T14:28:18.058+0300][190.630s][info][gc,ergo        ] Free: 0B, Max: 0B regular, 0B humongous, Frag: 0% external, 0% internal; Reserve: 39424K, Max: 512K
[2021-02-28T14:28:18.058+0300][190.630s][info][gc,start       ] GC(124) Pause Degenerated GC (Mark)
[2021-02-28T14:28:18.058+0300][190.630s][info][gc,task        ] GC(124) Using 3 of 3 workers for stw degenerated gc
[2021-02-28T14:28:18.473+0300][191.046s][info][gc,ergo        ] GC(124) Adaptive CSet Selection. Target Free: 145M, Actual Free: 39424K, Max CSet: 43690K, Min Garbage: 106M
[2021-02-28T14:28:18.473+0300][191.046s][info][gc,ergo        ] GC(124) Collectable Garbage: 204K (100%), Immediate: 0B (0%), CSet: 204K (100%)
[2021-02-28T14:28:18.473+0300][191.046s][info][gc,ergo        ] GC(124) Pacer for Evacuation. Used CSet: 43516K, Free: 16960B, Non-Taxable: 1696B, Alloc Tax Rate: 6422.5x
[2021-02-28T14:28:18.483+0300][191.055s][info][gc             ] GC(124) Cancelling GC: Allocation Failure During Evacuation
[2021-02-28T14:28:18.486+0300][191.058s][info][gc             ] GC(124) Cannot finish degeneration, upgrading to Full GC
[2021-02-28T14:28:18.486+0300][191.059s][info][gc,phases,start] GC(124) Phase 1: Mark live objects
[2021-02-28T14:28:18.946+0300][191.518s][info][gc,phases      ] GC(124) Phase 1: Mark live objects 459.242ms
[2021-02-28T14:28:18.946+0300][191.519s][info][gc,phases,start] GC(124) Phase 2: Compute new object addresses
[2021-02-28T14:28:19.124+0300][191.697s][info][gc,phases      ] GC(124) Phase 2: Compute new object addresses 178.426ms
[2021-02-28T14:28:19.124+0300][191.697s][info][gc,phases,start] GC(124) Phase 3: Adjust pointers
[2021-02-28T14:28:19.327+0300][191.899s][info][gc,phases      ] GC(124) Phase 3: Adjust pointers 201.968ms
[2021-02-28T14:28:19.327+0300][191.899s][info][gc,phases,start] GC(124) Phase 4: Move objects
[2021-02-28T14:28:19.509+0300][192.082s][info][gc,phases      ] GC(124) Phase 4: Move objects 183.484ms
[2021-02-28T14:28:19.509+0300][192.083s][info][gc,ergo        ] GC(124) Bad progress for free space: 241K, need 10485K
[2021-02-28T14:28:19.509+0300][192.083s][info][gc             ] GC(124) Pause Degenerated GC (Mark) 985M->984M(1024M) 1452.576ms
[2021-02-28T14:28:19.510+0300][192.083s][info][gc,ergo        ] Free: 241K, Max: 177K regular, 0B humongous, Frag: 0% external, 99% internal; Reserve: 39424K, Max: 512K
[2021-02-28T14:28:19.510+0300][192.083s][info][gc,stats       ] 
[2021-02-28T14:28:19.510+0300][192.083s][info][gc,stats       ] All times are wall-clock times, except per-root-class counters, that are sum over
[2021-02-28T14:28:19.510+0300][192.083s][info][gc,stats       ] all workers. Dividing the <total> over the root stage time estimates parallelism.
[2021-02-28T14:28:19.510+0300][192.083s][info][gc,stats       ] 
[2021-02-28T14:28:19.510+0300][192.083s][info][gc,stats       ]   Finish Queues                  414851 us
[2021-02-28T14:28:19.510+0300][192.083s][info][gc,stats       ]   System Purge                      106 us
[2021-02-28T14:28:19.510+0300][192.083s][info][gc,stats       ]     Unload Classes                  606 us
[2021-02-28T14:28:19.510+0300][192.083s][info][gc,stats       ]     Weak Roots                      106 us
[2021-02-28T14:28:19.510+0300][192.083s][info][gc,stats       ]     CLDG                              0 us
[2021-02-28T14:28:19.510+0300][192.083s][info][gc,stats       ]   Update Region States               94 us
[2021-02-28T14:28:19.510+0300][192.083s][info][gc,stats       ]   Manage GC/TLABs                     2 us
[2021-02-28T14:28:19.510+0300][192.083s][info][gc,stats       ]   Choose Collection Set             126 us
[2021-02-28T14:28:19.510+0300][192.083s][info][gc,stats       ]   Rebuild Free Set                   22 us
[2021-02-28T14:28:19.510+0300][192.083s][info][gc,stats       ]   Initial Evacuation                 15 us
[2021-02-28T14:28:19.510+0300][192.083s][info][gc,stats       ] Pause Degenerated GC (G)        1452789 us
[2021-02-28T14:28:19.510+0300][192.083s][info][gc,stats       ] Pause Degenerated GC (N)        1452590 us
[2021-02-28T14:28:19.510+0300][192.083s][info][gc,stats       ]   Degen Mark Roots                   83 us, parallelism: 0.28x
[2021-02-28T14:28:19.510+0300][192.083s][info][gc,stats       ]     DM: <total>                      23 us
[2021-02-28T14:28:19.510+0300][192.083s][info][gc,stats       ]     DM: JNI Handles Roots             1 us, workers (us):   1,   0,   0, 
[2021-02-28T14:28:19.510+0300][192.083s][info][gc,stats       ]     DM: VM Global Roots               1 us, workers (us):   1,   0,   0, 
[2021-02-28T14:28:19.510+0300][192.083s][info][gc,stats       ]     DM: CLDG Roots                   21 us, workers (us):  21, ---, ---, 
[2021-02-28T14:28:19.510+0300][192.083s][info][gc,stats       ]   Pre Heap Dump                       1 us
[2021-02-28T14:28:19.510+0300][192.083s][info][gc,stats       ]   Prepare                          1164 us
[2021-02-28T14:28:19.510+0300][192.083s][info][gc,stats       ]     Update Roots                    682 us, parallelism: 2.24x
[2021-02-28T14:28:19.510+0300][192.083s][info][gc,stats       ]       FU: <total>                  1526 us
[2021-02-28T14:28:19.510+0300][192.083s][info][gc,stats       ]       FU: Thread Roots               74 us, workers (us):   1,  73,   1, 
[2021-02-28T14:28:19.510+0300][192.083s][info][gc,stats       ]       FU: Code Cache Roots         1381 us, workers (us): 506, 383, 492, 
[2021-02-28T14:28:19.510+0300][192.083s][info][gc,stats       ]       FU: Universe Roots              1 us, workers (us):   1, ---, ---, 
[2021-02-28T14:28:19.510+0300][192.083s][info][gc,stats       ]       FU: JNI Handles Roots           1 us, workers (us):   0,   0,   0, 
[2021-02-28T14:28:19.510+0300][192.083s][info][gc,stats       ]       FU: JVMTI Weak Roots            0 us, workers (us):   0, ---, ---, 
[2021-02-28T14:28:19.510+0300][192.083s][info][gc,stats       ]       FU: JFR Weak Roots              0 us, workers (us):   0, ---, ---, 
[2021-02-28T14:28:19.510+0300][192.083s][info][gc,stats       ]       FU: JNI Weak Roots              0 us, workers (us):   0,   0,   0, 
[2021-02-28T14:28:19.510+0300][192.083s][info][gc,stats       ]       FU: String Table Roots         45 us, workers (us):  34,  10,   0, 
[2021-02-28T14:28:19.510+0300][192.083s][info][gc,stats       ]       FU: Resolved Table Roots        3 us, workers (us):   1,   1,   1, 
[2021-02-28T14:28:19.510+0300][192.083s][info][gc,stats       ]       FU: VM Global Roots             1 us, workers (us):   1,   0,   0, 
[2021-02-28T14:28:19.510+0300][192.083s][info][gc,stats       ]       FU: VM Weak Roots               1 us, workers (us):   0,   0,   1, 
[2021-02-28T14:28:19.510+0300][192.083s][info][gc,stats       ]       FU: Synchronizer Roots          0 us, workers (us):   0, ---, ---, 
[2021-02-28T14:28:19.510+0300][192.083s][info][gc,stats       ]       FU: Management Roots            1 us, workers (us):   1, ---, ---, 
[2021-02-28T14:28:19.510+0300][192.083s][info][gc,stats       ]       FU: CLDG Roots                 17 us, workers (us): ---,  17, ---, 
[2021-02-28T14:28:19.510+0300][192.083s][info][gc,stats       ]       FU: JVMTI Roots                 0 us, workers (us):   0, ---, ---, 
[2021-02-28T14:28:19.510+0300][192.083s][info][gc,stats       ]   Scan Roots                        132 us, parallelism: 1.26x
[2021-02-28T14:28:19.510+0300][192.083s][info][gc,stats       ]     FS: <total>                     166 us
[2021-02-28T14:28:19.510+0300][192.083s][info][gc,stats       ]     FS: Thread Roots                162 us, workers (us):  79,  42,  41, 
[2021-02-28T14:28:19.510+0300][192.083s][info][gc,stats       ]     FS: Universe Roots                2 us, workers (us):   2, ---, ---, 
[2021-02-28T14:28:19.510+0300][192.083s][info][gc,stats       ]     FS: Synchronizer Roots            0 us, workers (us):   0, ---, ---, 
[2021-02-28T14:28:19.510+0300][192.083s][info][gc,stats       ]     FS: Management Roots              2 us, workers (us):   2, ---, ---, 
[2021-02-28T14:28:19.510+0300][192.083s][info][gc,stats       ]     FS: JVMTI Roots                   0 us, workers (us):   0, ---, ---, 
[2021-02-28T14:28:19.510+0300][192.083s][info][gc,stats       ]   Scan Concurrent Roots             114 us, parallelism: 0.53x
[2021-02-28T14:28:19.510+0300][192.083s][info][gc,stats       ]     FCS: <total>                     61 us
[2021-02-28T14:28:19.510+0300][192.083s][info][gc,stats       ]     FCS: JNI Handles Roots            2 us, workers (us):   1,   0,   0, 
[2021-02-28T14:28:19.510+0300][192.083s][info][gc,stats       ]     FCS: VM Global Roots              2 us, workers (us):   2,   0,   0, 
[2021-02-28T14:28:19.510+0300][192.083s][info][gc,stats       ]     FCS: CLDG Roots                  57 us, workers (us):  57, ---, ---, 
[2021-02-28T14:28:19.510+0300][192.083s][info][gc,stats       ]   Mark                           459202 us
[2021-02-28T14:28:19.510+0300][192.083s][info][gc,stats       ]     Finish Queues                457648 us
[2021-02-28T14:28:19.510+0300][192.083s][info][gc,stats       ]     Weak References                 173 us
[2021-02-28T14:28:19.510+0300][192.083s][info][gc,stats       ]       Process                       168 us
[2021-02-28T14:28:19.510+0300][192.083s][info][gc,stats       ]     System Purge                     79 us
[2021-02-28T14:28:19.510+0300][192.083s][info][gc,stats       ]       Unload Classes               1023 us
[2021-02-28T14:28:19.510+0300][192.083s][info][gc,stats       ]       Weak Roots                     79 us
[2021-02-28T14:28:19.510+0300][192.083s][info][gc,stats       ]       CLDG                           13 us
[2021-02-28T14:28:19.510+0300][192.083s][info][gc,stats       ]   Calculate Addresses            178413 us
[2021-02-28T14:28:19.510+0300][192.083s][info][gc,stats       ]     Regular Objects              178376 us
[2021-02-28T14:28:19.510+0300][192.083s][info][gc,stats       ]     Humongous Objects                17 us
[2021-02-28T14:28:19.510+0300][192.084s][info][gc,stats       ]   Adjust Pointers                201955 us
[2021-02-28T14:28:19.510+0300][192.084s][info][gc,stats       ]     FA: <total>                    1628 us
[2021-02-28T14:28:19.510+0300][192.084s][info][gc,stats       ]     FA: Thread Roots                 77 us, workers (us):   1,   1,  76, 
[2021-02-28T14:28:19.510+0300][192.084s][info][gc,stats       ]     FA: Code Cache Roots           1450 us, workers (us): 533, 520, 397, 
[2021-02-28T14:28:19.510+0300][192.084s][info][gc,stats       ]     FA: Universe Roots                1 us, workers (us):   1, ---, ---, 
[2021-02-28T14:28:19.510+0300][192.084s][info][gc,stats       ]     FA: JNI Handles Roots             2 us, workers (us):   1,   0,   0, 
[2021-02-28T14:28:19.510+0300][192.084s][info][gc,stats       ]     FA: JVMTI Weak Roots              0 us, workers (us):   0, ---, ---, 
[2021-02-28T14:28:19.510+0300][192.084s][info][gc,stats       ]     FA: JFR Weak Roots                0 us, workers (us):   0, ---, ---, 
[2021-02-28T14:28:19.510+0300][192.084s][info][gc,stats       ]     FA: JNI Weak Roots                0 us, workers (us):   0,   0,   0, 
[2021-02-28T14:28:19.510+0300][192.084s][info][gc,stats       ]     FA: String Table Roots           53 us, workers (us):  37,  14,   1, 
[2021-02-28T14:28:19.510+0300][192.084s][info][gc,stats       ]     FA: Resolved Table Roots          5 us, workers (us):   1,   1,   2, 
[2021-02-28T14:28:19.510+0300][192.084s][info][gc,stats       ]     FA: VM Global Roots               2 us, workers (us):   2,   0,   0, 
[2021-02-28T14:28:19.510+0300][192.084s][info][gc,stats       ]     FA: VM Weak Roots                 2 us, workers (us):   1,   1,   0, 
[2021-02-28T14:28:19.510+0300][192.084s][info][gc,stats       ]     FA: Synchronizer Roots            0 us, workers (us):   0, ---, ---, 
[2021-02-28T14:28:19.510+0300][192.084s][info][gc,stats       ]     FA: Management Roots              1 us, workers (us):   1, ---, ---, 
[2021-02-28T14:28:19.510+0300][192.084s][info][gc,stats       ]     FA: CLDG Roots                   34 us, workers (us): ---, ---,  34, 
[2021-02-28T14:28:19.510+0300][192.084s][info][gc,stats       ]     FA: JVMTI Roots                   0 us, workers (us):   0, ---, ---, 
[2021-02-28T14:28:19.511+0300][192.084s][info][gc,stats       ]   Copy Objects                   183471 us
[2021-02-28T14:28:19.511+0300][192.084s][info][gc,stats       ]     Regular Objects              182888 us
[2021-02-28T14:28:19.511+0300][192.084s][info][gc,stats       ]     Humongous Objects                13 us
[2021-02-28T14:28:19.511+0300][192.084s][info][gc,stats       ]     Reset Complete Bitmap           520 us
[2021-02-28T14:28:19.511+0300][192.084s][info][gc,stats       ]     Rebuild Region Sets              48 us
[2021-02-28T14:28:19.511+0300][192.084s][info][gc,stats       ]   Post Heap Dump                      1 us
[2021-02-28T14:28:19.511+0300][192.084s][info][gc,stats       ] 
[2021-02-28T14:28:19.511+0300][192.084s][info][gc,stats       ] Allocation pacing accrued:
[2021-02-28T14:28:19.511+0300][192.084s][info][gc,stats       ]       0 of  1469 ms (  0.0%): <total>
[2021-02-28T14:28:19.511+0300][192.084s][info][gc,stats       ]       0 of  1469 ms (  0.0%): <average total>
[2021-02-28T14:28:19.511+0300][192.084s][info][gc,stats       ] 
[2021-02-28T14:28:19.511+0300][192.084s][info][gc,metaspace   ] Metaspace: 7068K(7808K)->7065K(7808K) NonClass: 6348K(6912K)->6345K(6912K) Class: 720K(896K)->719K(896K)
[2021-02-28T14:28:19.511+0300][192.084s][info][gc,ergo        ] Pacer for Idle. Initial: 20971K, Alloc Tax Rate: 1.0x
[2021-02-28T14:28:19.514+0300][192.086s][info][gc             ] Trigger: Free (70472B) is below minimum threshold (102M)
[2021-02-28T14:28:19.514+0300][192.086s][info][gc             ] Failed to allocate TLAB, 2664B
[2021-02-28T14:28:19.514+0300][192.086s][info][gc,ergo        ] Free: 0B, Max: 0B regular, 0B humongous, Frag: 0% external, 0% internal; Reserve: 39424K, Max: 512K
[2021-02-28T14:28:19.514+0300][192.086s][info][gc             ] Cancelling GC: Allocation Failure
[2021-02-28T14:28:19.514+0300][192.086s][info][gc,ergo        ] Free: 0B, Max: 0B regular, 0B humongous, Frag: 0% external, 0% internal; Reserve: 39424K, Max: 512K
[2021-02-28T14:28:19.514+0300][192.086s][info][gc,stats       ] 
[2021-02-28T14:28:19.514+0300][192.086s][info][gc,stats       ] All times are wall-clock times, except per-root-class counters, that are sum over
[2021-02-28T14:28:19.514+0300][192.086s][info][gc,stats       ] all workers. Dividing the <total> over the root stage time estimates parallelism.
[2021-02-28T14:28:19.514+0300][192.086s][info][gc,stats       ] 
[2021-02-28T14:28:19.514+0300][192.086s][info][gc,stats       ] Pacing                             7044 us
[2021-02-28T14:28:19.514+0300][192.086s][info][gc,stats       ] 
[2021-02-28T14:28:19.514+0300][192.086s][info][gc,stats       ] Allocation pacing accrued:
[2021-02-28T14:28:19.514+0300][192.086s][info][gc,stats       ]       2 of     2 ms (109.1%): Notification Thread
[2021-02-28T14:28:19.514+0300][192.086s][info][gc,stats       ]       2 of     2 ms (109.9%): RMI TCP Connection(5)-172.22.16.1
[2021-02-28T14:28:19.514+0300][192.086s][info][gc,stats       ]       2 of     2 ms (110.6%): RMI TCP Connection(6)-172.22.16.1
[2021-02-28T14:28:19.514+0300][192.086s][info][gc,stats       ]       7 of     2 ms (329.6%): <total>
[2021-02-28T14:28:19.514+0300][192.086s][info][gc,stats       ]       0 of     2 ms ( 17.3%): <average total>
[2021-02-28T14:28:19.514+0300][192.086s][info][gc,stats       ]       2 of     2 ms (109.9%): <average non-zero>
[2021-02-28T14:28:19.514+0300][192.086s][info][gc,stats       ] 
[2021-02-28T14:28:19.514+0300][192.086s][info][gc,metaspace   ] Metaspace: 7065K(7808K)->7065K(7808K) NonClass: 6345K(6912K)->6345K(6912K) Class: 719K(896K)->719K(896K)
[2021-02-28T14:28:19.514+0300][192.086s][info][gc,ergo        ] Pacer for Idle. Initial: 20971K, Alloc Tax Rate: 1.0x
[2021-02-28T14:28:19.530+0300][192.102s][info][gc             ] Trigger: Handle Allocation Failure
[2021-02-28T14:28:19.530+0300][192.102s][info][gc,ergo        ] Free: 0B, Max: 0B regular, 0B humongous, Frag: 0% external, 0% internal; Reserve: 39424K, Max: 512K
[2021-02-28T14:28:19.530+0300][192.102s][info][gc,start       ] GC(125) Pause Full
[2021-02-28T14:28:19.530+0300][192.102s][info][gc,task        ] GC(125) Using 3 of 3 workers for full gc
[2021-02-28T14:28:19.530+0300][192.102s][info][gc,phases,start] GC(125) Phase 1: Mark live objects
[2021-02-28T14:28:19.949+0300][192.523s][info][gc,phases      ] GC(125) Phase 1: Mark live objects 420.330ms
[2021-02-28T14:28:19.949+0300][192.523s][info][gc,phases,start] GC(125) Phase 2: Compute new object addresses
[2021-02-28T14:28:20.130+0300][192.702s][info][gc,phases      ] GC(125) Phase 2: Compute new object addresses 179.215ms
[2021-02-28T14:28:20.130+0300][192.702s][info][gc,phases,start] GC(125) Phase 3: Adjust pointers
[2021-02-28T14:28:20.330+0300][192.902s][info][gc,phases      ] GC(125) Phase 3: Adjust pointers 200.433ms
[2021-02-28T14:28:20.330+0300][192.902s][info][gc,phases,start] GC(125) Phase 4: Move objects
[2021-02-28T14:28:20.510+0300][193.083s][info][gc,phases      ] GC(125) Phase 4: Move objects 180.607ms
[2021-02-28T14:28:20.510+0300][193.083s][info][gc,ergo        ] GC(125) Bad progress for free space: 166K, need 10485K
[2021-02-28T14:28:20.510+0300][193.083s][info][gc             ] GC(125) Pause Full 985M->985M(1024M) 981.024ms
[2021-02-28T14:28:20.510+0300][193.083s][info][gc,ergo        ] Free: 166K, Max: 144K regular, 0B humongous, Frag: 0% external, 99% internal; Reserve: 39424K, Max: 512K
[2021-02-28T14:28:20.510+0300][193.083s][info][gc,stats       ] 
[2021-02-28T14:28:20.510+0300][193.083s][info][gc,stats       ] All times are wall-clock times, except per-root-class counters, that are sum over
[2021-02-28T14:28:20.510+0300][193.083s][info][gc,stats       ] all workers. Dividing the <total> over the root stage time estimates parallelism.
[2021-02-28T14:28:20.510+0300][193.083s][info][gc,stats       ] 
[2021-02-28T14:28:20.510+0300][193.083s][info][gc,stats       ] Pause Full GC (G)                981260 us
[2021-02-28T14:28:20.510+0300][193.083s][info][gc,stats       ] Pause Full GC (N)                981038 us
[2021-02-28T14:28:20.510+0300][193.083s][info][gc,stats       ]   Pre Heap Dump                       0 us
[2021-02-28T14:28:20.510+0300][193.083s][info][gc,stats       ]   Prepare                           137 us
[2021-02-28T14:28:20.510+0300][193.083s][info][gc,stats       ]   Scan Roots                        155 us, parallelism: 1.06x
[2021-02-28T14:28:20.510+0300][193.083s][info][gc,stats       ]     FS: <total>                     165 us
[2021-02-28T14:28:20.510+0300][193.083s][info][gc,stats       ]     FS: Thread Roots                161 us, workers (us):  46,  38,  78, 
[2021-02-28T14:28:20.510+0300][193.083s][info][gc,stats       ]     FS: Universe Roots                2 us, workers (us):   2, ---, ---, 
[2021-02-28T14:28:20.510+0300][193.083s][info][gc,stats       ]     FS: Synchronizer Roots            0 us, workers (us): ---,   0, ---, 
[2021-02-28T14:28:20.510+0300][193.083s][info][gc,stats       ]     FS: Management Roots              1 us, workers (us): ---,   1, ---, 
[2021-02-28T14:28:20.510+0300][193.083s][info][gc,stats       ]     FS: JVMTI Roots                   0 us, workers (us):   0, ---, ---, 
[2021-02-28T14:28:20.510+0300][193.083s][info][gc,stats       ]   Scan Concurrent Roots             101 us, parallelism: 0.49x
[2021-02-28T14:28:20.510+0300][193.083s][info][gc,stats       ]     FCS: <total>                     49 us
[2021-02-28T14:28:20.510+0300][193.083s][info][gc,stats       ]     FCS: JNI Handles Roots            2 us, workers (us):   1,   0,   0, 
[2021-02-28T14:28:20.510+0300][193.083s][info][gc,stats       ]     FCS: VM Global Roots              2 us, workers (us):   1,   1,   0, 
[2021-02-28T14:28:20.510+0300][193.083s][info][gc,stats       ]     FCS: CLDG Roots                  45 us, workers (us): ---,  45, ---, 
[2021-02-28T14:28:20.510+0300][193.083s][info][gc,stats       ]   Mark                           420307 us
[2021-02-28T14:28:20.510+0300][193.083s][info][gc,stats       ]     Finish Queues                418634 us
[2021-02-28T14:28:20.510+0300][193.084s][info][gc,stats       ]     Weak References                 214 us
[2021-02-28T14:28:20.510+0300][193.084s][info][gc,stats       ]       Process                       209 us
[2021-02-28T14:28:20.510+0300][193.084s][info][gc,stats       ]     System Purge                     96 us
[2021-02-28T14:28:20.510+0300][193.084s][info][gc,stats       ]       Unload Classes               1079 us
[2021-02-28T14:28:20.510+0300][193.084s][info][gc,stats       ]       Weak Roots                     96 us
[2021-02-28T14:28:20.510+0300][193.084s][info][gc,stats       ]       CLDG                           10 us
[2021-02-28T14:28:20.510+0300][193.084s][info][gc,stats       ]   Calculate Addresses            179201 us
[2021-02-28T14:28:20.510+0300][193.084s][info][gc,stats       ]     Regular Objects              179167 us
[2021-02-28T14:28:20.510+0300][193.084s][info][gc,stats       ]     Humongous Objects                14 us
[2021-02-28T14:28:20.510+0300][193.084s][info][gc,stats       ]   Adjust Pointers                200420 us
[2021-02-28T14:28:20.510+0300][193.084s][info][gc,stats       ]     FA: <total>                    1696 us
[2021-02-28T14:28:20.510+0300][193.084s][info][gc,stats       ]     FA: Thread Roots                128 us, workers (us):   1, 115,  11, 
[2021-02-28T14:28:20.510+0300][193.084s][info][gc,stats       ]     FA: Code Cache Roots           1464 us, workers (us): 537, 403, 524, 
[2021-02-28T14:28:20.510+0300][193.084s][info][gc,stats       ]     FA: Universe Roots                1 us, workers (us):   1, ---, ---, 
[2021-02-28T14:28:20.510+0300][193.084s][info][gc,stats       ]     FA: JNI Handles Roots             2 us, workers (us):   0,   1,   0, 
[2021-02-28T14:28:20.510+0300][193.084s][info][gc,stats       ]     FA: JVMTI Weak Roots              0 us, workers (us): ---,   0, ---, 
[2021-02-28T14:28:20.510+0300][193.084s][info][gc,stats       ]     FA: JFR Weak Roots                0 us, workers (us):   0, ---, ---, 
[2021-02-28T14:28:20.511+0300][193.084s][info][gc,stats       ]     FA: JNI Weak Roots                0 us, workers (us):   0,   0,   0, 
[2021-02-28T14:28:20.511+0300][193.084s][info][gc,stats       ]     FA: String Table Roots           55 us, workers (us):  27,  28,   0, 
[2021-02-28T14:28:20.511+0300][193.084s][info][gc,stats       ]     FA: Resolved Table Roots          4 us, workers (us):   2,   2,   0, 
[2021-02-28T14:28:20.511+0300][193.084s][info][gc,stats       ]     FA: VM Global Roots               2 us, workers (us):   2,   0,   0, 
[2021-02-28T14:28:20.511+0300][193.084s][info][gc,stats       ]     FA: VM Weak Roots                 2 us, workers (us):   1,   1,   0, 
[2021-02-28T14:28:20.511+0300][193.084s][info][gc,stats       ]     FA: Synchronizer Roots            0 us, workers (us): ---,   0, ---, 
[2021-02-28T14:28:20.511+0300][193.084s][info][gc,stats       ]     FA: Management Roots              1 us, workers (us): ---,   1, ---, 
[2021-02-28T14:28:20.511+0300][193.084s][info][gc,stats       ]     FA: CLDG Roots                   36 us, workers (us): ---,  36, ---, 
[2021-02-28T14:28:20.511+0300][193.084s][info][gc,stats       ]     FA: JVMTI Roots                   0 us, workers (us):   0, ---, ---, 
[2021-02-28T14:28:20.511+0300][193.084s][info][gc,stats       ]   Copy Objects                   180593 us
[2021-02-28T14:28:20.511+0300][193.084s][info][gc,stats       ]     Regular Objects              180096 us
[2021-02-28T14:28:20.511+0300][193.084s][info][gc,stats       ]     Humongous Objects                13 us
[2021-02-28T14:28:20.511+0300][193.084s][info][gc,stats       ]     Reset Complete Bitmap           439 us
[2021-02-28T14:28:20.511+0300][193.084s][info][gc,stats       ]     Rebuild Region Sets              45 us
[2021-02-28T14:28:20.511+0300][193.084s][info][gc,stats       ]   Post Heap Dump                      1 us
[2021-02-28T14:28:20.511+0300][193.084s][info][gc,stats       ] 
[2021-02-28T14:28:20.511+0300][193.084s][info][gc,stats       ] Allocation pacing accrued:
[2021-02-28T14:28:20.511+0300][193.084s][info][gc,stats       ]       0 of   998 ms (  0.0%): <total>
[2021-02-28T14:28:20.511+0300][193.084s][info][gc,stats       ]       0 of   998 ms (  0.0%): <average total>
[2021-02-28T14:28:20.511+0300][193.084s][info][gc,stats       ] 
[2021-02-28T14:28:20.511+0300][193.084s][info][gc,metaspace   ] Metaspace: 7065K(7808K)->7068K(7808K) NonClass: 6345K(6912K)->6348K(6912K) Class: 719K(896K)->720K(896K)
[2021-02-28T14:28:20.511+0300][193.084s][info][gc,ergo        ] Pacer for Idle. Initial: 20971K, Alloc Tax Rate: 1.0x
[2021-02-28T14:28:20.511+0300][193.085s][info][gc             ] Failed to allocate TLAB, 2768B
[2021-02-28T14:28:20.511+0300][193.085s][info][gc             ] Cancelling GC: Allocation Failure
[2021-02-28T14:28:20.515+0300][193.088s][info][gc             ] Trigger: Handle Allocation Failure
[2021-02-28T14:28:20.515+0300][193.088s][info][gc,ergo        ] Free: 0B, Max: 0B regular, 0B humongous, Frag: 0% external, 0% internal; Reserve: 39424K, Max: 512K
[2021-02-28T14:28:20.515+0300][193.088s][info][gc,start       ] GC(126) Pause Degenerated GC (Outside of Cycle)
[2021-02-28T14:28:20.515+0300][193.088s][info][gc,task        ] GC(126) Using 3 of 3 workers for stw degenerated gc
[2021-02-28T14:28:20.515+0300][193.088s][info][gc,ergo        ] GC(126) Pacer for Reset. Non-Taxable: 1024M
[2021-02-28T14:28:20.515+0300][193.088s][info][gc,ergo        ] GC(126) Pacer for Mark. Expected Live: 2044M, Free: 0B, Non-Taxable: 0B, Alloc Tax Rate: infx
[2021-02-28T14:28:20.932+0300][193.505s][info][gc,ergo        ] GC(126) Adaptive CSet Selection. Target Free: 145M, Actual Free: 39424K, Max CSet: 43690K, Min Garbage: 106M
[2021-02-28T14:28:20.932+0300][193.505s][info][gc,ergo        ] GC(126) Collectable Garbage: 105K (100%), Immediate: 0B (0%), CSet: 105K (100%)
[2021-02-28T14:28:20.932+0300][193.506s][info][gc,ergo        ] GC(126) Pacer for Evacuation. Used CSet: 43518K, Free: 16784B, Non-Taxable: 1678B, Alloc Tax Rate: 6490.0x
[2021-02-28T14:28:20.942+0300][193.514s][info][gc             ] GC(126) Cancelling GC: Allocation Failure During Evacuation
[2021-02-28T14:28:20.948+0300][193.520s][info][gc             ] GC(126) Cannot finish degeneration, upgrading to Full GC
[2021-02-28T14:28:20.948+0300][193.521s][info][gc,phases,start] GC(126) Phase 1: Mark live objects
[2021-02-28T14:28:21.401+0300][193.974s][info][gc,phases      ] GC(126) Phase 1: Mark live objects 453.295ms
[2021-02-28T14:28:21.401+0300][193.974s][info][gc,phases,start] GC(126) Phase 2: Compute new object addresses
[2021-02-28T14:28:21.580+0300][194.152s][info][gc,phases      ] GC(126) Phase 2: Compute new object addresses 177.883ms
[2021-02-28T14:28:21.580+0300][194.152s][info][gc,phases,start] GC(126) Phase 3: Adjust pointers
[2021-02-28T14:28:21.780+0300][194.352s][info][gc,phases      ] GC(126) Phase 3: Adjust pointers 199.905ms
[2021-02-28T14:28:21.780+0300][194.352s][info][gc,phases,start] GC(126) Phase 4: Move objects
[2021-02-28T14:28:21.963+0300][194.535s][info][gc,phases      ] GC(126) Phase 4: Move objects 182.690ms
[2021-02-28T14:28:21.963+0300][194.535s][info][gc,ergo        ] GC(126) Bad progress for free space: 162K, need 10485K
[2021-02-28T14:28:21.963+0300][194.535s][info][gc             ] GC(126) Pause Degenerated GC (Outside of Cycle) 985M->985M(1024M) 1447.185ms
[2021-02-28T14:28:21.963+0300][194.535s][info][gc,ergo        ] Free: 162K, Max: 133K regular, 0B humongous, Frag: 0% external, 99% internal; Reserve: 39424K, Max: 512K
[2021-02-28T14:28:21.963+0300][194.535s][info][gc,stats       ] 
[2021-02-28T14:28:21.963+0300][194.535s][info][gc,stats       ] All times are wall-clock times, except per-root-class counters, that are sum over
[2021-02-28T14:28:21.963+0300][194.535s][info][gc,stats       ] all workers. Dividing the <total> over the root stage time estimates parallelism.
[2021-02-28T14:28:21.963+0300][194.535s][info][gc,stats       ] 
[2021-02-28T14:28:21.963+0300][194.535s][info][gc,stats       ]   Manage TLABs                        2 us
[2021-02-28T14:28:21.963+0300][194.535s][info][gc,stats       ]   Update Region States               53 us
[2021-02-28T14:28:21.963+0300][194.535s][info][gc,stats       ]   Scan Roots                         54 us, parallelism: 1.87x
[2021-02-28T14:28:21.963+0300][194.535s][info][gc,stats       ]     S: <total>                      101 us
[2021-02-28T14:28:21.963+0300][194.535s][info][gc,stats       ]     S: Thread Roots                  97 us, workers (us):  32,  33,  33, 
[2021-02-28T14:28:21.963+0300][194.535s][info][gc,stats       ]     S: Universe Roots                 2 us, workers (us):   2, ---, ---, 
[2021-02-28T14:28:21.963+0300][194.535s][info][gc,stats       ]     S: Synchronizer Roots             0 us, workers (us): ---,   0, ---, 
[2021-02-28T14:28:21.963+0300][194.535s][info][gc,stats       ]     S: Management Roots               1 us, workers (us): ---,   1, ---, 
[2021-02-28T14:28:21.963+0300][194.535s][info][gc,stats       ]     S: JVMTI Roots                    0 us, workers (us):   0, ---, ---, 
[2021-02-28T14:28:21.963+0300][194.535s][info][gc,stats       ]   Finish Queues                  416171 us
[2021-02-28T14:28:21.963+0300][194.535s][info][gc,stats       ]   Weak References                    27 us
[2021-02-28T14:28:21.963+0300][194.535s][info][gc,stats       ]     Process                          22 us
[2021-02-28T14:28:21.963+0300][194.536s][info][gc,stats       ]   System Purge                       53 us
[2021-02-28T14:28:21.963+0300][194.536s][info][gc,stats       ]     Unload Classes                  615 us
[2021-02-28T14:28:21.963+0300][194.536s][info][gc,stats       ]     Weak Roots                       53 us
[2021-02-28T14:28:21.963+0300][194.536s][info][gc,stats       ]     CLDG                              0 us
[2021-02-28T14:28:21.963+0300][194.536s][info][gc,stats       ]   Update Region States               84 us
[2021-02-28T14:28:21.963+0300][194.536s][info][gc,stats       ]   Manage GC/TLABs                     2 us
[2021-02-28T14:28:21.963+0300][194.536s][info][gc,stats       ]   Choose Collection Set             121 us
[2021-02-28T14:28:21.963+0300][194.536s][info][gc,stats       ]   Rebuild Free Set                   22 us
[2021-02-28T14:28:21.963+0300][194.536s][info][gc,stats       ]   Initial Evacuation                 15 us
[2021-02-28T14:28:21.963+0300][194.536s][info][gc,stats       ] Pause Degenerated GC (G)        1447374 us
[2021-02-28T14:28:21.963+0300][194.536s][info][gc,stats       ] Pause Degenerated GC (N)        1447201 us
[2021-02-28T14:28:21.963+0300][194.536s][info][gc,stats       ]   Degen Mark Roots                   63 us, parallelism: 0.76x
[2021-02-28T14:28:21.963+0300][194.536s][info][gc,stats       ]     DM: <total>                      48 us
[2021-02-28T14:28:21.963+0300][194.536s][info][gc,stats       ]     DM: JNI Handles Roots             2 us, workers (us):   1,   0,   0, 
[2021-02-28T14:28:21.963+0300][194.536s][info][gc,stats       ]     DM: VM Global Roots               2 us, workers (us):   1,   2,   0, 
[2021-02-28T14:28:21.963+0300][194.536s][info][gc,stats       ]     DM: CLDG Roots                   44 us, workers (us):  44, ---, ---, 
[2021-02-28T14:28:21.963+0300][194.536s][info][gc,stats       ]   Pre Heap Dump                       1 us
[2021-02-28T14:28:21.963+0300][194.536s][info][gc,stats       ]   Prepare                          1121 us
[2021-02-28T14:28:21.963+0300][194.536s][info][gc,stats       ]     Update Roots                    653 us, parallelism: 2.33x
[2021-02-28T14:28:21.963+0300][194.536s][info][gc,stats       ]       FU: <total>                  1524 us
[2021-02-28T14:28:21.963+0300][194.536s][info][gc,stats       ]       FU: Thread Roots               68 us, workers (us):   1,  67,   1, 
[2021-02-28T14:28:21.963+0300][194.536s][info][gc,stats       ]       FU: Code Cache Roots         1383 us, workers (us): 507, 381, 496, 
[2021-02-28T14:28:21.963+0300][194.536s][info][gc,stats       ]       FU: Universe Roots              1 us, workers (us):   1, ---, ---, 
[2021-02-28T14:28:21.963+0300][194.536s][info][gc,stats       ]       FU: JNI Handles Roots           1 us, workers (us):   0,   0,   0, 
[2021-02-28T14:28:21.963+0300][194.536s][info][gc             ] Failed to allocate TLAB, 2672B
[2021-02-28T14:28:21.963+0300][194.536s][info][gc,stats       ]       FU: JVMTI Weak Roots            0 us, workers (us):   0, ---, ---, 
[2021-02-28T14:28:21.963+0300][194.536s][info][gc             ] Cancelling GC: Allocation Failure
[2021-02-28T14:28:21.963+0300][194.536s][info][gc,stats       ]       FU: JFR Weak Roots              0 us, workers (us): ---,   0, ---, 
[2021-02-28T14:28:21.963+0300][194.536s][info][gc,stats       ]       FU: String Table Roots         46 us, workers (us):  22,  24,   0, 
[2021-02-28T14:28:21.963+0300][194.536s][info][gc,stats       ]       FU: Resolved Table Roots        3 us, workers (us):   2,   1,   0, 
[2021-02-28T14:28:21.963+0300][194.536s][info][gc,stats       ]       FU: VM Global Roots             1 us, workers (us):   0,   1,   0, 
[2021-02-28T14:28:21.963+0300][194.536s][info][gc,stats       ]       FU: VM Weak Roots               1 us, workers (us):   1,   0,   0, 
[2021-02-28T14:28:21.963+0300][194.536s][info][gc,stats       ]       FU: Synchronizer Roots          0 us, workers (us):   0, ---, ---, 
[2021-02-28T14:28:21.963+0300][194.536s][info][gc,stats       ]       FU: Management Roots            1 us, workers (us):   1, ---, ---, 
[2021-02-28T14:28:21.963+0300][194.536s][info][gc,stats       ]       FU: CLDG Roots                 17 us, workers (us): ---,  17, ---, 
[2021-02-28T14:28:21.963+0300][194.536s][info][gc,stats       ]       FU: JVMTI Roots                 0 us, workers (us): ---,   0, ---, 
[2021-02-28T14:28:21.963+0300][194.536s][info][gc,stats       ]   Scan Roots                        107 us, parallelism: 1.23x
[2021-02-28T14:28:21.963+0300][194.536s][info][gc,stats       ]     FS: <total>                     131 us
[2021-02-28T14:28:21.963+0300][194.536s][info][gc,stats       ]     FS: Thread Roots                126 us, workers (us):  56,  47,  23, 
[2021-02-28T14:28:21.963+0300][194.536s][info][gc,stats       ]     FS: Universe Roots                2 us, workers (us):   2, ---, ---, 
[2021-02-28T14:28:21.963+0300][194.536s][info][gc,stats       ]     FS: Synchronizer Roots            0 us, workers (us): ---,   0, ---, 
[2021-02-28T14:28:21.963+0300][194.536s][info][gc,stats       ]     FS: Management Roots              2 us, workers (us): ---,   2, ---, 
[2021-02-28T14:28:21.963+0300][194.536s][info][gc,stats       ]     FS: JVMTI Roots                   0 us, workers (us):   0, ---, ---, 
[2021-02-28T14:28:21.963+0300][194.536s][info][gc,stats       ]   Scan Concurrent Roots             115 us, parallelism: 0.55x
[2021-02-28T14:28:21.963+0300][194.536s][info][gc,stats       ]     FCS: <total>                     63 us
[2021-02-28T14:28:21.963+0300][194.536s][info][gc,stats       ]     FCS: JNI Handles Roots            2 us, workers (us):   1,   0,   0, 
[2021-02-28T14:28:21.963+0300][194.536s][info][gc,stats       ]     FCS: VM Global Roots              3 us, workers (us):   2,   1,   0, 
[2021-02-28T14:28:21.963+0300][194.536s][info][gc,stats       ]     FCS: CLDG Roots                  59 us, workers (us): ---,  59, ---, 
[2021-02-28T14:28:21.963+0300][194.536s][info][gc,stats       ]   Mark                           453254 us
[2021-02-28T14:28:21.963+0300][194.536s][info][gc,stats       ]     Finish Queues                452097 us
[2021-02-28T14:28:21.963+0300][194.536s][info][gc,stats       ]     Weak References                 193 us
[2021-02-28T14:28:21.963+0300][194.536s][info][gc,stats       ]       Process                       187 us
[2021-02-28T14:28:21.963+0300][194.536s][info][gc,stats       ]     System Purge                    134 us
[2021-02-28T14:28:21.963+0300][194.536s][info][gc,stats       ]       Unload Classes                589 us
[2021-02-28T14:28:21.963+0300][194.536s][info][gc,stats       ]       Weak Roots                    133 us
[2021-02-28T14:28:21.963+0300][194.536s][info][gc,stats       ]       CLDG                            0 us
[2021-02-28T14:28:21.963+0300][194.536s][info][gc,stats       ]   Calculate Addresses            177870 us
[2021-02-28T14:28:21.963+0300][194.536s][info][gc,stats       ]     Regular Objects              177835 us
[2021-02-28T14:28:21.963+0300][194.536s][info][gc,stats       ]     Humongous Objects                15 us
[2021-02-28T14:28:21.963+0300][194.536s][info][gc,stats       ]   Adjust Pointers                199888 us
[2021-02-28T14:28:21.963+0300][194.536s][info][gc,stats       ]     FA: <total>                    1640 us
[2021-02-28T14:28:21.963+0300][194.536s][info][gc,stats       ]     FA: Thread Roots                 71 us, workers (us):  69,   1,   1, 
[2021-02-28T14:28:21.963+0300][194.536s][info][gc,stats       ]     FA: Code Cache Roots           1469 us, workers (us): 403, 530, 535, 
[2021-02-28T14:28:21.963+0300][194.536s][info][gc,stats       ]     FA: Universe Roots                1 us, workers (us):   1, ---, ---, 
[2021-02-28T14:28:21.963+0300][194.536s][info][gc,stats       ]     FA: JNI Handles Roots             2 us, workers (us):   1,   0,   0, 
[2021-02-28T14:28:21.963+0300][194.536s][info][gc,stats       ]     FA: JVMTI Weak Roots              0 us, workers (us):   0, ---, ---, 
[2021-02-28T14:28:21.963+0300][194.536s][info][gc,stats       ]     FA: JFR Weak Roots                0 us, workers (us):   0, ---, ---, 
[2021-02-28T14:28:21.963+0300][194.536s][info][gc,stats       ]     FA: JNI Weak Roots                0 us, workers (us):   0,   0,   0, 
[2021-02-28T14:28:21.963+0300][194.536s][info][gc,stats       ]     FA: String Table Roots           51 us, workers (us):  37,   8,   6, 
[2021-02-28T14:28:21.963+0300][194.537s][info][gc,stats       ]     FA: Resolved Table Roots          4 us, workers (us):   1,   1,   2, 
[2021-02-28T14:28:21.963+0300][194.537s][info][gc,stats       ]     FA: VM Global Roots               2 us, workers (us):   2,   0,   0, 
[2021-02-28T14:28:21.963+0300][194.537s][info][gc,stats       ]     FA: VM Weak Roots                 3 us, workers (us):   1,   2,   0, 
[2021-02-28T14:28:21.963+0300][194.537s][info][gc,stats       ]     FA: Synchronizer Roots            0 us, workers (us):   0, ---, ---, 
[2021-02-28T14:28:21.963+0300][194.537s][info][gc,stats       ]     FA: Management Roots              1 us, workers (us):   1, ---, ---, 
[2021-02-28T14:28:21.963+0300][194.537s][info][gc,stats       ]     FA: CLDG Roots                   35 us, workers (us):  35, ---, ---, 
[2021-02-28T14:28:21.963+0300][194.537s][info][gc,stats       ]     FA: JVMTI Roots                   0 us, workers (us):   0, ---, ---, 
[2021-02-28T14:28:21.963+0300][194.537s][info][gc,stats       ]   Copy Objects                   182677 us
[2021-02-28T14:28:21.963+0300][194.537s][info][gc,stats       ]     Regular Objects              182122 us
[2021-02-28T14:28:21.963+0300][194.537s][info][gc,stats       ]     Humongous Objects                12 us
[2021-02-28T14:28:21.963+0300][194.537s][info][gc,stats       ]     Reset Complete Bitmap           493 us
[2021-02-28T14:28:21.963+0300][194.537s][info][gc,stats       ]     Rebuild Region Sets              48 us
[2021-02-28T14:28:21.963+0300][194.537s][info][gc,stats       ]   Post Heap Dump                      1 us
[2021-02-28T14:28:21.963+0300][194.537s][info][gc,stats       ] 
[2021-02-28T14:28:21.963+0300][194.537s][info][gc,stats       ] Allocation pacing accrued:
[2021-02-28T14:28:21.963+0300][194.537s][info][gc,stats       ]       0 of  1453 ms (  0.0%): <total>
[2021-02-28T14:28:21.963+0300][194.537s][info][gc,stats       ]       0 of  1453 ms (  0.0%): <average total>
[2021-02-28T14:28:21.963+0300][194.537s][info][gc,stats       ] 
[2021-02-28T14:28:21.963+0300][194.537s][info][gc,metaspace   ] Metaspace: 7076K(7808K)->7085K(7808K) NonClass: 6355K(6912K)->6363K(6912K) Class: 721K(896K)->721K(896K)
[2021-02-28T14:28:21.965+0300][194.537s][info][gc,ergo        ] Pacer for Idle. Initial: 20971K, Alloc Tax Rate: 1.0x
[2021-02-28T14:28:21.966+0300][194.538s][info][gc             ] Trigger: Handle Allocation Failure
[2021-02-28T14:28:21.966+0300][194.538s][info][gc,ergo        ] Free: 0B, Max: 0B regular, 0B humongous, Frag: 0% external, 0% internal; Reserve: 39424K, Max: 512K
[2021-02-28T14:28:21.969+0300][194.541s][info][gc,start       ] GC(127) Pause Degenerated GC (Outside of Cycle)
[2021-02-28T14:28:21.969+0300][194.541s][info][gc,task        ] GC(127) Using 3 of 3 workers for stw degenerated gc
[2021-02-28T14:28:21.969+0300][194.541s][info][gc,ergo        ] GC(127) Pacer for Reset. Non-Taxable: 1024M
[2021-02-28T14:28:21.969+0300][194.541s][info][gc,ergo        ] GC(127) Pacer for Mark. Expected Live: 2166M, Free: 0B, Non-Taxable: 0B, Alloc Tax Rate: infx
[2021-02-28T14:28:22.390+0300][194.962s][info][gc,ergo        ] GC(127) Adaptive CSet Selection. Target Free: 145M, Actual Free: 39424K, Max CSet: 43690K, Min Garbage: 106M
[2021-02-28T14:28:22.390+0300][194.962s][info][gc,ergo        ] GC(127) Collectable Garbage: 93480B (100%), Immediate: 0B (0%), CSet: 93480B (100%)
[2021-02-28T14:28:22.390+0300][194.962s][info][gc,ergo        ] GC(127) Pacer for Evacuation. Used CSet: 43518K, Free: 16616B, Non-Taxable: 1661B, Alloc Tax Rate: 6555.6x
[2021-02-28T14:28:22.399+0300][194.971s][info][gc             ] GC(127) Cancelling GC: Allocation Failure During Evacuation
[2021-02-28T14:28:22.401+0300][194.973s][info][gc             ] GC(127) Cannot finish degeneration, upgrading to Full GC
[2021-02-28T14:28:22.401+0300][194.974s][info][gc,phases,start] GC(127) Phase 1: Mark live objects
[2021-02-28T14:28:22.847+0300][195.419s][info][gc,phases      ] GC(127) Phase 1: Mark live objects 444.787ms
[2021-02-28T14:28:22.847+0300][195.419s][info][gc,phases,start] GC(127) Phase 2: Compute new object addresses
[2021-02-28T14:28:23.024+0300][195.596s][info][gc,phases      ] GC(127) Phase 2: Compute new object addresses 177.373ms
[2021-02-28T14:28:23.024+0300][195.596s][info][gc,phases,start] GC(127) Phase 3: Adjust pointers
[2021-02-28T14:28:23.223+0300][195.795s][info][gc,phases      ] GC(127) Phase 3: Adjust pointers 198.345ms
[2021-02-28T14:28:23.223+0300][195.795s][info][gc,phases,start] GC(127) Phase 4: Move objects
[2021-02-28T14:28:23.406+0300][195.979s][info][gc,phases      ] GC(127) Phase 4: Move objects 183.752ms
[2021-02-28T14:28:23.406+0300][195.979s][info][gc,ergo        ] GC(127) Bad progress for free space: 646K, need 10485K
[2021-02-28T14:28:23.406+0300][195.979s][info][gc             ] GC(127) Pause Degenerated GC (Outside of Cycle) 985M->985M(1024M) 1437.809ms
[2021-02-28T14:28:23.406+0300][195.979s][info][gc,ergo        ] Free: 646K, Max: 485K regular, 0B humongous, Frag: 0% external, 99% internal; Reserve: 38912K, Max: 512K
[2021-02-28T14:28:23.406+0300][195.979s][info][gc,stats       ] 
[2021-02-28T14:28:23.406+0300][195.979s][info][gc,stats       ] All times are wall-clock times, except per-root-class counters, that are sum over
[2021-02-28T14:28:23.406+0300][195.979s][info][gc,stats       ] all workers. Dividing the <total> over the root stage time estimates parallelism.
[2021-02-28T14:28:23.406+0300][195.979s][info][gc,stats       ] 
[2021-02-28T14:28:23.406+0300][195.979s][info][gc,stats       ]   Manage TLABs                        3 us
[2021-02-28T14:28:23.406+0300][195.979s][info][gc,stats       ]   Update Region States               77 us
[2021-02-28T14:28:23.406+0300][195.979s][info][gc,stats       ]   Scan Roots                        107 us, parallelism: 1.28x
[2021-02-28T14:28:23.406+0300][195.979s][info][gc,stats       ]     S: <total>                      136 us
[2021-02-28T14:28:23.406+0300][195.979s][info][gc,stats       ]     S: Thread Roots                 133 us, workers (us):  48,  57,  28, 
[2021-02-28T14:28:23.406+0300][195.979s][info][gc,stats       ]     S: Universe Roots                 2 us, workers (us):   2, ---, ---, 
[2021-02-28T14:28:23.406+0300][195.979s][info][gc,stats       ]     S: Synchronizer Roots             0 us, workers (us): ---,   0, ---, 
[2021-02-28T14:28:23.406+0300][195.979s][info][gc,stats       ]     S: Management Roots               1 us, workers (us): ---,   1, ---, 
[2021-02-28T14:28:23.406+0300][195.979s][info][gc,stats       ]     S: JVMTI Roots                    0 us, workers (us):   0, ---, ---, 
[2021-02-28T14:28:23.406+0300][195.979s][info][gc,stats       ]   Finish Queues                  419769 us
[2021-02-28T14:28:23.406+0300][195.979s][info][gc,stats       ]   Weak References                    28 us
[2021-02-28T14:28:23.406+0300][195.979s][info][gc,stats       ]     Process                          23 us
[2021-02-28T14:28:23.406+0300][195.979s][info][gc,stats       ]   System Purge                       87 us
[2021-02-28T14:28:23.406+0300][195.979s][info][gc,stats       ]     Unload Classes                  585 us
[2021-02-28T14:28:23.406+0300][195.979s][info][gc,stats       ]     Weak Roots                       86 us
[2021-02-28T14:28:23.406+0300][195.979s][info][gc,stats       ]     CLDG                              0 us
[2021-02-28T14:28:23.406+0300][195.979s][info][gc,stats       ]   Update Region States               78 us
[2021-02-28T14:28:23.406+0300][195.979s][info][gc,stats       ]   Manage GC/TLABs                     2 us
[2021-02-28T14:28:23.406+0300][195.979s][info][gc,stats       ]   Choose Collection Set             121 us
[2021-02-28T14:28:23.406+0300][195.979s][info][gc,stats       ]   Rebuild Free Set                   22 us
[2021-02-28T14:28:23.406+0300][195.979s][info][gc,stats       ]   Initial Evacuation                 15 us
[2021-02-28T14:28:23.406+0300][195.979s][info][gc,stats       ] Pause Degenerated GC (G)        1440923 us
[2021-02-28T14:28:23.406+0300][195.979s][info][gc,stats       ] Pause Degenerated GC (N)        1437825 us
[2021-02-28T14:28:23.406+0300][195.979s][info][gc,stats       ]   Degen Mark Roots                  102 us, parallelism: 0.49x
[2021-02-28T14:28:23.406+0300][195.979s][info][gc,stats       ]     DM: <total>                      50 us
[2021-02-28T14:28:23.406+0300][195.979s][info][gc,stats       ]     DM: JNI Handles Roots             2 us, workers (us):   1,   0,   0, 
[2021-02-28T14:28:23.406+0300][195.979s][info][gc,stats       ]     DM: VM Global Roots               2 us, workers (us):   1,   1,   0, 
[2021-02-28T14:28:23.406+0300][195.979s][info][gc,stats       ]     DM: CLDG Roots                   46 us, workers (us): ---,  46, ---, 
[2021-02-28T14:28:23.406+0300][195.979s][info][gc,stats       ]   Pre Heap Dump                       1 us
[2021-02-28T14:28:23.406+0300][195.979s][info][gc,stats       ]   Prepare                          1127 us
[2021-02-28T14:28:23.406+0300][195.979s][info][gc,stats       ]     Update Roots                    654 us, parallelism: 2.37x
[2021-02-28T14:28:23.406+0300][195.979s][info][gc,stats       ]       FU: <total>                  1549 us
[2021-02-28T14:28:23.406+0300][195.979s][info][gc,stats       ]       FU: Thread Roots               74 us, workers (us):  73,   0,   1, 
[2021-02-28T14:28:23.406+0300][195.979s][info][gc,stats       ]       FU: Code Cache Roots         1391 us, workers (us): 383, 506, 501, 
[2021-02-28T14:28:23.406+0300][195.979s][info][gc,stats       ]       FU: Universe Roots              1 us, workers (us):   1, ---, ---, 
[2021-02-28T14:28:23.406+0300][195.979s][info][gc,stats       ]       FU: JNI Handles Roots           1 us, workers (us):   0,   1,   0, 
[2021-02-28T14:28:23.406+0300][195.979s][info][gc,stats       ]       FU: JVMTI Weak Roots            0 us, workers (us): ---,   0, ---, 
[2021-02-28T14:28:23.406+0300][195.979s][info][gc,stats       ]       FU: JFR Weak Roots              0 us, workers (us):   0, ---, ---, 
[2021-02-28T14:28:23.406+0300][195.979s][info][gc,stats       ]       FU: JNI Weak Roots              0 us, workers (us):   0,   0,   0, 
[2021-02-28T14:28:23.406+0300][195.979s][info][gc,stats       ]       FU: String Table Roots         45 us, workers (us):  22,  23,   0, 
[2021-02-28T14:28:23.406+0300][195.979s][info][gc,stats       ]       FU: Resolved Table Roots        3 us, workers (us):   2,   1,   0, 
[2021-02-28T14:28:23.406+0300][195.979s][info][gc,stats       ]       FU: VM Global Roots             1 us, workers (us):   1,   0,   0, 
[2021-02-28T14:28:23.406+0300][195.979s][info][gc,stats       ]       FU: VM Weak Roots               2 us, workers (us):   0,   1,   0, 
[2021-02-28T14:28:23.406+0300][195.979s][info][gc,stats       ]       FU: Synchronizer Roots          0 us, workers (us): ---,   0, ---, 
[2021-02-28T14:28:23.406+0300][195.979s][info][gc,stats       ]       FU: Management Roots            1 us, workers (us):   1, ---, ---, 
[2021-02-28T14:28:23.406+0300][195.979s][info][gc,stats       ]       FU: CLDG Roots                 28 us, workers (us):  28, ---, ---, 
[2021-02-28T14:28:23.406+0300][195.979s][info][gc,stats       ]       FU: JVMTI Roots                 0 us, workers (us): ---,   0, ---, 
[2021-02-28T14:28:23.406+0300][195.980s][info][gc,stats       ]   Scan Roots                        117 us, parallelism: 1.38x
[2021-02-28T14:28:23.406+0300][195.980s][info][gc,stats       ]     FS: <total>                     161 us
[2021-02-28T14:28:23.406+0300][195.980s][info][gc,stats       ]     FS: Thread Roots                157 us, workers (us):  60,  65,  32, 
[2021-02-28T14:28:23.406+0300][195.980s][info][gc,stats       ]     FS: Universe Roots                2 us, workers (us):   2, ---, ---, 
[2021-02-28T14:28:23.406+0300][195.980s][info][gc,stats       ]     FS: Synchronizer Roots            0 us, workers (us): ---,   0, ---, 
[2021-02-28T14:28:23.406+0300][195.980s][info][gc,stats       ]     FS: Management Roots              2 us, workers (us):   2, ---, ---, 
[2021-02-28T14:28:23.406+0300][195.980s][info][gc,stats       ]     FS: JVMTI Roots                   0 us, workers (us): ---,   0, ---, 
[2021-02-28T14:28:23.406+0300][195.980s][info][gc,stats       ]   Scan Concurrent Roots             117 us, parallelism: 0.56x
[2021-02-28T14:28:23.406+0300][195.980s][info][gc,stats       ]     FCS: <total>                     65 us
[2021-02-28T14:28:23.406+0300][195.980s][info][gc,stats       ]     FCS: JNI Handles Roots            2 us, workers (us):   1,   0,   0, 
[2021-02-28T14:28:23.406+0300][195.980s][info][gc,stats       ]     FCS: VM Global Roots              3 us, workers (us):   2,   1,   0, 
[2021-02-28T14:28:23.406+0300][195.980s][info][gc,stats       ]     FCS: CLDG Roots                  60 us, workers (us): ---,  60, ---, 
[2021-02-28T14:28:23.406+0300][195.980s][info][gc,stats       ]   Mark                           444747 us
[2021-02-28T14:28:23.406+0300][195.980s][info][gc,stats       ]     Finish Queues                443082 us
[2021-02-28T14:28:23.406+0300][195.980s][info][gc,stats       ]     Weak References                 193 us
[2021-02-28T14:28:23.406+0300][195.980s][info][gc,stats       ]       Process                       187 us
[2021-02-28T14:28:23.406+0300][195.980s][info][gc,stats       ]     System Purge                    130 us
[2021-02-28T14:28:23.406+0300][195.980s][info][gc,stats       ]       Unload Classes               1078 us
[2021-02-28T14:28:23.407+0300][195.980s][info][gc,stats       ]       Weak Roots                    129 us
[2021-02-28T14:28:23.407+0300][195.980s][info][gc,stats       ]       CLDG                           12 us
[2021-02-28T14:28:23.407+0300][195.980s][info][gc,stats       ]   Calculate Addresses            177359 us
[2021-02-28T14:28:23.407+0300][195.980s][info][gc,stats       ]     Regular Objects              177323 us
[2021-02-28T14:28:23.407+0300][195.980s][info][gc,stats       ]     Humongous Objects                16 us
[2021-02-28T14:28:23.407+0300][195.980s][info][gc,stats       ]   Adjust Pointers                198331 us
[2021-02-28T14:28:23.407+0300][195.980s][info][gc,stats       ]     FA: <total>                    1655 us
[2021-02-28T14:28:23.407+0300][195.980s][info][gc,stats       ]     FA: Thread Roots                 79 us, workers (us):   1,   1,  78, 
[2021-02-28T14:28:23.407+0300][195.980s][info][gc,stats       ]     FA: Code Cache Roots           1475 us, workers (us): 535, 538, 402, 
[2021-02-28T14:28:23.407+0300][195.980s][info][gc,stats       ]     FA: Universe Roots                1 us, workers (us):   1, ---, ---, 
[2021-02-28T14:28:23.407+0300][195.980s][info][gc,stats       ]     FA: JNI Handles Roots             2 us, workers (us):   1,   0,   0, 
[2021-02-28T14:28:23.407+0300][195.980s][info][gc,stats       ]     FA: JVMTI Weak Roots              0 us, workers (us):   0, ---, ---, 
[2021-02-28T14:28:23.407+0300][195.980s][info][gc,stats       ]     FA: JFR Weak Roots                1 us, workers (us):   1, ---, ---, 
[2021-02-28T14:28:23.407+0300][195.980s][info][gc,stats       ]     FA: JNI Weak Roots                0 us, workers (us):   0,   0,   0, 
[2021-02-28T14:28:23.407+0300][195.980s][info][gc,stats       ]     FA: String Table Roots           53 us, workers (us):  36,  14,   2, 
[2021-02-28T14:28:23.407+0300][195.980s][info][gc,stats       ]     FA: Resolved Table Roots          5 us, workers (us):   0,   2,   2, 
[2021-02-28T14:28:23.407+0300][195.980s][info][gc,stats       ]     FA: VM Global Roots               2 us, workers (us):   2,   0,   0, 
[2021-02-28T14:28:23.407+0300][195.980s][info][gc,stats       ]     FA: VM Weak Roots                 2 us, workers (us):   2,   0,   0, 
[2021-02-28T14:28:23.407+0300][195.980s][info][gc,stats       ]     FA: Synchronizer Roots            0 us, workers (us):   0, ---, ---, 
[2021-02-28T14:28:23.407+0300][195.980s][info][gc,stats       ]     FA: Management Roots              1 us, workers (us):   1, ---, ---, 
[2021-02-28T14:28:23.407+0300][195.980s][info][gc,stats       ]     FA: CLDG Roots                   35 us, workers (us): ---, ---,  35, 
[2021-02-28T14:28:23.407+0300][195.980s][info][gc,stats       ]     FA: JVMTI Roots                   0 us, workers (us):   0, ---, ---, 
[2021-02-28T14:28:23.407+0300][195.980s][info][gc,stats       ]   Copy Objects                   183739 us
[2021-02-28T14:28:23.407+0300][195.980s][info][gc,stats       ]     Regular Objects              183187 us
[2021-02-28T14:28:23.407+0300][195.980s][info][gc,stats       ]     Humongous Objects                13 us
[2021-02-28T14:28:23.407+0300][195.980s][info][gc,stats       ]     Reset Complete Bitmap           491 us
[2021-02-28T14:28:23.407+0300][195.980s][info][gc,stats       ]     Rebuild Region Sets              48 us
[2021-02-28T14:28:23.407+0300][195.980s][info][gc,stats       ]   Post Heap Dump                      1 us
[2021-02-28T14:28:23.407+0300][195.980s][info][gc,stats       ] 
[2021-02-28T14:28:23.407+0300][195.980s][info][gc,stats       ] Allocation pacing accrued:
[2021-02-28T14:28:23.407+0300][195.980s][info][gc,stats       ]       0 of  1443 ms (  0.0%): <total>
[2021-02-28T14:28:23.407+0300][195.980s][info][gc,stats       ]       0 of  1443 ms (  0.0%): <average total>
[2021-02-28T14:28:23.407+0300][195.980s][info][gc,stats       ] 
[2021-02-28T14:28:23.407+0300][195.980s][info][gc,metaspace   ] Metaspace: 7085K(7808K)->7085K(7808K) NonClass: 6363K(6912K)->6363K(6912K) Class: 721K(896K)->721K(896K)
[2021-02-28T14:28:23.407+0300][195.980s][info][gc,ergo        ] Pacer for Idle. Initial: 20971K, Alloc Tax Rate: 1.0x
[2021-02-28T14:28:23.408+0300][195.981s][info][gc             ] Failed to allocate TLAB, 2648B
[2021-02-28T14:28:23.408+0300][195.981s][info][gc             ] Cancelling GC: Allocation Failure
[2021-02-28T14:28:23.409+0300][195.982s][info][gc             ] Trigger: Handle Allocation Failure
[2021-02-28T14:28:23.409+0300][195.982s][info][gc,ergo        ] Free: 0B, Max: 0B regular, 0B humongous, Frag: 0% external, 0% internal; Reserve: 38912K, Max: 512K
[2021-02-28T14:28:23.409+0300][195.982s][info][gc,start       ] GC(128) Pause Degenerated GC (Outside of Cycle)
[2021-02-28T14:28:23.409+0300][195.982s][info][gc,task        ] GC(128) Using 3 of 3 workers for stw degenerated gc
[2021-02-28T14:28:23.409+0300][195.982s][info][gc,ergo        ] GC(128) Pacer for Reset. Non-Taxable: 1024M
[2021-02-28T14:28:23.409+0300][195.982s][info][gc,ergo        ] GC(128) Pacer for Mark. Expected Live: 2166M, Free: 0B, Non-Taxable: 0B, Alloc Tax Rate: infx
[2021-02-28T14:28:23.828+0300][196.401s][info][gc,ergo        ] GC(128) Adaptive CSet Selection. Target Free: 145M, Actual Free: 38912K, Max CSet: 43690K, Min Garbage: 107M
[2021-02-28T14:28:23.828+0300][196.402s][info][gc,ergo        ] GC(128) Collectable Garbage: 203K (100%), Immediate: 0B (0%), CSet: 203K (100%)
[2021-02-28T14:28:23.828+0300][196.402s][info][gc,ergo        ] GC(128) Pacer for Evacuation. Used CSet: 43517K, Free: 16560B, Non-Taxable: 1656B, Alloc Tax Rate: 6577.9x
[2021-02-28T14:28:23.838+0300][196.410s][info][gc             ] GC(128) Cancelling GC: Allocation Failure During Evacuation
[2021-02-28T14:28:23.840+0300][196.412s][info][gc             ] GC(128) Cannot finish degeneration, upgrading to Full GC
[2021-02-28T14:28:23.840+0300][196.413s][info][gc,phases,start] GC(128) Phase 1: Mark live objects
[2021-02-28T14:28:24.290+0300][196.862s][info][gc,phases      ] GC(128) Phase 1: Mark live objects 448.814ms
[2021-02-28T14:28:24.290+0300][196.862s][info][gc,phases,start] GC(128) Phase 2: Compute new object addresses
[2021-02-28T14:28:24.467+0300][197.039s][info][gc,phases      ] GC(128) Phase 2: Compute new object addresses 176.782ms
[2021-02-28T14:28:24.467+0300][197.039s][info][gc,phases,start] GC(128) Phase 3: Adjust pointers
[2021-02-28T14:28:24.667+0300][197.239s][info][gc,phases      ] GC(128) Phase 3: Adjust pointers 200.408ms
[2021-02-28T14:28:24.667+0300][197.239s][info][gc,phases,start] GC(128) Phase 4: Move objects
[2021-02-28T14:28:24.849+0300][197.421s][info][gc,phases      ] GC(128) Phase 4: Move objects 181.508ms
[2021-02-28T14:28:24.849+0300][197.421s][info][gc,ergo        ] GC(128) Bad progress for free space: 246K, need 10485K
[2021-02-28T14:28:24.849+0300][197.421s][info][gc             ] GC(128) Pause Degenerated GC (Outside of Cycle) 985M->985M(1024M) 1439.143ms
[2021-02-28T14:28:24.849+0300][197.421s][info][gc,ergo        ] Free: 222K, Max: 206K regular, 0B humongous, Frag: 0% external, 99% internal; Reserve: 38912K, Max: 512K
[2021-02-28T14:28:24.849+0300][197.421s][info][gc,stats       ] 
[2021-02-28T14:28:24.849+0300][197.421s][info][gc,stats       ] All times are wall-clock times, except per-root-class counters, that are sum over
[2021-02-28T14:28:24.849+0300][197.421s][info][gc,stats       ] all workers. Dividing the <total> over the root stage time estimates parallelism.
[2021-02-28T14:28:24.849+0300][197.421s][info][gc,stats       ] 
[2021-02-28T14:28:24.849+0300][197.421s][info][gc,stats       ]   Manage TLABs                        3 us
[2021-02-28T14:28:24.849+0300][197.421s][info][gc,stats       ]   Update Region States               52 us
[2021-02-28T14:28:24.849+0300][197.421s][info][gc,stats       ]   Scan Roots                         95 us, parallelism: 1.73x
[2021-02-28T14:28:24.849+0300][197.421s][info][gc,stats       ]     S: <total>                      165 us
[2021-02-28T14:28:24.849+0300][197.421s][info][gc,stats       ]     S: Thread Roots                 161 us, workers (us):  44,  44,  73, 
[2021-02-28T14:28:24.849+0300][197.421s][info][gc,stats       ]     S: Universe Roots                 2 us, workers (us):   2, ---, ---, 
[2021-02-28T14:28:24.849+0300][197.421s][info][gc,stats       ]     S: Synchronizer Roots             0 us, workers (us): ---,   0, ---, 
[2021-02-28T14:28:24.849+0300][197.421s][info][gc,stats       ]     S: Management Roots               1 us, workers (us): ---,   1, ---, 
[2021-02-28T14:28:24.849+0300][197.421s][info][gc,stats       ]     S: JVMTI Roots                    0 us, workers (us):   0, ---, ---, 
[2021-02-28T14:28:24.849+0300][197.421s][info][gc,stats       ]   Finish Queues                  418272 us
[2021-02-28T14:28:24.849+0300][197.421s][info][gc,stats       ]   Weak References                    30 us
[2021-02-28T14:28:24.849+0300][197.421s][info][gc,stats       ]     Process                          25 us
[2021-02-28T14:28:24.849+0300][197.421s][info][gc,stats       ]   System Purge                      141 us
[2021-02-28T14:28:24.849+0300][197.421s][info][gc,stats       ]     Unload Classes                  581 us
[2021-02-28T14:28:24.849+0300][197.421s][info][gc,stats       ]     Weak Roots                      141 us
[2021-02-28T14:28:24.849+0300][197.421s][info][gc,stats       ]     CLDG                              0 us
[2021-02-28T14:28:24.849+0300][197.421s][info][gc,stats       ]   Update Region States               91 us
[2021-02-28T14:28:24.849+0300][197.421s][info][gc,stats       ]   Manage GC/TLABs                     2 us
[2021-02-28T14:28:24.849+0300][197.421s][info][gc,stats       ]   Choose Collection Set             116 us
[2021-02-28T14:28:24.849+0300][197.421s][info][gc,stats       ]   Rebuild Free Set                   22 us
[2021-02-28T14:28:24.849+0300][197.422s][info][gc,stats       ]   Initial Evacuation                 14 us
[2021-02-28T14:28:24.849+0300][197.422s][info][gc,stats       ] Pause Degenerated GC (G)        1439360 us
[2021-02-28T14:28:24.849+0300][197.422s][info][gc,stats       ] Pause Degenerated GC (N)        1439159 us
[2021-02-28T14:28:24.849+0300][197.422s][info][gc,stats       ]   Degen Mark Roots                  100 us, parallelism: 0.50x
[2021-02-28T14:28:24.849+0300][197.422s][info][gc,stats       ]     DM: <total>                      51 us
[2021-02-28T14:28:24.849+0300][197.422s][info][gc,stats       ]     DM: JNI Handles Roots             2 us, workers (us):   1,   0,   0, 
[2021-02-28T14:28:24.849+0300][197.422s][info][gc,stats       ]     DM: VM Global Roots               3 us, workers (us):   1,   2,   0, 
[2021-02-28T14:28:24.849+0300][197.422s][info][gc,stats       ]     DM: CLDG Roots                   46 us, workers (us):  46, ---, ---, 
[2021-02-28T14:28:24.849+0300][197.422s][info][gc,stats       ]   Pre Heap Dump                       1 us
[2021-02-28T14:28:24.849+0300][197.422s][info][gc,stats       ]   Prepare                          1162 us
[2021-02-28T14:28:24.849+0300][197.422s][info][gc,stats       ]     Update Roots                    682 us, parallelism: 2.33x
[2021-02-28T14:28:24.849+0300][197.422s][info][gc,stats       ]       FU: <total>                  1588 us
[2021-02-28T14:28:24.849+0300][197.422s][info][gc,stats       ]       FU: Thread Roots              136 us, workers (us): 111,  10,  15, 
[2021-02-28T14:28:24.849+0300][197.422s][info][gc,stats       ]       FU: Code Cache Roots         1384 us, workers (us): 383, 505, 496, 
[2021-02-28T14:28:24.849+0300][197.422s][info][gc,stats       ]       FU: Universe Roots              1 us, workers (us):   1, ---, ---, 
[2021-02-28T14:28:24.849+0300][197.422s][info][gc,stats       ]       FU: JNI Handles Roots           1 us, workers (us):   1,   0,   0, 
[2021-02-28T14:28:24.849+0300][197.422s][info][gc,stats       ]       FU: JVMTI Weak Roots            0 us, workers (us):   0, ---, ---, 
[2021-02-28T14:28:24.849+0300][197.422s][info][gc,stats       ]       FU: JFR Weak Roots              0 us, workers (us):   0, ---, ---, 
[2021-02-28T14:28:24.849+0300][197.422s][info][gc,stats       ]       FU: JNI Weak Roots              0 us, workers (us):   0,   0,   0, 
[2021-02-28T14:28:24.849+0300][197.422s][info][gc,stats       ]       FU: String Table Roots         42 us, workers (us):  33,   9,   0, 
[2021-02-28T14:28:24.850+0300][197.422s][info][gc,stats       ]       FU: Resolved Table Roots        3 us, workers (us):   1,   2,   0, 
[2021-02-28T14:28:24.850+0300][197.422s][info][gc,stats       ]       FU: VM Global Roots             1 us, workers (us):   1,   0,   0, 
[2021-02-28T14:28:24.850+0300][197.422s][info][gc,stats       ]       FU: VM Weak Roots               1 us, workers (us):   0,   1,   0, 
[2021-02-28T14:28:24.850+0300][197.422s][info][gc,stats       ]       FU: Synchronizer Roots          0 us, workers (us):   0, ---, ---, 
[2021-02-28T14:28:24.850+0300][197.422s][info][gc,stats       ]       FU: Management Roots            1 us, workers (us):   1, ---, ---, 
[2021-02-28T14:28:24.850+0300][197.422s][info][gc,stats       ]       FU: CLDG Roots                 16 us, workers (us):  16, ---, ---, 
[2021-02-28T14:28:24.850+0300][197.422s][info][gc,stats       ]       FU: JVMTI Roots                 0 us, workers (us):   0, ---, ---, 
[2021-02-28T14:28:24.850+0300][197.422s][info][gc,stats       ]   Scan Roots                        158 us, parallelism: 1.22x
[2021-02-28T14:28:24.850+0300][197.422s][info][gc,stats       ]     FS: <total>                     192 us
[2021-02-28T14:28:24.850+0300][197.422s][info][gc,stats       ]     FS: Thread Roots                188 us, workers (us): 102,  49,  37, 
[2021-02-28T14:28:24.850+0300][197.422s][info][gc,stats       ]     FS: Universe Roots                2 us, workers (us):   2, ---, ---, 
[2021-02-28T14:28:24.850+0300][197.422s][info][gc,stats       ]     FS: Synchronizer Roots            0 us, workers (us):   0, ---, ---, 
[2021-02-28T14:28:24.850+0300][197.422s][info][gc,stats       ]     FS: Management Roots              2 us, workers (us):   2, ---, ---, 
[2021-02-28T14:28:24.850+0300][197.422s][info][gc,stats       ]     FS: JVMTI Roots                   0 us, workers (us):   0, ---, ---, 
[2021-02-28T14:28:24.850+0300][197.422s][info][gc,stats       ]   Scan Concurrent Roots             110 us, parallelism: 0.55x
[2021-02-28T14:28:24.850+0300][197.422s][info][gc,stats       ]     FCS: <total>                     61 us
[2021-02-28T14:28:24.850+0300][197.422s][info][gc,stats       ]     FCS: JNI Handles Roots            2 us, workers (us):   1,   0,   0, 
[2021-02-28T14:28:24.850+0300][197.422s][info][gc,stats       ]     FCS: VM Global Roots              2 us, workers (us):   2,   0,   0, 
[2021-02-28T14:28:24.850+0300][197.422s][info][gc,stats       ]     FCS: CLDG Roots                  57 us, workers (us):  57, ---, ---, 
[2021-02-28T14:28:24.850+0300][197.422s][info][gc,stats       ]   Mark                           448774 us
[2021-02-28T14:28:24.850+0300][197.422s][info][gc,stats       ]     Finish Queues                447025 us
[2021-02-28T14:28:24.850+0300][197.422s][info][gc,stats       ]     Weak References                 258 us
[2021-02-28T14:28:24.850+0300][197.422s][info][gc,stats       ]       Process                       252 us
[2021-02-28T14:28:24.850+0300][197.422s][info][gc,stats       ]     System Purge                    120 us
[2021-02-28T14:28:24.850+0300][197.422s][info][gc,stats       ]       Unload Classes               1076 us
[2021-02-28T14:28:24.850+0300][197.422s][info][gc,stats       ]       Weak Roots                    120 us
[2021-02-28T14:28:24.850+0300][197.422s][info][gc,stats       ]       CLDG                            9 us
[2021-02-28T14:28:24.850+0300][197.422s][info][gc,stats       ]   Calculate Addresses            176768 us
[2021-02-28T14:28:24.850+0300][197.422s][info][gc,stats       ]     Regular Objects              176733 us
[2021-02-28T14:28:24.850+0300][197.422s][info][gc,stats       ]     Humongous Objects                16 us
[2021-02-28T14:28:24.850+0300][197.422s][info][gc,stats       ]   Adjust Pointers                200394 us
[2021-02-28T14:28:24.850+0300][197.422s][info][gc,stats       ]     FA: <total>                    1709 us
[2021-02-28T14:28:24.850+0300][197.422s][info][gc,stats       ]     FA: Thread Roots                142 us, workers (us): 113,  11,  18, 
[2021-02-28T14:28:24.850+0300][197.422s][info][gc,stats       ]     FA: Code Cache Roots           1465 us, workers (us): 401, 535, 529, 
[2021-02-28T14:28:24.850+0300][197.422s][info][gc,stats       ]     FA: Universe Roots                1 us, workers (us):   1, ---, ---, 
[2021-02-28T14:28:24.850+0300][197.422s][info][gc,stats       ]     FA: JNI Handles Roots             2 us, workers (us):   2,   0,   0, 
[2021-02-28T14:28:24.850+0300][197.422s][info][gc,stats       ]     FA: JVMTI Weak Roots              0 us, workers (us): ---,   0, ---, 
[2021-02-28T14:28:24.850+0300][197.422s][info][gc,stats       ]     FA: JFR Weak Roots                0 us, workers (us): ---,   0, ---, 
[2021-02-28T14:28:24.850+0300][197.422s][info][gc,stats       ]     FA: JNI Weak Roots                0 us, workers (us):   0,   0,   0, 
[2021-02-28T14:28:24.850+0300][197.422s][info][gc,stats       ]     FA: String Table Roots           53 us, workers (us):  27,  27,   0, 
[2021-02-28T14:28:24.850+0300][197.422s][info][gc,stats       ]     FA: Resolved Table Roots          5 us, workers (us):   2,   2,   0, 
[2021-02-28T14:28:24.850+0300][197.422s][info][gc,stats       ]     FA: VM Global Roots               2 us, workers (us):   0,   2,   0, 
[2021-02-28T14:28:24.850+0300][197.422s][info][gc,stats       ]     FA: VM Weak Roots                 2 us, workers (us):   1,   2,   0, 
[2021-02-28T14:28:24.850+0300][197.422s][info][gc,stats       ]     FA: Synchronizer Roots            0 us, workers (us): ---,   0, ---, 
[2021-02-28T14:28:24.850+0300][197.422s][info][gc,stats       ]     FA: Management Roots              1 us, workers (us):   1, ---, ---, 
[2021-02-28T14:28:24.850+0300][197.422s][info][gc,stats       ]     FA: CLDG Roots                   34 us, workers (us):  34, ---, ---, 
[2021-02-28T14:28:24.850+0300][197.422s][info][gc,stats       ]     FA: JVMTI Roots                   0 us, workers (us): ---,   0, ---, 
[2021-02-28T14:28:24.850+0300][197.422s][info][gc,stats       ]   Copy Objects                   181495 us
[2021-02-28T14:28:24.850+0300][197.422s][info][gc,stats       ]     Regular Objects              180927 us
[2021-02-28T14:28:24.850+0300][197.422s][info][gc,stats       ]     Humongous Objects                12 us
[2021-02-28T14:28:24.850+0300][197.422s][info][gc,stats       ]     Reset Complete Bitmap           506 us
[2021-02-28T14:28:24.850+0300][197.422s][info][gc,stats       ]     Rebuild Region Sets              48 us
[2021-02-28T14:28:24.850+0300][197.422s][info][gc,stats       ]   Post Heap Dump                      1 us
[2021-02-28T14:28:24.850+0300][197.422s][info][gc,stats       ] Pacing                          4324520 us
[2021-02-28T14:28:24.850+0300][197.422s][info][gc,stats       ] 
[2021-02-28T14:28:24.850+0300][197.422s][info][gc,stats       ] Allocation pacing accrued:
[2021-02-28T14:28:24.850+0300][197.422s][info][gc,stats       ]    1442 of  1442 ms ( 99.9%): Notification Thread
[2021-02-28T14:28:24.850+0300][197.423s][info][gc,stats       ]    1441 of  1442 ms ( 99.9%): RMI TCP Connection(5)-172.22.16.1
[2021-02-28T14:28:24.850+0300][197.423s][info][gc,stats       ]    1442 of  1442 ms ( 99.9%): RMI TCP Connection(6)-172.22.16.1
[2021-02-28T14:28:24.850+0300][197.423s][info][gc,stats       ]    4325 of  1442 ms (299.8%): <total>
[2021-02-28T14:28:24.850+0300][197.423s][info][gc,stats       ]     228 of  1442 ms ( 15.8%): <average total>
[2021-02-28T14:28:24.850+0300][197.423s][info][gc,stats       ]    1442 of  1442 ms ( 99.9%): <average non-zero>
[2021-02-28T14:28:24.850+0300][197.423s][info][gc,stats       ] 
[2021-02-28T14:28:24.850+0300][197.423s][info][gc,metaspace   ] Metaspace: 7085K(7808K)->7085K(7808K) NonClass: 6363K(6912K)->6363K(6912K) Class: 721K(896K)->721K(896K)
[2021-02-28T14:28:24.850+0300][197.423s][info][gc,ergo        ] Pacer for Idle. Initial: 20971K, Alloc Tax Rate: 1.0x
[2021-02-28T14:28:24.852+0300][197.424s][info][gc             ] Trigger: Free (81808B) is below minimum threshold (102M)
[2021-02-28T14:28:24.852+0300][197.424s][info][gc,ergo        ] Free: 81808B, Max: 81328B regular, 0B humongous, Frag: 0% external, 92% internal; Reserve: 38912K, Max: 512K
[2021-02-28T14:28:24.852+0300][197.424s][info][gc,start       ] GC(129) Concurrent reset
[2021-02-28T14:28:24.852+0300][197.424s][info][gc,task        ] GC(129) Using 1 of 3 workers for concurrent reset
[2021-02-28T14:28:24.852+0300][197.424s][info][gc,ergo        ] GC(129) Pacer for Reset. Non-Taxable: 1024M
[2021-02-28T14:28:24.852+0300][197.424s][info][gc             ] GC(129) Concurrent reset 0.238ms
[2021-02-28T14:28:24.852+0300][197.424s][info][gc,start       ] GC(129) Pause Init Mark (unload classes)
[2021-02-28T14:28:24.852+0300][197.424s][info][gc,task        ] GC(129) Using 3 of 3 workers for init marking
[2021-02-28T14:28:24.852+0300][197.424s][info][gc,ergo        ] GC(129) Pacer for Mark. Expected Live: 2167M, Free: 81808B, Non-Taxable: 8180B, Alloc Tax Rate: 33948.8x
[2021-02-28T14:28:24.852+0300][197.424s][info][gc             ] GC(129) Pause Init Mark (unload classes) 0.205ms
[2021-02-28T14:28:24.852+0300][197.424s][info][gc,start       ] GC(129) Concurrent marking (unload classes)
[2021-02-28T14:28:24.852+0300][197.424s][info][gc,task        ] GC(129) Using 1 of 3 workers for concurrent marking
[2021-02-28T14:28:24.958+0300][197.530s][info][gc             ] Failed to allocate TLAB, 2648B
[2021-02-28T14:28:24.958+0300][197.530s][info][gc             ] Cancelling GC: Allocation Failure
[2021-02-28T14:28:24.958+0300][197.530s][info][gc             ] GC(129) Concurrent marking (unload classes) 105.433ms
[2021-02-28T14:28:24.958+0300][197.530s][info][gc,ergo        ] Free: 0B, Max: 0B regular, 0B humongous, Frag: 0% external, 0% internal; Reserve: 38912K, Max: 512K
[2021-02-28T14:28:24.958+0300][197.530s][info][gc,stats       ] 
[2021-02-28T14:28:24.958+0300][197.530s][info][gc,stats       ] All times are wall-clock times, except per-root-class counters, that are sum over
[2021-02-28T14:28:24.958+0300][197.530s][info][gc,stats       ] all workers. Dividing the <total> over the root stage time estimates parallelism.
[2021-02-28T14:28:24.958+0300][197.530s][info][gc,stats       ] 
[2021-02-28T14:28:24.958+0300][197.530s][info][gc,stats       ] Concurrent Reset                    260 us
[2021-02-28T14:28:24.958+0300][197.530s][info][gc,stats       ] Pause Init Mark (G)                 367 us
[2021-02-28T14:28:24.958+0300][197.530s][info][gc,stats       ] Pause Init Mark (N)                 218 us
[2021-02-28T14:28:24.958+0300][197.530s][info][gc,stats       ]   Manage TLABs                        3 us
[2021-02-28T14:28:24.958+0300][197.530s][info][gc,stats       ]   Update Region States               65 us
[2021-02-28T14:28:24.958+0300][197.530s][info][gc,stats       ]   Scan Roots                         74 us, parallelism: 1.66x
[2021-02-28T14:28:24.958+0300][197.530s][info][gc,stats       ]     S: <total>                      122 us
[2021-02-28T14:28:24.958+0300][197.530s][info][gc,stats       ]     S: Thread Roots                 120 us, workers (us):  54,  44,  21, 
[2021-02-28T14:28:24.958+0300][197.530s][info][gc,stats       ]     S: Universe Roots                 2 us, workers (us):   2, ---, ---, 
[2021-02-28T14:28:24.958+0300][197.530s][info][gc,stats       ]     S: Synchronizer Roots             0 us, workers (us):   0, ---, ---, 
[2021-02-28T14:28:24.958+0300][197.530s][info][gc,stats       ]     S: Management Roots               1 us, workers (us):   1, ---, ---, 
[2021-02-28T14:28:24.958+0300][197.530s][info][gc,stats       ]     S: JVMTI Roots                    0 us, workers (us):   0, ---, ---, 
[2021-02-28T14:28:24.958+0300][197.530s][info][gc,stats       ] Concurrent Marking               105456 us
[2021-02-28T14:28:24.958+0300][197.530s][info][gc,stats       ]   Roots                             114 us, parallelism: 0.56x
[2021-02-28T14:28:24.958+0300][197.530s][info][gc,stats       ]     CM: <total>                      64 us
[2021-02-28T14:28:24.958+0300][197.530s][info][gc,stats       ]     CM: JNI Handles Roots             2 us, workers (us):   2, ---, ---, 
[2021-02-28T14:28:24.958+0300][197.530s][info][gc,stats       ]     CM: VM Global Roots               2 us, workers (us):   2, ---, ---, 
[2021-02-28T14:28:24.958+0300][197.530s][info][gc,stats       ]     CM: CLDG Roots                   60 us, workers (us):  60, ---, ---, 
[2021-02-28T14:28:24.958+0300][197.530s][info][gc,stats       ] Pacing                           440659 us
[2021-02-28T14:28:24.958+0300][197.530s][info][gc,stats       ] 
[2021-02-28T14:28:24.958+0300][197.530s][info][gc,stats       ] Allocation pacing accrued:
[2021-02-28T14:28:24.958+0300][197.530s][info][gc,stats       ]     108 of   108 ms (100.7%): main
[2021-02-28T14:28:24.958+0300][197.530s][info][gc,stats       ]     108 of   108 ms (100.2%): Notification Thread
[2021-02-28T14:28:24.958+0300][197.530s][info][gc,stats       ]      16 of   108 ms ( 14.8%): RMI TCP Connection(2)-172.22.16.1
[2021-02-28T14:28:24.958+0300][197.530s][info][gc,stats       ]     104 of   108 ms ( 96.7%): RMI TCP Connection(5)-172.22.16.1
[2021-02-28T14:28:24.958+0300][197.530s][info][gc,stats       ]     104 of   108 ms ( 96.6%): RMI TCP Connection(6)-172.22.16.1
[2021-02-28T14:28:24.958+0300][197.530s][info][gc,stats       ]     441 of   108 ms (409.0%): <total>
[2021-02-28T14:28:24.958+0300][197.530s][info][gc,stats       ]      23 of   108 ms ( 21.5%): <average total>
[2021-02-28T14:28:24.958+0300][197.530s][info][gc,stats       ]      88 of   108 ms ( 81.8%): <average non-zero>
[2021-02-28T14:28:24.958+0300][197.530s][info][gc,stats       ] 
[2021-02-28T14:28:24.958+0300][197.530s][info][gc,metaspace   ] Metaspace: 7085K(7808K)->7085K(7808K) NonClass: 6363K(6912K)->6363K(6912K) Class: 721K(896K)->721K(896K)
[2021-02-28T14:28:24.958+0300][197.530s][info][gc,ergo        ] Pacer for Idle. Initial: 20971K, Alloc Tax Rate: 1.0x
[2021-02-28T14:28:24.961+0300][197.533s][info][gc             ] Trigger: Handle Allocation Failure
[2021-02-28T14:28:24.961+0300][197.533s][info][gc,ergo        ] Free: 0B, Max: 0B regular, 0B humongous, Frag: 0% external, 0% internal; Reserve: 38912K, Max: 512K
[2021-02-28T14:28:24.961+0300][197.533s][info][gc,start       ] GC(130) Pause Degenerated GC (Mark)
[2021-02-28T14:28:24.961+0300][197.533s][info][gc,task        ] GC(130) Using 3 of 3 workers for stw degenerated gc
[2021-02-28T14:28:25.338+0300][197.911s][info][gc,ergo        ] GC(130) Adaptive CSet Selection. Target Free: 145M, Actual Free: 38912K, Max CSet: 43690K, Min Garbage: 107M
[2021-02-28T14:28:25.338+0300][197.911s][info][gc,ergo        ] GC(130) Collectable Garbage: 46160B (100%), Immediate: 0B (0%), CSet: 46160B (100%)
[2021-02-28T14:28:25.338+0300][197.911s][info][gc,ergo        ] GC(130) Pacer for Evacuation. Used CSet: 43516K, Free: 17456B, Non-Taxable: 1745B, Alloc Tax Rate: 6239.8x
[2021-02-28T14:28:25.347+0300][197.920s][info][gc             ] GC(130) Cancelling GC: Allocation Failure During Evacuation
[2021-02-28T14:28:25.349+0300][197.921s][info][gc             ] GC(130) Cannot finish degeneration, upgrading to Full GC
[2021-02-28T14:28:25.350+0300][197.922s][info][gc,phases,start] GC(130) Phase 1: Mark live objects
[2021-02-28T14:28:25.804+0300][198.376s][info][gc,phases      ] GC(130) Phase 1: Mark live objects 453.467ms
[2021-02-28T14:28:25.804+0300][198.376s][info][gc,phases,start] GC(130) Phase 2: Compute new object addresses
[2021-02-28T14:28:25.980+0300][198.553s][info][gc,phases      ] GC(130) Phase 2: Compute new object addresses 176.703ms
[2021-02-28T14:28:25.980+0300][198.553s][info][gc,phases,start] GC(130) Phase 3: Adjust pointers
[2021-02-28T14:28:26.179+0300][198.751s][info][gc,phases      ] GC(130) Phase 3: Adjust pointers 198.449ms
[2021-02-28T14:28:26.179+0300][198.751s][info][gc,phases,start] GC(130) Phase 4: Move objects
[2021-02-28T14:28:26.364+0300][198.936s][info][gc,phases      ] GC(130) Phase 4: Move objects 185.179ms
[2021-02-28T14:28:26.364+0300][198.936s][info][gc,ergo        ] GC(130) Bad progress for free space: 629K, need 10485K
[2021-02-28T14:28:26.364+0300][198.936s][info][gc             ] GC(130) Pause Degenerated GC (Mark) 985M->985M(1024M) 1403.374ms
[2021-02-28T14:28:26.364+0300][198.937s][info][gc,ergo        ] Free: 629K, Max: 479K regular, 0B humongous, Frag: 0% external, 99% internal; Reserve: 38400K, Max: 512K
[2021-02-28T14:28:26.364+0300][198.937s][info][gc,stats       ] 
[2021-02-28T14:28:26.364+0300][198.937s][info][gc,stats       ] All times are wall-clock times, except per-root-class counters, that are sum over
[2021-02-28T14:28:26.364+0300][198.937s][info][gc,stats       ] all workers. Dividing the <total> over the root stage time estimates parallelism.
[2021-02-28T14:28:26.364+0300][198.937s][info][gc,stats       ] 
[2021-02-28T14:28:26.364+0300][198.937s][info][gc,stats       ]   Finish Queues                  377233 us
[2021-02-28T14:28:26.364+0300][198.937s][info][gc,stats       ]   System Purge                      120 us
[2021-02-28T14:28:26.364+0300][198.937s][info][gc,stats       ]     Unload Classes                  619 us
[2021-02-28T14:28:26.364+0300][198.937s][info][gc,stats       ]     Weak Roots                      120 us
[2021-02-28T14:28:26.364+0300][198.937s][info][gc,stats       ]     CLDG                              0 us
[2021-02-28T14:28:26.364+0300][198.937s][info][gc,stats       ]   Update Region States               98 us
[2021-02-28T14:28:26.364+0300][198.937s][info][gc,stats       ]   Manage GC/TLABs                     4 us
[2021-02-28T14:28:26.364+0300][198.937s][info][gc,stats       ]   Choose Collection Set             122 us
[2021-02-28T14:28:26.364+0300][198.937s][info][gc,stats       ]   Rebuild Free Set                   21 us
[2021-02-28T14:28:26.364+0300][198.937s][info][gc,stats       ]   Initial Evacuation                 15 us
[2021-02-28T14:28:26.364+0300][198.937s][info][gc,stats       ] Pause Degenerated GC (G)        1403622 us
[2021-02-28T14:28:26.364+0300][198.937s][info][gc,stats       ] Pause Degenerated GC (N)        1403388 us
[2021-02-28T14:28:26.364+0300][198.937s][info][gc,stats       ]   Degen Mark Roots                  106 us, parallelism: 0.25x
[2021-02-28T14:28:26.364+0300][198.937s][info][gc,stats       ]     DM: <total>                      26 us
[2021-02-28T14:28:26.364+0300][198.937s][info][gc,stats       ]     DM: JNI Handles Roots             2 us, workers (us):   1,   0,   0, 
[2021-02-28T14:28:26.364+0300][198.937s][info][gc,stats       ]     DM: VM Global Roots               1 us, workers (us):   1,   0,   0, 
[2021-02-28T14:28:26.364+0300][198.937s][info][gc,stats       ]     DM: CLDG Roots                   23 us, workers (us):  23, ---, ---, 
[2021-02-28T14:28:26.364+0300][198.937s][info][gc,stats       ]   Pre Heap Dump                       1 us
[2021-02-28T14:28:26.364+0300][198.937s][info][gc,stats       ]   Prepare                          1277 us
[2021-02-28T14:28:26.364+0300][198.937s][info][gc,stats       ]     Update Roots                    727 us, parallelism: 2.23x
[2021-02-28T14:28:26.364+0300][198.937s][info][gc,stats       ]       FU: <total>                  1621 us
[2021-02-28T14:28:26.364+0300][198.937s][info][gc,stats       ]       FU: Thread Roots              136 us, workers (us):   1,  11, 125, 
[2021-02-28T14:28:26.364+0300][198.937s][info][gc,stats       ]       FU: Code Cache Roots         1405 us, workers (us): 513, 508, 384, 
[2021-02-28T14:28:26.364+0300][198.937s][info][gc,stats       ]       FU: Universe Roots              1 us, workers (us):   1, ---, ---, 
[2021-02-28T14:28:26.364+0300][198.937s][info][gc,stats       ]       FU: JNI Handles Roots           1 us, workers (us):   0,   0,   0, 
[2021-02-28T14:28:26.364+0300][198.937s][info][gc,stats       ]       FU: JVMTI Weak Roots            0 us, workers (us):   0, ---, ---, 
[2021-02-28T14:28:26.364+0300][198.937s][info][gc,stats       ]       FU: JFR Weak Roots              0 us, workers (us):   0, ---, ---, 
[2021-02-28T14:28:26.364+0300][198.937s][info][gc,stats       ]       FU: String Table Roots         41 us, workers (us):  24,   8,   9, 
[2021-02-28T14:28:26.364+0300][198.937s][info][gc,stats       ]       FU: Resolved Table Roots        3 us, workers (us):   1,   1,   1, 
[2021-02-28T14:28:26.364+0300][198.937s][info][gc,stats       ]       FU: VM Global Roots             1 us, workers (us):   1,   0,   0, 
[2021-02-28T14:28:26.364+0300][198.937s][info][gc,stats       ]       FU: VM Weak Roots               1 us, workers (us):   0,   1,   0, 
[2021-02-28T14:28:26.364+0300][198.937s][info][gc,stats       ]       FU: Synchronizer Roots          0 us, workers (us):   0, ---, ---, 
[2021-02-28T14:28:26.364+0300][198.937s][info][gc,stats       ]       FU: Management Roots            1 us, workers (us):   1, ---, ---, 
[2021-02-28T14:28:26.364+0300][198.937s][info][gc,stats       ]       FU: CLDG Roots                 30 us, workers (us): ---, ---,  30, 
[2021-02-28T14:28:26.364+0300][198.937s][info][gc,stats       ]       FU: JVMTI Roots                 0 us, workers (us):   0, ---, ---, 
[2021-02-28T14:28:26.364+0300][198.937s][info][gc,stats       ]   Scan Roots                        205 us, parallelism: 1.04x
[2021-02-28T14:28:26.364+0300][198.937s][info][gc,stats       ]     FS: <total>                     213 us
[2021-02-28T14:28:26.364+0300][198.937s][info][gc,stats       ]     FS: Thread Roots                208 us, workers (us): 105,  46,  57, 
[2021-02-28T14:28:26.364+0300][198.937s][info][gc,stats       ]     FS: Universe Roots                2 us, workers (us):   2, ---, ---, 
[2021-02-28T14:28:26.364+0300][198.937s][info][gc,stats       ]     FS: Synchronizer Roots            0 us, workers (us): ---, ---,   0, 
[2021-02-28T14:28:26.364+0300][198.937s][info][gc,stats       ]     FS: Management Roots              2 us, workers (us): ---,   2, ---, 
[2021-02-28T14:28:26.364+0300][198.937s][info][gc,stats       ]     FS: JVMTI Roots                   0 us, workers (us): ---, ---,   0, 
[2021-02-28T14:28:26.364+0300][198.937s][info][gc,stats       ]   Scan Concurrent Roots             156 us, parallelism: 0.53x
[2021-02-28T14:28:26.364+0300][198.937s][info][gc,stats       ]     FCS: <total>                     83 us
[2021-02-28T14:28:26.364+0300][198.937s][info][gc,stats       ]     FCS: JNI Handles Roots            2 us, workers (us):   2,   0,   0, 
[2021-02-28T14:28:26.364+0300][198.937s][info][gc,stats       ]     FCS: VM Global Roots              2 us, workers (us):   2,   0,   0, 
[2021-02-28T14:28:26.364+0300][198.937s][info][gc,stats       ]     FCS: CLDG Roots                  79 us, workers (us):  79, ---, ---, 
[2021-02-28T14:28:26.364+0300][198.937s][info][gc,stats       ]   Mark                           453427 us
[2021-02-28T14:28:26.364+0300][198.937s][info][gc,stats       ]     Finish Queues                452194 us
[2021-02-28T14:28:26.364+0300][198.937s][info][gc,stats       ]     Weak References                 178 us
[2021-02-28T14:28:26.364+0300][198.937s][info][gc,stats       ]       Process                       173 us
[2021-02-28T14:28:26.364+0300][198.937s][info][gc,stats       ]     System Purge                     86 us
[2021-02-28T14:28:26.364+0300][198.937s][info][gc,stats       ]       Unload Classes                588 us
[2021-02-28T14:28:26.364+0300][198.937s][info][gc,stats       ]       Weak Roots                     86 us
[2021-02-28T14:28:26.364+0300][198.937s][info][gc,stats       ]       CLDG                            0 us
[2021-02-28T14:28:26.364+0300][198.937s][info][gc,stats       ]   Calculate Addresses            176689 us
[2021-02-28T14:28:26.364+0300][198.937s][info][gc,stats       ]     Regular Objects              176653 us
[2021-02-28T14:28:26.364+0300][198.937s][info][gc,stats       ]     Humongous Objects                15 us
[2021-02-28T14:28:26.364+0300][198.937s][info][gc,stats       ]   Adjust Pointers                198433 us
[2021-02-28T14:28:26.364+0300][198.937s][info][gc,stats       ]     FA: <total>                    1742 us
[2021-02-28T14:28:26.364+0300][198.937s][info][gc,stats       ]     FA: Thread Roots                138 us, workers (us):  12,   1, 125, 
[2021-02-28T14:28:26.364+0300][198.937s][info][gc,stats       ]     FA: Code Cache Roots           1490 us, workers (us): 542, 551, 397, 
[2021-02-28T14:28:26.364+0300][198.937s][info][gc,stats       ]     FA: Universe Roots                1 us, workers (us):   1, ---, ---, 
[2021-02-28T14:28:26.364+0300][198.937s][info][gc,stats       ]     FA: JNI Handles Roots             2 us, workers (us):   0,   2,   0, 
[2021-02-28T14:28:26.364+0300][198.937s][info][gc,stats       ]     FA: JVMTI Weak Roots              0 us, workers (us): ---,   0, ---, 
[2021-02-28T14:28:26.364+0300][198.937s][info][gc,stats       ]     FA: JFR Weak Roots                0 us, workers (us):   0, ---, ---, 
[2021-02-28T14:28:26.364+0300][198.937s][info][gc,stats       ]     FA: JNI Weak Roots                0 us, workers (us):   0,   0,   0, 
[2021-02-28T14:28:26.364+0300][198.937s][info][gc,stats       ]     FA: String Table Roots           55 us, workers (us):  27,  27,   0, 
[2021-02-28T14:28:26.364+0300][198.937s][info][gc,stats       ]     FA: Resolved Table Roots          5 us, workers (us):   1,   2,   1, 
[2021-02-28T14:28:26.364+0300][198.937s][info][gc,stats       ]     FA: VM Global Roots               2 us, workers (us):   2,   1,   0, 
[2021-02-28T14:28:26.364+0300][198.937s][info][gc,stats       ]     FA: VM Weak Roots                 3 us, workers (us):   2,   1,   0, 
[2021-02-28T14:28:26.364+0300][198.937s][info][gc,stats       ]     FA: Synchronizer Roots            0 us, workers (us): ---,   0, ---, 
[2021-02-28T14:28:26.364+0300][198.937s][info][gc,stats       ]     FA: Management Roots              1 us, workers (us): ---,   1, ---, 
[2021-02-28T14:28:26.364+0300][198.937s][info][gc,stats       ]     FA: CLDG Roots                   44 us, workers (us): ---, ---,  44, 
[2021-02-28T14:28:26.364+0300][198.938s][info][gc,stats       ]     FA: JVMTI Roots                   0 us, workers (us):   0, ---, ---, 
[2021-02-28T14:28:26.364+0300][198.938s][info][gc,stats       ]   Copy Objects                   185166 us
[2021-02-28T14:28:26.364+0300][198.938s][info][gc,stats       ]     Regular Objects              184613 us
[2021-02-28T14:28:26.364+0300][198.938s][info][gc,stats       ]     Humongous Objects                12 us
[2021-02-28T14:28:26.364+0300][198.938s][info][gc,stats       ]     Reset Complete Bitmap           492 us
[2021-02-28T14:28:26.364+0300][198.938s][info][gc,stats       ]     Rebuild Region Sets              48 us
[2021-02-28T14:28:26.364+0300][198.938s][info][gc,stats       ]   Post Heap Dump                      1 us
[2021-02-28T14:28:26.364+0300][198.938s][info][gc,stats       ] Pacing                            14074 us
[2021-02-28T14:28:26.364+0300][198.938s][info][gc,stats       ] 
[2021-02-28T14:28:26.364+0300][198.938s][info][gc,stats       ] Allocation pacing accrued:
[2021-02-28T14:28:26.364+0300][198.938s][info][gc,stats       ]       7 of  1407 ms (  0.5%): RMI TCP Connection(5)-172.22.16.1
[2021-02-28T14:28:26.364+0300][198.938s][info][gc,stats       ]       7 of  1407 ms (  0.5%): RMI TCP Connection(6)-172.22.16.1
[2021-02-28T14:28:26.364+0300][198.938s][info][gc,stats       ]      14 of  1407 ms (  1.0%): <total>
[2021-02-28T14:28:26.364+0300][198.938s][info][gc,stats       ]       1 of  1407 ms (  0.1%): <average total>
[2021-02-28T14:28:26.364+0300][198.938s][info][gc,stats       ]       7 of  1407 ms (  0.5%): <average non-zero>
[2021-02-28T14:28:26.364+0300][198.938s][info][gc,stats       ] 
[2021-02-28T14:28:26.364+0300][198.938s][info][gc,metaspace   ] Metaspace: 7085K(7808K)->7088K(7808K) NonClass: 6363K(6912K)->6367K(6912K) Class: 721K(896K)->721K(896K)
[2021-02-28T14:28:26.364+0300][198.938s][info][gc,ergo        ] Pacer for Idle. Initial: 20971K, Alloc Tax Rate: 1.0x
[2021-02-28T14:28:26.366+0300][198.938s][info][gc             ] Failed to allocate TLAB, 2664B
[2021-02-28T14:28:26.366+0300][198.938s][info][gc             ] Cancelling GC: Allocation Failure
[2021-02-28T14:28:26.367+0300][198.939s][info][gc             ] Trigger: Handle Allocation Failure
[2021-02-28T14:28:26.367+0300][198.939s][info][gc,ergo        ] Free: 0B, Max: 0B regular, 0B humongous, Frag: 0% external, 0% internal; Reserve: 38400K, Max: 512K
[2021-02-28T14:28:26.367+0300][198.939s][info][gc,start       ] GC(131) Pause Full
[2021-02-28T14:28:26.367+0300][198.939s][info][gc,task        ] GC(131) Using 3 of 3 workers for full gc
[2021-02-28T14:28:26.367+0300][198.939s][info][gc,phases,start] GC(131) Phase 1: Mark live objects
[2021-02-28T14:28:26.792+0300][199.365s][info][gc,phases      ] GC(131) Phase 1: Mark live objects 426.202ms
[2021-02-28T14:28:26.792+0300][199.365s][info][gc,phases,start] GC(131) Phase 2: Compute new object addresses
[2021-02-28T14:28:26.983+0300][199.556s][info][gc,phases      ] GC(131) Phase 2: Compute new object addresses 190.226ms
[2021-02-28T14:28:26.983+0300][199.556s][info][gc,phases,start] GC(131) Phase 3: Adjust pointers
[2021-02-28T14:28:27.184+0300][199.756s][info][gc,phases      ] GC(131) Phase 3: Adjust pointers 200.437ms
[2021-02-28T14:28:27.184+0300][199.756s][info][gc,phases,start] GC(131) Phase 4: Move objects
[2021-02-28T14:28:27.366+0300][199.938s][info][gc,phases      ] GC(131) Phase 4: Move objects 181.948ms
[2021-02-28T14:28:27.366+0300][199.938s][info][gc,ergo        ] GC(131) Bad progress for free space: 182K, need 10485K
[2021-02-28T14:28:27.366+0300][199.938s][info][gc             ] GC(131) Pause Full 986M->986M(1024M) 999.262ms
[2021-02-28T14:28:27.366+0300][199.938s][info][gc,ergo        ] Free: 182K, Max: 128K regular, 0B humongous, Frag: 0% external, 99% internal; Reserve: 38400K, Max: 512K
[2021-02-28T14:28:27.366+0300][199.938s][info][gc,stats       ] 
[2021-02-28T14:28:27.366+0300][199.938s][info][gc,stats       ] All times are wall-clock times, except per-root-class counters, that are sum over
[2021-02-28T14:28:27.366+0300][199.938s][info][gc,stats       ] all workers. Dividing the <total> over the root stage time estimates parallelism.
[2021-02-28T14:28:27.366+0300][199.938s][info][gc,stats       ] 
[2021-02-28T14:28:27.366+0300][199.938s][info][gc,stats       ] Pause Full GC (G)                999486 us
[2021-02-28T14:28:27.366+0300][199.938s][info][gc,stats       ] Pause Full GC (N)                999276 us
[2021-02-28T14:28:27.366+0300][199.938s][info][gc,stats       ]   Pre Heap Dump                       0 us
[2021-02-28T14:28:27.366+0300][199.939s][info][gc,stats       ]   Prepare                           134 us
[2021-02-28T14:28:27.366+0300][199.939s][info][gc,stats       ]   Scan Roots                        109 us, parallelism: 1.21x
[2021-02-28T14:28:27.366+0300][199.939s][info][gc,stats       ]     FS: <total>                     132 us
[2021-02-28T14:28:27.366+0300][199.939s][info][gc,stats       ]     FS: Thread Roots                128 us, workers (us):  45,  53,  30, 
[2021-02-28T14:28:27.366+0300][199.939s][info][gc,stats       ]     FS: Universe Roots                2 us, workers (us):   2, ---, ---, 
[2021-02-28T14:28:27.366+0300][199.939s][info][gc,stats       ]     FS: Synchronizer Roots            0 us, workers (us): ---,   0, ---, 
[2021-02-28T14:28:27.366+0300][199.939s][info][gc,stats       ]     FS: Management Roots              1 us, workers (us): ---,   1, ---, 
[2021-02-28T14:28:27.366+0300][199.939s][info][gc,stats       ]     FS: JVMTI Roots                   0 us, workers (us):   0, ---, ---, 
[2021-02-28T14:28:27.366+0300][199.939s][info][gc,stats       ]   Scan Concurrent Roots             102 us, parallelism: 0.49x
[2021-02-28T14:28:27.366+0300][199.939s][info][gc,stats       ]     FCS: <total>                     50 us
[2021-02-28T14:28:27.366+0300][199.939s][info][gc,stats       ]     FCS: JNI Handles Roots            2 us, workers (us):   1,   0,   0, 
[2021-02-28T14:28:27.366+0300][199.939s][info][gc,stats       ]     FCS: VM Global Roots              3 us, workers (us):   1,   2,   0, 
[2021-02-28T14:28:27.366+0300][199.939s][info][gc,stats       ]     FCS: CLDG Roots                  45 us, workers (us):  45, ---, ---, 
[2021-02-28T14:28:27.366+0300][199.939s][info][gc,stats       ]   Mark                           426179 us
[2021-02-28T14:28:27.366+0300][199.939s][info][gc,stats       ]     Finish Queues                425083 us
[2021-02-28T14:28:27.366+0300][199.939s][info][gc,stats       ]     Weak References                 169 us
[2021-02-28T14:28:27.367+0300][199.939s][info][gc,stats       ]       Process                       164 us
[2021-02-28T14:28:27.367+0300][199.939s][info][gc,stats       ]     System Purge                    111 us
[2021-02-28T14:28:27.367+0300][199.939s][info][gc,stats       ]       Unload Classes                586 us
[2021-02-28T14:28:27.367+0300][199.939s][info][gc,stats       ]       Weak Roots                    111 us
[2021-02-28T14:28:27.367+0300][199.939s][info][gc,stats       ]       CLDG                            0 us
[2021-02-28T14:28:27.367+0300][199.939s][info][gc,stats       ]   Calculate Addresses            190212 us
[2021-02-28T14:28:27.367+0300][199.939s][info][gc,stats       ]     Regular Objects              190178 us
[2021-02-28T14:28:27.367+0300][199.939s][info][gc,stats       ]     Humongous Objects                16 us
[2021-02-28T14:28:27.367+0300][199.939s][info][gc,stats       ]   Adjust Pointers                200424 us
[2021-02-28T14:28:27.367+0300][199.939s][info][gc,stats       ]     FA: <total>                    1678 us
[2021-02-28T14:28:27.367+0300][199.939s][info][gc,stats       ]     FA: Thread Roots                 74 us, workers (us):   1,  72,   1, 
[2021-02-28T14:28:27.367+0300][199.939s][info][gc,stats       ]     FA: Code Cache Roots           1473 us, workers (us): 534, 403, 536, 
[2021-02-28T14:28:27.367+0300][199.939s][info][gc,stats       ]     FA: Universe Roots                1 us, workers (us):   1, ---, ---, 
[2021-02-28T14:28:27.367+0300][199.939s][info][gc,stats       ]     FA: JNI Handles Roots             3 us, workers (us):   2,   1,   1, 
[2021-02-28T14:28:27.367+0300][199.939s][info][gc,stats       ]     FA: JVMTI Weak Roots              0 us, workers (us):   0, ---, ---, 
[2021-02-28T14:28:27.367+0300][199.939s][info][gc,stats       ]     FA: JFR Weak Roots                0 us, workers (us): ---, ---,   0, 
[2021-02-28T14:28:27.367+0300][199.939s][info][gc,stats       ]     FA: JNI Weak Roots                0 us, workers (us):   0,   0,   0, 
[2021-02-28T14:28:27.367+0300][199.939s][info][gc,stats       ]     FA: String Table Roots           74 us, workers (us):  25,  24,  25, 
[2021-02-28T14:28:27.367+0300][199.939s][info][gc,stats       ]     FA: Resolved Table Roots          5 us, workers (us):   1,   1,   2, 
[2021-02-28T14:28:27.367+0300][199.939s][info][gc,stats       ]     FA: VM Global Roots               2 us, workers (us):   0,   2,   1, 
[2021-02-28T14:28:27.367+0300][199.939s][info][gc,stats       ]     FA: VM Weak Roots                 3 us, workers (us):   3,   0,   0, 
[2021-02-28T14:28:27.367+0300][199.939s][info][gc,stats       ]     FA: Synchronizer Roots            0 us, workers (us): ---,   0, ---, 
[2021-02-28T14:28:27.367+0300][199.939s][info][gc,stats       ]     FA: Management Roots              1 us, workers (us): ---,   1, ---, 
[2021-02-28T14:28:27.367+0300][199.939s][info][gc,stats       ]     FA: CLDG Roots                   40 us, workers (us): ---,  40, ---, 
[2021-02-28T14:28:27.367+0300][199.939s][info][gc,stats       ]     FA: JVMTI Roots                   0 us, workers (us): ---, ---,   0, 
[2021-02-28T14:28:27.367+0300][199.939s][info][gc,stats       ]   Copy Objects                   181935 us
[2021-02-28T14:28:27.367+0300][199.939s][info][gc,stats       ]     Regular Objects              181323 us
[2021-02-28T14:28:27.367+0300][199.939s][info][gc,stats       ]     Humongous Objects                13 us
[2021-02-28T14:28:27.367+0300][199.939s][info][gc,stats       ]     Reset Complete Bitmap           552 us
[2021-02-28T14:28:27.367+0300][199.939s][info][gc,stats       ]     Rebuild Region Sets              46 us
[2021-02-28T14:28:27.367+0300][199.939s][info][gc,stats       ]   Post Heap Dump                      1 us
[2021-02-28T14:28:27.367+0300][199.939s][info][gc,stats       ] Pacing                             3299 us
[2021-02-28T14:28:27.367+0300][199.939s][info][gc,stats       ] 
[2021-02-28T14:28:27.367+0300][199.939s][info][gc,stats       ] Allocation pacing accrued:
[2021-02-28T14:28:27.367+0300][199.939s][info][gc,stats       ]       1 of  1002 ms (  0.1%): main
[2021-02-28T14:28:27.367+0300][199.939s][info][gc,stats       ]       1 of  1002 ms (  0.1%): Notification Thread
[2021-02-28T14:28:27.367+0300][199.939s][info][gc,stats       ]       1 of  1002 ms (  0.1%): RMI TCP Connection(6)-172.22.16.1
[2021-02-28T14:28:27.367+0300][199.939s][info][gc,stats       ]       3 of  1002 ms (  0.3%): <total>
[2021-02-28T14:28:27.367+0300][199.939s][info][gc,stats       ]       0 of  1002 ms (  0.0%): <average total>
[2021-02-28T14:28:27.367+0300][199.939s][info][gc,stats       ]       1 of  1002 ms (  0.1%): <average non-zero>
[2021-02-28T14:28:27.367+0300][199.939s][info][gc,stats       ] 
[2021-02-28T14:28:27.367+0300][199.939s][info][gc,metaspace   ] Metaspace: 7088K(7808K)->7092K(7808K) NonClass: 6367K(6912K)->6370K(6912K) Class: 721K(896K)->722K(896K)
[2021-02-28T14:28:27.367+0300][199.939s][info][gc,ergo        ] Pacer for Idle. Initial: 20971K, Alloc Tax Rate: 1.0x
[2021-02-28T14:28:27.382+0300][199.954s][info][gc             ] Trigger: Free (93168B) is below minimum threshold (102M)
[2021-02-28T14:28:27.382+0300][199.954s][info][gc             ] Failed to allocate TLAB, 8272B
[2021-02-28T14:28:27.382+0300][199.954s][info][gc,ergo        ] Free: 0B, Max: 0B regular, 0B humongous, Frag: 0% external, 0% internal; Reserve: 38400K, Max: 512K
[2021-02-28T14:28:27.382+0300][199.954s][info][gc             ] Cancelling GC: Allocation Failure
[2021-02-28T14:28:27.382+0300][199.954s][info][gc,ergo        ] Free: 0B, Max: 0B regular, 0B humongous, Frag: 0% external, 0% internal; Reserve: 38400K, Max: 512K
[2021-02-28T14:28:27.382+0300][199.954s][info][gc,stats       ] 
[2021-02-28T14:28:27.382+0300][199.954s][info][gc,stats       ] All times are wall-clock times, except per-root-class counters, that are sum over
[2021-02-28T14:28:27.382+0300][199.954s][info][gc,stats       ] all workers. Dividing the <total> over the root stage time estimates parallelism.
[2021-02-28T14:28:27.382+0300][199.954s][info][gc,stats       ] 
[2021-02-28T14:28:27.382+0300][199.954s][info][gc,stats       ] 
[2021-02-28T14:28:27.382+0300][199.954s][info][gc,stats       ] Allocation pacing accrued:
[2021-02-28T14:28:27.382+0300][199.954s][info][gc,stats       ]       0 of    15 ms (  0.0%): <total>
[2021-02-28T14:28:27.382+0300][199.954s][info][gc,stats       ]       0 of    15 ms (  0.0%): <average total>
[2021-02-28T14:28:27.382+0300][199.954s][info][gc,stats       ] 
[2021-02-28T14:28:27.382+0300][199.954s][info][gc,metaspace   ] Metaspace: 7092K(7808K)->7092K(7808K) NonClass: 6370K(6912K)->6370K(6912K) Class: 722K(896K)->722K(896K)
[2021-02-28T14:28:27.382+0300][199.954s][info][gc,ergo        ] Pacer for Idle. Initial: 20971K, Alloc Tax Rate: 1.0x
[2021-02-28T14:28:27.385+0300][199.957s][info][gc             ] Trigger: Handle Allocation Failure
[2021-02-28T14:28:27.385+0300][199.957s][info][gc,ergo        ] Free: 0B, Max: 0B regular, 0B humongous, Frag: 0% external, 0% internal; Reserve: 38400K, Max: 512K
[2021-02-28T14:28:27.385+0300][199.957s][info][gc,start       ] GC(132) Pause Degenerated GC (Outside of Cycle)
[2021-02-28T14:28:27.385+0300][199.957s][info][gc,task        ] GC(132) Using 3 of 3 workers for stw degenerated gc
[2021-02-28T14:28:27.385+0300][199.957s][info][gc,ergo        ] GC(132) Pacer for Reset. Non-Taxable: 1024M
[2021-02-28T14:28:27.385+0300][199.957s][info][gc,ergo        ] GC(132) Pacer for Mark. Expected Live: 2364M, Free: 0B, Non-Taxable: 0B, Alloc Tax Rate: infx
[2021-02-28T14:28:27.812+0300][200.386s][info][gc,ergo        ] GC(132) Adaptive CSet Selection. Target Free: 145M, Actual Free: 38400K, Max CSet: 43690K, Min Garbage: 107M
[2021-02-28T14:28:27.812+0300][200.386s][info][gc,ergo        ] GC(132) Collectable Garbage: 75552B (100%), Immediate: 0B (0%), CSet: 75552B (100%)
[2021-02-28T14:28:27.812+0300][200.386s][info][gc,ergo        ] GC(132) Pacer for Evacuation. Used CSet: 43518K, Free: 16008B, Non-Taxable: 1600B, Alloc Tax Rate: 6804.5x
[2021-02-28T14:28:27.822+0300][200.394s][info][gc             ] GC(132) Cancelling GC: Allocation Failure During Evacuation
[2021-02-28T14:28:27.824+0300][200.396s][info][gc             ] GC(132) Cannot finish degeneration, upgrading to Full GC
[2021-02-28T14:28:27.825+0300][200.397s][info][gc,phases,start] GC(132) Phase 1: Mark live objects
[2021-02-28T14:28:28.279+0300][200.851s][info][gc,phases      ] GC(132) Phase 1: Mark live objects 454.021ms
[2021-02-28T14:28:28.279+0300][200.851s][info][gc,phases,start] GC(132) Phase 2: Compute new object addresses
[2021-02-28T14:28:28.456+0300][201.028s][info][gc,phases      ] GC(132) Phase 2: Compute new object addresses 176.963ms
[2021-02-28T14:28:28.456+0300][201.028s][info][gc,phases,start] GC(132) Phase 3: Adjust pointers
[2021-02-28T14:28:28.657+0300][201.229s][info][gc,phases      ] GC(132) Phase 3: Adjust pointers 200.655ms
[2021-02-28T14:28:28.657+0300][201.229s][info][gc,phases,start] GC(132) Phase 4: Move objects
[2021-02-28T14:28:28.843+0300][201.415s][info][gc,phases      ] GC(132) Phase 4: Move objects 185.726ms
[2021-02-28T14:28:28.843+0300][201.415s][info][gc,ergo        ] GC(132) Bad progress for free space: 106K, need 10485K
[2021-02-28T14:28:28.843+0300][201.415s][info][gc             ] GC(132) Pause Degenerated GC (Outside of Cycle) 986M->986M(1024M) 1458.028ms
[2021-02-28T14:28:28.843+0300][201.415s][info][gc,ergo        ] Free: 106K, Max: 80896B regular, 0B humongous, Frag: 0% external, 99% internal; Reserve: 38400K, Max: 512K
[2021-02-28T14:28:28.843+0300][201.415s][info][gc,stats       ] 
[2021-02-28T14:28:28.843+0300][201.415s][info][gc,stats       ] All times are wall-clock times, except per-root-class counters, that are sum over
[2021-02-28T14:28:28.843+0300][201.415s][info][gc,stats       ] all workers. Dividing the <total> over the root stage time estimates parallelism.
[2021-02-28T14:28:28.843+0300][201.415s][info][gc,stats       ] 
[2021-02-28T14:28:28.843+0300][201.415s][info][gc,stats       ]   Manage TLABs                        4 us
[2021-02-28T14:28:28.843+0300][201.415s][info][gc,stats       ]   Update Region States               67 us
[2021-02-28T14:28:28.843+0300][201.415s][info][gc             ] Failed to allocate TLAB, 2664B
[2021-02-28T14:28:28.843+0300][201.415s][info][gc,stats       ]   Scan Roots                         80 us, parallelism: 2.08x
[2021-02-28T14:28:28.843+0300][201.415s][info][gc             ] Cancelling GC: Allocation Failure
[2021-02-28T14:28:28.843+0300][201.415s][info][gc,stats       ]     S: <total>                      167 us
[2021-02-28T14:28:28.843+0300][201.415s][info][gc,stats       ]     S: Thread Roots                 163 us, workers (us):  53,  49,  61, 
[2021-02-28T14:28:28.843+0300][201.415s][info][gc,stats       ]     S: Universe Roots                 2 us, workers (us):   2, ---, ---, 
[2021-02-28T14:28:28.843+0300][201.415s][info][gc,stats       ]     S: Synchronizer Roots             0 us, workers (us): ---,   0, ---, 
[2021-02-28T14:28:28.843+0300][201.415s][info][gc,stats       ]     S: Management Roots               2 us, workers (us): ---, ---,   2, 
[2021-02-28T14:28:28.843+0300][201.415s][info][gc,stats       ]     S: JVMTI Roots                    0 us, workers (us): ---,   0, ---, 
[2021-02-28T14:28:28.843+0300][201.415s][info][gc,stats       ]   Finish Queues                  427169 us
[2021-02-28T14:28:28.843+0300][201.415s][info][gc,stats       ]   Weak References                    29 us
[2021-02-28T14:28:28.843+0300][201.415s][info][gc,stats       ]     Process                          24 us
[2021-02-28T14:28:28.843+0300][201.415s][info][gc,stats       ]   System Purge                       84 us
[2021-02-28T14:28:28.843+0300][201.415s][info][gc,stats       ]     Unload Classes                  589 us
[2021-02-28T14:28:28.843+0300][201.415s][info][gc,stats       ]     Weak Roots                       84 us
[2021-02-28T14:28:28.843+0300][201.416s][info][gc,stats       ]     CLDG                              0 us
[2021-02-28T14:28:28.843+0300][201.416s][info][gc,stats       ]   Update Region States               82 us
[2021-02-28T14:28:28.843+0300][201.416s][info][gc,stats       ]   Manage GC/TLABs                     2 us
[2021-02-28T14:28:28.843+0300][201.416s][info][gc,stats       ]   Choose Collection Set             121 us
[2021-02-28T14:28:28.843+0300][201.416s][info][gc,stats       ]   Rebuild Free Set                   23 us
[2021-02-28T14:28:28.843+0300][201.416s][info][gc,stats       ]   Initial Evacuation                 14 us
[2021-02-28T14:28:28.843+0300][201.416s][info][gc,stats       ] Pause Degenerated GC (G)        1458251 us
[2021-02-28T14:28:28.843+0300][201.416s][info][gc,stats       ] Pause Degenerated GC (N)        1458044 us
[2021-02-28T14:28:28.843+0300][201.416s][info][gc,stats       ]   Degen Mark Roots                  101 us, parallelism: 0.70x
[2021-02-28T14:28:28.843+0300][201.416s][info][gc,stats       ]     DM: <total>                      71 us
[2021-02-28T14:28:28.843+0300][201.416s][info][gc,stats       ]     DM: JNI Handles Roots             2 us, workers (us):   1,   0,   0, 
[2021-02-28T14:28:28.843+0300][201.416s][info][gc,stats       ]     DM: VM Global Roots               3 us, workers (us):   1,   2,   0, 
[2021-02-28T14:28:28.843+0300][201.416s][info][gc,stats       ]     DM: CLDG Roots                   66 us, workers (us):  66, ---, ---, 
[2021-02-28T14:28:28.843+0300][201.416s][info][gc,stats       ]   Pre Heap Dump                       1 us
[2021-02-28T14:28:28.843+0300][201.416s][info][gc,stats       ]   Prepare                          1198 us
[2021-02-28T14:28:28.843+0300][201.416s][info][gc,stats       ]     Update Roots                    689 us, parallelism: 2.26x
[2021-02-28T14:28:28.843+0300][201.416s][info][gc,stats       ]       FU: <total>                  1558 us
[2021-02-28T14:28:28.843+0300][201.416s][info][gc,stats       ]       FU: Thread Roots               73 us, workers (us):  71,   1,   1, 
[2021-02-28T14:28:28.843+0300][201.416s][info][gc,stats       ]       FU: Code Cache Roots         1403 us, workers (us): 385, 512, 505, 
[2021-02-28T14:28:28.843+0300][201.416s][info][gc,stats       ]       FU: Universe Roots              1 us, workers (us):   1, ---, ---, 
[2021-02-28T14:28:28.843+0300][201.416s][info][gc,stats       ]       FU: JNI Handles Roots           0 us, workers (us):   0,   0,   0, 
[2021-02-28T14:28:28.844+0300][201.416s][info][gc,stats       ]       FU: JVMTI Weak Roots            0 us, workers (us):   0, ---, ---, 
[2021-02-28T14:28:28.844+0300][201.416s][info][gc,stats       ]       FU: JFR Weak Roots              0 us, workers (us):   0, ---, ---, 
[2021-02-28T14:28:28.844+0300][201.416s][info][gc,stats       ]       FU: JNI Weak Roots              0 us, workers (us):   0,   0,   0, 
[2021-02-28T14:28:28.844+0300][201.416s][info][gc,stats       ]       FU: String Table Roots         43 us, workers (us):  23,   9,  11, 
[2021-02-28T14:28:28.844+0300][201.416s][info][gc,stats       ]       FU: Resolved Table Roots        3 us, workers (us):   2,   2,   0, 
[2021-02-28T14:28:28.844+0300][201.416s][info][gc,stats       ]       FU: VM Global Roots             1 us, workers (us):   1,   0,   0, 
[2021-02-28T14:28:28.844+0300][201.416s][info][gc,stats       ]       FU: VM Weak Roots               1 us, workers (us):   0,   1,   0, 
[2021-02-28T14:28:28.844+0300][201.416s][info][gc,stats       ]       FU: Synchronizer Roots          0 us, workers (us):   0, ---, ---, 
[2021-02-28T14:28:28.844+0300][201.416s][info][gc,stats       ]       FU: Management Roots            1 us, workers (us):   1, ---, ---, 
[2021-02-28T14:28:28.844+0300][201.416s][info][gc,stats       ]       FU: CLDG Roots                 31 us, workers (us):  31, ---, ---, 
[2021-02-28T14:28:28.844+0300][201.416s][info][gc,stats       ]       FU: JVMTI Roots                 0 us, workers (us):   0, ---, ---, 
[2021-02-28T14:28:28.844+0300][201.416s][info][gc,stats       ]   Scan Roots                        154 us, parallelism: 0.96x
[2021-02-28T14:28:28.844+0300][201.416s][info][gc,stats       ]     FS: <total>                     147 us
[2021-02-28T14:28:28.844+0300][201.416s][info][gc,stats       ]     FS: Thread Roots                143 us, workers (us):  67,  40,  36, 
[2021-02-28T14:28:28.844+0300][201.416s][info][gc,stats       ]     FS: Universe Roots                2 us, workers (us):   2, ---, ---, 
[2021-02-28T14:28:28.844+0300][201.416s][info][gc,stats       ]     FS: Synchronizer Roots            0 us, workers (us):   0, ---, ---, 
[2021-02-28T14:28:28.844+0300][201.416s][info][gc,stats       ]     FS: Management Roots              1 us, workers (us):   1, ---, ---, 
[2021-02-28T14:28:28.844+0300][201.416s][info][gc,stats       ]     FS: JVMTI Roots                   0 us, workers (us):   0, ---, ---, 
[2021-02-28T14:28:28.844+0300][201.416s][info][gc,stats       ]   Scan Concurrent Roots             115 us, parallelism: 0.54x
[2021-02-28T14:28:28.844+0300][201.416s][info][gc,stats       ]     FCS: <total>                     63 us
[2021-02-28T14:28:28.844+0300][201.416s][info][gc,stats       ]     FCS: JNI Handles Roots            2 us, workers (us):   2,   0,   0, 
[2021-02-28T14:28:28.844+0300][201.416s][info][gc,stats       ]     FCS: VM Global Roots              2 us, workers (us):   2,   0,   0, 
[2021-02-28T14:28:28.844+0300][201.416s][info][gc,stats       ]     FCS: CLDG Roots                  58 us, workers (us):  58, ---, ---, 
[2021-02-28T14:28:28.844+0300][201.416s][info][gc,stats       ]   Mark                           453981 us
[2021-02-28T14:28:28.844+0300][201.416s][info][gc,stats       ]     Finish Queues                452358 us
[2021-02-28T14:28:28.844+0300][201.416s][info][gc,stats       ]     Weak References                 183 us
[2021-02-28T14:28:28.844+0300][201.416s][info][gc,stats       ]       Process                       178 us
[2021-02-28T14:28:28.844+0300][201.416s][info][gc,stats       ]     System Purge                     90 us
[2021-02-28T14:28:28.844+0300][201.416s][info][gc,stats       ]       Unload Classes               1048 us
[2021-02-28T14:28:28.844+0300][201.416s][info][gc,stats       ]       Weak Roots                     90 us
[2021-02-28T14:28:28.844+0300][201.416s][info][gc,stats       ]       CLDG                           13 us
[2021-02-28T14:28:28.844+0300][201.416s][info][gc,stats       ]   Calculate Addresses            176949 us
[2021-02-28T14:28:28.844+0300][201.416s][info][gc,stats       ]     Regular Objects              176912 us
[2021-02-28T14:28:28.844+0300][201.416s][info][gc,stats       ]     Humongous Objects                17 us
[2021-02-28T14:28:28.844+0300][201.416s][info][gc,stats       ]   Adjust Pointers                200641 us
[2021-02-28T14:28:28.844+0300][201.416s][info][gc,stats       ]     FA: <total>                    1665 us
[2021-02-28T14:28:28.844+0300][201.416s][info][gc,stats       ]     FA: Thread Roots                 76 us, workers (us):   1,  75,   1, 
[2021-02-28T14:28:28.844+0300][201.416s][info][gc,stats       ]     FA: Code Cache Roots           1479 us, workers (us): 535, 407, 537, 
[2021-02-28T14:28:28.844+0300][201.416s][info][gc,stats       ]     FA: Universe Roots                1 us, workers (us):   1, ---, ---, 
[2021-02-28T14:28:28.844+0300][201.416s][info][gc,stats       ]     FA: JNI Handles Roots             3 us, workers (us):   2,   1,   0, 
[2021-02-28T14:28:28.844+0300][201.416s][info][gc,stats       ]     FA: JVMTI Weak Roots              0 us, workers (us): ---,   0, ---, 
[2021-02-28T14:28:28.844+0300][201.416s][info][gc,stats       ]     FA: JFR Weak Roots                0 us, workers (us):   0, ---, ---, 
[2021-02-28T14:28:28.844+0300][201.416s][info][gc,stats       ]     FA: JNI Weak Roots                0 us, workers (us):   0,   0,   0, 
[2021-02-28T14:28:28.844+0300][201.416s][info][gc,stats       ]     FA: String Table Roots           58 us, workers (us):  29,  29,   1, 
[2021-02-28T14:28:28.844+0300][201.416s][info][gc,stats       ]     FA: Resolved Table Roots          5 us, workers (us):   1,   1,   2, 
[2021-02-28T14:28:28.844+0300][201.416s][info][gc,stats       ]     FA: VM Global Roots               2 us, workers (us):   1,   1,   0, 
[2021-02-28T14:28:28.844+0300][201.416s][info][gc,stats       ]     FA: VM Weak Roots                 3 us, workers (us):   2,   1,   0, 
[2021-02-28T14:28:28.844+0300][201.416s][info][gc,stats       ]     FA: Synchronizer Roots            0 us, workers (us): ---,   0, ---, 
[2021-02-28T14:28:28.844+0300][201.416s][info][gc,stats       ]     FA: Management Roots              1 us, workers (us): ---,   1, ---, 
[2021-02-28T14:28:28.844+0300][201.416s][info][gc,stats       ]     FA: CLDG Roots                   36 us, workers (us): ---,  36, ---, 
[2021-02-28T14:28:28.844+0300][201.416s][info][gc,stats       ]     FA: JVMTI Roots                   0 us, workers (us):   0, ---, ---, 
[2021-02-28T14:28:28.844+0300][201.416s][info][gc,stats       ]   Copy Objects                   185713 us
[2021-02-28T14:28:28.844+0300][201.416s][info][gc,stats       ]     Regular Objects              185145 us
[2021-02-28T14:28:28.844+0300][201.416s][info][gc,stats       ]     Humongous Objects                13 us
[2021-02-28T14:28:28.844+0300][201.416s][info][gc,stats       ]     Reset Complete Bitmap           504 us
[2021-02-28T14:28:28.844+0300][201.416s][info][gc,stats       ]     Rebuild Region Sets              50 us
[2021-02-28T14:28:28.844+0300][201.416s][info][gc,stats       ]   Post Heap Dump                      1 us
[2021-02-28T14:28:28.844+0300][201.416s][info][gc,stats       ] 
[2021-02-28T14:28:28.844+0300][201.416s][info][gc,stats       ] Allocation pacing accrued:
[2021-02-28T14:28:28.844+0300][201.416s][info][gc,stats       ]       0 of  1462 ms (  0.0%): <total>
[2021-02-28T14:28:28.844+0300][201.416s][info][gc,stats       ]       0 of  1462 ms (  0.0%): <average total>
[2021-02-28T14:28:28.844+0300][201.416s][info][gc,stats       ] 
[2021-02-28T14:28:28.844+0300][201.417s][info][gc,metaspace   ] Metaspace: 7092K(7808K)->7085K(7808K) NonClass: 6370K(6912K)->6363K(6912K) Class: 722K(896K)->721K(896K)
[2021-02-28T14:28:28.844+0300][201.417s][info][gc,ergo        ] Pacer for Idle. Initial: 20971K, Alloc Tax Rate: 1.0x
[2021-02-28T14:28:28.846+0300][201.418s][info][gc             ] Trigger: Handle Allocation Failure
[2021-02-28T14:28:28.846+0300][201.418s][info][gc,ergo        ] Free: 0B, Max: 0B regular, 0B humongous, Frag: 0% external, 0% internal; Reserve: 38400K, Max: 512K
[2021-02-28T14:28:28.846+0300][201.418s][info][gc,start       ] GC(133) Pause Degenerated GC (Outside of Cycle)
[2021-02-28T14:28:28.846+0300][201.418s][info][gc,task        ] GC(133) Using 3 of 3 workers for stw degenerated gc
[2021-02-28T14:28:28.846+0300][201.418s][info][gc,ergo        ] GC(133) Pacer for Reset. Non-Taxable: 1024M
[2021-02-28T14:28:28.846+0300][201.418s][info][gc,ergo        ] GC(133) Pacer for Mark. Expected Live: 2168M, Free: 0B, Non-Taxable: 0B, Alloc Tax Rate: infx
[2021-02-28T14:28:29.261+0300][201.833s][info][gc,ergo        ] GC(133) Adaptive CSet Selection. Target Free: 145M, Actual Free: 38400K, Max CSet: 43690K, Min Garbage: 107M
[2021-02-28T14:28:29.261+0300][201.833s][info][gc,ergo        ] GC(133) Collectable Garbage: 19424B (100%), Immediate: 0B (0%), CSet: 19424B (100%)
[2021-02-28T14:28:29.261+0300][201.833s][info][gc,ergo        ] GC(133) Pacer for Evacuation. Used CSet: 43517K, Free: 17152B, Non-Taxable: 1715B, Alloc Tax Rate: 6350.8x
[2021-02-28T14:28:29.270+0300][201.842s][info][gc             ] GC(133) Cancelling GC: Allocation Failure During Evacuation
[2021-02-28T14:28:29.272+0300][201.844s][info][gc             ] GC(133) Cannot finish degeneration, upgrading to Full GC
[2021-02-28T14:28:29.272+0300][201.845s][info][gc,phases,start] GC(133) Phase 1: Mark live objects
[2021-02-28T14:28:29.730+0300][202.303s][info][gc,phases      ] GC(133) Phase 1: Mark live objects 458.125ms
[2021-02-28T14:28:29.730+0300][202.303s][info][gc,phases,start] GC(133) Phase 2: Compute new object addresses
[2021-02-28T14:28:29.908+0300][202.480s][info][gc,phases      ] GC(133) Phase 2: Compute new object addresses 176.344ms
[2021-02-28T14:28:29.908+0300][202.480s][info][gc,phases,start] GC(133) Phase 3: Adjust pointers
[2021-02-28T14:28:30.107+0300][202.679s][info][gc,phases      ] GC(133) Phase 3: Adjust pointers 199.161ms
[2021-02-28T14:28:30.107+0300][202.679s][info][gc,phases,start] GC(133) Phase 4: Move objects
[2021-02-28T14:28:30.296+0300][202.868s][info][gc,phases      ] GC(133) Phase 4: Move objects 189.048ms
[2021-02-28T14:28:30.296+0300][202.868s][info][gc,ergo        ] GC(133) Bad progress for free space: 39936B, need 10485K
[2021-02-28T14:28:30.296+0300][202.868s][info][gc             ] GC(133) Pause Degenerated GC (Outside of Cycle) 986M->986M(1024M) 1450.239ms
[2021-02-28T14:28:30.296+0300][202.868s][info][gc,ergo        ] Free: 39936B, Max: 19992B regular, 0B humongous, Frag: 0% external, 99% internal; Reserve: 38400K, Max: 512K
[2021-02-28T14:28:30.296+0300][202.868s][info][gc,stats       ] 
[2021-02-28T14:28:30.296+0300][202.868s][info][gc,stats       ] All times are wall-clock times, except per-root-class counters, that are sum over
[2021-02-28T14:28:30.296+0300][202.868s][info][gc,stats       ] all workers. Dividing the <total> over the root stage time estimates parallelism.
[2021-02-28T14:28:30.296+0300][202.868s][info][gc,stats       ] 
[2021-02-28T14:28:30.296+0300][202.868s][info][gc,stats       ]   Manage TLABs                        3 us
[2021-02-28T14:28:30.296+0300][202.868s][info][gc             ] Failed to allocate TLAB, 2648B
[2021-02-28T14:28:30.296+0300][202.868s][info][gc,stats       ]   Update Region States               74 us
[2021-02-28T14:28:30.296+0300][202.868s][info][gc             ] Cancelling GC: Allocation Failure
[2021-02-28T14:28:30.296+0300][202.869s][info][gc,stats       ]   Scan Roots                        109 us, parallelism: 1.08x
[2021-02-28T14:28:30.296+0300][202.869s][info][gc,stats       ]     S: <total>                      118 us
[2021-02-28T14:28:30.296+0300][202.869s][info][gc,stats       ]     S: Thread Roots                 114 us, workers (us):  38,  43,  33, 
[2021-02-28T14:28:30.296+0300][202.869s][info][gc,stats       ]     S: Universe Roots                 2 us, workers (us):   2, ---, ---, 
[2021-02-28T14:28:30.296+0300][202.869s][info][gc,stats       ]     S: Synchronizer Roots             0 us, workers (us): ---,   0, ---, 
[2021-02-28T14:28:30.296+0300][202.869s][info][gc,stats       ]     S: Management Roots               2 us, workers (us): ---,   2, ---, 
[2021-02-28T14:28:30.296+0300][202.869s][info][gc,stats       ]     S: JVMTI Roots                    0 us, workers (us):   0, ---, ---, 
[2021-02-28T14:28:30.296+0300][202.869s][info][gc,stats       ]   Finish Queues                  413698 us
[2021-02-28T14:28:30.296+0300][202.869s][info][gc,stats       ]   Weak References                    28 us
[2021-02-28T14:28:30.296+0300][202.869s][info][gc,stats       ]     Process                          23 us
[2021-02-28T14:28:30.296+0300][202.869s][info][gc,stats       ]   System Purge                      110 us
[2021-02-28T14:28:30.296+0300][202.869s][info][gc,stats       ]     Unload Classes                  654 us
[2021-02-28T14:28:30.296+0300][202.869s][info][gc,stats       ]     Weak Roots                      110 us
[2021-02-28T14:28:30.296+0300][202.869s][info][gc,stats       ]     CLDG                              0 us
[2021-02-28T14:28:30.296+0300][202.869s][info][gc,stats       ]   Update Region States               89 us
[2021-02-28T14:28:30.296+0300][202.869s][info][gc,stats       ]   Manage GC/TLABs                     2 us
[2021-02-28T14:28:30.296+0300][202.869s][info][gc,stats       ]   Choose Collection Set             117 us
[2021-02-28T14:28:30.296+0300][202.869s][info][gc,stats       ]   Rebuild Free Set                   22 us
[2021-02-28T14:28:30.296+0300][202.869s][info][gc,stats       ]   Initial Evacuation                 60 us
[2021-02-28T14:28:30.296+0300][202.869s][info][gc,stats       ] Pause Degenerated GC (G)        1450462 us
[2021-02-28T14:28:30.296+0300][202.869s][info][gc,stats       ] Pause Degenerated GC (N)        1450255 us
[2021-02-28T14:28:30.296+0300][202.869s][info][gc,stats       ]   Degen Mark Roots                  101 us, parallelism: 0.51x
[2021-02-28T14:28:30.296+0300][202.869s][info][gc,stats       ]     DM: <total>                      51 us
[2021-02-28T14:28:30.296+0300][202.869s][info][gc,stats       ]     DM: JNI Handles Roots             2 us, workers (us):   1,   0,   0, 
[2021-02-28T14:28:30.296+0300][202.869s][info][gc,stats       ]     DM: VM Global Roots               3 us, workers (us):   1,   2,   0, 
[2021-02-28T14:28:30.296+0300][202.869s][info][gc,stats       ]     DM: CLDG Roots                   47 us, workers (us):  47, ---, ---, 
[2021-02-28T14:28:30.296+0300][202.869s][info][gc,stats       ]   Pre Heap Dump                       1 us
[2021-02-28T14:28:30.296+0300][202.869s][info][gc,stats       ]   Prepare                          1164 us
[2021-02-28T14:28:30.296+0300][202.869s][info][gc,stats       ]     Update Roots                    672 us, parallelism: 2.25x
[2021-02-28T14:28:30.296+0300][202.869s][info][gc,stats       ]       FU: <total>                  1514 us
[2021-02-28T14:28:30.296+0300][202.869s][info][gc,stats       ]       FU: Thread Roots               67 us, workers (us):  66,   1,   1, 
[2021-02-28T14:28:30.296+0300][202.869s][info][gc,stats       ]       FU: Code Cache Roots         1377 us, workers (us): 380, 503, 494, 
[2021-02-28T14:28:30.296+0300][202.869s][info][gc,stats       ]       FU: Universe Roots              1 us, workers (us):   1, ---, ---, 
[2021-02-28T14:28:30.296+0300][202.869s][info][gc,stats       ]       FU: JNI Handles Roots           1 us, workers (us):   0,   0,   0, 
[2021-02-28T14:28:30.296+0300][202.869s][info][gc,stats       ]       FU: JVMTI Weak Roots            0 us, workers (us):   0, ---, ---, 
[2021-02-28T14:28:30.296+0300][202.869s][info][gc,stats       ]       FU: JFR Weak Roots              0 us, workers (us):   0, ---, ---, 
[2021-02-28T14:28:30.296+0300][202.869s][info][gc,stats       ]       FU: String Table Roots         36 us, workers (us):  32,   5,   0, 
[2021-02-28T14:28:30.296+0300][202.869s][info][gc,stats       ]       FU: Resolved Table Roots        3 us, workers (us):   1,   2,   0, 
[2021-02-28T14:28:30.296+0300][202.869s][info][gc,stats       ]       FU: VM Global Roots             1 us, workers (us):   1,   0,   0, 
[2021-02-28T14:28:30.296+0300][202.869s][info][gc,stats       ]       FU: VM Weak Roots               1 us, workers (us):   0,   0,   0, 
[2021-02-28T14:28:30.296+0300][202.869s][info][gc,stats       ]       FU: Synchronizer Roots          0 us, workers (us):   0, ---, ---, 
[2021-02-28T14:28:30.296+0300][202.869s][info][gc,stats       ]       FU: Management Roots            1 us, workers (us):   1, ---, ---, 
[2021-02-28T14:28:30.296+0300][202.869s][info][gc,stats       ]       FU: CLDG Roots                 25 us, workers (us):  25, ---, ---, 
[2021-02-28T14:28:30.296+0300][202.869s][info][gc,stats       ]       FU: JVMTI Roots                 0 us, workers (us):   0, ---, ---, 
[2021-02-28T14:28:30.296+0300][202.869s][info][gc,stats       ]   Scan Roots                        136 us, parallelism: 1.04x
[2021-02-28T14:28:30.296+0300][202.869s][info][gc,stats       ]     FS: <total>                     141 us
[2021-02-28T14:28:30.296+0300][202.869s][info][gc,stats       ]     FS: Thread Roots                137 us, workers (us):  61,  34,  42, 
[2021-02-28T14:28:30.296+0300][202.869s][info][gc,stats       ]     FS: Universe Roots                2 us, workers (us):   2, ---, ---, 
[2021-02-28T14:28:30.296+0300][202.869s][info][gc,stats       ]     FS: Synchronizer Roots            0 us, workers (us):   0, ---, ---, 
[2021-02-28T14:28:30.296+0300][202.869s][info][gc,stats       ]     FS: Management Roots              1 us, workers (us):   1, ---, ---, 
[2021-02-28T14:28:30.296+0300][202.869s][info][gc,stats       ]     FS: JVMTI Roots                   0 us, workers (us):   0, ---, ---, 
[2021-02-28T14:28:30.296+0300][202.869s][info][gc,stats       ]   Scan Concurrent Roots             152 us, parallelism: 0.62x
[2021-02-28T14:28:30.296+0300][202.869s][info][gc,stats       ]     FCS: <total>                     93 us
[2021-02-28T14:28:30.296+0300][202.869s][info][gc,stats       ]     FCS: JNI Handles Roots            2 us, workers (us):   1,   0,   0, 
[2021-02-28T14:28:30.296+0300][202.869s][info][gc,stats       ]     FCS: VM Global Roots              2 us, workers (us):   2,   0,   0, 
[2021-02-28T14:28:30.296+0300][202.869s][info][gc,stats       ]     FCS: CLDG Roots                  90 us, workers (us):  90, ---, ---, 
[2021-02-28T14:28:30.296+0300][202.869s][info][gc,stats       ]   Mark                           458086 us
[2021-02-28T14:28:30.296+0300][202.869s][info][gc,stats       ]     Finish Queues                456891 us
[2021-02-28T14:28:30.296+0300][202.869s][info][gc,stats       ]     Weak References                 200 us
[2021-02-28T14:28:30.296+0300][202.869s][info][gc,stats       ]       Process                       194 us
[2021-02-28T14:28:30.296+0300][202.869s][info][gc,stats       ]     System Purge                    102 us
[2021-02-28T14:28:30.296+0300][202.869s][info][gc,stats       ]       Unload Classes                586 us
[2021-02-28T14:28:30.296+0300][202.869s][info][gc,stats       ]       Weak Roots                    102 us
[2021-02-28T14:28:30.296+0300][202.869s][info][gc,stats       ]       CLDG                            0 us
[2021-02-28T14:28:30.296+0300][202.869s][info][gc,stats       ]   Calculate Addresses            176330 us
[2021-02-28T14:28:30.296+0300][202.869s][info][gc,stats       ]     Regular Objects              176294 us
[2021-02-28T14:28:30.296+0300][202.869s][info][gc,stats       ]     Humongous Objects                17 us
[2021-02-28T14:28:30.296+0300][202.869s][info][gc,stats       ]   Adjust Pointers                199148 us
[2021-02-28T14:28:30.296+0300][202.869s][info][gc,stats       ]     FA: <total>                    1649 us
[2021-02-28T14:28:30.296+0300][202.869s][info][gc,stats       ]     FA: Thread Roots                 76 us, workers (us):   1,  74,   1, 
[2021-02-28T14:28:30.296+0300][202.870s][info][gc,stats       ]     FA: Code Cache Roots           1469 us, workers (us): 535, 399, 535, 
[2021-02-28T14:28:30.296+0300][202.870s][info][gc,stats       ]     FA: Universe Roots                1 us, workers (us):   1, ---, ---, 
[2021-02-28T14:28:30.296+0300][202.870s][info][gc,stats       ]     FA: JNI Handles Roots             2 us, workers (us):   2,   0,   0, 
[2021-02-28T14:28:30.296+0300][202.870s][info][gc,stats       ]     FA: JVMTI Weak Roots              0 us, workers (us):   0, ---, ---, 
[2021-02-28T14:28:30.296+0300][202.870s][info][gc,stats       ]     FA: JFR Weak Roots                0 us, workers (us):   0, ---, ---, 
[2021-02-28T14:28:30.296+0300][202.870s][info][gc,stats       ]     FA: String Table Roots           54 us, workers (us):  40,  13,   2, 
[2021-02-28T14:28:30.296+0300][202.870s][info][gc,stats       ]     FA: Resolved Table Roots          5 us, workers (us):   1,   2,   1, 
[2021-02-28T14:28:30.296+0300][202.870s][info][gc,stats       ]     FA: VM Global Roots               2 us, workers (us):   2,   0,   0, 
[2021-02-28T14:28:30.296+0300][202.870s][info][gc,stats       ]     FA: VM Weak Roots                 3 us, workers (us):   2,   0,   1, 
[2021-02-28T14:28:30.296+0300][202.870s][info][gc,stats       ]     FA: Synchronizer Roots            0 us, workers (us):   0, ---, ---, 
[2021-02-28T14:28:30.296+0300][202.870s][info][gc,stats       ]     FA: Management Roots              1 us, workers (us):   1, ---, ---, 
[2021-02-28T14:28:30.296+0300][202.870s][info][gc,stats       ]     FA: CLDG Roots                   35 us, workers (us): ---,  35, ---, 
[2021-02-28T14:28:30.296+0300][202.870s][info][gc,stats       ]     FA: JVMTI Roots                   0 us, workers (us):   0, ---, ---, 
[2021-02-28T14:28:30.296+0300][202.870s][info][gc,stats       ]   Copy Objects                   189034 us
[2021-02-28T14:28:30.296+0300][202.870s][info][gc,stats       ]     Regular Objects              188454 us
[2021-02-28T14:28:30.296+0300][202.870s][info][gc,stats       ]     Humongous Objects                13 us
[2021-02-28T14:28:30.296+0300][202.870s][info][gc,stats       ]     Reset Complete Bitmap           518 us
[2021-02-28T14:28:30.296+0300][202.870s][info][gc,stats       ]     Rebuild Region Sets              48 us
[2021-02-28T14:28:30.298+0300][202.870s][info][gc,stats       ]   Post Heap Dump                      1 us
[2021-02-28T14:28:30.298+0300][202.870s][info][gc,stats       ] 
[2021-02-28T14:28:30.298+0300][202.870s][info][gc,stats       ] Allocation pacing accrued:
[2021-02-28T14:28:30.298+0300][202.870s][info][gc,stats       ]       0 of  1453 ms (  0.0%): <total>
[2021-02-28T14:28:30.298+0300][202.870s][info][gc,stats       ]       0 of  1453 ms (  0.0%): <average total>
[2021-02-28T14:28:30.298+0300][202.870s][info][gc,stats       ] 
[2021-02-28T14:28:30.298+0300][202.870s][info][gc,metaspace   ] Metaspace: 7085K(7808K)->7085K(7808K) NonClass: 6363K(6912K)->6363K(6912K) Class: 721K(896K)->721K(896K)
[2021-02-28T14:28:30.298+0300][202.870s][info][gc,ergo        ] Pacer for Idle. Initial: 20971K, Alloc Tax Rate: 1.0x
[2021-02-28T14:28:30.300+0300][202.872s][info][gc             ] Trigger: Handle Allocation Failure
[2021-02-28T14:28:30.300+0300][202.872s][info][gc,ergo        ] Free: 0B, Max: 0B regular, 0B humongous, Frag: 0% external, 0% internal; Reserve: 38400K, Max: 512K
[2021-02-28T14:28:30.300+0300][202.872s][info][gc,start       ] GC(134) Pause Degenerated GC (Outside of Cycle)
[2021-02-28T14:28:30.300+0300][202.872s][info][gc,task        ] GC(134) Using 3 of 3 workers for stw degenerated gc
[2021-02-28T14:28:30.300+0300][202.872s][info][gc,ergo        ] GC(134) Pacer for Reset. Non-Taxable: 1024M
[2021-02-28T14:28:30.300+0300][202.873s][info][gc,ergo        ] GC(134) Pacer for Mark. Expected Live: 2168M, Free: 0B, Non-Taxable: 0B, Alloc Tax Rate: infx
[2021-02-28T14:28:30.715+0300][203.288s][info][gc,ergo        ] GC(134) Adaptive CSet Selection. Target Free: 145M, Actual Free: 38400K, Max CSet: 43690K, Min Garbage: 107M
[2021-02-28T14:28:30.715+0300][203.288s][info][gc,ergo        ] GC(134) Collectable Garbage: 5824B (100%), Immediate: 0B (0%), CSet: 5824B (100%)
[2021-02-28T14:28:30.715+0300][203.288s][info][gc,ergo        ] GC(134) Pacer for Evacuation. Used CSet: 43517K, Free: 16616B, Non-Taxable: 1661B, Alloc Tax Rate: 6555.4x
[2021-02-28T14:28:30.724+0300][203.296s][info][gc             ] GC(134) Cancelling GC: Allocation Failure During Evacuation
[2021-02-28T14:28:30.726+0300][203.298s][info][gc             ] GC(134) Cannot finish degeneration, upgrading to Full GC
[2021-02-28T14:28:30.726+0300][203.299s][info][gc,phases,start] GC(134) Phase 1: Mark live objects
[2021-02-28T14:28:31.176+0300][203.749s][info][gc,phases      ] GC(134) Phase 1: Mark live objects 450.219ms
[2021-02-28T14:28:31.176+0300][203.749s][info][gc,phases,start] GC(134) Phase 2: Compute new object addresses
[2021-02-28T14:28:31.357+0300][203.929s][info][gc,phases      ] GC(134) Phase 2: Compute new object addresses 179.638ms
[2021-02-28T14:28:31.357+0300][203.929s][info][gc,phases,start] GC(134) Phase 3: Adjust pointers
[2021-02-28T14:28:31.557+0300][204.129s][info][gc,phases      ] GC(134) Phase 3: Adjust pointers 199.702ms
[2021-02-28T14:28:31.557+0300][204.129s][info][gc,phases,start] GC(134) Phase 4: Move objects
[2021-02-28T14:28:31.738+0300][204.310s][info][gc,phases      ] GC(134) Phase 4: Move objects 181.466ms
[2021-02-28T14:28:31.738+0300][204.311s][info][gc,ergo        ] GC(134) Bad progress for free space: 536K, need 10485K
[2021-02-28T14:28:31.738+0300][204.311s][info][gc             ] GC(134) Pause Degenerated GC (Outside of Cycle) 986M->986M(1024M) 1438.494ms
[2021-02-28T14:28:31.738+0300][204.311s][info][gc,ergo        ] Free: 536K, Max: 383K regular, 0B humongous, Frag: 0% external, 99% internal; Reserve: 37888K, Max: 512K
[2021-02-28T14:28:31.738+0300][204.311s][info][gc,stats       ] 
[2021-02-28T14:28:31.738+0300][204.311s][info][gc,stats       ] All times are wall-clock times, except per-root-class counters, that are sum over
[2021-02-28T14:28:31.738+0300][204.311s][info][gc,stats       ] all workers. Dividing the <total> over the root stage time estimates parallelism.
[2021-02-28T14:28:31.738+0300][204.311s][info][gc,stats       ] 
[2021-02-28T14:28:31.738+0300][204.311s][info][gc,stats       ]   Manage TLABs                        3 us
[2021-02-28T14:28:31.738+0300][204.311s][info][gc,stats       ]   Update Region States               88 us
[2021-02-28T14:28:31.738+0300][204.311s][info][gc,stats       ]   Scan Roots                        125 us, parallelism: 0.96x
[2021-02-28T14:28:31.738+0300][204.311s][info][gc,stats       ]     S: <total>                      119 us
[2021-02-28T14:28:31.738+0300][204.311s][info][gc,stats       ]     S: Thread Roots                 116 us, workers (us):  58,  26,  32, 
[2021-02-28T14:28:31.738+0300][204.311s][info][gc,stats       ]     S: Universe Roots                 2 us, workers (us):   2, ---, ---, 
[2021-02-28T14:28:31.738+0300][204.311s][info][gc,stats       ]     S: Synchronizer Roots             0 us, workers (us):   0, ---, ---, 
[2021-02-28T14:28:31.738+0300][204.311s][info][gc,stats       ]     S: Management Roots               1 us, workers (us):   1, ---, ---, 
[2021-02-28T14:28:31.738+0300][204.311s][info][gc,stats       ]     S: JVMTI Roots                    0 us, workers (us):   0, ---, ---, 
[2021-02-28T14:28:31.738+0300][204.311s][info][gc,stats       ]   Finish Queues                  414189 us
[2021-02-28T14:28:31.738+0300][204.311s][info][gc,stats       ]   Weak References                    28 us
[2021-02-28T14:28:31.738+0300][204.311s][info][gc,stats       ]     Process                          23 us
[2021-02-28T14:28:31.738+0300][204.311s][info][gc,stats       ]   System Purge                       91 us
[2021-02-28T14:28:31.738+0300][204.311s][info][gc,stats       ]     Unload Classes                  580 us
[2021-02-28T14:28:31.738+0300][204.311s][info][gc,stats       ]     Weak Roots                       90 us
[2021-02-28T14:28:31.738+0300][204.311s][info][gc,stats       ]     CLDG                              0 us
[2021-02-28T14:28:31.738+0300][204.311s][info][gc,stats       ]   Update Region States               47 us
[2021-02-28T14:28:31.738+0300][204.311s][info][gc,stats       ]   Manage GC/TLABs                     2 us
[2021-02-28T14:28:31.738+0300][204.311s][info][gc,stats       ]   Choose Collection Set             124 us
[2021-02-28T14:28:31.738+0300][204.311s][info][gc,stats       ]   Rebuild Free Set                   23 us
[2021-02-28T14:28:31.738+0300][204.311s][info][gc,stats       ]   Initial Evacuation                 15 us
[2021-02-28T14:28:31.738+0300][204.311s][info][gc,stats       ] Pause Degenerated GC (G)        1438734 us
[2021-02-28T14:28:31.738+0300][204.311s][info][gc,stats       ] Pause Degenerated GC (N)        1438511 us
[2021-02-28T14:28:31.738+0300][204.311s][info][gc,stats       ]   Degen Mark Roots                   69 us, parallelism: 0.71x
[2021-02-28T14:28:31.738+0300][204.311s][info][gc,stats       ]     DM: <total>                      49 us
[2021-02-28T14:28:31.738+0300][204.311s][info][gc,stats       ]     DM: JNI Handles Roots             2 us, workers (us):   1,   0,   0, 
[2021-02-28T14:28:31.738+0300][204.311s][info][gc,stats       ]     DM: VM Global Roots               2 us, workers (us):   2,   0,   0, 
[2021-02-28T14:28:31.738+0300][204.311s][info][gc,stats       ]     DM: CLDG Roots                   46 us, workers (us):  46, ---, ---, 
[2021-02-28T14:28:31.738+0300][204.311s][info][gc,stats       ]   Pre Heap Dump                       1 us
[2021-02-28T14:28:31.738+0300][204.311s][info][gc,stats       ]   Prepare                          1137 us
[2021-02-28T14:28:31.738+0300][204.311s][info][gc,stats       ]     Update Roots                    656 us, parallelism: 2.36x
[2021-02-28T14:28:31.738+0300][204.311s][info][gc,stats       ]       FU: <total>                  1545 us
[2021-02-28T14:28:31.738+0300][204.311s][info][gc,stats       ]       FU: Thread Roots               72 us, workers (us):   1,  71,   1, 
[2021-02-28T14:28:31.738+0300][204.311s][info][gc,stats       ]       FU: Code Cache Roots         1397 us, workers (us): 509, 387, 502, 
[2021-02-28T14:28:31.738+0300][204.311s][info][gc,stats       ]       FU: Universe Roots              1 us, workers (us):   1, ---, ---, 
[2021-02-28T14:28:31.738+0300][204.311s][info][gc,stats       ]       FU: JNI Handles Roots           1 us, workers (us):   0,   1,   0, 
[2021-02-28T14:28:31.738+0300][204.311s][info][gc,stats       ]       FU: JVMTI Weak Roots            0 us, workers (us): ---,   0, ---, 
[2021-02-28T14:28:31.738+0300][204.311s][info][gc,stats       ]       FU: JFR Weak Roots              0 us, workers (us):   0, ---, ---, 
[2021-02-28T14:28:31.738+0300][204.311s][info][gc,stats       ]       FU: JNI Weak Roots              0 us, workers (us):   0,   0,   0, 
[2021-02-28T14:28:31.738+0300][204.311s][info][gc,stats       ]       FU: String Table Roots         38 us, workers (us):  19,  19,   0, 
[2021-02-28T14:28:31.738+0300][204.311s][info][gc,stats       ]       FU: Resolved Table Roots        3 us, workers (us):   1,   1,   0, 
[2021-02-28T14:28:31.738+0300][204.311s][info][gc,stats       ]       FU: VM Global Roots             1 us, workers (us):   1,   0,   0, 
[2021-02-28T14:28:31.738+0300][204.311s][info][gc,stats       ]       FU: VM Weak Roots               1 us, workers (us):   0,   0,   0, 
[2021-02-28T14:28:31.738+0300][204.311s][info][gc,stats       ]       FU: Synchronizer Roots          0 us, workers (us): ---,   0, ---, 
[2021-02-28T14:28:31.738+0300][204.311s][info][gc,stats       ]       FU: Management Roots            1 us, workers (us):   1, ---, ---, 
[2021-02-28T14:28:31.738+0300][204.311s][info][gc,stats       ]       FU: CLDG Roots                 29 us, workers (us): ---,  29, ---, 
[2021-02-28T14:28:31.738+0300][204.311s][info][gc,stats       ]       FU: JVMTI Roots                 0 us, workers (us): ---,   0, ---, 
[2021-02-28T14:28:31.738+0300][204.311s][info][gc,stats       ]   Scan Roots                        124 us, parallelism: 1.23x
[2021-02-28T14:28:31.738+0300][204.311s][info][gc,stats       ]     FS: <total>                     152 us
[2021-02-28T14:28:31.738+0300][204.311s][info][gc,stats       ]     FS: Thread Roots                148 us, workers (us):  58,  49,  41, 
[2021-02-28T14:28:31.738+0300][204.311s][info][gc,stats       ]     FS: Universe Roots                2 us, workers (us):   2, ---, ---, 
[2021-02-28T14:28:31.738+0300][204.311s][info][gc,stats       ]     FS: Synchronizer Roots            0 us, workers (us): ---,   0, ---, 
[2021-02-28T14:28:31.738+0300][204.311s][info][gc,stats       ]     FS: Management Roots              2 us, workers (us): ---,   2, ---, 
[2021-02-28T14:28:31.738+0300][204.311s][info][gc,stats       ]     FS: JVMTI Roots                   0 us, workers (us):   0, ---, ---, 
[2021-02-28T14:28:31.738+0300][204.311s][info][gc,stats       ]   Scan Concurrent Roots             116 us, parallelism: 0.56x
[2021-02-28T14:28:31.738+0300][204.311s][info][gc,stats       ]     FCS: <total>                     65 us
[2021-02-28T14:28:31.738+0300][204.311s][info][gc,stats       ]     FCS: JNI Handles Roots            2 us, workers (us):   2,   0,   0, 
[2021-02-28T14:28:31.738+0300][204.311s][info][gc,stats       ]     FCS: VM Global Roots              2 us, workers (us):   1,   2,   0, 
[2021-02-28T14:28:31.738+0300][204.311s][info][gc,stats       ]     FCS: CLDG Roots                  60 us, workers (us):  60, ---, ---, 
[2021-02-28T14:28:31.738+0300][204.311s][info][gc,stats       ]   Mark                           450180 us
[2021-02-28T14:28:31.738+0300][204.311s][info][gc,stats       ]     Finish Queues                448987 us
[2021-02-28T14:28:31.738+0300][204.311s][info][gc,stats       ]     Weak References                 202 us
[2021-02-28T14:28:31.738+0300][204.311s][info][gc,stats       ]       Process                       197 us
[2021-02-28T14:28:31.738+0300][204.312s][info][gc,stats       ]     System Purge                    133 us
[2021-02-28T14:28:31.738+0300][204.312s][info][gc,stats       ]       Unload Classes                598 us
[2021-02-28T14:28:31.738+0300][204.312s][info][gc,stats       ]       Weak Roots                    133 us
[2021-02-28T14:28:31.738+0300][204.312s][info][gc,stats       ]       CLDG                            0 us
[2021-02-28T14:28:31.738+0300][204.312s][info][gc,stats       ]   Calculate Addresses            179625 us
[2021-02-28T14:28:31.738+0300][204.312s][info][gc,stats       ]     Regular Objects              179588 us
[2021-02-28T14:28:31.738+0300][204.312s][info][gc,stats       ]     Humongous Objects                17 us
[2021-02-28T14:28:31.738+0300][204.312s][info][gc,stats       ]   Adjust Pointers                199689 us
[2021-02-28T14:28:31.738+0300][204.312s][info][gc,stats       ]     FA: <total>                    1661 us
[2021-02-28T14:28:31.738+0300][204.312s][info][gc,stats       ]     FA: Thread Roots                 79 us, workers (us):  77,   1,   1, 
[2021-02-28T14:28:31.738+0300][204.312s][info][gc,stats       ]     FA: Code Cache Roots           1475 us, workers (us): 403, 539, 533, 
[2021-02-28T14:28:31.738+0300][204.312s][info][gc,stats       ]     FA: Universe Roots                1 us, workers (us):   1, ---, ---, 
[2021-02-28T14:28:31.738+0300][204.312s][info][gc,stats       ]     FA: JNI Handles Roots             2 us, workers (us):   2,   0,   0, 
[2021-02-28T14:28:31.738+0300][204.312s][info][gc,stats       ]     FA: JVMTI Weak Roots              0 us, workers (us):   0, ---, ---, 
[2021-02-28T14:28:31.738+0300][204.312s][info][gc,stats       ]     FA: JFR Weak Roots                0 us, workers (us):   0, ---, ---, 
[2021-02-28T14:28:31.738+0300][204.312s][info][gc,stats       ]     FA: JNI Weak Roots                0 us, workers (us):   0,   0,   0, 
[2021-02-28T14:28:31.738+0300][204.312s][info][gc,stats       ]     FA: String Table Roots           55 us, workers (us):  37,  15,   3, 
[2021-02-28T14:28:31.738+0300][204.312s][info][gc,stats       ]     FA: Resolved Table Roots          5 us, workers (us):   1,   2,   1, 
[2021-02-28T14:28:31.738+0300][204.312s][info][gc,stats       ]     FA: VM Global Roots               2 us, workers (us):   2,   0,   0, 
[2021-02-28T14:28:31.738+0300][204.312s][info][gc,stats       ]     FA: VM Weak Roots                 3 us, workers (us):   1,   0,   3, 
[2021-02-28T14:28:31.738+0300][204.312s][info][gc,stats       ]     FA: Synchronizer Roots            0 us, workers (us):   0, ---, ---, 
[2021-02-28T14:28:31.740+0300][204.312s][info][gc,stats       ]     FA: Management Roots              1 us, workers (us):   1, ---, ---, 
[2021-02-28T14:28:31.740+0300][204.312s][info][gc,stats       ]     FA: CLDG Roots                   36 us, workers (us):  36, ---, ---, 
[2021-02-28T14:28:31.740+0300][204.312s][info][gc,stats       ]     FA: JVMTI Roots                   0 us, workers (us):   0, ---, ---, 
[2021-02-28T14:28:31.740+0300][204.312s][info][gc,stats       ]   Copy Objects                   181448 us
[2021-02-28T14:28:31.740+0300][204.312s][info][gc,stats       ]     Regular Objects              180940 us
[2021-02-28T14:28:31.740+0300][204.312s][info][gc,stats       ]     Humongous Objects                13 us
[2021-02-28T14:28:31.740+0300][204.312s][info][gc,stats       ]     Reset Complete Bitmap           446 us
[2021-02-28T14:28:31.740+0300][204.312s][info][gc,stats       ]     Rebuild Region Sets              47 us
[2021-02-28T14:28:31.740+0300][204.312s][info][gc,stats       ]   Post Heap Dump                      1 us
[2021-02-28T14:28:31.740+0300][204.312s][info][gc,stats       ] 
[2021-02-28T14:28:31.740+0300][204.312s][info][gc,stats       ] Allocation pacing accrued:
[2021-02-28T14:28:31.740+0300][204.312s][info][gc,stats       ]       0 of  1442 ms (  0.0%): <total>
[2021-02-28T14:28:31.740+0300][204.312s][info][gc,stats       ]       0 of  1442 ms (  0.0%): <average total>
[2021-02-28T14:28:31.740+0300][204.312s][info][gc,stats       ] 
[2021-02-28T14:28:31.740+0300][204.312s][info][gc,metaspace   ] Metaspace: 7085K(7808K)->7085K(7808K) NonClass: 6363K(6912K)->6363K(6912K) Class: 721K(896K)->721K(896K)
[2021-02-28T14:28:31.740+0300][204.312s][info][gc,ergo        ] Pacer for Idle. Initial: 20971K, Alloc Tax Rate: 1.0x
[2021-02-28T14:28:31.742+0300][204.314s][info][gc             ] Trigger: Free (367K) is below minimum threshold (102M)
[2021-02-28T14:28:31.742+0300][204.314s][info][gc,ergo        ] Free: 367K, Max: 225K regular, 0B humongous, Frag: 0% external, 99% internal; Reserve: 37888K, Max: 512K
[2021-02-28T14:28:31.742+0300][204.314s][info][gc,start       ] GC(135) Concurrent reset
[2021-02-28T14:28:31.742+0300][204.314s][info][gc,task        ] GC(135) Using 1 of 3 workers for concurrent reset
[2021-02-28T14:28:31.742+0300][204.314s][info][gc,ergo        ] GC(135) Pacer for Reset. Non-Taxable: 1024M
[2021-02-28T14:28:31.742+0300][204.314s][info][gc             ] GC(135) Concurrent reset 0.224ms
[2021-02-28T14:28:31.742+0300][204.314s][info][gc,start       ] GC(135) Pause Init Mark (process weakrefs) (unload classes)
[2021-02-28T14:28:31.742+0300][204.314s][info][gc,task        ] GC(135) Using 3 of 3 workers for init marking
[2021-02-28T14:28:31.742+0300][204.315s][info][gc,ergo        ] GC(135) Pacer for Mark. Expected Live: 2169M, Free: 367K, Non-Taxable: 37651B, Alloc Tax Rate: 7383.0x
[2021-02-28T14:28:31.742+0300][204.315s][info][gc             ] GC(135) Pause Init Mark (process weakrefs) (unload classes) 0.234ms
[2021-02-28T14:28:31.742+0300][204.315s][info][gc,start       ] GC(135) Concurrent marking (process weakrefs) (unload classes)
[2021-02-28T14:28:31.742+0300][204.315s][info][gc,task        ] GC(135) Using 1 of 3 workers for concurrent marking
[2021-02-28T14:28:32.224+0300][204.796s][info][gc             ] Failed to allocate TLAB, 2712B
[2021-02-28T14:28:32.224+0300][204.796s][info][gc             ] Cancelling GC: Allocation Failure
[2021-02-28T14:28:32.224+0300][204.796s][info][gc             ] GC(135) Concurrent marking (process weakrefs) (unload classes) 481.344ms
[2021-02-28T14:28:32.224+0300][204.796s][info][gc,ergo        ] Free: 0B, Max: 0B regular, 0B humongous, Frag: 0% external, 0% internal; Reserve: 37888K, Max: 512K
[2021-02-28T14:28:32.224+0300][204.796s][info][gc,stats       ] 
[2021-02-28T14:28:32.224+0300][204.796s][info][gc,stats       ] All times are wall-clock times, except per-root-class counters, that are sum over
[2021-02-28T14:28:32.224+0300][204.796s][info][gc,stats       ] all workers. Dividing the <total> over the root stage time estimates parallelism.
[2021-02-28T14:28:32.224+0300][204.796s][info][gc,stats       ] 
[2021-02-28T14:28:32.224+0300][204.796s][info][gc,stats       ] Concurrent Reset                    247 us
[2021-02-28T14:28:32.224+0300][204.796s][info][gc,stats       ] Pause Init Mark (G)                 444 us
[2021-02-28T14:28:32.224+0300][204.796s][info][gc,stats       ] Pause Init Mark (N)                 248 us
[2021-02-28T14:28:32.224+0300][204.796s][info][gc,stats       ]   Manage TLABs                        3 us
[2021-02-28T14:28:32.224+0300][204.796s][info][gc,stats       ]   Update Region States               80 us
[2021-02-28T14:28:32.224+0300][204.796s][info][gc,stats       ]   Scan Roots                         88 us, parallelism: 1.02x
[2021-02-28T14:28:32.224+0300][204.796s][info][gc,stats       ]     S: <total>                       89 us
[2021-02-28T14:28:32.224+0300][204.796s][info][gc,stats       ]     S: Thread Roots                  85 us, workers (us):  37,  38,  10, 
[2021-02-28T14:28:32.224+0300][204.796s][info][gc,stats       ]     S: Universe Roots                 2 us, workers (us):   2, ---, ---, 
[2021-02-28T14:28:32.224+0300][204.796s][info][gc,stats       ]     S: Synchronizer Roots             0 us, workers (us): ---,   0, ---, 
[2021-02-28T14:28:32.224+0300][204.796s][info][gc,stats       ]     S: Management Roots               1 us, workers (us): ---,   1, ---, 
[2021-02-28T14:28:32.224+0300][204.796s][info][gc,stats       ]     S: JVMTI Roots                    0 us, workers (us):   0, ---, ---, 
[2021-02-28T14:28:32.224+0300][204.796s][info][gc,stats       ] Concurrent Marking               481368 us
[2021-02-28T14:28:32.224+0300][204.796s][info][gc,stats       ]   Roots                             115 us, parallelism: 0.53x
[2021-02-28T14:28:32.224+0300][204.796s][info][gc,stats       ]     CM: <total>                      61 us
[2021-02-28T14:28:32.224+0300][204.796s][info][gc,stats       ]     CM: JNI Handles Roots             1 us, workers (us):   1, ---, ---, 
[2021-02-28T14:28:32.224+0300][204.796s][info][gc,stats       ]     CM: VM Global Roots               2 us, workers (us):   2, ---, ---, 
[2021-02-28T14:28:32.224+0300][204.796s][info][gc,stats       ]     CM: CLDG Roots                   57 us, workers (us):  57, ---, ---, 
[2021-02-28T14:28:32.224+0300][204.796s][info][gc,stats       ] Pacing                          1881699 us
[2021-02-28T14:28:32.224+0300][204.796s][info][gc,stats       ] 
[2021-02-28T14:28:32.224+0300][204.796s][info][gc,stats       ] Allocation pacing accrued:
[2021-02-28T14:28:32.224+0300][204.796s][info][gc,stats       ]     484 of   484 ms ( 99.9%): main
[2021-02-28T14:28:32.224+0300][204.796s][info][gc,stats       ]     483 of   484 ms ( 99.7%): Notification Thread
[2021-02-28T14:28:32.224+0300][204.796s][info][gc,stats       ]      16 of   484 ms (  3.3%): RMI TCP Connection(2)-172.22.16.1
[2021-02-28T14:28:32.224+0300][204.796s][info][gc,stats       ]     482 of   484 ms ( 99.5%): RMI TCP Connection(5)-172.22.16.1
[2021-02-28T14:28:32.224+0300][204.796s][info][gc,stats       ]     307 of   484 ms ( 63.4%): RMI TCP Connection(6)-172.22.16.1
[2021-02-28T14:28:32.224+0300][204.796s][info][gc,stats       ]     110 of   484 ms ( 22.7%): RMI TCP Connection(7)-172.22.16.1
[2021-02-28T14:28:32.224+0300][204.796s][info][gc,stats       ]    1882 of   484 ms (388.5%): <total>
[2021-02-28T14:28:32.224+0300][204.796s][info][gc,stats       ]      99 of   484 ms ( 20.4%): <average total>
[2021-02-28T14:28:32.224+0300][204.796s][info][gc,stats       ]     314 of   484 ms ( 64.7%): <average non-zero>
[2021-02-28T14:28:32.224+0300][204.796s][info][gc,stats       ] 
[2021-02-28T14:28:32.224+0300][204.796s][info][gc,metaspace   ] Metaspace: 7085K(7808K)->7099K(7808K) NonClass: 6363K(6912K)->6376K(6912K) Class: 721K(896K)->722K(896K)
[2021-02-28T14:28:32.224+0300][204.796s][info][gc,ergo        ] Pacer for Idle. Initial: 20971K, Alloc Tax Rate: 1.0x
[2021-02-28T14:28:32.240+0300][204.812s][info][gc             ] Trigger: Handle Allocation Failure
[2021-02-28T14:28:32.240+0300][204.812s][info][gc,ergo        ] Free: 0B, Max: 0B regular, 0B humongous, Frag: 0% external, 0% internal; Reserve: 37888K, Max: 512K
[2021-02-28T14:28:32.240+0300][204.812s][info][gc,start       ] GC(136) Pause Degenerated GC (Mark)
[2021-02-28T14:28:32.240+0300][204.812s][info][gc,task        ] GC(136) Using 3 of 3 workers for stw degenerated gc
[2021-02-28T14:28:32.491+0300][205.064s][info][gc,ergo        ] GC(136) Adaptive CSet Selection. Target Free: 145M, Actual Free: 37888K, Max CSet: 43690K, Min Garbage: 108M
[2021-02-28T14:28:32.491+0300][205.064s][info][gc,ergo        ] GC(136) Collectable Garbage: 104K (100%), Immediate: 0B (0%), CSet: 104K (100%)
[2021-02-28T14:28:32.491+0300][205.064s][info][gc,ergo        ] GC(136) Pacer for Evacuation. Used CSet: 43518K, Free: 18560B, Non-Taxable: 1856B, Alloc Tax Rate: 5869.2x
[2021-02-28T14:28:32.500+0300][205.072s][info][gc             ] GC(136) Cancelling GC: Allocation Failure During Evacuation
[2021-02-28T14:28:32.506+0300][205.078s][info][gc             ] GC(136) Cannot finish degeneration, upgrading to Full GC
[2021-02-28T14:28:32.506+0300][205.079s][info][gc,phases,start] GC(136) Phase 1: Mark live objects
[2021-02-28T14:28:32.958+0300][205.532s][info][gc,phases      ] GC(136) Phase 1: Mark live objects 452.443ms
[2021-02-28T14:28:32.958+0300][205.532s][info][gc,phases,start] GC(136) Phase 2: Compute new object addresses
[2021-02-28T14:28:33.137+0300][205.711s][info][gc,phases      ] GC(136) Phase 2: Compute new object addresses 178.896ms
[2021-02-28T14:28:33.137+0300][205.711s][info][gc,phases,start] GC(136) Phase 3: Adjust pointers
[2021-02-28T14:28:33.342+0300][205.914s][info][gc,phases      ] GC(136) Phase 3: Adjust pointers 203.721ms
[2021-02-28T14:28:33.342+0300][205.914s][info][gc,phases,start] GC(136) Phase 4: Move objects
[2021-02-28T14:28:33.526+0300][206.099s][info][gc,phases      ] GC(136) Phase 4: Move objects 184.392ms
[2021-02-28T14:28:33.526+0300][206.099s][info][gc,ergo        ] GC(136) Bad progress for free space: 355K, need 10485K
[2021-02-28T14:28:33.526+0300][206.099s][info][gc             ] GC(136) Pause Degenerated GC (Mark) 986M->986M(1024M) 1286.907ms
[2021-02-28T14:28:33.526+0300][206.099s][info][gc,ergo        ] Free: 355K, Max: 177K regular, 0B humongous, Frag: 0% external, 99% internal; Reserve: 37888K, Max: 512K
[2021-02-28T14:28:33.526+0300][206.099s][info][gc,stats       ] 
[2021-02-28T14:28:33.526+0300][206.099s][info][gc,stats       ] All times are wall-clock times, except per-root-class counters, that are sum over
[2021-02-28T14:28:33.526+0300][206.099s][info][gc,stats       ] all workers. Dividing the <total> over the root stage time estimates parallelism.
[2021-02-28T14:28:33.526+0300][206.099s][info][gc,stats       ] 
[2021-02-28T14:28:33.526+0300][206.099s][info][gc,stats       ]   Finish Queues                  250828 us
[2021-02-28T14:28:33.526+0300][206.099s][info][gc,stats       ]   Weak References                   187 us
[2021-02-28T14:28:33.526+0300][206.099s][info][gc,stats       ]     Process                         182 us
[2021-02-28T14:28:33.526+0300][206.099s][info][gc,stats       ]   System Purge                      116 us
[2021-02-28T14:28:33.526+0300][206.099s][info][gc,stats       ]     Unload Classes                  638 us
[2021-02-28T14:28:33.526+0300][206.099s][info][gc,stats       ]     Weak Roots                      115 us
[2021-02-28T14:28:33.526+0300][206.099s][info][gc,stats       ]     CLDG                              0 us
[2021-02-28T14:28:33.526+0300][206.099s][info][gc,stats       ]   Update Region States               94 us
[2021-02-28T14:28:33.526+0300][206.099s][info][gc,stats       ]   Manage GC/TLABs                     4 us
[2021-02-28T14:28:33.526+0300][206.099s][info][gc,stats       ]   Choose Collection Set             121 us
[2021-02-28T14:28:33.526+0300][206.099s][info][gc,stats       ]   Rebuild Free Set                   22 us
[2021-02-28T14:28:33.526+0300][206.099s][info][gc,stats       ]   Initial Evacuation                 17 us
[2021-02-28T14:28:33.526+0300][206.099s][info][gc,stats       ] Pause Degenerated GC (G)        1287127 us
[2021-02-28T14:28:33.526+0300][206.099s][info][gc,stats       ] Pause Degenerated GC (N)        1286921 us
[2021-02-28T14:28:33.526+0300][206.099s][info][gc,stats       ]   Degen Mark Roots                  132 us, parallelism: 0.45x
[2021-02-28T14:28:33.526+0300][206.099s][info][gc,stats       ]     DM: <total>                      59 us
[2021-02-28T14:28:33.526+0300][206.099s][info][gc,stats       ]     DM: JNI Handles Roots             2 us, workers (us):   1,   0,   0, 
[2021-02-28T14:28:33.526+0300][206.099s][info][gc,stats       ]     DM: VM Global Roots               2 us, workers (us):   2,   0,   0, 
[2021-02-28T14:28:33.526+0300][206.099s][info][gc,stats       ]     DM: CLDG Roots                   56 us, workers (us):  56, ---, ---, 
[2021-02-28T14:28:33.526+0300][206.099s][info][gc,stats       ]   Pre Heap Dump                       1 us
[2021-02-28T14:28:33.526+0300][206.099s][info][gc,stats       ]   Prepare                          1218 us
[2021-02-28T14:28:33.526+0300][206.099s][info][gc,stats       ]     Update Roots                    741 us, parallelism: 2.25x
[2021-02-28T14:28:33.526+0300][206.099s][info][gc,stats       ]       FU: <total>                  1666 us
[2021-02-28T14:28:33.526+0300][206.099s][info][gc,stats       ]       FU: Thread Roots              138 us, workers (us):   1, 126,  11, 
[2021-02-28T14:28:33.526+0300][206.099s][info][gc,stats       ]       FU: Code Cache Roots         1438 us, workers (us): 526, 390, 522, 
[2021-02-28T14:28:33.526+0300][206.099s][info][gc,stats       ]       FU: Universe Roots              1 us, workers (us):   1, ---, ---, 
[2021-02-28T14:28:33.526+0300][206.099s][info][gc,stats       ]       FU: JNI Handles Roots           1 us, workers (us):   0,   0,   0, 
[2021-02-28T14:28:33.526+0300][206.099s][info][gc,stats       ]       FU: JVMTI Weak Roots            0 us, workers (us):   0, ---, ---, 
[2021-02-28T14:28:33.526+0300][206.100s][info][gc,stats       ]       FU: JFR Weak Roots              0 us, workers (us):   0, ---, ---, 
[2021-02-28T14:28:33.526+0300][206.100s][info][gc,stats       ]       FU: JNI Weak Roots              0 us, workers (us):   0,   0,   0, 
[2021-02-28T14:28:33.526+0300][206.100s][info][gc,stats       ]       FU: String Table Roots         52 us, workers (us):  26,  13,  13, 
[2021-02-28T14:28:33.526+0300][206.100s][info][gc,stats       ]       FU: Resolved Table Roots        3 us, workers (us):   0,   2,   2, 
[2021-02-28T14:28:33.526+0300][206.100s][info][gc,stats       ]       FU: VM Global Roots             1 us, workers (us):   1,   0,   0, 
[2021-02-28T14:28:33.526+0300][206.100s][info][gc,stats       ]       FU: VM Weak Roots               2 us, workers (us):   0,   0,   1, 
[2021-02-28T14:28:33.526+0300][206.100s][info][gc,stats       ]       FU: Synchronizer Roots          0 us, workers (us):   0, ---, ---, 
[2021-02-28T14:28:33.526+0300][206.100s][info][gc,stats       ]       FU: Management Roots            1 us, workers (us):   1, ---, ---, 
[2021-02-28T14:28:33.526+0300][206.100s][info][gc,stats       ]       FU: CLDG Roots                 27 us, workers (us): ---,  27, ---, 
[2021-02-28T14:28:33.526+0300][206.100s][info][gc,stats       ]       FU: JVMTI Roots                 0 us, workers (us):   0, ---, ---, 
[2021-02-28T14:28:33.526+0300][206.100s][info][gc,stats       ]   Scan Roots                        150 us, parallelism: 1.05x
[2021-02-28T14:28:33.526+0300][206.100s][info][gc,stats       ]     FS: <total>                     158 us
[2021-02-28T14:28:33.526+0300][206.100s][info][gc,stats       ]     FS: Thread Roots                154 us, workers (us):  64,  41,  49, 
[2021-02-28T14:28:33.526+0300][206.100s][info][gc,stats       ]     FS: Universe Roots                2 us, workers (us):   2, ---, ---, 
[2021-02-28T14:28:33.526+0300][206.100s][info][gc,stats       ]     FS: Synchronizer Roots            0 us, workers (us):   0, ---, ---, 
[2021-02-28T14:28:33.526+0300][206.100s][info][gc,stats       ]     FS: Management Roots              2 us, workers (us):   2, ---, ---, 
[2021-02-28T14:28:33.526+0300][206.100s][info][gc,stats       ]     FS: JVMTI Roots                   0 us, workers (us):   0, ---, ---, 
[2021-02-28T14:28:33.526+0300][206.100s][info][gc,stats       ]   Scan Concurrent Roots             140 us, parallelism: 0.43x
[2021-02-28T14:28:33.526+0300][206.100s][info][gc,stats       ]     FCS: <total>                     61 us
[2021-02-28T14:28:33.526+0300][206.100s][info][gc,stats       ]     FCS: JNI Handles Roots            2 us, workers (us):   2,   0,   0, 
[2021-02-28T14:28:33.526+0300][206.100s][info][gc,stats       ]     FCS: VM Global Roots              2 us, workers (us):   2,   0,   0, 
[2021-02-28T14:28:33.528+0300][206.100s][info][gc,stats       ]     FCS: CLDG Roots                  57 us, workers (us):  57, ---, ---, 
[2021-02-28T14:28:33.528+0300][206.100s][info][gc,stats       ]   Mark                           452401 us
[2021-02-28T14:28:33.528+0300][206.100s][info][gc,stats       ]     Finish Queues                450760 us
[2021-02-28T14:28:33.528+0300][206.100s][info][gc,stats       ]     Weak References                 177 us
[2021-02-28T14:28:33.528+0300][206.100s][info][gc,stats       ]       Process                       171 us
[2021-02-28T14:28:33.528+0300][206.100s][info][gc,stats       ]     System Purge                     88 us
[2021-02-28T14:28:33.528+0300][206.100s][info][gc,stats       ]       Unload Classes               1049 us
[2021-02-28T14:28:33.528+0300][206.100s][info][gc,stats       ]       Weak Roots                     88 us
[2021-02-28T14:28:33.528+0300][206.100s][info][gc,stats       ]       CLDG                           20 us
[2021-02-28T14:28:33.528+0300][206.100s][info][gc,stats       ]   Calculate Addresses            178871 us
[2021-02-28T14:28:33.528+0300][206.100s][info][gc,stats       ]     Regular Objects              178837 us
[2021-02-28T14:28:33.528+0300][206.100s][info][gc,stats       ]     Humongous Objects                15 us
[2021-02-28T14:28:33.528+0300][206.100s][info][gc,stats       ]   Adjust Pointers                203707 us
[2021-02-28T14:28:33.528+0300][206.100s][info][gc,stats       ]     FA: <total>                    1664 us
[2021-02-28T14:28:33.528+0300][206.100s][info][gc,stats       ]     FA: Thread Roots                 80 us, workers (us):   1,   1,  78, 
[2021-02-28T14:28:33.528+0300][206.100s][info][gc,stats       ]     FA: Code Cache Roots           1474 us, workers (us): 537, 538, 399, 
[2021-02-28T14:28:33.528+0300][206.100s][info][gc,stats       ]     FA: Universe Roots                1 us, workers (us):   1, ---, ---, 
[2021-02-28T14:28:33.528+0300][206.100s][info][gc,stats       ]     FA: JNI Handles Roots             2 us, workers (us):   1,   0,   0, 
[2021-02-28T14:28:33.528+0300][206.100s][info][gc,stats       ]     FA: JVMTI Weak Roots              0 us, workers (us):   0, ---, ---, 
[2021-02-28T14:28:33.528+0300][206.100s][info][gc,stats       ]     FA: JFR Weak Roots                0 us, workers (us):   0, ---, ---, 
[2021-02-28T14:28:33.528+0300][206.100s][info][gc,stats       ]     FA: JNI Weak Roots                0 us, workers (us):   0,   0,   0, 
[2021-02-28T14:28:33.528+0300][206.100s][info][gc,stats       ]     FA: String Table Roots           61 us, workers (us):  39,  18,   4, 
[2021-02-28T14:28:33.528+0300][206.100s][info][gc,stats       ]     FA: Resolved Table Roots          4 us, workers (us):   1,   1,   2, 
[2021-02-28T14:28:33.528+0300][206.100s][info][gc,stats       ]     FA: VM Global Roots               2 us, workers (us):   2,   0,   0, 
[2021-02-28T14:28:33.528+0300][206.100s][info][gc,stats       ]     FA: VM Weak Roots                 2 us, workers (us):   2,   1,   0, 
[2021-02-28T14:28:33.528+0300][206.100s][info][gc,stats       ]     FA: Synchronizer Roots            0 us, workers (us):   0, ---, ---, 
[2021-02-28T14:28:33.528+0300][206.100s][info][gc,stats       ]     FA: Management Roots              1 us, workers (us):   1, ---, ---, 
[2021-02-28T14:28:33.528+0300][206.100s][info][gc,stats       ]     FA: CLDG Roots                   36 us, workers (us): ---, ---,  36, 
[2021-02-28T14:28:33.528+0300][206.100s][info][gc,stats       ]     FA: JVMTI Roots                   0 us, workers (us):   0, ---, ---, 
[2021-02-28T14:28:33.528+0300][206.100s][info][gc,stats       ]   Copy Objects                   184379 us
[2021-02-28T14:28:33.528+0300][206.100s][info][gc,stats       ]     Regular Objects              183821 us
[2021-02-28T14:28:33.528+0300][206.100s][info][gc,stats       ]     Humongous Objects                13 us
[2021-02-28T14:28:33.528+0300][206.100s][info][gc,stats       ]     Reset Complete Bitmap           496 us
[2021-02-28T14:28:33.528+0300][206.100s][info][gc,stats       ]     Rebuild Region Sets              48 us
[2021-02-28T14:28:33.528+0300][206.100s][info][gc,stats       ]   Post Heap Dump                      1 us
[2021-02-28T14:28:33.528+0300][206.100s][info][gc,stats       ] 
[2021-02-28T14:28:33.528+0300][206.100s][info][gc,stats       ] Allocation pacing accrued:
[2021-02-28T14:28:33.528+0300][206.100s][info][gc,stats       ]       0 of  1304 ms (  0.0%): <total>
[2021-02-28T14:28:33.528+0300][206.100s][info][gc,stats       ]       0 of  1304 ms (  0.0%): <average total>
[2021-02-28T14:28:33.528+0300][206.100s][info][gc,stats       ] 
[2021-02-28T14:28:33.528+0300][206.100s][info][gc,metaspace   ] Metaspace: 7099K(7808K)->7076K(7808K) NonClass: 6376K(6912K)->6356K(6912K) Class: 722K(896K)->719K(896K)
[2021-02-28T14:28:33.528+0300][206.100s][info][gc,ergo        ] Pacer for Idle. Initial: 20971K, Alloc Tax Rate: 1.0x
[2021-02-28T14:28:33.540+0300][206.112s][info][gc             ] Trigger: Free (156K) is below minimum threshold (102M)
[2021-02-28T14:28:33.540+0300][206.112s][info][gc,ergo        ] Free: 56352B, Max: 55736B regular, 0B humongous, Frag: 0% external, 96% internal; Reserve: 37888K, Max: 512K
[2021-02-28T14:28:33.540+0300][206.112s][info][gc,start       ] GC(137) Concurrent reset
[2021-02-28T14:28:33.540+0300][206.112s][info][gc             ] Failed to allocate TLAB, 2664B
[2021-02-28T14:28:33.540+0300][206.112s][info][gc,task        ] GC(137) Using 1 of 3 workers for concurrent reset
[2021-02-28T14:28:33.540+0300][206.112s][info][gc             ] Cancelling GC: Allocation Failure
[2021-02-28T14:28:33.540+0300][206.112s][info][gc,ergo        ] GC(137) Pacer for Reset. Non-Taxable: 1024M
[2021-02-28T14:28:33.540+0300][206.112s][info][gc             ] GC(137) Concurrent reset 0.365ms
[2021-02-28T14:28:33.540+0300][206.113s][info][gc,start       ] GC(137) Pause Init Mark (unload classes)
[2021-02-28T14:28:33.540+0300][206.113s][info][gc,task        ] GC(137) Using 3 of 3 workers for init marking
[2021-02-28T14:28:33.540+0300][206.113s][info][gc,ergo        ] GC(137) Pacer for Mark. Expected Live: 2169M, Free: 0B, Non-Taxable: 0B, Alloc Tax Rate: infx
[2021-02-28T14:28:33.540+0300][206.113s][info][gc             ] GC(137) Pause Init Mark (unload classes) 0.154ms
[2021-02-28T14:28:33.540+0300][206.113s][info][gc,start       ] GC(137) Concurrent marking (unload classes)
[2021-02-28T14:28:33.540+0300][206.113s][info][gc,task        ] GC(137) Using 1 of 3 workers for concurrent marking
[2021-02-28T14:28:33.540+0300][206.113s][info][gc             ] GC(137) Concurrent marking (unload classes) 0.195ms
[2021-02-28T14:28:33.540+0300][206.113s][info][gc,ergo        ] Free: 0B, Max: 0B regular, 0B humongous, Frag: 0% external, 0% internal; Reserve: 37888K, Max: 512K
[2021-02-28T14:28:33.540+0300][206.113s][info][gc,stats       ] 
[2021-02-28T14:28:33.540+0300][206.113s][info][gc,stats       ] All times are wall-clock times, except per-root-class counters, that are sum over
[2021-02-28T14:28:33.540+0300][206.113s][info][gc,stats       ] all workers. Dividing the <total> over the root stage time estimates parallelism.
[2021-02-28T14:28:33.540+0300][206.113s][info][gc,stats       ] 
[2021-02-28T14:28:33.540+0300][206.113s][info][gc,stats       ] Concurrent Reset                    387 us
[2021-02-28T14:28:33.540+0300][206.113s][info][gc,stats       ] Pause Init Mark (G)                 385 us
[2021-02-28T14:28:33.540+0300][206.113s][info][gc,stats       ] Pause Init Mark (N)                 167 us
[2021-02-28T14:28:33.540+0300][206.113s][info][gc,stats       ]   Manage TLABs                        2 us
[2021-02-28T14:28:33.540+0300][206.113s][info][gc,stats       ]   Update Region States               20 us
[2021-02-28T14:28:33.540+0300][206.113s][info][gc,stats       ]   Scan Roots                         59 us, parallelism: 1.94x
[2021-02-28T14:28:33.540+0300][206.113s][info][gc,stats       ]     S: <total>                      115 us
[2021-02-28T14:28:33.540+0300][206.113s][info][gc,stats       ]     S: Thread Roots                 111 us, workers (us):  33,  37,  41, 
[2021-02-28T14:28:33.540+0300][206.113s][info][gc,stats       ]     S: Universe Roots                 2 us, workers (us):   2, ---, ---, 
[2021-02-28T14:28:33.540+0300][206.113s][info][gc,stats       ]     S: Synchronizer Roots             0 us, workers (us): ---,   0, ---, 
[2021-02-28T14:28:33.540+0300][206.113s][info][gc,stats       ]     S: Management Roots               1 us, workers (us): ---, ---,   1, 
[2021-02-28T14:28:33.540+0300][206.113s][info][gc,stats       ]     S: JVMTI Roots                    0 us, workers (us): ---,   0, ---, 
[2021-02-28T14:28:33.540+0300][206.113s][info][gc,stats       ] Concurrent Marking                  217 us
[2021-02-28T14:28:33.540+0300][206.113s][info][gc,stats       ]   Roots                             108 us, parallelism: 0.56x
[2021-02-28T14:28:33.540+0300][206.113s][info][gc,stats       ]     CM: <total>                      61 us
[2021-02-28T14:28:33.540+0300][206.113s][info][gc,stats       ]     CM: JNI Handles Roots             1 us, workers (us):   1, ---, ---, 
[2021-02-28T14:28:33.540+0300][206.113s][info][gc,stats       ]     CM: VM Global Roots               2 us, workers (us):   2, ---, ---, 
[2021-02-28T14:28:33.540+0300][206.113s][info][gc,stats       ]     CM: CLDG Roots                   58 us, workers (us):  58, ---, ---, 
[2021-02-28T14:28:33.540+0300][206.113s][info][gc,stats       ] Pacing                            62761 us
[2021-02-28T14:28:33.540+0300][206.113s][info][gc,stats       ] 
[2021-02-28T14:28:33.540+0300][206.113s][info][gc,stats       ] Allocation pacing accrued:
[2021-02-28T14:28:33.540+0300][206.113s][info][gc,stats       ]      13 of    13 ms ( 96.2%): main
[2021-02-28T14:28:33.540+0300][206.113s][info][gc,stats       ]      13 of    13 ms ( 96.6%): Notification Thread
[2021-02-28T14:28:33.540+0300][206.113s][info][gc,stats       ]      13 of    13 ms ( 96.4%): RMI TCP Connection(5)-172.22.16.1
[2021-02-28T14:28:33.540+0300][206.113s][info][gc,stats       ]      12 of    13 ms ( 95.1%): RMI TCP Connection(6)-172.22.16.1
[2021-02-28T14:28:33.540+0300][206.113s][info][gc,stats       ]      13 of    13 ms ( 95.8%): RMI TCP Connection(7)-172.22.16.1
[2021-02-28T14:28:33.540+0300][206.113s][info][gc,stats       ]      63 of    13 ms (480.1%): <total>
[2021-02-28T14:28:33.540+0300][206.113s][info][gc,stats       ]       3 of    13 ms ( 25.3%): <average total>
[2021-02-28T14:28:33.540+0300][206.113s][info][gc,stats       ]      13 of    13 ms ( 96.0%): <average non-zero>
[2021-02-28T14:28:33.540+0300][206.113s][info][gc,stats       ] 
[2021-02-28T14:28:33.540+0300][206.113s][info][gc,metaspace   ] Metaspace: 7076K(7808K)->7076K(7808K) NonClass: 6356K(6912K)->6356K(6912K) Class: 719K(896K)->719K(896K)
[2021-02-28T14:28:33.540+0300][206.113s][info][gc,ergo        ] Pacer for Idle. Initial: 20971K, Alloc Tax Rate: 1.0x
[2021-02-28T14:28:33.556+0300][206.128s][info][gc             ] Trigger: Handle Allocation Failure
[2021-02-28T14:28:33.556+0300][206.128s][info][gc,ergo        ] Free: 0B, Max: 0B regular, 0B humongous, Frag: 0% external, 0% internal; Reserve: 37888K, Max: 512K
[2021-02-28T14:28:33.556+0300][206.128s][info][gc,start       ] GC(138) Pause Full
[2021-02-28T14:28:33.556+0300][206.128s][info][gc,task        ] GC(138) Using 3 of 3 workers for full gc
[2021-02-28T14:28:33.556+0300][206.129s][info][gc,phases,start] GC(138) Phase 1: Mark live objects
[2021-02-28T14:28:33.967+0300][206.540s][info][gc,phases      ] GC(138) Phase 1: Mark live objects 411.398ms
[2021-02-28T14:28:33.967+0300][206.540s][info][gc,phases,start] GC(138) Phase 2: Compute new object addresses
[2021-02-28T14:28:34.144+0300][206.717s][info][gc,phases      ] GC(138) Phase 2: Compute new object addresses 176.939ms
[2021-02-28T14:28:34.144+0300][206.717s][info][gc,phases,start] GC(138) Phase 3: Adjust pointers
[2021-02-28T14:28:34.346+0300][206.918s][info][gc,phases      ] GC(138) Phase 3: Adjust pointers 201.207ms
[2021-02-28T14:28:34.346+0300][206.918s][info][gc,phases,start] GC(138) Phase 4: Move objects
[2021-02-28T14:28:34.529+0300][207.102s][info][gc,phases      ] GC(138) Phase 4: Move objects 183.862ms
[2021-02-28T14:28:34.529+0300][207.102s][info][gc,ergo        ] GC(138) Bad progress for free space: 104K, need 10485K
[2021-02-28T14:28:34.529+0300][207.102s][info][gc             ] GC(138) Pause Full 986M->986M(1024M) 974.271ms
[2021-02-28T14:28:34.529+0300][207.102s][info][gc,ergo        ] Free: 104K, Max: 88456B regular, 0B humongous, Frag: 0% external, 99% internal; Reserve: 37888K, Max: 512K
[2021-02-28T14:28:34.529+0300][207.102s][info][gc,stats       ] 
[2021-02-28T14:28:34.529+0300][207.103s][info][gc,stats       ] All times are wall-clock times, except per-root-class counters, that are sum over
[2021-02-28T14:28:34.529+0300][207.103s][info][gc,stats       ] all workers. Dividing the <total> over the root stage time estimates parallelism.
[2021-02-28T14:28:34.529+0300][207.103s][info][gc,stats       ] 
[2021-02-28T14:28:34.529+0300][207.103s][info][gc,stats       ] Pause Full GC (G)                974443 us
[2021-02-28T14:28:34.529+0300][207.103s][info][gc,stats       ] Pause Full GC (N)                974285 us
[2021-02-28T14:28:34.529+0300][207.103s][info][gc,stats       ]   Pre Heap Dump                       1 us
[2021-02-28T14:28:34.529+0300][207.103s][info][gc,stats       ]   Prepare                           520 us
[2021-02-28T14:28:34.529+0300][207.103s][info][gc,stats       ]   Scan Roots                        115 us, parallelism: 1.33x
[2021-02-28T14:28:34.529+0300][207.103s][info][gc,stats       ]     FS: <total>                     153 us
[2021-02-28T14:28:34.529+0300][207.103s][info][gc,stats       ]     FS: Thread Roots                149 us, workers (us):  62,  52,  35, 
[2021-02-28T14:28:34.529+0300][207.103s][info][gc,stats       ]     FS: Universe Roots                2 us, workers (us):   2, ---, ---, 
[2021-02-28T14:28:34.529+0300][207.103s][info][gc,stats       ]     FS: Synchronizer Roots            0 us, workers (us):   0, ---, ---, 
[2021-02-28T14:28:34.529+0300][207.103s][info][gc,stats       ]     FS: Management Roots              2 us, workers (us): ---,   2, ---, 
[2021-02-28T14:28:34.529+0300][207.103s][info][gc,stats       ]     FS: JVMTI Roots                   0 us, workers (us):   0, ---, ---, 
[2021-02-28T14:28:34.529+0300][207.103s][info][gc,stats       ]   Scan Concurrent Roots              99 us, parallelism: 0.50x
[2021-02-28T14:28:34.530+0300][207.103s][info][gc,stats       ]     FCS: <total>                     49 us
[2021-02-28T14:28:34.530+0300][207.103s][info][gc,stats       ]     FCS: JNI Handles Roots            2 us, workers (us):   1,   0,   0, 
[2021-02-28T14:28:34.530+0300][207.103s][info][gc,stats       ]     FCS: VM Global Roots              2 us, workers (us):   1,   2,   0, 
[2021-02-28T14:28:34.530+0300][207.103s][info][gc,stats       ]     FCS: CLDG Roots                  45 us, workers (us):  45, ---, ---, 
[2021-02-28T14:28:34.530+0300][207.103s][info][gc,stats       ]   Mark                           411357 us
[2021-02-28T14:28:34.530+0300][207.103s][info][gc,stats       ]     Finish Queues                409854 us
[2021-02-28T14:28:34.530+0300][207.103s][info][gc,stats       ]     Weak References                 168 us
[2021-02-28T14:28:34.530+0300][207.103s][info][gc,stats       ]       Process                       162 us
[2021-02-28T14:28:34.530+0300][207.103s][info][gc,stats       ]     System Purge                     64 us
[2021-02-28T14:28:34.530+0300][207.103s][info][gc,stats       ]       Unload Classes               1031 us
[2021-02-28T14:28:34.530+0300][207.103s][info][gc,stats       ]       Weak Roots                     64 us
[2021-02-28T14:28:34.530+0300][207.103s][info][gc,stats       ]       CLDG                           10 us
[2021-02-28T14:28:34.530+0300][207.103s][info][gc,stats       ]   Calculate Addresses            176927 us
[2021-02-28T14:28:34.530+0300][207.103s][info][gc,stats       ]     Regular Objects              176894 us
[2021-02-28T14:28:34.530+0300][207.103s][info][gc,stats       ]     Humongous Objects                14 us
[2021-02-28T14:28:34.530+0300][207.103s][info][gc,stats       ]   Adjust Pointers                201194 us
[2021-02-28T14:28:34.530+0300][207.103s][info][gc,stats       ]     FA: <total>                    1665 us
[2021-02-28T14:28:34.530+0300][207.103s][info][gc,stats       ]     FA: Thread Roots                 82 us, workers (us):   1,   1,  80, 
[2021-02-28T14:28:34.530+0300][207.103s][info][gc,stats       ]     FA: Code Cache Roots           1482 us, workers (us): 544, 538, 400, 
[2021-02-28T14:28:34.530+0300][207.103s][info][gc,stats       ]     FA: Universe Roots                1 us, workers (us):   1, ---, ---, 
[2021-02-28T14:28:34.530+0300][207.103s][info][gc,stats       ]     FA: JNI Handles Roots             2 us, workers (us):   2,   0,   0, 
[2021-02-28T14:28:34.530+0300][207.103s][info][gc,stats       ]     FA: JVMTI Weak Roots              0 us, workers (us):   0, ---, ---, 
[2021-02-28T14:28:34.530+0300][207.103s][info][gc,stats       ]     FA: JFR Weak Roots                1 us, workers (us):   1, ---, ---, 
[2021-02-28T14:28:34.530+0300][207.103s][info][gc,stats       ]     FA: JNI Weak Roots                0 us, workers (us):   0,   0,   0, 
[2021-02-28T14:28:34.530+0300][207.103s][info][gc,stats       ]     FA: String Table Roots           51 us, workers (us):  39,   6,   6, 
[2021-02-28T14:28:34.530+0300][207.103s][info][gc,stats       ]     FA: Resolved Table Roots          5 us, workers (us):   1,   2,   2, 
[2021-02-28T14:28:34.530+0300][207.103s][info][gc,stats       ]     FA: VM Global Roots               2 us, workers (us):   2,   0,   0, 
[2021-02-28T14:28:34.530+0300][207.103s][info][gc,stats       ]     FA: VM Weak Roots                 2 us, workers (us):   1,   1,   0, 
[2021-02-28T14:28:34.530+0300][207.103s][info][gc,stats       ]     FA: Synchronizer Roots            0 us, workers (us):   0, ---, ---, 
[2021-02-28T14:28:34.530+0300][207.103s][info][gc,stats       ]     FA: Management Roots              1 us, workers (us):   1, ---, ---, 
[2021-02-28T14:28:34.530+0300][207.103s][info][gc,stats       ]     FA: CLDG Roots                   36 us, workers (us): ---, ---,  36, 
[2021-02-28T14:28:34.530+0300][207.103s][info][gc,stats       ]     FA: JVMTI Roots                   0 us, workers (us):   0, ---, ---, 
[2021-02-28T14:28:34.530+0300][207.103s][info][gc,stats       ]   Copy Objects                   183846 us
[2021-02-28T14:28:34.530+0300][207.103s][info][gc,stats       ]     Regular Objects              183310 us
[2021-02-28T14:28:34.530+0300][207.103s][info][gc,stats       ]     Humongous Objects                12 us
[2021-02-28T14:28:34.530+0300][207.103s][info][gc,stats       ]     Reset Complete Bitmap           477 us
[2021-02-28T14:28:34.530+0300][207.103s][info][gc,stats       ]     Rebuild Region Sets              46 us
[2021-02-28T14:28:34.530+0300][207.103s][info][gc             ] Failed to allocate TLAB, 2648B
[2021-02-28T14:28:34.530+0300][207.103s][info][gc,stats       ]   Post Heap Dump                      1 us
[2021-02-28T14:28:34.530+0300][207.103s][info][gc             ] Cancelling GC: Allocation Failure
[2021-02-28T14:28:34.530+0300][207.103s][info][gc,stats       ] 
[2021-02-28T14:28:34.530+0300][207.103s][info][gc,stats       ] Allocation pacing accrued:
[2021-02-28T14:28:34.530+0300][207.104s][info][gc,stats       ]       0 of   990 ms (  0.0%): <total>
[2021-02-28T14:28:34.530+0300][207.104s][info][gc,stats       ]       0 of   990 ms (  0.0%): <average total>
[2021-02-28T14:28:34.530+0300][207.104s][info][gc,stats       ] 
[2021-02-28T14:28:34.530+0300][207.104s][info][gc,metaspace   ] Metaspace: 7076K(7808K)->7075K(7808K) NonClass: 6356K(6912K)->6356K(6912K) Class: 719K(896K)->719K(896K)
[2021-02-28T14:28:34.530+0300][207.104s][info][gc,ergo        ] Pacer for Idle. Initial: 20971K, Alloc Tax Rate: 1.0x
[2021-02-28T14:28:34.534+0300][207.106s][info][gc             ] Trigger: Handle Allocation Failure
[2021-02-28T14:28:34.534+0300][207.106s][info][gc,ergo        ] Free: 0B, Max: 0B regular, 0B humongous, Frag: 0% external, 0% internal; Reserve: 37888K, Max: 512K
[2021-02-28T14:28:34.539+0300][207.111s][info][gc,start       ] GC(139) Pause Degenerated GC (Outside of Cycle)
[2021-02-28T14:28:34.539+0300][207.111s][info][gc,task        ] GC(139) Using 3 of 3 workers for stw degenerated gc
[2021-02-28T14:28:34.539+0300][207.111s][info][gc,ergo        ] GC(139) Pacer for Reset. Non-Taxable: 1024M
[2021-02-28T14:28:34.539+0300][207.111s][info][gc,ergo        ] GC(139) Pacer for Mark. Expected Live: 1775M, Free: 0B, Non-Taxable: 0B, Alloc Tax Rate: infx
[2021-02-28T14:28:34.960+0300][207.532s][info][gc,ergo        ] GC(139) Adaptive CSet Selection. Target Free: 145M, Actual Free: 37888K, Max CSet: 43690K, Min Garbage: 108M
[2021-02-28T14:28:34.960+0300][207.532s][info][gc,ergo        ] GC(139) Collectable Garbage: 60296B (100%), Immediate: 0B (0%), CSet: 60296B (100%)
[2021-02-28T14:28:34.960+0300][207.532s][info][gc,ergo        ] GC(139) Pacer for Evacuation. Used CSet: 43518K, Free: 15776B, Non-Taxable: 1577B, Alloc Tax Rate: 6904.6x
[2021-02-28T14:28:34.968+0300][207.540s][info][gc             ] GC(139) Cancelling GC: Allocation Failure During Evacuation
[2021-02-28T14:28:34.970+0300][207.542s][info][gc             ] GC(139) Cannot finish degeneration, upgrading to Full GC
[2021-02-28T14:28:34.970+0300][207.543s][info][gc,phases,start] GC(139) Phase 1: Mark live objects
[2021-02-28T14:28:35.421+0300][207.994s][info][gc,phases      ] GC(139) Phase 1: Mark live objects 450.819ms
[2021-02-28T14:28:35.421+0300][207.994s][info][gc,phases,start] GC(139) Phase 2: Compute new object addresses
[2021-02-28T14:28:35.600+0300][208.173s][info][gc,phases      ] GC(139) Phase 2: Compute new object addresses 178.423ms
[2021-02-28T14:28:35.600+0300][208.173s][info][gc,phases,start] GC(139) Phase 3: Adjust pointers
[2021-02-28T14:28:35.801+0300][208.373s][info][gc,phases      ] GC(139) Phase 3: Adjust pointers 200.225ms
[2021-02-28T14:28:35.801+0300][208.373s][info][gc,phases,start] GC(139) Phase 4: Move objects
[2021-02-28T14:28:35.981+0300][208.554s][info][gc,phases      ] GC(139) Phase 4: Move objects 181.226ms
[2021-02-28T14:28:35.981+0300][208.554s][info][gc,ergo        ] GC(139) Bad progress for free space: 78736B, need 10485K
[2021-02-28T14:28:35.981+0300][208.554s][info][gc             ] GC(139) Pause Degenerated GC (Outside of Cycle) 986M->986M(1024M) 1443.352ms
[2021-02-28T14:28:35.981+0300][208.554s][info][gc,ergo        ] Free: 78736B, Max: 57136B regular, 0B humongous, Frag: 0% external, 99% internal; Reserve: 37888K, Max: 512K
[2021-02-28T14:28:35.981+0300][208.554s][info][gc,stats       ] 
[2021-02-28T14:28:35.981+0300][208.554s][info][gc,stats       ] All times are wall-clock times, except per-root-class counters, that are sum over
[2021-02-28T14:28:35.981+0300][208.554s][info][gc,stats       ] all workers. Dividing the <total> over the root stage time estimates parallelism.
[2021-02-28T14:28:35.981+0300][208.554s][info][gc,stats       ] 
[2021-02-28T14:28:35.981+0300][208.554s][info][gc,stats       ]   Manage TLABs                        3 us
[2021-02-28T14:28:35.981+0300][208.554s][info][gc,stats       ]   Update Region States               77 us
[2021-02-28T14:28:35.981+0300][208.554s][info][gc             ] Failed to allocate TLAB, 2640B
[2021-02-28T14:28:35.981+0300][208.555s][info][gc,stats       ]   Scan Roots                        106 us, parallelism: 1.15x
[2021-02-28T14:28:35.981+0300][208.555s][info][gc             ] Cancelling GC: Allocation Failure
[2021-02-28T14:28:35.981+0300][208.555s][info][gc,stats       ]     S: <total>                      122 us
[2021-02-28T14:28:35.981+0300][208.555s][info][gc,stats       ]     S: Thread Roots                 118 us, workers (us):  41,  48,  29, 
[2021-02-28T14:28:35.981+0300][208.555s][info][gc,stats       ]     S: Universe Roots                 2 us, workers (us):   2, ---, ---, 
[2021-02-28T14:28:35.981+0300][208.555s][info][gc,stats       ]     S: Synchronizer Roots             0 us, workers (us): ---,   0, ---, 
[2021-02-28T14:28:35.981+0300][208.555s][info][gc,stats       ]     S: Management Roots               1 us, workers (us): ---,   1, ---, 
[2021-02-28T14:28:35.981+0300][208.555s][info][gc,stats       ]     S: JVMTI Roots                    0 us, workers (us): ---,   0, ---, 
[2021-02-28T14:28:35.981+0300][208.555s][info][gc,stats       ]   Finish Queues                  419705 us
[2021-02-28T14:28:35.981+0300][208.555s][info][gc,stats       ]   Weak References                    28 us
[2021-02-28T14:28:35.981+0300][208.555s][info][gc,stats       ]     Process                          23 us
[2021-02-28T14:28:35.981+0300][208.555s][info][gc,stats       ]   System Purge                      115 us
[2021-02-28T14:28:35.983+0300][208.555s][info][gc,stats       ]     Unload Classes                  637 us
[2021-02-28T14:28:35.983+0300][208.555s][info][gc,stats       ]     Weak Roots                      115 us
[2021-02-28T14:28:35.983+0300][208.555s][info][gc,stats       ]     CLDG                              0 us
[2021-02-28T14:28:35.983+0300][208.555s][info][gc,stats       ]   Update Region States               94 us
[2021-02-28T14:28:35.983+0300][208.555s][info][gc,stats       ]   Manage GC/TLABs                     2 us
[2021-02-28T14:28:35.983+0300][208.555s][info][gc,stats       ]   Choose Collection Set             118 us
[2021-02-28T14:28:35.983+0300][208.555s][info][gc,stats       ]   Rebuild Free Set                   23 us
[2021-02-28T14:28:35.983+0300][208.555s][info][gc,stats       ]   Initial Evacuation                 15 us
[2021-02-28T14:28:35.983+0300][208.555s][info][gc,stats       ] Pause Degenerated GC (G)        1448546 us
[2021-02-28T14:28:35.983+0300][208.555s][info][gc,stats       ] Pause Degenerated GC (N)        1443368 us
[2021-02-28T14:28:35.983+0300][208.555s][info][gc,stats       ]   Degen Mark Roots                   98 us, parallelism: 0.50x
[2021-02-28T14:28:35.983+0300][208.555s][info][gc,stats       ]     DM: <total>                      49 us
[2021-02-28T14:28:35.983+0300][208.555s][info][gc,stats       ]     DM: JNI Handles Roots             2 us, workers (us):   1,   0,   0, 
[2021-02-28T14:28:35.983+0300][208.555s][info][gc,stats       ]     DM: VM Global Roots               2 us, workers (us):   1,   2,   0, 
[2021-02-28T14:28:35.983+0300][208.555s][info][gc,stats       ]     DM: CLDG Roots                   45 us, workers (us):  45, ---, ---, 
[2021-02-28T14:28:35.983+0300][208.555s][info][gc,stats       ]   Pre Heap Dump                       1 us
[2021-02-28T14:28:35.983+0300][208.555s][info][gc,stats       ]   Prepare                          1246 us
[2021-02-28T14:28:35.983+0300][208.555s][info][gc,stats       ]     Update Roots                    728 us, parallelism: 2.20x
[2021-02-28T14:28:35.983+0300][208.555s][info][gc,stats       ]       FU: <total>                  1602 us
[2021-02-28T14:28:35.983+0300][208.555s][info][gc,stats       ]       FU: Thread Roots               80 us, workers (us):   1,   1,  79, 
[2021-02-28T14:28:35.983+0300][208.555s][info][gc,stats       ]       FU: Code Cache Roots         1441 us, workers (us): 533, 519, 389, 
[2021-02-28T14:28:35.983+0300][208.555s][info][gc,stats       ]       FU: Universe Roots              1 us, workers (us):   1, ---, ---, 
[2021-02-28T14:28:35.983+0300][208.555s][info][gc,stats       ]       FU: JNI Handles Roots           1 us, workers (us):   0,   0,   0, 
[2021-02-28T14:28:35.983+0300][208.555s][info][gc,stats       ]       FU: JVMTI Weak Roots            0 us, workers (us):   0, ---, ---, 
[2021-02-28T14:28:35.983+0300][208.555s][info][gc,stats       ]       FU: JFR Weak Roots              0 us, workers (us):   0, ---, ---, 
[2021-02-28T14:28:35.983+0300][208.555s][info][gc,stats       ]       FU: String Table Roots         44 us, workers (us):  21,  12,  11, 
[2021-02-28T14:28:35.983+0300][208.555s][info][gc,stats       ]       FU: Resolved Table Roots        4 us, workers (us):   1,   1,   2, 
[2021-02-28T14:28:35.983+0300][208.555s][info][gc,stats       ]       FU: VM Global Roots             2 us, workers (us):   1,   0,   0, 
[2021-02-28T14:28:35.983+0300][208.555s][info][gc,stats       ]       FU: VM Weak Roots               2 us, workers (us):   2,   1,   0, 
[2021-02-28T14:28:35.983+0300][208.555s][info][gc,stats       ]       FU: Synchronizer Roots          0 us, workers (us):   0, ---, ---, 
[2021-02-28T14:28:35.983+0300][208.555s][info][gc,stats       ]       FU: Management Roots            1 us, workers (us):   1, ---, ---, 
[2021-02-28T14:28:35.983+0300][208.555s][info][gc,stats       ]       FU: CLDG Roots                 27 us, workers (us): ---, ---,  27, 
[2021-02-28T14:28:35.983+0300][208.555s][info][gc,stats       ]       FU: JVMTI Roots                 0 us, workers (us):   0, ---, ---, 
[2021-02-28T14:28:35.983+0300][208.555s][info][gc,stats       ]   Scan Roots                        161 us, parallelism: 1.06x
[2021-02-28T14:28:35.983+0300][208.555s][info][gc,stats       ]     FS: <total>                     171 us
[2021-02-28T14:28:35.983+0300][208.555s][info][gc,stats       ]     FS: Thread Roots                167 us, workers (us):  58,  51,  58, 
[2021-02-28T14:28:35.983+0300][208.555s][info][gc,stats       ]     FS: Universe Roots                2 us, workers (us):   2, ---, ---, 
[2021-02-28T14:28:35.983+0300][208.555s][info][gc,stats       ]     FS: Synchronizer Roots            0 us, workers (us):   0, ---, ---, 
[2021-02-28T14:28:35.983+0300][208.555s][info][gc,stats       ]     FS: Management Roots              2 us, workers (us):   2, ---, ---, 
[2021-02-28T14:28:35.983+0300][208.555s][info][gc,stats       ]     FS: JVMTI Roots                   0 us, workers (us):   0, ---, ---, 
[2021-02-28T14:28:35.983+0300][208.555s][info][gc,stats       ]   Scan Concurrent Roots             115 us, parallelism: 0.55x
[2021-02-28T14:28:35.983+0300][208.555s][info][gc,stats       ]     FCS: <total>                     63 us
[2021-02-28T14:28:35.983+0300][208.555s][info][gc,stats       ]     FCS: JNI Handles Roots            2 us, workers (us):   2,   0,   0, 
[2021-02-28T14:28:35.983+0300][208.555s][info][gc,stats       ]     FCS: VM Global Roots              2 us, workers (us):   2,   0,   0, 
[2021-02-28T14:28:35.983+0300][208.555s][info][gc,stats       ]     FCS: CLDG Roots                  59 us, workers (us):  59, ---, ---, 
[2021-02-28T14:28:35.983+0300][208.555s][info][gc,stats       ]   Mark                           450777 us
[2021-02-28T14:28:35.983+0300][208.555s][info][gc,stats       ]     Finish Queues                449575 us
[2021-02-28T14:28:35.983+0300][208.555s][info][gc,stats       ]     Weak References                 188 us
[2021-02-28T14:28:35.983+0300][208.555s][info][gc,stats       ]       Process                       183 us
[2021-02-28T14:28:35.983+0300][208.555s][info][gc,stats       ]     System Purge                     99 us
[2021-02-28T14:28:35.983+0300][208.555s][info][gc,stats       ]       Unload Classes                619 us
[2021-02-28T14:28:35.983+0300][208.555s][info][gc,stats       ]       Weak Roots                     99 us
[2021-02-28T14:28:35.983+0300][208.555s][info][gc,stats       ]       CLDG                            0 us
[2021-02-28T14:28:35.983+0300][208.555s][info][gc,stats       ]   Calculate Addresses            178410 us
[2021-02-28T14:28:35.983+0300][208.555s][info][gc,stats       ]     Regular Objects              178377 us
[2021-02-28T14:28:35.983+0300][208.555s][info][gc,stats       ]     Humongous Objects                15 us
[2021-02-28T14:28:35.983+0300][208.555s][info][gc,stats       ]   Adjust Pointers                200212 us
[2021-02-28T14:28:35.983+0300][208.555s][info][gc,stats       ]     FA: <total>                    1709 us
[2021-02-28T14:28:35.983+0300][208.555s][info][gc,stats       ]     FA: Thread Roots                 89 us, workers (us):  13,   1,  75, 
[2021-02-28T14:28:35.983+0300][208.555s][info][gc,stats       ]     FA: Code Cache Roots           1480 us, workers (us): 534, 548, 398, 
[2021-02-28T14:28:35.983+0300][208.555s][info][gc,stats       ]     FA: Universe Roots                1 us, workers (us):   1, ---, ---, 
[2021-02-28T14:28:35.983+0300][208.555s][info][gc,stats       ]     FA: JNI Handles Roots             2 us, workers (us):   1,   2,   0, 
[2021-02-28T14:28:35.983+0300][208.555s][info][gc,stats       ]     FA: JVMTI Weak Roots              0 us, workers (us):   0, ---, ---, 
[2021-02-28T14:28:35.983+0300][208.555s][info][gc,stats       ]     FA: JFR Weak Roots                0 us, workers (us):   0, ---, ---, 
[2021-02-28T14:28:35.983+0300][208.555s][info][gc,stats       ]     FA: JNI Weak Roots                0 us, workers (us):   0,   0,   0, 
[2021-02-28T14:28:35.983+0300][208.555s][info][gc,stats       ]     FA: String Table Roots           59 us, workers (us):  28,  31,   0, 
[2021-02-28T14:28:35.983+0300][208.555s][info][gc,stats       ]     FA: Resolved Table Roots          7 us, workers (us):   5,   1,   1, 
[2021-02-28T14:28:35.983+0300][208.556s][info][gc,stats       ]     FA: VM Global Roots               2 us, workers (us):   1,   0,   0, 
[2021-02-28T14:28:35.983+0300][208.556s][info][gc,stats       ]     FA: VM Weak Roots                 2 us, workers (us):   0,   1,   0, 
[2021-02-28T14:28:35.983+0300][208.556s][info][gc,stats       ]     FA: Synchronizer Roots            0 us, workers (us):   0, ---, ---, 
[2021-02-28T14:28:35.983+0300][208.556s][info][gc,stats       ]     FA: Management Roots              1 us, workers (us): ---,   1, ---, 
[2021-02-28T14:28:35.983+0300][208.556s][info][gc,stats       ]     FA: CLDG Roots                   65 us, workers (us): ---, ---,  65, 
[2021-02-28T14:28:35.983+0300][208.556s][info][gc,stats       ]     FA: JVMTI Roots                   0 us, workers (us):   0, ---, ---, 
[2021-02-28T14:28:35.983+0300][208.556s][info][gc,stats       ]   Copy Objects                   181212 us
[2021-02-28T14:28:35.983+0300][208.556s][info][gc,stats       ]     Regular Objects              180649 us
[2021-02-28T14:28:35.983+0300][208.556s][info][gc,stats       ]     Humongous Objects                13 us
[2021-02-28T14:28:35.983+0300][208.556s][info][gc,stats       ]     Reset Complete Bitmap           501 us
[2021-02-28T14:28:35.983+0300][208.556s][info][gc,stats       ]     Rebuild Region Sets              48 us
[2021-02-28T14:28:35.983+0300][208.556s][info][gc,stats       ]   Post Heap Dump                      1 us
[2021-02-28T14:28:35.983+0300][208.556s][info][gc,stats       ] 
[2021-02-28T14:28:35.983+0300][208.556s][info][gc,stats       ] Allocation pacing accrued:
[2021-02-28T14:28:35.983+0300][208.556s][info][gc,stats       ]       0 of  1452 ms (  0.0%): <total>
[2021-02-28T14:28:35.983+0300][208.556s][info][gc,stats       ]       0 of  1452 ms (  0.0%): <average total>
[2021-02-28T14:28:35.983+0300][208.556s][info][gc,stats       ] 
[2021-02-28T14:28:35.983+0300][208.556s][info][gc,metaspace   ] Metaspace: 7077K(7808K)->7077K(7808K) NonClass: 6358K(6912K)->6358K(6912K) Class: 719K(896K)->719K(896K)
[2021-02-28T14:28:35.983+0300][208.556s][info][gc,ergo        ] Pacer for Idle. Initial: 20971K, Alloc Tax Rate: 1.0x
[2021-02-28T14:28:35.985+0300][208.557s][info][gc             ] Trigger: Handle Allocation Failure
[2021-02-28T14:28:35.985+0300][208.557s][info][gc,ergo        ] Free: 0B, Max: 0B regular, 0B humongous, Frag: 0% external, 0% internal; Reserve: 37888K, Max: 512K
[2021-02-28T14:28:35.985+0300][208.557s][info][gc,start       ] GC(140) Pause Degenerated GC (Outside of Cycle)
[2021-02-28T14:28:35.985+0300][208.557s][info][gc,task        ] GC(140) Using 3 of 3 workers for stw degenerated gc
[2021-02-28T14:28:35.985+0300][208.557s][info][gc,ergo        ] GC(140) Pacer for Reset. Non-Taxable: 1024M
[2021-02-28T14:28:35.985+0300][208.557s][info][gc,ergo        ] GC(140) Pacer for Mark. Expected Live: 1775M, Free: 0B, Non-Taxable: 0B, Alloc Tax Rate: infx
[2021-02-28T14:28:36.404+0300][208.977s][info][gc,ergo        ] GC(140) Adaptive CSet Selection. Target Free: 145M, Actual Free: 37888K, Max CSet: 43690K, Min Garbage: 108M
[2021-02-28T14:28:36.404+0300][208.977s][info][gc,ergo        ] GC(140) Collectable Garbage: 14520B (100%), Immediate: 0B (0%), CSet: 14520B (100%)
[2021-02-28T14:28:36.404+0300][208.977s][info][gc,ergo        ] GC(140) Pacer for Evacuation. Used CSet: 43516K, Free: 15936B, Non-Taxable: 1593B, Alloc Tax Rate: 6834.9x
[2021-02-28T14:28:36.414+0300][208.986s][info][gc             ] GC(140) Cancelling GC: Allocation Failure During Evacuation
[2021-02-28T14:28:36.416+0300][208.988s][info][gc             ] GC(140) Cannot finish degeneration, upgrading to Full GC
[2021-02-28T14:28:36.416+0300][208.989s][info][gc,phases,start] GC(140) Phase 1: Mark live objects
[2021-02-28T14:28:36.868+0300][209.442s][info][gc,phases      ] GC(140) Phase 1: Mark live objects 452.539ms
[2021-02-28T14:28:36.868+0300][209.442s][info][gc,phases,start] GC(140) Phase 2: Compute new object addresses
[2021-02-28T14:28:37.047+0300][209.619s][info][gc,phases      ] GC(140) Phase 2: Compute new object addresses 177.480ms
[2021-02-28T14:28:37.047+0300][209.619s][info][gc,phases,start] GC(140) Phase 3: Adjust pointers
[2021-02-28T14:28:37.250+0300][209.824s][info][gc,phases      ] GC(140) Phase 3: Adjust pointers 204.386ms
[2021-02-28T14:28:37.250+0300][209.824s][info][gc,phases,start] GC(140) Phase 4: Move objects
[2021-02-28T14:28:37.437+0300][210.010s][info][gc,phases      ] GC(140) Phase 4: Move objects 186.607ms
[2021-02-28T14:28:37.437+0300][210.010s][info][gc,ergo        ] GC(140) Bad progress for free space: 34368B, need 10485K
[2021-02-28T14:28:37.437+0300][210.010s][info][gc             ] GC(140) Pause Degenerated GC (Outside of Cycle) 986M->986M(1024M) 1453.349ms
[2021-02-28T14:28:37.437+0300][210.011s][info][gc,ergo        ] Free: 34368B, Max: 14976B regular, 0B humongous, Frag: 0% external, 99% internal; Reserve: 37888K, Max: 512K
[2021-02-28T14:28:37.437+0300][210.011s][info][gc,stats       ] 
[2021-02-28T14:28:37.437+0300][210.011s][info][gc,stats       ] All times are wall-clock times, except per-root-class counters, that are sum over
[2021-02-28T14:28:37.437+0300][210.011s][info][gc,stats       ] all workers. Dividing the <total> over the root stage time estimates parallelism.
[2021-02-28T14:28:37.437+0300][210.011s][info][gc,stats       ] 
[2021-02-28T14:28:37.437+0300][210.011s][info][gc,stats       ]   Manage TLABs                        3 us
[2021-02-28T14:28:37.437+0300][210.011s][info][gc,stats       ]   Update Region States               62 us
[2021-02-28T14:28:37.437+0300][210.011s][info][gc,stats       ]   Scan Roots                         95 us, parallelism: 1.27x
[2021-02-28T14:28:37.437+0300][210.011s][info][gc,stats       ]     S: <total>                      121 us
[2021-02-28T14:28:37.437+0300][210.011s][info][gc,stats       ]     S: Thread Roots                 117 us, workers (us):  35,  40,  43, 
[2021-02-28T14:28:37.437+0300][210.011s][info][gc             ] Failed to allocate TLAB, 2656B
[2021-02-28T14:28:37.437+0300][210.011s][info][gc,stats       ]     S: Universe Roots                 2 us, workers (us):   2, ---, ---, 
[2021-02-28T14:28:37.438+0300][210.011s][info][gc             ] Cancelling GC: Allocation Failure
[2021-02-28T14:28:37.438+0300][210.011s][info][gc,stats       ]     S: Synchronizer Roots             0 us, workers (us): ---,   0, ---, 
[2021-02-28T14:28:37.438+0300][210.011s][info][gc,stats       ]     S: Management Roots               1 us, workers (us): ---, ---,   1, 
[2021-02-28T14:28:37.438+0300][210.011s][info][gc,stats       ]     S: JVMTI Roots                    0 us, workers (us): ---,   0, ---, 
[2021-02-28T14:28:37.438+0300][210.011s][info][gc,stats       ]   Finish Queues                  418969 us
[2021-02-28T14:28:37.438+0300][210.011s][info][gc,stats       ]   Weak References                    28 us
[2021-02-28T14:28:37.438+0300][210.011s][info][gc,stats       ]     Process                          23 us
[2021-02-28T14:28:37.438+0300][210.011s][info][gc,stats       ]   System Purge                       54 us
[2021-02-28T14:28:37.438+0300][210.011s][info][gc,stats       ]     Unload Classes                  599 us
[2021-02-28T14:28:37.438+0300][210.011s][info][gc,stats       ]     Weak Roots                       53 us
[2021-02-28T14:28:37.438+0300][210.011s][info][gc,stats       ]     CLDG                              0 us
[2021-02-28T14:28:37.438+0300][210.011s][info][gc,stats       ]   Update Region States               86 us
[2021-02-28T14:28:37.438+0300][210.011s][info][gc,stats       ]   Manage GC/TLABs                     2 us
[2021-02-28T14:28:37.438+0300][210.011s][info][gc,stats       ]   Choose Collection Set             126 us
[2021-02-28T14:28:37.438+0300][210.011s][info][gc,stats       ]   Rebuild Free Set                   23 us
[2021-02-28T14:28:37.438+0300][210.011s][info][gc,stats       ]   Initial Evacuation                 15 us
[2021-02-28T14:28:37.438+0300][210.011s][info][gc,stats       ] Pause Degenerated GC (G)        1453614 us
[2021-02-28T14:28:37.438+0300][210.011s][info][gc,stats       ] Pause Degenerated GC (N)        1453365 us
[2021-02-28T14:28:37.438+0300][210.011s][info][gc,stats       ]   Degen Mark Roots                  101 us, parallelism: 0.50x
[2021-02-28T14:28:37.438+0300][210.011s][info][gc,stats       ]     DM: <total>                      51 us
[2021-02-28T14:28:37.438+0300][210.011s][info][gc,stats       ]     DM: JNI Handles Roots             2 us, workers (us):   1,   0,   0, 
[2021-02-28T14:28:37.438+0300][210.011s][info][gc,stats       ]     DM: VM Global Roots               3 us, workers (us):   1,   2,   0, 
[2021-02-28T14:28:37.438+0300][210.011s][info][gc,stats       ]     DM: CLDG Roots                   46 us, workers (us): ---, ---,  46, 
[2021-02-28T14:28:37.438+0300][210.011s][info][gc,stats       ]   Pre Heap Dump                       1 us
[2021-02-28T14:28:37.438+0300][210.011s][info][gc,stats       ]   Prepare                          1183 us
[2021-02-28T14:28:37.438+0300][210.011s][info][gc,stats       ]     Update Roots                    681 us, parallelism: 2.32x
[2021-02-28T14:28:37.438+0300][210.011s][info][gc,stats       ]       FU: <total>                  1581 us
[2021-02-28T14:28:37.438+0300][210.011s][info][gc,stats       ]       FU: Thread Roots               78 us, workers (us):  76,   1,   1, 
[2021-02-28T14:28:37.438+0300][210.011s][info][gc,stats       ]       FU: Code Cache Roots         1426 us, workers (us): 388, 515, 523, 
[2021-02-28T14:28:37.438+0300][210.011s][info][gc,stats       ]       FU: Universe Roots              1 us, workers (us):   1, ---, ---, 
[2021-02-28T14:28:37.438+0300][210.011s][info][gc,stats       ]       FU: JNI Handles Roots           1 us, workers (us):   0,   0,   0, 
[2021-02-28T14:28:37.438+0300][210.011s][info][gc,stats       ]       FU: JVMTI Weak Roots            0 us, workers (us): ---,   0, ---, 
[2021-02-28T14:28:37.438+0300][210.011s][info][gc,stats       ]       FU: JFR Weak Roots              0 us, workers (us): ---,   0, ---, 
[2021-02-28T14:28:37.438+0300][210.011s][info][gc,stats       ]       FU: String Table Roots         41 us, workers (us):  20,  20,   0, 
[2021-02-28T14:28:37.438+0300][210.011s][info][gc,stats       ]       FU: Resolved Table Roots        4 us, workers (us):   2,   2,   0, 
[2021-02-28T14:28:37.438+0300][210.011s][info][gc,stats       ]       FU: VM Global Roots             2 us, workers (us):   0,   1,   0, 
[2021-02-28T14:28:37.438+0300][210.011s][info][gc,stats       ]       FU: VM Weak Roots               2 us, workers (us):   1,   1,   0, 
[2021-02-28T14:28:37.438+0300][210.011s][info][gc,stats       ]       FU: Synchronizer Roots          0 us, workers (us): ---,   0, ---, 
[2021-02-28T14:28:37.438+0300][210.011s][info][gc,stats       ]       FU: Management Roots            1 us, workers (us):   1, ---, ---, 
[2021-02-28T14:28:37.438+0300][210.011s][info][gc,stats       ]       FU: CLDG Roots                 27 us, workers (us):  27, ---, ---, 
[2021-02-28T14:28:37.438+0300][210.011s][info][gc,stats       ]       FU: JVMTI Roots                 0 us, workers (us): ---,   0, ---, 
[2021-02-28T14:28:37.438+0300][210.011s][info][gc,stats       ]   Scan Roots                        119 us, parallelism: 1.34x
[2021-02-28T14:28:37.438+0300][210.011s][info][gc,stats       ]     FS: <total>                     158 us
[2021-02-28T14:28:37.438+0300][210.011s][info][gc,stats       ]     FS: Thread Roots                154 us, workers (us):  64,  56,  34, 
[2021-02-28T14:28:37.438+0300][210.011s][info][gc,stats       ]     FS: Universe Roots                2 us, workers (us):   2, ---, ---, 
[2021-02-28T14:28:37.438+0300][210.011s][info][gc,stats       ]     FS: Synchronizer Roots            0 us, workers (us): ---,   0, ---, 
[2021-02-28T14:28:37.438+0300][210.011s][info][gc,stats       ]     FS: Management Roots              2 us, workers (us): ---,   2, ---, 
[2021-02-28T14:28:37.438+0300][210.011s][info][gc,stats       ]     FS: JVMTI Roots                   0 us, workers (us):   0, ---, ---, 
[2021-02-28T14:28:37.438+0300][210.011s][info][gc,stats       ]   Scan Concurrent Roots             116 us, parallelism: 0.55x
[2021-02-28T14:28:37.438+0300][210.011s][info][gc,stats       ]     FCS: <total>                     64 us
[2021-02-28T14:28:37.438+0300][210.011s][info][gc,stats       ]     FCS: JNI Handles Roots            2 us, workers (us):   1,   0,   0, 
[2021-02-28T14:28:37.438+0300][210.011s][info][gc,stats       ]     FCS: VM Global Roots              3 us, workers (us):   2,   1,   0, 
[2021-02-28T14:28:37.438+0300][210.011s][info][gc,stats       ]     FCS: CLDG Roots                  60 us, workers (us): ---,  60, ---, 
[2021-02-28T14:28:37.438+0300][210.011s][info][gc,stats       ]   Mark                           452499 us
[2021-02-28T14:28:37.438+0300][210.011s][info][gc,stats       ]     Finish Queues                451287 us
[2021-02-28T14:28:37.438+0300][210.011s][info][gc,stats       ]     Weak References                 202 us
[2021-02-28T14:28:37.438+0300][210.011s][info][gc,stats       ]       Process                       197 us
[2021-02-28T14:28:37.438+0300][210.011s][info][gc,stats       ]     System Purge                    123 us
[2021-02-28T14:28:37.438+0300][210.011s][info][gc,stats       ]       Unload Classes                634 us
[2021-02-28T14:28:37.438+0300][210.012s][info][gc,stats       ]       Weak Roots                    123 us
[2021-02-28T14:28:37.438+0300][210.012s][info][gc,stats       ]       CLDG                            0 us
[2021-02-28T14:28:37.438+0300][210.012s][info][gc,stats       ]   Calculate Addresses            177467 us
[2021-02-28T14:28:37.438+0300][210.012s][info][gc,stats       ]     Regular Objects              177422 us
[2021-02-28T14:28:37.438+0300][210.012s][info][gc,stats       ]     Humongous Objects                15 us
[2021-02-28T14:28:37.438+0300][210.012s][info][gc,stats       ]   Adjust Pointers                204373 us
[2021-02-28T14:28:37.438+0300][210.012s][info][gc,stats       ]     FA: <total>                    1682 us
[2021-02-28T14:28:37.438+0300][210.012s][info][gc,stats       ]     FA: Thread Roots                 84 us, workers (us):  82,   1,   1, 
[2021-02-28T14:28:37.438+0300][210.012s][info][gc,stats       ]     FA: Code Cache Roots           1495 us, workers (us): 406, 552, 538, 
[2021-02-28T14:28:37.438+0300][210.012s][info][gc,stats       ]     FA: Universe Roots                1 us, workers (us):   1, ---, ---, 
[2021-02-28T14:28:37.438+0300][210.012s][info][gc,stats       ]     FA: JNI Handles Roots             2 us, workers (us):   1,   0,   0, 
[2021-02-28T14:28:37.438+0300][210.012s][info][gc,stats       ]     FA: JVMTI Weak Roots              0 us, workers (us):   0, ---, ---, 
[2021-02-28T14:28:37.438+0300][210.012s][info][gc,stats       ]     FA: JFR Weak Roots                0 us, workers (us):   0, ---, ---, 
[2021-02-28T14:28:37.438+0300][210.012s][info][gc,stats       ]     FA: JNI Weak Roots                0 us, workers (us):   0,   0,   0, 
[2021-02-28T14:28:37.438+0300][210.012s][info][gc,stats       ]     FA: String Table Roots           55 us, workers (us):  37,  15,   3, 
[2021-02-28T14:28:37.438+0300][210.012s][info][gc,stats       ]     FA: Resolved Table Roots          4 us, workers (us):   1,   1,   2, 
[2021-02-28T14:28:37.438+0300][210.012s][info][gc,stats       ]     FA: VM Global Roots               2 us, workers (us):   2,   0,   0, 
[2021-02-28T14:28:37.438+0300][210.012s][info][gc,stats       ]     FA: VM Weak Roots                 2 us, workers (us):   0,   2,   0, 
[2021-02-28T14:28:37.438+0300][210.012s][info][gc,stats       ]     FA: Synchronizer Roots            0 us, workers (us):   0, ---, ---, 
[2021-02-28T14:28:37.438+0300][210.012s][info][gc,stats       ]     FA: Management Roots              1 us, workers (us):   1, ---, ---, 
[2021-02-28T14:28:37.440+0300][210.012s][info][gc,stats       ]     FA: CLDG Roots                   35 us, workers (us):  35, ---, ---, 
[2021-02-28T14:28:37.440+0300][210.012s][info][gc,stats       ]     FA: JVMTI Roots                   0 us, workers (us):   0, ---, ---, 
[2021-02-28T14:28:37.440+0300][210.012s][info][gc,stats       ]   Copy Objects                   186594 us
[2021-02-28T14:28:37.440+0300][210.012s][info][gc,stats       ]     Regular Objects              186074 us
[2021-02-28T14:28:37.440+0300][210.012s][info][gc,stats       ]     Humongous Objects                13 us
[2021-02-28T14:28:37.440+0300][210.012s][info][gc,stats       ]     Reset Complete Bitmap           457 us
[2021-02-28T14:28:37.440+0300][210.012s][info][gc,stats       ]     Rebuild Region Sets              49 us
[2021-02-28T14:28:37.440+0300][210.012s][info][gc,stats       ]   Post Heap Dump                      1 us
[2021-02-28T14:28:37.440+0300][210.012s][info][gc,stats       ] 
[2021-02-28T14:28:37.440+0300][210.012s][info][gc,stats       ] Allocation pacing accrued:
[2021-02-28T14:28:37.440+0300][210.012s][info][gc,stats       ]       0 of  1456 ms (  0.0%): <total>
[2021-02-28T14:28:37.440+0300][210.012s][info][gc,stats       ]       0 of  1456 ms (  0.0%): <average total>
[2021-02-28T14:28:37.440+0300][210.012s][info][gc,stats       ] 
[2021-02-28T14:28:37.440+0300][210.012s][info][gc,metaspace   ] Metaspace: 7077K(7808K)->7077K(7808K) NonClass: 6358K(6912K)->6358K(6912K) Class: 719K(896K)->719K(896K)
[2021-02-28T14:28:37.440+0300][210.012s][info][gc,ergo        ] Pacer for Idle. Initial: 20971K, Alloc Tax Rate: 1.0x
[2021-02-28T14:28:37.442+0300][210.014s][info][gc             ] Trigger: Handle Allocation Failure
[2021-02-28T14:28:37.442+0300][210.014s][info][gc,ergo        ] Free: 0B, Max: 0B regular, 0B humongous, Frag: 0% external, 0% internal; Reserve: 37888K, Max: 512K
[2021-02-28T14:28:37.442+0300][210.014s][info][gc,start       ] GC(141) Pause Degenerated GC (Outside of Cycle)
[2021-02-28T14:28:37.442+0300][210.014s][info][gc,task        ] GC(141) Using 3 of 3 workers for stw degenerated gc
[2021-02-28T14:28:37.442+0300][210.014s][info][gc,ergo        ] GC(141) Pacer for Reset. Non-Taxable: 1024M
[2021-02-28T14:28:37.442+0300][210.014s][info][gc,ergo        ] GC(141) Pacer for Mark. Expected Live: 1775M, Free: 0B, Non-Taxable: 0B, Alloc Tax Rate: infx
[2021-02-28T14:28:37.857+0300][210.430s][info][gc,ergo        ] GC(141) Adaptive CSet Selection. Target Free: 145M, Actual Free: 37888K, Max CSet: 43690K, Min Garbage: 108M
[2021-02-28T14:28:37.857+0300][210.430s][info][gc,ergo        ] GC(141) Collectable Garbage: 10408B (100%), Immediate: 0B (0%), CSet: 10408B (100%)
[2021-02-28T14:28:37.857+0300][210.430s][info][gc,ergo        ] GC(141) Pacer for Evacuation. Used CSet: 43517K, Free: 15936B, Non-Taxable: 1593B, Alloc Tax Rate: 6835.1x
[2021-02-28T14:28:37.867+0300][210.439s][info][gc             ] GC(141) Cancelling GC: Allocation Failure During Evacuation
[2021-02-28T14:28:37.869+0300][210.441s][info][gc             ] GC(141) Cannot finish degeneration, upgrading to Full GC
[2021-02-28T14:28:37.869+0300][210.442s][info][gc,phases,start] GC(141) Phase 1: Mark live objects
[2021-02-28T14:28:38.323+0300][210.895s][info][gc,phases      ] GC(141) Phase 1: Mark live objects 452.389ms
[2021-02-28T14:28:38.323+0300][210.895s][info][gc,phases,start] GC(141) Phase 2: Compute new object addresses
[2021-02-28T14:28:38.500+0300][211.072s][info][gc,phases      ] GC(141) Phase 2: Compute new object addresses 177.095ms
[2021-02-28T14:28:38.500+0300][211.072s][info][gc,phases,start] GC(141) Phase 3: Adjust pointers
[2021-02-28T14:28:38.700+0300][211.272s][info][gc,phases      ] GC(141) Phase 3: Adjust pointers 200.128ms
[2021-02-28T14:28:38.700+0300][211.272s][info][gc,phases,start] GC(141) Phase 4: Move objects
[2021-02-28T14:28:38.892+0300][211.464s][info][gc,phases      ] GC(141) Phase 4: Move objects 191.698ms
[2021-02-28T14:28:38.892+0300][211.464s][info][gc,ergo        ] GC(141) Bad progress for free space: 541K, need 10485K
[2021-02-28T14:28:38.892+0300][211.464s][info][gc             ] GC(141) Pause Degenerated GC (Outside of Cycle) 986M->986M(1024M) 1449.926ms
[2021-02-28T14:28:38.892+0300][211.464s][info][gc,ergo        ] Free: 541K, Max: 396K regular, 0B humongous, Frag: 0% external, 99% internal; Reserve: 37376K, Max: 512K
[2021-02-28T14:28:38.892+0300][211.464s][info][gc,stats       ] 
[2021-02-28T14:28:38.892+0300][211.464s][info][gc,stats       ] All times are wall-clock times, except per-root-class counters, that are sum over
[2021-02-28T14:28:38.892+0300][211.464s][info][gc,stats       ] all workers. Dividing the <total> over the root stage time estimates parallelism.
[2021-02-28T14:28:38.892+0300][211.464s][info][gc,stats       ] 
[2021-02-28T14:28:38.892+0300][211.464s][info][gc,stats       ]   Manage TLABs                        3 us
[2021-02-28T14:28:38.892+0300][211.464s][info][gc,stats       ]   Update Region States               76 us
[2021-02-28T14:28:38.892+0300][211.464s][info][gc,stats       ]   Scan Roots                        119 us, parallelism: 1.13x
[2021-02-28T14:28:38.892+0300][211.464s][info][gc,stats       ]     S: <total>                      134 us
[2021-02-28T14:28:38.892+0300][211.464s][info][gc,stats       ]     S: Thread Roots                 131 us, workers (us):  48,  43,  40, 
[2021-02-28T14:28:38.892+0300][211.464s][info][gc,stats       ]     S: Universe Roots                 2 us, workers (us):   2, ---, ---, 
[2021-02-28T14:28:38.892+0300][211.464s][info][gc,stats       ]     S: Synchronizer Roots             0 us, workers (us): ---,   0, ---, 
[2021-02-28T14:28:38.892+0300][211.464s][info][gc,stats       ]     S: Management Roots               1 us, workers (us): ---,   1, ---, 
[2021-02-28T14:28:38.892+0300][211.464s][info][gc,stats       ]     S: JVMTI Roots                    0 us, workers (us):   0, ---, ---, 
[2021-02-28T14:28:38.892+0300][211.464s][info][gc,stats       ]   Finish Queues                  414930 us
[2021-02-28T14:28:38.892+0300][211.464s][info][gc,stats       ]   Weak References                    28 us
[2021-02-28T14:28:38.892+0300][211.464s][info][gc,stats       ]     Process                          23 us
[2021-02-28T14:28:38.892+0300][211.464s][info][gc,stats       ]   System Purge                       52 us
[2021-02-28T14:28:38.892+0300][211.464s][info][gc,stats       ]     Unload Classes                  596 us
[2021-02-28T14:28:38.892+0300][211.464s][info][gc,stats       ]     Weak Roots                       52 us
[2021-02-28T14:28:38.892+0300][211.464s][info][gc,stats       ]     CLDG                              0 us
[2021-02-28T14:28:38.892+0300][211.464s][info][gc,stats       ]   Update Region States               78 us
[2021-02-28T14:28:38.892+0300][211.464s][info][gc,stats       ]   Manage GC/TLABs                     2 us
[2021-02-28T14:28:38.892+0300][211.464s][info][gc,stats       ]   Choose Collection Set             118 us
[2021-02-28T14:28:38.892+0300][211.464s][info][gc,stats       ]   Rebuild Free Set                   22 us
[2021-02-28T14:28:38.892+0300][211.464s][info][gc,stats       ]   Initial Evacuation                 14 us
[2021-02-28T14:28:38.892+0300][211.464s][info][gc,stats       ] Pause Degenerated GC (G)        1450186 us
[2021-02-28T14:28:38.892+0300][211.464s][info][gc,stats       ] Pause Degenerated GC (N)        1449942 us
[2021-02-28T14:28:38.892+0300][211.464s][info][gc,stats       ]   Degen Mark Roots                  101 us, parallelism: 0.49x
[2021-02-28T14:28:38.892+0300][211.464s][info][gc,stats       ]     DM: <total>                      50 us
[2021-02-28T14:28:38.892+0300][211.464s][info][gc,stats       ]     DM: JNI Handles Roots             2 us, workers (us):   1,   0,   0, 
[2021-02-28T14:28:38.892+0300][211.464s][info][gc,stats       ]     DM: VM Global Roots               2 us, workers (us):   1,   1,   0, 
[2021-02-28T14:28:38.892+0300][211.465s][info][gc,stats       ]     DM: CLDG Roots                   46 us, workers (us):  46, ---, ---, 
[2021-02-28T14:28:38.892+0300][211.465s][info][gc,stats       ]   Pre Heap Dump                       1 us
[2021-02-28T14:28:38.892+0300][211.465s][info][gc,stats       ]   Prepare                          1377 us
[2021-02-28T14:28:38.892+0300][211.465s][info][gc,stats       ]     Update Roots                    653 us, parallelism: 2.34x
[2021-02-28T14:28:38.892+0300][211.465s][info][gc,stats       ]       FU: <total>                  1524 us
[2021-02-28T14:28:38.892+0300][211.465s][info][gc,stats       ]       FU: Thread Roots               76 us, workers (us):  75,   1,   1, 
[2021-02-28T14:28:38.892+0300][211.465s][info][gc,stats       ]       FU: Code Cache Roots         1382 us, workers (us): 375, 497, 510, 
[2021-02-28T14:28:38.892+0300][211.465s][info][gc,stats       ]       FU: Universe Roots              1 us, workers (us):   1, ---, ---, 
[2021-02-28T14:28:38.892+0300][211.465s][info][gc,stats       ]       FU: JNI Handles Roots           1 us, workers (us):   0,   0,   0, 
[2021-02-28T14:28:38.892+0300][211.465s][info][gc,stats       ]       FU: JVMTI Weak Roots            0 us, workers (us):   0, ---, ---, 
[2021-02-28T14:28:38.892+0300][211.465s][info][gc,stats       ]       FU: JFR Weak Roots              0 us, workers (us):   0, ---, ---, 
[2021-02-28T14:28:38.892+0300][211.465s][info][gc,stats       ]       FU: JNI Weak Roots              0 us, workers (us):   0,   0,   0, 
[2021-02-28T14:28:38.892+0300][211.465s][info][gc,stats       ]       FU: String Table Roots         42 us, workers (us):  21,  21,   0, 
[2021-02-28T14:28:38.892+0300][211.465s][info][gc,stats       ]       FU: Resolved Table Roots        3 us, workers (us):   1,   1,   0, 
[2021-02-28T14:28:38.892+0300][211.465s][info][gc,stats       ]       FU: VM Global Roots             1 us, workers (us):   1,   0,   0, 
[2021-02-28T14:28:38.892+0300][211.465s][info][gc,stats       ]       FU: VM Weak Roots               1 us, workers (us):   0,   0,   0, 
[2021-02-28T14:28:38.892+0300][211.465s][info][gc,stats       ]       FU: Synchronizer Roots          0 us, workers (us): ---,   0, ---, 
[2021-02-28T14:28:38.892+0300][211.465s][info][gc,stats       ]       FU: Management Roots            1 us, workers (us): ---,   1, ---, 
[2021-02-28T14:28:38.892+0300][211.465s][info][gc,stats       ]       FU: CLDG Roots                 16 us, workers (us):  16, ---, ---, 
[2021-02-28T14:28:38.892+0300][211.465s][info][gc,stats       ]       FU: JVMTI Roots                 0 us, workers (us):   0, ---, ---, 
[2021-02-28T14:28:38.893+0300][211.465s][info][gc,stats       ]   Scan Roots                        235 us, parallelism: 1.61x
[2021-02-28T14:28:38.893+0300][211.465s][info][gc,stats       ]     FS: <total>                     378 us
[2021-02-28T14:28:38.893+0300][211.465s][info][gc,stats       ]     FS: Thread Roots                374 us, workers (us): 154, 113, 107, 
[2021-02-28T14:28:38.893+0300][211.465s][info][gc,stats       ]     FS: Universe Roots                2 us, workers (us):   2, ---, ---, 
[2021-02-28T14:28:38.893+0300][211.465s][info][gc,stats       ]     FS: Synchronizer Roots            0 us, workers (us): ---,   0, ---, 
[2021-02-28T14:28:38.893+0300][211.465s][info][gc,stats       ]     FS: Management Roots              2 us, workers (us): ---,   2, ---, 
[2021-02-28T14:28:38.893+0300][211.465s][info][gc,stats       ]     FS: JVMTI Roots                   0 us, workers (us):   0, ---, ---, 
[2021-02-28T14:28:38.893+0300][211.465s][info][gc,stats       ]   Scan Concurrent Roots             119 us, parallelism: 0.68x
[2021-02-28T14:28:38.893+0300][211.465s][info][gc,stats       ]     FCS: <total>                     80 us
[2021-02-28T14:28:38.893+0300][211.465s][info][gc,stats       ]     FCS: JNI Handles Roots            2 us, workers (us):   2,   0,   0, 
[2021-02-28T14:28:38.893+0300][211.465s][info][gc,stats       ]     FCS: VM Global Roots              2 us, workers (us):   2,   1,   0, 
[2021-02-28T14:28:38.893+0300][211.465s][info][gc,stats       ]     FCS: CLDG Roots                  76 us, workers (us): ---,  76, ---, 
[2021-02-28T14:28:38.893+0300][211.465s][info][gc,stats       ]   Mark                           452302 us
[2021-02-28T14:28:38.893+0300][211.465s][info][gc,stats       ]     Finish Queues                451011 us
[2021-02-28T14:28:38.893+0300][211.465s][info][gc,stats       ]     Weak References                 219 us
[2021-02-28T14:28:38.893+0300][211.465s][info][gc,stats       ]       Process                       214 us
[2021-02-28T14:28:38.893+0300][211.465s][info][gc,stats       ]     System Purge                     89 us
[2021-02-28T14:28:38.893+0300][211.465s][info][gc,stats       ]       Unload Classes                582 us
[2021-02-28T14:28:38.893+0300][211.465s][info][gc,stats       ]       Weak Roots                     89 us
[2021-02-28T14:28:38.893+0300][211.465s][info][gc,stats       ]       CLDG                            0 us
[2021-02-28T14:28:38.893+0300][211.465s][info][gc,stats       ]   Calculate Addresses            177079 us
[2021-02-28T14:28:38.893+0300][211.465s][info][gc,stats       ]     Regular Objects              177044 us
[2021-02-28T14:28:38.893+0300][211.465s][info][gc,stats       ]     Humongous Objects                17 us
[2021-02-28T14:28:38.893+0300][211.465s][info][gc,stats       ]   Adjust Pointers                200115 us
[2021-02-28T14:28:38.893+0300][211.465s][info][gc,stats       ]     FA: <total>                    1782 us
[2021-02-28T14:28:38.893+0300][211.465s][info][gc,stats       ]     FA: Thread Roots                 91 us, workers (us):   1,  69,  21, 
[2021-02-28T14:28:38.893+0300][211.465s][info][gc,stats       ]     FA: Code Cache Roots           1481 us, workers (us): 545, 398, 538, 
[2021-02-28T14:28:38.893+0300][211.465s][info][gc,stats       ]     FA: Universe Roots                1 us, workers (us): ---,   1, ---, 
[2021-02-28T14:28:38.893+0300][211.465s][info][gc,stats       ]     FA: JNI Handles Roots             2 us, workers (us):   2,   0,   0, 
[2021-02-28T14:28:38.893+0300][211.465s][info][gc,stats       ]     FA: JVMTI Weak Roots              0 us, workers (us): ---,   0, ---, 
[2021-02-28T14:28:38.893+0300][211.465s][info][gc,stats       ]     FA: JFR Weak Roots                1 us, workers (us): ---, ---,   1, 
[2021-02-28T14:28:38.893+0300][211.465s][info][gc,stats       ]     FA: JNI Weak Roots                0 us, workers (us):   0,   0,   0, 
[2021-02-28T14:28:38.893+0300][211.465s][info][gc,stats       ]     FA: String Table Roots          160 us, workers (us):  21, 117,  22, 
[2021-02-28T14:28:38.893+0300][211.465s][info][gc,stats       ]     FA: Resolved Table Roots          4 us, workers (us):   3,   0,   2, 
[2021-02-28T14:28:38.893+0300][211.465s][info][gc,stats       ]     FA: VM Global Roots               2 us, workers (us):   0,   1,   1, 
[2021-02-28T14:28:38.893+0300][211.465s][info][gc,stats       ]     FA: VM Weak Roots                 2 us, workers (us):   1,   0,   2, 
[2021-02-28T14:28:38.893+0300][211.465s][info][gc,stats       ]     FA: Synchronizer Roots            0 us, workers (us):   0, ---, ---, 
[2021-02-28T14:28:38.893+0300][211.465s][info][gc,stats       ]     FA: Management Roots              1 us, workers (us):   1, ---, ---, 
[2021-02-28T14:28:38.893+0300][211.465s][info][gc,stats       ]     FA: CLDG Roots                   35 us, workers (us):  35, ---, ---, 
[2021-02-28T14:28:38.893+0300][211.465s][info][gc,stats       ]     FA: JVMTI Roots                   0 us, workers (us): ---, ---,   0, 
[2021-02-28T14:28:38.893+0300][211.465s][info][gc,stats       ]   Copy Objects                   191684 us
[2021-02-28T14:28:38.893+0300][211.465s][info][gc,stats       ]     Regular Objects              191156 us
[2021-02-28T14:28:38.893+0300][211.465s][info][gc,stats       ]     Humongous Objects                13 us
[2021-02-28T14:28:38.893+0300][211.465s][info][gc,stats       ]     Reset Complete Bitmap           467 us
[2021-02-28T14:28:38.893+0300][211.465s][info][gc,stats       ]     Rebuild Region Sets              48 us
[2021-02-28T14:28:38.893+0300][211.465s][info][gc,stats       ]   Post Heap Dump                      1 us
[2021-02-28T14:28:38.893+0300][211.465s][info][gc,stats       ] 
[2021-02-28T14:28:38.893+0300][211.465s][info][gc,stats       ] Allocation pacing accrued:
[2021-02-28T14:28:38.893+0300][211.465s][info][gc,stats       ]       0 of  1454 ms (  0.0%): <total>
[2021-02-28T14:28:38.893+0300][211.465s][info][gc,stats       ]       0 of  1454 ms (  0.0%): <average total>
[2021-02-28T14:28:38.893+0300][211.465s][info][gc,stats       ] 
[2021-02-28T14:28:38.893+0300][211.465s][info][gc,metaspace   ] Metaspace: 7077K(7808K)->7077K(7808K) NonClass: 6358K(6912K)->6358K(6912K) Class: 719K(896K)->719K(896K)
[2021-02-28T14:28:38.893+0300][211.465s][info][gc,ergo        ] Pacer for Idle. Initial: 20971K, Alloc Tax Rate: 1.0x
[2021-02-28T14:28:38.895+0300][211.467s][info][gc             ] Trigger: Free (377K) is below minimum threshold (102M)
[2021-02-28T14:28:38.895+0300][211.467s][info][gc,ergo        ] Free: 349K, Max: 349K regular, 0B humongous, Frag: 0% external, 77% internal; Reserve: 37376K, Max: 512K
[2021-02-28T14:28:38.895+0300][211.467s][info][gc,start       ] GC(142) Concurrent reset
[2021-02-28T14:28:38.895+0300][211.467s][info][gc,task        ] GC(142) Using 1 of 3 workers for concurrent reset
[2021-02-28T14:28:38.895+0300][211.467s][info][gc,ergo        ] GC(142) Pacer for Reset. Non-Taxable: 1024M
[2021-02-28T14:28:38.895+0300][211.467s][info][gc             ] Failed to allocate TLAB, 2648B
[2021-02-28T14:28:38.895+0300][211.467s][info][gc             ] Cancelling GC: Allocation Failure
[2021-02-28T14:28:38.895+0300][211.467s][info][gc             ] GC(142) Concurrent reset 0.229ms
[2021-02-28T14:28:38.895+0300][211.467s][info][gc,start       ] GC(142) Pause Init Mark (unload classes)
[2021-02-28T14:28:38.895+0300][211.467s][info][gc,task        ] GC(142) Using 3 of 3 workers for init marking
[2021-02-28T14:28:38.895+0300][211.468s][info][gc,ergo        ] GC(142) Pacer for Mark. Expected Live: 1775M, Free: 0B, Non-Taxable: 0B, Alloc Tax Rate: infx
[2021-02-28T14:28:38.895+0300][211.468s][info][gc             ] GC(142) Pause Init Mark (unload classes) 0.272ms
[2021-02-28T14:28:38.895+0300][211.468s][info][gc,start       ] GC(142) Concurrent marking (unload classes)
[2021-02-28T14:28:38.895+0300][211.468s][info][gc,task        ] GC(142) Using 1 of 3 workers for concurrent marking
[2021-02-28T14:28:38.895+0300][211.468s][info][gc             ] GC(142) Concurrent marking (unload classes) 0.215ms
[2021-02-28T14:28:38.895+0300][211.468s][info][gc,ergo        ] Free: 0B, Max: 0B regular, 0B humongous, Frag: 0% external, 0% internal; Reserve: 37376K, Max: 512K
[2021-02-28T14:28:38.895+0300][211.468s][info][gc,stats       ] 
[2021-02-28T14:28:38.895+0300][211.468s][info][gc,stats       ] All times are wall-clock times, except per-root-class counters, that are sum over
[2021-02-28T14:28:38.895+0300][211.468s][info][gc,stats       ] all workers. Dividing the <total> over the root stage time estimates parallelism.
[2021-02-28T14:28:38.895+0300][211.468s][info][gc,stats       ] 
[2021-02-28T14:28:38.895+0300][211.468s][info][gc,stats       ] Concurrent Reset                    251 us
[2021-02-28T14:28:38.895+0300][211.468s][info][gc,stats       ] Pause Init Mark (G)                 518 us
[2021-02-28T14:28:38.895+0300][211.468s][info][gc,stats       ] Pause Init Mark (N)                 286 us
[2021-02-28T14:28:38.895+0300][211.468s][info][gc,stats       ]   Manage TLABs                        2 us
[2021-02-28T14:28:38.895+0300][211.468s][info][gc,stats       ]   Update Region States               86 us
[2021-02-28T14:28:38.895+0300][211.468s][info][gc,stats       ]   Scan Roots                        120 us, parallelism: 0.92x
[2021-02-28T14:28:38.895+0300][211.468s][info][gc,stats       ]     S: <total>                      110 us
[2021-02-28T14:28:38.895+0300][211.468s][info][gc,stats       ]     S: Thread Roots                 107 us, workers (us):  54,  23,  29, 
[2021-02-28T14:28:38.895+0300][211.468s][info][gc,stats       ]     S: Universe Roots                 2 us, workers (us):   2, ---, ---, 
[2021-02-28T14:28:38.895+0300][211.468s][info][gc,stats       ]     S: Synchronizer Roots             0 us, workers (us):   0, ---, ---, 
[2021-02-28T14:28:38.895+0300][211.468s][info][gc,stats       ]     S: Management Roots               1 us, workers (us):   1, ---, ---, 
[2021-02-28T14:28:38.895+0300][211.468s][info][gc,stats       ]     S: JVMTI Roots                    0 us, workers (us):   0, ---, ---, 
[2021-02-28T14:28:38.895+0300][211.468s][info][gc,stats       ] Concurrent Marking                  238 us
[2021-02-28T14:28:38.895+0300][211.468s][info][gc,stats       ]   Roots                             140 us, parallelism: 0.43x
[2021-02-28T14:28:38.895+0300][211.468s][info][gc,stats       ]     CM: <total>                      59 us
[2021-02-28T14:28:38.895+0300][211.468s][info][gc,stats       ]     CM: JNI Handles Roots             2 us, workers (us):   2, ---, ---, 
[2021-02-28T14:28:38.895+0300][211.468s][info][gc,stats       ]     CM: VM Global Roots               2 us, workers (us):   2, ---, ---, 
[2021-02-28T14:28:38.895+0300][211.468s][info][gc,stats       ]     CM: CLDG Roots                   56 us, workers (us):  56, ---, ---, 
[2021-02-28T14:28:38.895+0300][211.468s][info][gc,stats       ] Pacing                            13378 us
[2021-02-28T14:28:38.895+0300][211.468s][info][gc,stats       ] 
[2021-02-28T14:28:38.895+0300][211.468s][info][gc,stats       ] Allocation pacing accrued:
[2021-02-28T14:28:38.895+0300][211.468s][info][gc,stats       ]       3 of     3 ms ( 92.3%): main
[2021-02-28T14:28:38.895+0300][211.468s][info][gc,stats       ]       3 of     3 ms ( 91.9%): Notification Thread
[2021-02-28T14:28:38.895+0300][211.468s][info][gc,stats       ]       3 of     3 ms ( 93.4%): RMI TCP Connection(5)-172.22.16.1
[2021-02-28T14:28:38.895+0300][211.468s][info][gc,stats       ]       3 of     3 ms ( 93.9%): RMI TCP Connection(6)-172.22.16.1
[2021-02-28T14:28:38.895+0300][211.468s][info][gc,stats       ]       3 of     3 ms ( 92.0%): RMI TCP Connection(7)-172.22.16.1
[2021-02-28T14:28:38.895+0300][211.468s][info][gc,stats       ]      13 of     3 ms (463.4%): <total>
[2021-02-28T14:28:38.895+0300][211.468s][info][gc,stats       ]       1 of     3 ms ( 24.4%): <average total>
[2021-02-28T14:28:38.895+0300][211.468s][info][gc,stats       ]       3 of     3 ms ( 92.7%): <average non-zero>
[2021-02-28T14:28:38.895+0300][211.468s][info][gc,stats       ] 
[2021-02-28T14:28:38.895+0300][211.468s][info][gc,metaspace   ] Metaspace: 7077K(7808K)->7077K(7808K) NonClass: 6358K(6912K)->6358K(6912K) Class: 719K(896K)->719K(896K)
[2021-02-28T14:28:38.895+0300][211.468s][info][gc,ergo        ] Pacer for Idle. Initial: 20971K, Alloc Tax Rate: 1.0x
[2021-02-28T14:28:38.902+0300][211.474s][info][gc             ] Trigger: Handle Allocation Failure
[2021-02-28T14:28:38.902+0300][211.474s][info][gc,ergo        ] Free: 0B, Max: 0B regular, 0B humongous, Frag: 0% external, 0% internal; Reserve: 37376K, Max: 512K
[2021-02-28T14:28:38.902+0300][211.474s][info][gc,start       ] GC(143) Pause Degenerated GC (Mark)
[2021-02-28T14:28:38.902+0300][211.474s][info][gc,task        ] GC(143) Using 3 of 3 workers for stw degenerated gc
[2021-02-28T14:28:39.325+0300][211.897s][info][gc,ergo        ] GC(143) Adaptive CSet Selection. Target Free: 145M, Actual Free: 37376K, Max CSet: 43690K, Min Garbage: 108M
[2021-02-28T14:28:39.325+0300][211.897s][info][gc,ergo        ] GC(143) Collectable Garbage: 131K (100%), Immediate: 0B (0%), CSet: 131K (100%)
[2021-02-28T14:28:39.325+0300][211.897s][info][gc,ergo        ] GC(143) Pacer for Evacuation. Used CSet: 43517K, Free: 17720B, Non-Taxable: 1772B, Alloc Tax Rate: 6147.3x
[2021-02-28T14:28:39.333+0300][211.906s][info][gc             ] GC(143) Cancelling GC: Allocation Failure During Evacuation
[2021-02-28T14:28:39.342+0300][211.914s][info][gc             ] GC(143) Cannot finish degeneration, upgrading to Full GC
[2021-02-28T14:28:39.342+0300][211.915s][info][gc,phases,start] GC(143) Phase 1: Mark live objects
[2021-02-28T14:28:39.796+0300][212.368s][info][gc,phases      ] GC(143) Phase 1: Mark live objects 452.607ms
[2021-02-28T14:28:39.796+0300][212.368s][info][gc,phases,start] GC(143) Phase 2: Compute new object addresses
[2021-02-28T14:28:39.982+0300][212.555s][info][gc,phases      ] GC(143) Phase 2: Compute new object addresses 187.128ms
[2021-02-28T14:28:39.982+0300][212.555s][info][gc,phases,start] GC(143) Phase 3: Adjust pointers
[2021-02-28T14:28:40.181+0300][212.753s][info][gc,phases      ] GC(143) Phase 3: Adjust pointers 197.690ms
[2021-02-28T14:28:40.181+0300][212.753s][info][gc,phases,start] GC(143) Phase 4: Move objects
[2021-02-28T14:28:40.371+0300][212.943s][info][gc,phases      ] GC(143) Phase 4: Move objects 190.512ms
[2021-02-28T14:28:40.371+0300][212.943s][info][gc,ergo        ] GC(143) Bad progress for free space: 161K, need 10485K
[2021-02-28T14:28:40.371+0300][212.943s][info][gc             ] GC(143) Pause Degenerated GC (Mark) 987M->987M(1024M) 1469.459ms
[2021-02-28T14:28:40.371+0300][212.944s][info][gc,ergo        ] Free: 161K, Max: 116K regular, 0B humongous, Frag: 0% external, 99% internal; Reserve: 37376K, Max: 512K
[2021-02-28T14:28:40.371+0300][212.944s][info][gc,stats       ] 
[2021-02-28T14:28:40.371+0300][212.944s][info][gc,stats       ] All times are wall-clock times, except per-root-class counters, that are sum over
[2021-02-28T14:28:40.371+0300][212.944s][info][gc,stats       ] all workers. Dividing the <total> over the root stage time estimates parallelism.
[2021-02-28T14:28:40.371+0300][212.944s][info][gc,stats       ] 
[2021-02-28T14:28:40.371+0300][212.944s][info][gc,stats       ]   Finish Queues                  421874 us
[2021-02-28T14:28:40.371+0300][212.944s][info][gc,stats       ]   System Purge                      101 us
[2021-02-28T14:28:40.371+0300][212.944s][info][gc,stats       ]     Unload Classes                  593 us
[2021-02-28T14:28:40.371+0300][212.944s][info][gc,stats       ]     Weak Roots                      100 us
[2021-02-28T14:28:40.371+0300][212.944s][info][gc,stats       ]     CLDG                              0 us
[2021-02-28T14:28:40.371+0300][212.944s][info][gc,stats       ]   Update Region States               91 us
[2021-02-28T14:28:40.371+0300][212.944s][info][gc,stats       ]   Manage GC/TLABs                     2 us
[2021-02-28T14:28:40.371+0300][212.944s][info][gc,stats       ]   Choose Collection Set             172 us
[2021-02-28T14:28:40.371+0300][212.944s][info][gc,stats       ]   Rebuild Free Set                   23 us
[2021-02-28T14:28:40.371+0300][212.944s][info][gc,stats       ]   Initial Evacuation                 15 us
[2021-02-28T14:28:40.371+0300][212.944s][info][gc,stats       ] Pause Degenerated GC (G)        1469638 us
[2021-02-28T14:28:40.371+0300][212.944s][info][gc,stats       ] Pause Degenerated GC (N)        1469474 us
[2021-02-28T14:28:40.371+0300][212.944s][info][gc,stats       ]   Degen Mark Roots                  116 us, parallelism: 0.22x
[2021-02-28T14:28:40.371+0300][212.944s][info][gc,stats       ]     DM: <total>                      25 us
[2021-02-28T14:28:40.371+0300][212.944s][info][gc,stats       ]     DM: JNI Handles Roots             2 us, workers (us):   1,   0,   0, 
[2021-02-28T14:28:40.371+0300][212.944s][info][gc,stats       ]     DM: VM Global Roots               1 us, workers (us):   0,   1,   0, 
[2021-02-28T14:28:40.371+0300][212.944s][info][gc,stats       ]     DM: CLDG Roots                   22 us, workers (us):  22, ---, ---, 
[2021-02-28T14:28:40.371+0300][212.944s][info][gc,stats       ]   Pre Heap Dump                       1 us
[2021-02-28T14:28:40.371+0300][212.944s][info][gc,stats       ]   Prepare                          1185 us
[2021-02-28T14:28:40.371+0300][212.944s][info][gc,stats       ]     Update Roots                    708 us, parallelism: 2.22x
[2021-02-28T14:28:40.371+0300][212.944s][info][gc,stats       ]       FU: <total>                  1574 us
[2021-02-28T14:28:40.371+0300][212.944s][info][gc,stats       ]       FU: Thread Roots               72 us, workers (us):  71,   1,   1, 
[2021-02-28T14:28:40.371+0300][212.944s][info][gc,stats       ]       FU: Code Cache Roots         1435 us, workers (us): 390, 517, 529, 
[2021-02-28T14:28:40.371+0300][212.944s][info][gc,stats       ]       FU: Universe Roots              1 us, workers (us):   1, ---, ---, 
[2021-02-28T14:28:40.371+0300][212.944s][info][gc,stats       ]       FU: JNI Handles Roots           1 us, workers (us):   0,   0,   0, 
[2021-02-28T14:28:40.371+0300][212.944s][info][gc,stats       ]       FU: JVMTI Weak Roots            0 us, workers (us):   0, ---, ---, 
[2021-02-28T14:28:40.371+0300][212.944s][info][gc,stats       ]       FU: JFR Weak Roots              0 us, workers (us):   0, ---, ---, 
[2021-02-28T14:28:40.371+0300][212.944s][info][gc,stats       ]       FU: JNI Weak Roots              0 us, workers (us):   0,   0,   0, 
[2021-02-28T14:28:40.371+0300][212.944s][info][gc,stats       ]       FU: String Table Roots         42 us, workers (us):  33,   9,   0, 
[2021-02-28T14:28:40.371+0300][212.944s][info][gc,stats       ]       FU: Resolved Table Roots        3 us, workers (us):   2,   1,   0, 
[2021-02-28T14:28:40.371+0300][212.944s][info][gc,stats       ]       FU: VM Global Roots             1 us, workers (us):   1,   0,   0, 
[2021-02-28T14:28:40.371+0300][212.944s][info][gc,stats       ]       FU: VM Weak Roots               1 us, workers (us):   0,   0,   0, 
[2021-02-28T14:28:40.371+0300][212.944s][info][gc,stats       ]       FU: Synchronizer Roots          0 us, workers (us):   0, ---, ---, 
[2021-02-28T14:28:40.371+0300][212.944s][info][gc,stats       ]       FU: Management Roots            1 us, workers (us):   1, ---, ---, 
[2021-02-28T14:28:40.371+0300][212.944s][info][gc,stats       ]       FU: CLDG Roots                 15 us, workers (us):  15, ---, ---, 
[2021-02-28T14:28:40.371+0300][212.944s][info][gc,stats       ]       FU: JVMTI Roots                 1 us, workers (us):   1, ---, ---, 
[2021-02-28T14:28:40.371+0300][212.944s][info][gc,stats       ]   Scan Roots                        127 us, parallelism: 1.09x
[2021-02-28T14:28:40.371+0300][212.944s][info][gc,stats       ]     FS: <total>                     138 us
[2021-02-28T14:28:40.371+0300][212.944s][info][gc,stats       ]     FS: Thread Roots                134 us, workers (us):  68,  36,  30, 
[2021-02-28T14:28:40.371+0300][212.944s][info][gc,stats       ]     FS: Universe Roots                2 us, workers (us):   2, ---, ---, 
[2021-02-28T14:28:40.371+0300][212.944s][info][gc,stats       ]     FS: Synchronizer Roots            0 us, workers (us):   0, ---, ---, 
[2021-02-28T14:28:40.371+0300][212.944s][info][gc,stats       ]     FS: Management Roots              2 us, workers (us):   2, ---, ---, 
[2021-02-28T14:28:40.371+0300][212.944s][info][gc,stats       ]     FS: JVMTI Roots                   0 us, workers (us):   0, ---, ---, 
[2021-02-28T14:28:40.371+0300][212.944s][info][gc,stats       ]   Scan Concurrent Roots             117 us, parallelism: 0.53x
[2021-02-28T14:28:40.371+0300][212.944s][info][gc,stats       ]     FCS: <total>                     62 us
[2021-02-28T14:28:40.371+0300][212.944s][info][gc,stats       ]     FCS: JNI Handles Roots            2 us, workers (us):   2,   0,   0, 
[2021-02-28T14:28:40.371+0300][212.944s][info][gc,stats       ]     FCS: VM Global Roots              2 us, workers (us):   2,   0,   0, 
[2021-02-28T14:28:40.371+0300][212.944s][info][gc,stats       ]     FCS: CLDG Roots                  58 us, workers (us):  58, ---, ---, 
[2021-02-28T14:28:40.371+0300][212.944s][info][gc,stats       ]   Mark                           452564 us
[2021-02-28T14:28:40.371+0300][212.944s][info][gc,stats       ]     Finish Queues                451395 us
[2021-02-28T14:28:40.371+0300][212.944s][info][gc,stats       ]     Weak References                 186 us
[2021-02-28T14:28:40.371+0300][212.944s][info][gc,stats       ]       Process                       181 us
[2021-02-28T14:28:40.371+0300][212.944s][info][gc,stats       ]     System Purge                    100 us
[2021-02-28T14:28:40.371+0300][212.944s][info][gc,stats       ]       Unload Classes                621 us
[2021-02-28T14:28:40.371+0300][212.944s][info][gc,stats       ]       Weak Roots                     99 us
[2021-02-28T14:28:40.371+0300][212.944s][info][gc,stats       ]       CLDG                            0 us
[2021-02-28T14:28:40.371+0300][212.944s][info][gc,stats       ]   Calculate Addresses            187114 us
[2021-02-28T14:28:40.371+0300][212.944s][info][gc,stats       ]     Regular Objects              187078 us
[2021-02-28T14:28:40.371+0300][212.944s][info][gc,stats       ]     Humongous Objects                16 us
[2021-02-28T14:28:40.371+0300][212.944s][info][gc,stats       ]   Adjust Pointers                197676 us
[2021-02-28T14:28:40.371+0300][212.944s][info][gc,stats       ]     FA: <total>                    1745 us
[2021-02-28T14:28:40.371+0300][212.944s][info][gc,stats       ]     FA: Thread Roots                 78 us, workers (us):   1,  77,   1, 
[2021-02-28T14:28:40.371+0300][212.944s][info][gc,stats       ]     FA: Code Cache Roots           1563 us, workers (us): 535, 455, 573, 
[2021-02-28T14:28:40.371+0300][212.944s][info][gc,stats       ]     FA: Universe Roots                1 us, workers (us):   1, ---, ---, 
[2021-02-28T14:28:40.371+0300][212.944s][info][gc,stats       ]     FA: JNI Handles Roots             2 us, workers (us):   2,   0,   0, 
[2021-02-28T14:28:40.371+0300][212.944s][info][gc,stats       ]     FA: JVMTI Weak Roots              0 us, workers (us):   0, ---, ---, 
[2021-02-28T14:28:40.371+0300][212.945s][info][gc,stats       ]     FA: JFR Weak Roots                0 us, workers (us):   0, ---, ---, 
[2021-02-28T14:28:40.371+0300][212.945s][info][gc,stats       ]     FA: String Table Roots           54 us, workers (us):  36,  14,   3, 
[2021-02-28T14:28:40.371+0300][212.945s][info][gc,stats       ]     FA: Resolved Table Roots          4 us, workers (us):   1,   1,   2, 
[2021-02-28T14:28:40.371+0300][212.945s][info][gc,stats       ]     FA: VM Global Roots               2 us, workers (us):   2,   0,   0, 
[2021-02-28T14:28:40.371+0300][212.945s][info][gc,stats       ]     FA: VM Weak Roots                 2 us, workers (us):   1,   2,   0, 
[2021-02-28T14:28:40.371+0300][212.945s][info][gc,stats       ]     FA: Synchronizer Roots            0 us, workers (us):   0, ---, ---, 
[2021-02-28T14:28:40.371+0300][212.945s][info][gc,stats       ]     FA: Management Roots              1 us, workers (us):   1, ---, ---, 
[2021-02-28T14:28:40.371+0300][212.945s][info][gc,stats       ]     FA: CLDG Roots                   36 us, workers (us): ---, ---,  36, 
[2021-02-28T14:28:40.371+0300][212.945s][info][gc,stats       ]     FA: JVMTI Roots                   0 us, workers (us):   0, ---, ---, 
[2021-02-28T14:28:40.371+0300][212.945s][info][gc,stats       ]   Copy Objects                   190499 us
[2021-02-28T14:28:40.371+0300][212.945s][info][gc,stats       ]     Regular Objects              189943 us
[2021-02-28T14:28:40.371+0300][212.945s][info][gc,stats       ]     Humongous Objects                13 us
[2021-02-28T14:28:40.371+0300][212.945s][info][gc,stats       ]     Reset Complete Bitmap           493 us
[2021-02-28T14:28:40.371+0300][212.945s][info][gc,stats       ]     Rebuild Region Sets              49 us
[2021-02-28T14:28:40.371+0300][212.945s][info][gc,stats       ]   Post Heap Dump                      1 us
[2021-02-28T14:28:40.371+0300][212.945s][info][gc,stats       ] 
[2021-02-28T14:28:40.371+0300][212.945s][info][gc,stats       ] Allocation pacing accrued:
[2021-02-28T14:28:40.371+0300][212.945s][info][gc,stats       ]       0 of  1476 ms (  0.0%): <total>
[2021-02-28T14:28:40.372+0300][212.945s][info][gc,stats       ]       0 of  1476 ms (  0.0%): <average total>
[2021-02-28T14:28:40.372+0300][212.945s][info][gc,stats       ] 
[2021-02-28T14:28:40.372+0300][212.945s][info][gc,metaspace   ] Metaspace: 7077K(7808K)->7081K(7808K) NonClass: 6358K(6912K)->6361K(6912K) Class: 719K(896K)->719K(896K)
[2021-02-28T14:28:40.372+0300][212.945s][info][gc,ergo        ] Pacer for Idle. Initial: 20971K, Alloc Tax Rate: 1.0x
[2021-02-28T14:28:40.388+0300][212.960s][info][gc             ] Trigger: Free (58952B) is below minimum threshold (102M)
[2021-02-28T14:28:40.388+0300][212.960s][info][gc             ] Failed to allocate TLAB, 2648B
[2021-02-28T14:28:40.388+0300][212.960s][info][gc,ergo        ] Free: 0B, Max: 0B regular, 0B humongous, Frag: 0% external, 0% internal; Reserve: 37376K, Max: 512K
[2021-02-28T14:28:40.388+0300][212.960s][info][gc             ] Cancelling GC: Allocation Failure
[2021-02-28T14:28:40.388+0300][212.960s][info][gc,ergo        ] Free: 0B, Max: 0B regular, 0B humongous, Frag: 0% external, 0% internal; Reserve: 37376K, Max: 512K
[2021-02-28T14:28:40.388+0300][212.960s][info][gc,stats       ] 
[2021-02-28T14:28:40.388+0300][212.960s][info][gc,stats       ] All times are wall-clock times, except per-root-class counters, that are sum over
[2021-02-28T14:28:40.388+0300][212.960s][info][gc,stats       ] all workers. Dividing the <total> over the root stage time estimates parallelism.
[2021-02-28T14:28:40.388+0300][212.960s][info][gc,stats       ] 
[2021-02-28T14:28:40.388+0300][212.960s][info][gc,stats       ] 
[2021-02-28T14:28:40.388+0300][212.960s][info][gc,stats       ] Allocation pacing accrued:
[2021-02-28T14:28:40.388+0300][212.960s][info][gc,stats       ]       0 of    15 ms (  0.0%): <total>
[2021-02-28T14:28:40.388+0300][212.960s][info][gc,stats       ]       0 of    15 ms (  0.0%): <average total>
[2021-02-28T14:28:40.388+0300][212.960s][info][gc,stats       ] 
[2021-02-28T14:28:40.388+0300][212.960s][info][gc,metaspace   ] Metaspace: 7081K(7808K)->7081K(7808K) NonClass: 6361K(6912K)->6361K(6912K) Class: 719K(896K)->719K(896K)
[2021-02-28T14:28:40.388+0300][212.960s][info][gc,ergo        ] Pacer for Idle. Initial: 20971K, Alloc Tax Rate: 1.0x
[2021-02-28T14:28:40.404+0300][212.976s][info][gc             ] Trigger: Handle Allocation Failure
[2021-02-28T14:28:40.404+0300][212.976s][info][gc,ergo        ] Free: 0B, Max: 0B regular, 0B humongous, Frag: 0% external, 0% internal; Reserve: 37376K, Max: 512K
[2021-02-28T14:28:40.404+0300][212.976s][info][gc,start       ] GC(144) Pause Full
[2021-02-28T14:28:40.404+0300][212.976s][info][gc,task        ] GC(144) Using 3 of 3 workers for full gc
[2021-02-28T14:28:40.404+0300][212.976s][info][gc,phases,start] GC(144) Phase 1: Mark live objects
[2021-02-28T14:28:40.819+0300][213.392s][info][gc,phases      ] GC(144) Phase 1: Mark live objects 415.294ms
[2021-02-28T14:28:40.819+0300][213.392s][info][gc,phases,start] GC(144) Phase 2: Compute new object addresses
[2021-02-28T14:28:40.999+0300][213.572s][info][gc,phases      ] GC(144) Phase 2: Compute new object addresses 180.012ms
[2021-02-28T14:28:40.999+0300][213.572s][info][gc,phases,start] GC(144) Phase 3: Adjust pointers
[2021-02-28T14:28:41.201+0300][213.774s][info][gc,phases      ] GC(144) Phase 3: Adjust pointers 201.960ms
[2021-02-28T14:28:41.201+0300][213.774s][info][gc,phases,start] GC(144) Phase 4: Move objects
[2021-02-28T14:28:41.397+0300][213.969s][info][gc,phases      ] GC(144) Phase 4: Move objects 195.278ms
[2021-02-28T14:28:41.397+0300][213.969s][info][gc,ergo        ] GC(144) Bad progress for free space: 120K, need 10485K
[2021-02-28T14:28:41.397+0300][213.969s][info][gc             ] GC(144) Pause Full 987M->987M(1024M) 993.031ms
[2021-02-28T14:28:41.397+0300][213.969s][info][gc,ergo        ] Free: 120K, Max: 77888B regular, 0B humongous, Frag: 0% external, 99% internal; Reserve: 37376K, Max: 512K
[2021-02-28T14:28:41.397+0300][213.969s][info][gc,stats       ] 
[2021-02-28T14:28:41.397+0300][213.969s][info][gc,stats       ] All times are wall-clock times, except per-root-class counters, that are sum over
[2021-02-28T14:28:41.397+0300][213.969s][info][gc,stats       ] all workers. Dividing the <total> over the root stage time estimates parallelism.
[2021-02-28T14:28:41.397+0300][213.969s][info][gc,stats       ] 
[2021-02-28T14:28:41.397+0300][213.969s][info][gc,stats       ] Pause Full GC (G)                993266 us
[2021-02-28T14:28:41.397+0300][213.969s][info][gc,stats       ] Pause Full GC (N)                993046 us
[2021-02-28T14:28:41.397+0300][213.969s][info][gc,stats       ]   Pre Heap Dump                       0 us
[2021-02-28T14:28:41.397+0300][213.969s][info][gc             ] Failed to allocate TLAB, 2648B
[2021-02-28T14:28:41.397+0300][213.969s][info][gc,stats       ]   Prepare                           139 us
[2021-02-28T14:28:41.397+0300][213.969s][info][gc             ] Cancelling GC: Allocation Failure
[2021-02-28T14:28:41.397+0300][213.969s][info][gc,stats       ]   Scan Roots                        128 us, parallelism: 0.93x
[2021-02-28T14:28:41.397+0300][213.969s][info][gc,stats       ]     FS: <total>                     119 us
[2021-02-28T14:28:41.397+0300][213.969s][info][gc,stats       ]     FS: Thread Roots                116 us, workers (us):  52,  30,  34, 
[2021-02-28T14:28:41.397+0300][213.969s][info][gc,stats       ]     FS: Universe Roots                2 us, workers (us):   2, ---, ---, 
[2021-02-28T14:28:41.397+0300][213.969s][info][gc,stats       ]     FS: Synchronizer Roots            0 us, workers (us):   0, ---, ---, 
[2021-02-28T14:28:41.397+0300][213.969s][info][gc,stats       ]     FS: Management Roots              1 us, workers (us):   1, ---, ---, 
[2021-02-28T14:28:41.397+0300][213.970s][info][gc,stats       ]     FS: JVMTI Roots                   0 us, workers (us):   0, ---, ---, 
[2021-02-28T14:28:41.397+0300][213.970s][info][gc,stats       ]   Scan Concurrent Roots             101 us, parallelism: 0.48x
[2021-02-28T14:28:41.397+0300][213.970s][info][gc,stats       ]     FCS: <total>                     49 us
[2021-02-28T14:28:41.397+0300][213.970s][info][gc,stats       ]     FCS: JNI Handles Roots            2 us, workers (us):   1,   0,   0, 
[2021-02-28T14:28:41.397+0300][213.970s][info][gc,stats       ]     FCS: VM Global Roots              2 us, workers (us):   2,   0,   0, 
[2021-02-28T14:28:41.397+0300][213.970s][info][gc,stats       ]     FCS: CLDG Roots                  45 us, workers (us):  45, ---, ---, 
[2021-02-28T14:28:41.397+0300][213.970s][info][gc,stats       ]   Mark                           415272 us
[2021-02-28T14:28:41.397+0300][213.970s][info][gc,stats       ]     Finish Queues                413671 us
[2021-02-28T14:28:41.397+0300][213.970s][info][gc,stats       ]     Weak References                 184 us
[2021-02-28T14:28:41.397+0300][213.970s][info][gc,stats       ]       Process                       178 us
[2021-02-28T14:28:41.397+0300][213.970s][info][gc,stats       ]     System Purge                     97 us
[2021-02-28T14:28:41.397+0300][213.970s][info][gc,stats       ]       Unload Classes               1062 us
[2021-02-28T14:28:41.397+0300][213.970s][info][gc,stats       ]       Weak Roots                     97 us
[2021-02-28T14:28:41.397+0300][213.970s][info][gc,stats       ]       CLDG                           12 us
[2021-02-28T14:28:41.397+0300][213.970s][info][gc,stats       ]   Calculate Addresses            179999 us
[2021-02-28T14:28:41.397+0300][213.970s][info][gc,stats       ]     Regular Objects              179963 us
[2021-02-28T14:28:41.397+0300][213.970s][info][gc,stats       ]     Humongous Objects                15 us
[2021-02-28T14:28:41.397+0300][213.970s][info][gc,stats       ]   Adjust Pointers                201946 us
[2021-02-28T14:28:41.397+0300][213.970s][info][gc,stats       ]     FA: <total>                    1796 us
[2021-02-28T14:28:41.397+0300][213.970s][info][gc,stats       ]     FA: Thread Roots                 75 us, workers (us):   1,   1,  74, 
[2021-02-28T14:28:41.397+0300][213.970s][info][gc,stats       ]     FA: Code Cache Roots           1582 us, workers (us): 594, 582, 407, 
[2021-02-28T14:28:41.398+0300][213.970s][info][gc,stats       ]     FA: Universe Roots                1 us, workers (us):   1, ---, ---, 
[2021-02-28T14:28:41.398+0300][213.970s][info][gc,stats       ]     FA: JNI Handles Roots             2 us, workers (us):   2,   0,   0, 
[2021-02-28T14:28:41.398+0300][213.970s][info][gc,stats       ]     FA: JVMTI Weak Roots              0 us, workers (us):   0, ---, ---, 
[2021-02-28T14:28:41.398+0300][213.970s][info][gc,stats       ]     FA: JFR Weak Roots                0 us, workers (us):   0, ---, ---, 
[2021-02-28T14:28:41.398+0300][213.970s][info][gc,stats       ]     FA: JNI Weak Roots                0 us, workers (us):   0,   0,   0, 
[2021-02-28T14:28:41.398+0300][213.970s][info][gc,stats       ]     FA: String Table Roots           81 us, workers (us):  57,  16,   8, 
[2021-02-28T14:28:41.398+0300][213.970s][info][gc,stats       ]     FA: Resolved Table Roots         13 us, workers (us):   4,   5,   4, 
[2021-02-28T14:28:41.398+0300][213.970s][info][gc,stats       ]     FA: VM Global Roots               2 us, workers (us):   2,   0,   0, 
[2021-02-28T14:28:41.398+0300][213.970s][info][gc,stats       ]     FA: VM Weak Roots                 2 us, workers (us):   1,   0,   0, 
[2021-02-28T14:28:41.398+0300][213.970s][info][gc,stats       ]     FA: Synchronizer Roots            0 us, workers (us):   0, ---, ---, 
[2021-02-28T14:28:41.398+0300][213.970s][info][gc,stats       ]     FA: Management Roots              1 us, workers (us):   1, ---, ---, 
[2021-02-28T14:28:41.398+0300][213.970s][info][gc,stats       ]     FA: CLDG Roots                   36 us, workers (us): ---, ---,  36, 
[2021-02-28T14:28:41.398+0300][213.970s][info][gc,stats       ]     FA: JVMTI Roots                   0 us, workers (us):   0, ---, ---, 
[2021-02-28T14:28:41.398+0300][213.970s][info][gc,stats       ]   Copy Objects                   195265 us
[2021-02-28T14:28:41.398+0300][213.970s][info][gc,stats       ]     Regular Objects              194723 us
[2021-02-28T14:28:41.398+0300][213.970s][info][gc,stats       ]     Humongous Objects                14 us
[2021-02-28T14:28:41.398+0300][213.970s][info][gc,stats       ]     Reset Complete Bitmap           480 us
[2021-02-28T14:28:41.398+0300][213.970s][info][gc,stats       ]     Rebuild Region Sets              48 us
[2021-02-28T14:28:41.398+0300][213.970s][info][gc,stats       ]   Post Heap Dump                      1 us
[2021-02-28T14:28:41.398+0300][213.970s][info][gc,stats       ] 
[2021-02-28T14:28:41.398+0300][213.970s][info][gc,stats       ] Allocation pacing accrued:
[2021-02-28T14:28:41.398+0300][213.970s][info][gc,stats       ]       0 of  1010 ms (  0.0%): <total>
[2021-02-28T14:28:41.398+0300][213.970s][info][gc,stats       ]       0 of  1010 ms (  0.0%): <average total>
[2021-02-28T14:28:41.398+0300][213.970s][info][gc,stats       ] 
[2021-02-28T14:28:41.398+0300][213.970s][info][gc,metaspace   ] Metaspace: 7081K(7808K)->7077K(7808K) NonClass: 6361K(6912K)->6358K(6912K) Class: 719K(896K)->719K(896K)
[2021-02-28T14:28:41.398+0300][213.970s][info][gc,ergo        ] Pacer for Idle. Initial: 20971K, Alloc Tax Rate: 1.0x
[2021-02-28T14:28:41.417+0300][213.989s][info][gc             ] Trigger: Handle Allocation Failure
[2021-02-28T14:28:41.417+0300][213.989s][info][gc,ergo        ] Free: 0B, Max: 0B regular, 0B humongous, Frag: 0% external, 0% internal; Reserve: 37376K, Max: 512K
[2021-02-28T14:28:41.417+0300][213.989s][info][gc,start       ] GC(145) Pause Degenerated GC (Outside of Cycle)
[2021-02-28T14:28:41.417+0300][213.989s][info][gc,task        ] GC(145) Using 3 of 3 workers for stw degenerated gc
[2021-02-28T14:28:41.417+0300][213.989s][info][gc,ergo        ] GC(145) Pacer for Reset. Non-Taxable: 1024M
[2021-02-28T14:28:41.417+0300][213.989s][info][gc,ergo        ] GC(145) Pacer for Mark. Expected Live: 1973M, Free: 0B, Non-Taxable: 0B, Alloc Tax Rate: infx
[2021-02-28T14:28:41.830+0300][214.402s][info][gc,ergo        ] GC(145) Adaptive CSet Selection. Target Free: 145M, Actual Free: 37376K, Max CSet: 43690K, Min Garbage: 108M
[2021-02-28T14:28:41.830+0300][214.402s][info][gc,ergo        ] GC(145) Collectable Garbage: 28072B (100%), Immediate: 0B (0%), CSet: 28072B (100%)
[2021-02-28T14:28:41.830+0300][214.402s][info][gc,ergo        ] GC(145) Pacer for Evacuation. Used CSet: 43517K, Free: 15952B, Non-Taxable: 1595B, Alloc Tax Rate: 6828.5x
[2021-02-28T14:28:41.839+0300][214.411s][info][gc             ] GC(145) Cancelling GC: Allocation Failure During Evacuation
[2021-02-28T14:28:41.848+0300][214.420s][info][gc             ] GC(145) Cannot finish degeneration, upgrading to Full GC
[2021-02-28T14:28:41.848+0300][214.421s][info][gc,phases,start] GC(145) Phase 1: Mark live objects
[2021-02-28T14:28:42.297+0300][214.870s][info][gc,phases      ] GC(145) Phase 1: Mark live objects 449.034ms
[2021-02-28T14:28:42.297+0300][214.870s][info][gc,phases,start] GC(145) Phase 2: Compute new object addresses
[2021-02-28T14:28:42.476+0300][215.048s][info][gc,phases      ] GC(145) Phase 2: Compute new object addresses 178.087ms
[2021-02-28T14:28:42.476+0300][215.048s][info][gc,phases,start] GC(145) Phase 3: Adjust pointers
[2021-02-28T14:28:42.677+0300][215.249s][info][gc,phases      ] GC(145) Phase 3: Adjust pointers 200.473ms
[2021-02-28T14:28:42.677+0300][215.249s][info][gc,phases,start] GC(145) Phase 4: Move objects
[2021-02-28T14:28:42.859+0300][215.432s][info][gc,phases      ] GC(145) Phase 4: Move objects 182.672ms
[2021-02-28T14:28:42.859+0300][215.432s][info][gc,ergo        ] GC(145) Bad progress for free space: 557K, need 10485K
[2021-02-28T14:28:42.859+0300][215.432s][info][gc             ] GC(145) Pause Degenerated GC (Outside of Cycle) 987M->987M(1024M) 1442.701ms
[2021-02-28T14:28:42.859+0300][215.432s][info][gc,ergo        ] Free: 557K, Max: 398K regular, 0B humongous, Frag: 0% external, 99% internal; Reserve: 36864K, Max: 512K
[2021-02-28T14:28:42.859+0300][215.432s][info][gc,stats       ] 
[2021-02-28T14:28:42.859+0300][215.432s][info][gc,stats       ] All times are wall-clock times, except per-root-class counters, that are sum over
[2021-02-28T14:28:42.859+0300][215.432s][info][gc,stats       ] all workers. Dividing the <total> over the root stage time estimates parallelism.
[2021-02-28T14:28:42.859+0300][215.432s][info][gc,stats       ] 
[2021-02-28T14:28:42.859+0300][215.432s][info][gc,stats       ]   Manage TLABs                        3 us
[2021-02-28T14:28:42.859+0300][215.432s][info][gc,stats       ]   Update Region States               75 us
[2021-02-28T14:28:42.859+0300][215.432s][info][gc,stats       ]   Scan Roots                        113 us, parallelism: 1.03x
[2021-02-28T14:28:42.859+0300][215.432s][info][gc,stats       ]     S: <total>                      116 us
[2021-02-28T14:28:42.859+0300][215.432s][info][gc,stats       ]     S: Thread Roots                 113 us, workers (us):  55,  37,  21, 
[2021-02-28T14:28:42.859+0300][215.432s][info][gc,stats       ]     S: Universe Roots                 2 us, workers (us):   2, ---, ---, 
[2021-02-28T14:28:42.859+0300][215.432s][info][gc,stats       ]     S: Synchronizer Roots             0 us, workers (us):   0, ---, ---, 
[2021-02-28T14:28:42.859+0300][215.432s][info][gc,stats       ]     S: Management Roots               1 us, workers (us):   1, ---, ---, 
[2021-02-28T14:28:42.859+0300][215.432s][info][gc,stats       ]     S: JVMTI Roots                    0 us, workers (us):   0, ---, ---, 
[2021-02-28T14:28:42.859+0300][215.432s][info][gc,stats       ]   Finish Queues                  411475 us
[2021-02-28T14:28:42.859+0300][215.432s][info][gc,stats       ]   Weak References                    28 us
[2021-02-28T14:28:42.859+0300][215.432s][info][gc,stats       ]     Process                          23 us
[2021-02-28T14:28:42.859+0300][215.432s][info][gc,stats       ]   System Purge                       84 us
[2021-02-28T14:28:42.859+0300][215.432s][info][gc,stats       ]     Unload Classes                  594 us
[2021-02-28T14:28:42.859+0300][215.432s][info][gc,stats       ]     Weak Roots                       84 us
[2021-02-28T14:28:42.859+0300][215.432s][info][gc,stats       ]     CLDG                              0 us
[2021-02-28T14:28:42.859+0300][215.432s][info][gc,stats       ]   Update Region States               82 us
[2021-02-28T14:28:42.859+0300][215.432s][info][gc,stats       ]   Manage GC/TLABs                     2 us
[2021-02-28T14:28:42.859+0300][215.432s][info][gc,stats       ]   Choose Collection Set             123 us
[2021-02-28T14:28:42.859+0300][215.432s][info][gc,stats       ]   Rebuild Free Set                   24 us
[2021-02-28T14:28:42.859+0300][215.432s][info][gc,stats       ]   Initial Evacuation                 15 us
[2021-02-28T14:28:42.859+0300][215.432s][info][gc,stats       ] Pause Degenerated GC (G)        1442910 us
[2021-02-28T14:28:42.859+0300][215.432s][info][gc,stats       ] Pause Degenerated GC (N)        1442717 us
[2021-02-28T14:28:42.859+0300][215.432s][info][gc,stats       ]   Degen Mark Roots                   87 us, parallelism: 0.56x
[2021-02-28T14:28:42.859+0300][215.432s][info][gc,stats       ]     DM: <total>                      48 us
[2021-02-28T14:28:42.859+0300][215.432s][info][gc,stats       ]     DM: JNI Handles Roots             2 us, workers (us):   1,   0,   0, 
[2021-02-28T14:28:42.859+0300][215.432s][info][gc,stats       ]     DM: VM Global Roots               2 us, workers (us):   1,   0,   0, 
[2021-02-28T14:28:42.859+0300][215.432s][info][gc,stats       ]     DM: CLDG Roots                   45 us, workers (us):  45, ---, ---, 
[2021-02-28T14:28:42.859+0300][215.432s][info][gc,stats       ]   Pre Heap Dump                       1 us
[2021-02-28T14:28:42.859+0300][215.432s][info][gc,stats       ]   Prepare                          1164 us
[2021-02-28T14:28:42.859+0300][215.432s][info][gc,stats       ]     Update Roots                    688 us, parallelism: 2.28x
[2021-02-28T14:28:42.859+0300][215.432s][info][gc,stats       ]       FU: <total>                  1571 us
[2021-02-28T14:28:42.859+0300][215.432s][info][gc,stats       ]       FU: Thread Roots               75 us, workers (us):   1,  73,   1, 
[2021-02-28T14:28:42.859+0300][215.432s][info][gc,stats       ]       FU: Code Cache Roots         1429 us, workers (us): 516, 391, 522, 
[2021-02-28T14:28:42.859+0300][215.432s][info][gc,stats       ]       FU: Universe Roots              1 us, workers (us):   1, ---, ---, 
[2021-02-28T14:28:42.859+0300][215.432s][info][gc,stats       ]       FU: JNI Handles Roots           1 us, workers (us):   0,   0,   0, 
[2021-02-28T14:28:42.859+0300][215.432s][info][gc,stats       ]       FU: JVMTI Weak Roots            0 us, workers (us):   0, ---, ---, 
[2021-02-28T14:28:42.859+0300][215.432s][info][gc,stats       ]       FU: JFR Weak Roots              0 us, workers (us):   0, ---, ---, 
[2021-02-28T14:28:42.859+0300][215.432s][info][gc,stats       ]       FU: JNI Weak Roots              0 us, workers (us):   0,   0,   0, 
[2021-02-28T14:28:42.859+0300][215.432s][info][gc,stats       ]       FU: String Table Roots         42 us, workers (us):  21,  21,   0, 
[2021-02-28T14:28:42.859+0300][215.432s][info][gc,stats       ]       FU: Resolved Table Roots        3 us, workers (us):   2,   1,   0, 
[2021-02-28T14:28:42.859+0300][215.432s][info][gc,stats       ]       FU: VM Global Roots             1 us, workers (us):   1,   0,   0, 
[2021-02-28T14:28:42.859+0300][215.432s][info][gc,stats       ]       FU: VM Weak Roots               1 us, workers (us):   0,   1,   0, 
[2021-02-28T14:28:42.859+0300][215.432s][info][gc,stats       ]       FU: Synchronizer Roots          0 us, workers (us):   0, ---, ---, 
[2021-02-28T14:28:42.859+0300][215.432s][info][gc,stats       ]       FU: Management Roots            1 us, workers (us): ---,   1, ---, 
[2021-02-28T14:28:42.859+0300][215.432s][info][gc,stats       ]       FU: CLDG Roots                 15 us, workers (us): ---,  15, ---, 
[2021-02-28T14:28:42.859+0300][215.432s][info][gc,stats       ]       FU: JVMTI Roots                 0 us, workers (us):   0, ---, ---, 
[2021-02-28T14:28:42.859+0300][215.432s][info][gc,stats       ]   Scan Roots                        117 us, parallelism: 1.33x
[2021-02-28T14:28:42.859+0300][215.432s][info][gc,stats       ]     FS: <total>                     155 us
[2021-02-28T14:28:42.859+0300][215.432s][info][gc,stats       ]     FS: Thread Roots                151 us, workers (us):  58,  65,  28, 
[2021-02-28T14:28:42.859+0300][215.433s][info][gc,stats       ]     FS: Universe Roots                2 us, workers (us):   2, ---, ---, 
[2021-02-28T14:28:42.859+0300][215.433s][info][gc,stats       ]     FS: Synchronizer Roots            0 us, workers (us): ---,   0, ---, 
[2021-02-28T14:28:42.859+0300][215.433s][info][gc,stats       ]     FS: Management Roots              2 us, workers (us):   2, ---, ---, 
[2021-02-28T14:28:42.859+0300][215.433s][info][gc,stats       ]     FS: JVMTI Roots                   0 us, workers (us): ---,   0, ---, 
[2021-02-28T14:28:42.859+0300][215.433s][info][gc,stats       ]   Scan Concurrent Roots             115 us, parallelism: 0.55x
[2021-02-28T14:28:42.859+0300][215.433s][info][gc,stats       ]     FCS: <total>                     64 us
[2021-02-28T14:28:42.859+0300][215.433s][info][gc,stats       ]     FCS: JNI Handles Roots            2 us, workers (us):   1,   0,   0, 
[2021-02-28T14:28:42.859+0300][215.433s][info][gc,stats       ]     FCS: VM Global Roots              3 us, workers (us):   1,   2,   0, 
[2021-02-28T14:28:42.859+0300][215.433s][info][gc,stats       ]     FCS: CLDG Roots                  59 us, workers (us):  59, ---, ---, 
[2021-02-28T14:28:42.859+0300][215.433s][info][gc,stats       ]   Mark                           448993 us
[2021-02-28T14:28:42.859+0300][215.433s][info][gc,stats       ]     Finish Queues                447891 us
[2021-02-28T14:28:42.859+0300][215.433s][info][gc,stats       ]     Weak References                 189 us
[2021-02-28T14:28:42.859+0300][215.433s][info][gc,stats       ]       Process                       183 us
[2021-02-28T14:28:42.859+0300][215.433s][info][gc,stats       ]     System Purge                     58 us
[2021-02-28T14:28:42.859+0300][215.433s][info][gc,stats       ]       Unload Classes                604 us
[2021-02-28T14:28:42.859+0300][215.433s][info][gc,stats       ]       Weak Roots                     57 us
[2021-02-28T14:28:42.859+0300][215.433s][info][gc,stats       ]       CLDG                            0 us
[2021-02-28T14:28:42.859+0300][215.433s][info][gc,stats       ]   Calculate Addresses            178074 us
[2021-02-28T14:28:42.859+0300][215.433s][info][gc,stats       ]     Regular Objects              178036 us
[2021-02-28T14:28:42.859+0300][215.433s][info][gc,stats       ]     Humongous Objects                17 us
[2021-02-28T14:28:42.859+0300][215.433s][info][gc,stats       ]   Adjust Pointers                200460 us
[2021-02-28T14:28:42.861+0300][215.433s][info][gc,stats       ]     FA: <total>                    1673 us
[2021-02-28T14:28:42.861+0300][215.433s][info][gc,stats       ]     FA: Thread Roots                 81 us, workers (us):   1,   1,  79, 
[2021-02-28T14:28:42.861+0300][215.433s][info][gc,stats       ]     FA: Code Cache Roots           1490 us, workers (us): 552, 536, 402, 
[2021-02-28T14:28:42.861+0300][215.433s][info][gc,stats       ]     FA: Universe Roots                1 us, workers (us):   1, ---, ---, 
[2021-02-28T14:28:42.861+0300][215.433s][info][gc,stats       ]     FA: JNI Handles Roots             2 us, workers (us):   2,   0,   0, 
[2021-02-28T14:28:42.861+0300][215.433s][info][gc,stats       ]     FA: JVMTI Weak Roots              0 us, workers (us):   0, ---, ---, 
[2021-02-28T14:28:42.861+0300][215.433s][info][gc,stats       ]     FA: JFR Weak Roots                0 us, workers (us):   0, ---, ---, 
[2021-02-28T14:28:42.861+0300][215.433s][info][gc,stats       ]     FA: JNI Weak Roots                0 us, workers (us):   0,   0,   0, 
[2021-02-28T14:28:42.861+0300][215.433s][info][gc,stats       ]     FA: String Table Roots           54 us, workers (us):  38,  13,   3, 
[2021-02-28T14:28:42.861+0300][215.433s][info][gc,stats       ]     FA: Resolved Table Roots          4 us, workers (us):   1,   2,   1, 
[2021-02-28T14:28:42.861+0300][215.433s][info][gc,stats       ]     FA: VM Global Roots               2 us, workers (us):   2,   0,   0, 
[2021-02-28T14:28:42.861+0300][215.433s][info][gc,stats       ]     FA: VM Weak Roots                 2 us, workers (us):   1,   0,   0, 
[2021-02-28T14:28:42.861+0300][215.433s][info][gc,stats       ]     FA: Synchronizer Roots            0 us, workers (us):   0, ---, ---, 
[2021-02-28T14:28:42.861+0300][215.433s][info][gc,stats       ]     FA: Management Roots              1 us, workers (us):   1, ---, ---, 
[2021-02-28T14:28:42.861+0300][215.433s][info][gc,stats       ]     FA: CLDG Roots                   35 us, workers (us): ---, ---,  35, 
[2021-02-28T14:28:42.861+0300][215.433s][info][gc,stats       ]     FA: JVMTI Roots                   0 us, workers (us):   0, ---, ---, 
[2021-02-28T14:28:42.861+0300][215.433s][info][gc,stats       ]   Copy Objects                   182659 us
[2021-02-28T14:28:42.861+0300][215.433s][info][gc,stats       ]     Regular Objects              182103 us
[2021-02-28T14:28:42.861+0300][215.433s][info][gc,stats       ]     Humongous Objects                13 us
[2021-02-28T14:28:42.861+0300][215.433s][info][gc,stats       ]     Reset Complete Bitmap           495 us
[2021-02-28T14:28:42.861+0300][215.433s][info][gc,stats       ]     Rebuild Region Sets              47 us
[2021-02-28T14:28:42.861+0300][215.433s][info][gc,stats       ]   Post Heap Dump                      1 us
[2021-02-28T14:28:42.861+0300][215.433s][info][gc,stats       ] 
[2021-02-28T14:28:42.861+0300][215.433s][info][gc,stats       ] Allocation pacing accrued:
[2021-02-28T14:28:42.861+0300][215.433s][info][gc,stats       ]       0 of  1463 ms (  0.0%): <total>
[2021-02-28T14:28:42.861+0300][215.433s][info][gc,stats       ]       0 of  1463 ms (  0.0%): <average total>
[2021-02-28T14:28:42.861+0300][215.433s][info][gc,stats       ] 
[2021-02-28T14:28:42.861+0300][215.433s][info][gc,metaspace   ] Metaspace: 7077K(7808K)->7083K(7808K) NonClass: 6358K(6912K)->6363K(6912K) Class: 719K(896K)->719K(896K)
[2021-02-28T14:28:42.861+0300][215.433s][info][gc,ergo        ] Pacer for Idle. Initial: 20971K, Alloc Tax Rate: 1.0x
[2021-02-28T14:28:42.862+0300][215.434s][info][gc             ] Failed to allocate TLAB, 2664B
[2021-02-28T14:28:42.862+0300][215.434s][info][gc             ] Cancelling GC: Allocation Failure
[2021-02-28T14:28:42.863+0300][215.435s][info][gc             ] Trigger: Handle Allocation Failure
[2021-02-28T14:28:42.863+0300][215.435s][info][gc,ergo        ] Free: 0B, Max: 0B regular, 0B humongous, Frag: 0% external, 0% internal; Reserve: 36864K, Max: 512K
[2021-02-28T14:28:42.863+0300][215.435s][info][gc,start       ] GC(146) Pause Degenerated GC (Outside of Cycle)
[2021-02-28T14:28:42.863+0300][215.435s][info][gc,task        ] GC(146) Using 3 of 3 workers for stw degenerated gc
[2021-02-28T14:28:42.863+0300][215.435s][info][gc,ergo        ] GC(146) Pacer for Reset. Non-Taxable: 1024M
[2021-02-28T14:28:42.863+0300][215.436s][info][gc,ergo        ] GC(146) Pacer for Mark. Expected Live: 2171M, Free: 0B, Non-Taxable: 0B, Alloc Tax Rate: infx
[2021-02-28T14:28:43.280+0300][215.853s][info][gc,ergo        ] GC(146) Adaptive CSet Selection. Target Free: 145M, Actual Free: 36864K, Max CSet: 43690K, Min Garbage: 109M
[2021-02-28T14:28:43.280+0300][215.853s][info][gc,ergo        ] GC(146) Collectable Garbage: 138K (100%), Immediate: 0B (0%), CSet: 138K (100%)
[2021-02-28T14:28:43.280+0300][215.854s][info][gc,ergo        ] GC(146) Pacer for Evacuation. Used CSet: 43518K, Free: 16344B, Non-Taxable: 1634B, Alloc Tax Rate: 6664.7x
[2021-02-28T14:28:43.290+0300][215.862s][info][gc             ] GC(146) Cancelling GC: Allocation Failure During Evacuation
[2021-02-28T14:28:43.292+0300][215.864s][info][gc             ] GC(146) Cannot finish degeneration, upgrading to Full GC
[2021-02-28T14:28:43.292+0300][215.865s][info][gc,phases,start] GC(146) Phase 1: Mark live objects
[2021-02-28T14:28:43.742+0300][216.314s][info][gc,phases      ] GC(146) Phase 1: Mark live objects 448.868ms
[2021-02-28T14:28:43.742+0300][216.314s][info][gc,phases,start] GC(146) Phase 2: Compute new object addresses
[2021-02-28T14:28:43.922+0300][216.494s][info][gc,phases      ] GC(146) Phase 2: Compute new object addresses 179.752ms
[2021-02-28T14:28:43.922+0300][216.494s][info][gc,phases,start] GC(146) Phase 3: Adjust pointers
[2021-02-28T14:28:44.120+0300][216.693s][info][gc,phases      ] GC(146) Phase 3: Adjust pointers 199.432ms
[2021-02-28T14:28:44.120+0300][216.693s][info][gc,phases,start] GC(146) Phase 4: Move objects
[2021-02-28T14:28:44.305+0300][216.877s][info][gc,phases      ] GC(146) Phase 4: Move objects 183.538ms
[2021-02-28T14:28:44.305+0300][216.877s][info][gc,ergo        ] GC(146) Bad progress for free space: 169K, need 10485K
[2021-02-28T14:28:44.305+0300][216.877s][info][gc             ] GC(146) Pause Degenerated GC (Outside of Cycle) 987M->987M(1024M) 1442.050ms
[2021-02-28T14:28:44.305+0300][216.877s][info][gc,ergo        ] Free: 169K, Max: 113K regular, 0B humongous, Frag: 0% external, 99% internal; Reserve: 36864K, Max: 512K
[2021-02-28T14:28:44.305+0300][216.877s][info][gc,stats       ] 
[2021-02-28T14:28:44.305+0300][216.877s][info][gc,stats       ] All times are wall-clock times, except per-root-class counters, that are sum over
[2021-02-28T14:28:44.305+0300][216.877s][info][gc,stats       ] all workers. Dividing the <total> over the root stage time estimates parallelism.
[2021-02-28T14:28:44.305+0300][216.877s][info][gc,stats       ] 
[2021-02-28T14:28:44.305+0300][216.877s][info][gc,stats       ]   Manage TLABs                        3 us
[2021-02-28T14:28:44.305+0300][216.877s][info][gc,stats       ]   Update Region States               77 us
[2021-02-28T14:28:44.305+0300][216.877s][info][gc,stats       ]   Scan Roots                        144 us, parallelism: 1.26x
[2021-02-28T14:28:44.305+0300][216.877s][info][gc,stats       ]     S: <total>                      181 us
[2021-02-28T14:28:44.305+0300][216.877s][info][gc,stats       ]     S: Thread Roots                 178 us, workers (us):  58,  87,  33, 
[2021-02-28T14:28:44.305+0300][216.877s][info][gc,stats       ]     S: Universe Roots                 2 us, workers (us):   2, ---, ---, 
[2021-02-28T14:28:44.305+0300][216.877s][info][gc,stats       ]     S: Synchronizer Roots             0 us, workers (us): ---,   0, ---, 
[2021-02-28T14:28:44.305+0300][216.877s][info][gc,stats       ]     S: Management Roots               1 us, workers (us): ---,   1, ---, 
[2021-02-28T14:28:44.305+0300][216.877s][info][gc,stats       ]     S: JVMTI Roots                    0 us, workers (us): ---,   0, ---, 
[2021-02-28T14:28:44.305+0300][216.877s][info][gc,stats       ]   Finish Queues                  416969 us
[2021-02-28T14:28:44.305+0300][216.877s][info][gc,stats       ]   Weak References                    28 us
[2021-02-28T14:28:44.305+0300][216.877s][info][gc,stats       ]     Process                          23 us
[2021-02-28T14:28:44.305+0300][216.877s][info][gc,stats       ]   System Purge                       53 us
[2021-02-28T14:28:44.305+0300][216.877s][info][gc,stats       ]     Unload Classes                  602 us
[2021-02-28T14:28:44.305+0300][216.877s][info][gc,stats       ]     Weak Roots                       53 us
[2021-02-28T14:28:44.305+0300][216.877s][info][gc,stats       ]     CLDG                              0 us
[2021-02-28T14:28:44.305+0300][216.877s][info][gc,stats       ]   Update Region States               78 us
[2021-02-28T14:28:44.305+0300][216.878s][info][gc,stats       ]   Manage GC/TLABs                     2 us
[2021-02-28T14:28:44.305+0300][216.878s][info][gc,stats       ]   Choose Collection Set             125 us
[2021-02-28T14:28:44.305+0300][216.878s][info][gc,stats       ]   Rebuild Free Set                   22 us
[2021-02-28T14:28:44.305+0300][216.878s][info][gc,stats       ]   Initial Evacuation                 17 us
[2021-02-28T14:28:44.305+0300][216.878s][info][gc,stats       ] Pause Degenerated GC (G)        1442289 us
[2021-02-28T14:28:44.305+0300][216.878s][info][gc,stats       ] Pause Degenerated GC (N)        1442065 us
[2021-02-28T14:28:44.305+0300][216.878s][info][gc,stats       ]   Degen Mark Roots                   68 us, parallelism: 0.73x
[2021-02-28T14:28:44.305+0300][216.878s][info][gc,stats       ]     DM: <total>                      49 us
[2021-02-28T14:28:44.305+0300][216.878s][info][gc,stats       ]     DM: JNI Handles Roots             2 us, workers (us):   1,   0,   0, 
[2021-02-28T14:28:44.305+0300][216.878s][info][gc,stats       ]     DM: VM Global Roots               2 us, workers (us):   1,   1,   0, 
[2021-02-28T14:28:44.305+0300][216.878s][info][gc,stats       ]     DM: CLDG Roots                   46 us, workers (us):  46, ---, ---, 
[2021-02-28T14:28:44.305+0300][216.878s][info][gc,stats       ]   Pre Heap Dump                       1 us
[2021-02-28T14:28:44.305+0300][216.878s][info][gc,stats       ]   Prepare                          1173 us
[2021-02-28T14:28:44.305+0300][216.878s][info][gc,stats       ]     Update Roots                    707 us, parallelism: 2.32x
[2021-02-28T14:28:44.305+0300][216.878s][info][gc,stats       ]       FU: <total>                  1641 us
[2021-02-28T14:28:44.305+0300][216.878s][info][gc,stats       ]       FU: Thread Roots              140 us, workers (us):  16,   1, 123, 
[2021-02-28T14:28:44.305+0300][216.878s][info][gc,stats       ]       FU: Code Cache Roots         1425 us, workers (us): 513, 525, 387, 
[2021-02-28T14:28:44.305+0300][216.878s][info][gc,stats       ]       FU: Universe Roots              1 us, workers (us):   1, ---, ---, 
[2021-02-28T14:28:44.305+0300][216.878s][info][gc,stats       ]       FU: JNI Handles Roots           1 us, workers (us):   1,   0,   0, 
[2021-02-28T14:28:44.305+0300][216.878s][info][gc,stats       ]       FU: JVMTI Weak Roots            0 us, workers (us):   0, ---, ---, 
[2021-02-28T14:28:44.305+0300][216.878s][info][gc,stats       ]       FU: JFR Weak Roots              0 us, workers (us):   0, ---, ---, 
[2021-02-28T14:28:44.306+0300][216.878s][info][gc,stats       ]       FU: JNI Weak Roots              0 us, workers (us):   0,   0,   0, 
[2021-02-28T14:28:44.306+0300][216.878s][info][gc,stats       ]       FU: String Table Roots         48 us, workers (us):  37,   6,   4, 
[2021-02-28T14:28:44.306+0300][216.878s][info][gc,stats       ]       FU: Resolved Table Roots        4 us, workers (us):   2,   0,   1, 
[2021-02-28T14:28:44.306+0300][216.878s][info][gc,stats       ]       FU: VM Global Roots             1 us, workers (us):   1,   0,   0, 
[2021-02-28T14:28:44.306+0300][216.878s][info][gc,stats       ]       FU: VM Weak Roots               1 us, workers (us):   1,   0,   0, 
[2021-02-28T14:28:44.306+0300][216.878s][info][gc,stats       ]       FU: Synchronizer Roots          0 us, workers (us):   0, ---, ---, 
[2021-02-28T14:28:44.306+0300][216.878s][info][gc,stats       ]       FU: Management Roots            1 us, workers (us):   1, ---, ---, 
[2021-02-28T14:28:44.306+0300][216.878s][info][gc,stats       ]       FU: CLDG Roots                 17 us, workers (us): ---, ---,  17, 
[2021-02-28T14:28:44.306+0300][216.878s][info][gc,stats       ]       FU: JVMTI Roots                 0 us, workers (us):   0, ---, ---, 
[2021-02-28T14:28:44.306+0300][216.878s][info][gc,stats       ]   Scan Roots                        156 us, parallelism: 1.43x
[2021-02-28T14:28:44.306+0300][216.878s][info][gc,stats       ]     FS: <total>                     223 us
[2021-02-28T14:28:44.306+0300][216.878s][info][gc,stats       ]     FS: Thread Roots                219 us, workers (us):  74, 100,  45, 
[2021-02-28T14:28:44.306+0300][216.878s][info][gc,stats       ]     FS: Universe Roots                2 us, workers (us):   2, ---, ---, 
[2021-02-28T14:28:44.306+0300][216.878s][info][gc,stats       ]     FS: Synchronizer Roots            0 us, workers (us): ---,   0, ---, 
[2021-02-28T14:28:44.306+0300][216.878s][info][gc,stats       ]     FS: Management Roots              2 us, workers (us): ---,   2, ---, 
[2021-02-28T14:28:44.306+0300][216.878s][info][gc,stats       ]     FS: JVMTI Roots                   0 us, workers (us):   0, ---, ---, 
[2021-02-28T14:28:44.306+0300][216.878s][info][gc,stats       ]   Scan Concurrent Roots             115 us, parallelism: 0.55x
[2021-02-28T14:28:44.306+0300][216.878s][info][gc,stats       ]     FCS: <total>                     63 us
[2021-02-28T14:28:44.306+0300][216.878s][info][gc,stats       ]     FCS: JNI Handles Roots            2 us, workers (us):   2,   0,   0, 
[2021-02-28T14:28:44.306+0300][216.878s][info][gc,stats       ]     FCS: VM Global Roots              2 us, workers (us):   1,   1,   0, 
[2021-02-28T14:28:44.306+0300][216.878s][info][gc,stats       ]     FCS: CLDG Roots                  58 us, workers (us): ---,  58, ---, 
[2021-02-28T14:28:44.306+0300][216.878s][info][gc,stats       ]   Mark                           448827 us
[2021-02-28T14:28:44.306+0300][216.878s][info][gc,stats       ]     Finish Queues                447601 us
[2021-02-28T14:28:44.306+0300][216.878s][info][gc,stats       ]     Weak References                 215 us
[2021-02-28T14:28:44.306+0300][216.878s][info][gc,stats       ]       Process                       210 us
[2021-02-28T14:28:44.306+0300][216.878s][info][gc,stats       ]     System Purge                    104 us
[2021-02-28T14:28:44.306+0300][216.878s][info][gc,stats       ]       Unload Classes                615 us
[2021-02-28T14:28:44.306+0300][216.878s][info][gc,stats       ]       Weak Roots                    104 us
[2021-02-28T14:28:44.306+0300][216.878s][info][gc,stats       ]       CLDG                            0 us
[2021-02-28T14:28:44.306+0300][216.878s][info][gc,stats       ]   Calculate Addresses            179738 us
[2021-02-28T14:28:44.306+0300][216.878s][info][gc,stats       ]     Regular Objects              179701 us
[2021-02-28T14:28:44.306+0300][216.878s][info][gc,stats       ]     Humongous Objects                17 us
[2021-02-28T14:28:44.306+0300][216.878s][info][gc,stats       ]   Adjust Pointers                199419 us
[2021-02-28T14:28:44.306+0300][216.878s][info][gc,stats       ]     FA: <total>                    1711 us
[2021-02-28T14:28:44.306+0300][216.878s][info][gc,stats       ]     FA: Thread Roots                148 us, workers (us):  19, 115,  14, 
[2021-02-28T14:28:44.306+0300][216.878s][info][gc,stats       ]     FA: Code Cache Roots           1455 us, workers (us): 527, 393, 535, 
[2021-02-28T14:28:44.306+0300][216.878s][info][gc,stats       ]     FA: Universe Roots                1 us, workers (us):   1, ---, ---, 
[2021-02-28T14:28:44.306+0300][216.878s][info][gc,stats       ]     FA: JNI Handles Roots             2 us, workers (us):   1,   0,   0, 
[2021-02-28T14:28:44.306+0300][216.878s][info][gc,stats       ]     FA: JVMTI Weak Roots              0 us, workers (us):   0, ---, ---, 
[2021-02-28T14:28:44.306+0300][216.878s][info][gc,stats       ]     FA: JFR Weak Roots                0 us, workers (us): ---,   0, ---, 
[2021-02-28T14:28:44.306+0300][216.878s][info][gc,stats       ]     FA: String Table Roots           58 us, workers (us):  28,  28,   2, 
[2021-02-28T14:28:44.306+0300][216.878s][info][gc,stats       ]     FA: Resolved Table Roots          5 us, workers (us):   1,   2,   1, 
[2021-02-28T14:28:44.306+0300][216.878s][info][gc,stats       ]     FA: VM Global Roots               2 us, workers (us):   1,   1,   0, 
[2021-02-28T14:28:44.306+0300][216.878s][info][gc,stats       ]     FA: VM Weak Roots                 3 us, workers (us):   1,   0,   2, 
[2021-02-28T14:28:44.306+0300][216.878s][info][gc,stats       ]     FA: Synchronizer Roots            0 us, workers (us): ---,   0, ---, 
[2021-02-28T14:28:44.306+0300][216.878s][info][gc,stats       ]     FA: Management Roots              1 us, workers (us):   1, ---, ---, 
[2021-02-28T14:28:44.306+0300][216.878s][info][gc,stats       ]     FA: CLDG Roots                   35 us, workers (us): ---,  35, ---, 
[2021-02-28T14:28:44.306+0300][216.878s][info][gc,stats       ]     FA: JVMTI Roots                   0 us, workers (us): ---,   0, ---, 
[2021-02-28T14:28:44.306+0300][216.878s][info][gc,stats       ]   Copy Objects                   183525 us
[2021-02-28T14:28:44.306+0300][216.878s][info][gc,stats       ]     Regular Objects              183000 us
[2021-02-28T14:28:44.306+0300][216.878s][info][gc,stats       ]     Humongous Objects                13 us
[2021-02-28T14:28:44.306+0300][216.878s][info][gc,stats       ]     Reset Complete Bitmap           463 us
[2021-02-28T14:28:44.306+0300][216.878s][info][gc,stats       ]     Rebuild Region Sets              48 us
[2021-02-28T14:28:44.306+0300][216.878s][info][gc,stats       ]   Post Heap Dump                      1 us
[2021-02-28T14:28:44.306+0300][216.878s][info][gc,stats       ] Pacing                             7515 us
[2021-02-28T14:28:44.306+0300][216.878s][info][gc,stats       ] 
[2021-02-28T14:28:44.306+0300][216.878s][info][gc,stats       ] Allocation pacing accrued:
[2021-02-28T14:28:44.306+0300][216.878s][info][gc,stats       ]       2 of  1445 ms (  0.1%): main
[2021-02-28T14:28:44.306+0300][216.878s][info][gc,stats       ]       2 of  1445 ms (  0.1%): Notification Thread
[2021-02-28T14:28:44.306+0300][216.878s][info][gc,stats       ]       2 of  1445 ms (  0.1%): RMI TCP Connection(5)-172.22.16.1
[2021-02-28T14:28:44.306+0300][216.878s][info][gc,stats       ]       2 of  1445 ms (  0.1%): RMI TCP Connection(7)-172.22.16.1
[2021-02-28T14:28:44.306+0300][216.878s][info][gc,stats       ]       8 of  1445 ms (  0.5%): <total>
[2021-02-28T14:28:44.306+0300][216.878s][info][gc,stats       ]       0 of  1445 ms (  0.0%): <average total>
[2021-02-28T14:28:44.306+0300][216.878s][info][gc,stats       ]       2 of  1445 ms (  0.1%): <average non-zero>
[2021-02-28T14:28:44.306+0300][216.878s][info][gc,stats       ] 
[2021-02-28T14:28:44.306+0300][216.878s][info][gc,metaspace   ] Metaspace: 7086K(7808K)->7086K(7808K) NonClass: 6365K(6912K)->6366K(6912K) Class: 720K(896K)->720K(896K)
[2021-02-28T14:28:44.306+0300][216.879s][info][gc,ergo        ] Pacer for Idle. Initial: 20971K, Alloc Tax Rate: 1.0x
[2021-02-28T14:28:44.307+0300][216.879s][info][gc             ] Failed to allocate TLAB, 2712B
[2021-02-28T14:28:44.307+0300][216.879s][info][gc             ] Cancelling GC: Allocation Failure
[2021-02-28T14:28:44.318+0300][216.890s][info][gc             ] Trigger: Handle Allocation Failure
[2021-02-28T14:28:44.318+0300][216.890s][info][gc,ergo        ] Free: 0B, Max: 0B regular, 0B humongous, Frag: 0% external, 0% internal; Reserve: 36864K, Max: 512K
[2021-02-28T14:28:44.318+0300][216.890s][info][gc,start       ] GC(147) Pause Degenerated GC (Outside of Cycle)
[2021-02-28T14:28:44.318+0300][216.890s][info][gc,task        ] GC(147) Using 3 of 3 workers for stw degenerated gc
[2021-02-28T14:28:44.318+0300][216.890s][info][gc,ergo        ] GC(147) Pacer for Reset. Non-Taxable: 1024M
[2021-02-28T14:28:44.318+0300][216.890s][info][gc,ergo        ] GC(147) Pacer for Mark. Expected Live: 2171M, Free: 0B, Non-Taxable: 0B, Alloc Tax Rate: infx
[2021-02-28T14:28:44.744+0300][217.318s][info][gc,ergo        ] GC(147) Adaptive CSet Selection. Target Free: 145M, Actual Free: 36864K, Max CSet: 43690K, Min Garbage: 109M
[2021-02-28T14:28:44.744+0300][217.318s][info][gc,ergo        ] GC(147) Collectable Garbage: 41536B (100%), Immediate: 0B (0%), CSet: 41536B (100%)
[2021-02-28T14:28:44.744+0300][217.318s][info][gc,ergo        ] GC(147) Pacer for Evacuation. Used CSet: 43519K, Free: 16144B, Non-Taxable: 1614B, Alloc Tax Rate: 6747.4x
[2021-02-28T14:28:44.754+0300][217.326s][info][gc             ] GC(147) Cancelling GC: Allocation Failure During Evacuation
[2021-02-28T14:28:44.764+0300][217.336s][info][gc             ] GC(147) Cannot finish degeneration, upgrading to Full GC
[2021-02-28T14:28:44.764+0300][217.337s][info][gc,phases,start] GC(147) Phase 1: Mark live objects
[2021-02-28T14:28:45.227+0300][217.799s][info][gc,phases      ] GC(147) Phase 1: Mark live objects 461.878ms
[2021-02-28T14:28:45.227+0300][217.799s][info][gc,phases,start] GC(147) Phase 2: Compute new object addresses
[2021-02-28T14:28:45.405+0300][217.977s][info][gc,phases      ] GC(147) Phase 2: Compute new object addresses 178.179ms
[2021-02-28T14:28:45.405+0300][217.977s][info][gc,phases,start] GC(147) Phase 3: Adjust pointers
[2021-02-28T14:28:45.607+0300][218.179s][info][gc,phases      ] GC(147) Phase 3: Adjust pointers 201.576ms
[2021-02-28T14:28:45.607+0300][218.179s][info][gc,phases,start] GC(147) Phase 4: Move objects
[2021-02-28T14:28:45.790+0300][218.362s][info][gc,phases      ] GC(147) Phase 4: Move objects 183.502ms
[2021-02-28T14:28:45.790+0300][218.363s][info][gc,ergo        ] GC(147) Bad progress for free space: 569K, need 10485K
[2021-02-28T14:28:45.790+0300][218.363s][info][gc             ] GC(147) Pause Degenerated GC (Outside of Cycle) 987M->987M(1024M) 1472.634ms
[2021-02-28T14:28:45.790+0300][218.363s][info][gc,ergo        ] Free: 569K, Max: 411K regular, 0B humongous, Frag: 0% external, 99% internal; Reserve: 36352K, Max: 512K
[2021-02-28T14:28:45.790+0300][218.363s][info][gc,stats       ] 
[2021-02-28T14:28:45.790+0300][218.363s][info][gc,stats       ] All times are wall-clock times, except per-root-class counters, that are sum over
[2021-02-28T14:28:45.790+0300][218.363s][info][gc,stats       ] all workers. Dividing the <total> over the root stage time estimates parallelism.
[2021-02-28T14:28:45.790+0300][218.363s][info][gc,stats       ] 
[2021-02-28T14:28:45.790+0300][218.363s][info][gc,stats       ]   Manage TLABs                        3 us
[2021-02-28T14:28:45.790+0300][218.363s][info][gc,stats       ]   Update Region States               90 us
[2021-02-28T14:28:45.790+0300][218.363s][info][gc,stats       ]   Scan Roots                        119 us, parallelism: 1.04x
[2021-02-28T14:28:45.790+0300][218.363s][info][gc,stats       ]     S: <total>                      124 us
[2021-02-28T14:28:45.790+0300][218.363s][info][gc,stats       ]     S: Thread Roots                 121 us, workers (us):  63,  32,  25, 
[2021-02-28T14:28:45.790+0300][218.363s][info][gc,stats       ]     S: Universe Roots                 2 us, workers (us):   2, ---, ---, 
[2021-02-28T14:28:45.790+0300][218.363s][info][gc,stats       ]     S: Synchronizer Roots             0 us, workers (us):   0, ---, ---, 
[2021-02-28T14:28:45.790+0300][218.363s][info][gc,stats       ]     S: Management Roots               1 us, workers (us):   1, ---, ---, 
[2021-02-28T14:28:45.790+0300][218.363s][info][gc,stats       ]     S: JVMTI Roots                    0 us, workers (us):   0, ---, ---, 
[2021-02-28T14:28:45.790+0300][218.363s][info][gc,stats       ]   Finish Queues                  426121 us
[2021-02-28T14:28:45.790+0300][218.363s][info][gc,stats       ]   Weak References                    28 us
[2021-02-28T14:28:45.790+0300][218.363s][info][gc,stats       ]     Process                          23 us
[2021-02-28T14:28:45.790+0300][218.363s][info][gc,stats       ]   System Purge                      101 us
[2021-02-28T14:28:45.790+0300][218.363s][info][gc,stats       ]     Unload Classes                  614 us
[2021-02-28T14:28:45.790+0300][218.363s][info][gc,stats       ]     Weak Roots                      100 us
[2021-02-28T14:28:45.790+0300][218.363s][info][gc,stats       ]     CLDG                              0 us
[2021-02-28T14:28:45.790+0300][218.363s][info][gc,stats       ]   Update Region States               89 us
[2021-02-28T14:28:45.790+0300][218.363s][info][gc,stats       ]   Manage GC/TLABs                     2 us
[2021-02-28T14:28:45.790+0300][218.363s][info][gc,stats       ]   Choose Collection Set             119 us
[2021-02-28T14:28:45.790+0300][218.363s][info][gc,stats       ]   Rebuild Free Set                   22 us
[2021-02-28T14:28:45.790+0300][218.363s][info][gc,stats       ]   Initial Evacuation                 17 us
[2021-02-28T14:28:45.790+0300][218.363s][info][gc,stats       ] Pause Degenerated GC (G)        1472847 us
[2021-02-28T14:28:45.790+0300][218.363s][info][gc,stats       ] Pause Degenerated GC (N)        1472649 us
[2021-02-28T14:28:45.790+0300][218.363s][info][gc,stats       ]   Degen Mark Roots                   98 us, parallelism: 0.50x
[2021-02-28T14:28:45.790+0300][218.363s][info][gc,stats       ]     DM: <total>                      49 us
[2021-02-28T14:28:45.790+0300][218.363s][info][gc,stats       ]     DM: JNI Handles Roots             2 us, workers (us):   1,   0,   0, 
[2021-02-28T14:28:45.790+0300][218.363s][info][gc,stats       ]     DM: VM Global Roots               2 us, workers (us):   2,   0,   0, 
[2021-02-28T14:28:45.790+0300][218.363s][info][gc,stats       ]     DM: CLDG Roots                   46 us, workers (us):  46, ---, ---, 
[2021-02-28T14:28:45.790+0300][218.363s][info][gc,stats       ]   Pre Heap Dump                       1 us
[2021-02-28T14:28:45.790+0300][218.363s][info][gc,stats       ]   Prepare                          1193 us
[2021-02-28T14:28:45.790+0300][218.363s][info][gc,stats       ]     Update Roots                    710 us, parallelism: 2.25x
[2021-02-28T14:28:45.790+0300][218.363s][info][gc,stats       ]       FU: <total>                  1596 us
[2021-02-28T14:28:45.790+0300][218.363s][info][gc,stats       ]       FU: Thread Roots               76 us, workers (us):   1,  75,   1, 
[2021-02-28T14:28:45.790+0300][218.363s][info][gc,stats       ]       FU: Code Cache Roots         1449 us, workers (us): 523, 393, 534, 
[2021-02-28T14:28:45.790+0300][218.363s][info][gc,stats       ]       FU: Universe Roots              1 us, workers (us):   1, ---, ---, 
[2021-02-28T14:28:45.790+0300][218.363s][info][gc,stats       ]       FU: JNI Handles Roots           1 us, workers (us):   1,   0,   0, 
[2021-02-28T14:28:45.790+0300][218.363s][info][gc,stats       ]       FU: JVMTI Weak Roots            0 us, workers (us):   0, ---, ---, 
[2021-02-28T14:28:45.790+0300][218.363s][info][gc,stats       ]       FU: JFR Weak Roots              0 us, workers (us):   0, ---, ---, 
[2021-02-28T14:28:45.790+0300][218.363s][info][gc,stats       ]       FU: String Table Roots         42 us, workers (us):  34,   8,   0, 
[2021-02-28T14:28:45.790+0300][218.363s][info][gc,stats       ]       FU: Resolved Table Roots        3 us, workers (us):   1,   2,   0, 
[2021-02-28T14:28:45.790+0300][218.363s][info][gc,stats       ]       FU: VM Global Roots             1 us, workers (us):   1,   0,   0, 
[2021-02-28T14:28:45.790+0300][218.363s][info][gc,stats       ]       FU: VM Weak Roots               1 us, workers (us):   1,   0,   0, 
[2021-02-28T14:28:45.790+0300][218.363s][info][gc,stats       ]       FU: Synchronizer Roots          0 us, workers (us):   0, ---, ---, 
[2021-02-28T14:28:45.790+0300][218.363s][info][gc,stats       ]       FU: Management Roots            1 us, workers (us):   1, ---, ---, 
[2021-02-28T14:28:45.790+0300][218.363s][info][gc,stats       ]       FU: CLDG Roots                 19 us, workers (us): ---,  19, ---, 
[2021-02-28T14:28:45.790+0300][218.363s][info][gc,stats       ]       FU: JVMTI Roots                 0 us, workers (us):   0, ---, ---, 
[2021-02-28T14:28:45.790+0300][218.363s][info][gc,stats       ]   Scan Roots                        128 us, parallelism: 1.23x
[2021-02-28T14:28:45.790+0300][218.363s][info][gc,stats       ]     FS: <total>                     157 us
[2021-02-28T14:28:45.790+0300][218.363s][info][gc,stats       ]     FS: Thread Roots                154 us, workers (us):  76,  39,  39, 
[2021-02-28T14:28:45.790+0300][218.363s][info][gc,stats       ]     FS: Universe Roots                2 us, workers (us):   2, ---, ---, 
[2021-02-28T14:28:45.790+0300][218.363s][info][gc,stats       ]     FS: Synchronizer Roots            0 us, workers (us):   0, ---, ---, 
[2021-02-28T14:28:45.790+0300][218.363s][info][gc,stats       ]     FS: Management Roots              1 us, workers (us):   1, ---, ---, 
[2021-02-28T14:28:45.790+0300][218.363s][info][gc,stats       ]     FS: JVMTI Roots                   0 us, workers (us):   0, ---, ---, 
[2021-02-28T14:28:45.790+0300][218.363s][info][gc,stats       ]   Scan Concurrent Roots             116 us, parallelism: 0.54x
[2021-02-28T14:28:45.790+0300][218.363s][info][gc,stats       ]     FCS: <total>                     63 us
[2021-02-28T14:28:45.790+0300][218.363s][info][gc,stats       ]     FCS: JNI Handles Roots            2 us, workers (us):   2,   0,   0, 
[2021-02-28T14:28:45.790+0300][218.363s][info][gc,stats       ]     FCS: VM Global Roots              2 us, workers (us):   2,   0,   0, 
[2021-02-28T14:28:45.790+0300][218.363s][info][gc,stats       ]     FCS: CLDG Roots                  59 us, workers (us):  59, ---, ---, 
[2021-02-28T14:28:45.790+0300][218.363s][info][gc,stats       ]   Mark                           461836 us
[2021-02-28T14:28:45.790+0300][218.363s][info][gc,stats       ]     Finish Queues                460667 us
[2021-02-28T14:28:45.790+0300][218.363s][info][gc,stats       ]     Weak References                 194 us
[2021-02-28T14:28:45.790+0300][218.364s][info][gc,stats       ]       Process                       189 us
[2021-02-28T14:28:45.790+0300][218.364s][info][gc,stats       ]     System Purge                     98 us
[2021-02-28T14:28:45.790+0300][218.364s][info][gc,stats       ]       Unload Classes                613 us
[2021-02-28T14:28:45.790+0300][218.364s][info][gc,stats       ]       Weak Roots                     98 us
[2021-02-28T14:28:45.790+0300][218.364s][info][gc,stats       ]       CLDG                            0 us
[2021-02-28T14:28:45.790+0300][218.364s][info][gc,stats       ]   Calculate Addresses            178166 us
[2021-02-28T14:28:45.790+0300][218.364s][info][gc,stats       ]     Regular Objects              178131 us
[2021-02-28T14:28:45.790+0300][218.364s][info][gc,stats       ]     Humongous Objects                16 us
[2021-02-28T14:28:45.790+0300][218.364s][info][gc,stats       ]   Adjust Pointers                201562 us
[2021-02-28T14:28:45.790+0300][218.364s][info][gc,stats       ]     FA: <total>                    1704 us
[2021-02-28T14:28:45.790+0300][218.364s][info][gc,stats       ]     FA: Thread Roots                 79 us, workers (us):  77,   1,   1, 
[2021-02-28T14:28:45.790+0300][218.364s][info][gc,stats       ]     FA: Code Cache Roots           1514 us, workers (us): 407, 565, 542, 
[2021-02-28T14:28:45.790+0300][218.364s][info][gc,stats       ]     FA: Universe Roots                1 us, workers (us):   1, ---, ---, 
[2021-02-28T14:28:45.790+0300][218.364s][info][gc,stats       ]     FA: JNI Handles Roots             2 us, workers (us):   1,   0,   0, 
[2021-02-28T14:28:45.790+0300][218.364s][info][gc,stats       ]     FA: JVMTI Weak Roots              1 us, workers (us):   1, ---, ---, 
[2021-02-28T14:28:45.790+0300][218.364s][info][gc,stats       ]     FA: JFR Weak Roots                1 us, workers (us): ---,   1, ---, 
[2021-02-28T14:28:45.790+0300][218.364s][info][gc,stats       ]     FA: String Table Roots           59 us, workers (us):  30,  29,   1, 
[2021-02-28T14:28:45.790+0300][218.364s][info][gc,stats       ]     FA: Resolved Table Roots          5 us, workers (us):   1,   2,   2, 
[2021-02-28T14:28:45.790+0300][218.364s][info][gc,stats       ]     FA: VM Global Roots               2 us, workers (us):   1,   2,   0, 
[2021-02-28T14:28:45.790+0300][218.364s][info][gc,stats       ]     FA: VM Weak Roots                 3 us, workers (us):   0,   2,   1, 
[2021-02-28T14:28:45.790+0300][218.364s][info][gc,stats       ]     FA: Synchronizer Roots            0 us, workers (us): ---,   0, ---, 
[2021-02-28T14:28:45.792+0300][218.364s][info][gc,stats       ]     FA: Management Roots              1 us, workers (us): ---,   1, ---, 
[2021-02-28T14:28:45.792+0300][218.364s][info][gc,stats       ]     FA: CLDG Roots                   35 us, workers (us):  35, ---, ---, 
[2021-02-28T14:28:45.792+0300][218.364s][info][gc,stats       ]     FA: JVMTI Roots                   0 us, workers (us):   0, ---, ---, 
[2021-02-28T14:28:45.792+0300][218.364s][info][gc,stats       ]   Copy Objects                   183489 us
[2021-02-28T14:28:45.792+0300][218.364s][info][gc,stats       ]     Regular Objects              182963 us
[2021-02-28T14:28:45.792+0300][218.364s][info][gc,stats       ]     Humongous Objects                13 us
[2021-02-28T14:28:45.792+0300][218.364s][info][gc,stats       ]     Reset Complete Bitmap           463 us
[2021-02-28T14:28:45.792+0300][218.364s][info][gc,stats       ]     Rebuild Region Sets              48 us
[2021-02-28T14:28:45.792+0300][218.364s][info][gc,stats       ]   Post Heap Dump                      1 us
[2021-02-28T14:28:45.792+0300][218.364s][info][gc,stats       ] Pacing                             5706 us
[2021-02-28T14:28:45.792+0300][218.364s][info][gc,stats       ] 
[2021-02-28T14:28:45.792+0300][218.364s][info][gc,stats       ] Allocation pacing accrued:
[2021-02-28T14:28:45.792+0300][218.364s][info][gc,stats       ]       2 of  1485 ms (  0.1%): main
[2021-02-28T14:28:45.792+0300][218.364s][info][gc,stats       ]       1 of  1485 ms (  0.1%): Notification Thread
[2021-02-28T14:28:45.792+0300][218.364s][info][gc,stats       ]       1 of  1485 ms (  0.1%): RMI TCP Connection(2)-172.22.16.1
[2021-02-28T14:28:45.792+0300][218.364s][info][gc,stats       ]       1 of  1485 ms (  0.1%): RMI TCP Connection(5)-172.22.16.1
[2021-02-28T14:28:45.792+0300][218.364s][info][gc,stats       ]       6 of  1485 ms (  0.4%): <total>
[2021-02-28T14:28:45.792+0300][218.364s][info][gc,stats       ]       0 of  1485 ms (  0.0%): <average total>
[2021-02-28T14:28:45.792+0300][218.364s][info][gc,stats       ]       1 of  1485 ms (  0.1%): <average non-zero>
[2021-02-28T14:28:45.792+0300][218.364s][info][gc,stats       ] 
[2021-02-28T14:28:45.792+0300][218.364s][info][gc,metaspace   ] Metaspace: 7086K(7808K)->7089K(7808K) NonClass: 6366K(6912K)->6369K(6912K) Class: 720K(896K)->720K(896K)
[2021-02-28T14:28:45.792+0300][218.364s][info][gc,ergo        ] Pacer for Idle. Initial: 20971K, Alloc Tax Rate: 1.0x
[2021-02-28T14:28:45.794+0300][218.366s][info][gc             ] Trigger: Free (136K) is below minimum threshold (102M)
[2021-02-28T14:28:45.794+0300][218.366s][info][gc,ergo        ] Free: 126K, Max: 126K regular, 0B humongous, Frag: 0% external, 87% internal; Reserve: 36352K, Max: 512K
[2021-02-28T14:28:45.794+0300][218.366s][info][gc,start       ] GC(148) Concurrent reset
[2021-02-28T14:28:45.794+0300][218.366s][info][gc,task        ] GC(148) Using 1 of 3 workers for concurrent reset
[2021-02-28T14:28:45.794+0300][218.366s][info][gc,ergo        ] GC(148) Pacer for Reset. Non-Taxable: 1024M
[2021-02-28T14:28:45.794+0300][218.366s][info][gc             ] GC(148) Concurrent reset 0.247ms
[2021-02-28T14:28:45.794+0300][218.366s][info][gc             ] Failed to allocate TLAB, 2768B
[2021-02-28T14:28:45.794+0300][218.366s][info][gc             ] Cancelling GC: Allocation Failure
[2021-02-28T14:28:45.794+0300][218.366s][info][gc,start       ] GC(148) Pause Init Mark (unload classes)
[2021-02-28T14:28:45.794+0300][218.366s][info][gc,task        ] GC(148) Using 3 of 3 workers for init marking
[2021-02-28T14:28:45.794+0300][218.366s][info][gc,ergo        ] GC(148) Pacer for Mark. Expected Live: 2171M, Free: 0B, Non-Taxable: 0B, Alloc Tax Rate: infx
[2021-02-28T14:28:45.794+0300][218.366s][info][gc             ] GC(148) Pause Init Mark (unload classes) 0.295ms
[2021-02-28T14:28:45.794+0300][218.367s][info][gc,start       ] GC(148) Concurrent marking (unload classes)
[2021-02-28T14:28:45.794+0300][218.367s][info][gc,task        ] GC(148) Using 1 of 3 workers for concurrent marking
[2021-02-28T14:28:45.794+0300][218.367s][info][gc             ] GC(148) Concurrent marking (unload classes) 0.132ms
[2021-02-28T14:28:45.794+0300][218.367s][info][gc,ergo        ] Free: 0B, Max: 0B regular, 0B humongous, Frag: 0% external, 0% internal; Reserve: 36352K, Max: 512K
[2021-02-28T14:28:45.794+0300][218.367s][info][gc,stats       ] 
[2021-02-28T14:28:45.794+0300][218.367s][info][gc,stats       ] All times are wall-clock times, except per-root-class counters, that are sum over
[2021-02-28T14:28:45.794+0300][218.367s][info][gc,stats       ] all workers. Dividing the <total> over the root stage time estimates parallelism.
[2021-02-28T14:28:45.795+0300][218.367s][info][gc,stats       ] 
[2021-02-28T14:28:45.795+0300][218.367s][info][gc,stats       ] Concurrent Reset                    270 us
[2021-02-28T14:28:45.795+0300][218.367s][info][gc,stats       ] Pause Init Mark (G)                 449 us
[2021-02-28T14:28:45.795+0300][218.367s][info][gc,stats       ] Pause Init Mark (N)                 308 us
[2021-02-28T14:28:45.795+0300][218.367s][info][gc,stats       ]   Manage TLABs                        3 us
[2021-02-28T14:28:45.795+0300][218.367s][info][gc,stats       ]   Update Region States               77 us
[2021-02-28T14:28:45.795+0300][218.367s][info][gc,stats       ]   Scan Roots                        152 us, parallelism: 0.99x
[2021-02-28T14:28:45.795+0300][218.367s][info][gc,stats       ]     S: <total>                      150 us
[2021-02-28T14:28:45.795+0300][218.367s][info][gc,stats       ]     S: Thread Roots                 146 us, workers (us):  39,  34,  73, 
[2021-02-28T14:28:45.795+0300][218.367s][info][gc,stats       ]     S: Universe Roots                 2 us, workers (us):   2, ---, ---, 
[2021-02-28T14:28:45.795+0300][218.367s][info][gc,stats       ]     S: Synchronizer Roots             0 us, workers (us): ---,   0, ---, 
[2021-02-28T14:28:45.795+0300][218.367s][info][gc,stats       ]     S: Management Roots               1 us, workers (us): ---,   1, ---, 
[2021-02-28T14:28:45.795+0300][218.367s][info][gc,stats       ]     S: JVMTI Roots                    0 us, workers (us): ---,   0, ---, 
[2021-02-28T14:28:45.795+0300][218.367s][info][gc,stats       ] Concurrent Marking                  158 us
[2021-02-28T14:28:45.795+0300][218.367s][info][gc,stats       ]   Roots                              77 us, parallelism: 0.75x
[2021-02-28T14:28:45.795+0300][218.367s][info][gc,stats       ]     CM: <total>                      58 us
[2021-02-28T14:28:45.795+0300][218.367s][info][gc,stats       ]     CM: JNI Handles Roots             1 us, workers (us):   1, ---, ---, 
[2021-02-28T14:28:45.795+0300][218.367s][info][gc,stats       ]     CM: VM Global Roots               2 us, workers (us):   2, ---, ---, 
[2021-02-28T14:28:45.795+0300][218.367s][info][gc,stats       ]     CM: CLDG Roots                   55 us, workers (us):  55, ---, ---, 
[2021-02-28T14:28:45.795+0300][218.367s][info][gc,stats       ] 
[2021-02-28T14:28:45.795+0300][218.367s][info][gc,stats       ] Allocation pacing accrued:
[2021-02-28T14:28:45.795+0300][218.367s][info][gc,stats       ]       0 of     3 ms (  0.0%): <total>
[2021-02-28T14:28:45.795+0300][218.367s][info][gc,stats       ]       0 of     3 ms (  0.0%): <average total>
[2021-02-28T14:28:45.795+0300][218.367s][info][gc,stats       ] 
[2021-02-28T14:28:45.795+0300][218.367s][info][gc,metaspace   ] Metaspace: 7093K(7808K)->7097K(7808K) NonClass: 6372K(6912K)->6375K(6912K) Class: 720K(896K)->721K(896K)
[2021-02-28T14:28:45.795+0300][218.367s][info][gc,ergo        ] Pacer for Idle. Initial: 20971K, Alloc Tax Rate: 1.0x
[2021-02-28T14:28:45.798+0300][218.370s][info][gc             ] Trigger: Handle Allocation Failure
[2021-02-28T14:28:45.798+0300][218.370s][info][gc,ergo        ] Free: 0B, Max: 0B regular, 0B humongous, Frag: 0% external, 0% internal; Reserve: 36352K, Max: 512K
[2021-02-28T14:28:45.798+0300][218.370s][info][gc,start       ] GC(149) Pause Degenerated GC (Mark)
[2021-02-28T14:28:45.798+0300][218.370s][info][gc,task        ] GC(149) Using 3 of 3 workers for stw degenerated gc
[2021-02-28T14:28:46.214+0300][218.787s][info][gc,ergo        ] GC(149) Adaptive CSet Selection. Target Free: 145M, Actual Free: 36352K, Max CSet: 43690K, Min Garbage: 109M
[2021-02-28T14:28:46.214+0300][218.788s][info][gc,ergo        ] GC(149) Collectable Garbage: 354K (100%), Immediate: 0B (0%), CSet: 354K (100%)
[2021-02-28T14:28:46.214+0300][218.788s][info][gc,ergo        ] GC(149) Pacer for Evacuation. Used CSet: 44030K, Free: 17536B, Non-Taxable: 1753B, Alloc Tax Rate: 6284.8x
[2021-02-28T14:28:46.224+0300][218.796s][info][gc             ] GC(149) Cancelling GC: Allocation Failure During Evacuation
[2021-02-28T14:28:46.226+0300][218.798s][info][gc             ] GC(149) Cannot finish degeneration, upgrading to Full GC
[2021-02-28T14:28:46.226+0300][218.799s][info][gc,phases,start] GC(149) Phase 1: Mark live objects
[2021-02-28T14:28:46.679+0300][219.251s][info][gc,phases      ] GC(149) Phase 1: Mark live objects 452.000ms
[2021-02-28T14:28:46.679+0300][219.251s][info][gc,phases,start] GC(149) Phase 2: Compute new object addresses
[2021-02-28T14:28:46.861+0300][219.433s][info][gc,phases      ] GC(149) Phase 2: Compute new object addresses 181.971ms
[2021-02-28T14:28:46.861+0300][219.433s][info][gc,phases,start] GC(149) Phase 3: Adjust pointers
[2021-02-28T14:28:47.060+0300][219.632s][info][gc,phases      ] GC(149) Phase 3: Adjust pointers 198.428ms
[2021-02-28T14:28:47.060+0300][219.632s][info][gc,phases,start] GC(149) Phase 4: Move objects
[2021-02-28T14:28:47.243+0300][219.816s][info][gc,phases      ] GC(149) Phase 4: Move objects 184.274ms
[2021-02-28T14:28:47.243+0300][219.816s][info][gc,ergo        ] GC(149) Bad progress for free space: 421K, need 10485K
[2021-02-28T14:28:47.243+0300][219.816s][info][gc             ] GC(149) Pause Degenerated GC (Mark) 988M->987M(1024M) 1446.247ms
[2021-02-28T14:28:47.243+0300][219.816s][info][gc,ergo        ] Free: 406K, Max: 393K regular, 0B humongous, Frag: 0% external, 99% internal; Reserve: 36352K, Max: 512K
[2021-02-28T14:28:47.243+0300][219.816s][info][gc,stats       ] 
[2021-02-28T14:28:47.243+0300][219.816s][info][gc,stats       ] All times are wall-clock times, except per-root-class counters, that are sum over
[2021-02-28T14:28:47.243+0300][219.816s][info][gc,stats       ] all workers. Dividing the <total> over the root stage time estimates parallelism.
[2021-02-28T14:28:47.243+0300][219.816s][info][gc,stats       ] 
[2021-02-28T14:28:47.243+0300][219.816s][info][gc,stats       ]   Finish Queues                  416543 us
[2021-02-28T14:28:47.243+0300][219.816s][info][gc,stats       ]   System Purge                       56 us
[2021-02-28T14:28:47.243+0300][219.816s][info][gc,stats       ]     Unload Classes                  607 us
[2021-02-28T14:28:47.243+0300][219.816s][info][gc,stats       ]     Weak Roots                       56 us
[2021-02-28T14:28:47.243+0300][219.816s][info][gc,stats       ]     CLDG                              0 us
[2021-02-28T14:28:47.243+0300][219.816s][info][gc,stats       ]   Update Region States               81 us
[2021-02-28T14:28:47.243+0300][219.816s][info][gc,stats       ]   Manage GC/TLABs                     2 us
[2021-02-28T14:28:47.243+0300][219.817s][info][gc,stats       ]   Choose Collection Set             130 us
[2021-02-28T14:28:47.243+0300][219.817s][info][gc,stats       ]   Rebuild Free Set                   23 us
[2021-02-28T14:28:47.243+0300][219.817s][info][gc,stats       ]   Initial Evacuation                 14 us
[2021-02-28T14:28:47.243+0300][219.817s][info][gc,stats       ] Pause Degenerated GC (G)        1446377 us
[2021-02-28T14:28:47.243+0300][219.817s][info][gc,stats       ] Pause Degenerated GC (N)        1446261 us
[2021-02-28T14:28:47.243+0300][219.817s][info][gc,stats       ]   Degen Mark Roots                   72 us, parallelism: 0.34x
[2021-02-28T14:28:47.243+0300][219.817s][info][gc,stats       ]     DM: <total>                      24 us
[2021-02-28T14:28:47.243+0300][219.817s][info][gc,stats       ]     DM: JNI Handles Roots             1 us, workers (us):   1,   0,   0, 
[2021-02-28T14:28:47.243+0300][219.817s][info][gc,stats       ]     DM: VM Global Roots               2 us, workers (us):   1,   1,   0, 
[2021-02-28T14:28:47.243+0300][219.817s][info][gc,stats       ]     DM: CLDG Roots                   22 us, workers (us):  22, ---, ---, 
[2021-02-28T14:28:47.243+0300][219.817s][info][gc,stats       ]   Pre Heap Dump                       1 us
[2021-02-28T14:28:47.243+0300][219.817s][info][gc,stats       ]   Prepare                          1165 us
[2021-02-28T14:28:47.243+0300][219.817s][info][gc,stats       ]     Update Roots                    690 us, parallelism: 2.29x
[2021-02-28T14:28:47.243+0300][219.817s][info][gc,stats       ]       FU: <total>                  1578 us
[2021-02-28T14:28:47.243+0300][219.817s][info][gc,stats       ]       FU: Thread Roots               70 us, workers (us):  69,   1,   1, 
[2021-02-28T14:28:47.243+0300][219.817s][info][gc,stats       ]       FU: Code Cache Roots         1430 us, workers (us): 391, 513, 527, 
[2021-02-28T14:28:47.243+0300][219.817s][info][gc,stats       ]       FU: Universe Roots              1 us, workers (us):   1, ---, ---, 
[2021-02-28T14:28:47.243+0300][219.817s][info][gc,stats       ]       FU: JNI Handles Roots           1 us, workers (us):   1,   0,   0, 
[2021-02-28T14:28:47.243+0300][219.817s][info][gc,stats       ]       FU: JVMTI Weak Roots            0 us, workers (us):   0, ---, ---, 
[2021-02-28T14:28:47.243+0300][219.817s][info][gc,stats       ]       FU: JFR Weak Roots              0 us, workers (us): ---,   0, ---, 
[2021-02-28T14:28:47.245+0300][219.817s][info][gc,stats       ]       FU: String Table Roots         48 us, workers (us):  24,  24,   0, 
[2021-02-28T14:28:47.245+0300][219.817s][info][gc,stats       ]       FU: Resolved Table Roots        4 us, workers (us):   2,   2,   0, 
[2021-02-28T14:28:47.245+0300][219.817s][info][gc,stats       ]       FU: VM Global Roots             2 us, workers (us):   1,   1,   0, 
[2021-02-28T14:28:47.245+0300][219.817s][info][gc,stats       ]       FU: VM Weak Roots               2 us, workers (us):   1,   2,   0, 
[2021-02-28T14:28:47.245+0300][219.817s][info][gc,stats       ]       FU: Synchronizer Roots          0 us, workers (us): ---,   0, ---, 
[2021-02-28T14:28:47.245+0300][219.817s][info][gc,stats       ]       FU: Management Roots            1 us, workers (us):   1, ---, ---, 
[2021-02-28T14:28:47.245+0300][219.817s][info][gc,stats       ]       FU: CLDG Roots                 18 us, workers (us):  18, ---, ---, 
[2021-02-28T14:28:47.245+0300][219.817s][info][gc,stats       ]       FU: JVMTI Roots                 0 us, workers (us): ---,   0, ---, 
[2021-02-28T14:28:47.245+0300][219.817s][info][gc,stats       ]   Scan Roots                        110 us, parallelism: 1.28x
[2021-02-28T14:28:47.245+0300][219.817s][info][gc,stats       ]     FS: <total>                     141 us
[2021-02-28T14:28:47.245+0300][219.817s][info][gc,stats       ]     FS: Thread Roots                137 us, workers (us):  57,  55,  24, 
[2021-02-28T14:28:47.245+0300][219.817s][info][gc,stats       ]     FS: Universe Roots                2 us, workers (us):   2, ---, ---, 
[2021-02-28T14:28:47.245+0300][219.817s][info][gc,stats       ]     FS: Synchronizer Roots            0 us, workers (us): ---,   0, ---, 
[2021-02-28T14:28:47.245+0300][219.817s][info][gc,stats       ]     FS: Management Roots              2 us, workers (us): ---,   2, ---, 
[2021-02-28T14:28:47.245+0300][219.817s][info][gc,stats       ]     FS: JVMTI Roots                   0 us, workers (us):   0, ---, ---, 
[2021-02-28T14:28:47.245+0300][219.817s][info][gc,stats       ]   Scan Concurrent Roots             117 us, parallelism: 0.55x
[2021-02-28T14:28:47.245+0300][219.817s][info][gc,stats       ]     FCS: <total>                     65 us
[2021-02-28T14:28:47.245+0300][219.817s][info][gc,stats       ]     FCS: JNI Handles Roots            2 us, workers (us):   2,   0,   0, 
[2021-02-28T14:28:47.245+0300][219.817s][info][gc,stats       ]     FCS: VM Global Roots              3 us, workers (us):   1,   2,   0, 
[2021-02-28T14:28:47.245+0300][219.817s][info][gc,stats       ]     FCS: CLDG Roots                  60 us, workers (us):  60, ---, ---, 
[2021-02-28T14:28:47.245+0300][219.817s][info][gc,stats       ]   Mark                           451959 us
[2021-02-28T14:28:47.245+0300][219.817s][info][gc,stats       ]     Finish Queues                450354 us
[2021-02-28T14:28:47.245+0300][219.817s][info][gc,stats       ]     Weak References                 188 us
[2021-02-28T14:28:47.245+0300][219.817s][info][gc,stats       ]       Process                       182 us
[2021-02-28T14:28:47.245+0300][219.817s][info][gc,stats       ]     System Purge                     89 us
[2021-02-28T14:28:47.245+0300][219.817s][info][gc,stats       ]       Unload Classes               1066 us
[2021-02-28T14:28:47.245+0300][219.817s][info][gc,stats       ]       Weak Roots                     88 us
[2021-02-28T14:28:47.245+0300][219.817s][info][gc,stats       ]       CLDG                           17 us
[2021-02-28T14:28:47.245+0300][219.817s][info][gc,stats       ]   Calculate Addresses            181958 us
[2021-02-28T14:28:47.245+0300][219.817s][info][gc,stats       ]     Regular Objects              181924 us
[2021-02-28T14:28:47.245+0300][219.817s][info][gc,stats       ]     Humongous Objects                14 us
[2021-02-28T14:28:47.245+0300][219.817s][info][gc,stats       ]   Adjust Pointers                198415 us
[2021-02-28T14:28:47.245+0300][219.817s][info][gc,stats       ]     FA: <total>                    1814 us
[2021-02-28T14:28:47.245+0300][219.817s][info][gc,stats       ]     FA: Thread Roots                 71 us, workers (us):  70,   1,   1, 
[2021-02-28T14:28:47.245+0300][219.817s][info][gc,stats       ]     FA: Code Cache Roots           1641 us, workers (us): 460, 583, 597, 
[2021-02-28T14:28:47.245+0300][219.817s][info][gc,stats       ]     FA: Universe Roots                1 us, workers (us):   1, ---, ---, 
[2021-02-28T14:28:47.245+0300][219.817s][info][gc,stats       ]     FA: JNI Handles Roots             2 us, workers (us):   1,   0,   0, 
[2021-02-28T14:28:47.245+0300][219.817s][info][gc,stats       ]     FA: JVMTI Weak Roots              0 us, workers (us):   0, ---, ---, 
[2021-02-28T14:28:47.245+0300][219.817s][info][gc,stats       ]     FA: JFR Weak Roots                0 us, workers (us): ---,   0, ---, 
[2021-02-28T14:28:47.245+0300][219.817s][info][gc,stats       ]     FA: JNI Weak Roots                0 us, workers (us):   0,   0,   0, 
[2021-02-28T14:28:47.245+0300][219.817s][info][gc,stats       ]     FA: String Table Roots           55 us, workers (us):  27,  28,   0, 
[2021-02-28T14:28:47.245+0300][219.817s][info][gc,stats       ]     FA: Resolved Table Roots          4 us, workers (us):   2,   1,   1, 
[2021-02-28T14:28:47.245+0300][219.817s][info][gc,stats       ]     FA: VM Global Roots               2 us, workers (us):   1,   1,   0, 
[2021-02-28T14:28:47.245+0300][219.817s][info][gc,stats       ]     FA: VM Weak Roots                 2 us, workers (us):   0,   1,   2, 
[2021-02-28T14:28:47.245+0300][219.817s][info][gc,stats       ]     FA: Synchronizer Roots            0 us, workers (us): ---,   0, ---, 
[2021-02-28T14:28:47.245+0300][219.817s][info][gc,stats       ]     FA: Management Roots              1 us, workers (us): ---,   1, ---, 
[2021-02-28T14:28:47.245+0300][219.817s][info][gc,stats       ]     FA: CLDG Roots                   33 us, workers (us):  33, ---, ---, 
[2021-02-28T14:28:47.245+0300][219.817s][info][gc,stats       ]     FA: JVMTI Roots                   0 us, workers (us):   0, ---, ---, 
[2021-02-28T14:28:47.245+0300][219.817s][info][gc,stats       ]   Copy Objects                   184260 us
[2021-02-28T14:28:47.245+0300][219.817s][info][gc,stats       ]     Regular Objects              183710 us
[2021-02-28T14:28:47.245+0300][219.817s][info][gc,stats       ]     Humongous Objects                13 us
[2021-02-28T14:28:47.245+0300][219.817s][info][gc,stats       ]     Reset Complete Bitmap           487 us
[2021-02-28T14:28:47.245+0300][219.817s][info][gc,stats       ]     Rebuild Region Sets              49 us
[2021-02-28T14:28:47.245+0300][219.817s][info][gc,stats       ]   Post Heap Dump                      1 us
[2021-02-28T14:28:47.245+0300][219.817s][info][gc,stats       ] Pacing                            13484 us
[2021-02-28T14:28:47.245+0300][219.817s][info][gc,stats       ] 
[2021-02-28T14:28:47.245+0300][219.817s][info][gc,stats       ] Allocation pacing accrued:
[2021-02-28T14:28:47.245+0300][219.817s][info][gc,stats       ]       7 of  1450 ms (  0.5%): main
[2021-02-28T14:28:47.245+0300][219.817s][info][gc,stats       ]       7 of  1450 ms (  0.5%): RMI TCP Connection(5)-172.22.16.1
[2021-02-28T14:28:47.245+0300][219.817s][info][gc,stats       ]      13 of  1450 ms (  0.9%): <total>
[2021-02-28T14:28:47.245+0300][219.817s][info][gc,stats       ]       1 of  1450 ms (  0.1%): <average total>
[2021-02-28T14:28:47.245+0300][219.817s][info][gc,stats       ]       7 of  1450 ms (  0.5%): <average non-zero>
[2021-02-28T14:28:47.245+0300][219.817s][info][gc,stats       ] 
[2021-02-28T14:28:47.245+0300][219.817s][info][gc,metaspace   ] Metaspace: 7097K(7808K)->7082K(7808K) NonClass: 6375K(6912K)->6362K(6912K) Class: 721K(896K)->719K(896K)
[2021-02-28T14:28:47.245+0300][219.817s][info][gc,ergo        ] Pacer for Idle. Initial: 20971K, Alloc Tax Rate: 1.0x
[2021-02-28T14:28:47.258+0300][219.830s][info][gc             ] Trigger: Free (146K) is below minimum threshold (102M)
[2021-02-28T14:28:47.258+0300][219.830s][info][gc,ergo        ] Free: 24248B, Max: 14896B regular, 0B humongous, Frag: 0% external, 98% internal; Reserve: 36352K, Max: 512K
[2021-02-28T14:28:47.258+0300][219.830s][info][gc,start       ] GC(150) Concurrent reset
[2021-02-28T14:28:47.258+0300][219.830s][info][gc             ] Failed to allocate TLAB, 2648B
[2021-02-28T14:28:47.258+0300][219.830s][info][gc,task        ] GC(150) Using 1 of 3 workers for concurrent reset
[2021-02-28T14:28:47.258+0300][219.830s][info][gc             ] Cancelling GC: Allocation Failure
[2021-02-28T14:28:47.258+0300][219.830s][info][gc,ergo        ] GC(150) Pacer for Reset. Non-Taxable: 1024M
[2021-02-28T14:28:47.258+0300][219.830s][info][gc             ] GC(150) Concurrent reset 0.350ms
[2021-02-28T14:28:47.258+0300][219.830s][info][gc,start       ] GC(150) Pause Init Mark (process weakrefs) (unload classes)
[2021-02-28T14:28:47.258+0300][219.830s][info][gc,task        ] GC(150) Using 3 of 3 workers for init marking
[2021-02-28T14:28:47.258+0300][219.831s][info][gc,ergo        ] GC(150) Pacer for Mark. Expected Live: 2172M, Free: 0B, Non-Taxable: 0B, Alloc Tax Rate: infx
[2021-02-28T14:28:47.258+0300][219.831s][info][gc             ] GC(150) Pause Init Mark (process weakrefs) (unload classes) 0.211ms
[2021-02-28T14:28:47.258+0300][219.831s][info][gc,start       ] GC(150) Concurrent marking (process weakrefs) (unload classes)
[2021-02-28T14:28:47.258+0300][219.831s][info][gc,task        ] GC(150) Using 1 of 3 workers for concurrent marking
[2021-02-28T14:28:47.258+0300][219.831s][info][gc             ] GC(150) Concurrent marking (process weakrefs) (unload classes) 0.172ms
[2021-02-28T14:28:47.258+0300][219.831s][info][gc,ergo        ] Free: 0B, Max: 0B regular, 0B humongous, Frag: 0% external, 0% internal; Reserve: 36352K, Max: 512K
[2021-02-28T14:28:47.258+0300][219.831s][info][gc,stats       ] 
[2021-02-28T14:28:47.258+0300][219.831s][info][gc,stats       ] All times are wall-clock times, except per-root-class counters, that are sum over
[2021-02-28T14:28:47.258+0300][219.831s][info][gc,stats       ] all workers. Dividing the <total> over the root stage time estimates parallelism.
[2021-02-28T14:28:47.258+0300][219.831s][info][gc,stats       ] 
[2021-02-28T14:28:47.258+0300][219.831s][info][gc,stats       ] Concurrent Reset                    372 us
[2021-02-28T14:28:47.258+0300][219.831s][info][gc,stats       ] Pause Init Mark (G)                 425 us
[2021-02-28T14:28:47.258+0300][219.831s][info][gc,stats       ] Pause Init Mark (N)                 225 us
[2021-02-28T14:28:47.258+0300][219.831s][info][gc,stats       ]   Manage TLABs                        2 us
[2021-02-28T14:28:47.258+0300][219.831s][info][gc,stats       ]   Update Region States               76 us
[2021-02-28T14:28:47.258+0300][219.831s][info][gc,stats       ]   Scan Roots                         69 us, parallelism: 1.55x
[2021-02-28T14:28:47.258+0300][219.831s][info][gc,stats       ]     S: <total>                      107 us
[2021-02-28T14:28:47.258+0300][219.831s][info][gc,stats       ]     S: Thread Roots                 104 us, workers (us):  38,  44,  22, 
[2021-02-28T14:28:47.258+0300][219.831s][info][gc,stats       ]     S: Universe Roots                 2 us, workers (us):   2, ---, ---, 
[2021-02-28T14:28:47.258+0300][219.831s][info][gc,stats       ]     S: Synchronizer Roots             0 us, workers (us): ---,   0, ---, 
[2021-02-28T14:28:47.258+0300][219.831s][info][gc,stats       ]     S: Management Roots               1 us, workers (us): ---,   1, ---, 
[2021-02-28T14:28:47.258+0300][219.831s][info][gc,stats       ]     S: JVMTI Roots                    0 us, workers (us):   0, ---, ---, 
[2021-02-28T14:28:47.258+0300][219.831s][info][gc,stats       ] Concurrent Marking                  194 us
[2021-02-28T14:28:47.258+0300][219.831s][info][gc,stats       ]   Roots                             109 us, parallelism: 0.56x
[2021-02-28T14:28:47.258+0300][219.831s][info][gc,stats       ]     CM: <total>                      61 us
[2021-02-28T14:28:47.258+0300][219.831s][info][gc,stats       ]     CM: JNI Handles Roots             1 us, workers (us):   1, ---, ---, 
[2021-02-28T14:28:47.258+0300][219.831s][info][gc,stats       ]     CM: VM Global Roots               2 us, workers (us):   2, ---, ---, 
[2021-02-28T14:28:47.258+0300][219.831s][info][gc,stats       ]     CM: CLDG Roots                   58 us, workers (us):  58, ---, ---, 
[2021-02-28T14:28:47.258+0300][219.831s][info][gc,stats       ] Pacing                            66792 us
[2021-02-28T14:28:47.258+0300][219.831s][info][gc,stats       ] 
[2021-02-28T14:28:47.258+0300][219.831s][info][gc,stats       ] Allocation pacing accrued:
[2021-02-28T14:28:47.258+0300][219.831s][info][gc,stats       ]      13 of    14 ms ( 97.1%): main
[2021-02-28T14:28:47.258+0300][219.831s][info][gc,stats       ]      13 of    14 ms ( 96.0%): Notification Thread
[2021-02-28T14:28:47.258+0300][219.831s][info][gc,stats       ]      13 of    14 ms ( 96.4%): RMI TCP Connection(5)-172.22.16.1
[2021-02-28T14:28:47.258+0300][219.831s][info][gc,stats       ]      13 of    14 ms ( 96.1%): RMI TCP Connection(6)-172.22.16.1
[2021-02-28T14:28:47.258+0300][219.831s][info][gc,stats       ]      13 of    14 ms ( 97.0%): RMI TCP Connection(7)-172.22.16.1
[2021-02-28T14:28:47.258+0300][219.831s][info][gc,stats       ]      67 of    14 ms (482.5%): <total>
[2021-02-28T14:28:47.258+0300][219.831s][info][gc,stats       ]       4 of    14 ms ( 26.8%): <average total>
[2021-02-28T14:28:47.258+0300][219.831s][info][gc,stats       ]      13 of    14 ms ( 96.5%): <average non-zero>
[2021-02-28T14:28:47.258+0300][219.831s][info][gc,stats       ] 
[2021-02-28T14:28:47.258+0300][219.831s][info][gc,metaspace   ] Metaspace: 7082K(7808K)->7082K(7808K) NonClass: 6362K(6912K)->6362K(6912K) Class: 719K(896K)->719K(896K)
[2021-02-28T14:28:47.258+0300][219.831s][info][gc,ergo        ] Pacer for Idle. Initial: 20971K, Alloc Tax Rate: 1.0x
[2021-02-28T14:28:47.274+0300][219.846s][info][gc             ] Trigger: Handle Allocation Failure
[2021-02-28T14:28:47.274+0300][219.846s][info][gc,ergo        ] Free: 0B, Max: 0B regular, 0B humongous, Frag: 0% external, 0% internal; Reserve: 36352K, Max: 512K
[2021-02-28T14:28:47.274+0300][219.846s][info][gc,start       ] GC(151) Pause Full
[2021-02-28T14:28:47.274+0300][219.846s][info][gc,task        ] GC(151) Using 3 of 3 workers for full gc
[2021-02-28T14:28:47.274+0300][219.847s][info][gc,phases,start] GC(151) Phase 1: Mark live objects
[2021-02-28T14:28:47.689+0300][220.261s][info][gc,phases      ] GC(151) Phase 1: Mark live objects 414.590ms
[2021-02-28T14:28:47.689+0300][220.261s][info][gc,phases,start] GC(151) Phase 2: Compute new object addresses
[2021-02-28T14:28:47.868+0300][220.440s][info][gc,phases      ] GC(151) Phase 2: Compute new object addresses 178.898ms
[2021-02-28T14:28:47.868+0300][220.440s][info][gc,phases,start] GC(151) Phase 3: Adjust pointers
[2021-02-28T14:28:48.072+0300][220.644s][info][gc,phases      ] GC(151) Phase 3: Adjust pointers 204.094ms
[2021-02-28T14:28:48.072+0300][220.644s][info][gc,phases,start] GC(151) Phase 4: Move objects
[2021-02-28T14:28:48.256+0300][220.829s][info][gc,phases      ] GC(151) Phase 4: Move objects 185.021ms
[2021-02-28T14:28:48.256+0300][220.829s][info][gc,ergo        ] GC(151) Bad progress for free space: 125K, need 10485K
[2021-02-28T14:28:48.256+0300][220.829s][info][gc             ] GC(151) Pause Full 988M->988M(1024M) 983.405ms
[2021-02-28T14:28:48.256+0300][220.830s][info][gc,ergo        ] Free: 125K, Max: 103K regular, 0B humongous, Frag: 0% external, 99% internal; Reserve: 36352K, Max: 512K
[2021-02-28T14:28:48.256+0300][220.830s][info][gc,stats       ] 
[2021-02-28T14:28:48.256+0300][220.830s][info][gc,stats       ] All times are wall-clock times, except per-root-class counters, that are sum over
[2021-02-28T14:28:48.256+0300][220.830s][info][gc,stats       ] all workers. Dividing the <total> over the root stage time estimates parallelism.
[2021-02-28T14:28:48.256+0300][220.830s][info][gc,stats       ] 
[2021-02-28T14:28:48.256+0300][220.830s][info][gc,stats       ] Pause Full GC (G)                983600 us
[2021-02-28T14:28:48.256+0300][220.830s][info][gc,stats       ] Pause Full GC (N)                983419 us
[2021-02-28T14:28:48.256+0300][220.830s][info][gc,stats       ]   Pre Heap Dump                       0 us
[2021-02-28T14:28:48.256+0300][220.830s][info][gc,stats       ]   Prepare                           461 us
[2021-02-28T14:28:48.256+0300][220.830s][info][gc,stats       ]   Scan Roots                         76 us, parallelism: 1.73x
[2021-02-28T14:28:48.256+0300][220.830s][info][gc,stats       ]     FS: <total>                     132 us
[2021-02-28T14:28:48.256+0300][220.830s][info][gc,stats       ]     FS: Thread Roots                128 us, workers (us):  48,  55,  25, 
[2021-02-28T14:28:48.256+0300][220.830s][info][gc,stats       ]     FS: Universe Roots                2 us, workers (us):   2, ---, ---, 
[2021-02-28T14:28:48.256+0300][220.830s][info][gc,stats       ]     FS: Synchronizer Roots            0 us, workers (us): ---,   0, ---, 
[2021-02-28T14:28:48.257+0300][220.830s][info][gc,stats       ]     FS: Management Roots              2 us, workers (us):   2, ---, ---, 
[2021-02-28T14:28:48.257+0300][220.830s][info][gc,stats       ]     FS: JVMTI Roots                   0 us, workers (us): ---,   0, ---, 
[2021-02-28T14:28:48.257+0300][220.830s][info][gc,stats       ]   Scan Concurrent Roots             109 us, parallelism: 0.49x
[2021-02-28T14:28:48.257+0300][220.830s][info][gc,stats       ]     FCS: <total>                     54 us
[2021-02-28T14:28:48.257+0300][220.830s][info][gc,stats       ]     FCS: JNI Handles Roots            2 us, workers (us):   1,   0,   0, 
[2021-02-28T14:28:48.257+0300][220.830s][info][gc,stats       ]     FCS: VM Global Roots              3 us, workers (us):   2,   1,   0, 
[2021-02-28T14:28:48.257+0300][220.830s][info][gc,stats       ]     FCS: CLDG Roots                  49 us, workers (us): ---,  49, ---, 
[2021-02-28T14:28:48.257+0300][220.830s][info][gc,stats       ]   Mark                           414549 us
[2021-02-28T14:28:48.257+0300][220.830s][info][gc,stats       ]     Finish Queues                413479 us
[2021-02-28T14:28:48.257+0300][220.830s][info][gc,stats       ]     Weak References                 178 us
[2021-02-28T14:28:48.257+0300][220.830s][info][gc,stats       ]       Process                       173 us
[2021-02-28T14:28:48.257+0300][220.830s][info][gc,stats       ]     System Purge                     88 us
[2021-02-28T14:28:48.257+0300][220.830s][info][gc,stats       ]       Unload Classes                600 us
[2021-02-28T14:28:48.257+0300][220.830s][info][gc,stats       ]       Weak Roots                     87 us
[2021-02-28T14:28:48.257+0300][220.830s][info][gc,stats       ]       CLDG                            0 us
[2021-02-28T14:28:48.257+0300][220.830s][info][gc,stats       ]   Calculate Addresses            178882 us
[2021-02-28T14:28:48.257+0300][220.830s][info][gc,stats       ]     Regular Objects              178848 us
[2021-02-28T14:28:48.257+0300][220.830s][info][gc,stats       ]     Humongous Objects                15 us
[2021-02-28T14:28:48.257+0300][220.830s][info][gc,stats       ]   Adjust Pointers                204081 us
[2021-02-28T14:28:48.257+0300][220.830s][info][gc             ] Failed to allocate TLAB, 2664B
[2021-02-28T14:28:48.257+0300][220.830s][info][gc,stats       ]     FA: <total>                    1644 us
[2021-02-28T14:28:48.257+0300][220.830s][info][gc             ] Cancelling GC: Allocation Failure
[2021-02-28T14:28:48.257+0300][220.830s][info][gc,stats       ]     FA: Thread Roots                 76 us, workers (us):   1,  75,   1, 
[2021-02-28T14:28:48.257+0300][220.830s][info][gc,stats       ]     FA: Code Cache Roots           1454 us, workers (us): 525, 394, 535, 
[2021-02-28T14:28:48.257+0300][220.830s][info][gc,stats       ]     FA: Universe Roots                1 us, workers (us): ---,   1, ---, 
[2021-02-28T14:28:48.257+0300][220.830s][info][gc,stats       ]     FA: JNI Handles Roots             2 us, workers (us):   0,   1,   0, 
[2021-02-28T14:28:48.257+0300][220.830s][info][gc,stats       ]     FA: JVMTI Weak Roots              0 us, workers (us): ---,   0, ---, 
[2021-02-28T14:28:48.257+0300][220.830s][info][gc,stats       ]     FA: JFR Weak Roots                1 us, workers (us): ---, ---,   1, 
[2021-02-28T14:28:48.257+0300][220.830s][info][gc,stats       ]     FA: JNI Weak Roots                0 us, workers (us):   0,   0,   0, 
[2021-02-28T14:28:48.257+0300][220.830s][info][gc,stats       ]     FA: String Table Roots           63 us, workers (us):  21,  21,  21, 
[2021-02-28T14:28:48.257+0300][220.830s][info][gc,stats       ]     FA: Resolved Table Roots          4 us, workers (us):   1,   2,   1, 
[2021-02-28T14:28:48.257+0300][220.830s][info][gc,stats       ]     FA: VM Global Roots               2 us, workers (us):   1,   0,   1, 
[2021-02-28T14:28:48.257+0300][220.830s][info][gc,stats       ]     FA: VM Weak Roots                 2 us, workers (us):   1,   0,   2, 
[2021-02-28T14:28:48.257+0300][220.830s][info][gc,stats       ]     FA: Synchronizer Roots            0 us, workers (us):   0, ---, ---, 
[2021-02-28T14:28:48.257+0300][220.830s][info][gc,stats       ]     FA: Management Roots              1 us, workers (us):   1, ---, ---, 
[2021-02-28T14:28:48.257+0300][220.830s][info][gc,stats       ]     FA: CLDG Roots                   36 us, workers (us): ---,  36, ---, 
[2021-02-28T14:28:48.257+0300][220.830s][info][gc,stats       ]     FA: JVMTI Roots                   1 us, workers (us): ---, ---,   1, 
[2021-02-28T14:28:48.257+0300][220.830s][info][gc,stats       ]   Copy Objects                   185008 us
[2021-02-28T14:28:48.257+0300][220.830s][info][gc,stats       ]     Regular Objects              184456 us
[2021-02-28T14:28:48.257+0300][220.830s][info][gc,stats       ]     Humongous Objects                19 us
[2021-02-28T14:28:48.257+0300][220.830s][info][gc,stats       ]     Reset Complete Bitmap           486 us
[2021-02-28T14:28:48.257+0300][220.830s][info][gc,stats       ]     Rebuild Region Sets              47 us
[2021-02-28T14:28:48.257+0300][220.830s][info][gc,stats       ]   Post Heap Dump                      1 us
[2021-02-28T14:28:48.257+0300][220.830s][info][gc,stats       ] 
[2021-02-28T14:28:48.257+0300][220.830s][info][gc,stats       ] Allocation pacing accrued:
[2021-02-28T14:28:48.257+0300][220.830s][info][gc,stats       ]       0 of   999 ms (  0.0%): <total>
[2021-02-28T14:28:48.257+0300][220.830s][info][gc,stats       ]       0 of   999 ms (  0.0%): <average total>
[2021-02-28T14:28:48.257+0300][220.830s][info][gc,stats       ] 
[2021-02-28T14:28:48.257+0300][220.830s][info][gc,metaspace   ] Metaspace: 7082K(7808K)->7089K(7808K) NonClass: 6362K(6912K)->6369K(6912K) Class: 719K(896K)->720K(896K)
[2021-02-28T14:28:48.257+0300][220.830s][info][gc,ergo        ] Pacer for Idle. Initial: 20971K, Alloc Tax Rate: 1.0x
[2021-02-28T14:28:48.261+0300][220.833s][info][gc             ] Trigger: Handle Allocation Failure
[2021-02-28T14:28:48.261+0300][220.833s][info][gc,ergo        ] Free: 0B, Max: 0B regular, 0B humongous, Frag: 0% external, 0% internal; Reserve: 36352K, Max: 512K
[2021-02-28T14:28:48.261+0300][220.834s][info][gc,start       ] GC(152) Pause Degenerated GC (Outside of Cycle)
[2021-02-28T14:28:48.261+0300][220.834s][info][gc,task        ] GC(152) Using 3 of 3 workers for stw degenerated gc
[2021-02-28T14:28:48.261+0300][220.834s][info][gc,ergo        ] GC(152) Pacer for Reset. Non-Taxable: 1024M
[2021-02-28T14:28:48.261+0300][220.834s][info][gc,ergo        ] GC(152) Pacer for Mark. Expected Live: 1777M, Free: 0B, Non-Taxable: 0B, Alloc Tax Rate: infx
[2021-02-28T14:28:48.683+0300][221.256s][info][gc,ergo        ] GC(152) Adaptive CSet Selection. Target Free: 145M, Actual Free: 36352K, Max CSet: 43690K, Min Garbage: 109M
[2021-02-28T14:28:48.683+0300][221.257s][info][gc,ergo        ] GC(152) Collectable Garbage: 70168B (100%), Immediate: 0B (0%), CSet: 70168B (100%)
[2021-02-28T14:28:48.683+0300][221.257s][info][gc,ergo        ] GC(152) Pacer for Evacuation. Used CSet: 43518K, Free: 16296B, Non-Taxable: 1629B, Alloc Tax Rate: 6684.3x
[2021-02-28T14:28:48.693+0300][221.265s][info][gc             ] GC(152) Cancelling GC: Allocation Failure During Evacuation
[2021-02-28T14:28:48.695+0300][221.267s][info][gc             ] GC(152) Cannot finish degeneration, upgrading to Full GC
[2021-02-28T14:28:48.696+0300][221.268s][info][gc,phases,start] GC(152) Phase 1: Mark live objects
[2021-02-28T14:28:49.146+0300][221.719s][info][gc,phases      ] GC(152) Phase 1: Mark live objects 451.093ms
[2021-02-28T14:28:49.146+0300][221.719s][info][gc,phases,start] GC(152) Phase 2: Compute new object addresses
[2021-02-28T14:28:49.334+0300][221.907s][info][gc,phases      ] GC(152) Phase 2: Compute new object addresses 187.255ms
[2021-02-28T14:28:49.334+0300][221.907s][info][gc,phases,start] GC(152) Phase 3: Adjust pointers
[2021-02-28T14:28:49.536+0300][222.110s][info][gc,phases      ] GC(152) Phase 3: Adjust pointers 202.808ms
[2021-02-28T14:28:49.536+0300][222.110s][info][gc,phases,start] GC(152) Phase 4: Move objects
[2021-02-28T14:28:49.726+0300][222.298s][info][gc,phases      ] GC(152) Phase 4: Move objects 188.331ms
[2021-02-28T14:28:49.726+0300][222.298s][info][gc,ergo        ] GC(152) Bad progress for free space: 94128B, need 10485K
[2021-02-28T14:28:49.726+0300][222.298s][info][gc             ] GC(152) Pause Degenerated GC (Outside of Cycle) 988M->988M(1024M) 1464.335ms
[2021-02-28T14:28:49.726+0300][222.298s][info][gc,ergo        ] Free: 94128B, Max: 73600B regular, 0B humongous, Frag: 0% external, 99% internal; Reserve: 36352K, Max: 512K
[2021-02-28T14:28:49.726+0300][222.298s][info][gc,stats       ] 
[2021-02-28T14:28:49.726+0300][222.298s][info][gc,stats       ] All times are wall-clock times, except per-root-class counters, that are sum over
[2021-02-28T14:28:49.726+0300][222.298s][info][gc,stats       ] all workers. Dividing the <total> over the root stage time estimates parallelism.
[2021-02-28T14:28:49.726+0300][222.298s][info][gc,stats       ] 
[2021-02-28T14:28:49.726+0300][222.298s][info][gc,stats       ]   Manage TLABs                        3 us
[2021-02-28T14:28:49.726+0300][222.298s][info][gc,stats       ]   Update Region States               80 us
[2021-02-28T14:28:49.726+0300][222.298s][info][gc,stats       ]   Scan Roots                        102 us, parallelism: 1.18x
[2021-02-28T14:28:49.726+0300][222.298s][info][gc,stats       ]     S: <total>                      119 us
[2021-02-28T14:28:49.726+0300][222.298s][info][gc,stats       ]     S: Thread Roots                 116 us, workers (us):  40,  52,  23, 
[2021-02-28T14:28:49.726+0300][222.298s][info][gc,stats       ]     S: Universe Roots                 2 us, workers (us):   2, ---, ---, 
[2021-02-28T14:28:49.726+0300][222.298s][info][gc,stats       ]     S: Synchronizer Roots             0 us, workers (us): ---,   0, ---, 
[2021-02-28T14:28:49.726+0300][222.298s][info][gc,stats       ]     S: Management Roots               2 us, workers (us): ---,   2, ---, 
[2021-02-28T14:28:49.726+0300][222.298s][info][gc,stats       ]     S: JVMTI Roots                    0 us, workers (us):   0, ---, ---, 
[2021-02-28T14:28:49.726+0300][222.298s][info][gc,stats       ]   Finish Queues                  421383 us
[2021-02-28T14:28:49.726+0300][222.298s][info][gc,stats       ]   Weak References                    27 us
[2021-02-28T14:28:49.726+0300][222.298s][info][gc,stats       ]     Process                          22 us
[2021-02-28T14:28:49.726+0300][222.298s][info][gc,stats       ]   System Purge                      100 us
[2021-02-28T14:28:49.726+0300][222.298s][info][gc,stats       ]     Unload Classes                  610 us
[2021-02-28T14:28:49.726+0300][222.299s][info][gc,stats       ]     Weak Roots                      100 us
[2021-02-28T14:28:49.726+0300][222.299s][info][gc,stats       ]     CLDG                              0 us
[2021-02-28T14:28:49.726+0300][222.299s][info][gc,stats       ]   Update Region States               90 us
[2021-02-28T14:28:49.726+0300][222.299s][info][gc,stats       ]   Manage GC/TLABs                     2 us
[2021-02-28T14:28:49.726+0300][222.299s][info][gc,stats       ]   Choose Collection Set             121 us
[2021-02-28T14:28:49.726+0300][222.299s][info][gc,stats       ]   Rebuild Free Set                   23 us
[2021-02-28T14:28:49.726+0300][222.299s][info][gc             ] Failed to allocate TLAB, 2664B
[2021-02-28T14:28:49.726+0300][222.299s][info][gc,stats       ]   Initial Evacuation                 14 us
[2021-02-28T14:28:49.726+0300][222.299s][info][gc             ] Cancelling GC: Allocation Failure
[2021-02-28T14:28:49.726+0300][222.299s][info][gc,stats       ] Pause Degenerated GC (G)        1465307 us
[2021-02-28T14:28:49.726+0300][222.299s][info][gc,stats       ] Pause Degenerated GC (N)        1464351 us
[2021-02-28T14:28:49.726+0300][222.299s][info][gc,stats       ]   Degen Mark Roots                   98 us, parallelism: 0.51x
[2021-02-28T14:28:49.726+0300][222.299s][info][gc,stats       ]     DM: <total>                      50 us
[2021-02-28T14:28:49.726+0300][222.299s][info][gc,stats       ]     DM: JNI Handles Roots             2 us, workers (us):   1,   0,   0, 
[2021-02-28T14:28:49.726+0300][222.299s][info][gc,stats       ]     DM: VM Global Roots               2 us, workers (us):   1,   1,   0, 
[2021-02-28T14:28:49.726+0300][222.299s][info][gc,stats       ]     DM: CLDG Roots                   46 us, workers (us):  46, ---, ---, 
[2021-02-28T14:28:49.726+0300][222.299s][info][gc,stats       ]   Pre Heap Dump                       1 us
[2021-02-28T14:28:49.726+0300][222.299s][info][gc,stats       ]   Prepare                          1189 us
[2021-02-28T14:28:49.726+0300][222.299s][info][gc,stats       ]     Update Roots                    698 us, parallelism: 2.23x
[2021-02-28T14:28:49.726+0300][222.299s][info][gc,stats       ]       FU: <total>                  1558 us
[2021-02-28T14:28:49.726+0300][222.299s][info][gc,stats       ]       FU: Thread Roots               73 us, workers (us):   1,  72,   1, 
[2021-02-28T14:28:49.726+0300][222.299s][info][gc,stats       ]       FU: Code Cache Roots         1416 us, workers (us): 511, 384, 521, 
[2021-02-28T14:28:49.726+0300][222.299s][info][gc,stats       ]       FU: Universe Roots              1 us, workers (us):   1, ---, ---, 
[2021-02-28T14:28:49.726+0300][222.299s][info][gc,stats       ]       FU: JNI Handles Roots           1 us, workers (us):   0,   0,   0, 
[2021-02-28T14:28:49.726+0300][222.299s][info][gc,stats       ]       FU: JVMTI Weak Roots            0 us, workers (us):   0, ---, ---, 
[2021-02-28T14:28:49.726+0300][222.299s][info][gc,stats       ]       FU: JFR Weak Roots              0 us, workers (us):   0, ---, ---, 
[2021-02-28T14:28:49.726+0300][222.299s][info][gc,stats       ]       FU: JNI Weak Roots              0 us, workers (us):   0,   0,   0, 
[2021-02-28T14:28:49.726+0300][222.299s][info][gc,stats       ]       FU: String Table Roots         43 us, workers (us):  33,  10,   0, 
[2021-02-28T14:28:49.726+0300][222.299s][info][gc,stats       ]       FU: Resolved Table Roots        3 us, workers (us):   1,   2,   0, 
[2021-02-28T14:28:49.726+0300][222.299s][info][gc,stats       ]       FU: VM Global Roots             1 us, workers (us):   1,   0,   0, 
[2021-02-28T14:28:49.726+0300][222.299s][info][gc,stats       ]       FU: VM Weak Roots               1 us, workers (us):   1,   0,   0, 
[2021-02-28T14:28:49.726+0300][222.299s][info][gc,stats       ]       FU: Synchronizer Roots          0 us, workers (us):   0, ---, ---, 
[2021-02-28T14:28:49.726+0300][222.299s][info][gc,stats       ]       FU: Management Roots            1 us, workers (us):   1, ---, ---, 
[2021-02-28T14:28:49.726+0300][222.299s][info][gc,stats       ]       FU: CLDG Roots                 16 us, workers (us): ---,  16, ---, 
[2021-02-28T14:28:49.726+0300][222.299s][info][gc,stats       ]       FU: JVMTI Roots                 0 us, workers (us):   0, ---, ---, 
[2021-02-28T14:28:49.726+0300][222.299s][info][gc,stats       ]   Scan Roots                        141 us, parallelism: 1.10x
[2021-02-28T14:28:49.726+0300][222.299s][info][gc,stats       ]     FS: <total>                     155 us
[2021-02-28T14:28:49.726+0300][222.299s][info][gc,stats       ]     FS: Thread Roots                151 us, workers (us):  81,  39,  31, 
[2021-02-28T14:28:49.726+0300][222.299s][info][gc,stats       ]     FS: Universe Roots                2 us, workers (us):   2, ---, ---, 
[2021-02-28T14:28:49.726+0300][222.299s][info][gc,stats       ]     FS: Synchronizer Roots            0 us, workers (us):   0, ---, ---, 
[2021-02-28T14:28:49.726+0300][222.299s][info][gc,stats       ]     FS: Management Roots              2 us, workers (us):   2, ---, ---, 
[2021-02-28T14:28:49.726+0300][222.299s][info][gc,stats       ]     FS: JVMTI Roots                   0 us, workers (us):   0, ---, ---, 
[2021-02-28T14:28:49.726+0300][222.299s][info][gc,stats       ]   Scan Concurrent Roots             123 us, parallelism: 0.52x
[2021-02-28T14:28:49.726+0300][222.299s][info][gc,stats       ]     FCS: <total>                     64 us
[2021-02-28T14:28:49.726+0300][222.299s][info][gc,stats       ]     FCS: JNI Handles Roots            2 us, workers (us):   1,   0,   0, 
[2021-02-28T14:28:49.726+0300][222.299s][info][gc,stats       ]     FCS: VM Global Roots              2 us, workers (us):   2,   0,   0, 
[2021-02-28T14:28:49.726+0300][222.299s][info][gc,stats       ]     FCS: CLDG Roots                  60 us, workers (us):  60, ---, ---, 
[2021-02-28T14:28:49.726+0300][222.299s][info][gc,stats       ]   Mark                           451053 us
[2021-02-28T14:28:49.726+0300][222.299s][info][gc,stats       ]     Finish Queues                449878 us
[2021-02-28T14:28:49.726+0300][222.299s][info][gc,stats       ]     Weak References                 164 us
[2021-02-28T14:28:49.726+0300][222.299s][info][gc,stats       ]       Process                       159 us
[2021-02-28T14:28:49.726+0300][222.299s][info][gc,stats       ]     System Purge                    115 us
[2021-02-28T14:28:49.726+0300][222.299s][info][gc,stats       ]       Unload Classes                611 us
[2021-02-28T14:28:49.726+0300][222.299s][info][gc,stats       ]       Weak Roots                    115 us
[2021-02-28T14:28:49.726+0300][222.299s][info][gc,stats       ]       CLDG                            0 us
[2021-02-28T14:28:49.726+0300][222.299s][info][gc,stats       ]   Calculate Addresses            187241 us
[2021-02-28T14:28:49.726+0300][222.299s][info][gc,stats       ]     Regular Objects              187208 us
[2021-02-28T14:28:49.726+0300][222.299s][info][gc,stats       ]     Humongous Objects                15 us
[2021-02-28T14:28:49.726+0300][222.299s][info][gc,stats       ]   Adjust Pointers                202794 us
[2021-02-28T14:28:49.726+0300][222.299s][info][gc,stats       ]     FA: <total>                    1654 us
[2021-02-28T14:28:49.726+0300][222.299s][info][gc,stats       ]     FA: Thread Roots                 77 us, workers (us):   1,   1,  75, 
[2021-02-28T14:28:49.726+0300][222.299s][info][gc,stats       ]     FA: Code Cache Roots           1476 us, workers (us): 532, 545, 399, 
[2021-02-28T14:28:49.726+0300][222.299s][info][gc,stats       ]     FA: Universe Roots                1 us, workers (us):   1, ---, ---, 
[2021-02-28T14:28:49.726+0300][222.299s][info][gc,stats       ]     FA: JNI Handles Roots             2 us, workers (us):   2,   0,   0, 
[2021-02-28T14:28:49.726+0300][222.299s][info][gc,stats       ]     FA: JVMTI Weak Roots              0 us, workers (us):   0, ---, ---, 
[2021-02-28T14:28:49.726+0300][222.299s][info][gc,stats       ]     FA: JFR Weak Roots                0 us, workers (us):   0, ---, ---, 
[2021-02-28T14:28:49.726+0300][222.299s][info][gc,stats       ]     FA: JNI Weak Roots                0 us, workers (us):   0,   0,   0, 
[2021-02-28T14:28:49.726+0300][222.299s][info][gc,stats       ]     FA: String Table Roots           55 us, workers (us):  39,   8,   8, 
[2021-02-28T14:28:49.726+0300][222.299s][info][gc,stats       ]     FA: Resolved Table Roots          5 us, workers (us):   1,   1,   2, 
[2021-02-28T14:28:49.726+0300][222.299s][info][gc,stats       ]     FA: VM Global Roots               2 us, workers (us):   2,   0,   0, 
[2021-02-28T14:28:49.726+0300][222.299s][info][gc,stats       ]     FA: VM Weak Roots                 2 us, workers (us):   1,   2,   0, 
[2021-02-28T14:28:49.726+0300][222.299s][info][gc,stats       ]     FA: Synchronizer Roots            0 us, workers (us):   0, ---, ---, 
[2021-02-28T14:28:49.726+0300][222.299s][info][gc,stats       ]     FA: Management Roots              1 us, workers (us):   1, ---, ---, 
[2021-02-28T14:28:49.726+0300][222.299s][info][gc,stats       ]     FA: CLDG Roots                   32 us, workers (us): ---, ---,  32, 
[2021-02-28T14:28:49.726+0300][222.300s][info][gc,stats       ]     FA: JVMTI Roots                   0 us, workers (us):   0, ---, ---, 
[2021-02-28T14:28:49.726+0300][222.300s][info][gc,stats       ]   Copy Objects                   188317 us
[2021-02-28T14:28:49.726+0300][222.300s][info][gc,stats       ]     Regular Objects              187720 us
[2021-02-28T14:28:49.726+0300][222.300s][info][gc,stats       ]     Humongous Objects                13 us
[2021-02-28T14:28:49.726+0300][222.300s][info][gc,stats       ]     Reset Complete Bitmap           534 us
[2021-02-28T14:28:49.726+0300][222.300s][info][gc,stats       ]     Rebuild Region Sets              50 us
[2021-02-28T14:28:49.726+0300][222.300s][info][gc,stats       ]   Post Heap Dump                      1 us
[2021-02-28T14:28:49.726+0300][222.300s][info][gc,stats       ] 
[2021-02-28T14:28:49.726+0300][222.300s][info][gc,stats       ] Allocation pacing accrued:
[2021-02-28T14:28:49.726+0300][222.300s][info][gc,stats       ]       0 of  1469 ms (  0.0%): <total>
[2021-02-28T14:28:49.726+0300][222.300s][info][gc,stats       ]       0 of  1469 ms (  0.0%): <average total>
[2021-02-28T14:28:49.726+0300][222.300s][info][gc,stats       ] 
[2021-02-28T14:28:49.726+0300][222.300s][info][gc,metaspace   ] Metaspace: 7089K(7808K)->7093K(7808K) NonClass: 6369K(6912K)->6372K(6912K) Class: 720K(896K)->720K(896K)
[2021-02-28T14:28:49.726+0300][222.300s][info][gc,ergo        ] Pacer for Idle. Initial: 20971K, Alloc Tax Rate: 1.0x
[2021-02-28T14:28:49.731+0300][222.303s][info][gc             ] Trigger: Handle Allocation Failure
[2021-02-28T14:28:49.731+0300][222.303s][info][gc,ergo        ] Free: 0B, Max: 0B regular, 0B humongous, Frag: 0% external, 0% internal; Reserve: 36352K, Max: 512K
[2021-02-28T14:28:49.731+0300][222.303s][info][gc,start       ] GC(153) Pause Degenerated GC (Outside of Cycle)
[2021-02-28T14:28:49.731+0300][222.303s][info][gc,task        ] GC(153) Using 3 of 3 workers for stw degenerated gc
[2021-02-28T14:28:49.731+0300][222.303s][info][gc,ergo        ] GC(153) Pacer for Reset. Non-Taxable: 1024M
[2021-02-28T14:28:49.731+0300][222.304s][info][gc,ergo        ] GC(153) Pacer for Mark. Expected Live: 1778M, Free: 0B, Non-Taxable: 0B, Alloc Tax Rate: infx
[2021-02-28T14:28:50.156+0300][222.728s][info][gc,ergo        ] GC(153) Adaptive CSet Selection. Target Free: 145M, Actual Free: 36352K, Max CSet: 43690K, Min Garbage: 109M
[2021-02-28T14:28:50.156+0300][222.728s][info][gc,ergo        ] GC(153) Collectable Garbage: 60392B (100%), Immediate: 0B (0%), CSet: 60392B (100%)
[2021-02-28T14:28:50.156+0300][222.728s][info][gc,ergo        ] GC(153) Pacer for Evacuation. Used CSet: 43518K, Free: 17016B, Non-Taxable: 1701B, Alloc Tax Rate: 6401.5x
[2021-02-28T14:28:50.164+0300][222.736s][info][gc             ] GC(153) Cancelling GC: Allocation Failure During Evacuation
[2021-02-28T14:28:50.176+0300][222.748s][info][gc             ] GC(153) Cannot finish degeneration, upgrading to Full GC
[2021-02-28T14:28:50.176+0300][222.749s][info][gc,phases,start] GC(153) Phase 1: Mark live objects
[2021-02-28T14:28:50.627+0300][223.199s][info][gc,phases      ] GC(153) Phase 1: Mark live objects 449.776ms
[2021-02-28T14:28:50.627+0300][223.199s][info][gc,phases,start] GC(153) Phase 2: Compute new object addresses
[2021-02-28T14:28:50.808+0300][223.381s][info][gc,phases      ] GC(153) Phase 2: Compute new object addresses 181.545ms
[2021-02-28T14:28:50.808+0300][223.381s][info][gc,phases,start] GC(153) Phase 3: Adjust pointers
[2021-02-28T14:28:51.009+0300][223.582s][info][gc,phases      ] GC(153) Phase 3: Adjust pointers 200.956ms
[2021-02-28T14:28:51.009+0300][223.582s][info][gc,phases,start] GC(153) Phase 4: Move objects
[2021-02-28T14:28:51.194+0300][223.767s][info][gc,phases      ] GC(153) Phase 4: Move objects 185.462ms
[2021-02-28T14:28:51.194+0300][223.767s][info][gc,ergo        ] GC(153) Bad progress for free space: 103K, need 10485K
[2021-02-28T14:28:51.194+0300][223.767s][info][gc             ] GC(153) Pause Degenerated GC (Outside of Cycle) 988M->988M(1024M) 1464.110ms
[2021-02-28T14:28:51.194+0300][223.767s][info][gc,ergo        ] Free: 93616B, Max: 64616B regular, 0B humongous, Frag: 0% external, 99% internal; Reserve: 36352K, Max: 512K
[2021-02-28T14:28:51.194+0300][223.767s][info][gc,stats       ] 
[2021-02-28T14:28:51.194+0300][223.767s][info][gc,stats       ] All times are wall-clock times, except per-root-class counters, that are sum over
[2021-02-28T14:28:51.194+0300][223.767s][info][gc             ] Failed to allocate TLAB, 2648B
[2021-02-28T14:28:51.194+0300][223.767s][info][gc,stats       ] all workers. Dividing the <total> over the root stage time estimates parallelism.
[2021-02-28T14:28:51.194+0300][223.767s][info][gc             ] Cancelling GC: Allocation Failure
[2021-02-28T14:28:51.194+0300][223.767s][info][gc,stats       ] 
[2021-02-28T14:28:51.194+0300][223.768s][info][gc,stats       ]   Manage TLABs                        4 us
[2021-02-28T14:28:51.194+0300][223.768s][info][gc,stats       ]   Update Region States               96 us
[2021-02-28T14:28:51.194+0300][223.768s][info][gc,stats       ]   Scan Roots                        111 us, parallelism: 1.09x
[2021-02-28T14:28:51.194+0300][223.768s][info][gc,stats       ]     S: <total>                      122 us
[2021-02-28T14:28:51.194+0300][223.768s][info][gc,stats       ]     S: Thread Roots                 119 us, workers (us):  57,  31,  31, 
[2021-02-28T14:28:51.194+0300][223.768s][info][gc,stats       ]     S: Universe Roots                 2 us, workers (us):   2, ---, ---, 
[2021-02-28T14:28:51.194+0300][223.768s][info][gc,stats       ]     S: Synchronizer Roots             0 us, workers (us):   0, ---, ---, 
[2021-02-28T14:28:51.194+0300][223.768s][info][gc,stats       ]     S: Management Roots               1 us, workers (us):   1, ---, ---, 
[2021-02-28T14:28:51.194+0300][223.768s][info][gc,stats       ]     S: JVMTI Roots                    0 us, workers (us):   0, ---, ---, 
[2021-02-28T14:28:51.196+0300][223.768s][info][gc,stats       ]   Finish Queues                  423387 us
[2021-02-28T14:28:51.196+0300][223.768s][info][gc,stats       ]   Weak References                    28 us
[2021-02-28T14:28:51.196+0300][223.768s][info][gc,stats       ]     Process                          23 us
[2021-02-28T14:28:51.196+0300][223.768s][info][gc,stats       ]   System Purge                       96 us
[2021-02-28T14:28:51.196+0300][223.768s][info][gc,stats       ]     Unload Classes                  613 us
[2021-02-28T14:28:51.196+0300][223.768s][info][gc,stats       ]     Weak Roots                       96 us
[2021-02-28T14:28:51.196+0300][223.768s][info][gc,stats       ]     CLDG                              0 us
[2021-02-28T14:28:51.196+0300][223.768s][info][gc,stats       ]   Update Region States               89 us
[2021-02-28T14:28:51.196+0300][223.768s][info][gc,stats       ]   Manage GC/TLABs                     2 us
[2021-02-28T14:28:51.196+0300][223.768s][info][gc,stats       ]   Choose Collection Set             120 us
[2021-02-28T14:28:51.196+0300][223.768s][info][gc,stats       ]   Rebuild Free Set                   23 us
[2021-02-28T14:28:51.196+0300][223.768s][info][gc,stats       ]   Initial Evacuation                 14 us
[2021-02-28T14:28:51.196+0300][223.768s][info][gc,stats       ] Pause Degenerated GC (G)        1464388 us
[2021-02-28T14:28:51.196+0300][223.768s][info][gc,stats       ] Pause Degenerated GC (N)        1464126 us
[2021-02-28T14:28:51.196+0300][223.768s][info][gc,stats       ]   Degen Mark Roots                  156 us, parallelism: 0.33x
[2021-02-28T14:28:51.196+0300][223.768s][info][gc,stats       ]     DM: <total>                      51 us
[2021-02-28T14:28:51.196+0300][223.768s][info][gc,stats       ]     DM: JNI Handles Roots             3 us, workers (us):   2,   0,   0, 
[2021-02-28T14:28:51.196+0300][223.768s][info][gc,stats       ]     DM: VM Global Roots               3 us, workers (us):   1,   2,   0, 
[2021-02-28T14:28:51.196+0300][223.768s][info][gc,stats       ]     DM: CLDG Roots                   46 us, workers (us): ---,  46, ---, 
[2021-02-28T14:28:51.196+0300][223.768s][info][gc,stats       ]   Pre Heap Dump                       1 us
[2021-02-28T14:28:51.196+0300][223.768s][info][gc,stats       ]   Prepare                          1181 us
[2021-02-28T14:28:51.196+0300][223.768s][info][gc,stats       ]     Update Roots                    712 us, parallelism: 2.24x
[2021-02-28T14:28:51.196+0300][223.768s][info][gc,stats       ]       FU: <total>                  1591 us
[2021-02-28T14:28:51.196+0300][223.768s][info][gc,stats       ]       FU: Thread Roots               71 us, workers (us):   1,  70,   1, 
[2021-02-28T14:28:51.196+0300][223.768s][info][gc,stats       ]       FU: Code Cache Roots         1445 us, workers (us): 518, 394, 534, 
[2021-02-28T14:28:51.196+0300][223.768s][info][gc,stats       ]       FU: Universe Roots              1 us, workers (us):   1, ---, ---, 
[2021-02-28T14:28:51.196+0300][223.768s][info][gc,stats       ]       FU: JNI Handles Roots           1 us, workers (us):   0,   0,   0, 
[2021-02-28T14:28:51.196+0300][223.768s][info][gc,stats       ]       FU: JVMTI Weak Roots            0 us, workers (us):   0, ---, ---, 
[2021-02-28T14:28:51.196+0300][223.768s][info][gc,stats       ]       FU: JFR Weak Roots              1 us, workers (us):   1, ---, ---, 
[2021-02-28T14:28:51.196+0300][223.768s][info][gc,stats       ]       FU: JNI Weak Roots              0 us, workers (us):   0,   0,   0, 
[2021-02-28T14:28:51.196+0300][223.768s][info][gc,stats       ]       FU: String Table Roots         47 us, workers (us):  34,  13,   0, 
[2021-02-28T14:28:51.196+0300][223.768s][info][gc,stats       ]       FU: Resolved Table Roots        3 us, workers (us):   1,   2,   0, 
[2021-02-28T14:28:51.196+0300][223.768s][info][gc,stats       ]       FU: VM Global Roots             1 us, workers (us):   1,   0,   0, 
[2021-02-28T14:28:51.196+0300][223.768s][info][gc,stats       ]       FU: VM Weak Roots               1 us, workers (us):   1,   0,   0, 
[2021-02-28T14:28:51.196+0300][223.768s][info][gc,stats       ]       FU: Synchronizer Roots          0 us, workers (us):   0, ---, ---, 
[2021-02-28T14:28:51.196+0300][223.768s][info][gc,stats       ]       FU: Management Roots            1 us, workers (us):   1, ---, ---, 
[2021-02-28T14:28:51.196+0300][223.768s][info][gc,stats       ]       FU: CLDG Roots                 18 us, workers (us): ---,  18, ---, 
[2021-02-28T14:28:51.196+0300][223.768s][info][gc,stats       ]       FU: JVMTI Roots                 0 us, workers (us):   0, ---, ---, 
[2021-02-28T14:28:51.196+0300][223.768s][info][gc,stats       ]   Scan Roots                        132 us, parallelism: 1.13x
[2021-02-28T14:28:51.196+0300][223.768s][info][gc,stats       ]     FS: <total>                     149 us
[2021-02-28T14:28:51.196+0300][223.768s][info][gc,stats       ]     FS: Thread Roots                144 us, workers (us):  74,  39,  31, 
[2021-02-28T14:28:51.196+0300][223.768s][info][gc,stats       ]     FS: Universe Roots                2 us, workers (us):   2, ---, ---, 
[2021-02-28T14:28:51.196+0300][223.768s][info][gc,stats       ]     FS: Synchronizer Roots            0 us, workers (us):   0, ---, ---, 
[2021-02-28T14:28:51.196+0300][223.768s][info][gc,stats       ]     FS: Management Roots              2 us, workers (us):   2, ---, ---, 
[2021-02-28T14:28:51.196+0300][223.768s][info][gc,stats       ]     FS: JVMTI Roots                   0 us, workers (us):   0, ---, ---, 
[2021-02-28T14:28:51.196+0300][223.768s][info][gc,stats       ]   Scan Concurrent Roots             120 us, parallelism: 0.54x
[2021-02-28T14:28:51.196+0300][223.768s][info][gc,stats       ]     FCS: <total>                     64 us
[2021-02-28T14:28:51.196+0300][223.768s][info][gc,stats       ]     FCS: JNI Handles Roots            2 us, workers (us):   2,   0,   0, 
[2021-02-28T14:28:51.196+0300][223.768s][info][gc,stats       ]     FCS: VM Global Roots              2 us, workers (us):   2,   0,   0, 
[2021-02-28T14:28:51.196+0300][223.768s][info][gc,stats       ]     FCS: CLDG Roots                  60 us, workers (us):  60, ---, ---, 
[2021-02-28T14:28:51.196+0300][223.768s][info][gc,stats       ]   Mark                           449734 us
[2021-02-28T14:28:51.196+0300][223.768s][info][gc,stats       ]     Finish Queues                448100 us
[2021-02-28T14:28:51.196+0300][223.768s][info][gc,stats       ]     Weak References                 184 us
[2021-02-28T14:28:51.196+0300][223.768s][info][gc,stats       ]       Process                       179 us
[2021-02-28T14:28:51.196+0300][223.768s][info][gc,stats       ]     System Purge                     99 us
[2021-02-28T14:28:51.196+0300][223.768s][info][gc,stats       ]       Unload Classes               1071 us
[2021-02-28T14:28:51.196+0300][223.768s][info][gc,stats       ]       Weak Roots                     98 us
[2021-02-28T14:28:51.196+0300][223.768s][info][gc,stats       ]       CLDG                           10 us
[2021-02-28T14:28:51.196+0300][223.768s][info][gc,stats       ]   Calculate Addresses            181532 us
[2021-02-28T14:28:51.196+0300][223.768s][info][gc,stats       ]     Regular Objects              181496 us
[2021-02-28T14:28:51.196+0300][223.768s][info][gc,stats       ]     Humongous Objects                17 us
[2021-02-28T14:28:51.196+0300][223.768s][info][gc,stats       ]   Adjust Pointers                200942 us
[2021-02-28T14:28:51.196+0300][223.768s][info][gc,stats       ]     FA: <total>                    1674 us
[2021-02-28T14:28:51.196+0300][223.769s][info][gc,stats       ]     FA: Thread Roots                 75 us, workers (us):   1,  73,   1, 
[2021-02-28T14:28:51.196+0300][223.769s][info][gc,stats       ]     FA: Code Cache Roots           1493 us, workers (us): 540, 401, 551, 
[2021-02-28T14:28:51.196+0300][223.769s][info][gc,stats       ]     FA: Universe Roots                1 us, workers (us):   1, ---, ---, 
[2021-02-28T14:28:51.196+0300][223.769s][info][gc,stats       ]     FA: JNI Handles Roots             2 us, workers (us):   1,   0,   0, 
[2021-02-28T14:28:51.196+0300][223.769s][info][gc,stats       ]     FA: JVMTI Weak Roots              0 us, workers (us):   0, ---, ---, 
[2021-02-28T14:28:51.196+0300][223.769s][info][gc,stats       ]     FA: JFR Weak Roots                0 us, workers (us):   0, ---, ---, 
[2021-02-28T14:28:51.196+0300][223.769s][info][gc,stats       ]     FA: JNI Weak Roots                0 us, workers (us):   0,   0,   0, 
[2021-02-28T14:28:51.196+0300][223.769s][info][gc,stats       ]     FA: String Table Roots           53 us, workers (us):  39,  14,   0, 
[2021-02-28T14:28:51.196+0300][223.769s][info][gc,stats       ]     FA: Resolved Table Roots          4 us, workers (us):   2,   2,   0, 
[2021-02-28T14:28:51.196+0300][223.769s][info][gc,stats       ]     FA: VM Global Roots               2 us, workers (us):   2,   0,   0, 
[2021-02-28T14:28:51.196+0300][223.769s][info][gc,stats       ]     FA: VM Weak Roots                 3 us, workers (us):   1,   0,   2, 
[2021-02-28T14:28:51.196+0300][223.769s][info][gc,stats       ]     FA: Synchronizer Roots            0 us, workers (us):   0, ---, ---, 
[2021-02-28T14:28:51.196+0300][223.769s][info][gc,stats       ]     FA: Management Roots              1 us, workers (us):   1, ---, ---, 
[2021-02-28T14:28:51.196+0300][223.769s][info][gc,stats       ]     FA: CLDG Roots                   40 us, workers (us): ---,  40, ---, 
[2021-02-28T14:28:51.196+0300][223.769s][info][gc,stats       ]     FA: JVMTI Roots                   0 us, workers (us):   0, ---, ---, 
[2021-02-28T14:28:51.196+0300][223.769s][info][gc,stats       ]   Copy Objects                   185449 us
[2021-02-28T14:28:51.196+0300][223.769s][info][gc,stats       ]     Regular Objects              184924 us
[2021-02-28T14:28:51.196+0300][223.769s][info][gc,stats       ]     Humongous Objects                14 us
[2021-02-28T14:28:51.196+0300][223.769s][info][gc,stats       ]     Reset Complete Bitmap           461 us
[2021-02-28T14:28:51.196+0300][223.769s][info][gc,stats       ]     Rebuild Region Sets              48 us
[2021-02-28T14:28:51.197+0300][223.769s][info][gc,stats       ]   Post Heap Dump                      1 us
[2021-02-28T14:28:51.197+0300][223.769s][info][gc,stats       ] 
[2021-02-28T14:28:51.197+0300][223.769s][info][gc,stats       ] Allocation pacing accrued:
[2021-02-28T14:28:51.197+0300][223.769s][info][gc,stats       ]       0 of  1469 ms (  0.0%): <total>
[2021-02-28T14:28:51.197+0300][223.769s][info][gc,stats       ]       0 of  1469 ms (  0.0%): <average total>
[2021-02-28T14:28:51.197+0300][223.769s][info][gc,stats       ] 
[2021-02-28T14:28:51.197+0300][223.769s][info][gc,metaspace   ] Metaspace: 7093K(7808K)->7089K(7808K) NonClass: 6372K(6912K)->6369K(6912K) Class: 720K(896K)->720K(896K)
[2021-02-28T14:28:51.197+0300][223.769s][info][gc,ergo        ] Pacer for Idle. Initial: 20971K, Alloc Tax Rate: 1.0x
[2021-02-28T14:28:51.206+0300][223.778s][info][gc             ] Trigger: Handle Allocation Failure
[2021-02-28T14:28:51.206+0300][223.778s][info][gc,ergo        ] Free: 0B, Max: 0B regular, 0B humongous, Frag: 0% external, 0% internal; Reserve: 36352K, Max: 512K
[2021-02-28T14:28:51.206+0300][223.778s][info][gc,start       ] GC(154) Pause Degenerated GC (Outside of Cycle)
[2021-02-28T14:28:51.206+0300][223.778s][info][gc,task        ] GC(154) Using 3 of 3 workers for stw degenerated gc
[2021-02-28T14:28:51.206+0300][223.778s][info][gc,ergo        ] GC(154) Pacer for Reset. Non-Taxable: 1024M
[2021-02-28T14:28:51.206+0300][223.779s][info][gc,ergo        ] GC(154) Pacer for Mark. Expected Live: 1778M, Free: 0B, Non-Taxable: 0B, Alloc Tax Rate: infx
[2021-02-28T14:28:51.627+0300][224.200s][info][gc,ergo        ] GC(154) Adaptive CSet Selection. Target Free: 145M, Actual Free: 36352K, Max CSet: 43690K, Min Garbage: 109M
[2021-02-28T14:28:51.627+0300][224.200s][info][gc,ergo        ] GC(154) Collectable Garbage: 26760B (100%), Immediate: 0B (0%), CSet: 26760B (100%)
[2021-02-28T14:28:51.627+0300][224.200s][info][gc,ergo        ] GC(154) Pacer for Evacuation. Used CSet: 43517K, Free: 16056B, Non-Taxable: 1605B, Alloc Tax Rate: 6784.0x
[2021-02-28T14:28:51.635+0300][224.209s][info][gc             ] GC(154) Cancelling GC: Allocation Failure During Evacuation
[2021-02-28T14:28:51.644+0300][224.217s][info][gc             ] GC(154) Cannot finish degeneration, upgrading to Full GC
[2021-02-28T14:28:51.645+0300][224.218s][info][gc,phases,start] GC(154) Phase 1: Mark live objects
[2021-02-28T14:28:52.096+0300][224.670s][info][gc,phases      ] GC(154) Phase 1: Mark live objects 451.163ms
[2021-02-28T14:28:52.096+0300][224.670s][info][gc,phases,start] GC(154) Phase 2: Compute new object addresses
[2021-02-28T14:28:52.275+0300][224.847s][info][gc,phases      ] GC(154) Phase 2: Compute new object addresses 177.478ms
[2021-02-28T14:28:52.275+0300][224.847s][info][gc,phases,start] GC(154) Phase 3: Adjust pointers
[2021-02-28T14:28:52.474+0300][225.047s][info][gc,phases      ] GC(154) Phase 3: Adjust pointers 199.471ms
[2021-02-28T14:28:52.474+0300][225.047s][info][gc,phases,start] GC(154) Phase 4: Move objects
[2021-02-28T14:28:52.656+0300][225.229s][info][gc,phases      ] GC(154) Phase 4: Move objects 182.673ms
[2021-02-28T14:28:52.656+0300][225.230s][info][gc,ergo        ] GC(154) Bad progress for free space: 557K, need 10485K
[2021-02-28T14:28:52.656+0300][225.230s][info][gc             ] GC(154) Pause Degenerated GC (Outside of Cycle) 988M->988M(1024M) 1451.524ms
[2021-02-28T14:28:52.656+0300][225.230s][info][gc,ergo        ] Free: 557K, Max: 387K regular, 0B humongous, Frag: 0% external, 99% internal; Reserve: 35840K, Max: 512K
[2021-02-28T14:28:52.657+0300][225.230s][info][gc,stats       ] 
[2021-02-28T14:28:52.657+0300][225.230s][info][gc,stats       ] All times are wall-clock times, except per-root-class counters, that are sum over
[2021-02-28T14:28:52.657+0300][225.230s][info][gc,stats       ] all workers. Dividing the <total> over the root stage time estimates parallelism.
[2021-02-28T14:28:52.657+0300][225.230s][info][gc,stats       ] 
[2021-02-28T14:28:52.657+0300][225.230s][info][gc,stats       ]   Manage TLABs                        3 us
[2021-02-28T14:28:52.657+0300][225.230s][info][gc,stats       ]   Update Region States               86 us
[2021-02-28T14:28:52.657+0300][225.230s][info][gc,stats       ]   Scan Roots                        122 us, parallelism: 0.94x
[2021-02-28T14:28:52.657+0300][225.230s][info][gc,stats       ]     S: <total>                      115 us
[2021-02-28T14:28:52.657+0300][225.230s][info][gc,stats       ]     S: Thread Roots                 112 us, workers (us):  62,  27,  23, 
[2021-02-28T14:28:52.657+0300][225.230s][info][gc,stats       ]     S: Universe Roots                 2 us, workers (us):   2, ---, ---, 
[2021-02-28T14:28:52.657+0300][225.230s][info][gc,stats       ]     S: Synchronizer Roots             0 us, workers (us):   0, ---, ---, 
[2021-02-28T14:28:52.657+0300][225.230s][info][gc,stats       ]     S: Management Roots               1 us, workers (us):   1, ---, ---, 
[2021-02-28T14:28:52.657+0300][225.230s][info][gc,stats       ]     S: JVMTI Roots                    0 us, workers (us):   0, ---, ---, 
[2021-02-28T14:28:52.657+0300][225.230s][info][gc,stats       ]   Finish Queues                  420920 us
[2021-02-28T14:28:52.657+0300][225.230s][info][gc,stats       ]   Weak References                    28 us
[2021-02-28T14:28:52.657+0300][225.230s][info][gc,stats       ]     Process                          23 us
[2021-02-28T14:28:52.657+0300][225.230s][info][gc,stats       ]   System Purge                       65 us
[2021-02-28T14:28:52.657+0300][225.230s][info][gc,stats       ]     Unload Classes                  570 us
[2021-02-28T14:28:52.657+0300][225.230s][info][gc,stats       ]     Weak Roots                       65 us
[2021-02-28T14:28:52.657+0300][225.230s][info][gc,stats       ]     CLDG                              0 us
[2021-02-28T14:28:52.657+0300][225.230s][info][gc,stats       ]   Update Region States               45 us
[2021-02-28T14:28:52.657+0300][225.230s][info][gc,stats       ]   Manage GC/TLABs                     2 us
[2021-02-28T14:28:52.657+0300][225.230s][info][gc,stats       ]   Choose Collection Set             121 us
[2021-02-28T14:28:52.657+0300][225.230s][info][gc,stats       ]   Rebuild Free Set                   22 us
[2021-02-28T14:28:52.657+0300][225.230s][info][gc,stats       ]   Initial Evacuation                 14 us
[2021-02-28T14:28:52.657+0300][225.230s][info][gc,stats       ] Pause Degenerated GC (G)        1451724 us
[2021-02-28T14:28:52.657+0300][225.230s][info][gc,stats       ] Pause Degenerated GC (N)        1451539 us
[2021-02-28T14:28:52.657+0300][225.230s][info][gc,stats       ]   Degen Mark Roots                  106 us, parallelism: 0.84x
[2021-02-28T14:28:52.657+0300][225.230s][info][gc,stats       ]     DM: <total>                      88 us
[2021-02-28T14:28:52.657+0300][225.230s][info][gc,stats       ]     DM: JNI Handles Roots             2 us, workers (us):   1,   0,   0, 
[2021-02-28T14:28:52.657+0300][225.230s][info][gc,stats       ]     DM: VM Global Roots               1 us, workers (us):   1,   0,   0, 
[2021-02-28T14:28:52.657+0300][225.230s][info][gc,stats       ]     DM: CLDG Roots                   85 us, workers (us):  85, ---, ---, 
[2021-02-28T14:28:52.657+0300][225.230s][info][gc,stats       ]   Pre Heap Dump                       1 us
[2021-02-28T14:28:52.657+0300][225.230s][info][gc,stats       ]   Prepare                          1339 us
[2021-02-28T14:28:52.657+0300][225.230s][info][gc,stats       ]     Update Roots                    729 us, parallelism: 2.18x
[2021-02-28T14:28:52.657+0300][225.230s][info][gc,stats       ]       FU: <total>                  1587 us
[2021-02-28T14:28:52.657+0300][225.230s][info][gc,stats       ]       FU: Thread Roots               73 us, workers (us):   1,  72,   1, 
[2021-02-28T14:28:52.657+0300][225.230s][info][gc,stats       ]       FU: Code Cache Roots         1442 us, workers (us): 539, 383, 521, 
[2021-02-28T14:28:52.657+0300][225.230s][info][gc,stats       ]       FU: Universe Roots              1 us, workers (us):   1, ---, ---, 
[2021-02-28T14:28:52.657+0300][225.230s][info][gc,stats       ]       FU: JNI Handles Roots           0 us, workers (us):   0,   0,   0, 
[2021-02-28T14:28:52.657+0300][225.230s][info][gc,stats       ]       FU: JVMTI Weak Roots            0 us, workers (us):   0, ---, ---, 
[2021-02-28T14:28:52.657+0300][225.230s][info][gc,stats       ]       FU: JFR Weak Roots              0 us, workers (us):   0, ---, ---, 
[2021-02-28T14:28:52.657+0300][225.230s][info][gc,stats       ]       FU: String Table Roots         45 us, workers (us):  18,  18,  10, 
[2021-02-28T14:28:52.657+0300][225.230s][info][gc,stats       ]       FU: Resolved Table Roots        3 us, workers (us):   1,   1,   1, 
[2021-02-28T14:28:52.657+0300][225.230s][info][gc,stats       ]       FU: VM Global Roots             1 us, workers (us):   1,   0,   0, 
[2021-02-28T14:28:52.657+0300][225.230s][info][gc,stats       ]       FU: VM Weak Roots               1 us, workers (us):   0,   0,   0, 
[2021-02-28T14:28:52.657+0300][225.230s][info][gc,stats       ]       FU: Synchronizer Roots          0 us, workers (us): ---,   0, ---, 
[2021-02-28T14:28:52.657+0300][225.230s][info][gc,stats       ]       FU: Management Roots            1 us, workers (us): ---,   1, ---, 
[2021-02-28T14:28:52.657+0300][225.230s][info][gc,stats       ]       FU: CLDG Roots                 18 us, workers (us): ---,  18, ---, 
[2021-02-28T14:28:52.657+0300][225.230s][info][gc,stats       ]       FU: JVMTI Roots                 0 us, workers (us):   0, ---, ---, 
[2021-02-28T14:28:52.657+0300][225.230s][info][gc,stats       ]   Scan Roots                        115 us, parallelism: 1.58x
[2021-02-28T14:28:52.657+0300][225.230s][info][gc,stats       ]     FS: <total>                     182 us
[2021-02-28T14:28:52.657+0300][225.230s][info][gc,stats       ]     FS: Thread Roots                177 us, workers (us):  77,  52,  48, 
[2021-02-28T14:28:52.657+0300][225.230s][info][gc,stats       ]     FS: Universe Roots                2 us, workers (us):   2, ---, ---, 
[2021-02-28T14:28:52.657+0300][225.230s][info][gc,stats       ]     FS: Synchronizer Roots            0 us, workers (us):   0, ---, ---, 
[2021-02-28T14:28:52.657+0300][225.230s][info][gc,stats       ]     FS: Management Roots              2 us, workers (us):   2, ---, ---, 
[2021-02-28T14:28:52.657+0300][225.230s][info][gc,stats       ]     FS: JVMTI Roots                   0 us, workers (us):   0, ---, ---, 
[2021-02-28T14:28:52.657+0300][225.230s][info][gc,stats       ]   Scan Concurrent Roots             108 us, parallelism: 0.85x
[2021-02-28T14:28:52.657+0300][225.230s][info][gc,stats       ]     FCS: <total>                     92 us
[2021-02-28T14:28:52.657+0300][225.230s][info][gc,stats       ]     FCS: JNI Handles Roots            3 us, workers (us):   2,   0,   0, 
[2021-02-28T14:28:52.657+0300][225.230s][info][gc,stats       ]     FCS: VM Global Roots              3 us, workers (us):   0,   2,   1, 
[2021-02-28T14:28:52.657+0300][225.230s][info][gc,stats       ]     FCS: CLDG Roots                  86 us, workers (us):  86, ---, ---, 
[2021-02-28T14:28:52.657+0300][225.230s][info][gc,stats       ]   Mark                           451097 us
[2021-02-28T14:28:52.657+0300][225.230s][info][gc,stats       ]     Finish Queues                449992 us
[2021-02-28T14:28:52.657+0300][225.230s][info][gc,stats       ]     Weak References                 151 us
[2021-02-28T14:28:52.657+0300][225.230s][info][gc,stats       ]       Process                       146 us
[2021-02-28T14:28:52.657+0300][225.230s][info][gc,stats       ]     System Purge                     88 us
[2021-02-28T14:28:52.657+0300][225.231s][info][gc,stats       ]       Unload Classes                607 us
[2021-02-28T14:28:52.657+0300][225.231s][info][gc,stats       ]       Weak Roots                     88 us
[2021-02-28T14:28:52.657+0300][225.231s][info][gc,stats       ]       CLDG                            0 us
[2021-02-28T14:28:52.657+0300][225.231s][info][gc,stats       ]   Calculate Addresses            177465 us
[2021-02-28T14:28:52.657+0300][225.231s][info][gc,stats       ]     Regular Objects              177432 us
[2021-02-28T14:28:52.657+0300][225.231s][info][gc,stats       ]     Humongous Objects                15 us
[2021-02-28T14:28:52.657+0300][225.231s][info][gc,stats       ]   Adjust Pointers                199458 us
[2021-02-28T14:28:52.657+0300][225.231s][info][gc,stats       ]     FA: <total>                    1703 us
[2021-02-28T14:28:52.657+0300][225.231s][info][gc,stats       ]     FA: Thread Roots                 88 us, workers (us):   1,  87,   1, 
[2021-02-28T14:28:52.657+0300][225.231s][info][gc,stats       ]     FA: Code Cache Roots           1510 us, workers (us): 551, 399, 560, 
[2021-02-28T14:28:52.657+0300][225.231s][info][gc,stats       ]     FA: Universe Roots                1 us, workers (us):   1, ---, ---, 
[2021-02-28T14:28:52.657+0300][225.231s][info][gc,stats       ]     FA: JNI Handles Roots             2 us, workers (us):   2,   0,   0, 
[2021-02-28T14:28:52.657+0300][225.231s][info][gc,stats       ]     FA: JVMTI Weak Roots              0 us, workers (us):   0, ---, ---, 
[2021-02-28T14:28:52.657+0300][225.231s][info][gc,stats       ]     FA: JFR Weak Roots                0 us, workers (us):   0, ---, ---, 
[2021-02-28T14:28:52.657+0300][225.231s][info][gc,stats       ]     FA: JNI Weak Roots                0 us, workers (us):   0,   0,   0, 
[2021-02-28T14:28:52.657+0300][225.231s][info][gc,stats       ]     FA: String Table Roots           53 us, workers (us):  36,  14,   3, 
[2021-02-28T14:28:52.657+0300][225.231s][info][gc,stats       ]     FA: Resolved Table Roots          5 us, workers (us):   1,   2,   1, 
[2021-02-28T14:28:52.658+0300][225.231s][info][gc,stats       ]     FA: VM Global Roots               2 us, workers (us):   2,   0,   0, 
[2021-02-28T14:28:52.658+0300][225.231s][info][gc,stats       ]     FA: VM Weak Roots                 3 us, workers (us):   1,   0,   2, 
[2021-02-28T14:28:52.658+0300][225.231s][info][gc,stats       ]     FA: Synchronizer Roots            0 us, workers (us):   0, ---, ---, 
[2021-02-28T14:28:52.658+0300][225.231s][info][gc,stats       ]     FA: Management Roots              1 us, workers (us):   1, ---, ---, 
[2021-02-28T14:28:52.658+0300][225.231s][info][gc,stats       ]     FA: CLDG Roots                   37 us, workers (us): ---,  37, ---, 
[2021-02-28T14:28:52.658+0300][225.231s][info][gc,stats       ]     FA: JVMTI Roots                   0 us, workers (us):   0, ---, ---, 
[2021-02-28T14:28:52.658+0300][225.231s][info][gc,stats       ]   Copy Objects                   182660 us
[2021-02-28T14:28:52.658+0300][225.231s][info][gc,stats       ]     Regular Objects              182023 us
[2021-02-28T14:28:52.658+0300][225.231s][info][gc,stats       ]     Humongous Objects                14 us
[2021-02-28T14:28:52.658+0300][225.231s][info][gc,stats       ]     Reset Complete Bitmap           570 us
[2021-02-28T14:28:52.658+0300][225.231s][info][gc,stats       ]     Rebuild Region Sets              52 us
[2021-02-28T14:28:52.658+0300][225.231s][info][gc,stats       ]   Post Heap Dump                      1 us
[2021-02-28T14:28:52.658+0300][225.231s][info][gc,stats       ] 
[2021-02-28T14:28:52.658+0300][225.231s][info][gc,stats       ] Allocation pacing accrued:
[2021-02-28T14:28:52.658+0300][225.231s][info][gc,stats       ]       0 of  1462 ms (  0.0%): <total>
[2021-02-28T14:28:52.658+0300][225.231s][info][gc,stats       ]       0 of  1462 ms (  0.0%): <average total>
[2021-02-28T14:28:52.658+0300][225.231s][info][gc,stats       ] 
[2021-02-28T14:28:52.658+0300][225.231s][info][gc,metaspace   ] Metaspace: 7089K(7808K)->7089K(7808K) NonClass: 6369K(6912K)->6369K(6912K) Class: 720K(896K)->720K(896K)
[2021-02-28T14:28:52.658+0300][225.231s][info][gc,ergo        ] Pacer for Idle. Initial: 20971K, Alloc Tax Rate: 1.0x
[2021-02-28T14:28:52.672+0300][225.244s][info][gc             ] Trigger: Free (380K) is below minimum threshold (102M)
[2021-02-28T14:28:52.672+0300][225.244s][info][gc,ergo        ] Free: 276K, Max: 275K regular, 0B humongous, Frag: 0% external, 82% internal; Reserve: 35840K, Max: 512K
[2021-02-28T14:28:52.672+0300][225.244s][info][gc,start       ] GC(155) Concurrent reset
[2021-02-28T14:28:52.672+0300][225.244s][info][gc,task        ] GC(155) Using 1 of 3 workers for concurrent reset
[2021-02-28T14:28:52.672+0300][225.244s][info][gc,ergo        ] GC(155) Pacer for Reset. Non-Taxable: 1024M
[2021-02-28T14:28:52.672+0300][225.244s][info][gc             ] GC(155) Concurrent reset 0.188ms
[2021-02-28T14:28:52.672+0300][225.244s][info][gc             ] Failed to allocate TLAB, 2648B
[2021-02-28T14:28:52.672+0300][225.244s][info][gc             ] Cancelling GC: Allocation Failure
[2021-02-28T14:28:52.672+0300][225.244s][info][gc,start       ] GC(155) Pause Init Mark (process weakrefs) (unload classes)
[2021-02-28T14:28:52.672+0300][225.244s][info][gc,task        ] GC(155) Using 3 of 3 workers for init marking
[2021-02-28T14:28:52.672+0300][225.245s][info][gc,ergo        ] GC(155) Pacer for Mark. Expected Live: 1778M, Free: 0B, Non-Taxable: 0B, Alloc Tax Rate: infx
[2021-02-28T14:28:52.672+0300][225.245s][info][gc             ] GC(155) Pause Init Mark (process weakrefs) (unload classes) 0.340ms
[2021-02-28T14:28:52.672+0300][225.245s][info][gc,start       ] GC(155) Concurrent marking (process weakrefs) (unload classes)
[2021-02-28T14:28:52.672+0300][225.245s][info][gc,task        ] GC(155) Using 1 of 3 workers for concurrent marking
[2021-02-28T14:28:52.673+0300][225.245s][info][gc             ] GC(155) Concurrent marking (process weakrefs) (unload classes) 0.274ms
[2021-02-28T14:28:52.673+0300][225.245s][info][gc,ergo        ] Free: 0B, Max: 0B regular, 0B humongous, Frag: 0% external, 0% internal; Reserve: 35840K, Max: 512K
[2021-02-28T14:28:52.673+0300][225.245s][info][gc,stats       ] 
[2021-02-28T14:28:52.673+0300][225.245s][info][gc,stats       ] All times are wall-clock times, except per-root-class counters, that are sum over
[2021-02-28T14:28:52.673+0300][225.245s][info][gc,stats       ] all workers. Dividing the <total> over the root stage time estimates parallelism.
[2021-02-28T14:28:52.673+0300][225.245s][info][gc,stats       ] 
[2021-02-28T14:28:52.673+0300][225.245s][info][gc,stats       ] Concurrent Reset                    215 us
[2021-02-28T14:28:52.673+0300][225.245s][info][gc,stats       ] Pause Init Mark (G)                 588 us
[2021-02-28T14:28:52.673+0300][225.245s][info][gc,stats       ] Pause Init Mark (N)                 354 us
[2021-02-28T14:28:52.673+0300][225.245s][info][gc,stats       ]   Manage TLABs                        3 us
[2021-02-28T14:28:52.673+0300][225.245s][info][gc,stats       ]   Update Region States               95 us
[2021-02-28T14:28:52.673+0300][225.245s][info][gc,stats       ]   Scan Roots                        176 us, parallelism: 0.97x
[2021-02-28T14:28:52.673+0300][225.245s][info][gc,stats       ]     S: <total>                      171 us
[2021-02-28T14:28:52.673+0300][225.245s][info][gc,stats       ]     S: Thread Roots                 168 us, workers (us):  62,  75,  30, 
[2021-02-28T14:28:52.673+0300][225.245s][info][gc,stats       ]     S: Universe Roots                 2 us, workers (us):   2, ---, ---, 
[2021-02-28T14:28:52.673+0300][225.245s][info][gc,stats       ]     S: Synchronizer Roots             0 us, workers (us):   0, ---, ---, 
[2021-02-28T14:28:52.673+0300][225.245s][info][gc,stats       ]     S: Management Roots               1 us, workers (us):   1, ---, ---, 
[2021-02-28T14:28:52.673+0300][225.245s][info][gc,stats       ]     S: JVMTI Roots                    0 us, workers (us):   0, ---, ---, 
[2021-02-28T14:28:52.673+0300][225.245s][info][gc,stats       ] Concurrent Marking                  296 us
[2021-02-28T14:28:52.673+0300][225.245s][info][gc,stats       ]   Roots                             143 us, parallelism: 0.43x
[2021-02-28T14:28:52.673+0300][225.245s][info][gc,stats       ]     CM: <total>                      61 us
[2021-02-28T14:28:52.673+0300][225.245s][info][gc,stats       ]     CM: JNI Handles Roots             2 us, workers (us):   2, ---, ---, 
[2021-02-28T14:28:52.673+0300][225.245s][info][gc,stats       ]     CM: VM Global Roots               2 us, workers (us):   2, ---, ---, 
[2021-02-28T14:28:52.673+0300][225.245s][info][gc,stats       ]     CM: CLDG Roots                   58 us, workers (us):  58, ---, ---, 
[2021-02-28T14:28:52.673+0300][225.245s][info][gc,stats       ] Pacing                            70324 us
[2021-02-28T14:28:52.673+0300][225.245s][info][gc,stats       ] 
[2021-02-28T14:28:52.673+0300][225.245s][info][gc,stats       ] Allocation pacing accrued:
[2021-02-28T14:28:52.673+0300][225.245s][info][gc,stats       ]      14 of    14 ms ( 97.3%): main
[2021-02-28T14:28:52.673+0300][225.245s][info][gc,stats       ]      14 of    14 ms ( 97.2%): Notification Thread
[2021-02-28T14:28:52.673+0300][225.245s][info][gc,stats       ]      14 of    14 ms ( 97.2%): RMI TCP Connection(5)-172.22.16.1
[2021-02-28T14:28:52.673+0300][225.245s][info][gc,stats       ]      14 of    14 ms ( 96.9%): RMI TCP Connection(6)-172.22.16.1
[2021-02-28T14:28:52.673+0300][225.245s][info][gc,stats       ]      14 of    14 ms ( 96.9%): RMI TCP Connection(7)-172.22.16.1
[2021-02-28T14:28:52.673+0300][225.245s][info][gc,stats       ]      70 of    14 ms (485.6%): <total>
[2021-02-28T14:28:52.673+0300][225.245s][info][gc,stats       ]       4 of    14 ms ( 27.0%): <average total>
[2021-02-28T14:28:52.673+0300][225.245s][info][gc,stats       ]      14 of    14 ms ( 97.1%): <average non-zero>
[2021-02-28T14:28:52.673+0300][225.245s][info][gc,stats       ] 
[2021-02-28T14:28:52.673+0300][225.245s][info][gc,metaspace   ] Metaspace: 7089K(7808K)->7097K(7808K) NonClass: 6369K(6912K)->6376K(6912K) Class: 720K(896K)->721K(896K)
[2021-02-28T14:28:52.673+0300][225.245s][info][gc,ergo        ] Pacer for Idle. Initial: 20971K, Alloc Tax Rate: 1.0x
[2021-02-28T14:28:52.675+0300][225.248s][info][gc             ] Trigger: Handle Allocation Failure
[2021-02-28T14:28:52.675+0300][225.248s][info][gc,ergo        ] Free: 0B, Max: 0B regular, 0B humongous, Frag: 0% external, 0% internal; Reserve: 35840K, Max: 512K
[2021-02-28T14:28:52.675+0300][225.248s][info][gc,start       ] GC(156) Pause Degenerated GC (Mark)
[2021-02-28T14:28:52.675+0300][225.248s][info][gc,task        ] GC(156) Using 3 of 3 workers for stw degenerated gc
[2021-02-28T14:28:53.093+0300][225.666s][info][gc,ergo        ] GC(156) Adaptive CSet Selection. Target Free: 145M, Actual Free: 35840K, Max CSet: 43690K, Min Garbage: 110M
[2021-02-28T14:28:53.093+0300][225.666s][info][gc,ergo        ] GC(156) Collectable Garbage: 150K (100%), Immediate: 0B (0%), CSet: 150K (100%)
[2021-02-28T14:28:53.094+0300][225.666s][info][gc,ergo        ] GC(156) Pacer for Evacuation. Used CSet: 43516K, Free: 16640B, Non-Taxable: 1664B, Alloc Tax Rate: 6546.1x
[2021-02-28T14:28:53.102+0300][225.674s][info][gc             ] GC(156) Cancelling GC: Allocation Failure During Evacuation
[2021-02-28T14:28:53.104+0300][225.676s][info][gc             ] GC(156) Cannot finish degeneration, upgrading to Full GC
[2021-02-28T14:28:53.105+0300][225.677s][info][gc,phases,start] GC(156) Phase 1: Mark live objects
[2021-02-28T14:28:53.567+0300][226.139s][info][gc,phases      ] GC(156) Phase 1: Mark live objects 461.972ms
[2021-02-28T14:28:53.567+0300][226.139s][info][gc,phases,start] GC(156) Phase 2: Compute new object addresses
[2021-02-28T14:28:53.747+0300][226.320s][info][gc,phases      ] GC(156) Phase 2: Compute new object addresses 180.420ms
[2021-02-28T14:28:53.747+0300][226.320s][info][gc,phases,start] GC(156) Phase 3: Adjust pointers
[2021-02-28T14:28:53.950+0300][226.523s][info][gc,phases      ] GC(156) Phase 3: Adjust pointers 202.984ms
[2021-02-28T14:28:53.950+0300][226.523s][info][gc,phases,start] GC(156) Phase 4: Move objects
[2021-02-28T14:28:54.137+0300][226.709s][info][gc,phases      ] GC(156) Phase 4: Move objects 186.055ms
[2021-02-28T14:28:54.137+0300][226.709s][info][gc,ergo        ] GC(156) Bad progress for free space: 173K, need 10485K
[2021-02-28T14:28:54.137+0300][226.709s][info][gc             ] GC(156) Pause Degenerated GC (Mark) 988M->988M(1024M) 1461.162ms
[2021-02-28T14:28:54.137+0300][226.709s][info][gc,ergo        ] Free: 173K, Max: 139K regular, 0B humongous, Frag: 0% external, 99% internal; Reserve: 35840K, Max: 512K
[2021-02-28T14:28:54.137+0300][226.709s][info][gc,stats       ] 
[2021-02-28T14:28:54.137+0300][226.709s][info][gc,stats       ] All times are wall-clock times, except per-root-class counters, that are sum over
[2021-02-28T14:28:54.137+0300][226.709s][info][gc,stats       ] all workers. Dividing the <total> over the root stage time estimates parallelism.
[2021-02-28T14:28:54.137+0300][226.709s][info][gc,stats       ] 
[2021-02-28T14:28:54.137+0300][226.709s][info][gc,stats       ]   Finish Queues                  416760 us
[2021-02-28T14:28:54.137+0300][226.709s][info][gc,stats       ]   Weak References                   185 us
[2021-02-28T14:28:54.137+0300][226.709s][info][gc,stats       ]     Process                         179 us
[2021-02-28T14:28:54.137+0300][226.709s][info][gc,stats       ]   System Purge                       82 us
[2021-02-28T14:28:54.137+0300][226.709s][info][gc,stats       ]     Unload Classes                  595 us
[2021-02-28T14:28:54.137+0300][226.709s][info][gc,stats       ]     Weak Roots                       82 us
[2021-02-28T14:28:54.137+0300][226.709s][info][gc,stats       ]     CLDG                              0 us
[2021-02-28T14:28:54.137+0300][226.709s][info][gc,stats       ]   Update Region States               77 us
[2021-02-28T14:28:54.137+0300][226.709s][info][gc,stats       ]   Manage GC/TLABs                     2 us
[2021-02-28T14:28:54.137+0300][226.709s][info][gc,stats       ]   Choose Collection Set             121 us
[2021-02-28T14:28:54.137+0300][226.709s][info][gc,stats       ]   Rebuild Free Set                   26 us
[2021-02-28T14:28:54.137+0300][226.709s][info][gc,stats       ]   Initial Evacuation                 15 us
[2021-02-28T14:28:54.137+0300][226.709s][info][gc,stats       ] Pause Degenerated GC (G)        1461394 us
[2021-02-28T14:28:54.137+0300][226.709s][info][gc,stats       ] Pause Degenerated GC (N)        1461177 us
[2021-02-28T14:28:54.137+0300][226.709s][info][gc,stats       ]   Degen Mark Roots                   93 us, parallelism: 0.25x
[2021-02-28T14:28:54.137+0300][226.709s][info][gc,stats       ]     DM: <total>                      23 us
[2021-02-28T14:28:54.137+0300][226.709s][info][gc,stats       ]     DM: JNI Handles Roots             2 us, workers (us):   1,   0,   0, 
[2021-02-28T14:28:54.137+0300][226.709s][info][gc,stats       ]     DM: VM Global Roots               1 us, workers (us):   1,   0,   0, 
[2021-02-28T14:28:54.137+0300][226.709s][info][gc,stats       ]     DM: CLDG Roots                   21 us, workers (us):  21, ---, ---, 
[2021-02-28T14:28:54.137+0300][226.709s][info][gc,stats       ]   Pre Heap Dump                       1 us
[2021-02-28T14:28:54.137+0300][226.709s][info][gc,stats       ]   Prepare                          1149 us
[2021-02-28T14:28:54.137+0300][226.709s][info][gc,stats       ]     Update Roots                    677 us, parallelism: 2.29x
[2021-02-28T14:28:54.137+0300][226.709s][info][gc,stats       ]       FU: <total>                  1551 us
[2021-02-28T14:28:54.137+0300][226.709s][info][gc,stats       ]       FU: Thread Roots               75 us, workers (us):  73,   1,   1, 
[2021-02-28T14:28:54.137+0300][226.709s][info][gc,stats       ]       FU: Code Cache Roots         1410 us, workers (us): 385, 507, 518, 
[2021-02-28T14:28:54.137+0300][226.709s][info][gc,stats       ]       FU: Universe Roots              1 us, workers (us):   1, ---, ---, 
[2021-02-28T14:28:54.137+0300][226.709s][info][gc,stats       ]       FU: JNI Handles Roots           1 us, workers (us):   1,   0,   0, 
[2021-02-28T14:28:54.137+0300][226.709s][info][gc,stats       ]       FU: JVMTI Weak Roots            0 us, workers (us):   0, ---, ---, 
[2021-02-28T14:28:54.137+0300][226.709s][info][gc,stats       ]       FU: JFR Weak Roots              0 us, workers (us): ---,   0, ---, 
[2021-02-28T14:28:54.137+0300][226.709s][info][gc,stats       ]       FU: String Table Roots         41 us, workers (us):  20,  21,   0, 
[2021-02-28T14:28:54.137+0300][226.710s][info][gc,stats       ]       FU: Resolved Table Roots        3 us, workers (us):   1,   1,   0, 
[2021-02-28T14:28:54.137+0300][226.710s][info][gc,stats       ]       FU: VM Global Roots             2 us, workers (us):   1,   1,   0, 
[2021-02-28T14:28:54.137+0300][226.710s][info][gc,stats       ]       FU: VM Weak Roots               1 us, workers (us):   1,   0,   0, 
[2021-02-28T14:28:54.137+0300][226.710s][info][gc,stats       ]       FU: Synchronizer Roots          0 us, workers (us): ---,   0, ---, 
[2021-02-28T14:28:54.137+0300][226.710s][info][gc,stats       ]       FU: Management Roots            1 us, workers (us): ---,   1, ---, 
[2021-02-28T14:28:54.137+0300][226.710s][info][gc,stats       ]       FU: CLDG Roots                 17 us, workers (us):  17, ---, ---, 
[2021-02-28T14:28:54.137+0300][226.710s][info][gc,stats       ]       FU: JVMTI Roots                 0 us, workers (us):   0, ---, ---, 
[2021-02-28T14:28:54.137+0300][226.710s][info][gc,stats       ]   Scan Roots                        116 us, parallelism: 1.35x
[2021-02-28T14:28:54.137+0300][226.710s][info][gc,stats       ]     FS: <total>                     156 us
[2021-02-28T14:28:54.137+0300][226.710s][info][gc,stats       ]     FS: Thread Roots                152 us, workers (us):  60,  56,  36, 
[2021-02-28T14:28:54.137+0300][226.710s][info][gc,stats       ]     FS: Universe Roots                2 us, workers (us):   2, ---, ---, 
[2021-02-28T14:28:54.137+0300][226.710s][info][gc,stats       ]     FS: Synchronizer Roots            0 us, workers (us): ---,   0, ---, 
[2021-02-28T14:28:54.137+0300][226.710s][info][gc,stats       ]     FS: Management Roots              2 us, workers (us): ---,   2, ---, 
[2021-02-28T14:28:54.137+0300][226.710s][info][gc,stats       ]     FS: JVMTI Roots                   0 us, workers (us):   0, ---, ---, 
[2021-02-28T14:28:54.137+0300][226.710s][info][gc,stats       ]   Scan Concurrent Roots             120 us, parallelism: 0.54x
[2021-02-28T14:28:54.137+0300][226.710s][info][gc,stats       ]     FCS: <total>                     64 us
[2021-02-28T14:28:54.137+0300][226.710s][info][gc,stats       ]     FCS: JNI Handles Roots            3 us, workers (us):   2,   0,   0, 
[2021-02-28T14:28:54.137+0300][226.710s][info][gc,stats       ]     FCS: VM Global Roots              3 us, workers (us):   1,   2,   0, 
[2021-02-28T14:28:54.137+0300][226.710s][info][gc,stats       ]     FCS: CLDG Roots                  59 us, workers (us):  59, ---, ---, 
[2021-02-28T14:28:54.138+0300][226.710s][info][gc,stats       ]   Mark                           461932 us
[2021-02-28T14:28:54.138+0300][226.710s][info][gc,stats       ]     Finish Queues                460767 us
[2021-02-28T14:28:54.138+0300][226.710s][info][gc,stats       ]     Weak References                 185 us
[2021-02-28T14:28:54.138+0300][226.710s][info][gc,stats       ]       Process                       179 us
[2021-02-28T14:28:54.138+0300][226.710s][info][gc,stats       ]     System Purge                     89 us
[2021-02-28T14:28:54.138+0300][226.710s][info][gc,stats       ]       Unload Classes                636 us
[2021-02-28T14:28:54.138+0300][226.710s][info][gc,stats       ]       Weak Roots                     89 us
