[2021-02-07T17:26:57.691+0300][0.003s][info][gc] Min heap equals to max heap, disabling ShenandoahUncommit
[2021-02-07T17:26:57.694+0300][0.006s][info][gc] Using Shenandoah
[2021-02-07T17:26:57.694+0300][0.006s][info][gc] Heuristics ergonomically sets -XX:+ExplicitGCInvokesConcurrent
[2021-02-07T17:26:57.694+0300][0.006s][info][gc] Heuristics ergonomically sets -XX:+ShenandoahImplicitGCInvokesConcurrent
[2021-02-07T17:27:00.373+0300][2.685s][info][gc] Trigger: Learning 1 of 5. Free (174M) is below initial threshold (179M)
[2021-02-07T17:27:00.373+0300][2.685s][info][gc] GC(0) Concurrent reset 0.105ms
[2021-02-07T17:27:00.373+0300][2.685s][info][gc] GC(0) Pause Init Mark (process weakrefs) (unload classes) 0.338ms
[2021-02-07T17:27:00.420+0300][2.732s][info][gc] GC(0) Concurrent marking (process weakrefs) (unload classes) 46.545ms
[2021-02-07T17:27:00.420+0300][2.732s][info][gc] GC(0) Concurrent precleaning 0.129ms
[2021-02-07T17:27:00.421+0300][2.733s][info][gc] GC(0) Pause Final Mark (process weakrefs) (unload classes) 0.406ms
[2021-02-07T17:27:00.436+0300][2.748s][info][gc] GC(0) Concurrent weak roots 14.003ms
[2021-02-07T17:27:00.436+0300][2.748s][info][gc] GC(0) Concurrent cleanup 79M->77M(256M) 0.015ms
[2021-02-07T17:27:00.437+0300][2.749s][info][gc] GC(0) Concurrent class unloading 0.920ms
[2021-02-07T17:27:00.437+0300][2.749s][info][gc] GC(0) Concurrent strong roots 0.203ms
[2021-02-07T17:27:00.445+0300][2.757s][info][gc] GC(0) Concurrent evacuation 8.006ms
[2021-02-07T17:27:00.445+0300][2.757s][info][gc] GC(0) Pause Init Update Refs 0.010ms
[2021-02-07T17:27:00.473+0300][2.785s][info][gc] GC(0) Concurrent update references 27.248ms
[2021-02-07T17:27:00.474+0300][2.785s][info][gc] GC(0) Pause Final Update Refs 0.135ms
[2021-02-07T17:27:00.474+0300][2.785s][info][gc] GC(0) Concurrent cleanup 83M->45M(256M) 0.019ms
[2021-02-07T17:27:03.102+0300][5.413s][info][gc] Trigger: Learning 2 of 5. Free (175M) is below initial threshold (179M)
[2021-02-07T17:27:03.102+0300][5.413s][info][gc] GC(1) Concurrent reset 0.171ms
[2021-02-07T17:27:03.102+0300][5.414s][info][gc] GC(1) Pause Init Mark (unload classes) 0.113ms
[2021-02-07T17:27:03.175+0300][5.487s][info][gc] GC(1) Concurrent marking (unload classes) 73.095ms
[2021-02-07T17:27:03.177+0300][5.488s][info][gc] GC(1) Pause Final Mark (unload classes) 0.375ms
[2021-02-07T17:27:03.182+0300][5.493s][info][gc] GC(1) Concurrent weak roots 4.821ms
[2021-02-07T17:27:03.182+0300][5.493s][info][gc] GC(1) Concurrent cleanup 77M->77M(256M) 0.015ms
[2021-02-07T17:27:03.182+0300][5.494s][info][gc] GC(1) Concurrent class unloading 0.796ms
[2021-02-07T17:27:03.183+0300][5.494s][info][gc] GC(1) Concurrent strong roots 0.192ms
[2021-02-07T17:27:03.190+0300][5.502s][info][gc] GC(1) Concurrent evacuation 7.256ms
[2021-02-07T17:27:03.190+0300][5.502s][info][gc] GC(1) Pause Init Update Refs 0.009ms
[2021-02-07T17:27:03.227+0300][5.538s][info][gc] GC(1) Concurrent update references 36.296ms
[2021-02-07T17:27:03.227+0300][5.539s][info][gc] GC(1) Pause Final Update Refs 0.123ms
[2021-02-07T17:27:03.227+0300][5.539s][info][gc] GC(1) Concurrent cleanup 83M->60M(256M) 0.016ms
[2021-02-07T17:27:04.927+0300][7.239s][info][gc] Trigger: Learning 3 of 5. Free (168M) is below initial threshold (179M)
[2021-02-07T17:27:04.927+0300][7.239s][info][gc] GC(2) Concurrent reset 0.170ms
[2021-02-07T17:27:04.927+0300][7.239s][info][gc] GC(2) Pause Init Mark (unload classes) 0.120ms
[2021-02-07T17:27:05.022+0300][7.334s][info][gc] GC(2) Concurrent marking (unload classes) 94.426ms
[2021-02-07T17:27:05.023+0300][7.335s][info][gc] GC(2) Pause Final Mark (unload classes) 0.252ms
[2021-02-07T17:27:05.039+0300][7.351s][info][gc] GC(2) Concurrent weak roots 15.833ms
[2021-02-07T17:27:05.039+0300][7.351s][info][gc] GC(2) Concurrent cleanup 77M->75M(256M) 0.013ms
[2021-02-07T17:27:05.040+0300][7.352s][info][gc] GC(2) Concurrent class unloading 1.055ms
[2021-02-07T17:27:05.040+0300][7.352s][info][gc] GC(2) Concurrent strong roots 0.136ms
[2021-02-07T17:27:05.045+0300][7.358s][info][gc] GC(2) Concurrent evacuation 5.362ms
[2021-02-07T17:27:05.046+0300][7.358s][info][gc] GC(2) Pause Init Update Refs 0.009ms
[2021-02-07T17:27:05.085+0300][7.397s][info][gc] GC(2) Concurrent update references 39.084ms
[2021-02-07T17:27:05.086+0300][7.398s][info][gc] GC(2) Pause Final Update Refs 0.128ms
[2021-02-07T17:27:05.086+0300][7.398s][info][gc] GC(2) Concurrent cleanup 81M->66M(256M) 0.015ms
[2021-02-07T17:27:05.103+0300][7.415s][info][gc] Trigger: Learning 4 of 5. Free (176M) is below initial threshold (179M)
[2021-02-07T17:27:05.103+0300][7.415s][info][gc] GC(3) Concurrent reset 0.120ms
[2021-02-07T17:27:05.103+0300][7.415s][info][gc] GC(3) Pause Init Mark (unload classes) 0.131ms
[2021-02-07T17:27:05.191+0300][7.504s][info][gc] GC(3) Concurrent marking (unload classes) 88.037ms
[2021-02-07T17:27:05.192+0300][7.504s][info][gc] GC(3) Pause Final Mark (unload classes) 0.353ms
[2021-02-07T17:27:05.193+0300][7.505s][info][gc] GC(3) Concurrent weak roots 0.678ms
[2021-02-07T17:27:05.193+0300][7.505s][info][gc] GC(3) Concurrent cleanup 66M->66M(256M) 0.010ms
[2021-02-07T17:27:05.193+0300][7.506s][info][gc] GC(3) Concurrent class unloading 0.684ms
[2021-02-07T17:27:05.194+0300][7.506s][info][gc] GC(3) Concurrent strong roots 0.085ms
[2021-02-07T17:27:05.194+0300][7.506s][info][gc] GC(3) Concurrent evacuation 0.116ms
[2021-02-07T17:27:05.194+0300][7.506s][info][gc] GC(3) Pause Init Update Refs 0.008ms
[2021-02-07T17:27:05.229+0300][7.541s][info][gc] GC(3) Concurrent update references 34.766ms
[2021-02-07T17:27:05.229+0300][7.542s][info][gc] GC(3) Pause Final Update Refs 0.121ms
[2021-02-07T17:27:05.229+0300][7.542s][info][gc] GC(3) Concurrent cleanup 66M->65M(256M) 0.013ms
[2021-02-07T17:27:05.245+0300][7.557s][info][gc] Trigger: Learning 5 of 5. Free (176M) is below initial threshold (179M)
[2021-02-07T17:27:05.245+0300][7.557s][info][gc] GC(4) Concurrent reset 0.171ms
[2021-02-07T17:27:05.245+0300][7.557s][info][gc] GC(4) Pause Init Mark (unload classes) 0.117ms
[2021-02-07T17:27:05.333+0300][7.645s][info][gc] GC(4) Concurrent marking (unload classes) 87.607ms
[2021-02-07T17:27:05.334+0300][7.646s][info][gc] GC(4) Pause Final Mark (unload classes) 0.357ms
[2021-02-07T17:27:05.335+0300][7.647s][info][gc] GC(4) Concurrent weak roots 0.677ms
[2021-02-07T17:27:05.335+0300][7.647s][info][gc] GC(4) Concurrent cleanup 66M->66M(256M) 0.010ms
[2021-02-07T17:27:05.335+0300][7.648s][info][gc] GC(4) Concurrent class unloading 0.641ms
[2021-02-07T17:27:05.335+0300][7.648s][info][gc] GC(4) Concurrent strong roots 0.063ms
[2021-02-07T17:27:05.335+0300][7.648s][info][gc] GC(4) Concurrent evacuation 0.065ms
[2021-02-07T17:27:05.336+0300][7.648s][info][gc] GC(4) Pause Init Update Refs 0.008ms
[2021-02-07T17:27:05.371+0300][7.683s][info][gc] GC(4) Concurrent update references 34.674ms
[2021-02-07T17:27:05.371+0300][7.684s][info][gc] GC(4) Pause Final Update Refs 0.123ms
[2021-02-07T17:27:05.371+0300][7.684s][info][gc] GC(4) Concurrent cleanup 66M->65M(256M) 0.011ms
[2021-02-07T17:27:39.752+0300][42.063s][info][gc] Trigger: Free (26041K) is below minimum threshold (26214K)
[2021-02-07T17:27:39.752+0300][42.063s][info][gc] GC(5) Concurrent reset 0.137ms
[2021-02-07T17:27:39.753+0300][42.064s][info][gc] GC(5) Pause Init Mark (process weakrefs) (unload classes) 0.474ms
[2021-02-07T17:27:39.933+0300][42.244s][info][gc] GC(5) Concurrent marking (process weakrefs) (unload classes) 180.040ms
[2021-02-07T17:27:39.933+0300][42.244s][info][gc] GC(5) Concurrent precleaning 0.147ms
[2021-02-07T17:27:39.934+0300][42.246s][info][gc] GC(5) Pause Final Mark (process weakrefs) (unload classes) 0.469ms
[2021-02-07T17:27:39.936+0300][42.247s][info][gc] GC(5) Concurrent weak roots 1.316ms
[2021-02-07T17:27:39.936+0300][42.247s][info][gc] GC(5) Concurrent cleanup 217M->210M(256M) 0.011ms
[2021-02-07T17:27:39.937+0300][42.249s][info][gc] GC(5) Concurrent class unloading 1.313ms
[2021-02-07T17:27:39.937+0300][42.249s][info][gc] GC(5) Concurrent strong roots 0.186ms
[2021-02-07T17:27:39.943+0300][42.254s][info][gc] GC(5) Concurrent evacuation 5.460ms
[2021-02-07T17:27:39.943+0300][42.255s][info][gc] GC(5) Pause Init Update Refs 0.009ms
[2021-02-07T17:27:40.022+0300][42.333s][info][gc] GC(5) Concurrent update references 77.968ms
[2021-02-07T17:27:40.023+0300][42.334s][info][gc] GC(5) Pause Final Update Refs 0.137ms
[2021-02-07T17:27:40.023+0300][42.335s][info][gc] GC(5) Concurrent cleanup 216M->134M(256M) 0.027ms
[2021-02-07T17:28:07.631+0300][69.943s][info][gc] Trigger: Free (20899K) is below minimum threshold (26214K)
[2021-02-07T17:28:07.631+0300][69.943s][info][gc] GC(6) Concurrent reset 0.413ms
[2021-02-07T17:28:07.635+0300][69.946s][info][gc] GC(6) Pause Init Mark (unload classes) 0.152ms
[2021-02-07T17:28:07.874+0300][70.186s][info][gc] GC(6) Concurrent marking (unload classes) 239.309ms
[2021-02-07T17:28:07.876+0300][70.187s][info][gc] GC(6) Pause Final Mark (unload classes) 0.412ms
[2021-02-07T17:28:07.881+0300][70.192s][info][gc] GC(6) Concurrent weak roots 4.883ms
[2021-02-07T17:28:07.881+0300][70.192s][info][gc] GC(6) Concurrent cleanup 229M->228M(256M) 0.011ms
[2021-02-07T17:28:07.885+0300][70.196s][info][gc] GC(6) Concurrent class unloading 4.077ms
[2021-02-07T17:28:07.885+0300][70.196s][info][gc] GC(6) Concurrent strong roots 0.118ms
[2021-02-07T17:28:07.891+0300][70.202s][info][gc] GC(6) Concurrent evacuation 5.913ms
[2021-02-07T17:28:07.894+0300][70.205s][info][gc] GC(6) Pause Init Update Refs 0.009ms
[2021-02-07T17:28:07.995+0300][70.306s][info][gc] GC(6) Concurrent update references 100.957ms
[2021-02-07T17:28:07.996+0300][70.307s][info][gc] GC(6) Pause Final Update Refs 0.140ms
[2021-02-07T17:28:07.996+0300][70.307s][info][gc] GC(6) Concurrent cleanup 234M->187M(256M) 0.021ms
[2021-02-07T17:28:25.800+0300][88.111s][info][gc] Trigger: Free (26184K) is below minimum threshold (26214K)
[2021-02-07T17:28:25.803+0300][88.114s][info][gc] GC(7) Concurrent reset 2.902ms
[2021-02-07T17:28:25.803+0300][88.115s][info][gc] GC(7) Pause Init Mark (unload classes) 0.212ms
[2021-02-07T17:28:26.084+0300][88.396s][info][gc] GC(7) Concurrent marking (unload classes) 280.764ms
[2021-02-07T17:28:26.084+0300][88.396s][info][gc] GC(7) Pause Final Mark (unload classes) 0.243ms
[2021-02-07T17:28:26.088+0300][88.400s][info][gc] GC(7) Concurrent weak roots 3.370ms
[2021-02-07T17:28:26.088+0300][88.400s][info][gc] GC(7) Concurrent cleanup 217M->212M(256M) 0.011ms
[2021-02-07T17:28:26.092+0300][88.404s][info][gc] GC(7) Concurrent class unloading 4.036ms
[2021-02-07T17:28:26.092+0300][88.404s][info][gc] GC(7) Concurrent strong roots 0.083ms
[2021-02-07T17:28:26.097+0300][88.409s][info][gc] GC(7) Concurrent evacuation 5.112ms
[2021-02-07T17:28:26.100+0300][88.412s][info][gc] GC(7) Pause Init Update Refs 0.015ms
[2021-02-07T17:28:26.206+0300][88.518s][info][gc] GC(7) Concurrent update references 106.005ms
[2021-02-07T17:28:26.206+0300][88.519s][info][gc] GC(7) Pause Final Update Refs 0.117ms
[2021-02-07T17:28:26.207+0300][88.519s][info][gc] GC(7) Concurrent cleanup 217M->191M(256M) 0.024ms
[2021-02-07T17:28:36.374+0300][98.686s][info][gc] Trigger: Free (22784K) is below minimum threshold (26214K)
[2021-02-07T17:28:36.374+0300][98.686s][info][gc] GC(8) Concurrent reset 0.301ms
[2021-02-07T17:28:36.374+0300][98.686s][info][gc] GC(8) Pause Init Mark (unload classes) 0.146ms
[2021-02-07T17:28:36.675+0300][98.987s][info][gc] GC(8) Concurrent marking (unload classes) 300.317ms
[2021-02-07T17:28:36.678+0300][98.990s][info][gc] GC(8) Pause Final Mark (unload classes) 0.378ms
[2021-02-07T17:28:36.683+0300][98.994s][info][gc] GC(8) Concurrent weak roots 4.405ms
[2021-02-07T17:28:36.683+0300][98.994s][info][gc] GC(8) Concurrent cleanup 223M->222M(256M) 0.011ms
[2021-02-07T17:28:36.684+0300][98.996s][info][gc] GC(8) Concurrent class unloading 1.819ms
[2021-02-07T17:28:36.685+0300][98.996s][info][gc] GC(8) Concurrent strong roots 0.109ms
[2021-02-07T17:28:36.690+0300][99.002s][info][gc] GC(8) Concurrent evacuation 5.463ms
[2021-02-07T17:28:36.691+0300][99.003s][info][gc] GC(8) Pause Init Update Refs 0.008ms
[2021-02-07T17:28:36.814+0300][99.125s][info][gc] GC(8) Concurrent update references 122.605ms
[2021-02-07T17:28:36.815+0300][99.126s][info][gc] GC(8) Pause Final Update Refs 0.138ms
[2021-02-07T17:28:36.815+0300][99.126s][info][gc] GC(8) Concurrent cleanup 228M->210M(256M) 0.018ms
[2021-02-07T17:28:44.084+0300][106.395s][info][gc] Trigger: Free (22016K) is below minimum threshold (26214K)
[2021-02-07T17:28:44.084+0300][106.395s][info][gc] GC(9) Concurrent reset 0.309ms
[2021-02-07T17:28:44.084+0300][106.396s][info][gc] GC(9) Pause Init Mark (unload classes) 0.130ms
[2021-02-07T17:28:44.377+0300][106.688s][info][gc] GC(9) Concurrent marking (unload classes) 292.390ms
[2021-02-07T17:28:44.378+0300][106.689s][info][gc] GC(9) Pause Final Mark (unload classes) 0.415ms
[2021-02-07T17:28:44.383+0300][106.694s][info][gc] GC(9) Concurrent weak roots 4.734ms
[2021-02-07T17:28:44.383+0300][106.694s][info][gc] GC(9) Concurrent cleanup 227M->227M(256M) 0.011ms
[2021-02-07T17:28:44.387+0300][106.698s][info][gc] GC(9) Concurrent class unloading 4.106ms
[2021-02-07T17:28:44.387+0300][106.698s][info][gc] GC(9) Concurrent strong roots 0.107ms
[2021-02-07T17:28:44.393+0300][106.704s][info][gc] GC(9) Concurrent evacuation 5.885ms
[2021-02-07T17:28:44.396+0300][106.707s][info][gc] GC(9) Pause Init Update Refs 0.009ms
[2021-02-07T17:28:44.519+0300][106.831s][info][gc] GC(9) Concurrent update references 123.378ms
[2021-02-07T17:28:44.520+0300][106.831s][info][gc] GC(9) Pause Final Update Refs 0.114ms
[2021-02-07T17:28:44.520+0300][106.832s][info][gc] GC(9) Concurrent cleanup 232M->217M(256M) 0.016ms
[2021-02-07T17:28:46.818+0300][109.129s][info][gc] Trigger: Free (26159K) is below minimum threshold (26214K)
[2021-02-07T17:28:46.818+0300][109.129s][info][gc] GC(10) Concurrent reset 0.315ms
[2021-02-07T17:28:46.818+0300][109.130s][info][gc] GC(10) Pause Init Mark (process weakrefs) (unload classes) 0.149ms
[2021-02-07T17:28:47.126+0300][109.437s][info][gc] GC(10) Concurrent marking (process weakrefs) (unload classes) 307.267ms
[2021-02-07T17:28:47.126+0300][109.438s][info][gc] GC(10) Concurrent precleaning 0.171ms
[2021-02-07T17:28:47.130+0300][109.442s][info][gc] GC(10) Pause Final Mark (process weakrefs) (unload classes) 0.583ms
[2021-02-07T17:28:47.134+0300][109.445s][info][gc] GC(10) Concurrent weak roots 3.150ms
[2021-02-07T17:28:47.134+0300][109.445s][info][gc] GC(10) Concurrent cleanup 217M->217M(256M) 0.012ms
[2021-02-07T17:28:47.139+0300][109.450s][info][gc] GC(10) Concurrent class unloading 5.187ms
[2021-02-07T17:28:47.139+0300][109.450s][info][gc] GC(10) Concurrent strong roots 0.118ms
[2021-02-07T17:28:47.141+0300][109.453s][info][gc] GC(10) Concurrent evacuation 2.254ms
[2021-02-07T17:28:47.142+0300][109.453s][info][gc] GC(10) Pause Init Update Refs 0.009ms
[2021-02-07T17:28:47.261+0300][109.573s][info][gc] GC(10) Concurrent update references 119.400ms
[2021-02-07T17:28:47.264+0300][109.575s][info][gc] GC(10) Pause Final Update Refs 0.145ms
[2021-02-07T17:28:47.264+0300][109.576s][info][gc] GC(10) Concurrent cleanup 220M->214M(256M) 0.014ms
[2021-02-07T17:28:52.942+0300][115.253s][info][gc] Trigger: Free (24064K) is below minimum threshold (26214K)
[2021-02-07T17:28:52.942+0300][115.254s][info][gc] GC(11) Concurrent reset 0.305ms
[2021-02-07T17:28:52.942+0300][115.254s][info][gc] GC(11) Pause Init Mark (unload classes) 0.153ms
[2021-02-07T17:28:53.229+0300][115.540s][info][gc] GC(11) Concurrent marking (unload classes) 286.248ms
[2021-02-07T17:28:53.230+0300][115.542s][info][gc] GC(11) Pause Final Mark (unload classes) 0.423ms
[2021-02-07T17:28:53.236+0300][115.547s][info][gc] GC(11) Concurrent weak roots 5.485ms
[2021-02-07T17:28:53.236+0300][115.547s][info][gc] GC(11) Concurrent cleanup 232M->232M(256M) 0.010ms
[2021-02-07T17:28:53.240+0300][115.551s][info][gc] GC(11) Concurrent class unloading 4.069ms
[2021-02-07T17:28:53.240+0300][115.552s][info][gc] GC(11) Concurrent strong roots 0.190ms
[2021-02-07T17:28:53.248+0300][115.560s][info][gc] GC(11) Concurrent evacuation 7.959ms
[2021-02-07T17:28:53.248+0300][115.560s][info][gc] GC(11) Pause Init Update Refs 0.009ms
[2021-02-07T17:28:53.387+0300][115.698s][info][gc] GC(11) Concurrent update references 137.911ms
[2021-02-07T17:28:53.402+0300][115.713s][info][gc] GC(11) Pause Final Update Refs 0.083ms
[2021-02-07T17:28:53.402+0300][115.714s][info][gc] GC(11) Concurrent cleanup 240M->223M(256M) 0.020ms
[2021-02-07T17:28:53.418+0300][115.729s][info][gc] Trigger: Free (19610K) is below minimum threshold (26214K)
[2021-02-07T17:28:53.418+0300][115.730s][info][gc] GC(12) Concurrent reset 0.309ms
[2021-02-07T17:28:53.418+0300][115.730s][info][gc] GC(12) Pause Init Mark (unload classes) 0.131ms
[2021-02-07T17:28:53.724+0300][116.035s][info][gc] GC(12) Concurrent marking (unload classes) 305.208ms
[2021-02-07T17:28:53.732+0300][116.044s][info][gc] GC(12) Pause Final Mark (unload classes) 0.340ms
[2021-02-07T17:28:53.738+0300][116.049s][info][gc] GC(12) Concurrent weak roots 5.431ms
[2021-02-07T17:28:53.738+0300][116.049s][info][gc] GC(12) Concurrent cleanup 227M->227M(256M) 0.012ms
[2021-02-07T17:28:53.742+0300][116.053s][info][gc] GC(12) Concurrent class unloading 4.071ms
[2021-02-07T17:28:53.742+0300][116.054s][info][gc] GC(12) Concurrent strong roots 0.113ms
[2021-02-07T17:28:53.751+0300][116.062s][info][gc] GC(12) Concurrent evacuation 8.745ms
[2021-02-07T17:28:53.754+0300][116.065s][info][gc] GC(12) Pause Init Update Refs 0.011ms
[2021-02-07T17:28:53.885+0300][116.197s][info][gc] GC(12) Concurrent update references 131.325ms
[2021-02-07T17:28:53.888+0300][116.200s][info][gc] GC(12) Pause Final Update Refs 0.116ms
[2021-02-07T17:28:53.888+0300][116.200s][info][gc] GC(12) Concurrent cleanup 234M->223M(256M) 0.017ms
[2021-02-07T17:28:53.890+0300][116.201s][info][gc] Trigger: Free (20267K) is below minimum threshold (26214K)
[2021-02-07T17:28:53.890+0300][116.202s][info][gc] GC(13) Concurrent reset 0.324ms
[2021-02-07T17:28:53.890+0300][116.202s][info][gc] GC(13) Pause Init Mark (unload classes) 0.113ms
[2021-02-07T17:28:54.196+0300][116.508s][info][gc] GC(13) Concurrent marking (unload classes) 305.770ms
[2021-02-07T17:28:54.197+0300][116.509s][info][gc] GC(13) Pause Final Mark (unload classes) 0.427ms
[2021-02-07T17:28:54.204+0300][116.516s][info][gc] GC(13) Concurrent weak roots 6.454ms
[2021-02-07T17:28:54.204+0300][116.516s][info][gc] GC(13) Concurrent cleanup 226M->226M(256M) 0.010ms
[2021-02-07T17:28:54.208+0300][116.520s][info][gc] GC(13) Concurrent class unloading 4.078ms
[2021-02-07T17:28:54.208+0300][116.520s][info][gc] GC(13) Concurrent strong roots 0.126ms
[2021-02-07T17:28:54.217+0300][116.529s][info][gc] GC(13) Concurrent evacuation 9.017ms
[2021-02-07T17:28:54.218+0300][116.530s][info][gc] GC(13) Pause Init Update Refs 0.010ms
[2021-02-07T17:28:54.347+0300][116.659s][info][gc] GC(13) Concurrent update references 128.805ms
[2021-02-07T17:28:54.347+0300][116.659s][info][gc] GC(13) Pause Final Update Refs 0.112ms
[2021-02-07T17:28:54.348+0300][116.659s][info][gc] GC(13) Concurrent cleanup 233M->223M(256M) 0.014ms
[2021-02-07T17:28:54.350+0300][116.661s][info][gc] Trigger: Free (20378K) is below minimum threshold (26214K)
[2021-02-07T17:28:54.350+0300][116.662s][info][gc] GC(14) Concurrent reset 0.356ms
[2021-02-07T17:28:54.350+0300][116.662s][info][gc] GC(14) Pause Init Mark (unload classes) 0.151ms
[2021-02-07T17:28:54.655+0300][116.966s][info][gc] GC(14) Concurrent marking (unload classes) 304.093ms
[2021-02-07T17:28:54.658+0300][116.970s][info][gc] GC(14) Pause Final Mark (unload classes) 0.437ms
[2021-02-07T17:28:54.671+0300][116.982s][info][gc] GC(14) Concurrent weak roots 12.275ms
[2021-02-07T17:28:54.671+0300][116.983s][info][gc] GC(14) Concurrent cleanup 226M->226M(256M) 0.015ms
[2021-02-07T17:28:54.687+0300][116.999s][info][gc] GC(14) Concurrent class unloading 16.146ms
[2021-02-07T17:28:54.687+0300][116.999s][info][gc] GC(14) Concurrent strong roots 0.118ms
[2021-02-07T17:28:54.694+0300][117.006s][info][gc] GC(14) Concurrent evacuation 7.392ms
[2021-02-07T17:28:54.703+0300][117.015s][info][gc] GC(14) Pause Init Update Refs 0.014ms
[2021-02-07T17:28:54.837+0300][117.149s][info][gc] GC(14) Concurrent update references 134.608ms
[2021-02-07T17:28:54.838+0300][117.150s][info][gc] GC(14) Pause Final Update Refs 0.138ms
[2021-02-07T17:28:54.838+0300][117.150s][info][gc] GC(14) Concurrent cleanup 233M->223M(256M) 0.016ms
[2021-02-07T17:28:54.840+0300][117.152s][info][gc] Trigger: Free (20264K) is below minimum threshold (26214K)
[2021-02-07T17:28:54.840+0300][117.152s][info][gc] GC(15) Concurrent reset 0.317ms
[2021-02-07T17:28:54.840+0300][117.152s][info][gc] GC(15) Pause Init Mark (process weakrefs) (unload classes) 0.152ms
[2021-02-07T17:28:55.147+0300][117.458s][info][gc] GC(15) Concurrent marking (process weakrefs) (unload classes) 306.117ms
[2021-02-07T17:28:55.147+0300][117.459s][info][gc] GC(15) Concurrent precleaning 0.142ms
[2021-02-07T17:28:55.151+0300][117.463s][info][gc] GC(15) Pause Final Mark (process weakrefs) (unload classes) 0.344ms
[2021-02-07T17:28:55.157+0300][117.468s][info][gc] GC(15) Concurrent weak roots 5.442ms
[2021-02-07T17:28:55.157+0300][117.468s][info][gc] GC(15) Concurrent cleanup 227M->227M(256M) 0.010ms
[2021-02-07T17:28:55.160+0300][117.472s][info][gc] GC(15) Concurrent class unloading 3.293ms
[2021-02-07T17:28:55.160+0300][117.472s][info][gc] GC(15) Concurrent strong roots 0.098ms
[2021-02-07T17:28:55.167+0300][117.479s][info][gc] GC(15) Concurrent evacuation 6.828ms
[2021-02-07T17:28:55.170+0300][117.482s][info][gc] GC(15) Pause Init Update Refs 0.009ms
[2021-02-07T17:28:55.299+0300][117.611s][info][gc] GC(15) Concurrent update references 129.299ms
[2021-02-07T17:28:55.300+0300][117.612s][info][gc] GC(15) Pause Final Update Refs 0.102ms
[2021-02-07T17:28:55.300+0300][117.612s][info][gc] GC(15) Concurrent cleanup 234M->223M(256M) 0.020ms
[2021-02-07T17:28:55.302+0300][117.613s][info][gc] Trigger: Free (20378K) is below minimum threshold (26214K)
[2021-02-07T17:28:55.302+0300][117.614s][info][gc] GC(16) Concurrent reset 0.316ms
[2021-02-07T17:28:55.302+0300][117.614s][info][gc] GC(16) Pause Init Mark (unload classes) 0.123ms
[2021-02-07T17:28:55.622+0300][117.934s][info][gc] GC(16) Concurrent marking (unload classes) 319.659ms
[2021-02-07T17:28:55.625+0300][117.937s][info][gc] GC(16) Pause Final Mark (unload classes) 0.426ms
[2021-02-07T17:28:55.631+0300][117.942s][info][gc] GC(16) Concurrent weak roots 5.431ms
[2021-02-07T17:28:55.631+0300][117.943s][info][gc] GC(16) Concurrent cleanup 226M->226M(256M) 0.014ms
[2021-02-07T17:28:55.635+0300][117.947s][info][gc] GC(16) Concurrent class unloading 4.092ms
[2021-02-07T17:28:55.635+0300][117.947s][info][gc] GC(16) Concurrent strong roots 0.133ms
[2021-02-07T17:28:55.642+0300][117.954s][info][gc] GC(16) Concurrent evacuation 7.068ms
[2021-02-07T17:28:55.643+0300][117.955s][info][gc] GC(16) Pause Init Update Refs 0.009ms
[2021-02-07T17:28:55.781+0300][118.093s][info][gc] GC(16) Concurrent update references 137.447ms
[2021-02-07T17:28:55.784+0300][118.096s][info][gc] GC(16) Pause Final Update Refs 0.117ms
[2021-02-07T17:28:55.784+0300][118.096s][info][gc] GC(16) Concurrent cleanup 234M->223M(256M) 0.018ms
[2021-02-07T17:28:55.786+0300][118.098s][info][gc] Trigger: Free (20342K) is below minimum threshold (26214K)
[2021-02-07T17:28:55.786+0300][118.098s][info][gc] GC(17) Concurrent reset 0.313ms
[2021-02-07T17:28:55.786+0300][118.098s][info][gc] GC(17) Pause Init Mark (unload classes) 0.093ms
[2021-02-07T17:28:56.112+0300][118.424s][info][gc] GC(17) Concurrent marking (unload classes) 325.036ms
[2021-02-07T17:28:56.112+0300][118.424s][info][gc] GC(17) Pause Final Mark (unload classes) 0.421ms
[2021-02-07T17:28:56.118+0300][118.429s][info][gc] GC(17) Concurrent weak roots 5.150ms
[2021-02-07T17:28:56.118+0300][118.429s][info][gc] GC(17) Concurrent cleanup 226M->226M(256M) 0.010ms
[2021-02-07T17:28:56.122+0300][118.434s][info][gc] GC(17) Concurrent class unloading 4.037ms
[2021-02-07T17:28:56.122+0300][118.434s][info][gc] GC(17) Concurrent strong roots 0.094ms
[2021-02-07T17:28:56.129+0300][118.440s][info][gc] GC(17) Concurrent evacuation 6.757ms
[2021-02-07T17:28:56.132+0300][118.444s][info][gc] GC(17) Pause Init Update Refs 0.010ms
[2021-02-07T17:28:56.268+0300][118.580s][info][gc] GC(17) Concurrent update references 136.489ms
[2021-02-07T17:28:56.270+0300][118.581s][info][gc] GC(17) Pause Final Update Refs 0.139ms
[2021-02-07T17:28:56.270+0300][118.582s][info][gc] GC(17) Concurrent cleanup 234M->223M(256M) 0.015ms
[2021-02-07T17:28:56.272+0300][118.583s][info][gc] Trigger: Free (20378K) is below minimum threshold (26214K)
[2021-02-07T17:28:56.272+0300][118.584s][info][gc] GC(18) Concurrent reset 0.303ms
[2021-02-07T17:28:56.272+0300][118.584s][info][gc] GC(18) Pause Init Mark (unload classes) 0.141ms
[2021-02-07T17:28:56.591+0300][118.903s][info][gc] GC(18) Concurrent marking (unload classes) 318.459ms
[2021-02-07T17:28:56.594+0300][118.906s][info][gc] GC(18) Pause Final Mark (unload classes) 0.435ms
[2021-02-07T17:28:56.600+0300][118.911s][info][gc] GC(18) Concurrent weak roots 5.348ms
[2021-02-07T17:28:56.600+0300][118.912s][info][gc] GC(18) Concurrent cleanup 226M->226M(256M) 0.010ms
[2021-02-07T17:28:56.604+0300][118.916s][info][gc] GC(18) Concurrent class unloading 4.050ms
[2021-02-07T17:28:56.604+0300][118.916s][info][gc] GC(18) Concurrent strong roots 0.118ms
[2021-02-07T17:28:56.611+0300][118.923s][info][gc] GC(18) Concurrent evacuation 7.087ms
[2021-02-07T17:28:56.612+0300][118.924s][info][gc] GC(18) Pause Init Update Refs 0.009ms
[2021-02-07T17:28:56.744+0300][119.056s][info][gc] GC(18) Concurrent update references 132.258ms
[2021-02-07T17:28:56.746+0300][119.058s][info][gc] GC(18) Pause Final Update Refs 0.079ms
[2021-02-07T17:28:56.746+0300][119.058s][info][gc] GC(18) Concurrent cleanup 233M->222M(256M) 0.019ms
[2021-02-07T17:28:56.748+0300][119.059s][info][gc] Trigger: Free (20606K) is below minimum threshold (26214K)
[2021-02-07T17:28:56.748+0300][119.060s][info][gc] GC(19) Concurrent reset 0.309ms
[2021-02-07T17:28:56.748+0300][119.060s][info][gc] GC(19) Pause Init Mark (unload classes) 0.157ms
[2021-02-07T17:28:57.057+0300][119.369s][info][gc] GC(19) Concurrent marking (unload classes) 308.759ms
[2021-02-07T17:28:57.067+0300][119.379s][info][gc] GC(19) Pause Final Mark (unload classes) 0.363ms
[2021-02-07T17:28:57.073+0300][119.384s][info][gc] GC(19) Concurrent weak roots 5.366ms
[2021-02-07T17:28:57.073+0300][119.384s][info][gc] GC(19) Concurrent cleanup 226M->226M(256M) 0.009ms
[2021-02-07T17:28:57.077+0300][119.389s][info][gc] GC(19) Concurrent class unloading 4.044ms
[2021-02-07T17:28:57.077+0300][119.389s][info][gc] GC(19) Concurrent strong roots 0.083ms
[2021-02-07T17:28:57.084+0300][119.396s][info][gc] GC(19) Concurrent evacuation 6.842ms
[2021-02-07T17:28:57.087+0300][119.399s][info][gc] GC(19) Pause Init Update Refs 0.009ms
[2021-02-07T17:28:57.223+0300][119.535s][info][gc] GC(19) Concurrent update references 135.937ms
[2021-02-07T17:28:57.226+0300][119.538s][info][gc] GC(19) Pause Final Update Refs 0.139ms
[2021-02-07T17:28:57.226+0300][119.538s][info][gc] GC(19) Concurrent cleanup 233M->223M(256M) 0.015ms
[2021-02-07T17:28:57.228+0300][119.539s][info][gc] Trigger: Free (20383K) is below minimum threshold (26214K)
[2021-02-07T17:28:57.228+0300][119.540s][info][gc] GC(20) Concurrent reset 0.286ms
[2021-02-07T17:28:57.228+0300][119.540s][info][gc] GC(20) Pause Init Mark (process weakrefs) (unload classes) 0.148ms
[2021-02-07T17:28:57.534+0300][119.846s][info][gc] GC(20) Concurrent marking (process weakrefs) (unload classes) 305.505ms
[2021-02-07T17:28:57.534+0300][119.846s][info][gc] GC(20) Concurrent precleaning 0.142ms
[2021-02-07T17:28:57.543+0300][119.855s][info][gc] GC(20) Pause Final Mark (process weakrefs) (unload classes) 0.329ms
[2021-02-07T17:28:57.549+0300][119.860s][info][gc] GC(20) Concurrent weak roots 5.366ms
[2021-02-07T17:28:57.549+0300][119.861s][info][gc] GC(20) Concurrent cleanup 226M->226M(256M) 0.013ms
[2021-02-07T17:28:57.553+0300][119.865s][info][gc] GC(20) Concurrent class unloading 4.112ms
[2021-02-07T17:28:57.553+0300][119.865s][info][gc] GC(20) Concurrent strong roots 0.092ms
[2021-02-07T17:28:57.560+0300][119.872s][info][gc] GC(20) Concurrent evacuation 7.069ms
[2021-02-07T17:28:57.561+0300][119.873s][info][gc] GC(20) Pause Init Update Refs 0.009ms
[2021-02-07T17:28:57.693+0300][120.005s][info][gc] GC(20) Concurrent update references 131.701ms
[2021-02-07T17:28:57.693+0300][120.005s][info][gc] GC(20) Pause Final Update Refs 0.142ms
[2021-02-07T17:28:57.693+0300][120.005s][info][gc] GC(20) Concurrent cleanup 233M->222M(256M) 0.016ms
[2021-02-07T17:28:57.695+0300][120.006s][info][gc] Trigger: Free (20639K) is below minimum threshold (26214K)
[2021-02-07T17:28:57.695+0300][120.007s][info][gc] GC(21) Concurrent reset 0.314ms
[2021-02-07T17:28:57.695+0300][120.007s][info][gc] GC(21) Pause Init Mark (unload classes) 0.148ms
[2021-02-07T17:28:58.020+0300][120.332s][info][gc] GC(21) Concurrent marking (unload classes) 324.524ms
[2021-02-07T17:28:58.023+0300][120.335s][info][gc] GC(21) Pause Final Mark (unload classes) 0.452ms
[2021-02-07T17:28:58.029+0300][120.340s][info][gc] GC(21) Concurrent weak roots 5.299ms
[2021-02-07T17:28:58.029+0300][120.341s][info][gc] GC(21) Concurrent cleanup 226M->226M(256M) 0.010ms
[2021-02-07T17:28:58.033+0300][120.345s][info][gc] GC(21) Concurrent class unloading 4.084ms
[2021-02-07T17:28:58.033+0300][120.345s][info][gc] GC(21) Concurrent strong roots 0.128ms
[2021-02-07T17:28:58.040+0300][120.352s][info][gc] GC(21) Concurrent evacuation 6.852ms
[2021-02-07T17:28:58.041+0300][120.353s][info][gc] GC(21) Pause Init Update Refs 0.009ms
[2021-02-07T17:28:58.172+0300][120.484s][info][gc] GC(21) Concurrent update references 130.771ms
[2021-02-07T17:28:58.175+0300][120.487s][info][gc] GC(21) Pause Final Update Refs 0.135ms
[2021-02-07T17:28:58.175+0300][120.487s][info][gc] GC(21) Concurrent cleanup 233M->223M(256M) 0.018ms
[2021-02-07T17:28:58.177+0300][120.488s][info][gc] Trigger: Free (20383K) is below minimum threshold (26214K)
[2021-02-07T17:28:58.177+0300][120.489s][info][gc] GC(22) Concurrent reset 0.314ms
[2021-02-07T17:28:58.177+0300][120.489s][info][gc] GC(22) Pause Init Mark (unload classes) 0.149ms
[2021-02-07T17:28:58.499+0300][120.810s][info][gc] GC(22) Concurrent marking (unload classes) 321.078ms
[2021-02-07T17:28:58.502+0300][120.814s][info][gc] GC(22) Pause Final Mark (unload classes) 0.477ms
[2021-02-07T17:28:58.508+0300][120.819s][info][gc] GC(22) Concurrent weak roots 5.343ms
[2021-02-07T17:28:58.508+0300][120.820s][info][gc] GC(22) Concurrent cleanup 226M->226M(256M) 0.010ms
[2021-02-07T17:28:58.512+0300][120.824s][info][gc] GC(22) Concurrent class unloading 4.071ms
[2021-02-07T17:28:58.512+0300][120.824s][info][gc] GC(22) Concurrent strong roots 0.117ms
[2021-02-07T17:28:58.519+0300][120.831s][info][gc] GC(22) Concurrent evacuation 7.102ms
[2021-02-07T17:28:58.522+0300][120.834s][info][gc] GC(22) Pause Init Update Refs 0.011ms
[2021-02-07T17:28:58.652+0300][120.964s][info][gc] GC(22) Concurrent update references 130.562ms
[2021-02-07T17:28:58.655+0300][120.967s][info][gc] GC(22) Pause Final Update Refs 0.148ms
[2021-02-07T17:28:58.655+0300][120.967s][info][gc] GC(22) Concurrent cleanup 234M->223M(256M) 0.018ms
[2021-02-07T17:28:58.657+0300][120.969s][info][gc] Trigger: Free (20383K) is below minimum threshold (26214K)
[2021-02-07T17:28:58.657+0300][120.969s][info][gc] GC(23) Concurrent reset 0.317ms
[2021-02-07T17:28:58.658+0300][120.970s][info][gc] GC(23) Pause Init Mark (unload classes) 0.152ms
[2021-02-07T17:28:58.965+0300][121.278s][info][gc] GC(23) Concurrent marking (unload classes) 307.672ms
[2021-02-07T17:28:58.969+0300][121.281s][info][gc] GC(23) Pause Final Mark (unload classes) 0.223ms
[2021-02-07T17:28:58.977+0300][121.289s][info][gc] GC(23) Concurrent weak roots 7.688ms
[2021-02-07T17:28:58.977+0300][121.289s][info][gc] GC(23) Concurrent cleanup 226M->226M(256M) 0.015ms
[2021-02-07T17:28:58.992+0300][121.304s][info][gc] GC(23) Concurrent class unloading 15.166ms
[2021-02-07T17:28:58.992+0300][121.304s][info][gc] GC(23) Concurrent strong roots 0.128ms
[2021-02-07T17:28:58.999+0300][121.311s][info][gc] GC(23) Concurrent evacuation 7.280ms
[2021-02-07T17:28:59.007+0300][121.319s][info][gc] GC(23) Pause Init Update Refs 0.014ms
[2021-02-07T17:28:59.138+0300][121.450s][info][gc] GC(23) Concurrent update references 131.441ms
[2021-02-07T17:28:59.141+0300][121.453s][info][gc] GC(23) Pause Final Update Refs 0.111ms
[2021-02-07T17:28:59.141+0300][121.453s][info][gc] GC(23) Concurrent cleanup 233M->223M(256M) 0.016ms
[2021-02-07T17:28:59.143+0300][121.455s][info][gc] Trigger: Free (20383K) is below minimum threshold (26214K)
[2021-02-07T17:28:59.143+0300][121.455s][info][gc] GC(24) Concurrent reset 0.310ms
[2021-02-07T17:28:59.143+0300][121.455s][info][gc] GC(24) Pause Init Mark (unload classes) 0.117ms
[2021-02-07T17:28:59.452+0300][121.765s][info][gc] GC(24) Concurrent marking (unload classes) 309.095ms
[2021-02-07T17:28:59.454+0300][121.766s][info][gc] GC(24) Pause Final Mark (unload classes) 0.433ms
[2021-02-07T17:28:59.459+0300][121.771s][info][gc] GC(24) Concurrent weak roots 4.473ms
[2021-02-07T17:28:59.459+0300][121.771s][info][gc] GC(24) Concurrent cleanup 226M->226M(256M) 0.010ms
[2021-02-07T17:28:59.460+0300][121.772s][info][gc] GC(24) Concurrent class unloading 1.561ms
[2021-02-07T17:28:59.460+0300][121.772s][info][gc] GC(24) Concurrent strong roots 0.084ms
[2021-02-07T17:28:59.468+0300][121.780s][info][gc] GC(24) Concurrent evacuation 7.520ms
[2021-02-07T17:28:59.471+0300][121.783s][info][gc] GC(24) Pause Init Update Refs 0.009ms
[2021-02-07T17:28:59.606+0300][121.918s][info][gc] GC(24) Concurrent update references 135.328ms
[2021-02-07T17:28:59.609+0300][121.921s][info][gc] GC(24) Pause Final Update Refs 0.075ms
[2021-02-07T17:28:59.609+0300][121.921s][info][gc] GC(24) Concurrent cleanup 234M->223M(256M) 0.019ms
[2021-02-07T17:28:59.611+0300][121.923s][info][gc] Trigger: Free (20383K) is below minimum threshold (26214K)
[2021-02-07T17:28:59.611+0300][121.923s][info][gc] GC(25) Concurrent reset 0.313ms
[2021-02-07T17:28:59.611+0300][121.923s][info][gc] GC(25) Pause Init Mark (process weakrefs) (unload classes) 0.148ms
[2021-02-07T17:28:59.923+0300][122.235s][info][gc] GC(25) Concurrent marking (process weakrefs) (unload classes) 311.851ms
[2021-02-07T17:28:59.923+0300][122.236s][info][gc] GC(25) Concurrent precleaning 0.115ms
[2021-02-07T17:28:59.924+0300][122.237s][info][gc] GC(25) Pause Final Mark (process weakrefs) (unload classes) 0.453ms
[2021-02-07T17:28:59.930+0300][122.242s][info][gc] GC(25) Concurrent weak roots 5.025ms
[2021-02-07T17:28:59.930+0300][122.242s][info][gc] GC(25) Concurrent cleanup 226M->226M(256M) 0.010ms
[2021-02-07T17:28:59.934+0300][122.246s][info][gc] GC(25) Concurrent class unloading 4.048ms
[2021-02-07T17:28:59.934+0300][122.246s][info][gc] GC(25) Concurrent strong roots 0.088ms
[2021-02-07T17:28:59.941+0300][122.253s][info][gc] GC(25) Concurrent evacuation 6.897ms
[2021-02-07T17:28:59.944+0300][122.256s][info][gc] GC(25) Pause Init Update Refs 0.009ms
[2021-02-07T17:29:00.075+0300][122.387s][info][gc] GC(25) Concurrent update references 131.354ms
[2021-02-07T17:29:00.078+0300][122.390s][info][gc] GC(25) Pause Final Update Refs 0.133ms
[2021-02-07T17:29:00.078+0300][122.390s][info][gc] GC(25) Concurrent cleanup 233M->223M(256M) 0.015ms
[2021-02-07T17:29:00.080+0300][122.392s][info][gc] Trigger: Free (20383K) is below minimum threshold (26214K)
[2021-02-07T17:29:00.080+0300][122.392s][info][gc] GC(26) Concurrent reset 0.282ms
[2021-02-07T17:29:00.080+0300][122.392s][info][gc] GC(26) Pause Init Mark (unload classes) 0.149ms
[2021-02-07T17:29:00.400+0300][122.712s][info][gc] GC(26) Concurrent marking (unload classes) 319.569ms
[2021-02-07T17:29:00.403+0300][122.715s][info][gc] GC(26) Pause Final Mark (unload classes) 0.432ms
[2021-02-07T17:29:00.409+0300][122.721s][info][gc] GC(26) Concurrent weak roots 5.390ms
[2021-02-07T17:29:00.409+0300][122.721s][info][gc] GC(26) Concurrent cleanup 226M->226M(256M) 0.009ms
[2021-02-07T17:29:00.413+0300][122.725s][info][gc] GC(26) Concurrent class unloading 4.064ms
[2021-02-07T17:29:00.413+0300][122.725s][info][gc] GC(26) Concurrent strong roots 0.085ms
[2021-02-07T17:29:00.420+0300][122.732s][info][gc] GC(26) Concurrent evacuation 7.037ms
[2021-02-07T17:29:00.421+0300][122.733s][info][gc] GC(26) Pause Init Update Refs 0.009ms
[2021-02-07T17:29:00.554+0300][122.866s][info][gc] GC(26) Concurrent update references 133.290ms
[2021-02-07T17:29:00.555+0300][122.867s][info][gc] GC(26) Pause Final Update Refs 0.136ms
[2021-02-07T17:29:00.555+0300][122.867s][info][gc] GC(26) Concurrent cleanup 233M->222M(256M) 0.015ms
[2021-02-07T17:29:00.557+0300][122.869s][info][gc] Trigger: Free (20639K) is below minimum threshold (26214K)
[2021-02-07T17:29:00.557+0300][122.869s][info][gc] GC(27) Concurrent reset 0.285ms
[2021-02-07T17:29:00.557+0300][122.869s][info][gc] GC(27) Pause Init Mark (unload classes) 0.139ms
[2021-02-07T17:29:00.887+0300][123.199s][info][gc] GC(27) Concurrent marking (unload classes) 329.303ms
[2021-02-07T17:29:00.891+0300][123.203s][info][gc] GC(27) Pause Final Mark (unload classes) 0.438ms
[2021-02-07T17:29:00.897+0300][123.209s][info][gc] GC(27) Concurrent weak roots 5.301ms
[2021-02-07T17:29:00.897+0300][123.209s][info][gc] GC(27) Concurrent cleanup 226M->226M(256M) 0.010ms
[2021-02-07T17:29:00.901+0300][123.213s][info][gc] GC(27) Concurrent class unloading 4.091ms
[2021-02-07T17:29:00.901+0300][123.213s][info][gc] GC(27) Concurrent strong roots 0.123ms
[2021-02-07T17:29:00.908+0300][123.220s][info][gc] GC(27) Concurrent evacuation 6.956ms
[2021-02-07T17:29:00.909+0300][123.221s][info][gc] GC(27) Pause Init Update Refs 0.009ms
[2021-02-07T17:29:01.043+0300][123.355s][info][gc] GC(27) Concurrent update references 133.501ms
[2021-02-07T17:29:01.049+0300][123.361s][info][gc] GC(27) Pause Final Update Refs 0.143ms
[2021-02-07T17:29:01.049+0300][123.361s][info][gc] GC(27) Concurrent cleanup 233M->223M(256M) 0.017ms
[2021-02-07T17:29:01.064+0300][123.376s][info][gc] Trigger: Free (20383K) is below minimum threshold (26214K)
[2021-02-07T17:29:01.064+0300][123.376s][info][gc] GC(28) Concurrent reset 0.400ms
[2021-02-07T17:29:01.065+0300][123.377s][info][gc] GC(28) Pause Init Mark (unload classes) 0.163ms
[2021-02-07T17:29:01.387+0300][123.699s][info][gc] GC(28) Concurrent marking (unload classes) 321.893ms
[2021-02-07T17:29:01.390+0300][123.702s][info][gc] GC(28) Pause Final Mark (unload classes) 0.418ms
[2021-02-07T17:29:01.396+0300][123.708s][info][gc] GC(28) Concurrent weak roots 5.332ms
[2021-02-07T17:29:01.396+0300][123.708s][info][gc] GC(28) Concurrent cleanup 226M->226M(256M) 0.010ms
[2021-02-07T17:29:01.400+0300][123.712s][info][gc] GC(28) Concurrent class unloading 4.108ms
[2021-02-07T17:29:01.400+0300][123.712s][info][gc] GC(28) Concurrent strong roots 0.122ms
[2021-02-07T17:29:01.407+0300][123.719s][info][gc] GC(28) Concurrent evacuation 7.167ms
[2021-02-07T17:29:01.408+0300][123.720s][info][gc] GC(28) Pause Init Update Refs 0.009ms
[2021-02-07T17:29:01.542+0300][123.854s][info][gc] GC(28) Concurrent update references 133.960ms
[2021-02-07T17:29:01.543+0300][123.855s][info][gc] GC(28) Pause Final Update Refs 0.116ms
[2021-02-07T17:29:01.543+0300][123.855s][info][gc] GC(28) Concurrent cleanup 234M->223M(256M) 0.016ms
[2021-02-07T17:29:01.558+0300][123.870s][info][gc] Trigger: Free (20383K) is below minimum threshold (26214K)
[2021-02-07T17:29:01.558+0300][123.870s][info][gc] GC(29) Concurrent reset 0.336ms
[2021-02-07T17:29:01.558+0300][123.870s][info][gc] GC(29) Pause Init Mark (unload classes) 0.150ms
[2021-02-07T17:29:01.869+0300][124.181s][info][gc] GC(29) Concurrent marking (unload classes) 310.897ms
[2021-02-07T17:29:01.872+0300][124.184s][info][gc] GC(29) Pause Final Mark (unload classes) 0.429ms
[2021-02-07T17:29:01.878+0300][124.190s][info][gc] GC(29) Concurrent weak roots 5.303ms
[2021-02-07T17:29:01.878+0300][124.190s][info][gc] GC(29) Concurrent cleanup 226M->226M(256M) 0.012ms
[2021-02-07T17:29:01.882+0300][124.194s][info][gc] GC(29) Concurrent class unloading 3.950ms
[2021-02-07T17:29:01.882+0300][124.194s][info][gc] GC(29) Concurrent strong roots 0.125ms
[2021-02-07T17:29:01.889+0300][124.201s][info][gc] GC(29) Concurrent evacuation 7.204ms
[2021-02-07T17:29:01.890+0300][124.202s][info][gc] GC(29) Pause Init Update Refs 0.009ms
[2021-02-07T17:29:02.024+0300][124.336s][info][gc] GC(29) Concurrent update references 134.054ms
[2021-02-07T17:29:02.027+0300][124.339s][info][gc] GC(29) Pause Final Update Refs 0.134ms
[2021-02-07T17:29:02.027+0300][124.339s][info][gc] GC(29) Concurrent cleanup 233M->222M(256M) 0.017ms
[2021-02-07T17:29:02.030+0300][124.341s][info][gc] Trigger: Free (20639K) is below minimum threshold (26214K)
[2021-02-07T17:29:02.030+0300][124.341s][info][gc] GC(30) Concurrent reset 0.313ms
[2021-02-07T17:29:02.030+0300][124.342s][info][gc] GC(30) Pause Init Mark (process weakrefs) (unload classes) 0.139ms
[2021-02-07T17:29:02.335+0300][124.646s][info][gc] GC(30) Concurrent marking (process weakrefs) (unload classes) 304.092ms
[2021-02-07T17:29:02.335+0300][124.646s][info][gc] GC(30) Concurrent precleaning 0.160ms
[2021-02-07T17:29:02.338+0300][124.650s][info][gc] GC(30) Pause Final Mark (process weakrefs) (unload classes) 0.433ms
[2021-02-07T17:29:02.350+0300][124.661s][info][gc] GC(30) Concurrent weak roots 11.288ms
[2021-02-07T17:29:02.350+0300][124.661s][info][gc] GC(30) Concurrent cleanup 226M->226M(256M) 0.018ms
[2021-02-07T17:29:02.350+0300][124.663s][info][gc] GC(30) Concurrent class unloading 1.620ms
[2021-02-07T17:29:02.350+0300][124.663s][info][gc] GC(30) Concurrent strong roots 0.089ms
[2021-02-07T17:29:02.358+0300][124.670s][info][gc] GC(30) Concurrent evacuation 7.042ms
[2021-02-07T17:29:02.365+0300][124.676s][info][gc] GC(30) Pause Init Update Refs 0.011ms
[2021-02-07T17:29:02.501+0300][124.812s][info][gc] GC(30) Concurrent update references 135.918ms
[2021-02-07T17:29:02.501+0300][124.813s][info][gc] GC(30) Pause Final Update Refs 0.141ms
[2021-02-07T17:29:02.501+0300][124.813s][info][gc] GC(30) Concurrent cleanup 233M->222M(256M) 0.016ms
[2021-02-07T17:29:02.503+0300][124.814s][info][gc] Trigger: Free (20639K) is below minimum threshold (26214K)
[2021-02-07T17:29:02.503+0300][124.814s][info][gc] GC(31) Concurrent reset 0.314ms
[2021-02-07T17:29:02.503+0300][124.815s][info][gc] GC(31) Pause Init Mark (unload classes) 0.150ms
[2021-02-07T17:29:02.809+0300][125.120s][info][gc] GC(31) Concurrent marking (unload classes) 305.156ms
[2021-02-07T17:29:02.812+0300][125.124s][info][gc] GC(31) Pause Final Mark (unload classes) 0.433ms
[2021-02-07T17:29:02.818+0300][125.129s][info][gc] GC(31) Concurrent weak roots 5.287ms
[2021-02-07T17:29:02.818+0300][125.129s][info][gc] GC(31) Concurrent cleanup 226M->226M(256M) 0.010ms
[2021-02-07T17:29:02.822+0300][125.133s][info][gc] GC(31) Concurrent class unloading 4.089ms
[2021-02-07T17:29:02.822+0300][125.133s][info][gc] GC(31) Concurrent strong roots 0.124ms
[2021-02-07T17:29:02.829+0300][125.140s][info][gc] GC(31) Concurrent evacuation 7.059ms
[2021-02-07T17:29:02.830+0300][125.141s][info][gc] GC(31) Pause Init Update Refs 0.009ms
[2021-02-07T17:29:02.963+0300][125.275s][info][gc] GC(31) Concurrent update references 133.929ms
[2021-02-07T17:29:02.963+0300][125.276s][info][gc] GC(31) Pause Final Update Refs 0.130ms
[2021-02-07T17:29:02.964+0300][125.276s][info][gc] GC(31) Concurrent cleanup 233M->222M(256M) 0.022ms
[2021-02-07T17:29:02.967+0300][125.278s][info][gc] Trigger: Free (20538K) is below minimum threshold (26214K)
[2021-02-07T17:29:02.967+0300][125.278s][info][gc] GC(32) Concurrent reset 0.314ms
[2021-02-07T17:29:02.967+0300][125.279s][info][gc] GC(32) Pause Init Mark (unload classes) 0.127ms
[2021-02-07T17:29:03.274+0300][125.585s][info][gc] GC(32) Concurrent marking (unload classes) 306.486ms
[2021-02-07T17:29:03.277+0300][125.589s][info][gc] GC(32) Pause Final Mark (unload classes) 0.429ms
[2021-02-07T17:29:03.282+0300][125.594s][info][gc] GC(32) Concurrent weak roots 5.258ms
[2021-02-07T17:29:03.282+0300][125.594s][info][gc] GC(32) Concurrent cleanup 225M->225M(256M) 0.011ms
[2021-02-07T17:29:03.287+0300][125.598s][info][gc] GC(32) Concurrent class unloading 4.103ms
[2021-02-07T17:29:03.287+0300][125.598s][info][gc] GC(32) Concurrent strong roots 0.121ms
[2021-02-07T17:29:03.294+0300][125.605s][info][gc] GC(32) Concurrent evacuation 7.195ms
[2021-02-07T17:29:03.294+0300][125.606s][info][gc] GC(32) Pause Init Update Refs 0.009ms
[2021-02-07T17:29:03.429+0300][125.741s][info][gc] GC(32) Concurrent update references 134.409ms
[2021-02-07T17:29:03.432+0300][125.743s][info][gc] GC(32) Pause Final Update Refs 0.121ms
[2021-02-07T17:29:03.432+0300][125.743s][info][gc] GC(32) Concurrent cleanup 233M->222M(256M) 0.017ms
[2021-02-07T17:29:03.434+0300][125.745s][info][gc] Trigger: Free (20639K) is below minimum threshold (26214K)
[2021-02-07T17:29:03.434+0300][125.745s][info][gc] GC(33) Concurrent reset 0.312ms
[2021-02-07T17:29:03.434+0300][125.746s][info][gc] GC(33) Pause Init Mark (unload classes) 0.097ms
[2021-02-07T17:29:03.741+0300][126.053s][info][gc] GC(33) Concurrent marking (unload classes) 306.965ms
[2021-02-07T17:29:03.745+0300][126.056s][info][gc] GC(33) Pause Final Mark (unload classes) 0.440ms
[2021-02-07T17:29:03.750+0300][126.062s][info][gc] GC(33) Concurrent weak roots 5.384ms
[2021-02-07T17:29:03.750+0300][126.062s][info][gc] GC(33) Concurrent cleanup 225M->225M(256M) 0.011ms
[2021-02-07T17:29:03.755+0300][126.066s][info][gc] GC(33) Concurrent class unloading 4.107ms
[2021-02-07T17:29:03.755+0300][126.066s][info][gc] GC(33) Concurrent strong roots 0.118ms
[2021-02-07T17:29:03.762+0300][126.073s][info][gc] GC(33) Concurrent evacuation 7.144ms
[2021-02-07T17:29:03.762+0300][126.074s][info][gc] GC(33) Pause Init Update Refs 0.009ms
[2021-02-07T17:29:03.896+0300][126.208s][info][gc] GC(33) Concurrent update references 133.914ms
[2021-02-07T17:29:03.899+0300][126.211s][info][gc] GC(33) Pause Final Update Refs 0.143ms
[2021-02-07T17:29:03.899+0300][126.211s][info][gc] GC(33) Concurrent cleanup 233M->222M(256M) 0.019ms
[2021-02-07T17:29:03.902+0300][126.213s][info][gc] Trigger: Free (20536K) is below minimum threshold (26214K)
[2021-02-07T17:29:03.902+0300][126.213s][info][gc] GC(34) Concurrent reset 0.305ms
[2021-02-07T17:29:03.902+0300][126.214s][info][gc] GC(34) Pause Init Mark (unload classes) 0.148ms
[2021-02-07T17:29:04.222+0300][126.535s][info][gc] GC(34) Concurrent marking (unload classes) 320.603ms
[2021-02-07T17:29:04.226+0300][126.537s][info][gc] GC(34) Pause Final Mark (unload classes) 0.434ms
[2021-02-07T17:29:04.232+0300][126.543s][info][gc] GC(34) Concurrent weak roots 5.385ms
[2021-02-07T17:29:04.232+0300][126.543s][info][gc] GC(34) Concurrent cleanup 226M->226M(256M) 0.014ms
[2021-02-07T17:29:04.236+0300][126.547s][info][gc] GC(34) Concurrent class unloading 4.075ms
[2021-02-07T17:29:04.236+0300][126.547s][info][gc] GC(34) Concurrent strong roots 0.120ms
[2021-02-07T17:29:04.242+0300][126.554s][info][gc] GC(34) Concurrent evacuation 7.145ms
[2021-02-07T17:29:04.246+0300][126.557s][info][gc] GC(34) Pause Init Update Refs 0.010ms
[2021-02-07T17:29:04.379+0300][126.691s][info][gc] GC(34) Concurrent update references 133.389ms
[2021-02-07T17:29:04.382+0300][126.693s][info][gc] GC(34) Pause Final Update Refs 0.119ms
[2021-02-07T17:29:04.382+0300][126.693s][info][gc] GC(34) Concurrent cleanup 233M->223M(256M) 0.016ms
[2021-02-07T17:29:04.384+0300][126.695s][info][gc] Trigger: Free (20383K) is below minimum threshold (26214K)
[2021-02-07T17:29:04.384+0300][126.695s][info][gc] GC(35) Concurrent reset 0.314ms
[2021-02-07T17:29:04.384+0300][126.696s][info][gc] GC(35) Pause Init Mark (process weakrefs) (unload classes) 0.149ms
[2021-02-07T17:29:04.690+0300][127.002s][info][gc] GC(35) Concurrent marking (process weakrefs) (unload classes) 305.785ms
[2021-02-07T17:29:04.690+0300][127.002s][info][gc] GC(35) Concurrent precleaning 0.093ms
[2021-02-07T17:29:04.690+0300][127.003s][info][gc] GC(35) Pause Final Mark (process weakrefs) (unload classes) 0.252ms
[2021-02-07T17:29:04.697+0300][127.008s][info][gc] GC(35) Concurrent weak roots 5.151ms
[2021-02-07T17:29:04.697+0300][127.008s][info][gc] GC(35) Concurrent cleanup 225M->225M(256M) 0.010ms
[2021-02-07T17:29:04.701+0300][127.012s][info][gc] GC(35) Concurrent class unloading 4.117ms
[2021-02-07T17:29:04.701+0300][127.012s][info][gc] GC(35) Concurrent strong roots 0.190ms
[2021-02-07T17:29:04.708+0300][127.020s][info][gc] GC(35) Concurrent evacuation 7.285ms
[2021-02-07T17:29:04.708+0300][127.020s][info][gc] GC(35) Pause Init Update Refs 0.009ms
[2021-02-07T17:29:04.853+0300][127.164s][info][gc] GC(35) Concurrent update references 143.611ms
[2021-02-07T17:29:04.856+0300][127.167s][info][gc] GC(35) Pause Final Update Refs 0.138ms
[2021-02-07T17:29:04.856+0300][127.167s][info][gc] GC(35) Concurrent cleanup 234M->223M(256M) 0.017ms
[2021-02-07T17:29:04.858+0300][127.169s][info][gc] Trigger: Free (20267K) is below minimum threshold (26214K)
[2021-02-07T17:29:04.858+0300][127.169s][info][gc] GC(36) Concurrent reset 0.281ms
[2021-02-07T17:29:04.858+0300][127.170s][info][gc] GC(36) Pause Init Mark (unload classes) 0.147ms
[2021-02-07T17:29:05.164+0300][127.476s][info][gc] GC(36) Concurrent marking (unload classes) 306.065ms
[2021-02-07T17:29:05.166+0300][127.477s][info][gc] GC(36) Pause Final Mark (unload classes) 0.401ms
[2021-02-07T17:29:05.170+0300][127.481s][info][gc] GC(36) Concurrent weak roots 3.492ms
[2021-02-07T17:29:05.170+0300][127.481s][info][gc] GC(36) Concurrent cleanup 224M->224M(256M) 0.010ms
[2021-02-07T17:29:05.171+0300][127.483s][info][gc] GC(36) Concurrent class unloading 1.602ms
[2021-02-07T17:29:05.171+0300][127.483s][info][gc] GC(36) Concurrent strong roots 0.181ms
[2021-02-07T17:29:05.179+0300][127.491s][info][gc] GC(36) Concurrent evacuation 8.034ms
[2021-02-07T17:29:05.180+0300][127.492s][info][gc] GC(36) Pause Init Update Refs 0.009ms
[2021-02-07T17:29:05.323+0300][127.634s][info][gc] GC(36) Concurrent update references 142.291ms
[2021-02-07T17:29:05.326+0300][127.637s][info][gc] GC(36) Pause Final Update Refs 0.141ms
[2021-02-07T17:29:05.326+0300][127.637s][info][gc] GC(36) Concurrent cleanup 234M->223M(256M) 0.017ms
[2021-02-07T17:29:05.328+0300][127.639s][info][gc] Trigger: Free (20383K) is below minimum threshold (26214K)
[2021-02-07T17:29:05.328+0300][127.639s][info][gc] GC(37) Concurrent reset 0.313ms
[2021-02-07T17:29:05.328+0300][127.640s][info][gc] GC(37) Pause Init Mark (unload classes) 0.146ms
[2021-02-07T17:29:05.633+0300][127.945s][info][gc] GC(37) Concurrent marking (unload classes) 305.306ms
[2021-02-07T17:29:05.634+0300][127.946s][info][gc] GC(37) Pause Final Mark (unload classes) 0.311ms
[2021-02-07T17:29:05.639+0300][127.951s][info][gc] GC(37) Concurrent weak roots 4.657ms
[2021-02-07T17:29:05.639+0300][127.951s][info][gc] GC(37) Concurrent cleanup 224M->224M(256M) 0.010ms
[2021-02-07T17:29:05.643+0300][127.955s][info][gc] GC(37) Concurrent class unloading 4.076ms
[2021-02-07T17:29:05.643+0300][127.955s][info][gc] GC(37) Concurrent strong roots 0.158ms
[2021-02-07T17:29:05.651+0300][127.964s][info][gc] GC(37) Concurrent evacuation 8.386ms
[2021-02-07T17:29:05.654+0300][127.966s][info][gc] GC(37) Pause Init Update Refs 0.014ms
[2021-02-07T17:29:05.796+0300][128.109s][info][gc] GC(37) Concurrent update references 142.779ms
[2021-02-07T17:29:05.801+0300][128.112s][info][gc] GC(37) Pause Final Update Refs 0.102ms
[2021-02-07T17:29:05.801+0300][128.112s][info][gc] GC(37) Concurrent cleanup 234M->223M(256M) 0.023ms
[2021-02-07T17:29:05.802+0300][128.114s][info][gc] Trigger: Free (20350K) is below minimum threshold (26214K)
[2021-02-07T17:29:05.802+0300][128.114s][info][gc] GC(38) Concurrent reset 0.397ms
[2021-02-07T17:29:05.802+0300][128.115s][info][gc] GC(38) Pause Init Mark (unload classes) 0.137ms
[2021-02-07T17:29:06.127+0300][128.438s][info][gc] GC(38) Concurrent marking (unload classes) 323.385ms
[2021-02-07T17:29:06.127+0300][128.440s][info][gc] GC(38) Pause Final Mark (unload classes) 0.434ms
[2021-02-07T17:29:06.132+0300][128.443s][info][gc] GC(38) Concurrent weak roots 3.011ms
[2021-02-07T17:29:06.132+0300][128.443s][info][gc] GC(38) Concurrent cleanup 224M->224M(256M) 0.011ms
[2021-02-07T17:29:06.133+0300][128.445s][info][gc] GC(38) Concurrent class unloading 2.137ms
[2021-02-07T17:29:06.133+0300][128.445s][info][gc] GC(38) Concurrent strong roots 0.197ms
[2021-02-07T17:29:06.142+0300][128.454s][info][gc] GC(38) Concurrent evacuation 8.221ms
[2021-02-07T17:29:06.142+0300][128.455s][info][gc] GC(38) Pause Init Update Refs 0.009ms
[2021-02-07T17:29:06.292+0300][128.604s][info][gc] GC(38) Concurrent update references 149.109ms
[2021-02-07T17:29:06.296+0300][128.607s][info][gc] GC(38) Pause Final Update Refs 0.105ms
[2021-02-07T17:29:06.296+0300][128.607s][info][gc] GC(38) Concurrent cleanup 234M->223M(256M) 0.017ms
[2021-02-07T17:29:06.298+0300][128.609s][info][gc] Trigger: Free (20127K) is below minimum threshold (26214K)
[2021-02-07T17:29:06.298+0300][128.609s][info][gc] GC(39) Concurrent reset 0.380ms
[2021-02-07T17:29:06.298+0300][128.610s][info][gc] GC(39) Pause Init Mark (unload classes) 0.109ms
[2021-02-07T17:29:06.606+0300][128.918s][info][gc] GC(39) Concurrent marking (unload classes) 308.014ms
[2021-02-07T17:29:06.609+0300][128.921s][info][gc] GC(39) Pause Final Mark (unload classes) 0.331ms
[2021-02-07T17:29:06.623+0300][128.935s][info][gc] GC(39) Concurrent weak roots 13.510ms
[2021-02-07T17:29:06.623+0300][128.935s][info][gc] GC(39) Concurrent cleanup 224M->224M(256M) 0.016ms
[2021-02-07T17:29:06.639+0300][128.951s][info][gc] GC(39) Concurrent class unloading 16.081ms
[2021-02-07T17:29:06.639+0300][128.951s][info][gc] GC(39) Concurrent strong roots 0.177ms
[2021-02-07T17:29:06.647+0300][128.960s][info][gc] GC(39) Concurrent evacuation 8.451ms
[2021-02-07T17:29:06.648+0300][128.961s][info][gc] GC(39) Pause Init Update Refs 0.012ms
[2021-02-07T17:29:06.792+0300][129.104s][info][gc] GC(39) Concurrent update references 143.438ms
[2021-02-07T17:29:06.793+0300][129.105s][info][gc] GC(39) Pause Final Update Refs 0.120ms
[2021-02-07T17:29:06.793+0300][129.106s][info][gc] GC(39) Concurrent cleanup 234M->223M(256M) 0.018ms
[2021-02-07T17:29:06.798+0300][129.109s][info][gc] Trigger: Free (20350K) is below minimum threshold (26214K)
[2021-02-07T17:29:06.798+0300][129.109s][info][gc] GC(40) Concurrent reset 0.311ms
[2021-02-07T17:29:06.798+0300][129.110s][info][gc] GC(40) Pause Init Mark (process weakrefs) (unload classes) 0.119ms
[2021-02-07T17:29:07.124+0300][129.436s][info][gc] GC(40) Concurrent marking (process weakrefs) (unload classes) 326.184ms
[2021-02-07T17:29:07.124+0300][129.436s][info][gc] GC(40) Concurrent precleaning 0.107ms
[2021-02-07T17:29:07.127+0300][129.439s][info][gc] GC(40) Pause Final Mark (process weakrefs) (unload classes) 0.437ms
[2021-02-07T17:29:07.133+0300][129.444s][info][gc] GC(40) Concurrent weak roots 5.304ms
[2021-02-07T17:29:07.133+0300][129.444s][info][gc] GC(40) Concurrent cleanup 225M->225M(256M) 0.012ms
[2021-02-07T17:29:07.137+0300][129.448s][info][gc] GC(40) Concurrent class unloading 4.010ms
[2021-02-07T17:29:07.137+0300][129.449s][info][gc] GC(40) Concurrent strong roots 0.105ms
[2021-02-07T17:29:07.144+0300][129.456s][info][gc] GC(40) Concurrent evacuation 7.364ms
[2021-02-07T17:29:07.145+0300][129.456s][info][gc] GC(40) Pause Init Update Refs 0.009ms
[2021-02-07T17:29:07.289+0300][129.602s][info][gc] GC(40) Concurrent update references 145.214ms
[2021-02-07T17:29:07.294+0300][129.605s][info][gc] GC(40) Pause Final Update Refs 0.139ms
[2021-02-07T17:29:07.294+0300][129.605s][info][gc] GC(40) Concurrent cleanup 234M->223M(256M) 0.017ms
[2021-02-07T17:29:07.295+0300][129.607s][info][gc] Trigger: Free (20127K) is below minimum threshold (26214K)
[2021-02-07T17:29:07.295+0300][129.607s][info][gc] GC(41) Concurrent reset 0.313ms
[2021-02-07T17:29:07.295+0300][129.608s][info][gc] GC(41) Pause Init Mark (unload classes) 0.147ms
[2021-02-07T17:29:07.618+0300][129.930s][info][gc] GC(41) Concurrent marking (unload classes) 321.858ms
[2021-02-07T17:29:07.622+0300][129.934s][info][gc] GC(41) Pause Final Mark (unload classes) 0.418ms
[2021-02-07T17:29:07.628+0300][129.939s][info][gc] GC(41) Concurrent weak roots 5.347ms
[2021-02-07T17:29:07.628+0300][129.939s][info][gc] GC(41) Concurrent cleanup 226M->226M(256M) 0.015ms
[2021-02-07T17:29:07.632+0300][129.943s][info][gc] GC(41) Concurrent class unloading 3.993ms
[2021-02-07T17:29:07.632+0300][129.943s][info][gc] GC(41) Concurrent strong roots 0.110ms
[2021-02-07T17:29:07.640+0300][129.951s][info][gc] GC(41) Concurrent evacuation 8.048ms
[2021-02-07T17:29:07.643+0300][129.954s][info][gc] GC(41) Pause Init Update Refs 0.009ms
[2021-02-07T17:29:07.774+0300][130.087s][info][gc] GC(41) Concurrent update references 132.369ms
[2021-02-07T17:29:07.775+0300][130.087s][info][gc] GC(41) Pause Final Update Refs 0.121ms
[2021-02-07T17:29:07.775+0300][130.087s][info][gc] GC(41) Concurrent cleanup 234M->223M(256M) 0.017ms
[2021-02-07T17:29:07.778+0300][130.089s][info][gc] Trigger: Free (20094K) is below minimum threshold (26214K)
[2021-02-07T17:29:07.778+0300][130.089s][info][gc] GC(42) Concurrent reset 0.315ms
[2021-02-07T17:29:07.778+0300][130.090s][info][gc] GC(42) Pause Init Mark (unload classes) 0.148ms
[2021-02-07T17:29:08.086+0300][130.397s][info][gc] GC(42) Concurrent marking (unload classes) 307.128ms
[2021-02-07T17:29:08.090+0300][130.401s][info][gc] GC(42) Pause Final Mark (unload classes) 0.417ms
[2021-02-07T17:29:08.096+0300][130.407s][info][gc] GC(42) Concurrent weak roots 5.334ms
[2021-02-07T17:29:08.096+0300][130.407s][info][gc] GC(42) Concurrent cleanup 227M->227M(256M) 0.010ms
[2021-02-07T17:29:08.099+0300][130.411s][info][gc] GC(42) Concurrent class unloading 4.083ms
[2021-02-07T17:29:08.099+0300][130.411s][info][gc] GC(42) Concurrent strong roots 0.177ms
[2021-02-07T17:29:08.106+0300][130.418s][info][gc] GC(42) Concurrent evacuation 6.603ms
[2021-02-07T17:29:08.110+0300][130.421s][info][gc] GC(42) Pause Init Update Refs 0.009ms
[2021-02-07T17:29:08.242+0300][130.554s][info][gc] GC(42) Concurrent update references 132.631ms
[2021-02-07T17:29:08.245+0300][130.556s][info][gc] GC(42) Pause Final Update Refs 0.140ms
[2021-02-07T17:29:08.245+0300][130.556s][info][gc] GC(42) Concurrent cleanup 234M->223M(256M) 0.019ms
[2021-02-07T17:29:08.247+0300][130.558s][info][gc] Trigger: Free (20127K) is below minimum threshold (26214K)
[2021-02-07T17:29:08.247+0300][130.558s][info][gc] GC(43) Concurrent reset 0.319ms
[2021-02-07T17:29:08.247+0300][130.559s][info][gc] GC(43) Pause Init Mark (unload classes) 0.152ms
[2021-02-07T17:29:08.552+0300][130.865s][info][gc] GC(43) Concurrent marking (unload classes) 305.955ms
[2021-02-07T17:29:08.556+0300][130.868s][info][gc] GC(43) Pause Final Mark (unload classes) 0.427ms
[2021-02-07T17:29:08.562+0300][130.873s][info][gc] GC(43) Concurrent weak roots 5.298ms
[2021-02-07T17:29:08.562+0300][130.873s][info][gc] GC(43) Concurrent cleanup 228M->228M(256M) 0.011ms
[2021-02-07T17:29:08.566+0300][130.877s][info][gc] GC(43) Concurrent class unloading 4.083ms
[2021-02-07T17:29:08.566+0300][130.877s][info][gc] GC(43) Concurrent strong roots 0.131ms
[2021-02-07T17:29:08.572+0300][130.883s][info][gc] GC(43) Concurrent evacuation 6.152ms
[2021-02-07T17:29:08.575+0300][130.886s][info][gc] GC(43) Pause Init Update Refs 0.010ms
[2021-02-07T17:29:08.706+0300][131.018s][info][gc] GC(43) Concurrent update references 132.208ms
[2021-02-07T17:29:08.710+0300][131.021s][info][gc] GC(43) Pause Final Update Refs 0.117ms
[2021-02-07T17:29:08.710+0300][131.021s][info][gc] GC(43) Concurrent cleanup 234M->223M(256M) 0.017ms
[2021-02-07T17:29:08.712+0300][131.023s][info][gc] Trigger: Free (20141K) is below minimum threshold (26214K)
[2021-02-07T17:29:08.712+0300][131.023s][info][gc] GC(44) Concurrent reset 0.278ms
[2021-02-07T17:29:08.712+0300][131.024s][info][gc] GC(44) Pause Init Mark (unload classes) 0.149ms
[2021-02-07T17:29:09.018+0300][131.329s][info][gc] GC(44) Concurrent marking (unload classes) 305.340ms
[2021-02-07T17:29:09.021+0300][131.333s][info][gc] GC(44) Pause Final Mark (unload classes) 0.425ms
[2021-02-07T17:29:09.027+0300][131.338s][info][gc] GC(44) Concurrent weak roots 5.263ms
[2021-02-07T17:29:09.027+0300][131.338s][info][gc] GC(44) Concurrent cleanup 229M->229M(256M) 0.010ms
[2021-02-07T17:29:09.028+0300][131.340s][info][gc] GC(44) Concurrent class unloading 1.748ms
[2021-02-07T17:29:09.029+0300][131.340s][info][gc] GC(44) Concurrent strong roots 0.145ms
[2021-02-07T17:29:09.033+0300][131.346s][info][gc] GC(44) Concurrent evacuation 5.675ms
[2021-02-07T17:29:09.034+0300][131.347s][info][gc] GC(44) Pause Init Update Refs 0.009ms
[2021-02-07T17:29:09.167+0300][131.478s][info][gc] GC(44) Concurrent update references 131.581ms
[2021-02-07T17:29:09.170+0300][131.481s][info][gc] GC(44) Pause Final Update Refs 0.137ms
[2021-02-07T17:29:09.170+0300][131.481s][info][gc] GC(44) Concurrent cleanup 234M->223M(256M) 0.017ms
[2021-02-07T17:29:09.172+0300][131.483s][info][gc] Trigger: Free (20127K) is below minimum threshold (26214K)
[2021-02-07T17:29:09.172+0300][131.483s][info][gc] GC(45) Concurrent reset 0.313ms
[2021-02-07T17:29:09.172+0300][131.484s][info][gc] GC(45) Pause Init Mark (process weakrefs) (unload classes) 0.135ms
[2021-02-07T17:29:09.492+0300][131.804s][info][gc] GC(45) Concurrent marking (process weakrefs) (unload classes) 320.476ms
[2021-02-07T17:29:09.492+0300][131.804s][info][gc] GC(45) Concurrent precleaning 0.142ms
[2021-02-07T17:29:09.498+0300][131.810s][info][gc] GC(45) Pause Final Mark (process weakrefs) (unload classes) 0.458ms
[2021-02-07T17:29:09.508+0300][131.819s][info][gc] GC(45) Concurrent weak roots 9.241ms
[2021-02-07T17:29:09.508+0300][131.819s][info][gc] GC(45) Concurrent cleanup 229M->229M(256M) 0.020ms
[2021-02-07T17:29:09.509+0300][131.821s][info][gc] GC(45) Concurrent class unloading 2.396ms
[2021-02-07T17:29:09.509+0300][131.822s][info][gc] GC(45) Concurrent strong roots 0.134ms
[2021-02-07T17:29:09.515+0300][131.827s][info][gc] GC(45) Concurrent evacuation 5.144ms
[2021-02-07T17:29:09.524+0300][131.835s][info][gc] GC(45) Pause Init Update Refs 0.010ms
[2021-02-07T17:29:09.652+0300][131.965s][info][gc] GC(45) Concurrent update references 129.410ms
[2021-02-07T17:29:09.653+0300][131.966s][info][gc] GC(45) Pause Final Update Refs 0.091ms
[2021-02-07T17:29:09.654+0300][131.966s][info][gc] GC(45) Concurrent cleanup 234M->223M(256M) 0.019ms
[2021-02-07T17:29:09.657+0300][131.968s][info][gc] Trigger: Free (20122K) is below minimum threshold (26214K)
[2021-02-07T17:29:09.657+0300][131.968s][info][gc] GC(46) Concurrent reset 0.396ms
[2021-02-07T17:29:09.657+0300][131.969s][info][gc] GC(46) Pause Init Mark (unload classes) 0.080ms
[2021-02-07T17:29:09.980+0300][132.291s][info][gc] GC(46) Concurrent marking (unload classes) 322.642ms
[2021-02-07T17:29:09.981+0300][132.293s][info][gc] GC(46) Pause Final Mark (unload classes) 0.418ms
[2021-02-07T17:29:09.986+0300][132.298s][info][gc] GC(46) Concurrent weak roots 5.201ms
[2021-02-07T17:29:09.986+0300][132.298s][info][gc] GC(46) Concurrent cleanup 227M->227M(256M) 0.013ms
[2021-02-07T17:29:09.990+0300][132.302s][info][gc] GC(46) Concurrent class unloading 4.075ms
[2021-02-07T17:29:09.990+0300][132.302s][info][gc] GC(46) Concurrent strong roots 0.132ms
[2021-02-07T17:29:09.996+0300][132.309s][info][gc] GC(46) Concurrent evacuation 6.399ms
[2021-02-07T17:29:09.999+0300][132.311s][info][gc] GC(46) Pause Init Update Refs 0.010ms
[2021-02-07T17:29:10.145+0300][132.458s][info][gc] GC(46) Concurrent update references 146.555ms
[2021-02-07T17:29:10.146+0300][132.458s][info][gc] GC(46) Pause Final Update Refs 0.135ms
[2021-02-07T17:29:10.146+0300][132.458s][info][gc] GC(46) Concurrent cleanup 234M->223M(256M) 0.016ms
[2021-02-07T17:29:10.160+0300][132.471s][info][gc] Trigger: Free (19869K) is below minimum threshold (26214K)
[2021-02-07T17:29:10.160+0300][132.471s][info][gc] GC(47) Concurrent reset 0.314ms
[2021-02-07T17:29:10.160+0300][132.472s][info][gc] GC(47) Pause Init Mark (unload classes) 0.161ms
[2021-02-07T17:29:10.481+0300][132.792s][info][gc] GC(47) Concurrent marking (unload classes) 320.070ms
[2021-02-07T17:29:10.484+0300][132.796s][info][gc] GC(47) Pause Final Mark (unload classes) 0.432ms
[2021-02-07T17:29:10.490+0300][132.801s][info][gc] GC(47) Concurrent weak roots 5.300ms
[2021-02-07T17:29:10.490+0300][132.801s][info][gc] GC(47) Concurrent cleanup 229M->229M(256M) 0.012ms
[2021-02-07T17:29:10.494+0300][132.805s][info][gc] GC(47) Concurrent class unloading 4.023ms
[2021-02-07T17:29:10.494+0300][132.805s][info][gc] GC(47) Concurrent strong roots 0.127ms
[2021-02-07T17:29:10.499+0300][132.811s][info][gc] GC(47) Concurrent evacuation 5.879ms
[2021-02-07T17:29:10.499+0300][132.812s][info][gc] GC(47) Pause Init Update Refs 0.009ms
[2021-02-07T17:29:10.632+0300][132.944s][info][gc] GC(47) Concurrent update references 132.174ms
[2021-02-07T17:29:10.636+0300][132.947s][info][gc] GC(47) Pause Final Update Refs 0.151ms
[2021-02-07T17:29:10.636+0300][132.947s][info][gc] GC(47) Concurrent cleanup 234M->223M(256M) 0.019ms
[2021-02-07T17:29:10.638+0300][132.949s][info][gc] Trigger: Free (20127K) is below minimum threshold (26214K)
[2021-02-07T17:29:10.638+0300][132.949s][info][gc] GC(48) Concurrent reset 0.404ms
[2021-02-07T17:29:10.638+0300][132.950s][info][gc] GC(48) Pause Init Mark (unload classes) 0.127ms
[2021-02-07T17:29:10.967+0300][133.279s][info][gc] GC(48) Concurrent marking (unload classes) 329.241ms
[2021-02-07T17:29:10.968+0300][133.281s][info][gc] GC(48) Pause Final Mark (unload classes) 0.414ms
[2021-02-07T17:29:10.982+0300][133.293s][info][gc] GC(48) Concurrent weak roots 12.002ms
[2021-02-07T17:29:10.982+0300][133.293s][info][gc] GC(48) Concurrent cleanup 229M->229M(256M) 0.017ms
[2021-02-07T17:29:10.983+0300][133.295s][info][gc] GC(48) Concurrent class unloading 2.339ms
[2021-02-07T17:29:10.983+0300][133.295s][info][gc] GC(48) Concurrent strong roots 0.079ms
[2021-02-07T17:29:10.988+0300][133.301s][info][gc] GC(48) Concurrent evacuation 5.351ms
[2021-02-07T17:29:10.997+0300][133.308s][info][gc] GC(48) Pause Init Update Refs 0.010ms
[2021-02-07T17:29:11.128+0300][133.439s][info][gc] GC(48) Concurrent update references 131.147ms
[2021-02-07T17:29:11.131+0300][133.442s][info][gc] GC(48) Pause Final Update Refs 0.125ms
[2021-02-07T17:29:11.131+0300][133.442s][info][gc] GC(48) Concurrent cleanup 234M->223M(256M) 0.019ms
[2021-02-07T17:29:11.132+0300][133.444s][info][gc] Trigger: Free (19871K) is below minimum threshold (26214K)
[2021-02-07T17:29:11.132+0300][133.444s][info][gc] GC(49) Concurrent reset 0.377ms
[2021-02-07T17:29:11.133+0300][133.445s][info][gc] GC(49) Pause Init Mark (unload classes) 0.128ms
[2021-02-07T17:29:11.442+0300][133.753s][info][gc] GC(49) Concurrent marking (unload classes) 307.797ms
[2021-02-07T17:29:11.442+0300][133.754s][info][gc] GC(49) Pause Final Mark (unload classes) 0.421ms
[2021-02-07T17:29:11.448+0300][133.759s][info][gc] GC(49) Concurrent weak roots 5.035ms
[2021-02-07T17:29:11.448+0300][133.759s][info][gc] GC(49) Concurrent cleanup 227M->227M(256M) 0.009ms
[2021-02-07T17:29:11.451+0300][133.763s][info][gc] GC(49) Concurrent class unloading 4.026ms
[2021-02-07T17:29:11.451+0300][133.763s][info][gc] GC(49) Concurrent strong roots 0.113ms
[2021-02-07T17:29:11.458+0300][133.770s][info][gc] GC(49) Concurrent evacuation 6.503ms
[2021-02-07T17:29:11.461+0300][133.772s][info][gc] GC(49) Pause Init Update Refs 0.009ms
[2021-02-07T17:29:11.592+0300][133.904s][info][gc] GC(49) Concurrent update references 131.503ms
[2021-02-07T17:29:11.592+0300][133.905s][info][gc] GC(49) Pause Final Update Refs 0.143ms
[2021-02-07T17:29:11.592+0300][133.905s][info][gc] GC(49) Concurrent cleanup 234M->223M(256M) 0.017ms
[2021-02-07T17:29:11.594+0300][133.906s][info][gc] Trigger: Free (19874K) is below minimum threshold (26214K)
[2021-02-07T17:29:11.594+0300][133.906s][info][gc] GC(50) Concurrent reset 0.338ms
[2021-02-07T17:29:11.594+0300][133.907s][info][gc] GC(50) Pause Init Mark (process weakrefs) (unload classes) 0.141ms
[2021-02-07T17:29:11.908+0300][134.220s][info][gc] GC(50) Concurrent marking (process weakrefs) (unload classes) 313.506ms
[2021-02-07T17:29:11.908+0300][134.220s][info][gc] GC(50) Concurrent precleaning 0.082ms
[2021-02-07T17:29:11.911+0300][134.223s][info][gc] GC(50) Pause Final Mark (process weakrefs) (unload classes) 0.377ms
[2021-02-07T17:29:11.917+0300][134.228s][info][gc] GC(50) Concurrent weak roots 5.351ms
[2021-02-07T17:29:11.917+0300][134.229s][info][gc] GC(50) Concurrent cleanup 229M->229M(256M) 0.012ms
[2021-02-07T17:29:11.919+0300][134.231s][info][gc] GC(50) Concurrent class unloading 2.017ms
[2021-02-07T17:29:11.919+0300][134.231s][info][gc] GC(50) Concurrent strong roots 0.107ms
[2021-02-07T17:29:11.924+0300][134.236s][info][gc] GC(50) Concurrent evacuation 5.265ms
[2021-02-07T17:29:11.927+0300][134.239s][info][gc] GC(50) Pause Init Update Refs 0.009ms
[2021-02-07T17:29:12.057+0300][134.369s][info][gc] GC(50) Concurrent update references 130.093ms
[2021-02-07T17:29:12.060+0300][134.372s][info][gc] GC(50) Pause Final Update Refs 0.107ms
[2021-02-07T17:29:12.060+0300][134.372s][info][gc] GC(50) Concurrent cleanup 234M->223M(256M) 0.017ms
[2021-02-07T17:29:12.062+0300][134.374s][info][gc] Trigger: Free (19874K) is below minimum threshold (26214K)
[2021-02-07T17:29:12.062+0300][134.374s][info][gc] GC(51) Concurrent reset 0.334ms
[2021-02-07T17:29:12.062+0300][134.375s][info][gc] GC(51) Pause Init Mark (unload classes) 0.099ms
[2021-02-07T17:29:12.386+0300][134.698s][info][gc] GC(51) Concurrent marking (unload classes) 323.125ms
[2021-02-07T17:29:12.391+0300][134.703s][info][gc] GC(51) Pause Final Mark (unload classes) 0.420ms
[2021-02-07T17:29:12.396+0300][134.708s][info][gc] GC(51) Concurrent weak roots 4.672ms
[2021-02-07T17:29:12.396+0300][134.708s][info][gc] GC(51) Concurrent cleanup 228M->228M(256M) 0.013ms
[2021-02-07T17:29:12.398+0300][134.710s][info][gc] GC(51) Concurrent class unloading 2.151ms
[2021-02-07T17:29:12.398+0300][134.710s][info][gc] GC(51) Concurrent strong roots 0.133ms
[2021-02-07T17:29:12.404+0300][134.716s][info][gc] GC(51) Concurrent evacuation 5.874ms
[2021-02-07T17:29:12.405+0300][134.717s][info][gc] GC(51) Pause Init Update Refs 0.009ms
[2021-02-07T17:29:12.534+0300][134.847s][info][gc] GC(51) Concurrent update references 129.373ms
[2021-02-07T17:29:12.535+0300][134.848s][info][gc] GC(51) Pause Final Update Refs 0.109ms
[2021-02-07T17:29:12.536+0300][134.848s][info][gc] GC(51) Concurrent cleanup 234M->223M(256M) 0.018ms
[2021-02-07T17:29:12.538+0300][134.850s][info][gc] Trigger: Free (20130K) is below minimum threshold (26214K)
[2021-02-07T17:29:12.538+0300][134.850s][info][gc] GC(52) Concurrent reset 0.315ms
[2021-02-07T17:29:12.538+0300][134.851s][info][gc] GC(52) Pause Init Mark (unload classes) 0.148ms
[2021-02-07T17:29:12.848+0300][135.160s][info][gc] GC(52) Concurrent marking (unload classes) 309.004ms
[2021-02-07T17:29:12.860+0300][135.172s][info][gc] GC(52) Pause Final Mark (unload classes) 0.220ms
[2021-02-07T17:29:12.867+0300][135.179s][info][gc] GC(52) Concurrent weak roots 6.587ms
[2021-02-07T17:29:12.867+0300][135.179s][info][gc] GC(52) Concurrent cleanup 231M->231M(256M) 0.011ms
[2021-02-07T17:29:12.871+0300][135.183s][info][gc] GC(52) Concurrent class unloading 4.080ms
[2021-02-07T17:29:12.871+0300][135.183s][info][gc] GC(52) Concurrent strong roots 0.132ms
[2021-02-07T17:29:12.875+0300][135.187s][info][gc] GC(52) Concurrent evacuation 3.662ms
[2021-02-07T17:29:12.875+0300][135.187s][info][gc] GC(52) Pause Init Update Refs 0.009ms
[2021-02-07T17:29:13.006+0300][135.318s][info][gc] GC(52) Concurrent update references 130.788ms
[2021-02-07T17:29:13.006+0300][135.319s][info][gc] GC(52) Pause Final Update Refs 0.109ms
[2021-02-07T17:29:13.007+0300][135.319s][info][gc] GC(52) Concurrent cleanup 234M->223M(256M) 0.016ms
[2021-02-07T17:29:13.009+0300][135.321s][info][gc] Trigger: Free (20130K) is below minimum threshold (26214K)
[2021-02-07T17:29:13.009+0300][135.321s][info][gc] GC(53) Concurrent reset 0.311ms
[2021-02-07T17:29:13.009+0300][135.322s][info][gc] GC(53) Pause Init Mark (unload classes) 0.146ms
[2021-02-07T17:29:13.332+0300][135.644s][info][gc] GC(53) Concurrent marking (unload classes) 322.153ms
[2021-02-07T17:29:13.335+0300][135.647s][info][gc] GC(53) Pause Final Mark (unload classes) 0.422ms
[2021-02-07T17:29:13.343+0300][135.655s][info][gc] GC(53) Concurrent weak roots 7.266ms
[2021-02-07T17:29:13.343+0300][135.655s][info][gc] GC(53) Concurrent cleanup 231M->231M(256M) 0.011ms
[2021-02-07T17:29:13.347+0300][135.659s][info][gc] GC(53) Concurrent class unloading 4.088ms
[2021-02-07T17:29:13.347+0300][135.659s][info][gc] GC(53) Concurrent strong roots 0.102ms
[2021-02-07T17:29:13.351+0300][135.663s][info][gc] GC(53) Concurrent evacuation 4.146ms
[2021-02-07T17:29:13.354+0300][135.666s][info][gc] GC(53) Pause Init Update Refs 0.009ms
[2021-02-07T17:29:13.484+0300][135.797s][info][gc] GC(53) Concurrent update references 130.466ms
[2021-02-07T17:29:13.485+0300][135.798s][info][gc] GC(53) Pause Final Update Refs 0.141ms
[2021-02-07T17:29:13.485+0300][135.798s][info][gc] GC(53) Concurrent cleanup 234M->223M(256M) 0.017ms
[2021-02-07T17:29:13.488+0300][135.800s][info][gc] Trigger: Free (20130K) is below minimum threshold (26214K)
[2021-02-07T17:29:13.488+0300][135.800s][info][gc] GC(54) Concurrent reset 0.337ms
[2021-02-07T17:29:13.488+0300][135.801s][info][gc] GC(54) Pause Init Mark (unload classes) 0.125ms
[2021-02-07T17:29:13.795+0300][136.107s][info][gc] GC(54) Concurrent marking (unload classes) 306.207ms
[2021-02-07T17:29:13.802+0300][136.114s][info][gc] GC(54) Pause Final Mark (unload classes) 0.418ms
[2021-02-07T17:29:13.810+0300][136.122s][info][gc] GC(54) Concurrent weak roots 7.290ms
[2021-02-07T17:29:13.810+0300][136.122s][info][gc] GC(54) Concurrent cleanup 232M->232M(256M) 0.010ms
[2021-02-07T17:29:13.814+0300][136.126s][info][gc] GC(54) Concurrent class unloading 4.087ms
[2021-02-07T17:29:13.814+0300][136.126s][info][gc] GC(54) Concurrent strong roots 0.128ms
[2021-02-07T17:29:13.818+0300][136.130s][info][gc] GC(54) Concurrent evacuation 3.650ms
[2021-02-07T17:29:13.818+0300][136.130s][info][gc] GC(54) Pause Init Update Refs 0.010ms
[2021-02-07T17:29:13.955+0300][136.267s][info][gc] GC(54) Concurrent update references 136.686ms
[2021-02-07T17:29:13.955+0300][136.268s][info][gc] GC(54) Pause Final Update Refs 0.115ms
[2021-02-07T17:29:13.955+0300][136.268s][info][gc] GC(54) Concurrent cleanup 234M->223M(256M) 0.017ms
[2021-02-07T17:29:13.957+0300][136.269s][info][gc] Trigger: Free (20033K) is below minimum threshold (26214K)
[2021-02-07T17:29:13.957+0300][136.269s][info][gc] GC(55) Concurrent reset 0.324ms
[2021-02-07T17:29:13.957+0300][136.270s][info][gc] GC(55) Pause Init Mark (process weakrefs) (unload classes) 0.096ms
[2021-02-07T17:29:14.279+0300][136.591s][info][gc] GC(55) Concurrent marking (process weakrefs) (unload classes) 321.583ms
[2021-02-07T17:29:14.279+0300][136.592s][info][gc] GC(55) Concurrent precleaning 0.139ms
[2021-02-07T17:29:14.283+0300][136.595s][info][gc] GC(55) Pause Final Mark (process weakrefs) (unload classes) 0.462ms
[2021-02-07T17:29:14.291+0300][136.603s][info][gc] GC(55) Concurrent weak roots 7.286ms
[2021-02-07T17:29:14.291+0300][136.603s][info][gc] GC(55) Concurrent cleanup 232M->232M(256M) 0.010ms
[2021-02-07T17:29:14.295+0300][136.607s][info][gc] GC(55) Concurrent class unloading 4.055ms
[2021-02-07T17:29:14.295+0300][136.607s][info][gc] GC(55) Concurrent strong roots 0.132ms
[2021-02-07T17:29:14.298+0300][136.611s][info][gc] GC(55) Concurrent evacuation 3.507ms
[2021-02-07T17:29:14.302+0300][136.614s][info][gc] GC(55) Pause Init Update Refs 0.009ms
[2021-02-07T17:29:14.431+0300][136.743s][info][gc] GC(55) Concurrent update references 129.088ms
[2021-02-07T17:29:14.431+0300][136.744s][info][gc] GC(55) Pause Final Update Refs 0.136ms
[2021-02-07T17:29:14.431+0300][136.744s][info][gc] GC(55) Concurrent cleanup 234M->223M(256M) 0.018ms
[2021-02-07T17:29:14.434+0300][136.746s][info][gc] Trigger: Free (20130K) is below minimum threshold (26214K)
[2021-02-07T17:29:14.434+0300][136.746s][info][gc] GC(56) Concurrent reset 0.317ms
[2021-02-07T17:29:14.434+0300][136.747s][info][gc] GC(56) Pause Init Mark (unload classes) 0.146ms
[2021-02-07T17:29:14.742+0300][137.054s][info][gc] GC(56) Concurrent marking (unload classes) 307.078ms
[2021-02-07T17:29:14.745+0300][137.057s][info][gc] GC(56) Pause Final Mark (unload classes) 0.456ms
[2021-02-07T17:29:14.752+0300][137.064s][info][gc] GC(56) Concurrent weak roots 6.373ms
[2021-02-07T17:29:14.752+0300][137.064s][info][gc] GC(56) Concurrent cleanup 232M->232M(256M) 0.012ms
[2021-02-07T17:29:14.754+0300][137.066s][info][gc] GC(56) Concurrent class unloading 2.142ms
[2021-02-07T17:29:14.754+0300][137.066s][info][gc] GC(56) Concurrent strong roots 0.105ms
[2021-02-07T17:29:14.757+0300][137.070s][info][gc] GC(56) Concurrent evacuation 3.573ms
[2021-02-07T17:29:14.758+0300][137.071s][info][gc] GC(56) Pause Init Update Refs 0.010ms
[2021-02-07T17:29:14.893+0300][137.205s][info][gc] GC(56) Concurrent update references 134.642ms
[2021-02-07T17:29:14.909+0300][137.221s][info][gc] GC(56) Pause Final Update Refs 0.143ms
[2021-02-07T17:29:14.909+0300][137.221s][info][gc] GC(56) Concurrent cleanup 234M->223M(256M) 0.020ms
[2021-02-07T17:29:14.924+0300][137.236s][info][gc] Trigger: Free (19777K) is below minimum threshold (26214K)
[2021-02-07T17:29:14.924+0300][137.236s][info][gc] GC(57) Concurrent reset 0.405ms
[2021-02-07T17:29:14.925+0300][137.237s][info][gc] GC(57) Pause Init Mark (unload classes) 0.154ms
[2021-02-07T17:29:15.232+0300][137.544s][info][gc] GC(57) Concurrent marking (unload classes) 306.582ms
[2021-02-07T17:29:15.235+0300][137.547s][info][gc] GC(57) Pause Final Mark (unload classes) 0.387ms
[2021-02-07T17:29:15.242+0300][137.554s][info][gc] GC(57) Concurrent weak roots 6.344ms
[2021-02-07T17:29:15.242+0300][137.554s][info][gc] GC(57) Concurrent cleanup 232M->232M(256M) 0.011ms
[2021-02-07T17:29:15.244+0300][137.556s][info][gc] GC(57) Concurrent class unloading 1.941ms
[2021-02-07T17:29:15.244+0300][137.556s][info][gc] GC(57) Concurrent strong roots 0.129ms
[2021-02-07T17:29:15.248+0300][137.560s][info][gc] GC(57) Concurrent evacuation 3.790ms
[2021-02-07T17:29:15.248+0300][137.560s][info][gc] GC(57) Pause Init Update Refs 0.009ms
[2021-02-07T17:29:15.380+0300][137.692s][info][gc] GC(57) Concurrent update references 131.429ms
[2021-02-07T17:29:15.383+0300][137.695s][info][gc] GC(57) Pause Final Update Refs 0.120ms
[2021-02-07T17:29:15.383+0300][137.695s][info][gc] GC(57) Concurrent cleanup 234M->223M(256M) 0.019ms
[2021-02-07T17:29:15.385+0300][137.697s][info][gc] Trigger: Free (20130K) is below minimum threshold (26214K)
[2021-02-07T17:29:15.385+0300][137.697s][info][gc] GC(58) Concurrent reset 0.313ms
[2021-02-07T17:29:15.385+0300][137.698s][info][gc] GC(58) Pause Init Mark (unload classes) 0.119ms
[2021-02-07T17:29:15.707+0300][138.019s][info][gc] GC(58) Concurrent marking (unload classes) 321.773ms
[2021-02-07T17:29:15.710+0300][138.022s][info][gc] GC(58) Pause Final Mark (unload classes) 0.429ms
[2021-02-07T17:29:15.718+0300][138.030s][info][gc] GC(58) Concurrent weak roots 7.307ms
[2021-02-07T17:29:15.718+0300][138.030s][info][gc] GC(58) Concurrent cleanup 232M->232M(256M) 0.010ms
[2021-02-07T17:29:15.722+0300][138.034s][info][gc] GC(58) Concurrent class unloading 4.068ms
[2021-02-07T17:29:15.722+0300][138.034s][info][gc] GC(58) Concurrent strong roots 0.131ms
[2021-02-07T17:29:15.725+0300][138.038s][info][gc] GC(58) Concurrent evacuation 3.531ms
[2021-02-07T17:29:15.726+0300][138.038s][info][gc] GC(58) Pause Init Update Refs 0.009ms
[2021-02-07T17:29:15.858+0300][138.170s][info][gc] GC(58) Concurrent update references 131.926ms
[2021-02-07T17:29:15.861+0300][138.173s][info][gc] GC(58) Pause Final Update Refs 0.121ms
[2021-02-07T17:29:15.861+0300][138.173s][info][gc] GC(58) Concurrent cleanup 234M->223M(256M) 0.019ms
[2021-02-07T17:29:15.863+0300][138.175s][info][gc] Trigger: Free (19761K) is below minimum threshold (26214K)
[2021-02-07T17:29:15.863+0300][138.175s][info][gc] GC(59) Concurrent reset 0.336ms
[2021-02-07T17:29:15.863+0300][138.176s][info][gc] GC(59) Pause Init Mark (unload classes) 0.127ms
[2021-02-07T17:29:16.168+0300][138.480s][info][gc] GC(59) Concurrent marking (unload classes) 304.777ms
[2021-02-07T17:29:16.171+0300][138.483s][info][gc] GC(59) Pause Final Mark (unload classes) 0.322ms
[2021-02-07T17:29:16.179+0300][138.491s][info][gc] GC(59) Concurrent weak roots 7.438ms
[2021-02-07T17:29:16.179+0300][138.491s][info][gc] GC(59) Concurrent cleanup 232M->232M(256M) 0.011ms
[2021-02-07T17:29:16.183+0300][138.495s][info][gc] GC(59) Concurrent class unloading 4.139ms
[2021-02-07T17:29:16.183+0300][138.495s][info][gc] GC(59) Concurrent strong roots 0.135ms
[2021-02-07T17:29:16.186+0300][138.499s][info][gc] GC(59) Concurrent evacuation 3.507ms
[2021-02-07T17:29:16.190+0300][138.502s][info][gc] GC(59) Pause Init Update Refs 0.009ms
[2021-02-07T17:29:16.321+0300][138.633s][info][gc] GC(59) Concurrent update references 131.398ms
[2021-02-07T17:29:16.324+0300][138.636s][info][gc] GC(59) Pause Final Update Refs 0.108ms
[2021-02-07T17:29:16.324+0300][138.636s][info][gc] GC(59) Concurrent cleanup 234M->223M(256M) 0.015ms
[2021-02-07T17:29:16.326+0300][138.638s][info][gc] Trigger: Free (19888K) is below minimum threshold (26214K)
[2021-02-07T17:29:16.326+0300][138.638s][info][gc] GC(60) Concurrent reset 0.313ms
[2021-02-07T17:29:16.326+0300][138.638s][info][gc] GC(60) Pause Init Mark (process weakrefs) (unload classes) 0.111ms
[2021-02-07T17:29:16.648+0300][138.960s][info][gc] GC(60) Concurrent marking (process weakrefs) (unload classes) 321.296ms
[2021-02-07T17:29:16.648+0300][138.960s][info][gc] GC(60) Concurrent precleaning 0.143ms
[2021-02-07T17:29:16.651+0300][138.963s][info][gc] GC(60) Pause Final Mark (process weakrefs) (unload classes) 0.433ms
[2021-02-07T17:29:16.659+0300][138.971s][info][gc] GC(60) Concurrent weak roots 7.353ms
[2021-02-07T17:29:16.659+0300][138.971s][info][gc] GC(60) Concurrent cleanup 232M->232M(256M) 0.010ms
[2021-02-07T17:29:16.663+0300][138.975s][info][gc] GC(60) Concurrent class unloading 4.082ms
[2021-02-07T17:29:16.663+0300][138.975s][info][gc] GC(60) Concurrent strong roots 0.127ms
[2021-02-07T17:29:16.666+0300][138.978s][info][gc] GC(60) Concurrent evacuation 3.376ms
[2021-02-07T17:29:16.667+0300][138.979s][info][gc] GC(60) Pause Init Update Refs 0.010ms
[2021-02-07T17:29:16.801+0300][139.113s][info][gc] GC(60) Concurrent update references 133.951ms
[2021-02-07T17:29:16.802+0300][139.114s][info][gc] GC(60) Pause Final Update Refs 0.139ms
[2021-02-07T17:29:16.802+0300][139.114s][info][gc] GC(60) Concurrent cleanup 234M->223M(256M) 0.018ms
[2021-02-07T17:29:16.804+0300][139.116s][info][gc] Trigger: Free (19847K) is below minimum threshold (26214K)
[2021-02-07T17:29:16.804+0300][139.116s][info][gc] GC(61) Concurrent reset 0.311ms
[2021-02-07T17:29:16.804+0300][139.117s][info][gc] GC(61) Pause Init Mark (unload classes) 0.110ms
[2021-02-07T17:29:17.115+0300][139.427s][info][gc] GC(61) Concurrent marking (unload classes) 310.648ms
[2021-02-07T17:29:17.116+0300][139.429s][info][gc] GC(61) Pause Final Mark (unload classes) 0.417ms
[2021-02-07T17:29:17.124+0300][139.436s][info][gc] GC(61) Concurrent weak roots 7.060ms
[2021-02-07T17:29:17.124+0300][139.436s][info][gc] GC(61) Concurrent cleanup 231M->231M(256M) 0.010ms
[2021-02-07T17:29:17.128+0300][139.440s][info][gc] GC(61) Concurrent class unloading 4.084ms
[2021-02-07T17:29:17.128+0300][139.440s][info][gc] GC(61) Concurrent strong roots 0.102ms
[2021-02-07T17:29:17.132+0300][139.444s][info][gc] GC(61) Concurrent evacuation 4.326ms
[2021-02-07T17:29:17.135+0300][139.447s][info][gc] GC(61) Pause Init Update Refs 0.009ms
[2021-02-07T17:29:17.267+0300][139.579s][info][gc] GC(61) Concurrent update references 131.934ms
[2021-02-07T17:29:17.270+0300][139.582s][info][gc] GC(61) Pause Final Update Refs 0.072ms
[2021-02-07T17:29:17.270+0300][139.582s][info][gc] GC(61) Concurrent cleanup 234M->223M(256M) 0.020ms
[2021-02-07T17:29:17.272+0300][139.584s][info][gc] Trigger: Free (19874K) is below minimum threshold (26214K)
[2021-02-07T17:29:17.272+0300][139.584s][info][gc] GC(62) Concurrent reset 0.313ms
[2021-02-07T17:29:17.272+0300][139.584s][info][gc] GC(62) Pause Init Mark (unload classes) 0.147ms
[2021-02-07T17:29:17.579+0300][139.891s][info][gc] GC(62) Concurrent marking (unload classes) 306.181ms
[2021-02-07T17:29:17.580+0300][139.892s][info][gc] GC(62) Pause Final Mark (unload classes) 0.429ms
[2021-02-07T17:29:17.587+0300][139.899s][info][gc] GC(62) Concurrent weak roots 6.613ms
[2021-02-07T17:29:17.587+0300][139.899s][info][gc] GC(62) Concurrent cleanup 231M->231M(256M) 0.010ms
[2021-02-07T17:29:17.591+0300][139.903s][info][gc] GC(62) Concurrent class unloading 4.104ms
[2021-02-07T17:29:17.591+0300][139.903s][info][gc] GC(62) Concurrent strong roots 0.129ms
[2021-02-07T17:29:17.595+0300][139.907s][info][gc] GC(62) Concurrent evacuation 4.308ms
[2021-02-07T17:29:17.598+0300][139.910s][info][gc] GC(62) Pause Init Update Refs 0.009ms
[2021-02-07T17:29:17.730+0300][140.042s][info][gc] GC(62) Concurrent update references 131.981ms
[2021-02-07T17:29:17.731+0300][140.043s][info][gc] GC(62) Pause Final Update Refs 0.139ms
[2021-02-07T17:29:17.731+0300][140.043s][info][gc] GC(62) Concurrent cleanup 234M->223M(256M) 0.016ms
[2021-02-07T17:29:17.733+0300][140.045s][info][gc] Trigger: Free (19874K) is below minimum threshold (26214K)
[2021-02-07T17:29:17.733+0300][140.045s][info][gc] GC(63) Concurrent reset 0.312ms
[2021-02-07T17:29:17.733+0300][140.046s][info][gc] GC(63) Pause Init Mark (unload classes) 0.147ms
[2021-02-07T17:29:18.059+0300][140.371s][info][gc] GC(63) Concurrent marking (unload classes) 325.515ms
[2021-02-07T17:29:18.064+0300][140.376s][info][gc] GC(63) Pause Final Mark (unload classes) 0.408ms
[2021-02-07T17:29:18.070+0300][140.382s][info][gc] GC(63) Concurrent weak roots 5.319ms
[2021-02-07T17:29:18.070+0300][140.382s][info][gc] GC(63) Concurrent cleanup 230M->230M(256M) 0.012ms
[2021-02-07T17:29:18.072+0300][140.384s][info][gc] GC(63) Concurrent class unloading 2.318ms
[2021-02-07T17:29:18.072+0300][140.384s][info][gc] GC(63) Concurrent strong roots 0.133ms
[2021-02-07T17:29:18.077+0300][140.389s][info][gc] GC(63) Concurrent evacuation 4.723ms
[2021-02-07T17:29:18.080+0300][140.392s][info][gc] GC(63) Pause Init Update Refs 0.009ms
[2021-02-07T17:29:18.210+0300][140.522s][info][gc] GC(63) Concurrent update references 129.890ms
[2021-02-07T17:29:18.211+0300][140.523s][info][gc] GC(63) Pause Final Update Refs 0.121ms
[2021-02-07T17:29:18.211+0300][140.523s][info][gc] GC(63) Concurrent cleanup 234M->223M(256M) 0.016ms
[2021-02-07T17:29:18.213+0300][140.525s][info][gc] Trigger: Free (19618K) is below minimum threshold (26214K)
[2021-02-07T17:29:18.213+0300][140.525s][info][gc] GC(64) Concurrent reset 0.307ms
[2021-02-07T17:29:18.213+0300][140.526s][info][gc] GC(64) Pause Init Mark (unload classes) 0.149ms
[2021-02-07T17:29:18.537+0300][140.850s][info][gc] GC(64) Concurrent marking (unload classes) 323.822ms
[2021-02-07T17:29:18.538+0300][140.851s][info][gc] GC(64) Pause Final Mark (unload classes) 0.426ms
[2021-02-07T17:29:18.548+0300][140.860s][info][gc] GC(64) Concurrent weak roots 9.183ms
[2021-02-07T17:29:18.548+0300][140.860s][info][gc] GC(64) Concurrent cleanup 231M->231M(256M) 0.014ms
[2021-02-07T17:29:18.563+0300][140.875s][info][gc] GC(64) Concurrent class unloading 14.989ms
[2021-02-07T17:29:18.563+0300][140.875s][info][gc] GC(64) Concurrent strong roots 0.114ms
[2021-02-07T17:29:18.568+0300][140.880s][info][gc] GC(64) Concurrent evacuation 4.651ms
[2021-02-07T17:29:18.578+0300][140.890s][info][gc] GC(64) Pause Init Update Refs 0.011ms
[2021-02-07T17:29:18.711+0300][141.023s][info][gc] GC(64) Concurrent update references 132.963ms
[2021-02-07T17:29:18.711+0300][141.023s][info][gc] GC(64) Pause Final Update Refs 0.137ms
[2021-02-07T17:29:18.711+0300][141.023s][info][gc] GC(64) Concurrent cleanup 234M->223M(256M) 0.016ms
[2021-02-07T17:29:18.713+0300][141.025s][info][gc] Trigger: Free (19874K) is below minimum threshold (26214K)
[2021-02-07T17:29:18.713+0300][141.025s][info][gc] GC(65) Concurrent reset 0.316ms
[2021-02-07T17:29:18.713+0300][141.026s][info][gc] GC(65) Pause Init Mark (process weakrefs) (unload classes) 0.147ms
[2021-02-07T17:29:19.023+0300][141.335s][info][gc] GC(65) Concurrent marking (process weakrefs) (unload classes) 309.157ms
[2021-02-07T17:29:19.023+0300][141.335s][info][gc] GC(65) Concurrent precleaning 0.149ms
[2021-02-07T17:29:19.026+0300][141.338s][info][gc] GC(65) Pause Final Mark (process weakrefs) (unload classes) 0.445ms
[2021-02-07T17:29:19.034+0300][141.346s][info][gc] GC(65) Concurrent weak roots 7.290ms
[2021-02-07T17:29:19.034+0300][141.346s][info][gc] GC(65) Concurrent cleanup 231M->231M(256M) 0.010ms
[2021-02-07T17:29:19.038+0300][141.350s][info][gc] GC(65) Concurrent class unloading 4.085ms
[2021-02-07T17:29:19.038+0300][141.350s][info][gc] GC(65) Concurrent strong roots 0.129ms
[2021-02-07T17:29:19.042+0300][141.354s][info][gc] GC(65) Concurrent evacuation 4.073ms
[2021-02-07T17:29:19.045+0300][141.357s][info][gc] GC(65) Pause Init Update Refs 0.009ms
[2021-02-07T17:29:19.176+0300][141.489s][info][gc] GC(65) Concurrent update references 131.560ms
[2021-02-07T17:29:19.180+0300][141.492s][info][gc] GC(65) Pause Final Update Refs 0.139ms
[2021-02-07T17:29:19.180+0300][141.492s][info][gc] GC(65) Concurrent cleanup 234M->223M(256M) 0.018ms
[2021-02-07T17:29:19.182+0300][141.494s][info][gc] Trigger: Free (19618K) is below minimum threshold (26214K)
[2021-02-07T17:29:19.182+0300][141.494s][info][gc] GC(66) Concurrent reset 0.350ms
[2021-02-07T17:29:19.183+0300][141.495s][info][gc] GC(66) Pause Init Mark (unload classes) 0.106ms
[2021-02-07T17:29:19.493+0300][141.805s][info][gc] GC(66) Concurrent marking (unload classes) 310.606ms
[2021-02-07T17:29:19.494+0300][141.806s][info][gc] GC(66) Pause Final Mark (unload classes) 0.433ms
[2021-02-07T17:29:19.502+0300][141.814s][info][gc] GC(66) Concurrent weak roots 7.109ms
[2021-02-07T17:29:19.502+0300][141.814s][info][gc] GC(66) Concurrent cleanup 233M->233M(256M) 0.011ms
[2021-02-07T17:29:19.503+0300][141.816s][info][gc] GC(66) Concurrent class unloading 1.836ms
[2021-02-07T17:29:19.504+0300][141.816s][info][gc] GC(66) Concurrent strong roots 0.140ms
[2021-02-07T17:29:19.507+0300][141.819s][info][gc] GC(66) Concurrent evacuation 2.947ms
[2021-02-07T17:29:19.510+0300][141.822s][info][gc] GC(66) Pause Init Update Refs 0.009ms
[2021-02-07T17:29:19.639+0300][141.951s][info][gc] GC(66) Concurrent update references 129.465ms
[2021-02-07T17:29:19.640+0300][141.952s][info][gc] GC(66) Pause Final Update Refs 0.146ms
[2021-02-07T17:29:19.640+0300][141.952s][info][gc] GC(66) Concurrent cleanup 234M->223M(256M) 0.018ms
[2021-02-07T17:29:19.642+0300][141.954s][info][gc] Trigger: Free (19874K) is below minimum threshold (26214K)
[2021-02-07T17:29:19.642+0300][141.954s][info][gc] GC(67) Concurrent reset 0.312ms
[2021-02-07T17:29:19.642+0300][141.955s][info][gc] GC(67) Pause Init Mark (unload classes) 0.148ms
[2021-02-07T17:29:19.952+0300][142.264s][info][gc] GC(67) Concurrent marking (unload classes) 309.498ms
[2021-02-07T17:29:19.957+0300][142.269s][info][gc] GC(67) Pause Final Mark (unload classes) 0.445ms
[2021-02-07T17:29:19.965+0300][142.277s][info][gc] GC(67) Concurrent weak roots 7.312ms
[2021-02-07T17:29:19.965+0300][142.277s][info][gc] GC(67) Concurrent cleanup 232M->232M(256M) 0.011ms
[2021-02-07T17:29:19.969+0300][142.281s][info][gc] GC(67) Concurrent class unloading 4.101ms
[2021-02-07T17:29:19.969+0300][142.281s][info][gc] GC(67) Concurrent strong roots 0.105ms
[2021-02-07T17:29:19.972+0300][142.284s][info][gc] GC(67) Concurrent evacuation 3.314ms
[2021-02-07T17:29:19.973+0300][142.285s][info][gc] GC(67) Pause Init Update Refs 0.009ms
[2021-02-07T17:29:20.104+0300][142.416s][info][gc] GC(67) Concurrent update references 130.817ms
[2021-02-07T17:29:20.105+0300][142.417s][info][gc] GC(67) Pause Final Update Refs 0.137ms
[2021-02-07T17:29:20.105+0300][142.417s][info][gc] GC(67) Concurrent cleanup 234M->223M(256M) 0.017ms
[2021-02-07T17:29:20.107+0300][142.419s][info][gc] Trigger: Free (19618K) is below minimum threshold (26214K)
[2021-02-07T17:29:20.107+0300][142.419s][info][gc] GC(68) Concurrent reset 0.307ms
[2021-02-07T17:29:20.107+0300][142.420s][info][gc] GC(68) Pause Init Mark (unload classes) 0.142ms
[2021-02-07T17:29:20.414+0300][142.726s][info][gc] GC(68) Concurrent marking (unload classes) 306.565ms
[2021-02-07T17:29:20.419+0300][142.731s][info][gc] GC(68) Pause Final Mark (unload classes) 0.429ms
[2021-02-07T17:29:20.427+0300][142.739s][info][gc] GC(68) Concurrent weak roots 7.255ms
[2021-02-07T17:29:20.427+0300][142.739s][info][gc] GC(68) Concurrent cleanup 233M->233M(256M) 0.016ms
[2021-02-07T17:29:20.431+0300][142.743s][info][gc] GC(68) Concurrent class unloading 4.082ms
[2021-02-07T17:29:20.431+0300][142.743s][info][gc] GC(68) Concurrent strong roots 0.134ms
[2021-02-07T17:29:20.434+0300][142.747s][info][gc] GC(68) Concurrent evacuation 3.494ms
[2021-02-07T17:29:20.435+0300][142.748s][info][gc] GC(68) Pause Init Update Refs 0.010ms
[2021-02-07T17:29:20.568+0300][142.880s][info][gc] GC(68) Concurrent update references 132.297ms
[2021-02-07T17:29:20.571+0300][142.883s][info][gc] GC(68) Pause Final Update Refs 0.134ms
[2021-02-07T17:29:20.571+0300][142.883s][info][gc] GC(68) Concurrent cleanup 235M->223M(256M) 0.019ms
[2021-02-07T17:29:20.573+0300][142.885s][info][gc] Trigger: Free (19618K) is below minimum threshold (26214K)
[2021-02-07T17:29:20.573+0300][142.885s][info][gc] GC(69) Concurrent reset 0.279ms
[2021-02-07T17:29:20.573+0300][142.886s][info][gc] GC(69) Pause Init Mark (unload classes) 0.145ms
[2021-02-07T17:29:20.905+0300][143.217s][info][gc] GC(69) Concurrent marking (unload classes) 331.508ms
[2021-02-07T17:29:20.906+0300][143.219s][info][gc] GC(69) Pause Final Mark (unload classes) 0.352ms
[2021-02-07T17:29:20.914+0300][143.226s][info][gc] GC(69) Concurrent weak roots 7.124ms
[2021-02-07T17:29:20.914+0300][143.226s][info][gc] GC(69) Concurrent cleanup 233M->233M(256M) 0.010ms
[2021-02-07T17:29:20.920+0300][143.232s][info][gc] GC(69) Concurrent class unloading 6.111ms
[2021-02-07T17:29:20.920+0300][143.232s][info][gc] GC(69) Concurrent strong roots 0.154ms
[2021-02-07T17:29:20.923+0300][143.235s][info][gc] GC(69) Concurrent evacuation 3.198ms
[2021-02-07T17:29:20.926+0300][143.238s][info][gc] GC(69) Pause Init Update Refs 0.009ms
[2021-02-07T17:29:21.057+0300][143.369s][info][gc] GC(69) Concurrent update references 131.460ms
[2021-02-07T17:29:21.060+0300][143.372s][info][gc] GC(69) Pause Final Update Refs 0.124ms
[2021-02-07T17:29:21.060+0300][143.372s][info][gc] GC(69) Concurrent cleanup 234M->223M(256M) 0.017ms
[2021-02-07T17:29:21.062+0300][143.374s][info][gc] Trigger: Free (19618K) is below minimum threshold (26214K)
[2021-02-07T17:29:21.062+0300][143.374s][info][gc] GC(70) Concurrent reset 0.306ms
[2021-02-07T17:29:21.062+0300][143.374s][info][gc] GC(70) Pause Init Mark (process weakrefs) (unload classes) 0.104ms
[2021-02-07T17:29:21.371+0300][143.683s][info][gc] GC(70) Concurrent marking (process weakrefs) (unload classes) 308.016ms
[2021-02-07T17:29:21.371+0300][143.683s][info][gc] GC(70) Concurrent precleaning 0.139ms
[2021-02-07T17:29:21.376+0300][143.688s][info][gc] GC(70) Pause Final Mark (process weakrefs) (unload classes) 0.445ms
[2021-02-07T17:29:21.384+0300][143.695s][info][gc] GC(70) Concurrent weak roots 7.289ms
[2021-02-07T17:29:21.384+0300][143.695s][info][gc] GC(70) Concurrent cleanup 232M->232M(256M) 0.012ms
[2021-02-07T17:29:21.388+0300][143.699s][info][gc] GC(70) Concurrent class unloading 4.062ms
[2021-02-07T17:29:21.388+0300][143.699s][info][gc] GC(70) Concurrent strong roots 0.158ms
[2021-02-07T17:29:21.392+0300][143.703s][info][gc] GC(70) Concurrent evacuation 3.777ms
[2021-02-07T17:29:21.395+0300][143.706s][info][gc] GC(70) Pause Init Update Refs 0.009ms
[2021-02-07T17:29:21.526+0300][143.838s][info][gc] GC(70) Concurrent update references 131.511ms
[2021-02-07T17:29:21.527+0300][143.838s][info][gc] GC(70) Pause Final Update Refs 0.113ms
[2021-02-07T17:29:21.527+0300][143.839s][info][gc] GC(70) Concurrent cleanup 235M->223M(256M) 0.018ms
[2021-02-07T17:29:21.529+0300][143.840s][info][gc] Trigger: Free (19618K) is below minimum threshold (26214K)
[2021-02-07T17:29:21.529+0300][143.840s][info][gc] GC(71) Concurrent reset 0.312ms
[2021-02-07T17:29:21.529+0300][143.841s][info][gc] GC(71) Pause Init Mark (unload classes) 0.128ms
[2021-02-07T17:29:21.854+0300][144.166s][info][gc] GC(71) Concurrent marking (unload classes) 324.730ms
[2021-02-07T17:29:21.857+0300][144.169s][info][gc] GC(71) Pause Final Mark (unload classes) 0.416ms
[2021-02-07T17:29:21.865+0300][144.176s][info][gc] GC(71) Concurrent weak roots 7.264ms
[2021-02-07T17:29:21.865+0300][144.176s][info][gc] GC(71) Concurrent cleanup 232M->232M(256M) 0.012ms
[2021-02-07T17:29:21.869+0300][144.180s][info][gc] GC(71) Concurrent class unloading 4.128ms
[2021-02-07T17:29:21.869+0300][144.180s][info][gc] GC(71) Concurrent strong roots 0.136ms
[2021-02-07T17:29:21.873+0300][144.184s][info][gc] GC(71) Concurrent evacuation 3.736ms
[2021-02-07T17:29:21.876+0300][144.187s][info][gc] GC(71) Pause Init Update Refs 0.009ms
[2021-02-07T17:29:22.007+0300][144.318s][info][gc] GC(71) Concurrent update references 131.067ms
[2021-02-07T17:29:22.010+0300][144.321s][info][gc] GC(71) Pause Final Update Refs 0.131ms
[2021-02-07T17:29:22.010+0300][144.321s][info][gc] GC(71) Concurrent cleanup 235M->224M(256M) 0.016ms
[2021-02-07T17:29:22.012+0300][144.323s][info][gc] Trigger: Free (19362K) is below minimum threshold (26214K)
[2021-02-07T17:29:22.012+0300][144.323s][info][gc] GC(72) Concurrent reset 0.315ms
[2021-02-07T17:29:22.012+0300][144.324s][info][gc] GC(72) Pause Init Mark (unload classes) 0.145ms
[2021-02-07T17:29:22.319+0300][144.630s][info][gc] GC(72) Concurrent marking (unload classes) 306.082ms
[2021-02-07T17:29:22.322+0300][144.634s][info][gc] GC(72) Pause Final Mark (unload classes) 0.422ms
[2021-02-07T17:29:22.330+0300][144.641s][info][gc] GC(72) Concurrent weak roots 7.206ms
[2021-02-07T17:29:22.330+0300][144.641s][info][gc] GC(72) Concurrent cleanup 233M->233M(256M) 0.012ms
[2021-02-07T17:29:22.334+0300][144.645s][info][gc] GC(72) Concurrent class unloading 4.159ms
[2021-02-07T17:29:22.334+0300][144.645s][info][gc] GC(72) Concurrent strong roots 0.135ms
[2021-02-07T17:29:22.337+0300][144.649s][info][gc] GC(72) Concurrent evacuation 3.319ms
[2021-02-07T17:29:22.338+0300][144.650s][info][gc] GC(72) Pause Init Update Refs 0.011ms
[2021-02-07T17:29:22.467+0300][144.779s][info][gc] GC(72) Concurrent update references 128.958ms
[2021-02-07T17:29:22.480+0300][144.791s][info][gc] GC(72) Pause Final Update Refs 0.114ms
[2021-02-07T17:29:22.480+0300][144.791s][info][gc] GC(72) Concurrent cleanup 235M->223M(256M) 0.019ms
[2021-02-07T17:29:22.496+0300][144.807s][info][gc] Trigger: Free (19624K) is below minimum threshold (26214K)
[2021-02-07T17:29:22.496+0300][144.807s][info][gc] GC(73) Concurrent reset 0.402ms
[2021-02-07T17:29:22.496+0300][144.808s][info][gc] GC(73) Pause Init Mark (unload classes) 0.122ms
[2021-02-07T17:29:22.801+0300][145.113s][info][gc] GC(73) Concurrent marking (unload classes) 305.013ms
[2021-02-07T17:29:22.803+0300][145.115s][info][gc] GC(73) Pause Final Mark (unload classes) 0.417ms
[2021-02-07T17:29:22.809+0300][145.120s][info][gc] GC(73) Concurrent weak roots 5.384ms
[2021-02-07T17:29:22.809+0300][145.120s][info][gc] GC(73) Concurrent cleanup 230M->230M(256M) 0.010ms
[2021-02-07T17:29:22.810+0300][145.122s][info][gc] GC(73) Concurrent class unloading 1.837ms
[2021-02-07T17:29:22.811+0300][145.122s][info][gc] GC(73) Concurrent strong roots 0.096ms
[2021-02-07T17:29:22.816+0300][145.127s][info][gc] GC(73) Concurrent evacuation 5.210ms
[2021-02-07T17:29:22.819+0300][145.130s][info][gc] GC(73) Pause Init Update Refs 0.010ms
[2021-02-07T17:29:22.955+0300][145.266s][info][gc] GC(73) Concurrent update references 136.052ms
[2021-02-07T17:29:22.955+0300][145.267s][info][gc] GC(73) Pause Final Update Refs 0.139ms
[2021-02-07T17:29:22.956+0300][145.267s][info][gc] GC(73) Concurrent cleanup 234M->223M(256M) 0.017ms
[2021-02-07T17:29:22.968+0300][145.279s][info][gc] Trigger: Free (19521K) is below minimum threshold (26214K)
[2021-02-07T17:29:22.968+0300][145.279s][info][gc] GC(74) Concurrent reset 0.341ms
[2021-02-07T17:29:22.968+0300][145.280s][info][gc] GC(74) Pause Init Mark (unload classes) 0.112ms
[2021-02-07T17:29:23.273+0300][145.584s][info][gc] GC(74) Concurrent marking (unload classes) 304.182ms
[2021-02-07T17:29:23.288+0300][145.599s][info][gc] GC(74) Pause Final Mark (unload classes) 0.333ms
[2021-02-07T17:29:23.304+0300][145.615s][info][gc] GC(74) Concurrent weak roots 15.502ms
[2021-02-07T17:29:23.304+0300][145.615s][info][gc] GC(74) Concurrent cleanup 233M->233M(256M) 0.014ms
[2021-02-07T17:29:23.306+0300][145.617s][info][gc] GC(74) Concurrent class unloading 2.269ms
[2021-02-07T17:29:23.306+0300][145.618s][info][gc] GC(74) Concurrent strong roots 0.132ms
[2021-02-07T17:29:23.309+0300][145.621s][info][gc] GC(74) Concurrent evacuation 3.102ms
[2021-02-07T17:29:23.310+0300][145.622s][info][gc] GC(74) Pause Init Update Refs 0.009ms
[2021-02-07T17:29:23.440+0300][145.751s][info][gc] GC(74) Concurrent update references 129.252ms
[2021-02-07T17:29:23.441+0300][145.752s][info][gc] GC(74) Pause Final Update Refs 0.118ms
[2021-02-07T17:29:23.441+0300][145.752s][info][gc] GC(74) Concurrent cleanup 234M->223M(256M) 0.016ms
[2021-02-07T17:29:23.443+0300][145.754s][info][gc] Trigger: Free (19874K) is below minimum threshold (26214K)
[2021-02-07T17:29:23.443+0300][145.754s][info][gc] GC(75) Concurrent reset 0.319ms
[2021-02-07T17:29:23.443+0300][145.755s][info][gc] GC(75) Pause Init Mark (process weakrefs) (unload classes) 0.149ms
[2021-02-07T17:29:23.765+0300][146.078s][info][gc] GC(75) Concurrent marking (process weakrefs) (unload classes) 322.654ms
[2021-02-07T17:29:23.765+0300][146.078s][info][gc] GC(75) Concurrent precleaning 0.088ms
[2021-02-07T17:29:23.768+0300][146.080s][info][gc] GC(75) Pause Final Mark (process weakrefs) (unload classes) 0.372ms
[2021-02-07T17:29:23.781+0300][146.093s][info][gc] GC(75) Concurrent weak roots 12.529ms
[2021-02-07T17:29:23.781+0300][146.093s][info][gc] GC(75) Concurrent cleanup 232M->232M(256M) 0.016ms
[2021-02-07T17:29:23.797+0300][146.109s][info][gc] GC(75) Concurrent class unloading 16.000ms
[2021-02-07T17:29:23.797+0300][146.109s][info][gc] GC(75) Concurrent strong roots 0.084ms
[2021-02-07T17:29:23.800+0300][146.113s][info][gc] GC(75) Concurrent evacuation 3.423ms
[2021-02-07T17:29:23.801+0300][146.113s][info][gc] GC(75) Pause Init Update Refs 0.010ms
[2021-02-07T17:29:23.935+0300][146.247s][info][gc] GC(75) Concurrent update references 134.500ms
[2021-02-07T17:29:23.936+0300][146.248s][info][gc] GC(75) Pause Final Update Refs 0.121ms
[2021-02-07T17:29:23.936+0300][146.248s][info][gc] GC(75) Concurrent cleanup 234M->223M(256M) 0.019ms
[2021-02-07T17:29:23.938+0300][146.250s][info][gc] Trigger: Free (19521K) is below minimum threshold (26214K)
[2021-02-07T17:29:23.938+0300][146.250s][info][gc] GC(76) Concurrent reset 0.287ms
[2021-02-07T17:29:23.938+0300][146.251s][info][gc] GC(76) Pause Init Mark (unload classes) 0.119ms
[2021-02-07T17:29:24.261+0300][146.573s][info][gc] GC(76) Concurrent marking (unload classes) 322.494ms
[2021-02-07T17:29:24.271+0300][146.583s][info][gc] GC(76) Pause Final Mark (unload classes) 0.353ms
[2021-02-07T17:29:24.279+0300][146.591s][info][gc] GC(76) Concurrent weak roots 7.330ms
[2021-02-07T17:29:24.279+0300][146.591s][info][gc] GC(76) Concurrent cleanup 231M->231M(256M) 0.010ms
[2021-02-07T17:29:24.283+0300][146.595s][info][gc] GC(76) Concurrent class unloading 4.080ms
[2021-02-07T17:29:24.283+0300][146.595s][info][gc] GC(76) Concurrent strong roots 0.141ms
[2021-02-07T17:29:24.287+0300][146.599s][info][gc] GC(76) Concurrent evacuation 4.016ms
[2021-02-07T17:29:24.290+0300][146.602s][info][gc] GC(76) Pause Init Update Refs 0.009ms
[2021-02-07T17:29:24.425+0300][146.737s][info][gc] GC(76) Concurrent update references 134.859ms
[2021-02-07T17:29:24.428+0300][146.740s][info][gc] GC(76) Pause Final Update Refs 0.138ms
[2021-02-07T17:29:24.428+0300][146.740s][info][gc] GC(76) Concurrent cleanup 234M->223M(256M) 0.019ms
[2021-02-07T17:29:24.430+0300][146.742s][info][gc] Trigger: Free (19618K) is below minimum threshold (26214K)
[2021-02-07T17:29:24.430+0300][146.742s][info][gc] GC(77) Concurrent reset 0.350ms
[2021-02-07T17:29:24.430+0300][146.743s][info][gc] GC(77) Pause Init Mark (unload classes) 0.138ms
[2021-02-07T17:29:24.738+0300][147.050s][info][gc] GC(77) Concurrent marking (unload classes) 307.314ms
[2021-02-07T17:29:24.741+0300][147.053s][info][gc] GC(77) Pause Final Mark (unload classes) 0.317ms
[2021-02-07T17:29:24.749+0300][147.061s][info][gc] GC(77) Concurrent weak roots 7.442ms
[2021-02-07T17:29:24.749+0300][147.061s][info][gc] GC(77) Concurrent cleanup 232M->232M(256M) 0.012ms
[2021-02-07T17:29:24.753+0300][147.065s][info][gc] GC(77) Concurrent class unloading 4.159ms
[2021-02-07T17:29:24.753+0300][147.065s][info][gc] GC(77) Concurrent strong roots 0.137ms
[2021-02-07T17:29:24.756+0300][147.069s][info][gc] GC(77) Concurrent evacuation 3.384ms
[2021-02-07T17:29:24.757+0300][147.069s][info][gc] GC(77) Pause Init Update Refs 0.009ms
[2021-02-07T17:29:24.891+0300][147.203s][info][gc] GC(77) Concurrent update references 133.960ms
[2021-02-07T17:29:24.892+0300][147.204s][info][gc] GC(77) Pause Final Update Refs 0.115ms
[2021-02-07T17:29:24.892+0300][147.204s][info][gc] GC(77) Concurrent cleanup 234M->223M(256M) 0.017ms
[2021-02-07T17:29:24.894+0300][147.206s][info][gc] Trigger: Free (19508K) is below minimum threshold (26214K)
[2021-02-07T17:29:24.894+0300][147.206s][info][gc] GC(78) Concurrent reset 0.314ms
[2021-02-07T17:29:24.894+0300][147.207s][info][gc] GC(78) Pause Init Mark (unload classes) 0.128ms
[2021-02-07T17:29:25.216+0300][147.529s][info][gc] GC(78) Concurrent marking (unload classes) 321.920ms
[2021-02-07T17:29:25.219+0300][147.531s][info][gc] GC(78) Pause Final Mark (unload classes) 0.381ms
[2021-02-07T17:29:25.225+0300][147.537s][info][gc] GC(78) Concurrent weak roots 5.428ms
[2021-02-07T17:29:25.225+0300][147.537s][info][gc] GC(78) Concurrent cleanup 231M->231M(256M) 0.016ms
[2021-02-07T17:29:25.227+0300][147.539s][info][gc] GC(78) Concurrent class unloading 2.380ms
[2021-02-07T17:29:25.227+0300][147.540s][info][gc] GC(78) Concurrent strong roots 0.128ms
[2021-02-07T17:29:25.232+0300][147.544s][info][gc] GC(78) Concurrent evacuation 4.559ms
[2021-02-07T17:29:25.235+0300][147.547s][info][gc] GC(78) Pause Init Update Refs 0.014ms
[2021-02-07T17:29:25.368+0300][147.680s][info][gc] GC(78) Concurrent update references 133.330ms
[2021-02-07T17:29:25.369+0300][147.681s][info][gc] GC(78) Pause Final Update Refs 0.079ms
[2021-02-07T17:29:25.369+0300][147.681s][info][gc] GC(78) Concurrent cleanup 234M->223M(256M) 0.019ms
[2021-02-07T17:29:25.371+0300][147.683s][info][gc] Trigger: Free (19618K) is below minimum threshold (26214K)
[2021-02-07T17:29:25.371+0300][147.683s][info][gc] GC(79) Concurrent reset 0.315ms
[2021-02-07T17:29:25.371+0300][147.684s][info][gc] GC(79) Pause Init Mark (unload classes) 0.127ms
[2021-02-07T17:29:25.680+0300][147.992s][info][gc] GC(79) Concurrent marking (unload classes) 308.353ms
[2021-02-07T17:29:25.681+0300][147.994s][info][gc] GC(79) Pause Final Mark (unload classes) 0.416ms
[2021-02-07T17:29:25.689+0300][148.001s][info][gc] GC(79) Concurrent weak roots 7.114ms
[2021-02-07T17:29:25.689+0300][148.001s][info][gc] GC(79) Concurrent cleanup 233M->233M(256M) 0.012ms
[2021-02-07T17:29:25.691+0300][148.003s][info][gc] GC(79) Concurrent class unloading 2.061ms
[2021-02-07T17:29:25.691+0300][148.003s][info][gc] GC(79) Concurrent strong roots 0.070ms
[2021-02-07T17:29:25.694+0300][148.006s][info][gc] GC(79) Concurrent evacuation 3.002ms
[2021-02-07T17:29:25.697+0300][148.009s][info][gc] GC(79) Pause Init Update Refs 0.009ms
[2021-02-07T17:29:25.828+0300][148.140s][info][gc] GC(79) Concurrent update references 130.749ms
[2021-02-07T17:29:25.829+0300][148.141s][info][gc] GC(79) Pause Final Update Refs 0.099ms
[2021-02-07T17:29:25.829+0300][148.141s][info][gc] GC(79) Concurrent cleanup 234M->223M(256M) 0.019ms
[2021-02-07T17:29:25.831+0300][148.142s][info][gc] Trigger: Free (19586K) is below minimum threshold (26214K)
[2021-02-07T17:29:25.831+0300][148.143s][info][gc] GC(80) Concurrent reset 0.326ms
[2021-02-07T17:29:25.831+0300][148.143s][info][gc] GC(80) Pause Init Mark (process weakrefs) (unload classes) 0.128ms
[2021-02-07T17:29:26.143+0300][148.455s][info][gc] GC(80) Concurrent marking (process weakrefs) (unload classes) 311.587ms
[2021-02-07T17:29:26.143+0300][148.455s][info][gc] GC(80) Concurrent precleaning 0.081ms
[2021-02-07T17:29:26.148+0300][148.460s][info][gc] GC(80) Pause Final Mark (process weakrefs) (unload classes) 0.405ms
[2021-02-07T17:29:26.159+0300][148.470s][info][gc] GC(80) Concurrent weak roots 10.408ms
[2021-02-07T17:29:26.159+0300][148.470s][info][gc] GC(80) Concurrent cleanup 232M->232M(256M) 0.015ms
[2021-02-07T17:29:26.175+0300][148.486s][info][gc] GC(80) Concurrent class unloading 16.023ms
[2021-02-07T17:29:26.175+0300][148.486s][info][gc] GC(80) Concurrent strong roots 0.115ms
[2021-02-07T17:29:26.179+0300][148.490s][info][gc] GC(80) Concurrent evacuation 3.790ms
[2021-02-07T17:29:26.190+0300][148.501s][info][gc] GC(80) Pause Init Update Refs 0.016ms
[2021-02-07T17:29:26.320+0300][148.633s][info][gc] GC(80) Concurrent update references 130.992ms
[2021-02-07T17:29:26.322+0300][148.634s][info][gc] GC(80) Pause Final Update Refs 0.134ms
[2021-02-07T17:29:26.322+0300][148.634s][info][gc] GC(80) Concurrent cleanup 234M->223M(256M) 0.018ms
[2021-02-07T17:29:26.324+0300][148.636s][info][gc] Trigger: Free (19617K) is below minimum threshold (26214K)
[2021-02-07T17:29:26.324+0300][148.636s][info][gc] GC(81) Concurrent reset 0.282ms
[2021-02-07T17:29:26.324+0300][148.636s][info][gc] GC(81) Pause Init Mark (unload classes) 0.145ms
[2021-02-07T17:29:26.629+0300][148.941s][info][gc] GC(81) Concurrent marking (unload classes) 304.924ms
[2021-02-07T17:29:26.631+0300][148.943s][info][gc] GC(81) Pause Final Mark (unload classes) 0.450ms
[2021-02-07T17:29:26.638+0300][148.950s][info][gc] GC(81) Concurrent weak roots 6.900ms
[2021-02-07T17:29:26.638+0300][148.950s][info][gc] GC(81) Concurrent cleanup 232M->232M(256M) 0.011ms
[2021-02-07T17:29:26.642+0300][148.954s][info][gc] GC(81) Concurrent class unloading 4.061ms
[2021-02-07T17:29:26.642+0300][148.954s][info][gc] GC(81) Concurrent strong roots 0.134ms
[2021-02-07T17:29:26.645+0300][148.957s][info][gc] GC(81) Concurrent evacuation 3.517ms
[2021-02-07T17:29:26.646+0300][148.958s][info][gc] GC(81) Pause Init Update Refs 0.008ms
[2021-02-07T17:29:26.775+0300][149.087s][info][gc] GC(81) Concurrent update references 129.452ms
[2021-02-07T17:29:26.776+0300][149.088s][info][gc] GC(81) Pause Final Update Refs 0.143ms
[2021-02-07T17:29:26.777+0300][149.089s][info][gc] GC(81) Concurrent cleanup 234M->223M(256M) 0.017ms
[2021-02-07T17:29:26.779+0300][149.091s][info][gc] Trigger: Free (19583K) is below minimum threshold (26214K)
[2021-02-07T17:29:26.779+0300][149.091s][info][gc] GC(82) Concurrent reset 0.338ms
[2021-02-07T17:29:26.779+0300][149.091s][info][gc] GC(82) Pause Init Mark (unload classes) 0.117ms
[2021-02-07T17:29:27.089+0300][149.401s][info][gc] GC(82) Concurrent marking (unload classes) 309.591ms
[2021-02-07T17:29:27.093+0300][149.405s][info][gc] GC(82) Pause Final Mark (unload classes) 0.416ms
[2021-02-07T17:29:27.101+0300][149.413s][info][gc] GC(82) Concurrent weak roots 7.338ms
[2021-02-07T17:29:27.101+0300][149.413s][info][gc] GC(82) Concurrent cleanup 232M->232M(256M) 0.011ms
[2021-02-07T17:29:27.105+0300][149.417s][info][gc] GC(82) Concurrent class unloading 4.060ms
[2021-02-07T17:29:27.105+0300][149.417s][info][gc] GC(82) Concurrent strong roots 0.131ms
[2021-02-07T17:29:27.109+0300][149.421s][info][gc] GC(82) Concurrent evacuation 3.980ms
[2021-02-07T17:29:27.112+0300][149.424s][info][gc] GC(82) Pause Init Update Refs 0.009ms
[2021-02-07T17:29:27.244+0300][149.556s][info][gc] GC(82) Concurrent update references 132.651ms
[2021-02-07T17:29:27.247+0300][149.559s][info][gc] GC(82) Pause Final Update Refs 0.140ms
[2021-02-07T17:29:27.247+0300][149.559s][info][gc] GC(82) Concurrent cleanup 235M->224M(256M) 0.018ms
[2021-02-07T17:29:27.249+0300][149.561s][info][gc] Trigger: Free (19362K) is below minimum threshold (26214K)
[2021-02-07T17:29:27.249+0300][149.561s][info][gc] GC(83) Concurrent reset 0.415ms
[2021-02-07T17:29:27.250+0300][149.562s][info][gc] GC(83) Pause Init Mark (unload classes) 0.145ms
[2021-02-07T17:29:27.571+0300][149.883s][info][gc] GC(83) Concurrent marking (unload classes) 320.808ms
[2021-02-07T17:29:27.574+0300][149.886s][info][gc] GC(83) Pause Final Mark (unload classes) 0.413ms
[2021-02-07T17:29:27.582+0300][149.894s][info][gc] GC(83) Concurrent weak roots 7.332ms
[2021-02-07T17:29:27.582+0300][149.894s][info][gc] GC(83) Concurrent cleanup 232M->232M(256M) 0.010ms
[2021-02-07T17:29:27.586+0300][149.898s][info][gc] GC(83) Concurrent class unloading 4.139ms
[2021-02-07T17:29:27.586+0300][149.898s][info][gc] GC(83) Concurrent strong roots 0.134ms
[2021-02-07T17:29:27.590+0300][149.902s][info][gc] GC(83) Concurrent evacuation 4.082ms
[2021-02-07T17:29:27.593+0300][149.905s][info][gc] GC(83) Pause Init Update Refs 0.009ms
[2021-02-07T17:29:27.722+0300][150.034s][info][gc] GC(83) Concurrent update references 129.268ms
[2021-02-07T17:29:27.723+0300][150.035s][info][gc] GC(83) Pause Final Update Refs 0.136ms
[2021-02-07T17:29:27.723+0300][150.035s][info][gc] GC(83) Concurrent cleanup 235M->223M(256M) 0.017ms
[2021-02-07T17:29:27.725+0300][150.037s][info][gc] Trigger: Free (19618K) is below minimum threshold (26214K)
[2021-02-07T17:29:27.725+0300][150.037s][info][gc] GC(84) Concurrent reset 0.284ms
[2021-02-07T17:29:27.725+0300][150.037s][info][gc] GC(84) Pause Init Mark (unload classes) 0.144ms
[2021-02-07T17:29:28.037+0300][150.349s][info][gc] GC(84) Concurrent marking (unload classes) 311.750ms
[2021-02-07T17:29:28.041+0300][150.353s][info][gc] GC(84) Pause Final Mark (unload classes) 0.421ms
[2021-02-07T17:29:28.049+0300][150.361s][info][gc] GC(84) Concurrent weak roots 7.361ms
[2021-02-07T17:29:28.049+0300][150.361s][info][gc] GC(84) Concurrent cleanup 231M->231M(256M) 0.017ms
[2021-02-07T17:29:28.051+0300][150.363s][info][gc] GC(84) Concurrent class unloading 2.797ms
[2021-02-07T17:29:28.052+0300][150.364s][info][gc] GC(84) Concurrent strong roots 0.126ms
[2021-02-07T17:29:28.056+0300][150.368s][info][gc] GC(84) Concurrent evacuation 4.229ms
[2021-02-07T17:29:28.059+0300][150.371s][info][gc] GC(84) Pause Init Update Refs 0.008ms
[2021-02-07T17:29:28.190+0300][150.502s][info][gc] GC(84) Concurrent update references 131.398ms
[2021-02-07T17:29:28.191+0300][150.503s][info][gc] GC(84) Pause Final Update Refs 0.135ms
[2021-02-07T17:29:28.191+0300][150.503s][info][gc] GC(84) Concurrent cleanup 234M->224M(256M) 0.017ms
[2021-02-07T17:29:28.203+0300][150.515s][info][gc] Trigger: Free (19362K) is below minimum threshold (26214K)
[2021-02-07T17:29:28.203+0300][150.515s][info][gc] GC(85) Concurrent reset 0.439ms
[2021-02-07T17:29:28.203+0300][150.515s][info][gc] GC(85) Pause Init Mark (process weakrefs) (unload classes) 0.082ms
[2021-02-07T17:29:28.524+0300][150.836s][info][gc] GC(85) Concurrent marking (process weakrefs) (unload classes) 321.013ms
[2021-02-07T17:29:28.525+0300][150.837s][info][gc] GC(85) Concurrent precleaning 0.134ms
[2021-02-07T17:29:28.526+0300][150.837s][info][gc] GC(85) Pause Final Mark (process weakrefs) (unload classes) 0.340ms
[2021-02-07T17:29:28.533+0300][150.845s][info][gc] GC(85) Concurrent weak roots 6.962ms
[2021-02-07T17:29:28.533+0300][150.845s][info][gc] GC(85) Concurrent cleanup 232M->232M(256M) 0.011ms
[2021-02-07T17:29:28.537+0300][150.849s][info][gc] GC(85) Concurrent class unloading 4.076ms
[2021-02-07T17:29:28.537+0300][150.849s][info][gc] GC(85) Concurrent strong roots 0.134ms
[2021-02-07T17:29:28.541+0300][150.853s][info][gc] GC(85) Concurrent evacuation 4.107ms
[2021-02-07T17:29:28.544+0300][150.856s][info][gc] GC(85) Pause Init Update Refs 0.009ms
[2021-02-07T17:29:28.675+0300][150.987s][info][gc] GC(85) Concurrent update references 131.085ms
[2021-02-07T17:29:28.675+0300][150.987s][info][gc] GC(85) Pause Final Update Refs 0.089ms
[2021-02-07T17:29:28.676+0300][150.988s][info][gc] GC(85) Concurrent cleanup 235M->224M(256M) 0.016ms
[2021-02-07T17:29:28.678+0300][150.990s][info][gc] Trigger: Free (19362K) is below minimum threshold (26214K)
[2021-02-07T17:29:28.678+0300][150.990s][info][gc] GC(86) Concurrent reset 0.322ms
[2021-02-07T17:29:28.678+0300][150.990s][info][gc] GC(86) Pause Init Mark (unload classes) 0.109ms
[2021-02-07T17:29:28.992+0300][151.303s][info][gc] GC(86) Concurrent marking (unload classes) 312.857ms
[2021-02-07T17:29:28.993+0300][151.304s][info][gc] GC(86) Pause Final Mark (unload classes) 0.367ms
[2021-02-07T17:29:29.000+0300][151.311s][info][gc] GC(86) Concurrent weak roots 6.748ms
[2021-02-07T17:29:29.000+0300][151.311s][info][gc] GC(86) Concurrent cleanup 232M->232M(256M) 0.010ms
[2021-02-07T17:29:29.004+0300][151.315s][info][gc] GC(86) Concurrent class unloading 4.080ms
[2021-02-07T17:29:29.004+0300][151.316s][info][gc] GC(86) Concurrent strong roots 0.135ms
[2021-02-07T17:29:29.008+0300][151.319s][info][gc] GC(86) Concurrent evacuation 3.652ms
[2021-02-07T17:29:29.008+0300][151.320s][info][gc] GC(86) Pause Init Update Refs 0.009ms
[2021-02-07T17:29:29.140+0300][151.452s][info][gc] GC(86) Concurrent update references 132.148ms
[2021-02-07T17:29:29.143+0300][151.455s][info][gc] GC(86) Pause Final Update Refs 0.142ms
[2021-02-07T17:29:29.143+0300][151.455s][info][gc] GC(86) Concurrent cleanup 235M->224M(256M) 0.017ms
[2021-02-07T17:29:29.145+0300][151.456s][info][gc] Trigger: Free (19362K) is below minimum threshold (26214K)
[2021-02-07T17:29:29.145+0300][151.457s][info][gc] GC(87) Concurrent reset 0.314ms
[2021-02-07T17:29:29.145+0300][151.457s][info][gc] GC(87) Pause Init Mark (unload classes) 0.147ms
[2021-02-07T17:29:29.450+0300][151.762s][info][gc] GC(87) Concurrent marking (unload classes) 304.547ms
[2021-02-07T17:29:29.455+0300][151.767s][info][gc] GC(87) Pause Final Mark (unload classes) 0.443ms
[2021-02-07T17:29:29.463+0300][151.774s][info][gc] GC(87) Concurrent weak roots 7.257ms
[2021-02-07T17:29:29.463+0300][151.774s][info][gc] GC(87) Concurrent cleanup 232M->232M(256M) 0.010ms
[2021-02-07T17:29:29.467+0300][151.778s][info][gc] GC(87) Concurrent class unloading 4.056ms
[2021-02-07T17:29:29.467+0300][151.779s][info][gc] GC(87) Concurrent strong roots 0.104ms
[2021-02-07T17:29:29.471+0300][151.783s][info][gc] GC(87) Concurrent evacuation 3.966ms
[2021-02-07T17:29:29.474+0300][151.785s][info][gc] GC(87) Pause Init Update Refs 0.009ms
[2021-02-07T17:29:29.610+0300][151.921s][info][gc] GC(87) Concurrent update references 135.812ms
[2021-02-07T17:29:29.613+0300][151.925s][info][gc] GC(87) Pause Final Update Refs 0.119ms
[2021-02-07T17:29:29.613+0300][151.925s][info][gc] GC(87) Concurrent cleanup 235M->224M(256M) 0.016ms
[2021-02-07T17:29:29.615+0300][151.926s][info][gc] Trigger: Free (19362K) is below minimum threshold (26214K)
[2021-02-07T17:29:29.615+0300][151.927s][info][gc] GC(88) Concurrent reset 0.282ms
[2021-02-07T17:29:29.615+0300][151.927s][info][gc] GC(88) Pause Init Mark (unload classes) 0.129ms
[2021-02-07T17:29:29.927+0300][152.239s][info][gc] GC(88) Concurrent marking (unload classes) 311.562ms
[2021-02-07T17:29:29.930+0300][152.242s][info][gc] GC(88) Pause Final Mark (unload classes) 0.415ms
[2021-02-07T17:29:29.938+0300][152.249s][info][gc] GC(88) Concurrent weak roots 7.327ms
[2021-02-07T17:29:29.938+0300][152.249s][info][gc] GC(88) Concurrent cleanup 232M->232M(256M) 0.010ms
[2021-02-07T17:29:29.942+0300][152.253s][info][gc] GC(88) Concurrent class unloading 4.087ms
[2021-02-07T17:29:29.942+0300][152.254s][info][gc] GC(88) Concurrent strong roots 0.103ms
[2021-02-07T17:29:29.946+0300][152.258s][info][gc] GC(88) Concurrent evacuation 3.997ms
[2021-02-07T17:29:29.947+0300][152.259s][info][gc] GC(88) Pause Init Update Refs 0.009ms
[2021-02-07T17:29:30.080+0300][152.392s][info][gc] GC(88) Concurrent update references 133.062ms
[2021-02-07T17:29:30.083+0300][152.394s][info][gc] GC(88) Pause Final Update Refs 0.119ms
[2021-02-07T17:29:30.083+0300][152.395s][info][gc] GC(88) Concurrent cleanup 235M->224M(256M) 0.019ms
[2021-02-07T17:29:30.085+0300][152.396s][info][gc] Trigger: Free (19362K) is below minimum threshold (26214K)
[2021-02-07T17:29:30.085+0300][152.397s][info][gc] GC(89) Concurrent reset 0.315ms
[2021-02-07T17:29:30.085+0300][152.397s][info][gc] GC(89) Pause Init Mark (unload classes) 0.143ms
[2021-02-07T17:29:30.394+0300][152.706s][info][gc] GC(89) Concurrent marking (unload classes) 308.447ms
[2021-02-07T17:29:30.398+0300][152.710s][info][gc] GC(89) Pause Final Mark (unload classes) 0.466ms
[2021-02-07T17:29:30.419+0300][152.730s][info][gc] GC(89) Concurrent weak roots 20.273ms
[2021-02-07T17:29:30.419+0300][152.730s][info][gc] GC(89) Concurrent cleanup 233M->233M(256M) 0.012ms
[2021-02-07T17:29:30.435+0300][152.746s][info][gc] GC(89) Concurrent class unloading 16.066ms
[2021-02-07T17:29:30.435+0300][152.747s][info][gc] GC(89) Concurrent strong roots 0.079ms
[2021-02-07T17:29:30.438+0300][152.750s][info][gc] GC(89) Concurrent evacuation 3.234ms
[2021-02-07T17:29:30.451+0300][152.763s][info][gc] GC(89) Pause Init Update Refs 0.009ms
[2021-02-07T17:29:30.583+0300][152.894s][info][gc] GC(89) Concurrent update references 131.799ms
[2021-02-07T17:29:30.584+0300][152.895s][info][gc] GC(89) Pause Final Update Refs 0.137ms
[2021-02-07T17:29:30.584+0300][152.896s][info][gc] GC(89) Concurrent cleanup 235M->224M(256M) 0.018ms
[2021-02-07T17:29:30.586+0300][152.897s][info][gc] Trigger: Free (19362K) is below minimum threshold (26214K)
[2021-02-07T17:29:30.586+0300][152.898s][info][gc] GC(90) Concurrent reset 0.341ms
[2021-02-07T17:29:30.586+0300][152.898s][info][gc] GC(90) Pause Init Mark (process weakrefs) (unload classes) 0.143ms
[2021-02-07T17:29:30.897+0300][153.209s][info][gc] GC(90) Concurrent marking (process weakrefs) (unload classes) 310.850ms
[2021-02-07T17:29:30.897+0300][153.209s][info][gc] GC(90) Concurrent precleaning 0.110ms
[2021-02-07T17:29:30.900+0300][153.212s][info][gc] GC(90) Pause Final Mark (process weakrefs) (unload classes) 0.435ms
[2021-02-07T17:29:30.908+0300][153.219s][info][gc] GC(90) Concurrent weak roots 7.410ms
[2021-02-07T17:29:30.908+0300][153.219s][info][gc] GC(90) Concurrent cleanup 233M->233M(256M) 0.010ms
[2021-02-07T17:29:30.912+0300][153.224s][info][gc] GC(90) Concurrent class unloading 4.088ms
[2021-02-07T17:29:30.912+0300][153.224s][info][gc] GC(90) Concurrent strong roots 0.129ms
[2021-02-07T17:29:30.915+0300][153.227s][info][gc] GC(90) Concurrent evacuation 3.408ms
[2021-02-07T17:29:30.918+0300][153.229s][info][gc] GC(90) Pause Init Update Refs 0.010ms
[2021-02-07T17:29:31.050+0300][153.362s][info][gc] GC(90) Concurrent update references 132.175ms
[2021-02-07T17:29:31.053+0300][153.365s][info][gc] GC(90) Pause Final Update Refs 0.136ms
[2021-02-07T17:29:31.053+0300][153.365s][info][gc] GC(90) Concurrent cleanup 235M->224M(256M) 0.017ms
[2021-02-07T17:29:31.055+0300][153.366s][info][gc] Trigger: Free (19106K) is below minimum threshold (26214K)
[2021-02-07T17:29:31.055+0300][153.367s][info][gc] GC(91) Concurrent reset 0.315ms
[2021-02-07T17:29:31.055+0300][153.367s][info][gc] GC(91) Pause Init Mark (unload classes) 0.146ms
[2021-02-07T17:29:31.360+0300][153.672s][info][gc] GC(91) Concurrent marking (unload classes) 304.262ms
[2021-02-07T17:29:31.363+0300][153.675s][info][gc] GC(91) Pause Final Mark (unload classes) 0.428ms
[2021-02-07T17:29:31.371+0300][153.682s][info][gc] GC(91) Concurrent weak roots 7.308ms
[2021-02-07T17:29:31.371+0300][153.682s][info][gc] GC(91) Concurrent cleanup 233M->233M(256M) 0.015ms
[2021-02-07T17:29:31.375+0300][153.686s][info][gc] GC(91) Concurrent class unloading 4.087ms
[2021-02-07T17:29:31.375+0300][153.687s][info][gc] GC(91) Concurrent strong roots 0.138ms
[2021-02-07T17:29:31.378+0300][153.690s][info][gc] GC(91) Concurrent evacuation 3.109ms
[2021-02-07T17:29:31.379+0300][153.691s][info][gc] GC(91) Pause Init Update Refs 0.009ms
[2021-02-07T17:29:31.510+0300][153.821s][info][gc] GC(91) Concurrent update references 130.650ms
[2021-02-07T17:29:31.513+0300][153.825s][info][gc] GC(91) Pause Final Update Refs 0.084ms
[2021-02-07T17:29:31.513+0300][153.825s][info][gc] GC(91) Concurrent cleanup 235M->224M(256M) 0.019ms
[2021-02-07T17:29:31.529+0300][153.840s][info][gc] Trigger: Free (19362K) is below minimum threshold (26214K)
[2021-02-07T17:29:31.529+0300][153.841s][info][gc] GC(92) Concurrent reset 0.302ms
[2021-02-07T17:29:31.529+0300][153.841s][info][gc] GC(92) Pause Init Mark (unload classes) 0.145ms
[2021-02-07T17:29:31.835+0300][154.147s][info][gc] GC(92) Concurrent marking (unload classes) 305.933ms
[2021-02-07T17:29:31.837+0300][154.148s][info][gc] GC(92) Pause Final Mark (unload classes) 0.411ms
[2021-02-07T17:29:31.844+0300][154.155s][info][gc] GC(92) Concurrent weak roots 6.749ms
[2021-02-07T17:29:31.844+0300][154.155s][info][gc] GC(92) Concurrent cleanup 233M->233M(256M) 0.010ms
[2021-02-07T17:29:31.845+0300][154.157s][info][gc] GC(92) Concurrent class unloading 1.670ms
[2021-02-07T17:29:31.845+0300][154.157s][info][gc] GC(92) Concurrent strong roots 0.126ms
[2021-02-07T17:29:31.849+0300][154.160s][info][gc] GC(92) Concurrent evacuation 3.078ms
[2021-02-07T17:29:31.852+0300][154.164s][info][gc] GC(92) Pause Init Update Refs 0.009ms
[2021-02-07T17:29:31.987+0300][154.298s][info][gc] GC(92) Concurrent update references 134.779ms
[2021-02-07T17:29:31.990+0300][154.302s][info][gc] GC(92) Pause Final Update Refs 0.064ms
[2021-02-07T17:29:31.990+0300][154.302s][info][gc] GC(92) Concurrent cleanup 235M->224M(256M) 0.019ms
[2021-02-07T17:29:31.992+0300][154.303s][info][gc] Trigger: Free (19267K) is below minimum threshold (26214K)
[2021-02-07T17:29:31.992+0300][154.304s][info][gc] GC(93) Concurrent reset 0.316ms
[2021-02-07T17:29:31.992+0300][154.304s][info][gc] GC(93) Pause Init Mark (unload classes) 0.092ms
[2021-02-07T17:29:32.315+0300][154.626s][info][gc] GC(93) Concurrent marking (unload classes) 322.144ms
[2021-02-07T17:29:32.319+0300][154.631s][info][gc] GC(93) Pause Final Mark (unload classes) 0.338ms
[2021-02-07T17:29:32.327+0300][154.638s][info][gc] GC(93) Concurrent weak roots 7.445ms
[2021-02-07T17:29:32.327+0300][154.638s][info][gc] GC(93) Concurrent cleanup 233M->233M(256M) 0.010ms
[2021-02-07T17:29:32.331+0300][154.643s][info][gc] GC(93) Concurrent class unloading 4.091ms
[2021-02-07T17:29:32.331+0300][154.643s][info][gc] GC(93) Concurrent strong roots 0.135ms
[2021-02-07T17:29:32.335+0300][154.646s][info][gc] GC(93) Concurrent evacuation 3.646ms
[2021-02-07T17:29:32.338+0300][154.649s][info][gc] GC(93) Pause Init Update Refs 0.010ms
[2021-02-07T17:29:32.469+0300][154.781s][info][gc] GC(93) Concurrent update references 131.366ms
[2021-02-07T17:29:32.470+0300][154.782s][info][gc] GC(93) Pause Final Update Refs 0.107ms
[2021-02-07T17:29:32.471+0300][154.782s][info][gc] GC(93) Concurrent cleanup 235M->224M(256M) 0.019ms
[2021-02-07T17:29:32.473+0300][154.784s][info][gc] Trigger: Free (19103K) is below minimum threshold (26214K)
[2021-02-07T17:29:32.473+0300][154.785s][info][gc] GC(94) Concurrent reset 0.329ms
[2021-02-07T17:29:32.473+0300][154.785s][info][gc] GC(94) Pause Init Mark (unload classes) 0.120ms
[2021-02-07T17:29:32.777+0300][155.089s][info][gc] GC(94) Concurrent marking (unload classes) 303.408ms
[2021-02-07T17:29:32.782+0300][155.094s][info][gc] GC(94) Pause Final Mark (unload classes) 0.457ms
[2021-02-07T17:29:32.790+0300][155.101s][info][gc] GC(94) Concurrent weak roots 7.271ms
[2021-02-07T17:29:32.790+0300][155.101s][info][gc] GC(94) Concurrent cleanup 232M->232M(256M) 0.010ms
[2021-02-07T17:29:32.794+0300][155.105s][info][gc] GC(94) Concurrent class unloading 4.076ms
[2021-02-07T17:29:32.794+0300][155.106s][info][gc] GC(94) Concurrent strong roots 0.129ms
[2021-02-07T17:29:32.798+0300][155.109s][info][gc] GC(94) Concurrent evacuation 3.664ms
[2021-02-07T17:29:32.801+0300][155.112s][info][gc] GC(94) Pause Init Update Refs 0.012ms
[2021-02-07T17:29:32.934+0300][155.246s][info][gc] GC(94) Concurrent update references 133.018ms
[2021-02-07T17:29:32.937+0300][155.249s][info][gc] GC(94) Pause Final Update Refs 0.137ms
[2021-02-07T17:29:32.937+0300][155.249s][info][gc] GC(94) Concurrent cleanup 235M->224M(256M) 0.017ms
[2021-02-07T17:29:32.939+0300][155.250s][info][gc] Trigger: Free (19270K) is below minimum threshold (26214K)
[2021-02-07T17:29:32.939+0300][155.251s][info][gc] GC(95) Concurrent reset 0.283ms
[2021-02-07T17:29:32.939+0300][155.251s][info][gc] GC(95) Pause Init Mark (process weakrefs) (unload classes) 0.148ms
[2021-02-07T17:29:33.247+0300][155.559s][info][gc] GC(95) Concurrent marking (process weakrefs) (unload classes) 307.378ms
[2021-02-07T17:29:33.247+0300][155.559s][info][gc] GC(95) Concurrent precleaning 0.142ms
[2021-02-07T17:29:33.250+0300][155.562s][info][gc] GC(95) Pause Final Mark (process weakrefs) (unload classes) 0.445ms
[2021-02-07T17:29:33.258+0300][155.569s][info][gc] GC(95) Concurrent weak roots 7.347ms
[2021-02-07T17:29:33.258+0300][155.569s][info][gc] GC(95) Concurrent cleanup 232M->232M(256M) 0.010ms
[2021-02-07T17:29:33.262+0300][155.573s][info][gc] GC(95) Concurrent class unloading 4.077ms
[2021-02-07T17:29:33.262+0300][155.574s][info][gc] GC(95) Concurrent strong roots 0.131ms
[2021-02-07T17:29:33.266+0300][155.578s][info][gc] GC(95) Concurrent evacuation 3.947ms
[2021-02-07T17:29:33.269+0300][155.580s][info][gc] GC(95) Pause Init Update Refs 0.009ms
[2021-02-07T17:29:33.398+0300][155.710s][info][gc] GC(95) Concurrent update references 129.628ms
[2021-02-07T17:29:33.399+0300][155.711s][info][gc] GC(95) Pause Final Update Refs 0.143ms
[2021-02-07T17:29:33.399+0300][155.711s][info][gc] GC(95) Concurrent cleanup 235M->224M(256M) 0.019ms
[2021-02-07T17:29:33.413+0300][155.724s][info][gc] Trigger: Free (19120K) is below minimum threshold (26214K)
[2021-02-07T17:29:33.413+0300][155.725s][info][gc] GC(96) Concurrent reset 0.373ms
[2021-02-07T17:29:33.413+0300][155.725s][info][gc] GC(96) Pause Init Mark (unload classes) 0.129ms
[2021-02-07T17:29:33.737+0300][156.049s][info][gc] GC(96) Concurrent marking (unload classes) 323.589ms
[2021-02-07T17:29:33.740+0300][156.052s][info][gc] GC(96) Pause Final Mark (unload classes) 0.407ms
[2021-02-07T17:29:33.748+0300][156.059s][info][gc] GC(96) Concurrent weak roots 7.324ms
[2021-02-07T17:29:33.748+0300][156.059s][info][gc] GC(96) Concurrent cleanup 232M->232M(256M) 0.010ms
[2021-02-07T17:29:33.752+0300][156.064s][info][gc] GC(96) Concurrent class unloading 4.105ms
[2021-02-07T17:29:33.752+0300][156.064s][info][gc] GC(96) Concurrent strong roots 0.103ms
[2021-02-07T17:29:33.756+0300][156.068s][info][gc] GC(96) Concurrent evacuation 3.996ms
[2021-02-07T17:29:33.759+0300][156.070s][info][gc] GC(96) Pause Init Update Refs 0.011ms
[2021-02-07T17:29:33.900+0300][156.212s][info][gc] GC(96) Concurrent update references 141.690ms
[2021-02-07T17:29:33.902+0300][156.213s][info][gc] GC(96) Pause Final Update Refs 0.152ms
[2021-02-07T17:29:33.902+0300][156.214s][info][gc] GC(96) Concurrent cleanup 235M->224M(256M) 0.018ms
[2021-02-07T17:29:33.909+0300][156.220s][info][gc] Trigger: Free (18999K) is below minimum threshold (26214K)
[2021-02-07T17:29:33.909+0300][156.221s][info][gc] GC(97) Concurrent reset 0.269ms
[2021-02-07T17:29:33.909+0300][156.221s][info][gc] GC(97) Pause Init Mark (unload classes) 0.144ms
[2021-02-07T17:29:34.232+0300][156.544s][info][gc] GC(97) Concurrent marking (unload classes) 322.896ms
[2021-02-07T17:29:34.235+0300][156.547s][info][gc] GC(97) Pause Final Mark (unload classes) 0.419ms
[2021-02-07T17:29:34.242+0300][156.554s][info][gc] GC(97) Concurrent weak roots 6.739ms
[2021-02-07T17:29:34.242+0300][156.554s][info][gc] GC(97) Concurrent cleanup 232M->232M(256M) 0.011ms
[2021-02-07T17:29:34.246+0300][156.558s][info][gc] GC(97) Concurrent class unloading 4.069ms
[2021-02-07T17:29:34.246+0300][156.558s][info][gc] GC(97) Concurrent strong roots 0.129ms
[2021-02-07T17:29:34.250+0300][156.562s][info][gc] GC(97) Concurrent evacuation 3.885ms
[2021-02-07T17:29:34.253+0300][156.565s][info][gc] GC(97) Pause Init Update Refs 0.009ms
[2021-02-07T17:29:34.383+0300][156.695s][info][gc] GC(97) Concurrent update references 130.150ms
[2021-02-07T17:29:34.386+0300][156.698s][info][gc] GC(97) Pause Final Update Refs 0.133ms
[2021-02-07T17:29:34.386+0300][156.698s][info][gc] GC(97) Concurrent cleanup 235M->224M(256M) 0.018ms
[2021-02-07T17:29:34.388+0300][156.700s][info][gc] Trigger: Free (19362K) is below minimum threshold (26214K)
[2021-02-07T17:29:34.388+0300][156.700s][info][gc] GC(98) Concurrent reset 0.310ms
[2021-02-07T17:29:34.388+0300][156.701s][info][gc] GC(98) Pause Init Mark (unload classes) 0.143ms
[2021-02-07T17:29:34.696+0300][157.009s][info][gc] GC(98) Concurrent marking (unload classes) 307.867ms
[2021-02-07T17:29:34.702+0300][157.014s][info][gc] GC(98) Pause Final Mark (unload classes) 0.443ms
[2021-02-07T17:29:34.710+0300][157.022s][info][gc] GC(98) Concurrent weak roots 7.291ms
[2021-02-07T17:29:34.710+0300][157.022s][info][gc] GC(98) Concurrent cleanup 233M->233M(256M) 0.010ms
[2021-02-07T17:29:34.714+0300][157.026s][info][gc] GC(98) Concurrent class unloading 4.047ms
[2021-02-07T17:29:34.714+0300][157.026s][info][gc] GC(98) Concurrent strong roots 0.103ms
[2021-02-07T17:29:34.718+0300][157.030s][info][gc] GC(98) Concurrent evacuation 3.681ms
[2021-02-07T17:29:34.721+0300][157.033s][info][gc] GC(98) Pause Init Update Refs 0.010ms
[2021-02-07T17:29:34.852+0300][157.164s][info][gc] GC(98) Concurrent update references 130.741ms
[2021-02-07T17:29:34.855+0300][157.167s][info][gc] GC(98) Pause Final Update Refs 0.128ms
[2021-02-07T17:29:34.855+0300][157.167s][info][gc] GC(98) Concurrent cleanup 235M->224M(256M) 0.017ms
[2021-02-07T17:29:34.857+0300][157.169s][info][gc] Trigger: Free (19330K) is below minimum threshold (26214K)
[2021-02-07T17:29:34.857+0300][157.169s][info][gc] GC(99) Concurrent reset 0.282ms
[2021-02-07T17:29:34.857+0300][157.169s][info][gc] GC(99) Pause Init Mark (unload classes) 0.146ms
[2021-02-07T17:29:35.169+0300][157.481s][info][gc] GC(99) Concurrent marking (unload classes) 311.718ms
[2021-02-07T17:29:35.174+0300][157.486s][info][gc] GC(99) Pause Final Mark (unload classes) 0.402ms
[2021-02-07T17:29:35.182+0300][157.494s][info][gc] GC(99) Concurrent weak roots 7.355ms
[2021-02-07T17:29:35.182+0300][157.494s][info][gc] GC(99) Concurrent cleanup 233M->233M(256M) 0.011ms
[2021-02-07T17:29:35.186+0300][157.498s][info][gc] GC(99) Concurrent class unloading 4.083ms
[2021-02-07T17:29:35.186+0300][157.498s][info][gc] GC(99) Concurrent strong roots 0.134ms
[2021-02-07T17:29:35.189+0300][157.501s][info][gc] GC(99) Concurrent evacuation 3.381ms
[2021-02-07T17:29:35.190+0300][157.502s][info][gc] GC(99) Pause Init Update Refs 0.009ms
[2021-02-07T17:29:35.324+0300][157.636s][info][gc] GC(99) Concurrent update references 134.334ms
[2021-02-07T17:29:35.325+0300][157.637s][info][gc] GC(99) Pause Final Update Refs 0.138ms
[2021-02-07T17:29:35.325+0300][157.637s][info][gc] GC(99) Concurrent cleanup 235M->224M(256M) 0.016ms
[2021-02-07T17:29:35.327+0300][157.639s][info][gc] Trigger: Free (19106K) is below minimum threshold (26214K)
[2021-02-07T17:29:35.327+0300][157.639s][info][gc] GC(100) Concurrent reset 0.280ms
[2021-02-07T17:29:35.327+0300][157.639s][info][gc] GC(100) Pause Init Mark (process weakrefs) (unload classes) 0.146ms
[2021-02-07T17:29:35.650+0300][157.963s][info][gc] GC(100) Concurrent marking (process weakrefs) (unload classes) 322.920ms
[2021-02-07T17:29:35.651+0300][157.963s][info][gc] GC(100) Concurrent precleaning 0.157ms
[2021-02-07T17:29:35.651+0300][157.963s][info][gc] GC(100) Pause Final Mark (process weakrefs) (unload classes) 0.439ms
[2021-02-07T17:29:35.659+0300][157.971s][info][gc] GC(100) Concurrent weak roots 7.290ms
[2021-02-07T17:29:35.659+0300][157.971s][info][gc] GC(100) Concurrent cleanup 232M->232M(256M) 0.010ms
[2021-02-07T17:29:35.663+0300][157.975s][info][gc] GC(100) Concurrent class unloading 4.046ms
[2021-02-07T17:29:35.663+0300][157.975s][info][gc] GC(100) Concurrent strong roots 0.129ms
[2021-02-07T17:29:35.667+0300][157.979s][info][gc] GC(100) Concurrent evacuation 3.790ms
[2021-02-07T17:29:35.670+0300][157.982s][info][gc] GC(100) Pause Init Update Refs 0.009ms
[2021-02-07T17:29:35.801+0300][158.114s][info][gc] GC(100) Concurrent update references 131.586ms
[2021-02-07T17:29:35.804+0300][158.116s][info][gc] GC(100) Pause Final Update Refs 0.138ms
[2021-02-07T17:29:35.804+0300][158.116s][info][gc] GC(100) Concurrent cleanup 235M->224M(256M) 0.018ms
[2021-02-07T17:29:35.806+0300][158.118s][info][gc] Trigger: Free (19346K) is below minimum threshold (26214K)
[2021-02-07T17:29:35.806+0300][158.118s][info][gc] GC(101) Concurrent reset 0.286ms
[2021-02-07T17:29:35.806+0300][158.118s][info][gc] GC(101) Pause Init Mark (unload classes) 0.144ms
[2021-02-07T17:29:36.114+0300][158.427s][info][gc] GC(101) Concurrent marking (unload classes) 308.049ms
[2021-02-07T17:29:36.118+0300][158.430s][info][gc] GC(101) Pause Final Mark (unload classes) 0.325ms
[2021-02-07T17:29:36.126+0300][158.438s][info][gc] GC(101) Concurrent weak roots 7.492ms
[2021-02-07T17:29:36.126+0300][158.438s][info][gc] GC(101) Concurrent cleanup 232M->232M(256M) 0.011ms
[2021-02-07T17:29:36.130+0300][158.442s][info][gc] GC(101) Concurrent class unloading 4.077ms
[2021-02-07T17:29:36.130+0300][158.442s][info][gc] GC(101) Concurrent strong roots 0.130ms
[2021-02-07T17:29:36.134+0300][158.446s][info][gc] GC(101) Concurrent evacuation 3.721ms
[2021-02-07T17:29:36.137+0300][158.449s][info][gc] GC(101) Pause Init Update Refs 0.009ms
[2021-02-07T17:29:36.269+0300][158.581s][info][gc] GC(101) Concurrent update references 131.957ms
[2021-02-07T17:29:36.270+0300][158.582s][info][gc] GC(101) Pause Final Update Refs 0.151ms
[2021-02-07T17:29:36.270+0300][158.582s][info][gc] GC(101) Concurrent cleanup 235M->224M(256M) 0.018ms
[2021-02-07T17:29:36.272+0300][158.584s][info][gc] Trigger: Free (19106K) is below minimum threshold (26214K)
[2021-02-07T17:29:36.272+0300][158.584s][info][gc] GC(102) Concurrent reset 0.315ms
[2021-02-07T17:29:36.273+0300][158.584s][info][gc] GC(102) Pause Init Mark (unload classes) 0.152ms
[2021-02-07T17:29:36.577+0300][158.889s][info][gc] GC(102) Concurrent marking (unload classes) 304.455ms
[2021-02-07T17:29:36.581+0300][158.893s][info][gc] GC(102) Pause Final Mark (unload classes) 0.452ms
[2021-02-07T17:29:36.589+0300][158.901s][info][gc] GC(102) Concurrent weak roots 7.324ms
[2021-02-07T17:29:36.589+0300][158.901s][info][gc] GC(102) Concurrent cleanup 233M->233M(256M) 0.011ms
[2021-02-07T17:29:36.593+0300][158.905s][info][gc] GC(102) Concurrent class unloading 4.074ms
[2021-02-07T17:29:36.593+0300][158.905s][info][gc] GC(102) Concurrent strong roots 0.132ms
[2021-02-07T17:29:36.596+0300][158.908s][info][gc] GC(102) Concurrent evacuation 3.171ms
[2021-02-07T17:29:36.597+0300][158.909s][info][gc] GC(102) Pause Init Update Refs 0.009ms
[2021-02-07T17:29:36.729+0300][159.041s][info][gc] GC(102) Concurrent update references 131.697ms
[2021-02-07T17:29:36.732+0300][159.044s][info][gc] GC(102) Pause Final Update Refs 0.129ms
[2021-02-07T17:29:36.732+0300][159.044s][info][gc] GC(102) Concurrent cleanup 235M->224M(256M) 0.016ms
[2021-02-07T17:29:36.734+0300][159.046s][info][gc] Trigger: Free (19359K) is below minimum threshold (26214K)
[2021-02-07T17:29:36.734+0300][159.046s][info][gc] GC(103) Concurrent reset 0.351ms
[2021-02-07T17:29:36.735+0300][159.047s][info][gc] GC(103) Pause Init Mark (unload classes) 0.184ms
[2021-02-07T17:29:37.062+0300][159.374s][info][gc] GC(103) Concurrent marking (unload classes) 327.201ms
[2021-02-07T17:29:37.065+0300][159.377s][info][gc] GC(103) Pause Final Mark (unload classes) 0.451ms
[2021-02-07T17:29:37.073+0300][159.385s][info][gc] GC(103) Concurrent weak roots 7.275ms
[2021-02-07T17:29:37.073+0300][159.385s][info][gc] GC(103) Concurrent cleanup 232M->232M(256M) 0.011ms
[2021-02-07T17:29:37.077+0300][159.389s][info][gc] GC(103) Concurrent class unloading 4.083ms
[2021-02-07T17:29:37.077+0300][159.389s][info][gc] GC(103) Concurrent strong roots 0.131ms
[2021-02-07T17:29:37.080+0300][159.392s][info][gc] GC(103) Concurrent evacuation 3.474ms
[2021-02-07T17:29:37.085+0300][159.397s][info][gc] GC(103) Pause Init Update Refs 0.014ms
[2021-02-07T17:29:37.218+0300][159.530s][info][gc] GC(103) Concurrent update references 133.215ms
[2021-02-07T17:29:37.218+0300][159.530s][info][gc] GC(103) Pause Final Update Refs 0.089ms
[2021-02-07T17:29:37.219+0300][159.531s][info][gc] GC(103) Concurrent cleanup 235M->224M(256M) 0.019ms
[2021-02-07T17:29:37.221+0300][159.533s][info][gc] Trigger: Free (19106K) is below minimum threshold (26214K)
[2021-02-07T17:29:37.221+0300][159.533s][info][gc] GC(104) Concurrent reset 0.314ms
[2021-02-07T17:29:37.221+0300][159.533s][info][gc] GC(104) Pause Init Mark (unload classes) 0.093ms
[2021-02-07T17:29:37.527+0300][159.838s][info][gc] GC(104) Concurrent marking (unload classes) 305.019ms
[2021-02-07T17:29:37.530+0300][159.842s][info][gc] GC(104) Pause Final Mark (unload classes) 0.427ms
[2021-02-07T17:29:37.538+0300][159.850s][info][gc] GC(104) Concurrent weak roots 7.315ms
[2021-02-07T17:29:37.538+0300][159.850s][info][gc] GC(104) Concurrent cleanup 233M->233M(256M) 0.011ms
[2021-02-07T17:29:37.542+0300][159.854s][info][gc] GC(104) Concurrent class unloading 4.078ms
[2021-02-07T17:29:37.542+0300][159.854s][info][gc] GC(104) Concurrent strong roots 0.135ms
[2021-02-07T17:29:37.546+0300][159.858s][info][gc] GC(104) Concurrent evacuation 3.657ms
[2021-02-07T17:29:37.549+0300][159.861s][info][gc] GC(104) Pause Init Update Refs 0.009ms
[2021-02-07T17:29:37.681+0300][159.993s][info][gc] GC(104) Concurrent update references 131.874ms
[2021-02-07T17:29:37.681+0300][159.993s][info][gc] GC(104) Pause Final Update Refs 0.137ms
[2021-02-07T17:29:37.681+0300][159.993s][info][gc] GC(104) Concurrent cleanup 235M->224M(256M) 0.016ms
[2021-02-07T17:29:37.698+0300][160.009s][info][gc] Trigger: Free (19106K) is below minimum threshold (26214K)
[2021-02-07T17:29:37.698+0300][160.010s][info][gc] GC(105) Concurrent reset 0.324ms
[2021-02-07T17:29:37.698+0300][160.010s][info][gc] GC(105) Pause Init Mark (process weakrefs) (unload classes) 0.084ms
[2021-02-07T17:29:38.024+0300][160.336s][info][gc] GC(105) Concurrent marking (process weakrefs) (unload classes) 324.707ms
[2021-02-07T17:29:38.024+0300][160.337s][info][gc] GC(105) Concurrent precleaning 0.144ms
[2021-02-07T17:29:38.025+0300][160.338s][info][gc] GC(105) Pause Final Mark (process weakrefs) (unload classes) 0.437ms
[2021-02-07T17:29:38.033+0300][160.345s][info][gc] GC(105) Concurrent weak roots 7.107ms
[2021-02-07T17:29:38.033+0300][160.345s][info][gc] GC(105) Concurrent cleanup 233M->233M(256M) 0.011ms
[2021-02-07T17:29:38.037+0300][160.349s][info][gc] GC(105) Concurrent class unloading 4.066ms
[2021-02-07T17:29:38.037+0300][160.349s][info][gc] GC(105) Concurrent strong roots 0.134ms
[2021-02-07T17:29:38.040+0300][160.353s][info][gc] GC(105) Concurrent evacuation 3.500ms
[2021-02-07T17:29:38.043+0300][160.355s][info][gc] GC(105) Pause Init Update Refs 0.008ms
[2021-02-07T17:29:38.175+0300][160.487s][info][gc] GC(105) Concurrent update references 132.471ms
[2021-02-07T17:29:38.178+0300][160.490s][info][gc] GC(105) Pause Final Update Refs 0.121ms
[2021-02-07T17:29:38.178+0300][160.490s][info][gc] GC(105) Concurrent cleanup 235M->224M(256M) 0.019ms
[2021-02-07T17:29:38.180+0300][160.492s][info][gc] Trigger: Free (19106K) is below minimum threshold (26214K)
[2021-02-07T17:29:38.180+0300][160.492s][info][gc] GC(106) Concurrent reset 0.311ms
[2021-02-07T17:29:38.180+0300][160.492s][info][gc] GC(106) Pause Init Mark (unload classes) 0.124ms
[2021-02-07T17:29:38.501+0300][160.813s][info][gc] GC(106) Concurrent marking (unload classes) 320.472ms
[2021-02-07T17:29:38.506+0300][160.818s][info][gc] GC(106) Pause Final Mark (unload classes) 0.421ms
[2021-02-07T17:29:38.514+0300][160.826s][info][gc] GC(106) Concurrent weak roots 7.332ms
[2021-02-07T17:29:38.514+0300][160.826s][info][gc] GC(106) Concurrent cleanup 233M->233M(256M) 0.011ms
[2021-02-07T17:29:38.518+0300][160.830s][info][gc] GC(106) Concurrent class unloading 4.081ms
[2021-02-07T17:29:38.518+0300][160.830s][info][gc] GC(106) Concurrent strong roots 0.132ms
[2021-02-07T17:29:38.521+0300][160.833s][info][gc] GC(106) Concurrent evacuation 3.246ms
[2021-02-07T17:29:38.521+0300][160.834s][info][gc] GC(106) Pause Init Update Refs 0.009ms
[2021-02-07T17:29:38.653+0300][160.965s][info][gc] GC(106) Concurrent update references 131.303ms
[2021-02-07T17:29:38.654+0300][160.966s][info][gc] GC(106) Pause Final Update Refs 0.122ms
[2021-02-07T17:29:38.654+0300][160.966s][info][gc] GC(106) Concurrent cleanup 235M->224M(256M) 0.017ms
[2021-02-07T17:29:38.656+0300][160.968s][info][gc] Trigger: Free (19362K) is below minimum threshold (26214K)
[2021-02-07T17:29:38.656+0300][160.968s][info][gc] GC(107) Concurrent reset 0.332ms
[2021-02-07T17:29:38.656+0300][160.969s][info][gc] GC(107) Pause Init Mark (unload classes) 0.145ms
[2021-02-07T17:29:38.966+0300][161.278s][info][gc] GC(107) Concurrent marking (unload classes) 309.458ms
[2021-02-07T17:29:38.969+0300][161.281s][info][gc] GC(107) Pause Final Mark (unload classes) 0.421ms
[2021-02-07T17:29:38.977+0300][161.289s][info][gc] GC(107) Concurrent weak roots 7.325ms
[2021-02-07T17:29:38.977+0300][161.289s][info][gc] GC(107) Concurrent cleanup 233M->233M(256M) 0.011ms
[2021-02-07T17:29:38.981+0300][161.293s][info][gc] GC(107) Concurrent class unloading 4.043ms
[2021-02-07T17:29:38.981+0300][161.293s][info][gc] GC(107) Concurrent strong roots 0.104ms
[2021-02-07T17:29:38.984+0300][161.296s][info][gc] GC(107) Concurrent evacuation 3.259ms
[2021-02-07T17:29:38.985+0300][161.297s][info][gc] GC(107) Pause Init Update Refs 0.010ms
[2021-02-07T17:29:39.117+0300][161.429s][info][gc] GC(107) Concurrent update references 131.483ms
[2021-02-07T17:29:39.117+0300][161.429s][info][gc] GC(107) Pause Final Update Refs 0.116ms
[2021-02-07T17:29:39.117+0300][161.430s][info][gc] GC(107) Concurrent cleanup 234M->224M(256M) 0.018ms
[2021-02-07T17:29:39.119+0300][161.431s][info][gc] Trigger: Free (19362K) is below minimum threshold (26214K)
[2021-02-07T17:29:39.119+0300][161.431s][info][gc] GC(108) Concurrent reset 0.315ms
[2021-02-07T17:29:39.119+0300][161.432s][info][gc] GC(108) Pause Init Mark (unload classes) 0.123ms
[2021-02-07T17:29:39.442+0300][161.754s][info][gc] GC(108) Concurrent marking (unload classes) 322.534ms
[2021-02-07T17:29:39.445+0300][161.757s][info][gc] GC(108) Pause Final Mark (unload classes) 0.418ms
[2021-02-07T17:29:39.453+0300][161.765s][info][gc] GC(108) Concurrent weak roots 7.347ms
[2021-02-07T17:29:39.453+0300][161.765s][info][gc] GC(108) Concurrent cleanup 233M->233M(256M) 0.011ms
[2021-02-07T17:29:39.457+0300][161.769s][info][gc] GC(108) Concurrent class unloading 4.062ms
[2021-02-07T17:29:39.457+0300][161.769s][info][gc] GC(108) Concurrent strong roots 0.129ms
[2021-02-07T17:29:39.460+0300][161.772s][info][gc] GC(108) Concurrent evacuation 2.915ms
[2021-02-07T17:29:39.461+0300][161.773s][info][gc] GC(108) Pause Init Update Refs 0.010ms
[2021-02-07T17:29:39.594+0300][161.906s][info][gc] GC(108) Concurrent update references 132.974ms
[2021-02-07T17:29:39.595+0300][161.907s][info][gc] GC(108) Pause Final Update Refs 0.137ms
[2021-02-07T17:29:39.595+0300][161.907s][info][gc] GC(108) Concurrent cleanup 235M->224M(256M) 0.016ms
[2021-02-07T17:29:39.597+0300][161.909s][info][gc] Trigger: Free (19106K) is below minimum threshold (26214K)
[2021-02-07T17:29:39.597+0300][161.909s][info][gc] GC(109) Concurrent reset 0.331ms
[2021-02-07T17:29:39.597+0300][161.910s][info][gc] GC(109) Pause Init Mark (unload classes) 0.144ms
[2021-02-07T17:29:39.921+0300][162.233s][info][gc] GC(109) Concurrent marking (unload classes) 323.636ms
[2021-02-07T17:29:39.938+0300][162.250s][info][gc] GC(109) Pause Final Mark (unload classes) 0.207ms
[2021-02-07T17:29:39.945+0300][162.257s][info][gc] GC(109) Concurrent weak roots 6.558ms
[2021-02-07T17:29:39.945+0300][162.257s][info][gc] GC(109) Concurrent cleanup 233M->233M(256M) 0.011ms
[2021-02-07T17:29:39.946+0300][162.259s][info][gc] GC(109) Concurrent class unloading 1.788ms
[2021-02-07T17:29:39.947+0300][162.259s][info][gc] GC(109) Concurrent strong roots 0.139ms
[2021-02-07T17:29:39.950+0300][162.262s][info][gc] GC(109) Concurrent evacuation 3.550ms
[2021-02-07T17:29:39.951+0300][162.263s][info][gc] GC(109) Pause Init Update Refs 0.009ms
[2021-02-07T17:29:40.083+0300][162.396s][info][gc] GC(109) Concurrent update references 132.345ms
[2021-02-07T17:29:40.086+0300][162.398s][info][gc] GC(109) Pause Final Update Refs 0.116ms
[2021-02-07T17:29:40.086+0300][162.398s][info][gc] GC(109) Concurrent cleanup 235M->224M(256M) 0.015ms
[2021-02-07T17:29:40.088+0300][162.400s][info][gc] Trigger: Free (19108K) is below minimum threshold (26214K)
[2021-02-07T17:29:40.088+0300][162.400s][info][gc] GC(110) Concurrent reset 0.281ms
[2021-02-07T17:29:40.088+0300][162.401s][info][gc] GC(110) Pause Init Mark (process weakrefs) (unload classes) 0.144ms
[2021-02-07T17:29:40.410+0300][162.722s][info][gc] GC(110) Concurrent marking (process weakrefs) (unload classes) 321.561ms
[2021-02-07T17:29:40.410+0300][162.722s][info][gc] GC(110) Concurrent precleaning 0.144ms
[2021-02-07T17:29:40.413+0300][162.725s][info][gc] GC(110) Pause Final Mark (process weakrefs) (unload classes) 0.445ms
[2021-02-07T17:29:40.421+0300][162.733s][info][gc] GC(110) Concurrent weak roots 7.268ms
[2021-02-07T17:29:40.421+0300][162.733s][info][gc] GC(110) Concurrent cleanup 232M->232M(256M) 0.011ms
[2021-02-07T17:29:40.425+0300][162.737s][info][gc] GC(110) Concurrent class unloading 4.043ms
[2021-02-07T17:29:40.425+0300][162.737s][info][gc] GC(110) Concurrent strong roots 0.104ms
[2021-02-07T17:29:40.428+0300][162.741s][info][gc] GC(110) Concurrent evacuation 3.648ms
[2021-02-07T17:29:40.431+0300][162.743s][info][gc] GC(110) Pause Init Update Refs 0.009ms
[2021-02-07T17:29:40.563+0300][162.876s][info][gc] GC(110) Concurrent update references 132.478ms
[2021-02-07T17:29:40.564+0300][162.876s][info][gc] GC(110) Pause Final Update Refs 0.138ms
[2021-02-07T17:29:40.564+0300][162.877s][info][gc] GC(110) Concurrent cleanup 235M->224M(256M) 0.017ms
[2021-02-07T17:29:40.566+0300][162.878s][info][gc] Trigger: Free (19364K) is below minimum threshold (26214K)
[2021-02-07T17:29:40.566+0300][162.878s][info][gc] GC(111) Concurrent reset 0.396ms
[2021-02-07T17:29:40.567+0300][162.879s][info][gc] GC(111) Pause Init Mark (unload classes) 0.155ms
[2021-02-07T17:29:40.872+0300][163.185s][info][gc] GC(111) Concurrent marking (unload classes) 305.500ms
[2021-02-07T17:29:40.877+0300][163.189s][info][gc] GC(111) Pause Final Mark (unload classes) 0.413ms
[2021-02-07T17:29:40.885+0300][163.197s][info][gc] GC(111) Concurrent weak roots 7.298ms
[2021-02-07T17:29:40.885+0300][163.197s][info][gc] GC(111) Concurrent cleanup 232M->232M(256M) 0.011ms
[2021-02-07T17:29:40.892+0300][163.204s][info][gc] GC(111) Concurrent class unloading 7.301ms
[2021-02-07T17:29:40.892+0300][163.204s][info][gc] GC(111) Concurrent strong roots 0.131ms
[2021-02-07T17:29:40.896+0300][163.208s][info][gc] GC(111) Concurrent evacuation 3.418ms
[2021-02-07T17:29:40.896+0300][163.209s][info][gc] GC(111) Pause Init Update Refs 0.009ms
[2021-02-07T17:29:41.029+0300][163.341s][info][gc] GC(111) Concurrent update references 131.985ms
[2021-02-07T17:29:41.032+0300][163.344s][info][gc] GC(111) Pause Final Update Refs 0.116ms
[2021-02-07T17:29:41.032+0300][163.344s][info][gc] GC(111) Concurrent cleanup 235M->224M(256M) 0.020ms
[2021-02-07T17:29:41.034+0300][163.346s][info][gc] Trigger: Free (19016K) is below minimum threshold (26214K)
[2021-02-07T17:29:41.034+0300][163.346s][info][gc] GC(112) Concurrent reset 0.318ms
[2021-02-07T17:29:41.034+0300][163.347s][info][gc] GC(112) Pause Init Mark (unload classes) 0.148ms
[2021-02-07T17:29:41.342+0300][163.654s][info][gc] GC(112) Concurrent marking (unload classes) 307.348ms
[2021-02-07T17:29:41.346+0300][163.658s][info][gc] GC(112) Pause Final Mark (unload classes) 0.431ms
[2021-02-07T17:29:41.354+0300][163.666s][info][gc] GC(112) Concurrent weak roots 7.313ms
[2021-02-07T17:29:41.354+0300][163.666s][info][gc] GC(112) Concurrent cleanup 233M->233M(256M) 0.011ms
[2021-02-07T17:29:41.358+0300][163.670s][info][gc] GC(112) Concurrent class unloading 4.074ms
[2021-02-07T17:29:41.358+0300][163.670s][info][gc] GC(112) Concurrent strong roots 0.132ms
[2021-02-07T17:29:41.361+0300][163.674s][info][gc] GC(112) Concurrent evacuation 3.476ms
[2021-02-07T17:29:41.364+0300][163.676s][info][gc] GC(112) Pause Init Update Refs 0.009ms
[2021-02-07T17:29:41.493+0300][163.805s][info][gc] GC(112) Concurrent update references 129.331ms
[2021-02-07T17:29:41.493+0300][163.806s][info][gc] GC(112) Pause Final Update Refs 0.109ms
[2021-02-07T17:29:41.494+0300][163.806s][info][gc] GC(112) Concurrent cleanup 235M->224M(256M) 0.017ms
[2021-02-07T17:29:41.496+0300][163.808s][info][gc] Trigger: Free (19108K) is below minimum threshold (26214K)
[2021-02-07T17:29:41.496+0300][163.808s][info][gc] GC(113) Concurrent reset 0.315ms
[2021-02-07T17:29:41.496+0300][163.809s][info][gc] GC(113) Pause Init Mark (unload classes) 0.122ms
[2021-02-07T17:29:41.803+0300][164.115s][info][gc] GC(113) Concurrent marking (unload classes) 306.694ms
[2021-02-07T17:29:41.808+0300][164.120s][info][gc] GC(113) Pause Final Mark (unload classes) 0.416ms
[2021-02-07T17:29:41.816+0300][164.128s][info][gc] GC(113) Concurrent weak roots 7.295ms
[2021-02-07T17:29:41.816+0300][164.128s][info][gc] GC(113) Concurrent cleanup 233M->233M(256M) 0.010ms
[2021-02-07T17:29:41.820+0300][164.132s][info][gc] GC(113) Concurrent class unloading 4.073ms
[2021-02-07T17:29:41.820+0300][164.132s][info][gc] GC(113) Concurrent strong roots 0.107ms
[2021-02-07T17:29:41.823+0300][164.135s][info][gc] GC(113) Concurrent evacuation 3.183ms
[2021-02-07T17:29:41.823+0300][164.136s][info][gc] GC(113) Pause Init Update Refs 0.008ms
[2021-02-07T17:29:41.957+0300][164.269s][info][gc] GC(113) Concurrent update references 133.679ms
[2021-02-07T17:29:41.958+0300][164.270s][info][gc] GC(113) Pause Final Update Refs 0.145ms
[2021-02-07T17:29:41.958+0300][164.270s][info][gc] GC(113) Concurrent cleanup 235M->224M(256M) 0.016ms
[2021-02-07T17:29:41.960+0300][164.272s][info][gc] Trigger: Free (19016K) is below minimum threshold (26214K)
[2021-02-07T17:29:41.960+0300][164.272s][info][gc] GC(114) Concurrent reset 0.325ms
[2021-02-07T17:29:41.960+0300][164.273s][info][gc] GC(114) Pause Init Mark (unload classes) 0.146ms
[2021-02-07T17:29:42.283+0300][164.595s][info][gc] GC(114) Concurrent marking (unload classes) 322.380ms
[2021-02-07T17:29:42.284+0300][164.597s][info][gc] GC(114) Pause Final Mark (unload classes) 0.407ms
[2021-02-07T17:29:42.292+0300][164.604s][info][gc] GC(114) Concurrent weak roots 7.012ms
[2021-02-07T17:29:42.292+0300][164.604s][info][gc] GC(114) Concurrent cleanup 233M->233M(256M) 0.010ms
[2021-02-07T17:29:42.296+0300][164.608s][info][gc] GC(114) Concurrent class unloading 4.044ms
[2021-02-07T17:29:42.296+0300][164.608s][info][gc] GC(114) Concurrent strong roots 0.133ms
[2021-02-07T17:29:42.299+0300][164.611s][info][gc] GC(114) Concurrent evacuation 3.268ms
[2021-02-07T17:29:42.300+0300][164.612s][info][gc] GC(114) Pause Init Update Refs 0.009ms
[2021-02-07T17:29:42.444+0300][164.756s][info][gc] GC(114) Concurrent update references 143.826ms
[2021-02-07T17:29:42.444+0300][164.756s][info][gc] GC(114) Pause Final Update Refs 0.121ms
[2021-02-07T17:29:42.444+0300][164.757s][info][gc] GC(114) Concurrent cleanup 235M->224M(256M) 0.017ms
[2021-02-07T17:29:42.447+0300][164.759s][info][gc] Trigger: Free (19108K) is below minimum threshold (26214K)
[2021-02-07T17:29:42.447+0300][164.759s][info][gc] GC(115) Concurrent reset 0.350ms
[2021-02-07T17:29:42.447+0300][164.760s][info][gc] GC(115) Pause Init Mark (process weakrefs) (unload classes) 0.102ms
[2021-02-07T17:29:42.770+0300][165.083s][info][gc] GC(115) Concurrent marking (process weakrefs) (unload classes) 323.067ms
[2021-02-07T17:29:42.771+0300][165.083s][info][gc] GC(115) Concurrent precleaning 0.111ms
[2021-02-07T17:29:42.772+0300][165.084s][info][gc] GC(115) Pause Final Mark (process weakrefs) (unload classes) 0.452ms
[2021-02-07T17:29:42.779+0300][165.091s][info][gc] GC(115) Concurrent weak roots 6.884ms
[2021-02-07T17:29:42.779+0300][165.091s][info][gc] GC(115) Concurrent cleanup 233M->233M(256M) 0.015ms
[2021-02-07T17:29:42.780+0300][165.093s][info][gc] GC(115) Concurrent class unloading 1.746ms
[2021-02-07T17:29:42.781+0300][165.093s][info][gc] GC(115) Concurrent strong roots 0.103ms
[2021-02-07T17:29:42.784+0300][165.096s][info][gc] GC(115) Concurrent evacuation 3.234ms
[2021-02-07T17:29:42.787+0300][165.099s][info][gc] GC(115) Pause Init Update Refs 0.010ms
[2021-02-07T17:29:42.923+0300][165.235s][info][gc] GC(115) Concurrent update references 136.335ms
[2021-02-07T17:29:42.926+0300][165.238s][info][gc] GC(115) Pause Final Update Refs 0.135ms
[2021-02-07T17:29:42.926+0300][165.238s][info][gc] GC(115) Concurrent cleanup 235M->224M(256M) 0.017ms
[2021-02-07T17:29:42.928+0300][165.240s][info][gc] Trigger: Free (19016K) is below minimum threshold (26214K)
[2021-02-07T17:29:42.928+0300][165.240s][info][gc] GC(116) Concurrent reset 0.316ms
[2021-02-07T17:29:42.929+0300][165.241s][info][gc] GC(116) Pause Init Mark (unload classes) 0.141ms
[2021-02-07T17:29:43.235+0300][165.547s][info][gc] GC(116) Concurrent marking (unload classes) 306.540ms
[2021-02-07T17:29:43.240+0300][165.552s][info][gc] GC(116) Pause Final Mark (unload classes) 0.228ms
[2021-02-07T17:29:43.255+0300][165.567s][info][gc] GC(116) Concurrent weak roots 14.618ms
[2021-02-07T17:29:43.255+0300][165.567s][info][gc] GC(116) Concurrent cleanup 233M->233M(256M) 0.023ms
[2021-02-07T17:29:43.257+0300][165.569s][info][gc] GC(116) Concurrent class unloading 2.433ms
[2021-02-07T17:29:43.257+0300][165.569s][info][gc] GC(116) Concurrent strong roots 0.134ms
[2021-02-07T17:29:43.261+0300][165.573s][info][gc] GC(116) Concurrent evacuation 3.504ms
[2021-02-07T17:29:43.261+0300][165.573s][info][gc] GC(116) Pause Init Update Refs 0.009ms
[2021-02-07T17:29:43.394+0300][165.706s][info][gc] GC(116) Concurrent update references 132.384ms
[2021-02-07T17:29:43.395+0300][165.707s][info][gc] GC(116) Pause Final Update Refs 0.129ms
[2021-02-07T17:29:43.395+0300][165.707s][info][gc] GC(116) Concurrent cleanup 235M->224M(256M) 0.016ms
[2021-02-07T17:29:43.397+0300][165.708s][info][gc] Trigger: Free (19108K) is below minimum threshold (26214K)
[2021-02-07T17:29:43.397+0300][165.709s][info][gc] GC(117) Concurrent reset 0.311ms
[2021-02-07T17:29:43.397+0300][165.709s][info][gc] GC(117) Pause Init Mark (unload classes) 0.148ms
[2021-02-07T17:29:43.718+0300][166.030s][info][gc] GC(117) Concurrent marking (unload classes) 320.260ms
[2021-02-07T17:29:43.721+0300][166.033s][info][gc] GC(117) Pause Final Mark (unload classes) 0.424ms
[2021-02-07T17:29:43.729+0300][166.040s][info][gc] GC(117) Concurrent weak roots 7.427ms
[2021-02-07T17:29:43.729+0300][166.040s][info][gc] GC(117) Concurrent cleanup 233M->233M(256M) 0.012ms
[2021-02-07T17:29:43.733+0300][166.045s][info][gc] GC(117) Concurrent class unloading 4.138ms
[2021-02-07T17:29:43.733+0300][166.045s][info][gc] GC(117) Concurrent strong roots 0.135ms
[2021-02-07T17:29:43.736+0300][166.048s][info][gc] GC(117) Concurrent evacuation 3.204ms
[2021-02-07T17:29:43.739+0300][166.051s][info][gc] GC(117) Pause Init Update Refs 0.008ms
[2021-02-07T17:29:43.874+0300][166.186s][info][gc] GC(117) Concurrent update references 134.962ms
[2021-02-07T17:29:43.877+0300][166.189s][info][gc] GC(117) Pause Final Update Refs 0.133ms
[2021-02-07T17:29:43.877+0300][166.189s][info][gc] GC(117) Concurrent cleanup 235M->224M(256M) 0.018ms
[2021-02-07T17:29:43.879+0300][166.190s][info][gc] Trigger: Free (18987K) is below minimum threshold (26214K)
[2021-02-07T17:29:43.879+0300][166.191s][info][gc] GC(118) Concurrent reset 0.346ms
[2021-02-07T17:29:43.879+0300][166.191s][info][gc] GC(118) Pause Init Mark (unload classes) 0.117ms
[2021-02-07T17:29:44.190+0300][166.502s][info][gc] GC(118) Concurrent marking (unload classes) 310.970ms
[2021-02-07T17:29:44.207+0300][166.519s][info][gc] GC(118) Pause Final Mark (unload classes) 0.226ms
[2021-02-07T17:29:44.216+0300][166.527s][info][gc] GC(118) Concurrent weak roots 8.522ms
[2021-02-07T17:29:44.216+0300][166.527s][info][gc] GC(118) Concurrent cleanup 233M->233M(256M) 0.015ms
[2021-02-07T17:29:44.220+0300][166.532s][info][gc] GC(118) Concurrent class unloading 4.153ms
[2021-02-07T17:29:44.220+0300][166.532s][info][gc] GC(118) Concurrent strong roots 0.133ms
[2021-02-07T17:29:44.223+0300][166.535s][info][gc] GC(118) Concurrent evacuation 3.363ms
[2021-02-07T17:29:44.226+0300][166.538s][info][gc] GC(118) Pause Init Update Refs 0.010ms
[2021-02-07T17:29:44.356+0300][166.668s][info][gc] GC(118) Concurrent update references 130.602ms
[2021-02-07T17:29:44.359+0300][166.671s][info][gc] GC(118) Pause Final Update Refs 0.138ms
[2021-02-07T17:29:44.359+0300][166.671s][info][gc] GC(118) Concurrent cleanup 235M->224M(256M) 0.016ms
[2021-02-07T17:29:44.361+0300][166.673s][info][gc] Trigger: Free (19108K) is below minimum threshold (26214K)
[2021-02-07T17:29:44.361+0300][166.673s][info][gc] GC(119) Concurrent reset 0.311ms
[2021-02-07T17:29:44.361+0300][166.673s][info][gc] GC(119) Pause Init Mark (unload classes) 0.146ms
[2021-02-07T17:29:44.684+0300][166.996s][info][gc] GC(119) Concurrent marking (unload classes) 322.363ms
[2021-02-07T17:29:44.687+0300][166.999s][info][gc] GC(119) Pause Final Mark (unload classes) 0.410ms
[2021-02-07T17:29:44.695+0300][167.007s][info][gc] GC(119) Concurrent weak roots 7.293ms
[2021-02-07T17:29:44.695+0300][167.007s][info][gc] GC(119) Concurrent cleanup 234M->234M(256M) 0.010ms
[2021-02-07T17:29:44.699+0300][167.011s][info][gc] GC(119) Concurrent class unloading 4.087ms
[2021-02-07T17:29:44.699+0300][167.011s][info][gc] GC(119) Concurrent strong roots 0.141ms
[2021-02-07T17:29:44.702+0300][167.014s][info][gc] GC(119) Concurrent evacuation 2.977ms
[2021-02-07T17:29:44.703+0300][167.015s][info][gc] GC(119) Pause Init Update Refs 0.009ms
[2021-02-07T17:29:44.833+0300][167.145s][info][gc] GC(119) Concurrent update references 130.754ms
[2021-02-07T17:29:44.836+0300][167.148s][info][gc] GC(119) Pause Final Update Refs 0.143ms
[2021-02-07T17:29:44.836+0300][167.148s][info][gc] GC(119) Concurrent cleanup 235M->224M(256M) 0.016ms
[2021-02-07T17:29:44.838+0300][167.150s][info][gc] Trigger: Free (18822K) is below minimum threshold (26214K)
[2021-02-07T17:29:44.838+0300][167.150s][info][gc] GC(120) Concurrent reset 0.315ms
[2021-02-07T17:29:44.838+0300][167.151s][info][gc] GC(120) Pause Init Mark (process weakrefs) (unload classes) 0.148ms
[2021-02-07T17:29:45.161+0300][167.473s][info][gc] GC(120) Concurrent marking (process weakrefs) (unload classes) 322.292ms
[2021-02-07T17:29:45.161+0300][167.473s][info][gc] GC(120) Concurrent precleaning 0.139ms
[2021-02-07T17:29:45.166+0300][167.478s][info][gc] GC(120) Pause Final Mark (process weakrefs) (unload classes) 0.421ms
[2021-02-07T17:29:45.174+0300][167.486s][info][gc] GC(120) Concurrent weak roots 7.491ms
[2021-02-07T17:29:45.174+0300][167.486s][info][gc] GC(120) Concurrent cleanup 233M->233M(256M) 0.010ms
[2021-02-07T17:29:45.178+0300][167.490s][info][gc] GC(120) Concurrent class unloading 4.085ms
[2021-02-07T17:29:45.178+0300][167.490s][info][gc] GC(120) Concurrent strong roots 0.130ms
[2021-02-07T17:29:45.181+0300][167.493s][info][gc] GC(120) Concurrent evacuation 3.347ms
[2021-02-07T17:29:45.184+0300][167.496s][info][gc] GC(120) Pause Init Update Refs 0.012ms
[2021-02-07T17:29:45.321+0300][167.633s][info][gc] GC(120) Concurrent update references 137.294ms
[2021-02-07T17:29:45.322+0300][167.634s][info][gc] GC(120) Pause Final Update Refs 0.138ms
[2021-02-07T17:29:45.323+0300][167.635s][info][gc] GC(120) Concurrent cleanup 235M->224M(256M) 0.016ms
[2021-02-07T17:29:45.325+0300][167.637s][info][gc] Trigger: Free (18852K) is below minimum threshold (26214K)
[2021-02-07T17:29:45.325+0300][167.637s][info][gc] GC(121) Concurrent reset 0.373ms
[2021-02-07T17:29:45.325+0300][167.637s][info][gc] GC(121) Pause Init Mark (unload classes) 0.149ms
[2021-02-07T17:29:45.631+0300][167.943s][info][gc] GC(121) Concurrent marking (unload classes) 305.616ms
[2021-02-07T17:29:45.634+0300][167.946s][info][gc] GC(121) Pause Final Mark (unload classes) 0.427ms
[2021-02-07T17:29:45.642+0300][167.954s][info][gc] GC(121) Concurrent weak roots 7.412ms
[2021-02-07T17:29:45.642+0300][167.954s][info][gc] GC(121) Concurrent cleanup 234M->234M(256M) 0.010ms
[2021-02-07T17:29:45.646+0300][167.958s][info][gc] GC(121) Concurrent class unloading 4.070ms
[2021-02-07T17:29:45.646+0300][167.958s][info][gc] GC(121) Concurrent strong roots 0.101ms
[2021-02-07T17:29:45.649+0300][167.961s][info][gc] GC(121) Concurrent evacuation 3.018ms
[2021-02-07T17:29:45.650+0300][167.962s][info][gc] GC(121) Pause Init Update Refs 0.009ms
[2021-02-07T17:29:45.779+0300][168.091s][info][gc] GC(121) Concurrent update references 129.531ms
[2021-02-07T17:29:45.785+0300][168.097s][info][gc] GC(121) Pause Final Update Refs 0.088ms
[2021-02-07T17:29:45.785+0300][168.097s][info][gc] GC(121) Concurrent cleanup 235M->224M(256M) 0.020ms
[2021-02-07T17:29:45.801+0300][168.113s][info][gc] Trigger: Free (18822K) is below minimum threshold (26214K)
[2021-02-07T17:29:45.801+0300][168.113s][info][gc] GC(122) Concurrent reset 0.308ms
[2021-02-07T17:29:45.801+0300][168.113s][info][gc] GC(122) Pause Init Mark (unload classes) 0.145ms
[2021-02-07T17:29:46.109+0300][168.421s][info][gc] GC(122) Concurrent marking (unload classes) 307.474ms
[2021-02-07T17:29:46.112+0300][168.424s][info][gc] GC(122) Pause Final Mark (unload classes) 0.420ms
[2021-02-07T17:29:46.120+0300][168.432s][info][gc] GC(122) Concurrent weak roots 7.312ms
[2021-02-07T17:29:46.120+0300][168.432s][info][gc] GC(122) Concurrent cleanup 233M->233M(256M) 0.011ms
[2021-02-07T17:29:46.124+0300][168.436s][info][gc] GC(122) Concurrent class unloading 4.071ms
[2021-02-07T17:29:46.124+0300][168.436s][info][gc] GC(122) Concurrent strong roots 0.133ms
[2021-02-07T17:29:46.127+0300][168.439s][info][gc] GC(122) Concurrent evacuation 3.176ms
[2021-02-07T17:29:46.127+0300][168.439s][info][gc] GC(122) Pause Init Update Refs 0.009ms
[2021-02-07T17:29:46.262+0300][168.574s][info][gc] GC(122) Concurrent update references 134.522ms
[2021-02-07T17:29:46.262+0300][168.574s][info][gc] GC(122) Pause Final Update Refs 0.137ms
[2021-02-07T17:29:46.263+0300][168.575s][info][gc] GC(122) Concurrent cleanup 235M->224M(256M) 0.017ms
[2021-02-07T17:29:46.265+0300][168.577s][info][gc] Trigger: Free (18852K) is below minimum threshold (26214K)
[2021-02-07T17:29:46.265+0300][168.577s][info][gc] GC(123) Concurrent reset 0.312ms
[2021-02-07T17:29:46.265+0300][168.577s][info][gc] GC(123) Pause Init Mark (unload classes) 0.143ms
[2021-02-07T17:29:46.571+0300][168.883s][info][gc] GC(123) Concurrent marking (unload classes) 305.109ms
[2021-02-07T17:29:46.576+0300][168.888s][info][gc] GC(123) Pause Final Mark (unload classes) 0.416ms
[2021-02-07T17:29:46.584+0300][168.896s][info][gc] GC(123) Concurrent weak roots 7.353ms
[2021-02-07T17:29:46.584+0300][168.896s][info][gc] GC(123) Concurrent cleanup 234M->234M(256M) 0.010ms
[2021-02-07T17:29:46.588+0300][168.900s][info][gc] GC(123) Concurrent class unloading 4.013ms
[2021-02-07T17:29:46.588+0300][168.900s][info][gc] GC(123) Concurrent strong roots 0.101ms
[2021-02-07T17:29:46.591+0300][168.903s][info][gc] GC(123) Concurrent evacuation 3.023ms
[2021-02-07T17:29:46.592+0300][168.904s][info][gc] GC(123) Pause Init Update Refs 0.009ms
[2021-02-07T17:29:46.724+0300][169.036s][info][gc] GC(123) Concurrent update references 132.389ms
[2021-02-07T17:29:46.727+0300][169.039s][info][gc] GC(123) Pause Final Update Refs 0.130ms
[2021-02-07T17:29:46.727+0300][169.039s][info][gc] GC(123) Concurrent cleanup 235M->224M(256M) 0.016ms
[2021-02-07T17:29:46.729+0300][169.041s][info][gc] Trigger: Free (18852K) is below minimum threshold (26214K)
[2021-02-07T17:29:46.729+0300][169.041s][info][gc] GC(124) Concurrent reset 0.310ms
[2021-02-07T17:29:46.729+0300][169.041s][info][gc] GC(124) Pause Init Mark (unload classes) 0.145ms
[2021-02-07T17:29:47.066+0300][169.378s][info][gc] GC(124) Concurrent marking (unload classes) 336.433ms
[2021-02-07T17:29:47.083+0300][169.395s][info][gc] GC(124) Pause Final Mark (unload classes) 0.264ms
[2021-02-07T17:29:47.091+0300][169.403s][info][gc] GC(124) Concurrent weak roots 7.647ms
[2021-02-07T17:29:47.091+0300][169.403s][info][gc] GC(124) Concurrent cleanup 233M->233M(256M) 0.010ms
[2021-02-07T17:29:47.095+0300][169.407s][info][gc] GC(124) Concurrent class unloading 4.072ms
[2021-02-07T17:29:47.095+0300][169.407s][info][gc] GC(124) Concurrent strong roots 0.134ms
[2021-02-07T17:29:47.098+0300][169.410s][info][gc] GC(124) Concurrent evacuation 3.524ms
[2021-02-07T17:29:47.101+0300][169.413s][info][gc] GC(124) Pause Init Update Refs 0.010ms
[2021-02-07T17:29:47.237+0300][169.549s][info][gc] GC(124) Concurrent update references 136.188ms
[2021-02-07T17:29:47.238+0300][169.550s][info][gc] GC(124) Pause Final Update Refs 0.108ms
[2021-02-07T17:29:47.238+0300][169.550s][info][gc] GC(124) Concurrent cleanup 235M->224M(256M) 0.019ms
[2021-02-07T17:29:47.240+0300][169.552s][info][gc] Trigger: Free (19108K) is below minimum threshold (26214K)
[2021-02-07T17:29:47.240+0300][169.552s][info][gc] GC(125) Concurrent reset 0.310ms
[2021-02-07T17:29:47.240+0300][169.552s][info][gc] GC(125) Pause Init Mark (process weakrefs) (unload classes) 0.115ms
[2021-02-07T17:29:47.545+0300][169.857s][info][gc] GC(125) Concurrent marking (process weakrefs) (unload classes) 304.824ms
[2021-02-07T17:29:47.545+0300][169.857s][info][gc] GC(125) Concurrent precleaning 0.114ms
[2021-02-07T17:29:47.550+0300][169.862s][info][gc] GC(125) Pause Final Mark (process weakrefs) (unload classes) 0.431ms
[2021-02-07T17:29:47.571+0300][169.883s][info][gc] GC(125) Concurrent weak roots 20.557ms
[2021-02-07T17:29:47.571+0300][169.883s][info][gc] GC(125) Concurrent cleanup 232M->232M(256M) 0.012ms
[2021-02-07T17:29:47.587+0300][169.899s][info][gc] GC(125) Concurrent class unloading 16.081ms
[2021-02-07T17:29:47.587+0300][169.899s][info][gc] GC(125) Concurrent strong roots 0.113ms
[2021-02-07T17:29:47.590+0300][169.903s][info][gc] GC(125) Concurrent evacuation 3.516ms
[2021-02-07T17:29:47.592+0300][169.904s][info][gc] GC(125) Pause Init Update Refs 0.009ms
[2021-02-07T17:29:47.725+0300][170.037s][info][gc] GC(125) Concurrent update references 133.667ms
[2021-02-07T17:29:47.728+0300][170.040s][info][gc] GC(125) Pause Final Update Refs 0.140ms
[2021-02-07T17:29:47.728+0300][170.040s][info][gc] GC(125) Concurrent cleanup 235M->224M(256M) 0.015ms
[2021-02-07T17:29:47.730+0300][170.042s][info][gc] Trigger: Free (19108K) is below minimum threshold (26214K)
[2021-02-07T17:29:47.730+0300][170.042s][info][gc] GC(126) Concurrent reset 0.315ms
[2021-02-07T17:29:47.730+0300][170.043s][info][gc] GC(126) Pause Init Mark (unload classes) 0.117ms
[2021-02-07T17:29:48.039+0300][170.352s][info][gc] GC(126) Concurrent marking (unload classes) 308.859ms
[2021-02-07T17:29:48.043+0300][170.355s][info][gc] GC(126) Pause Final Mark (unload classes) 0.407ms
[2021-02-07T17:29:48.051+0300][170.363s][info][gc] GC(126) Concurrent weak roots 7.354ms
[2021-02-07T17:29:48.051+0300][170.363s][info][gc] GC(126) Concurrent cleanup 233M->233M(256M) 0.011ms
[2021-02-07T17:29:48.055+0300][170.367s][info][gc] GC(126) Concurrent class unloading 4.005ms
[2021-02-07T17:29:48.055+0300][170.367s][info][gc] GC(126) Concurrent strong roots 0.101ms
[2021-02-07T17:29:48.058+0300][170.370s][info][gc] GC(126) Concurrent evacuation 3.149ms
[2021-02-07T17:29:48.058+0300][170.371s][info][gc] GC(126) Pause Init Update Refs 0.008ms
[2021-02-07T17:29:48.190+0300][170.502s][info][gc] GC(126) Concurrent update references 131.636ms
[2021-02-07T17:29:48.191+0300][170.504s][info][gc] GC(126) Pause Final Update Refs 0.106ms
[2021-02-07T17:29:48.192+0300][170.504s][info][gc] GC(126) Concurrent cleanup 235M->224M(256M) 0.016ms
[2021-02-07T17:29:48.194+0300][170.506s][info][gc] Trigger: Free (18852K) is below minimum threshold (26214K)
[2021-02-07T17:29:48.194+0300][170.506s][info][gc] GC(127) Concurrent reset 0.281ms
[2021-02-07T17:29:48.194+0300][170.507s][info][gc] GC(127) Pause Init Mark (unload classes) 0.145ms
[2021-02-07T17:29:48.520+0300][170.831s][info][gc] GC(127) Concurrent marking (unload classes) 324.582ms
[2021-02-07T17:29:48.521+0300][170.832s][info][gc] GC(127) Pause Final Mark (unload classes) 0.398ms
[2021-02-07T17:29:48.528+0300][170.839s][info][gc] GC(127) Concurrent weak roots 6.860ms
[2021-02-07T17:29:48.528+0300][170.839s][info][gc] GC(127) Concurrent cleanup 233M->233M(256M) 0.010ms
[2021-02-07T17:29:48.529+0300][170.841s][info][gc] GC(127) Concurrent class unloading 1.661ms
[2021-02-07T17:29:48.529+0300][170.841s][info][gc] GC(127) Concurrent strong roots 0.100ms
[2021-02-07T17:29:48.532+0300][170.844s][info][gc] GC(127) Concurrent evacuation 2.989ms
[2021-02-07T17:29:48.535+0300][170.846s][info][gc] GC(127) Pause Init Update Refs 0.015ms
[2021-02-07T17:29:48.666+0300][170.978s][info][gc] GC(127) Concurrent update references 131.319ms
[2021-02-07T17:29:48.667+0300][170.979s][info][gc] GC(127) Pause Final Update Refs 0.138ms
[2021-02-07T17:29:48.667+0300][170.979s][info][gc] GC(127) Concurrent cleanup 235M->224M(256M) 0.017ms
[2021-02-07T17:29:48.669+0300][170.980s][info][gc] Trigger: Free (19108K) is below minimum threshold (26214K)
[2021-02-07T17:29:48.669+0300][170.980s][info][gc] GC(128) Concurrent reset 0.329ms
[2021-02-07T17:29:48.669+0300][170.981s][info][gc] GC(128) Pause Init Mark (unload classes) 0.146ms
[2021-02-07T17:29:48.978+0300][171.289s][info][gc] GC(128) Concurrent marking (unload classes) 308.410ms
[2021-02-07T17:29:48.995+0300][171.307s][info][gc] GC(128) Pause Final Mark (unload classes) 0.410ms
[2021-02-07T17:29:49.003+0300][171.314s][info][gc] GC(128) Concurrent weak roots 7.305ms
[2021-02-07T17:29:49.003+0300][171.314s][info][gc] GC(128) Concurrent cleanup 233M->233M(256M) 0.010ms
[2021-02-07T17:29:49.007+0300][171.318s][info][gc] GC(128) Concurrent class unloading 4.084ms
[2021-02-07T17:29:49.007+0300][171.318s][info][gc] GC(128) Concurrent strong roots 0.131ms
[2021-02-07T17:29:49.010+0300][171.321s][info][gc] GC(128) Concurrent evacuation 2.917ms
[2021-02-07T17:29:49.011+0300][171.322s][info][gc] GC(128) Pause Init Update Refs 0.009ms
[2021-02-07T17:29:49.142+0300][171.454s][info][gc] GC(128) Concurrent update references 131.482ms
[2021-02-07T17:29:49.145+0300][171.456s][info][gc] GC(128) Pause Final Update Refs 0.122ms
[2021-02-07T17:29:49.145+0300][171.456s][info][gc] GC(128) Concurrent cleanup 235M->224M(256M) 0.015ms
[2021-02-07T17:29:49.147+0300][171.458s][info][gc] Trigger: Free (18852K) is below minimum threshold (26214K)
[2021-02-07T17:29:49.147+0300][171.458s][info][gc] GC(129) Concurrent reset 0.314ms
[2021-02-07T17:29:49.147+0300][171.459s][info][gc] GC(129) Pause Init Mark (unload classes) 0.124ms
[2021-02-07T17:29:49.458+0300][171.769s][info][gc] GC(129) Concurrent marking (unload classes) 310.327ms
[2021-02-07T17:29:49.459+0300][171.770s][info][gc] GC(129) Pause Final Mark (unload classes) 0.398ms
[2021-02-07T17:29:49.466+0300][171.777s][info][gc] GC(129) Concurrent weak roots 6.701ms
[2021-02-07T17:29:49.466+0300][171.777s][info][gc] GC(129) Concurrent cleanup 234M->234M(256M) 0.011ms
[2021-02-07T17:29:49.468+0300][171.779s][info][gc] GC(129) Concurrent class unloading 2.190ms
[2021-02-07T17:29:49.468+0300][171.779s][info][gc] GC(129) Concurrent strong roots 0.134ms
[2021-02-07T17:29:49.471+0300][171.783s][info][gc] GC(129) Concurrent evacuation 3.053ms
[2021-02-07T17:29:49.474+0300][171.785s][info][gc] GC(129) Pause Init Update Refs 0.009ms
[2021-02-07T17:29:49.605+0300][171.917s][info][gc] GC(129) Concurrent update references 131.597ms
[2021-02-07T17:29:49.609+0300][171.920s][info][gc] GC(129) Pause Final Update Refs 0.138ms
[2021-02-07T17:29:49.609+0300][171.920s][info][gc] GC(129) Concurrent cleanup 235M->224M(256M) 0.019ms
[2021-02-07T17:29:49.611+0300][171.922s][info][gc] Trigger: Free (18596K) is below minimum threshold (26214K)
[2021-02-07T17:29:49.611+0300][171.922s][info][gc] GC(130) Concurrent reset 0.317ms
[2021-02-07T17:29:49.611+0300][171.923s][info][gc] GC(130) Pause Init Mark (process weakrefs) (unload classes) 0.150ms
[2021-02-07T17:29:49.923+0300][172.234s][info][gc] GC(130) Concurrent marking (process weakrefs) (unload classes) 311.545ms
[2021-02-07T17:29:49.923+0300][172.235s][info][gc] GC(130) Concurrent precleaning 0.138ms
[2021-02-07T17:29:49.928+0300][172.240s][info][gc] GC(130) Pause Final Mark (process weakrefs) (unload classes) 0.493ms
[2021-02-07T17:29:49.936+0300][172.247s][info][gc] GC(130) Concurrent weak roots 7.411ms
[2021-02-07T17:29:49.936+0300][172.247s][info][gc] GC(130) Concurrent cleanup 234M->234M(256M) 0.011ms
[2021-02-07T17:29:49.940+0300][172.251s][info][gc] GC(130) Concurrent class unloading 4.071ms
[2021-02-07T17:29:49.940+0300][172.251s][info][gc] GC(130) Concurrent strong roots 0.132ms
[2021-02-07T17:29:49.943+0300][172.255s][info][gc] GC(130) Concurrent evacuation 3.136ms
[2021-02-07T17:29:49.944+0300][172.255s][info][gc] GC(130) Pause Init Update Refs 0.008ms
[2021-02-07T17:29:50.074+0300][172.386s][info][gc] GC(130) Concurrent update references 130.359ms
[2021-02-07T17:29:50.077+0300][172.388s][info][gc] GC(130) Pause Final Update Refs 0.137ms
[2021-02-07T17:29:50.077+0300][172.389s][info][gc] GC(130) Concurrent cleanup 235M->224M(256M) 0.018ms
[2021-02-07T17:29:50.079+0300][172.390s][info][gc] Trigger: Free (18852K) is below minimum threshold (26214K)
[2021-02-07T17:29:50.079+0300][172.391s][info][gc] GC(131) Concurrent reset 0.310ms
[2021-02-07T17:29:50.079+0300][172.391s][info][gc] GC(131) Pause Init Mark (unload classes) 0.144ms
[2021-02-07T17:29:50.401+0300][172.712s][info][gc] GC(131) Concurrent marking (unload classes) 321.167ms
[2021-02-07T17:29:50.413+0300][172.725s][info][gc] GC(131) Pause Final Mark (unload classes) 0.391ms
[2021-02-07T17:29:50.421+0300][172.732s][info][gc] GC(131) Concurrent weak roots 7.363ms
[2021-02-07T17:29:50.421+0300][172.732s][info][gc] GC(131) Concurrent cleanup 234M->234M(256M) 0.011ms
[2021-02-07T17:29:50.425+0300][172.736s][info][gc] GC(131) Concurrent class unloading 4.077ms
[2021-02-07T17:29:50.425+0300][172.737s][info][gc] GC(131) Concurrent strong roots 0.134ms
[2021-02-07T17:29:50.428+0300][172.740s][info][gc] GC(131) Concurrent evacuation 2.970ms
[2021-02-07T17:29:50.429+0300][172.740s][info][gc] GC(131) Pause Init Update Refs 0.008ms
[2021-02-07T17:29:50.562+0300][172.873s][info][gc] GC(131) Concurrent update references 133.150ms
[2021-02-07T17:29:50.565+0300][172.876s][info][gc] GC(131) Pause Final Update Refs 0.136ms
[2021-02-07T17:29:50.565+0300][172.877s][info][gc] GC(131) Concurrent cleanup 235M->224M(256M) 0.017ms
[2021-02-07T17:29:50.567+0300][172.878s][info][gc] Trigger: Free (18852K) is below minimum threshold (26214K)
[2021-02-07T17:29:50.567+0300][172.879s][info][gc] GC(132) Concurrent reset 0.355ms
[2021-02-07T17:29:50.568+0300][172.879s][info][gc] GC(132) Pause Init Mark (unload classes) 0.146ms
[2021-02-07T17:29:50.875+0300][173.187s][info][gc] GC(132) Concurrent marking (unload classes) 307.350ms
[2021-02-07T17:29:50.880+0300][173.192s][info][gc] GC(132) Pause Final Mark (unload classes) 0.289ms
[2021-02-07T17:29:50.892+0300][173.203s][info][gc] GC(132) Concurrent weak roots 11.604ms
[2021-02-07T17:29:50.892+0300][173.203s][info][gc] GC(132) Concurrent cleanup 234M->234M(256M) 0.012ms
[2021-02-07T17:29:50.924+0300][173.235s][info][gc] GC(132) Concurrent class unloading 32.213ms
[2021-02-07T17:29:50.924+0300][173.236s][info][gc] GC(132) Concurrent strong roots 0.134ms
[2021-02-07T17:29:50.927+0300][173.239s][info][gc] GC(132) Concurrent evacuation 3.022ms
[2021-02-07T17:29:50.939+0300][173.251s][info][gc] GC(132) Pause Init Update Refs 0.010ms
[2021-02-07T17:29:51.071+0300][173.383s][info][gc] GC(132) Concurrent update references 132.340ms
[2021-02-07T17:29:51.072+0300][173.384s][info][gc] GC(132) Pause Final Update Refs 0.141ms
[2021-02-07T17:29:51.072+0300][173.384s][info][gc] GC(132) Concurrent cleanup 235M->224M(256M) 0.016ms
[2021-02-07T17:29:51.074+0300][173.386s][info][gc] Trigger: Free (18747K) is below minimum threshold (26214K)
[2021-02-07T17:29:51.074+0300][173.386s][info][gc] GC(133) Concurrent reset 0.310ms
[2021-02-07T17:29:51.074+0300][173.387s][info][gc] GC(133) Pause Init Mark (unload classes) 0.144ms
[2021-02-07T17:29:51.399+0300][173.711s][info][gc] GC(133) Concurrent marking (unload classes) 324.002ms
[2021-02-07T17:29:51.400+0300][173.712s][info][gc] GC(133) Pause Final Mark (unload classes) 0.432ms
[2021-02-07T17:29:51.417+0300][173.729s][info][gc] GC(133) Concurrent weak roots 16.436ms
[2021-02-07T17:29:51.417+0300][173.729s][info][gc] GC(133) Concurrent cleanup 233M->233M(256M) 0.016ms
[2021-02-07T17:29:51.433+0300][173.745s][info][gc] GC(133) Concurrent class unloading 16.062ms
[2021-02-07T17:29:51.433+0300][173.745s][info][gc] GC(133) Concurrent strong roots 0.135ms
[2021-02-07T17:29:51.436+0300][173.748s][info][gc] GC(133) Concurrent evacuation 3.348ms
[2021-02-07T17:29:51.437+0300][173.749s][info][gc] GC(133) Pause Init Update Refs 0.008ms
[2021-02-07T17:29:51.570+0300][173.883s][info][gc] GC(133) Concurrent update references 133.311ms
[2021-02-07T17:29:51.573+0300][173.885s][info][gc] GC(133) Pause Final Update Refs 0.139ms
[2021-02-07T17:29:51.573+0300][173.885s][info][gc] GC(133) Concurrent cleanup 235M->224M(256M) 0.015ms
[2021-02-07T17:29:51.575+0300][173.887s][info][gc] Trigger: Free (18852K) is below minimum threshold (26214K)
[2021-02-07T17:29:51.575+0300][173.887s][info][gc] GC(134) Concurrent reset 0.281ms
[2021-02-07T17:29:51.575+0300][173.887s][info][gc] GC(134) Pause Init Mark (unload classes) 0.144ms
[2021-02-07T17:29:51.881+0300][174.193s][info][gc] GC(134) Concurrent marking (unload classes) 305.121ms
[2021-02-07T17:29:51.885+0300][174.197s][info][gc] GC(134) Pause Final Mark (unload classes) 0.416ms
[2021-02-07T17:29:51.893+0300][174.205s][info][gc] GC(134) Concurrent weak roots 7.310ms
[2021-02-07T17:29:51.893+0300][174.205s][info][gc] GC(134) Concurrent cleanup 234M->234M(256M) 0.010ms
[2021-02-07T17:29:51.898+0300][174.210s][info][gc] GC(134) Concurrent class unloading 5.550ms
[2021-02-07T17:29:51.898+0300][174.210s][info][gc] GC(134) Concurrent strong roots 0.135ms
[2021-02-07T17:29:51.902+0300][174.214s][info][gc] GC(134) Concurrent evacuation 3.191ms
[2021-02-07T17:29:51.903+0300][174.215s][info][gc] GC(134) Pause Init Update Refs 0.009ms
[2021-02-07T17:29:52.038+0300][174.350s][info][gc] GC(134) Concurrent update references 134.904ms
[2021-02-07T17:29:52.041+0300][174.353s][info][gc] GC(134) Pause Final Update Refs 0.137ms
[2021-02-07T17:29:52.041+0300][174.353s][info][gc] GC(134) Concurrent cleanup 235M->224M(256M) 0.015ms
[2021-02-07T17:29:52.043+0300][174.355s][info][gc] Trigger: Free (18778K) is below minimum threshold (26214K)
[2021-02-07T17:29:52.043+0300][174.355s][info][gc] GC(135) Concurrent reset 0.311ms
[2021-02-07T17:29:52.043+0300][174.355s][info][gc] GC(135) Pause Init Mark (process weakrefs) (unload classes) 0.148ms
[2021-02-07T17:29:52.350+0300][174.662s][info][gc] GC(135) Concurrent marking (process weakrefs) (unload classes) 306.699ms
[2021-02-07T17:29:52.350+0300][174.662s][info][gc] GC(135) Concurrent precleaning 0.145ms
[2021-02-07T17:29:52.353+0300][174.665s][info][gc] GC(135) Pause Final Mark (process weakrefs) (unload classes) 0.337ms
[2021-02-07T17:29:52.361+0300][174.673s][info][gc] GC(135) Concurrent weak roots 7.480ms
[2021-02-07T17:29:52.361+0300][174.673s][info][gc] GC(135) Concurrent cleanup 233M->233M(256M) 0.010ms
[2021-02-07T17:29:52.365+0300][174.677s][info][gc] GC(135) Concurrent class unloading 4.049ms
[2021-02-07T17:29:52.365+0300][174.677s][info][gc] GC(135) Concurrent strong roots 0.103ms
[2021-02-07T17:29:52.369+0300][174.681s][info][gc] GC(135) Concurrent evacuation 3.966ms
[2021-02-07T17:29:52.372+0300][174.684s][info][gc] GC(135) Pause Init Update Refs 0.011ms
[2021-02-07T17:29:52.504+0300][174.816s][info][gc] GC(135) Concurrent update references 131.725ms
[2021-02-07T17:29:52.504+0300][174.816s][info][gc] GC(135) Pause Final Update Refs 0.104ms
[2021-02-07T17:29:52.504+0300][174.816s][info][gc] GC(135) Concurrent cleanup 235M->224M(256M) 0.016ms
[2021-02-07T17:29:52.506+0300][174.818s][info][gc] Trigger: Free (18852K) is below minimum threshold (26214K)
[2021-02-07T17:29:52.506+0300][174.818s][info][gc] GC(136) Concurrent reset 0.311ms
[2021-02-07T17:29:52.506+0300][174.818s][info][gc] GC(136) Pause Init Mark (unload classes) 0.114ms
[2021-02-07T17:29:52.832+0300][175.144s][info][gc] GC(136) Concurrent marking (unload classes) 325.625ms
[2021-02-07T17:29:52.835+0300][175.147s][info][gc] GC(136) Pause Final Mark (unload classes) 0.417ms
[2021-02-07T17:29:52.843+0300][175.155s][info][gc] GC(136) Concurrent weak roots 7.324ms
[2021-02-07T17:29:52.843+0300][175.155s][info][gc] GC(136) Concurrent cleanup 233M->233M(256M) 0.011ms
[2021-02-07T17:29:52.847+0300][175.159s][info][gc] GC(136) Concurrent class unloading 4.098ms
[2021-02-07T17:29:52.847+0300][175.159s][info][gc] GC(136) Concurrent strong roots 0.139ms
[2021-02-07T17:29:52.850+0300][175.163s][info][gc] GC(136) Concurrent evacuation 3.476ms
[2021-02-07T17:29:52.851+0300][175.163s][info][gc] GC(136) Pause Init Update Refs 0.010ms
[2021-02-07T17:29:52.983+0300][175.295s][info][gc] GC(136) Concurrent update references 131.602ms
[2021-02-07T17:29:52.984+0300][175.296s][info][gc] GC(136) Pause Final Update Refs 0.097ms
[2021-02-07T17:29:52.984+0300][175.296s][info][gc] GC(136) Concurrent cleanup 235M->224M(256M) 0.022ms
[2021-02-07T17:29:52.986+0300][175.298s][info][gc] Trigger: Free (18505K) is below minimum threshold (26214K)
[2021-02-07T17:29:52.986+0300][175.298s][info][gc] GC(137) Concurrent reset 0.348ms
[2021-02-07T17:29:52.986+0300][175.298s][info][gc] GC(137) Pause Init Mark (unload classes) 0.122ms
[2021-02-07T17:29:53.293+0300][175.605s][info][gc] GC(137) Concurrent marking (unload classes) 306.446ms
[2021-02-07T17:29:53.296+0300][175.608s][info][gc] GC(137) Pause Final Mark (unload classes) 0.409ms
[2021-02-07T17:29:53.304+0300][175.616s][info][gc] GC(137) Concurrent weak roots 7.392ms
[2021-02-07T17:29:53.304+0300][175.616s][info][gc] GC(137) Concurrent cleanup 234M->234M(256M) 0.012ms
[2021-02-07T17:29:53.308+0300][175.620s][info][gc] GC(137) Concurrent class unloading 4.064ms
[2021-02-07T17:29:53.308+0300][175.620s][info][gc] GC(137) Concurrent strong roots 0.131ms
[2021-02-07T17:29:53.311+0300][175.623s][info][gc] GC(137) Concurrent evacuation 3.175ms
[2021-02-07T17:29:53.312+0300][175.624s][info][gc] GC(137) Pause Init Update Refs 0.009ms
[2021-02-07T17:29:53.443+0300][175.755s][info][gc] GC(137) Concurrent update references 130.832ms
[2021-02-07T17:29:53.444+0300][175.756s][info][gc] GC(137) Pause Final Update Refs 0.141ms
[2021-02-07T17:29:53.444+0300][175.756s][info][gc] GC(137) Concurrent cleanup 235M->224M(256M) 0.016ms
[2021-02-07T17:29:53.446+0300][175.758s][info][gc] Trigger: Free (18866K) is below minimum threshold (26214K)
[2021-02-07T17:29:53.446+0300][175.758s][info][gc] GC(138) Concurrent reset 0.352ms
[2021-02-07T17:29:53.447+0300][175.759s][info][gc] GC(138) Pause Init Mark (unload classes) 0.152ms
[2021-02-07T17:29:53.756+0300][176.068s][info][gc] GC(138) Concurrent marking (unload classes) 309.320ms
[2021-02-07T17:29:53.759+0300][176.071s][info][gc] GC(138) Pause Final Mark (unload classes) 0.441ms
[2021-02-07T17:29:53.777+0300][176.089s][info][gc] GC(138) Concurrent weak roots 17.241ms
[2021-02-07T17:29:53.777+0300][176.089s][info][gc] GC(138) Concurrent cleanup 234M->234M(256M) 0.013ms
[2021-02-07T17:29:53.793+0300][176.105s][info][gc] GC(138) Concurrent class unloading 16.090ms
[2021-02-07T17:29:53.793+0300][176.105s][info][gc] GC(138) Concurrent strong roots 0.158ms
[2021-02-07T17:29:53.796+0300][176.108s][info][gc] GC(138) Concurrent evacuation 3.123ms
[2021-02-07T17:29:53.809+0300][176.121s][info][gc] GC(138) Pause Init Update Refs 0.011ms
[2021-02-07T17:29:53.945+0300][176.257s][info][gc] GC(138) Concurrent update references 135.852ms
[2021-02-07T17:29:53.946+0300][176.258s][info][gc] GC(138) Pause Final Update Refs 0.136ms
[2021-02-07T17:29:53.946+0300][176.258s][info][gc] GC(138) Concurrent cleanup 235M->224M(256M) 0.017ms
[2021-02-07T17:29:53.948+0300][176.260s][info][gc] Trigger: Free (18476K) is below minimum threshold (26214K)
[2021-02-07T17:29:53.948+0300][176.260s][info][gc] GC(139) Concurrent reset 0.329ms
[2021-02-07T17:29:53.948+0300][176.261s][info][gc] GC(139) Pause Init Mark (unload classes) 0.148ms
[2021-02-07T17:29:54.260+0300][176.572s][info][gc] GC(139) Concurrent marking (unload classes) 311.054ms
[2021-02-07T17:29:54.264+0300][176.576s][info][gc] GC(139) Pause Final Mark (unload classes) 0.435ms
[2021-02-07T17:29:54.272+0300][176.584s][info][gc] GC(139) Concurrent weak roots 7.321ms
[2021-02-07T17:29:54.272+0300][176.584s][info][gc] GC(139) Concurrent cleanup 233M->233M(256M) 0.011ms
[2021-02-07T17:29:54.276+0300][176.588s][info][gc] GC(139) Concurrent class unloading 4.041ms
[2021-02-07T17:29:54.276+0300][176.588s][info][gc] GC(139) Concurrent strong roots 0.131ms
[2021-02-07T17:29:54.279+0300][176.591s][info][gc] GC(139) Concurrent evacuation 3.480ms
[2021-02-07T17:29:54.280+0300][176.592s][info][gc] GC(139) Pause Init Update Refs 0.009ms
[2021-02-07T17:29:54.410+0300][176.722s][info][gc] GC(139) Concurrent update references 130.405ms
[2021-02-07T17:29:54.427+0300][176.739s][info][gc] GC(139) Pause Final Update Refs 0.076ms
[2021-02-07T17:29:54.427+0300][176.739s][info][gc] GC(139) Concurrent cleanup 236M->224M(256M) 0.022ms
[2021-02-07T17:29:54.443+0300][176.755s][info][gc] Trigger: Free (18596K) is below minimum threshold (26214K)
[2021-02-07T17:29:54.443+0300][176.755s][info][gc] GC(140) Concurrent reset 0.354ms
[2021-02-07T17:29:54.444+0300][176.756s][info][gc] GC(140) Pause Init Mark (process weakrefs) (unload classes) 0.132ms
[2021-02-07T17:29:54.756+0300][177.068s][info][gc] GC(140) Concurrent marking (process weakrefs) (unload classes) 311.883ms
[2021-02-07T17:29:54.756+0300][177.068s][info][gc] GC(140) Concurrent precleaning 0.081ms
[2021-02-07T17:29:54.759+0300][177.071s][info][gc] GC(140) Pause Final Mark (process weakrefs) (unload classes) 0.274ms
[2021-02-07T17:29:54.766+0300][177.078s][info][gc] GC(140) Concurrent weak roots 6.660ms
[2021-02-07T17:29:54.766+0300][177.078s][info][gc] GC(140) Concurrent cleanup 234M->234M(256M) 0.015ms
[2021-02-07T17:29:54.770+0300][177.082s][info][gc] GC(140) Concurrent class unloading 4.027ms
[2021-02-07T17:29:54.770+0300][177.082s][info][gc] GC(140) Concurrent strong roots 0.079ms
[2021-02-07T17:29:54.773+0300][177.085s][info][gc] GC(140) Concurrent evacuation 3.113ms
[2021-02-07T17:29:54.774+0300][177.086s][info][gc] GC(140) Pause Init Update Refs 0.010ms
[2021-02-07T17:29:54.908+0300][177.220s][info][gc] GC(140) Concurrent update references 134.102ms
[2021-02-07T17:29:54.911+0300][177.223s][info][gc] GC(140) Pause Final Update Refs 0.076ms
[2021-02-07T17:29:54.911+0300][177.223s][info][gc] GC(140) Concurrent cleanup 235M->224M(256M) 0.013ms
[2021-02-07T17:29:54.913+0300][177.225s][info][gc] Trigger: Free (18478K) is below minimum threshold (26214K)
[2021-02-07T17:29:54.913+0300][177.225s][info][gc] GC(141) Concurrent reset 0.293ms
[2021-02-07T17:29:54.913+0300][177.225s][info][gc] GC(141) Pause Init Mark (unload classes) 0.088ms
[2021-02-07T17:29:55.243+0300][177.555s][info][gc] GC(141) Concurrent marking (unload classes) 329.339ms
[2021-02-07T17:29:55.248+0300][177.560s][info][gc] GC(141) Pause Final Mark (unload classes) 0.325ms
[2021-02-07T17:29:55.256+0300][177.568s][info][gc] GC(141) Concurrent weak roots 7.549ms
[2021-02-07T17:29:55.256+0300][177.568s][info][gc] GC(141) Concurrent cleanup 234M->234M(256M) 0.011ms
[2021-02-07T17:29:55.260+0300][177.572s][info][gc] GC(141) Concurrent class unloading 3.999ms
[2021-02-07T17:29:55.260+0300][177.572s][info][gc] GC(141) Concurrent strong roots 0.103ms
[2021-02-07T17:29:55.263+0300][177.575s][info][gc] GC(141) Concurrent evacuation 3.107ms
[2021-02-07T17:29:55.264+0300][177.576s][info][gc] GC(141) Pause Init Update Refs 0.010ms
[2021-02-07T17:29:55.398+0300][177.710s][info][gc] GC(141) Concurrent update references 134.004ms
[2021-02-07T17:29:55.398+0300][177.711s][info][gc] GC(141) Pause Final Update Refs 0.068ms
[2021-02-07T17:29:55.399+0300][177.711s][info][gc] GC(141) Concurrent cleanup 235M->224M(256M) 0.018ms
[2021-02-07T17:29:55.401+0300][177.713s][info][gc] Trigger: Free (18596K) is below minimum threshold (26214K)
[2021-02-07T17:29:55.401+0300][177.713s][info][gc] GC(142) Concurrent reset 0.351ms
[2021-02-07T17:29:55.401+0300][177.714s][info][gc] GC(142) Pause Init Mark (unload classes) 0.086ms
[2021-02-07T17:29:55.712+0300][178.024s][info][gc] GC(142) Concurrent marking (unload classes) 310.545ms
[2021-02-07T17:29:55.715+0300][178.027s][info][gc] GC(142) Pause Final Mark (unload classes) 0.308ms
[2021-02-07T17:29:55.723+0300][178.035s][info][gc] GC(142) Concurrent weak roots 7.527ms
[2021-02-07T17:29:55.723+0300][178.035s][info][gc] GC(142) Concurrent cleanup 234M->234M(256M) 0.011ms
[2021-02-07T17:29:55.729+0300][178.041s][info][gc] GC(142) Concurrent class unloading 6.083ms
[2021-02-07T17:29:55.729+0300][178.041s][info][gc] GC(142) Concurrent strong roots 0.153ms
[2021-02-07T17:29:55.732+0300][178.044s][info][gc] GC(142) Concurrent evacuation 2.751ms
[2021-02-07T17:29:55.735+0300][178.047s][info][gc] GC(142) Pause Init Update Refs 0.015ms
[2021-02-07T17:29:55.864+0300][178.176s][info][gc] GC(142) Concurrent update references 129.509ms
[2021-02-07T17:29:55.869+0300][178.181s][info][gc] GC(142) Pause Final Update Refs 0.125ms
[2021-02-07T17:29:55.869+0300][178.181s][info][gc] GC(142) Concurrent cleanup 235M->224M(256M) 0.020ms
[2021-02-07T17:29:55.871+0300][178.183s][info][gc] Trigger: Free (18567K) is below minimum threshold (26214K)
[2021-02-07T17:29:55.871+0300][178.183s][info][gc] GC(143) Concurrent reset 0.293ms
[2021-02-07T17:29:55.871+0300][178.183s][info][gc] GC(143) Pause Init Mark (unload classes) 0.117ms
[2021-02-07T17:29:56.202+0300][178.514s][info][gc] GC(143) Concurrent marking (unload classes) 330.428ms
[2021-02-07T17:29:56.205+0300][178.517s][info][gc] GC(143) Pause Final Mark (unload classes) 0.425ms
[2021-02-07T17:29:56.213+0300][178.525s][info][gc] GC(143) Concurrent weak roots 7.306ms
[2021-02-07T17:29:56.213+0300][178.525s][info][gc] GC(143) Concurrent cleanup 234M->234M(256M) 0.010ms
[2021-02-07T17:29:56.219+0300][178.531s][info][gc] GC(143) Concurrent class unloading 6.092ms
[2021-02-07T17:29:56.219+0300][178.531s][info][gc] GC(143) Concurrent strong roots 0.151ms
[2021-02-07T17:29:56.222+0300][178.534s][info][gc] GC(143) Concurrent evacuation 2.951ms
[2021-02-07T17:29:56.225+0300][178.537s][info][gc] GC(143) Pause Init Update Refs 0.009ms
[2021-02-07T17:29:56.357+0300][178.670s][info][gc] GC(143) Concurrent update references 132.583ms
[2021-02-07T17:29:56.361+0300][178.673s][info][gc] GC(143) Pause Final Update Refs 0.120ms
[2021-02-07T17:29:56.361+0300][178.673s][info][gc] GC(143) Concurrent cleanup 235M->224M(256M) 0.019ms
[2021-02-07T17:29:56.363+0300][178.675s][info][gc] Trigger: Free (18596K) is below minimum threshold (26214K)
[2021-02-07T17:29:56.363+0300][178.675s][info][gc] GC(144) Concurrent reset 0.314ms
[2021-02-07T17:29:56.363+0300][178.675s][info][gc] GC(144) Pause Init Mark (unload classes) 0.127ms
[2021-02-07T17:29:56.670+0300][178.982s][info][gc] GC(144) Concurrent marking (unload classes) 306.692ms
[2021-02-07T17:29:56.673+0300][178.985s][info][gc] GC(144) Pause Final Mark (unload classes) 0.315ms
[2021-02-07T17:29:56.681+0300][178.993s][info][gc] GC(144) Concurrent weak roots 7.503ms
[2021-02-07T17:29:56.681+0300][178.993s][info][gc] GC(144) Concurrent cleanup 233M->233M(256M) 0.011ms
[2021-02-07T17:29:56.683+0300][178.996s][info][gc] GC(144) Concurrent class unloading 2.770ms
[2021-02-07T17:29:56.684+0300][178.996s][info][gc] GC(144) Concurrent strong roots 0.139ms
[2021-02-07T17:29:56.687+0300][179.000s][info][gc] GC(144) Concurrent evacuation 3.753ms
[2021-02-07T17:29:56.688+0300][179.000s][info][gc] GC(144) Pause Init Update Refs 0.008ms
[2021-02-07T17:29:56.830+0300][179.142s][info][gc] GC(144) Concurrent update references 141.550ms
[2021-02-07T17:29:56.830+0300][179.142s][info][gc] GC(144) Pause Final Update Refs 0.071ms
[2021-02-07T17:29:56.831+0300][179.143s][info][gc] GC(144) Concurrent cleanup 235M->224M(256M) 0.033ms
[2021-02-07T17:29:56.833+0300][179.145s][info][gc] Trigger: Free (18567K) is below minimum threshold (26214K)
[2021-02-07T17:29:56.833+0300][179.145s][info][gc] GC(145) Concurrent reset 0.430ms
[2021-02-07T17:29:56.836+0300][179.148s][info][gc] GC(145) Pause Init Mark (process weakrefs) (unload classes) 0.112ms
[2021-02-07T17:29:57.163+0300][179.476s][info][gc] GC(145) Concurrent marking (process weakrefs) (unload classes) 327.554ms
[2021-02-07T17:29:57.164+0300][179.476s][info][gc] GC(145) Concurrent precleaning 0.082ms
[2021-02-07T17:29:57.167+0300][179.479s][info][gc] GC(145) Pause Final Mark (process weakrefs) (unload classes) 0.242ms
[2021-02-07T17:29:57.175+0300][179.487s][info][gc] GC(145) Concurrent weak roots 7.514ms
[2021-02-07T17:29:57.175+0300][179.487s][info][gc] GC(145) Concurrent cleanup 234M->234M(256M) 0.014ms
[2021-02-07T17:29:57.176+0300][179.489s][info][gc] GC(145) Concurrent class unloading 1.848ms
[2021-02-07T17:29:57.177+0300][179.489s][info][gc] GC(145) Concurrent strong roots 0.082ms
[2021-02-07T17:29:57.180+0300][179.492s][info][gc] GC(145) Concurrent evacuation 3.196ms
[2021-02-07T17:29:57.183+0300][179.495s][info][gc] GC(145) Pause Init Update Refs 0.017ms
[2021-02-07T17:29:57.322+0300][179.634s][info][gc] GC(145) Concurrent update references 139.341ms
[2021-02-07T17:29:57.323+0300][179.635s][info][gc] GC(145) Pause Final Update Refs 0.120ms
[2021-02-07T17:29:57.323+0300][179.635s][info][gc] GC(145) Concurrent cleanup 235M->224M(256M) 0.030ms
[2021-02-07T17:29:57.325+0300][179.637s][info][gc] Trigger: Free (18596K) is below minimum threshold (26214K)
[2021-02-07T17:29:57.325+0300][179.637s][info][gc] GC(146) Concurrent reset 0.339ms
[2021-02-07T17:29:57.325+0300][179.637s][info][gc] GC(146) Pause Init Mark (unload classes) 0.151ms
[2021-02-07T17:29:57.650+0300][179.962s][info][gc] GC(146) Concurrent marking (unload classes) 324.959ms
[2021-02-07T17:29:57.653+0300][179.965s][info][gc] GC(146) Pause Final Mark (unload classes) 0.377ms
[2021-02-07T17:29:57.661+0300][179.973s][info][gc] GC(146) Concurrent weak roots 7.412ms
[2021-02-07T17:29:57.661+0300][179.973s][info][gc] GC(146) Concurrent cleanup 233M->233M(256M) 0.010ms
[2021-02-07T17:29:57.665+0300][179.977s][info][gc] GC(146) Concurrent class unloading 4.083ms
[2021-02-07T17:29:57.665+0300][179.977s][info][gc] GC(146) Concurrent strong roots 0.129ms
[2021-02-07T17:29:57.668+0300][179.981s][info][gc] GC(146) Concurrent evacuation 3.461ms
[2021-02-07T17:29:57.669+0300][179.981s][info][gc] GC(146) Pause Init Update Refs 0.009ms
[2021-02-07T17:29:57.809+0300][180.121s][info][gc] GC(146) Concurrent update references 139.863ms
[2021-02-07T17:29:57.812+0300][180.124s][info][gc] GC(146) Pause Final Update Refs 0.124ms
[2021-02-07T17:29:57.812+0300][180.124s][info][gc] GC(146) Concurrent cleanup 235M->224M(256M) 0.017ms
[2021-02-07T17:29:57.814+0300][180.126s][info][gc] Trigger: Free (18823K) is below minimum threshold (26214K)
[2021-02-07T17:29:57.814+0300][180.126s][info][gc] GC(147) Concurrent reset 0.312ms
[2021-02-07T17:29:57.814+0300][180.126s][info][gc] GC(147) Pause Init Mark (unload classes) 0.118ms
[2021-02-07T17:29:58.128+0300][180.440s][info][gc] GC(147) Concurrent marking (unload classes) 313.652ms
[2021-02-07T17:29:58.129+0300][180.441s][info][gc] GC(147) Pause Final Mark (unload classes) 0.280ms
[2021-02-07T17:29:58.151+0300][180.463s][info][gc] GC(147) Concurrent weak roots 21.237ms
[2021-02-07T17:29:58.151+0300][180.463s][info][gc] GC(147) Concurrent cleanup 234M->234M(256M) 0.012ms
[2021-02-07T17:29:58.167+0300][180.479s][info][gc] GC(147) Concurrent class unloading 16.059ms
[2021-02-07T17:29:58.167+0300][180.479s][info][gc] GC(147) Concurrent strong roots 0.088ms
[2021-02-07T17:29:58.170+0300][180.482s][info][gc] GC(147) Concurrent evacuation 2.897ms
[2021-02-07T17:29:58.171+0300][180.483s][info][gc] GC(147) Pause Init Update Refs 0.009ms
[2021-02-07T17:29:58.304+0300][180.616s][info][gc] GC(147) Concurrent update references 132.720ms
[2021-02-07T17:29:58.307+0300][180.619s][info][gc] GC(147) Pause Final Update Refs 0.116ms
[2021-02-07T17:29:58.307+0300][180.619s][info][gc] GC(147) Concurrent cleanup 235M->224M(256M) 0.017ms
[2021-02-07T17:29:58.309+0300][180.621s][info][gc] Trigger: Free (18596K) is below minimum threshold (26214K)
[2021-02-07T17:29:58.309+0300][180.621s][info][gc] GC(148) Concurrent reset 0.313ms
[2021-02-07T17:29:58.309+0300][180.622s][info][gc] GC(148) Pause Init Mark (unload classes) 0.111ms
[2021-02-07T17:29:58.616+0300][180.929s][info][gc] GC(148) Concurrent marking (unload classes) 306.881ms
[2021-02-07T17:29:58.618+0300][180.930s][info][gc] GC(148) Pause Final Mark (unload classes) 0.418ms
[2021-02-07T17:29:58.625+0300][180.937s][info][gc] GC(148) Concurrent weak roots 6.670ms
[2021-02-07T17:29:58.625+0300][180.937s][info][gc] GC(148) Concurrent cleanup 233M->233M(256M) 0.011ms
[2021-02-07T17:29:58.629+0300][180.941s][info][gc] GC(148) Concurrent class unloading 4.112ms
[2021-02-07T17:29:58.629+0300][180.941s][info][gc] GC(148) Concurrent strong roots 0.129ms
[2021-02-07T17:29:58.633+0300][180.945s][info][gc] GC(148) Concurrent evacuation 3.555ms
[2021-02-07T17:29:58.633+0300][180.945s][info][gc] GC(148) Pause Init Update Refs 0.009ms
[2021-02-07T17:29:58.763+0300][181.075s][info][gc] GC(148) Concurrent update references 129.700ms
[2021-02-07T17:29:58.763+0300][181.075s][info][gc] GC(148) Pause Final Update Refs 0.117ms
[2021-02-07T17:29:58.763+0300][181.076s][info][gc] GC(148) Concurrent cleanup 235M->224M(256M) 0.018ms
[2021-02-07T17:29:58.765+0300][181.077s][info][gc] Trigger: Free (18567K) is below minimum threshold (26214K)
[2021-02-07T17:29:58.765+0300][181.077s][info][gc] GC(149) Concurrent reset 0.300ms
[2021-02-07T17:29:58.765+0300][181.078s][info][gc] GC(149) Pause Init Mark (unload classes) 0.158ms
[2021-02-07T17:29:59.091+0300][181.403s][info][gc] GC(149) Concurrent marking (unload classes) 325.379ms
[2021-02-07T17:29:59.094+0300][181.406s][info][gc] GC(149) Pause Final Mark (unload classes) 0.421ms
[2021-02-07T17:29:59.102+0300][181.414s][info][gc] GC(149) Concurrent weak roots 7.320ms
[2021-02-07T17:29:59.102+0300][181.414s][info][gc] GC(149) Concurrent cleanup 234M->234M(256M) 0.010ms
[2021-02-07T17:29:59.106+0300][181.418s][info][gc] GC(149) Concurrent class unloading 4.048ms
[2021-02-07T17:29:59.106+0300][181.418s][info][gc] GC(149) Concurrent strong roots 0.099ms
[2021-02-07T17:29:59.109+0300][181.421s][info][gc] GC(149) Concurrent evacuation 3.010ms
[2021-02-07T17:29:59.110+0300][181.422s][info][gc] GC(149) Pause Init Update Refs 0.009ms
[2021-02-07T17:29:59.244+0300][181.556s][info][gc] GC(149) Concurrent update references 134.766ms
[2021-02-07T17:29:59.245+0300][181.557s][info][gc] GC(149) Pause Final Update Refs 0.137ms
[2021-02-07T17:29:59.245+0300][181.557s][info][gc] GC(149) Concurrent cleanup 235M->224M(256M) 0.016ms
[2021-02-07T17:29:59.247+0300][181.559s][info][gc] Trigger: Free (18596K) is below minimum threshold (26214K)
[2021-02-07T17:29:59.247+0300][181.559s][info][gc] GC(150) Concurrent reset 0.349ms
[2021-02-07T17:29:59.247+0300][181.559s][info][gc] GC(150) Pause Init Mark (process weakrefs) (unload classes) 0.145ms
[2021-02-07T17:29:59.568+0300][181.880s][info][gc] GC(150) Concurrent marking (process weakrefs) (unload classes) 320.079ms
[2021-02-07T17:29:59.568+0300][181.880s][info][gc] GC(150) Concurrent precleaning 0.144ms
[2021-02-07T17:29:59.571+0300][181.883s][info][gc] GC(150) Pause Final Mark (process weakrefs) (unload classes) 0.396ms
[2021-02-07T17:29:59.579+0300][181.891s][info][gc] GC(150) Concurrent weak roots 7.348ms
[2021-02-07T17:29:59.579+0300][181.891s][info][gc] GC(150) Concurrent cleanup 234M->234M(256M) 0.010ms
[2021-02-07T17:29:59.583+0300][181.895s][info][gc] GC(150) Concurrent class unloading 3.999ms
[2021-02-07T17:29:59.583+0300][181.895s][info][gc] GC(150) Concurrent strong roots 0.102ms
[2021-02-07T17:29:59.586+0300][181.898s][info][gc] GC(150) Concurrent evacuation 3.165ms
[2021-02-07T17:29:59.586+0300][181.899s][info][gc] GC(150) Pause Init Update Refs 0.009ms
[2021-02-07T17:29:59.721+0300][182.033s][info][gc] GC(150) Concurrent update references 134.193ms
[2021-02-07T17:29:59.724+0300][182.036s][info][gc] GC(150) Pause Final Update Refs 0.135ms
[2021-02-07T17:29:59.724+0300][182.036s][info][gc] GC(150) Concurrent cleanup 235M->224M(256M) 0.016ms
[2021-02-07T17:29:59.726+0300][182.038s][info][gc] Trigger: Free (18596K) is below minimum threshold (26214K)
[2021-02-07T17:29:59.726+0300][182.038s][info][gc] GC(151) Concurrent reset 0.324ms
[2021-02-07T17:29:59.726+0300][182.038s][info][gc] GC(151) Pause Init Mark (unload classes) 0.147ms
[2021-02-07T17:30:00.036+0300][182.348s][info][gc] GC(151) Concurrent marking (unload classes) 309.306ms
[2021-02-07T17:30:00.037+0300][182.349s][info][gc] GC(151) Pause Final Mark (unload classes) 0.421ms
[2021-02-07T17:30:00.045+0300][182.357s][info][gc] GC(151) Concurrent weak roots 7.309ms
[2021-02-07T17:30:00.045+0300][182.357s][info][gc] GC(151) Concurrent cleanup 234M->234M(256M) 0.010ms
[2021-02-07T17:30:00.049+0300][182.361s][info][gc] GC(151) Concurrent class unloading 4.131ms
[2021-02-07T17:30:00.049+0300][182.361s][info][gc] GC(151) Concurrent strong roots 0.128ms
[2021-02-07T17:30:00.052+0300][182.364s][info][gc] GC(151) Concurrent evacuation 2.885ms
[2021-02-07T17:30:00.052+0300][182.365s][info][gc] GC(151) Pause Init Update Refs 0.009ms
[2021-02-07T17:30:00.181+0300][182.493s][info][gc] GC(151) Concurrent update references 128.451ms
[2021-02-07T17:30:00.184+0300][182.496s][info][gc] GC(151) Pause Final Update Refs 0.137ms
[2021-02-07T17:30:00.184+0300][182.496s][info][gc] GC(151) Concurrent cleanup 235M->225M(256M) 0.017ms
[2021-02-07T17:30:00.186+0300][182.498s][info][gc] Trigger: Free (18340K) is below minimum threshold (26214K)
[2021-02-07T17:30:00.186+0300][182.498s][info][gc] GC(152) Concurrent reset 0.314ms
[2021-02-07T17:30:00.186+0300][182.498s][info][gc] GC(152) Pause Init Mark (unload classes) 0.133ms
[2021-02-07T17:30:00.492+0300][182.804s][info][gc] GC(152) Concurrent marking (unload classes) 305.263ms
[2021-02-07T17:30:00.492+0300][182.804s][info][gc] GC(152) Pause Final Mark (unload classes) 0.433ms
[2021-02-07T17:30:00.500+0300][182.812s][info][gc] GC(152) Concurrent weak roots 7.128ms
[2021-02-07T17:30:00.500+0300][182.812s][info][gc] GC(152) Concurrent cleanup 235M->235M(256M) 0.011ms
[2021-02-07T17:30:00.501+0300][182.814s][info][gc] GC(152) Concurrent class unloading 1.776ms
[2021-02-07T17:30:00.502+0300][182.814s][info][gc] GC(152) Concurrent strong roots 0.129ms
[2021-02-07T17:30:00.504+0300][182.817s][info][gc] GC(152) Concurrent evacuation 2.775ms
[2021-02-07T17:30:00.507+0300][182.819s][info][gc] GC(152) Pause Init Update Refs 0.008ms
[2021-02-07T17:30:00.636+0300][182.948s][info][gc] GC(152) Concurrent update references 128.748ms
[2021-02-07T17:30:00.636+0300][182.948s][info][gc] GC(152) Pause Final Update Refs 0.139ms
[2021-02-07T17:30:00.636+0300][182.948s][info][gc] GC(152) Concurrent cleanup 236M->224M(256M) 0.015ms
[2021-02-07T17:30:00.638+0300][182.950s][info][gc] Trigger: Free (18596K) is below minimum threshold (26214K)
[2021-02-07T17:30:00.638+0300][182.950s][info][gc] GC(153) Concurrent reset 0.316ms
[2021-02-07T17:30:00.638+0300][182.951s][info][gc] GC(153) Pause Init Mark (unload classes) 0.147ms
[2021-02-07T17:30:00.970+0300][183.282s][info][gc] GC(153) Concurrent marking (unload classes) 331.168ms
[2021-02-07T17:30:00.975+0300][183.287s][info][gc] GC(153) Pause Final Mark (unload classes) 0.423ms
[2021-02-07T17:30:00.983+0300][183.295s][info][gc] GC(153) Concurrent weak roots 7.365ms
[2021-02-07T17:30:00.983+0300][183.295s][info][gc] GC(153) Concurrent cleanup 234M->234M(256M) 0.011ms
[2021-02-07T17:30:00.987+0300][183.299s][info][gc] GC(153) Concurrent class unloading 4.074ms
[2021-02-07T17:30:00.987+0300][183.299s][info][gc] GC(153) Concurrent strong roots 0.134ms
[2021-02-07T17:30:00.990+0300][183.302s][info][gc] GC(153) Concurrent evacuation 2.781ms
[2021-02-07T17:30:00.991+0300][183.303s][info][gc] GC(153) Pause Init Update Refs 0.009ms
[2021-02-07T17:30:01.121+0300][183.433s][info][gc] GC(153) Concurrent update references 129.839ms
[2021-02-07T17:30:01.122+0300][183.434s][info][gc] GC(153) Pause Final Update Refs 0.132ms
[2021-02-07T17:30:01.122+0300][183.434s][info][gc] GC(153) Concurrent cleanup 235M->225M(256M) 0.017ms
[2021-02-07T17:30:01.124+0300][183.436s][info][gc] Trigger: Free (18338K) is below minimum threshold (26214K)
[2021-02-07T17:30:01.124+0300][183.436s][info][gc] GC(154) Concurrent reset 0.294ms
[2021-02-07T17:30:01.124+0300][183.436s][info][gc] GC(154) Pause Init Mark (unload classes) 0.149ms
[2021-02-07T17:30:01.432+0300][183.744s][info][gc] GC(154) Concurrent marking (unload classes) 307.958ms
[2021-02-07T17:30:01.433+0300][183.745s][info][gc] GC(154) Pause Final Mark (unload classes) 0.185ms
[2021-02-07T17:30:01.441+0300][183.753s][info][gc] GC(154) Concurrent weak roots 7.266ms
[2021-02-07T17:30:01.441+0300][183.753s][info][gc] GC(154) Concurrent cleanup 234M->234M(256M) 0.012ms
[2021-02-07T17:30:01.443+0300][183.755s][info][gc] GC(154) Concurrent class unloading 2.337ms
[2021-02-07T17:30:01.443+0300][183.755s][info][gc] GC(154) Concurrent strong roots 0.114ms
[2021-02-07T17:30:01.447+0300][183.759s][info][gc] GC(154) Concurrent evacuation 3.386ms
[2021-02-07T17:30:01.450+0300][183.762s][info][gc] GC(154) Pause Init Update Refs 0.015ms
[2021-02-07T17:30:01.581+0300][183.893s][info][gc] GC(154) Concurrent update references 130.836ms
[2021-02-07T17:30:01.593+0300][183.905s][info][gc] GC(154) Pause Final Update Refs 0.076ms
[2021-02-07T17:30:01.593+0300][183.905s][info][gc] GC(154) Concurrent cleanup 236M->224M(256M) 0.020ms
[2021-02-07T17:30:01.609+0300][183.921s][info][gc] Trigger: Free (18596K) is below minimum threshold (26214K)
[2021-02-07T17:30:01.609+0300][183.921s][info][gc] GC(155) Concurrent reset 0.353ms
[2021-02-07T17:30:01.609+0300][183.922s][info][gc] GC(155) Pause Init Mark (process weakrefs) (unload classes) 0.116ms
[2021-02-07T17:30:01.923+0300][184.236s][info][gc] GC(155) Concurrent marking (process weakrefs) (unload classes) 313.909ms
[2021-02-07T17:30:01.924+0300][184.236s][info][gc] GC(155) Concurrent precleaning 0.156ms
[2021-02-07T17:30:01.937+0300][184.249s][info][gc] GC(155) Pause Final Mark (process weakrefs) (unload classes) 0.213ms
[2021-02-07T17:30:01.944+0300][184.256s][info][gc] GC(155) Concurrent weak roots 6.662ms
[2021-02-07T17:30:01.944+0300][184.256s][info][gc] GC(155) Concurrent cleanup 234M->234M(256M) 0.011ms
[2021-02-07T17:30:01.946+0300][184.258s][info][gc] GC(155) Concurrent class unloading 1.902ms
[2021-02-07T17:30:01.946+0300][184.258s][info][gc] GC(155) Concurrent strong roots 0.131ms
[2021-02-07T17:30:01.949+0300][184.261s][info][gc] GC(155) Concurrent evacuation 3.158ms
[2021-02-07T17:30:01.950+0300][184.262s][info][gc] GC(155) Pause Init Update Refs 0.010ms
[2021-02-07T17:30:02.081+0300][184.393s][info][gc] GC(155) Concurrent update references 130.559ms
[2021-02-07T17:30:02.093+0300][184.405s][info][gc] GC(155) Pause Final Update Refs 0.141ms
[2021-02-07T17:30:02.093+0300][184.405s][info][gc] GC(155) Concurrent cleanup 235M->225M(256M) 0.017ms
[2021-02-07T17:30:02.109+0300][184.421s][info][gc] Trigger: Free (18340K) is below minimum threshold (26214K)
[2021-02-07T17:30:02.109+0300][184.421s][info][gc] GC(156) Concurrent reset 0.329ms
[2021-02-07T17:30:02.109+0300][184.421s][info][gc] GC(156) Pause Init Mark (unload classes) 0.130ms
[2021-02-07T17:30:02.415+0300][184.727s][info][gc] GC(156) Concurrent marking (unload classes) 305.667ms
[2021-02-07T17:30:02.427+0300][184.739s][info][gc] GC(156) Pause Final Mark (unload classes) 0.188ms
[2021-02-07T17:30:02.434+0300][184.746s][info][gc] GC(156) Concurrent weak roots 6.619ms
[2021-02-07T17:30:02.434+0300][184.746s][info][gc] GC(156) Concurrent cleanup 234M->234M(256M) 0.011ms
[2021-02-07T17:30:02.436+0300][184.748s][info][gc] GC(156) Concurrent class unloading 1.901ms
[2021-02-07T17:30:02.436+0300][184.748s][info][gc] GC(156) Concurrent strong roots 0.131ms
[2021-02-07T17:30:02.439+0300][184.751s][info][gc] GC(156) Concurrent evacuation 3.319ms
[2021-02-07T17:30:02.440+0300][184.752s][info][gc] GC(156) Pause Init Update Refs 0.008ms
[2021-02-07T17:30:02.569+0300][184.881s][info][gc] GC(156) Concurrent update references 128.680ms
[2021-02-07T17:30:02.570+0300][184.882s][info][gc] GC(156) Pause Final Update Refs 0.106ms
[2021-02-07T17:30:02.570+0300][184.882s][info][gc] GC(156) Concurrent cleanup 236M->225M(256M) 0.015ms
[2021-02-07T17:30:02.586+0300][184.898s][info][gc] Trigger: Free (18340K) is below minimum threshold (26214K)
[2021-02-07T17:30:02.586+0300][184.898s][info][gc] GC(157) Concurrent reset 0.377ms
[2021-02-07T17:30:02.587+0300][184.899s][info][gc] GC(157) Pause Init Mark (unload classes) 0.120ms
[2021-02-07T17:30:02.911+0300][185.223s][info][gc] GC(157) Concurrent marking (unload classes) 324.213ms
[2021-02-07T17:30:02.914+0300][185.226s][info][gc] GC(157) Pause Final Mark (unload classes) 0.384ms
[2021-02-07T17:30:02.922+0300][185.234s][info][gc] GC(157) Concurrent weak roots 7.342ms
[2021-02-07T17:30:02.922+0300][185.234s][info][gc] GC(157) Concurrent cleanup 235M->235M(256M) 0.010ms
[2021-02-07T17:30:02.926+0300][185.238s][info][gc] GC(157) Concurrent class unloading 4.071ms
[2021-02-07T17:30:02.926+0300][185.238s][info][gc] GC(157) Concurrent strong roots 0.133ms
[2021-02-07T17:30:02.929+0300][185.241s][info][gc] GC(157) Concurrent evacuation 2.711ms
[2021-02-07T17:30:02.930+0300][185.242s][info][gc] GC(157) Pause Init Update Refs 0.008ms
[2021-02-07T17:30:03.061+0300][185.373s][info][gc] GC(157) Concurrent update references 130.687ms
[2021-02-07T17:30:03.076+0300][185.388s][info][gc] GC(157) Pause Final Update Refs 0.146ms
[2021-02-07T17:30:03.076+0300][185.388s][info][gc] GC(157) Concurrent cleanup 236M->225M(256M) 0.019ms
[2021-02-07T17:30:03.091+0300][185.403s][info][gc] Trigger: Free (18340K) is below minimum threshold (26214K)
[2021-02-07T17:30:03.091+0300][185.403s][info][gc] GC(158) Concurrent reset 0.392ms
[2021-02-07T17:30:03.092+0300][185.404s][info][gc] GC(158) Pause Init Mark (unload classes) 0.150ms
[2021-02-07T17:30:03.401+0300][185.713s][info][gc] GC(158) Concurrent marking (unload classes) 309.012ms
[2021-02-07T17:30:03.402+0300][185.714s][info][gc] GC(158) Pause Final Mark (unload classes) 0.414ms
[2021-02-07T17:30:03.410+0300][185.722s][info][gc] GC(158) Concurrent weak roots 7.460ms
[2021-02-07T17:30:03.410+0300][185.722s][info][gc] GC(158) Concurrent cleanup 233M->233M(256M) 0.010ms
[2021-02-07T17:30:03.414+0300][185.726s][info][gc] GC(158) Concurrent class unloading 4.053ms
[2021-02-07T17:30:03.414+0300][185.726s][info][gc] GC(158) Concurrent strong roots 0.101ms
[2021-02-07T17:30:03.417+0300][185.729s][info][gc] GC(158) Concurrent evacuation 3.576ms
[2021-02-07T17:30:03.420+0300][185.732s][info][gc] GC(158) Pause Init Update Refs 0.009ms
[2021-02-07T17:30:03.552+0300][185.864s][info][gc] GC(158) Concurrent update references 131.831ms
[2021-02-07T17:30:03.553+0300][185.865s][info][gc] GC(158) Pause Final Update Refs 0.137ms
[2021-02-07T17:30:03.553+0300][185.865s][info][gc] GC(158) Concurrent cleanup 236M->225M(256M) 0.017ms
[2021-02-07T17:30:03.565+0300][185.877s][info][gc] Trigger: Free (18340K) is below minimum threshold (26214K)
[2021-02-07T17:30:03.565+0300][185.877s][info][gc] GC(159) Concurrent reset 0.330ms
[2021-02-07T17:30:03.565+0300][185.878s][info][gc] GC(159) Pause Init Mark (unload classes) 0.212ms
[2021-02-07T17:30:03.888+0300][186.200s][info][gc] GC(159) Concurrent marking (unload classes) 322.286ms
[2021-02-07T17:30:03.892+0300][186.204s][info][gc] GC(159) Pause Final Mark (unload classes) 0.429ms
[2021-02-07T17:30:03.900+0300][186.212s][info][gc] GC(159) Concurrent weak roots 7.299ms
[2021-02-07T17:30:03.900+0300][186.212s][info][gc] GC(159) Concurrent cleanup 234M->234M(256M) 0.012ms
[2021-02-07T17:30:03.906+0300][186.218s][info][gc] GC(159) Concurrent class unloading 6.356ms
[2021-02-07T17:30:03.906+0300][186.218s][info][gc] GC(159) Concurrent strong roots 0.131ms
[2021-02-07T17:30:03.909+0300][186.222s][info][gc] GC(159) Concurrent evacuation 3.194ms
[2021-02-07T17:30:03.910+0300][186.223s][info][gc] GC(159) Pause Init Update Refs 0.009ms
[2021-02-07T17:30:04.042+0300][186.354s][info][gc] GC(159) Concurrent update references 131.501ms
[2021-02-07T17:30:04.045+0300][186.357s][info][gc] GC(159) Pause Final Update Refs 0.145ms
[2021-02-07T17:30:04.045+0300][186.357s][info][gc] GC(159) Concurrent cleanup 236M->225M(256M) 0.017ms
[2021-02-07T17:30:04.047+0300][186.359s][info][gc] Trigger: Free (18252K) is below minimum threshold (26214K)
[2021-02-07T17:30:04.047+0300][186.359s][info][gc] GC(160) Concurrent reset 0.287ms
[2021-02-07T17:30:04.047+0300][186.359s][info][gc] GC(160) Pause Init Mark (process weakrefs) (unload classes) 0.145ms
[2021-02-07T17:30:04.352+0300][186.664s][info][gc] GC(160) Concurrent marking (process weakrefs) (unload classes) 304.297ms
[2021-02-07T17:30:04.352+0300][186.664s][info][gc] GC(160) Concurrent precleaning 0.141ms
[2021-02-07T17:30:04.356+0300][186.668s][info][gc] GC(160) Pause Final Mark (process weakrefs) (unload classes) 0.455ms
[2021-02-07T17:30:04.364+0300][186.676s][info][gc] GC(160) Concurrent weak roots 7.276ms
[2021-02-07T17:30:04.364+0300][186.676s][info][gc] GC(160) Concurrent cleanup 233M->233M(256M) 0.011ms
[2021-02-07T17:30:04.368+0300][186.680s][info][gc] GC(160) Concurrent class unloading 4.228ms
[2021-02-07T17:30:04.368+0300][186.680s][info][gc] GC(160) Concurrent strong roots 0.133ms
[2021-02-07T17:30:04.372+0300][186.684s][info][gc] GC(160) Concurrent evacuation 3.499ms
[2021-02-07T17:30:04.375+0300][186.687s][info][gc] GC(160) Pause Init Update Refs 0.009ms
[2021-02-07T17:30:04.505+0300][186.817s][info][gc] GC(160) Concurrent update references 129.647ms
[2021-02-07T17:30:04.508+0300][186.820s][info][gc] GC(160) Pause Final Update Refs 0.138ms
[2021-02-07T17:30:04.508+0300][186.820s][info][gc] GC(160) Concurrent cleanup 236M->225M(256M) 0.016ms
[2021-02-07T17:30:04.510+0300][186.822s][info][gc] Trigger: Free (18340K) is below minimum threshold (26214K)
[2021-02-07T17:30:04.510+0300][186.822s][info][gc] GC(161) Concurrent reset 0.316ms
[2021-02-07T17:30:04.510+0300][186.823s][info][gc] GC(161) Pause Init Mark (unload classes) 0.146ms
[2021-02-07T17:30:04.835+0300][187.147s][info][gc] GC(161) Concurrent marking (unload classes) 324.121ms
[2021-02-07T17:30:04.838+0300][187.150s][info][gc] GC(161) Pause Final Mark (unload classes) 0.415ms
[2021-02-07T17:30:04.846+0300][187.158s][info][gc] GC(161) Concurrent weak roots 7.325ms
[2021-02-07T17:30:04.846+0300][187.158s][info][gc] GC(161) Concurrent cleanup 234M->234M(256M) 0.010ms
[2021-02-07T17:30:04.850+0300][187.162s][info][gc] GC(161) Concurrent class unloading 4.101ms
[2021-02-07T17:30:04.850+0300][187.162s][info][gc] GC(161) Concurrent strong roots 0.097ms
[2021-02-07T17:30:04.853+0300][187.165s][info][gc] GC(161) Concurrent evacuation 3.189ms
[2021-02-07T17:30:04.856+0300][187.168s][info][gc] GC(161) Pause Init Update Refs 0.009ms
[2021-02-07T17:30:04.993+0300][187.305s][info][gc] GC(161) Concurrent update references 137.434ms
[2021-02-07T17:30:04.994+0300][187.306s][info][gc] GC(161) Pause Final Update Refs 0.136ms
[2021-02-07T17:30:04.994+0300][187.306s][info][gc] GC(161) Concurrent cleanup 236M->225M(256M) 0.015ms
[2021-02-07T17:30:04.996+0300][187.308s][info][gc] Trigger: Free (18252K) is below minimum threshold (26214K)
[2021-02-07T17:30:04.996+0300][187.308s][info][gc] GC(162) Concurrent reset 0.304ms
[2021-02-07T17:30:04.996+0300][187.309s][info][gc] GC(162) Pause Init Mark (unload classes) 0.145ms
[2021-02-07T17:30:05.306+0300][187.618s][info][gc] GC(162) Concurrent marking (unload classes) 309.890ms
[2021-02-07T17:30:05.311+0300][187.623s][info][gc] GC(162) Pause Final Mark (unload classes) 0.247ms
[2021-02-07T17:30:05.319+0300][187.631s][info][gc] GC(162) Concurrent weak roots 7.565ms
[2021-02-07T17:30:05.319+0300][187.631s][info][gc] GC(162) Concurrent cleanup 233M->233M(256M) 0.015ms
[2021-02-07T17:30:05.323+0300][187.635s][info][gc] GC(162) Concurrent class unloading 4.040ms
[2021-02-07T17:30:05.323+0300][187.635s][info][gc] GC(162) Concurrent strong roots 0.132ms
[2021-02-07T17:30:05.327+0300][187.639s][info][gc] GC(162) Concurrent evacuation 3.735ms
[2021-02-07T17:30:05.330+0300][187.642s][info][gc] GC(162) Pause Init Update Refs 0.010ms
[2021-02-07T17:30:05.462+0300][187.774s][info][gc] GC(162) Concurrent update references 131.840ms
[2021-02-07T17:30:05.479+0300][187.791s][info][gc] GC(162) Pause Final Update Refs 0.087ms
[2021-02-07T17:30:05.479+0300][187.791s][info][gc] GC(162) Concurrent cleanup 235M->224M(256M) 0.030ms
[2021-02-07T17:30:05.495+0300][187.807s][info][gc] Trigger: Free (18596K) is below minimum threshold (26214K)
[2021-02-07T17:30:05.495+0300][187.807s][info][gc] GC(163) Concurrent reset 0.410ms
[2021-02-07T17:30:05.496+0300][187.808s][info][gc] GC(163) Pause Init Mark (unload classes) 0.154ms
[2021-02-07T17:30:05.821+0300][188.133s][info][gc] GC(163) Concurrent marking (unload classes) 325.393ms
[2021-02-07T17:30:05.824+0300][188.136s][info][gc] GC(163) Pause Final Mark (unload classes) 0.429ms
[2021-02-07T17:30:05.832+0300][188.144s][info][gc] GC(163) Concurrent weak roots 7.319ms
[2021-02-07T17:30:05.832+0300][188.144s][info][gc] GC(163) Concurrent cleanup 234M->234M(256M) 0.011ms
[2021-02-07T17:30:05.837+0300][188.149s][info][gc] GC(163) Concurrent class unloading 5.043ms
[2021-02-07T17:30:05.837+0300][188.149s][info][gc] GC(163) Concurrent strong roots 0.134ms
[2021-02-07T17:30:05.840+0300][188.152s][info][gc] GC(163) Concurrent evacuation 3.293ms
[2021-02-07T17:30:05.843+0300][188.155s][info][gc] GC(163) Pause Init Update Refs 0.008ms
[2021-02-07T17:30:05.975+0300][188.287s][info][gc] GC(163) Concurrent update references 131.800ms
[2021-02-07T17:30:05.978+0300][188.290s][info][gc] GC(163) Pause Final Update Refs 0.083ms
[2021-02-07T17:30:05.978+0300][188.290s][info][gc] GC(163) Concurrent cleanup 236M->225M(256M) 0.083ms
[2021-02-07T17:30:05.980+0300][188.292s][info][gc] Trigger: Free (17996K) is below minimum threshold (26214K)
[2021-02-07T17:30:05.980+0300][188.292s][info][gc] GC(164) Concurrent reset 0.350ms
[2021-02-07T17:30:05.980+0300][188.292s][info][gc] GC(164) Pause Init Mark (unload classes) 0.090ms
[2021-02-07T17:30:06.293+0300][188.605s][info][gc] GC(164) Concurrent marking (unload classes) 312.703ms
[2021-02-07T17:30:06.297+0300][188.609s][info][gc] GC(164) Pause Final Mark (unload classes) 0.178ms
[2021-02-07T17:30:06.304+0300][188.616s][info][gc] GC(164) Concurrent weak roots 6.695ms
[2021-02-07T17:30:06.304+0300][188.616s][info][gc] GC(164) Concurrent cleanup 234M->234M(256M) 0.012ms
[2021-02-07T17:30:06.305+0300][188.618s][info][gc] GC(164) Concurrent class unloading 1.674ms
[2021-02-07T17:30:06.305+0300][188.618s][info][gc] GC(164) Concurrent strong roots 0.070ms
[2021-02-07T17:30:06.309+0300][188.621s][info][gc] GC(164) Concurrent evacuation 3.566ms
[2021-02-07T17:30:06.310+0300][188.622s][info][gc] GC(164) Pause Init Update Refs 0.008ms
[2021-02-07T17:30:06.442+0300][188.755s][info][gc] GC(164) Concurrent update references 132.695ms
[2021-02-07T17:30:06.443+0300][188.756s][info][gc] GC(164) Pause Final Update Refs 0.090ms
[2021-02-07T17:30:06.443+0300][188.756s][info][gc] GC(164) Concurrent cleanup 236M->224M(256M) 0.019ms
[2021-02-07T17:30:06.445+0300][188.757s][info][gc] Trigger: Free (18596K) is below minimum threshold (26214K)
[2021-02-07T17:30:06.445+0300][188.757s][info][gc] GC(165) Concurrent reset 0.377ms
[2021-02-07T17:30:06.445+0300][188.758s][info][gc] GC(165) Pause Init Mark (process weakrefs) (unload classes) 0.076ms
[2021-02-07T17:30:06.770+0300][189.082s][info][gc] GC(165) Concurrent marking (process weakrefs) (unload classes) 324.512ms
[2021-02-07T17:30:06.770+0300][189.082s][info][gc] GC(165) Concurrent precleaning 0.116ms
[2021-02-07T17:30:06.771+0300][189.083s][info][gc] GC(165) Pause Final Mark (process weakrefs) (unload classes) 0.382ms
[2021-02-07T17:30:06.779+0300][189.091s][info][gc] GC(165) Concurrent weak roots 7.247ms
[2021-02-07T17:30:06.779+0300][189.091s][info][gc] GC(165) Concurrent cleanup 233M->233M(256M) 0.018ms
[2021-02-07T17:30:06.783+0300][189.095s][info][gc] GC(165) Concurrent class unloading 4.027ms
[2021-02-07T17:30:06.783+0300][189.095s][info][gc] GC(165) Concurrent strong roots 0.139ms
[2021-02-07T17:30:06.787+0300][189.099s][info][gc] GC(165) Concurrent evacuation 3.713ms
[2021-02-07T17:30:06.787+0300][189.099s][info][gc] GC(165) Pause Init Update Refs 0.009ms
[2021-02-07T17:30:06.918+0300][189.230s][info][gc] GC(165) Concurrent update references 130.652ms
[2021-02-07T17:30:06.919+0300][189.231s][info][gc] GC(165) Pause Final Update Refs 0.079ms
[2021-02-07T17:30:06.919+0300][189.231s][info][gc] GC(165) Concurrent cleanup 235M->225M(256M) 0.019ms
[2021-02-07T17:30:06.921+0300][189.233s][info][gc] Trigger: Free (18252K) is below minimum threshold (26214K)
[2021-02-07T17:30:06.921+0300][189.233s][info][gc] GC(166) Concurrent reset 0.315ms
[2021-02-07T17:30:06.921+0300][189.234s][info][gc] GC(166) Pause Init Mark (unload classes) 0.124ms
[2021-02-07T17:30:07.245+0300][189.557s][info][gc] GC(166) Concurrent marking (unload classes) 323.347ms
[2021-02-07T17:30:07.246+0300][189.558s][info][gc] GC(166) Pause Final Mark (unload classes) 0.409ms
[2021-02-07T17:30:07.253+0300][189.565s][info][gc] GC(166) Concurrent weak roots 6.778ms
[2021-02-07T17:30:07.253+0300][189.565s][info][gc] GC(166) Concurrent cleanup 234M->234M(256M) 0.011ms
[2021-02-07T17:30:07.257+0300][189.569s][info][gc] GC(166) Concurrent class unloading 4.094ms
[2021-02-07T17:30:07.257+0300][189.569s][info][gc] GC(166) Concurrent strong roots 0.131ms
[2021-02-07T17:30:07.260+0300][189.572s][info][gc] GC(166) Concurrent evacuation 3.289ms
[2021-02-07T17:30:07.261+0300][189.573s][info][gc] GC(166) Pause Init Update Refs 0.009ms
[2021-02-07T17:30:07.392+0300][189.704s][info][gc] GC(166) Concurrent update references 130.877ms
[2021-02-07T17:30:07.392+0300][189.704s][info][gc] GC(166) Pause Final Update Refs 0.139ms
[2021-02-07T17:30:07.392+0300][189.705s][info][gc] GC(166) Concurrent cleanup 236M->225M(256M) 0.016ms
[2021-02-07T17:30:07.394+0300][189.706s][info][gc] Trigger: Free (18340K) is below minimum threshold (26214K)
[2021-02-07T17:30:07.394+0300][189.706s][info][gc] GC(167) Concurrent reset 0.309ms
[2021-02-07T17:30:07.394+0300][189.707s][info][gc] GC(167) Pause Init Mark (unload classes) 0.146ms
[2021-02-07T17:30:07.717+0300][190.029s][info][gc] GC(167) Concurrent marking (unload classes) 322.582ms
[2021-02-07T17:30:07.720+0300][190.032s][info][gc] GC(167) Pause Final Mark (unload classes) 0.362ms
[2021-02-07T17:30:07.732+0300][190.044s][info][gc] GC(167) Concurrent weak roots 11.514ms
[2021-02-07T17:30:07.732+0300][190.044s][info][gc] GC(167) Concurrent cleanup 233M->233M(256M) 0.014ms
[2021-02-07T17:30:07.747+0300][190.059s][info][gc] GC(167) Concurrent class unloading 14.998ms
[2021-02-07T17:30:07.747+0300][190.059s][info][gc] GC(167) Concurrent strong roots 0.108ms
[2021-02-07T17:30:07.751+0300][190.063s][info][gc] GC(167) Concurrent evacuation 3.823ms
[2021-02-07T17:30:07.751+0300][190.063s][info][gc] GC(167) Pause Init Update Refs 0.010ms
[2021-02-07T17:30:07.883+0300][190.195s][info][gc] GC(167) Concurrent update references 132.045ms
[2021-02-07T17:30:07.884+0300][190.197s][info][gc] GC(167) Pause Final Update Refs 0.123ms
[2021-02-07T17:30:07.884+0300][190.197s][info][gc] GC(167) Concurrent cleanup 236M->225M(256M) 0.023ms
[2021-02-07T17:30:07.887+0300][190.199s][info][gc] Trigger: Free (18317K) is below minimum threshold (26214K)
[2021-02-07T17:30:07.887+0300][190.199s][info][gc] GC(168) Concurrent reset 0.252ms
[2021-02-07T17:30:07.887+0300][190.199s][info][gc] GC(168) Pause Init Mark (unload classes) 0.130ms
[2021-02-07T17:30:08.214+0300][190.526s][info][gc] GC(168) Concurrent marking (unload classes) 326.821ms
[2021-02-07T17:30:08.219+0300][190.531s][info][gc] GC(168) Pause Final Mark (unload classes) 0.428ms
[2021-02-07T17:30:08.239+0300][190.551s][info][gc] GC(168) Concurrent weak roots 19.407ms
[2021-02-07T17:30:08.239+0300][190.551s][info][gc] GC(168) Concurrent cleanup 233M->233M(256M) 0.016ms
[2021-02-07T17:30:08.241+0300][190.553s][info][gc] GC(168) Concurrent class unloading 2.183ms
[2021-02-07T17:30:08.241+0300][190.553s][info][gc] GC(168) Concurrent strong roots 0.132ms
[2021-02-07T17:30:08.245+0300][190.557s][info][gc] GC(168) Concurrent evacuation 3.662ms
[2021-02-07T17:30:08.245+0300][190.557s][info][gc] GC(168) Pause Init Update Refs 0.008ms
[2021-02-07T17:30:08.377+0300][190.690s][info][gc] GC(168) Concurrent update references 131.969ms
[2021-02-07T17:30:08.380+0300][190.692s][info][gc] GC(168) Pause Final Update Refs 0.115ms
[2021-02-07T17:30:08.380+0300][190.692s][info][gc] GC(168) Concurrent cleanup 236M->225M(256M) 0.018ms
[2021-02-07T17:30:08.382+0300][190.694s][info][gc] Trigger: Free (18340K) is below minimum threshold (26214K)
[2021-02-07T17:30:08.382+0300][190.695s][info][gc] GC(169) Concurrent reset 0.586ms
[2021-02-07T17:30:08.383+0300][190.695s][info][gc] GC(169) Pause Init Mark (unload classes) 0.119ms
[2021-02-07T17:30:08.706+0300][191.018s][info][gc] GC(169) Concurrent marking (unload classes) 323.151ms
[2021-02-07T17:30:08.709+0300][191.021s][info][gc] GC(169) Pause Final Mark (unload classes) 0.200ms
[2021-02-07T17:30:08.717+0300][191.029s][info][gc] GC(169) Concurrent weak roots 7.523ms
[2021-02-07T17:30:08.717+0300][191.029s][info][gc] GC(169) Concurrent cleanup 234M->234M(256M) 0.011ms
[2021-02-07T17:30:08.723+0300][191.035s][info][gc] GC(169) Concurrent class unloading 6.079ms
[2021-02-07T17:30:08.723+0300][191.035s][info][gc] GC(169) Concurrent strong roots 0.089ms
[2021-02-07T17:30:08.726+0300][191.039s][info][gc] GC(169) Concurrent evacuation 3.521ms
[2021-02-07T17:30:08.727+0300][191.039s][info][gc] GC(169) Pause Init Update Refs 0.010ms
[2021-02-07T17:30:08.859+0300][191.171s][info][gc] GC(169) Concurrent update references 132.301ms
[2021-02-07T17:30:08.862+0300][191.174s][info][gc] GC(169) Pause Final Update Refs 0.114ms
[2021-02-07T17:30:08.862+0300][191.174s][info][gc] GC(169) Concurrent cleanup 236M->225M(256M) 0.019ms
[2021-02-07T17:30:08.864+0300][191.176s][info][gc] Trigger: Free (18311K) is below minimum threshold (26214K)
[2021-02-07T17:30:08.864+0300][191.176s][info][gc] GC(170) Concurrent reset 0.319ms
[2021-02-07T17:30:08.864+0300][191.177s][info][gc] GC(170) Pause Init Mark (process weakrefs) (unload classes) 0.106ms
[2021-02-07T17:30:09.175+0300][191.487s][info][gc] GC(170) Concurrent marking (process weakrefs) (unload classes) 310.593ms
[2021-02-07T17:30:09.175+0300][191.487s][info][gc] GC(170) Concurrent precleaning 0.106ms
[2021-02-07T17:30:09.176+0300][191.488s][info][gc] GC(170) Pause Final Mark (process weakrefs) (unload classes) 0.420ms
[2021-02-07T17:30:09.184+0300][191.496s][info][gc] GC(170) Concurrent weak roots 7.241ms
[2021-02-07T17:30:09.184+0300][191.496s][info][gc] GC(170) Concurrent cleanup 233M->233M(256M) 0.012ms
[2021-02-07T17:30:09.188+0300][191.500s][info][gc] GC(170) Concurrent class unloading 4.097ms
[2021-02-07T17:30:09.188+0300][191.500s][info][gc] GC(170) Concurrent strong roots 0.136ms
[2021-02-07T17:30:09.191+0300][191.504s][info][gc] GC(170) Concurrent evacuation 3.346ms
[2021-02-07T17:30:09.192+0300][191.504s][info][gc] GC(170) Pause Init Update Refs 0.009ms
[2021-02-07T17:30:09.324+0300][191.636s][info][gc] GC(170) Concurrent update references 132.195ms
[2021-02-07T17:30:09.327+0300][191.639s][info][gc] GC(170) Pause Final Update Refs 0.119ms
[2021-02-07T17:30:09.327+0300][191.639s][info][gc] GC(170) Concurrent cleanup 236M->225M(256M) 0.016ms
[2021-02-07T17:30:09.329+0300][191.641s][info][gc] Trigger: Free (18084K) is below minimum threshold (26214K)
[2021-02-07T17:30:09.329+0300][191.641s][info][gc] GC(171) Concurrent reset 0.285ms
[2021-02-07T17:30:09.329+0300][191.642s][info][gc] GC(171) Pause Init Mark (unload classes) 0.124ms
[2021-02-07T17:30:09.651+0300][191.963s][info][gc] GC(171) Concurrent marking (unload classes) 321.432ms
[2021-02-07T17:30:09.657+0300][191.969s][info][gc] GC(171) Pause Final Mark (unload classes) 0.261ms
[2021-02-07T17:30:09.665+0300][191.977s][info][gc] GC(171) Concurrent weak roots 7.507ms
[2021-02-07T17:30:09.665+0300][191.977s][info][gc] GC(171) Concurrent cleanup 233M->233M(256M) 0.010ms
[2021-02-07T17:30:09.667+0300][191.980s][info][gc] GC(171) Concurrent class unloading 2.728ms
[2021-02-07T17:30:09.667+0300][191.980s][info][gc] GC(171) Concurrent strong roots 0.129ms
[2021-02-07T17:30:09.671+0300][191.983s][info][gc] GC(171) Concurrent evacuation 3.685ms
[2021-02-07T17:30:09.672+0300][191.984s][info][gc] GC(171) Pause Init Update Refs 0.009ms
[2021-02-07T17:30:09.802+0300][192.115s][info][gc] GC(171) Concurrent update references 130.508ms
[2021-02-07T17:30:09.805+0300][192.117s][info][gc] GC(171) Pause Final Update Refs 0.135ms
[2021-02-07T17:30:09.805+0300][192.117s][info][gc] GC(171) Concurrent cleanup 236M->225M(256M) 0.017ms
[2021-02-07T17:30:09.807+0300][192.119s][info][gc] Trigger: Free (18317K) is below minimum threshold (26214K)
[2021-02-07T17:30:09.807+0300][192.119s][info][gc] GC(172) Concurrent reset 0.312ms
[2021-02-07T17:30:09.807+0300][192.120s][info][gc] GC(172) Pause Init Mark (unload classes) 0.146ms
[2021-02-07T17:30:10.131+0300][192.443s][info][gc] GC(172) Concurrent marking (unload classes) 323.791ms
[2021-02-07T17:30:10.132+0300][192.445s][info][gc] GC(172) Pause Final Mark (unload classes) 0.529ms
[2021-02-07T17:30:10.140+0300][192.452s][info][gc] GC(172) Concurrent weak roots 7.087ms
[2021-02-07T17:30:10.140+0300][192.452s][info][gc] GC(172) Concurrent cleanup 234M->234M(256M) 0.011ms
[2021-02-07T17:30:10.144+0300][192.456s][info][gc] GC(172) Concurrent class unloading 4.080ms
[2021-02-07T17:30:10.144+0300][192.456s][info][gc] GC(172) Concurrent strong roots 0.129ms
[2021-02-07T17:30:10.147+0300][192.459s][info][gc] GC(172) Concurrent evacuation 2.899ms
[2021-02-07T17:30:10.147+0300][192.460s][info][gc] GC(172) Pause Init Update Refs 0.008ms
[2021-02-07T17:30:10.279+0300][192.591s][info][gc] GC(172) Concurrent update references 130.993ms
[2021-02-07T17:30:10.282+0300][192.594s][info][gc] GC(172) Pause Final Update Refs 0.116ms
[2021-02-07T17:30:10.282+0300][192.594s][info][gc] GC(172) Concurrent cleanup 236M->225M(256M) 0.016ms
[2021-02-07T17:30:10.284+0300][192.596s][info][gc] Trigger: Free (18090K) is below minimum threshold (26214K)
[2021-02-07T17:30:10.284+0300][192.596s][info][gc] GC(173) Concurrent reset 0.329ms
[2021-02-07T17:30:10.284+0300][192.597s][info][gc] GC(173) Pause Init Mark (unload classes) 0.127ms
[2021-02-07T17:30:10.592+0300][192.904s][info][gc] GC(173) Concurrent marking (unload classes) 307.218ms
[2021-02-07T17:30:10.595+0300][192.907s][info][gc] GC(173) Pause Final Mark (unload classes) 0.416ms
[2021-02-07T17:30:10.603+0300][192.915s][info][gc] GC(173) Concurrent weak roots 7.395ms
[2021-02-07T17:30:10.603+0300][192.915s][info][gc] GC(173) Concurrent cleanup 235M->235M(256M) 0.010ms
[2021-02-07T17:30:10.607+0300][192.919s][info][gc] GC(173) Concurrent class unloading 4.085ms
[2021-02-07T17:30:10.607+0300][192.919s][info][gc] GC(173) Concurrent strong roots 0.076ms
[2021-02-07T17:30:10.610+0300][192.922s][info][gc] GC(173) Concurrent evacuation 2.959ms
[2021-02-07T17:30:10.610+0300][192.923s][info][gc] GC(173) Pause Init Update Refs 0.009ms
[2021-02-07T17:30:10.742+0300][193.054s][info][gc] GC(173) Concurrent update references 131.395ms
[2021-02-07T17:30:10.745+0300][193.057s][info][gc] GC(173) Pause Final Update Refs 0.119ms
[2021-02-07T17:30:10.745+0300][193.057s][info][gc] GC(173) Concurrent cleanup 236M->225M(256M) 0.016ms
[2021-02-07T17:30:10.747+0300][193.059s][info][gc] Trigger: Free (18084K) is below minimum threshold (26214K)
[2021-02-07T17:30:10.747+0300][193.059s][info][gc] GC(174) Concurrent reset 0.322ms
[2021-02-07T17:30:10.747+0300][193.060s][info][gc] GC(174) Pause Init Mark (unload classes) 0.096ms
[2021-02-07T17:30:11.077+0300][193.389s][info][gc] GC(174) Concurrent marking (unload classes) 329.657ms
[2021-02-07T17:30:11.082+0300][193.394s][info][gc] GC(174) Pause Final Mark (unload classes) 0.427ms
[2021-02-07T17:30:11.090+0300][193.402s][info][gc] GC(174) Concurrent weak roots 7.522ms
[2021-02-07T17:30:11.090+0300][193.402s][info][gc] GC(174) Concurrent cleanup 234M->234M(256M) 0.011ms
[2021-02-07T17:30:11.094+0300][193.406s][info][gc] GC(174) Concurrent class unloading 4.052ms
[2021-02-07T17:30:11.094+0300][193.406s][info][gc] GC(174) Concurrent strong roots 0.101ms
[2021-02-07T17:30:11.097+0300][193.409s][info][gc] GC(174) Concurrent evacuation 2.992ms
[2021-02-07T17:30:11.098+0300][193.410s][info][gc] GC(174) Pause Init Update Refs 0.010ms
[2021-02-07T17:30:11.228+0300][193.541s][info][gc] GC(174) Concurrent update references 130.673ms
[2021-02-07T17:30:11.229+0300][193.541s][info][gc] GC(174) Pause Final Update Refs 0.106ms
[2021-02-07T17:30:11.229+0300][193.542s][info][gc] GC(174) Concurrent cleanup 236M->225M(256M) 0.019ms
[2021-02-07T17:30:11.231+0300][193.543s][info][gc] Trigger: Free (18084K) is below minimum threshold (26214K)
[2021-02-07T17:30:11.231+0300][193.543s][info][gc] GC(175) Concurrent reset 0.318ms
[2021-02-07T17:30:11.231+0300][193.543s][info][gc] GC(175) Pause Init Mark (process weakrefs) (unload classes) 0.107ms
[2021-02-07T17:30:11.537+0300][193.849s][info][gc] GC(175) Concurrent marking (process weakrefs) (unload classes) 305.415ms
[2021-02-07T17:30:11.537+0300][193.849s][info][gc] GC(175) Concurrent precleaning 0.110ms
[2021-02-07T17:30:11.541+0300][193.854s][info][gc] GC(175) Pause Final Mark (process weakrefs) (unload classes) 0.541ms
[2021-02-07T17:30:11.549+0300][193.861s][info][gc] GC(175) Concurrent weak roots 7.266ms
[2021-02-07T17:30:11.549+0300][193.861s][info][gc] GC(175) Concurrent cleanup 234M->234M(256M) 0.012ms
[2021-02-07T17:30:11.552+0300][193.864s][info][gc] GC(175) Concurrent class unloading 3.414ms
[2021-02-07T17:30:11.552+0300][193.865s][info][gc] GC(175) Concurrent strong roots 0.135ms
[2021-02-07T17:30:11.555+0300][193.868s][info][gc] GC(175) Concurrent evacuation 3.215ms
[2021-02-07T17:30:11.556+0300][193.869s][info][gc] GC(175) Pause Init Update Refs 0.009ms
[2021-02-07T17:30:11.685+0300][193.998s][info][gc] GC(175) Concurrent update references 128.905ms
[2021-02-07T17:30:11.688+0300][194.000s][info][gc] GC(175) Pause Final Update Refs 0.147ms
[2021-02-07T17:30:11.688+0300][194.000s][info][gc] GC(175) Concurrent cleanup 236M->225M(256M) 0.017ms
[2021-02-07T17:30:11.690+0300][194.002s][info][gc] Trigger: Free (18084K) is below minimum threshold (26214K)
[2021-02-07T17:30:11.690+0300][194.002s][info][gc] GC(176) Concurrent reset 0.315ms
[2021-02-07T17:30:11.690+0300][194.003s][info][gc] GC(176) Pause Init Mark (unload classes) 0.142ms
[2021-02-07T17:30:12.002+0300][194.314s][info][gc] GC(176) Concurrent marking (unload classes) 310.990ms
[2021-02-07T17:30:12.005+0300][194.317s][info][gc] GC(176) Pause Final Mark (unload classes) 0.246ms
[2021-02-07T17:30:12.013+0300][194.325s][info][gc] GC(176) Concurrent weak roots 7.525ms
[2021-02-07T17:30:12.013+0300][194.325s][info][gc] GC(176) Concurrent cleanup 235M->235M(256M) 0.010ms
[2021-02-07T17:30:12.017+0300][194.329s][info][gc] GC(176) Concurrent class unloading 4.098ms
[2021-02-07T17:30:12.017+0300][194.329s][info][gc] GC(176) Concurrent strong roots 0.133ms
[2021-02-07T17:30:12.020+0300][194.332s][info][gc] GC(176) Concurrent evacuation 2.883ms
[2021-02-07T17:30:12.020+0300][194.333s][info][gc] GC(176) Pause Init Update Refs 0.008ms
[2021-02-07T17:30:12.151+0300][194.464s][info][gc] GC(176) Concurrent update references 131.052ms
[2021-02-07T17:30:12.155+0300][194.467s][info][gc] GC(176) Pause Final Update Refs 0.140ms
[2021-02-07T17:30:12.155+0300][194.467s][info][gc] GC(176) Concurrent cleanup 236M->225M(256M) 0.016ms
[2021-02-07T17:30:12.157+0300][194.469s][info][gc] Trigger: Free (18084K) is below minimum threshold (26214K)
[2021-02-07T17:30:12.157+0300][194.469s][info][gc] GC(177) Concurrent reset 0.343ms
[2021-02-07T17:30:12.157+0300][194.470s][info][gc] GC(177) Pause Init Mark (unload classes) 0.135ms
[2021-02-07T17:30:12.468+0300][194.781s][info][gc] GC(177) Concurrent marking (unload classes) 310.941ms
[2021-02-07T17:30:12.471+0300][194.783s][info][gc] GC(177) Pause Final Mark (unload classes) 0.423ms
[2021-02-07T17:30:12.479+0300][194.791s][info][gc] GC(177) Concurrent weak roots 7.291ms
[2021-02-07T17:30:12.479+0300][194.791s][info][gc] GC(177) Concurrent cleanup 235M->235M(256M) 0.010ms
[2021-02-07T17:30:12.483+0300][194.795s][info][gc] GC(177) Concurrent class unloading 4.074ms
[2021-02-07T17:30:12.483+0300][194.795s][info][gc] GC(177) Concurrent strong roots 0.136ms
[2021-02-07T17:30:12.486+0300][194.798s][info][gc] GC(177) Concurrent evacuation 2.867ms
[2021-02-07T17:30:12.487+0300][194.799s][info][gc] GC(177) Pause Init Update Refs 0.009ms
[2021-02-07T17:30:12.621+0300][194.934s][info][gc] GC(177) Concurrent update references 134.372ms
[2021-02-07T17:30:12.622+0300][194.934s][info][gc] GC(177) Pause Final Update Refs 0.137ms
[2021-02-07T17:30:12.622+0300][194.934s][info][gc] GC(177) Concurrent cleanup 236M->225M(256M) 0.016ms
[2021-02-07T17:30:12.624+0300][194.936s][info][gc] Trigger: Free (18098K) is below minimum threshold (26214K)
[2021-02-07T17:30:12.624+0300][194.936s][info][gc] GC(178) Concurrent reset 0.309ms
[2021-02-07T17:30:12.624+0300][194.937s][info][gc] GC(178) Pause Init Mark (unload classes) 0.145ms
[2021-02-07T17:30:12.933+0300][195.245s][info][gc] GC(178) Concurrent marking (unload classes) 308.553ms
[2021-02-07T17:30:12.934+0300][195.246s][info][gc] GC(178) Pause Final Mark (unload classes) 0.414ms
[2021-02-07T17:30:12.942+0300][195.254s][info][gc] GC(178) Concurrent weak roots 7.403ms
[2021-02-07T17:30:12.942+0300][195.254s][info][gc] GC(178) Concurrent cleanup 235M->235M(256M) 0.010ms
[2021-02-07T17:30:12.946+0300][195.258s][info][gc] GC(178) Concurrent class unloading 4.119ms
[2021-02-07T17:30:12.946+0300][195.258s][info][gc] GC(178) Concurrent strong roots 0.100ms
[2021-02-07T17:30:12.949+0300][195.261s][info][gc] GC(178) Concurrent evacuation 2.918ms
[2021-02-07T17:30:12.949+0300][195.262s][info][gc] GC(178) Pause Init Update Refs 0.009ms
[2021-02-07T17:30:13.078+0300][195.391s][info][gc] GC(178) Concurrent update references 128.903ms
[2021-02-07T17:30:13.081+0300][195.393s][info][gc] GC(178) Pause Final Update Refs 0.083ms
[2021-02-07T17:30:13.081+0300][195.393s][info][gc] GC(178) Concurrent cleanup 236M->225M(256M) 0.019ms
[2021-02-07T17:30:13.097+0300][195.409s][info][gc] Trigger: Free (17828K) is below minimum threshold (26214K)
[2021-02-07T17:30:13.097+0300][195.409s][info][gc] GC(179) Concurrent reset 0.362ms
[2021-02-07T17:30:13.097+0300][195.410s][info][gc] GC(179) Pause Init Mark (unload classes) 0.095ms
[2021-02-07T17:30:13.408+0300][195.721s][info][gc] GC(179) Concurrent marking (unload classes) 310.795ms
[2021-02-07T17:30:13.412+0300][195.724s][info][gc] GC(179) Pause Final Mark (unload classes) 0.401ms
[2021-02-07T17:30:13.420+0300][195.732s][info][gc] GC(179) Concurrent weak roots 7.347ms
[2021-02-07T17:30:13.420+0300][195.732s][info][gc] GC(179) Concurrent cleanup 234M->234M(256M) 0.011ms
[2021-02-07T17:30:13.424+0300][195.736s][info][gc] GC(179) Concurrent class unloading 4.079ms
[2021-02-07T17:30:13.424+0300][195.736s][info][gc] GC(179) Concurrent strong roots 0.134ms
[2021-02-07T17:30:13.427+0300][195.740s][info][gc] GC(179) Concurrent evacuation 3.353ms
[2021-02-07T17:30:13.430+0300][195.742s][info][gc] GC(179) Pause Init Update Refs 0.009ms
[2021-02-07T17:30:13.565+0300][195.878s][info][gc] GC(179) Concurrent update references 135.587ms
[2021-02-07T17:30:13.566+0300][195.878s][info][gc] GC(179) Pause Final Update Refs 0.144ms
[2021-02-07T17:30:13.566+0300][195.878s][info][gc] GC(179) Concurrent cleanup 236M->225M(256M) 0.019ms
[2021-02-07T17:30:13.573+0300][195.885s][info][gc] Trigger: Free (18084K) is below minimum threshold (26214K)
[2021-02-07T17:30:13.573+0300][195.885s][info][gc] GC(180) Concurrent reset 0.388ms
[2021-02-07T17:30:13.574+0300][195.886s][info][gc] GC(180) Pause Init Mark (process weakrefs) (unload classes) 0.148ms
[2021-02-07T17:30:13.882+0300][196.194s][info][gc] GC(180) Concurrent marking (process weakrefs) (unload classes) 308.093ms
[2021-02-07T17:30:13.882+0300][196.194s][info][gc] GC(180) Concurrent precleaning 0.147ms
[2021-02-07T17:30:13.885+0300][196.197s][info][gc] GC(180) Pause Final Mark (process weakrefs) (unload classes) 0.450ms
[2021-02-07T17:30:13.893+0300][196.205s][info][gc] GC(180) Concurrent weak roots 7.277ms
[2021-02-07T17:30:13.893+0300][196.205s][info][gc] GC(180) Concurrent cleanup 235M->235M(256M) 0.011ms
[2021-02-07T17:30:13.897+0300][196.209s][info][gc] GC(180) Concurrent class unloading 4.079ms
[2021-02-07T17:30:13.897+0300][196.209s][info][gc] GC(180) Concurrent strong roots 0.130ms
[2021-02-07T17:30:13.900+0300][196.212s][info][gc] GC(180) Concurrent evacuation 3.031ms
[2021-02-07T17:30:13.901+0300][196.213s][info][gc] GC(180) Pause Init Update Refs 0.012ms
[2021-02-07T17:30:14.039+0300][196.351s][info][gc] GC(180) Concurrent update references 138.052ms
[2021-02-07T17:30:14.040+0300][196.352s][info][gc] GC(180) Pause Final Update Refs 0.143ms
[2021-02-07T17:30:14.040+0300][196.352s][info][gc] GC(180) Concurrent cleanup 236M->225M(256M) 0.015ms
[2021-02-07T17:30:14.042+0300][196.354s][info][gc] Trigger: Free (17998K) is below minimum threshold (26214K)
[2021-02-07T17:30:14.042+0300][196.354s][info][gc] GC(181) Concurrent reset 0.314ms
[2021-02-07T17:30:14.042+0300][196.354s][info][gc] GC(181) Pause Init Mark (unload classes) 0.147ms
[2021-02-07T17:30:14.369+0300][196.681s][info][gc] GC(181) Concurrent marking (unload classes) 326.744ms
[2021-02-07T17:30:14.374+0300][196.686s][info][gc] GC(181) Pause Final Mark (unload classes) 0.282ms
[2021-02-07T17:30:14.382+0300][196.694s][info][gc] GC(181) Concurrent weak roots 7.462ms
[2021-02-07T17:30:14.382+0300][196.694s][info][gc] GC(181) Concurrent cleanup 234M->234M(256M) 0.011ms
[2021-02-07T17:30:14.386+0300][196.698s][info][gc] GC(181) Concurrent class unloading 4.087ms
[2021-02-07T17:30:14.386+0300][196.698s][info][gc] GC(181) Concurrent strong roots 0.136ms
[2021-02-07T17:30:14.389+0300][196.701s][info][gc] GC(181) Concurrent evacuation 3.236ms
[2021-02-07T17:30:14.389+0300][196.702s][info][gc] GC(181) Pause Init Update Refs 0.009ms
[2021-02-07T17:30:14.524+0300][196.836s][info][gc] GC(181) Concurrent update references 134.531ms
[2021-02-07T17:30:14.530+0300][196.842s][info][gc] GC(181) Pause Final Update Refs 0.082ms
[2021-02-07T17:30:14.530+0300][196.842s][info][gc] GC(181) Concurrent cleanup 236M->225M(256M) 0.020ms
[2021-02-07T17:30:14.546+0300][196.858s][info][gc] Trigger: Free (18098K) is below minimum threshold (26214K)
[2021-02-07T17:30:14.546+0300][196.858s][info][gc] GC(182) Concurrent reset 0.328ms
[2021-02-07T17:30:14.546+0300][196.858s][info][gc] GC(182) Pause Init Mark (unload classes) 0.130ms
[2021-02-07T17:30:14.857+0300][197.169s][info][gc] GC(182) Concurrent marking (unload classes) 310.121ms
[2021-02-07T17:30:14.860+0300][197.172s][info][gc] GC(182) Pause Final Mark (unload classes) 0.292ms
[2021-02-07T17:30:14.874+0300][197.186s][info][gc] GC(182) Concurrent weak roots 13.568ms
[2021-02-07T17:30:14.874+0300][197.186s][info][gc] GC(182) Concurrent cleanup 235M->235M(256M) 0.018ms
[2021-02-07T17:30:14.876+0300][197.188s][info][gc] GC(182) Concurrent class unloading 2.056ms
[2021-02-07T17:30:14.876+0300][197.188s][info][gc] GC(182) Concurrent strong roots 0.104ms
[2021-02-07T17:30:14.879+0300][197.191s][info][gc] GC(182) Concurrent evacuation 2.930ms
[2021-02-07T17:30:14.890+0300][197.202s][info][gc] GC(182) Pause Init Update Refs 0.013ms
[2021-02-07T17:30:15.023+0300][197.335s][info][gc] GC(182) Concurrent update references 133.113ms
[2021-02-07T17:30:15.023+0300][197.335s][info][gc] GC(182) Pause Final Update Refs 0.078ms
[2021-02-07T17:30:15.023+0300][197.336s][info][gc] GC(182) Concurrent cleanup 236M->225M(256M) 0.019ms
[2021-02-07T17:30:15.030+0300][197.342s][info][gc] Trigger: Free (17742K) is below minimum threshold (26214K)
[2021-02-07T17:30:15.030+0300][197.342s][info][gc] GC(183) Concurrent reset 0.287ms
[2021-02-07T17:30:15.030+0300][197.342s][info][gc] GC(183) Pause Init Mark (unload classes) 0.077ms
[2021-02-07T17:30:15.338+0300][197.650s][info][gc] GC(183) Concurrent marking (unload classes) 307.928ms
[2021-02-07T17:30:15.341+0300][197.653s][info][gc] GC(183) Pause Final Mark (unload classes) 0.410ms
[2021-02-07T17:30:15.349+0300][197.661s][info][gc] GC(183) Concurrent weak roots 7.378ms
[2021-02-07T17:30:15.349+0300][197.661s][info][gc] GC(183) Concurrent cleanup 235M->235M(256M) 0.011ms
[2021-02-07T17:30:15.353+0300][197.665s][info][gc] GC(183) Concurrent class unloading 4.086ms
[2021-02-07T17:30:15.353+0300][197.665s][info][gc] GC(183) Concurrent strong roots 0.128ms
[2021-02-07T17:30:15.356+0300][197.668s][info][gc] GC(183) Concurrent evacuation 2.897ms
[2021-02-07T17:30:15.357+0300][197.669s][info][gc] GC(183) Pause Init Update Refs 0.009ms
[2021-02-07T17:30:15.491+0300][197.803s][info][gc] GC(183) Concurrent update references 134.349ms
[2021-02-07T17:30:15.494+0300][197.806s][info][gc] GC(183) Pause Final Update Refs 0.082ms
[2021-02-07T17:30:15.494+0300][197.806s][info][gc] GC(183) Concurrent cleanup 236M->225M(256M) 0.021ms
[2021-02-07T17:30:15.496+0300][197.808s][info][gc] Trigger: Free (18340K) is below minimum threshold (26214K)
[2021-02-07T17:30:15.496+0300][197.808s][info][gc] GC(184) Concurrent reset 0.313ms
[2021-02-07T17:30:15.496+0300][197.808s][info][gc] GC(184) Pause Init Mark (unload classes) 0.093ms
[2021-02-07T17:30:15.826+0300][198.139s][info][gc] GC(184) Concurrent marking (unload classes) 330.131ms
[2021-02-07T17:30:15.830+0300][198.142s][info][gc] GC(184) Pause Final Mark (unload classes) 0.243ms
[2021-02-07T17:30:15.842+0300][198.154s][info][gc] GC(184) Concurrent weak roots 11.630ms
[2021-02-07T17:30:15.842+0300][198.154s][info][gc] GC(184) Concurrent cleanup 234M->234M(256M) 0.015ms
[2021-02-07T17:30:15.858+0300][198.170s][info][gc] GC(184) Concurrent class unloading 16.089ms
[2021-02-07T17:30:15.858+0300][198.170s][info][gc] GC(184) Concurrent strong roots 0.079ms
[2021-02-07T17:30:15.861+0300][198.173s][info][gc] GC(184) Concurrent evacuation 2.983ms
[2021-02-07T17:30:15.874+0300][198.186s][info][gc] GC(184) Pause Init Update Refs 0.016ms
[2021-02-07T17:30:16.007+0300][198.320s][info][gc] GC(184) Concurrent update references 133.912ms
[2021-02-07T17:30:16.008+0300][198.320s][info][gc] GC(184) Pause Final Update Refs 0.120ms
[2021-02-07T17:30:16.008+0300][198.320s][info][gc] GC(184) Concurrent cleanup 236M->225M(256M) 0.019ms
[2021-02-07T17:30:16.010+0300][198.322s][info][gc] Trigger: Free (17996K) is below minimum threshold (26214K)
[2021-02-07T17:30:16.010+0300][198.322s][info][gc] GC(185) Concurrent reset 0.288ms
[2021-02-07T17:30:16.010+0300][198.323s][info][gc] GC(185) Pause Init Mark (process weakrefs) (unload classes) 0.110ms
[2021-02-07T17:30:16.322+0300][198.634s][info][gc] GC(185) Concurrent marking (process weakrefs) (unload classes) 311.313ms
[2021-02-07T17:30:16.322+0300][198.634s][info][gc] GC(185) Concurrent precleaning 0.110ms
[2021-02-07T17:30:16.327+0300][198.639s][info][gc] GC(185) Pause Final Mark (process weakrefs) (unload classes) 0.371ms
[2021-02-07T17:30:16.335+0300][198.647s][info][gc] GC(185) Concurrent weak roots 7.398ms
[2021-02-07T17:30:16.335+0300][198.647s][info][gc] GC(185) Concurrent cleanup 235M->235M(256M) 0.012ms
[2021-02-07T17:30:16.337+0300][198.649s][info][gc] GC(185) Concurrent class unloading 2.021ms
[2021-02-07T17:30:16.337+0300][198.649s][info][gc] GC(185) Concurrent strong roots 0.152ms
[2021-02-07T17:30:16.340+0300][198.652s][info][gc] GC(185) Concurrent evacuation 2.983ms
[2021-02-07T17:30:16.343+0300][198.655s][info][gc] GC(185) Pause Init Update Refs 0.015ms
[2021-02-07T17:30:16.474+0300][198.786s][info][gc] GC(185) Concurrent update references 130.745ms
[2021-02-07T17:30:16.477+0300][198.789s][info][gc] GC(185) Pause Final Update Refs 0.118ms
[2021-02-07T17:30:16.477+0300][198.789s][info][gc] GC(185) Concurrent cleanup 236M->225M(256M) 0.016ms
[2021-02-07T17:30:16.479+0300][198.791s][info][gc] Trigger: Free (18084K) is below minimum threshold (26214K)
[2021-02-07T17:30:16.479+0300][198.791s][info][gc] GC(186) Concurrent reset 0.283ms
[2021-02-07T17:30:16.479+0300][198.792s][info][gc] GC(186) Pause Init Mark (unload classes) 0.154ms
[2021-02-07T17:30:16.787+0300][199.099s][info][gc] GC(186) Concurrent marking (unload classes) 307.461ms
[2021-02-07T17:30:16.795+0300][199.107s][info][gc] GC(186) Pause Final Mark (unload classes) 0.220ms
[2021-02-07T17:30:16.802+0300][199.114s][info][gc] GC(186) Concurrent weak roots 6.726ms
[2021-02-07T17:30:16.802+0300][199.114s][info][gc] GC(186) Concurrent cleanup 235M->235M(256M) 0.012ms
[2021-02-07T17:30:16.804+0300][199.116s][info][gc] GC(186) Concurrent class unloading 2.187ms
[2021-02-07T17:30:16.804+0300][199.116s][info][gc] GC(186) Concurrent strong roots 0.137ms
[2021-02-07T17:30:16.807+0300][199.119s][info][gc] GC(186) Concurrent evacuation 2.904ms
[2021-02-07T17:30:16.810+0300][199.122s][info][gc] GC(186) Pause Init Update Refs 0.013ms
[2021-02-07T17:30:16.947+0300][199.259s][info][gc] GC(186) Concurrent update references 137.542ms
[2021-02-07T17:30:16.952+0300][199.264s][info][gc] GC(186) Pause Final Update Refs 0.117ms
[2021-02-07T17:30:16.952+0300][199.264s][info][gc] GC(186) Concurrent cleanup 236M->225M(256M) 0.018ms
[2021-02-07T17:30:16.968+0300][199.280s][info][gc] Trigger: Free (17998K) is below minimum threshold (26214K)
[2021-02-07T17:30:16.968+0300][199.280s][info][gc] GC(187) Concurrent reset 0.318ms
[2021-02-07T17:30:16.968+0300][199.281s][info][gc] GC(187) Pause Init Mark (unload classes) 0.108ms
[2021-02-07T17:30:17.276+0300][199.588s][info][gc] GC(187) Concurrent marking (unload classes) 307.579ms
[2021-02-07T17:30:17.279+0300][199.591s][info][gc] GC(187) Pause Final Mark (unload classes) 0.419ms
[2021-02-07T17:30:17.286+0300][199.598s][info][gc] GC(187) Concurrent weak roots 6.292ms
[2021-02-07T17:30:17.286+0300][199.598s][info][gc] GC(187) Concurrent cleanup 234M->234M(256M) 0.015ms
[2021-02-07T17:30:17.288+0300][199.600s][info][gc] GC(187) Concurrent class unloading 2.009ms
[2021-02-07T17:30:17.288+0300][199.600s][info][gc] GC(187) Concurrent strong roots 0.129ms
[2021-02-07T17:30:17.291+0300][199.603s][info][gc] GC(187) Concurrent evacuation 3.295ms
[2021-02-07T17:30:17.292+0300][199.604s][info][gc] GC(187) Pause Init Update Refs 0.009ms
[2021-02-07T17:30:17.423+0300][199.735s][info][gc] GC(187) Concurrent update references 130.683ms
[2021-02-07T17:30:17.423+0300][199.735s][info][gc] GC(187) Pause Final Update Refs 0.138ms
[2021-02-07T17:30:17.423+0300][199.736s][info][gc] GC(187) Concurrent cleanup 236M->225M(256M) 0.016ms
[2021-02-07T17:30:17.425+0300][199.737s][info][gc] Trigger: Free (18098K) is below minimum threshold (26214K)
[2021-02-07T17:30:17.425+0300][199.737s][info][gc] GC(188) Concurrent reset 0.312ms
[2021-02-07T17:30:17.425+0300][199.738s][info][gc] GC(188) Pause Init Mark (unload classes) 0.150ms
[2021-02-07T17:30:17.731+0300][200.043s][info][gc] GC(188) Concurrent marking (unload classes) 305.183ms
[2021-02-07T17:30:17.734+0300][200.046s][info][gc] GC(188) Pause Final Mark (unload classes) 0.409ms
[2021-02-07T17:30:17.742+0300][200.054s][info][gc] GC(188) Concurrent weak roots 7.342ms
[2021-02-07T17:30:17.742+0300][200.054s][info][gc] GC(188) Concurrent cleanup 233M->233M(256M) 0.010ms
[2021-02-07T17:30:17.746+0300][200.058s][info][gc] GC(188) Concurrent class unloading 4.015ms
[2021-02-07T17:30:17.746+0300][200.058s][info][gc] GC(188) Concurrent strong roots 0.153ms
[2021-02-07T17:30:17.750+0300][200.062s][info][gc] GC(188) Concurrent evacuation 3.651ms
[2021-02-07T17:30:17.753+0300][200.065s][info][gc] GC(188) Pause Init Update Refs 0.009ms
[2021-02-07T17:30:17.882+0300][200.195s][info][gc] GC(188) Concurrent update references 129.575ms
[2021-02-07T17:30:17.883+0300][200.195s][info][gc] GC(188) Pause Final Update Refs 0.137ms
[2021-02-07T17:30:17.883+0300][200.195s][info][gc] GC(188) Concurrent cleanup 236M->225M(256M) 0.016ms
[2021-02-07T17:30:17.885+0300][200.197s][info][gc] Trigger: Free (18055K) is below minimum threshold (26214K)
[2021-02-07T17:30:17.885+0300][200.197s][info][gc] GC(189) Concurrent reset 0.316ms
[2021-02-07T17:30:17.885+0300][200.198s][info][gc] GC(189) Pause Init Mark (unload classes) 0.144ms
[2021-02-07T17:30:18.191+0300][200.503s][info][gc] GC(189) Concurrent marking (unload classes) 305.479ms
[2021-02-07T17:30:18.192+0300][200.505s][info][gc] GC(189) Pause Final Mark (unload classes) 0.420ms
[2021-02-07T17:30:18.200+0300][200.512s][info][gc] GC(189) Concurrent weak roots 7.066ms
[2021-02-07T17:30:18.200+0300][200.512s][info][gc] GC(189) Concurrent cleanup 234M->234M(256M) 0.011ms
[2021-02-07T17:30:18.204+0300][200.516s][info][gc] GC(189) Concurrent class unloading 4.080ms
[2021-02-07T17:30:18.204+0300][200.516s][info][gc] GC(189) Concurrent strong roots 0.081ms
[2021-02-07T17:30:18.207+0300][200.519s][info][gc] GC(189) Concurrent evacuation 3.334ms
[2021-02-07T17:30:18.208+0300][200.520s][info][gc] GC(189) Pause Init Update Refs 0.010ms
[2021-02-07T17:30:18.340+0300][200.652s][info][gc] GC(189) Concurrent update references 131.756ms
[2021-02-07T17:30:18.343+0300][200.655s][info][gc] GC(189) Pause Final Update Refs 0.146ms
[2021-02-07T17:30:18.343+0300][200.655s][info][gc] GC(189) Concurrent cleanup 236M->225M(256M) 0.015ms
[2021-02-07T17:30:18.345+0300][200.657s][info][gc] Trigger: Free (17828K) is below minimum threshold (26214K)
[2021-02-07T17:30:18.345+0300][200.657s][info][gc] GC(190) Concurrent reset 0.313ms
[2021-02-07T17:30:18.345+0300][200.658s][info][gc] GC(190) Pause Init Mark (process weakrefs) (unload classes) 0.148ms
[2021-02-07T17:30:18.651+0300][200.963s][info][gc] GC(190) Concurrent marking (process weakrefs) (unload classes) 305.090ms
[2021-02-07T17:30:18.651+0300][200.963s][info][gc] GC(190) Concurrent precleaning 0.144ms
[2021-02-07T17:30:18.655+0300][200.967s][info][gc] GC(190) Pause Final Mark (process weakrefs) (unload classes) 0.435ms
[2021-02-07T17:30:18.663+0300][200.975s][info][gc] GC(190) Concurrent weak roots 7.304ms
[2021-02-07T17:30:18.663+0300][200.975s][info][gc] GC(190) Concurrent cleanup 234M->234M(256M) 0.010ms
[2021-02-07T17:30:18.667+0300][200.979s][info][gc] GC(190) Concurrent class unloading 4.093ms
[2021-02-07T17:30:18.667+0300][200.979s][info][gc] GC(190) Concurrent strong roots 0.133ms
[2021-02-07T17:30:18.670+0300][200.982s][info][gc] GC(190) Concurrent evacuation 3.209ms
[2021-02-07T17:30:18.673+0300][200.985s][info][gc] GC(190) Pause Init Update Refs 0.009ms
[2021-02-07T17:30:18.803+0300][201.115s][info][gc] GC(190) Concurrent update references 130.079ms
[2021-02-07T17:30:18.803+0300][201.116s][info][gc] GC(190) Pause Final Update Refs 0.135ms
[2021-02-07T17:30:18.804+0300][201.116s][info][gc] GC(190) Concurrent cleanup 236M->225M(256M) 0.017ms
[2021-02-07T17:30:18.806+0300][201.118s][info][gc] Trigger: Free (18056K) is below minimum threshold (26214K)
[2021-02-07T17:30:18.806+0300][201.118s][info][gc] GC(191) Concurrent reset 0.315ms
[2021-02-07T17:30:18.806+0300][201.119s][info][gc] GC(191) Pause Init Mark (unload classes) 0.135ms
[2021-02-07T17:30:19.115+0300][201.428s][info][gc] GC(191) Concurrent marking (unload classes) 308.949ms
[2021-02-07T17:30:19.117+0300][201.429s][info][gc] GC(191) Pause Final Mark (unload classes) 0.421ms
[2021-02-07T17:30:19.124+0300][201.436s][info][gc] GC(191) Concurrent weak roots 6.869ms
[2021-02-07T17:30:19.124+0300][201.436s][info][gc] GC(191) Concurrent cleanup 234M->234M(256M) 0.010ms
[2021-02-07T17:30:19.128+0300][201.440s][info][gc] GC(191) Concurrent class unloading 4.049ms
[2021-02-07T17:30:19.128+0300][201.440s][info][gc] GC(191) Concurrent strong roots 0.105ms
[2021-02-07T17:30:19.131+0300][201.443s][info][gc] GC(191) Concurrent evacuation 2.872ms
[2021-02-07T17:30:19.132+0300][201.444s][info][gc] GC(191) Pause Init Update Refs 0.009ms
[2021-02-07T17:30:19.261+0300][201.573s][info][gc] GC(191) Concurrent update references 129.213ms
[2021-02-07T17:30:19.264+0300][201.576s][info][gc] GC(191) Pause Final Update Refs 0.122ms
[2021-02-07T17:30:19.264+0300][201.576s][info][gc] GC(191) Concurrent cleanup 236M->225M(256M) 0.017ms
[2021-02-07T17:30:19.266+0300][201.578s][info][gc] Trigger: Free (17828K) is below minimum threshold (26214K)
[2021-02-07T17:30:19.266+0300][201.578s][info][gc] GC(192) Concurrent reset 0.319ms
[2021-02-07T17:30:19.266+0300][201.578s][info][gc] GC(192) Pause Init Mark (unload classes) 0.123ms
[2021-02-07T17:30:19.574+0300][201.886s][info][gc] GC(192) Concurrent marking (unload classes) 307.165ms
[2021-02-07T17:30:19.577+0300][201.889s][info][gc] GC(192) Pause Final Mark (unload classes) 0.389ms
[2021-02-07T17:30:19.585+0300][201.897s][info][gc] GC(192) Concurrent weak roots 7.334ms
[2021-02-07T17:30:19.585+0300][201.897s][info][gc] GC(192) Concurrent cleanup 235M->235M(256M) 0.011ms
[2021-02-07T17:30:19.589+0300][201.901s][info][gc] GC(192) Concurrent class unloading 4.076ms
[2021-02-07T17:30:19.589+0300][201.901s][info][gc] GC(192) Concurrent strong roots 0.128ms
[2021-02-07T17:30:19.592+0300][201.904s][info][gc] GC(192) Concurrent evacuation 2.671ms
[2021-02-07T17:30:19.593+0300][201.905s][info][gc] GC(192) Pause Init Update Refs 0.009ms
[2021-02-07T17:30:19.722+0300][202.034s][info][gc] GC(192) Concurrent update references 129.630ms
[2021-02-07T17:30:19.723+0300][202.035s][info][gc] GC(192) Pause Final Update Refs 0.119ms
[2021-02-07T17:30:19.723+0300][202.035s][info][gc] GC(192) Concurrent cleanup 236M->225M(256M) 0.017ms
[2021-02-07T17:30:19.725+0300][202.037s][info][gc] Trigger: Free (17828K) is below minimum threshold (26214K)
[2021-02-07T17:30:19.725+0300][202.037s][info][gc] GC(193) Concurrent reset 0.311ms
[2021-02-07T17:30:19.725+0300][202.038s][info][gc] GC(193) Pause Init Mark (unload classes) 0.124ms
[2021-02-07T17:30:20.037+0300][202.349s][info][gc] GC(193) Concurrent marking (unload classes) 311.821ms
[2021-02-07T17:30:20.042+0300][202.354s][info][gc] GC(193) Pause Final Mark (unload classes) 0.425ms
[2021-02-07T17:30:20.050+0300][202.362s][info][gc] GC(193) Concurrent weak roots 7.305ms
[2021-02-07T17:30:20.050+0300][202.362s][info][gc] GC(193) Concurrent cleanup 235M->235M(256M) 0.015ms
[2021-02-07T17:30:20.054+0300][202.366s][info][gc] GC(193) Concurrent class unloading 4.086ms
[2021-02-07T17:30:20.054+0300][202.366s][info][gc] GC(193) Concurrent strong roots 0.132ms
[2021-02-07T17:30:20.057+0300][202.369s][info][gc] GC(193) Concurrent evacuation 2.960ms
[2021-02-07T17:30:20.057+0300][202.370s][info][gc] GC(193) Pause Init Update Refs 0.008ms
[2021-02-07T17:30:20.187+0300][202.499s][info][gc] GC(193) Concurrent update references 129.684ms
[2021-02-07T17:30:20.188+0300][202.500s][info][gc] GC(193) Pause Final Update Refs 0.137ms
[2021-02-07T17:30:20.188+0300][202.500s][info][gc] GC(193) Concurrent cleanup 236M->225M(256M) 0.016ms
[2021-02-07T17:30:20.190+0300][202.502s][info][gc] Trigger: Free (17828K) is below minimum threshold (26214K)
[2021-02-07T17:30:20.190+0300][202.502s][info][gc] GC(194) Concurrent reset 0.315ms
[2021-02-07T17:30:20.190+0300][202.503s][info][gc] GC(194) Pause Init Mark (unload classes) 0.144ms
[2021-02-07T17:30:20.513+0300][202.825s][info][gc] GC(194) Concurrent marking (unload classes) 321.980ms
[2021-02-07T17:30:20.513+0300][202.825s][info][gc] GC(194) Pause Final Mark (unload classes) 0.422ms
[2021-02-07T17:30:20.521+0300][202.833s][info][gc] GC(194) Concurrent weak roots 7.274ms
[2021-02-07T17:30:20.521+0300][202.833s][info][gc] GC(194) Concurrent cleanup 235M->235M(256M) 0.011ms
[2021-02-07T17:30:20.525+0300][202.837s][info][gc] GC(194) Concurrent class unloading 4.057ms
[2021-02-07T17:30:20.525+0300][202.837s][info][gc] GC(194) Concurrent strong roots 0.132ms
[2021-02-07T17:30:20.528+0300][202.840s][info][gc] GC(194) Concurrent evacuation 2.903ms
[2021-02-07T17:30:20.528+0300][202.840s][info][gc] GC(194) Pause Init Update Refs 0.009ms
[2021-02-07T17:30:20.659+0300][202.971s][info][gc] GC(194) Concurrent update references 130.371ms
[2021-02-07T17:30:20.662+0300][202.974s][info][gc] GC(194) Pause Final Update Refs 0.137ms
[2021-02-07T17:30:20.662+0300][202.974s][info][gc] GC(194) Concurrent cleanup 236M->225M(256M) 0.016ms
[2021-02-07T17:30:20.664+0300][202.976s][info][gc] Trigger: Free (17828K) is below minimum threshold (26214K)
[2021-02-07T17:30:20.664+0300][202.976s][info][gc] GC(195) Concurrent reset 0.316ms
[2021-02-07T17:30:20.664+0300][202.977s][info][gc] GC(195) Pause Init Mark (process weakrefs) (unload classes) 0.150ms
[2021-02-07T17:30:20.974+0300][203.286s][info][gc] GC(195) Concurrent marking (process weakrefs) (unload classes) 309.169ms
[2021-02-07T17:30:20.974+0300][203.286s][info][gc] GC(195) Concurrent precleaning 0.140ms
[2021-02-07T17:30:20.975+0300][203.288s][info][gc] GC(195) Pause Final Mark (process weakrefs) (unload classes) 0.454ms
[2021-02-07T17:30:20.983+0300][203.295s][info][gc] GC(195) Concurrent weak roots 7.054ms
[2021-02-07T17:30:20.983+0300][203.295s][info][gc] GC(195) Concurrent cleanup 234M->234M(256M) 0.012ms
[2021-02-07T17:30:20.987+0300][203.299s][info][gc] GC(195) Concurrent class unloading 4.047ms
[2021-02-07T17:30:20.987+0300][203.299s][info][gc] GC(195) Concurrent strong roots 0.102ms
[2021-02-07T17:30:20.990+0300][203.303s][info][gc] GC(195) Concurrent evacuation 3.587ms
[2021-02-07T17:30:20.994+0300][203.306s][info][gc] GC(195) Pause Init Update Refs 0.009ms
[2021-02-07T17:30:21.124+0300][203.437s][info][gc] GC(195) Concurrent update references 130.399ms
[2021-02-07T17:30:21.125+0300][203.438s][info][gc] GC(195) Pause Final Update Refs 0.119ms
[2021-02-07T17:30:21.126+0300][203.438s][info][gc] GC(195) Concurrent cleanup 236M->225M(256M) 0.018ms
[2021-02-07T17:30:21.128+0300][203.440s][info][gc] Trigger: Free (17828K) is below minimum threshold (26214K)
[2021-02-07T17:30:21.128+0300][203.440s][info][gc] GC(196) Concurrent reset 0.278ms
[2021-02-07T17:30:21.128+0300][203.440s][info][gc] GC(196) Pause Init Mark (unload classes) 0.123ms
[2021-02-07T17:30:21.450+0300][203.762s][info][gc] GC(196) Concurrent marking (unload classes) 321.906ms
[2021-02-07T17:30:21.451+0300][203.763s][info][gc] GC(196) Pause Final Mark (unload classes) 0.417ms
[2021-02-07T17:30:21.459+0300][203.771s][info][gc] GC(196) Concurrent weak roots 7.203ms
[2021-02-07T17:30:21.459+0300][203.771s][info][gc] GC(196) Concurrent cleanup 234M->234M(256M) 0.011ms
[2021-02-07T17:30:21.463+0300][203.775s][info][gc] GC(196) Concurrent class unloading 4.068ms
[2021-02-07T17:30:21.463+0300][203.775s][info][gc] GC(196) Concurrent strong roots 0.130ms
[2021-02-07T17:30:21.466+0300][203.778s][info][gc] GC(196) Concurrent evacuation 3.367ms
[2021-02-07T17:30:21.469+0300][203.781s][info][gc] GC(196) Pause Init Update Refs 0.010ms
[2021-02-07T17:30:21.598+0300][203.911s][info][gc] GC(196) Concurrent update references 129.602ms
[2021-02-07T17:30:21.600+0300][203.912s][info][gc] GC(196) Pause Final Update Refs 0.141ms
[2021-02-07T17:30:21.600+0300][203.912s][info][gc] GC(196) Concurrent cleanup 236M->225M(256M) 0.016ms
[2021-02-07T17:30:21.602+0300][203.914s][info][gc] Trigger: Free (17842K) is below minimum threshold (26214K)
[2021-02-07T17:30:21.602+0300][203.914s][info][gc] GC(197) Concurrent reset 0.282ms
[2021-02-07T17:30:21.602+0300][203.914s][info][gc] GC(197) Pause Init Mark (unload classes) 0.143ms
[2021-02-07T17:30:21.907+0300][204.220s][info][gc] GC(197) Concurrent marking (unload classes) 305.036ms
[2021-02-07T17:30:21.910+0300][204.222s][info][gc] GC(197) Pause Final Mark (unload classes) 0.412ms
[2021-02-07T17:30:21.918+0300][204.230s][info][gc] GC(197) Concurrent weak roots 7.288ms
[2021-02-07T17:30:21.918+0300][204.230s][info][gc] GC(197) Concurrent cleanup 234M->234M(256M) 0.010ms
[2021-02-07T17:30:21.922+0300][204.234s][info][gc] GC(197) Concurrent class unloading 4.080ms
[2021-02-07T17:30:21.922+0300][204.234s][info][gc] GC(197) Concurrent strong roots 0.137ms
[2021-02-07T17:30:21.926+0300][204.238s][info][gc] GC(197) Concurrent evacuation 3.873ms
[2021-02-07T17:30:21.929+0300][204.241s][info][gc] GC(197) Pause Init Update Refs 0.009ms
[2021-02-07T17:30:22.058+0300][204.370s][info][gc] GC(197) Concurrent update references 129.341ms
[2021-02-07T17:30:22.061+0300][204.373s][info][gc] GC(197) Pause Final Update Refs 0.120ms
[2021-02-07T17:30:22.061+0300][204.373s][info][gc] GC(197) Concurrent cleanup 236M->225M(256M) 0.016ms
[2021-02-07T17:30:22.063+0300][204.375s][info][gc] Trigger: Free (17729K) is below minimum threshold (26214K)
[2021-02-07T17:30:22.063+0300][204.375s][info][gc] GC(198) Concurrent reset 0.283ms
[2021-02-07T17:30:22.063+0300][204.376s][info][gc] GC(198) Pause Init Mark (unload classes) 0.145ms
[2021-02-07T17:30:22.384+0300][204.696s][info][gc] GC(198) Concurrent marking (unload classes) 320.730ms
[2021-02-07T17:30:22.387+0300][204.699s][info][gc] GC(198) Pause Final Mark (unload classes) 0.412ms
[2021-02-07T17:30:22.395+0300][204.707s][info][gc] GC(198) Concurrent weak roots 7.332ms
[2021-02-07T17:30:22.395+0300][204.707s][info][gc] GC(198) Concurrent cleanup 235M->235M(256M) 0.010ms
[2021-02-07T17:30:22.399+0300][204.711s][info][gc] GC(198) Concurrent class unloading 4.201ms
[2021-02-07T17:30:22.399+0300][204.711s][info][gc] GC(198) Concurrent strong roots 0.135ms
[2021-02-07T17:30:22.402+0300][204.714s][info][gc] GC(198) Concurrent evacuation 2.889ms
[2021-02-07T17:30:22.402+0300][204.715s][info][gc] GC(198) Pause Init Update Refs 0.008ms
[2021-02-07T17:30:22.532+0300][204.844s][info][gc] GC(198) Concurrent update references 129.065ms
[2021-02-07T17:30:22.532+0300][204.844s][info][gc] GC(198) Pause Final Update Refs 0.157ms
[2021-02-07T17:30:22.532+0300][204.845s][info][gc] GC(198) Concurrent cleanup 236M->225M(256M) 0.018ms
[2021-02-07T17:30:22.534+0300][204.846s][info][gc] Trigger: Free (17828K) is below minimum threshold (26214K)
[2021-02-07T17:30:22.534+0300][204.846s][info][gc] GC(199) Concurrent reset 0.313ms
[2021-02-07T17:30:22.534+0300][204.847s][info][gc] GC(199) Pause Init Mark (unload classes) 0.144ms
[2021-02-07T17:30:22.841+0300][205.153s][info][gc] GC(199) Concurrent marking (unload classes) 306.312ms
[2021-02-07T17:30:22.845+0300][205.157s][info][gc] GC(199) Pause Final Mark (unload classes) 0.425ms
[2021-02-07T17:30:22.853+0300][205.165s][info][gc] GC(199) Concurrent weak roots 7.316ms
[2021-02-07T17:30:22.853+0300][205.165s][info][gc] GC(199) Concurrent cleanup 234M->234M(256M) 0.010ms
[2021-02-07T17:30:22.857+0300][205.169s][info][gc] GC(199) Concurrent class unloading 4.069ms
[2021-02-07T17:30:22.857+0300][205.169s][info][gc] GC(199) Concurrent strong roots 0.132ms
[2021-02-07T17:30:22.860+0300][205.173s][info][gc] GC(199) Concurrent evacuation 3.380ms
[2021-02-07T17:30:22.863+0300][205.175s][info][gc] GC(199) Pause Init Update Refs 0.009ms
[2021-02-07T17:30:22.996+0300][205.308s][info][gc] GC(199) Concurrent update references 132.959ms
[2021-02-07T17:30:22.997+0300][205.309s][info][gc] GC(199) Pause Final Update Refs 0.140ms
[2021-02-07T17:30:22.997+0300][205.309s][info][gc] GC(199) Concurrent cleanup 236M->225M(256M) 0.016ms
[2021-02-07T17:30:22.999+0300][205.311s][info][gc] Trigger: Free (17729K) is below minimum threshold (26214K)
[2021-02-07T17:30:22.999+0300][205.311s][info][gc] GC(200) Concurrent reset 0.429ms
[2021-02-07T17:30:22.999+0300][205.312s][info][gc] GC(200) Pause Init Mark (process weakrefs) (unload classes) 0.155ms
[2021-02-07T17:30:23.305+0300][205.618s][info][gc] GC(200) Concurrent marking (process weakrefs) (unload classes) 305.887ms
[2021-02-07T17:30:23.306+0300][205.618s][info][gc] GC(200) Concurrent precleaning 0.113ms
[2021-02-07T17:30:23.323+0300][205.635s][info][gc] GC(200) Pause Final Mark (process weakrefs) (unload classes) 0.353ms
[2021-02-07T17:30:23.331+0300][205.643s][info][gc] GC(200) Concurrent weak roots 7.420ms
[2021-02-07T17:30:23.331+0300][205.643s][info][gc] GC(200) Concurrent cleanup 234M->234M(256M) 0.009ms
[2021-02-07T17:30:23.335+0300][205.647s][info][gc] GC(200) Concurrent class unloading 4.055ms
[2021-02-07T17:30:23.335+0300][205.647s][info][gc] GC(200) Concurrent strong roots 0.100ms
[2021-02-07T17:30:23.338+0300][205.650s][info][gc] GC(200) Concurrent evacuation 3.344ms
[2021-02-07T17:30:23.341+0300][205.653s][info][gc] GC(200) Pause Init Update Refs 0.011ms
[2021-02-07T17:30:23.470+0300][205.782s][info][gc] GC(200) Concurrent update references 129.275ms
[2021-02-07T17:30:23.473+0300][205.785s][info][gc] GC(200) Pause Final Update Refs 0.137ms
[2021-02-07T17:30:23.473+0300][205.785s][info][gc] GC(200) Concurrent cleanup 236M->225M(256M) 0.016ms
[2021-02-07T17:30:23.475+0300][205.787s][info][gc] Trigger: Free (17828K) is below minimum threshold (26214K)
[2021-02-07T17:30:23.475+0300][205.787s][info][gc] GC(201) Concurrent reset 0.315ms
[2021-02-07T17:30:23.475+0300][205.788s][info][gc] GC(201) Pause Init Mark (unload classes) 0.146ms
[2021-02-07T17:30:23.782+0300][206.094s][info][gc] GC(201) Concurrent marking (unload classes) 306.503ms
[2021-02-07T17:30:23.784+0300][206.096s][info][gc] GC(201) Pause Final Mark (unload classes) 0.404ms
[2021-02-07T17:30:23.791+0300][206.103s][info][gc] GC(201) Concurrent weak roots 6.827ms
[2021-02-07T17:30:23.791+0300][206.103s][info][gc] GC(201) Concurrent cleanup 235M->235M(256M) 0.012ms
[2021-02-07T17:30:23.793+0300][206.105s][info][gc] GC(201) Concurrent class unloading 2.115ms
[2021-02-07T17:30:23.793+0300][206.105s][info][gc] GC(201) Concurrent strong roots 0.133ms
[2021-02-07T17:30:23.796+0300][206.108s][info][gc] GC(201) Concurrent evacuation 2.950ms
[2021-02-07T17:30:23.799+0300][206.111s][info][gc] GC(201) Pause Init Update Refs 0.009ms
[2021-02-07T17:30:23.933+0300][206.245s][info][gc] GC(201) Concurrent update references 134.303ms
[2021-02-07T17:30:23.936+0300][206.248s][info][gc] GC(201) Pause Final Update Refs 0.116ms
[2021-02-07T17:30:23.936+0300][206.248s][info][gc] GC(201) Concurrent cleanup 236M->225M(256M) 0.018ms
[2021-02-07T17:30:23.938+0300][206.250s][info][gc] Trigger: Free (17473K) is below minimum threshold (26214K)
[2021-02-07T17:30:23.938+0300][206.250s][info][gc] GC(202) Concurrent reset 0.281ms
[2021-02-07T17:30:23.938+0300][206.251s][info][gc] GC(202) Pause Init Mark (unload classes) 0.119ms
[2021-02-07T17:30:24.245+0300][206.557s][info][gc] GC(202) Concurrent marking (unload classes) 306.228ms
[2021-02-07T17:30:24.248+0300][206.560s][info][gc] GC(202) Pause Final Mark (unload classes) 0.403ms
[2021-02-07T17:30:24.256+0300][206.568s][info][gc] GC(202) Concurrent weak roots 7.423ms
[2021-02-07T17:30:24.256+0300][206.568s][info][gc] GC(202) Concurrent cleanup 235M->235M(256M) 0.011ms
[2021-02-07T17:30:24.260+0300][206.572s][info][gc] GC(202) Concurrent class unloading 4.080ms
[2021-02-07T17:30:24.260+0300][206.572s][info][gc] GC(202) Concurrent strong roots 0.130ms
[2021-02-07T17:30:24.263+0300][206.575s][info][gc] GC(202) Concurrent evacuation 2.917ms
[2021-02-07T17:30:24.263+0300][206.576s][info][gc] GC(202) Pause Init Update Refs 0.009ms
[2021-02-07T17:30:24.394+0300][206.706s][info][gc] GC(202) Concurrent update references 130.341ms
[2021-02-07T17:30:24.397+0300][206.709s][info][gc] GC(202) Pause Final Update Refs 0.139ms
[2021-02-07T17:30:24.397+0300][206.709s][info][gc] GC(202) Concurrent cleanup 237M->225M(256M) 0.016ms
[2021-02-07T17:30:24.399+0300][206.711s][info][gc] Trigger: Free (17572K) is below minimum threshold (26214K)
[2021-02-07T17:30:24.399+0300][206.711s][info][gc] GC(203) Concurrent reset 0.316ms
[2021-02-07T17:30:24.399+0300][206.712s][info][gc] GC(203) Pause Init Mark (unload classes) 0.141ms
[2021-02-07T17:30:24.705+0300][207.017s][info][gc] GC(203) Concurrent marking (unload classes) 305.247ms
[2021-02-07T17:30:24.711+0300][207.023s][info][gc] GC(203) Pause Final Mark (unload classes) 0.255ms
[2021-02-07T17:30:24.719+0300][207.031s][info][gc] GC(203) Concurrent weak roots 7.494ms
[2021-02-07T17:30:24.719+0300][207.031s][info][gc] GC(203) Concurrent cleanup 235M->235M(256M) 0.010ms
[2021-02-07T17:30:24.723+0300][207.035s][info][gc] GC(203) Concurrent class unloading 4.086ms
[2021-02-07T17:30:24.723+0300][207.035s][info][gc] GC(203) Concurrent strong roots 0.102ms
[2021-02-07T17:30:24.726+0300][207.038s][info][gc] GC(203) Concurrent evacuation 2.786ms
[2021-02-07T17:30:24.726+0300][207.038s][info][gc] GC(203) Pause Init Update Refs 0.008ms
[2021-02-07T17:30:24.856+0300][207.168s][info][gc] GC(203) Concurrent update references 129.617ms
[2021-02-07T17:30:24.859+0300][207.171s][info][gc] GC(203) Pause Final Update Refs 0.116ms
[2021-02-07T17:30:24.859+0300][207.171s][info][gc] GC(203) Concurrent cleanup 236M->225M(256M) 0.017ms
[2021-02-07T17:30:24.861+0300][207.173s][info][gc] Trigger: Free (17799K) is below minimum threshold (26214K)
[2021-02-07T17:30:24.861+0300][207.173s][info][gc] GC(204) Concurrent reset 0.280ms
[2021-02-07T17:30:24.861+0300][207.174s][info][gc] GC(204) Pause Init Mark (unload classes) 0.123ms
[2021-02-07T17:30:25.170+0300][207.482s][info][gc] GC(204) Concurrent marking (unload classes) 308.577ms
[2021-02-07T17:30:25.176+0300][207.487s][info][gc] GC(204) Pause Final Mark (unload classes) 0.402ms
[2021-02-07T17:30:25.183+0300][207.495s][info][gc] GC(204) Concurrent weak roots 7.355ms
[2021-02-07T17:30:25.183+0300][207.495s][info][gc] GC(204) Concurrent cleanup 235M->235M(256M) 0.011ms
[2021-02-07T17:30:25.187+0300][207.499s][info][gc] GC(204) Concurrent class unloading 4.054ms
[2021-02-07T17:30:25.187+0300][207.499s][info][gc] GC(204) Concurrent strong roots 0.131ms
[2021-02-07T17:30:25.190+0300][207.502s][info][gc] GC(204) Concurrent evacuation 2.827ms
[2021-02-07T17:30:25.191+0300][207.503s][info][gc] GC(204) Pause Init Update Refs 0.008ms
[2021-02-07T17:30:25.321+0300][207.633s][info][gc] GC(204) Concurrent update references 129.966ms
[2021-02-07T17:30:25.324+0300][207.636s][info][gc] GC(204) Pause Final Update Refs 0.119ms
[2021-02-07T17:30:25.324+0300][207.636s][info][gc] GC(204) Concurrent cleanup 236M->225M(256M) 0.015ms
[2021-02-07T17:30:25.326+0300][207.638s][info][gc] Trigger: Free (17572K) is below minimum threshold (26214K)
[2021-02-07T17:30:25.326+0300][207.638s][info][gc] GC(205) Concurrent reset 0.251ms
[2021-02-07T17:30:25.326+0300][207.639s][info][gc] GC(205) Pause Init Mark (process weakrefs) (unload classes) 0.124ms
[2021-02-07T17:30:25.632+0300][207.944s][info][gc] GC(205) Concurrent marking (process weakrefs) (unload classes) 305.598ms
[2021-02-07T17:30:25.632+0300][207.944s][info][gc] GC(205) Concurrent precleaning 0.137ms
[2021-02-07T17:30:25.635+0300][207.947s][info][gc] GC(205) Pause Final Mark (process weakrefs) (unload classes) 0.407ms
[2021-02-07T17:30:25.643+0300][207.955s][info][gc] GC(205) Concurrent weak roots 7.366ms
[2021-02-07T17:30:25.643+0300][207.955s][info][gc] GC(205) Concurrent cleanup 235M->235M(256M) 0.011ms
[2021-02-07T17:30:25.647+0300][207.959s][info][gc] GC(205) Concurrent class unloading 4.069ms
[2021-02-07T17:30:25.647+0300][207.959s][info][gc] GC(205) Concurrent strong roots 0.130ms
[2021-02-07T17:30:25.650+0300][207.962s][info][gc] GC(205) Concurrent evacuation 3.058ms
[2021-02-07T17:30:25.650+0300][207.963s][info][gc] GC(205) Pause Init Update Refs 0.010ms
[2021-02-07T17:30:25.780+0300][208.092s][info][gc] GC(205) Concurrent update references 129.155ms
[2021-02-07T17:30:25.781+0300][208.093s][info][gc] GC(205) Pause Final Update Refs 0.133ms
[2021-02-07T17:30:25.781+0300][208.093s][info][gc] GC(205) Concurrent cleanup 236M->225M(256M) 0.019ms
[2021-02-07T17:30:25.783+0300][208.095s][info][gc] Trigger: Free (17799K) is below minimum threshold (26214K)
[2021-02-07T17:30:25.783+0300][208.095s][info][gc] GC(206) Concurrent reset 0.310ms
[2021-02-07T17:30:25.783+0300][208.096s][info][gc] GC(206) Pause Init Mark (unload classes) 0.157ms
[2021-02-07T17:30:26.092+0300][208.404s][info][gc] GC(206) Concurrent marking (unload classes) 308.256ms
[2021-02-07T17:30:26.093+0300][208.405s][info][gc] GC(206) Pause Final Mark (unload classes) 0.433ms
[2021-02-07T17:30:26.100+0300][208.412s][info][gc] GC(206) Concurrent weak roots 6.865ms
[2021-02-07T17:30:26.100+0300][208.412s][info][gc] GC(206) Concurrent cleanup 234M->234M(256M) 0.010ms
[2021-02-07T17:30:26.104+0300][208.416s][info][gc] GC(206) Concurrent class unloading 4.114ms
[2021-02-07T17:30:26.104+0300][208.416s][info][gc] GC(206) Concurrent strong roots 0.139ms
[2021-02-07T17:30:26.107+0300][208.420s][info][gc] GC(206) Concurrent evacuation 3.411ms
[2021-02-07T17:30:26.110+0300][208.422s][info][gc] GC(206) Pause Init Update Refs 0.008ms
[2021-02-07T17:30:26.242+0300][208.554s][info][gc] GC(206) Concurrent update references 131.662ms
[2021-02-07T17:30:26.259+0300][208.571s][info][gc] GC(206) Pause Final Update Refs 0.142ms
[2021-02-07T17:30:26.259+0300][208.571s][info][gc] GC(206) Concurrent cleanup 236M->225M(256M) 0.019ms
[2021-02-07T17:30:26.275+0300][208.587s][info][gc] Trigger: Free (17828K) is below minimum threshold (26214K)
[2021-02-07T17:30:26.275+0300][208.587s][info][gc] GC(207) Concurrent reset 0.389ms
[2021-02-07T17:30:26.275+0300][208.588s][info][gc] GC(207) Pause Init Mark (unload classes) 0.147ms
[2021-02-07T17:30:26.580+0300][208.892s][info][gc] GC(207) Concurrent marking (unload classes) 304.179ms
[2021-02-07T17:30:26.583+0300][208.895s][info][gc] GC(207) Pause Final Mark (unload classes) 0.420ms
[2021-02-07T17:30:26.591+0300][208.903s][info][gc] GC(207) Concurrent weak roots 7.424ms
[2021-02-07T17:30:26.591+0300][208.903s][info][gc] GC(207) Concurrent cleanup 233M->233M(256M) 0.012ms
[2021-02-07T17:30:26.593+0300][208.905s][info][gc] GC(207) Concurrent class unloading 2.517ms
[2021-02-07T17:30:26.593+0300][208.906s][info][gc] GC(207) Concurrent strong roots 0.140ms
[2021-02-07T17:30:26.597+0300][208.910s][info][gc] GC(207) Concurrent evacuation 3.909ms
[2021-02-07T17:30:26.600+0300][208.912s][info][gc] GC(207) Pause Init Update Refs 0.008ms
[2021-02-07T17:30:26.729+0300][209.042s][info][gc] GC(207) Concurrent update references 129.611ms
[2021-02-07T17:30:26.730+0300][209.042s][info][gc] GC(207) Pause Final Update Refs 0.138ms
[2021-02-07T17:30:26.730+0300][209.042s][info][gc] GC(207) Concurrent cleanup 236M->225M(256M) 0.016ms
[2021-02-07T17:30:26.736+0300][209.048s][info][gc] Trigger: Free (17828K) is below minimum threshold (26214K)
[2021-02-07T17:30:26.736+0300][209.048s][info][gc] GC(208) Concurrent reset 0.322ms
[2021-02-07T17:30:26.736+0300][209.049s][info][gc] GC(208) Pause Init Mark (unload classes) 0.148ms
[2021-02-07T17:30:27.062+0300][209.375s][info][gc] GC(208) Concurrent marking (unload classes) 325.794ms
[2021-02-07T17:30:27.065+0300][209.377s][info][gc] GC(208) Pause Final Mark (unload classes) 0.439ms
[2021-02-07T17:30:27.073+0300][209.385s][info][gc] GC(208) Concurrent weak roots 7.301ms
[2021-02-07T17:30:27.073+0300][209.385s][info][gc] GC(208) Concurrent cleanup 234M->234M(256M) 0.011ms
[2021-02-07T17:30:27.077+0300][209.389s][info][gc] GC(208) Concurrent class unloading 4.092ms
[2021-02-07T17:30:27.077+0300][209.389s][info][gc] GC(208) Concurrent strong roots 0.132ms
[2021-02-07T17:30:27.081+0300][209.393s][info][gc] GC(208) Concurrent evacuation 3.671ms
[2021-02-07T17:30:27.084+0300][209.396s][info][gc] GC(208) Pause Init Update Refs 0.010ms
[2021-02-07T17:30:27.215+0300][209.528s][info][gc] GC(208) Concurrent update references 131.615ms
[2021-02-07T17:30:27.217+0300][209.529s][info][gc] GC(208) Pause Final Update Refs 0.135ms
[2021-02-07T17:30:27.217+0300][209.529s][info][gc] GC(208) Concurrent cleanup 236M->225M(256M) 0.018ms
[2021-02-07T17:30:27.219+0300][209.531s][info][gc] Trigger: Free (17828K) is below minimum threshold (26214K)
[2021-02-07T17:30:27.219+0300][209.531s][info][gc] GC(209) Concurrent reset 0.313ms
[2021-02-07T17:30:27.219+0300][209.532s][info][gc] GC(209) Pause Init Mark (unload classes) 0.149ms
[2021-02-07T17:30:27.541+0300][209.853s][info][gc] GC(209) Concurrent marking (unload classes) 321.257ms
[2021-02-07T17:30:27.558+0300][209.870s][info][gc] GC(209) Pause Final Mark (unload classes) 0.461ms
[2021-02-07T17:30:27.566+0300][209.878s][info][gc] GC(209) Concurrent weak roots 7.288ms
[2021-02-07T17:30:27.566+0300][209.878s][info][gc] GC(209) Concurrent cleanup 234M->234M(256M) 0.010ms
[2021-02-07T17:30:27.570+0300][209.882s][info][gc] GC(209) Concurrent class unloading 4.058ms
[2021-02-07T17:30:27.570+0300][209.882s][info][gc] GC(209) Concurrent strong roots 0.097ms
[2021-02-07T17:30:27.573+0300][209.886s][info][gc] GC(209) Concurrent evacuation 3.617ms
[2021-02-07T17:30:27.576+0300][209.888s][info][gc] GC(209) Pause Init Update Refs 0.013ms
[2021-02-07T17:30:27.710+0300][210.022s][info][gc] GC(209) Concurrent update references 134.414ms
[2021-02-07T17:30:27.713+0300][210.025s][info][gc] GC(209) Pause Final Update Refs 0.118ms
[2021-02-07T17:30:27.713+0300][210.025s][info][gc] GC(209) Concurrent cleanup 236M->225M(256M) 0.016ms
[2021-02-07T17:30:27.715+0300][210.027s][info][gc] Trigger: Free (17828K) is below minimum threshold (26214K)
[2021-02-07T17:30:27.715+0300][210.027s][info][gc] GC(210) Concurrent reset 0.255ms
[2021-02-07T17:30:27.715+0300][210.027s][info][gc] GC(210) Pause Init Mark (process weakrefs) (unload classes) 0.118ms
[2021-02-07T17:30:28.026+0300][210.338s][info][gc] GC(210) Concurrent marking (process weakrefs) (unload classes) 310.595ms
[2021-02-07T17:30:28.026+0300][210.338s][info][gc] GC(210) Concurrent precleaning 0.107ms
[2021-02-07T17:30:28.029+0300][210.341s][info][gc] GC(210) Pause Final Mark (process weakrefs) (unload classes) 0.372ms
[2021-02-07T17:30:28.046+0300][210.358s][info][gc] GC(210) Concurrent weak roots 16.365ms
[2021-02-07T17:30:28.046+0300][210.358s][info][gc] GC(210) Concurrent cleanup 234M->234M(256M) 0.021ms
[2021-02-07T17:30:28.048+0300][210.360s][info][gc] GC(210) Concurrent class unloading 2.422ms
[2021-02-07T17:30:28.048+0300][210.361s][info][gc] GC(210) Concurrent strong roots 0.133ms
[2021-02-07T17:30:28.052+0300][210.364s][info][gc] GC(210) Concurrent evacuation 3.673ms
[2021-02-07T17:30:28.053+0300][210.365s][info][gc] GC(210) Pause Init Update Refs 0.011ms
[2021-02-07T17:30:28.182+0300][210.494s][info][gc] GC(210) Concurrent update references 129.474ms
[2021-02-07T17:30:28.185+0300][210.497s][info][gc] GC(210) Pause Final Update Refs 0.138ms
[2021-02-07T17:30:28.185+0300][210.497s][info][gc] GC(210) Concurrent cleanup 236M->225M(256M) 0.016ms
[2021-02-07T17:30:28.187+0300][210.499s][info][gc] Trigger: Free (17828K) is below minimum threshold (26214K)
[2021-02-07T17:30:28.187+0300][210.499s][info][gc] GC(211) Concurrent reset 0.314ms
[2021-02-07T17:30:28.187+0300][210.500s][info][gc] GC(211) Pause Init Mark (unload classes) 0.158ms
[2021-02-07T17:30:28.492+0300][210.804s][info][gc] GC(211) Concurrent marking (unload classes) 304.266ms
[2021-02-07T17:30:28.492+0300][210.805s][info][gc] GC(211) Pause Final Mark (unload classes) 0.313ms
[2021-02-07T17:30:28.500+0300][210.812s][info][gc] GC(211) Concurrent weak roots 7.025ms
[2021-02-07T17:30:28.500+0300][210.812s][info][gc] GC(211) Concurrent cleanup 234M->234M(256M) 0.011ms
[2021-02-07T17:30:28.504+0300][210.816s][info][gc] GC(211) Concurrent class unloading 4.075ms
[2021-02-07T17:30:28.504+0300][210.816s][info][gc] GC(211) Concurrent strong roots 0.136ms
[2021-02-07T17:30:28.507+0300][210.819s][info][gc] GC(211) Concurrent evacuation 3.147ms
[2021-02-07T17:30:28.507+0300][210.820s][info][gc] GC(211) Pause Init Update Refs 0.008ms
[2021-02-07T17:30:28.637+0300][210.949s][info][gc] GC(211) Concurrent update references 129.420ms
[2021-02-07T17:30:28.640+0300][210.952s][info][gc] GC(211) Pause Final Update Refs 0.136ms
[2021-02-07T17:30:28.640+0300][210.952s][info][gc] GC(211) Concurrent cleanup 236M->225M(256M) 0.016ms
[2021-02-07T17:30:28.642+0300][210.954s][info][gc] Trigger: Free (17828K) is below minimum threshold (26214K)
[2021-02-07T17:30:28.642+0300][210.954s][info][gc] GC(212) Concurrent reset 0.312ms
[2021-02-07T17:30:28.642+0300][210.955s][info][gc] GC(212) Pause Init Mark (unload classes) 0.148ms
[2021-02-07T17:30:28.952+0300][211.264s][info][gc] GC(212) Concurrent marking (unload classes) 309.364ms
[2021-02-07T17:30:28.953+0300][211.265s][info][gc] GC(212) Pause Final Mark (unload classes) 0.426ms
[2021-02-07T17:30:28.960+0300][211.272s][info][gc] GC(212) Concurrent weak roots 6.610ms
[2021-02-07T17:30:28.960+0300][211.272s][info][gc] GC(212) Concurrent cleanup 233M->233M(256M) 0.011ms
[2021-02-07T17:30:28.964+0300][211.276s][info][gc] GC(212) Concurrent class unloading 4.081ms
[2021-02-07T17:30:28.964+0300][211.276s][info][gc] GC(212) Concurrent strong roots 0.134ms
[2021-02-07T17:30:28.968+0300][211.280s][info][gc] GC(212) Concurrent evacuation 4.127ms
[2021-02-07T17:30:28.971+0300][211.283s][info][gc] GC(212) Pause Init Update Refs 0.008ms
[2021-02-07T17:30:29.101+0300][211.413s][info][gc] GC(212) Concurrent update references 129.851ms
[2021-02-07T17:30:29.105+0300][211.416s][info][gc] GC(212) Pause Final Update Refs 0.138ms
[2021-02-07T17:30:29.105+0300][211.416s][info][gc] GC(212) Concurrent cleanup 236M->225M(256M) 0.016ms
[2021-02-07T17:30:29.106+0300][211.418s][info][gc] Trigger: Free (17828K) is below minimum threshold (26214K)
[2021-02-07T17:30:29.106+0300][211.418s][info][gc] GC(213) Concurrent reset 0.316ms
[2021-02-07T17:30:29.106+0300][211.419s][info][gc] GC(213) Pause Init Mark (unload classes) 0.134ms
[2021-02-07T17:30:29.413+0300][211.725s][info][gc] GC(213) Concurrent marking (unload classes) 306.248ms
[2021-02-07T17:30:29.417+0300][211.729s][info][gc] GC(213) Pause Final Mark (unload classes) 0.417ms
[2021-02-07T17:30:29.425+0300][211.737s][info][gc] GC(213) Concurrent weak roots 7.332ms
[2021-02-07T17:30:29.425+0300][211.737s][info][gc] GC(213) Concurrent cleanup 234M->234M(256M) 0.011ms
[2021-02-07T17:30:29.427+0300][211.740s][info][gc] GC(213) Concurrent class unloading 2.752ms
[2021-02-07T17:30:29.428+0300][211.740s][info][gc] GC(213) Concurrent strong roots 0.130ms
[2021-02-07T17:30:29.431+0300][211.744s][info][gc] GC(213) Concurrent evacuation 3.756ms
[2021-02-07T17:30:29.432+0300][211.744s][info][gc] GC(213) Pause Init Update Refs 0.008ms
[2021-02-07T17:30:29.566+0300][211.878s][info][gc] GC(213) Concurrent update references 133.951ms
[2021-02-07T17:30:29.569+0300][211.881s][info][gc] GC(213) Pause Final Update Refs 0.140ms
[2021-02-07T17:30:29.569+0300][211.881s][info][gc] GC(213) Concurrent cleanup 236M->225M(256M) 0.019ms
[2021-02-07T17:30:29.571+0300][211.883s][info][gc] Trigger: Free (17828K) is below minimum threshold (26214K)
[2021-02-07T17:30:29.571+0300][211.883s][info][gc] GC(214) Concurrent reset 0.314ms
[2021-02-07T17:30:29.571+0300][211.884s][info][gc] GC(214) Pause Init Mark (unload classes) 0.137ms
[2021-02-07T17:30:29.878+0300][212.191s][info][gc] GC(214) Concurrent marking (unload classes) 306.893ms
[2021-02-07T17:30:29.883+0300][212.195s][info][gc] GC(214) Pause Final Mark (unload classes) 0.284ms
[2021-02-07T17:30:29.891+0300][212.203s][info][gc] GC(214) Concurrent weak roots 7.574ms
[2021-02-07T17:30:29.891+0300][212.203s][info][gc] GC(214) Concurrent cleanup 233M->233M(256M) 0.016ms
[2021-02-07T17:30:29.893+0300][212.205s][info][gc] GC(214) Concurrent class unloading 2.413ms
[2021-02-07T17:30:29.893+0300][212.206s][info][gc] GC(214) Concurrent strong roots 0.131ms
[2021-02-07T17:30:29.897+0300][212.209s][info][gc] GC(214) Concurrent evacuation 3.857ms
[2021-02-07T17:30:29.897+0300][212.210s][info][gc] GC(214) Pause Init Update Refs 0.009ms
[2021-02-07T17:30:30.031+0300][212.343s][info][gc] GC(214) Concurrent update references 133.164ms
[2021-02-07T17:30:30.031+0300][212.343s][info][gc] GC(214) Pause Final Update Refs 0.137ms
[2021-02-07T17:30:30.031+0300][212.343s][info][gc] GC(214) Concurrent cleanup 236M->225M(256M) 0.015ms
[2021-02-07T17:30:30.033+0300][212.345s][info][gc] Trigger: Free (17729K) is below minimum threshold (26214K)
[2021-02-07T17:30:30.033+0300][212.345s][info][gc] GC(215) Concurrent reset 0.321ms
[2021-02-07T17:30:30.033+0300][212.346s][info][gc] GC(215) Pause Init Mark (process weakrefs) (unload classes) 0.147ms
[2021-02-07T17:30:30.338+0300][212.650s][info][gc] GC(215) Concurrent marking (process weakrefs) (unload classes) 304.509ms
[2021-02-07T17:30:30.338+0300][212.650s][info][gc] GC(215) Concurrent precleaning 0.111ms
[2021-02-07T17:30:30.343+0300][212.655s][info][gc] GC(215) Pause Final Mark (process weakrefs) (unload classes) 0.432ms
[2021-02-07T17:30:30.351+0300][212.663s][info][gc] GC(215) Concurrent weak roots 7.308ms
[2021-02-07T17:30:30.351+0300][212.663s][info][gc] GC(215) Concurrent cleanup 233M->233M(256M) 0.012ms
[2021-02-07T17:30:30.353+0300][212.665s][info][gc] GC(215) Concurrent class unloading 2.523ms
[2021-02-07T17:30:30.353+0300][212.666s][info][gc] GC(215) Concurrent strong roots 0.104ms
[2021-02-07T17:30:30.357+0300][212.670s][info][gc] GC(215) Concurrent evacuation 4.167ms
[2021-02-07T17:30:30.361+0300][212.673s][info][gc] GC(215) Pause Init Update Refs 0.009ms
[2021-02-07T17:30:30.491+0300][212.803s][info][gc] GC(215) Concurrent update references 130.155ms
[2021-02-07T17:30:30.494+0300][212.806s][info][gc] GC(215) Pause Final Update Refs 0.117ms
[2021-02-07T17:30:30.494+0300][212.806s][info][gc] GC(215) Concurrent cleanup 236M->225M(256M) 0.017ms
[2021-02-07T17:30:30.496+0300][212.808s][info][gc] Trigger: Free (17828K) is below minimum threshold (26214K)
[2021-02-07T17:30:30.496+0300][212.808s][info][gc] GC(216) Concurrent reset 0.312ms
[2021-02-07T17:30:30.496+0300][212.809s][info][gc] GC(216) Pause Init Mark (unload classes) 0.119ms
[2021-02-07T17:30:30.817+0300][213.130s][info][gc] GC(216) Concurrent marking (unload classes) 320.955ms
[2021-02-07T17:30:30.819+0300][213.131s][info][gc] GC(216) Pause Final Mark (unload classes) 0.420ms
[2021-02-07T17:30:30.827+0300][213.139s][info][gc] GC(216) Concurrent weak roots 7.528ms
[2021-02-07T17:30:30.827+0300][213.139s][info][gc] GC(216) Concurrent cleanup 233M->233M(256M) 0.015ms
[2021-02-07T17:30:30.829+0300][213.141s][info][gc] GC(216) Concurrent class unloading 2.446ms
[2021-02-07T17:30:30.829+0300][213.142s][info][gc] GC(216) Concurrent strong roots 0.129ms
[2021-02-07T17:30:30.833+0300][213.146s][info][gc] GC(216) Concurrent evacuation 4.077ms
[2021-02-07T17:30:30.836+0300][213.148s][info][gc] GC(216) Pause Init Update Refs 0.009ms
[2021-02-07T17:30:30.970+0300][213.282s][info][gc] GC(216) Concurrent update references 133.952ms
[2021-02-07T17:30:30.971+0300][213.283s][info][gc] GC(216) Pause Final Update Refs 0.121ms
[2021-02-07T17:30:30.971+0300][213.283s][info][gc] GC(216) Concurrent cleanup 236M->225M(256M) 0.017ms
[2021-02-07T17:30:30.973+0300][213.285s][info][gc] Trigger: Free (17729K) is below minimum threshold (26214K)
[2021-02-07T17:30:30.973+0300][213.285s][info][gc] GC(217) Concurrent reset 0.280ms
[2021-02-07T17:30:30.973+0300][213.286s][info][gc] GC(217) Pause Init Mark (unload classes) 0.119ms
[2021-02-07T17:30:31.295+0300][213.607s][info][gc] GC(217) Concurrent marking (unload classes) 321.087ms
[2021-02-07T17:30:31.298+0300][213.610s][info][gc] GC(217) Pause Final Mark (unload classes) 0.311ms
[2021-02-07T17:30:31.306+0300][213.618s][info][gc] GC(217) Concurrent weak roots 7.462ms
[2021-02-07T17:30:31.306+0300][213.618s][info][gc] GC(217) Concurrent cleanup 234M->234M(256M) 0.011ms
[2021-02-07T17:30:31.310+0300][213.622s][info][gc] GC(217) Concurrent class unloading 4.073ms
[2021-02-07T17:30:31.310+0300][213.622s][info][gc] GC(217) Concurrent strong roots 0.133ms
[2021-02-07T17:30:31.313+0300][213.626s][info][gc] GC(217) Concurrent evacuation 3.559ms
[2021-02-07T17:30:31.316+0300][213.628s][info][gc] GC(217) Pause Init Update Refs 0.009ms
[2021-02-07T17:30:31.445+0300][213.757s][info][gc] GC(217) Concurrent update references 129.270ms
[2021-02-07T17:30:31.446+0300][213.758s][info][gc] GC(217) Pause Final Update Refs 0.104ms
[2021-02-07T17:30:31.446+0300][213.758s][info][gc] GC(217) Concurrent cleanup 236M->225M(256M) 0.015ms
[2021-02-07T17:30:31.448+0300][213.760s][info][gc] Trigger: Free (17828K) is below minimum threshold (26214K)
[2021-02-07T17:30:31.448+0300][213.760s][info][gc] GC(218) Concurrent reset 0.320ms
[2021-02-07T17:30:31.448+0300][213.761s][info][gc] GC(218) Pause Init Mark (unload classes) 0.108ms
[2021-02-07T17:30:31.770+0300][214.082s][info][gc] GC(218) Concurrent marking (unload classes) 321.586ms
[2021-02-07T17:30:31.774+0300][214.086s][info][gc] GC(218) Pause Final Mark (unload classes) 0.378ms
[2021-02-07T17:30:31.782+0300][214.094s][info][gc] GC(218) Concurrent weak roots 7.342ms
[2021-02-07T17:30:31.782+0300][214.094s][info][gc] GC(218) Concurrent cleanup 234M->234M(256M) 0.012ms
[2021-02-07T17:30:31.787+0300][214.099s][info][gc] GC(218) Concurrent class unloading 5.061ms
[2021-02-07T17:30:31.787+0300][214.099s][info][gc] GC(218) Concurrent strong roots 0.108ms
[2021-02-07T17:30:31.791+0300][214.103s][info][gc] GC(218) Concurrent evacuation 3.582ms
[2021-02-07T17:30:31.794+0300][214.106s][info][gc] GC(218) Pause Init Update Refs 0.010ms
[2021-02-07T17:30:31.924+0300][214.236s][info][gc] GC(218) Concurrent update references 130.235ms
[2021-02-07T17:30:31.925+0300][214.237s][info][gc] GC(218) Pause Final Update Refs 0.139ms
[2021-02-07T17:30:31.925+0300][214.237s][info][gc] GC(218) Concurrent cleanup 236M->225M(256M) 0.015ms
[2021-02-07T17:30:31.927+0300][214.239s][info][gc] Trigger: Free (17800K) is below minimum threshold (26214K)
[2021-02-07T17:30:31.927+0300][214.239s][info][gc] GC(219) Concurrent reset 0.316ms
[2021-02-07T17:30:31.927+0300][214.240s][info][gc] GC(219) Pause Init Mark (unload classes) 0.144ms
[2021-02-07T17:30:32.238+0300][214.550s][info][gc] GC(219) Concurrent marking (unload classes) 310.761ms
[2021-02-07T17:30:32.241+0300][214.553s][info][gc] GC(219) Pause Final Mark (unload classes) 0.414ms
[2021-02-07T17:30:32.249+0300][214.561s][info][gc] GC(219) Concurrent weak roots 7.391ms
[2021-02-07T17:30:32.249+0300][214.561s][info][gc] GC(219) Concurrent cleanup 233M->233M(256M) 0.011ms
[2021-02-07T17:30:32.251+0300][214.563s][info][gc] GC(219) Concurrent class unloading 2.546ms
[2021-02-07T17:30:32.251+0300][214.564s][info][gc] GC(219) Concurrent strong roots 0.130ms
[2021-02-07T17:30:32.255+0300][214.568s][info][gc] GC(219) Concurrent evacuation 3.915ms
[2021-02-07T17:30:32.258+0300][214.570s][info][gc] GC(219) Pause Init Update Refs 0.010ms
[2021-02-07T17:30:32.387+0300][214.700s][info][gc] GC(219) Concurrent update references 129.443ms
[2021-02-07T17:30:32.390+0300][214.702s][info][gc] GC(219) Pause Final Update Refs 0.128ms
[2021-02-07T17:30:32.390+0300][214.702s][info][gc] GC(219) Concurrent cleanup 236M->225M(256M) 0.016ms
[2021-02-07T17:30:32.392+0300][214.704s][info][gc] Trigger: Free (18084K) is below minimum threshold (26214K)
[2021-02-07T17:30:32.392+0300][214.704s][info][gc] GC(220) Concurrent reset 0.330ms
[2021-02-07T17:30:32.392+0300][214.705s][info][gc] GC(220) Pause Init Mark (process weakrefs) (unload classes) 0.119ms
[2021-02-07T17:30:32.713+0300][215.026s][info][gc] GC(220) Concurrent marking (process weakrefs) (unload classes) 320.665ms
[2021-02-07T17:30:32.713+0300][215.026s][info][gc] GC(220) Concurrent precleaning 0.115ms
[2021-02-07T17:30:32.718+0300][215.030s][info][gc] GC(220) Pause Final Mark (process weakrefs) (unload classes) 0.439ms
[2021-02-07T17:30:32.726+0300][215.038s][info][gc] GC(220) Concurrent weak roots 7.322ms
[2021-02-07T17:30:32.726+0300][215.038s][info][gc] GC(220) Concurrent cleanup 234M->234M(256M) 0.010ms
[2021-02-07T17:30:32.730+0300][215.042s][info][gc] GC(220) Concurrent class unloading 4.050ms
[2021-02-07T17:30:32.730+0300][215.042s][info][gc] GC(220) Concurrent strong roots 0.067ms
[2021-02-07T17:30:32.733+0300][215.046s][info][gc] GC(220) Concurrent evacuation 3.659ms
[2021-02-07T17:30:32.736+0300][215.048s][info][gc] GC(220) Pause Init Update Refs 0.010ms
[2021-02-07T17:30:32.868+0300][215.180s][info][gc] GC(220) Concurrent update references 131.749ms
[2021-02-07T17:30:32.869+0300][215.181s][info][gc] GC(220) Pause Final Update Refs 0.133ms
[2021-02-07T17:30:32.869+0300][215.181s][info][gc] GC(220) Concurrent cleanup 236M->225M(256M) 0.017ms
[2021-02-07T17:30:32.871+0300][215.183s][info][gc] Trigger: Free (18055K) is below minimum threshold (26214K)
[2021-02-07T17:30:32.871+0300][215.183s][info][gc] GC(221) Concurrent reset 0.313ms
[2021-02-07T17:30:32.871+0300][215.184s][info][gc] GC(221) Pause Init Mark (unload classes) 0.145ms
[2021-02-07T17:30:33.198+0300][215.510s][info][gc] GC(221) Concurrent marking (unload classes) 326.196ms
[2021-02-07T17:30:33.201+0300][215.513s][info][gc] GC(221) Pause Final Mark (unload classes) 0.434ms
[2021-02-07T17:30:33.209+0300][215.521s][info][gc] GC(221) Concurrent weak roots 7.316ms
[2021-02-07T17:30:33.209+0300][215.521s][info][gc] GC(221) Concurrent cleanup 233M->233M(256M) 0.011ms
[2021-02-07T17:30:33.213+0300][215.525s][info][gc] GC(221) Concurrent class unloading 4.070ms
[2021-02-07T17:30:33.213+0300][215.525s][info][gc] GC(221) Concurrent strong roots 0.133ms
[2021-02-07T17:30:33.217+0300][215.529s][info][gc] GC(221) Concurrent evacuation 4.031ms
[2021-02-07T17:30:33.220+0300][215.532s][info][gc] GC(221) Pause Init Update Refs 0.009ms
[2021-02-07T17:30:33.349+0300][215.662s][info][gc] GC(221) Concurrent update references 129.470ms
[2021-02-07T17:30:33.366+0300][215.678s][info][gc] GC(221) Pause Final Update Refs 0.091ms
[2021-02-07T17:30:33.366+0300][215.678s][info][gc] GC(221) Concurrent cleanup 236M->225M(256M) 0.021ms
[2021-02-07T17:30:33.382+0300][215.694s][info][gc] Trigger: Free (17828K) is below minimum threshold (26214K)
[2021-02-07T17:30:33.382+0300][215.694s][info][gc] GC(222) Concurrent reset 0.374ms
[2021-02-07T17:30:33.382+0300][215.695s][info][gc] GC(222) Pause Init Mark (unload classes) 0.108ms
[2021-02-07T17:30:33.687+0300][216.000s][info][gc] GC(222) Concurrent marking (unload classes) 304.960ms
[2021-02-07T17:30:33.693+0300][216.004s][info][gc] GC(222) Pause Final Mark (unload classes) 0.415ms
[2021-02-07T17:30:33.700+0300][216.012s][info][gc] GC(222) Concurrent weak roots 7.331ms
[2021-02-07T17:30:33.700+0300][216.012s][info][gc] GC(222) Concurrent cleanup 233M->233M(256M) 0.016ms
[2021-02-07T17:30:33.702+0300][216.014s][info][gc] GC(222) Concurrent class unloading 2.330ms
[2021-02-07T17:30:33.702+0300][216.014s][info][gc] GC(222) Concurrent strong roots 0.129ms
[2021-02-07T17:30:33.706+0300][216.019s][info][gc] GC(222) Concurrent evacuation 4.202ms
[2021-02-07T17:30:33.709+0300][216.021s][info][gc] GC(222) Pause Init Update Refs 0.008ms
[2021-02-07T17:30:33.840+0300][216.153s][info][gc] GC(222) Concurrent update references 131.402ms
[2021-02-07T17:30:33.844+0300][216.155s][info][gc] GC(222) Pause Final Update Refs 0.120ms
[2021-02-07T17:30:33.844+0300][216.155s][info][gc] GC(222) Concurrent cleanup 236M->225M(256M) 0.017ms
[2021-02-07T17:30:33.845+0300][216.157s][info][gc] Trigger: Free (18070K) is below minimum threshold (26214K)
[2021-02-07T17:30:33.845+0300][216.157s][info][gc] GC(223) Concurrent reset 0.281ms
[2021-02-07T17:30:33.845+0300][216.158s][info][gc] GC(223) Pause Init Mark (unload classes) 0.121ms
[2021-02-07T17:30:34.152+0300][216.464s][info][gc] GC(223) Concurrent marking (unload classes) 306.203ms
[2021-02-07T17:30:34.156+0300][216.468s][info][gc] GC(223) Pause Final Mark (unload classes) 0.416ms
[2021-02-07T17:30:34.166+0300][216.478s][info][gc] GC(223) Concurrent weak roots 9.361ms
[2021-02-07T17:30:34.166+0300][216.478s][info][gc] GC(223) Concurrent cleanup 234M->234M(256M) 0.039ms
[2021-02-07T17:30:34.168+0300][216.481s][info][gc] GC(223) Concurrent class unloading 2.549ms
[2021-02-07T17:30:34.168+0300][216.481s][info][gc] GC(223) Concurrent strong roots 0.133ms
[2021-02-07T17:30:34.172+0300][216.484s][info][gc] GC(223) Concurrent evacuation 3.464ms
[2021-02-07T17:30:34.173+0300][216.485s][info][gc] GC(223) Pause Init Update Refs 0.008ms
[2021-02-07T17:30:34.303+0300][216.615s][info][gc] GC(223) Concurrent update references 130.203ms
[2021-02-07T17:30:34.304+0300][216.616s][info][gc] GC(223) Pause Final Update Refs 0.137ms
[2021-02-07T17:30:34.304+0300][216.616s][info][gc] GC(223) Concurrent cleanup 236M->225M(256M) 0.016ms
[2021-02-07T17:30:34.306+0300][216.618s][info][gc] Trigger: Free (17828K) is below minimum threshold (26214K)
[2021-02-07T17:30:34.306+0300][216.618s][info][gc] GC(224) Concurrent reset 0.316ms
[2021-02-07T17:30:34.306+0300][216.619s][info][gc] GC(224) Pause Init Mark (unload classes) 0.146ms
[2021-02-07T17:30:34.611+0300][216.923s][info][gc] GC(224) Concurrent marking (unload classes) 304.524ms
[2021-02-07T17:30:34.614+0300][216.926s][info][gc] GC(224) Pause Final Mark (unload classes) 0.425ms
[2021-02-07T17:30:34.622+0300][216.934s][info][gc] GC(224) Concurrent weak roots 7.374ms
[2021-02-07T17:30:34.622+0300][216.934s][info][gc] GC(224) Concurrent cleanup 233M->233M(256M) 0.010ms
[2021-02-07T17:30:34.626+0300][216.938s][info][gc] GC(224) Concurrent class unloading 4.050ms
[2021-02-07T17:30:34.626+0300][216.938s][info][gc] GC(224) Concurrent strong roots 0.134ms
[2021-02-07T17:30:34.630+0300][216.942s][info][gc] GC(224) Concurrent evacuation 3.814ms
[2021-02-07T17:30:34.631+0300][216.943s][info][gc] GC(224) Pause Init Update Refs 0.009ms
[2021-02-07T17:30:34.760+0300][217.072s][info][gc] GC(224) Concurrent update references 129.216ms
[2021-02-07T17:30:34.764+0300][217.075s][info][gc] GC(224) Pause Final Update Refs 0.141ms
[2021-02-07T17:30:34.764+0300][217.075s][info][gc] GC(224) Concurrent cleanup 236M->225M(256M) 0.016ms
[2021-02-07T17:30:34.765+0300][217.077s][info][gc] Trigger: Free (18340K) is below minimum threshold (26214K)
[2021-02-07T17:30:34.765+0300][217.077s][info][gc] GC(225) Concurrent reset 0.296ms
[2021-02-07T17:30:34.765+0300][217.078s][info][gc] GC(225) Pause Init Mark (process weakrefs) (unload classes) 0.143ms
[2021-02-07T17:30:35.075+0300][217.387s][info][gc] GC(225) Concurrent marking (process weakrefs) (unload classes) 309.063ms
[2021-02-07T17:30:35.075+0300][217.387s][info][gc] GC(225) Concurrent precleaning 0.112ms
[2021-02-07T17:30:35.080+0300][217.392s][info][gc] GC(225) Pause Final Mark (process weakrefs) (unload classes) 0.399ms
[2021-02-07T17:30:35.086+0300][217.398s][info][gc] GC(225) Concurrent weak roots 5.340ms
[2021-02-07T17:30:35.086+0300][217.398s][info][gc] GC(225) Concurrent cleanup 232M->232M(256M) 0.011ms
[2021-02-07T17:30:35.088+0300][217.400s][info][gc] GC(225) Concurrent class unloading 2.176ms
[2021-02-07T17:30:35.088+0300][217.400s][info][gc] GC(225) Concurrent strong roots 0.099ms
[2021-02-07T17:30:35.092+0300][217.405s][info][gc] GC(225) Concurrent evacuation 4.312ms
[2021-02-07T17:30:35.095+0300][217.407s][info][gc] GC(225) Pause Init Update Refs 0.009ms
[2021-02-07T17:30:35.225+0300][217.538s][info][gc] GC(225) Concurrent update references 130.375ms
[2021-02-07T17:30:35.228+0300][217.540s][info][gc] GC(225) Pause Final Update Refs 0.138ms
[2021-02-07T17:30:35.228+0300][217.540s][info][gc] GC(225) Concurrent cleanup 236M->225M(256M) 0.016ms
[2021-02-07T17:30:35.230+0300][217.542s][info][gc] Trigger: Free (18084K) is below minimum threshold (26214K)
[2021-02-07T17:30:35.230+0300][217.542s][info][gc] GC(226) Concurrent reset 0.313ms
[2021-02-07T17:30:35.230+0300][217.543s][info][gc] GC(226) Pause Init Mark (unload classes) 0.148ms
[2021-02-07T17:30:35.536+0300][217.848s][info][gc] GC(226) Concurrent marking (unload classes) 305.136ms
[2021-02-07T17:30:35.539+0300][217.851s][info][gc] GC(226) Pause Final Mark (unload classes) 0.409ms
[2021-02-07T17:30:35.550+0300][217.862s][info][gc] GC(226) Concurrent weak roots 10.289ms
[2021-02-07T17:30:35.550+0300][217.862s][info][gc] GC(226) Concurrent cleanup 233M->233M(256M) 0.018ms
[2021-02-07T17:30:35.551+0300][217.864s][info][gc] GC(226) Concurrent class unloading 1.830ms
[2021-02-07T17:30:35.552+0300][217.864s][info][gc] GC(226) Concurrent strong roots 0.111ms
[2021-02-07T17:30:35.555+0300][217.868s][info][gc] GC(226) Concurrent evacuation 3.794ms
[2021-02-07T17:30:35.556+0300][217.868s][info][gc] GC(226) Pause Init Update Refs 0.009ms
[2021-02-07T17:30:35.685+0300][217.997s][info][gc] GC(226) Concurrent update references 129.047ms
[2021-02-07T17:30:35.686+0300][217.998s][info][gc] GC(226) Pause Final Update Refs 0.177ms
[2021-02-07T17:30:35.686+0300][217.998s][info][gc] GC(226) Concurrent cleanup 236M->225M(256M) 0.015ms
[2021-02-07T17:30:35.688+0300][218.000s][info][gc] Trigger: Free (18340K) is below minimum threshold (26214K)
[2021-02-07T17:30:35.688+0300][218.000s][info][gc] GC(227) Concurrent reset 0.309ms
[2021-02-07T17:30:35.688+0300][218.001s][info][gc] GC(227) Pause Init Mark (unload classes) 0.144ms
[2021-02-07T17:30:35.995+0300][218.307s][info][gc] GC(227) Concurrent marking (unload classes) 306.457ms
[2021-02-07T17:30:35.998+0300][218.310s][info][gc] GC(227) Pause Final Mark (unload classes) 0.438ms
[2021-02-07T17:30:36.006+0300][218.318s][info][gc] GC(227) Concurrent weak roots 7.282ms
[2021-02-07T17:30:36.006+0300][218.318s][info][gc] GC(227) Concurrent cleanup 232M->232M(256M) 0.014ms
[2021-02-07T17:30:36.008+0300][218.320s][info][gc] GC(227) Concurrent class unloading 2.445ms
[2021-02-07T17:30:36.008+0300][218.321s][info][gc] GC(227) Concurrent strong roots 0.135ms
[2021-02-07T17:30:36.012+0300][218.325s][info][gc] GC(227) Concurrent evacuation 4.110ms
[2021-02-07T17:30:36.015+0300][218.327s][info][gc] GC(227) Pause Init Update Refs 0.009ms
[2021-02-07T17:30:36.145+0300][218.457s][info][gc] GC(227) Concurrent update references 129.710ms
[2021-02-07T17:30:36.148+0300][218.460s][info][gc] GC(227) Pause Final Update Refs 0.138ms
[2021-02-07T17:30:36.148+0300][218.460s][info][gc] GC(227) Concurrent cleanup 236M->225M(256M) 0.016ms
[2021-02-07T17:30:36.150+0300][218.462s][info][gc] Trigger: Free (18090K) is below minimum threshold (26214K)
[2021-02-07T17:30:36.150+0300][218.462s][info][gc] GC(228) Concurrent reset 0.319ms
[2021-02-07T17:30:36.150+0300][218.463s][info][gc] GC(228) Pause Init Mark (unload classes) 0.146ms
[2021-02-07T17:30:36.457+0300][218.769s][info][gc] GC(228) Concurrent marking (unload classes) 306.614ms
[2021-02-07T17:30:36.459+0300][218.771s][info][gc] GC(228) Pause Final Mark (unload classes) 0.415ms
[2021-02-07T17:30:36.466+0300][218.778s][info][gc] GC(228) Concurrent weak roots 6.950ms
[2021-02-07T17:30:36.466+0300][218.778s][info][gc] GC(228) Concurrent cleanup 233M->233M(256M) 0.013ms
[2021-02-07T17:30:36.470+0300][218.782s][info][gc] GC(228) Concurrent class unloading 4.070ms
[2021-02-07T17:30:36.470+0300][218.782s][info][gc] GC(228) Concurrent strong roots 0.138ms
[2021-02-07T17:30:36.474+0300][218.786s][info][gc] GC(228) Concurrent evacuation 3.829ms
[2021-02-07T17:30:36.477+0300][218.789s][info][gc] GC(228) Pause Init Update Refs 0.009ms
[2021-02-07T17:30:36.609+0300][218.922s][info][gc] GC(228) Concurrent update references 132.589ms
[2021-02-07T17:30:36.611+0300][218.923s][info][gc] GC(228) Pause Final Update Refs 0.138ms
[2021-02-07T17:30:36.611+0300][218.923s][info][gc] GC(228) Concurrent cleanup 236M->225M(256M) 0.016ms
[2021-02-07T17:30:36.613+0300][218.925s][info][gc] Trigger: Free (18340K) is below minimum threshold (26214K)
[2021-02-07T17:30:36.613+0300][218.925s][info][gc] GC(229) Concurrent reset 0.311ms
[2021-02-07T17:30:36.613+0300][218.926s][info][gc] GC(229) Pause Init Mark (unload classes) 0.133ms
[2021-02-07T17:30:36.919+0300][219.231s][info][gc] GC(229) Concurrent marking (unload classes) 305.549ms
[2021-02-07T17:30:36.923+0300][219.234s][info][gc] GC(229) Pause Final Mark (unload classes) 0.411ms
[2021-02-07T17:30:36.930+0300][219.242s][info][gc] GC(229) Concurrent weak roots 7.319ms
[2021-02-07T17:30:36.930+0300][219.242s][info][gc] GC(229) Concurrent cleanup 233M->233M(256M) 0.010ms
[2021-02-07T17:30:36.932+0300][219.245s][info][gc] GC(229) Concurrent class unloading 2.688ms
[2021-02-07T17:30:36.933+0300][219.245s][info][gc] GC(229) Concurrent strong roots 0.103ms
[2021-02-07T17:30:36.936+0300][219.249s][info][gc] GC(229) Concurrent evacuation 3.760ms
[2021-02-07T17:30:36.937+0300][219.249s][info][gc] GC(229) Pause Init Update Refs 0.009ms
[2021-02-07T17:30:37.070+0300][219.382s][info][gc] GC(229) Concurrent update references 133.356ms
[2021-02-07T17:30:37.073+0300][219.385s][info][gc] GC(229) Pause Final Update Refs 0.121ms
[2021-02-07T17:30:37.073+0300][219.385s][info][gc] GC(229) Concurrent cleanup 236M->225M(256M) 0.017ms
[2021-02-07T17:30:37.075+0300][219.387s][info][gc] Trigger: Free (18252K) is below minimum threshold (26214K)
[2021-02-07T17:30:37.075+0300][219.387s][info][gc] GC(230) Concurrent reset 0.313ms
[2021-02-07T17:30:37.075+0300][219.388s][info][gc] GC(230) Pause Init Mark (process weakrefs) (unload classes) 0.112ms
[2021-02-07T17:30:37.380+0300][219.693s][info][gc] GC(230) Concurrent marking (process weakrefs) (unload classes) 304.912ms
[2021-02-07T17:30:37.381+0300][219.693s][info][gc] GC(230) Concurrent precleaning 0.129ms
[2021-02-07T17:30:37.385+0300][219.697s][info][gc] GC(230) Pause Final Mark (process weakrefs) (unload classes) 0.439ms
[2021-02-07T17:30:37.393+0300][219.705s][info][gc] GC(230) Concurrent weak roots 7.300ms
[2021-02-07T17:30:37.393+0300][219.705s][info][gc] GC(230) Concurrent cleanup 233M->233M(256M) 0.010ms
[2021-02-07T17:30:37.395+0300][219.708s][info][gc] GC(230) Concurrent class unloading 2.687ms
[2021-02-07T17:30:37.395+0300][219.708s][info][gc] GC(230) Concurrent strong roots 0.104ms
[2021-02-07T17:30:37.399+0300][219.712s][info][gc] GC(230) Concurrent evacuation 3.871ms
[2021-02-07T17:30:37.403+0300][219.715s][info][gc] GC(230) Pause Init Update Refs 0.009ms
[2021-02-07T17:30:37.532+0300][219.845s][info][gc] GC(230) Concurrent update references 129.512ms
[2021-02-07T17:30:37.535+0300][219.847s][info][gc] GC(230) Pause Final Update Refs 0.138ms
[2021-02-07T17:30:37.535+0300][219.847s][info][gc] GC(230) Concurrent cleanup 236M->225M(256M) 0.015ms
[2021-02-07T17:30:37.537+0300][219.849s][info][gc] Trigger: Free (18340K) is below minimum threshold (26214K)
[2021-02-07T17:30:37.537+0300][219.849s][info][gc] GC(231) Concurrent reset 0.310ms
[2021-02-07T17:30:37.537+0300][219.850s][info][gc] GC(231) Pause Init Mark (unload classes) 0.150ms
[2021-02-07T17:30:37.857+0300][220.169s][info][gc] GC(231) Concurrent marking (unload classes) 319.607ms
[2021-02-07T17:30:37.859+0300][220.171s][info][gc] GC(231) Pause Final Mark (unload classes) 0.411ms
[2021-02-07T17:30:37.866+0300][220.178s][info][gc] GC(231) Concurrent weak roots 6.758ms
[2021-02-07T17:30:37.866+0300][220.178s][info][gc] GC(231) Concurrent cleanup 233M->233M(256M) 0.012ms
[2021-02-07T17:30:37.870+0300][220.182s][info][gc] GC(231) Concurrent class unloading 4.052ms
[2021-02-07T17:30:37.870+0300][220.182s][info][gc] GC(231) Concurrent strong roots 0.132ms
[2021-02-07T17:30:37.874+0300][220.186s][info][gc] GC(231) Concurrent evacuation 3.930ms
[2021-02-07T17:30:37.877+0300][220.189s][info][gc] GC(231) Pause Init Update Refs 0.008ms
[2021-02-07T17:30:38.009+0300][220.321s][info][gc] GC(231) Concurrent update references 132.121ms
[2021-02-07T17:30:38.010+0300][220.322s][info][gc] GC(231) Pause Final Update Refs 0.138ms
[2021-02-07T17:30:38.010+0300][220.322s][info][gc] GC(231) Concurrent cleanup 236M->225M(256M) 0.017ms
[2021-02-07T17:30:38.012+0300][220.324s][info][gc] Trigger: Free (18266K) is below minimum threshold (26214K)
[2021-02-07T17:30:38.012+0300][220.324s][info][gc] GC(232) Concurrent reset 0.317ms
[2021-02-07T17:30:38.012+0300][220.325s][info][gc] GC(232) Pause Init Mark (unload classes) 0.145ms
[2021-02-07T17:30:38.333+0300][220.645s][info][gc] GC(232) Concurrent marking (unload classes) 320.460ms
[2021-02-07T17:30:38.337+0300][220.649s][info][gc] GC(232) Pause Final Mark (unload classes) 0.425ms
[2021-02-07T17:30:38.345+0300][220.657s][info][gc] GC(232) Concurrent weak roots 7.311ms
[2021-02-07T17:30:38.345+0300][220.657s][info][gc] GC(232) Concurrent cleanup 233M->233M(256M) 0.010ms
[2021-02-07T17:30:38.347+0300][220.660s][info][gc] GC(232) Concurrent class unloading 2.612ms
[2021-02-07T17:30:38.347+0300][220.660s][info][gc] GC(232) Concurrent strong roots 0.135ms
[2021-02-07T17:30:38.352+0300][220.664s][info][gc] GC(232) Concurrent evacuation 4.048ms
[2021-02-07T17:30:38.356+0300][220.667s][info][gc] GC(232) Pause Init Update Refs 0.009ms
[2021-02-07T17:30:38.484+0300][220.797s][info][gc] GC(232) Concurrent update references 129.351ms
[2021-02-07T17:30:38.487+0300][220.799s][info][gc] GC(232) Pause Final Update Refs 0.116ms
[2021-02-07T17:30:38.487+0300][220.799s][info][gc] GC(232) Concurrent cleanup 236M->224M(256M) 0.017ms
[2021-02-07T17:30:38.489+0300][220.801s][info][gc] Trigger: Free (18354K) is below minimum threshold (26214K)
[2021-02-07T17:30:38.489+0300][220.801s][info][gc] GC(233) Concurrent reset 0.312ms
[2021-02-07T17:30:38.489+0300][220.802s][info][gc] GC(233) Pause Init Mark (unload classes) 0.125ms
[2021-02-07T17:30:38.810+0300][221.122s][info][gc] GC(233) Concurrent marking (unload classes) 320.566ms
[2021-02-07T17:30:38.824+0300][221.136s][info][gc] GC(233) Pause Final Mark (unload classes) 0.427ms
[2021-02-07T17:30:38.832+0300][221.144s][info][gc] GC(233) Concurrent weak roots 7.304ms
[2021-02-07T17:30:38.832+0300][221.144s][info][gc] GC(233) Concurrent cleanup 233M->233M(256M) 0.010ms
[2021-02-07T17:30:38.835+0300][221.147s][info][gc] GC(233) Concurrent class unloading 2.928ms
[2021-02-07T17:30:38.835+0300][221.147s][info][gc] GC(233) Concurrent strong roots 0.136ms
[2021-02-07T17:30:38.838+0300][221.151s][info][gc] GC(233) Concurrent evacuation 3.653ms
[2021-02-07T17:30:38.839+0300][221.151s][info][gc] GC(233) Pause Init Update Refs 0.009ms
[2021-02-07T17:30:38.971+0300][221.283s][info][gc] GC(233) Concurrent update references 132.132ms
[2021-02-07T17:30:38.972+0300][221.284s][info][gc] GC(233) Pause Final Update Refs 0.138ms
[2021-02-07T17:30:38.972+0300][221.284s][info][gc] GC(233) Concurrent cleanup 236M->225M(256M) 0.016ms
[2021-02-07T17:30:38.974+0300][221.286s][info][gc] Trigger: Free (18252K) is below minimum threshold (26214K)
[2021-02-07T17:30:38.974+0300][221.286s][info][gc] GC(234) Concurrent reset 0.278ms
[2021-02-07T17:30:38.974+0300][221.287s][info][gc] GC(234) Pause Init Mark (unload classes) 0.146ms
[2021-02-07T17:30:39.279+0300][221.591s][info][gc] GC(234) Concurrent marking (unload classes) 304.591ms
[2021-02-07T17:30:39.282+0300][221.594s][info][gc] GC(234) Pause Final Mark (unload classes) 0.403ms
[2021-02-07T17:30:39.290+0300][221.602s][info][gc] GC(234) Concurrent weak roots 7.327ms
[2021-02-07T17:30:39.290+0300][221.602s][info][gc] GC(234) Concurrent cleanup 233M->233M(256M) 0.010ms
[2021-02-07T17:30:39.294+0300][221.606s][info][gc] GC(234) Concurrent class unloading 4.088ms
[2021-02-07T17:30:39.294+0300][221.606s][info][gc] GC(234) Concurrent strong roots 0.101ms
[2021-02-07T17:30:39.297+0300][221.610s][info][gc] GC(234) Concurrent evacuation 3.596ms
[2021-02-07T17:30:39.301+0300][221.613s][info][gc] GC(234) Pause Init Update Refs 0.011ms
[2021-02-07T17:30:39.430+0300][221.742s][info][gc] GC(234) Concurrent update references 129.183ms
[2021-02-07T17:30:39.433+0300][221.745s][info][gc] GC(234) Pause Final Update Refs 0.137ms
[2021-02-07T17:30:39.433+0300][221.745s][info][gc] GC(234) Concurrent cleanup 236M->225M(256M) 0.017ms
[2021-02-07T17:30:39.435+0300][221.747s][info][gc] Trigger: Free (18340K) is below minimum threshold (26214K)
[2021-02-07T17:30:39.435+0300][221.747s][info][gc] GC(235) Concurrent reset 0.311ms
[2021-02-07T17:30:39.435+0300][221.748s][info][gc] GC(235) Pause Init Mark (process weakrefs) (unload classes) 0.148ms
[2021-02-07T17:30:39.741+0300][222.053s][info][gc] GC(235) Concurrent marking (process weakrefs) (unload classes) 305.385ms
[2021-02-07T17:30:39.741+0300][222.053s][info][gc] GC(235) Concurrent precleaning 0.142ms
[2021-02-07T17:30:39.745+0300][222.057s][info][gc] GC(235) Pause Final Mark (process weakrefs) (unload classes) 0.446ms
[2021-02-07T17:30:39.758+0300][222.070s][info][gc] GC(235) Concurrent weak roots 12.296ms
[2021-02-07T17:30:39.758+0300][222.070s][info][gc] GC(235) Concurrent cleanup 233M->233M(256M) 0.021ms
[2021-02-07T17:30:39.760+0300][222.072s][info][gc] GC(235) Concurrent class unloading 2.518ms
[2021-02-07T17:30:39.760+0300][222.073s][info][gc] GC(235) Concurrent strong roots 0.133ms
[2021-02-07T17:30:39.764+0300][222.076s][info][gc] GC(235) Concurrent evacuation 3.418ms
[2021-02-07T17:30:39.764+0300][222.077s][info][gc] GC(235) Pause Init Update Refs 0.009ms
[2021-02-07T17:30:39.895+0300][222.207s][info][gc] GC(235) Concurrent update references 130.636ms
[2021-02-07T17:30:39.898+0300][222.210s][info][gc] GC(235) Pause Final Update Refs 0.143ms
[2021-02-07T17:30:39.898+0300][222.210s][info][gc] GC(235) Concurrent cleanup 236M->225M(256M) 0.016ms
[2021-02-07T17:30:39.900+0300][222.212s][info][gc] Trigger: Free (18270K) is below minimum threshold (26214K)
[2021-02-07T17:30:39.900+0300][222.212s][info][gc] GC(236) Concurrent reset 0.426ms
[2021-02-07T17:30:39.901+0300][222.213s][info][gc] GC(236) Pause Init Mark (unload classes) 0.147ms
[2021-02-07T17:30:40.229+0300][222.541s][info][gc] GC(236) Concurrent marking (unload classes) 328.017ms
[2021-02-07T17:30:40.236+0300][222.548s][info][gc] GC(236) Pause Final Mark (unload classes) 0.413ms
[2021-02-07T17:30:40.244+0300][222.556s][info][gc] GC(236) Concurrent weak roots 7.293ms
[2021-02-07T17:30:40.244+0300][222.556s][info][gc] GC(236) Concurrent cleanup 233M->233M(256M) 0.010ms
[2021-02-07T17:30:40.246+0300][222.559s][info][gc] GC(236) Concurrent class unloading 2.575ms
[2021-02-07T17:30:40.246+0300][222.559s][info][gc] GC(236) Concurrent strong roots 0.131ms
[2021-02-07T17:30:40.250+0300][222.563s][info][gc] GC(236) Concurrent evacuation 3.887ms
[2021-02-07T17:30:40.253+0300][222.565s][info][gc] GC(236) Pause Init Update Refs 0.010ms
[2021-02-07T17:30:40.383+0300][222.695s][info][gc] GC(236) Concurrent update references 130.327ms
[2021-02-07T17:30:40.384+0300][222.696s][info][gc] GC(236) Pause Final Update Refs 0.122ms
[2021-02-07T17:30:40.384+0300][222.696s][info][gc] GC(236) Concurrent cleanup 236M->225M(256M) 0.017ms
[2021-02-07T17:30:40.386+0300][222.698s][info][gc] Trigger: Free (18340K) is below minimum threshold (26214K)
[2021-02-07T17:30:40.386+0300][222.698s][info][gc] GC(237) Concurrent reset 0.313ms
[2021-02-07T17:30:40.386+0300][222.699s][info][gc] GC(237) Pause Init Mark (unload classes) 0.116ms
[2021-02-07T17:30:40.692+0300][223.004s][info][gc] GC(237) Concurrent marking (unload classes) 305.588ms
[2021-02-07T17:30:40.693+0300][223.005s][info][gc] GC(237) Pause Final Mark (unload classes) 0.425ms
[2021-02-07T17:30:40.700+0300][223.012s][info][gc] GC(237) Concurrent weak roots 6.662ms
[2021-02-07T17:30:40.700+0300][223.012s][info][gc] GC(237) Concurrent cleanup 233M->233M(256M) 0.010ms
[2021-02-07T17:30:40.704+0300][223.016s][info][gc] GC(237) Concurrent class unloading 4.019ms
[2021-02-07T17:30:40.704+0300][223.016s][info][gc] GC(237) Concurrent strong roots 0.100ms
[2021-02-07T17:30:40.708+0300][223.020s][info][gc] GC(237) Concurrent evacuation 3.865ms
[2021-02-07T17:30:40.711+0300][223.023s][info][gc] GC(237) Pause Init Update Refs 0.009ms
[2021-02-07T17:30:40.840+0300][223.153s][info][gc] GC(237) Concurrent update references 129.393ms
[2021-02-07T17:30:40.841+0300][223.154s][info][gc] GC(237) Pause Final Update Refs 0.142ms
[2021-02-07T17:30:40.842+0300][223.154s][info][gc] GC(237) Concurrent cleanup 236M->225M(256M) 0.015ms
[2021-02-07T17:30:40.850+0300][223.162s][info][gc] Trigger: Free (18311K) is below minimum threshold (26214K)
[2021-02-07T17:30:40.850+0300][223.162s][info][gc] GC(238) Concurrent reset 0.310ms
[2021-02-07T17:30:40.851+0300][223.163s][info][gc] GC(238) Pause Init Mark (unload classes) 0.141ms
[2021-02-07T17:30:41.189+0300][223.501s][info][gc] GC(238) Concurrent marking (unload classes) 338.389ms
[2021-02-07T17:30:41.200+0300][223.512s][info][gc] GC(238) Pause Final Mark (unload classes) 0.331ms
[2021-02-07T17:30:41.216+0300][223.528s][info][gc] GC(238) Concurrent weak roots 15.447ms
[2021-02-07T17:30:41.216+0300][223.528s][info][gc] GC(238) Concurrent cleanup 232M->232M(256M) 0.014ms
[2021-02-07T17:30:41.232+0300][223.544s][info][gc] GC(238) Concurrent class unloading 16.082ms
[2021-02-07T17:30:41.232+0300][223.544s][info][gc] GC(238) Concurrent strong roots 0.124ms
[2021-02-07T17:30:41.236+0300][223.549s][info][gc] GC(238) Concurrent evacuation 4.394ms
[2021-02-07T17:30:41.249+0300][223.560s][info][gc] GC(238) Pause Init Update Refs 0.010ms
[2021-02-07T17:30:41.392+0300][223.704s][info][gc] GC(238) Concurrent update references 143.437ms
[2021-02-07T17:30:41.395+0300][223.706s][info][gc] GC(238) Pause Final Update Refs 0.120ms
[2021-02-07T17:30:41.395+0300][223.706s][info][gc] GC(238) Concurrent cleanup 236M->225M(256M) 0.017ms
[2021-02-07T17:30:41.397+0300][223.708s][info][gc] Trigger: Free (18346K) is below minimum threshold (26214K)
[2021-02-07T17:30:41.397+0300][223.708s][info][gc] GC(239) Concurrent reset 0.282ms
[2021-02-07T17:30:41.397+0300][223.709s][info][gc] GC(239) Pause Init Mark (unload classes) 0.120ms
[2021-02-07T17:30:41.719+0300][224.030s][info][gc] GC(239) Concurrent marking (unload classes) 321.520ms
[2021-02-07T17:30:41.724+0300][224.036s][info][gc] GC(239) Pause Final Mark (unload classes) 0.434ms
[2021-02-07T17:30:41.732+0300][224.043s][info][gc] GC(239) Concurrent weak roots 7.304ms
[2021-02-07T17:30:41.732+0300][224.043s][info][gc] GC(239) Concurrent cleanup 233M->233M(256M) 0.012ms
[2021-02-07T17:30:41.736+0300][224.047s][info][gc] GC(239) Concurrent class unloading 4.045ms
[2021-02-07T17:30:41.736+0300][224.047s][info][gc] GC(239) Concurrent strong roots 0.131ms
[2021-02-07T17:30:41.739+0300][224.051s][info][gc] GC(239) Concurrent evacuation 3.548ms
[2021-02-07T17:30:41.742+0300][224.053s][info][gc] GC(239) Pause Init Update Refs 0.009ms
[2021-02-07T17:30:41.882+0300][224.193s][info][gc] GC(239) Concurrent update references 139.662ms
[2021-02-07T17:30:41.885+0300][224.196s][info][gc] GC(239) Pause Final Update Refs 0.120ms
[2021-02-07T17:30:41.885+0300][224.196s][info][gc] GC(239) Concurrent cleanup 236M->224M(256M) 0.019ms
[2021-02-07T17:30:41.887+0300][224.198s][info][gc] Trigger: Free (18567K) is below minimum threshold (26214K)
[2021-02-07T17:30:41.887+0300][224.198s][info][gc] GC(240) Concurrent reset 0.280ms
[2021-02-07T17:30:41.887+0300][224.199s][info][gc] GC(240) Pause Init Mark (process weakrefs) (unload classes) 0.110ms
[2021-02-07T17:30:42.207+0300][224.519s][info][gc] GC(240) Concurrent marking (process weakrefs) (unload classes) 320.082ms
[2021-02-07T17:30:42.208+0300][224.519s][info][gc] GC(240) Concurrent precleaning 0.144ms
[2021-02-07T17:30:42.211+0300][224.523s][info][gc] GC(240) Pause Final Mark (process weakrefs) (unload classes) 0.435ms
[2021-02-07T17:30:42.219+0300][224.530s][info][gc] GC(240) Concurrent weak roots 7.349ms
[2021-02-07T17:30:42.219+0300][224.530s][info][gc] GC(240) Concurrent cleanup 233M->233M(256M) 0.011ms
[2021-02-07T17:30:42.223+0300][224.534s][info][gc] GC(240) Concurrent class unloading 4.091ms
[2021-02-07T17:30:42.223+0300][224.534s][info][gc] GC(240) Concurrent strong roots 0.135ms
[2021-02-07T17:30:42.227+0300][224.538s][info][gc] GC(240) Concurrent evacuation 3.771ms
[2021-02-07T17:30:42.230+0300][224.541s][info][gc] GC(240) Pause Init Update Refs 0.009ms
[2021-02-07T17:30:42.359+0300][224.670s][info][gc] GC(240) Concurrent update references 129.142ms
[2021-02-07T17:30:42.362+0300][224.673s][info][gc] GC(240) Pause Final Update Refs 0.137ms
[2021-02-07T17:30:42.362+0300][224.673s][info][gc] GC(240) Concurrent cleanup 236M->225M(256M) 0.015ms
[2021-02-07T17:30:42.364+0300][224.675s][info][gc] Trigger: Free (18340K) is below minimum threshold (26214K)
[2021-02-07T17:30:42.364+0300][224.675s][info][gc] GC(241) Concurrent reset 0.311ms
[2021-02-07T17:30:42.364+0300][224.676s][info][gc] GC(241) Pause Init Mark (unload classes) 0.138ms
[2021-02-07T17:30:42.681+0300][224.992s][info][gc] GC(241) Concurrent marking (unload classes) 316.148ms
[2021-02-07T17:30:42.682+0300][224.993s][info][gc] GC(241) Pause Final Mark (unload classes) 0.450ms
[2021-02-07T17:30:42.689+0300][225.000s][info][gc] GC(241) Concurrent weak roots 6.799ms
[2021-02-07T17:30:42.689+0300][225.000s][info][gc] GC(241) Concurrent cleanup 233M->233M(256M) 0.010ms
[2021-02-07T17:30:42.693+0300][225.004s][info][gc] GC(241) Concurrent class unloading 4.088ms
[2021-02-07T17:30:42.693+0300][225.004s][info][gc] GC(241) Concurrent strong roots 0.104ms
[2021-02-07T17:30:42.696+0300][225.008s][info][gc] GC(241) Concurrent evacuation 3.592ms
[2021-02-07T17:30:42.699+0300][225.010s][info][gc] GC(241) Pause Init Update Refs 0.009ms
[2021-02-07T17:30:42.828+0300][225.140s][info][gc] GC(241) Concurrent update references 129.319ms
[2021-02-07T17:30:42.829+0300][225.140s][info][gc] GC(241) Pause Final Update Refs 0.142ms
[2021-02-07T17:30:42.829+0300][225.140s][info][gc] GC(241) Concurrent cleanup 236M->225M(256M) 0.017ms
[2021-02-07T17:30:42.831+0300][225.142s][info][gc] Trigger: Free (18325K) is below minimum threshold (26214K)
[2021-02-07T17:30:42.831+0300][225.142s][info][gc] GC(242) Concurrent reset 0.312ms
[2021-02-07T17:30:42.831+0300][225.143s][info][gc] GC(242) Pause Init Mark (unload classes) 0.147ms
[2021-02-07T17:30:43.140+0300][225.451s][info][gc] GC(242) Concurrent marking (unload classes) 308.050ms
[2021-02-07T17:30:43.143+0300][225.455s][info][gc] GC(242) Pause Final Mark (unload classes) 0.412ms
[2021-02-07T17:30:43.151+0300][225.462s][info][gc] GC(242) Concurrent weak roots 7.323ms
[2021-02-07T17:30:43.151+0300][225.462s][info][gc] GC(242) Concurrent cleanup 233M->233M(256M) 0.011ms
[2021-02-07T17:30:43.153+0300][225.465s][info][gc] GC(242) Concurrent class unloading 2.583ms
[2021-02-07T17:30:43.153+0300][225.465s][info][gc] GC(242) Concurrent strong roots 0.133ms
[2021-02-07T17:30:43.157+0300][225.469s][info][gc] GC(242) Concurrent evacuation 3.941ms
[2021-02-07T17:30:43.161+0300][225.472s][info][gc] GC(242) Pause Init Update Refs 0.009ms
[2021-02-07T17:30:43.291+0300][225.602s][info][gc] GC(242) Concurrent update references 129.850ms
[2021-02-07T17:30:43.299+0300][225.610s][info][gc] GC(242) Pause Final Update Refs 0.081ms
[2021-02-07T17:30:43.299+0300][225.610s][info][gc] GC(242) Concurrent cleanup 236M->225M(256M) 0.024ms
[2021-02-07T17:30:43.315+0300][225.626s][info][gc] Trigger: Free (18340K) is below minimum threshold (26214K)
[2021-02-07T17:30:43.315+0300][225.626s][info][gc] GC(243) Concurrent reset 0.287ms
[2021-02-07T17:30:43.315+0300][225.627s][info][gc] GC(243) Pause Init Mark (unload classes) 0.145ms
[2021-02-07T17:30:43.619+0300][225.931s][info][gc] GC(243) Concurrent marking (unload classes) 304.042ms
[2021-02-07T17:30:43.624+0300][225.936s][info][gc] GC(243) Pause Final Mark (unload classes) 0.423ms
[2021-02-07T17:30:43.632+0300][225.943s][info][gc] GC(243) Concurrent weak roots 7.306ms
[2021-02-07T17:30:43.632+0300][225.943s][info][gc] GC(243) Concurrent cleanup 232M->232M(256M) 0.011ms
[2021-02-07T17:30:43.634+0300][225.946s][info][gc] GC(243) Concurrent class unloading 2.520ms
[2021-02-07T17:30:43.634+0300][225.946s][info][gc] GC(243) Concurrent strong roots 0.130ms
[2021-02-07T17:30:43.638+0300][225.950s][info][gc] GC(243) Concurrent evacuation 3.976ms
[2021-02-07T17:30:43.641+0300][225.952s][info][gc] GC(243) Pause Init Update Refs 0.009ms
[2021-02-07T17:30:43.770+0300][226.082s][info][gc] GC(243) Concurrent update references 129.399ms
[2021-02-07T17:30:43.779+0300][226.090s][info][gc] GC(243) Pause Final Update Refs 0.077ms
[2021-02-07T17:30:43.779+0300][226.090s][info][gc] GC(243) Concurrent cleanup 235M->224M(256M) 0.021ms
[2021-02-07T17:30:43.795+0300][226.106s][info][gc] Trigger: Free (18823K) is below minimum threshold (26214K)
[2021-02-07T17:30:43.795+0300][226.107s][info][gc] GC(244) Concurrent reset 0.399ms
[2021-02-07T17:30:43.796+0300][226.107s][info][gc] GC(244) Pause Init Mark (unload classes) 0.139ms
[2021-02-07T17:30:44.102+0300][226.413s][info][gc] GC(244) Concurrent marking (unload classes) 305.935ms
[2021-02-07T17:30:44.102+0300][226.414s][info][gc] GC(244) Pause Final Mark (unload classes) 0.422ms
[2021-02-07T17:30:44.110+0300][226.421s][info][gc] GC(244) Concurrent weak roots 7.001ms
[2021-02-07T17:30:44.110+0300][226.421s][info][gc] GC(244) Concurrent cleanup 232M->232M(256M) 0.010ms
[2021-02-07T17:30:44.114+0300][226.425s][info][gc] GC(244) Concurrent class unloading 4.082ms
[2021-02-07T17:30:44.114+0300][226.425s][info][gc] GC(244) Concurrent strong roots 0.132ms
[2021-02-07T17:30:44.118+0300][226.429s][info][gc] GC(244) Concurrent evacuation 4.008ms
[2021-02-07T17:30:44.119+0300][226.430s][info][gc] GC(244) Pause Init Update Refs 0.009ms
[2021-02-07T17:30:44.248+0300][226.560s][info][gc] GC(244) Concurrent update references 129.516ms
[2021-02-07T17:30:44.252+0300][226.563s][info][gc] GC(244) Pause Final Update Refs 0.135ms
[2021-02-07T17:30:44.252+0300][226.563s][info][gc] GC(244) Concurrent cleanup 235M->224M(256M) 0.016ms
[2021-02-07T17:30:44.254+0300][226.565s][info][gc] Trigger: Free (18596K) is below minimum threshold (26214K)
[2021-02-07T17:30:44.254+0300][226.565s][info][gc] GC(245) Concurrent reset 0.313ms
[2021-02-07T17:30:44.254+0300][226.566s][info][gc] GC(245) Pause Init Mark (process weakrefs) (unload classes) 0.145ms
[2021-02-07T17:30:44.557+0300][226.869s][info][gc] GC(245) Concurrent marking (process weakrefs) (unload classes) 302.850ms
[2021-02-07T17:30:44.557+0300][226.869s][info][gc] GC(245) Concurrent precleaning 0.114ms
[2021-02-07T17:30:44.558+0300][226.870s][info][gc] GC(245) Pause Final Mark (process weakrefs) (unload classes) 0.589ms
[2021-02-07T17:30:44.564+0300][226.875s][info][gc] GC(245) Concurrent weak roots 5.128ms
[2021-02-07T17:30:44.564+0300][226.875s][info][gc] GC(245) Concurrent cleanup 231M->231M(256M) 0.011ms
[2021-02-07T17:30:44.566+0300][226.877s][info][gc] GC(245) Concurrent class unloading 2.145ms
[2021-02-07T17:30:44.566+0300][226.877s][info][gc] GC(245) Concurrent strong roots 0.130ms
[2021-02-07T17:30:44.571+0300][226.882s][info][gc] GC(245) Concurrent evacuation 4.661ms
[2021-02-07T17:30:44.574+0300][226.885s][info][gc] GC(245) Pause Init Update Refs 0.009ms
[2021-02-07T17:30:44.704+0300][227.015s][info][gc] GC(245) Concurrent update references 129.636ms
[2021-02-07T17:30:44.704+0300][227.016s][info][gc] GC(245) Pause Final Update Refs 0.136ms
[2021-02-07T17:30:44.705+0300][227.016s][info][gc] GC(245) Concurrent cleanup 235M->224M(256M) 0.020ms
[2021-02-07T17:30:44.707+0300][227.018s][info][gc] Trigger: Free (18852K) is below minimum threshold (26214K)
[2021-02-07T17:30:44.707+0300][227.018s][info][gc] GC(246) Concurrent reset 0.313ms
[2021-02-07T17:30:44.707+0300][227.019s][info][gc] GC(246) Pause Init Mark (unload classes) 0.137ms
[2021-02-07T17:30:45.031+0300][227.342s][info][gc] GC(246) Concurrent marking (unload classes) 323.448ms
[2021-02-07T17:30:45.032+0300][227.343s][info][gc] GC(246) Pause Final Mark (unload classes) 0.434ms
[2021-02-07T17:30:45.039+0300][227.350s][info][gc] GC(246) Concurrent weak roots 6.695ms
[2021-02-07T17:30:45.039+0300][227.350s][info][gc] GC(246) Concurrent cleanup 231M->231M(256M) 0.010ms
[2021-02-07T17:30:45.043+0300][227.354s][info][gc] GC(246) Concurrent class unloading 4.065ms
[2021-02-07T17:30:45.043+0300][227.354s][info][gc] GC(246) Concurrent strong roots 0.129ms
[2021-02-07T17:30:45.047+0300][227.359s][info][gc] GC(246) Concurrent evacuation 4.244ms
[2021-02-07T17:30:45.048+0300][227.359s][info][gc] GC(246) Pause Init Update Refs 0.009ms
[2021-02-07T17:30:45.178+0300][227.489s][info][gc] GC(246) Concurrent update references 129.485ms
[2021-02-07T17:30:45.179+0300][227.490s][info][gc] GC(246) Pause Final Update Refs 0.086ms
[2021-02-07T17:30:45.179+0300][227.490s][info][gc] GC(246) Concurrent cleanup 235M->224M(256M) 0.016ms
[2021-02-07T17:30:45.181+0300][227.492s][info][gc] Trigger: Free (18596K) is below minimum threshold (26214K)
[2021-02-07T17:30:45.181+0300][227.492s][info][gc] GC(247) Concurrent reset 0.314ms
[2021-02-07T17:30:45.181+0300][227.493s][info][gc] GC(247) Pause Init Mark (unload classes) 0.132ms
[2021-02-07T17:30:45.487+0300][227.798s][info][gc] GC(247) Concurrent marking (unload classes) 305.453ms
[2021-02-07T17:30:45.490+0300][227.802s][info][gc] GC(247) Pause Final Mark (unload classes) 0.417ms
[2021-02-07T17:30:45.508+0300][227.819s][info][gc] GC(247) Concurrent weak roots 17.273ms
[2021-02-07T17:30:45.508+0300][227.819s][info][gc] GC(247) Concurrent cleanup 232M->232M(256M) 0.012ms
[2021-02-07T17:30:45.523+0300][227.834s][info][gc] GC(247) Concurrent class unloading 15.072ms
[2021-02-07T17:30:45.523+0300][227.834s][info][gc] GC(247) Concurrent strong roots 0.181ms
[2021-02-07T17:30:45.527+0300][227.839s][info][gc] GC(247) Concurrent evacuation 4.318ms
[2021-02-07T17:30:45.539+0300][227.850s][info][gc] GC(247) Pause Init Update Refs 0.010ms
[2021-02-07T17:30:45.668+0300][227.980s][info][gc] GC(247) Concurrent update references 129.479ms
[2021-02-07T17:30:45.670+0300][227.981s][info][gc] GC(247) Pause Final Update Refs 0.117ms
[2021-02-07T17:30:45.670+0300][227.981s][info][gc] GC(247) Concurrent cleanup 235M->224M(256M) 0.016ms
[2021-02-07T17:30:45.672+0300][227.983s][info][gc] Trigger: Free (18852K) is below minimum threshold (26214K)
[2021-02-07T17:30:45.672+0300][227.983s][info][gc] GC(248) Concurrent reset 0.320ms
[2021-02-07T17:30:45.672+0300][227.984s][info][gc] GC(248) Pause Init Mark (unload classes) 0.127ms
[2021-02-07T17:30:45.997+0300][228.308s][info][gc] GC(248) Concurrent marking (unload classes) 324.559ms
[2021-02-07T17:30:46.000+0300][228.312s][info][gc] GC(248) Pause Final Mark (unload classes) 0.419ms
[2021-02-07T17:30:46.018+0300][228.329s][info][gc] GC(248) Concurrent weak roots 17.256ms
[2021-02-07T17:30:46.018+0300][228.329s][info][gc] GC(248) Concurrent cleanup 232M->232M(256M) 0.014ms
[2021-02-07T17:30:46.034+0300][228.345s][info][gc] GC(248) Concurrent class unloading 16.109ms
[2021-02-07T17:30:46.034+0300][228.345s][info][gc] GC(248) Concurrent strong roots 0.148ms
[2021-02-07T17:30:46.038+0300][228.350s][info][gc] GC(248) Concurrent evacuation 4.488ms
[2021-02-07T17:30:46.049+0300][228.360s][info][gc] GC(248) Pause Init Update Refs 0.009ms
[2021-02-07T17:30:46.180+0300][228.491s][info][gc] GC(248) Concurrent update references 131.080ms
[2021-02-07T17:30:46.183+0300][228.494s][info][gc] GC(248) Pause Final Update Refs 0.126ms
[2021-02-07T17:30:46.183+0300][228.494s][info][gc] GC(248) Concurrent cleanup 235M->224M(256M) 0.017ms
[2021-02-07T17:30:46.185+0300][228.496s][info][gc] Trigger: Free (18596K) is below minimum threshold (26214K)
[2021-02-07T17:30:46.185+0300][228.496s][info][gc] GC(249) Concurrent reset 0.318ms
[2021-02-07T17:30:46.185+0300][228.497s][info][gc] GC(249) Pause Init Mark (unload classes) 0.149ms
[2021-02-07T17:30:46.491+0300][228.802s][info][gc] GC(249) Concurrent marking (unload classes) 305.009ms
[2021-02-07T17:30:46.494+0300][228.806s][info][gc] GC(249) Pause Final Mark (unload classes) 0.419ms
[2021-02-07T17:30:46.502+0300][228.813s][info][gc] GC(249) Concurrent weak roots 7.374ms
[2021-02-07T17:30:46.502+0300][228.813s][info][gc] GC(249) Concurrent cleanup 232M->232M(256M) 0.013ms
[2021-02-07T17:30:46.504+0300][228.816s][info][gc] GC(249) Concurrent class unloading 2.450ms
[2021-02-07T17:30:46.504+0300][228.816s][info][gc] GC(249) Concurrent strong roots 0.129ms
[2021-02-07T17:30:46.508+0300][228.820s][info][gc] GC(249) Concurrent evacuation 3.936ms
[2021-02-07T17:30:46.511+0300][228.822s][info][gc] GC(249) Pause Init Update Refs 0.009ms
[2021-02-07T17:30:46.640+0300][228.951s][info][gc] GC(249) Concurrent update references 129.228ms
[2021-02-07T17:30:46.641+0300][228.953s][info][gc] GC(249) Pause Final Update Refs 0.145ms
[2021-02-07T17:30:46.641+0300][228.953s][info][gc] GC(249) Concurrent cleanup 235M->224M(256M) 0.016ms
[2021-02-07T17:30:46.655+0300][228.966s][info][gc] Trigger: Free (18852K) is below minimum threshold (26214K)
[2021-02-07T17:30:46.655+0300][228.966s][info][gc] GC(250) Concurrent reset 0.323ms
[2021-02-07T17:30:46.655+0300][228.967s][info][gc] GC(250) Pause Init Mark (process weakrefs) (unload classes) 0.149ms
[2021-02-07T17:30:46.964+0300][229.275s][info][gc] GC(250) Concurrent marking (process weakrefs) (unload classes) 308.086ms
[2021-02-07T17:30:46.964+0300][229.275s][info][gc] GC(250) Concurrent precleaning 0.144ms
[2021-02-07T17:30:46.967+0300][229.279s][info][gc] GC(250) Pause Final Mark (process weakrefs) (unload classes) 0.459ms
[2021-02-07T17:30:46.973+0300][229.284s][info][gc] GC(250) Concurrent weak roots 5.391ms
[2021-02-07T17:30:46.973+0300][229.284s][info][gc] GC(250) Concurrent cleanup 231M->231M(256M) 0.021ms
[2021-02-07T17:30:46.975+0300][229.286s][info][gc] GC(250) Concurrent class unloading 2.101ms
[2021-02-07T17:30:46.975+0300][229.287s][info][gc] GC(250) Concurrent strong roots 0.139ms
[2021-02-07T17:30:46.980+0300][229.291s][info][gc] GC(250) Concurrent evacuation 4.590ms
[2021-02-07T17:30:46.983+0300][229.294s][info][gc] GC(250) Pause Init Update Refs 0.009ms
[2021-02-07T17:30:47.116+0300][229.428s][info][gc] GC(250) Concurrent update references 133.331ms
[2021-02-07T17:30:47.119+0300][229.430s][info][gc] GC(250) Pause Final Update Refs 0.141ms
[2021-02-07T17:30:47.119+0300][229.431s][info][gc] GC(250) Concurrent cleanup 235M->224M(256M) 0.020ms
[2021-02-07T17:30:47.121+0300][229.432s][info][gc] Trigger: Free (18596K) is below minimum threshold (26214K)
[2021-02-07T17:30:47.121+0300][229.432s][info][gc] GC(251) Concurrent reset 0.313ms
[2021-02-07T17:30:47.121+0300][229.433s][info][gc] GC(251) Pause Init Mark (unload classes) 0.148ms
[2021-02-07T17:30:47.426+0300][229.738s][info][gc] GC(251) Concurrent marking (unload classes) 304.937ms
[2021-02-07T17:30:47.428+0300][229.740s][info][gc] GC(251) Pause Final Mark (unload classes) 0.389ms
[2021-02-07T17:30:47.434+0300][229.745s][info][gc] GC(251) Concurrent weak roots 5.543ms
[2021-02-07T17:30:47.434+0300][229.745s][info][gc] GC(251) Concurrent cleanup 232M->232M(256M) 0.012ms
[2021-02-07T17:30:47.436+0300][229.747s][info][gc] GC(251) Concurrent class unloading 2.090ms
[2021-02-07T17:30:47.436+0300][229.748s][info][gc] GC(251) Concurrent strong roots 0.130ms
[2021-02-07T17:30:47.440+0300][229.752s][info][gc] GC(251) Concurrent evacuation 4.061ms
[2021-02-07T17:30:47.443+0300][229.754s][info][gc] GC(251) Pause Init Update Refs 0.009ms
[2021-02-07T17:30:47.572+0300][229.884s][info][gc] GC(251) Concurrent update references 129.382ms
[2021-02-07T17:30:47.575+0300][229.886s][info][gc] GC(251) Pause Final Update Refs 0.079ms
[2021-02-07T17:30:47.575+0300][229.887s][info][gc] GC(251) Concurrent cleanup 235M->224M(256M) 0.016ms
[2021-02-07T17:30:47.577+0300][229.888s][info][gc] Trigger: Free (18852K) is below minimum threshold (26214K)
[2021-02-07T17:30:47.577+0300][229.889s][info][gc] GC(252) Concurrent reset 0.309ms
[2021-02-07T17:30:47.577+0300][229.889s][info][gc] GC(252) Pause Init Mark (unload classes) 0.142ms
[2021-02-07T17:30:47.898+0300][230.210s][info][gc] GC(252) Concurrent marking (unload classes) 320.413ms
[2021-02-07T17:30:47.901+0300][230.213s][info][gc] GC(252) Pause Final Mark (unload classes) 0.425ms
[2021-02-07T17:30:47.909+0300][230.220s][info][gc] GC(252) Concurrent weak roots 7.267ms
[2021-02-07T17:30:47.909+0300][230.220s][info][gc] GC(252) Concurrent cleanup 233M->233M(256M) 0.015ms
[2021-02-07T17:30:47.913+0300][230.224s][info][gc] GC(252) Concurrent class unloading 4.112ms
[2021-02-07T17:30:47.913+0300][230.225s][info][gc] GC(252) Concurrent strong roots 0.133ms
[2021-02-07T17:30:47.917+0300][230.228s][info][gc] GC(252) Concurrent evacuation 3.792ms
[2021-02-07T17:30:47.918+0300][230.229s][info][gc] GC(252) Pause Init Update Refs 0.009ms
[2021-02-07T17:30:48.049+0300][230.361s][info][gc] GC(252) Concurrent update references 131.391ms
[2021-02-07T17:30:48.052+0300][230.363s][info][gc] GC(252) Pause Final Update Refs 0.121ms
[2021-02-07T17:30:48.052+0300][230.364s][info][gc] GC(252) Concurrent cleanup 235M->224M(256M) 0.018ms
[2021-02-07T17:30:48.054+0300][230.365s][info][gc] Trigger: Free (18768K) is below minimum threshold (26214K)
[2021-02-07T17:30:48.054+0300][230.366s][info][gc] GC(253) Concurrent reset 0.284ms
[2021-02-07T17:30:48.054+0300][230.366s][info][gc] GC(253) Pause Init Mark (unload classes) 0.124ms
[2021-02-07T17:30:48.373+0300][230.685s][info][gc] GC(253) Concurrent marking (unload classes) 318.981ms
[2021-02-07T17:30:48.378+0300][230.690s][info][gc] GC(253) Pause Final Mark (unload classes) 0.414ms
[2021-02-07T17:30:48.386+0300][230.697s][info][gc] GC(253) Concurrent weak roots 7.321ms
[2021-02-07T17:30:48.386+0300][230.697s][info][gc] GC(253) Concurrent cleanup 233M->233M(256M) 0.011ms
[2021-02-07T17:30:48.390+0300][230.701s][info][gc] GC(253) Concurrent class unloading 4.057ms
[2021-02-07T17:30:48.390+0300][230.701s][info][gc] GC(253) Concurrent strong roots 0.106ms
[2021-02-07T17:30:48.393+0300][230.705s][info][gc] GC(253) Concurrent evacuation 3.423ms
[2021-02-07T17:30:48.396+0300][230.707s][info][gc] GC(253) Pause Init Update Refs 0.009ms
[2021-02-07T17:30:48.525+0300][230.837s][info][gc] GC(253) Concurrent update references 129.357ms
[2021-02-07T17:30:48.526+0300][230.838s][info][gc] GC(253) Pause Final Update Refs 0.138ms
[2021-02-07T17:30:48.526+0300][230.838s][info][gc] GC(253) Concurrent cleanup 235M->224M(256M) 0.015ms
[2021-02-07T17:30:48.528+0300][230.839s][info][gc] Trigger: Free (18852K) is below minimum threshold (26214K)
[2021-02-07T17:30:48.528+0300][230.839s][info][gc] GC(254) Concurrent reset 0.284ms
[2021-02-07T17:30:48.528+0300][230.840s][info][gc] GC(254) Pause Init Mark (unload classes) 0.152ms
[2021-02-07T17:30:48.832+0300][231.144s][info][gc] GC(254) Concurrent marking (unload classes) 303.702ms
[2021-02-07T17:30:48.835+0300][231.147s][info][gc] GC(254) Pause Final Mark (unload classes) 0.425ms
[2021-02-07T17:30:48.843+0300][231.154s][info][gc] GC(254) Concurrent weak roots 7.316ms
[2021-02-07T17:30:48.843+0300][231.154s][info][gc] GC(254) Concurrent cleanup 233M->233M(256M) 0.010ms
[2021-02-07T17:30:48.847+0300][231.158s][info][gc] GC(254) Concurrent class unloading 4.086ms
[2021-02-07T17:30:48.847+0300][231.159s][info][gc] GC(254) Concurrent strong roots 0.132ms
[2021-02-07T17:30:48.850+0300][231.162s][info][gc] GC(254) Concurrent evacuation 3.453ms
[2021-02-07T17:30:48.853+0300][231.164s][info][gc] GC(254) Pause Init Update Refs 0.009ms
[2021-02-07T17:30:48.984+0300][231.296s][info][gc] GC(254) Concurrent update references 131.240ms
[2021-02-07T17:30:48.984+0300][231.296s][info][gc] GC(254) Pause Final Update Refs 0.135ms
[2021-02-07T17:30:48.985+0300][231.296s][info][gc] GC(254) Concurrent cleanup 235M->224M(256M) 0.018ms
[2021-02-07T17:30:48.987+0300][231.298s][info][gc] Trigger: Free (18761K) is below minimum threshold (26214K)
[2021-02-07T17:30:48.987+0300][231.299s][info][gc] GC(255) Concurrent reset 0.318ms
[2021-02-07T17:30:48.987+0300][231.299s][info][gc] GC(255) Pause Init Mark (process weakrefs) (unload classes) 0.132ms
[2021-02-07T17:30:49.291+0300][231.602s][info][gc] GC(255) Concurrent marking (process weakrefs) (unload classes) 303.205ms
[2021-02-07T17:30:49.291+0300][231.603s][info][gc] GC(255) Concurrent precleaning 0.152ms
[2021-02-07T17:30:49.292+0300][231.604s][info][gc] GC(255) Pause Final Mark (process weakrefs) (unload classes) 0.430ms
[2021-02-07T17:30:49.300+0300][231.611s][info][gc] GC(255) Concurrent weak roots 7.416ms
[2021-02-07T17:30:49.300+0300][231.611s][info][gc] GC(255) Concurrent cleanup 233M->233M(256M) 0.013ms
[2021-02-07T17:30:49.302+0300][231.614s][info][gc] GC(255) Concurrent class unloading 2.640ms
[2021-02-07T17:30:49.302+0300][231.614s][info][gc] GC(255) Concurrent strong roots 0.103ms
[2021-02-07T17:30:49.306+0300][231.618s][info][gc] GC(255) Concurrent evacuation 3.792ms
[2021-02-07T17:30:49.307+0300][231.618s][info][gc] GC(255) Pause Init Update Refs 0.012ms
[2021-02-07T17:30:49.436+0300][231.747s][info][gc] GC(255) Concurrent update references 129.220ms
[2021-02-07T17:30:49.439+0300][231.750s][info][gc] GC(255) Pause Final Update Refs 0.118ms
[2021-02-07T17:30:49.439+0300][231.751s][info][gc] GC(255) Concurrent cleanup 235M->224M(256M) 0.017ms
[2021-02-07T17:30:49.441+0300][231.752s][info][gc] Trigger: Free (18852K) is below minimum threshold (26214K)
[2021-02-07T17:30:49.441+0300][231.753s][info][gc] GC(256) Concurrent reset 0.308ms
[2021-02-07T17:30:49.441+0300][231.753s][info][gc] GC(256) Pause Init Mark (unload classes) 0.120ms
[2021-02-07T17:30:49.746+0300][232.057s][info][gc] GC(256) Concurrent marking (unload classes) 304.188ms
[2021-02-07T17:30:49.749+0300][232.061s][info][gc] GC(256) Pause Final Mark (unload classes) 0.406ms
[2021-02-07T17:30:49.757+0300][232.068s][info][gc] GC(256) Concurrent weak roots 7.275ms
[2021-02-07T17:30:49.757+0300][232.068s][info][gc] GC(256) Concurrent cleanup 231M->231M(256M) 0.017ms
[2021-02-07T17:30:49.759+0300][232.071s][info][gc] GC(256) Concurrent class unloading 2.380ms
[2021-02-07T17:30:49.759+0300][232.071s][info][gc] GC(256) Concurrent strong roots 0.131ms
[2021-02-07T17:30:49.764+0300][232.075s][info][gc] GC(256) Concurrent evacuation 4.410ms
[2021-02-07T17:30:49.767+0300][232.078s][info][gc] GC(256) Pause Init Update Refs 0.009ms
[2021-02-07T17:30:49.898+0300][232.209s][info][gc] GC(256) Concurrent update references 130.948ms
[2021-02-07T17:30:49.901+0300][232.212s][info][gc] GC(256) Pause Final Update Refs 0.120ms
[2021-02-07T17:30:49.901+0300][232.212s][info][gc] GC(256) Concurrent cleanup 235M->224M(256M) 0.019ms
[2021-02-07T17:30:49.903+0300][232.214s][info][gc] Trigger: Free (19078K) is below minimum threshold (26214K)
[2021-02-07T17:30:49.903+0300][232.214s][info][gc] GC(257) Concurrent reset 0.315ms
[2021-02-07T17:30:49.903+0300][232.215s][info][gc] GC(257) Pause Init Mark (unload classes) 0.119ms
[2021-02-07T17:30:50.213+0300][232.525s][info][gc] GC(257) Concurrent marking (unload classes) 309.753ms
[2021-02-07T17:30:50.216+0300][232.527s][info][gc] GC(257) Pause Final Mark (unload classes) 0.215ms
[2021-02-07T17:30:50.224+0300][232.535s][info][gc] GC(257) Concurrent weak roots 7.558ms
[2021-02-07T17:30:50.224+0300][232.535s][info][gc] GC(257) Concurrent cleanup 232M->232M(256M) 0.011ms
[2021-02-07T17:30:50.228+0300][232.539s][info][gc] GC(257) Concurrent class unloading 4.079ms
[2021-02-07T17:30:50.228+0300][232.540s][info][gc] GC(257) Concurrent strong roots 0.135ms
[2021-02-07T17:30:50.231+0300][232.543s][info][gc] GC(257) Concurrent evacuation 3.540ms
[2021-02-07T17:30:50.234+0300][232.545s][info][gc] GC(257) Pause Init Update Refs 0.010ms
[2021-02-07T17:30:50.363+0300][232.674s][info][gc] GC(257) Concurrent update references 128.803ms
[2021-02-07T17:30:50.366+0300][232.678s][info][gc] GC(257) Pause Final Update Refs 0.138ms
[2021-02-07T17:30:50.366+0300][232.678s][info][gc] GC(257) Concurrent cleanup 235M->224M(256M) 0.016ms
[2021-02-07T17:30:50.368+0300][232.679s][info][gc] Trigger: Free (19108K) is below minimum threshold (26214K)
[2021-02-07T17:30:50.368+0300][232.680s][info][gc] GC(258) Concurrent reset 0.318ms
[2021-02-07T17:30:50.369+0300][232.680s][info][gc] GC(258) Pause Init Mark (unload classes) 0.152ms
[2021-02-07T17:30:50.672+0300][232.984s][info][gc] GC(258) Concurrent marking (unload classes) 303.522ms
[2021-02-07T17:30:50.677+0300][232.989s][info][gc] GC(258) Pause Final Mark (unload classes) 0.419ms
[2021-02-07T17:30:50.685+0300][232.996s][info][gc] GC(258) Concurrent weak roots 7.319ms
[2021-02-07T17:30:50.685+0300][232.996s][info][gc] GC(258) Concurrent cleanup 233M->233M(256M) 0.010ms
[2021-02-07T17:30:50.689+0300][233.000s][info][gc] GC(258) Concurrent class unloading 4.083ms
[2021-02-07T17:30:50.689+0300][233.001s][info][gc] GC(258) Concurrent strong roots 0.133ms
[2021-02-07T17:30:50.693+0300][233.004s][info][gc] GC(258) Concurrent evacuation 3.586ms
[2021-02-07T17:30:50.696+0300][233.007s][info][gc] GC(258) Pause Init Update Refs 0.009ms
[2021-02-07T17:30:50.826+0300][233.137s][info][gc] GC(258) Concurrent update references 129.880ms
[2021-02-07T17:30:50.829+0300][233.140s][info][gc] GC(258) Pause Final Update Refs 0.137ms
[2021-02-07T17:30:50.829+0300][233.141s][info][gc] GC(258) Concurrent cleanup 235M->224M(256M) 0.015ms
[2021-02-07T17:30:50.831+0300][233.142s][info][gc] Trigger: Free (19078K) is below minimum threshold (26214K)
[2021-02-07T17:30:50.831+0300][233.143s][info][gc] GC(259) Concurrent reset 0.308ms
[2021-02-07T17:30:50.831+0300][233.143s][info][gc] GC(259) Pause Init Mark (unload classes) 0.139ms
[2021-02-07T17:30:51.142+0300][233.453s][info][gc] GC(259) Concurrent marking (unload classes) 310.297ms
[2021-02-07T17:30:51.145+0300][233.457s][info][gc] GC(259) Pause Final Mark (unload classes) 0.421ms
[2021-02-07T17:30:51.153+0300][233.464s][info][gc] GC(259) Concurrent weak roots 7.300ms
[2021-02-07T17:30:51.153+0300][233.464s][info][gc] GC(259) Concurrent cleanup 232M->232M(256M) 0.011ms
[2021-02-07T17:30:51.155+0300][233.467s][info][gc] GC(259) Concurrent class unloading 2.694ms
[2021-02-07T17:30:51.156+0300][233.467s][info][gc] GC(259) Concurrent strong roots 0.109ms
[2021-02-07T17:30:51.159+0300][233.471s][info][gc] GC(259) Concurrent evacuation 3.783ms
[2021-02-07T17:30:51.160+0300][233.471s][info][gc] GC(259) Pause Init Update Refs 0.009ms
[2021-02-07T17:30:51.289+0300][233.600s][info][gc] GC(259) Concurrent update references 128.970ms
[2021-02-07T17:30:51.292+0300][233.603s][info][gc] GC(259) Pause Final Update Refs 0.136ms
[2021-02-07T17:30:51.292+0300][233.604s][info][gc] GC(259) Concurrent cleanup 235M->224M(256M) 0.016ms
[2021-02-07T17:30:51.294+0300][233.605s][info][gc] Trigger: Free (18852K) is below minimum threshold (26214K)
[2021-02-07T17:30:51.294+0300][233.606s][info][gc] GC(260) Concurrent reset 0.312ms
[2021-02-07T17:30:51.294+0300][233.606s][info][gc] GC(260) Pause Init Mark (process weakrefs) (unload classes) 0.145ms
[2021-02-07T17:30:51.614+0300][233.926s][info][gc] GC(260) Concurrent marking (process weakrefs) (unload classes) 319.769ms
[2021-02-07T17:30:51.614+0300][233.926s][info][gc] GC(260) Concurrent precleaning 0.147ms
[2021-02-07T17:30:51.619+0300][233.931s][info][gc] GC(260) Pause Final Mark (process weakrefs) (unload classes) 0.425ms
[2021-02-07T17:30:51.627+0300][233.938s][info][gc] GC(260) Concurrent weak roots 7.293ms
[2021-02-07T17:30:51.627+0300][233.938s][info][gc] GC(260) Concurrent cleanup 232M->232M(256M) 0.012ms
[2021-02-07T17:30:51.629+0300][233.941s][info][gc] GC(260) Concurrent class unloading 2.529ms
[2021-02-07T17:30:51.629+0300][233.941s][info][gc] GC(260) Concurrent strong roots 0.131ms
[2021-02-07T17:30:51.633+0300][233.945s][info][gc] GC(260) Concurrent evacuation 4.053ms
[2021-02-07T17:30:51.637+0300][233.948s][info][gc] GC(260) Pause Init Update Refs 0.009ms
[2021-02-07T17:30:51.766+0300][234.077s][info][gc] GC(260) Concurrent update references 128.982ms
[2021-02-07T17:30:51.769+0300][234.080s][info][gc] GC(260) Pause Final Update Refs 0.138ms
[2021-02-07T17:30:51.769+0300][234.081s][info][gc] GC(260) Concurrent cleanup 235M->224M(256M) 0.017ms
[2021-02-07T17:30:51.771+0300][234.082s][info][gc] Trigger: Free (18852K) is below minimum threshold (26214K)
[2021-02-07T17:30:51.771+0300][234.083s][info][gc] GC(261) Concurrent reset 0.313ms
[2021-02-07T17:30:51.771+0300][234.083s][info][gc] GC(261) Pause Init Mark (unload classes) 0.152ms
[2021-02-07T17:30:52.095+0300][234.407s][info][gc] GC(261) Concurrent marking (unload classes) 323.592ms
[2021-02-07T17:30:52.099+0300][234.411s][info][gc] GC(261) Pause Final Mark (unload classes) 0.410ms
[2021-02-07T17:30:52.105+0300][234.416s][info][gc] GC(261) Concurrent weak roots 5.311ms
[2021-02-07T17:30:52.105+0300][234.416s][info][gc] GC(261) Concurrent cleanup 231M->231M(256M) 0.011ms
[2021-02-07T17:30:52.107+0300][234.418s][info][gc] GC(261) Concurrent class unloading 2.005ms
[2021-02-07T17:30:52.107+0300][234.418s][info][gc] GC(261) Concurrent strong roots 0.126ms
[2021-02-07T17:30:52.111+0300][234.423s][info][gc] GC(261) Concurrent evacuation 4.449ms
[2021-02-07T17:30:52.114+0300][234.425s][info][gc] GC(261) Pause Init Update Refs 0.009ms
[2021-02-07T17:30:52.243+0300][234.555s][info][gc] GC(261) Concurrent update references 129.553ms
[2021-02-07T17:30:52.245+0300][234.556s][info][gc] GC(261) Pause Final Update Refs 0.139ms
[2021-02-07T17:30:52.245+0300][234.556s][info][gc] GC(261) Concurrent cleanup 235M->224M(256M) 0.016ms
[2021-02-07T17:30:52.247+0300][234.558s][info][gc] Trigger: Free (19108K) is below minimum threshold (26214K)
[2021-02-07T17:30:52.247+0300][234.559s][info][gc] GC(262) Concurrent reset 0.312ms
[2021-02-07T17:30:52.247+0300][234.559s][info][gc] GC(262) Pause Init Mark (unload classes) 0.144ms
[2021-02-07T17:30:52.568+0300][234.880s][info][gc] GC(262) Concurrent marking (unload classes) 320.699ms
[2021-02-07T17:30:52.571+0300][234.883s][info][gc] GC(262) Pause Final Mark (unload classes) 0.418ms
[2021-02-07T17:30:52.577+0300][234.888s][info][gc] GC(262) Concurrent weak roots 5.322ms
[2021-02-07T17:30:52.577+0300][234.888s][info][gc] GC(262) Concurrent cleanup 232M->232M(256M) 0.011ms
[2021-02-07T17:30:52.579+0300][234.891s][info][gc] GC(262) Concurrent class unloading 2.255ms
[2021-02-07T17:30:52.579+0300][234.891s][info][gc] GC(262) Concurrent strong roots 0.129ms
[2021-02-07T17:30:52.583+0300][234.895s][info][gc] GC(262) Concurrent evacuation 4.250ms
[2021-02-07T17:30:52.586+0300][234.897s][info][gc] GC(262) Pause Init Update Refs 0.009ms
[2021-02-07T17:30:52.715+0300][235.026s][info][gc] GC(262) Concurrent update references 128.964ms
[2021-02-07T17:30:52.716+0300][235.027s][info][gc] GC(262) Pause Final Update Refs 0.116ms
[2021-02-07T17:30:52.716+0300][235.027s][info][gc] GC(262) Concurrent cleanup 235M->224M(256M) 0.016ms
[2021-02-07T17:30:52.718+0300][235.029s][info][gc] Trigger: Free (19108K) is below minimum threshold (26214K)
[2021-02-07T17:30:52.718+0300][235.030s][info][gc] GC(263) Concurrent reset 0.314ms
[2021-02-07T17:30:52.718+0300][235.030s][info][gc] GC(263) Pause Init Mark (unload classes) 0.146ms
[2021-02-07T17:30:53.028+0300][235.340s][info][gc] GC(263) Concurrent marking (unload classes) 310.058ms
[2021-02-07T17:30:53.030+0300][235.342s][info][gc] GC(263) Pause Final Mark (unload classes) 0.435ms
[2021-02-07T17:30:53.036+0300][235.347s][info][gc] GC(263) Concurrent weak roots 5.434ms
[2021-02-07T17:30:53.036+0300][235.347s][info][gc] GC(263) Concurrent cleanup 232M->232M(256M) 0.011ms
[2021-02-07T17:30:53.038+0300][235.349s][info][gc] GC(263) Concurrent class unloading 2.149ms
[2021-02-07T17:30:53.038+0300][235.350s][info][gc] GC(263) Concurrent strong roots 0.126ms
[2021-02-07T17:30:53.042+0300][235.354s][info][gc] GC(263) Concurrent evacuation 4.179ms
[2021-02-07T17:30:53.045+0300][235.356s][info][gc] GC(263) Pause Init Update Refs 0.009ms
[2021-02-07T17:30:53.174+0300][235.486s][info][gc] GC(263) Concurrent update references 129.165ms
[2021-02-07T17:30:53.175+0300][235.486s][info][gc] GC(263) Pause Final Update Refs 0.137ms
[2021-02-07T17:30:53.175+0300][235.486s][info][gc] GC(263) Concurrent cleanup 235M->224M(256M) 0.016ms
[2021-02-07T17:30:53.177+0300][235.488s][info][gc] Trigger: Free (19108K) is below minimum threshold (26214K)
[2021-02-07T17:30:53.177+0300][235.489s][info][gc] GC(264) Concurrent reset 0.312ms
[2021-02-07T17:30:53.177+0300][235.489s][info][gc] GC(264) Pause Init Mark (unload classes) 0.144ms
[2021-02-07T17:30:53.480+0300][235.792s][info][gc] GC(264) Concurrent marking (unload classes) 302.728ms
[2021-02-07T17:30:53.481+0300][235.793s][info][gc] GC(264) Pause Final Mark (unload classes) 0.371ms
[2021-02-07T17:30:53.489+0300][235.800s][info][gc] GC(264) Concurrent weak roots 7.234ms
[2021-02-07T17:30:53.489+0300][235.800s][info][gc] GC(264) Concurrent cleanup 232M->232M(256M) 0.011ms
[2021-02-07T17:30:53.491+0300][235.803s][info][gc] GC(264) Concurrent class unloading 2.661ms
[2021-02-07T17:30:53.491+0300][235.803s][info][gc] GC(264) Concurrent strong roots 0.106ms
[2021-02-07T17:30:53.495+0300][235.807s][info][gc] GC(264) Concurrent evacuation 3.851ms
[2021-02-07T17:30:53.498+0300][235.809s][info][gc] GC(264) Pause Init Update Refs 0.009ms
[2021-02-07T17:30:53.627+0300][235.938s][info][gc] GC(264) Concurrent update references 128.854ms
[2021-02-07T17:30:53.630+0300][235.941s][info][gc] GC(264) Pause Final Update Refs 0.137ms
[2021-02-07T17:30:53.630+0300][235.942s][info][gc] GC(264) Concurrent cleanup 235M->224M(256M) 0.016ms
[2021-02-07T17:30:53.632+0300][235.943s][info][gc] Trigger: Free (19108K) is below minimum threshold (26214K)
[2021-02-07T17:30:53.632+0300][235.944s][info][gc] GC(265) Concurrent reset 0.281ms
[2021-02-07T17:30:53.632+0300][235.944s][info][gc] GC(265) Pause Init Mark (process weakrefs) (unload classes) 0.157ms
[2021-02-07T17:30:53.937+0300][236.248s][info][gc] GC(265) Concurrent marking (process weakrefs) (unload classes) 304.320ms
[2021-02-07T17:30:53.937+0300][236.249s][info][gc] GC(265) Concurrent precleaning 0.134ms
[2021-02-07T17:30:53.938+0300][236.249s][info][gc] GC(265) Pause Final Mark (process weakrefs) (unload classes) 0.443ms
[2021-02-07T17:30:53.945+0300][236.256s][info][gc] GC(265) Concurrent weak roots 6.618ms
[2021-02-07T17:30:53.945+0300][236.256s][info][gc] GC(265) Concurrent cleanup 233M->233M(256M) 0.011ms
[2021-02-07T17:30:53.949+0300][236.260s][info][gc] GC(265) Concurrent class unloading 4.052ms
[2021-02-07T17:30:53.949+0300][236.260s][info][gc] GC(265) Concurrent strong roots 0.130ms
[2021-02-07T17:30:53.952+0300][236.264s][info][gc] GC(265) Concurrent evacuation 3.441ms
[2021-02-07T17:30:53.955+0300][236.266s][info][gc] GC(265) Pause Init Update Refs 0.009ms
[2021-02-07T17:30:54.085+0300][236.396s][info][gc] GC(265) Concurrent update references 129.882ms
[2021-02-07T17:30:54.085+0300][236.397s][info][gc] GC(265) Pause Final Update Refs 0.116ms
[2021-02-07T17:30:54.086+0300][236.397s][info][gc] GC(265) Concurrent cleanup 235M->224M(256M) 0.015ms
[2021-02-07T17:30:54.091+0300][236.402s][info][gc] Trigger: Free (19016K) is below minimum threshold (26214K)
[2021-02-07T17:30:54.091+0300][236.403s][info][gc] GC(266) Concurrent reset 0.335ms
[2021-02-07T17:30:54.091+0300][236.403s][info][gc] GC(266) Pause Init Mark (unload classes) 0.108ms
[2021-02-07T17:30:54.411+0300][236.723s][info][gc] GC(266) Concurrent marking (unload classes) 319.489ms
[2021-02-07T17:30:54.412+0300][236.723s][info][gc] GC(266) Pause Final Mark (unload classes) 0.385ms
[2021-02-07T17:30:54.419+0300][236.730s][info][gc] GC(266) Concurrent weak roots 6.889ms
[2021-02-07T17:30:54.419+0300][236.730s][info][gc] GC(266) Concurrent cleanup 232M->232M(256M) 0.010ms
[2021-02-07T17:30:54.423+0300][236.734s][info][gc] GC(266) Concurrent class unloading 4.082ms
[2021-02-07T17:30:54.423+0300][236.735s][info][gc] GC(266) Concurrent strong roots 0.132ms
[2021-02-07T17:30:54.427+0300][236.739s][info][gc] GC(266) Concurrent evacuation 3.978ms
[2021-02-07T17:30:54.428+0300][236.740s][info][gc] GC(266) Pause Init Update Refs 0.009ms
[2021-02-07T17:30:54.558+0300][236.870s][info][gc] GC(266) Concurrent update references 130.374ms
[2021-02-07T17:30:54.561+0300][236.872s][info][gc] GC(266) Pause Final Update Refs 0.141ms
[2021-02-07T17:30:54.561+0300][236.873s][info][gc] GC(266) Concurrent cleanup 235M->224M(256M) 0.016ms
[2021-02-07T17:30:54.563+0300][236.874s][info][gc] Trigger: Free (19364K) is below minimum threshold (26214K)
[2021-02-07T17:30:54.563+0300][236.875s][info][gc] GC(267) Concurrent reset 0.314ms
[2021-02-07T17:30:54.563+0300][236.875s][info][gc] GC(267) Pause Init Mark (unload classes) 0.146ms
[2021-02-07T17:30:54.866+0300][237.178s][info][gc] GC(267) Concurrent marking (unload classes) 302.443ms
[2021-02-07T17:30:54.871+0300][237.183s][info][gc] GC(267) Pause Final Mark (unload classes) 0.433ms
[2021-02-07T17:30:54.879+0300][237.190s][info][gc] GC(267) Concurrent weak roots 7.345ms
[2021-02-07T17:30:54.879+0300][237.190s][info][gc] GC(267) Concurrent cleanup 231M->231M(256M) 0.018ms
[2021-02-07T17:30:54.881+0300][237.193s][info][gc] GC(267) Concurrent class unloading 2.450ms
[2021-02-07T17:30:54.881+0300][237.193s][info][gc] GC(267) Concurrent strong roots 0.102ms
[2021-02-07T17:30:54.886+0300][237.197s][info][gc] GC(267) Concurrent evacuation 4.556ms
[2021-02-07T17:30:54.889+0300][237.200s][info][gc] GC(267) Pause Init Update Refs 0.009ms
[2021-02-07T17:30:55.023+0300][237.335s][info][gc] GC(267) Concurrent update references 134.432ms
[2021-02-07T17:30:55.025+0300][237.336s][info][gc] GC(267) Pause Final Update Refs 0.116ms
[2021-02-07T17:30:55.025+0300][237.336s][info][gc] GC(267) Concurrent cleanup 235M->224M(256M) 0.017ms
[2021-02-07T17:30:55.027+0300][237.338s][info][gc] Trigger: Free (19014K) is below minimum threshold (26214K)
[2021-02-07T17:30:55.027+0300][237.338s][info][gc] GC(268) Concurrent reset 0.280ms
[2021-02-07T17:30:55.027+0300][237.339s][info][gc] GC(268) Pause Init Mark (unload classes) 0.119ms
[2021-02-07T17:30:55.351+0300][237.662s][info][gc] GC(268) Concurrent marking (unload classes) 323.135ms
[2021-02-07T17:30:55.354+0300][237.666s][info][gc] GC(268) Pause Final Mark (unload classes) 0.413ms
[2021-02-07T17:30:55.362+0300][237.673s][info][gc] GC(268) Concurrent weak roots 7.327ms
[2021-02-07T17:30:55.362+0300][237.673s][info][gc] GC(268) Concurrent cleanup 232M->232M(256M) 0.015ms
[2021-02-07T17:30:55.364+0300][237.676s][info][gc] GC(268) Concurrent class unloading 2.531ms
[2021-02-07T17:30:55.364+0300][237.676s][info][gc] GC(268) Concurrent strong roots 0.131ms
[2021-02-07T17:30:55.369+0300][237.681s][info][gc] GC(268) Concurrent evacuation 4.659ms
[2021-02-07T17:30:55.372+0300][237.683s][info][gc] GC(268) Pause Init Update Refs 0.009ms
[2021-02-07T17:30:55.501+0300][237.813s][info][gc] GC(268) Concurrent update references 129.076ms
[2021-02-07T17:30:55.502+0300][237.813s][info][gc] GC(268) Pause Final Update Refs 0.129ms
[2021-02-07T17:30:55.502+0300][237.814s][info][gc] GC(268) Concurrent cleanup 235M->224M(256M) 0.018ms
[2021-02-07T17:30:55.504+0300][237.815s][info][gc] Trigger: Free (19362K) is below minimum threshold (26214K)
[2021-02-07T17:30:55.504+0300][237.816s][info][gc] GC(269) Concurrent reset 0.326ms
[2021-02-07T17:30:55.505+0300][237.816s][info][gc] GC(269) Pause Init Mark (unload classes) 0.123ms
[2021-02-07T17:30:55.813+0300][238.124s][info][gc] GC(269) Concurrent marking (unload classes) 308.194ms
[2021-02-07T17:30:55.818+0300][238.130s][info][gc] GC(269) Pause Final Mark (unload classes) 0.425ms
[2021-02-07T17:30:55.826+0300][238.137s][info][gc] GC(269) Concurrent weak roots 7.289ms
[2021-02-07T17:30:55.826+0300][238.137s][info][gc] GC(269) Concurrent cleanup 232M->232M(256M) 0.011ms
[2021-02-07T17:30:55.830+0300][238.141s][info][gc] GC(269) Concurrent class unloading 4.054ms
[2021-02-07T17:30:55.830+0300][238.141s][info][gc] GC(269) Concurrent strong roots 0.109ms
[2021-02-07T17:30:55.834+0300][238.145s][info][gc] GC(269) Concurrent evacuation 3.878ms
[2021-02-07T17:30:55.837+0300][238.148s][info][gc] GC(269) Pause Init Update Refs 0.009ms
[2021-02-07T17:30:55.968+0300][238.279s][info][gc] GC(269) Concurrent update references 130.740ms
[2021-02-07T17:30:55.971+0300][238.282s][info][gc] GC(269) Pause Final Update Refs 0.137ms
[2021-02-07T17:30:55.971+0300][238.283s][info][gc] GC(269) Concurrent cleanup 235M->224M(256M) 0.018ms
[2021-02-07T17:30:55.973+0300][238.284s][info][gc] Trigger: Free (19270K) is below minimum threshold (26214K)
[2021-02-07T17:30:55.973+0300][238.285s][info][gc] GC(270) Concurrent reset 0.320ms
[2021-02-07T17:30:55.973+0300][238.285s][info][gc] GC(270) Pause Init Mark (process weakrefs) (unload classes) 0.096ms
[2021-02-07T17:30:56.294+0300][238.606s][info][gc] GC(270) Concurrent marking (process weakrefs) (unload classes) 320.657ms
[2021-02-07T17:30:56.294+0300][238.606s][info][gc] GC(270) Concurrent precleaning 0.116ms
[2021-02-07T17:30:56.298+0300][238.610s][info][gc] GC(270) Pause Final Mark (process weakrefs) (unload classes) 0.443ms
[2021-02-07T17:30:56.306+0300][238.617s][info][gc] GC(270) Concurrent weak roots 7.298ms
[2021-02-07T17:30:56.306+0300][238.617s][info][gc] GC(270) Concurrent cleanup 231M->231M(256M) 0.010ms
[2021-02-07T17:30:56.308+0300][238.620s][info][gc] GC(270) Concurrent class unloading 2.608ms
[2021-02-07T17:30:56.308+0300][238.620s][info][gc] GC(270) Concurrent strong roots 0.102ms
[2021-02-07T17:30:56.313+0300][238.624s][info][gc] GC(270) Concurrent evacuation 4.128ms
[2021-02-07T17:30:56.316+0300][238.627s][info][gc] GC(270) Pause Init Update Refs 0.010ms
[2021-02-07T17:30:56.448+0300][238.759s][info][gc] GC(270) Concurrent update references 131.991ms
[2021-02-07T17:30:56.451+0300][238.762s][info][gc] GC(270) Pause Final Update Refs 0.092ms
[2021-02-07T17:30:56.451+0300][238.762s][info][gc] GC(270) Concurrent cleanup 235M->224M(256M) 0.017ms
[2021-02-07T17:30:56.453+0300][238.764s][info][gc] Trigger: Free (19364K) is below minimum threshold (26214K)
[2021-02-07T17:30:56.453+0300][238.764s][info][gc] GC(271) Concurrent reset 0.283ms
[2021-02-07T17:30:56.453+0300][238.765s][info][gc] GC(271) Pause Init Mark (unload classes) 0.146ms
[2021-02-07T17:30:56.758+0300][239.070s][info][gc] GC(271) Concurrent marking (unload classes) 305.060ms
[2021-02-07T17:30:56.762+0300][239.074s][info][gc] GC(271) Pause Final Mark (unload classes) 0.426ms
[2021-02-07T17:30:56.770+0300][239.081s][info][gc] GC(271) Concurrent weak roots 7.286ms
[2021-02-07T17:30:56.770+0300][239.081s][info][gc] GC(271) Concurrent cleanup 232M->232M(256M) 0.011ms
[2021-02-07T17:30:56.774+0300][239.085s][info][gc] GC(271) Concurrent class unloading 4.040ms
[2021-02-07T17:30:56.774+0300][239.085s][info][gc] GC(271) Concurrent strong roots 0.136ms
[2021-02-07T17:30:56.778+0300][239.089s][info][gc] GC(271) Concurrent evacuation 3.923ms
[2021-02-07T17:30:56.781+0300][239.092s][info][gc] GC(271) Pause Init Update Refs 0.009ms
[2021-02-07T17:30:56.912+0300][239.224s][info][gc] GC(271) Concurrent update references 131.632ms
[2021-02-07T17:30:56.913+0300][239.225s][info][gc] GC(271) Pause Final Update Refs 0.106ms
[2021-02-07T17:30:56.913+0300][239.225s][info][gc] GC(271) Concurrent cleanup 235M->224M(256M) 0.018ms
[2021-02-07T17:30:56.927+0300][239.238s][info][gc] Trigger: Free (19334K) is below minimum threshold (26214K)
[2021-02-07T17:30:56.927+0300][239.239s][info][gc] GC(272) Concurrent reset 0.319ms
[2021-02-07T17:30:56.927+0300][239.239s][info][gc] GC(272) Pause Init Mark (unload classes) 0.113ms
[2021-02-07T17:30:57.256+0300][239.568s][info][gc] GC(272) Concurrent marking (unload classes) 328.681ms
[2021-02-07T17:30:57.257+0300][239.569s][info][gc] GC(272) Pause Final Mark (unload classes) 0.396ms
[2021-02-07T17:30:57.264+0300][239.575s][info][gc] GC(272) Concurrent weak roots 6.737ms
[2021-02-07T17:30:57.264+0300][239.575s][info][gc] GC(272) Concurrent cleanup 232M->232M(256M) 0.010ms
[2021-02-07T17:30:57.268+0300][239.580s][info][gc] GC(272) Concurrent class unloading 4.137ms
[2021-02-07T17:30:57.268+0300][239.580s][info][gc] GC(272) Concurrent strong roots 0.137ms
[2021-02-07T17:30:57.272+0300][239.584s][info][gc] GC(272) Concurrent evacuation 4.329ms
[2021-02-07T17:30:57.275+0300][239.587s][info][gc] GC(272) Pause Init Update Refs 0.010ms
[2021-02-07T17:30:57.410+0300][239.722s][info][gc] GC(272) Concurrent update references 135.430ms
[2021-02-07T17:30:57.411+0300][239.723s][info][gc] GC(272) Pause Final Update Refs 0.117ms
[2021-02-07T17:30:57.411+0300][239.723s][info][gc] GC(272) Concurrent cleanup 235M->224M(256M) 0.018ms
[2021-02-07T17:30:57.413+0300][239.724s][info][gc] Trigger: Free (19108K) is below minimum threshold (26214K)
[2021-02-07T17:30:57.413+0300][239.725s][info][gc] GC(273) Concurrent reset 0.376ms
[2021-02-07T17:30:57.413+0300][239.725s][info][gc] GC(273) Pause Init Mark (unload classes) 0.094ms
[2021-02-07T17:30:57.723+0300][240.035s][info][gc] GC(273) Concurrent marking (unload classes) 309.236ms
[2021-02-07T17:30:57.726+0300][240.038s][info][gc] GC(273) Pause Final Mark (unload classes) 0.425ms
[2021-02-07T17:30:57.732+0300][240.043s][info][gc] GC(273) Concurrent weak roots 5.308ms
[2021-02-07T17:30:57.732+0300][240.043s][info][gc] GC(273) Concurrent cleanup 232M->232M(256M) 0.011ms
[2021-02-07T17:30:57.734+0300][240.046s][info][gc] GC(273) Concurrent class unloading 2.367ms
[2021-02-07T17:30:57.734+0300][240.046s][info][gc] GC(273) Concurrent strong roots 0.133ms
[2021-02-07T17:30:57.738+0300][240.050s][info][gc] GC(273) Concurrent evacuation 4.110ms
[2021-02-07T17:30:57.741+0300][240.053s][info][gc] GC(273) Pause Init Update Refs 0.009ms
[2021-02-07T17:30:57.875+0300][240.187s][info][gc] GC(273) Concurrent update references 133.849ms
[2021-02-07T17:30:57.879+0300][240.191s][info][gc] GC(273) Pause Final Update Refs 0.088ms
[2021-02-07T17:30:57.880+0300][240.191s][info][gc] GC(273) Concurrent cleanup 235M->224M(256M) 0.035ms
[2021-02-07T17:30:57.882+0300][240.193s][info][gc] Trigger: Free (19334K) is below minimum threshold (26214K)
[2021-02-07T17:30:57.882+0300][240.194s][info][gc] GC(274) Concurrent reset 0.443ms
[2021-02-07T17:30:57.883+0300][240.195s][info][gc] GC(274) Pause Init Mark (unload classes) 0.101ms
[2021-02-07T17:30:58.207+0300][240.519s][info][gc] GC(274) Concurrent marking (unload classes) 323.875ms
[2021-02-07T17:30:58.211+0300][240.523s][info][gc] GC(274) Pause Final Mark (unload classes) 0.436ms
[2021-02-07T17:30:58.219+0300][240.530s][info][gc] GC(274) Concurrent weak roots 7.182ms
[2021-02-07T17:30:58.219+0300][240.530s][info][gc] GC(274) Concurrent cleanup 232M->232M(256M) 0.012ms
[2021-02-07T17:30:58.223+0300][240.535s][info][gc] GC(274) Concurrent class unloading 4.164ms
[2021-02-07T17:30:58.223+0300][240.535s][info][gc] GC(274) Concurrent strong roots 0.133ms
[2021-02-07T17:30:58.227+0300][240.539s][info][gc] GC(274) Concurrent evacuation 3.824ms
[2021-02-07T17:30:58.230+0300][240.542s][info][gc] GC(274) Pause Init Update Refs 0.009ms
[2021-02-07T17:30:58.365+0300][240.677s][info][gc] GC(274) Concurrent update references 135.469ms
[2021-02-07T17:30:58.366+0300][240.678s][info][gc] GC(274) Pause Final Update Refs 0.200ms
[2021-02-07T17:30:58.367+0300][240.679s][info][gc] GC(274) Concurrent cleanup 235M->224M(256M) 0.028ms
[2021-02-07T17:30:58.369+0300][240.680s][info][gc] Trigger: Free (19364K) is below minimum threshold (26214K)
[2021-02-07T17:30:58.369+0300][240.681s][info][gc] GC(275) Concurrent reset 0.374ms
[2021-02-07T17:30:58.369+0300][240.681s][info][gc] GC(275) Pause Init Mark (process weakrefs) (unload classes) 0.160ms
[2021-02-07T17:30:58.675+0300][240.987s][info][gc] GC(275) Concurrent marking (process weakrefs) (unload classes) 305.313ms
[2021-02-07T17:30:58.675+0300][240.987s][info][gc] GC(275) Concurrent precleaning 0.107ms
[2021-02-07T17:30:58.676+0300][240.988s][info][gc] GC(275) Pause Final Mark (process weakrefs) (unload classes) 0.444ms
[2021-02-07T17:30:58.683+0300][240.994s][info][gc] GC(275) Concurrent weak roots 6.701ms
[2021-02-07T17:30:58.683+0300][240.994s][info][gc] GC(275) Concurrent cleanup 231M->231M(256M) 0.010ms
[2021-02-07T17:30:58.687+0300][240.999s][info][gc] GC(275) Concurrent class unloading 4.133ms
[2021-02-07T17:30:58.687+0300][240.999s][info][gc] GC(275) Concurrent strong roots 0.137ms
[2021-02-07T17:30:58.691+0300][241.003s][info][gc] GC(275) Concurrent evacuation 4.095ms
[2021-02-07T17:30:58.692+0300][241.004s][info][gc] GC(275) Pause Init Update Refs 0.008ms
[2021-02-07T17:30:58.824+0300][241.136s][info][gc] GC(275) Concurrent update references 132.234ms
[2021-02-07T17:30:58.825+0300][241.137s][info][gc] GC(275) Pause Final Update Refs 0.137ms
[2021-02-07T17:30:58.825+0300][241.137s][info][gc] GC(275) Concurrent cleanup 235M->224M(256M) 0.015ms
[2021-02-07T17:30:58.827+0300][241.138s][info][gc] Trigger: Free (19334K) is below minimum threshold (26214K)
[2021-02-07T17:30:58.827+0300][241.139s][info][gc] GC(276) Concurrent reset 0.319ms
[2021-02-07T17:30:58.827+0300][241.139s][info][gc] GC(276) Pause Init Mark (unload classes) 0.149ms
[2021-02-07T17:30:59.134+0300][241.446s][info][gc] GC(276) Concurrent marking (unload classes) 306.264ms
[2021-02-07T17:30:59.138+0300][241.450s][info][gc] GC(276) Pause Final Mark (unload classes) 0.431ms
[2021-02-07T17:30:59.146+0300][241.457s][info][gc] GC(276) Concurrent weak roots 7.301ms
[2021-02-07T17:30:59.146+0300][241.458s][info][gc] GC(276) Concurrent cleanup 231M->231M(256M) 0.017ms
[2021-02-07T17:30:59.148+0300][241.460s][info][gc] GC(276) Concurrent class unloading 2.520ms
[2021-02-07T17:30:59.148+0300][241.460s][info][gc] GC(276) Concurrent strong roots 0.132ms
[2021-02-07T17:30:59.153+0300][241.465s][info][gc] GC(276) Concurrent evacuation 4.396ms
[2021-02-07T17:30:59.156+0300][241.468s][info][gc] GC(276) Pause Init Update Refs 0.010ms
[2021-02-07T17:30:59.289+0300][241.601s][info][gc] GC(276) Concurrent update references 133.407ms
[2021-02-07T17:30:59.290+0300][241.602s][info][gc] GC(276) Pause Final Update Refs 0.137ms
[2021-02-07T17:30:59.290+0300][241.602s][info][gc] GC(276) Concurrent cleanup 235M->223M(256M) 0.016ms
[2021-02-07T17:30:59.292+0300][241.603s][info][gc] Trigger: Free (19378K) is below minimum threshold (26214K)
[2021-02-07T17:30:59.292+0300][241.604s][info][gc] GC(277) Concurrent reset 0.282ms
[2021-02-07T17:30:59.292+0300][241.604s][info][gc] GC(277) Pause Init Mark (unload classes) 0.152ms
[2021-02-07T17:30:59.599+0300][241.911s][info][gc] GC(277) Concurrent marking (unload classes) 306.475ms
[2021-02-07T17:30:59.602+0300][241.914s][info][gc] GC(277) Pause Final Mark (unload classes) 0.389ms
[2021-02-07T17:30:59.609+0300][241.920s][info][gc] GC(277) Concurrent weak roots 6.418ms
[2021-02-07T17:30:59.609+0300][241.920s][info][gc] GC(277) Concurrent cleanup 231M->231M(256M) 0.010ms
[2021-02-07T17:30:59.613+0300][241.925s][info][gc] GC(277) Concurrent class unloading 4.133ms
[2021-02-07T17:30:59.613+0300][241.925s][info][gc] GC(277) Concurrent strong roots 0.112ms
[2021-02-07T17:30:59.618+0300][241.930s][info][gc] GC(277) Concurrent evacuation 4.852ms
[2021-02-07T17:30:59.619+0300][241.931s][info][gc] GC(277) Pause Init Update Refs 0.009ms
[2021-02-07T17:30:59.753+0300][242.064s][info][gc] GC(277) Concurrent update references 133.639ms
[2021-02-07T17:30:59.756+0300][242.068s][info][gc] GC(277) Pause Final Update Refs 0.142ms
[2021-02-07T17:30:59.756+0300][242.068s][info][gc] GC(277) Concurrent cleanup 235M->224M(256M) 0.020ms
[2021-02-07T17:30:59.758+0300][242.069s][info][gc] Trigger: Free (19364K) is below minimum threshold (26214K)
[2021-02-07T17:30:59.758+0300][242.070s][info][gc] GC(278) Concurrent reset 0.319ms
[2021-02-07T17:30:59.758+0300][242.070s][info][gc] GC(278) Pause Init Mark (unload classes) 0.147ms
[2021-02-07T17:31:00.066+0300][242.377s][info][gc] GC(278) Concurrent marking (unload classes) 307.011ms
[2021-02-07T17:31:00.066+0300][242.378s][info][gc] GC(278) Pause Final Mark (unload classes) 0.476ms
[2021-02-07T17:31:00.074+0300][242.385s][info][gc] GC(278) Concurrent weak roots 7.160ms
[2021-02-07T17:31:00.074+0300][242.386s][info][gc] GC(278) Concurrent cleanup 231M->231M(256M) 0.016ms
[2021-02-07T17:31:00.076+0300][242.388s][info][gc] GC(278) Concurrent class unloading 2.546ms
[2021-02-07T17:31:00.076+0300][242.388s][info][gc] GC(278) Concurrent strong roots 0.134ms
[2021-02-07T17:31:00.081+0300][242.393s][info][gc] GC(278) Concurrent evacuation 4.271ms
[2021-02-07T17:31:00.084+0300][242.395s][info][gc] GC(278) Pause Init Update Refs 0.010ms
[2021-02-07T17:31:00.219+0300][242.530s][info][gc] GC(278) Concurrent update references 134.709ms
[2021-02-07T17:31:00.219+0300][242.531s][info][gc] GC(278) Pause Final Update Refs 0.123ms
[2021-02-07T17:31:00.220+0300][242.531s][info][gc] GC(278) Concurrent cleanup 234M->223M(256M) 0.025ms
[2021-02-07T17:31:00.222+0300][242.533s][info][gc] Trigger: Free (19622K) is below minimum threshold (26214K)
[2021-02-07T17:31:00.222+0300][242.534s][info][gc] GC(279) Concurrent reset 0.354ms
[2021-02-07T17:31:00.223+0300][242.534s][info][gc] GC(279) Pause Init Mark (unload classes) 0.118ms
[2021-02-07T17:31:00.528+0300][242.840s][info][gc] GC(279) Concurrent marking (unload classes) 305.087ms
[2021-02-07T17:31:00.531+0300][242.843s][info][gc] GC(279) Pause Final Mark (unload classes) 0.409ms
[2021-02-07T17:31:00.537+0300][242.848s][info][gc] GC(279) Concurrent weak roots 5.339ms
[2021-02-07T17:31:00.537+0300][242.848s][info][gc] GC(279) Concurrent cleanup 231M->231M(256M) 0.013ms
[2021-02-07T17:31:00.539+0300][242.851s][info][gc] GC(279) Concurrent class unloading 2.186ms
[2021-02-07T17:31:00.539+0300][242.851s][info][gc] GC(279) Concurrent strong roots 0.130ms
[2021-02-07T17:31:00.543+0300][242.855s][info][gc] GC(279) Concurrent evacuation 4.418ms
[2021-02-07T17:31:00.547+0300][242.859s][info][gc] GC(279) Pause Init Update Refs 0.009ms
[2021-02-07T17:31:00.681+0300][242.993s][info][gc] GC(279) Concurrent update references 134.166ms
[2021-02-07T17:31:00.684+0300][242.996s][info][gc] GC(279) Pause Final Update Refs 0.138ms
[2021-02-07T17:31:00.684+0300][242.996s][info][gc] GC(279) Concurrent cleanup 235M->224M(256M) 0.018ms
[2021-02-07T17:31:00.686+0300][242.997s][info][gc] Trigger: Free (19364K) is below minimum threshold (26214K)
[2021-02-07T17:31:00.686+0300][242.998s][info][gc] GC(280) Concurrent reset 0.318ms
[2021-02-07T17:31:00.687+0300][242.998s][info][gc] GC(280) Pause Init Mark (process weakrefs) (unload classes) 0.146ms
[2021-02-07T17:31:01.017+0300][243.329s][info][gc] GC(280) Concurrent marking (process weakrefs) (unload classes) 330.498ms
[2021-02-07T17:31:01.017+0300][243.329s][info][gc] GC(280) Concurrent precleaning 0.123ms
[2021-02-07T17:31:01.022+0300][243.334s][info][gc] GC(280) Pause Final Mark (process weakrefs) (unload classes) 0.308ms
[2021-02-07T17:31:01.030+0300][243.341s][info][gc] GC(280) Concurrent weak roots 7.577ms
[2021-02-07T17:31:01.030+0300][243.342s][info][gc] GC(280) Concurrent cleanup 232M->232M(256M) 0.017ms
[2021-02-07T17:31:01.032+0300][243.344s][info][gc] GC(280) Concurrent class unloading 2.598ms
[2021-02-07T17:31:01.032+0300][243.344s][info][gc] GC(280) Concurrent strong roots 0.111ms
[2021-02-07T17:31:01.037+0300][243.349s][info][gc] GC(280) Concurrent evacuation 4.238ms
[2021-02-07T17:31:01.040+0300][243.352s][info][gc] GC(280) Pause Init Update Refs 0.011ms
[2021-02-07T17:31:01.172+0300][243.484s][info][gc] GC(280) Concurrent update references 132.211ms
[2021-02-07T17:31:01.173+0300][243.485s][info][gc] GC(280) Pause Final Update Refs 0.118ms
[2021-02-07T17:31:01.173+0300][243.485s][info][gc] GC(280) Concurrent cleanup 234M->223M(256M) 0.015ms
[2021-02-07T17:31:01.175+0300][243.486s][info][gc] Trigger: Free (19620K) is below minimum threshold (26214K)
[2021-02-07T17:31:01.175+0300][243.487s][info][gc] GC(281) Concurrent reset 0.269ms
[2021-02-07T17:31:01.175+0300][243.487s][info][gc] GC(281) Pause Init Mark (unload classes) 0.126ms
[2021-02-07T17:31:01.484+0300][243.796s][info][gc] GC(281) Concurrent marking (unload classes) 308.252ms
[2021-02-07T17:31:01.487+0300][243.799s][info][gc] GC(281) Pause Final Mark (unload classes) 0.423ms
[2021-02-07T17:31:01.495+0300][243.806s][info][gc] GC(281) Concurrent weak roots 7.264ms
[2021-02-07T17:31:01.495+0300][243.806s][info][gc] GC(281) Concurrent cleanup 231M->231M(256M) 0.010ms
[2021-02-07T17:31:01.497+0300][243.809s][info][gc] GC(281) Concurrent class unloading 2.554ms
[2021-02-07T17:31:01.497+0300][243.809s][info][gc] GC(281) Concurrent strong roots 0.131ms
[2021-02-07T17:31:01.501+0300][243.813s][info][gc] GC(281) Concurrent evacuation 4.014ms
[2021-02-07T17:31:01.504+0300][243.816s][info][gc] GC(281) Pause Init Update Refs 0.010ms
[2021-02-07T17:31:01.638+0300][243.950s][info][gc] GC(281) Concurrent update references 134.072ms
[2021-02-07T17:31:01.639+0300][243.950s][info][gc] GC(281) Pause Final Update Refs 0.136ms
[2021-02-07T17:31:01.639+0300][243.951s][info][gc] GC(281) Concurrent cleanup 234M->223M(256M) 0.017ms
[2021-02-07T17:31:01.641+0300][243.952s][info][gc] Trigger: Free (19620K) is below minimum threshold (26214K)
[2021-02-07T17:31:01.641+0300][243.953s][info][gc] GC(282) Concurrent reset 0.311ms
[2021-02-07T17:31:01.641+0300][243.953s][info][gc] GC(282) Pause Init Mark (unload classes) 0.143ms
[2021-02-07T17:31:01.949+0300][244.261s][info][gc] GC(282) Concurrent marking (unload classes) 307.620ms
[2021-02-07T17:31:01.952+0300][244.264s][info][gc] GC(282) Pause Final Mark (unload classes) 0.423ms
[2021-02-07T17:31:01.960+0300][244.271s][info][gc] GC(282) Concurrent weak roots 7.323ms
[2021-02-07T17:31:01.960+0300][244.271s][info][gc] GC(282) Concurrent cleanup 231M->231M(256M) 0.014ms
[2021-02-07T17:31:01.962+0300][244.274s][info][gc] GC(282) Concurrent class unloading 2.381ms
[2021-02-07T17:31:01.962+0300][244.274s][info][gc] GC(282) Concurrent strong roots 0.132ms
[2021-02-07T17:31:01.966+0300][244.278s][info][gc] GC(282) Concurrent evacuation 4.181ms
[2021-02-07T17:31:01.969+0300][244.281s][info][gc] GC(282) Pause Init Update Refs 0.010ms
[2021-02-07T17:31:02.105+0300][244.417s][info][gc] GC(282) Concurrent update references 136.247ms
[2021-02-07T17:31:02.106+0300][244.417s][info][gc] GC(282) Pause Final Update Refs 0.117ms
[2021-02-07T17:31:02.106+0300][244.418s][info][gc] GC(282) Concurrent cleanup 234M->223M(256M) 0.016ms
[2021-02-07T17:31:02.108+0300][244.419s][info][gc] Trigger: Free (19530K) is below minimum threshold (26214K)
[2021-02-07T17:31:02.108+0300][244.420s][info][gc] GC(283) Concurrent reset 0.281ms
[2021-02-07T17:31:02.108+0300][244.420s][info][gc] GC(283) Pause Init Mark (unload classes) 0.119ms
[2021-02-07T17:31:02.429+0300][244.741s][info][gc] GC(283) Concurrent marking (unload classes) 320.819ms
[2021-02-07T17:31:02.432+0300][244.744s][info][gc] GC(283) Pause Final Mark (unload classes) 0.403ms
[2021-02-07T17:31:02.440+0300][244.751s][info][gc] GC(283) Concurrent weak roots 7.376ms
[2021-02-07T17:31:02.440+0300][244.751s][info][gc] GC(283) Concurrent cleanup 232M->232M(256M) 0.011ms
[2021-02-07T17:31:02.442+0300][244.754s][info][gc] GC(283) Concurrent class unloading 2.702ms
[2021-02-07T17:31:02.442+0300][244.754s][info][gc] GC(283) Concurrent strong roots 0.101ms
[2021-02-07T17:31:02.446+0300][244.758s][info][gc] GC(283) Concurrent evacuation 3.691ms
[2021-02-07T17:31:02.447+0300][244.758s][info][gc] GC(283) Pause Init Update Refs 0.009ms
[2021-02-07T17:31:02.579+0300][244.891s][info][gc] GC(283) Concurrent update references 132.309ms
[2021-02-07T17:31:02.582+0300][244.894s][info][gc] GC(283) Pause Final Update Refs 0.136ms
[2021-02-07T17:31:02.582+0300][244.894s][info][gc] GC(283) Concurrent cleanup 234M->223M(256M) 0.017ms
[2021-02-07T17:31:02.584+0300][244.895s][info][gc] Trigger: Free (19620K) is below minimum threshold (26214K)
[2021-02-07T17:31:02.584+0300][244.896s][info][gc] GC(284) Concurrent reset 0.313ms
[2021-02-07T17:31:02.584+0300][244.896s][info][gc] GC(284) Pause Init Mark (unload classes) 0.148ms
[2021-02-07T17:31:02.890+0300][245.202s][info][gc] GC(284) Concurrent marking (unload classes) 305.857ms
[2021-02-07T17:31:02.892+0300][245.204s][info][gc] GC(284) Pause Final Mark (unload classes) 0.436ms
[2021-02-07T17:31:02.900+0300][245.211s][info][gc] GC(284) Concurrent weak roots 7.564ms
[2021-02-07T17:31:02.900+0300][245.211s][info][gc] GC(284) Concurrent cleanup 232M->232M(256M) 0.010ms
[2021-02-07T17:31:02.903+0300][245.214s][info][gc] GC(284) Concurrent class unloading 2.865ms
[2021-02-07T17:31:02.903+0300][245.215s][info][gc] GC(284) Concurrent strong roots 0.133ms
[2021-02-07T17:31:02.906+0300][245.218s][info][gc] GC(284) Concurrent evacuation 3.423ms
[2021-02-07T17:31:02.907+0300][245.219s][info][gc] GC(284) Pause Init Update Refs 0.008ms
[2021-02-07T17:31:03.048+0300][245.360s][info][gc] GC(284) Concurrent update references 141.624ms
[2021-02-07T17:31:03.052+0300][245.364s][info][gc] GC(284) Pause Final Update Refs 0.143ms
[2021-02-07T17:31:03.052+0300][245.364s][info][gc] GC(284) Concurrent cleanup 234M->223M(256M) 0.016ms
[2021-02-07T17:31:03.054+0300][245.365s][info][gc] Trigger: Free (19523K) is below minimum threshold (26214K)
[2021-02-07T17:31:03.054+0300][245.366s][info][gc] GC(285) Concurrent reset 0.308ms
[2021-02-07T17:31:03.054+0300][245.366s][info][gc] GC(285) Pause Init Mark (process weakrefs) (unload classes) 0.136ms
[2021-02-07T17:31:03.361+0300][245.672s][info][gc] GC(285) Concurrent marking (process weakrefs) (unload classes) 306.109ms
[2021-02-07T17:31:03.361+0300][245.673s][info][gc] GC(285) Concurrent precleaning 0.146ms
[2021-02-07T17:31:03.365+0300][245.677s][info][gc] GC(285) Pause Final Mark (process weakrefs) (unload classes) 0.425ms
[2021-02-07T17:31:03.373+0300][245.684s][info][gc] GC(285) Concurrent weak roots 7.308ms
[2021-02-07T17:31:03.373+0300][245.685s][info][gc] GC(285) Concurrent cleanup 232M->232M(256M) 0.011ms
[2021-02-07T17:31:03.375+0300][245.687s][info][gc] GC(285) Concurrent class unloading 2.773ms
[2021-02-07T17:31:03.376+0300][245.687s][info][gc] GC(285) Concurrent strong roots 0.134ms
[2021-02-07T17:31:03.379+0300][245.691s][info][gc] GC(285) Concurrent evacuation 3.703ms
[2021-02-07T17:31:03.380+0300][245.691s][info][gc] GC(285) Pause Init Update Refs 0.009ms
[2021-02-07T17:31:03.511+0300][245.822s][info][gc] GC(285) Concurrent update references 130.834ms
[2021-02-07T17:31:03.512+0300][245.824s][info][gc] GC(285) Pause Final Update Refs 0.140ms
[2021-02-07T17:31:03.512+0300][245.824s][info][gc] GC(285) Concurrent cleanup 234M->223M(256M) 0.016ms
[2021-02-07T17:31:03.514+0300][245.825s][info][gc] Trigger: Free (19620K) is below minimum threshold (26214K)
[2021-02-07T17:31:03.514+0300][245.826s][info][gc] GC(286) Concurrent reset 0.312ms
[2021-02-07T17:31:03.514+0300][245.826s][info][gc] GC(286) Pause Init Mark (unload classes) 0.146ms
[2021-02-07T17:31:03.836+0300][246.148s][info][gc] GC(286) Concurrent marking (unload classes) 321.781ms
[2021-02-07T17:31:03.840+0300][246.152s][info][gc] GC(286) Pause Final Mark (unload classes) 0.419ms
[2021-02-07T17:31:03.861+0300][246.172s][info][gc] GC(286) Concurrent weak roots 20.298ms
[2021-02-07T17:31:03.861+0300][246.173s][info][gc] GC(286) Concurrent cleanup 232M->232M(256M) 0.017ms
[2021-02-07T17:31:03.863+0300][246.175s][info][gc] GC(286) Concurrent class unloading 2.602ms
[2021-02-07T17:31:03.863+0300][246.175s][info][gc] GC(286) Concurrent strong roots 0.105ms
[2021-02-07T17:31:03.867+0300][246.179s][info][gc] GC(286) Concurrent evacuation 3.735ms
[2021-02-07T17:31:03.867+0300][246.179s][info][gc] GC(286) Pause Init Update Refs 0.009ms
[2021-02-07T17:31:04.002+0300][246.314s][info][gc] GC(286) Concurrent update references 134.800ms
[2021-02-07T17:31:04.003+0300][246.315s][info][gc] GC(286) Pause Final Update Refs 0.112ms
[2021-02-07T17:31:04.003+0300][246.315s][info][gc] GC(286) Concurrent cleanup 234M->223M(256M) 0.015ms
[2021-02-07T17:31:04.005+0300][246.316s][info][gc] Trigger: Free (19523K) is below minimum threshold (26214K)
[2021-02-07T17:31:04.005+0300][246.317s][info][gc] GC(287) Concurrent reset 0.380ms
[2021-02-07T17:31:04.005+0300][246.317s][info][gc] GC(287) Pause Init Mark (unload classes) 0.109ms
[2021-02-07T17:31:04.328+0300][246.639s][info][gc] GC(287) Concurrent marking (unload classes) 322.076ms
[2021-02-07T17:31:04.329+0300][246.641s][info][gc] GC(287) Pause Final Mark (unload classes) 0.463ms
[2021-02-07T17:31:04.337+0300][246.648s][info][gc] GC(287) Concurrent weak roots 7.465ms
[2021-02-07T17:31:04.337+0300][246.648s][info][gc] GC(287) Concurrent cleanup 232M->232M(256M) 0.014ms
[2021-02-07T17:31:04.339+0300][246.651s][info][gc] GC(287) Concurrent class unloading 2.708ms
[2021-02-07T17:31:04.340+0300][246.651s][info][gc] GC(287) Concurrent strong roots 0.129ms
[2021-02-07T17:31:04.344+0300][246.655s][info][gc] GC(287) Concurrent evacuation 3.973ms
[2021-02-07T17:31:04.347+0300][246.659s][info][gc] GC(287) Pause Init Update Refs 0.009ms
[2021-02-07T17:31:04.478+0300][246.790s][info][gc] GC(287) Concurrent update references 131.491ms
[2021-02-07T17:31:04.480+0300][246.791s][info][gc] GC(287) Pause Final Update Refs 0.142ms
[2021-02-07T17:31:04.480+0300][246.792s][info][gc] GC(287) Concurrent cleanup 235M->223M(256M) 0.015ms
[2021-02-07T17:31:04.482+0300][246.793s][info][gc] Trigger: Free (19620K) is below minimum threshold (26214K)
[2021-02-07T17:31:04.482+0300][246.794s][info][gc] GC(288) Concurrent reset 0.280ms
[2021-02-07T17:31:04.482+0300][246.794s][info][gc] GC(288) Pause Init Mark (unload classes) 0.147ms
[2021-02-07T17:31:04.803+0300][247.115s][info][gc] GC(288) Concurrent marking (unload classes) 320.800ms
[2021-02-07T17:31:04.804+0300][247.116s][info][gc] GC(288) Pause Final Mark (unload classes) 0.353ms
[2021-02-07T17:31:04.810+0300][247.121s][info][gc] GC(288) Concurrent weak roots 5.263ms
[2021-02-07T17:31:04.810+0300][247.121s][info][gc] GC(288) Concurrent cleanup 230M->230M(256M) 0.011ms
[2021-02-07T17:31:04.811+0300][247.123s][info][gc] GC(288) Concurrent class unloading 1.838ms
[2021-02-07T17:31:04.812+0300][247.123s][info][gc] GC(288) Concurrent strong roots 0.071ms
[2021-02-07T17:31:04.816+0300][247.128s][info][gc] GC(288) Concurrent evacuation 4.626ms
[2021-02-07T17:31:04.819+0300][247.130s][info][gc] GC(288) Pause Init Update Refs 0.011ms
[2021-02-07T17:31:04.953+0300][247.265s][info][gc] GC(288) Concurrent update references 134.109ms
[2021-02-07T17:31:04.956+0300][247.268s][info][gc] GC(288) Pause Final Update Refs 0.139ms
[2021-02-07T17:31:04.956+0300][247.268s][info][gc] GC(288) Concurrent cleanup 234M->223M(256M) 0.018ms
[2021-02-07T17:31:04.958+0300][247.269s][info][gc] Trigger: Free (19620K) is below minimum threshold (26214K)
[2021-02-07T17:31:04.958+0300][247.270s][info][gc] GC(289) Concurrent reset 0.304ms
[2021-02-07T17:31:04.958+0300][247.270s][info][gc] GC(289) Pause Init Mark (unload classes) 0.145ms
[2021-02-07T17:31:05.270+0300][247.582s][info][gc] GC(289) Concurrent marking (unload classes) 311.532ms
[2021-02-07T17:31:05.275+0300][247.587s][info][gc] GC(289) Pause Final Mark (unload classes) 0.430ms
[2021-02-07T17:31:05.283+0300][247.594s][info][gc] GC(289) Concurrent weak roots 7.289ms
[2021-02-07T17:31:05.283+0300][247.594s][info][gc] GC(289) Concurrent cleanup 232M->232M(256M) 0.015ms
[2021-02-07T17:31:05.286+0300][247.597s][info][gc] GC(289) Concurrent class unloading 2.982ms
[2021-02-07T17:31:05.286+0300][247.598s][info][gc] GC(289) Concurrent strong roots 0.134ms
[2021-02-07T17:31:05.289+0300][247.601s][info][gc] GC(289) Concurrent evacuation 3.641ms
[2021-02-07T17:31:05.290+0300][247.602s][info][gc] GC(289) Pause Init Update Refs 0.009ms
[2021-02-07T17:31:05.424+0300][247.735s][info][gc] GC(289) Concurrent update references 133.551ms
[2021-02-07T17:31:05.424+0300][247.736s][info][gc] GC(289) Pause Final Update Refs 0.139ms
[2021-02-07T17:31:05.425+0300][247.736s][info][gc] GC(289) Concurrent cleanup 234M->223M(256M) 0.015ms
[2021-02-07T17:31:05.427+0300][247.738s][info][gc] Trigger: Free (19620K) is below minimum threshold (26214K)
[2021-02-07T17:31:05.427+0300][247.739s][info][gc] GC(290) Concurrent reset 0.314ms
[2021-02-07T17:31:05.427+0300][247.739s][info][gc] GC(290) Pause Init Mark (process weakrefs) (unload classes) 0.148ms
[2021-02-07T17:31:05.732+0300][248.044s][info][gc] GC(290) Concurrent marking (process weakrefs) (unload classes) 304.624ms
[2021-02-07T17:31:05.732+0300][248.044s][info][gc] GC(290) Concurrent precleaning 0.146ms
[2021-02-07T17:31:05.737+0300][248.049s][info][gc] GC(290) Pause Final Mark (process weakrefs) (unload classes) 0.440ms
[2021-02-07T17:31:05.745+0300][248.056s][info][gc] GC(290) Concurrent weak roots 7.324ms
[2021-02-07T17:31:05.745+0300][248.057s][info][gc] GC(290) Concurrent cleanup 231M->231M(256M) 0.014ms
[2021-02-07T17:31:05.747+0300][248.059s][info][gc] GC(290) Concurrent class unloading 2.445ms
[2021-02-07T17:31:05.747+0300][248.059s][info][gc] GC(290) Concurrent strong roots 0.102ms
[2021-02-07T17:31:05.752+0300][248.063s][info][gc] GC(290) Concurrent evacuation 4.242ms
[2021-02-07T17:31:05.755+0300][248.067s][info][gc] GC(290) Pause Init Update Refs 0.009ms
[2021-02-07T17:31:05.887+0300][248.199s][info][gc] GC(290) Concurrent update references 132.303ms
[2021-02-07T17:31:05.890+0300][248.202s][info][gc] GC(290) Pause Final Update Refs 0.138ms
[2021-02-07T17:31:05.890+0300][248.202s][info][gc] GC(290) Concurrent cleanup 234M->223M(256M) 0.019ms
[2021-02-07T17:31:05.892+0300][248.203s][info][gc] Trigger: Free (19844K) is below minimum threshold (26214K)
[2021-02-07T17:31:05.892+0300][248.204s][info][gc] GC(291) Concurrent reset 0.312ms
[2021-02-07T17:31:05.892+0300][248.204s][info][gc] GC(291) Pause Init Mark (unload classes) 0.144ms
[2021-02-07T17:31:06.212+0300][248.524s][info][gc] GC(291) Concurrent marking (unload classes) 319.708ms
[2021-02-07T17:31:06.213+0300][248.525s][info][gc] GC(291) Pause Final Mark (unload classes) 0.421ms
[2021-02-07T17:31:06.221+0300][248.532s][info][gc] GC(291) Concurrent weak roots 7.273ms
[2021-02-07T17:31:06.221+0300][248.532s][info][gc] GC(291) Concurrent cleanup 231M->231M(256M) 0.022ms
[2021-02-07T17:31:06.223+0300][248.535s][info][gc] GC(291) Concurrent class unloading 2.591ms
[2021-02-07T17:31:06.223+0300][248.535s][info][gc] GC(291) Concurrent strong roots 0.131ms
[2021-02-07T17:31:06.228+0300][248.539s][info][gc] GC(291) Concurrent evacuation 4.111ms
[2021-02-07T17:31:06.231+0300][248.543s][info][gc] GC(291) Pause Init Update Refs 0.009ms
[2021-02-07T17:31:06.361+0300][248.673s][info][gc] GC(291) Concurrent update references 129.822ms
[2021-02-07T17:31:06.361+0300][248.673s][info][gc] GC(291) Pause Final Update Refs 0.136ms
[2021-02-07T17:31:06.361+0300][248.673s][info][gc] GC(291) Concurrent cleanup 234M->223M(256M) 0.016ms
[2021-02-07T17:31:06.363+0300][248.674s][info][gc] Trigger: Free (19620K) is below minimum threshold (26214K)
[2021-02-07T17:31:06.363+0300][248.675s][info][gc] GC(292) Concurrent reset 0.296ms
[2021-02-07T17:31:06.363+0300][248.675s][info][gc] GC(292) Pause Init Mark (unload classes) 0.148ms
[2021-02-07T17:31:06.686+0300][248.997s][info][gc] GC(292) Concurrent marking (unload classes) 322.076ms
[2021-02-07T17:31:06.689+0300][249.001s][info][gc] GC(292) Pause Final Mark (unload classes) 0.435ms
[2021-02-07T17:31:06.697+0300][249.008s][info][gc] GC(292) Concurrent weak roots 7.309ms
[2021-02-07T17:31:06.697+0300][249.008s][info][gc] GC(292) Concurrent cleanup 232M->232M(256M) 0.011ms
[2021-02-07T17:31:06.701+0300][249.013s][info][gc] GC(292) Concurrent class unloading 4.090ms
[2021-02-07T17:31:06.701+0300][249.013s][info][gc] GC(292) Concurrent strong roots 0.105ms
[2021-02-07T17:31:06.704+0300][249.016s][info][gc] GC(292) Concurrent evacuation 3.622ms
[2021-02-07T17:31:06.708+0300][249.019s][info][gc] GC(292) Pause Init Update Refs 0.009ms
[2021-02-07T17:31:06.839+0300][249.151s][info][gc] GC(292) Concurrent update references 130.952ms
[2021-02-07T17:31:06.842+0300][249.154s][info][gc] GC(292) Pause Final Update Refs 0.116ms
[2021-02-07T17:31:06.842+0300][249.154s][info][gc] GC(292) Concurrent cleanup 234M->223M(256M) 0.017ms
[2021-02-07T17:31:06.844+0300][249.155s][info][gc] Trigger: Free (19844K) is below minimum threshold (26214K)
[2021-02-07T17:31:06.844+0300][249.156s][info][gc] GC(293) Concurrent reset 0.310ms
[2021-02-07T17:31:06.844+0300][249.156s][info][gc] GC(293) Pause Init Mark (unload classes) 0.117ms
[2021-02-07T17:31:07.155+0300][249.467s][info][gc] GC(293) Concurrent marking (unload classes) 310.864ms
[2021-02-07T17:31:07.156+0300][249.468s][info][gc] GC(293) Pause Final Mark (unload classes) 0.439ms
[2021-02-07T17:31:07.163+0300][249.475s][info][gc] GC(293) Concurrent weak roots 6.742ms
[2021-02-07T17:31:07.163+0300][249.475s][info][gc] GC(293) Concurrent cleanup 231M->231M(256M) 0.010ms
[2021-02-07T17:31:07.167+0300][249.479s][info][gc] GC(293) Concurrent class unloading 4.040ms
[2021-02-07T17:31:07.167+0300][249.479s][info][gc] GC(293) Concurrent strong roots 0.135ms
[2021-02-07T17:31:07.171+0300][249.484s][info][gc] GC(293) Concurrent evacuation 4.321ms
[2021-02-07T17:31:07.173+0300][249.485s][info][gc] GC(293) Pause Init Update Refs 0.009ms
[2021-02-07T17:31:07.305+0300][249.617s][info][gc] GC(293) Concurrent update references 132.726ms
[2021-02-07T17:31:07.308+0300][249.620s][info][gc] GC(293) Pause Final Update Refs 0.139ms
[2021-02-07T17:31:07.308+0300][249.620s][info][gc] GC(293) Concurrent cleanup 234M->223M(256M) 0.019ms
[2021-02-07T17:31:07.310+0300][249.622s][info][gc] Trigger: Free (19620K) is below minimum threshold (26214K)
[2021-02-07T17:31:07.310+0300][249.622s][info][gc] GC(294) Concurrent reset 0.307ms
[2021-02-07T17:31:07.310+0300][249.622s][info][gc] GC(294) Pause Init Mark (unload classes) 0.145ms
[2021-02-07T17:31:07.630+0300][249.942s][info][gc] GC(294) Concurrent marking (unload classes) 319.156ms
[2021-02-07T17:31:07.641+0300][249.953s][info][gc] GC(294) Pause Final Mark (unload classes) 0.421ms
[2021-02-07T17:31:07.647+0300][249.959s][info][gc] GC(294) Concurrent weak roots 5.321ms
[2021-02-07T17:31:07.647+0300][249.959s][info][gc] GC(294) Concurrent cleanup 231M->231M(256M) 0.011ms
[2021-02-07T17:31:07.649+0300][249.961s][info][gc] GC(294) Concurrent class unloading 2.163ms
[2021-02-07T17:31:07.649+0300][249.961s][info][gc] GC(294) Concurrent strong roots 0.127ms
[2021-02-07T17:31:07.654+0300][249.966s][info][gc] GC(294) Concurrent evacuation 4.562ms
[2021-02-07T17:31:07.657+0300][249.969s][info][gc] GC(294) Pause Init Update Refs 0.010ms
[2021-02-07T17:31:07.791+0300][250.103s][info][gc] GC(294) Concurrent update references 134.621ms
[2021-02-07T17:31:07.794+0300][250.106s][info][gc] GC(294) Pause Final Update Refs 0.142ms
[2021-02-07T17:31:07.794+0300][250.106s][info][gc] GC(294) Concurrent cleanup 234M->223M(256M) 0.025ms
[2021-02-07T17:31:07.796+0300][250.108s][info][gc] Trigger: Free (19858K) is below minimum threshold (26214K)
[2021-02-07T17:31:07.796+0300][250.108s][info][gc] GC(295) Concurrent reset 0.342ms
[2021-02-07T17:31:07.796+0300][250.108s][info][gc] GC(295) Pause Init Mark (process weakrefs) (unload classes) 0.150ms
[2021-02-07T17:31:08.121+0300][250.433s][info][gc] GC(295) Concurrent marking (process weakrefs) (unload classes) 324.265ms
[2021-02-07T17:31:08.121+0300][250.433s][info][gc] GC(295) Concurrent precleaning 0.144ms
[2021-02-07T17:31:08.122+0300][250.434s][info][gc] GC(295) Pause Final Mark (process weakrefs) (unload classes) 0.341ms
[2021-02-07T17:31:08.130+0300][250.442s][info][gc] GC(295) Concurrent weak roots 7.091ms
[2021-02-07T17:31:08.130+0300][250.442s][info][gc] GC(295) Concurrent cleanup 231M->231M(256M) 0.013ms
[2021-02-07T17:31:08.132+0300][250.444s][info][gc] GC(295) Concurrent class unloading 2.510ms
[2021-02-07T17:31:08.132+0300][250.444s][info][gc] GC(295) Concurrent strong roots 0.134ms
[2021-02-07T17:31:08.137+0300][250.449s][info][gc] GC(295) Concurrent evacuation 4.296ms
[2021-02-07T17:31:08.140+0300][250.452s][info][gc] GC(295) Pause Init Update Refs 0.009ms
[2021-02-07T17:31:08.270+0300][250.582s][info][gc] GC(295) Concurrent update references 130.417ms
[2021-02-07T17:31:08.272+0300][250.584s][info][gc] GC(295) Pause Final Update Refs 0.132ms
[2021-02-07T17:31:08.272+0300][250.584s][info][gc] GC(295) Concurrent cleanup 234M->223M(256M) 0.017ms
[2021-02-07T17:31:08.274+0300][250.586s][info][gc] Trigger: Free (19620K) is below minimum threshold (26214K)
[2021-02-07T17:31:08.274+0300][250.586s][info][gc] GC(296) Concurrent reset 0.310ms
[2021-02-07T17:31:08.274+0300][250.586s][info][gc] GC(296) Pause Init Mark (unload classes) 0.140ms
[2021-02-07T17:31:08.578+0300][250.890s][info][gc] GC(296) Concurrent marking (unload classes) 303.450ms
[2021-02-07T17:31:08.581+0300][250.893s][info][gc] GC(296) Pause Final Mark (unload classes) 0.330ms
[2021-02-07T17:31:08.589+0300][250.901s][info][gc] GC(296) Concurrent weak roots 7.418ms
[2021-02-07T17:31:08.589+0300][250.901s][info][gc] GC(296) Concurrent cleanup 232M->232M(256M) 0.017ms
[2021-02-07T17:31:08.591+0300][250.903s][info][gc] GC(296) Concurrent class unloading 2.804ms
[2021-02-07T17:31:08.592+0300][250.904s][info][gc] GC(296) Concurrent strong roots 0.137ms
[2021-02-07T17:31:08.595+0300][250.907s][info][gc] GC(296) Concurrent evacuation 3.712ms
[2021-02-07T17:31:08.596+0300][250.908s][info][gc] GC(296) Pause Init Update Refs 0.009ms
[2021-02-07T17:31:08.729+0300][251.041s][info][gc] GC(296) Concurrent update references 133.226ms
[2021-02-07T17:31:08.732+0300][251.044s][info][gc] GC(296) Pause Final Update Refs 0.138ms
[2021-02-07T17:31:08.732+0300][251.044s][info][gc] GC(296) Concurrent cleanup 234M->223M(256M) 0.018ms
[2021-02-07T17:31:08.734+0300][251.046s][info][gc] Trigger: Free (19876K) is below minimum threshold (26214K)
[2021-02-07T17:31:08.734+0300][251.046s][info][gc] GC(297) Concurrent reset 0.319ms
[2021-02-07T17:31:08.734+0300][251.046s][info][gc] GC(297) Pause Init Mark (unload classes) 0.147ms
[2021-02-07T17:31:09.041+0300][251.353s][info][gc] GC(297) Concurrent marking (unload classes) 305.952ms
[2021-02-07T17:31:09.044+0300][251.356s][info][gc] GC(297) Pause Final Mark (unload classes) 0.419ms
[2021-02-07T17:31:09.052+0300][251.364s][info][gc] GC(297) Concurrent weak roots 7.296ms
[2021-02-07T17:31:09.052+0300][251.364s][info][gc] GC(297) Concurrent cleanup 232M->232M(256M) 0.011ms
[2021-02-07T17:31:09.056+0300][251.368s][info][gc] GC(297) Concurrent class unloading 4.075ms
[2021-02-07T17:31:09.056+0300][251.368s][info][gc] GC(297) Concurrent strong roots 0.129ms
[2021-02-07T17:31:09.059+0300][251.371s][info][gc] GC(297) Concurrent evacuation 3.472ms
[2021-02-07T17:31:09.062+0300][251.374s][info][gc] GC(297) Pause Init Update Refs 0.009ms
[2021-02-07T17:31:09.193+0300][251.505s][info][gc] GC(297) Concurrent update references 131.439ms
[2021-02-07T17:31:09.196+0300][251.508s][info][gc] GC(297) Pause Final Update Refs 0.137ms
[2021-02-07T17:31:09.196+0300][251.508s][info][gc] GC(297) Concurrent cleanup 234M->223M(256M) 0.016ms
[2021-02-07T17:31:09.198+0300][251.510s][info][gc] Trigger: Free (19876K) is below minimum threshold (26214K)
[2021-02-07T17:31:09.198+0300][251.510s][info][gc] GC(298) Concurrent reset 0.309ms
[2021-02-07T17:31:09.198+0300][251.510s][info][gc] GC(298) Pause Init Mark (unload classes) 0.147ms
[2021-02-07T17:31:09.503+0300][251.815s][info][gc] GC(298) Concurrent marking (unload classes) 304.364ms
[2021-02-07T17:31:09.506+0300][251.818s][info][gc] GC(298) Pause Final Mark (unload classes) 0.426ms
[2021-02-07T17:31:09.514+0300][251.826s][info][gc] GC(298) Concurrent weak roots 7.366ms
[2021-02-07T17:31:09.514+0300][251.826s][info][gc] GC(298) Concurrent cleanup 231M->231M(256M) 0.016ms
[2021-02-07T17:31:09.516+0300][251.828s][info][gc] GC(298) Concurrent class unloading 2.620ms
[2021-02-07T17:31:09.516+0300][251.828s][info][gc] GC(298) Concurrent strong roots 0.115ms
[2021-02-07T17:31:09.521+0300][251.833s][info][gc] GC(298) Concurrent evacuation 4.333ms
[2021-02-07T17:31:09.524+0300][251.836s][info][gc] GC(298) Pause Init Update Refs 0.011ms
[2021-02-07T17:31:09.664+0300][251.976s][info][gc] GC(298) Concurrent update references 140.372ms
[2021-02-07T17:31:09.667+0300][251.979s][info][gc] GC(298) Pause Final Update Refs 0.132ms
[2021-02-07T17:31:09.667+0300][251.979s][info][gc] GC(298) Concurrent cleanup 234M->223M(256M) 0.017ms
[2021-02-07T17:31:09.669+0300][251.981s][info][gc] Trigger: Free (19876K) is below minimum threshold (26214K)
[2021-02-07T17:31:09.669+0300][251.981s][info][gc] GC(299) Concurrent reset 0.280ms
[2021-02-07T17:31:09.669+0300][251.981s][info][gc] GC(299) Pause Init Mark (unload classes) 0.141ms
[2021-02-07T17:31:09.990+0300][252.302s][info][gc] GC(299) Concurrent marking (unload classes) 320.547ms
[2021-02-07T17:31:09.991+0300][252.303s][info][gc] GC(299) Pause Final Mark (unload classes) 0.338ms
[2021-02-07T17:31:10.007+0300][252.319s][info][gc] GC(299) Concurrent weak roots 15.700ms
[2021-02-07T17:31:10.007+0300][252.319s][info][gc] GC(299) Concurrent cleanup 230M->230M(256M) 0.017ms
[2021-02-07T17:31:10.009+0300][252.321s][info][gc] GC(299) Concurrent class unloading 2.343ms
[2021-02-07T17:31:10.009+0300][252.321s][info][gc] GC(299) Concurrent strong roots 0.135ms
[2021-02-07T17:31:10.014+0300][252.326s][info][gc] GC(299) Concurrent evacuation 4.507ms
[2021-02-07T17:31:10.022+0300][252.334s][info][gc] GC(299) Pause Init Update Refs 0.012ms
[2021-02-07T17:31:10.157+0300][252.469s][info][gc] GC(299) Concurrent update references 135.087ms
[2021-02-07T17:31:10.161+0300][252.472s][info][gc] GC(299) Pause Final Update Refs 0.136ms
[2021-02-07T17:31:10.161+0300][252.472s][info][gc] GC(299) Concurrent cleanup 234M->223M(256M) 0.017ms
[2021-02-07T17:31:10.162+0300][252.474s][info][gc] Trigger: Free (19634K) is below minimum threshold (26214K)
[2021-02-07T17:31:10.162+0300][252.474s][info][gc] GC(300) Concurrent reset 0.311ms
[2021-02-07T17:31:10.162+0300][252.475s][info][gc] GC(300) Pause Init Mark (process weakrefs) (unload classes) 0.141ms
[2021-02-07T17:31:10.465+0300][252.778s][info][gc] GC(300) Concurrent marking (process weakrefs) (unload classes) 302.801ms
[2021-02-07T17:31:10.466+0300][252.778s][info][gc] GC(300) Concurrent precleaning 0.140ms
[2021-02-07T17:31:10.471+0300][252.783s][info][gc] GC(300) Pause Final Mark (process weakrefs) (unload classes) 0.440ms
[2021-02-07T17:31:10.482+0300][252.794s][info][gc] GC(300) Concurrent weak roots 11.227ms
[2021-02-07T17:31:10.482+0300][252.794s][info][gc] GC(300) Concurrent cleanup 231M->231M(256M) 0.012ms
[2021-02-07T17:31:10.498+0300][252.810s][info][gc] GC(300) Concurrent class unloading 16.149ms
[2021-02-07T17:31:10.498+0300][252.810s][info][gc] GC(300) Concurrent strong roots 0.144ms
[2021-02-07T17:31:10.502+0300][252.815s][info][gc] GC(300) Concurrent evacuation 4.383ms
[2021-02-07T17:31:10.514+0300][252.825s][info][gc] GC(300) Pause Init Update Refs 0.010ms
[2021-02-07T17:31:10.655+0300][252.967s][info][gc] GC(300) Concurrent update references 141.750ms
[2021-02-07T17:31:10.658+0300][252.970s][info][gc] GC(300) Pause Final Update Refs 0.066ms
[2021-02-07T17:31:10.658+0300][252.970s][info][gc] GC(300) Concurrent cleanup 234M->223M(256M) 0.018ms
[2021-02-07T17:31:10.660+0300][252.971s][info][gc] Trigger: Free (20132K) is below minimum threshold (26214K)
[2021-02-07T17:31:10.660+0300][252.972s][info][gc] GC(301) Concurrent reset 0.314ms
[2021-02-07T17:31:10.660+0300][252.972s][info][gc] GC(301) Pause Init Mark (unload classes) 0.141ms
[2021-02-07T17:31:11.013+0300][253.325s][info][gc] GC(301) Concurrent marking (unload classes) 352.959ms
[2021-02-07T17:31:11.024+0300][253.336s][info][gc] GC(301) Pause Final Mark (unload classes) 0.438ms
[2021-02-07T17:31:11.032+0300][253.343s][info][gc] GC(301) Concurrent weak roots 7.373ms
[2021-02-07T17:31:11.032+0300][253.343s][info][gc] GC(301) Concurrent cleanup 231M->231M(256M) 0.014ms
[2021-02-07T17:31:11.034+0300][253.346s][info][gc] GC(301) Concurrent class unloading 2.575ms
[2021-02-07T17:31:11.034+0300][253.346s][info][gc] GC(301) Concurrent strong roots 0.133ms
[2021-02-07T17:31:11.038+0300][253.350s][info][gc] GC(301) Concurrent evacuation 3.942ms
[2021-02-07T17:31:11.041+0300][253.352s][info][gc] GC(301) Pause Init Update Refs 0.009ms
[2021-02-07T17:31:11.176+0300][253.488s][info][gc] GC(301) Concurrent update references 134.881ms
[2021-02-07T17:31:11.177+0300][253.489s][info][gc] GC(301) Pause Final Update Refs 0.135ms
[2021-02-07T17:31:11.177+0300][253.489s][info][gc] GC(301) Concurrent cleanup 234M->223M(256M) 0.016ms
[2021-02-07T17:31:11.183+0300][253.495s][info][gc] Trigger: Free (20146K) is below minimum threshold (26214K)
[2021-02-07T17:31:11.183+0300][253.495s][info][gc] GC(302) Concurrent reset 0.501ms
[2021-02-07T17:31:11.184+0300][253.496s][info][gc] GC(302) Pause Init Mark (unload classes) 0.126ms
[2021-02-07T17:31:11.486+0300][253.798s][info][gc] GC(302) Concurrent marking (unload classes) 302.353ms
[2021-02-07T17:31:11.489+0300][253.801s][info][gc] GC(302) Pause Final Mark (unload classes) 0.416ms
[2021-02-07T17:31:11.497+0300][253.809s][info][gc] GC(302) Concurrent weak roots 7.316ms
[2021-02-07T17:31:11.497+0300][253.809s][info][gc] GC(302) Concurrent cleanup 232M->232M(256M) 0.009ms
[2021-02-07T17:31:11.501+0300][253.813s][info][gc] GC(302) Concurrent class unloading 4.073ms
[2021-02-07T17:31:11.501+0300][253.813s][info][gc] GC(302) Concurrent strong roots 0.103ms
[2021-02-07T17:31:11.504+0300][253.816s][info][gc] GC(302) Concurrent evacuation 3.424ms
[2021-02-07T17:31:11.507+0300][253.819s][info][gc] GC(302) Pause Init Update Refs 0.009ms
[2021-02-07T17:31:11.643+0300][253.955s][info][gc] GC(302) Concurrent update references 136.308ms
[2021-02-07T17:31:11.646+0300][253.958s][info][gc] GC(302) Pause Final Update Refs 0.134ms
[2021-02-07T17:31:11.646+0300][253.958s][info][gc] GC(302) Concurrent cleanup 234M->223M(256M) 0.015ms
[2021-02-07T17:31:11.648+0300][253.960s][info][gc] Trigger: Free (20132K) is below minimum threshold (26214K)
[2021-02-07T17:31:11.648+0300][253.960s][info][gc] GC(303) Concurrent reset 0.282ms
[2021-02-07T17:31:11.648+0300][253.960s][info][gc] GC(303) Pause Init Mark (unload classes) 0.138ms
[2021-02-07T17:31:11.969+0300][254.281s][info][gc] GC(303) Concurrent marking (unload classes) 320.379ms
[2021-02-07T17:31:11.972+0300][254.284s][info][gc] GC(303) Pause Final Mark (unload classes) 0.426ms
[2021-02-07T17:31:11.980+0300][254.292s][info][gc] GC(303) Concurrent weak roots 7.334ms
[2021-02-07T17:31:11.980+0300][254.292s][info][gc] GC(303) Concurrent cleanup 232M->232M(256M) 0.010ms
[2021-02-07T17:31:11.983+0300][254.295s][info][gc] GC(303) Concurrent class unloading 3.291ms
[2021-02-07T17:31:11.983+0300][254.295s][info][gc] GC(303) Concurrent strong roots 0.102ms
[2021-02-07T17:31:11.986+0300][254.298s][info][gc] GC(303) Concurrent evacuation 3.326ms
[2021-02-07T17:31:11.987+0300][254.299s][info][gc] GC(303) Pause Init Update Refs 0.009ms
[2021-02-07T17:31:12.117+0300][254.429s][info][gc] GC(303) Concurrent update references 130.088ms
[2021-02-07T17:31:12.118+0300][254.430s][info][gc] GC(303) Pause Final Update Refs 0.077ms
[2021-02-07T17:31:12.118+0300][254.430s][info][gc] GC(303) Concurrent cleanup 234M->223M(256M) 0.016ms
[2021-02-07T17:31:12.120+0300][254.432s][info][gc] Trigger: Free (20035K) is below minimum threshold (26214K)
[2021-02-07T17:31:12.120+0300][254.432s][info][gc] GC(304) Concurrent reset 0.311ms
[2021-02-07T17:31:12.120+0300][254.432s][info][gc] GC(304) Pause Init Mark (unload classes) 0.146ms
[2021-02-07T17:31:12.420+0300][254.732s][info][gc] GC(304) Concurrent marking (unload classes) 299.450ms
[2021-02-07T17:31:12.437+0300][254.749s][info][gc] GC(304) Pause Final Mark (unload classes) 0.445ms
[2021-02-07T17:31:12.445+0300][254.757s][info][gc] GC(304) Concurrent weak roots 7.323ms
[2021-02-07T17:31:12.445+0300][254.757s][info][gc] GC(304) Concurrent cleanup 231M->231M(256M) 0.009ms
[2021-02-07T17:31:12.447+0300][254.759s][info][gc] GC(304) Concurrent class unloading 2.461ms
[2021-02-07T17:31:12.447+0300][254.759s][info][gc] GC(304) Concurrent strong roots 0.100ms
[2021-02-07T17:31:12.451+0300][254.763s][info][gc] GC(304) Concurrent evacuation 4.045ms
[2021-02-07T17:31:12.454+0300][254.766s][info][gc] GC(304) Pause Init Update Refs 0.011ms
[2021-02-07T17:31:12.585+0300][254.897s][info][gc] GC(304) Concurrent update references 131.559ms
[2021-02-07T17:31:12.588+0300][254.900s][info][gc] GC(304) Pause Final Update Refs 0.148ms
[2021-02-07T17:31:12.588+0300][254.900s][info][gc] GC(304) Concurrent cleanup 248M->237M(256M) 0.015ms
[2021-02-07T17:31:12.590+0300][254.902s][info][gc] Trigger: Free (5883K) is below minimum threshold (26214K)
[2021-02-07T17:31:12.590+0300][254.902s][info][gc] GC(305) Concurrent reset 0.312ms
[2021-02-07T17:31:12.590+0300][254.903s][info][gc] GC(305) Pause Init Mark (process weakrefs) (unload classes) 0.152ms
[2021-02-07T17:31:12.927+0300][255.239s][info][gc] GC(305) Concurrent marking (process weakrefs) (unload classes) 336.135ms
[2021-02-07T17:31:12.927+0300][255.239s][info][gc] GC(305) Concurrent precleaning 0.142ms
[2021-02-07T17:31:12.930+0300][255.243s][info][gc] GC(305) Pause Final Mark (process weakrefs) (unload classes) 0.546ms
[2021-02-07T17:31:12.946+0300][255.258s][info][gc] GC(305) Concurrent weak roots 15.184ms
[2021-02-07T17:31:12.946+0300][255.258s][info][gc] GC(305) Concurrent cleanup 240M->240M(256M) 0.016ms
[2021-02-07T17:31:12.949+0300][255.261s][info][gc] GC(305) Concurrent class unloading 3.134ms
[2021-02-07T17:31:12.949+0300][255.261s][info][gc] GC(305) Concurrent strong roots 0.133ms
[2021-02-07T17:31:12.956+0300][255.268s][info][gc] GC(305) Concurrent evacuation 7.118ms
[2021-02-07T17:31:12.962+0300][255.274s][info][gc] GC(305) Pause Init Update Refs 0.010ms
[2021-02-07T17:31:13.106+0300][255.418s][info][gc] GC(305) Concurrent update references 144.205ms
[2021-02-07T17:31:13.107+0300][255.419s][info][gc] GC(305) Pause Final Update Refs 0.139ms
[2021-02-07T17:31:13.107+0300][255.419s][info][gc] GC(305) Concurrent cleanup 248M->237M(256M) 0.018ms
[2021-02-07T17:31:13.109+0300][255.421s][info][gc] Trigger: Free (5702K) is below minimum threshold (26214K)
[2021-02-07T17:31:13.109+0300][255.421s][info][gc] GC(306) Concurrent reset 0.327ms
[2021-02-07T17:31:13.109+0300][255.422s][info][gc] GC(306) Pause Init Mark (unload classes) 0.147ms
[2021-02-07T17:31:13.433+0300][255.745s][info][gc] GC(306) Concurrent marking (unload classes) 323.103ms
[2021-02-07T17:31:13.434+0300][255.746s][info][gc] GC(306) Pause Final Mark (unload classes) 0.406ms
[2021-02-07T17:31:13.439+0300][255.751s][info][gc] GC(306) Concurrent weak roots 4.750ms
[2021-02-07T17:31:13.439+0300][255.751s][info][gc] GC(306) Concurrent cleanup 239M->239M(256M) 0.010ms
[2021-02-07T17:31:13.443+0300][255.755s][info][gc] GC(306) Concurrent class unloading 4.070ms
[2021-02-07T17:31:13.443+0300][255.755s][info][gc] GC(306) Concurrent strong roots 0.121ms
[2021-02-07T17:31:13.451+0300][255.763s][info][gc] GC(306) Concurrent evacuation 7.605ms
[2021-02-07T17:31:13.452+0300][255.764s][info][gc] GC(306) Pause Init Update Refs 0.009ms
[2021-02-07T17:31:13.594+0300][255.906s][info][gc] GC(306) Concurrent update references 142.042ms
[2021-02-07T17:31:13.597+0300][255.909s][info][gc] GC(306) Pause Final Update Refs 0.140ms
[2021-02-07T17:31:13.597+0300][255.909s][info][gc] GC(306) Concurrent cleanup 248M->236M(256M) 0.017ms
[2021-02-07T17:31:13.599+0300][255.911s][info][gc] Trigger: Free (6308K) is below minimum threshold (26214K)
[2021-02-07T17:31:13.599+0300][255.911s][info][gc] GC(307) Concurrent reset 0.337ms
[2021-02-07T17:31:13.599+0300][255.912s][info][gc] GC(307) Pause Init Mark (unload classes) 0.185ms
[2021-02-07T17:31:13.936+0300][256.248s][info][gc] GC(307) Concurrent marking (unload classes) 336.227ms
[2021-02-07T17:31:13.940+0300][256.252s][info][gc] GC(307) Pause Final Mark (unload classes) 0.351ms
[2021-02-07T17:31:13.956+0300][256.268s][info][gc] GC(307) Concurrent weak roots 15.310ms
[2021-02-07T17:31:13.956+0300][256.268s][info][gc] GC(307) Concurrent cleanup 238M->238M(256M) 0.017ms
[2021-02-07T17:31:13.958+0300][256.270s][info][gc] GC(307) Concurrent class unloading 2.099ms
[2021-02-07T17:31:13.958+0300][256.270s][info][gc] GC(307) Concurrent strong roots 0.127ms
[2021-02-07T17:31:13.966+0300][256.278s][info][gc] GC(307) Concurrent evacuation 7.605ms
[2021-02-07T17:31:13.972+0300][256.284s][info][gc] GC(307) Pause Init Update Refs 0.011ms
[2021-02-07T17:31:14.119+0300][256.431s][info][gc] GC(307) Concurrent update references 147.362ms
[2021-02-07T17:31:14.120+0300][256.433s][info][gc] GC(307) Pause Final Update Refs 0.138ms
[2021-02-07T17:31:14.120+0300][256.433s][info][gc] GC(307) Concurrent cleanup 247M->237M(256M) 0.017ms
[2021-02-07T17:31:14.123+0300][256.435s][info][gc] Trigger: Free (5959K) is below minimum threshold (26214K)
[2021-02-07T17:31:14.123+0300][256.435s][info][gc] GC(308) Concurrent reset 0.297ms
[2021-02-07T17:31:14.123+0300][256.436s][info][gc] GC(308) Pause Init Mark (unload classes) 0.146ms
[2021-02-07T17:31:14.467+0300][256.779s][info][gc] GC(308) Concurrent marking (unload classes) 343.728ms
[2021-02-07T17:31:14.471+0300][256.783s][info][gc] GC(308) Pause Final Mark (unload classes) 0.414ms
[2021-02-07T17:31:14.477+0300][256.789s][info][gc] GC(308) Concurrent weak roots 5.321ms
[2021-02-07T17:31:14.477+0300][256.789s][info][gc] GC(308) Concurrent cleanup 242M->242M(256M) 0.010ms
[2021-02-07T17:31:14.481+0300][256.793s][info][gc] GC(308) Concurrent class unloading 4.076ms
[2021-02-07T17:31:14.481+0300][256.793s][info][gc] GC(308) Concurrent strong roots 0.130ms
[2021-02-07T17:31:14.487+0300][256.800s][info][gc] GC(308) Concurrent evacuation 6.452ms
[2021-02-07T17:31:14.488+0300][256.800s][info][gc] GC(308) Pause Init Update Refs 0.010ms
[2021-02-07T17:31:14.629+0300][256.941s][info][gc] GC(308) Concurrent update references 141.179ms
[2021-02-07T17:31:14.630+0300][256.942s][info][gc] GC(308) Pause Final Update Refs 0.135ms
[2021-02-07T17:31:14.630+0300][256.942s][info][gc] GC(308) Concurrent cleanup 248M->237M(256M) 0.017ms
[2021-02-07T17:31:14.632+0300][256.944s][info][gc] Trigger: Free (6052K) is below minimum threshold (26214K)
[2021-02-07T17:31:14.632+0300][256.944s][info][gc] GC(309) Concurrent reset 0.324ms
[2021-02-07T17:31:14.632+0300][256.945s][info][gc] GC(309) Pause Init Mark (unload classes) 0.146ms
[2021-02-07T17:31:14.960+0300][257.272s][info][gc] GC(309) Concurrent marking (unload classes) 327.029ms
[2021-02-07T17:31:14.963+0300][257.275s][info][gc] GC(309) Pause Final Mark (unload classes) 0.375ms
[2021-02-07T17:31:14.969+0300][257.281s][info][gc] GC(309) Concurrent weak roots 5.371ms
[2021-02-07T17:31:14.969+0300][257.281s][info][gc] GC(309) Concurrent cleanup 242M->242M(256M) 0.011ms
[2021-02-07T17:31:14.975+0300][257.287s][info][gc] GC(309) Concurrent class unloading 6.045ms
[2021-02-07T17:31:14.975+0300][257.287s][info][gc] GC(309) Concurrent strong roots 0.150ms
[2021-02-07T17:31:14.983+0300][257.295s][info][gc] GC(309) Concurrent evacuation 8.358ms
[2021-02-07T17:31:14.987+0300][257.299s][info][gc] GC(309) Pause Init Update Refs 0.009ms
[2021-02-07T17:31:15.124+0300][257.436s][info][gc] GC(309) Concurrent update references 137.445ms
[2021-02-07T17:31:15.127+0300][257.439s][info][gc] GC(309) Pause Final Update Refs 0.139ms
[2021-02-07T17:31:15.127+0300][257.439s][info][gc] GC(309) Concurrent cleanup 248M->236M(256M) 0.017ms
[2021-02-07T17:31:15.129+0300][257.441s][info][gc] Trigger: Free (6216K) is below minimum threshold (26214K)
[2021-02-07T17:31:15.129+0300][257.441s][info][gc] GC(310) Concurrent reset 0.326ms
[2021-02-07T17:31:15.129+0300][257.442s][info][gc] GC(310) Pause Init Mark (process weakrefs) (unload classes) 0.145ms
[2021-02-07T17:31:15.449+0300][257.761s][info][gc] GC(310) Concurrent marking (process weakrefs) (unload classes) 319.316ms
[2021-02-07T17:31:15.449+0300][257.761s][info][gc] GC(310) Concurrent precleaning 0.144ms
[2021-02-07T17:31:15.454+0300][257.766s][info][gc] GC(310) Pause Final Mark (process weakrefs) (unload classes) 0.448ms
[2021-02-07T17:31:15.460+0300][257.772s][info][gc] GC(310) Concurrent weak roots 5.273ms
[2021-02-07T17:31:15.460+0300][257.772s][info][gc] GC(310) Concurrent cleanup 241M->241M(256M) 0.010ms
[2021-02-07T17:31:15.464+0300][257.776s][info][gc] GC(310) Concurrent class unloading 4.087ms
[2021-02-07T17:31:15.464+0300][257.776s][info][gc] GC(310) Concurrent strong roots 0.131ms
[2021-02-07T17:31:15.471+0300][257.783s][info][gc] GC(310) Concurrent evacuation 6.854ms
[2021-02-07T17:31:15.474+0300][257.786s][info][gc] GC(310) Pause Init Update Refs 0.009ms
[2021-02-07T17:31:15.622+0300][257.934s][info][gc] GC(310) Concurrent update references 148.230ms
[2021-02-07T17:31:15.625+0300][257.937s][info][gc] GC(310) Pause Final Update Refs 0.135ms
[2021-02-07T17:31:15.625+0300][257.937s][info][gc] GC(310) Concurrent cleanup 248M->237M(256M) 0.017ms
[2021-02-07T17:31:15.627+0300][257.939s][info][gc] Trigger: Free (6052K) is below minimum threshold (26214K)
[2021-02-07T17:31:15.627+0300][257.939s][info][gc] GC(311) Concurrent reset 0.326ms
[2021-02-07T17:31:15.627+0300][257.940s][info][gc] GC(311) Pause Init Mark (unload classes) 0.145ms
[2021-02-07T17:31:15.970+0300][258.282s][info][gc] GC(311) Concurrent marking (unload classes) 342.576ms
[2021-02-07T17:31:15.973+0300][258.285s][info][gc] GC(311) Pause Final Mark (unload classes) 0.424ms
[2021-02-07T17:31:15.979+0300][258.291s][info][gc] GC(311) Concurrent weak roots 5.335ms
[2021-02-07T17:31:15.979+0300][258.291s][info][gc] GC(311) Concurrent cleanup 242M->242M(256M) 0.010ms
[2021-02-07T17:31:15.985+0300][258.297s][info][gc] GC(311) Concurrent class unloading 6.044ms
[2021-02-07T17:31:15.985+0300][258.297s][info][gc] GC(311) Concurrent strong roots 0.137ms
[2021-02-07T17:31:15.991+0300][258.303s][info][gc] GC(311) Concurrent evacuation 5.756ms
[2021-02-07T17:31:15.992+0300][258.304s][info][gc] GC(311) Pause Init Update Refs 0.009ms
[2021-02-07T17:31:16.134+0300][258.446s][info][gc] GC(311) Concurrent update references 141.811ms
[2021-02-07T17:31:16.137+0300][258.449s][info][gc] GC(311) Pause Final Update Refs 0.146ms
[2021-02-07T17:31:16.137+0300][258.449s][info][gc] GC(311) Concurrent cleanup 248M->237M(256M) 0.018ms
[2021-02-07T17:31:16.139+0300][258.451s][info][gc] Trigger: Free (5960K) is below minimum threshold (26214K)
[2021-02-07T17:31:16.139+0300][258.451s][info][gc] GC(312) Concurrent reset 0.325ms
[2021-02-07T17:31:16.139+0300][258.451s][info][gc] GC(312) Pause Init Mark (unload classes) 0.149ms
[2021-02-07T17:31:16.464+0300][258.776s][info][gc] GC(312) Concurrent marking (unload classes) 324.492ms
[2021-02-07T17:31:16.469+0300][258.781s][info][gc] GC(312) Pause Final Mark (unload classes) 0.431ms
[2021-02-07T17:31:16.475+0300][258.787s][info][gc] GC(312) Concurrent weak roots 5.301ms
[2021-02-07T17:31:16.475+0300][258.787s][info][gc] GC(312) Concurrent cleanup 243M->243M(256M) 0.011ms
[2021-02-07T17:31:16.477+0300][258.789s][info][gc] GC(312) Concurrent class unloading 2.323ms
[2021-02-07T17:31:16.477+0300][258.789s][info][gc] GC(312) Concurrent strong roots 0.099ms
[2021-02-07T17:31:16.482+0300][258.794s][info][gc] GC(312) Concurrent evacuation 4.838ms
[2021-02-07T17:31:16.485+0300][258.797s][info][gc] GC(312) Pause Init Update Refs 0.010ms
[2021-02-07T17:31:16.625+0300][258.937s][info][gc] GC(312) Concurrent update references 139.810ms
[2021-02-07T17:31:16.626+0300][258.938s][info][gc] GC(312) Pause Final Update Refs 0.136ms
[2021-02-07T17:31:16.626+0300][258.938s][info][gc] GC(312) Concurrent cleanup 248M->237M(256M) 0.016ms
[2021-02-07T17:31:16.628+0300][258.940s][info][gc] Trigger: Free (6052K) is below minimum threshold (26214K)
[2021-02-07T17:31:16.628+0300][258.940s][info][gc] GC(313) Concurrent reset 0.325ms
[2021-02-07T17:31:16.628+0300][258.941s][info][gc] GC(313) Pause Init Mark (unload classes) 0.145ms
[2021-02-07T17:31:16.954+0300][259.266s][info][gc] GC(313) Concurrent marking (unload classes) 325.456ms
[2021-02-07T17:31:16.959+0300][259.271s][info][gc] GC(313) Pause Final Mark (unload classes) 0.392ms
[2021-02-07T17:31:16.965+0300][259.277s][info][gc] GC(313) Concurrent weak roots 5.366ms
[2021-02-07T17:31:16.965+0300][259.277s][info][gc] GC(313) Concurrent cleanup 242M->242M(256M) 0.011ms
[2021-02-07T17:31:16.967+0300][259.279s][info][gc] GC(313) Concurrent class unloading 1.896ms
[2021-02-07T17:31:16.967+0300][259.279s][info][gc] GC(313) Concurrent strong roots 0.094ms
[2021-02-07T17:31:16.972+0300][259.284s][info][gc] GC(313) Concurrent evacuation 5.374ms
[2021-02-07T17:31:16.975+0300][259.287s][info][gc] GC(313) Pause Init Update Refs 0.009ms
[2021-02-07T17:31:17.124+0300][259.436s][info][gc] GC(313) Concurrent update references 148.974ms
[2021-02-07T17:31:17.124+0300][259.437s][info][gc] GC(313) Pause Final Update Refs 0.134ms
[2021-02-07T17:31:17.125+0300][259.437s][info][gc] GC(313) Concurrent cleanup 248M->236M(256M) 0.016ms
[2021-02-07T17:31:17.127+0300][259.439s][info][gc] Trigger: Free (6216K) is below minimum threshold (26214K)
[2021-02-07T17:31:17.127+0300][259.439s][info][gc] GC(314) Concurrent reset 0.294ms
[2021-02-07T17:31:17.127+0300][259.440s][info][gc] GC(314) Pause Init Mark (unload classes) 0.145ms
[2021-02-07T17:31:17.452+0300][259.765s][info][gc] GC(314) Concurrent marking (unload classes) 324.967ms
[2021-02-07T17:31:17.456+0300][259.768s][info][gc] GC(314) Pause Final Mark (unload classes) 0.423ms
[2021-02-07T17:31:17.462+0300][259.774s][info][gc] GC(314) Concurrent weak roots 5.314ms
[2021-02-07T17:31:17.462+0300][259.774s][info][gc] GC(314) Concurrent cleanup 242M->242M(256M) 0.010ms
[2021-02-07T17:31:17.466+0300][259.778s][info][gc] GC(314) Concurrent class unloading 4.077ms
[2021-02-07T17:31:17.466+0300][259.778s][info][gc] GC(314) Concurrent strong roots 0.128ms
[2021-02-07T17:31:17.472+0300][259.784s][info][gc] GC(314) Concurrent evacuation 5.725ms
[2021-02-07T17:31:17.473+0300][259.785s][info][gc] GC(314) Pause Init Update Refs 0.009ms
[2021-02-07T17:31:17.617+0300][259.929s][info][gc] GC(314) Concurrent update references 143.717ms
[2021-02-07T17:31:17.620+0300][259.932s][info][gc] GC(314) Pause Final Update Refs 0.137ms
[2021-02-07T17:31:17.620+0300][259.932s][info][gc] GC(314) Concurrent cleanup 247M->236M(256M) 0.014ms
[2021-02-07T17:31:17.622+0300][259.934s][info][gc] Trigger: Free (6308K) is below minimum threshold (26214K)
[2021-02-07T17:31:17.622+0300][259.934s][info][gc] GC(315) Concurrent reset 0.326ms
[2021-02-07T17:31:17.622+0300][259.935s][info][gc] GC(315) Pause Init Mark (process weakrefs) (unload classes) 0.149ms
[2021-02-07T17:31:17.946+0300][260.258s][info][gc] GC(315) Concurrent marking (process weakrefs) (unload classes) 323.786ms
[2021-02-07T17:31:17.946+0300][260.259s][info][gc] GC(315) Concurrent precleaning 0.114ms
[2021-02-07T17:31:17.950+0300][260.262s][info][gc] GC(315) Pause Final Mark (process weakrefs) (unload classes) 0.396ms
[2021-02-07T17:31:17.956+0300][260.268s][info][gc] GC(315) Concurrent weak roots 5.491ms
[2021-02-07T17:31:17.956+0300][260.268s][info][gc] GC(315) Concurrent cleanup 242M->242M(256M) 0.011ms
[2021-02-07T17:31:17.960+0300][260.272s][info][gc] GC(315) Concurrent class unloading 4.048ms
[2021-02-07T17:31:17.960+0300][260.272s][info][gc] GC(315) Concurrent strong roots 0.103ms
[2021-02-07T17:31:17.965+0300][260.278s][info][gc] GC(315) Concurrent evacuation 5.572ms
[2021-02-07T17:31:17.968+0300][260.280s][info][gc] GC(315) Pause Init Update Refs 0.011ms
[2021-02-07T17:31:18.109+0300][260.421s][info][gc] GC(315) Concurrent update references 141.102ms
[2021-02-07T17:31:18.110+0300][260.422s][info][gc] GC(315) Pause Final Update Refs 0.136ms
[2021-02-07T17:31:18.110+0300][260.422s][info][gc] GC(315) Concurrent cleanup 247M->236M(256M) 0.017ms
[2021-02-07T17:31:18.112+0300][260.424s][info][gc] Trigger: Free (6215K) is below minimum threshold (26214K)
[2021-02-07T17:31:18.112+0300][260.424s][info][gc] GC(316) Concurrent reset 0.351ms
[2021-02-07T17:31:18.113+0300][260.425s][info][gc] GC(316) Pause Init Mark (unload classes) 0.161ms
[2021-02-07T17:31:18.438+0300][260.750s][info][gc] GC(316) Concurrent marking (unload classes) 325.240ms
[2021-02-07T17:31:18.441+0300][260.753s][info][gc] GC(316) Pause Final Mark (unload classes) 0.416ms
[2021-02-07T17:31:18.447+0300][260.759s][info][gc] GC(316) Concurrent weak roots 5.382ms
[2021-02-07T17:31:18.447+0300][260.759s][info][gc] GC(316) Concurrent cleanup 242M->242M(256M) 0.010ms
[2021-02-07T17:31:18.451+0300][260.763s][info][gc] GC(316) Concurrent class unloading 4.104ms
[2021-02-07T17:31:18.451+0300][260.763s][info][gc] GC(316) Concurrent strong roots 0.132ms
[2021-02-07T17:31:18.457+0300][260.769s][info][gc] GC(316) Concurrent evacuation 5.573ms
[2021-02-07T17:31:18.458+0300][260.770s][info][gc] GC(316) Pause Init Update Refs 0.009ms
[2021-02-07T17:31:18.599+0300][260.911s][info][gc] GC(316) Concurrent update references 140.719ms
[2021-02-07T17:31:18.602+0300][260.914s][info][gc] GC(316) Pause Final Update Refs 0.139ms
[2021-02-07T17:31:18.602+0300][260.914s][info][gc] GC(316) Concurrent cleanup 247M->236M(256M) 0.017ms
[2021-02-07T17:31:18.604+0300][260.916s][info][gc] Trigger: Free (6309K) is below minimum threshold (26214K)
[2021-02-07T17:31:18.604+0300][260.916s][info][gc] GC(317) Concurrent reset 0.320ms
[2021-02-07T17:31:18.604+0300][260.917s][info][gc] GC(317) Pause Init Mark (unload classes) 0.153ms
[2021-02-07T17:31:18.934+0300][261.246s][info][gc] GC(317) Concurrent marking (unload classes) 329.106ms
[2021-02-07T17:31:18.937+0300][261.249s][info][gc] GC(317) Pause Final Mark (unload classes) 0.418ms
[2021-02-07T17:31:18.943+0300][261.255s][info][gc] GC(317) Concurrent weak roots 5.319ms
[2021-02-07T17:31:18.943+0300][261.255s][info][gc] GC(317) Concurrent cleanup 241M->241M(256M) 0.010ms
[2021-02-07T17:31:18.947+0300][261.259s][info][gc] GC(317) Concurrent class unloading 4.081ms
[2021-02-07T17:31:18.947+0300][261.259s][info][gc] GC(317) Concurrent strong roots 0.129ms
[2021-02-07T17:31:18.953+0300][261.266s][info][gc] GC(317) Concurrent evacuation 6.542ms
[2021-02-07T17:31:18.958+0300][261.269s][info][gc] GC(317) Pause Init Update Refs 0.010ms
[2021-02-07T17:31:19.107+0300][261.418s][info][gc] GC(317) Concurrent update references 148.882ms
[2021-02-07T17:31:19.110+0300][261.421s][info][gc] GC(317) Pause Final Update Refs 0.138ms
[2021-02-07T17:31:19.110+0300][261.422s][info][gc] GC(317) Concurrent cleanup 248M->237M(256M) 0.016ms
[2021-02-07T17:31:19.112+0300][261.423s][info][gc] Trigger: Free (5973K) is below minimum threshold (26214K)
[2021-02-07T17:31:19.112+0300][261.423s][info][gc] GC(318) Concurrent reset 0.326ms
[2021-02-07T17:31:19.112+0300][261.424s][info][gc] GC(318) Pause Init Mark (unload classes) 0.140ms
[2021-02-07T17:31:19.453+0300][261.764s][info][gc] GC(318) Concurrent marking (unload classes) 340.554ms
[2021-02-07T17:31:19.456+0300][261.768s][info][gc] GC(318) Pause Final Mark (unload classes) 0.430ms
[2021-02-07T17:31:19.462+0300][261.773s][info][gc] GC(318) Concurrent weak roots 5.317ms
[2021-02-07T17:31:19.462+0300][261.773s][info][gc] GC(318) Concurrent cleanup 242M->242M(256M) 0.010ms
[2021-02-07T17:31:19.466+0300][261.777s][info][gc] GC(318) Concurrent class unloading 4.057ms
[2021-02-07T17:31:19.466+0300][261.777s][info][gc] GC(318) Concurrent strong roots 0.101ms
[2021-02-07T17:31:19.471+0300][261.783s][info][gc] GC(318) Concurrent evacuation 5.562ms
[2021-02-07T17:31:19.474+0300][261.785s][info][gc] GC(318) Pause Init Update Refs 0.010ms
[2021-02-07T17:31:19.616+0300][261.927s][info][gc] GC(318) Concurrent update references 141.643ms
[2021-02-07T17:31:19.619+0300][261.930s][info][gc] GC(318) Pause Final Update Refs 0.140ms
[2021-02-07T17:31:19.619+0300][261.931s][info][gc] GC(318) Concurrent cleanup 248M->236M(256M) 0.017ms
[2021-02-07T17:31:19.621+0300][261.932s][info][gc] Trigger: Free (6309K) is below minimum threshold (26214K)
[2021-02-07T17:31:19.621+0300][261.932s][info][gc] GC(319) Concurrent reset 0.324ms
[2021-02-07T17:31:19.621+0300][261.933s][info][gc] GC(319) Pause Init Mark (unload classes) 0.146ms
[2021-02-07T17:31:19.943+0300][262.255s][info][gc] GC(319) Concurrent marking (unload classes) 321.564ms
[2021-02-07T17:31:19.946+0300][262.258s][info][gc] GC(319) Pause Final Mark (unload classes) 0.432ms
[2021-02-07T17:31:19.952+0300][262.263s][info][gc] GC(319) Concurrent weak roots 5.336ms
[2021-02-07T17:31:19.952+0300][262.263s][info][gc] GC(319) Concurrent cleanup 242M->242M(256M) 0.011ms
[2021-02-07T17:31:19.953+0300][262.265s][info][gc] GC(319) Concurrent class unloading 1.832ms
[2021-02-07T17:31:19.954+0300][262.265s][info][gc] GC(319) Concurrent strong roots 0.103ms
[2021-02-07T17:31:19.959+0300][262.270s][info][gc] GC(319) Concurrent evacuation 5.346ms
[2021-02-07T17:31:19.962+0300][262.273s][info][gc] GC(319) Pause Init Update Refs 0.009ms
[2021-02-07T17:31:20.116+0300][262.427s][info][gc] GC(319) Concurrent update references 153.816ms
[2021-02-07T17:31:20.116+0300][262.428s][info][gc] GC(319) Pause Final Update Refs 0.138ms
[2021-02-07T17:31:20.116+0300][262.428s][info][gc] GC(319) Concurrent cleanup 247M->236M(256M) 0.016ms
[2021-02-07T17:31:20.118+0300][262.429s][info][gc] Trigger: Free (6215K) is below minimum threshold (26214K)
[2021-02-07T17:31:20.118+0300][262.429s][info][gc] GC(320) Concurrent reset 0.311ms
[2021-02-07T17:31:20.118+0300][262.430s][info][gc] GC(320) Pause Init Mark (process weakrefs) (unload classes) 0.146ms
[2021-02-07T17:31:20.440+0300][262.751s][info][gc] GC(320) Concurrent marking (process weakrefs) (unload classes) 321.220ms
[2021-02-07T17:31:20.440+0300][262.751s][info][gc] GC(320) Concurrent precleaning 0.146ms
[2021-02-07T17:31:20.443+0300][262.755s][info][gc] GC(320) Pause Final Mark (process weakrefs) (unload classes) 0.433ms
[2021-02-07T17:31:20.449+0300][262.760s][info][gc] GC(320) Concurrent weak roots 5.315ms
[2021-02-07T17:31:20.449+0300][262.760s][info][gc] GC(320) Concurrent cleanup 243M->243M(256M) 0.011ms
[2021-02-07T17:31:20.451+0300][262.762s][info][gc] GC(320) Concurrent class unloading 2.164ms
[2021-02-07T17:31:20.451+0300][262.762s][info][gc] GC(320) Concurrent strong roots 0.135ms
[2021-02-07T17:31:20.456+0300][262.768s][info][gc] GC(320) Concurrent evacuation 5.221ms
[2021-02-07T17:31:20.459+0300][262.770s][info][gc] GC(320) Pause Init Update Refs 0.009ms
[2021-02-07T17:31:20.610+0300][262.922s][info][gc] GC(320) Concurrent update references 151.529ms
[2021-02-07T17:31:20.611+0300][262.923s][info][gc] GC(320) Pause Final Update Refs 0.136ms
[2021-02-07T17:31:20.611+0300][262.923s][info][gc] GC(320) Concurrent cleanup 248M->236M(256M) 0.015ms
[2021-02-07T17:31:20.613+0300][262.924s][info][gc] Trigger: Free (6309K) is below minimum threshold (26214K)
[2021-02-07T17:31:20.613+0300][262.924s][info][gc] GC(321) Concurrent reset 0.324ms
[2021-02-07T17:31:20.613+0300][262.925s][info][gc] GC(321) Pause Init Mark (unload classes) 0.148ms
[2021-02-07T17:31:20.935+0300][263.247s][info][gc] GC(321) Concurrent marking (unload classes) 321.747ms
[2021-02-07T17:31:20.937+0300][263.248s][info][gc] GC(321) Pause Final Mark (unload classes) 0.410ms
[2021-02-07T17:31:20.942+0300][263.253s][info][gc] GC(321) Concurrent weak roots 4.818ms
[2021-02-07T17:31:20.942+0300][263.253s][info][gc] GC(321) Concurrent cleanup 242M->242M(256M) 0.010ms
[2021-02-07T17:31:20.944+0300][263.255s][info][gc] GC(321) Concurrent class unloading 2.057ms
[2021-02-07T17:31:20.944+0300][263.255s][info][gc] GC(321) Concurrent strong roots 0.128ms
[2021-02-07T17:31:20.950+0300][263.261s][info][gc] GC(321) Concurrent evacuation 5.836ms
[2021-02-07T17:31:20.951+0300][263.262s][info][gc] GC(321) Pause Init Update Refs 0.010ms
[2021-02-07T17:31:21.109+0300][263.420s][info][gc] GC(321) Concurrent update references 158.162ms
[2021-02-07T17:31:21.124+0300][263.435s][info][gc] GC(321) Pause Final Update Refs 0.117ms
[2021-02-07T17:31:21.124+0300][263.435s][info][gc] GC(321) Concurrent cleanup 248M->236M(256M) 0.017ms
[2021-02-07T17:31:21.140+0300][263.451s][info][gc] Trigger: Free (6198K) is below minimum threshold (26214K)
[2021-02-07T17:31:21.140+0300][263.452s][info][gc] GC(322) Concurrent reset 0.357ms
[2021-02-07T17:31:21.141+0300][263.452s][info][gc] GC(322) Pause Init Mark (unload classes) 0.158ms
[2021-02-07T17:31:21.477+0300][263.789s][info][gc] GC(322) Concurrent marking (unload classes) 336.647ms
[2021-02-07T17:31:21.492+0300][263.804s][info][gc] GC(322) Pause Final Mark (unload classes) 0.352ms
[2021-02-07T17:31:21.498+0300][263.809s][info][gc] GC(322) Concurrent weak roots 5.464ms
[2021-02-07T17:31:21.498+0300][263.809s][info][gc] GC(322) Concurrent cleanup 241M->241M(256M) 0.010ms
[2021-02-07T17:31:21.502+0300][263.813s][info][gc] GC(322) Concurrent class unloading 4.085ms
[2021-02-07T17:31:21.502+0300][263.813s][info][gc] GC(322) Concurrent strong roots 0.132ms
[2021-02-07T17:31:21.508+0300][263.820s][info][gc] GC(322) Concurrent evacuation 6.321ms
[2021-02-07T17:31:21.508+0300][263.820s][info][gc] GC(322) Pause Init Update Refs 0.009ms
[2021-02-07T17:31:21.649+0300][263.961s][info][gc] GC(322) Concurrent update references 140.501ms
[2021-02-07T17:31:21.652+0300][263.963s][info][gc] GC(322) Pause Final Update Refs 0.082ms
[2021-02-07T17:31:21.652+0300][263.963s][info][gc] GC(322) Concurrent cleanup 247M->236M(256M) 0.018ms
[2021-02-07T17:31:21.654+0300][263.965s][info][gc] Trigger: Free (6565K) is below minimum threshold (26214K)
[2021-02-07T17:31:21.654+0300][263.965s][info][gc] GC(323) Concurrent reset 0.329ms
[2021-02-07T17:31:21.654+0300][263.966s][info][gc] GC(323) Pause Init Mark (unload classes) 0.118ms
[2021-02-07T17:31:21.983+0300][264.294s][info][gc] GC(323) Concurrent marking (unload classes) 328.292ms
[2021-02-07T17:31:21.986+0300][264.298s][info][gc] GC(323) Pause Final Mark (unload classes) 0.460ms
[2021-02-07T17:31:21.992+0300][264.303s][info][gc] GC(323) Concurrent weak roots 5.287ms
[2021-02-07T17:31:21.992+0300][264.303s][info][gc] GC(323) Concurrent cleanup 241M->241M(256M) 0.011ms
[2021-02-07T17:31:21.996+0300][264.308s][info][gc] GC(323) Concurrent class unloading 4.757ms
[2021-02-07T17:31:21.997+0300][264.308s][info][gc] GC(323) Concurrent strong roots 0.135ms
[2021-02-07T17:31:22.003+0300][264.314s][info][gc] GC(323) Concurrent evacuation 6.098ms
[2021-02-07T17:31:22.004+0300][264.315s][info][gc] GC(323) Pause Init Update Refs 0.011ms
[2021-02-07T17:31:22.145+0300][264.456s][info][gc] GC(323) Concurrent update references 141.038ms
[2021-02-07T17:31:22.145+0300][264.457s][info][gc] GC(323) Pause Final Update Refs 0.148ms
[2021-02-07T17:31:22.145+0300][264.457s][info][gc] GC(323) Concurrent cleanup 247M->236M(256M) 0.015ms
[2021-02-07T17:31:22.147+0300][264.459s][info][gc] Trigger: Free (6481K) is below minimum threshold (26214K)
[2021-02-07T17:31:22.147+0300][264.459s][info][gc] GC(324) Concurrent reset 0.345ms
[2021-02-07T17:31:22.147+0300][264.460s][info][gc] GC(324) Pause Init Mark (unload classes) 0.146ms
[2021-02-07T17:31:22.467+0300][264.779s][info][gc] GC(324) Concurrent marking (unload classes) 318.903ms
[2021-02-07T17:31:22.470+0300][264.782s][info][gc] GC(324) Pause Final Mark (unload classes) 0.424ms
[2021-02-07T17:31:22.481+0300][264.793s][info][gc] GC(324) Concurrent weak roots 10.302ms
[2021-02-07T17:31:22.481+0300][264.793s][info][gc] GC(324) Concurrent cleanup 240M->240M(256M) 0.015ms
[2021-02-07T17:31:22.497+0300][264.809s][info][gc] GC(324) Concurrent class unloading 16.108ms
[2021-02-07T17:31:22.497+0300][264.809s][info][gc] GC(324) Concurrent strong roots 0.144ms
[2021-02-07T17:31:22.504+0300][264.816s][info][gc] GC(324) Concurrent evacuation 6.644ms
[2021-02-07T17:31:22.505+0300][264.817s][info][gc] GC(324) Pause Init Update Refs 0.009ms
[2021-02-07T17:31:22.660+0300][264.972s][info][gc] GC(324) Concurrent update references 154.621ms
[2021-02-07T17:31:22.663+0300][264.975s][info][gc] GC(324) Pause Final Update Refs 0.115ms
[2021-02-07T17:31:22.663+0300][264.975s][info][gc] GC(324) Concurrent cleanup 247M->236M(256M) 0.015ms
[2021-02-07T17:31:22.665+0300][264.977s][info][gc] Trigger: Free (6579K) is below minimum threshold (26214K)
[2021-02-07T17:31:22.665+0300][264.977s][info][gc] GC(325) Concurrent reset 0.260ms
[2021-02-07T17:31:22.665+0300][264.978s][info][gc] GC(325) Pause Init Mark (process weakrefs) (unload classes) 0.119ms
[2021-02-07T17:31:22.991+0300][265.303s][info][gc] GC(325) Concurrent marking (process weakrefs) (unload classes) 325.757ms
[2021-02-07T17:31:22.991+0300][265.304s][info][gc] GC(325) Concurrent precleaning 0.146ms
[2021-02-07T17:31:22.994+0300][265.306s][info][gc] GC(325) Pause Final Mark (process weakrefs) (unload classes) 0.438ms
[2021-02-07T17:31:23.000+0300][265.312s][info][gc] GC(325) Concurrent weak roots 5.236ms
[2021-02-07T17:31:23.000+0300][265.312s][info][gc] GC(325) Concurrent cleanup 240M->240M(256M) 0.013ms
[2021-02-07T17:31:23.004+0300][265.316s][info][gc] GC(325) Concurrent class unloading 4.109ms
[2021-02-07T17:31:23.004+0300][265.316s][info][gc] GC(325) Concurrent strong roots 0.135ms
[2021-02-07T17:31:23.010+0300][265.322s][info][gc] GC(325) Concurrent evacuation 6.278ms
[2021-02-07T17:31:23.011+0300][265.323s][info][gc] GC(325) Pause Init Update Refs 0.009ms
[2021-02-07T17:31:23.160+0300][265.472s][info][gc] GC(325) Concurrent update references 149.535ms
[2021-02-07T17:31:23.161+0300][265.473s][info][gc] GC(325) Pause Final Update Refs 0.097ms
[2021-02-07T17:31:23.161+0300][265.473s][info][gc] GC(325) Concurrent cleanup 247M->236M(256M) 0.019ms
[2021-02-07T17:31:23.177+0300][265.489s][info][gc] Trigger: Free (6565K) is below minimum threshold (26214K)
[2021-02-07T17:31:23.177+0300][265.489s][info][gc] GC(326) Concurrent reset 0.392ms
[2021-02-07T17:31:23.178+0300][265.490s][info][gc] GC(326) Pause Init Mark (unload classes) 0.160ms
[2021-02-07T17:31:23.519+0300][265.831s][info][gc] GC(326) Concurrent marking (unload classes) 340.877ms
[2021-02-07T17:31:23.523+0300][265.835s][info][gc] GC(326) Pause Final Mark (unload classes) 0.424ms
[2021-02-07T17:31:23.529+0300][265.841s][info][gc] GC(326) Concurrent weak roots 5.302ms
[2021-02-07T17:31:23.529+0300][265.841s][info][gc] GC(326) Concurrent cleanup 242M->242M(256M) 0.010ms
[2021-02-07T17:31:23.533+0300][265.845s][info][gc] GC(326) Concurrent class unloading 4.161ms
[2021-02-07T17:31:23.533+0300][265.845s][info][gc] GC(326) Concurrent strong roots 0.148ms
[2021-02-07T17:31:23.538+0300][265.851s][info][gc] GC(326) Concurrent evacuation 5.398ms
[2021-02-07T17:31:23.541+0300][265.853s][info][gc] GC(326) Pause Init Update Refs 0.009ms
[2021-02-07T17:31:23.684+0300][265.996s][info][gc] GC(326) Concurrent update references 143.145ms
[2021-02-07T17:31:23.684+0300][265.997s][info][gc] GC(326) Pause Final Update Refs 0.133ms
[2021-02-07T17:31:23.685+0300][265.997s][info][gc] GC(326) Concurrent cleanup 247M->236M(256M) 0.017ms
[2021-02-07T17:31:23.687+0300][265.999s][info][gc] Trigger: Free (6565K) is below minimum threshold (26214K)
[2021-02-07T17:31:23.687+0300][265.999s][info][gc] GC(327) Concurrent reset 0.329ms
[2021-02-07T17:31:23.687+0300][266.000s][info][gc] GC(327) Pause Init Mark (unload classes) 0.144ms
[2021-02-07T17:31:24.011+0300][266.324s][info][gc] GC(327) Concurrent marking (unload classes) 323.996ms
[2021-02-07T17:31:24.017+0300][266.329s][info][gc] GC(327) Pause Final Mark (unload classes) 0.384ms
[2021-02-07T17:31:24.023+0300][266.335s][info][gc] GC(327) Concurrent weak roots 5.450ms
[2021-02-07T17:31:24.023+0300][266.335s][info][gc] GC(327) Concurrent cleanup 243M->243M(256M) 0.011ms
[2021-02-07T17:31:24.025+0300][266.337s][info][gc] GC(327) Concurrent class unloading 1.982ms
[2021-02-07T17:31:24.025+0300][266.337s][info][gc] GC(327) Concurrent strong roots 0.101ms
[2021-02-07T17:31:24.030+0300][266.342s][info][gc] GC(327) Concurrent evacuation 4.898ms
[2021-02-07T17:31:24.033+0300][266.345s][info][gc] GC(327) Pause Init Update Refs 0.009ms
[2021-02-07T17:31:24.178+0300][266.490s][info][gc] GC(327) Concurrent update references 145.262ms
[2021-02-07T17:31:24.179+0300][266.491s][info][gc] GC(327) Pause Final Update Refs 0.135ms
[2021-02-07T17:31:24.179+0300][266.492s][info][gc] GC(327) Concurrent cleanup 247M->236M(256M) 0.015ms
[2021-02-07T17:31:24.181+0300][266.493s][info][gc] Trigger: Free (6309K) is below minimum threshold (26214K)
[2021-02-07T17:31:24.181+0300][266.493s][info][gc] GC(328) Concurrent reset 0.352ms
[2021-02-07T17:31:24.182+0300][266.494s][info][gc] GC(328) Pause Init Mark (unload classes) 0.148ms
[2021-02-07T17:31:24.502+0300][266.814s][info][gc] GC(328) Concurrent marking (unload classes) 320.302ms
[2021-02-07T17:31:24.507+0300][266.819s][info][gc] GC(328) Pause Final Mark (unload classes) 0.409ms
[2021-02-07T17:31:24.513+0300][266.825s][info][gc] GC(328) Concurrent weak roots 5.335ms
[2021-02-07T17:31:24.513+0300][266.825s][info][gc] GC(328) Concurrent cleanup 243M->243M(256M) 0.012ms
[2021-02-07T17:31:24.515+0300][266.827s][info][gc] GC(328) Concurrent class unloading 2.173ms
[2021-02-07T17:31:24.515+0300][266.827s][info][gc] GC(328) Concurrent strong roots 0.102ms
[2021-02-07T17:31:24.520+0300][266.832s][info][gc] GC(328) Concurrent evacuation 4.895ms
[2021-02-07T17:31:24.523+0300][266.835s][info][gc] GC(328) Pause Init Update Refs 0.009ms
[2021-02-07T17:31:24.661+0300][266.973s][info][gc] GC(328) Concurrent update references 138.421ms
[2021-02-07T17:31:24.664+0300][266.976s][info][gc] GC(328) Pause Final Update Refs 0.116ms
[2021-02-07T17:31:24.664+0300][266.976s][info][gc] GC(328) Concurrent cleanup 247M->236M(256M) 0.017ms
[2021-02-07T17:31:24.666+0300][266.978s][info][gc] Trigger: Free (6565K) is below minimum threshold (26214K)
[2021-02-07T17:31:24.666+0300][266.978s][info][gc] GC(329) Concurrent reset 0.329ms
[2021-02-07T17:31:24.666+0300][266.979s][info][gc] GC(329) Pause Init Mark (unload classes) 0.141ms
[2021-02-07T17:31:24.995+0300][267.307s][info][gc] GC(329) Concurrent marking (unload classes) 327.837ms
[2021-02-07T17:31:25.000+0300][267.312s][info][gc] GC(329) Pause Final Mark (unload classes) 0.257ms
[2021-02-07T17:31:25.013+0300][267.325s][info][gc] GC(329) Concurrent weak roots 12.386ms
[2021-02-07T17:31:25.013+0300][267.325s][info][gc] GC(329) Concurrent cleanup 243M->243M(256M) 0.018ms
[2021-02-07T17:31:25.029+0300][267.341s][info][gc] GC(329) Concurrent class unloading 16.064ms
[2021-02-07T17:31:25.029+0300][267.341s][info][gc] GC(329) Concurrent strong roots 0.081ms
[2021-02-07T17:31:25.034+0300][267.346s][info][gc] GC(329) Concurrent evacuation 5.380ms
[2021-02-07T17:31:25.045+0300][267.357s][info][gc] GC(329) Pause Init Update Refs 0.015ms
[2021-02-07T17:31:25.188+0300][267.500s][info][gc] GC(329) Concurrent update references 143.605ms
[2021-02-07T17:31:25.193+0300][267.505s][info][gc] GC(329) Pause Final Update Refs 0.107ms
[2021-02-07T17:31:25.194+0300][267.505s][info][gc] GC(329) Concurrent cleanup 247M->236M(256M) 0.024ms
[2021-02-07T17:31:25.195+0300][267.507s][info][gc] Trigger: Free (6565K) is below minimum threshold (26214K)
[2021-02-07T17:31:25.195+0300][267.507s][info][gc] GC(330) Concurrent reset 0.402ms
[2021-02-07T17:31:25.196+0300][267.508s][info][gc] GC(330) Pause Init Mark (process weakrefs) (unload classes) 0.086ms
[2021-02-07T17:31:25.544+0300][267.856s][info][gc] GC(330) Concurrent marking (process weakrefs) (unload classes) 347.857ms
[2021-02-07T17:31:25.544+0300][267.856s][info][gc] GC(330) Concurrent precleaning 0.161ms
[2021-02-07T17:31:25.549+0300][267.861s][info][gc] GC(330) Pause Final Mark (process weakrefs) (unload classes) 0.264ms
[2021-02-07T17:31:25.556+0300][267.868s][info][gc] GC(330) Concurrent weak roots 6.632ms
[2021-02-07T17:31:25.556+0300][267.868s][info][gc] GC(330) Concurrent cleanup 242M->242M(256M) 0.011ms
[2021-02-07T17:31:25.560+0300][267.872s][info][gc] GC(330) Concurrent class unloading 3.960ms
[2021-02-07T17:31:25.560+0300][267.872s][info][gc] GC(330) Concurrent strong roots 0.134ms
[2021-02-07T17:31:25.565+0300][267.878s][info][gc] GC(330) Concurrent evacuation 5.512ms
[2021-02-07T17:31:25.566+0300][267.878s][info][gc] GC(330) Pause Init Update Refs 0.010ms
[2021-02-07T17:31:25.710+0300][268.022s][info][gc] GC(330) Concurrent update references 143.608ms
[2021-02-07T17:31:25.713+0300][268.025s][info][gc] GC(330) Pause Final Update Refs 0.069ms
[2021-02-07T17:31:25.713+0300][268.025s][info][gc] GC(330) Concurrent cleanup 247M->236M(256M) 0.021ms
[2021-02-07T17:31:25.715+0300][268.027s][info][gc] Trigger: Free (6565K) is below minimum threshold (26214K)
[2021-02-07T17:31:25.715+0300][268.027s][info][gc] GC(331) Concurrent reset 0.328ms
[2021-02-07T17:31:25.715+0300][268.027s][info][gc] GC(331) Pause Init Mark (unload classes) 0.087ms
[2021-02-07T17:31:26.042+0300][268.354s][info][gc] GC(331) Concurrent marking (unload classes) 326.628ms
[2021-02-07T17:31:26.045+0300][268.357s][info][gc] GC(331) Pause Final Mark (unload classes) 0.426ms
[2021-02-07T17:31:26.051+0300][268.363s][info][gc] GC(331) Concurrent weak roots 5.416ms
[2021-02-07T17:31:26.051+0300][268.363s][info][gc] GC(331) Concurrent cleanup 242M->242M(256M) 0.012ms
[2021-02-07T17:31:26.053+0300][268.365s][info][gc] GC(331) Concurrent class unloading 2.177ms
[2021-02-07T17:31:26.053+0300][268.365s][info][gc] GC(331) Concurrent strong roots 0.149ms
[2021-02-07T17:31:26.058+0300][268.371s][info][gc] GC(331) Concurrent evacuation 5.335ms
[2021-02-07T17:31:26.061+0300][268.373s][info][gc] GC(331) Pause Init Update Refs 0.009ms
[2021-02-07T17:31:26.203+0300][268.515s][info][gc] GC(331) Concurrent update references 141.999ms
[2021-02-07T17:31:26.220+0300][268.532s][info][gc] GC(331) Pause Final Update Refs 0.078ms
[2021-02-07T17:31:26.220+0300][268.532s][info][gc] GC(331) Concurrent cleanup 247M->236M(256M) 0.020ms
[2021-02-07T17:31:26.236+0300][268.548s][info][gc] Trigger: Free (6565K) is below minimum threshold (26214K)
[2021-02-07T17:31:26.236+0300][268.548s][info][gc] GC(332) Concurrent reset 0.324ms
[2021-02-07T17:31:26.237+0300][268.549s][info][gc] GC(332) Pause Init Mark (unload classes) 0.160ms
[2021-02-07T17:31:26.561+0300][268.873s][info][gc] GC(332) Concurrent marking (unload classes) 324.140ms
[2021-02-07T17:31:26.562+0300][268.874s][info][gc] GC(332) Pause Final Mark (unload classes) 0.429ms
[2021-02-07T17:31:26.568+0300][268.880s][info][gc] GC(332) Concurrent weak roots 5.469ms
[2021-02-07T17:31:26.568+0300][268.880s][info][gc] GC(332) Concurrent cleanup 242M->242M(256M) 0.011ms
[2021-02-07T17:31:26.572+0300][268.884s][info][gc] GC(332) Concurrent class unloading 4.099ms
[2021-02-07T17:31:26.572+0300][268.884s][info][gc] GC(332) Concurrent strong roots 0.135ms
[2021-02-07T17:31:26.578+0300][268.890s][info][gc] GC(332) Concurrent evacuation 5.627ms
[2021-02-07T17:31:26.579+0300][268.891s][info][gc] GC(332) Pause Init Update Refs 0.009ms
[2021-02-07T17:31:26.719+0300][269.032s][info][gc] GC(332) Concurrent update references 140.441ms
[2021-02-07T17:31:26.722+0300][269.034s][info][gc] GC(332) Pause Final Update Refs 0.136ms
[2021-02-07T17:31:26.722+0300][269.034s][info][gc] GC(332) Concurrent cleanup 247M->236M(256M) 0.015ms
[2021-02-07T17:31:26.724+0300][269.036s][info][gc] Trigger: Free (6565K) is below minimum threshold (26214K)
[2021-02-07T17:31:26.724+0300][269.036s][info][gc] GC(333) Concurrent reset 0.331ms
[2021-02-07T17:31:26.724+0300][269.037s][info][gc] GC(333) Pause Init Mark (unload classes) 0.155ms
[2021-02-07T17:31:27.043+0300][269.355s][info][gc] GC(333) Concurrent marking (unload classes) 318.028ms
[2021-02-07T17:31:27.046+0300][269.358s][info][gc] GC(333) Pause Final Mark (unload classes) 0.381ms
[2021-02-07T17:31:27.052+0300][269.364s][info][gc] GC(333) Concurrent weak roots 5.483ms
[2021-02-07T17:31:27.052+0300][269.364s][info][gc] GC(333) Concurrent cleanup 242M->242M(256M) 0.012ms
[2021-02-07T17:31:27.054+0300][269.366s][info][gc] GC(333) Concurrent class unloading 1.964ms
[2021-02-07T17:31:27.054+0300][269.366s][info][gc] GC(333) Concurrent strong roots 0.133ms
[2021-02-07T17:31:27.059+0300][269.371s][info][gc] GC(333) Concurrent evacuation 5.012ms
[2021-02-07T17:31:27.062+0300][269.374s][info][gc] GC(333) Pause Init Update Refs 0.009ms
[2021-02-07T17:31:27.209+0300][269.522s][info][gc] GC(333) Concurrent update references 147.527ms
[2021-02-07T17:31:27.212+0300][269.524s][info][gc] GC(333) Pause Final Update Refs 0.140ms
[2021-02-07T17:31:27.212+0300][269.524s][info][gc] GC(333) Concurrent cleanup 247M->236M(256M) 0.017ms
[2021-02-07T17:31:27.214+0300][269.526s][info][gc] Trigger: Free (6565K) is below minimum threshold (26214K)
[2021-02-07T17:31:27.214+0300][269.526s][info][gc] GC(334) Concurrent reset 0.293ms
[2021-02-07T17:31:27.214+0300][269.526s][info][gc] GC(334) Pause Init Mark (unload classes) 0.146ms
[2021-02-07T17:31:27.542+0300][269.854s][info][gc] GC(334) Concurrent marking (unload classes) 327.725ms
[2021-02-07T17:31:27.547+0300][269.859s][info][gc] GC(334) Pause Final Mark (unload classes) 0.432ms
[2021-02-07T17:31:27.553+0300][269.865s][info][gc] GC(334) Concurrent weak roots 5.388ms
[2021-02-07T17:31:27.553+0300][269.865s][info][gc] GC(334) Concurrent cleanup 242M->242M(256M) 0.011ms
[2021-02-07T17:31:27.555+0300][269.867s][info][gc] GC(334) Concurrent class unloading 2.001ms
[2021-02-07T17:31:27.555+0300][269.867s][info][gc] GC(334) Concurrent strong roots 0.101ms
[2021-02-07T17:31:27.560+0300][269.872s][info][gc] GC(334) Concurrent evacuation 5.368ms
[2021-02-07T17:31:27.563+0300][269.875s][info][gc] GC(334) Pause Init Update Refs 0.009ms
[2021-02-07T17:31:27.704+0300][270.016s][info][gc] GC(334) Concurrent update references 140.797ms
[2021-02-07T17:31:27.704+0300][270.016s][info][gc] GC(334) Pause Final Update Refs 0.106ms
[2021-02-07T17:31:27.704+0300][270.017s][info][gc] GC(334) Concurrent cleanup 247M->236M(256M) 0.018ms
[2021-02-07T17:31:27.706+0300][270.018s][info][gc] Trigger: Free (6571K) is below minimum threshold (26214K)
[2021-02-07T17:31:27.706+0300][270.018s][info][gc] GC(335) Concurrent reset 0.369ms
[2021-02-07T17:31:27.706+0300][270.019s][info][gc] GC(335) Pause Init Mark (process weakrefs) (unload classes) 0.107ms
[2021-02-07T17:31:28.033+0300][270.345s][info][gc] GC(335) Concurrent marking (process weakrefs) (unload classes) 326.273ms
[2021-02-07T17:31:28.033+0300][270.345s][info][gc] GC(335) Concurrent precleaning 0.186ms
[2021-02-07T17:31:28.038+0300][270.349s][info][gc] GC(335) Pause Final Mark (process weakrefs) (unload classes) 0.426ms
[2021-02-07T17:31:28.044+0300][270.355s][info][gc] GC(335) Concurrent weak roots 5.541ms
[2021-02-07T17:31:28.044+0300][270.355s][info][gc] GC(335) Concurrent cleanup 244M->244M(256M) 0.012ms
[2021-02-07T17:31:28.046+0300][270.358s][info][gc] GC(335) Concurrent class unloading 2.452ms
[2021-02-07T17:31:28.046+0300][270.358s][info][gc] GC(335) Concurrent strong roots 0.131ms
[2021-02-07T17:31:28.051+0300][270.362s][info][gc] GC(335) Concurrent evacuation 4.229ms
[2021-02-07T17:31:28.051+0300][270.362s][info][gc] GC(335) Pause Init Update Refs 0.009ms
[2021-02-07T17:31:28.191+0300][270.502s][info][gc] GC(335) Concurrent update references 139.778ms
[2021-02-07T17:31:28.205+0300][270.516s][info][gc] GC(335) Pause Final Update Refs 0.094ms
[2021-02-07T17:31:28.205+0300][270.516s][info][gc] GC(335) Concurrent cleanup 247M->236M(256M) 0.026ms
[2021-02-07T17:31:28.221+0300][270.532s][info][gc] Trigger: Free (6565K) is below minimum threshold (26214K)
[2021-02-07T17:31:28.221+0300][270.533s][info][gc] GC(336) Concurrent reset 0.425ms
[2021-02-07T17:31:28.222+0300][270.533s][info][gc] GC(336) Pause Init Mark (unload classes) 0.153ms
[2021-02-07T17:31:28.556+0300][270.868s][info][gc] GC(336) Concurrent marking (unload classes) 334.401ms
[2021-02-07T17:31:28.558+0300][270.869s][info][gc] GC(336) Pause Final Mark (unload classes) 0.426ms
[2021-02-07T17:31:28.563+0300][270.874s][info][gc] GC(336) Concurrent weak roots 4.853ms
[2021-02-07T17:31:28.563+0300][270.874s][info][gc] GC(336) Concurrent cleanup 242M->242M(256M) 0.010ms
[2021-02-07T17:31:28.565+0300][270.876s][info][gc] GC(336) Concurrent class unloading 2.103ms
[2021-02-07T17:31:28.565+0300][270.876s][info][gc] GC(336) Concurrent strong roots 0.098ms
[2021-02-07T17:31:28.571+0300][270.882s][info][gc] GC(336) Concurrent evacuation 5.937ms
[2021-02-07T17:31:28.572+0300][270.883s][info][gc] GC(336) Pause Init Update Refs 0.009ms
[2021-02-07T17:31:28.713+0300][271.025s][info][gc] GC(336) Concurrent update references 141.259ms
[2021-02-07T17:31:28.716+0300][271.027s][info][gc] GC(336) Pause Final Update Refs 0.097ms
[2021-02-07T17:31:28.716+0300][271.027s][info][gc] GC(336) Concurrent cleanup 247M->236M(256M) 0.018ms
[2021-02-07T17:31:28.718+0300][271.029s][info][gc] Trigger: Free (6821K) is below minimum threshold (26214K)
[2021-02-07T17:31:28.718+0300][271.029s][info][gc] GC(337) Concurrent reset 0.295ms
[2021-02-07T17:31:28.718+0300][271.030s][info][gc] GC(337) Pause Init Mark (unload classes) 0.125ms
[2021-02-07T17:31:29.045+0300][271.356s][info][gc] GC(337) Concurrent marking (unload classes) 326.606ms
[2021-02-07T17:31:29.050+0300][271.362s][info][gc] GC(337) Pause Final Mark (unload classes) 0.443ms
[2021-02-07T17:31:29.059+0300][271.370s][info][gc] GC(337) Concurrent weak roots 8.382ms
[2021-02-07T17:31:29.059+0300][271.370s][info][gc] GC(337) Concurrent cleanup 242M->242M(256M) 0.015ms
[2021-02-07T17:31:29.075+0300][271.386s][info][gc] GC(337) Concurrent class unloading 16.076ms
[2021-02-07T17:31:29.075+0300][271.386s][info][gc] GC(337) Concurrent strong roots 0.082ms
[2021-02-07T17:31:29.080+0300][271.392s][info][gc] GC(337) Concurrent evacuation 5.292ms
[2021-02-07T17:31:29.091+0300][271.402s][info][gc] GC(337) Pause Init Update Refs 0.011ms
[2021-02-07T17:31:29.230+0300][271.541s][info][gc] GC(337) Concurrent update references 138.978ms
[2021-02-07T17:31:29.231+0300][271.542s][info][gc] GC(337) Pause Final Update Refs 0.138ms
[2021-02-07T17:31:29.231+0300][271.543s][info][gc] GC(337) Concurrent cleanup 247M->236M(256M) 0.016ms
[2021-02-07T17:31:29.245+0300][271.556s][info][gc] Trigger: Free (6565K) is below minimum threshold (26214K)
[2021-02-07T17:31:29.245+0300][271.556s][info][gc] GC(338) Concurrent reset 0.307ms
[2021-02-07T17:31:29.245+0300][271.557s][info][gc] GC(338) Pause Init Mark (unload classes) 0.145ms
[2021-02-07T17:31:29.564+0300][271.876s][info][gc] GC(338) Concurrent marking (unload classes) 318.891ms
[2021-02-07T17:31:29.566+0300][271.877s][info][gc] GC(338) Pause Final Mark (unload classes) 0.436ms
[2021-02-07T17:31:29.572+0300][271.883s][info][gc] GC(338) Concurrent weak roots 5.548ms
[2021-02-07T17:31:29.572+0300][271.883s][info][gc] GC(338) Concurrent cleanup 243M->243M(256M) 0.012ms
[2021-02-07T17:31:29.574+0300][271.885s][info][gc] GC(338) Concurrent class unloading 2.017ms
[2021-02-07T17:31:29.574+0300][271.885s][info][gc] GC(338) Concurrent strong roots 0.131ms
[2021-02-07T17:31:29.579+0300][271.890s][info][gc] GC(338) Concurrent evacuation 4.767ms
[2021-02-07T17:31:29.582+0300][271.893s][info][gc] GC(338) Pause Init Update Refs 0.009ms
[2021-02-07T17:31:29.724+0300][272.036s][info][gc] GC(338) Concurrent update references 142.469ms
[2021-02-07T17:31:29.727+0300][272.038s][info][gc] GC(338) Pause Final Update Refs 0.109ms
[2021-02-07T17:31:29.727+0300][272.038s][info][gc] GC(338) Concurrent cleanup 247M->236M(256M) 0.019ms
[2021-02-07T17:31:29.729+0300][272.040s][info][gc] Trigger: Free (6821K) is below minimum threshold (26214K)
[2021-02-07T17:31:29.729+0300][272.040s][info][gc] GC(339) Concurrent reset 0.327ms
[2021-02-07T17:31:29.729+0300][272.041s][info][gc] GC(339) Pause Init Mark (unload classes) 0.145ms
[2021-02-07T17:31:30.051+0300][272.363s][info][gc] GC(339) Concurrent marking (unload classes) 321.730ms
[2021-02-07T17:31:30.056+0300][272.368s][info][gc] GC(339) Pause Final Mark (unload classes) 0.433ms
[2021-02-07T17:31:30.062+0300][272.373s][info][gc] GC(339) Concurrent weak roots 5.296ms
[2021-02-07T17:31:30.062+0300][272.373s][info][gc] GC(339) Concurrent cleanup 242M->242M(256M) 0.011ms
[2021-02-07T17:31:30.064+0300][272.375s][info][gc] GC(339) Concurrent class unloading 2.150ms
[2021-02-07T17:31:30.064+0300][272.375s][info][gc] GC(339) Concurrent strong roots 0.132ms
[2021-02-07T17:31:30.069+0300][272.381s][info][gc] GC(339) Concurrent evacuation 5.492ms
[2021-02-07T17:31:30.072+0300][272.383s][info][gc] GC(339) Pause Init Update Refs 0.009ms
[2021-02-07T17:31:30.214+0300][272.526s][info][gc] GC(339) Concurrent update references 142.375ms
[2021-02-07T17:31:30.215+0300][272.527s][info][gc] GC(339) Pause Final Update Refs 0.135ms
[2021-02-07T17:31:30.215+0300][272.527s][info][gc] GC(339) Concurrent cleanup 247M->236M(256M) 0.017ms
[2021-02-07T17:31:30.217+0300][272.528s][info][gc] Trigger: Free (6835K) is below minimum threshold (26214K)
[2021-02-07T17:31:30.217+0300][272.529s][info][gc] GC(340) Concurrent reset 0.512ms
[2021-02-07T17:31:30.218+0300][272.529s][info][gc] GC(340) Pause Init Mark (process weakrefs) (unload classes) 0.098ms
[2021-02-07T17:31:30.536+0300][272.848s][info][gc] GC(340) Concurrent marking (process weakrefs) (unload classes) 318.465ms
[2021-02-07T17:31:30.536+0300][272.848s][info][gc] GC(340) Concurrent precleaning 0.142ms
[2021-02-07T17:31:30.539+0300][272.851s][info][gc] GC(340) Pause Final Mark (process weakrefs) (unload classes) 0.436ms
[2021-02-07T17:31:30.545+0300][272.856s][info][gc] GC(340) Concurrent weak roots 5.281ms
[2021-02-07T17:31:30.545+0300][272.856s][info][gc] GC(340) Concurrent cleanup 243M->243M(256M) 0.011ms
[2021-02-07T17:31:30.547+0300][272.858s][info][gc] GC(340) Concurrent class unloading 2.257ms
[2021-02-07T17:31:30.547+0300][272.858s][info][gc] GC(340) Concurrent strong roots 0.128ms
[2021-02-07T17:31:30.552+0300][272.864s][info][gc] GC(340) Concurrent evacuation 5.019ms
[2021-02-07T17:31:30.555+0300][272.866s][info][gc] GC(340) Pause Init Update Refs 0.010ms
[2021-02-07T17:31:30.700+0300][273.012s][info][gc] GC(340) Concurrent update references 145.557ms
[2021-02-07T17:31:30.703+0300][273.014s][info][gc] GC(340) Pause Final Update Refs 0.138ms
[2021-02-07T17:31:30.703+0300][273.014s][info][gc] GC(340) Concurrent cleanup 247M->236M(256M) 0.017ms
[2021-02-07T17:31:30.705+0300][273.016s][info][gc] Trigger: Free (6821K) is below minimum threshold (26214K)
[2021-02-07T17:31:30.705+0300][273.016s][info][gc] GC(341) Concurrent reset 0.342ms
[2021-02-07T17:31:30.705+0300][273.017s][info][gc] GC(341) Pause Init Mark (unload classes) 0.149ms
[2021-02-07T17:31:31.037+0300][273.349s][info][gc] GC(341) Concurrent marking (unload classes) 331.692ms
[2021-02-07T17:31:31.042+0300][273.354s][info][gc] GC(341) Pause Final Mark (unload classes) 0.446ms
[2021-02-07T17:31:31.049+0300][273.361s][info][gc] GC(341) Concurrent weak roots 6.720ms
[2021-02-07T17:31:31.049+0300][273.361s][info][gc] GC(341) Concurrent cleanup 243M->243M(256M) 0.012ms
[2021-02-07T17:31:31.053+0300][273.365s][info][gc] GC(341) Concurrent class unloading 4.047ms
[2021-02-07T17:31:31.053+0300][273.365s][info][gc] GC(341) Concurrent strong roots 0.131ms
[2021-02-07T17:31:31.057+0300][273.369s][info][gc] GC(341) Concurrent evacuation 4.230ms
[2021-02-07T17:31:31.060+0300][273.372s][info][gc] GC(341) Pause Init Update Refs 0.009ms
[2021-02-07T17:31:31.201+0300][273.513s][info][gc] GC(341) Concurrent update references 141.260ms
[2021-02-07T17:31:31.204+0300][273.516s][info][gc] GC(341) Pause Final Update Refs 0.082ms
[2021-02-07T17:31:31.204+0300][273.516s][info][gc] GC(341) Concurrent cleanup 247M->236M(256M) 0.020ms
[2021-02-07T17:31:31.206+0300][273.518s][info][gc] Trigger: Free (6835K) is below minimum threshold (26214K)
[2021-02-07T17:31:31.206+0300][273.518s][info][gc] GC(342) Concurrent reset 0.355ms
[2021-02-07T17:31:31.207+0300][273.519s][info][gc] GC(342) Pause Init Mark (unload classes) 0.117ms
[2021-02-07T17:31:31.538+0300][273.850s][info][gc] GC(342) Concurrent marking (unload classes) 331.544ms
[2021-02-07T17:31:31.541+0300][273.853s][info][gc] GC(342) Pause Final Mark (unload classes) 0.237ms
[2021-02-07T17:31:31.559+0300][273.871s][info][gc] GC(342) Concurrent weak roots 17.748ms
[2021-02-07T17:31:31.559+0300][273.871s][info][gc] GC(342) Concurrent cleanup 242M->242M(256M) 0.034ms
[2021-02-07T17:31:31.562+0300][273.874s][info][gc] GC(342) Concurrent class unloading 2.932ms
[2021-02-07T17:31:31.562+0300][273.874s][info][gc] GC(342) Concurrent strong roots 0.075ms
[2021-02-07T17:31:31.569+0300][273.882s][info][gc] GC(342) Concurrent evacuation 7.502ms
[2021-02-07T17:31:31.575+0300][273.887s][info][gc] GC(342) Pause Init Update Refs 0.014ms
[2021-02-07T17:31:31.717+0300][274.030s][info][gc] GC(342) Concurrent update references 142.750ms
[2021-02-07T17:31:31.721+0300][274.033s][info][gc] GC(342) Pause Final Update Refs 0.083ms
[2021-02-07T17:31:31.721+0300][274.033s][info][gc] GC(342) Concurrent cleanup 247M->236M(256M) 0.022ms
[2021-02-07T17:31:31.723+0300][274.035s][info][gc] Trigger: Free (6821K) is below minimum threshold (26214K)
[2021-02-07T17:31:31.723+0300][274.035s][info][gc] GC(343) Concurrent reset 0.371ms
[2021-02-07T17:31:31.724+0300][274.036s][info][gc] GC(343) Pause Init Mark (unload classes) 0.082ms
[2021-02-07T17:31:32.073+0300][274.386s][info][gc] GC(343) Concurrent marking (unload classes) 349.807ms
[2021-02-07T17:31:32.078+0300][274.390s][info][gc] GC(343) Pause Final Mark (unload classes) 0.360ms
[2021-02-07T17:31:32.086+0300][274.398s][info][gc] GC(343) Concurrent weak roots 7.488ms
[2021-02-07T17:31:32.086+0300][274.398s][info][gc] GC(343) Concurrent cleanup 243M->243M(256M) 0.011ms
[2021-02-07T17:31:32.090+0300][274.402s][info][gc] GC(343) Concurrent class unloading 4.059ms
[2021-02-07T17:31:32.090+0300][274.402s][info][gc] GC(343) Concurrent strong roots 0.107ms
[2021-02-07T17:31:32.094+0300][274.407s][info][gc] GC(343) Concurrent evacuation 4.412ms
[2021-02-07T17:31:32.097+0300][274.409s][info][gc] GC(343) Pause Init Update Refs 0.013ms
[2021-02-07T17:31:32.237+0300][274.549s][info][gc] GC(343) Concurrent update references 140.459ms
[2021-02-07T17:31:32.238+0300][274.550s][info][gc] GC(343) Pause Final Update Refs 0.108ms
[2021-02-07T17:31:32.238+0300][274.551s][info][gc] GC(343) Concurrent cleanup 247M->236M(256M) 0.021ms
[2021-02-07T17:31:32.240+0300][274.552s][info][gc] Trigger: Free (6835K) is below minimum threshold (26214K)
[2021-02-07T17:31:32.240+0300][274.552s][info][gc] GC(344) Concurrent reset 0.341ms
[2021-02-07T17:31:32.241+0300][274.553s][info][gc] GC(344) Pause Init Mark (unload classes) 0.130ms
[2021-02-07T17:31:32.564+0300][274.877s][info][gc] GC(344) Concurrent marking (unload classes) 323.873ms
[2021-02-07T17:31:32.582+0300][274.894s][info][gc] GC(344) Pause Final Mark (unload classes) 0.264ms
[2021-02-07T17:31:32.589+0300][274.901s][info][gc] GC(344) Concurrent weak roots 6.588ms
[2021-02-07T17:31:32.589+0300][274.901s][info][gc] GC(344) Concurrent cleanup 243M->243M(256M) 0.013ms
[2021-02-07T17:31:32.591+0300][274.903s][info][gc] GC(344) Concurrent class unloading 1.985ms
[2021-02-07T17:31:32.591+0300][274.903s][info][gc] GC(344) Concurrent strong roots 0.120ms
[2021-02-07T17:31:32.595+0300][274.907s][info][gc] GC(344) Concurrent evacuation 4.439ms
[2021-02-07T17:31:32.596+0300][274.908s][info][gc] GC(344) Pause Init Update Refs 0.012ms
[2021-02-07T17:31:32.740+0300][275.052s][info][gc] GC(344) Concurrent update references 144.096ms
[2021-02-07T17:31:32.743+0300][275.055s][info][gc] GC(344) Pause Final Update Refs 0.068ms
[2021-02-07T17:31:32.743+0300][275.055s][info][gc] GC(344) Concurrent cleanup 247M->236M(256M) 0.019ms
[2021-02-07T17:31:32.745+0300][275.057s][info][gc] Trigger: Free (7077K) is below minimum threshold (26214K)
[2021-02-07T17:31:32.745+0300][275.057s][info][gc] GC(345) Concurrent reset 0.531ms
[2021-02-07T17:31:32.746+0300][275.058s][info][gc] GC(345) Pause Init Mark (process weakrefs) (unload classes) 0.087ms
[2021-02-07T17:31:33.078+0300][275.390s][info][gc] GC(345) Concurrent marking (process weakrefs) (unload classes) 332.022ms
[2021-02-07T17:31:33.078+0300][275.391s][info][gc] GC(345) Concurrent precleaning 0.145ms
[2021-02-07T17:31:33.080+0300][275.392s][info][gc] GC(345) Pause Final Mark (process weakrefs) (unload classes) 0.373ms
[2021-02-07T17:31:33.086+0300][275.398s][info][gc] GC(345) Concurrent weak roots 5.574ms
[2021-02-07T17:31:33.086+0300][275.398s][info][gc] GC(345) Concurrent cleanup 242M->242M(256M) 0.014ms
[2021-02-07T17:31:33.088+0300][275.400s][info][gc] GC(345) Concurrent class unloading 2.559ms
[2021-02-07T17:31:33.088+0300][275.400s][info][gc] GC(345) Concurrent strong roots 0.113ms
[2021-02-07T17:31:33.093+0300][275.405s][info][gc] GC(345) Concurrent evacuation 4.944ms
[2021-02-07T17:31:33.093+0300][275.406s][info][gc] GC(345) Pause Init Update Refs 0.010ms
[2021-02-07T17:31:33.236+0300][275.549s][info][gc] GC(345) Concurrent update references 142.830ms
[2021-02-07T17:31:33.240+0300][275.552s][info][gc] GC(345) Pause Final Update Refs 0.080ms
[2021-02-07T17:31:33.240+0300][275.552s][info][gc] GC(345) Concurrent cleanup 247M->236M(256M) 0.023ms
[2021-02-07T17:31:33.242+0300][275.554s][info][gc] Trigger: Free (6821K) is below minimum threshold (26214K)
[2021-02-07T17:31:33.242+0300][275.554s][info][gc] GC(346) Concurrent reset 0.437ms
[2021-02-07T17:31:33.242+0300][275.555s][info][gc] GC(346) Pause Init Mark (unload classes) 0.089ms
[2021-02-07T17:31:33.583+0300][275.895s][info][gc] GC(346) Concurrent marking (unload classes) 340.716ms
[2021-02-07T17:31:33.584+0300][275.896s][info][gc] GC(346) Pause Final Mark (unload classes) 0.301ms
[2021-02-07T17:31:33.592+0300][275.904s][info][gc] GC(346) Concurrent weak roots 7.297ms
[2021-02-07T17:31:33.592+0300][275.904s][info][gc] GC(346) Concurrent cleanup 243M->243M(256M) 0.015ms
[2021-02-07T17:31:33.596+0300][275.908s][info][gc] GC(346) Concurrent class unloading 4.024ms
[2021-02-07T17:31:33.596+0300][275.908s][info][gc] GC(346) Concurrent strong roots 0.077ms
[2021-02-07T17:31:33.601+0300][275.913s][info][gc] GC(346) Concurrent evacuation 4.915ms
[2021-02-07T17:31:33.604+0300][275.916s][info][gc] GC(346) Pause Init Update Refs 0.014ms
[2021-02-07T17:31:33.746+0300][276.058s][info][gc] GC(346) Concurrent update references 142.190ms
[2021-02-07T17:31:33.749+0300][276.061s][info][gc] GC(346) Pause Final Update Refs 0.096ms
[2021-02-07T17:31:33.749+0300][276.061s][info][gc] GC(346) Concurrent cleanup 247M->236M(256M) 0.025ms
[2021-02-07T17:31:33.751+0300][276.063s][info][gc] Trigger: Free (7077K) is below minimum threshold (26214K)
[2021-02-07T17:31:33.751+0300][276.063s][info][gc] GC(347) Concurrent reset 0.374ms
[2021-02-07T17:31:33.751+0300][276.063s][info][gc] GC(347) Pause Init Mark (unload classes) 0.103ms
[2021-02-07T17:31:34.090+0300][276.402s][info][gc] GC(347) Concurrent marking (unload classes) 338.406ms
[2021-02-07T17:31:34.091+0300][276.403s][info][gc] GC(347) Pause Final Mark (unload classes) 0.216ms
[2021-02-07T17:31:34.099+0300][276.411s][info][gc] GC(347) Concurrent weak roots 7.873ms
[2021-02-07T17:31:34.099+0300][276.411s][info][gc] GC(347) Concurrent cleanup 242M->242M(256M) 0.018ms
[2021-02-07T17:31:34.102+0300][276.414s][info][gc] GC(347) Concurrent class unloading 3.204ms
[2021-02-07T17:31:34.102+0300][276.414s][info][gc] GC(347) Concurrent strong roots 0.082ms
[2021-02-07T17:31:34.107+0300][276.419s][info][gc] GC(347) Concurrent evacuation 4.912ms
[2021-02-07T17:31:34.107+0300][276.419s][info][gc] GC(347) Pause Init Update Refs 0.010ms
[2021-02-07T17:31:34.250+0300][276.562s][info][gc] GC(347) Concurrent update references 142.567ms
[2021-02-07T17:31:34.251+0300][276.563s][info][gc] GC(347) Pause Final Update Refs 0.099ms
[2021-02-07T17:31:34.251+0300][276.563s][info][gc] GC(347) Concurrent cleanup 247M->236M(256M) 0.019ms
[2021-02-07T17:31:34.253+0300][276.565s][info][gc] Trigger: Free (6821K) is below minimum threshold (26214K)
[2021-02-07T17:31:34.253+0300][276.565s][info][gc] GC(348) Concurrent reset 0.417ms
[2021-02-07T17:31:34.254+0300][276.566s][info][gc] GC(348) Pause Init Mark (unload classes) 0.124ms
[2021-02-07T17:31:34.576+0300][276.888s][info][gc] GC(348) Concurrent marking (unload classes) 321.957ms
[2021-02-07T17:31:34.581+0300][276.893s][info][gc] GC(348) Pause Final Mark (unload classes) 0.283ms
[2021-02-07T17:31:34.595+0300][276.907s][info][gc] GC(348) Concurrent weak roots 13.597ms
[2021-02-07T17:31:34.595+0300][276.907s][info][gc] GC(348) Concurrent cleanup 242M->242M(256M) 0.026ms
[2021-02-07T17:31:34.611+0300][276.923s][info][gc] GC(348) Concurrent class unloading 16.055ms
[2021-02-07T17:31:34.611+0300][276.923s][info][gc] GC(348) Concurrent strong roots 0.079ms
[2021-02-07T17:31:34.616+0300][276.928s][info][gc] GC(348) Concurrent evacuation 5.256ms
[2021-02-07T17:31:34.627+0300][276.939s][info][gc] GC(348) Pause Init Update Refs 0.016ms
[2021-02-07T17:31:34.769+0300][277.081s][info][gc] GC(348) Concurrent update references 142.156ms
[2021-02-07T17:31:34.772+0300][277.084s][info][gc] GC(348) Pause Final Update Refs 0.085ms
[2021-02-07T17:31:34.772+0300][277.084s][info][gc] GC(348) Concurrent cleanup 247M->236M(256M) 0.022ms
[2021-02-07T17:31:34.785+0300][277.097s][info][gc] Trigger: Free (7077K) is below minimum threshold (26214K)
[2021-02-07T17:31:34.785+0300][277.097s][info][gc] GC(349) Concurrent reset 0.388ms
[2021-02-07T17:31:34.786+0300][277.098s][info][gc] GC(349) Pause Init Mark (unload classes) 0.125ms
[2021-02-07T17:31:35.113+0300][277.425s][info][gc] GC(349) Concurrent marking (unload classes) 326.987ms
[2021-02-07T17:31:35.118+0300][277.430s][info][gc] GC(349) Pause Final Mark (unload classes) 0.318ms
[2021-02-07T17:31:35.124+0300][277.436s][info][gc] GC(349) Concurrent weak roots 5.517ms
[2021-02-07T17:31:35.124+0300][277.436s][info][gc] GC(349) Concurrent cleanup 242M->242M(256M) 0.012ms
[2021-02-07T17:31:35.126+0300][277.438s][info][gc] GC(349) Concurrent class unloading 2.097ms
[2021-02-07T17:31:35.126+0300][277.438s][info][gc] GC(349) Concurrent strong roots 0.109ms
[2021-02-07T17:31:35.131+0300][277.443s][info][gc] GC(349) Concurrent evacuation 5.214ms
[2021-02-07T17:31:35.136+0300][277.448s][info][gc] GC(349) Pause Init Update Refs 0.017ms
[2021-02-07T17:31:35.288+0300][277.601s][info][gc] GC(349) Concurrent update references 152.753ms
[2021-02-07T17:31:35.289+0300][277.602s][info][gc] GC(349) Pause Final Update Refs 0.091ms
[2021-02-07T17:31:35.290+0300][277.602s][info][gc] GC(349) Concurrent cleanup 247M->236M(256M) 0.025ms
[2021-02-07T17:31:35.292+0300][277.604s][info][gc] Trigger: Free (7077K) is below minimum threshold (26214K)
[2021-02-07T17:31:35.292+0300][277.604s][info][gc] GC(350) Concurrent reset 0.432ms
[2021-02-07T17:31:35.293+0300][277.605s][info][gc] GC(350) Pause Init Mark (process weakrefs) (unload classes) 0.082ms
[2021-02-07T17:31:35.639+0300][277.951s][info][gc] GC(350) Concurrent marking (process weakrefs) (unload classes) 346.159ms
[2021-02-07T17:31:35.639+0300][277.951s][info][gc] GC(350) Concurrent precleaning 0.108ms
[2021-02-07T17:31:35.642+0300][277.954s][info][gc] GC(350) Pause Final Mark (process weakrefs) (unload classes) 0.404ms
[2021-02-07T17:31:35.650+0300][277.962s][info][gc] GC(350) Concurrent weak roots 7.443ms
[2021-02-07T17:31:35.650+0300][277.962s][info][gc] GC(350) Concurrent cleanup 243M->243M(256M) 0.024ms
[2021-02-07T17:31:35.655+0300][277.967s][info][gc] GC(350) Concurrent class unloading 4.959ms
[2021-02-07T17:31:35.655+0300][277.967s][info][gc] GC(350) Concurrent strong roots 0.107ms
[2021-02-07T17:31:35.659+0300][277.972s][info][gc] GC(350) Concurrent evacuation 4.538ms
[2021-02-07T17:31:35.662+0300][277.974s][info][gc] GC(350) Pause Init Update Refs 0.013ms
[2021-02-07T17:31:35.802+0300][278.114s][info][gc] GC(350) Concurrent update references 140.365ms
[2021-02-07T17:31:35.805+0300][278.117s][info][gc] GC(350) Pause Final Update Refs 0.108ms
[2021-02-07T17:31:35.805+0300][278.117s][info][gc] GC(350) Concurrent cleanup 247M->236M(256M) 0.025ms
[2021-02-07T17:31:35.807+0300][278.119s][info][gc] Trigger: Free (7047K) is below minimum threshold (26214K)
[2021-02-07T17:31:35.807+0300][278.119s][info][gc] GC(351) Concurrent reset 0.441ms
[2021-02-07T17:31:35.808+0300][278.120s][info][gc] GC(351) Pause Init Mark (unload classes) 0.122ms
[2021-02-07T17:31:36.136+0300][278.449s][info][gc] GC(351) Concurrent marking (unload classes) 328.577ms
[2021-02-07T17:31:36.140+0300][278.452s][info][gc] GC(351) Pause Final Mark (unload classes) 0.453ms
[2021-02-07T17:31:36.149+0300][278.461s][info][gc] GC(351) Concurrent weak roots 8.399ms
[2021-02-07T17:31:36.149+0300][278.461s][info][gc] GC(351) Concurrent cleanup 244M->244M(256M) 0.022ms
[2021-02-07T17:31:36.152+0300][278.464s][info][gc] GC(351) Concurrent class unloading 2.911ms
[2021-02-07T17:31:36.152+0300][278.464s][info][gc] GC(351) Concurrent strong roots 0.151ms
[2021-02-07T17:31:36.156+0300][278.468s][info][gc] GC(351) Concurrent evacuation 4.060ms
[2021-02-07T17:31:36.157+0300][278.469s][info][gc] GC(351) Pause Init Update Refs 0.010ms
[2021-02-07T17:31:36.297+0300][278.609s][info][gc] GC(351) Concurrent update references 140.399ms
[2021-02-07T17:31:36.300+0300][278.612s][info][gc] GC(351) Pause Final Update Refs 0.129ms
[2021-02-07T17:31:36.300+0300][278.612s][info][gc] GC(351) Concurrent cleanup 247M->236M(256M) 0.034ms
[2021-02-07T17:31:36.302+0300][278.614s][info][gc] Trigger: Free (7077K) is below minimum threshold (26214K)
[2021-02-07T17:31:36.302+0300][278.614s][info][gc] GC(352) Concurrent reset 0.590ms
[2021-02-07T17:31:36.303+0300][278.615s][info][gc] GC(352) Pause Init Mark (unload classes) 0.133ms
[2021-02-07T17:31:36.648+0300][278.961s][info][gc] GC(352) Concurrent marking (unload classes) 345.710ms
[2021-02-07T17:31:36.654+0300][278.966s][info][gc] GC(352) Pause Final Mark (unload classes) 0.367ms
[2021-02-07T17:31:36.660+0300][278.972s][info][gc] GC(352) Concurrent weak roots 5.469ms
[2021-02-07T17:31:36.660+0300][278.972s][info][gc] GC(352) Concurrent cleanup 242M->242M(256M) 0.012ms
[2021-02-07T17:31:36.662+0300][278.974s][info][gc] GC(352) Concurrent class unloading 2.464ms
[2021-02-07T17:31:36.662+0300][278.974s][info][gc] GC(352) Concurrent strong roots 0.077ms
[2021-02-07T17:31:36.667+0300][278.980s][info][gc] GC(352) Concurrent evacuation 5.128ms
[2021-02-07T17:31:36.668+0300][278.981s][info][gc] GC(352) Pause Init Update Refs 0.012ms
[2021-02-07T17:31:36.809+0300][279.121s][info][gc] GC(352) Concurrent update references 140.003ms
[2021-02-07T17:31:36.812+0300][279.124s][info][gc] GC(352) Pause Final Update Refs 0.086ms
[2021-02-07T17:31:36.812+0300][279.124s][info][gc] GC(352) Concurrent cleanup 247M->236M(256M) 0.030ms
[2021-02-07T17:31:36.814+0300][279.126s][info][gc] Trigger: Free (7047K) is below minimum threshold (26214K)
[2021-02-07T17:31:36.814+0300][279.126s][info][gc] GC(353) Concurrent reset 0.450ms
[2021-02-07T17:31:36.815+0300][279.127s][info][gc] GC(353) Pause Init Mark (unload classes) 0.107ms
[2021-02-07T17:31:37.135+0300][279.447s][info][gc] GC(353) Concurrent marking (unload classes) 319.978ms
[2021-02-07T17:31:37.136+0300][279.448s][info][gc] GC(353) Pause Final Mark (unload classes) 0.362ms
[2021-02-07T17:31:37.142+0300][279.454s][info][gc] GC(353) Concurrent weak roots 5.637ms
[2021-02-07T17:31:37.142+0300][279.454s][info][gc] GC(353) Concurrent cleanup 243M->243M(256M) 0.014ms
[2021-02-07T17:31:37.144+0300][279.456s][info][gc] GC(353) Concurrent class unloading 2.438ms
[2021-02-07T17:31:37.144+0300][279.456s][info][gc] GC(353) Concurrent strong roots 0.120ms
[2021-02-07T17:31:37.149+0300][279.461s][info][gc] GC(353) Concurrent evacuation 4.705ms
[2021-02-07T17:31:37.152+0300][279.464s][info][gc] GC(353) Pause Init Update Refs 0.018ms
[2021-02-07T17:31:37.293+0300][279.605s][info][gc] GC(353) Concurrent update references 141.531ms
[2021-02-07T17:31:37.294+0300][279.606s][info][gc] GC(353) Pause Final Update Refs 0.110ms
[2021-02-07T17:31:37.294+0300][279.607s][info][gc] GC(353) Concurrent cleanup 247M->236M(256M) 0.020ms
[2021-02-07T17:31:37.296+0300][279.608s][info][gc] Trigger: Free (7077K) is below minimum threshold (26214K)
[2021-02-07T17:31:37.296+0300][279.608s][info][gc] GC(354) Concurrent reset 0.343ms
[2021-02-07T17:31:37.297+0300][279.609s][info][gc] GC(354) Pause Init Mark (unload classes) 0.137ms
[2021-02-07T17:31:37.624+0300][279.936s][info][gc] GC(354) Concurrent marking (unload classes) 327.495ms
[2021-02-07T17:31:37.626+0300][279.939s][info][gc] GC(354) Pause Final Mark (unload classes) 0.250ms
[2021-02-07T17:31:37.634+0300][279.946s][info][gc] GC(354) Concurrent weak roots 7.108ms
[2021-02-07T17:31:37.634+0300][279.946s][info][gc] GC(354) Concurrent cleanup 244M->244M(256M) 0.011ms
[2021-02-07T17:31:37.640+0300][279.952s][info][gc] GC(354) Concurrent class unloading 6.007ms
[2021-02-07T17:31:37.640+0300][279.952s][info][gc] GC(354) Concurrent strong roots 0.129ms
[2021-02-07T17:31:37.644+0300][279.956s][info][gc] GC(354) Concurrent evacuation 4.141ms
[2021-02-07T17:31:37.647+0300][279.959s][info][gc] GC(354) Pause Init Update Refs 0.012ms
[2021-02-07T17:31:37.788+0300][280.100s][info][gc] GC(354) Concurrent update references 140.767ms
[2021-02-07T17:31:37.788+0300][280.100s][info][gc] GC(354) Pause Final Update Refs 0.077ms
[2021-02-07T17:31:37.788+0300][280.101s][info][gc] GC(354) Concurrent cleanup 247M->236M(256M) 0.022ms
[2021-02-07T17:31:37.790+0300][280.102s][info][gc] Trigger: Free (7077K) is below minimum threshold (26214K)
[2021-02-07T17:31:37.790+0300][280.102s][info][gc] GC(355) Concurrent reset 0.355ms
[2021-02-07T17:31:37.791+0300][280.103s][info][gc] GC(355) Pause Init Mark (process weakrefs) (unload classes) 0.125ms
[2021-02-07T17:31:38.132+0300][280.444s][info][gc] GC(355) Concurrent marking (process weakrefs) (unload classes) 341.343ms
[2021-02-07T17:31:38.132+0300][280.444s][info][gc] GC(355) Concurrent precleaning 0.081ms
[2021-02-07T17:31:38.145+0300][280.457s][info][gc] GC(355) Pause Final Mark (process weakrefs) (unload classes) 0.389ms
[2021-02-07T17:31:38.153+0300][280.465s][info][gc] GC(355) Concurrent weak roots 7.419ms
[2021-02-07T17:31:38.153+0300][280.465s][info][gc] GC(355) Concurrent cleanup 243M->243M(256M) 0.013ms
[2021-02-07T17:31:38.157+0300][280.469s][info][gc] GC(355) Concurrent class unloading 4.063ms
[2021-02-07T17:31:38.157+0300][280.469s][info][gc] GC(355) Concurrent strong roots 0.111ms
[2021-02-07T17:31:38.162+0300][280.474s][info][gc] GC(355) Concurrent evacuation 4.716ms
[2021-02-07T17:31:38.165+0300][280.477s][info][gc] GC(355) Pause Init Update Refs 0.014ms
[2021-02-07T17:31:38.306+0300][280.618s][info][gc] GC(355) Concurrent update references 141.417ms
[2021-02-07T17:31:38.307+0300][280.619s][info][gc] GC(355) Pause Final Update Refs 0.110ms
[2021-02-07T17:31:38.307+0300][280.619s][info][gc] GC(355) Concurrent cleanup 247M->236M(256M) 0.022ms
[2021-02-07T17:31:38.309+0300][280.621s][info][gc] Trigger: Free (7077K) is below minimum threshold (26214K)
[2021-02-07T17:31:38.309+0300][280.621s][info][gc] GC(356) Concurrent reset 0.331ms
[2021-02-07T17:31:38.310+0300][280.622s][info][gc] GC(356) Pause Init Mark (unload classes) 0.114ms
[2021-02-07T17:31:38.654+0300][280.966s][info][gc] GC(356) Concurrent marking (unload classes) 344.301ms
[2021-02-07T17:31:38.657+0300][280.969s][info][gc] GC(356) Pause Final Mark (unload classes) 0.417ms
[2021-02-07T17:31:38.666+0300][280.978s][info][gc] GC(356) Concurrent weak roots 7.479ms
[2021-02-07T17:31:38.666+0300][280.978s][info][gc] GC(356) Concurrent cleanup 243M->243M(256M) 0.015ms
[2021-02-07T17:31:38.671+0300][280.983s][info][gc] GC(356) Concurrent class unloading 5.045ms
[2021-02-07T17:31:38.671+0300][280.983s][info][gc] GC(356) Concurrent strong roots 0.112ms
[2021-02-07T17:31:38.675+0300][280.987s][info][gc] GC(356) Concurrent evacuation 4.297ms
[2021-02-07T17:31:38.678+0300][280.990s][info][gc] GC(356) Pause Init Update Refs 0.013ms
[2021-02-07T17:31:38.819+0300][281.131s][info][gc] GC(356) Concurrent update references 141.470ms
[2021-02-07T17:31:38.822+0300][281.134s][info][gc] GC(356) Pause Final Update Refs 0.111ms
[2021-02-07T17:31:38.822+0300][281.134s][info][gc] GC(356) Concurrent cleanup 247M->235M(256M) 0.021ms
[2021-02-07T17:31:38.824+0300][281.136s][info][gc] Trigger: Free (7303K) is below minimum threshold (26214K)
[2021-02-07T17:31:38.824+0300][281.136s][info][gc] GC(357) Concurrent reset 0.511ms
[2021-02-07T17:31:38.824+0300][281.137s][info][gc] GC(357) Pause Init Mark (unload classes) 0.166ms
[2021-02-07T17:31:39.172+0300][281.484s][info][gc] GC(357) Concurrent marking (unload classes) 347.090ms
[2021-02-07T17:31:39.175+0300][281.487s][info][gc] GC(357) Pause Final Mark (unload classes) 0.272ms
[2021-02-07T17:31:39.181+0300][281.493s][info][gc] GC(357) Concurrent weak roots 5.588ms
[2021-02-07T17:31:39.181+0300][281.493s][info][gc] GC(357) Concurrent cleanup 242M->242M(256M) 0.024ms
[2021-02-07T17:31:39.184+0300][281.496s][info][gc] GC(357) Concurrent class unloading 2.935ms
[2021-02-07T17:31:39.184+0300][281.496s][info][gc] GC(357) Concurrent strong roots 0.121ms
[2021-02-07T17:31:39.189+0300][281.501s][info][gc] GC(357) Concurrent evacuation 5.179ms
[2021-02-07T17:31:39.192+0300][281.504s][info][gc] GC(357) Pause Init Update Refs 0.014ms
[2021-02-07T17:31:39.335+0300][281.647s][info][gc] GC(357) Concurrent update references 143.057ms
[2021-02-07T17:31:39.336+0300][281.648s][info][gc] GC(357) Pause Final Update Refs 0.102ms
[2021-02-07T17:31:39.336+0300][281.648s][info][gc] GC(357) Concurrent cleanup 247M->236M(256M) 0.019ms
[2021-02-07T17:31:39.338+0300][281.650s][info][gc] Trigger: Free (7077K) is below minimum threshold (26214K)
[2021-02-07T17:31:39.338+0300][281.650s][info][gc] GC(358) Concurrent reset 0.409ms
[2021-02-07T17:31:39.338+0300][281.651s][info][gc] GC(358) Pause Init Mark (unload classes) 0.106ms
[2021-02-07T17:31:39.665+0300][281.977s][info][gc] GC(358) Concurrent marking (unload classes) 326.834ms
[2021-02-07T17:31:39.668+0300][281.980s][info][gc] GC(358) Pause Final Mark (unload classes) 0.309ms
[2021-02-07T17:31:39.674+0300][281.986s][info][gc] GC(358) Concurrent weak roots 5.568ms
[2021-02-07T17:31:39.674+0300][281.986s][info][gc] GC(358) Concurrent cleanup 242M->242M(256M) 0.013ms
[2021-02-07T17:31:39.676+0300][281.988s][info][gc] GC(358) Concurrent class unloading 2.446ms
[2021-02-07T17:31:39.676+0300][281.988s][info][gc] GC(358) Concurrent strong roots 0.112ms
[2021-02-07T17:31:39.681+0300][281.993s][info][gc] GC(358) Concurrent evacuation 4.911ms
[2021-02-07T17:31:39.686+0300][281.998s][info][gc] GC(358) Pause Init Update Refs 0.015ms
[2021-02-07T17:31:39.828+0300][282.140s][info][gc] GC(358) Concurrent update references 142.404ms
[2021-02-07T17:31:39.829+0300][282.141s][info][gc] GC(358) Pause Final Update Refs 0.095ms
[2021-02-07T17:31:39.829+0300][282.141s][info][gc] GC(358) Concurrent cleanup 246M->235M(256M) 0.021ms
[2021-02-07T17:31:39.833+0300][282.145s][info][gc] Trigger: Free (7517K) is below minimum threshold (26214K)
[2021-02-07T17:31:39.833+0300][282.145s][info][gc] GC(359) Concurrent reset 0.500ms
[2021-02-07T17:31:39.834+0300][282.146s][info][gc] GC(359) Pause Init Mark (unload classes) 0.164ms
[2021-02-07T17:31:40.167+0300][282.479s][info][gc] GC(359) Concurrent marking (unload classes) 332.737ms
[2021-02-07T17:31:40.170+0300][282.482s][info][gc] GC(359) Pause Final Mark (unload classes) 0.312ms
[2021-02-07T17:31:40.176+0300][282.488s][info][gc] GC(359) Concurrent weak roots 5.562ms
[2021-02-07T17:31:40.176+0300][282.488s][info][gc] GC(359) Concurrent cleanup 242M->242M(256M) 0.012ms
[2021-02-07T17:31:40.178+0300][282.490s][info][gc] GC(359) Concurrent class unloading 2.279ms
[2021-02-07T17:31:40.178+0300][282.490s][info][gc] GC(359) Concurrent strong roots 0.077ms
[2021-02-07T17:31:40.183+0300][282.496s][info][gc] GC(359) Concurrent evacuation 5.375ms
[2021-02-07T17:31:40.184+0300][282.496s][info][gc] GC(359) Pause Init Update Refs 0.011ms
[2021-02-07T17:31:40.325+0300][282.637s][info][gc] GC(359) Concurrent update references 140.849ms
[2021-02-07T17:31:40.328+0300][282.640s][info][gc] GC(359) Pause Final Update Refs 0.103ms
[2021-02-07T17:31:40.328+0300][282.640s][info][gc] GC(359) Concurrent cleanup 246M->235M(256M) 0.017ms
[2021-02-07T17:31:40.330+0300][282.642s][info][gc] Trigger: Free (7333K) is below minimum threshold (26214K)
[2021-02-07T17:31:40.330+0300][282.642s][info][gc] GC(360) Concurrent reset 0.293ms
[2021-02-07T17:31:40.330+0300][282.643s][info][gc] GC(360) Pause Init Mark (process weakrefs) (unload classes) 0.106ms
[2021-02-07T17:31:40.651+0300][282.964s][info][gc] GC(360) Concurrent marking (process weakrefs) (unload classes) 320.931ms
[2021-02-07T17:31:40.651+0300][282.964s][info][gc] GC(360) Concurrent precleaning 0.110ms
[2021-02-07T17:31:40.655+0300][282.967s][info][gc] GC(360) Pause Final Mark (process weakrefs) (unload classes) 0.433ms
[2021-02-07T17:31:40.661+0300][282.973s][info][gc] GC(360) Concurrent weak roots 5.289ms
[2021-02-07T17:31:40.661+0300][282.973s][info][gc] GC(360) Concurrent cleanup 242M->242M(256M) 0.012ms
[2021-02-07T17:31:40.663+0300][282.975s][info][gc] GC(360) Concurrent class unloading 2.400ms
[2021-02-07T17:31:40.663+0300][282.975s][info][gc] GC(360) Concurrent strong roots 0.132ms
[2021-02-07T17:31:40.668+0300][282.980s][info][gc] GC(360) Concurrent evacuation 4.846ms
[2021-02-07T17:31:40.671+0300][282.983s][info][gc] GC(360) Pause Init Update Refs 0.009ms
[2021-02-07T17:31:40.810+0300][283.123s][info][gc] GC(360) Concurrent update references 139.552ms
[2021-02-07T17:31:40.812+0300][283.124s][info][gc] GC(360) Pause Final Update Refs 0.117ms
[2021-02-07T17:31:40.812+0300][283.124s][info][gc] GC(360) Concurrent cleanup 246M->235M(256M) 0.017ms
[2021-02-07T17:31:40.814+0300][283.126s][info][gc] Trigger: Free (7564K) is below minimum threshold (26214K)
[2021-02-07T17:31:40.814+0300][283.126s][info][gc] GC(361) Concurrent reset 0.351ms
[2021-02-07T17:31:40.814+0300][283.127s][info][gc] GC(361) Pause Init Mark (unload classes) 0.146ms
[2021-02-07T17:31:41.165+0300][283.477s][info][gc] GC(361) Concurrent marking (unload classes) 350.131ms
[2021-02-07T17:31:41.168+0300][283.480s][info][gc] GC(361) Pause Final Mark (unload classes) 0.418ms
[2021-02-07T17:31:41.174+0300][283.486s][info][gc] GC(361) Concurrent weak roots 5.309ms
[2021-02-07T17:31:41.174+0300][283.486s][info][gc] GC(361) Concurrent cleanup 242M->242M(256M) 0.011ms
[2021-02-07T17:31:41.176+0300][283.488s][info][gc] GC(361) Concurrent class unloading 2.307ms
[2021-02-07T17:31:41.176+0300][283.488s][info][gc] GC(361) Concurrent strong roots 0.128ms
[2021-02-07T17:31:41.181+0300][283.493s][info][gc] GC(361) Concurrent evacuation 4.597ms
[2021-02-07T17:31:41.184+0300][283.496s][info][gc] GC(361) Pause Init Update Refs 0.010ms
[2021-02-07T17:31:41.323+0300][283.635s][info][gc] GC(361) Concurrent update references 138.805ms
[2021-02-07T17:31:41.326+0300][283.638s][info][gc] GC(361) Pause Final Update Refs 0.121ms
[2021-02-07T17:31:41.326+0300][283.638s][info][gc] GC(361) Concurrent cleanup 246M->236M(256M) 0.019ms
[2021-02-07T17:31:41.328+0300][283.640s][info][gc] Trigger: Free (7077K) is below minimum threshold (26214K)
[2021-02-07T17:31:41.328+0300][283.640s][info][gc] GC(362) Concurrent reset 0.374ms
[2021-02-07T17:31:41.329+0300][283.641s][info][gc] GC(362) Pause Init Mark (unload classes) 0.138ms
[2021-02-07T17:31:41.667+0300][283.979s][info][gc] GC(362) Concurrent marking (unload classes) 338.207ms
[2021-02-07T17:31:41.671+0300][283.982s][info][gc] GC(362) Pause Final Mark (unload classes) 0.422ms
[2021-02-07T17:31:41.677+0300][283.988s][info][gc] GC(362) Concurrent weak roots 5.550ms
[2021-02-07T17:31:41.677+0300][283.988s][info][gc] GC(362) Concurrent cleanup 243M->243M(256M) 0.016ms
[2021-02-07T17:31:41.679+0300][283.991s][info][gc] GC(362) Concurrent class unloading 2.399ms
[2021-02-07T17:31:41.679+0300][283.991s][info][gc] GC(362) Concurrent strong roots 0.131ms
[2021-02-07T17:31:41.683+0300][283.995s][info][gc] GC(362) Concurrent evacuation 4.237ms
[2021-02-07T17:31:41.684+0300][283.995s][info][gc] GC(362) Pause Init Update Refs 0.010ms
[2021-02-07T17:31:41.822+0300][284.134s][info][gc] GC(362) Concurrent update references 138.491ms
[2021-02-07T17:31:41.825+0300][284.136s][info][gc] GC(362) Pause Final Update Refs 0.139ms
[2021-02-07T17:31:41.825+0300][284.136s][info][gc] GC(362) Concurrent cleanup 246M->235M(256M) 0.019ms
[2021-02-07T17:31:41.827+0300][284.138s][info][gc] Trigger: Free (7559K) is below minimum threshold (26214K)
[2021-02-07T17:31:41.827+0300][284.138s][info][gc] GC(363) Concurrent reset 0.303ms
[2021-02-07T17:31:41.827+0300][284.139s][info][gc] GC(363) Pause Init Mark (unload classes) 0.148ms
[2021-02-07T17:31:42.150+0300][284.462s][info][gc] GC(363) Concurrent marking (unload classes) 322.760ms
[2021-02-07T17:31:42.153+0300][284.465s][info][gc] GC(363) Pause Final Mark (unload classes) 0.434ms
[2021-02-07T17:31:42.159+0300][284.470s][info][gc] GC(363) Concurrent weak roots 5.320ms
[2021-02-07T17:31:42.159+0300][284.470s][info][gc] GC(363) Concurrent cleanup 242M->242M(256M) 0.011ms
[2021-02-07T17:31:42.161+0300][284.472s][info][gc] GC(363) Concurrent class unloading 2.152ms
[2021-02-07T17:31:42.161+0300][284.472s][info][gc] GC(363) Concurrent strong roots 0.131ms
[2021-02-07T17:31:42.166+0300][284.477s][info][gc] GC(363) Concurrent evacuation 4.964ms
[2021-02-07T17:31:42.169+0300][284.480s][info][gc] GC(363) Pause Init Update Refs 0.011ms
[2021-02-07T17:31:42.309+0300][284.620s][info][gc] GC(363) Concurrent update references 140.021ms
[2021-02-07T17:31:42.312+0300][284.623s][info][gc] GC(363) Pause Final Update Refs 0.139ms
[2021-02-07T17:31:42.312+0300][284.624s][info][gc] GC(363) Concurrent cleanup 246M->236M(256M) 0.016ms
[2021-02-07T17:31:42.314+0300][284.625s][info][gc] Trigger: Free (7077K) is below minimum threshold (26214K)
[2021-02-07T17:31:42.314+0300][284.625s][info][gc] GC(364) Concurrent reset 0.333ms
[2021-02-07T17:31:42.314+0300][284.626s][info][gc] GC(364) Pause Init Mark (unload classes) 0.151ms
[2021-02-07T17:31:42.631+0300][284.943s][info][gc] GC(364) Concurrent marking (unload classes) 316.971ms
[2021-02-07T17:31:42.632+0300][284.945s][info][gc] GC(364) Pause Final Mark (unload classes) 0.422ms
[2021-02-07T17:31:42.640+0300][284.952s][info][gc] GC(364) Concurrent weak roots 7.202ms
[2021-02-07T17:31:42.640+0300][284.952s][info][gc] GC(364) Concurrent cleanup 243M->243M(256M) 0.011ms
[2021-02-07T17:31:42.644+0300][284.956s][info][gc] GC(364) Concurrent class unloading 4.077ms
[2021-02-07T17:31:42.644+0300][284.956s][info][gc] GC(364) Concurrent strong roots 0.131ms
[2021-02-07T17:31:42.649+0300][284.961s][info][gc] GC(364) Concurrent evacuation 4.676ms
[2021-02-07T17:31:42.650+0300][284.962s][info][gc] GC(364) Pause Init Update Refs 0.010ms
[2021-02-07T17:31:42.793+0300][285.105s][info][gc] GC(364) Concurrent update references 143.184ms
[2021-02-07T17:31:42.796+0300][285.108s][info][gc] GC(364) Pause Final Update Refs 0.130ms
[2021-02-07T17:31:42.796+0300][285.108s][info][gc] GC(364) Concurrent cleanup 247M->235M(256M) 0.016ms
[2021-02-07T17:31:42.798+0300][285.110s][info][gc] Trigger: Free (7333K) is below minimum threshold (26214K)
[2021-02-07T17:31:42.798+0300][285.110s][info][gc] GC(365) Concurrent reset 0.322ms
[2021-02-07T17:31:42.798+0300][285.111s][info][gc] GC(365) Pause Init Mark (process weakrefs) (unload classes) 0.147ms
[2021-02-07T17:31:43.120+0300][285.432s][info][gc] GC(365) Concurrent marking (process weakrefs) (unload classes) 321.504ms
[2021-02-07T17:31:43.120+0300][285.432s][info][gc] GC(365) Concurrent precleaning 0.143ms
[2021-02-07T17:31:43.125+0300][285.437s][info][gc] GC(365) Pause Final Mark (process weakrefs) (unload classes) 0.444ms
[2021-02-07T17:31:43.131+0300][285.443s][info][gc] GC(365) Concurrent weak roots 5.290ms
[2021-02-07T17:31:43.131+0300][285.443s][info][gc] GC(365) Concurrent cleanup 242M->242M(256M) 0.014ms
[2021-02-07T17:31:43.133+0300][285.445s][info][gc] GC(365) Concurrent class unloading 2.205ms
[2021-02-07T17:31:43.133+0300][285.445s][info][gc] GC(365) Concurrent strong roots 0.234ms
[2021-02-07T17:31:43.138+0300][285.451s][info][gc] GC(365) Concurrent evacuation 5.249ms
[2021-02-07T17:31:43.141+0300][285.453s][info][gc] GC(365) Pause Init Update Refs 0.009ms
[2021-02-07T17:31:43.284+0300][285.596s][info][gc] GC(365) Concurrent update references 143.158ms
[2021-02-07T17:31:43.287+0300][285.599s][info][gc] GC(365) Pause Final Update Refs 0.128ms
[2021-02-07T17:31:43.287+0300][285.599s][info][gc] GC(365) Concurrent cleanup 246M->235M(256M) 0.016ms
[2021-02-07T17:31:43.289+0300][285.601s][info][gc] Trigger: Free (7333K) is below minimum threshold (26214K)
[2021-02-07T17:31:43.289+0300][285.601s][info][gc] GC(366) Concurrent reset 0.329ms
[2021-02-07T17:31:43.289+0300][285.602s][info][gc] GC(366) Pause Init Mark (unload classes) 0.147ms
[2021-02-07T17:31:43.610+0300][285.923s][info][gc] GC(366) Concurrent marking (unload classes) 320.872ms
[2021-02-07T17:31:43.613+0300][285.925s][info][gc] GC(366) Pause Final Mark (unload classes) 0.432ms
[2021-02-07T17:31:43.621+0300][285.933s][info][gc] GC(366) Concurrent weak roots 7.339ms
[2021-02-07T17:31:43.621+0300][285.933s][info][gc] GC(366) Concurrent cleanup 243M->243M(256M) 0.010ms
[2021-02-07T17:31:43.625+0300][285.937s][info][gc] GC(366) Concurrent class unloading 4.066ms
[2021-02-07T17:31:43.625+0300][285.937s][info][gc] GC(366) Concurrent strong roots 0.073ms
[2021-02-07T17:31:43.629+0300][285.941s][info][gc] GC(366) Concurrent evacuation 4.117ms
[2021-02-07T17:31:43.632+0300][285.944s][info][gc] GC(366) Pause Init Update Refs 0.009ms
[2021-02-07T17:31:43.772+0300][286.084s][info][gc] GC(366) Concurrent update references 140.327ms
[2021-02-07T17:31:43.784+0300][286.096s][info][gc] GC(366) Pause Final Update Refs 0.103ms
[2021-02-07T17:31:43.784+0300][286.096s][info][gc] GC(366) Concurrent cleanup 246M->235M(256M) 0.019ms
[2021-02-07T17:31:43.799+0300][286.111s][info][gc] Trigger: Free (7589K) is below minimum threshold (26214K)
[2021-02-07T17:31:43.799+0300][286.111s][info][gc] GC(367) Concurrent reset 0.360ms
[2021-02-07T17:31:43.800+0300][286.112s][info][gc] GC(367) Pause Init Mark (unload classes) 0.150ms
[2021-02-07T17:31:44.119+0300][286.431s][info][gc] GC(367) Concurrent marking (unload classes) 319.171ms
[2021-02-07T17:31:44.120+0300][286.433s][info][gc] GC(367) Pause Final Mark (unload classes) 0.431ms
[2021-02-07T17:31:44.128+0300][286.440s][info][gc] GC(367) Concurrent weak roots 7.157ms
[2021-02-07T17:31:44.128+0300][286.440s][info][gc] GC(367) Concurrent cleanup 242M->242M(256M) 0.010ms
[2021-02-07T17:31:44.132+0300][286.444s][info][gc] GC(367) Concurrent class unloading 4.074ms
[2021-02-07T17:31:44.132+0300][286.444s][info][gc] GC(367) Concurrent strong roots 0.132ms
[2021-02-07T17:31:44.137+0300][286.449s][info][gc] GC(367) Concurrent evacuation 4.757ms
[2021-02-07T17:31:44.138+0300][286.450s][info][gc] GC(367) Pause Init Update Refs 0.009ms
[2021-02-07T17:31:44.278+0300][286.590s][info][gc] GC(367) Concurrent update references 140.522ms
[2021-02-07T17:31:44.281+0300][286.593s][info][gc] GC(367) Pause Final Update Refs 0.140ms
[2021-02-07T17:31:44.281+0300][286.593s][info][gc] GC(367) Concurrent cleanup 246M->235M(256M) 0.014ms
[2021-02-07T17:31:44.283+0300][286.595s][info][gc] Trigger: Free (7589K) is below minimum threshold (26214K)
[2021-02-07T17:31:44.283+0300][286.595s][info][gc] GC(368) Concurrent reset 0.329ms
[2021-02-07T17:31:44.284+0300][286.596s][info][gc] GC(368) Pause Init Mark (unload classes) 0.102ms
[2021-02-07T17:31:44.605+0300][286.917s][info][gc] GC(368) Concurrent marking (unload classes) 321.610ms
[2021-02-07T17:31:44.607+0300][286.919s][info][gc] GC(368) Pause Final Mark (unload classes) 0.431ms
[2021-02-07T17:31:44.614+0300][286.926s][info][gc] GC(368) Concurrent weak roots 6.772ms
[2021-02-07T17:31:44.614+0300][286.926s][info][gc] GC(368) Concurrent cleanup 242M->242M(256M) 0.010ms
[2021-02-07T17:31:44.618+0300][286.930s][info][gc] GC(368) Concurrent class unloading 4.095ms
[2021-02-07T17:31:44.618+0300][286.930s][info][gc] GC(368) Concurrent strong roots 0.131ms
[2021-02-07T17:31:44.623+0300][286.935s][info][gc] GC(368) Concurrent evacuation 4.654ms
[2021-02-07T17:31:44.626+0300][286.938s][info][gc] GC(368) Pause Init Update Refs 0.009ms
[2021-02-07T17:31:44.767+0300][287.079s][info][gc] GC(368) Concurrent update references 140.658ms
[2021-02-07T17:31:44.769+0300][287.080s][info][gc] GC(368) Pause Final Update Refs 0.143ms
[2021-02-07T17:31:44.769+0300][287.080s][info][gc] GC(368) Concurrent cleanup 246M->235M(256M) 0.017ms
[2021-02-07T17:31:44.771+0300][287.082s][info][gc] Trigger: Free (7589K) is below minimum threshold (26214K)
[2021-02-07T17:31:44.771+0300][287.082s][info][gc] GC(369) Concurrent reset 0.316ms
[2021-02-07T17:31:44.771+0300][287.083s][info][gc] GC(369) Pause Init Mark (unload classes) 0.148ms
[2021-02-07T17:31:45.092+0300][287.404s][info][gc] GC(369) Concurrent marking (unload classes) 320.940ms
[2021-02-07T17:31:45.097+0300][287.409s][info][gc] GC(369) Pause Final Mark (unload classes) 0.415ms
[2021-02-07T17:31:45.105+0300][287.417s][info][gc] GC(369) Concurrent weak roots 7.322ms
[2021-02-07T17:31:45.105+0300][287.417s][info][gc] GC(369) Concurrent cleanup 242M->242M(256M) 0.010ms
[2021-02-07T17:31:45.109+0300][287.421s][info][gc] GC(369) Concurrent class unloading 4.045ms
[2021-02-07T17:31:45.109+0300][287.421s][info][gc] GC(369) Concurrent strong roots 0.108ms
[2021-02-07T17:31:45.113+0300][287.426s][info][gc] GC(369) Concurrent evacuation 4.576ms
[2021-02-07T17:31:45.114+0300][287.427s][info][gc] GC(369) Pause Init Update Refs 0.009ms
[2021-02-07T17:31:45.257+0300][287.570s][info][gc] GC(369) Concurrent update references 142.770ms
[2021-02-07T17:31:45.260+0300][287.572s][info][gc] GC(369) Pause Final Update Refs 0.133ms
[2021-02-07T17:31:45.260+0300][287.572s][info][gc] GC(369) Concurrent cleanup 246M->235M(256M) 0.014ms
[2021-02-07T17:31:45.262+0300][287.574s][info][gc] Trigger: Free (7589K) is below minimum threshold (26214K)
[2021-02-07T17:31:45.262+0300][287.574s][info][gc] GC(370) Concurrent reset 0.258ms
[2021-02-07T17:31:45.262+0300][287.574s][info][gc] GC(370) Pause Init Mark (process weakrefs) (unload classes) 0.146ms
[2021-02-07T17:31:45.588+0300][287.900s][info][gc] GC(370) Concurrent marking (process weakrefs) (unload classes) 325.597ms
[2021-02-07T17:31:45.588+0300][287.900s][info][gc] GC(370) Concurrent precleaning 0.119ms
[2021-02-07T17:31:45.590+0300][287.902s][info][gc] GC(370) Pause Final Mark (process weakrefs) (unload classes) 0.440ms
[2021-02-07T17:31:45.597+0300][287.909s][info][gc] GC(370) Concurrent weak roots 6.953ms
[2021-02-07T17:31:45.597+0300][287.909s][info][gc] GC(370) Concurrent cleanup 242M->242M(256M) 0.011ms
[2021-02-07T17:31:45.601+0300][287.913s][info][gc] GC(370) Concurrent class unloading 4.023ms
[2021-02-07T17:31:45.601+0300][287.913s][info][gc] GC(370) Concurrent strong roots 0.103ms
[2021-02-07T17:31:45.605+0300][287.918s][info][gc] GC(370) Concurrent evacuation 4.648ms
[2021-02-07T17:31:45.606+0300][287.919s][info][gc] GC(370) Pause Init Update Refs 0.009ms
[2021-02-07T17:31:45.748+0300][288.060s][info][gc] GC(370) Concurrent update references 140.913ms
[2021-02-07T17:31:45.749+0300][288.061s][info][gc] GC(370) Pause Final Update Refs 0.136ms
[2021-02-07T17:31:45.749+0300][288.061s][info][gc] GC(370) Concurrent cleanup 246M->235M(256M) 0.015ms
[2021-02-07T17:31:45.751+0300][288.063s][info][gc] Trigger: Free (7589K) is below minimum threshold (26214K)
[2021-02-07T17:31:45.751+0300][288.063s][info][gc] GC(371) Concurrent reset 0.382ms
[2021-02-07T17:31:45.752+0300][288.064s][info][gc] GC(371) Pause Init Mark (unload classes) 0.169ms
[2021-02-07T17:31:46.100+0300][288.413s][info][gc] GC(371) Concurrent marking (unload classes) 348.559ms
[2021-02-07T17:31:46.117+0300][288.429s][info][gc] GC(371) Pause Final Mark (unload classes) 0.452ms
[2021-02-07T17:31:46.123+0300][288.435s][info][gc] GC(371) Concurrent weak roots 5.431ms
[2021-02-07T17:31:46.123+0300][288.435s][info][gc] GC(371) Concurrent cleanup 242M->242M(256M) 0.010ms
[2021-02-07T17:31:46.125+0300][288.437s][info][gc] GC(371) Concurrent class unloading 2.121ms
[2021-02-07T17:31:46.125+0300][288.437s][info][gc] GC(371) Concurrent strong roots 0.099ms
[2021-02-07T17:31:46.130+0300][288.442s][info][gc] GC(371) Concurrent evacuation 4.732ms
[2021-02-07T17:31:46.133+0300][288.445s][info][gc] GC(371) Pause Init Update Refs 0.009ms
[2021-02-07T17:31:46.281+0300][288.593s][info][gc] GC(371) Concurrent update references 148.414ms
[2021-02-07T17:31:46.284+0300][288.596s][info][gc] GC(371) Pause Final Update Refs 0.139ms
[2021-02-07T17:31:46.284+0300][288.596s][info][gc] GC(371) Concurrent cleanup 246M->235M(256M) 0.018ms
[2021-02-07T17:31:46.286+0300][288.598s][info][gc] Trigger: Free (7589K) is below minimum threshold (26214K)
[2021-02-07T17:31:46.286+0300][288.598s][info][gc] GC(372) Concurrent reset 0.327ms
[2021-02-07T17:31:46.286+0300][288.599s][info][gc] GC(372) Pause Init Mark (unload classes) 0.146ms
[2021-02-07T17:31:46.602+0300][288.915s][info][gc] GC(372) Concurrent marking (unload classes) 315.922ms
[2021-02-07T17:31:46.605+0300][288.917s][info][gc] GC(372) Pause Final Mark (unload classes) 0.439ms
[2021-02-07T17:31:46.611+0300][288.923s][info][gc] GC(372) Concurrent weak roots 5.343ms
[2021-02-07T17:31:46.611+0300][288.923s][info][gc] GC(372) Concurrent cleanup 242M->242M(256M) 0.016ms
[2021-02-07T17:31:46.613+0300][288.925s][info][gc] GC(372) Concurrent class unloading 2.196ms
[2021-02-07T17:31:46.613+0300][288.925s][info][gc] GC(372) Concurrent strong roots 0.131ms
[2021-02-07T17:31:46.618+0300][288.930s][info][gc] GC(372) Concurrent evacuation 4.880ms
[2021-02-07T17:31:46.621+0300][288.933s][info][gc] GC(372) Pause Init Update Refs 0.009ms
[2021-02-07T17:31:46.762+0300][289.074s][info][gc] GC(372) Concurrent update references 140.663ms
[2021-02-07T17:31:46.763+0300][289.075s][info][gc] GC(372) Pause Final Update Refs 0.140ms
[2021-02-07T17:31:46.763+0300][289.075s][info][gc] GC(372) Concurrent cleanup 246M->235M(256M) 0.015ms
[2021-02-07T17:31:46.765+0300][289.077s][info][gc] Trigger: Free (7589K) is below minimum threshold (26214K)
[2021-02-07T17:31:46.765+0300][289.077s][info][gc] GC(373) Concurrent reset 0.296ms
[2021-02-07T17:31:46.765+0300][289.078s][info][gc] GC(373) Pause Init Mark (unload classes) 0.147ms
[2021-02-07T17:31:47.089+0300][289.401s][info][gc] GC(373) Concurrent marking (unload classes) 323.087ms
[2021-02-07T17:31:47.092+0300][289.404s][info][gc] GC(373) Pause Final Mark (unload classes) 0.434ms
[2021-02-07T17:31:47.100+0300][289.412s][info][gc] GC(373) Concurrent weak roots 7.304ms
[2021-02-07T17:31:47.100+0300][289.412s][info][gc] GC(373) Concurrent cleanup 242M->242M(256M) 0.011ms
[2021-02-07T17:31:47.103+0300][289.415s][info][gc] GC(373) Concurrent class unloading 2.908ms
[2021-02-07T17:31:47.103+0300][289.415s][info][gc] GC(373) Concurrent strong roots 0.130ms
[2021-02-07T17:31:47.107+0300][289.419s][info][gc] GC(373) Concurrent evacuation 4.415ms
[2021-02-07T17:31:47.110+0300][289.422s][info][gc] GC(373) Pause Init Update Refs 0.009ms
[2021-02-07T17:31:47.248+0300][289.561s][info][gc] GC(373) Concurrent update references 138.619ms
[2021-02-07T17:31:47.252+0300][289.564s][info][gc] GC(373) Pause Final Update Refs 0.137ms
[2021-02-07T17:31:47.252+0300][289.564s][info][gc] GC(373) Concurrent cleanup 246M->235M(256M) 0.018ms
[2021-02-07T17:31:47.254+0300][289.566s][info][gc] Trigger: Free (7589K) is below minimum threshold (26214K)
[2021-02-07T17:31:47.254+0300][289.566s][info][gc] GC(374) Concurrent reset 0.323ms
[2021-02-07T17:31:47.254+0300][289.567s][info][gc] GC(374) Pause Init Mark (unload classes) 0.146ms
[2021-02-07T17:31:47.595+0300][289.908s][info][gc] GC(374) Concurrent marking (unload classes) 340.891ms
[2021-02-07T17:31:47.596+0300][289.909s][info][gc] GC(374) Pause Final Mark (unload classes) 0.430ms
[2021-02-07T17:31:47.602+0300][289.914s][info][gc] GC(374) Concurrent weak roots 5.250ms
[2021-02-07T17:31:47.602+0300][289.914s][info][gc] GC(374) Concurrent cleanup 242M->242M(256M) 0.012ms
[2021-02-07T17:31:47.604+0300][289.916s][info][gc] GC(374) Concurrent class unloading 2.373ms
[2021-02-07T17:31:47.604+0300][289.916s][info][gc] GC(374) Concurrent strong roots 0.102ms
[2021-02-07T17:31:47.609+0300][289.921s][info][gc] GC(374) Concurrent evacuation 4.666ms
[2021-02-07T17:31:47.612+0300][289.924s][info][gc] GC(374) Pause Init Update Refs 0.009ms
[2021-02-07T17:31:47.755+0300][290.068s][info][gc] GC(374) Concurrent update references 143.547ms
[2021-02-07T17:31:47.756+0300][290.068s][info][gc] GC(374) Pause Final Update Refs 0.139ms
[2021-02-07T17:31:47.756+0300][290.069s][info][gc] GC(374) Concurrent cleanup 246M->235M(256M) 0.015ms
[2021-02-07T17:31:47.759+0300][290.071s][info][gc] Trigger: Free (7589K) is below minimum threshold (26214K)
[2021-02-07T17:31:47.759+0300][290.071s][info][gc] GC(375) Concurrent reset 0.338ms
[2021-02-07T17:31:47.759+0300][290.072s][info][gc] GC(375) Pause Init Mark (process weakrefs) (unload classes) 0.129ms
[2021-02-07T17:31:48.101+0300][290.414s][info][gc] GC(375) Concurrent marking (process weakrefs) (unload classes) 341.919ms
[2021-02-07T17:31:48.101+0300][290.414s][info][gc] GC(375) Concurrent precleaning 0.149ms
[2021-02-07T17:31:48.102+0300][290.415s][info][gc] GC(375) Pause Final Mark (process weakrefs) (unload classes) 0.443ms
[2021-02-07T17:31:48.108+0300][290.420s][info][gc] GC(375) Concurrent weak roots 5.222ms
[2021-02-07T17:31:48.108+0300][290.420s][info][gc] GC(375) Concurrent cleanup 242M->242M(256M) 0.011ms
[2021-02-07T17:31:48.110+0300][290.422s][info][gc] GC(375) Concurrent class unloading 2.217ms
[2021-02-07T17:31:48.110+0300][290.422s][info][gc] GC(375) Concurrent strong roots 0.128ms
[2021-02-07T17:31:48.115+0300][290.427s][info][gc] GC(375) Concurrent evacuation 4.799ms
[2021-02-07T17:31:48.118+0300][290.430s][info][gc] GC(375) Pause Init Update Refs 0.009ms
[2021-02-07T17:31:48.259+0300][290.571s][info][gc] GC(375) Concurrent update references 141.133ms
[2021-02-07T17:31:48.260+0300][290.572s][info][gc] GC(375) Pause Final Update Refs 0.133ms
[2021-02-07T17:31:48.260+0300][290.572s][info][gc] GC(375) Concurrent cleanup 246M->235M(256M) 0.016ms
[2021-02-07T17:31:48.262+0300][290.574s][info][gc] Trigger: Free (7589K) is below minimum threshold (26214K)
[2021-02-07T17:31:48.262+0300][290.574s][info][gc] GC(376) Concurrent reset 0.295ms
[2021-02-07T17:31:48.262+0300][290.574s][info][gc] GC(376) Pause Init Mark (unload classes) 0.144ms
[2021-02-07T17:31:48.581+0300][290.893s][info][gc] GC(376) Concurrent marking (unload classes) 318.285ms
[2021-02-07T17:31:48.582+0300][290.894s][info][gc] GC(376) Pause Final Mark (unload classes) 0.452ms
[2021-02-07T17:31:48.603+0300][290.915s][info][gc] GC(376) Concurrent weak roots 20.779ms
[2021-02-07T17:31:48.603+0300][290.915s][info][gc] GC(376) Concurrent cleanup 243M->243M(256M) 0.013ms
[2021-02-07T17:31:48.619+0300][290.931s][info][gc] GC(376) Concurrent class unloading 16.118ms
[2021-02-07T17:31:48.619+0300][290.931s][info][gc] GC(376) Concurrent strong roots 0.119ms
[2021-02-07T17:31:48.623+0300][290.936s][info][gc] GC(376) Concurrent evacuation 4.374ms
[2021-02-07T17:31:48.635+0300][290.947s][info][gc] GC(376) Pause Init Update Refs 0.010ms
[2021-02-07T17:31:48.772+0300][291.084s][info][gc] GC(376) Concurrent update references 137.023ms
[2021-02-07T17:31:48.773+0300][291.085s][info][gc] GC(376) Pause Final Update Refs 0.137ms
[2021-02-07T17:31:48.773+0300][291.085s][info][gc] GC(376) Concurrent cleanup 246M->235M(256M) 0.015ms
[2021-02-07T17:31:48.775+0300][291.087s][info][gc] Trigger: Free (7845K) is below minimum threshold (26214K)
[2021-02-07T17:31:48.775+0300][291.087s][info][gc] GC(377) Concurrent reset 0.321ms
[2021-02-07T17:31:48.775+0300][291.088s][info][gc] GC(377) Pause Init Mark (unload classes) 0.140ms
[2021-02-07T17:31:49.101+0300][291.414s][info][gc] GC(377) Concurrent marking (unload classes) 325.985ms
[2021-02-07T17:31:49.104+0300][291.416s][info][gc] GC(377) Pause Final Mark (unload classes) 0.435ms
[2021-02-07T17:31:49.110+0300][291.422s][info][gc] GC(377) Concurrent weak roots 5.317ms
[2021-02-07T17:31:49.110+0300][291.422s][info][gc] GC(377) Concurrent cleanup 242M->242M(256M) 0.011ms
[2021-02-07T17:31:49.112+0300][291.424s][info][gc] GC(377) Concurrent class unloading 2.208ms
[2021-02-07T17:31:49.112+0300][291.424s][info][gc] GC(377) Concurrent strong roots 0.100ms
[2021-02-07T17:31:49.117+0300][291.429s][info][gc] GC(377) Concurrent evacuation 4.764ms
[2021-02-07T17:31:49.120+0300][291.432s][info][gc] GC(377) Pause Init Update Refs 0.009ms
[2021-02-07T17:31:49.260+0300][291.572s][info][gc] GC(377) Concurrent update references 139.901ms
[2021-02-07T17:31:49.261+0300][291.573s][info][gc] GC(377) Pause Final Update Refs 0.136ms
[2021-02-07T17:31:49.261+0300][291.573s][info][gc] GC(377) Concurrent cleanup 246M->235M(256M) 0.015ms
[2021-02-07T17:31:49.263+0300][291.575s][info][gc] Trigger: Free (7589K) is below minimum threshold (26214K)
[2021-02-07T17:31:49.263+0300][291.575s][info][gc] GC(378) Concurrent reset 0.295ms
[2021-02-07T17:31:49.263+0300][291.576s][info][gc] GC(378) Pause Init Mark (unload classes) 0.145ms
[2021-02-07T17:31:49.581+0300][291.894s][info][gc] GC(378) Concurrent marking (unload classes) 317.800ms
[2021-02-07T17:31:49.585+0300][291.897s][info][gc] GC(378) Pause Final Mark (unload classes) 0.416ms
[2021-02-07T17:31:49.591+0300][291.903s][info][gc] GC(378) Concurrent weak roots 5.273ms
[2021-02-07T17:31:49.591+0300][291.903s][info][gc] GC(378) Concurrent cleanup 242M->242M(256M) 0.015ms
[2021-02-07T17:31:49.593+0300][291.905s][info][gc] GC(378) Concurrent class unloading 2.189ms
[2021-02-07T17:31:49.593+0300][291.905s][info][gc] GC(378) Concurrent strong roots 0.128ms
[2021-02-07T17:31:49.598+0300][291.910s][info][gc] GC(378) Concurrent evacuation 4.947ms
[2021-02-07T17:31:49.601+0300][291.913s][info][gc] GC(378) Pause Init Update Refs 0.009ms
[2021-02-07T17:31:49.741+0300][292.054s][info][gc] GC(378) Concurrent update references 140.463ms
[2021-02-07T17:31:49.742+0300][292.055s][info][gc] GC(378) Pause Final Update Refs 0.135ms
[2021-02-07T17:31:49.743+0300][292.055s][info][gc] GC(378) Concurrent cleanup 246M->235M(256M) 0.015ms
[2021-02-07T17:31:49.745+0300][292.057s][info][gc] Trigger: Free (7845K) is below minimum threshold (26214K)
[2021-02-07T17:31:49.745+0300][292.057s][info][gc] GC(379) Concurrent reset 0.326ms
[2021-02-07T17:31:49.745+0300][292.058s][info][gc] GC(379) Pause Init Mark (unload classes) 0.147ms
[2021-02-07T17:31:50.069+0300][292.381s][info][gc] GC(379) Concurrent marking (unload classes) 323.450ms
[2021-02-07T17:31:50.074+0300][292.386s][info][gc] GC(379) Pause Final Mark (unload classes) 0.416ms
[2021-02-07T17:31:50.080+0300][292.392s][info][gc] GC(379) Concurrent weak roots 5.313ms
[2021-02-07T17:31:50.080+0300][292.392s][info][gc] GC(379) Concurrent cleanup 241M->241M(256M) 0.010ms
[2021-02-07T17:31:50.082+0300][292.394s][info][gc] GC(379) Concurrent class unloading 2.097ms
[2021-02-07T17:31:50.082+0300][292.394s][info][gc] GC(379) Concurrent strong roots 0.130ms
[2021-02-07T17:31:50.087+0300][292.399s][info][gc] GC(379) Concurrent evacuation 5.132ms
[2021-02-07T17:31:50.090+0300][292.402s][info][gc] GC(379) Pause Init Update Refs 0.009ms
[2021-02-07T17:31:50.231+0300][292.543s][info][gc] GC(379) Concurrent update references 140.639ms
[2021-02-07T17:31:50.234+0300][292.546s][info][gc] GC(379) Pause Final Update Refs 0.074ms
[2021-02-07T17:31:50.234+0300][292.546s][info][gc] GC(379) Concurrent cleanup 246M->235M(256M) 0.020ms
[2021-02-07T17:31:50.236+0300][292.548s][info][gc] Trigger: Free (7589K) is below minimum threshold (26214K)
[2021-02-07T17:31:50.236+0300][292.548s][info][gc] GC(380) Concurrent reset 0.291ms
[2021-02-07T17:31:50.236+0300][292.549s][info][gc] GC(380) Pause Init Mark (process weakrefs) (unload classes) 0.141ms
[2021-02-07T17:31:50.554+0300][292.866s][info][gc] GC(380) Concurrent marking (process weakrefs) (unload classes) 317.038ms
[2021-02-07T17:31:50.554+0300][292.866s][info][gc] GC(380) Concurrent precleaning 0.144ms
[2021-02-07T17:31:50.555+0300][292.867s][info][gc] GC(380) Pause Final Mark (process weakrefs) (unload classes) 0.424ms
[2021-02-07T17:31:50.561+0300][292.873s][info][gc] GC(380) Concurrent weak roots 5.637ms
[2021-02-07T17:31:50.561+0300][292.873s][info][gc] GC(380) Concurrent cleanup 242M->242M(256M) 0.011ms
[2021-02-07T17:31:50.567+0300][292.879s][info][gc] GC(380) Concurrent class unloading 6.048ms
[2021-02-07T17:31:50.567+0300][292.879s][info][gc] GC(380) Concurrent strong roots 0.152ms
[2021-02-07T17:31:50.572+0300][292.884s][info][gc] GC(380) Concurrent evacuation 4.949ms
[2021-02-07T17:31:50.575+0300][292.887s][info][gc] GC(380) Pause Init Update Refs 0.010ms
[2021-02-07T17:31:50.712+0300][293.024s][info][gc] GC(380) Concurrent update references 137.431ms
[2021-02-07T17:31:50.715+0300][293.027s][info][gc] GC(380) Pause Final Update Refs 0.140ms
[2021-02-07T17:31:50.715+0300][293.027s][info][gc] GC(380) Concurrent cleanup 246M->235M(256M) 0.016ms
[2021-02-07T17:31:50.717+0300][293.029s][info][gc] Trigger: Free (7845K) is below minimum threshold (26214K)
[2021-02-07T17:31:50.717+0300][293.029s][info][gc] GC(381) Concurrent reset 0.359ms
[2021-02-07T17:31:50.718+0300][293.030s][info][gc] GC(381) Pause Init Mark (unload classes) 0.144ms
[2021-02-07T17:31:51.041+0300][293.353s][info][gc] GC(381) Concurrent marking (unload classes) 322.908ms
[2021-02-07T17:31:51.044+0300][293.356s][info][gc] GC(381) Pause Final Mark (unload classes) 0.413ms
[2021-02-07T17:31:51.052+0300][293.364s][info][gc] GC(381) Concurrent weak roots 7.322ms
[2021-02-07T17:31:51.052+0300][293.364s][info][gc] GC(381) Concurrent cleanup 242M->242M(256M) 0.010ms
[2021-02-07T17:31:51.055+0300][293.367s][info][gc] GC(381) Concurrent class unloading 2.927ms
[2021-02-07T17:31:51.055+0300][293.367s][info][gc] GC(381) Concurrent strong roots 0.138ms
[2021-02-07T17:31:51.059+0300][293.371s][info][gc] GC(381) Concurrent evacuation 4.340ms
[2021-02-07T17:31:51.062+0300][293.374s][info][gc] GC(381) Pause Init Update Refs 0.009ms
[2021-02-07T17:31:51.200+0300][293.513s][info][gc] GC(381) Concurrent update references 138.503ms
[2021-02-07T17:31:51.202+0300][293.514s][info][gc] GC(381) Pause Final Update Refs 0.141ms
[2021-02-07T17:31:51.202+0300][293.514s][info][gc] GC(381) Concurrent cleanup 246M->235M(256M) 0.016ms
[2021-02-07T17:31:51.207+0300][293.519s][info][gc] Trigger: Free (7589K) is below minimum threshold (26214K)
[2021-02-07T17:31:51.207+0300][293.519s][info][gc] GC(382) Concurrent reset 0.434ms
[2021-02-07T17:31:51.208+0300][293.520s][info][gc] GC(382) Pause Init Mark (unload classes) 0.087ms
[2021-02-07T17:31:51.530+0300][293.842s][info][gc] GC(382) Concurrent marking (unload classes) 321.716ms
[2021-02-07T17:31:51.535+0300][293.847s][info][gc] GC(382) Pause Final Mark (unload classes) 0.422ms
[2021-02-07T17:31:51.541+0300][293.853s][info][gc] GC(382) Concurrent weak roots 5.312ms
[2021-02-07T17:31:51.541+0300][293.853s][info][gc] GC(382) Concurrent cleanup 242M->242M(256M) 0.011ms
[2021-02-07T17:31:51.543+0300][293.855s][info][gc] GC(382) Concurrent class unloading 2.286ms
[2021-02-07T17:31:51.543+0300][293.855s][info][gc] GC(382) Concurrent strong roots 0.097ms
[2021-02-07T17:31:51.548+0300][293.860s][info][gc] GC(382) Concurrent evacuation 4.731ms
[2021-02-07T17:31:51.551+0300][293.863s][info][gc] GC(382) Pause Init Update Refs 0.009ms
[2021-02-07T17:31:51.691+0300][294.003s][info][gc] GC(382) Concurrent update references 140.276ms
[2021-02-07T17:31:51.692+0300][294.004s][info][gc] GC(382) Pause Final Update Refs 0.117ms
[2021-02-07T17:31:51.692+0300][294.004s][info][gc] GC(382) Concurrent cleanup 246M->235M(256M) 0.016ms
[2021-02-07T17:31:51.694+0300][294.006s][info][gc] Trigger: Free (7845K) is below minimum threshold (26214K)
[2021-02-07T17:31:51.694+0300][294.006s][info][gc] GC(383) Concurrent reset 0.323ms
[2021-02-07T17:31:51.694+0300][294.007s][info][gc] GC(383) Pause Init Mark (unload classes) 0.142ms
[2021-02-07T17:31:52.012+0300][294.325s][info][gc] GC(383) Concurrent marking (unload classes) 317.780ms
[2021-02-07T17:31:52.015+0300][294.327s][info][gc] GC(383) Pause Final Mark (unload classes) 0.415ms
[2021-02-07T17:31:52.021+0300][294.333s][info][gc] GC(383) Concurrent weak roots 5.350ms
[2021-02-07T17:31:52.021+0300][294.333s][info][gc] GC(383) Concurrent cleanup 241M->241M(256M) 0.013ms
[2021-02-07T17:31:52.026+0300][294.339s][info][gc] GC(383) Concurrent class unloading 5.692ms
[2021-02-07T17:31:52.026+0300][294.339s][info][gc] GC(383) Concurrent strong roots 0.102ms
[2021-02-07T17:31:52.031+0300][294.344s][info][gc] GC(383) Concurrent evacuation 4.972ms
[2021-02-07T17:31:52.035+0300][294.347s][info][gc] GC(383) Pause Init Update Refs 0.010ms
[2021-02-07T17:31:52.174+0300][294.486s][info][gc] GC(383) Concurrent update references 139.251ms
[2021-02-07T17:31:52.177+0300][294.489s][info][gc] GC(383) Pause Final Update Refs 0.135ms
[2021-02-07T17:31:52.177+0300][294.489s][info][gc] GC(383) Concurrent cleanup 246M->235M(256M) 0.017ms
[2021-02-07T17:31:52.179+0300][294.491s][info][gc] Trigger: Free (7753K) is below minimum threshold (26214K)
[2021-02-07T17:31:52.179+0300][294.491s][info][gc] GC(384) Concurrent reset 0.296ms
[2021-02-07T17:31:52.179+0300][294.492s][info][gc] GC(384) Pause Init Mark (unload classes) 0.147ms
[2021-02-07T17:31:52.499+0300][294.811s][info][gc] GC(384) Concurrent marking (unload classes) 318.813ms
[2021-02-07T17:31:52.499+0300][294.811s][info][gc] GC(384) Pause Final Mark (unload classes) 0.291ms
[2021-02-07T17:31:52.506+0300][294.817s][info][gc] GC(384) Concurrent weak roots 6.268ms
[2021-02-07T17:31:52.506+0300][294.817s][info][gc] GC(384) Concurrent cleanup 241M->241M(256M) 0.011ms
[2021-02-07T17:31:52.510+0300][294.821s][info][gc] GC(384) Concurrent class unloading 4.056ms
[2021-02-07T17:31:52.510+0300][294.822s][info][gc] GC(384) Concurrent strong roots 0.134ms
[2021-02-07T17:31:52.515+0300][294.826s][info][gc] GC(384) Concurrent evacuation 4.640ms
[2021-02-07T17:31:52.518+0300][294.829s][info][gc] GC(384) Pause Init Update Refs 0.015ms
[2021-02-07T17:31:52.655+0300][294.967s][info][gc] GC(384) Concurrent update references 137.748ms
[2021-02-07T17:31:52.656+0300][294.968s][info][gc] GC(384) Pause Final Update Refs 0.116ms
[2021-02-07T17:31:52.656+0300][294.968s][info][gc] GC(384) Concurrent cleanup 246M->235M(256M) 0.019ms
[2021-02-07T17:31:52.659+0300][294.970s][info][gc] Trigger: Free (8101K) is below minimum threshold (26214K)
[2021-02-07T17:31:52.659+0300][294.971s][info][gc] GC(385) Concurrent reset 0.319ms
[2021-02-07T17:31:52.659+0300][294.971s][info][gc] GC(385) Pause Init Mark (process weakrefs) (unload classes) 0.119ms
[2021-02-07T17:31:52.986+0300][295.298s][info][gc] GC(385) Concurrent marking (process weakrefs) (unload classes) 326.761ms
[2021-02-07T17:31:52.986+0300][295.298s][info][gc] GC(385) Concurrent precleaning 0.116ms
[2021-02-07T17:31:52.991+0300][295.303s][info][gc] GC(385) Pause Final Mark (process weakrefs) (unload classes) 0.376ms
[2021-02-07T17:31:52.997+0300][295.308s][info][gc] GC(385) Concurrent weak roots 5.394ms
[2021-02-07T17:31:52.997+0300][295.308s][info][gc] GC(385) Concurrent cleanup 240M->240M(256M) 0.010ms
[2021-02-07T17:31:52.998+0300][295.310s][info][gc] GC(385) Concurrent class unloading 1.716ms
[2021-02-07T17:31:52.998+0300][295.310s][info][gc] GC(385) Concurrent strong roots 0.106ms
[2021-02-07T17:31:53.004+0300][295.316s][info][gc] GC(385) Concurrent evacuation 5.456ms
[2021-02-07T17:31:53.007+0300][295.319s][info][gc] GC(385) Pause Init Update Refs 0.010ms
[2021-02-07T17:31:53.148+0300][295.460s][info][gc] GC(385) Concurrent update references 141.267ms
[2021-02-07T17:31:53.151+0300][295.463s][info][gc] GC(385) Pause Final Update Refs 0.123ms
[2021-02-07T17:31:53.151+0300][295.463s][info][gc] GC(385) Concurrent cleanup 245M->235M(256M) 0.020ms
[2021-02-07T17:31:53.153+0300][295.464s][info][gc] Trigger: Free (8009K) is below minimum threshold (26214K)
[2021-02-07T17:31:53.153+0300][295.465s][info][gc] GC(386) Concurrent reset 0.303ms
[2021-02-07T17:31:53.153+0300][295.465s][info][gc] GC(386) Pause Init Mark (unload classes) 0.122ms
[2021-02-07T17:31:53.475+0300][295.786s][info][gc] GC(386) Concurrent marking (unload classes) 321.213ms
[2021-02-07T17:31:53.475+0300][295.787s][info][gc] GC(386) Pause Final Mark (unload classes) 0.394ms
[2021-02-07T17:31:53.481+0300][295.793s][info][gc] GC(386) Concurrent weak roots 5.267ms
[2021-02-07T17:31:53.481+0300][295.793s][info][gc] GC(386) Concurrent cleanup 240M->240M(256M) 0.014ms
[2021-02-07T17:31:53.483+0300][295.795s][info][gc] GC(386) Concurrent class unloading 1.984ms
[2021-02-07T17:31:53.483+0300][295.795s][info][gc] GC(386) Concurrent strong roots 0.104ms
[2021-02-07T17:31:53.489+0300][295.800s][info][gc] GC(386) Concurrent evacuation 5.658ms
[2021-02-07T17:31:53.492+0300][295.804s][info][gc] GC(386) Pause Init Update Refs 0.009ms
[2021-02-07T17:31:53.631+0300][295.943s][info][gc] GC(386) Concurrent update references 139.445ms
[2021-02-07T17:31:53.632+0300][295.944s][info][gc] GC(386) Pause Final Update Refs 0.137ms
[2021-02-07T17:31:53.633+0300][295.944s][info][gc] GC(386) Concurrent cleanup 246M->235M(256M) 0.019ms
[2021-02-07T17:31:53.640+0300][295.951s][info][gc] Trigger: Free (7845K) is below minimum threshold (26214K)
[2021-02-07T17:31:53.640+0300][295.952s][info][gc] GC(387) Concurrent reset 0.371ms
[2021-02-07T17:31:53.640+0300][295.952s][info][gc] GC(387) Pause Init Mark (unload classes) 0.123ms
[2021-02-07T17:31:53.978+0300][296.290s][info][gc] GC(387) Concurrent marking (unload classes) 337.331ms
[2021-02-07T17:31:53.981+0300][296.293s][info][gc] GC(387) Pause Final Mark (unload classes) 0.411ms
[2021-02-07T17:31:53.987+0300][296.298s][info][gc] GC(387) Concurrent weak roots 5.413ms
[2021-02-07T17:31:53.987+0300][296.298s][info][gc] GC(387) Concurrent cleanup 240M->240M(256M) 0.011ms
[2021-02-07T17:31:53.991+0300][296.303s][info][gc] GC(387) Concurrent class unloading 4.137ms
[2021-02-07T17:31:53.991+0300][296.303s][info][gc] GC(387) Concurrent strong roots 0.137ms
[2021-02-07T17:31:53.997+0300][296.309s][info][gc] GC(387) Concurrent evacuation 5.938ms
[2021-02-07T17:31:53.998+0300][296.309s][info][gc] GC(387) Pause Init Update Refs 0.009ms
[2021-02-07T17:31:54.139+0300][296.451s][info][gc] GC(387) Concurrent update references 141.149ms
[2021-02-07T17:31:54.142+0300][296.454s][info][gc] GC(387) Pause Final Update Refs 0.101ms
[2021-02-07T17:31:54.142+0300][296.454s][info][gc] GC(387) Concurrent cleanup 246M->235M(256M) 0.022ms
[2021-02-07T17:31:54.144+0300][296.455s][info][gc] Trigger: Free (7766K) is below minimum threshold (26214K)
[2021-02-07T17:31:54.144+0300][296.456s][info][gc] GC(388) Concurrent reset 0.335ms
[2021-02-07T17:31:54.144+0300][296.456s][info][gc] GC(388) Pause Init Mark (unload classes) 0.119ms
[2021-02-07T17:31:54.461+0300][296.773s][info][gc] GC(388) Concurrent marking (unload classes) 316.319ms
[2021-02-07T17:31:54.464+0300][296.776s][info][gc] GC(388) Pause Final Mark (unload classes) 0.415ms
[2021-02-07T17:31:54.470+0300][296.781s][info][gc] GC(388) Concurrent weak roots 5.326ms
[2021-02-07T17:31:54.470+0300][296.782s][info][gc] GC(388) Concurrent cleanup 241M->241M(256M) 0.012ms
[2021-02-07T17:31:54.472+0300][296.784s][info][gc] GC(388) Concurrent class unloading 2.005ms
[2021-02-07T17:31:54.472+0300][296.784s][info][gc] GC(388) Concurrent strong roots 0.135ms
[2021-02-07T17:31:54.477+0300][296.789s][info][gc] GC(388) Concurrent evacuation 5.403ms
[2021-02-07T17:31:54.480+0300][296.792s][info][gc] GC(388) Pause Init Update Refs 0.011ms
[2021-02-07T17:31:54.617+0300][296.929s][info][gc] GC(388) Concurrent update references 136.898ms
[2021-02-07T17:31:54.617+0300][296.929s][info][gc] GC(388) Pause Final Update Refs 0.135ms
[2021-02-07T17:31:54.617+0300][296.929s][info][gc] GC(388) Concurrent cleanup 246M->235M(256M) 0.019ms
[2021-02-07T17:31:54.619+0300][296.930s][info][gc] Trigger: Free (7845K) is below minimum threshold (26214K)
[2021-02-07T17:31:54.619+0300][296.931s][info][gc] GC(389) Concurrent reset 0.322ms
[2021-02-07T17:31:54.619+0300][296.931s][info][gc] GC(389) Pause Init Mark (unload classes) 0.147ms
[2021-02-07T17:31:54.943+0300][297.255s][info][gc] GC(389) Concurrent marking (unload classes) 323.442ms
[2021-02-07T17:31:54.947+0300][297.259s][info][gc] GC(389) Pause Final Mark (unload classes) 0.439ms
[2021-02-07T17:31:54.953+0300][297.264s][info][gc] GC(389) Concurrent weak roots 5.244ms
[2021-02-07T17:31:54.953+0300][297.264s][info][gc] GC(389) Concurrent cleanup 241M->241M(256M) 0.011ms
[2021-02-07T17:31:54.955+0300][297.267s][info][gc] GC(389) Concurrent class unloading 2.244ms
[2021-02-07T17:31:54.955+0300][297.267s][info][gc] GC(389) Concurrent strong roots 0.133ms
[2021-02-07T17:31:54.960+0300][297.272s][info][gc] GC(389) Concurrent evacuation 4.849ms
[2021-02-07T17:31:54.963+0300][297.275s][info][gc] GC(389) Pause Init Update Refs 0.009ms
[2021-02-07T17:31:55.102+0300][297.414s][info][gc] GC(389) Concurrent update references 139.246ms
[2021-02-07T17:31:55.105+0300][297.417s][info][gc] GC(389) Pause Final Update Refs 0.123ms
[2021-02-07T17:31:55.105+0300][297.417s][info][gc] GC(389) Concurrent cleanup 246M->235M(256M) 0.018ms
[2021-02-07T17:31:55.107+0300][297.418s][info][gc] Trigger: Free (8008K) is below minimum threshold (26214K)
[2021-02-07T17:31:55.107+0300][297.419s][info][gc] GC(390) Concurrent reset 0.322ms
[2021-02-07T17:31:55.107+0300][297.419s][info][gc] GC(390) Pause Init Mark (process weakrefs) (unload classes) 0.125ms
[2021-02-07T17:31:55.423+0300][297.735s][info][gc] GC(390) Concurrent marking (process weakrefs) (unload classes) 315.787ms
[2021-02-07T17:31:55.423+0300][297.735s][info][gc] GC(390) Concurrent precleaning 0.144ms
[2021-02-07T17:31:55.426+0300][297.738s][info][gc] GC(390) Pause Final Mark (process weakrefs) (unload classes) 0.440ms
[2021-02-07T17:31:55.432+0300][297.743s][info][gc] GC(390) Concurrent weak roots 5.290ms
[2021-02-07T17:31:55.432+0300][297.744s][info][gc] GC(390) Concurrent cleanup 241M->241M(256M) 0.011ms
[2021-02-07T17:31:55.434+0300][297.746s][info][gc] GC(390) Concurrent class unloading 2.215ms
[2021-02-07T17:31:55.434+0300][297.746s][info][gc] GC(390) Concurrent strong roots 0.132ms
[2021-02-07T17:31:55.439+0300][297.751s][info][gc] GC(390) Concurrent evacuation 4.867ms
[2021-02-07T17:31:55.442+0300][297.754s][info][gc] GC(390) Pause Init Update Refs 0.009ms
[2021-02-07T17:31:55.578+0300][297.890s][info][gc] GC(390) Concurrent update references 136.272ms
[2021-02-07T17:31:55.591+0300][297.903s][info][gc] GC(390) Pause Final Update Refs 0.119ms
[2021-02-07T17:31:55.591+0300][297.903s][info][gc] GC(390) Concurrent cleanup 246M->235M(256M) 0.017ms
[2021-02-07T17:31:55.607+0300][297.918s][info][gc] Trigger: Free (8101K) is below minimum threshold (26214K)
[2021-02-07T17:31:55.607+0300][297.919s][info][gc] GC(391) Concurrent reset 0.376ms
[2021-02-07T17:31:55.608+0300][297.919s][info][gc] GC(391) Pause Init Mark (unload classes) 0.149ms
[2021-02-07T17:31:55.921+0300][298.233s][info][gc] GC(391) Concurrent marking (unload classes) 313.912ms
[2021-02-07T17:31:55.925+0300][298.237s][info][gc] GC(391) Pause Final Mark (unload classes) 0.430ms
[2021-02-07T17:31:55.931+0300][298.242s][info][gc] GC(391) Concurrent weak roots 5.304ms
[2021-02-07T17:31:55.931+0300][298.243s][info][gc] GC(391) Concurrent cleanup 240M->240M(256M) 0.011ms
[2021-02-07T17:31:55.935+0300][298.247s][info][gc] GC(391) Concurrent class unloading 4.059ms
[2021-02-07T17:31:55.935+0300][298.247s][info][gc] GC(391) Concurrent strong roots 0.139ms
[2021-02-07T17:31:55.940+0300][298.252s][info][gc] GC(391) Concurrent evacuation 5.440ms
[2021-02-07T17:31:55.943+0300][298.255s][info][gc] GC(391) Pause Init Update Refs 0.009ms
[2021-02-07T17:31:56.081+0300][298.393s][info][gc] GC(391) Concurrent update references 138.542ms
[2021-02-07T17:31:56.082+0300][298.394s][info][gc] GC(391) Pause Final Update Refs 0.142ms
[2021-02-07T17:31:56.082+0300][298.394s][info][gc] GC(391) Concurrent cleanup 246M->235M(256M) 0.016ms
[2021-02-07T17:31:56.084+0300][298.395s][info][gc] Trigger: Free (8009K) is below minimum threshold (26214K)
[2021-02-07T17:31:56.084+0300][298.396s][info][gc] GC(392) Concurrent reset 0.405ms
[2021-02-07T17:31:56.084+0300][298.396s][info][gc] GC(392) Pause Init Mark (unload classes) 0.142ms
[2021-02-07T17:31:56.405+0300][298.717s][info][gc] GC(392) Concurrent marking (unload classes) 320.343ms
[2021-02-07T17:31:56.410+0300][298.722s][info][gc] GC(392) Pause Final Mark (unload classes) 0.368ms
[2021-02-07T17:31:56.416+0300][298.727s][info][gc] GC(392) Concurrent weak roots 5.381ms
[2021-02-07T17:31:56.416+0300][298.728s][info][gc] GC(392) Concurrent cleanup 241M->241M(256M) 0.011ms
[2021-02-07T17:31:56.418+0300][298.730s][info][gc] GC(392) Concurrent class unloading 2.106ms
[2021-02-07T17:31:56.418+0300][298.730s][info][gc] GC(392) Concurrent strong roots 0.130ms
[2021-02-07T17:31:56.423+0300][298.734s][info][gc] GC(392) Concurrent evacuation 4.632ms
[2021-02-07T17:31:56.426+0300][298.738s][info][gc] GC(392) Pause Init Update Refs 0.009ms
[2021-02-07T17:31:56.562+0300][298.874s][info][gc] GC(392) Concurrent update references 135.831ms
[2021-02-07T17:31:56.562+0300][298.874s][info][gc] GC(392) Pause Final Update Refs 0.137ms
[2021-02-07T17:31:56.562+0300][298.874s][info][gc] GC(392) Concurrent cleanup 246M->235M(256M) 0.015ms
[2021-02-07T17:31:56.564+0300][298.875s][info][gc] Trigger: Free (8101K) is below minimum threshold (26214K)
[2021-02-07T17:31:56.564+0300][298.876s][info][gc] GC(393) Concurrent reset 0.322ms
[2021-02-07T17:31:56.564+0300][298.876s][info][gc] GC(393) Pause Init Mark (unload classes) 0.148ms
[2021-02-07T17:31:56.896+0300][299.208s][info][gc] GC(393) Concurrent marking (unload classes) 331.599ms
[2021-02-07T17:31:56.899+0300][299.211s][info][gc] GC(393) Pause Final Mark (unload classes) 0.424ms
[2021-02-07T17:31:56.905+0300][299.216s][info][gc] GC(393) Concurrent weak roots 5.311ms
[2021-02-07T17:31:56.905+0300][299.217s][info][gc] GC(393) Concurrent cleanup 241M->241M(256M) 0.016ms
[2021-02-07T17:31:56.907+0300][299.219s][info][gc] GC(393) Concurrent class unloading 2.157ms
[2021-02-07T17:31:56.907+0300][299.219s][info][gc] GC(393) Concurrent strong roots 0.138ms
[2021-02-07T17:31:56.912+0300][299.224s][info][gc] GC(393) Concurrent evacuation 4.823ms
[2021-02-07T17:31:56.915+0300][299.227s][info][gc] GC(393) Pause Init Update Refs 0.009ms
[2021-02-07T17:31:57.058+0300][299.370s][info][gc] GC(393) Concurrent update references 143.605ms
[2021-02-07T17:31:57.062+0300][299.374s][info][gc] GC(393) Pause Final Update Refs 0.121ms
[2021-02-07T17:31:57.062+0300][299.374s][info][gc] GC(393) Concurrent cleanup 246M->235M(256M) 0.016ms
[2021-02-07T17:31:57.064+0300][299.375s][info][gc] Trigger: Free (8009K) is below minimum threshold (26214K)
[2021-02-07T17:31:57.064+0300][299.376s][info][gc] GC(394) Concurrent reset 0.296ms
[2021-02-07T17:31:57.064+0300][299.376s][info][gc] GC(394) Pause Init Mark (unload classes) 0.141ms
[2021-02-07T17:31:57.377+0300][299.689s][info][gc] GC(394) Concurrent marking (unload classes) 312.927ms
[2021-02-07T17:31:57.382+0300][299.694s][info][gc] GC(394) Pause Final Mark (unload classes) 0.431ms
[2021-02-07T17:31:57.388+0300][299.699s][info][gc] GC(394) Concurrent weak roots 5.311ms
[2021-02-07T17:31:57.388+0300][299.700s][info][gc] GC(394) Concurrent cleanup 240M->240M(256M) 0.011ms
[2021-02-07T17:31:57.392+0300][299.704s][info][gc] GC(394) Concurrent class unloading 4.083ms
[2021-02-07T17:31:57.392+0300][299.704s][info][gc] GC(394) Concurrent strong roots 0.111ms
[2021-02-07T17:31:57.397+0300][299.709s][info][gc] GC(394) Concurrent evacuation 5.305ms
[2021-02-07T17:31:57.400+0300][299.712s][info][gc] GC(394) Pause Init Update Refs 0.009ms
[2021-02-07T17:31:57.536+0300][299.848s][info][gc] GC(394) Concurrent update references 136.068ms
[2021-02-07T17:31:57.539+0300][299.851s][info][gc] GC(394) Pause Final Update Refs 0.134ms
[2021-02-07T17:31:57.539+0300][299.851s][info][gc] GC(394) Concurrent cleanup 246M->235M(256M) 0.016ms
[2021-02-07T17:31:57.541+0300][299.852s][info][gc] Trigger: Free (8101K) is below minimum threshold (26214K)
[2021-02-07T17:31:57.541+0300][299.853s][info][gc] GC(395) Concurrent reset 0.324ms
[2021-02-07T17:31:57.541+0300][299.853s][info][gc] GC(395) Pause Init Mark (process weakrefs) (unload classes) 0.148ms
[2021-02-07T17:31:57.872+0300][300.184s][info][gc] GC(395) Concurrent marking (process weakrefs) (unload classes) 330.840ms
[2021-02-07T17:31:57.873+0300][300.184s][info][gc] GC(395) Concurrent precleaning 0.143ms
[2021-02-07T17:31:57.879+0300][300.191s][info][gc] GC(395) Pause Final Mark (process weakrefs) (unload classes) 0.303ms
[2021-02-07T17:31:57.885+0300][300.196s][info][gc] GC(395) Concurrent weak roots 5.523ms
[2021-02-07T17:31:57.885+0300][300.197s][info][gc] GC(395) Concurrent cleanup 241M->241M(256M) 0.011ms
[2021-02-07T17:31:57.889+0300][300.201s][info][gc] GC(395) Concurrent class unloading 4.093ms
[2021-02-07T17:31:57.889+0300][300.201s][info][gc] GC(395) Concurrent strong roots 0.131ms
[2021-02-07T17:31:57.894+0300][300.206s][info][gc] GC(395) Concurrent evacuation 5.139ms
[2021-02-07T17:31:57.897+0300][300.209s][info][gc] GC(395) Pause Init Update Refs 0.011ms
[2021-02-07T17:31:58.036+0300][300.348s][info][gc] GC(395) Concurrent update references 139.117ms
[2021-02-07T17:31:58.037+0300][300.348s][info][gc] GC(395) Pause Final Update Refs 0.136ms
[2021-02-07T17:31:58.037+0300][300.349s][info][gc] GC(395) Concurrent cleanup 246M->235M(256M) 0.016ms
[2021-02-07T17:31:58.039+0300][300.350s][info][gc] Trigger: Free (8009K) is below minimum threshold (26214K)
[2021-02-07T17:31:58.039+0300][300.351s][info][gc] GC(396) Concurrent reset 0.451ms
[2021-02-07T17:31:58.040+0300][300.351s][info][gc] GC(396) Pause Init Mark (unload classes) 0.137ms
[2021-02-07T17:31:58.354+0300][300.666s][info][gc] GC(396) Concurrent marking (unload classes) 314.431ms
[2021-02-07T17:31:58.355+0300][300.667s][info][gc] GC(396) Pause Final Mark (unload classes) 0.411ms
[2021-02-07T17:31:58.361+0300][300.672s][info][gc] GC(396) Concurrent weak roots 5.504ms
[2021-02-07T17:31:58.361+0300][300.672s][info][gc] GC(396) Concurrent cleanup 240M->240M(256M) 0.010ms
[2021-02-07T17:31:58.365+0300][300.677s][info][gc] GC(396) Concurrent class unloading 4.069ms
[2021-02-07T17:31:58.365+0300][300.677s][info][gc] GC(396) Concurrent strong roots 0.100ms
[2021-02-07T17:31:58.370+0300][300.682s][info][gc] GC(396) Concurrent evacuation 5.423ms
[2021-02-07T17:31:58.371+0300][300.683s][info][gc] GC(396) Pause Init Update Refs 0.009ms
[2021-02-07T17:31:58.508+0300][300.820s][info][gc] GC(396) Concurrent update references 136.923ms
[2021-02-07T17:31:58.509+0300][300.821s][info][gc] GC(396) Pause Final Update Refs 0.109ms
[2021-02-07T17:31:58.509+0300][300.821s][info][gc] GC(396) Concurrent cleanup 245M->234M(256M) 0.016ms
[2021-02-07T17:31:58.515+0300][300.826s][info][gc] Trigger: Free (8357K) is below minimum threshold (26214K)
[2021-02-07T17:31:58.515+0300][300.827s][info][gc] GC(397) Concurrent reset 0.390ms
[2021-02-07T17:31:58.516+0300][300.827s][info][gc] GC(397) Pause Init Mark (unload classes) 0.110ms
[2021-02-07T17:31:58.835+0300][301.147s][info][gc] GC(397) Concurrent marking (unload classes) 319.699ms
[2021-02-07T17:31:58.836+0300][301.148s][info][gc] GC(397) Pause Final Mark (unload classes) 0.446ms
[2021-02-07T17:31:58.842+0300][301.153s][info][gc] GC(397) Concurrent weak roots 5.242ms
[2021-02-07T17:31:58.842+0300][301.154s][info][gc] GC(397) Concurrent cleanup 240M->240M(256M) 0.010ms
[2021-02-07T17:31:58.843+0300][301.155s][info][gc] GC(397) Concurrent class unloading 1.849ms
[2021-02-07T17:31:58.844+0300][301.156s][info][gc] GC(397) Concurrent strong roots 0.105ms
[2021-02-07T17:31:58.849+0300][301.161s][info][gc] GC(397) Concurrent evacuation 5.379ms
[2021-02-07T17:31:58.852+0300][301.164s][info][gc] GC(397) Pause Init Update Refs 0.010ms
[2021-02-07T17:31:58.988+0300][301.300s][info][gc] GC(397) Concurrent update references 136.029ms
[2021-02-07T17:31:58.993+0300][301.305s][info][gc] GC(397) Pause Final Update Refs 0.122ms
[2021-02-07T17:31:58.993+0300][301.305s][info][gc] GC(397) Concurrent cleanup 245M->234M(256M) 0.015ms
[2021-02-07T17:31:59.009+0300][301.320s][info][gc] Trigger: Free (8357K) is below minimum threshold (26214K)
[2021-02-07T17:31:59.009+0300][301.321s][info][gc] GC(398) Concurrent reset 0.339ms
[2021-02-07T17:31:59.010+0300][301.321s][info][gc] GC(398) Pause Init Mark (unload classes) 0.110ms
[2021-02-07T17:31:59.330+0300][301.641s][info][gc] GC(398) Concurrent marking (unload classes) 319.905ms
[2021-02-07T17:31:59.331+0300][301.643s][info][gc] GC(398) Pause Final Mark (unload classes) 0.437ms
[2021-02-07T17:31:59.343+0300][301.655s][info][gc] GC(398) Concurrent weak roots 11.364ms
[2021-02-07T17:31:59.343+0300][301.655s][info][gc] GC(398) Concurrent cleanup 240M->240M(256M) 0.012ms
[2021-02-07T17:31:59.346+0300][301.657s][info][gc] GC(398) Concurrent class unloading 2.816ms
[2021-02-07T17:31:59.346+0300][301.658s][info][gc] GC(398) Concurrent strong roots 0.131ms
[2021-02-07T17:31:59.351+0300][301.663s][info][gc] GC(398) Concurrent evacuation 5.172ms
[2021-02-07T17:31:59.358+0300][301.670s][info][gc] GC(398) Pause Init Update Refs 0.010ms
[2021-02-07T17:31:59.494+0300][301.806s][info][gc] GC(398) Concurrent update references 136.397ms
[2021-02-07T17:31:59.497+0300][301.809s][info][gc] GC(398) Pause Final Update Refs 0.119ms
[2021-02-07T17:31:59.497+0300][301.809s][info][gc] GC(398) Concurrent cleanup 245M->235M(256M) 0.016ms
[2021-02-07T17:31:59.499+0300][301.810s][info][gc] Trigger: Free (8101K) is below minimum threshold (26214K)
[2021-02-07T17:31:59.499+0300][301.811s][info][gc] GC(399) Concurrent reset 0.349ms
[2021-02-07T17:31:59.499+0300][301.811s][info][gc] GC(399) Pause Init Mark (unload classes) 0.119ms
[2021-02-07T17:31:59.831+0300][302.143s][info][gc] GC(399) Concurrent marking (unload classes) 331.629ms
[2021-02-07T17:31:59.834+0300][302.146s][info][gc] GC(399) Pause Final Mark (unload classes) 0.432ms
[2021-02-07T17:31:59.840+0300][302.151s][info][gc] GC(399) Concurrent weak roots 5.384ms
[2021-02-07T17:31:59.840+0300][302.151s][info][gc] GC(399) Concurrent cleanup 241M->241M(256M) 0.011ms
[2021-02-07T17:31:59.842+0300][302.154s][info][gc] GC(399) Concurrent class unloading 2.239ms
[2021-02-07T17:31:59.842+0300][302.154s][info][gc] GC(399) Concurrent strong roots 0.102ms
[2021-02-07T17:31:59.847+0300][302.159s][info][gc] GC(399) Concurrent evacuation 4.804ms
[2021-02-07T17:31:59.850+0300][302.162s][info][gc] GC(399) Pause Init Update Refs 0.009ms
[2021-02-07T17:31:59.990+0300][302.302s][info][gc] GC(399) Concurrent update references 140.644ms
[2021-02-07T17:31:59.994+0300][302.306s][info][gc] GC(399) Pause Final Update Refs 0.141ms
[2021-02-07T17:31:59.994+0300][302.306s][info][gc] GC(399) Concurrent cleanup 246M->234M(256M) 0.015ms
[2021-02-07T17:31:59.996+0300][302.307s][info][gc] Trigger: Free (8357K) is below minimum threshold (26214K)
[2021-02-07T17:31:59.996+0300][302.308s][info][gc] GC(400) Concurrent reset 0.324ms
[2021-02-07T17:31:59.996+0300][302.308s][info][gc] GC(400) Pause Init Mark (process weakrefs) (unload classes) 0.148ms
[2021-02-07T17:32:00.328+0300][302.640s][info][gc] GC(400) Concurrent marking (process weakrefs) (unload classes) 331.788ms
[2021-02-07T17:32:00.328+0300][302.640s][info][gc] GC(400) Concurrent precleaning 0.146ms
[2021-02-07T17:32:00.330+0300][302.642s][info][gc] GC(400) Pause Final Mark (process weakrefs) (unload classes) 0.444ms
[2021-02-07T17:32:00.336+0300][302.647s][info][gc] GC(400) Concurrent weak roots 5.480ms
[2021-02-07T17:32:00.336+0300][302.647s][info][gc] GC(400) Concurrent cleanup 242M->242M(256M) 0.012ms
[2021-02-07T17:32:00.338+0300][302.650s][info][gc] GC(400) Concurrent class unloading 2.277ms
[2021-02-07T17:32:00.338+0300][302.650s][info][gc] GC(400) Concurrent strong roots 0.131ms
[2021-02-07T17:32:00.343+0300][302.654s][info][gc] GC(400) Concurrent evacuation 4.518ms
[2021-02-07T17:32:00.346+0300][302.658s][info][gc] GC(400) Pause Init Update Refs 0.008ms
[2021-02-07T17:32:00.482+0300][302.793s][info][gc] GC(400) Concurrent update references 135.719ms
[2021-02-07T17:32:00.485+0300][302.797s][info][gc] GC(400) Pause Final Update Refs 0.138ms
[2021-02-07T17:32:00.485+0300][302.797s][info][gc] GC(400) Concurrent cleanup 246M->235M(256M) 0.017ms
[2021-02-07T17:32:00.487+0300][302.798s][info][gc] Trigger: Free (8101K) is below minimum threshold (26214K)
[2021-02-07T17:32:00.487+0300][302.799s][info][gc] GC(401) Concurrent reset 0.324ms
[2021-02-07T17:32:00.487+0300][302.799s][info][gc] GC(401) Pause Init Mark (unload classes) 0.147ms
[2021-02-07T17:32:00.801+0300][303.113s][info][gc] GC(401) Concurrent marking (unload classes) 313.829ms
[2021-02-07T17:32:00.806+0300][303.118s][info][gc] GC(401) Pause Final Mark (unload classes) 0.416ms
[2021-02-07T17:32:00.812+0300][303.123s][info][gc] GC(401) Concurrent weak roots 5.292ms
[2021-02-07T17:32:00.812+0300][303.123s][info][gc] GC(401) Concurrent cleanup 242M->242M(256M) 0.012ms
[2021-02-07T17:32:00.814+0300][303.126s][info][gc] GC(401) Concurrent class unloading 2.468ms
[2021-02-07T17:32:00.814+0300][303.126s][info][gc] GC(401) Concurrent strong roots 0.133ms
[2021-02-07T17:32:00.819+0300][303.131s][info][gc] GC(401) Concurrent evacuation 4.787ms
[2021-02-07T17:32:00.822+0300][303.134s][info][gc] GC(401) Pause Init Update Refs 0.010ms
[2021-02-07T17:32:00.960+0300][303.271s][info][gc] GC(401) Concurrent update references 137.742ms
[2021-02-07T17:32:00.961+0300][303.272s][info][gc] GC(401) Pause Final Update Refs 0.128ms
[2021-02-07T17:32:00.961+0300][303.273s][info][gc] GC(401) Concurrent cleanup 246M->234M(256M) 0.016ms
[2021-02-07T17:32:00.968+0300][303.279s][info][gc] Trigger: Free (8327K) is below minimum threshold (26214K)
[2021-02-07T17:32:00.968+0300][303.280s][info][gc] GC(402) Concurrent reset 0.326ms
[2021-02-07T17:32:00.968+0300][303.280s][info][gc] GC(402) Pause Init Mark (unload classes) 0.141ms
[2021-02-07T17:32:01.293+0300][303.605s][info][gc] GC(402) Concurrent marking (unload classes) 324.125ms
[2021-02-07T17:32:01.294+0300][303.606s][info][gc] GC(402) Pause Final Mark (unload classes) 0.411ms
[2021-02-07T17:32:01.300+0300][303.611s][info][gc] GC(402) Concurrent weak roots 5.284ms
[2021-02-07T17:32:01.300+0300][303.611s][info][gc] GC(402) Concurrent cleanup 241M->241M(256M) 0.015ms
[2021-02-07T17:32:01.302+0300][303.614s][info][gc] GC(402) Concurrent class unloading 2.321ms
[2021-02-07T17:32:01.302+0300][303.614s][info][gc] GC(402) Concurrent strong roots 0.101ms
[2021-02-07T17:32:01.307+0300][303.619s][info][gc] GC(402) Concurrent evacuation 4.609ms
[2021-02-07T17:32:01.310+0300][303.622s][info][gc] GC(402) Pause Init Update Refs 0.009ms
[2021-02-07T17:32:01.447+0300][303.759s][info][gc] GC(402) Concurrent update references 137.204ms
[2021-02-07T17:32:01.450+0300][303.762s][info][gc] GC(402) Pause Final Update Refs 0.138ms
[2021-02-07T17:32:01.450+0300][303.762s][info][gc] GC(402) Concurrent cleanup 245M->234M(256M) 0.016ms
[2021-02-07T17:32:01.452+0300][303.763s][info][gc] Trigger: Free (8357K) is below minimum threshold (26214K)
[2021-02-07T17:32:01.452+0300][303.764s][info][gc] GC(403) Concurrent reset 0.324ms
[2021-02-07T17:32:01.452+0300][303.764s][info][gc] GC(403) Pause Init Mark (unload classes) 0.146ms
[2021-02-07T17:32:01.784+0300][304.096s][info][gc] GC(403) Concurrent marking (unload classes) 331.443ms
[2021-02-07T17:32:01.788+0300][304.100s][info][gc] GC(403) Pause Final Mark (unload classes) 0.430ms
[2021-02-07T17:32:01.794+0300][304.105s][info][gc] GC(403) Concurrent weak roots 5.314ms
[2021-02-07T17:32:01.794+0300][304.106s][info][gc] GC(403) Concurrent cleanup 241M->241M(256M) 0.011ms
[2021-02-07T17:32:01.796+0300][304.108s][info][gc] GC(403) Concurrent class unloading 2.045ms
[2021-02-07T17:32:01.796+0300][304.108s][info][gc] GC(403) Concurrent strong roots 0.129ms
[2021-02-07T17:32:01.801+0300][304.113s][info][gc] GC(403) Concurrent evacuation 4.967ms
[2021-02-07T17:32:01.804+0300][304.116s][info][gc] GC(403) Pause Init Update Refs 0.009ms
[2021-02-07T17:32:01.940+0300][304.252s][info][gc] GC(403) Concurrent update references 136.032ms
[2021-02-07T17:32:01.941+0300][304.253s][info][gc] GC(403) Pause Final Update Refs 0.096ms
[2021-02-07T17:32:01.941+0300][304.253s][info][gc] GC(403) Concurrent cleanup 245M->234M(256M) 0.017ms
[2021-02-07T17:32:01.953+0300][304.264s][info][gc] Trigger: Free (8326K) is below minimum threshold (26214K)
[2021-02-07T17:32:01.953+0300][304.265s][info][gc] GC(404) Concurrent reset 0.302ms
[2021-02-07T17:32:01.953+0300][304.265s][info][gc] GC(404) Pause Init Mark (unload classes) 0.111ms
[2021-02-07T17:32:02.269+0300][304.581s][info][gc] GC(404) Concurrent marking (unload classes) 316.106ms
[2021-02-07T17:32:02.273+0300][304.585s][info][gc] GC(404) Pause Final Mark (unload classes) 0.395ms
[2021-02-07T17:32:02.279+0300][304.590s][info][gc] GC(404) Concurrent weak roots 5.349ms
[2021-02-07T17:32:02.279+0300][304.591s][info][gc] GC(404) Concurrent cleanup 240M->240M(256M) 0.010ms
[2021-02-07T17:32:02.283+0300][304.595s][info][gc] GC(404) Concurrent class unloading 4.079ms
[2021-02-07T17:32:02.283+0300][304.595s][info][gc] GC(404) Concurrent strong roots 0.127ms
[2021-02-07T17:32:02.288+0300][304.600s][info][gc] GC(404) Concurrent evacuation 5.283ms
[2021-02-07T17:32:02.291+0300][304.603s][info][gc] GC(404) Pause Init Update Refs 0.009ms
[2021-02-07T17:32:02.428+0300][304.740s][info][gc] GC(404) Concurrent update references 137.382ms
[2021-02-07T17:32:02.429+0300][304.740s][info][gc] GC(404) Pause Final Update Refs 0.117ms
[2021-02-07T17:32:02.429+0300][304.741s][info][gc] GC(404) Concurrent cleanup 245M->234M(256M) 0.015ms
[2021-02-07T17:32:02.431+0300][304.742s][info][gc] Trigger: Free (8357K) is below minimum threshold (26214K)
[2021-02-07T17:32:02.431+0300][304.743s][info][gc] GC(405) Concurrent reset 0.322ms
[2021-02-07T17:32:02.431+0300][304.743s][info][gc] GC(405) Pause Init Mark (process weakrefs) (unload classes) 0.118ms
[2021-02-07T17:32:02.762+0300][305.073s][info][gc] GC(405) Concurrent marking (process weakrefs) (unload classes) 330.182ms
[2021-02-07T17:32:02.762+0300][305.074s][info][gc] GC(405) Concurrent precleaning 0.148ms
[2021-02-07T17:32:02.763+0300][305.075s][info][gc] GC(405) Pause Final Mark (process weakrefs) (unload classes) 0.548ms
[2021-02-07T17:32:02.769+0300][305.080s][info][gc] GC(405) Concurrent weak roots 5.273ms
[2021-02-07T17:32:02.769+0300][305.081s][info][gc] GC(405) Concurrent cleanup 241M->241M(256M) 0.011ms
[2021-02-07T17:32:02.775+0300][305.087s][info][gc] GC(405) Concurrent class unloading 6.048ms
[2021-02-07T17:32:02.775+0300][305.087s][info][gc] GC(405) Concurrent strong roots 0.134ms
[2021-02-07T17:32:02.780+0300][305.092s][info][gc] GC(405) Concurrent evacuation 4.825ms
[2021-02-07T17:32:02.780+0300][305.092s][info][gc] GC(405) Pause Init Update Refs 0.009ms
[2021-02-07T17:32:02.917+0300][305.229s][info][gc] GC(405) Concurrent update references 137.161ms
[2021-02-07T17:32:02.919+0300][305.230s][info][gc] GC(405) Pause Final Update Refs 0.096ms
[2021-02-07T17:32:02.919+0300][305.230s][info][gc] GC(405) Concurrent cleanup 245M->234M(256M) 0.022ms
[2021-02-07T17:32:02.921+0300][305.232s][info][gc] Trigger: Free (8326K) is below minimum threshold (26214K)
[2021-02-07T17:32:02.921+0300][305.233s][info][gc] GC(406) Concurrent reset 0.295ms
[2021-02-07T17:32:02.921+0300][305.233s][info][gc] GC(406) Pause Init Mark (unload classes) 0.121ms
[2021-02-07T17:32:03.271+0300][305.583s][info][gc] GC(406) Concurrent marking (unload classes) 349.194ms
[2021-02-07T17:32:03.286+0300][305.598s][info][gc] GC(406) Pause Final Mark (unload classes) 0.420ms
[2021-02-07T17:32:03.292+0300][305.603s][info][gc] GC(406) Concurrent weak roots 5.325ms
[2021-02-07T17:32:03.292+0300][305.604s][info][gc] GC(406) Concurrent cleanup 241M->241M(256M) 0.011ms
[2021-02-07T17:32:03.294+0300][305.606s][info][gc] GC(406) Concurrent class unloading 2.046ms
[2021-02-07T17:32:03.294+0300][305.606s][info][gc] GC(406) Concurrent strong roots 0.131ms
[2021-02-07T17:32:03.299+0300][305.611s][info][gc] GC(406) Concurrent evacuation 4.879ms
[2021-02-07T17:32:03.302+0300][305.614s][info][gc] GC(406) Pause Init Update Refs 0.010ms
[2021-02-07T17:32:03.438+0300][305.750s][info][gc] GC(406) Concurrent update references 136.129ms
[2021-02-07T17:32:03.438+0300][305.750s][info][gc] GC(406) Pause Final Update Refs 0.118ms
[2021-02-07T17:32:03.439+0300][305.750s][info][gc] GC(406) Concurrent cleanup 245M->234M(256M) 0.015ms
[2021-02-07T17:32:03.445+0300][305.756s][info][gc] Trigger: Free (8357K) is below minimum threshold (26214K)
[2021-02-07T17:32:03.445+0300][305.757s][info][gc] GC(407) Concurrent reset 0.331ms
[2021-02-07T17:32:03.445+0300][305.757s][info][gc] GC(407) Pause Init Mark (unload classes) 0.123ms
[2021-02-07T17:32:03.776+0300][306.088s][info][gc] GC(407) Concurrent marking (unload classes) 330.575ms
[2021-02-07T17:32:03.779+0300][306.091s][info][gc] GC(407) Pause Final Mark (unload classes) 0.425ms
[2021-02-07T17:32:03.787+0300][306.098s][info][gc] GC(407) Concurrent weak roots 7.294ms
[2021-02-07T17:32:03.787+0300][306.098s][info][gc] GC(407) Concurrent cleanup 242M->242M(256M) 0.011ms
[2021-02-07T17:32:03.791+0300][306.103s][info][gc] GC(407) Concurrent class unloading 4.085ms
[2021-02-07T17:32:03.791+0300][306.103s][info][gc] GC(407) Concurrent strong roots 0.134ms
[2021-02-07T17:32:03.795+0300][306.107s][info][gc] GC(407) Concurrent evacuation 4.400ms
[2021-02-07T17:32:03.796+0300][306.108s][info][gc] GC(407) Pause Init Update Refs 0.009ms
[2021-02-07T17:32:03.932+0300][306.244s][info][gc] GC(407) Concurrent update references 135.593ms
[2021-02-07T17:32:03.935+0300][306.247s][info][gc] GC(407) Pause Final Update Refs 0.117ms
[2021-02-07T17:32:03.935+0300][306.247s][info][gc] GC(407) Concurrent cleanup 246M->234M(256M) 0.016ms
[2021-02-07T17:32:03.937+0300][306.248s][info][gc] Trigger: Free (8326K) is below minimum threshold (26214K)
[2021-02-07T17:32:03.937+0300][306.249s][info][gc] GC(408) Concurrent reset 0.289ms
[2021-02-07T17:32:03.937+0300][306.249s][info][gc] GC(408) Pause Init Mark (unload classes) 0.145ms
[2021-02-07T17:32:04.254+0300][306.566s][info][gc] GC(408) Concurrent marking (unload classes) 316.880ms
[2021-02-07T17:32:04.258+0300][306.570s][info][gc] GC(408) Pause Final Mark (unload classes) 0.407ms
[2021-02-07T17:32:04.264+0300][306.575s][info][gc] GC(408) Concurrent weak roots 5.322ms
[2021-02-07T17:32:04.264+0300][306.576s][info][gc] GC(408) Concurrent cleanup 241M->241M(256M) 0.013ms
[2021-02-07T17:32:04.266+0300][306.578s][info][gc] GC(408) Concurrent class unloading 2.310ms
[2021-02-07T17:32:04.266+0300][306.578s][info][gc] GC(408) Concurrent strong roots 0.133ms
[2021-02-07T17:32:04.271+0300][306.583s][info][gc] GC(408) Concurrent evacuation 4.649ms
[2021-02-07T17:32:04.274+0300][306.586s][info][gc] GC(408) Pause Init Update Refs 0.009ms
[2021-02-07T17:32:04.411+0300][306.723s][info][gc] GC(408) Concurrent update references 137.531ms
[2021-02-07T17:32:04.414+0300][306.726s][info][gc] GC(408) Pause Final Update Refs 0.137ms
[2021-02-07T17:32:04.414+0300][306.726s][info][gc] GC(408) Concurrent cleanup 245M->234M(256M) 0.015ms
[2021-02-07T17:32:04.416+0300][306.727s][info][gc] Trigger: Free (8357K) is below minimum threshold (26214K)
[2021-02-07T17:32:04.416+0300][306.728s][info][gc] GC(409) Concurrent reset 0.328ms
[2021-02-07T17:32:04.416+0300][306.728s][info][gc] GC(409) Pause Init Mark (unload classes) 0.153ms
[2021-02-07T17:32:04.730+0300][307.042s][info][gc] GC(409) Concurrent marking (unload classes) 313.300ms
[2021-02-07T17:32:04.735+0300][307.047s][info][gc] GC(409) Pause Final Mark (unload classes) 0.431ms
[2021-02-07T17:32:04.741+0300][307.052s][info][gc] GC(409) Concurrent weak roots 5.321ms
[2021-02-07T17:32:04.741+0300][307.053s][info][gc] GC(409) Concurrent cleanup 241M->241M(256M) 0.010ms
[2021-02-07T17:32:04.743+0300][307.055s][info][gc] GC(409) Concurrent class unloading 2.130ms
[2021-02-07T17:32:04.743+0300][307.055s][info][gc] GC(409) Concurrent strong roots 0.129ms
[2021-02-07T17:32:04.748+0300][307.060s][info][gc] GC(409) Concurrent evacuation 4.842ms
[2021-02-07T17:32:04.751+0300][307.063s][info][gc] GC(409) Pause Init Update Refs 0.011ms
[2021-02-07T17:32:04.887+0300][307.199s][info][gc] GC(409) Concurrent update references 135.928ms
[2021-02-07T17:32:04.890+0300][307.202s][info][gc] GC(409) Pause Final Update Refs 0.138ms
[2021-02-07T17:32:04.890+0300][307.202s][info][gc] GC(409) Concurrent cleanup 246M->234M(256M) 0.015ms
[2021-02-07T17:32:04.892+0300][307.203s][info][gc] Trigger: Free (8326K) is below minimum threshold (26214K)
[2021-02-07T17:32:04.892+0300][307.204s][info][gc] GC(410) Concurrent reset 0.327ms
[2021-02-07T17:32:04.892+0300][307.204s][info][gc] GC(410) Pause Init Mark (process weakrefs) (unload classes) 0.145ms
[2021-02-07T17:32:05.209+0300][307.521s][info][gc] GC(410) Concurrent marking (process weakrefs) (unload classes) 316.822ms
[2021-02-07T17:32:05.209+0300][307.521s][info][gc] GC(410) Concurrent precleaning 0.146ms
[2021-02-07T17:32:05.211+0300][307.523s][info][gc] GC(410) Pause Final Mark (process weakrefs) (unload classes) 0.271ms
[2021-02-07T17:32:05.218+0300][307.529s][info][gc] GC(410) Concurrent weak roots 6.814ms
[2021-02-07T17:32:05.218+0300][307.530s][info][gc] GC(410) Concurrent cleanup 242M->242M(256M) 0.011ms
[2021-02-07T17:32:05.222+0300][307.534s][info][gc] GC(410) Concurrent class unloading 4.078ms
[2021-02-07T17:32:05.222+0300][307.534s][info][gc] GC(410) Concurrent strong roots 0.133ms
[2021-02-07T17:32:05.226+0300][307.538s][info][gc] GC(410) Concurrent evacuation 4.413ms
[2021-02-07T17:32:05.229+0300][307.541s][info][gc] GC(410) Pause Init Update Refs 0.013ms
[2021-02-07T17:32:05.367+0300][307.679s][info][gc] GC(410) Concurrent update references 138.098ms
[2021-02-07T17:32:05.370+0300][307.682s][info][gc] GC(410) Pause Final Update Refs 0.111ms
[2021-02-07T17:32:05.370+0300][307.682s][info][gc] GC(410) Concurrent cleanup 246M->234M(256M) 0.017ms
[2021-02-07T17:32:05.384+0300][307.695s][info][gc] Trigger: Free (8357K) is below minimum threshold (26214K)
[2021-02-07T17:32:05.384+0300][307.696s][info][gc] GC(411) Concurrent reset 0.385ms
[2021-02-07T17:32:05.384+0300][307.696s][info][gc] GC(411) Pause Init Mark (unload classes) 0.115ms
[2021-02-07T17:32:05.717+0300][308.028s][info][gc] GC(411) Concurrent marking (unload classes) 331.995ms
[2021-02-07T17:32:05.721+0300][308.033s][info][gc] GC(411) Pause Final Mark (unload classes) 0.430ms
[2021-02-07T17:32:05.735+0300][308.046s][info][gc] GC(411) Concurrent weak roots 13.216ms
[2021-02-07T17:32:05.735+0300][308.046s][info][gc] GC(411) Concurrent cleanup 242M->242M(256M) 0.014ms
[2021-02-07T17:32:05.751+0300][308.063s][info][gc] GC(411) Concurrent class unloading 16.177ms
[2021-02-07T17:32:05.751+0300][308.063s][info][gc] GC(411) Concurrent strong roots 0.075ms
[2021-02-07T17:32:05.755+0300][308.067s][info][gc] GC(411) Concurrent evacuation 4.478ms
[2021-02-07T17:32:05.767+0300][308.079s][info][gc] GC(411) Pause Init Update Refs 0.011ms
[2021-02-07T17:32:05.905+0300][308.217s][info][gc] GC(411) Concurrent update references 138.673ms
[2021-02-07T17:32:05.907+0300][308.218s][info][gc] GC(411) Pause Final Update Refs 0.145ms
[2021-02-07T17:32:05.907+0300][308.219s][info][gc] GC(411) Concurrent cleanup 246M->234M(256M) 0.016ms
[2021-02-07T17:32:05.909+0300][308.220s][info][gc] Trigger: Free (8326K) is below minimum threshold (26214K)
[2021-02-07T17:32:05.909+0300][308.221s][info][gc] GC(412) Concurrent reset 0.320ms
[2021-02-07T17:32:05.909+0300][308.221s][info][gc] GC(412) Pause Init Mark (unload classes) 0.134ms
[2021-02-07T17:32:06.241+0300][308.553s][info][gc] GC(412) Concurrent marking (unload classes) 331.545ms
[2021-02-07T17:32:06.246+0300][308.558s][info][gc] GC(412) Pause Final Mark (unload classes) 0.453ms
[2021-02-07T17:32:06.254+0300][308.565s][info][gc] GC(412) Concurrent weak roots 7.320ms
[2021-02-07T17:32:06.254+0300][308.566s][info][gc] GC(412) Concurrent cleanup 242M->242M(256M) 0.010ms
[2021-02-07T17:32:06.256+0300][308.568s][info][gc] GC(412) Concurrent class unloading 2.711ms
[2021-02-07T17:32:06.257+0300][308.568s][info][gc] GC(412) Concurrent strong roots 0.147ms
[2021-02-07T17:32:06.261+0300][308.573s][info][gc] GC(412) Concurrent evacuation 4.366ms
[2021-02-07T17:32:06.264+0300][308.576s][info][gc] GC(412) Pause Init Update Refs 0.009ms
[2021-02-07T17:32:06.400+0300][308.712s][info][gc] GC(412) Concurrent update references 136.620ms
[2021-02-07T17:32:06.401+0300][308.713s][info][gc] GC(412) Pause Final Update Refs 0.138ms
[2021-02-07T17:32:06.401+0300][308.713s][info][gc] GC(412) Concurrent cleanup 246M->234M(256M) 0.015ms
[2021-02-07T17:32:06.403+0300][308.714s][info][gc] Trigger: Free (8357K) is below minimum threshold (26214K)
[2021-02-07T17:32:06.403+0300][308.715s][info][gc] GC(413) Concurrent reset 0.321ms
[2021-02-07T17:32:06.403+0300][308.715s][info][gc] GC(413) Pause Init Mark (unload classes) 0.142ms
[2021-02-07T17:32:06.721+0300][309.033s][info][gc] GC(413) Concurrent marking (unload classes) 317.431ms
[2021-02-07T17:32:06.724+0300][309.036s][info][gc] GC(413) Pause Final Mark (unload classes) 0.431ms
[2021-02-07T17:32:06.730+0300][309.041s][info][gc] GC(413) Concurrent weak roots 5.276ms
[2021-02-07T17:32:06.730+0300][309.042s][info][gc] GC(413) Concurrent cleanup 240M->240M(256M) 0.011ms
[2021-02-07T17:32:06.734+0300][309.046s][info][gc] GC(413) Concurrent class unloading 4.062ms
[2021-02-07T17:32:06.734+0300][309.046s][info][gc] GC(413) Concurrent strong roots 0.105ms
[2021-02-07T17:32:06.739+0300][309.051s][info][gc] GC(413) Concurrent evacuation 5.359ms
[2021-02-07T17:32:06.742+0300][309.054s][info][gc] GC(413) Pause Init Update Refs 0.010ms
[2021-02-07T17:32:06.878+0300][309.190s][info][gc] GC(413) Concurrent update references 136.403ms
[2021-02-07T17:32:06.879+0300][309.190s][info][gc] GC(413) Pause Final Update Refs 0.142ms
[2021-02-07T17:32:06.879+0300][309.191s][info][gc] GC(413) Concurrent cleanup 245M->234M(256M) 0.017ms
[2021-02-07T17:32:06.891+0300][309.202s][info][gc] Trigger: Free (8582K) is below minimum threshold (26214K)
[2021-02-07T17:32:06.891+0300][309.203s][info][gc] GC(414) Concurrent reset 0.411ms
[2021-02-07T17:32:06.891+0300][309.203s][info][gc] GC(414) Pause Init Mark (unload classes) 0.122ms
[2021-02-07T17:32:07.228+0300][309.540s][info][gc] GC(414) Concurrent marking (unload classes) 336.730ms
[2021-02-07T17:32:07.241+0300][309.553s][info][gc] GC(414) Pause Final Mark (unload classes) 0.244ms
[2021-02-07T17:32:07.247+0300][309.558s][info][gc] GC(414) Concurrent weak roots 5.569ms
[2021-02-07T17:32:07.247+0300][309.558s][info][gc] GC(414) Concurrent cleanup 240M->240M(256M) 0.011ms
[2021-02-07T17:32:07.253+0300][309.565s][info][gc] GC(414) Concurrent class unloading 6.044ms
[2021-02-07T17:32:07.253+0300][309.565s][info][gc] GC(414) Concurrent strong roots 0.112ms
[2021-02-07T17:32:07.258+0300][309.570s][info][gc] GC(414) Concurrent evacuation 5.197ms
[2021-02-07T17:32:07.261+0300][309.573s][info][gc] GC(414) Pause Init Update Refs 0.011ms
[2021-02-07T17:32:07.398+0300][309.710s][info][gc] GC(414) Concurrent update references 137.426ms
[2021-02-07T17:32:07.401+0300][309.713s][info][gc] GC(414) Pause Final Update Refs 0.097ms
[2021-02-07T17:32:07.401+0300][309.713s][info][gc] GC(414) Concurrent cleanup 245M->234M(256M) 0.018ms
[2021-02-07T17:32:07.403+0300][309.714s][info][gc] Trigger: Free (8613K) is below minimum threshold (26214K)
[2021-02-07T17:32:07.403+0300][309.715s][info][gc] GC(415) Concurrent reset 0.324ms
[2021-02-07T17:32:07.403+0300][309.715s][info][gc] GC(415) Pause Init Mark (process weakrefs) (unload classes) 0.100ms
[2021-02-07T17:32:07.718+0300][310.030s][info][gc] GC(415) Concurrent marking (process weakrefs) (unload classes) 314.364ms
[2021-02-07T17:32:07.718+0300][310.030s][info][gc] GC(415) Concurrent precleaning 0.115ms
[2021-02-07T17:32:07.721+0300][310.033s][info][gc] GC(415) Pause Final Mark (process weakrefs) (unload classes) 0.458ms
[2021-02-07T17:32:07.737+0300][310.048s][info][gc] GC(415) Concurrent weak roots 15.232ms
[2021-02-07T17:32:07.737+0300][310.048s][info][gc] GC(415) Concurrent cleanup 240M->240M(256M) 0.014ms
[2021-02-07T17:32:07.753+0300][310.065s][info][gc] GC(415) Concurrent class unloading 16.058ms
[2021-02-07T17:32:07.753+0300][310.065s][info][gc] GC(415) Concurrent strong roots 0.130ms
[2021-02-07T17:32:07.758+0300][310.070s][info][gc] GC(415) Concurrent evacuation 5.437ms
[2021-02-07T17:32:07.759+0300][310.071s][info][gc] GC(415) Pause Init Update Refs 0.009ms
[2021-02-07T17:32:07.898+0300][310.209s][info][gc] GC(415) Concurrent update references 138.042ms
[2021-02-07T17:32:07.898+0300][310.210s][info][gc] GC(415) Pause Final Update Refs 0.146ms
[2021-02-07T17:32:07.898+0300][310.210s][info][gc] GC(415) Concurrent cleanup 245M->234M(256M) 0.019ms
[2021-02-07T17:32:07.900+0300][310.211s][info][gc] Trigger: Free (8838K) is below minimum threshold (26214K)
[2021-02-07T17:32:07.900+0300][310.212s][info][gc] GC(416) Concurrent reset 0.352ms
[2021-02-07T17:32:07.900+0300][310.212s][info][gc] GC(416) Pause Init Mark (unload classes) 0.155ms
[2021-02-07T17:32:08.222+0300][310.534s][info][gc] GC(416) Concurrent marking (unload classes) 321.448ms
[2021-02-07T17:32:08.225+0300][310.537s][info][gc] GC(416) Pause Final Mark (unload classes) 0.427ms
[2021-02-07T17:32:08.231+0300][310.542s][info][gc] GC(416) Concurrent weak roots 5.272ms
[2021-02-07T17:32:08.231+0300][310.543s][info][gc] GC(416) Concurrent cleanup 240M->240M(256M) 0.015ms
[2021-02-07T17:32:08.233+0300][310.545s][info][gc] GC(416) Concurrent class unloading 2.187ms
[2021-02-07T17:32:08.233+0300][310.545s][info][gc] GC(416) Concurrent strong roots 0.104ms
[2021-02-07T17:32:08.238+0300][310.550s][info][gc] GC(416) Concurrent evacuation 5.096ms
[2021-02-07T17:32:08.241+0300][310.553s][info][gc] GC(416) Pause Init Update Refs 0.010ms
[2021-02-07T17:32:08.380+0300][310.692s][info][gc] GC(416) Concurrent update references 138.844ms
[2021-02-07T17:32:08.383+0300][310.695s][info][gc] GC(416) Pause Final Update Refs 0.121ms
[2021-02-07T17:32:08.383+0300][310.695s][info][gc] GC(416) Concurrent cleanup 245M->234M(256M) 0.017ms
[2021-02-07T17:32:08.385+0300][310.696s][info][gc] Trigger: Free (8613K) is below minimum threshold (26214K)
[2021-02-07T17:32:08.385+0300][310.697s][info][gc] GC(417) Concurrent reset 0.374ms
[2021-02-07T17:32:08.385+0300][310.697s][info][gc] GC(417) Pause Init Mark (unload classes) 0.146ms
[2021-02-07T17:32:08.716+0300][311.027s][info][gc] GC(417) Concurrent marking (unload classes) 330.021ms
[2021-02-07T17:32:08.721+0300][311.033s][info][gc] GC(417) Pause Final Mark (unload classes) 0.419ms
[2021-02-07T17:32:08.741+0300][311.052s][info][gc] GC(417) Concurrent weak roots 19.338ms
[2021-02-07T17:32:08.741+0300][311.053s][info][gc] GC(417) Concurrent cleanup 241M->241M(256M) 0.015ms
[2021-02-07T17:32:08.757+0300][311.069s][info][gc] GC(417) Concurrent class unloading 16.150ms
[2021-02-07T17:32:08.757+0300][311.069s][info][gc] GC(417) Concurrent strong roots 0.146ms
[2021-02-07T17:32:08.762+0300][311.074s][info][gc] GC(417) Concurrent evacuation 4.623ms
[2021-02-07T17:32:08.763+0300][311.075s][info][gc] GC(417) Pause Init Update Refs 0.010ms
[2021-02-07T17:32:08.901+0300][311.213s][info][gc] GC(417) Concurrent update references 138.583ms
[2021-02-07T17:32:08.902+0300][311.214s][info][gc] GC(417) Pause Final Update Refs 0.122ms
[2021-02-07T17:32:08.902+0300][311.214s][info][gc] GC(417) Concurrent cleanup 245M->234M(256M) 0.020ms
[2021-02-07T17:32:08.904+0300][311.215s][info][gc] Trigger: Free (8838K) is below minimum threshold (26214K)
[2021-02-07T17:32:08.904+0300][311.216s][info][gc] GC(418) Concurrent reset 0.300ms
[2021-02-07T17:32:08.904+0300][311.216s][info][gc] GC(418) Pause Init Mark (unload classes) 0.124ms
[2021-02-07T17:32:09.239+0300][311.551s][info][gc] GC(418) Concurrent marking (unload classes) 334.357ms
[2021-02-07T17:32:09.243+0300][311.555s][info][gc] GC(418) Pause Final Mark (unload classes) 0.425ms
[2021-02-07T17:32:09.249+0300][311.560s][info][gc] GC(418) Concurrent weak roots 5.295ms
[2021-02-07T17:32:09.249+0300][311.561s][info][gc] GC(418) Concurrent cleanup 241M->241M(256M) 0.014ms
[2021-02-07T17:32:09.251+0300][311.563s][info][gc] GC(418) Concurrent class unloading 2.584ms
[2021-02-07T17:32:09.251+0300][311.563s][info][gc] GC(418) Concurrent strong roots 0.134ms
[2021-02-07T17:32:09.256+0300][311.568s][info][gc] GC(418) Concurrent evacuation 4.706ms
[2021-02-07T17:32:09.259+0300][311.571s][info][gc] GC(418) Pause Init Update Refs 0.009ms
[2021-02-07T17:32:09.395+0300][311.707s][info][gc] GC(418) Concurrent update references 136.401ms
[2021-02-07T17:32:09.397+0300][311.708s][info][gc] GC(418) Pause Final Update Refs 0.126ms
[2021-02-07T17:32:09.397+0300][311.709s][info][gc] GC(418) Concurrent cleanup 245M->234M(256M) 0.015ms
[2021-02-07T17:32:09.399+0300][311.710s][info][gc] Trigger: Free (8613K) is below minimum threshold (26214K)
[2021-02-07T17:32:09.399+0300][311.711s][info][gc] GC(419) Concurrent reset 0.258ms
[2021-02-07T17:32:09.399+0300][311.711s][info][gc] GC(419) Pause Init Mark (unload classes) 0.123ms
[2021-02-07T17:32:09.715+0300][312.027s][info][gc] GC(419) Concurrent marking (unload classes) 315.960ms
[2021-02-07T17:32:09.719+0300][312.031s][info][gc] GC(419) Pause Final Mark (unload classes) 0.437ms
[2021-02-07T17:32:09.725+0300][312.036s][info][gc] GC(419) Concurrent weak roots 5.276ms
[2021-02-07T17:32:09.725+0300][312.036s][info][gc] GC(419) Concurrent cleanup 241M->241M(256M) 0.012ms
[2021-02-07T17:32:09.727+0300][312.039s][info][gc] GC(419) Concurrent class unloading 2.295ms
[2021-02-07T17:32:09.727+0300][312.039s][info][gc] GC(419) Concurrent strong roots 0.106ms
[2021-02-07T17:32:09.732+0300][312.044s][info][gc] GC(419) Concurrent evacuation 4.900ms
[2021-02-07T17:32:09.735+0300][312.047s][info][gc] GC(419) Pause Init Update Refs 0.010ms
[2021-02-07T17:32:09.873+0300][312.184s][info][gc] GC(419) Concurrent update references 137.750ms
[2021-02-07T17:32:09.876+0300][312.188s][info][gc] GC(419) Pause Final Update Refs 0.116ms
[2021-02-07T17:32:09.876+0300][312.188s][info][gc] GC(419) Concurrent cleanup 245M->234M(256M) 0.020ms
[2021-02-07T17:32:09.878+0300][312.189s][info][gc] Trigger: Free (8838K) is below minimum threshold (26214K)
[2021-02-07T17:32:09.878+0300][312.190s][info][gc] GC(420) Concurrent reset 0.289ms
[2021-02-07T17:32:09.878+0300][312.190s][info][gc] GC(420) Pause Init Mark (process weakrefs) (unload classes) 0.124ms
[2021-02-07T17:32:10.203+0300][312.515s][info][gc] GC(420) Concurrent marking (process weakrefs) (unload classes) 325.099ms
[2021-02-07T17:32:10.204+0300][312.516s][info][gc] GC(420) Concurrent precleaning 0.118ms
[2021-02-07T17:32:10.207+0300][312.519s][info][gc] GC(420) Pause Final Mark (process weakrefs) (unload classes) 0.457ms
[2021-02-07T17:32:10.213+0300][312.524s][info][gc] GC(420) Concurrent weak roots 5.256ms
[2021-02-07T17:32:10.213+0300][312.525s][info][gc] GC(420) Concurrent cleanup 240M->240M(256M) 0.011ms
[2021-02-07T17:32:10.215+0300][312.527s][info][gc] GC(420) Concurrent class unloading 2.173ms
[2021-02-07T17:32:10.215+0300][312.527s][info][gc] GC(420) Concurrent strong roots 0.082ms
[2021-02-07T17:32:10.220+0300][312.532s][info][gc] GC(420) Concurrent evacuation 5.146ms
[2021-02-07T17:32:10.223+0300][312.535s][info][gc] GC(420) Pause Init Update Refs 0.009ms
[2021-02-07T17:32:10.362+0300][312.674s][info][gc] GC(420) Concurrent update references 139.024ms
[2021-02-07T17:32:10.365+0300][312.677s][info][gc] GC(420) Pause Final Update Refs 0.117ms
[2021-02-07T17:32:10.365+0300][312.677s][info][gc] GC(420) Concurrent cleanup 245M->234M(256M) 0.019ms
[2021-02-07T17:32:10.367+0300][312.678s][info][gc] Trigger: Free (8869K) is below minimum threshold (26214K)
[2021-02-07T17:32:10.367+0300][312.679s][info][gc] GC(421) Concurrent reset 0.445ms
[2021-02-07T17:32:10.368+0300][312.679s][info][gc] GC(421) Pause Init Mark (unload classes) 0.135ms
[2021-02-07T17:32:10.687+0300][312.999s][info][gc] GC(421) Concurrent marking (unload classes) 319.291ms
[2021-02-07T17:32:10.691+0300][313.003s][info][gc] GC(421) Pause Final Mark (unload classes) 0.435ms
[2021-02-07T17:32:10.711+0300][313.022s][info][gc] GC(421) Concurrent weak roots 19.256ms
[2021-02-07T17:32:10.711+0300][313.023s][info][gc] GC(421) Concurrent cleanup 241M->241M(256M) 0.014ms
[2021-02-07T17:32:10.713+0300][313.025s][info][gc] GC(421) Concurrent class unloading 2.275ms
[2021-02-07T17:32:10.713+0300][313.025s][info][gc] GC(421) Concurrent strong roots 0.140ms
[2021-02-07T17:32:10.718+0300][313.030s][info][gc] GC(421) Concurrent evacuation 5.121ms
[2021-02-07T17:32:10.727+0300][313.039s][info][gc] GC(421) Pause Init Update Refs 0.010ms
[2021-02-07T17:32:10.869+0300][313.181s][info][gc] GC(421) Concurrent update references 142.115ms
[2021-02-07T17:32:10.872+0300][313.184s][info][gc] GC(421) Pause Final Update Refs 0.117ms
[2021-02-07T17:32:10.872+0300][313.184s][info][gc] GC(421) Concurrent cleanup 245M->234M(256M) 0.021ms
[2021-02-07T17:32:10.874+0300][313.185s][info][gc] Trigger: Free (8839K) is below minimum threshold (26214K)
[2021-02-07T17:32:10.874+0300][313.186s][info][gc] GC(422) Concurrent reset 0.295ms
[2021-02-07T17:32:10.874+0300][313.186s][info][gc] GC(422) Pause Init Mark (unload classes) 0.106ms
[2021-02-07T17:32:11.215+0300][313.527s][info][gc] GC(422) Concurrent marking (unload classes) 340.654ms
[2021-02-07T17:32:11.216+0300][313.528s][info][gc] GC(422) Pause Final Mark (unload classes) 0.416ms
[2021-02-07T17:32:11.223+0300][313.534s][info][gc] GC(422) Concurrent weak roots 6.687ms
[2021-02-07T17:32:11.223+0300][313.534s][info][gc] GC(422) Concurrent cleanup 240M->240M(256M) 0.011ms
[2021-02-07T17:32:11.227+0300][313.539s][info][gc] GC(422) Concurrent class unloading 4.112ms
[2021-02-07T17:32:11.227+0300][313.539s][info][gc] GC(422) Concurrent strong roots 0.105ms
[2021-02-07T17:32:11.232+0300][313.544s][info][gc] GC(422) Concurrent evacuation 5.231ms
[2021-02-07T17:32:11.233+0300][313.544s][info][gc] GC(422) Pause Init Update Refs 0.009ms
[2021-02-07T17:32:11.369+0300][313.681s][info][gc] GC(422) Concurrent update references 136.457ms
[2021-02-07T17:32:11.372+0300][313.684s][info][gc] GC(422) Pause Final Update Refs 0.139ms
[2021-02-07T17:32:11.372+0300][313.684s][info][gc] GC(422) Concurrent cleanup 245M->234M(256M) 0.016ms
[2021-02-07T17:32:11.374+0300][313.685s][info][gc] Trigger: Free (8613K) is below minimum threshold (26214K)
[2021-02-07T17:32:11.374+0300][313.686s][info][gc] GC(423) Concurrent reset 0.308ms
[2021-02-07T17:32:11.374+0300][313.686s][info][gc] GC(423) Pause Init Mark (unload classes) 0.119ms
[2021-02-07T17:32:11.705+0300][314.017s][info][gc] GC(423) Concurrent marking (unload classes) 330.637ms
[2021-02-07T17:32:11.709+0300][314.021s][info][gc] GC(423) Pause Final Mark (unload classes) 0.245ms
[2021-02-07T17:32:11.715+0300][314.026s][info][gc] GC(423) Concurrent weak roots 5.468ms
[2021-02-07T17:32:11.715+0300][314.026s][info][gc] GC(423) Concurrent cleanup 239M->239M(256M) 0.010ms
[2021-02-07T17:32:11.719+0300][314.031s][info][gc] GC(423) Concurrent class unloading 4.024ms
[2021-02-07T17:32:11.719+0300][314.031s][info][gc] GC(423) Concurrent strong roots 0.104ms
[2021-02-07T17:32:11.724+0300][314.036s][info][gc] GC(423) Concurrent evacuation 5.594ms
[2021-02-07T17:32:11.725+0300][314.037s][info][gc] GC(423) Pause Init Update Refs 0.012ms
[2021-02-07T17:32:11.864+0300][314.176s][info][gc] GC(423) Concurrent update references 138.737ms
[2021-02-07T17:32:11.867+0300][314.179s][info][gc] GC(423) Pause Final Update Refs 0.075ms
[2021-02-07T17:32:11.867+0300][314.179s][info][gc] GC(423) Concurrent cleanup 245M->234M(256M) 0.017ms
[2021-02-07T17:32:11.869+0300][314.180s][info][gc] Trigger: Free (8838K) is below minimum threshold (26214K)
[2021-02-07T17:32:11.869+0300][314.181s][info][gc] GC(424) Concurrent reset 0.337ms
[2021-02-07T17:32:11.869+0300][314.181s][info][gc] GC(424) Pause Init Mark (unload classes) 0.121ms
[2021-02-07T17:32:12.187+0300][314.499s][info][gc] GC(424) Concurrent marking (unload classes) 317.886ms
[2021-02-07T17:32:12.191+0300][314.503s][info][gc] GC(424) Pause Final Mark (unload classes) 0.432ms
[2021-02-07T17:32:12.197+0300][314.508s][info][gc] GC(424) Concurrent weak roots 5.410ms
[2021-02-07T17:32:12.197+0300][314.509s][info][gc] GC(424) Concurrent cleanup 241M->241M(256M) 0.011ms
[2021-02-07T17:32:12.199+0300][314.511s][info][gc] GC(424) Concurrent class unloading 2.120ms
[2021-02-07T17:32:12.199+0300][314.511s][info][gc] GC(424) Concurrent strong roots 0.126ms
[2021-02-07T17:32:12.204+0300][314.516s][info][gc] GC(424) Concurrent evacuation 5.084ms
[2021-02-07T17:32:12.207+0300][314.519s][info][gc] GC(424) Pause Init Update Refs 0.014ms
[2021-02-07T17:32:12.343+0300][314.655s][info][gc] GC(424) Concurrent update references 135.952ms
[2021-02-07T17:32:12.346+0300][314.658s][info][gc] GC(424) Pause Final Update Refs 0.140ms
[2021-02-07T17:32:12.346+0300][314.658s][info][gc] GC(424) Concurrent cleanup 245M->234M(256M) 0.019ms
[2021-02-07T17:32:12.348+0300][314.659s][info][gc] Trigger: Free (8869K) is below minimum threshold (26214K)
[2021-02-07T17:32:12.348+0300][314.660s][info][gc] GC(425) Concurrent reset 0.321ms
[2021-02-07T17:32:12.348+0300][314.660s][info][gc] GC(425) Pause Init Mark (process weakrefs) (unload classes) 0.149ms
[2021-02-07T17:32:12.687+0300][314.999s][info][gc] GC(425) Concurrent marking (process weakrefs) (unload classes) 338.366ms
[2021-02-07T17:32:12.687+0300][314.999s][info][gc] GC(425) Concurrent precleaning 0.115ms
[2021-02-07T17:32:12.692+0300][315.004s][info][gc] GC(425) Pause Final Mark (process weakrefs) (unload classes) 0.440ms
[2021-02-07T17:32:12.698+0300][315.009s][info][gc] GC(425) Concurrent weak roots 5.348ms
[2021-02-07T17:32:12.698+0300][315.010s][info][gc] GC(425) Concurrent cleanup 240M->240M(256M) 0.011ms
[2021-02-07T17:32:12.700+0300][315.011s][info][gc] GC(425) Concurrent class unloading 1.919ms
[2021-02-07T17:32:12.700+0300][315.012s][info][gc] GC(425) Concurrent strong roots 0.106ms
[2021-02-07T17:32:12.705+0300][315.017s][info][gc] GC(425) Concurrent evacuation 5.189ms
[2021-02-07T17:32:12.708+0300][315.020s][info][gc] GC(425) Pause Init Update Refs 0.010ms
[2021-02-07T17:32:12.845+0300][315.157s][info][gc] GC(425) Concurrent update references 137.510ms
[2021-02-07T17:32:12.846+0300][315.158s][info][gc] GC(425) Pause Final Update Refs 0.140ms
[2021-02-07T17:32:12.846+0300][315.158s][info][gc] GC(425) Concurrent cleanup 245M->234M(256M) 0.015ms
[2021-02-07T17:32:12.848+0300][315.159s][info][gc] Trigger: Free (8839K) is below minimum threshold (26214K)
[2021-02-07T17:32:12.848+0300][315.160s][info][gc] GC(426) Concurrent reset 0.317ms
[2021-02-07T17:32:12.848+0300][315.160s][info][gc] GC(426) Pause Init Mark (unload classes) 0.146ms
[2021-02-07T17:32:13.183+0300][315.495s][info][gc] GC(426) Concurrent marking (unload classes) 334.701ms
[2021-02-07T17:32:13.186+0300][315.498s][info][gc] GC(426) Pause Final Mark (unload classes) 0.458ms
[2021-02-07T17:32:13.192+0300][315.503s][info][gc] GC(426) Concurrent weak roots 5.340ms
[2021-02-07T17:32:13.192+0300][315.503s][info][gc] GC(426) Concurrent cleanup 241M->241M(256M) 0.012ms
[2021-02-07T17:32:13.194+0300][315.506s][info][gc] GC(426) Concurrent class unloading 2.219ms
[2021-02-07T17:32:13.194+0300][315.506s][info][gc] GC(426) Concurrent strong roots 0.067ms
[2021-02-07T17:32:13.199+0300][315.511s][info][gc] GC(426) Concurrent evacuation 4.755ms
[2021-02-07T17:32:13.202+0300][315.514s][info][gc] GC(426) Pause Init Update Refs 0.011ms
[2021-02-07T17:32:13.341+0300][315.653s][info][gc] GC(426) Concurrent update references 139.310ms
[2021-02-07T17:32:13.356+0300][315.668s][info][gc] GC(426) Pause Final Update Refs 0.064ms
[2021-02-07T17:32:13.356+0300][315.668s][info][gc] GC(426) Concurrent cleanup 245M->234M(256M) 0.022ms
[2021-02-07T17:32:13.371+0300][315.682s][info][gc] Trigger: Free (9125K) is below minimum threshold (26214K)
[2021-02-07T17:32:13.371+0300][315.683s][info][gc] GC(427) Concurrent reset 0.397ms
[2021-02-07T17:32:13.372+0300][315.684s][info][gc] GC(427) Pause Init Mark (unload classes) 0.151ms
[2021-02-07T17:32:13.686+0300][315.998s][info][gc] GC(427) Concurrent marking (unload classes) 314.461ms
[2021-02-07T17:32:13.700+0300][316.012s][info][gc] GC(427) Pause Final Mark (unload classes) 0.198ms
[2021-02-07T17:32:13.706+0300][316.017s][info][gc] GC(427) Concurrent weak roots 5.596ms
[2021-02-07T17:32:13.706+0300][316.017s][info][gc] GC(427) Concurrent cleanup 240M->240M(256M) 0.011ms
[2021-02-07T17:32:13.710+0300][316.022s][info][gc] GC(427) Concurrent class unloading 4.077ms
[2021-02-07T17:32:13.710+0300][316.022s][info][gc] GC(427) Concurrent strong roots 0.129ms
[2021-02-07T17:32:13.715+0300][316.027s][info][gc] GC(427) Concurrent evacuation 5.133ms
[2021-02-07T17:32:13.718+0300][316.030s][info][gc] GC(427) Pause Init Update Refs 0.009ms
[2021-02-07T17:32:13.854+0300][316.166s][info][gc] GC(427) Concurrent update references 136.181ms
[2021-02-07T17:32:13.855+0300][316.167s][info][gc] GC(427) Pause Final Update Refs 0.151ms
[2021-02-07T17:32:13.855+0300][316.167s][info][gc] GC(427) Concurrent cleanup 245M->234M(256M) 0.017ms
[2021-02-07T17:32:13.857+0300][316.168s][info][gc] Trigger: Free (8838K) is below minimum threshold (26214K)
[2021-02-07T17:32:13.857+0300][316.169s][info][gc] GC(428) Concurrent reset 0.395ms
[2021-02-07T17:32:13.857+0300][316.169s][info][gc] GC(428) Pause Init Mark (unload classes) 0.147ms
[2021-02-07T17:32:14.173+0300][316.485s][info][gc] GC(428) Concurrent marking (unload classes) 315.134ms
[2021-02-07T17:32:14.174+0300][316.486s][info][gc] GC(428) Pause Final Mark (unload classes) 0.448ms
[2021-02-07T17:32:14.180+0300][316.491s][info][gc] GC(428) Concurrent weak roots 5.575ms
[2021-02-07T17:32:14.180+0300][316.492s][info][gc] GC(428) Concurrent cleanup 241M->241M(256M) 0.012ms
[2021-02-07T17:32:14.182+0300][316.494s][info][gc] GC(428) Concurrent class unloading 2.201ms
[2021-02-07T17:32:14.182+0300][316.494s][info][gc] GC(428) Concurrent strong roots 0.129ms
[2021-02-07T17:32:14.187+0300][316.499s][info][gc] GC(428) Concurrent evacuation 4.714ms
[2021-02-07T17:32:14.190+0300][316.502s][info][gc] GC(428) Pause Init Update Refs 0.009ms
[2021-02-07T17:32:14.325+0300][316.637s][info][gc] GC(428) Concurrent update references 135.500ms
[2021-02-07T17:32:14.328+0300][316.640s][info][gc] GC(428) Pause Final Update Refs 0.136ms
[2021-02-07T17:32:14.328+0300][316.640s][info][gc] GC(428) Concurrent cleanup 245M->234M(256M) 0.016ms
[2021-02-07T17:32:14.330+0300][316.641s][info][gc] Trigger: Free (8869K) is below minimum threshold (26214K)
[2021-02-07T17:32:14.330+0300][316.642s][info][gc] GC(429) Concurrent reset 0.328ms
[2021-02-07T17:32:14.330+0300][316.642s][info][gc] GC(429) Pause Init Mark (unload classes) 0.145ms
[2021-02-07T17:32:14.645+0300][316.957s][info][gc] GC(429) Concurrent marking (unload classes) 314.349ms
[2021-02-07T17:32:14.648+0300][316.960s][info][gc] GC(429) Pause Final Mark (unload classes) 0.424ms
[2021-02-07T17:32:14.656+0300][316.967s][info][gc] GC(429) Concurrent weak roots 7.320ms
[2021-02-07T17:32:14.656+0300][316.968s][info][gc] GC(429) Concurrent cleanup 242M->242M(256M) 0.010ms
[2021-02-07T17:32:14.660+0300][316.972s][info][gc] GC(429) Concurrent class unloading 4.079ms
[2021-02-07T17:32:14.660+0300][316.972s][info][gc] GC(429) Concurrent strong roots 0.131ms
[2021-02-07T17:32:14.664+0300][316.976s][info][gc] GC(429) Concurrent evacuation 4.239ms
[2021-02-07T17:32:14.665+0300][316.977s][info][gc] GC(429) Pause Init Update Refs 0.009ms
[2021-02-07T17:32:14.801+0300][317.113s][info][gc] GC(429) Concurrent update references 135.731ms
[2021-02-07T17:32:14.802+0300][317.114s][info][gc] GC(429) Pause Final Update Refs 0.147ms
[2021-02-07T17:32:14.803+0300][317.114s][info][gc] GC(429) Concurrent cleanup 245M->234M(256M) 0.018ms
[2021-02-07T17:32:14.805+0300][317.116s][info][gc] Trigger: Free (8869K) is below minimum threshold (26214K)
[2021-02-07T17:32:14.805+0300][317.117s][info][gc] GC(430) Concurrent reset 0.294ms
[2021-02-07T17:32:14.805+0300][317.117s][info][gc] GC(430) Pause Init Mark (process weakrefs) (unload classes) 0.149ms
[2021-02-07T17:32:15.122+0300][317.434s][info][gc] GC(430) Concurrent marking (process weakrefs) (unload classes) 316.416ms
[2021-02-07T17:32:15.122+0300][317.434s][info][gc] GC(430) Concurrent precleaning 0.155ms
[2021-02-07T17:32:15.125+0300][317.437s][info][gc] GC(430) Pause Final Mark (process weakrefs) (unload classes) 0.287ms
[2021-02-07T17:32:15.131+0300][317.442s][info][gc] GC(430) Concurrent weak roots 5.561ms
[2021-02-07T17:32:15.131+0300][317.443s][info][gc] GC(430) Concurrent cleanup 240M->240M(256M) 0.011ms
[2021-02-07T17:32:15.135+0300][317.447s][info][gc] GC(430) Concurrent class unloading 4.095ms
[2021-02-07T17:32:15.135+0300][317.447s][info][gc] GC(430) Concurrent strong roots 0.133ms
[2021-02-07T17:32:15.140+0300][317.452s][info][gc] GC(430) Concurrent evacuation 4.831ms
[2021-02-07T17:32:15.143+0300][317.455s][info][gc] GC(430) Pause Init Update Refs 0.009ms
[2021-02-07T17:32:15.278+0300][317.590s][info][gc] GC(430) Concurrent update references 135.579ms
[2021-02-07T17:32:15.279+0300][317.591s][info][gc] GC(430) Pause Final Update Refs 0.138ms
[2021-02-07T17:32:15.279+0300][317.591s][info][gc] GC(430) Concurrent cleanup 245M->234M(256M) 0.016ms
[2021-02-07T17:32:15.281+0300][317.592s][info][gc] Trigger: Free (8869K) is below minimum threshold (26214K)
[2021-02-07T17:32:15.281+0300][317.593s][info][gc] GC(431) Concurrent reset 0.375ms
[2021-02-07T17:32:15.282+0300][317.593s][info][gc] GC(431) Pause Init Mark (unload classes) 0.137ms
[2021-02-07T17:32:15.602+0300][317.914s][info][gc] GC(431) Concurrent marking (unload classes) 320.348ms
[2021-02-07T17:32:15.615+0300][317.927s][info][gc] GC(431) Pause Final Mark (unload classes) 0.344ms
[2021-02-07T17:32:15.621+0300][317.932s][info][gc] GC(431) Concurrent weak roots 5.502ms
[2021-02-07T17:32:15.621+0300][317.933s][info][gc] GC(431) Concurrent cleanup 241M->241M(256M) 0.011ms
[2021-02-07T17:32:15.623+0300][317.935s][info][gc] GC(431) Concurrent class unloading 2.049ms
[2021-02-07T17:32:15.623+0300][317.935s][info][gc] GC(431) Concurrent strong roots 0.128ms
[2021-02-07T17:32:15.628+0300][317.940s][info][gc] GC(431) Concurrent evacuation 4.809ms
[2021-02-07T17:32:15.631+0300][317.943s][info][gc] GC(431) Pause Init Update Refs 0.009ms
[2021-02-07T17:32:15.768+0300][318.080s][info][gc] GC(431) Concurrent update references 137.188ms
[2021-02-07T17:32:15.771+0300][318.083s][info][gc] GC(431) Pause Final Update Refs 0.142ms
[2021-02-07T17:32:15.771+0300][318.083s][info][gc] GC(431) Concurrent cleanup 245M->234M(256M) 0.016ms
[2021-02-07T17:32:15.773+0300][318.084s][info][gc] Trigger: Free (8869K) is below minimum threshold (26214K)
[2021-02-07T17:32:15.773+0300][318.085s][info][gc] GC(432) Concurrent reset 0.321ms
[2021-02-07T17:32:15.773+0300][318.085s][info][gc] GC(432) Pause Init Mark (unload classes) 0.144ms
[2021-02-07T17:32:16.091+0300][318.402s][info][gc] GC(432) Concurrent marking (unload classes) 317.024ms
[2021-02-07T17:32:16.092+0300][318.404s][info][gc] GC(432) Pause Final Mark (unload classes) 0.430ms
[2021-02-07T17:32:16.108+0300][318.419s][info][gc] GC(432) Concurrent weak roots 15.460ms
[2021-02-07T17:32:16.108+0300][318.419s][info][gc] GC(432) Concurrent cleanup 240M->240M(256M) 0.012ms
[2021-02-07T17:32:16.123+0300][318.435s][info][gc] GC(432) Concurrent class unloading 15.088ms
[2021-02-07T17:32:16.123+0300][318.435s][info][gc] GC(432) Concurrent strong roots 0.113ms
[2021-02-07T17:32:16.128+0300][318.440s][info][gc] GC(432) Concurrent evacuation 4.905ms
[2021-02-07T17:32:16.128+0300][318.440s][info][gc] GC(432) Pause Init Update Refs 0.009ms
[2021-02-07T17:32:16.275+0300][318.587s][info][gc] GC(432) Concurrent update references 146.650ms
[2021-02-07T17:32:16.278+0300][318.590s][info][gc] GC(432) Pause Final Update Refs 0.117ms
[2021-02-07T17:32:16.278+0300][318.590s][info][gc] GC(432) Concurrent cleanup 245M->234M(256M) 0.017ms
[2021-02-07T17:32:16.280+0300][318.591s][info][gc] Trigger: Free (9125K) is below minimum threshold (26214K)
[2021-02-07T17:32:16.280+0300][318.592s][info][gc] GC(433) Concurrent reset 0.384ms
[2021-02-07T17:32:16.280+0300][318.592s][info][gc] GC(433) Pause Init Mark (unload classes) 0.123ms
[2021-02-07T17:32:16.594+0300][318.906s][info][gc] GC(433) Concurrent marking (unload classes) 313.734ms
[2021-02-07T17:32:16.595+0300][318.907s][info][gc] GC(433) Pause Final Mark (unload classes) 0.399ms
[2021-02-07T17:32:16.601+0300][318.912s][info][gc] GC(433) Concurrent weak roots 5.392ms
[2021-02-07T17:32:16.601+0300][318.912s][info][gc] GC(433) Concurrent cleanup 239M->239M(256M) 0.011ms
[2021-02-07T17:32:16.605+0300][318.917s][info][gc] GC(433) Concurrent class unloading 4.088ms
[2021-02-07T17:32:16.605+0300][318.917s][info][gc] GC(433) Concurrent strong roots 0.130ms
[2021-02-07T17:32:16.611+0300][318.922s][info][gc] GC(433) Concurrent evacuation 5.745ms
[2021-02-07T17:32:16.611+0300][318.923s][info][gc] GC(433) Pause Init Update Refs 0.008ms
[2021-02-07T17:32:16.748+0300][319.059s][info][gc] GC(433) Concurrent update references 136.219ms
[2021-02-07T17:32:16.751+0300][319.063s][info][gc] GC(433) Pause Final Update Refs 0.139ms
[2021-02-07T17:32:16.751+0300][319.063s][info][gc] GC(433) Concurrent cleanup 245M->234M(256M) 0.017ms
[2021-02-07T17:32:16.753+0300][319.064s][info][gc] Trigger: Free (9125K) is below minimum threshold (26214K)
[2021-02-07T17:32:16.753+0300][319.065s][info][gc] GC(434) Concurrent reset 0.318ms
[2021-02-07T17:32:16.753+0300][319.065s][info][gc] GC(434) Pause Init Mark (unload classes) 0.147ms
[2021-02-07T17:32:17.068+0300][319.379s][info][gc] GC(434) Concurrent marking (unload classes) 313.982ms
[2021-02-07T17:32:17.069+0300][319.380s][info][gc] GC(434) Pause Final Mark (unload classes) 0.433ms
[2021-02-07T17:32:17.076+0300][319.387s][info][gc] GC(434) Concurrent weak roots 6.943ms
[2021-02-07T17:32:17.076+0300][319.387s][info][gc] GC(434) Concurrent cleanup 240M->240M(256M) 0.010ms
[2021-02-07T17:32:17.078+0300][319.390s][info][gc] GC(434) Concurrent class unloading 2.784ms
[2021-02-07T17:32:17.079+0300][319.390s][info][gc] GC(434) Concurrent strong roots 0.135ms
[2021-02-07T17:32:17.083+0300][319.395s][info][gc] GC(434) Concurrent evacuation 4.892ms
[2021-02-07T17:32:17.087+0300][319.399s][info][gc] GC(434) Pause Init Update Refs 0.009ms
[2021-02-07T17:32:17.222+0300][319.534s][info][gc] GC(434) Concurrent update references 135.366ms
[2021-02-07T17:32:17.225+0300][319.537s][info][gc] GC(434) Pause Final Update Refs 0.139ms
[2021-02-07T17:32:17.225+0300][319.537s][info][gc] GC(434) Concurrent cleanup 245M->234M(256M) 0.015ms
[2021-02-07T17:32:17.227+0300][319.538s][info][gc] Trigger: Free (8869K) is below minimum threshold (26214K)
[2021-02-07T17:32:17.227+0300][319.539s][info][gc] GC(435) Concurrent reset 0.328ms
[2021-02-07T17:32:17.227+0300][319.539s][info][gc] GC(435) Pause Init Mark (process weakrefs) (unload classes) 0.157ms
[2021-02-07T17:32:17.544+0300][319.856s][info][gc] GC(435) Concurrent marking (process weakrefs) (unload classes) 316.336ms
[2021-02-07T17:32:17.544+0300][319.856s][info][gc] GC(435) Concurrent precleaning 0.137ms
[2021-02-07T17:32:17.548+0300][319.860s][info][gc] GC(435) Pause Final Mark (process weakrefs) (unload classes) 0.438ms
[2021-02-07T17:32:17.554+0300][319.865s][info][gc] GC(435) Concurrent weak roots 5.277ms
[2021-02-07T17:32:17.554+0300][319.865s][info][gc] GC(435) Concurrent cleanup 241M->241M(256M) 0.012ms
[2021-02-07T17:32:17.556+0300][319.868s][info][gc] GC(435) Concurrent class unloading 2.301ms
[2021-02-07T17:32:17.556+0300][319.868s][info][gc] GC(435) Concurrent strong roots 0.130ms
[2021-02-07T17:32:17.561+0300][319.873s][info][gc] GC(435) Concurrent evacuation 4.653ms
[2021-02-07T17:32:17.564+0300][319.876s][info][gc] GC(435) Pause Init Update Refs 0.009ms
[2021-02-07T17:32:17.700+0300][320.012s][info][gc] GC(435) Concurrent update references 136.134ms
[2021-02-07T17:32:17.703+0300][320.015s][info][gc] GC(435) Pause Final Update Refs 0.139ms
[2021-02-07T17:32:17.703+0300][320.015s][info][gc] GC(435) Concurrent cleanup 245M->234M(256M) 0.015ms
[2021-02-07T17:32:17.705+0300][320.016s][info][gc] Trigger: Free (9125K) is below minimum threshold (26214K)
[2021-02-07T17:32:17.705+0300][320.017s][info][gc] GC(436) Concurrent reset 0.323ms
[2021-02-07T17:32:17.705+0300][320.017s][info][gc] GC(436) Pause Init Mark (unload classes) 0.145ms
[2021-02-07T17:32:18.041+0300][320.353s][info][gc] GC(436) Concurrent marking (unload classes) 335.263ms
[2021-02-07T17:32:18.044+0300][320.356s][info][gc] GC(436) Pause Final Mark (unload classes) 0.433ms
[2021-02-07T17:32:18.050+0300][320.361s][info][gc] GC(436) Concurrent weak roots 5.233ms
[2021-02-07T17:32:18.050+0300][320.362s][info][gc] GC(436) Concurrent cleanup 240M->240M(256M) 0.011ms
[2021-02-07T17:32:18.055+0300][320.367s][info][gc] GC(436) Concurrent class unloading 5.103ms
[2021-02-07T17:32:18.055+0300][320.367s][info][gc] GC(436) Concurrent strong roots 0.144ms
[2021-02-07T17:32:18.061+0300][320.372s][info][gc] GC(436) Concurrent evacuation 5.618ms
[2021-02-07T17:32:18.061+0300][320.373s][info][gc] GC(436) Pause Init Update Refs 0.009ms
[2021-02-07T17:32:18.197+0300][320.508s][info][gc] GC(436) Concurrent update references 135.343ms
[2021-02-07T17:32:18.198+0300][320.510s][info][gc] GC(436) Pause Final Update Refs 0.145ms
[2021-02-07T17:32:18.198+0300][320.510s][info][gc] GC(436) Concurrent cleanup 245M->234M(256M) 0.015ms
[2021-02-07T17:32:18.200+0300][320.511s][info][gc] Trigger: Free (9029K) is below minimum threshold (26214K)
[2021-02-07T17:32:18.200+0300][320.512s][info][gc] GC(437) Concurrent reset 0.321ms
[2021-02-07T17:32:18.200+0300][320.512s][info][gc] GC(437) Pause Init Mark (unload classes) 0.100ms
[2021-02-07T17:32:18.512+0300][320.824s][info][gc] GC(437) Concurrent marking (unload classes) 311.521ms
[2021-02-07T17:32:18.513+0300][320.825s][info][gc] GC(437) Pause Final Mark (unload classes) 0.421ms
[2021-02-07T17:32:18.519+0300][320.830s][info][gc] GC(437) Concurrent weak roots 5.025ms
[2021-02-07T17:32:18.519+0300][320.831s][info][gc] GC(437) Concurrent cleanup 238M->238M(256M) 0.010ms
[2021-02-07T17:32:18.523+0300][320.835s][info][gc] GC(437) Concurrent class unloading 4.098ms
[2021-02-07T17:32:18.523+0300][320.835s][info][gc] GC(437) Concurrent strong roots 0.131ms
[2021-02-07T17:32:18.529+0300][320.841s][info][gc] GC(437) Concurrent evacuation 6.141ms
[2021-02-07T17:32:18.532+0300][320.844s][info][gc] GC(437) Pause Init Update Refs 0.009ms
[2021-02-07T17:32:18.669+0300][320.981s][info][gc] GC(437) Concurrent update references 137.569ms
[2021-02-07T17:32:18.673+0300][320.985s][info][gc] GC(437) Pause Final Update Refs 0.146ms
[2021-02-07T17:32:18.673+0300][320.985s][info][gc] GC(437) Concurrent cleanup 245M->234M(256M) 0.015ms
[2021-02-07T17:32:18.689+0300][321.000s][info][gc] Trigger: Free (9125K) is below minimum threshold (26214K)
[2021-02-07T17:32:18.689+0300][321.001s][info][gc] GC(438) Concurrent reset 0.302ms
[2021-02-07T17:32:18.690+0300][321.001s][info][gc] GC(438) Pause Init Mark (unload classes) 0.147ms
[2021-02-07T17:32:19.021+0300][321.332s][info][gc] GC(438) Concurrent marking (unload classes) 330.964ms
[2021-02-07T17:32:19.024+0300][321.336s][info][gc] GC(438) Pause Final Mark (unload classes) 0.418ms
[2021-02-07T17:32:19.030+0300][321.341s][info][gc] GC(438) Concurrent weak roots 5.376ms
[2021-02-07T17:32:19.030+0300][321.342s][info][gc] GC(438) Concurrent cleanup 239M->239M(256M) 0.010ms
[2021-02-07T17:32:19.034+0300][321.346s][info][gc] GC(438) Concurrent class unloading 4.177ms
[2021-02-07T17:32:19.034+0300][321.346s][info][gc] GC(438) Concurrent strong roots 0.130ms
[2021-02-07T17:32:19.039+0300][321.351s][info][gc] GC(438) Concurrent evacuation 5.385ms
[2021-02-07T17:32:19.040+0300][321.352s][info][gc] GC(438) Pause Init Update Refs 0.009ms
[2021-02-07T17:32:19.180+0300][321.491s][info][gc] GC(438) Concurrent update references 139.084ms
[2021-02-07T17:32:19.181+0300][321.492s][info][gc] GC(438) Pause Final Update Refs 0.114ms
[2021-02-07T17:32:19.181+0300][321.493s][info][gc] GC(438) Concurrent cleanup 245M->234M(256M) 0.017ms
[2021-02-07T17:32:19.183+0300][321.494s][info][gc] Trigger: Free (9029K) is below minimum threshold (26214K)
[2021-02-07T17:32:19.183+0300][321.495s][info][gc] GC(439) Concurrent reset 0.320ms
[2021-02-07T17:32:19.183+0300][321.495s][info][gc] GC(439) Pause Init Mark (unload classes) 0.147ms
[2021-02-07T17:32:19.515+0300][321.827s][info][gc] GC(439) Concurrent marking (unload classes) 331.607ms
[2021-02-07T17:32:19.520+0300][321.832s][info][gc] GC(439) Pause Final Mark (unload classes) 0.419ms
[2021-02-07T17:32:19.526+0300][321.837s][info][gc] GC(439) Concurrent weak roots 5.289ms
[2021-02-07T17:32:19.526+0300][321.837s][info][gc] GC(439) Concurrent cleanup 240M->240M(256M) 0.011ms
[2021-02-07T17:32:19.528+0300][321.839s][info][gc] GC(439) Concurrent class unloading 1.944ms
[2021-02-07T17:32:19.528+0300][321.840s][info][gc] GC(439) Concurrent strong roots 0.133ms
[2021-02-07T17:32:19.533+0300][321.845s][info][gc] GC(439) Concurrent evacuation 5.312ms
[2021-02-07T17:32:19.536+0300][321.848s][info][gc] GC(439) Pause Init Update Refs 0.010ms
[2021-02-07T17:32:19.672+0300][321.983s][info][gc] GC(439) Concurrent update references 135.646ms
[2021-02-07T17:32:19.675+0300][321.987s][info][gc] GC(439) Pause Final Update Refs 0.137ms
[2021-02-07T17:32:19.675+0300][321.987s][info][gc] GC(439) Concurrent cleanup 245M->233M(256M) 0.017ms
[2021-02-07T17:32:19.677+0300][321.988s][info][gc] Trigger: Free (9381K) is below minimum threshold (26214K)
[2021-02-07T17:32:19.677+0300][321.989s][info][gc] GC(440) Concurrent reset 0.358ms
[2021-02-07T17:32:19.677+0300][321.989s][info][gc] GC(440) Pause Init Mark (process weakrefs) (unload classes) 0.147ms
[2021-02-07T17:32:20.009+0300][322.321s][info][gc] GC(440) Concurrent marking (process weakrefs) (unload classes) 331.705ms
[2021-02-07T17:32:20.009+0300][322.321s][info][gc] GC(440) Concurrent precleaning 0.147ms
[2021-02-07T17:32:20.012+0300][322.324s][info][gc] GC(440) Pause Final Mark (process weakrefs) (unload classes) 0.431ms
[2021-02-07T17:32:20.018+0300][322.329s][info][gc] GC(440) Concurrent weak roots 5.273ms
[2021-02-07T17:32:20.018+0300][322.330s][info][gc] GC(440) Concurrent cleanup 239M->239M(256M) 0.011ms
[2021-02-07T17:32:20.022+0300][322.334s][info][gc] GC(440) Concurrent class unloading 4.069ms
[2021-02-07T17:32:20.022+0300][322.334s][info][gc] GC(440) Concurrent strong roots 0.107ms
[2021-02-07T17:32:20.028+0300][322.339s][info][gc] GC(440) Concurrent evacuation 5.652ms
[2021-02-07T17:32:20.029+0300][322.340s][info][gc] GC(440) Pause Init Update Refs 0.010ms
[2021-02-07T17:32:20.167+0300][322.479s][info][gc] GC(440) Concurrent update references 138.394ms
[2021-02-07T17:32:20.167+0300][322.479s][info][gc] GC(440) Pause Final Update Refs 0.079ms
[2021-02-07T17:32:20.168+0300][322.479s][info][gc] GC(440) Concurrent cleanup 244M->233M(256M) 0.018ms
[2021-02-07T17:32:20.170+0300][322.481s][info][gc] Trigger: Free (9288K) is below minimum threshold (26214K)
[2021-02-07T17:32:20.170+0300][322.482s][info][gc] GC(441) Concurrent reset 0.287ms
[2021-02-07T17:32:20.170+0300][322.482s][info][gc] GC(441) Pause Init Mark (unload classes) 0.124ms
[2021-02-07T17:32:20.486+0300][322.798s][info][gc] GC(441) Concurrent marking (unload classes) 315.579ms
[2021-02-07T17:32:20.488+0300][322.799s][info][gc] GC(441) Pause Final Mark (unload classes) 0.426ms
[2021-02-07T17:32:20.495+0300][322.806s][info][gc] GC(441) Concurrent weak roots 6.968ms
[2021-02-07T17:32:20.495+0300][322.807s][info][gc] GC(441) Concurrent cleanup 240M->240M(256M) 0.010ms
[2021-02-07T17:32:20.497+0300][322.809s][info][gc] GC(441) Concurrent class unloading 2.808ms
[2021-02-07T17:32:20.498+0300][322.810s][info][gc] GC(441) Concurrent strong roots 0.129ms
[2021-02-07T17:32:20.503+0300][322.815s][info][gc] GC(441) Concurrent evacuation 5.030ms
[2021-02-07T17:32:20.506+0300][322.818s][info][gc] GC(441) Pause Init Update Refs 0.010ms
[2021-02-07T17:32:20.641+0300][322.953s][info][gc] GC(441) Concurrent update references 135.278ms
[2021-02-07T17:32:20.644+0300][322.956s][info][gc] GC(441) Pause Final Update Refs 0.136ms
[2021-02-07T17:32:20.644+0300][322.956s][info][gc] GC(441) Concurrent cleanup 244M->233M(256M) 0.016ms
[2021-02-07T17:32:20.646+0300][322.957s][info][gc] Trigger: Free (9381K) is below minimum threshold (26214K)
[2021-02-07T17:32:20.646+0300][322.958s][info][gc] GC(442) Concurrent reset 0.323ms
[2021-02-07T17:32:20.647+0300][322.958s][info][gc] GC(442) Pause Init Mark (unload classes) 0.151ms
[2021-02-07T17:32:20.968+0300][323.280s][info][gc] GC(442) Concurrent marking (unload classes) 321.366ms
[2021-02-07T17:32:20.973+0300][323.285s][info][gc] GC(442) Pause Final Mark (unload classes) 0.387ms
[2021-02-07T17:32:20.979+0300][323.290s][info][gc] GC(442) Concurrent weak roots 5.327ms
[2021-02-07T17:32:20.979+0300][323.291s][info][gc] GC(442) Concurrent cleanup 241M->241M(256M) 0.013ms
[2021-02-07T17:32:20.981+0300][323.293s][info][gc] GC(442) Concurrent class unloading 2.339ms
[2021-02-07T17:32:20.981+0300][323.293s][info][gc] GC(442) Concurrent strong roots 0.129ms
[2021-02-07T17:32:20.986+0300][323.298s][info][gc] GC(442) Concurrent evacuation 4.559ms
[2021-02-07T17:32:20.989+0300][323.301s][info][gc] GC(442) Pause Init Update Refs 0.009ms
[2021-02-07T17:32:21.128+0300][323.439s][info][gc] GC(442) Concurrent update references 138.700ms
[2021-02-07T17:32:21.131+0300][323.443s][info][gc] GC(442) Pause Final Update Refs 0.138ms
[2021-02-07T17:32:21.131+0300][323.443s][info][gc] GC(442) Concurrent cleanup 244M->233M(256M) 0.015ms
[2021-02-07T17:32:21.133+0300][323.444s][info][gc] Trigger: Free (9273K) is below minimum threshold (26214K)
[2021-02-07T17:32:21.133+0300][323.445s][info][gc] GC(443) Concurrent reset 0.292ms
[2021-02-07T17:32:21.133+0300][323.445s][info][gc] GC(443) Pause Init Mark (unload classes) 0.147ms
[2021-02-07T17:32:21.463+0300][323.775s][info][gc] GC(443) Concurrent marking (unload classes) 329.629ms
[2021-02-07T17:32:21.464+0300][323.776s][info][gc] GC(443) Pause Final Mark (unload classes) 0.428ms
[2021-02-07T17:32:21.470+0300][323.781s][info][gc] GC(443) Concurrent weak roots 5.261ms
[2021-02-07T17:32:21.470+0300][323.782s][info][gc] GC(443) Concurrent cleanup 238M->238M(256M) 0.010ms
[2021-02-07T17:32:21.474+0300][323.786s][info][gc] GC(443) Concurrent class unloading 4.078ms
[2021-02-07T17:32:21.474+0300][323.786s][info][gc] GC(443) Concurrent strong roots 0.135ms
[2021-02-07T17:32:21.480+0300][323.792s][info][gc] GC(443) Concurrent evacuation 6.337ms
[2021-02-07T17:32:21.483+0300][323.795s][info][gc] GC(443) Pause Init Update Refs 0.009ms
[2021-02-07T17:32:21.621+0300][323.933s][info][gc] GC(443) Concurrent update references 138.351ms
[2021-02-07T17:32:21.624+0300][323.936s][info][gc] GC(443) Pause Final Update Refs 0.139ms
[2021-02-07T17:32:21.624+0300][323.936s][info][gc] GC(443) Concurrent cleanup 244M->233M(256M) 0.017ms
[2021-02-07T17:32:21.627+0300][323.938s][info][gc] Trigger: Free (9381K) is below minimum threshold (26214K)
[2021-02-07T17:32:21.627+0300][323.939s][info][gc] GC(444) Concurrent reset 0.314ms
[2021-02-07T17:32:21.627+0300][323.939s][info][gc] GC(444) Pause Init Mark (unload classes) 0.091ms
[2021-02-07T17:32:21.942+0300][324.254s][info][gc] GC(444) Concurrent marking (unload classes) 314.757ms
[2021-02-07T17:32:21.947+0300][324.259s][info][gc] GC(444) Pause Final Mark (unload classes) 0.353ms
[2021-02-07T17:32:21.953+0300][324.264s][info][gc] GC(444) Concurrent weak roots 5.441ms
[2021-02-07T17:32:21.953+0300][324.264s][info][gc] GC(444) Concurrent cleanup 239M->239M(256M) 0.010ms
[2021-02-07T17:32:21.957+0300][324.269s][info][gc] GC(444) Concurrent class unloading 4.053ms
[2021-02-07T17:32:21.957+0300][324.269s][info][gc] GC(444) Concurrent strong roots 0.100ms
[2021-02-07T17:32:21.962+0300][324.274s][info][gc] GC(444) Concurrent evacuation 5.201ms
[2021-02-07T17:32:21.965+0300][324.277s][info][gc] GC(444) Pause Init Update Refs 0.009ms
[2021-02-07T17:32:22.105+0300][324.416s][info][gc] GC(444) Concurrent update references 139.754ms
[2021-02-07T17:32:22.108+0300][324.420s][info][gc] GC(444) Pause Final Update Refs 0.120ms
[2021-02-07T17:32:22.108+0300][324.420s][info][gc] GC(444) Concurrent cleanup 244M->233M(256M) 0.017ms
[2021-02-07T17:32:22.110+0300][324.421s][info][gc] Trigger: Free (9288K) is below minimum threshold (26214K)
[2021-02-07T17:32:22.110+0300][324.422s][info][gc] GC(445) Concurrent reset 0.289ms
[2021-02-07T17:32:22.110+0300][324.422s][info][gc] GC(445) Pause Init Mark (process weakrefs) (unload classes) 0.111ms
[2021-02-07T17:32:22.425+0300][324.737s][info][gc] GC(445) Concurrent marking (process weakrefs) (unload classes) 314.670ms
[2021-02-07T17:32:22.425+0300][324.737s][info][gc] GC(445) Concurrent precleaning 0.113ms
[2021-02-07T17:32:22.429+0300][324.741s][info][gc] GC(445) Pause Final Mark (process weakrefs) (unload classes) 0.429ms
[2021-02-07T17:32:22.435+0300][324.746s][info][gc] GC(445) Concurrent weak roots 5.296ms
[2021-02-07T17:32:22.435+0300][324.746s][info][gc] GC(445) Concurrent cleanup 239M->239M(256M) 0.010ms
[2021-02-07T17:32:22.439+0300][324.751s][info][gc] GC(445) Concurrent class unloading 4.048ms
[2021-02-07T17:32:22.439+0300][324.751s][info][gc] GC(445) Concurrent strong roots 0.110ms
[2021-02-07T17:32:22.444+0300][324.756s][info][gc] GC(445) Concurrent evacuation 5.546ms
[2021-02-07T17:32:22.447+0300][324.759s][info][gc] GC(445) Pause Init Update Refs 0.009ms
[2021-02-07T17:32:22.584+0300][324.896s][info][gc] GC(445) Concurrent update references 137.187ms
[2021-02-07T17:32:22.587+0300][324.899s][info][gc] GC(445) Pause Final Update Refs 0.137ms
[2021-02-07T17:32:22.587+0300][324.899s][info][gc] GC(445) Concurrent cleanup 244M->233M(256M) 0.017ms
[2021-02-07T17:32:22.589+0300][324.900s][info][gc] Trigger: Free (9381K) is below minimum threshold (26214K)
[2021-02-07T17:32:22.589+0300][324.901s][info][gc] GC(446) Concurrent reset 0.289ms
[2021-02-07T17:32:22.589+0300][324.901s][info][gc] GC(446) Pause Init Mark (unload classes) 0.146ms
[2021-02-07T17:32:22.903+0300][325.214s][info][gc] GC(446) Concurrent marking (unload classes) 313.153ms
[2021-02-07T17:32:22.907+0300][325.219s][info][gc] GC(446) Pause Final Mark (unload classes) 0.422ms
[2021-02-07T17:32:22.913+0300][325.224s][info][gc] GC(446) Concurrent weak roots 5.294ms
[2021-02-07T17:32:22.913+0300][325.225s][info][gc] GC(446) Concurrent cleanup 240M->240M(256M) 0.010ms
[2021-02-07T17:32:22.915+0300][325.227s][info][gc] GC(446) Concurrent class unloading 1.987ms
[2021-02-07T17:32:22.915+0300][325.227s][info][gc] GC(446) Concurrent strong roots 0.074ms
[2021-02-07T17:32:22.920+0300][325.232s][info][gc] GC(446) Concurrent evacuation 4.919ms
[2021-02-07T17:32:22.923+0300][325.235s][info][gc] GC(446) Pause Init Update Refs 0.009ms
[2021-02-07T17:32:23.063+0300][325.375s][info][gc] GC(446) Concurrent update references 140.523ms
[2021-02-07T17:32:23.065+0300][325.377s][info][gc] GC(446) Pause Final Update Refs 0.119ms
[2021-02-07T17:32:23.065+0300][325.377s][info][gc] GC(446) Concurrent cleanup 244M->233M(256M) 0.020ms
[2021-02-07T17:32:23.073+0300][325.384s][info][gc] Trigger: Free (9288K) is below minimum threshold (26214K)
[2021-02-07T17:32:23.073+0300][325.385s][info][gc] GC(447) Concurrent reset 0.394ms
[2021-02-07T17:32:23.074+0300][325.385s][info][gc] GC(447) Pause Init Mark (unload classes) 0.110ms
[2021-02-07T17:32:23.389+0300][325.701s][info][gc] GC(447) Concurrent marking (unload classes) 315.558ms
[2021-02-07T17:32:23.392+0300][325.704s][info][gc] GC(447) Pause Final Mark (unload classes) 0.431ms
[2021-02-07T17:32:23.398+0300][325.709s][info][gc] GC(447) Concurrent weak roots 5.386ms
[2021-02-07T17:32:23.398+0300][325.709s][info][gc] GC(447) Concurrent cleanup 240M->240M(256M) 0.012ms
[2021-02-07T17:32:23.400+0300][325.712s][info][gc] GC(447) Concurrent class unloading 2.212ms
[2021-02-07T17:32:23.400+0300][325.712s][info][gc] GC(447) Concurrent strong roots 0.105ms
[2021-02-07T17:32:23.405+0300][325.717s][info][gc] GC(447) Concurrent evacuation 5.355ms
[2021-02-07T17:32:23.408+0300][325.720s][info][gc] GC(447) Pause Init Update Refs 0.010ms
[2021-02-07T17:32:23.544+0300][325.856s][info][gc] GC(447) Concurrent update references 136.267ms
[2021-02-07T17:32:23.547+0300][325.859s][info][gc] GC(447) Pause Final Update Refs 0.135ms
[2021-02-07T17:32:23.547+0300][325.859s][info][gc] GC(447) Concurrent cleanup 244M->233M(256M) 0.016ms
[2021-02-07T17:32:23.549+0300][325.860s][info][gc] Trigger: Free (9381K) is below minimum threshold (26214K)
[2021-02-07T17:32:23.549+0300][325.861s][info][gc] GC(448) Concurrent reset 0.373ms
[2021-02-07T17:32:23.549+0300][325.861s][info][gc] GC(448) Pause Init Mark (unload classes) 0.097ms
[2021-02-07T17:32:23.867+0300][326.179s][info][gc] GC(448) Concurrent marking (unload classes) 317.712ms
[2021-02-07T17:32:23.868+0300][326.180s][info][gc] GC(448) Pause Final Mark (unload classes) 0.425ms
[2021-02-07T17:32:23.874+0300][326.185s][info][gc] GC(448) Concurrent weak roots 5.133ms
[2021-02-07T17:32:23.874+0300][326.185s][info][gc] GC(448) Concurrent cleanup 240M->240M(256M) 0.012ms
[2021-02-07T17:32:23.876+0300][326.188s][info][gc] GC(448) Concurrent class unloading 2.191ms
[2021-02-07T17:32:23.876+0300][326.188s][info][gc] GC(448) Concurrent strong roots 0.128ms
[2021-02-07T17:32:23.881+0300][326.193s][info][gc] GC(448) Concurrent evacuation 5.042ms
[2021-02-07T17:32:23.884+0300][326.196s][info][gc] GC(448) Pause Init Update Refs 0.010ms
[2021-02-07T17:32:24.021+0300][326.332s][info][gc] GC(448) Concurrent update references 136.681ms
[2021-02-07T17:32:24.024+0300][326.336s][info][gc] GC(448) Pause Final Update Refs 0.137ms
[2021-02-07T17:32:24.024+0300][326.336s][info][gc] GC(448) Concurrent cleanup 244M->233M(256M) 0.017ms
[2021-02-07T17:32:24.026+0300][326.337s][info][gc] Trigger: Free (9381K) is below minimum threshold (26214K)
[2021-02-07T17:32:24.026+0300][326.338s][info][gc] GC(449) Concurrent reset 0.287ms
[2021-02-07T17:32:24.026+0300][326.338s][info][gc] GC(449) Pause Init Mark (unload classes) 0.142ms
[2021-02-07T17:32:24.345+0300][326.657s][info][gc] GC(449) Concurrent marking (unload classes) 318.417ms
[2021-02-07T17:32:24.348+0300][326.660s][info][gc] GC(449) Pause Final Mark (unload classes) 0.381ms
[2021-02-07T17:32:24.354+0300][326.665s][info][gc] GC(449) Concurrent weak roots 5.355ms
[2021-02-07T17:32:24.354+0300][326.665s][info][gc] GC(449) Concurrent cleanup 238M->238M(256M) 0.011ms
[2021-02-07T17:32:24.358+0300][326.670s][info][gc] GC(449) Concurrent class unloading 4.041ms
[2021-02-07T17:32:24.358+0300][326.670s][info][gc] GC(449) Concurrent strong roots 0.100ms
[2021-02-07T17:32:24.364+0300][326.675s][info][gc] GC(449) Concurrent evacuation 5.725ms
[2021-02-07T17:32:24.364+0300][326.676s][info][gc] GC(449) Pause Init Update Refs 0.009ms
[2021-02-07T17:32:24.500+0300][326.812s][info][gc] GC(449) Concurrent update references 135.905ms
[2021-02-07T17:32:24.503+0300][326.815s][info][gc] GC(449) Pause Final Update Refs 0.142ms
[2021-02-07T17:32:24.503+0300][326.815s][info][gc] GC(449) Concurrent cleanup 244M->233M(256M) 0.018ms
[2021-02-07T17:32:24.505+0300][326.816s][info][gc] Trigger: Free (9637K) is below minimum threshold (26214K)
[2021-02-07T17:32:24.505+0300][326.817s][info][gc] GC(450) Concurrent reset 0.290ms
[2021-02-07T17:32:24.505+0300][326.817s][info][gc] GC(450) Pause Init Mark (process weakrefs) (unload classes) 0.147ms
[2021-02-07T17:32:24.818+0300][327.130s][info][gc] GC(450) Concurrent marking (process weakrefs) (unload classes) 312.434ms
[2021-02-07T17:32:24.818+0300][327.130s][info][gc] GC(450) Concurrent precleaning 0.148ms
[2021-02-07T17:32:24.821+0300][327.133s][info][gc] GC(450) Pause Final Mark (process weakrefs) (unload classes) 0.441ms
[2021-02-07T17:32:24.827+0300][327.138s][info][gc] GC(450) Concurrent weak roots 5.275ms
[2021-02-07T17:32:24.827+0300][327.138s][info][gc] GC(450) Concurrent cleanup 238M->238M(256M) 0.014ms
[2021-02-07T17:32:24.843+0300][327.155s][info][gc] GC(450) Concurrent class unloading 16.130ms
[2021-02-07T17:32:24.843+0300][327.155s][info][gc] GC(450) Concurrent strong roots 0.111ms
[2021-02-07T17:32:24.849+0300][327.161s][info][gc] GC(450) Concurrent evacuation 5.932ms
[2021-02-07T17:32:24.859+0300][327.171s][info][gc] GC(450) Pause Init Update Refs 0.013ms
[2021-02-07T17:32:24.999+0300][327.311s][info][gc] GC(450) Concurrent update references 140.359ms
[2021-02-07T17:32:25.002+0300][327.314s][info][gc] GC(450) Pause Final Update Refs 0.121ms
[2021-02-07T17:32:25.002+0300][327.314s][info][gc] GC(450) Concurrent cleanup 244M->233M(256M) 0.035ms
[2021-02-07T17:32:25.004+0300][327.315s][info][gc] Trigger: Free (9348K) is below minimum threshold (26214K)
[2021-02-07T17:32:25.004+0300][327.316s][info][gc] GC(451) Concurrent reset 0.460ms
[2021-02-07T17:32:25.005+0300][327.317s][info][gc] GC(451) Pause Init Mark (unload classes) 0.113ms
[2021-02-07T17:32:25.324+0300][327.636s][info][gc] GC(451) Concurrent marking (unload classes) 319.194ms
[2021-02-07T17:32:25.327+0300][327.639s][info][gc] GC(451) Pause Final Mark (unload classes) 0.429ms
[2021-02-07T17:32:25.331+0300][327.642s][info][gc] GC(451) Concurrent weak roots 3.305ms
[2021-02-07T17:32:25.331+0300][327.643s][info][gc] GC(451) Concurrent cleanup 236M->236M(256M) 0.011ms
[2021-02-07T17:32:25.333+0300][327.645s][info][gc] GC(451) Concurrent class unloading 2.194ms
[2021-02-07T17:32:25.333+0300][327.645s][info][gc] GC(451) Concurrent strong roots 0.126ms
[2021-02-07T17:32:25.340+0300][327.652s][info][gc] GC(451) Concurrent evacuation 7.365ms
[2021-02-07T17:32:25.343+0300][327.655s][info][gc] GC(451) Pause Init Update Refs 0.010ms
[2021-02-07T17:32:25.490+0300][327.802s][info][gc] GC(451) Concurrent update references 147.539ms
[2021-02-07T17:32:25.493+0300][327.805s][info][gc] GC(451) Pause Final Update Refs 0.091ms
[2021-02-07T17:32:25.493+0300][327.805s][info][gc] GC(451) Concurrent cleanup 244M->233M(256M) 0.020ms
[2021-02-07T17:32:25.495+0300][327.806s][info][gc] Trigger: Free (9381K) is below minimum threshold (26214K)
[2021-02-07T17:32:25.495+0300][327.807s][info][gc] GC(452) Concurrent reset 0.372ms
[2021-02-07T17:32:25.495+0300][327.807s][info][gc] GC(452) Pause Init Mark (unload classes) 0.115ms
[2021-02-07T17:32:25.813+0300][328.125s][info][gc] GC(452) Concurrent marking (unload classes) 317.669ms
[2021-02-07T17:32:25.816+0300][328.128s][info][gc] GC(452) Pause Final Mark (unload classes) 0.451ms
[2021-02-07T17:32:25.822+0300][328.133s][info][gc] GC(452) Concurrent weak roots 5.290ms
[2021-02-07T17:32:25.822+0300][328.133s][info][gc] GC(452) Concurrent cleanup 237M->237M(256M) 0.012ms
[2021-02-07T17:32:25.826+0300][328.138s][info][gc] GC(452) Concurrent class unloading 4.125ms
[2021-02-07T17:32:25.826+0300][328.138s][info][gc] GC(452) Concurrent strong roots 0.137ms
[2021-02-07T17:32:25.833+0300][328.145s][info][gc] GC(452) Concurrent evacuation 6.881ms
[2021-02-07T17:32:25.836+0300][328.148s][info][gc] GC(452) Pause Init Update Refs 0.013ms
[2021-02-07T17:32:25.972+0300][328.284s][info][gc] GC(452) Concurrent update references 136.592ms
[2021-02-07T17:32:25.973+0300][328.285s][info][gc] GC(452) Pause Final Update Refs 0.136ms
[2021-02-07T17:32:25.973+0300][328.285s][info][gc] GC(452) Concurrent cleanup 244M->233M(256M) 0.017ms
[2021-02-07T17:32:25.975+0300][328.286s][info][gc] Trigger: Free (9606K) is below minimum threshold (26214K)
[2021-02-07T17:32:25.975+0300][328.287s][info][gc] GC(453) Concurrent reset 0.318ms
[2021-02-07T17:32:25.975+0300][328.287s][info][gc] GC(453) Pause Init Mark (unload classes) 0.143ms
[2021-02-07T17:32:26.297+0300][328.608s][info][gc] GC(453) Concurrent marking (unload classes) 321.016ms
[2021-02-07T17:32:26.300+0300][328.612s][info][gc] GC(453) Pause Final Mark (unload classes) 0.462ms
[2021-02-07T17:32:26.306+0300][328.617s][info][gc] GC(453) Concurrent weak roots 5.274ms
[2021-02-07T17:32:26.306+0300][328.617s][info][gc] GC(453) Concurrent cleanup 239M->239M(256M) 0.011ms
[2021-02-07T17:32:26.307+0300][328.619s][info][gc] GC(453) Concurrent class unloading 1.831ms
[2021-02-07T17:32:26.308+0300][328.619s][info][gc] GC(453) Concurrent strong roots 0.098ms
[2021-02-07T17:32:26.313+0300][328.625s][info][gc] GC(453) Concurrent evacuation 5.229ms
[2021-02-07T17:32:26.316+0300][328.628s][info][gc] GC(453) Pause Init Update Refs 0.010ms
[2021-02-07T17:32:26.455+0300][328.767s][info][gc] GC(453) Concurrent update references 139.241ms
[2021-02-07T17:32:26.456+0300][328.768s][info][gc] GC(453) Pause Final Update Refs 0.132ms
[2021-02-07T17:32:26.457+0300][328.768s][info][gc] GC(453) Concurrent cleanup 244M->233M(256M) 0.016ms
[2021-02-07T17:32:26.459+0300][328.770s][info][gc] Trigger: Free (9381K) is below minimum threshold (26214K)
[2021-02-07T17:32:26.459+0300][328.771s][info][gc] GC(454) Concurrent reset 0.336ms
[2021-02-07T17:32:26.459+0300][328.771s][info][gc] GC(454) Pause Init Mark (unload classes) 0.123ms
[2021-02-07T17:32:26.776+0300][329.088s][info][gc] GC(454) Concurrent marking (unload classes) 316.315ms
[2021-02-07T17:32:26.779+0300][329.091s][info][gc] GC(454) Pause Final Mark (unload classes) 0.424ms
[2021-02-07T17:32:26.785+0300][329.096s][info][gc] GC(454) Concurrent weak roots 5.413ms
[2021-02-07T17:32:26.785+0300][329.097s][info][gc] GC(454) Concurrent cleanup 241M->241M(256M) 0.012ms
[2021-02-07T17:32:26.787+0300][329.099s][info][gc] GC(454) Concurrent class unloading 2.256ms
[2021-02-07T17:32:26.787+0300][329.099s][info][gc] GC(454) Concurrent strong roots 0.130ms
[2021-02-07T17:32:26.792+0300][329.103s][info][gc] GC(454) Concurrent evacuation 4.512ms
[2021-02-07T17:32:26.795+0300][329.107s][info][gc] GC(454) Pause Init Update Refs 0.009ms
[2021-02-07T17:32:26.930+0300][329.242s][info][gc] GC(454) Concurrent update references 135.564ms
[2021-02-07T17:32:26.934+0300][329.246s][info][gc] GC(454) Pause Final Update Refs 0.170ms
[2021-02-07T17:32:26.934+0300][329.246s][info][gc] GC(454) Concurrent cleanup 245M->233M(256M) 0.020ms
[2021-02-07T17:32:26.936+0300][329.247s][info][gc] Trigger: Free (9350K) is below minimum threshold (26214K)
[2021-02-07T17:32:26.936+0300][329.248s][info][gc] GC(455) Concurrent reset 0.319ms
[2021-02-07T17:32:26.936+0300][329.248s][info][gc] GC(455) Pause Init Mark (process weakrefs) (unload classes) 0.144ms
[2021-02-07T17:32:27.276+0300][329.588s][info][gc] GC(455) Concurrent marking (process weakrefs) (unload classes) 339.769ms
[2021-02-07T17:32:27.276+0300][329.588s][info][gc] GC(455) Concurrent precleaning 0.117ms
[2021-02-07T17:32:27.278+0300][329.590s][info][gc] GC(455) Pause Final Mark (process weakrefs) (unload classes) 0.451ms
[2021-02-07T17:32:27.284+0300][329.595s][info][gc] GC(455) Concurrent weak roots 5.408ms
[2021-02-07T17:32:27.284+0300][329.595s][info][gc] GC(455) Concurrent cleanup 240M->240M(256M) 0.011ms
[2021-02-07T17:32:27.286+0300][329.598s][info][gc] GC(455) Concurrent class unloading 2.327ms
[2021-02-07T17:32:27.286+0300][329.598s][info][gc] GC(455) Concurrent strong roots 0.133ms
[2021-02-07T17:32:27.291+0300][329.603s][info][gc] GC(455) Concurrent evacuation 4.689ms
[2021-02-07T17:32:27.294+0300][329.606s][info][gc] GC(455) Pause Init Update Refs 0.009ms
[2021-02-07T17:32:27.431+0300][329.743s][info][gc] GC(455) Concurrent update references 137.376ms
[2021-02-07T17:32:27.432+0300][329.744s][info][gc] GC(455) Pause Final Update Refs 0.143ms
[2021-02-07T17:32:27.433+0300][329.744s][info][gc] GC(455) Concurrent cleanup 244M->233M(256M) 0.025ms
[2021-02-07T17:32:27.435+0300][329.746s][info][gc] Trigger: Free (9637K) is below minimum threshold (26214K)
[2021-02-07T17:32:27.435+0300][329.747s][info][gc] GC(456) Concurrent reset 0.326ms
[2021-02-07T17:32:27.435+0300][329.747s][info][gc] GC(456) Pause Init Mark (unload classes) 0.140ms
[2021-02-07T17:32:27.747+0300][330.058s][info][gc] GC(456) Concurrent marking (unload classes) 310.980ms
[2021-02-07T17:32:27.752+0300][330.064s][info][gc] GC(456) Pause Final Mark (unload classes) 0.447ms
[2021-02-07T17:32:27.770+0300][330.081s][info][gc] GC(456) Concurrent weak roots 17.334ms
[2021-02-07T17:32:27.770+0300][330.081s][info][gc] GC(456) Concurrent cleanup 240M->240M(256M) 0.016ms
[2021-02-07T17:32:27.785+0300][330.097s][info][gc] GC(456) Concurrent class unloading 15.068ms
[2021-02-07T17:32:27.785+0300][330.097s][info][gc] GC(456) Concurrent strong roots 0.163ms
[2021-02-07T17:32:27.790+0300][330.101s][info][gc] GC(456) Concurrent evacuation 4.619ms
[2021-02-07T17:32:27.800+0300][330.112s][info][gc] GC(456) Pause Init Update Refs 0.010ms
[2021-02-07T17:32:27.937+0300][330.249s][info][gc] GC(456) Concurrent update references 137.534ms
[2021-02-07T17:32:27.938+0300][330.250s][info][gc] GC(456) Pause Final Update Refs 0.137ms
[2021-02-07T17:32:27.938+0300][330.250s][info][gc] GC(456) Concurrent cleanup 244M->233M(256M) 0.016ms
[2021-02-07T17:32:27.940+0300][330.252s][info][gc] Trigger: Free (9605K) is below minimum threshold (26214K)
[2021-02-07T17:32:27.940+0300][330.252s][info][gc] GC(457) Concurrent reset 0.319ms
[2021-02-07T17:32:27.940+0300][330.252s][info][gc] GC(457) Pause Init Mark (unload classes) 0.144ms
[2021-02-07T17:32:28.258+0300][330.570s][info][gc] GC(457) Concurrent marking (unload classes) 317.127ms
[2021-02-07T17:32:28.261+0300][330.573s][info][gc] GC(457) Pause Final Mark (unload classes) 0.426ms
[2021-02-07T17:32:28.267+0300][330.579s][info][gc] GC(457) Concurrent weak roots 5.447ms
[2021-02-07T17:32:28.267+0300][330.579s][info][gc] GC(457) Concurrent cleanup 240M->240M(256M) 0.012ms
[2021-02-07T17:32:28.269+0300][330.581s][info][gc] GC(457) Concurrent class unloading 2.167ms
[2021-02-07T17:32:28.269+0300][330.581s][info][gc] GC(457) Concurrent strong roots 0.103ms
[2021-02-07T17:32:28.273+0300][330.585s][info][gc] GC(457) Concurrent evacuation 4.497ms
[2021-02-07T17:32:28.276+0300][330.588s][info][gc] GC(457) Pause Init Update Refs 0.009ms
[2021-02-07T17:32:28.413+0300][330.725s][info][gc] GC(457) Concurrent update references 136.812ms
[2021-02-07T17:32:28.416+0300][330.728s][info][gc] GC(457) Pause Final Update Refs 0.113ms
[2021-02-07T17:32:28.416+0300][330.728s][info][gc] GC(457) Concurrent cleanup 244M->233M(256M) 0.018ms
[2021-02-07T17:32:28.418+0300][330.730s][info][gc] Trigger: Free (9637K) is below minimum threshold (26214K)
[2021-02-07T17:32:28.418+0300][330.730s][info][gc] GC(458) Concurrent reset 0.359ms
[2021-02-07T17:32:28.419+0300][330.731s][info][gc] GC(458) Pause Init Mark (unload classes) 0.137ms
[2021-02-07T17:32:28.732+0300][331.044s][info][gc] GC(458) Concurrent marking (unload classes) 312.824ms
[2021-02-07T17:32:28.735+0300][331.047s][info][gc] GC(458) Pause Final Mark (unload classes) 0.409ms
[2021-02-07T17:32:28.743+0300][331.055s][info][gc] GC(458) Concurrent weak roots 7.389ms
[2021-02-07T17:32:28.743+0300][331.055s][info][gc] GC(458) Concurrent cleanup 241M->241M(256M) 0.014ms
[2021-02-07T17:32:28.747+0300][331.059s][info][gc] GC(458) Concurrent class unloading 3.985ms
[2021-02-07T17:32:28.747+0300][331.059s][info][gc] GC(458) Concurrent strong roots 0.103ms
[2021-02-07T17:32:28.751+0300][331.063s][info][gc] GC(458) Concurrent evacuation 4.150ms
[2021-02-07T17:32:28.754+0300][331.066s][info][gc] GC(458) Pause Init Update Refs 0.009ms
[2021-02-07T17:32:28.889+0300][331.201s][info][gc] GC(458) Concurrent update references 135.264ms
[2021-02-07T17:32:28.892+0300][331.204s][info][gc] GC(458) Pause Final Update Refs 0.140ms
[2021-02-07T17:32:28.892+0300][331.204s][info][gc] GC(458) Concurrent cleanup 244M->233M(256M) 0.016ms
[2021-02-07T17:32:28.894+0300][331.206s][info][gc] Trigger: Free (9605K) is below minimum threshold (26214K)
[2021-02-07T17:32:28.894+0300][331.206s][info][gc] GC(459) Concurrent reset 0.291ms
[2021-02-07T17:32:28.894+0300][331.206s][info][gc] GC(459) Pause Init Mark (unload classes) 0.144ms
[2021-02-07T17:32:29.209+0300][331.521s][info][gc] GC(459) Concurrent marking (unload classes) 314.984ms
[2021-02-07T17:32:29.210+0300][331.522s][info][gc] GC(459) Pause Final Mark (unload classes) 0.325ms
[2021-02-07T17:32:29.216+0300][331.528s][info][gc] GC(459) Concurrent weak roots 5.207ms
[2021-02-07T17:32:29.216+0300][331.528s][info][gc] GC(459) Concurrent cleanup 239M->239M(256M) 0.010ms
[2021-02-07T17:32:29.218+0300][331.530s][info][gc] GC(459) Concurrent class unloading 2.291ms
[2021-02-07T17:32:29.218+0300][331.530s][info][gc] GC(459) Concurrent strong roots 0.132ms
[2021-02-07T17:32:29.223+0300][331.535s][info][gc] GC(459) Concurrent evacuation 5.133ms
[2021-02-07T17:32:29.226+0300][331.538s][info][gc] GC(459) Pause Init Update Refs 0.011ms
[2021-02-07T17:32:29.362+0300][331.674s][info][gc] GC(459) Concurrent update references 136.054ms
[2021-02-07T17:32:29.365+0300][331.677s][info][gc] GC(459) Pause Final Update Refs 0.120ms
[2021-02-07T17:32:29.365+0300][331.677s][info][gc] GC(459) Concurrent cleanup 244M->233M(256M) 0.023ms
[2021-02-07T17:32:29.367+0300][331.679s][info][gc] Trigger: Free (9637K) is below minimum threshold (26214K)
[2021-02-07T17:32:29.367+0300][331.679s][info][gc] GC(460) Concurrent reset 0.259ms
[2021-02-07T17:32:29.367+0300][331.680s][info][gc] GC(460) Pause Init Mark (process weakrefs) (unload classes) 0.130ms
[2021-02-07T17:32:29.686+0300][331.998s][info][gc] GC(460) Concurrent marking (process weakrefs) (unload classes) 318.287ms
[2021-02-07T17:32:29.686+0300][331.998s][info][gc] GC(460) Concurrent precleaning 0.083ms
[2021-02-07T17:32:29.691+0300][332.003s][info][gc] GC(460) Pause Final Mark (process weakrefs) (unload classes) 0.431ms
[2021-02-07T17:32:29.697+0300][332.009s][info][gc] GC(460) Concurrent weak roots 5.378ms
[2021-02-07T17:32:29.697+0300][332.009s][info][gc] GC(460) Concurrent cleanup 240M->240M(256M) 0.011ms
[2021-02-07T17:32:29.699+0300][332.011s][info][gc] GC(460) Concurrent class unloading 2.100ms
[2021-02-07T17:32:29.699+0300][332.011s][info][gc] GC(460) Concurrent strong roots 0.102ms
[2021-02-07T17:32:29.704+0300][332.016s][info][gc] GC(460) Concurrent evacuation 4.685ms
[2021-02-07T17:32:29.707+0300][332.019s][info][gc] GC(460) Pause Init Update Refs 0.009ms
[2021-02-07T17:32:29.845+0300][332.157s][info][gc] GC(460) Concurrent update references 138.150ms
[2021-02-07T17:32:29.848+0300][332.160s][info][gc] GC(460) Pause Final Update Refs 0.139ms
[2021-02-07T17:32:29.848+0300][332.160s][info][gc] GC(460) Concurrent cleanup 244M->233M(256M) 0.016ms
[2021-02-07T17:32:29.850+0300][332.162s][info][gc] Trigger: Free (9605K) is below minimum threshold (26214K)
[2021-02-07T17:32:29.850+0300][332.162s][info][gc] GC(461) Concurrent reset 0.322ms
[2021-02-07T17:32:29.850+0300][332.162s][info][gc] GC(461) Pause Init Mark (unload classes) 0.140ms
[2021-02-07T17:32:30.170+0300][332.482s][info][gc] GC(461) Concurrent marking (unload classes) 319.798ms
[2021-02-07T17:32:30.173+0300][332.485s][info][gc] GC(461) Pause Final Mark (unload classes) 0.385ms
[2021-02-07T17:32:30.179+0300][332.491s][info][gc] GC(461) Concurrent weak roots 5.335ms
[2021-02-07T17:32:30.179+0300][332.491s][info][gc] GC(461) Concurrent cleanup 239M->239M(256M) 0.010ms
[2021-02-07T17:32:30.180+0300][332.493s][info][gc] GC(461) Concurrent class unloading 1.844ms
[2021-02-07T17:32:30.181+0300][332.493s][info][gc] GC(461) Concurrent strong roots 0.131ms
[2021-02-07T17:32:30.186+0300][332.498s][info][gc] GC(461) Concurrent evacuation 5.012ms
[2021-02-07T17:32:30.189+0300][332.501s][info][gc] GC(461) Pause Init Update Refs 0.009ms
[2021-02-07T17:32:30.325+0300][332.637s][info][gc] GC(461) Concurrent update references 135.772ms
[2021-02-07T17:32:30.325+0300][332.637s][info][gc] GC(461) Pause Final Update Refs 0.121ms
[2021-02-07T17:32:30.325+0300][332.637s][info][gc] GC(461) Concurrent cleanup 244M->233M(256M) 0.017ms
[2021-02-07T17:32:30.327+0300][332.639s][info][gc] Trigger: Free (9637K) is below minimum threshold (26214K)
[2021-02-07T17:32:30.327+0300][332.639s][info][gc] GC(462) Concurrent reset 0.303ms
[2021-02-07T17:32:30.327+0300][332.639s][info][gc] GC(462) Pause Init Mark (unload classes) 0.128ms
[2021-02-07T17:32:30.643+0300][332.955s][info][gc] GC(462) Concurrent marking (unload classes) 315.248ms
[2021-02-07T17:32:30.646+0300][332.958s][info][gc] GC(462) Pause Final Mark (unload classes) 0.428ms
[2021-02-07T17:32:30.652+0300][332.964s][info][gc] GC(462) Concurrent weak roots 5.324ms
[2021-02-07T17:32:30.652+0300][332.964s][info][gc] GC(462) Concurrent cleanup 240M->240M(256M) 0.011ms
[2021-02-07T17:32:30.654+0300][332.966s][info][gc] GC(462) Concurrent class unloading 2.240ms
[2021-02-07T17:32:30.654+0300][332.966s][info][gc] GC(462) Concurrent strong roots 0.099ms
[2021-02-07T17:32:30.658+0300][332.970s][info][gc] GC(462) Concurrent evacuation 4.397ms
[2021-02-07T17:32:30.661+0300][332.973s][info][gc] GC(462) Pause Init Update Refs 0.009ms
[2021-02-07T17:32:30.798+0300][333.110s][info][gc] GC(462) Concurrent update references 137.376ms
[2021-02-07T17:32:30.799+0300][333.111s][info][gc] GC(462) Pause Final Update Refs 0.108ms
[2021-02-07T17:32:30.799+0300][333.111s][info][gc] GC(462) Concurrent cleanup 244M->233M(256M) 0.017ms
[2021-02-07T17:32:30.801+0300][333.113s][info][gc] Trigger: Free (9893K) is below minimum threshold (26214K)
[2021-02-07T17:32:30.801+0300][333.113s][info][gc] GC(463) Concurrent reset 0.294ms
[2021-02-07T17:32:30.801+0300][333.113s][info][gc] GC(463) Pause Init Mark (unload classes) 0.110ms
[2021-02-07T17:32:31.138+0300][333.450s][info][gc] GC(463) Concurrent marking (unload classes) 336.915ms
[2021-02-07T17:32:31.153+0300][333.465s][info][gc] GC(463) Pause Final Mark (unload classes) 0.300ms
[2021-02-07T17:32:31.159+0300][333.471s][info][gc] GC(463) Concurrent weak roots 5.503ms
[2021-02-07T17:32:31.159+0300][333.471s][info][gc] GC(463) Concurrent cleanup 239M->239M(256M) 0.010ms
[2021-02-07T17:32:31.163+0300][333.475s][info][gc] GC(463) Concurrent class unloading 4.094ms
[2021-02-07T17:32:31.163+0300][333.475s][info][gc] GC(463) Concurrent strong roots 0.128ms
[2021-02-07T17:32:31.168+0300][333.480s][info][gc] GC(463) Concurrent evacuation 4.934ms
[2021-02-07T17:32:31.171+0300][333.483s][info][gc] GC(463) Pause Init Update Refs 0.011ms
[2021-02-07T17:32:31.307+0300][333.619s][info][gc] GC(463) Concurrent update references 136.170ms
[2021-02-07T17:32:31.310+0300][333.622s][info][gc] GC(463) Pause Final Update Refs 0.141ms
[2021-02-07T17:32:31.310+0300][333.622s][info][gc] GC(463) Concurrent cleanup 244M->233M(256M) 0.016ms
[2021-02-07T17:32:31.312+0300][333.624s][info][gc] Trigger: Free (9637K) is below minimum threshold (26214K)
[2021-02-07T17:32:31.312+0300][333.624s][info][gc] GC(464) Concurrent reset 0.319ms
[2021-02-07T17:32:31.312+0300][333.624s][info][gc] GC(464) Pause Init Mark (unload classes) 0.148ms
[2021-02-07T17:32:31.627+0300][333.939s][info][gc] GC(464) Concurrent marking (unload classes) 314.364ms
[2021-02-07T17:32:31.632+0300][333.944s][info][gc] GC(464) Pause Final Mark (unload classes) 0.421ms
[2021-02-07T17:32:31.638+0300][333.950s][info][gc] GC(464) Concurrent weak roots 5.315ms
[2021-02-07T17:32:31.638+0300][333.950s][info][gc] GC(464) Concurrent cleanup 240M->240M(256M) 0.011ms
[2021-02-07T17:32:31.640+0300][333.952s][info][gc] GC(464) Concurrent class unloading 2.097ms
[2021-02-07T17:32:31.640+0300][333.952s][info][gc] GC(464) Concurrent strong roots 0.129ms
[2021-02-07T17:32:31.645+0300][333.957s][info][gc] GC(464) Concurrent evacuation 4.841ms
[2021-02-07T17:32:31.648+0300][333.960s][info][gc] GC(464) Pause Init Update Refs 0.009ms
[2021-02-07T17:32:31.793+0300][334.105s][info][gc] GC(464) Concurrent update references 145.367ms
[2021-02-07T17:32:31.795+0300][334.107s][info][gc] GC(464) Pause Final Update Refs 0.137ms
[2021-02-07T17:32:31.795+0300][334.107s][info][gc] GC(464) Concurrent cleanup 244M->233M(256M) 0.015ms
[2021-02-07T17:32:31.797+0300][334.109s][info][gc] Trigger: Free (9893K) is below minimum threshold (26214K)
[2021-02-07T17:32:31.797+0300][334.109s][info][gc] GC(465) Concurrent reset 0.349ms
[2021-02-07T17:32:31.797+0300][334.110s][info][gc] GC(465) Pause Init Mark (process weakrefs) (unload classes) 0.146ms
[2021-02-07T17:32:32.117+0300][334.429s][info][gc] GC(465) Concurrent marking (process weakrefs) (unload classes) 318.956ms
[2021-02-07T17:32:32.117+0300][334.429s][info][gc] GC(465) Concurrent precleaning 0.144ms
[2021-02-07T17:32:32.118+0300][334.430s][info][gc] GC(465) Pause Final Mark (process weakrefs) (unload classes) 0.452ms
[2021-02-07T17:32:32.123+0300][334.435s][info][gc] GC(465) Concurrent weak roots 4.673ms
[2021-02-07T17:32:32.123+0300][334.435s][info][gc] GC(465) Concurrent cleanup 238M->238M(256M) 0.011ms
[2021-02-07T17:32:32.125+0300][334.437s][info][gc] GC(465) Concurrent class unloading 2.113ms
[2021-02-07T17:32:32.125+0300][334.437s][info][gc] GC(465) Concurrent strong roots 0.127ms
[2021-02-07T17:32:32.130+0300][334.442s][info][gc] GC(465) Concurrent evacuation 5.343ms
[2021-02-07T17:32:32.133+0300][334.445s][info][gc] GC(465) Pause Init Update Refs 0.009ms
[2021-02-07T17:32:32.269+0300][334.581s][info][gc] GC(465) Concurrent update references 136.534ms
[2021-02-07T17:32:32.272+0300][334.584s][info][gc] GC(465) Pause Final Update Refs 0.120ms
[2021-02-07T17:32:32.272+0300][334.584s][info][gc] GC(465) Concurrent cleanup 244M->233M(256M) 0.018ms
[2021-02-07T17:32:32.274+0300][334.586s][info][gc] Trigger: Free (9637K) is below minimum threshold (26214K)
[2021-02-07T17:32:32.274+0300][334.586s][info][gc] GC(466) Concurrent reset 0.289ms
[2021-02-07T17:32:32.274+0300][334.586s][info][gc] GC(466) Pause Init Mark (unload classes) 0.126ms
[2021-02-07T17:32:32.592+0300][334.904s][info][gc] GC(466) Concurrent marking (unload classes) 317.582ms
[2021-02-07T17:32:32.593+0300][334.905s][info][gc] GC(466) Pause Final Mark (unload classes) 0.432ms
[2021-02-07T17:32:32.599+0300][334.911s][info][gc] GC(466) Concurrent weak roots 5.349ms
[2021-02-07T17:32:32.599+0300][334.911s][info][gc] GC(466) Concurrent cleanup 240M->240M(256M) 0.011ms
[2021-02-07T17:32:32.601+0300][334.913s][info][gc] GC(466) Concurrent class unloading 2.129ms
[2021-02-07T17:32:32.601+0300][334.913s][info][gc] GC(466) Concurrent strong roots 0.137ms
[2021-02-07T17:32:32.606+0300][334.918s][info][gc] GC(466) Concurrent evacuation 4.938ms
[2021-02-07T17:32:32.609+0300][334.921s][info][gc] GC(466) Pause Init Update Refs 0.009ms
[2021-02-07T17:32:32.744+0300][335.056s][info][gc] GC(466) Concurrent update references 135.327ms
[2021-02-07T17:32:32.745+0300][335.057s][info][gc] GC(466) Pause Final Update Refs 0.136ms
[2021-02-07T17:32:32.745+0300][335.057s][info][gc] GC(466) Concurrent cleanup 244M->233M(256M) 0.015ms
[2021-02-07T17:32:32.747+0300][335.059s][info][gc] Trigger: Free (9893K) is below minimum threshold (26214K)
[2021-02-07T17:32:32.747+0300][335.059s][info][gc] GC(467) Concurrent reset 0.319ms
[2021-02-07T17:32:32.747+0300][335.059s][info][gc] GC(467) Pause Init Mark (unload classes) 0.146ms
[2021-02-07T17:32:33.059+0300][335.371s][info][gc] GC(467) Concurrent marking (unload classes) 311.884ms
[2021-02-07T17:32:33.060+0300][335.372s][info][gc] GC(467) Pause Final Mark (unload classes) 0.424ms
[2021-02-07T17:32:33.066+0300][335.378s][info][gc] GC(467) Concurrent weak roots 5.287ms
[2021-02-07T17:32:33.066+0300][335.378s][info][gc] GC(467) Concurrent cleanup 239M->239M(256M) 0.010ms
[2021-02-07T17:32:33.068+0300][335.380s][info][gc] GC(467) Concurrent class unloading 2.144ms
[2021-02-07T17:32:33.068+0300][335.380s][info][gc] GC(467) Concurrent strong roots 0.146ms
[2021-02-07T17:32:33.076+0300][335.388s][info][gc] GC(467) Concurrent evacuation 7.915ms
[2021-02-07T17:32:33.079+0300][335.391s][info][gc] GC(467) Pause Init Update Refs 0.009ms
[2021-02-07T17:32:33.214+0300][335.526s][info][gc] GC(467) Concurrent update references 135.358ms
[2021-02-07T17:32:33.215+0300][335.527s][info][gc] GC(467) Pause Final Update Refs 0.137ms
[2021-02-07T17:32:33.215+0300][335.527s][info][gc] GC(467) Concurrent cleanup 244M->233M(256M) 0.018ms
[2021-02-07T17:32:33.217+0300][335.529s][info][gc] Trigger: Free (9797K) is below minimum threshold (26214K)
[2021-02-07T17:32:33.217+0300][335.529s][info][gc] GC(468) Concurrent reset 0.322ms
[2021-02-07T17:32:33.217+0300][335.529s][info][gc] GC(468) Pause Init Mark (unload classes) 0.142ms
[2021-02-07T17:32:33.532+0300][335.844s][info][gc] GC(468) Concurrent marking (unload classes) 314.098ms
[2021-02-07T17:32:33.535+0300][335.847s][info][gc] GC(468) Pause Final Mark (unload classes) 0.427ms
[2021-02-07T17:32:33.541+0300][335.853s][info][gc] GC(468) Concurrent weak roots 5.261ms
[2021-02-07T17:32:33.541+0300][335.853s][info][gc] GC(468) Concurrent cleanup 239M->239M(256M) 0.016ms
[2021-02-07T17:32:33.543+0300][335.855s][info][gc] GC(468) Concurrent class unloading 2.003ms
[2021-02-07T17:32:33.543+0300][335.855s][info][gc] GC(468) Concurrent strong roots 0.129ms
[2021-02-07T17:32:33.548+0300][335.860s][info][gc] GC(468) Concurrent evacuation 4.894ms
[2021-02-07T17:32:33.551+0300][335.863s][info][gc] GC(468) Pause Init Update Refs 0.008ms
[2021-02-07T17:32:33.686+0300][335.998s][info][gc] GC(468) Concurrent update references 135.346ms
[2021-02-07T17:32:33.689+0300][336.001s][info][gc] GC(468) Pause Final Update Refs 0.137ms
[2021-02-07T17:32:33.689+0300][336.001s][info][gc] GC(468) Concurrent cleanup 244M->233M(256M) 0.016ms
[2021-02-07T17:32:33.691+0300][336.003s][info][gc] Trigger: Free (9893K) is below minimum threshold (26214K)
[2021-02-07T17:32:33.691+0300][336.003s][info][gc] GC(469) Concurrent reset 0.322ms
[2021-02-07T17:32:33.691+0300][336.003s][info][gc] GC(469) Pause Init Mark (unload classes) 0.144ms
[2021-02-07T17:32:34.004+0300][336.316s][info][gc] GC(469) Concurrent marking (unload classes) 312.394ms
[2021-02-07T17:32:34.015+0300][336.327s][info][gc] GC(469) Pause Final Mark (unload classes) 0.421ms
[2021-02-07T17:32:34.021+0300][336.333s][info][gc] GC(469) Concurrent weak roots 5.388ms
[2021-02-07T17:32:34.021+0300][336.333s][info][gc] GC(469) Concurrent cleanup 240M->240M(256M) 0.012ms
[2021-02-07T17:32:34.023+0300][336.335s][info][gc] GC(469) Concurrent class unloading 2.325ms
[2021-02-07T17:32:34.023+0300][336.335s][info][gc] GC(469) Concurrent strong roots 0.132ms
[2021-02-07T17:32:34.028+0300][336.340s][info][gc] GC(469) Concurrent evacuation 4.486ms
[2021-02-07T17:32:34.031+0300][336.343s][info][gc] GC(469) Pause Init Update Refs 0.009ms
[2021-02-07T17:32:34.169+0300][336.481s][info][gc] GC(469) Concurrent update references 137.976ms
[2021-02-07T17:32:34.170+0300][336.482s][info][gc] GC(469) Pause Final Update Refs 0.133ms
[2021-02-07T17:32:34.170+0300][336.482s][info][gc] GC(469) Concurrent cleanup 244M->233M(256M) 0.017ms
[2021-02-07T17:32:34.172+0300][336.484s][info][gc] Trigger: Free (9797K) is below minimum threshold (26214K)
[2021-02-07T17:32:34.172+0300][336.484s][info][gc] GC(470) Concurrent reset 0.321ms
[2021-02-07T17:32:34.173+0300][336.485s][info][gc] GC(470) Pause Init Mark (process weakrefs) (unload classes) 0.150ms
[2021-02-07T17:32:34.502+0300][336.814s][info][gc] GC(470) Concurrent marking (process weakrefs) (unload classes) 329.239ms
[2021-02-07T17:32:34.502+0300][336.814s][info][gc] GC(470) Concurrent precleaning 0.114ms
[2021-02-07T17:32:34.507+0300][336.819s][info][gc] GC(470) Pause Final Mark (process weakrefs) (unload classes) 0.431ms
[2021-02-07T17:32:34.513+0300][336.825s][info][gc] GC(470) Concurrent weak roots 5.303ms
[2021-02-07T17:32:34.513+0300][336.825s][info][gc] GC(470) Concurrent cleanup 240M->240M(256M) 0.011ms
[2021-02-07T17:32:34.515+0300][336.827s][info][gc] GC(470) Concurrent class unloading 2.161ms
[2021-02-07T17:32:34.515+0300][336.827s][info][gc] GC(470) Concurrent strong roots 0.099ms
[2021-02-07T17:32:34.520+0300][336.832s][info][gc] GC(470) Concurrent evacuation 4.614ms
[2021-02-07T17:32:34.523+0300][336.835s][info][gc] GC(470) Pause Init Update Refs 0.009ms
[2021-02-07T17:32:34.658+0300][336.970s][info][gc] GC(470) Concurrent update references 134.795ms
[2021-02-07T17:32:34.661+0300][336.973s][info][gc] GC(470) Pause Final Update Refs 0.137ms
[2021-02-07T17:32:34.661+0300][336.973s][info][gc] GC(470) Concurrent cleanup 244M->233M(256M) 0.015ms
[2021-02-07T17:32:34.663+0300][336.975s][info][gc] Trigger: Free (9893K) is below minimum threshold (26214K)
[2021-02-07T17:32:34.663+0300][336.975s][info][gc] GC(471) Concurrent reset 0.322ms
[2021-02-07T17:32:34.663+0300][336.976s][info][gc] GC(471) Pause Init Mark (unload classes) 0.159ms
[2021-02-07T17:32:34.996+0300][337.309s][info][gc] GC(471) Concurrent marking (unload classes) 332.780ms
[2021-02-07T17:32:35.001+0300][337.313s][info][gc] GC(471) Pause Final Mark (unload classes) 0.413ms
[2021-02-07T17:32:35.007+0300][337.319s][info][gc] GC(471) Concurrent weak roots 5.414ms
[2021-02-07T17:32:35.007+0300][337.319s][info][gc] GC(471) Concurrent cleanup 240M->240M(256M) 0.011ms
[2021-02-07T17:32:35.009+0300][337.321s][info][gc] GC(471) Concurrent class unloading 2.275ms
[2021-02-07T17:32:35.009+0300][337.321s][info][gc] GC(471) Concurrent strong roots 0.098ms
[2021-02-07T17:32:35.013+0300][337.326s][info][gc] GC(471) Concurrent evacuation 4.218ms
[2021-02-07T17:32:35.013+0300][337.326s][info][gc] GC(471) Pause Init Update Refs 0.009ms
[2021-02-07T17:32:35.151+0300][337.463s][info][gc] GC(471) Concurrent update references 137.592ms
[2021-02-07T17:32:35.154+0300][337.466s][info][gc] GC(471) Pause Final Update Refs 0.138ms
[2021-02-07T17:32:35.154+0300][337.466s][info][gc] GC(471) Concurrent cleanup 244M->233M(256M) 0.015ms
[2021-02-07T17:32:35.156+0300][337.468s][info][gc] Trigger: Free (9797K) is below minimum threshold (26214K)
[2021-02-07T17:32:35.156+0300][337.468s][info][gc] GC(472) Concurrent reset 0.292ms
[2021-02-07T17:32:35.156+0300][337.469s][info][gc] GC(472) Pause Init Mark (unload classes) 0.147ms
[2021-02-07T17:32:35.486+0300][337.798s][info][gc] GC(472) Concurrent marking (unload classes) 329.465ms
[2021-02-07T17:32:35.487+0300][337.799s][info][gc] GC(472) Pause Final Mark (unload classes) 0.413ms
[2021-02-07T17:32:35.494+0300][337.806s][info][gc] GC(472) Concurrent weak roots 6.750ms
[2021-02-07T17:32:35.494+0300][337.806s][info][gc] GC(472) Concurrent cleanup 240M->240M(256M) 0.010ms
[2021-02-07T17:32:35.498+0300][337.810s][info][gc] GC(472) Concurrent class unloading 4.061ms
[2021-02-07T17:32:35.498+0300][337.810s][info][gc] GC(472) Concurrent strong roots 0.104ms
[2021-02-07T17:32:35.503+0300][337.815s][info][gc] GC(472) Concurrent evacuation 4.856ms
[2021-02-07T17:32:35.503+0300][337.815s][info][gc] GC(472) Pause Init Update Refs 0.009ms
[2021-02-07T17:32:35.638+0300][337.951s][info][gc] GC(472) Concurrent update references 135.030ms
[2021-02-07T17:32:35.642+0300][337.953s][info][gc] GC(472) Pause Final Update Refs 0.136ms
[2021-02-07T17:32:35.642+0300][337.953s][info][gc] GC(472) Concurrent cleanup 244M->233M(256M) 0.015ms
[2021-02-07T17:32:35.643+0300][337.955s][info][gc] Trigger: Free (9893K) is below minimum threshold (26214K)
[2021-02-07T17:32:35.643+0300][337.955s][info][gc] GC(473) Concurrent reset 0.320ms
[2021-02-07T17:32:35.643+0300][337.956s][info][gc] GC(473) Pause Init Mark (unload classes) 0.145ms
[2021-02-07T17:32:35.956+0300][338.268s][info][gc] GC(473) Concurrent marking (unload classes) 312.097ms
[2021-02-07T17:32:35.959+0300][338.271s][info][gc] GC(473) Pause Final Mark (unload classes) 0.422ms
[2021-02-07T17:32:35.965+0300][338.277s][info][gc] GC(473) Concurrent weak roots 5.304ms
[2021-02-07T17:32:35.965+0300][338.277s][info][gc] GC(473) Concurrent cleanup 239M->239M(256M) 0.010ms
[2021-02-07T17:32:35.966+0300][338.279s][info][gc] GC(473) Concurrent class unloading 1.766ms
[2021-02-07T17:32:35.966+0300][338.279s][info][gc] GC(473) Concurrent strong roots 0.098ms
[2021-02-07T17:32:35.972+0300][338.284s][info][gc] GC(473) Concurrent evacuation 5.186ms
[2021-02-07T17:32:35.975+0300][338.287s][info][gc] GC(473) Pause Init Update Refs 0.009ms
[2021-02-07T17:32:36.113+0300][338.425s][info][gc] GC(473) Concurrent update references 138.066ms
[2021-02-07T17:32:36.114+0300][338.426s][info][gc] GC(473) Pause Final Update Refs 0.149ms
[2021-02-07T17:32:36.114+0300][338.426s][info][gc] GC(473) Concurrent cleanup 244M->233M(256M) 0.016ms
[2021-02-07T17:32:36.116+0300][338.428s][info][gc] Trigger: Free (10053K) is below minimum threshold (26214K)
[2021-02-07T17:32:36.116+0300][338.428s][info][gc] GC(474) Concurrent reset 0.289ms
[2021-02-07T17:32:36.116+0300][338.429s][info][gc] GC(474) Pause Init Mark (unload classes) 0.144ms
[2021-02-07T17:32:36.429+0300][338.741s][info][gc] GC(474) Concurrent marking (unload classes) 312.721ms
[2021-02-07T17:32:36.432+0300][338.744s][info][gc] GC(474) Pause Final Mark (unload classes) 0.434ms
[2021-02-07T17:32:36.446+0300][338.758s][info][gc] GC(474) Concurrent weak roots 13.382ms
[2021-02-07T17:32:36.446+0300][338.758s][info][gc] GC(474) Concurrent cleanup 239M->239M(256M) 0.014ms
[2021-02-07T17:32:36.448+0300][338.761s][info][gc] GC(474) Concurrent class unloading 2.782ms
[2021-02-07T17:32:36.449+0300][338.761s][info][gc] GC(474) Concurrent strong roots 0.107ms
[2021-02-07T17:32:36.454+0300][338.766s][info][gc] GC(474) Concurrent evacuation 5.122ms
[2021-02-07T17:32:36.462+0300][338.774s][info][gc] GC(474) Pause Init Update Refs 0.010ms
[2021-02-07T17:32:36.600+0300][338.912s][info][gc] GC(474) Concurrent update references 137.799ms
[2021-02-07T17:32:36.607+0300][338.918s][info][gc] GC(474) Pause Final Update Refs 0.074ms
[2021-02-07T17:32:36.607+0300][338.918s][info][gc] GC(474) Concurrent cleanup 244M->233M(256M) 0.020ms
[2021-02-07T17:32:36.622+0300][338.934s][info][gc] Trigger: Free (10149K) is below minimum threshold (26214K)
[2021-02-07T17:32:36.622+0300][338.934s][info][gc] GC(475) Concurrent reset 0.310ms
[2021-02-07T17:32:36.622+0300][338.935s][info][gc] GC(475) Pause Init Mark (process weakrefs) (unload classes) 0.158ms
[2021-02-07T17:32:36.938+0300][339.250s][info][gc] GC(475) Concurrent marking (process weakrefs) (unload classes) 315.426ms
[2021-02-07T17:32:36.938+0300][339.250s][info][gc] GC(475) Concurrent precleaning 0.114ms
[2021-02-07T17:32:36.941+0300][339.253s][info][gc] GC(475) Pause Final Mark (process weakrefs) (unload classes) 0.440ms
[2021-02-07T17:32:36.958+0300][339.270s][info][gc] GC(475) Concurrent weak roots 16.314ms
[2021-02-07T17:32:36.958+0300][339.270s][info][gc] GC(475) Concurrent cleanup 238M->238M(256M) 0.015ms
[2021-02-07T17:32:36.960+0300][339.272s][info][gc] GC(475) Concurrent class unloading 1.942ms
[2021-02-07T17:32:36.960+0300][339.272s][info][gc] GC(475) Concurrent strong roots 0.134ms
[2021-02-07T17:32:36.965+0300][339.277s][info][gc] GC(475) Concurrent evacuation 5.316ms
[2021-02-07T17:32:36.974+0300][339.286s][info][gc] GC(475) Pause Init Update Refs 0.010ms
[2021-02-07T17:32:37.113+0300][339.425s][info][gc] GC(475) Concurrent update references 139.385ms
[2021-02-07T17:32:37.114+0300][339.426s][info][gc] GC(475) Pause Final Update Refs 0.070ms
[2021-02-07T17:32:37.114+0300][339.426s][info][gc] GC(475) Concurrent cleanup 244M->233M(256M) 0.016ms
[2021-02-07T17:32:37.116+0300][339.428s][info][gc] Trigger: Free (10056K) is below minimum threshold (26214K)
[2021-02-07T17:32:37.116+0300][339.428s][info][gc] GC(476) Concurrent reset 0.325ms
[2021-02-07T17:32:37.116+0300][339.429s][info][gc] GC(476) Pause Init Mark (unload classes) 0.123ms
[2021-02-07T17:32:37.446+0300][339.758s][info][gc] GC(476) Concurrent marking (unload classes) 329.169ms
[2021-02-07T17:32:37.447+0300][339.759s][info][gc] GC(476) Pause Final Mark (unload classes) 0.426ms
[2021-02-07T17:32:37.453+0300][339.765s][info][gc] GC(476) Concurrent weak roots 5.418ms
[2021-02-07T17:32:37.453+0300][339.765s][info][gc] GC(476) Concurrent cleanup 238M->238M(256M) 0.010ms
[2021-02-07T17:32:37.457+0300][339.769s][info][gc] GC(476) Concurrent class unloading 4.085ms
[2021-02-07T17:32:37.457+0300][339.769s][info][gc] GC(476) Concurrent strong roots 0.102ms
[2021-02-07T17:32:37.463+0300][339.775s][info][gc] GC(476) Concurrent evacuation 5.653ms
[2021-02-07T17:32:37.463+0300][339.775s][info][gc] GC(476) Pause Init Update Refs 0.009ms
[2021-02-07T17:32:37.598+0300][339.911s][info][gc] GC(476) Concurrent update references 135.126ms
[2021-02-07T17:32:37.603+0300][339.915s][info][gc] GC(476) Pause Final Update Refs 0.140ms
[2021-02-07T17:32:37.603+0300][339.915s][info][gc] GC(476) Concurrent cleanup 244M->233M(256M) 0.018ms
[2021-02-07T17:32:37.618+0300][339.930s][info][gc] Trigger: Free (10149K) is below minimum threshold (26214K)
[2021-02-07T17:32:37.618+0300][339.930s][info][gc] GC(477) Concurrent reset 0.350ms
[2021-02-07T17:32:37.618+0300][339.931s][info][gc] GC(477) Pause Init Mark (unload classes) 0.146ms
[2021-02-07T17:32:37.930+0300][340.242s][info][gc] GC(477) Concurrent marking (unload classes) 311.194ms
[2021-02-07T17:32:37.935+0300][340.247s][info][gc] GC(477) Pause Final Mark (unload classes) 0.434ms
[2021-02-07T17:32:37.941+0300][340.253s][info][gc] GC(477) Concurrent weak roots 5.307ms
[2021-02-07T17:32:37.941+0300][340.253s][info][gc] GC(477) Concurrent cleanup 239M->239M(256M) 0.011ms
[2021-02-07T17:32:37.943+0300][340.255s][info][gc] GC(477) Concurrent class unloading 2.223ms
[2021-02-07T17:32:37.943+0300][340.255s][info][gc] GC(477) Concurrent strong roots 0.131ms
[2021-02-07T17:32:37.948+0300][340.260s][info][gc] GC(477) Concurrent evacuation 4.640ms
[2021-02-07T17:32:37.951+0300][340.263s][info][gc] GC(477) Pause Init Update Refs 0.009ms
[2021-02-07T17:32:38.086+0300][340.398s][info][gc] GC(477) Concurrent update references 135.153ms
[2021-02-07T17:32:38.087+0300][340.399s][info][gc] GC(477) Pause Final Update Refs 0.138ms
[2021-02-07T17:32:38.087+0300][340.399s][info][gc] GC(477) Concurrent cleanup 244M->233M(256M) 0.016ms
[2021-02-07T17:32:38.089+0300][340.401s][info][gc] Trigger: Free (10056K) is below minimum threshold (26214K)
[2021-02-07T17:32:38.089+0300][340.401s][info][gc] GC(478) Concurrent reset 0.322ms
[2021-02-07T17:32:38.089+0300][340.402s][info][gc] GC(478) Pause Init Mark (unload classes) 0.146ms
[2021-02-07T17:32:38.401+0300][340.713s][info][gc] GC(478) Concurrent marking (unload classes) 311.167ms
[2021-02-07T17:32:38.404+0300][340.716s][info][gc] GC(478) Pause Final Mark (unload classes) 0.434ms
[2021-02-07T17:32:38.410+0300][340.722s][info][gc] GC(478) Concurrent weak roots 5.417ms
[2021-02-07T17:32:38.410+0300][340.722s][info][gc] GC(478) Concurrent cleanup 240M->240M(256M) 0.011ms
[2021-02-07T17:32:38.412+0300][340.724s][info][gc] GC(478) Concurrent class unloading 1.935ms
[2021-02-07T17:32:38.412+0300][340.724s][info][gc] GC(478) Concurrent strong roots 0.081ms
[2021-02-07T17:32:38.416+0300][340.729s][info][gc] GC(478) Concurrent evacuation 4.568ms
[2021-02-07T17:32:38.419+0300][340.731s][info][gc] GC(478) Pause Init Update Refs 0.009ms
[2021-02-07T17:32:38.553+0300][340.866s][info][gc] GC(478) Concurrent update references 134.686ms
[2021-02-07T17:32:38.555+0300][340.867s][info][gc] GC(478) Pause Final Update Refs 0.123ms
[2021-02-07T17:32:38.555+0300][340.867s][info][gc] GC(478) Concurrent cleanup 244M->233M(256M) 0.016ms
[2021-02-07T17:32:38.557+0300][340.869s][info][gc] Trigger: Free (10149K) is below minimum threshold (26214K)
[2021-02-07T17:32:38.557+0300][340.869s][info][gc] GC(479) Concurrent reset 0.319ms
[2021-02-07T17:32:38.557+0300][340.870s][info][gc] GC(479) Pause Init Mark (unload classes) 0.147ms
[2021-02-07T17:32:38.870+0300][341.183s][info][gc] GC(479) Concurrent marking (unload classes) 312.695ms
[2021-02-07T17:32:38.872+0300][341.184s][info][gc] GC(479) Pause Final Mark (unload classes) 0.434ms
[2021-02-07T17:32:38.886+0300][341.198s][info][gc] GC(479) Concurrent weak roots 13.657ms
[2021-02-07T17:32:38.886+0300][341.198s][info][gc] GC(479) Concurrent cleanup 238M->238M(256M) 0.023ms
[2021-02-07T17:32:38.888+0300][341.200s][info][gc] GC(479) Concurrent class unloading 2.476ms
[2021-02-07T17:32:38.888+0300][341.201s][info][gc] GC(479) Concurrent strong roots 0.132ms
[2021-02-07T17:32:38.894+0300][341.206s][info][gc] GC(479) Concurrent evacuation 5.417ms
[2021-02-07T17:32:38.895+0300][341.207s][info][gc] GC(479) Pause Init Update Refs 0.009ms
[2021-02-07T17:32:39.031+0300][341.343s][info][gc] GC(479) Concurrent update references 135.608ms
[2021-02-07T17:32:39.031+0300][341.344s][info][gc] GC(479) Pause Final Update Refs 0.138ms
[2021-02-07T17:32:39.031+0300][341.344s][info][gc] GC(479) Concurrent cleanup 244M->233M(256M) 0.017ms
[2021-02-07T17:32:39.034+0300][341.346s][info][gc] Trigger: Free (10149K) is below minimum threshold (26214K)
[2021-02-07T17:32:39.034+0300][341.346s][info][gc] GC(480) Concurrent reset 0.329ms
[2021-02-07T17:32:39.034+0300][341.347s][info][gc] GC(480) Pause Init Mark (process weakrefs) (unload classes) 0.150ms
[2021-02-07T17:32:39.349+0300][341.661s][info][gc] GC(480) Concurrent marking (process weakrefs) (unload classes) 314.101ms
[2021-02-07T17:32:39.349+0300][341.661s][info][gc] GC(480) Concurrent precleaning 0.136ms
[2021-02-07T17:32:39.350+0300][341.662s][info][gc] GC(480) Pause Final Mark (process weakrefs) (unload classes) 0.433ms
[2021-02-07T17:32:39.357+0300][341.669s][info][gc] GC(480) Concurrent weak roots 6.795ms
[2021-02-07T17:32:39.357+0300][341.669s][info][gc] GC(480) Concurrent cleanup 239M->239M(256M) 0.010ms
[2021-02-07T17:32:39.360+0300][341.672s][info][gc] GC(480) Concurrent class unloading 2.904ms
[2021-02-07T17:32:39.360+0300][341.672s][info][gc] GC(480) Concurrent strong roots 0.131ms
[2021-02-07T17:32:39.364+0300][341.677s][info][gc] GC(480) Concurrent evacuation 4.716ms
[2021-02-07T17:32:39.368+0300][341.679s][info][gc] GC(480) Pause Init Update Refs 0.009ms
[2021-02-07T17:32:39.502+0300][341.815s][info][gc] GC(480) Concurrent update references 135.363ms
[2021-02-07T17:32:39.505+0300][341.817s][info][gc] GC(480) Pause Final Update Refs 0.138ms
[2021-02-07T17:32:39.505+0300][341.817s][info][gc] GC(480) Concurrent cleanup 244M->233M(256M) 0.016ms
[2021-02-07T17:32:39.507+0300][341.819s][info][gc] Trigger: Free (10149K) is below minimum threshold (26214K)
[2021-02-07T17:32:39.507+0300][341.819s][info][gc] GC(481) Concurrent reset 0.292ms
[2021-02-07T17:32:39.507+0300][341.820s][info][gc] GC(481) Pause Init Mark (unload classes) 0.145ms
[2021-02-07T17:32:39.819+0300][342.132s][info][gc] GC(481) Concurrent marking (unload classes) 312.091ms
[2021-02-07T17:32:39.830+0300][342.142s][info][gc] GC(481) Pause Final Mark (unload classes) 0.402ms
[2021-02-07T17:32:39.836+0300][342.148s][info][gc] GC(481) Concurrent weak roots 5.312ms
[2021-02-07T17:32:39.836+0300][342.148s][info][gc] GC(481) Concurrent cleanup 239M->239M(256M) 0.012ms
[2021-02-07T17:32:39.838+0300][342.150s][info][gc] GC(481) Concurrent class unloading 2.089ms
[2021-02-07T17:32:39.838+0300][342.150s][info][gc] GC(481) Concurrent strong roots 0.107ms
[2021-02-07T17:32:39.843+0300][342.156s][info][gc] GC(481) Concurrent evacuation 5.357ms
[2021-02-07T17:32:39.846+0300][342.158s][info][gc] GC(481) Pause Init Update Refs 0.012ms
[2021-02-07T17:32:39.982+0300][342.295s][info][gc] GC(481) Concurrent update references 136.642ms
[2021-02-07T17:32:39.987+0300][342.298s][info][gc] GC(481) Pause Final Update Refs 0.139ms
[2021-02-07T17:32:39.987+0300][342.298s][info][gc] GC(481) Concurrent cleanup 244M->233M(256M) 0.016ms
[2021-02-07T17:32:39.988+0300][342.300s][info][gc] Trigger: Free (10123K) is below minimum threshold (26214K)
[2021-02-07T17:32:39.988+0300][342.300s][info][gc] GC(482) Concurrent reset 0.331ms
[2021-02-07T17:32:39.988+0300][342.301s][info][gc] GC(482) Pause Init Mark (unload classes) 0.144ms
[2021-02-07T17:32:40.321+0300][342.633s][info][gc] GC(482) Concurrent marking (unload classes) 332.327ms
[2021-02-07T17:32:40.322+0300][342.635s][info][gc] GC(482) Pause Final Mark (unload classes) 0.419ms
[2021-02-07T17:32:40.336+0300][342.648s][info][gc] GC(482) Concurrent weak roots 13.192ms
[2021-02-07T17:32:40.336+0300][342.648s][info][gc] GC(482) Concurrent cleanup 238M->238M(256M) 0.021ms
[2021-02-07T17:32:40.338+0300][342.650s][info][gc] GC(482) Concurrent class unloading 2.587ms
[2021-02-07T17:32:40.338+0300][342.651s][info][gc] GC(482) Concurrent strong roots 0.132ms
[2021-02-07T17:32:40.344+0300][342.656s][info][gc] GC(482) Concurrent evacuation 5.597ms
[2021-02-07T17:32:40.345+0300][342.657s][info][gc] GC(482) Pause Init Update Refs 0.009ms
[2021-02-07T17:32:40.480+0300][342.792s][info][gc] GC(482) Concurrent update references 135.105ms
[2021-02-07T17:32:40.484+0300][342.795s][info][gc] GC(482) Pause Final Update Refs 0.138ms
[2021-02-07T17:32:40.484+0300][342.795s][info][gc] GC(482) Concurrent cleanup 244M->233M(256M) 0.016ms
[2021-02-07T17:32:40.485+0300][342.797s][info][gc] Trigger: Free (10149K) is below minimum threshold (26214K)
[2021-02-07T17:32:40.485+0300][342.797s][info][gc] GC(483) Concurrent reset 0.319ms
[2021-02-07T17:32:40.486+0300][342.798s][info][gc] GC(483) Pause Init Mark (unload classes) 0.153ms
[2021-02-07T17:32:40.803+0300][343.116s][info][gc] GC(483) Concurrent marking (unload classes) 317.722ms
[2021-02-07T17:32:40.808+0300][343.120s][info][gc] GC(483) Pause Final Mark (unload classes) 0.435ms
[2021-02-07T17:32:40.814+0300][343.126s][info][gc] GC(483) Concurrent weak roots 5.381ms
[2021-02-07T17:32:40.814+0300][343.126s][info][gc] GC(483) Concurrent cleanup 238M->238M(256M) 0.011ms
[2021-02-07T17:32:40.818+0300][343.130s][info][gc] GC(483) Concurrent class unloading 4.082ms
[2021-02-07T17:32:40.818+0300][343.130s][info][gc] GC(483) Concurrent strong roots 0.131ms
[2021-02-07T17:32:40.824+0300][343.136s][info][gc] GC(483) Concurrent evacuation 5.653ms
[2021-02-07T17:32:40.824+0300][343.136s][info][gc] GC(483) Pause Init Update Refs 0.009ms
[2021-02-07T17:32:40.961+0300][343.273s][info][gc] GC(483) Concurrent update references 136.393ms
[2021-02-07T17:32:40.964+0300][343.276s][info][gc] GC(483) Pause Final Update Refs 0.119ms
[2021-02-07T17:32:40.964+0300][343.276s][info][gc] GC(483) Concurrent cleanup 244M->233M(256M) 0.018ms
[2021-02-07T17:32:40.966+0300][343.278s][info][gc] Trigger: Free (10136K) is below minimum threshold (26214K)
[2021-02-07T17:32:40.966+0300][343.278s][info][gc] GC(484) Concurrent reset 0.292ms
[2021-02-07T17:32:40.966+0300][343.279s][info][gc] GC(484) Pause Init Mark (unload classes) 0.119ms
[2021-02-07T17:32:41.283+0300][343.596s][info][gc] GC(484) Concurrent marking (unload classes) 317.047ms
[2021-02-07T17:32:41.285+0300][343.597s][info][gc] GC(484) Pause Final Mark (unload classes) 0.466ms
[2021-02-07T17:32:41.292+0300][343.604s][info][gc] GC(484) Concurrent weak roots 6.793ms
[2021-02-07T17:32:41.292+0300][343.604s][info][gc] GC(484) Concurrent cleanup 239M->239M(256M) 0.010ms
[2021-02-07T17:32:41.295+0300][343.607s][info][gc] GC(484) Concurrent class unloading 2.826ms
[2021-02-07T17:32:41.295+0300][343.607s][info][gc] GC(484) Concurrent strong roots 0.104ms
[2021-02-07T17:32:41.300+0300][343.612s][info][gc] GC(484) Concurrent evacuation 4.868ms
[2021-02-07T17:32:41.303+0300][343.615s][info][gc] GC(484) Pause Init Update Refs 0.011ms
[2021-02-07T17:32:41.438+0300][343.750s][info][gc] GC(484) Concurrent update references 134.737ms
[2021-02-07T17:32:41.438+0300][343.751s][info][gc] GC(484) Pause Final Update Refs 0.140ms
[2021-02-07T17:32:41.439+0300][343.751s][info][gc] GC(484) Concurrent cleanup 244M->233M(256M) 0.016ms
[2021-02-07T17:32:41.446+0300][343.758s][info][gc] Trigger: Free (10149K) is below minimum threshold (26214K)
[2021-02-07T17:32:41.446+0300][343.758s][info][gc] GC(485) Concurrent reset 0.343ms
[2021-02-07T17:32:41.446+0300][343.759s][info][gc] GC(485) Pause Init Mark (process weakrefs) (unload classes) 0.168ms
[2021-02-07T17:32:41.775+0300][344.087s][info][gc] GC(485) Concurrent marking (process weakrefs) (unload classes) 328.616ms
[2021-02-07T17:32:41.775+0300][344.088s][info][gc] GC(485) Concurrent precleaning 0.141ms
[2021-02-07T17:32:41.779+0300][344.090s][info][gc] GC(485) Pause Final Mark (process weakrefs) (unload classes) 0.445ms
[2021-02-07T17:32:41.784+0300][344.096s][info][gc] GC(485) Concurrent weak roots 5.279ms
[2021-02-07T17:32:41.784+0300][344.096s][info][gc] GC(485) Concurrent cleanup 239M->239M(256M) 0.011ms
[2021-02-07T17:32:41.786+0300][344.098s][info][gc] GC(485) Concurrent class unloading 2.088ms
[2021-02-07T17:32:41.786+0300][344.098s][info][gc] GC(485) Concurrent strong roots 0.130ms
[2021-02-07T17:32:41.791+0300][344.103s][info][gc] GC(485) Concurrent evacuation 4.974ms
[2021-02-07T17:32:41.795+0300][344.106s][info][gc] GC(485) Pause Init Update Refs 0.009ms
[2021-02-07T17:32:41.929+0300][344.241s][info][gc] GC(485) Concurrent update references 135.168ms
[2021-02-07T17:32:41.933+0300][344.244s][info][gc] GC(485) Pause Final Update Refs 0.148ms
[2021-02-07T17:32:41.933+0300][344.244s][info][gc] GC(485) Concurrent cleanup 244M->233M(256M) 0.015ms
[2021-02-07T17:32:41.934+0300][344.246s][info][gc] Trigger: Free (10122K) is below minimum threshold (26214K)
[2021-02-07T17:32:41.934+0300][344.246s][info][gc] GC(486) Concurrent reset 0.399ms
[2021-02-07T17:32:41.934+0300][344.247s][info][gc] GC(486) Pause Init Mark (unload classes) 0.144ms
[2021-02-07T17:32:42.251+0300][344.564s][info][gc] GC(486) Concurrent marking (unload classes) 316.841ms
[2021-02-07T17:32:42.254+0300][344.566s][info][gc] GC(486) Pause Final Mark (unload classes) 0.446ms
[2021-02-07T17:32:42.260+0300][344.572s][info][gc] GC(486) Concurrent weak roots 5.362ms
[2021-02-07T17:32:42.260+0300][344.572s][info][gc] GC(486) Concurrent cleanup 239M->239M(256M) 0.010ms
[2021-02-07T17:32:42.264+0300][344.576s][info][gc] GC(486) Concurrent class unloading 4.086ms
[2021-02-07T17:32:42.264+0300][344.576s][info][gc] GC(486) Concurrent strong roots 0.098ms
[2021-02-07T17:32:42.269+0300][344.581s][info][gc] GC(486) Concurrent evacuation 5.282ms
[2021-02-07T17:32:42.272+0300][344.584s][info][gc] GC(486) Pause Init Update Refs 0.010ms
[2021-02-07T17:32:42.410+0300][344.722s][info][gc] GC(486) Concurrent update references 137.853ms
[2021-02-07T17:32:42.410+0300][344.723s][info][gc] GC(486) Pause Final Update Refs 0.138ms
[2021-02-07T17:32:42.410+0300][344.723s][info][gc] GC(486) Concurrent cleanup 244M->233M(256M) 0.016ms
[2021-02-07T17:32:42.412+0300][344.724s][info][gc] Trigger: Free (10149K) is below minimum threshold (26214K)
[2021-02-07T17:32:42.412+0300][344.724s][info][gc] GC(487) Concurrent reset 0.326ms
[2021-02-07T17:32:42.413+0300][344.725s][info][gc] GC(487) Pause Init Mark (unload classes) 0.134ms
[2021-02-07T17:32:42.725+0300][345.037s][info][gc] GC(487) Concurrent marking (unload classes) 311.899ms
[2021-02-07T17:32:42.730+0300][345.042s][info][gc] GC(487) Pause Final Mark (unload classes) 0.416ms
[2021-02-07T17:32:42.736+0300][345.048s][info][gc] GC(487) Concurrent weak roots 5.319ms
[2021-02-07T17:32:42.736+0300][345.048s][info][gc] GC(487) Concurrent cleanup 239M->239M(256M) 0.011ms
[2021-02-07T17:32:42.740+0300][345.052s][info][gc] GC(487) Concurrent class unloading 4.094ms
[2021-02-07T17:32:42.740+0300][345.052s][info][gc] GC(487) Concurrent strong roots 0.131ms
[2021-02-07T17:32:42.745+0300][345.058s][info][gc] GC(487) Concurrent evacuation 5.309ms
[2021-02-07T17:32:42.746+0300][345.059s][info][gc] GC(487) Pause Init Update Refs 0.009ms
[2021-02-07T17:32:42.881+0300][345.194s][info][gc] GC(487) Concurrent update references 134.923ms
[2021-02-07T17:32:42.884+0300][345.196s][info][gc] GC(487) Pause Final Update Refs 0.106ms
[2021-02-07T17:32:42.884+0300][345.196s][info][gc] GC(487) Concurrent cleanup 244M->232M(256M) 0.024ms
[2021-02-07T17:32:42.886+0300][345.198s][info][gc] Trigger: Free (10378K) is below minimum threshold (26214K)
[2021-02-07T17:32:42.886+0300][345.198s][info][gc] GC(488) Concurrent reset 0.260ms
[2021-02-07T17:32:42.886+0300][345.199s][info][gc] GC(488) Pause Init Mark (unload classes) 0.148ms
[2021-02-07T17:32:43.200+0300][345.513s][info][gc] GC(488) Concurrent marking (unload classes) 313.796ms
[2021-02-07T17:32:43.205+0300][345.516s][info][gc] GC(488) Pause Final Mark (unload classes) 0.232ms
[2021-02-07T17:32:43.210+0300][345.522s][info][gc] GC(488) Concurrent weak roots 5.559ms
[2021-02-07T17:32:43.210+0300][345.522s][info][gc] GC(488) Concurrent cleanup 239M->239M(256M) 0.011ms
[2021-02-07T17:32:43.214+0300][345.526s][info][gc] GC(488) Concurrent class unloading 4.086ms
[2021-02-07T17:32:43.214+0300][345.526s][info][gc] GC(488) Concurrent strong roots 0.132ms
[2021-02-07T17:32:43.219+0300][345.532s][info][gc] GC(488) Concurrent evacuation 5.270ms
[2021-02-07T17:32:43.223+0300][345.534s][info][gc] GC(488) Pause Init Update Refs 0.010ms
[2021-02-07T17:32:43.357+0300][345.669s][info][gc] GC(488) Concurrent update references 135.106ms
[2021-02-07T17:32:43.358+0300][345.671s][info][gc] GC(488) Pause Final Update Refs 0.138ms
[2021-02-07T17:32:43.358+0300][345.671s][info][gc] GC(488) Concurrent cleanup 244M->233M(256M) 0.016ms
[2021-02-07T17:32:43.364+0300][345.676s][info][gc] Trigger: Free (10149K) is below minimum threshold (26214K)
[2021-02-07T17:32:43.364+0300][345.676s][info][gc] GC(489) Concurrent reset 0.305ms
[2021-02-07T17:32:43.364+0300][345.677s][info][gc] GC(489) Pause Init Mark (unload classes) 0.146ms
[2021-02-07T17:32:43.680+0300][345.993s][info][gc] GC(489) Concurrent marking (unload classes) 315.826ms
[2021-02-07T17:32:43.681+0300][345.993s][info][gc] GC(489) Pause Final Mark (unload classes) 0.405ms
[2021-02-07T17:32:43.687+0300][345.999s][info][gc] GC(489) Concurrent weak roots 5.479ms
[2021-02-07T17:32:43.687+0300][345.999s][info][gc] GC(489) Concurrent cleanup 239M->239M(256M) 0.010ms
[2021-02-07T17:32:43.691+0300][346.003s][info][gc] GC(489) Concurrent class unloading 4.057ms
[2021-02-07T17:32:43.691+0300][346.003s][info][gc] GC(489) Concurrent strong roots 0.102ms
[2021-02-07T17:32:43.696+0300][346.008s][info][gc] GC(489) Concurrent evacuation 4.936ms
[2021-02-07T17:32:43.699+0300][346.011s][info][gc] GC(489) Pause Init Update Refs 0.009ms
[2021-02-07T17:32:43.834+0300][346.146s][info][gc] GC(489) Concurrent update references 134.759ms
[2021-02-07T17:32:43.835+0300][346.147s][info][gc] GC(489) Pause Final Update Refs 0.139ms
[2021-02-07T17:32:43.835+0300][346.147s][info][gc] GC(489) Concurrent cleanup 244M->232M(256M) 0.017ms
[2021-02-07T17:32:43.837+0300][346.149s][info][gc] Trigger: Free (10378K) is below minimum threshold (26214K)
[2021-02-07T17:32:43.837+0300][346.149s][info][gc] GC(490) Concurrent reset 0.382ms
[2021-02-07T17:32:43.838+0300][346.150s][info][gc] GC(490) Pause Init Mark (process weakrefs) (unload classes) 0.091ms
[2021-02-07T17:32:44.170+0300][346.482s][info][gc] GC(490) Concurrent marking (process weakrefs) (unload classes) 331.877ms
[2021-02-07T17:32:44.170+0300][346.482s][info][gc] GC(490) Concurrent precleaning 0.116ms
[2021-02-07T17:32:44.170+0300][346.483s][info][gc] GC(490) Pause Final Mark (process weakrefs) (unload classes) 0.436ms
[2021-02-07T17:32:44.178+0300][346.490s][info][gc] GC(490) Concurrent weak roots 7.029ms
[2021-02-07T17:32:44.178+0300][346.490s][info][gc] GC(490) Concurrent cleanup 239M->239M(256M) 0.014ms
[2021-02-07T17:32:44.180+0300][346.493s][info][gc] GC(490) Concurrent class unloading 2.641ms
[2021-02-07T17:32:44.180+0300][346.493s][info][gc] GC(490) Concurrent strong roots 0.101ms
[2021-02-07T17:32:44.185+0300][346.498s][info][gc] GC(490) Concurrent evacuation 4.787ms
[2021-02-07T17:32:44.188+0300][346.500s][info][gc] GC(490) Pause Init Update Refs 0.009ms
[2021-02-07T17:32:44.323+0300][346.635s][info][gc] GC(490) Concurrent update references 134.866ms
[2021-02-07T17:32:44.326+0300][346.638s][info][gc] GC(490) Pause Final Update Refs 0.145ms
[2021-02-07T17:32:44.326+0300][346.638s][info][gc] GC(490) Concurrent cleanup 244M->233M(256M) 0.015ms
[2021-02-07T17:32:44.328+0300][346.640s][info][gc] Trigger: Free (10149K) is below minimum threshold (26214K)
[2021-02-07T17:32:44.328+0300][346.640s][info][gc] GC(491) Concurrent reset 0.318ms
[2021-02-07T17:32:44.328+0300][346.641s][info][gc] GC(491) Pause Init Mark (unload classes) 0.146ms
[2021-02-07T17:32:44.639+0300][346.951s][info][gc] GC(491) Concurrent marking (unload classes) 310.227ms
[2021-02-07T17:32:44.642+0300][346.954s][info][gc] GC(491) Pause Final Mark (unload classes) 0.433ms
[2021-02-07T17:32:44.648+0300][346.960s][info][gc] GC(491) Concurrent weak roots 5.359ms
[2021-02-07T17:32:44.648+0300][346.960s][info][gc] GC(491) Concurrent cleanup 240M->240M(256M) 0.017ms
[2021-02-07T17:32:44.650+0300][346.962s][info][gc] GC(491) Concurrent class unloading 2.054ms
[2021-02-07T17:32:44.650+0300][346.962s][info][gc] GC(491) Concurrent strong roots 0.100ms
[2021-02-07T17:32:44.655+0300][346.967s][info][gc] GC(491) Concurrent evacuation 4.647ms
[2021-02-07T17:32:44.664+0300][346.976s][info][gc] GC(491) Pause Init Update Refs 0.009ms
[2021-02-07T17:32:44.800+0300][347.112s][info][gc] GC(491) Concurrent update references 136.157ms
[2021-02-07T17:32:44.804+0300][347.115s][info][gc] GC(491) Pause Final Update Refs 0.143ms
[2021-02-07T17:32:44.804+0300][347.115s][info][gc] GC(491) Concurrent cleanup 244M->232M(256M) 0.016ms
[2021-02-07T17:32:44.805+0300][347.117s][info][gc] Trigger: Free (10405K) is below minimum threshold (26214K)
[2021-02-07T17:32:44.805+0300][347.117s][info][gc] GC(492) Concurrent reset 0.327ms
[2021-02-07T17:32:44.805+0300][347.118s][info][gc] GC(492) Pause Init Mark (unload classes) 0.147ms
[2021-02-07T17:32:45.122+0300][347.434s][info][gc] GC(492) Concurrent marking (unload classes) 316.700ms
[2021-02-07T17:32:45.124+0300][347.436s][info][gc] GC(492) Pause Final Mark (unload classes) 0.429ms
[2021-02-07T17:32:45.131+0300][347.443s][info][gc] GC(492) Concurrent weak roots 6.869ms
[2021-02-07T17:32:45.131+0300][347.443s][info][gc] GC(492) Concurrent cleanup 240M->240M(256M) 0.010ms
[2021-02-07T17:32:45.135+0300][347.447s][info][gc] GC(492) Concurrent class unloading 4.067ms
[2021-02-07T17:32:45.135+0300][347.447s][info][gc] GC(492) Concurrent strong roots 0.139ms
[2021-02-07T17:32:45.139+0300][347.451s][info][gc] GC(492) Concurrent evacuation 4.273ms
[2021-02-07T17:32:45.140+0300][347.453s][info][gc] GC(492) Pause Init Update Refs 0.009ms
[2021-02-07T17:32:45.276+0300][347.588s][info][gc] GC(492) Concurrent update references 135.407ms
[2021-02-07T17:32:45.276+0300][347.589s][info][gc] GC(492) Pause Final Update Refs 0.118ms
[2021-02-07T17:32:45.276+0300][347.589s][info][gc] GC(492) Concurrent cleanup 243M->232M(256M) 0.017ms
[2021-02-07T17:32:45.288+0300][347.600s][info][gc] Trigger: Free (10405K) is below minimum threshold (26214K)
[2021-02-07T17:32:45.288+0300][347.600s][info][gc] GC(493) Concurrent reset 0.411ms
[2021-02-07T17:32:45.288+0300][347.601s][info][gc] GC(493) Pause Init Mark (unload classes) 0.096ms
[2021-02-07T17:32:45.602+0300][347.914s][info][gc] GC(493) Concurrent marking (unload classes) 313.154ms
[2021-02-07T17:32:45.607+0300][347.918s][info][gc] GC(493) Pause Final Mark (unload classes) 0.274ms
[2021-02-07T17:32:45.612+0300][347.924s][info][gc] GC(493) Concurrent weak roots 5.504ms
[2021-02-07T17:32:45.612+0300][347.924s][info][gc] GC(493) Concurrent cleanup 240M->240M(256M) 0.011ms
[2021-02-07T17:32:45.614+0300][347.926s][info][gc] GC(493) Concurrent class unloading 2.340ms
[2021-02-07T17:32:45.614+0300][347.926s][info][gc] GC(493) Concurrent strong roots 0.127ms
[2021-02-07T17:32:45.619+0300][347.931s][info][gc] GC(493) Concurrent evacuation 4.360ms
[2021-02-07T17:32:45.623+0300][347.934s][info][gc] GC(493) Pause Init Update Refs 0.010ms
[2021-02-07T17:32:45.767+0300][348.079s][info][gc] GC(493) Concurrent update references 145.211ms
[2021-02-07T17:32:45.768+0300][348.080s][info][gc] GC(493) Pause Final Update Refs 0.137ms
[2021-02-07T17:32:45.768+0300][348.080s][info][gc] GC(493) Concurrent cleanup 243M->232M(256M) 0.016ms
[2021-02-07T17:32:45.782+0300][348.094s][info][gc] Trigger: Free (10661K) is below minimum threshold (26214K)
[2021-02-07T17:32:45.782+0300][348.094s][info][gc] GC(494) Concurrent reset 0.345ms
[2021-02-07T17:32:45.782+0300][348.095s][info][gc] GC(494) Pause Init Mark (unload classes) 0.137ms
[2021-02-07T17:32:46.117+0300][348.429s][info][gc] GC(494) Concurrent marking (unload classes) 334.548ms
[2021-02-07T17:32:46.131+0300][348.442s][info][gc] GC(494) Pause Final Mark (unload classes) 0.410ms
[2021-02-07T17:32:46.136+0300][348.448s][info][gc] GC(494) Concurrent weak roots 5.362ms
[2021-02-07T17:32:46.136+0300][348.448s][info][gc] GC(494) Concurrent cleanup 238M->238M(256M) 0.011ms
[2021-02-07T17:32:46.138+0300][348.450s][info][gc] GC(494) Concurrent class unloading 1.949ms
[2021-02-07T17:32:46.138+0300][348.450s][info][gc] GC(494) Concurrent strong roots 0.133ms
[2021-02-07T17:32:46.143+0300][348.455s][info][gc] GC(494) Concurrent evacuation 5.109ms
[2021-02-07T17:32:46.147+0300][348.458s][info][gc] GC(494) Pause Init Update Refs 0.010ms
[2021-02-07T17:32:46.294+0300][348.606s][info][gc] GC(494) Concurrent update references 148.110ms
[2021-02-07T17:32:46.298+0300][348.609s][info][gc] GC(494) Pause Final Update Refs 0.136ms
[2021-02-07T17:32:46.298+0300][348.609s][info][gc] GC(494) Concurrent cleanup 243M->232M(256M) 0.015ms
[2021-02-07T17:32:46.299+0300][348.611s][info][gc] Trigger: Free (10405K) is below minimum threshold (26214K)
[2021-02-07T17:32:46.299+0300][348.611s][info][gc] GC(495) Concurrent reset 0.317ms
[2021-02-07T17:32:46.299+0300][348.612s][info][gc] GC(495) Pause Init Mark (process weakrefs) (unload classes) 0.144ms
[2021-02-07T17:32:46.612+0300][348.924s][info][gc] GC(495) Concurrent marking (process weakrefs) (unload classes) 312.489ms
[2021-02-07T17:32:46.612+0300][348.924s][info][gc] GC(495) Concurrent precleaning 0.148ms
[2021-02-07T17:32:46.613+0300][348.926s][info][gc] GC(495) Pause Final Mark (process weakrefs) (unload classes) 0.445ms
[2021-02-07T17:32:46.619+0300][348.931s][info][gc] GC(495) Concurrent weak roots 5.034ms
[2021-02-07T17:32:46.619+0300][348.931s][info][gc] GC(495) Concurrent cleanup 238M->238M(256M) 0.017ms
[2021-02-07T17:32:46.621+0300][348.933s][info][gc] GC(495) Concurrent class unloading 2.043ms
[2021-02-07T17:32:46.621+0300][348.933s][info][gc] GC(495) Concurrent strong roots 0.105ms
[2021-02-07T17:32:46.626+0300][348.938s][info][gc] GC(495) Concurrent evacuation 5.181ms
[2021-02-07T17:32:46.629+0300][348.941s][info][gc] GC(495) Pause Init Update Refs 0.009ms
[2021-02-07T17:32:46.767+0300][349.079s][info][gc] GC(495) Concurrent update references 138.153ms
[2021-02-07T17:32:46.767+0300][349.080s][info][gc] GC(495) Pause Final Update Refs 0.137ms
[2021-02-07T17:32:46.768+0300][349.080s][info][gc] GC(495) Concurrent cleanup 243M->232M(256M) 0.018ms
[2021-02-07T17:32:46.770+0300][349.082s][info][gc] Trigger: Free (10667K) is below minimum threshold (26214K)
[2021-02-07T17:32:46.770+0300][349.082s][info][gc] GC(496) Concurrent reset 0.320ms
[2021-02-07T17:32:46.770+0300][349.083s][info][gc] GC(496) Pause Init Mark (unload classes) 0.146ms
[2021-02-07T17:32:47.104+0300][349.416s][info][gc] GC(496) Concurrent marking (unload classes) 333.422ms
[2021-02-07T17:32:47.108+0300][349.419s][info][gc] GC(496) Pause Final Mark (unload classes) 0.424ms
[2021-02-07T17:32:47.113+0300][349.425s][info][gc] GC(496) Concurrent weak roots 5.332ms
[2021-02-07T17:32:47.113+0300][349.425s][info][gc] GC(496) Concurrent cleanup 237M->237M(256M) 0.013ms
[2021-02-07T17:32:47.117+0300][349.429s][info][gc] GC(496) Concurrent class unloading 4.064ms
[2021-02-07T17:32:47.117+0300][349.429s][info][gc] GC(496) Concurrent strong roots 0.137ms
[2021-02-07T17:32:47.123+0300][349.435s][info][gc] GC(496) Concurrent evacuation 5.901ms
[2021-02-07T17:32:47.123+0300][349.436s][info][gc] GC(496) Pause Init Update Refs 0.009ms
[2021-02-07T17:32:47.259+0300][349.571s][info][gc] GC(496) Concurrent update references 135.247ms
[2021-02-07T17:32:47.263+0300][349.574s][info][gc] GC(496) Pause Final Update Refs 0.137ms
[2021-02-07T17:32:47.263+0300][349.574s][info][gc] GC(496) Concurrent cleanup 243M->232M(256M) 0.016ms
[2021-02-07T17:32:47.264+0300][349.576s][info][gc] Trigger: Free (10405K) is below minimum threshold (26214K)
[2021-02-07T17:32:47.264+0300][349.576s][info][gc] GC(497) Concurrent reset 0.320ms
[2021-02-07T17:32:47.264+0300][349.577s][info][gc] GC(497) Pause Init Mark (unload classes) 0.132ms
[2021-02-07T17:32:47.575+0300][349.888s][info][gc] GC(497) Concurrent marking (unload classes) 310.968ms
[2021-02-07T17:32:47.579+0300][349.891s][info][gc] GC(497) Pause Final Mark (unload classes) 0.411ms
[2021-02-07T17:32:47.585+0300][349.897s][info][gc] GC(497) Concurrent weak roots 5.345ms
[2021-02-07T17:32:47.585+0300][349.897s][info][gc] GC(497) Concurrent cleanup 239M->239M(256M) 0.011ms
[2021-02-07T17:32:47.587+0300][349.899s][info][gc] GC(497) Concurrent class unloading 2.251ms
[2021-02-07T17:32:47.587+0300][349.899s][info][gc] GC(497) Concurrent strong roots 0.131ms
[2021-02-07T17:32:47.592+0300][349.904s][info][gc] GC(497) Concurrent evacuation 4.516ms
[2021-02-07T17:32:47.595+0300][349.907s][info][gc] GC(497) Pause Init Update Refs 0.009ms
[2021-02-07T17:32:47.729+0300][350.041s][info][gc] GC(497) Concurrent update references 134.286ms
[2021-02-07T17:32:47.730+0300][350.042s][info][gc] GC(497) Pause Final Update Refs 0.118ms
[2021-02-07T17:32:47.730+0300][350.042s][info][gc] GC(497) Concurrent cleanup 243M->232M(256M) 0.016ms
[2021-02-07T17:32:47.732+0300][350.044s][info][gc] Trigger: Free (10661K) is below minimum threshold (26214K)
[2021-02-07T17:32:47.732+0300][350.044s][info][gc] GC(498) Concurrent reset 0.290ms
[2021-02-07T17:32:47.732+0300][350.045s][info][gc] GC(498) Pause Init Mark (unload classes) 0.148ms
[2021-02-07T17:32:48.043+0300][350.356s][info][gc] GC(498) Concurrent marking (unload classes) 310.879ms
[2021-02-07T17:32:48.060+0300][350.373s][info][gc] GC(498) Pause Final Mark (unload classes) 0.458ms
[2021-02-07T17:32:48.066+0300][350.378s][info][gc] GC(498) Concurrent weak roots 5.272ms
[2021-02-07T17:32:48.066+0300][350.378s][info][gc] GC(498) Concurrent cleanup 238M->238M(256M) 0.010ms
[2021-02-07T17:32:48.070+0300][350.382s][info][gc] GC(498) Concurrent class unloading 4.080ms
[2021-02-07T17:32:48.070+0300][350.382s][info][gc] GC(498) Concurrent strong roots 0.131ms
[2021-02-07T17:32:48.075+0300][350.387s][info][gc] GC(498) Concurrent evacuation 5.107ms
[2021-02-07T17:32:48.078+0300][350.390s][info][gc] GC(498) Pause Init Update Refs 0.009ms
[2021-02-07T17:32:48.214+0300][350.526s][info][gc] GC(498) Concurrent update references 135.671ms
[2021-02-07T17:32:48.214+0300][350.527s][info][gc] GC(498) Pause Final Update Refs 0.138ms
[2021-02-07T17:32:48.215+0300][350.527s][info][gc] GC(498) Concurrent cleanup 243M->232M(256M) 0.016ms
[2021-02-07T17:32:48.217+0300][350.529s][info][gc] Trigger: Free (10567K) is below minimum threshold (26214K)
[2021-02-07T17:32:48.217+0300][350.529s][info][gc] GC(499) Concurrent reset 0.459ms
[2021-02-07T17:32:48.218+0300][350.530s][info][gc] GC(499) Pause Init Mark (unload classes) 0.141ms
[2021-02-07T17:32:48.547+0300][350.860s][info][gc] GC(499) Concurrent marking (unload classes) 329.729ms
[2021-02-07T17:32:48.548+0300][350.860s][info][gc] GC(499) Pause Final Mark (unload classes) 0.435ms
[2021-02-07T17:32:48.554+0300][350.866s][info][gc] GC(499) Concurrent weak roots 5.311ms
[2021-02-07T17:32:48.554+0300][350.866s][info][gc] GC(499) Concurrent cleanup 238M->238M(256M) 0.012ms
[2021-02-07T17:32:48.558+0300][350.870s][info][gc] GC(499) Concurrent class unloading 4.092ms
[2021-02-07T17:32:48.558+0300][350.870s][info][gc] GC(499) Concurrent strong roots 0.135ms
[2021-02-07T17:32:48.563+0300][350.875s][info][gc] GC(499) Concurrent evacuation 5.108ms
[2021-02-07T17:32:48.566+0300][350.878s][info][gc] GC(499) Pause Init Update Refs 0.011ms
[2021-02-07T17:32:48.713+0300][351.025s][info][gc] GC(499) Concurrent update references 147.245ms
[2021-02-07T17:32:48.716+0300][351.028s][info][gc] GC(499) Pause Final Update Refs 0.122ms
[2021-02-07T17:32:48.716+0300][351.028s][info][gc] GC(499) Concurrent cleanup 243M->232M(256M) 0.016ms
[2021-02-07T17:32:48.718+0300][351.030s][info][gc] Trigger: Free (10661K) is below minimum threshold (26214K)
[2021-02-07T17:32:48.718+0300][351.030s][info][gc] GC(500) Concurrent reset 0.328ms
[2021-02-07T17:32:48.718+0300][351.031s][info][gc] GC(500) Pause Init Mark (process weakrefs) (unload classes) 0.110ms
[2021-02-07T17:32:49.046+0300][351.359s][info][gc] GC(500) Concurrent marking (process weakrefs) (unload classes) 327.875ms
[2021-02-07T17:32:49.046+0300][351.359s][info][gc] GC(500) Concurrent precleaning 0.088ms
[2021-02-07T17:32:49.048+0300][351.360s][info][gc] GC(500) Pause Final Mark (process weakrefs) (unload classes) 0.446ms
[2021-02-07T17:32:49.055+0300][351.367s][info][gc] GC(500) Concurrent weak roots 6.943ms
[2021-02-07T17:32:49.055+0300][351.367s][info][gc] GC(500) Concurrent cleanup 238M->238M(256M) 0.013ms
[2021-02-07T17:32:49.057+0300][351.370s][info][gc] GC(500) Concurrent class unloading 2.681ms
[2021-02-07T17:32:49.057+0300][351.370s][info][gc] GC(500) Concurrent strong roots 0.108ms
[2021-02-07T17:32:49.063+0300][351.375s][info][gc] GC(500) Concurrent evacuation 5.070ms
[2021-02-07T17:32:49.066+0300][351.378s][info][gc] GC(500) Pause Init Update Refs 0.010ms
[2021-02-07T17:32:49.204+0300][351.516s][info][gc] GC(500) Concurrent update references 137.865ms
[2021-02-07T17:32:49.208+0300][351.519s][info][gc] GC(500) Pause Final Update Refs 0.141ms
[2021-02-07T17:32:49.208+0300][351.519s][info][gc] GC(500) Concurrent cleanup 243M->232M(256M) 0.017ms
[2021-02-07T17:32:49.209+0300][351.521s][info][gc] Trigger: Free (10567K) is below minimum threshold (26214K)
[2021-02-07T17:32:49.209+0300][351.521s][info][gc] GC(501) Concurrent reset 0.316ms
[2021-02-07T17:32:49.209+0300][351.522s][info][gc] GC(501) Pause Init Mark (unload classes) 0.147ms
[2021-02-07T17:32:49.520+0300][351.832s][info][gc] GC(501) Concurrent marking (unload classes) 310.554ms
[2021-02-07T17:32:49.523+0300][351.835s][info][gc] GC(501) Pause Final Mark (unload classes) 0.424ms
[2021-02-07T17:32:49.534+0300][351.846s][info][gc] GC(501) Concurrent weak roots 10.346ms
[2021-02-07T17:32:49.534+0300][351.846s][info][gc] GC(501) Concurrent cleanup 239M->239M(256M) 0.015ms
[2021-02-07T17:32:49.549+0300][351.861s][info][gc] GC(501) Concurrent class unloading 15.081ms
[2021-02-07T17:32:49.549+0300][351.861s][info][gc] GC(501) Concurrent strong roots 0.123ms
[2021-02-07T17:32:49.554+0300][351.866s][info][gc] GC(501) Concurrent evacuation 5.087ms
[2021-02-07T17:32:49.564+0300][351.876s][info][gc] GC(501) Pause Init Update Refs 0.011ms
[2021-02-07T17:32:49.699+0300][352.011s][info][gc] GC(501) Concurrent update references 134.812ms
[2021-02-07T17:32:49.702+0300][352.014s][info][gc] GC(501) Pause Final Update Refs 0.136ms
[2021-02-07T17:32:49.702+0300][352.014s][info][gc] GC(501) Concurrent cleanup 243M->232M(256M) 0.016ms
[2021-02-07T17:32:49.704+0300][352.016s][info][gc] Trigger: Free (10661K) is below minimum threshold (26214K)
[2021-02-07T17:32:49.704+0300][352.016s][info][gc] GC(502) Concurrent reset 0.288ms
[2021-02-07T17:32:49.704+0300][352.017s][info][gc] GC(502) Pause Init Mark (unload classes) 0.138ms
[2021-02-07T17:32:50.020+0300][352.332s][info][gc] GC(502) Concurrent marking (unload classes) 315.389ms
[2021-02-07T17:32:50.024+0300][352.335s][info][gc] GC(502) Pause Final Mark (unload classes) 0.435ms
[2021-02-07T17:32:50.029+0300][352.341s][info][gc] GC(502) Concurrent weak roots 5.302ms
[2021-02-07T17:32:50.029+0300][352.341s][info][gc] GC(502) Concurrent cleanup 239M->239M(256M) 0.011ms
[2021-02-07T17:32:50.031+0300][352.343s][info][gc] GC(502) Concurrent class unloading 2.146ms
[2021-02-07T17:32:50.031+0300][352.343s][info][gc] GC(502) Concurrent strong roots 0.127ms
[2021-02-07T17:32:50.036+0300][352.348s][info][gc] GC(502) Concurrent evacuation 4.878ms
[2021-02-07T17:32:50.040+0300][352.351s][info][gc] GC(502) Pause Init Update Refs 0.009ms
[2021-02-07T17:32:50.184+0300][352.497s][info][gc] GC(502) Concurrent update references 145.500ms
[2021-02-07T17:32:50.186+0300][352.498s][info][gc] GC(502) Pause Final Update Refs 0.078ms
[2021-02-07T17:32:50.186+0300][352.498s][info][gc] GC(502) Concurrent cleanup 243M->232M(256M) 0.021ms
[2021-02-07T17:32:50.188+0300][352.500s][info][gc] Trigger: Free (10567K) is below minimum threshold (26214K)
[2021-02-07T17:32:50.188+0300][352.500s][info][gc] GC(503) Concurrent reset 0.292ms
[2021-02-07T17:32:50.188+0300][352.501s][info][gc] GC(503) Pause Init Mark (unload classes) 0.118ms
[2021-02-07T17:32:50.502+0300][352.814s][info][gc] GC(503) Concurrent marking (unload classes) 313.370ms
[2021-02-07T17:32:50.503+0300][352.816s][info][gc] GC(503) Pause Final Mark (unload classes) 0.427ms
[2021-02-07T17:32:50.511+0300][352.823s][info][gc] GC(503) Concurrent weak roots 7.225ms
[2021-02-07T17:32:50.511+0300][352.823s][info][gc] GC(503) Concurrent cleanup 240M->240M(256M) 0.010ms
[2021-02-07T17:32:50.513+0300][352.826s][info][gc] GC(503) Concurrent class unloading 2.701ms
[2021-02-07T17:32:50.514+0300][352.826s][info][gc] GC(503) Concurrent strong roots 0.102ms
[2021-02-07T17:32:50.518+0300][352.830s][info][gc] GC(503) Concurrent evacuation 4.385ms
[2021-02-07T17:32:50.522+0300][352.833s][info][gc] GC(503) Pause Init Update Refs 0.009ms
[2021-02-07T17:32:50.659+0300][352.971s][info][gc] GC(503) Concurrent update references 137.973ms
[2021-02-07T17:32:50.660+0300][352.972s][info][gc] GC(503) Pause Final Update Refs 0.139ms
[2021-02-07T17:32:50.660+0300][352.972s][info][gc] GC(503) Concurrent cleanup 243M->232M(256M) 0.017ms
[2021-02-07T17:32:50.662+0300][352.974s][info][gc] Trigger: Free (10661K) is below minimum threshold (26214K)
[2021-02-07T17:32:50.662+0300][352.974s][info][gc] GC(504) Concurrent reset 0.445ms
[2021-02-07T17:32:50.663+0300][352.975s][info][gc] GC(504) Pause Init Mark (unload classes) 0.156ms
[2021-02-07T17:32:50.981+0300][353.293s][info][gc] GC(504) Concurrent marking (unload classes) 318.500ms
[2021-02-07T17:32:50.999+0300][353.310s][info][gc] GC(504) Pause Final Mark (unload classes) 0.427ms
[2021-02-07T17:32:51.006+0300][353.318s][info][gc] GC(504) Concurrent weak roots 7.280ms
[2021-02-07T17:32:51.006+0300][353.318s][info][gc] GC(504) Concurrent cleanup 239M->239M(256M) 0.011ms
[2021-02-07T17:32:51.010+0300][353.322s][info][gc] GC(504) Concurrent class unloading 4.082ms
[2021-02-07T17:32:51.010+0300][353.322s][info][gc] GC(504) Concurrent strong roots 0.132ms
[2021-02-07T17:32:51.014+0300][353.327s][info][gc] GC(504) Concurrent evacuation 4.356ms
[2021-02-07T17:32:51.018+0300][353.329s][info][gc] GC(504) Pause Init Update Refs 0.009ms
[2021-02-07T17:32:51.159+0300][353.472s][info][gc] GC(504) Concurrent update references 142.546ms
[2021-02-07T17:32:51.163+0300][353.474s][info][gc] GC(504) Pause Final Update Refs 0.148ms
[2021-02-07T17:32:51.163+0300][353.474s][info][gc] GC(504) Concurrent cleanup 243M->232M(256M) 0.016ms
[2021-02-07T17:32:51.164+0300][353.476s][info][gc] Trigger: Free (10558K) is below minimum threshold (26214K)
[2021-02-07T17:32:51.164+0300][353.476s][info][gc] GC(505) Concurrent reset 0.321ms
[2021-02-07T17:32:51.164+0300][353.477s][info][gc] GC(505) Pause Init Mark (process weakrefs) (unload classes) 0.126ms
[2021-02-07T17:32:51.485+0300][353.796s][info][gc] GC(505) Concurrent marking (process weakrefs) (unload classes) 319.352ms
[2021-02-07T17:32:51.485+0300][353.796s][info][gc] GC(505) Concurrent precleaning 0.093ms
[2021-02-07T17:32:51.486+0300][353.797s][info][gc] GC(505) Pause Final Mark (process weakrefs) (unload classes) 0.373ms
[2021-02-07T17:32:51.494+0300][353.805s][info][gc] GC(505) Concurrent weak roots 7.509ms
[2021-02-07T17:32:51.494+0300][353.805s][info][gc] GC(505) Concurrent cleanup 240M->240M(256M) 0.011ms
[2021-02-07T17:32:51.498+0300][353.809s][info][gc] GC(505) Concurrent class unloading 4.067ms
[2021-02-07T17:32:51.498+0300][353.809s][info][gc] GC(505) Concurrent strong roots 0.129ms
[2021-02-07T17:32:51.502+0300][353.814s][info][gc] GC(505) Concurrent evacuation 4.268ms
[2021-02-07T17:32:51.505+0300][353.816s][info][gc] GC(505) Pause Init Update Refs 0.016ms
[2021-02-07T17:32:51.651+0300][353.962s][info][gc] GC(505) Concurrent update references 146.103ms
[2021-02-07T17:32:51.652+0300][353.963s][info][gc] GC(505) Pause Final Update Refs 0.092ms
[2021-02-07T17:32:51.652+0300][353.964s][info][gc] GC(505) Concurrent cleanup 243M->232M(256M) 0.019ms
[2021-02-07T17:32:51.654+0300][353.965s][info][gc] Trigger: Free (10661K) is below minimum threshold (26214K)
[2021-02-07T17:32:51.654+0300][353.966s][info][gc] GC(506) Concurrent reset 0.335ms
[2021-02-07T17:32:51.654+0300][353.966s][info][gc] GC(506) Pause Init Mark (unload classes) 0.078ms
[2021-02-07T17:32:51.984+0300][354.296s][info][gc] GC(506) Concurrent marking (unload classes) 329.329ms
[2021-02-07T17:32:51.989+0300][354.301s][info][gc] GC(506) Pause Final Mark (unload classes) 0.426ms
[2021-02-07T17:32:51.997+0300][354.308s][info][gc] GC(506) Concurrent weak roots 7.304ms
[2021-02-07T17:32:51.997+0300][354.308s][info][gc] GC(506) Concurrent cleanup 240M->240M(256M) 0.010ms
[2021-02-07T17:32:51.999+0300][354.311s][info][gc] GC(506) Concurrent class unloading 2.815ms
[2021-02-07T17:32:52.000+0300][354.311s][info][gc] GC(506) Concurrent strong roots 0.103ms
[2021-02-07T17:32:52.004+0300][354.316s][info][gc] GC(506) Concurrent evacuation 4.409ms
[2021-02-07T17:32:52.007+0300][354.318s][info][gc] GC(506) Pause Init Update Refs 0.009ms
[2021-02-07T17:32:52.157+0300][354.469s][info][gc] GC(506) Concurrent update references 150.599ms
[2021-02-07T17:32:52.158+0300][354.470s][info][gc] GC(506) Pause Final Update Refs 0.137ms
[2021-02-07T17:32:52.158+0300][354.470s][info][gc] GC(506) Concurrent cleanup 243M->232M(256M) 0.015ms
[2021-02-07T17:32:52.160+0300][354.471s][info][gc] Trigger: Free (10567K) is below minimum threshold (26214K)
[2021-02-07T17:32:52.160+0300][354.472s][info][gc] GC(507) Concurrent reset 0.321ms
[2021-02-07T17:32:52.160+0300][354.472s][info][gc] GC(507) Pause Init Mark (unload classes) 0.157ms
[2021-02-07T17:32:52.478+0300][354.790s][info][gc] GC(507) Concurrent marking (unload classes) 317.696ms
[2021-02-07T17:32:52.482+0300][354.794s][info][gc] GC(507) Pause Final Mark (unload classes) 0.426ms
[2021-02-07T17:32:52.504+0300][354.815s][info][gc] GC(507) Concurrent weak roots 21.270ms
[2021-02-07T17:32:52.504+0300][354.815s][info][gc] GC(507) Concurrent cleanup 240M->240M(256M) 0.017ms
[2021-02-07T17:32:52.506+0300][354.818s][info][gc] GC(507) Concurrent class unloading 2.534ms
[2021-02-07T17:32:52.506+0300][354.818s][info][gc] GC(507) Concurrent strong roots 0.131ms
[2021-02-07T17:32:52.511+0300][354.822s][info][gc] GC(507) Concurrent evacuation 4.230ms
[2021-02-07T17:32:52.520+0300][354.832s][info][gc] GC(507) Pause Init Update Refs 0.009ms
[2021-02-07T17:32:52.657+0300][354.969s][info][gc] GC(507) Concurrent update references 137.322ms
[2021-02-07T17:32:52.658+0300][354.970s][info][gc] GC(507) Pause Final Update Refs 0.117ms
[2021-02-07T17:32:52.658+0300][354.970s][info][gc] GC(507) Concurrent cleanup 243M->232M(256M) 0.016ms
[2021-02-07T17:32:52.660+0300][354.972s][info][gc] Trigger: Free (10917K) is below minimum threshold (26214K)
[2021-02-07T17:32:52.660+0300][354.972s][info][gc] GC(508) Concurrent reset 0.322ms
[2021-02-07T17:32:52.660+0300][354.972s][info][gc] GC(508) Pause Init Mark (unload classes) 0.089ms
[2021-02-07T17:32:52.992+0300][355.304s][info][gc] GC(508) Concurrent marking (unload classes) 331.472ms
[2021-02-07T17:32:52.997+0300][355.309s][info][gc] GC(508) Pause Final Mark (unload classes) 0.418ms
[2021-02-07T17:32:53.003+0300][355.315s][info][gc] GC(508) Concurrent weak roots 5.344ms
[2021-02-07T17:32:53.003+0300][355.315s][info][gc] GC(508) Concurrent cleanup 239M->239M(256M) 0.012ms
[2021-02-07T17:32:53.005+0300][355.317s][info][gc] GC(508) Concurrent class unloading 2.197ms
[2021-02-07T17:32:53.005+0300][355.317s][info][gc] GC(508) Concurrent strong roots 0.132ms
[2021-02-07T17:32:53.010+0300][355.322s][info][gc] GC(508) Concurrent evacuation 4.782ms
[2021-02-07T17:32:53.013+0300][355.325s][info][gc] GC(508) Pause Init Update Refs 0.008ms
[2021-02-07T17:32:53.153+0300][355.465s][info][gc] GC(508) Concurrent update references 140.310ms
[2021-02-07T17:32:53.156+0300][355.468s][info][gc] GC(508) Pause Final Update Refs 0.121ms
[2021-02-07T17:32:53.156+0300][355.468s][info][gc] GC(508) Concurrent cleanup 243M->232M(256M) 0.017ms
[2021-02-07T17:32:53.172+0300][355.484s][info][gc] Trigger: Free (10821K) is below minimum threshold (26214K)
[2021-02-07T17:32:53.172+0300][355.484s][info][gc] GC(509) Concurrent reset 0.378ms
[2021-02-07T17:32:53.172+0300][355.484s][info][gc] GC(509) Pause Init Mark (unload classes) 0.084ms
[2021-02-07T17:32:53.486+0300][355.798s][info][gc] GC(509) Concurrent marking (unload classes) 313.296ms
[2021-02-07T17:32:53.502+0300][355.814s][info][gc] GC(509) Pause Final Mark (unload classes) 0.418ms
[2021-02-07T17:32:53.518+0300][355.830s][info][gc] GC(509) Concurrent weak roots 15.287ms
[2021-02-07T17:32:53.518+0300][355.830s][info][gc] GC(509) Concurrent cleanup 239M->239M(256M) 0.018ms
[2021-02-07T17:32:53.534+0300][355.846s][info][gc] GC(509) Concurrent class unloading 16.127ms
[2021-02-07T17:32:53.534+0300][355.846s][info][gc] GC(509) Concurrent strong roots 0.143ms
[2021-02-07T17:32:53.539+0300][355.851s][info][gc] GC(509) Concurrent evacuation 4.763ms
[2021-02-07T17:32:53.550+0300][355.862s][info][gc] GC(509) Pause Init Update Refs 0.010ms
[2021-02-07T17:32:53.687+0300][355.999s][info][gc] GC(509) Concurrent update references 137.499ms
[2021-02-07T17:32:53.688+0300][356.000s][info][gc] GC(509) Pause Final Update Refs 0.137ms
[2021-02-07T17:32:53.688+0300][356.000s][info][gc] GC(509) Concurrent cleanup 243M->232M(256M) 0.016ms
[2021-02-07T17:32:53.690+0300][356.002s][info][gc] Trigger: Free (10917K) is below minimum threshold (26214K)
[2021-02-07T17:32:53.690+0300][356.002s][info][gc] GC(510) Concurrent reset 0.338ms
[2021-02-07T17:32:53.690+0300][356.002s][info][gc] GC(510) Pause Init Mark (process weakrefs) (unload classes) 0.117ms
[2021-02-07T17:32:54.003+0300][356.315s][info][gc] GC(510) Concurrent marking (process weakrefs) (unload classes) 312.254ms
[2021-02-07T17:32:54.003+0300][356.315s][info][gc] GC(510) Concurrent precleaning 0.118ms
[2021-02-07T17:32:54.004+0300][356.316s][info][gc] GC(510) Pause Final Mark (process weakrefs) (unload classes) 0.384ms
[2021-02-07T17:32:54.011+0300][356.323s][info][gc] GC(510) Concurrent weak roots 6.764ms
[2021-02-07T17:32:54.011+0300][356.323s][info][gc] GC(510) Concurrent cleanup 239M->239M(256M) 0.009ms
[2021-02-07T17:32:54.015+0300][356.327s][info][gc] GC(510) Concurrent class unloading 4.063ms
[2021-02-07T17:32:54.015+0300][356.327s][info][gc] GC(510) Concurrent strong roots 0.098ms
[2021-02-07T17:32:54.020+0300][356.332s][info][gc] GC(510) Concurrent evacuation 4.997ms
[2021-02-07T17:32:54.020+0300][356.332s][info][gc] GC(510) Pause Init Update Refs 0.009ms
[2021-02-07T17:32:54.161+0300][356.473s][info][gc] GC(510) Concurrent update references 140.756ms
[2021-02-07T17:32:54.164+0300][356.476s][info][gc] GC(510) Pause Final Update Refs 0.138ms
[2021-02-07T17:32:54.164+0300][356.476s][info][gc] GC(510) Concurrent cleanup 243M->232M(256M) 0.015ms
[2021-02-07T17:32:54.166+0300][356.478s][info][gc] Trigger: Free (10565K) is below minimum threshold (26214K)
[2021-02-07T17:32:54.166+0300][356.478s][info][gc] GC(511) Concurrent reset 0.318ms
[2021-02-07T17:32:54.166+0300][356.478s][info][gc] GC(511) Pause Init Mark (unload classes) 0.117ms
[2021-02-07T17:32:54.481+0300][356.793s][info][gc] GC(511) Concurrent marking (unload classes) 314.336ms
[2021-02-07T17:32:54.485+0300][356.797s][info][gc] GC(511) Pause Final Mark (unload classes) 0.437ms
[2021-02-07T17:32:54.493+0300][356.804s][info][gc] GC(511) Concurrent weak roots 6.706ms
[2021-02-07T17:32:54.493+0300][356.804s][info][gc] GC(511) Concurrent cleanup 239M->239M(256M) 0.010ms
[2021-02-07T17:32:54.497+0300][356.808s][info][gc] GC(511) Concurrent class unloading 4.075ms
[2021-02-07T17:32:54.497+0300][356.808s][info][gc] GC(511) Concurrent strong roots 0.130ms
[2021-02-07T17:32:54.502+0300][356.813s][info][gc] GC(511) Concurrent evacuation 4.823ms
[2021-02-07T17:32:54.502+0300][356.814s][info][gc] GC(511) Pause Init Update Refs 0.009ms
[2021-02-07T17:32:54.647+0300][356.960s][info][gc] GC(511) Concurrent update references 145.758ms
[2021-02-07T17:32:54.653+0300][356.964s][info][gc] GC(511) Pause Final Update Refs 0.137ms
[2021-02-07T17:32:54.653+0300][356.964s][info][gc] GC(511) Concurrent cleanup 243M->232M(256M) 0.016ms
[2021-02-07T17:32:54.654+0300][356.966s][info][gc] Trigger: Free (11175K) is below minimum threshold (26214K)
[2021-02-07T17:32:54.654+0300][356.966s][info][gc] GC(512) Concurrent reset 0.318ms
[2021-02-07T17:32:54.654+0300][356.967s][info][gc] GC(512) Pause Init Mark (unload classes) 0.147ms
[2021-02-07T17:32:54.967+0300][357.279s][info][gc] GC(512) Concurrent marking (unload classes) 312.467ms
[2021-02-07T17:32:54.972+0300][357.284s][info][gc] GC(512) Pause Final Mark (unload classes) 0.427ms
[2021-02-07T17:32:54.977+0300][357.289s][info][gc] GC(512) Concurrent weak roots 5.319ms
[2021-02-07T17:32:54.977+0300][357.289s][info][gc] GC(512) Concurrent cleanup 239M->239M(256M) 0.012ms
[2021-02-07T17:32:54.979+0300][357.291s][info][gc] GC(512) Concurrent class unloading 2.287ms
[2021-02-07T17:32:54.979+0300][357.291s][info][gc] GC(512) Concurrent strong roots 0.129ms
[2021-02-07T17:32:54.984+0300][357.296s][info][gc] GC(512) Concurrent evacuation 4.423ms
[2021-02-07T17:32:54.988+0300][357.299s][info][gc] GC(512) Pause Init Update Refs 0.009ms
[2021-02-07T17:32:55.130+0300][357.443s][info][gc] GC(512) Concurrent update references 143.480ms
[2021-02-07T17:32:55.131+0300][357.443s][info][gc] GC(512) Pause Final Update Refs 0.144ms
[2021-02-07T17:32:55.131+0300][357.444s][info][gc] GC(512) Concurrent cleanup 243M->232M(256M) 0.015ms
[2021-02-07T17:32:55.133+0300][357.445s][info][gc] Trigger: Free (10828K) is below minimum threshold (26214K)
[2021-02-07T17:32:55.133+0300][357.445s][info][gc] GC(513) Concurrent reset 0.386ms
[2021-02-07T17:32:55.134+0300][357.446s][info][gc] GC(513) Pause Init Mark (unload classes) 0.165ms
[2021-02-07T17:32:55.465+0300][357.777s][info][gc] GC(513) Concurrent marking (unload classes) 330.855ms
[2021-02-07T17:32:55.466+0300][357.778s][info][gc] GC(513) Pause Final Mark (unload classes) 0.391ms
[2021-02-07T17:32:55.474+0300][357.786s][info][gc] GC(513) Concurrent weak roots 7.499ms
[2021-02-07T17:32:55.474+0300][357.786s][info][gc] GC(513) Concurrent cleanup 240M->240M(256M) 0.010ms
[2021-02-07T17:32:55.476+0300][357.789s][info][gc] GC(513) Concurrent class unloading 2.806ms
[2021-02-07T17:32:55.477+0300][357.789s][info][gc] GC(513) Concurrent strong roots 0.103ms
[2021-02-07T17:32:55.481+0300][357.793s][info][gc] GC(513) Concurrent evacuation 3.929ms
[2021-02-07T17:32:55.481+0300][357.793s][info][gc] GC(513) Pause Init Update Refs 0.009ms
[2021-02-07T17:32:55.620+0300][357.932s][info][gc] GC(513) Concurrent update references 138.960ms
[2021-02-07T17:32:55.621+0300][357.933s][info][gc] GC(513) Pause Final Update Refs 0.134ms
[2021-02-07T17:32:55.621+0300][357.933s][info][gc] GC(513) Concurrent cleanup 243M->232M(256M) 0.015ms
[2021-02-07T17:32:55.623+0300][357.935s][info][gc] Trigger: Free (11173K) is below minimum threshold (26214K)
[2021-02-07T17:32:55.623+0300][357.935s][info][gc] GC(514) Concurrent reset 0.322ms
[2021-02-07T17:32:55.623+0300][357.936s][info][gc] GC(514) Pause Init Mark (unload classes) 0.111ms
[2021-02-07T17:32:55.940+0300][358.253s][info][gc] GC(514) Concurrent marking (unload classes) 316.894ms
[2021-02-07T17:32:55.945+0300][358.257s][info][gc] GC(514) Pause Final Mark (unload classes) 0.428ms
[2021-02-07T17:32:55.950+0300][358.262s][info][gc] GC(514) Concurrent weak roots 5.300ms
[2021-02-07T17:32:55.950+0300][358.262s][info][gc] GC(514) Concurrent cleanup 238M->238M(256M) 0.011ms
[2021-02-07T17:32:55.952+0300][358.264s][info][gc] GC(514) Concurrent class unloading 2.192ms
[2021-02-07T17:32:55.952+0300][358.264s][info][gc] GC(514) Concurrent strong roots 0.130ms
[2021-02-07T17:32:55.957+0300][358.269s][info][gc] GC(514) Concurrent evacuation 4.621ms
[2021-02-07T17:32:55.960+0300][358.272s][info][gc] GC(514) Pause Init Update Refs 0.009ms
[2021-02-07T17:32:56.099+0300][358.412s][info][gc] GC(514) Concurrent update references 139.435ms
[2021-02-07T17:32:56.100+0300][358.412s][info][gc] GC(514) Pause Final Update Refs 0.136ms
[2021-02-07T17:32:56.100+0300][358.412s][info][gc] GC(514) Concurrent cleanup 242M->232M(256M) 0.016ms
[2021-02-07T17:32:56.102+0300][358.414s][info][gc] Trigger: Free (11084K) is below minimum threshold (26214K)
[2021-02-07T17:32:56.102+0300][358.414s][info][gc] GC(515) Concurrent reset 0.320ms
[2021-02-07T17:32:56.102+0300][358.415s][info][gc] GC(515) Pause Init Mark (process weakrefs) (unload classes) 0.149ms
[2021-02-07T17:32:56.430+0300][358.742s][info][gc] GC(515) Concurrent marking (process weakrefs) (unload classes) 327.262ms
[2021-02-07T17:32:56.430+0300][358.742s][info][gc] GC(515) Concurrent precleaning 0.116ms
[2021-02-07T17:32:56.447+0300][358.760s][info][gc] GC(515) Pause Final Mark (process weakrefs) (unload classes) 0.499ms
[2021-02-07T17:32:56.455+0300][358.767s][info][gc] GC(515) Concurrent weak roots 7.220ms
[2021-02-07T17:32:56.455+0300][358.767s][info][gc] GC(515) Concurrent cleanup 239M->239M(256M) 0.010ms
[2021-02-07T17:32:56.457+0300][358.770s][info][gc] GC(515) Concurrent class unloading 2.786ms
[2021-02-07T17:32:56.458+0300][358.770s][info][gc] GC(515) Concurrent strong roots 0.104ms
[2021-02-07T17:32:56.462+0300][358.774s][info][gc] GC(515) Concurrent evacuation 4.420ms
[2021-02-07T17:32:56.465+0300][358.777s][info][gc] GC(515) Pause Init Update Refs 0.009ms
[2021-02-07T17:32:56.601+0300][358.914s][info][gc] GC(515) Concurrent update references 136.617ms
[2021-02-07T17:32:56.605+0300][358.916s][info][gc] GC(515) Pause Final Update Refs 0.140ms
[2021-02-07T17:32:56.605+0300][358.916s][info][gc] GC(515) Concurrent cleanup 243M->232M(256M) 0.015ms
[2021-02-07T17:32:56.606+0300][358.918s][info][gc] Trigger: Free (11173K) is below minimum threshold (26214K)
[2021-02-07T17:32:56.606+0300][358.918s][info][gc] GC(516) Concurrent reset 0.332ms
[2021-02-07T17:32:56.606+0300][358.919s][info][gc] GC(516) Pause Init Mark (unload classes) 0.151ms
[2021-02-07T17:32:56.921+0300][359.233s][info][gc] GC(516) Concurrent marking (unload classes) 314.232ms
[2021-02-07T17:32:56.922+0300][359.234s][info][gc] GC(516) Pause Final Mark (unload classes) 0.436ms
[2021-02-07T17:32:56.940+0300][359.252s][info][gc] GC(516) Concurrent weak roots 17.340ms
[2021-02-07T17:32:56.940+0300][359.252s][info][gc] GC(516) Concurrent cleanup 239M->239M(256M) 0.014ms
[2021-02-07T17:32:56.955+0300][359.267s][info][gc] GC(516) Concurrent class unloading 15.067ms
[2021-02-07T17:32:56.955+0300][359.267s][info][gc] GC(516) Concurrent strong roots 0.121ms
[2021-02-07T17:32:56.959+0300][359.272s][info][gc] GC(516) Concurrent evacuation 4.315ms
[2021-02-07T17:32:56.972+0300][359.283s][info][gc] GC(516) Pause Init Update Refs 0.011ms
[2021-02-07T17:32:57.113+0300][359.425s][info][gc] GC(516) Concurrent update references 142.075ms
[2021-02-07T17:32:57.117+0300][359.428s][info][gc] GC(516) Pause Final Update Refs 0.146ms
[2021-02-07T17:32:57.117+0300][359.428s][info][gc] GC(516) Concurrent cleanup 243M->232M(256M) 0.017ms
[2021-02-07T17:32:57.118+0300][359.430s][info][gc] Trigger: Free (11084K) is below minimum threshold (26214K)
[2021-02-07T17:32:57.118+0300][359.430s][info][gc] GC(517) Concurrent reset 0.330ms
[2021-02-07T17:32:57.118+0300][359.431s][info][gc] GC(517) Pause Init Mark (unload classes) 0.150ms
[2021-02-07T17:32:57.439+0300][359.751s][info][gc] GC(517) Concurrent marking (unload classes) 320.393ms
[2021-02-07T17:32:57.442+0300][359.754s][info][gc] GC(517) Pause Final Mark (unload classes) 0.409ms
[2021-02-07T17:32:57.450+0300][359.762s][info][gc] GC(517) Concurrent weak roots 7.434ms
[2021-02-07T17:32:57.450+0300][359.762s][info][gc] GC(517) Concurrent cleanup 239M->239M(256M) 0.012ms
[2021-02-07T17:32:57.452+0300][359.765s][info][gc] GC(517) Concurrent class unloading 2.744ms
[2021-02-07T17:32:57.453+0300][359.765s][info][gc] GC(517) Concurrent strong roots 0.135ms
[2021-02-07T17:32:57.457+0300][359.769s][info][gc] GC(517) Concurrent evacuation 4.103ms
[2021-02-07T17:32:57.461+0300][359.772s][info][gc] GC(517) Pause Init Update Refs 0.009ms
[2021-02-07T17:32:57.597+0300][359.909s][info][gc] GC(517) Concurrent update references 136.880ms
[2021-02-07T17:32:57.601+0300][359.912s][info][gc] GC(517) Pause Final Update Refs 0.133ms
[2021-02-07T17:32:57.601+0300][359.912s][info][gc] GC(517) Concurrent cleanup 243M->232M(256M) 0.016ms
[2021-02-07T17:32:57.602+0300][359.914s][info][gc] Trigger: Free (11173K) is below minimum threshold (26214K)
[2021-02-07T17:32:57.602+0300][359.914s][info][gc] GC(518) Concurrent reset 0.322ms
[2021-02-07T17:32:57.602+0300][359.915s][info][gc] GC(518) Pause Init Mark (unload classes) 0.149ms
[2021-02-07T17:32:57.918+0300][360.231s][info][gc] GC(518) Concurrent marking (unload classes) 315.769ms
[2021-02-07T17:32:57.936+0300][360.248s][info][gc] GC(518) Pause Final Mark (unload classes) 0.419ms
[2021-02-07T17:32:57.943+0300][360.255s][info][gc] GC(518) Concurrent weak roots 7.257ms
[2021-02-07T17:32:57.943+0300][360.255s][info][gc] GC(518) Concurrent cleanup 239M->239M(256M) 0.012ms
[2021-02-07T17:32:57.945+0300][360.258s][info][gc] GC(518) Concurrent class unloading 2.639ms
[2021-02-07T17:32:57.945+0300][360.258s][info][gc] GC(518) Concurrent strong roots 0.099ms
[2021-02-07T17:32:57.950+0300][360.262s][info][gc] GC(518) Concurrent evacuation 4.417ms
[2021-02-07T17:32:57.954+0300][360.265s][info][gc] GC(518) Pause Init Update Refs 0.010ms
[2021-02-07T17:32:58.095+0300][360.408s][info][gc] GC(518) Concurrent update references 142.352ms
[2021-02-07T17:32:58.099+0300][360.410s][info][gc] GC(518) Pause Final Update Refs 0.135ms
[2021-02-07T17:32:58.099+0300][360.410s][info][gc] GC(518) Concurrent cleanup 243M->232M(256M) 0.018ms
[2021-02-07T17:32:58.100+0300][360.412s][info][gc] Trigger: Free (11137K) is below minimum threshold (26214K)
[2021-02-07T17:32:58.100+0300][360.412s][info][gc] GC(519) Concurrent reset 0.371ms
[2021-02-07T17:32:58.101+0300][360.413s][info][gc] GC(519) Pause Init Mark (unload classes) 0.142ms
[2021-02-07T17:32:58.430+0300][360.743s][info][gc] GC(519) Concurrent marking (unload classes) 329.727ms
[2021-02-07T17:32:58.436+0300][360.748s][info][gc] GC(519) Pause Final Mark (unload classes) 0.533ms
[2021-02-07T17:32:58.443+0300][360.755s][info][gc] GC(519) Concurrent weak roots 7.195ms
[2021-02-07T17:32:58.443+0300][360.755s][info][gc] GC(519) Concurrent cleanup 239M->239M(256M) 0.014ms
[2021-02-07T17:32:58.447+0300][360.759s][info][gc] GC(519) Concurrent class unloading 4.082ms
[2021-02-07T17:32:58.447+0300][360.759s][info][gc] GC(519) Concurrent strong roots 0.132ms
[2021-02-07T17:32:58.451+0300][360.764s][info][gc] GC(519) Concurrent evacuation 4.329ms
[2021-02-07T17:32:58.452+0300][360.765s][info][gc] GC(519) Pause Init Update Refs 0.009ms
[2021-02-07T17:32:58.591+0300][360.903s][info][gc] GC(519) Concurrent update references 138.557ms
[2021-02-07T17:32:58.592+0300][360.904s][info][gc] GC(519) Pause Final Update Refs 0.137ms
[2021-02-07T17:32:58.592+0300][360.904s][info][gc] GC(519) Concurrent cleanup 243M->232M(256M) 0.016ms
[2021-02-07T17:32:58.603+0300][360.915s][info][gc] Trigger: Free (11173K) is below minimum threshold (26214K)
[2021-02-07T17:32:58.603+0300][360.915s][info][gc] GC(520) Concurrent reset 0.328ms
[2021-02-07T17:32:58.603+0300][360.916s][info][gc] GC(520) Pause Init Mark (process weakrefs) (unload classes) 0.148ms
[2021-02-07T17:32:58.916+0300][361.229s][info][gc] GC(520) Concurrent marking (process weakrefs) (unload classes) 312.852ms
[2021-02-07T17:32:58.917+0300][361.229s][info][gc] GC(520) Concurrent precleaning 0.160ms
[2021-02-07T17:32:58.917+0300][361.230s][info][gc] GC(520) Pause Final Mark (process weakrefs) (unload classes) 0.307ms
[2021-02-07T17:32:58.925+0300][361.237s][info][gc] GC(520) Concurrent weak roots 7.224ms
[2021-02-07T17:32:58.925+0300][361.237s][info][gc] GC(520) Concurrent cleanup 239M->239M(256M) 0.010ms
[2021-02-07T17:32:58.929+0300][361.241s][info][gc] GC(520) Concurrent class unloading 4.072ms
[2021-02-07T17:32:58.929+0300][361.241s][info][gc] GC(520) Concurrent strong roots 0.132ms
[2021-02-07T17:32:58.933+0300][361.245s][info][gc] GC(520) Concurrent evacuation 4.048ms
[2021-02-07T17:32:58.936+0300][361.248s][info][gc] GC(520) Pause Init Update Refs 0.009ms
[2021-02-07T17:32:59.075+0300][361.387s][info][gc] GC(520) Concurrent update references 139.054ms
[2021-02-07T17:32:59.078+0300][361.390s][info][gc] GC(520) Pause Final Update Refs 0.117ms
[2021-02-07T17:32:59.078+0300][361.390s][info][gc] GC(520) Concurrent cleanup 243M->232M(256M) 0.016ms
[2021-02-07T17:32:59.080+0300][361.392s][info][gc] Trigger: Free (11173K) is below minimum threshold (26214K)
[2021-02-07T17:32:59.080+0300][361.392s][info][gc] GC(521) Concurrent reset 0.287ms
[2021-02-07T17:32:59.080+0300][361.393s][info][gc] GC(521) Pause Init Mark (unload classes) 0.116ms
[2021-02-07T17:32:59.397+0300][361.710s][info][gc] GC(521) Concurrent marking (unload classes) 317.019ms
[2021-02-07T17:32:59.401+0300][361.712s][info][gc] GC(521) Pause Final Mark (unload classes) 0.396ms
[2021-02-07T17:32:59.408+0300][361.720s][info][gc] GC(521) Concurrent weak roots 7.343ms
[2021-02-07T17:32:59.408+0300][361.720s][info][gc] GC(521) Concurrent cleanup 240M->240M(256M) 0.011ms
[2021-02-07T17:32:59.412+0300][361.724s][info][gc] GC(521) Concurrent class unloading 4.113ms
[2021-02-07T17:32:59.412+0300][361.724s][info][gc] GC(521) Concurrent strong roots 0.139ms
[2021-02-07T17:32:59.416+0300][361.728s][info][gc] GC(521) Concurrent evacuation 3.796ms
[2021-02-07T17:32:59.420+0300][361.731s][info][gc] GC(521) Pause Init Update Refs 0.009ms
[2021-02-07T17:32:59.555+0300][361.867s][info][gc] GC(521) Concurrent update references 135.916ms
[2021-02-07T17:32:59.556+0300][361.868s][info][gc] GC(521) Pause Final Update Refs 0.143ms
[2021-02-07T17:32:59.556+0300][361.868s][info][gc] GC(521) Concurrent cleanup 243M->232M(256M) 0.016ms
[2021-02-07T17:32:59.558+0300][361.870s][info][gc] Trigger: Free (11173K) is below minimum threshold (26214K)
[2021-02-07T17:32:59.558+0300][361.870s][info][gc] GC(522) Concurrent reset 0.322ms
[2021-02-07T17:32:59.558+0300][361.871s][info][gc] GC(522) Pause Init Mark (unload classes) 0.155ms
[2021-02-07T17:32:59.872+0300][362.185s][info][gc] GC(522) Concurrent marking (unload classes) 313.854ms
[2021-02-07T17:32:59.876+0300][362.188s][info][gc] GC(522) Pause Final Mark (unload classes) 0.417ms
[2021-02-07T17:32:59.883+0300][362.195s][info][gc] GC(522) Concurrent weak roots 7.313ms
[2021-02-07T17:32:59.883+0300][362.195s][info][gc] GC(522) Concurrent cleanup 240M->240M(256M) 0.010ms
[2021-02-07T17:32:59.888+0300][362.200s][info][gc] GC(522) Concurrent class unloading 5.146ms
[2021-02-07T17:32:59.888+0300][362.200s][info][gc] GC(522) Concurrent strong roots 0.155ms
[2021-02-07T17:32:59.892+0300][362.204s][info][gc] GC(522) Concurrent evacuation 3.823ms
[2021-02-07T17:32:59.893+0300][362.205s][info][gc] GC(522) Pause Init Update Refs 0.009ms
[2021-02-07T17:33:00.031+0300][362.343s][info][gc] GC(522) Concurrent update references 137.877ms
[2021-02-07T17:33:00.031+0300][362.343s][info][gc] GC(522) Pause Final Update Refs 0.139ms
[2021-02-07T17:33:00.031+0300][362.344s][info][gc] GC(522) Concurrent cleanup 243M->232M(256M) 0.017ms
[2021-02-07T17:33:00.043+0300][362.355s][info][gc] Trigger: Free (11173K) is below minimum threshold (26214K)
[2021-02-07T17:33:00.043+0300][362.355s][info][gc] GC(523) Concurrent reset 0.349ms
[2021-02-07T17:33:00.043+0300][362.356s][info][gc] GC(523) Pause Init Mark (unload classes) 0.131ms
[2021-02-07T17:33:00.377+0300][362.690s][info][gc] GC(523) Concurrent marking (unload classes) 333.792ms
[2021-02-07T17:33:00.379+0300][362.691s][info][gc] GC(523) Pause Final Mark (unload classes) 0.428ms
[2021-02-07T17:33:00.386+0300][362.698s][info][gc] GC(523) Concurrent weak roots 6.625ms
[2021-02-07T17:33:00.386+0300][362.698s][info][gc] GC(523) Concurrent cleanup 239M->239M(256M) 0.011ms
[2021-02-07T17:33:00.390+0300][362.702s][info][gc] GC(523) Concurrent class unloading 4.056ms
[2021-02-07T17:33:00.390+0300][362.702s][info][gc] GC(523) Concurrent strong roots 0.100ms
[2021-02-07T17:33:00.394+0300][362.707s][info][gc] GC(523) Concurrent evacuation 4.358ms
[2021-02-07T17:33:00.397+0300][362.709s][info][gc] GC(523) Pause Init Update Refs 0.009ms
[2021-02-07T17:33:00.533+0300][362.846s][info][gc] GC(523) Concurrent update references 136.589ms
[2021-02-07T17:33:00.537+0300][362.849s][info][gc] GC(523) Pause Final Update Refs 0.136ms
[2021-02-07T17:33:00.537+0300][362.849s][info][gc] GC(523) Concurrent cleanup 243M->232M(256M) 0.016ms
[2021-02-07T17:33:00.539+0300][362.851s][info][gc] Trigger: Free (11173K) is below minimum threshold (26214K)
[2021-02-07T17:33:00.539+0300][362.851s][info][gc] GC(524) Concurrent reset 0.288ms
[2021-02-07T17:33:00.539+0300][362.852s][info][gc] GC(524) Pause Init Mark (unload classes) 0.145ms
[2021-02-07T17:33:00.856+0300][363.168s][info][gc] GC(524) Concurrent marking (unload classes) 316.734ms
[2021-02-07T17:33:00.859+0300][363.171s][info][gc] GC(524) Pause Final Mark (unload classes) 0.425ms
[2021-02-07T17:33:00.867+0300][363.179s][info][gc] GC(524) Concurrent weak roots 7.429ms
[2021-02-07T17:33:00.867+0300][363.179s][info][gc] GC(524) Concurrent cleanup 239M->239M(256M) 0.015ms
[2021-02-07T17:33:00.870+0300][363.182s][info][gc] GC(524) Concurrent class unloading 2.911ms
[2021-02-07T17:33:00.870+0300][363.182s][info][gc] GC(524) Concurrent strong roots 0.136ms
[2021-02-07T17:33:00.874+0300][363.186s][info][gc] GC(524) Concurrent evacuation 4.238ms
[2021-02-07T17:33:00.878+0300][363.189s][info][gc] GC(524) Pause Init Update Refs 0.010ms
[2021-02-07T17:33:01.016+0300][363.328s][info][gc] GC(524) Concurrent update references 138.895ms
[2021-02-07T17:33:01.017+0300][363.329s][info][gc] GC(524) Pause Final Update Refs 0.136ms
[2021-02-07T17:33:01.017+0300][363.329s][info][gc] GC(524) Concurrent cleanup 243M->232M(256M) 0.018ms
[2021-02-07T17:33:01.021+0300][363.333s][info][gc] Trigger: Free (11173K) is below minimum threshold (26214K)
[2021-02-07T17:33:01.021+0300][363.333s][info][gc] GC(525) Concurrent reset 0.398ms
[2021-02-07T17:33:01.022+0300][363.334s][info][gc] GC(525) Pause Init Mark (process weakrefs) (unload classes) 0.122ms
[2021-02-07T17:33:01.344+0300][363.657s][info][gc] GC(525) Concurrent marking (process weakrefs) (unload classes) 322.665ms
[2021-02-07T17:33:01.345+0300][363.657s][info][gc] GC(525) Concurrent precleaning 0.114ms
[2021-02-07T17:33:01.348+0300][363.661s][info][gc] GC(525) Pause Final Mark (process weakrefs) (unload classes) 0.430ms
[2021-02-07T17:33:01.356+0300][363.668s][info][gc] GC(525) Concurrent weak roots 7.305ms
[2021-02-07T17:33:01.356+0300][363.668s][info][gc] GC(525) Concurrent cleanup 239M->239M(256M) 0.011ms
[2021-02-07T17:33:01.360+0300][363.672s][info][gc] GC(525) Concurrent class unloading 4.046ms
[2021-02-07T17:33:01.360+0300][363.672s][info][gc] GC(525) Concurrent strong roots 0.100ms
[2021-02-07T17:33:01.364+0300][363.676s][info][gc] GC(525) Concurrent evacuation 4.260ms
[2021-02-07T17:33:01.365+0300][363.678s][info][gc] GC(525) Pause Init Update Refs 0.009ms
[2021-02-07T17:33:01.506+0300][363.818s][info][gc] GC(525) Concurrent update references 140.464ms
[2021-02-07T17:33:01.507+0300][363.819s][info][gc] GC(525) Pause Final Update Refs 0.140ms
[2021-02-07T17:33:01.507+0300][363.819s][info][gc] GC(525) Concurrent cleanup 243M->232M(256M) 0.016ms
[2021-02-07T17:33:01.509+0300][363.821s][info][gc] Trigger: Free (11173K) is below minimum threshold (26214K)
[2021-02-07T17:33:01.509+0300][363.821s][info][gc] GC(526) Concurrent reset 0.313ms
[2021-02-07T17:33:01.510+0300][363.822s][info][gc] GC(526) Pause Init Mark (unload classes) 0.150ms
[2021-02-07T17:33:01.823+0300][364.136s][info][gc] GC(526) Concurrent marking (unload classes) 313.747ms
[2021-02-07T17:33:01.824+0300][364.137s][info][gc] GC(526) Pause Final Mark (unload classes) 0.419ms
[2021-02-07T17:33:01.832+0300][364.144s][info][gc] GC(526) Concurrent weak roots 7.163ms
[2021-02-07T17:33:01.832+0300][364.144s][info][gc] GC(526) Concurrent cleanup 239M->239M(256M) 0.013ms
[2021-02-07T17:33:01.835+0300][364.147s][info][gc] GC(526) Concurrent class unloading 2.874ms
[2021-02-07T17:33:01.835+0300][364.147s][info][gc] GC(526) Concurrent strong roots 0.140ms
[2021-02-07T17:33:01.839+0300][364.152s][info][gc] GC(526) Concurrent evacuation 4.677ms
[2021-02-07T17:33:01.843+0300][364.155s][info][gc] GC(526) Pause Init Update Refs 0.011ms
[2021-02-07T17:33:01.979+0300][364.292s][info][gc] GC(526) Concurrent update references 136.597ms
[2021-02-07T17:33:01.988+0300][364.299s][info][gc] GC(526) Pause Final Update Refs 0.093ms
[2021-02-07T17:33:01.988+0300][364.299s][info][gc] GC(526) Concurrent cleanup 243M->232M(256M) 0.018ms
[2021-02-07T17:33:02.003+0300][364.315s][info][gc] Trigger: Free (11145K) is below minimum threshold (26214K)
[2021-02-07T17:33:02.003+0300][364.315s][info][gc] GC(527) Concurrent reset 0.332ms
[2021-02-07T17:33:02.004+0300][364.316s][info][gc] GC(527) Pause Init Mark (unload classes) 0.146ms
[2021-02-07T17:33:02.337+0300][364.650s][info][gc] GC(527) Concurrent marking (unload classes) 333.815ms
[2021-02-07T17:33:02.343+0300][364.655s][info][gc] GC(527) Pause Final Mark (unload classes) 0.426ms
[2021-02-07T17:33:02.348+0300][364.660s][info][gc] GC(527) Concurrent weak roots 5.309ms
[2021-02-07T17:33:02.348+0300][364.660s][info][gc] GC(527) Concurrent cleanup 238M->238M(256M) 0.010ms
[2021-02-07T17:33:02.350+0300][364.662s][info][gc] GC(527) Concurrent class unloading 1.894ms
[2021-02-07T17:33:02.350+0300][364.662s][info][gc] GC(527) Concurrent strong roots 0.137ms
[2021-02-07T17:33:02.355+0300][364.668s][info][gc] GC(527) Concurrent evacuation 5.462ms
[2021-02-07T17:33:02.356+0300][364.669s][info][gc] GC(527) Pause Init Update Refs 0.009ms
[2021-02-07T17:33:02.498+0300][364.811s][info][gc] GC(527) Concurrent update references 142.009ms
[2021-02-07T17:33:02.501+0300][364.813s][info][gc] GC(527) Pause Final Update Refs 0.127ms
[2021-02-07T17:33:02.501+0300][364.813s][info][gc] GC(527) Concurrent cleanup 243M->232M(256M) 0.019ms
[2021-02-07T17:33:02.503+0300][364.815s][info][gc] Trigger: Free (11173K) is below minimum threshold (26214K)
[2021-02-07T17:33:02.503+0300][364.815s][info][gc] GC(528) Concurrent reset 0.316ms
[2021-02-07T17:33:02.503+0300][364.816s][info][gc] GC(528) Pause Init Mark (unload classes) 0.138ms
[2021-02-07T17:33:02.821+0300][365.134s][info][gc] GC(528) Concurrent marking (unload classes) 317.644ms
[2021-02-07T17:33:02.823+0300][365.134s][info][gc] GC(528) Pause Final Mark (unload classes) 0.425ms
[2021-02-07T17:33:02.831+0300][365.142s][info][gc] GC(528) Concurrent weak roots 7.728ms
[2021-02-07T17:33:02.831+0300][365.142s][info][gc] GC(528) Concurrent cleanup 239M->239M(256M) 0.015ms
[2021-02-07T17:33:02.833+0300][365.145s][info][gc] GC(528) Concurrent class unloading 2.313ms
[2021-02-07T17:33:02.833+0300][365.145s][info][gc] GC(528) Concurrent strong roots 0.136ms
[2021-02-07T17:33:02.838+0300][365.149s][info][gc] GC(528) Concurrent evacuation 4.362ms
[2021-02-07T17:33:02.838+0300][365.149s][info][gc] GC(528) Pause Init Update Refs 0.010ms
[2021-02-07T17:33:02.976+0300][365.287s][info][gc] GC(528) Concurrent update references 137.765ms
[2021-02-07T17:33:02.979+0300][365.290s][info][gc] GC(528) Pause Final Update Refs 0.139ms
[2021-02-07T17:33:02.979+0300][365.291s][info][gc] GC(528) Concurrent cleanup 243M->232M(256M) 0.016ms
[2021-02-07T17:33:02.981+0300][365.292s][info][gc] Trigger: Free (11145K) is below minimum threshold (26214K)
[2021-02-07T17:33:02.981+0300][365.292s][info][gc] GC(529) Concurrent reset 0.286ms
[2021-02-07T17:33:02.981+0300][365.293s][info][gc] GC(529) Pause Init Mark (unload classes) 0.146ms
[2021-02-07T17:33:03.298+0300][365.610s][info][gc] GC(529) Concurrent marking (unload classes) 316.802ms
[2021-02-07T17:33:03.299+0300][365.611s][info][gc] GC(529) Pause Final Mark (unload classes) 0.434ms
[2021-02-07T17:33:03.307+0300][365.618s][info][gc] GC(529) Concurrent weak roots 7.207ms
[2021-02-07T17:33:03.307+0300][365.618s][info][gc] GC(529) Concurrent cleanup 240M->240M(256M) 0.011ms
[2021-02-07T17:33:03.311+0300][365.622s][info][gc] GC(529) Concurrent class unloading 4.111ms
[2021-02-07T17:33:03.311+0300][365.622s][info][gc] GC(529) Concurrent strong roots 0.132ms
[2021-02-07T17:33:03.315+0300][365.626s][info][gc] GC(529) Concurrent evacuation 3.813ms
[2021-02-07T17:33:03.318+0300][365.629s][info][gc] GC(529) Pause Init Update Refs 0.009ms
[2021-02-07T17:33:03.456+0300][365.767s][info][gc] GC(529) Concurrent update references 137.842ms
[2021-02-07T17:33:03.457+0300][365.768s][info][gc] GC(529) Pause Final Update Refs 0.149ms
[2021-02-07T17:33:03.457+0300][365.768s][info][gc] GC(529) Concurrent cleanup 243M->231M(256M) 0.015ms
[2021-02-07T17:33:03.459+0300][365.770s][info][gc] Trigger: Free (11429K) is below minimum threshold (26214K)
[2021-02-07T17:33:03.459+0300][365.770s][info][gc] GC(530) Concurrent reset 0.321ms
[2021-02-07T17:33:03.459+0300][365.771s][info][gc] GC(530) Pause Init Mark (process weakrefs) (unload classes) 0.146ms
[2021-02-07T17:33:03.772+0300][366.084s][info][gc] GC(530) Concurrent marking (process weakrefs) (unload classes) 312.625ms
[2021-02-07T17:33:03.772+0300][366.084s][info][gc] GC(530) Concurrent precleaning 0.151ms
[2021-02-07T17:33:03.773+0300][366.085s][info][gc] GC(530) Pause Final Mark (process weakrefs) (unload classes) 0.439ms
[2021-02-07T17:33:03.790+0300][366.101s][info][gc] GC(530) Concurrent weak roots 16.399ms
[2021-02-07T17:33:03.790+0300][366.101s][info][gc] GC(530) Concurrent cleanup 240M->240M(256M) 0.011ms
[2021-02-07T17:33:03.806+0300][366.117s][info][gc] GC(530) Concurrent class unloading 16.045ms
[2021-02-07T17:33:03.806+0300][366.117s][info][gc] GC(530) Concurrent strong roots 0.150ms
[2021-02-07T17:33:03.809+0300][366.121s][info][gc] GC(530) Concurrent evacuation 3.467ms
[2021-02-07T17:33:03.810+0300][366.122s][info][gc] GC(530) Pause Init Update Refs 0.009ms
[2021-02-07T17:33:03.946+0300][366.258s][info][gc] GC(530) Concurrent update references 135.437ms
[2021-02-07T17:33:03.949+0300][366.260s][info][gc] GC(530) Pause Final Update Refs 0.135ms
[2021-02-07T17:33:03.949+0300][366.261s][info][gc] GC(530) Concurrent cleanup 242M->231M(256M) 0.017ms
[2021-02-07T17:33:03.951+0300][366.262s][info][gc] Trigger: Free (11407K) is below minimum threshold (26214K)
[2021-02-07T17:33:03.951+0300][366.263s][info][gc] GC(531) Concurrent reset 0.324ms
[2021-02-07T17:33:03.952+0300][366.263s][info][gc] GC(531) Pause Init Mark (unload classes) 0.170ms
[2021-02-07T17:33:04.282+0300][366.593s][info][gc] GC(531) Concurrent marking (unload classes) 330.150ms
[2021-02-07T17:33:04.285+0300][366.597s][info][gc] GC(531) Pause Final Mark (unload classes) 0.438ms
[2021-02-07T17:33:04.293+0300][366.604s][info][gc] GC(531) Concurrent weak roots 7.424ms
[2021-02-07T17:33:04.293+0300][366.604s][info][gc] GC(531) Concurrent cleanup 240M->240M(256M) 0.010ms
[2021-02-07T17:33:04.297+0300][366.608s][info][gc] GC(531) Concurrent class unloading 4.087ms
[2021-02-07T17:33:04.297+0300][366.608s][info][gc] GC(531) Concurrent strong roots 0.135ms
[2021-02-07T17:33:04.301+0300][366.612s][info][gc] GC(531) Concurrent evacuation 3.737ms
[2021-02-07T17:33:04.304+0300][366.615s][info][gc] GC(531) Pause Init Update Refs 0.012ms
[2021-02-07T17:33:04.442+0300][366.754s][info][gc] GC(531) Concurrent update references 138.365ms
[2021-02-07T17:33:04.443+0300][366.754s][info][gc] GC(531) Pause Final Update Refs 0.139ms
[2021-02-07T17:33:04.443+0300][366.755s][info][gc] GC(531) Concurrent cleanup 242M->231M(256M) 0.016ms
[2021-02-07T17:33:04.445+0300][366.756s][info][gc] Trigger: Free (11429K) is below minimum threshold (26214K)
[2021-02-07T17:33:04.445+0300][366.756s][info][gc] GC(532) Concurrent reset 0.322ms
[2021-02-07T17:33:04.446+0300][366.757s][info][gc] GC(532) Pause Init Mark (unload classes) 0.148ms
[2021-02-07T17:33:04.758+0300][367.069s][info][gc] GC(532) Concurrent marking (unload classes) 311.895ms
[2021-02-07T17:33:04.761+0300][367.072s][info][gc] GC(532) Pause Final Mark (unload classes) 0.288ms
[2021-02-07T17:33:04.767+0300][367.078s][info][gc] GC(532) Concurrent weak roots 5.567ms
[2021-02-07T17:33:04.767+0300][367.078s][info][gc] GC(532) Concurrent cleanup 239M->239M(256M) 0.011ms
[2021-02-07T17:33:04.769+0300][367.081s][info][gc] GC(532) Concurrent class unloading 2.357ms
[2021-02-07T17:33:04.769+0300][367.081s][info][gc] GC(532) Concurrent strong roots 0.102ms
[2021-02-07T17:33:04.773+0300][367.084s][info][gc] GC(532) Concurrent evacuation 3.758ms
[2021-02-07T17:33:04.773+0300][367.085s][info][gc] GC(532) Pause Init Update Refs 0.007ms
[2021-02-07T17:33:04.911+0300][367.223s][info][gc] GC(532) Concurrent update references 137.657ms
[2021-02-07T17:33:04.912+0300][367.223s][info][gc] GC(532) Pause Final Update Refs 0.135ms
[2021-02-07T17:33:04.912+0300][367.224s][info][gc] GC(532) Concurrent cleanup 242M->231M(256M) 0.016ms
[2021-02-07T17:33:04.914+0300][367.225s][info][gc] Trigger: Free (11657K) is below minimum threshold (26214K)
[2021-02-07T17:33:04.914+0300][367.225s][info][gc] GC(533) Concurrent reset 0.324ms
[2021-02-07T17:33:04.914+0300][367.226s][info][gc] GC(533) Pause Init Mark (unload classes) 0.145ms
[2021-02-07T17:33:05.239+0300][367.550s][info][gc] GC(533) Concurrent marking (unload classes) 324.279ms
[2021-02-07T17:33:05.240+0300][367.551s][info][gc] GC(533) Pause Final Mark (unload classes) 0.408ms
[2021-02-07T17:33:05.247+0300][367.558s][info][gc] GC(533) Concurrent weak roots 6.896ms
[2021-02-07T17:33:05.247+0300][367.558s][info][gc] GC(533) Concurrent cleanup 239M->239M(256M) 0.010ms
[2021-02-07T17:33:05.251+0300][367.562s][info][gc] GC(533) Concurrent class unloading 4.006ms
[2021-02-07T17:33:05.251+0300][367.562s][info][gc] GC(533) Concurrent strong roots 0.130ms
[2021-02-07T17:33:05.255+0300][367.567s][info][gc] GC(533) Concurrent evacuation 4.364ms
[2021-02-07T17:33:05.258+0300][367.569s][info][gc] GC(533) Pause Init Update Refs 0.009ms
[2021-02-07T17:33:05.394+0300][367.706s][info][gc] GC(533) Concurrent update references 136.369ms
[2021-02-07T17:33:05.397+0300][367.708s][info][gc] GC(533) Pause Final Update Refs 0.137ms
[2021-02-07T17:33:05.397+0300][367.709s][info][gc] GC(533) Concurrent cleanup 242M->231M(256M) 0.016ms
[2021-02-07T17:33:05.399+0300][367.710s][info][gc] Trigger: Free (11429K) is below minimum threshold (26214K)
[2021-02-07T17:33:05.399+0300][367.710s][info][gc] GC(534) Concurrent reset 0.317ms
[2021-02-07T17:33:05.399+0300][367.711s][info][gc] GC(534) Pause Init Mark (unload classes) 0.148ms
[2021-02-07T17:33:05.714+0300][368.026s][info][gc] GC(534) Concurrent marking (unload classes) 314.648ms
[2021-02-07T17:33:05.718+0300][368.030s][info][gc] GC(534) Pause Final Mark (unload classes) 0.397ms
[2021-02-07T17:33:05.724+0300][368.035s][info][gc] GC(534) Concurrent weak roots 5.237ms
[2021-02-07T17:33:05.724+0300][368.035s][info][gc] GC(534) Concurrent cleanup 238M->238M(256M) 0.021ms
[2021-02-07T17:33:05.726+0300][368.038s][info][gc] GC(534) Concurrent class unloading 2.417ms
[2021-02-07T17:33:05.726+0300][368.038s][info][gc] GC(534) Concurrent strong roots 0.131ms
[2021-02-07T17:33:05.731+0300][368.042s][info][gc] GC(534) Concurrent evacuation 4.410ms
[2021-02-07T17:33:05.734+0300][368.045s][info][gc] GC(534) Pause Init Update Refs 0.009ms
[2021-02-07T17:33:05.871+0300][368.183s][info][gc] GC(534) Concurrent update references 137.101ms
[2021-02-07T17:33:05.874+0300][368.185s][info][gc] GC(534) Pause Final Update Refs 0.138ms
[2021-02-07T17:33:05.874+0300][368.186s][info][gc] GC(534) Concurrent cleanup 242M->231M(256M) 0.016ms
[2021-02-07T17:33:05.876+0300][368.187s][info][gc] Trigger: Free (11657K) is below minimum threshold (26214K)
[2021-02-07T17:33:05.876+0300][368.187s][info][gc] GC(535) Concurrent reset 0.318ms
[2021-02-07T17:33:05.876+0300][368.188s][info][gc] GC(535) Pause Init Mark (process weakrefs) (unload classes) 0.146ms
[2021-02-07T17:33:06.210+0300][368.522s][info][gc] GC(535) Concurrent marking (process weakrefs) (unload classes) 333.873ms
[2021-02-07T17:33:06.211+0300][368.522s][info][gc] GC(535) Concurrent precleaning 0.153ms
[2021-02-07T17:33:06.214+0300][368.526s][info][gc] GC(535) Pause Final Mark (process weakrefs) (unload classes) 0.556ms
[2021-02-07T17:33:06.222+0300][368.533s][info][gc] GC(535) Concurrent weak roots 7.189ms
[2021-02-07T17:33:06.222+0300][368.533s][info][gc] GC(535) Concurrent cleanup 237M->237M(256M) 0.011ms
[2021-02-07T17:33:06.228+0300][368.539s][info][gc] GC(535) Concurrent class unloading 6.087ms
[2021-02-07T17:33:06.228+0300][368.539s][info][gc] GC(535) Concurrent strong roots 0.133ms
[2021-02-07T17:33:06.233+0300][368.545s][info][gc] GC(535) Concurrent evacuation 5.074ms
[2021-02-07T17:33:06.234+0300][368.545s][info][gc] GC(535) Pause Init Update Refs 0.008ms
[2021-02-07T17:33:06.375+0300][368.686s][info][gc] GC(535) Concurrent update references 140.787ms
[2021-02-07T17:33:06.376+0300][368.687s][info][gc] GC(535) Pause Final Update Refs 0.100ms
[2021-02-07T17:33:06.376+0300][368.687s][info][gc] GC(535) Concurrent cleanup 242M->231M(256M) 0.017ms
[2021-02-07T17:33:06.378+0300][368.689s][info][gc] Trigger: Free (11429K) is below minimum threshold (26214K)
[2021-02-07T17:33:06.378+0300][368.689s][info][gc] GC(536) Concurrent reset 0.321ms
[2021-02-07T17:33:06.378+0300][368.690s][info][gc] GC(536) Pause Init Mark (unload classes) 0.145ms
[2021-02-07T17:33:06.707+0300][369.019s][info][gc] GC(536) Concurrent marking (unload classes) 328.763ms
[2021-02-07T17:33:06.712+0300][369.024s][info][gc] GC(536) Pause Final Mark (unload classes) 0.416ms
[2021-02-07T17:33:06.726+0300][369.037s][info][gc] GC(536) Concurrent weak roots 13.364ms
[2021-02-07T17:33:06.726+0300][369.037s][info][gc] GC(536) Concurrent cleanup 238M->238M(256M) 0.013ms
[2021-02-07T17:33:06.728+0300][369.040s][info][gc] GC(536) Concurrent class unloading 2.689ms
[2021-02-07T17:33:06.729+0300][369.040s][info][gc] GC(536) Concurrent strong roots 0.150ms
[2021-02-07T17:33:06.734+0300][369.045s][info][gc] GC(536) Concurrent evacuation 5.046ms
[2021-02-07T17:33:06.742+0300][369.053s][info][gc] GC(536) Pause Init Update Refs 0.010ms
[2021-02-07T17:33:06.878+0300][369.190s][info][gc] GC(536) Concurrent update references 136.173ms
[2021-02-07T17:33:06.881+0300][369.192s][info][gc] GC(536) Pause Final Update Refs 0.135ms
[2021-02-07T17:33:06.881+0300][369.193s][info][gc] GC(536) Concurrent cleanup 242M->231M(256M) 0.015ms
[2021-02-07T17:33:06.883+0300][369.194s][info][gc] Trigger: Free (11657K) is below minimum threshold (26214K)
[2021-02-07T17:33:06.883+0300][369.194s][info][gc] GC(537) Concurrent reset 0.316ms
[2021-02-07T17:33:06.883+0300][369.195s][info][gc] GC(537) Pause Init Mark (unload classes) 0.147ms
[2021-02-07T17:33:07.218+0300][369.530s][info][gc] GC(537) Concurrent marking (unload classes) 334.872ms
[2021-02-07T17:33:07.221+0300][369.533s][info][gc] GC(537) Pause Final Mark (unload classes) 0.421ms
[2021-02-07T17:33:07.227+0300][369.538s][info][gc] GC(537) Concurrent weak roots 5.373ms
[2021-02-07T17:33:07.227+0300][369.538s][info][gc] GC(537) Concurrent cleanup 238M->238M(256M) 0.010ms
[2021-02-07T17:33:07.229+0300][369.540s][info][gc] GC(537) Concurrent class unloading 2.025ms
[2021-02-07T17:33:07.229+0300][369.540s][info][gc] GC(537) Concurrent strong roots 0.128ms
[2021-02-07T17:33:07.233+0300][369.545s][info][gc] GC(537) Concurrent evacuation 4.568ms
[2021-02-07T17:33:07.236+0300][369.547s][info][gc] GC(537) Pause Init Update Refs 0.012ms
[2021-02-07T17:33:07.373+0300][369.685s][info][gc] GC(537) Concurrent update references 137.638ms
[2021-02-07T17:33:07.377+0300][369.688s][info][gc] GC(537) Pause Final Update Refs 0.143ms
[2021-02-07T17:33:07.377+0300][369.689s][info][gc] GC(537) Concurrent cleanup 242M->231M(256M) 0.015ms
[2021-02-07T17:33:07.379+0300][369.690s][info][gc] Trigger: Free (11429K) is below minimum threshold (26214K)
[2021-02-07T17:33:07.379+0300][369.691s][info][gc] GC(538) Concurrent reset 0.365ms
[2021-02-07T17:33:07.380+0300][369.691s][info][gc] GC(538) Pause Init Mark (unload classes) 0.141ms
[2021-02-07T17:33:07.693+0300][370.005s][info][gc] GC(538) Concurrent marking (unload classes) 313.509ms
[2021-02-07T17:33:07.698+0300][370.010s][info][gc] GC(538) Pause Final Mark (unload classes) 0.427ms
[2021-02-07T17:33:07.704+0300][370.015s][info][gc] GC(538) Concurrent weak roots 5.322ms
[2021-02-07T17:33:07.704+0300][370.015s][info][gc] GC(538) Concurrent cleanup 238M->238M(256M) 0.011ms
[2021-02-07T17:33:07.706+0300][370.017s][info][gc] GC(538) Concurrent class unloading 2.113ms
[2021-02-07T17:33:07.706+0300][370.018s][info][gc] GC(538) Concurrent strong roots 0.134ms
[2021-02-07T17:33:07.711+0300][370.022s][info][gc] GC(538) Concurrent evacuation 4.761ms
[2021-02-07T17:33:07.714+0300][370.025s][info][gc] GC(538) Pause Init Update Refs 0.009ms
[2021-02-07T17:33:07.855+0300][370.167s][info][gc] GC(538) Concurrent update references 141.494ms
[2021-02-07T17:33:07.860+0300][370.172s][info][gc] GC(538) Pause Final Update Refs 0.145ms
[2021-02-07T17:33:07.860+0300][370.172s][info][gc] GC(538) Concurrent cleanup 242M->231M(256M) 0.018ms
[2021-02-07T17:33:07.862+0300][370.173s][info][gc] Trigger: Free (11657K) is below minimum threshold (26214K)
[2021-02-07T17:33:07.862+0300][370.174s][info][gc] GC(539) Concurrent reset 0.317ms
[2021-02-07T17:33:07.862+0300][370.174s][info][gc] GC(539) Pause Init Mark (unload classes) 0.115ms
[2021-02-07T17:33:08.180+0300][370.492s][info][gc] GC(539) Concurrent marking (unload classes) 317.795ms
[2021-02-07T17:33:08.181+0300][370.493s][info][gc] GC(539) Pause Final Mark (unload classes) 0.425ms
[2021-02-07T17:33:08.188+0300][370.500s][info][gc] GC(539) Concurrent weak roots 6.734ms
[2021-02-07T17:33:08.188+0300][370.500s][info][gc] GC(539) Concurrent cleanup 238M->238M(256M) 0.010ms
[2021-02-07T17:33:08.192+0300][370.504s][info][gc] GC(539) Concurrent class unloading 4.063ms
[2021-02-07T17:33:08.192+0300][370.504s][info][gc] GC(539) Concurrent strong roots 0.122ms
[2021-02-07T17:33:08.196+0300][370.509s][info][gc] GC(539) Concurrent evacuation 4.553ms
[2021-02-07T17:33:08.197+0300][370.509s][info][gc] GC(539) Pause Init Update Refs 0.009ms
[2021-02-07T17:33:08.338+0300][370.650s][info][gc] GC(539) Concurrent update references 140.325ms
[2021-02-07T17:33:08.341+0300][370.653s][info][gc] GC(539) Pause Final Update Refs 0.134ms
[2021-02-07T17:33:08.341+0300][370.653s][info][gc] GC(539) Concurrent cleanup 242M->231M(256M) 0.015ms
[2021-02-07T17:33:08.343+0300][370.655s][info][gc] Trigger: Free (11429K) is below minimum threshold (26214K)
[2021-02-07T17:33:08.343+0300][370.655s][info][gc] GC(540) Concurrent reset 0.315ms
[2021-02-07T17:33:08.343+0300][370.655s][info][gc] GC(540) Pause Init Mark (process weakrefs) (unload classes) 0.144ms
[2021-02-07T17:33:08.657+0300][370.969s][info][gc] GC(540) Concurrent marking (process weakrefs) (unload classes) 313.283ms
[2021-02-07T17:33:08.657+0300][370.969s][info][gc] GC(540) Concurrent precleaning 0.144ms
[2021-02-07T17:33:08.661+0300][370.973s][info][gc] GC(540) Pause Final Mark (process weakrefs) (unload classes) 0.442ms
[2021-02-07T17:33:08.669+0300][370.981s][info][gc] GC(540) Concurrent weak roots 7.263ms
[2021-02-07T17:33:08.669+0300][370.981s][info][gc] GC(540) Concurrent cleanup 239M->239M(256M) 0.010ms
[2021-02-07T17:33:08.672+0300][370.984s][info][gc] GC(540) Concurrent class unloading 2.891ms
[2021-02-07T17:33:08.672+0300][370.984s][info][gc] GC(540) Concurrent strong roots 0.133ms
[2021-02-07T17:33:08.676+0300][370.988s][info][gc] GC(540) Concurrent evacuation 3.928ms
[2021-02-07T17:33:08.676+0300][370.988s][info][gc] GC(540) Pause Init Update Refs 0.009ms
[2021-02-07T17:33:08.815+0300][371.128s][info][gc] GC(540) Concurrent update references 139.333ms
[2021-02-07T17:33:08.818+0300][371.130s][info][gc] GC(540) Pause Final Update Refs 0.140ms
[2021-02-07T17:33:08.818+0300][371.130s][info][gc] GC(540) Concurrent cleanup 242M->231M(256M) 0.018ms
[2021-02-07T17:33:08.820+0300][371.132s][info][gc] Trigger: Free (11685K) is below minimum threshold (26214K)
[2021-02-07T17:33:08.820+0300][371.132s][info][gc] GC(541) Concurrent reset 0.289ms
[2021-02-07T17:33:08.820+0300][371.133s][info][gc] GC(541) Pause Init Mark (unload classes) 0.139ms
[2021-02-07T17:33:09.149+0300][371.461s][info][gc] GC(541) Concurrent marking (unload classes) 328.813ms
[2021-02-07T17:33:09.152+0300][371.464s][info][gc] GC(541) Pause Final Mark (unload classes) 0.487ms
[2021-02-07T17:33:09.163+0300][371.475s][info][gc] GC(541) Concurrent weak roots 10.273ms
[2021-02-07T17:33:09.163+0300][371.475s][info][gc] GC(541) Concurrent cleanup 238M->238M(256M) 0.016ms
[2021-02-07T17:33:09.179+0300][371.491s][info][gc] GC(541) Concurrent class unloading 16.144ms
[2021-02-07T17:33:09.179+0300][371.491s][info][gc] GC(541) Concurrent strong roots 0.123ms
[2021-02-07T17:33:09.183+0300][371.496s][info][gc] GC(541) Concurrent evacuation 4.518ms
[2021-02-07T17:33:09.185+0300][371.497s][info][gc] GC(541) Pause Init Update Refs 0.009ms
[2021-02-07T17:33:09.324+0300][371.637s][info][gc] GC(541) Concurrent update references 139.729ms
[2021-02-07T17:33:09.327+0300][371.639s][info][gc] GC(541) Pause Final Update Refs 0.135ms
[2021-02-07T17:33:09.327+0300][371.639s][info][gc] GC(541) Concurrent cleanup 242M->231M(256M) 0.015ms
[2021-02-07T17:33:09.329+0300][371.641s][info][gc] Trigger: Free (11685K) is below minimum threshold (26214K)
[2021-02-07T17:33:09.329+0300][371.641s][info][gc] GC(542) Concurrent reset 0.318ms
[2021-02-07T17:33:09.329+0300][371.642s][info][gc] GC(542) Pause Init Mark (unload classes) 0.149ms
[2021-02-07T17:33:09.643+0300][371.955s][info][gc] GC(542) Concurrent marking (unload classes) 313.484ms
[2021-02-07T17:33:09.647+0300][371.959s][info][gc] GC(542) Pause Final Mark (unload classes) 0.425ms
[2021-02-07T17:33:09.653+0300][371.965s][info][gc] GC(542) Concurrent weak roots 5.300ms
[2021-02-07T17:33:09.653+0300][371.965s][info][gc] GC(542) Concurrent cleanup 238M->238M(256M) 0.017ms
[2021-02-07T17:33:09.655+0300][371.967s][info][gc] GC(542) Concurrent class unloading 2.191ms
[2021-02-07T17:33:09.655+0300][371.967s][info][gc] GC(542) Concurrent strong roots 0.133ms
[2021-02-07T17:33:09.660+0300][371.972s][info][gc] GC(542) Concurrent evacuation 4.581ms
[2021-02-07T17:33:09.663+0300][371.975s][info][gc] GC(542) Pause Init Update Refs 0.008ms
[2021-02-07T17:33:09.804+0300][372.116s][info][gc] GC(542) Concurrent update references 141.004ms
[2021-02-07T17:33:09.811+0300][372.123s][info][gc] GC(542) Pause Final Update Refs 0.078ms
[2021-02-07T17:33:09.811+0300][372.123s][info][gc] GC(542) Concurrent cleanup 242M->231M(256M) 0.015ms
[2021-02-07T17:33:09.827+0300][372.139s][info][gc] Trigger: Free (11685K) is below minimum threshold (26214K)
[2021-02-07T17:33:09.827+0300][372.139s][info][gc] GC(543) Concurrent reset 0.304ms
[2021-02-07T17:33:09.827+0300][372.140s][info][gc] GC(543) Pause Init Mark (unload classes) 0.146ms
[2021-02-07T17:33:10.156+0300][372.468s][info][gc] GC(543) Concurrent marking (unload classes) 328.104ms
[2021-02-07T17:33:10.157+0300][372.469s][info][gc] GC(543) Pause Final Mark (unload classes) 0.433ms
[2021-02-07T17:33:10.163+0300][372.475s][info][gc] GC(543) Concurrent weak roots 5.432ms
[2021-02-07T17:33:10.163+0300][372.475s][info][gc] GC(543) Concurrent cleanup 238M->238M(256M) 0.014ms
[2021-02-07T17:33:10.167+0300][372.479s][info][gc] GC(543) Concurrent class unloading 4.091ms
[2021-02-07T17:33:10.167+0300][372.479s][info][gc] GC(543) Concurrent strong roots 0.135ms
[2021-02-07T17:33:10.172+0300][372.484s][info][gc] GC(543) Concurrent evacuation 4.906ms
[2021-02-07T17:33:10.175+0300][372.487s][info][gc] GC(543) Pause Init Update Refs 0.009ms
[2021-02-07T17:33:10.316+0300][372.628s][info][gc] GC(543) Concurrent update references 140.724ms
[2021-02-07T17:33:10.319+0300][372.631s][info][gc] GC(543) Pause Final Update Refs 0.117ms
[2021-02-07T17:33:10.319+0300][372.631s][info][gc] GC(543) Concurrent cleanup 242M->231M(256M) 0.021ms
[2021-02-07T17:33:10.321+0300][372.633s][info][gc] Trigger: Free (11685K) is below minimum threshold (26214K)
[2021-02-07T17:33:10.321+0300][372.633s][info][gc] GC(544) Concurrent reset 0.331ms
[2021-02-07T17:33:10.321+0300][372.633s][info][gc] GC(544) Pause Init Mark (unload classes) 0.137ms
[2021-02-07T17:33:10.642+0300][372.954s][info][gc] GC(544) Concurrent marking (unload classes) 320.424ms
[2021-02-07T17:33:10.643+0300][372.955s][info][gc] GC(544) Pause Final Mark (unload classes) 0.425ms
[2021-02-07T17:33:10.651+0300][372.963s][info][gc] GC(544) Concurrent weak roots 7.116ms
[2021-02-07T17:33:10.651+0300][372.963s][info][gc] GC(544) Concurrent cleanup 239M->239M(256M) 0.011ms
[2021-02-07T17:33:10.655+0300][372.967s][info][gc] GC(544) Concurrent class unloading 4.065ms
[2021-02-07T17:33:10.655+0300][372.967s][info][gc] GC(544) Concurrent strong roots 0.105ms
[2021-02-07T17:33:10.659+0300][372.971s][info][gc] GC(544) Concurrent evacuation 3.728ms
[2021-02-07T17:33:10.662+0300][372.974s][info][gc] GC(544) Pause Init Update Refs 0.009ms
[2021-02-07T17:33:10.810+0300][373.122s][info][gc] GC(544) Concurrent update references 148.175ms
[2021-02-07T17:33:10.811+0300][373.123s][info][gc] GC(544) Pause Final Update Refs 0.137ms
[2021-02-07T17:33:10.811+0300][373.123s][info][gc] GC(544) Concurrent cleanup 242M->231M(256M) 0.015ms
[2021-02-07T17:33:10.813+0300][373.125s][info][gc] Trigger: Free (11941K) is below minimum threshold (26214K)
[2021-02-07T17:33:10.813+0300][373.125s][info][gc] GC(545) Concurrent reset 0.322ms
[2021-02-07T17:33:10.813+0300][373.125s][info][gc] GC(545) Pause Init Mark (process weakrefs) (unload classes) 0.144ms
[2021-02-07T17:33:11.137+0300][373.449s][info][gc] GC(545) Concurrent marking (process weakrefs) (unload classes) 323.553ms
[2021-02-07T17:33:11.137+0300][373.449s][info][gc] GC(545) Concurrent precleaning 0.146ms
[2021-02-07T17:33:11.142+0300][373.454s][info][gc] GC(545) Pause Final Mark (process weakrefs) (unload classes) 0.422ms
[2021-02-07T17:33:11.148+0300][373.460s][info][gc] GC(545) Concurrent weak roots 5.441ms
[2021-02-07T17:33:11.148+0300][373.460s][info][gc] GC(545) Concurrent cleanup 238M->238M(256M) 0.013ms
[2021-02-07T17:33:11.150+0300][373.462s][info][gc] GC(545) Concurrent class unloading 2.329ms
[2021-02-07T17:33:11.150+0300][373.462s][info][gc] GC(545) Concurrent strong roots 0.130ms
[2021-02-07T17:33:11.155+0300][373.467s][info][gc] GC(545) Concurrent evacuation 4.360ms
[2021-02-07T17:33:11.158+0300][373.470s][info][gc] GC(545) Pause Init Update Refs 0.009ms
[2021-02-07T17:33:11.307+0300][373.619s][info][gc] GC(545) Concurrent update references 149.133ms
[2021-02-07T17:33:11.308+0300][373.620s][info][gc] GC(545) Pause Final Update Refs 0.136ms
[2021-02-07T17:33:11.308+0300][373.620s][info][gc] GC(545) Concurrent cleanup 242M->231M(256M) 0.015ms
[2021-02-07T17:33:11.310+0300][373.622s][info][gc] Trigger: Free (11685K) is below minimum threshold (26214K)
[2021-02-07T17:33:11.310+0300][373.622s][info][gc] GC(546) Concurrent reset 0.286ms
[2021-02-07T17:33:11.310+0300][373.622s][info][gc] GC(546) Pause Init Mark (unload classes) 0.144ms
[2021-02-07T17:33:11.623+0300][373.935s][info][gc] GC(546) Concurrent marking (unload classes) 312.447ms
[2021-02-07T17:33:11.628+0300][373.939s][info][gc] GC(546) Pause Final Mark (unload classes) 0.413ms
[2021-02-07T17:33:11.634+0300][373.945s][info][gc] GC(546) Concurrent weak roots 5.561ms
[2021-02-07T17:33:11.634+0300][373.945s][info][gc] GC(546) Concurrent cleanup 239M->239M(256M) 0.011ms
[2021-02-07T17:33:11.636+0300][373.948s][info][gc] GC(546) Concurrent class unloading 2.547ms
[2021-02-07T17:33:11.636+0300][373.948s][info][gc] GC(546) Concurrent strong roots 0.134ms
[2021-02-07T17:33:11.640+0300][373.952s][info][gc] GC(546) Concurrent evacuation 4.054ms
[2021-02-07T17:33:11.641+0300][373.952s][info][gc] GC(546) Pause Init Update Refs 0.009ms
[2021-02-07T17:33:11.787+0300][374.099s][info][gc] GC(546) Concurrent update references 146.566ms
[2021-02-07T17:33:11.788+0300][374.099s][info][gc] GC(546) Pause Final Update Refs 0.136ms
[2021-02-07T17:33:11.788+0300][374.099s][info][gc] GC(546) Concurrent cleanup 242M->231M(256M) 0.016ms
[2021-02-07T17:33:11.790+0300][374.101s][info][gc] Trigger: Free (11685K) is below minimum threshold (26214K)
[2021-02-07T17:33:11.790+0300][374.101s][info][gc] GC(547) Concurrent reset 0.291ms
[2021-02-07T17:33:11.790+0300][374.102s][info][gc] GC(547) Pause Init Mark (unload classes) 0.147ms
[2021-02-07T17:33:12.102+0300][374.413s][info][gc] GC(547) Concurrent marking (unload classes) 311.680ms
[2021-02-07T17:33:12.105+0300][374.417s][info][gc] GC(547) Pause Final Mark (unload classes) 0.421ms
[2021-02-07T17:33:12.113+0300][374.424s][info][gc] GC(547) Concurrent weak roots 7.313ms
[2021-02-07T17:33:12.113+0300][374.424s][info][gc] GC(547) Concurrent cleanup 240M->240M(256M) 0.011ms
[2021-02-07T17:33:12.116+0300][374.428s][info][gc] GC(547) Concurrent class unloading 3.490ms
[2021-02-07T17:33:12.116+0300][374.428s][info][gc] GC(547) Concurrent strong roots 0.134ms
[2021-02-07T17:33:12.120+0300][374.431s][info][gc] GC(547) Concurrent evacuation 3.724ms
[2021-02-07T17:33:12.121+0300][374.432s][info][gc] GC(547) Pause Init Update Refs 0.009ms
[2021-02-07T17:33:12.260+0300][374.571s][info][gc] GC(547) Concurrent update references 139.324ms
[2021-02-07T17:33:12.263+0300][374.574s][info][gc] GC(547) Pause Final Update Refs 0.138ms
[2021-02-07T17:33:12.263+0300][374.574s][info][gc] GC(547) Concurrent cleanup 242M->231M(256M) 0.016ms
[2021-02-07T17:33:12.265+0300][374.576s][info][gc] Trigger: Free (11588K) is below minimum threshold (26214K)
[2021-02-07T17:33:12.265+0300][374.576s][info][gc] GC(548) Concurrent reset 0.318ms
[2021-02-07T17:33:12.265+0300][374.577s][info][gc] GC(548) Pause Init Mark (unload classes) 0.146ms
[2021-02-07T17:33:12.577+0300][374.888s][info][gc] GC(548) Concurrent marking (unload classes) 311.485ms
[2021-02-07T17:33:12.579+0300][374.890s][info][gc] GC(548) Pause Final Mark (unload classes) 0.415ms
[2021-02-07T17:33:12.586+0300][374.897s][info][gc] GC(548) Concurrent weak roots 6.886ms
[2021-02-07T17:33:12.586+0300][374.897s][info][gc] GC(548) Concurrent cleanup 238M->238M(256M) 0.010ms
[2021-02-07T17:33:12.589+0300][374.900s][info][gc] GC(548) Concurrent class unloading 2.908ms
[2021-02-07T17:33:12.589+0300][374.900s][info][gc] GC(548) Concurrent strong roots 0.103ms
[2021-02-07T17:33:12.593+0300][374.905s][info][gc] GC(548) Concurrent evacuation 4.537ms
[2021-02-07T17:33:12.596+0300][374.907s][info][gc] GC(548) Pause Init Update Refs 0.009ms
[2021-02-07T17:33:12.731+0300][375.042s][info][gc] GC(548) Concurrent update references 134.997ms
[2021-02-07T17:33:12.732+0300][375.044s][info][gc] GC(548) Pause Final Update Refs 0.136ms
[2021-02-07T17:33:12.732+0300][375.044s][info][gc] GC(548) Concurrent cleanup 242M->231M(256M) 0.016ms
[2021-02-07T17:33:12.734+0300][375.045s][info][gc] Trigger: Free (11685K) is below minimum threshold (26214K)
[2021-02-07T17:33:12.734+0300][375.045s][info][gc] GC(549) Concurrent reset 0.264ms
[2021-02-07T17:33:12.734+0300][375.046s][info][gc] GC(549) Pause Init Mark (unload classes) 0.144ms
[2021-02-07T17:33:13.048+0300][375.359s][info][gc] GC(549) Concurrent marking (unload classes) 313.416ms
[2021-02-07T17:33:13.051+0300][375.363s][info][gc] GC(549) Pause Final Mark (unload classes) 0.390ms
[2021-02-07T17:33:13.057+0300][375.368s][info][gc] GC(549) Concurrent weak roots 5.379ms
[2021-02-07T17:33:13.057+0300][375.368s][info][gc] GC(549) Concurrent cleanup 238M->238M(256M) 0.011ms
[2021-02-07T17:33:13.059+0300][375.370s][info][gc] GC(549) Concurrent class unloading 2.097ms
[2021-02-07T17:33:13.059+0300][375.370s][info][gc] GC(549) Concurrent strong roots 0.135ms
[2021-02-07T17:33:13.064+0300][375.375s][info][gc] GC(549) Concurrent evacuation 4.657ms
[2021-02-07T17:33:13.067+0300][375.378s][info][gc] GC(549) Pause Init Update Refs 0.010ms
[2021-02-07T17:33:13.206+0300][375.517s][info][gc] GC(549) Concurrent update references 138.864ms
[2021-02-07T17:33:13.209+0300][375.520s][info][gc] GC(549) Pause Final Update Refs 0.142ms
[2021-02-07T17:33:13.209+0300][375.520s][info][gc] GC(549) Concurrent cleanup 242M->231M(256M) 0.015ms
[2021-02-07T17:33:13.211+0300][375.522s][info][gc] Trigger: Free (11844K) is below minimum threshold (26214K)
[2021-02-07T17:33:13.211+0300][375.522s][info][gc] GC(550) Concurrent reset 0.320ms
[2021-02-07T17:33:13.211+0300][375.523s][info][gc] GC(550) Pause Init Mark (process weakrefs) (unload classes) 0.144ms
[2021-02-07T17:33:13.523+0300][375.835s][info][gc] GC(550) Concurrent marking (process weakrefs) (unload classes) 311.886ms
[2021-02-07T17:33:13.524+0300][375.835s][info][gc] GC(550) Concurrent precleaning 0.148ms
[2021-02-07T17:33:13.525+0300][375.837s][info][gc] GC(550) Pause Final Mark (process weakrefs) (unload classes) 0.444ms
[2021-02-07T17:33:13.531+0300][375.842s][info][gc] GC(550) Concurrent weak roots 5.325ms
[2021-02-07T17:33:13.531+0300][375.842s][info][gc] GC(550) Concurrent cleanup 238M->238M(256M) 0.011ms
[2021-02-07T17:33:13.533+0300][375.844s][info][gc] GC(550) Concurrent class unloading 2.082ms
[2021-02-07T17:33:13.533+0300][375.844s][info][gc] GC(550) Concurrent strong roots 0.131ms
[2021-02-07T17:33:13.538+0300][375.849s][info][gc] GC(550) Concurrent evacuation 4.637ms
[2021-02-07T17:33:13.540+0300][375.851s][info][gc] GC(550) Pause Init Update Refs 0.009ms
[2021-02-07T17:33:13.676+0300][375.988s][info][gc] GC(550) Concurrent update references 136.384ms
[2021-02-07T17:33:13.679+0300][375.990s][info][gc] GC(550) Pause Final Update Refs 0.140ms
[2021-02-07T17:33:13.679+0300][375.990s][info][gc] GC(550) Concurrent cleanup 242M->231M(256M) 0.015ms
[2021-02-07T17:33:13.681+0300][375.992s][info][gc] Trigger: Free (11941K) is below minimum threshold (26214K)
[2021-02-07T17:33:13.681+0300][375.992s][info][gc] GC(551) Concurrent reset 0.319ms
[2021-02-07T17:33:13.681+0300][375.993s][info][gc] GC(551) Pause Init Mark (unload classes) 0.147ms
[2021-02-07T17:33:14.000+0300][376.311s][info][gc] GC(551) Concurrent marking (unload classes) 318.126ms
[2021-02-07T17:33:14.001+0300][376.312s][info][gc] GC(551) Pause Final Mark (unload classes) 0.377ms
[2021-02-07T17:33:14.007+0300][376.318s][info][gc] GC(551) Concurrent weak roots 5.714ms
[2021-02-07T17:33:14.007+0300][376.318s][info][gc] GC(551) Concurrent cleanup 237M->237M(256M) 0.011ms
[2021-02-07T17:33:14.011+0300][376.322s][info][gc] GC(551) Concurrent class unloading 4.088ms
[2021-02-07T17:33:14.011+0300][376.322s][info][gc] GC(551) Concurrent strong roots 0.129ms
[2021-02-07T17:33:14.016+0300][376.327s][info][gc] GC(551) Concurrent evacuation 4.999ms
[2021-02-07T17:33:14.017+0300][376.328s][info][gc] GC(551) Pause Init Update Refs 0.008ms
[2021-02-07T17:33:14.161+0300][376.473s][info][gc] GC(551) Concurrent update references 144.111ms
[2021-02-07T17:33:14.164+0300][376.475s][info][gc] GC(551) Pause Final Update Refs 0.134ms
[2021-02-07T17:33:14.164+0300][376.475s][info][gc] GC(551) Concurrent cleanup 242M->231M(256M) 0.016ms
[2021-02-07T17:33:14.166+0300][376.477s][info][gc] Trigger: Free (11854K) is below minimum threshold (26214K)
[2021-02-07T17:33:14.166+0300][376.477s][info][gc] GC(552) Concurrent reset 0.315ms
[2021-02-07T17:33:14.166+0300][376.478s][info][gc] GC(552) Pause Init Mark (unload classes) 0.146ms
[2021-02-07T17:33:14.479+0300][376.791s][info][gc] GC(552) Concurrent marking (unload classes) 312.853ms
[2021-02-07T17:33:14.481+0300][376.792s][info][gc] GC(552) Pause Final Mark (unload classes) 0.373ms
[2021-02-07T17:33:14.487+0300][376.798s][info][gc] GC(552) Concurrent weak roots 5.771ms
[2021-02-07T17:33:14.487+0300][376.798s][info][gc] GC(552) Concurrent cleanup 238M->238M(256M) 0.011ms
[2021-02-07T17:33:14.491+0300][376.802s][info][gc] GC(552) Concurrent class unloading 4.090ms
[2021-02-07T17:33:14.491+0300][376.802s][info][gc] GC(552) Concurrent strong roots 0.133ms
[2021-02-07T17:33:14.496+0300][376.807s][info][gc] GC(552) Concurrent evacuation 4.643ms
[2021-02-07T17:33:14.499+0300][376.810s][info][gc] GC(552) Pause Init Update Refs 0.009ms
[2021-02-07T17:33:14.636+0300][376.947s][info][gc] GC(552) Concurrent update references 137.122ms
[2021-02-07T17:33:14.639+0300][376.950s][info][gc] GC(552) Pause Final Update Refs 0.141ms
[2021-02-07T17:33:14.639+0300][376.950s][info][gc] GC(552) Concurrent cleanup 242M->231M(256M) 0.015ms
[2021-02-07T17:33:14.641+0300][376.952s][info][gc] Trigger: Free (11941K) is below minimum threshold (26214K)
[2021-02-07T17:33:14.641+0300][376.953s][info][gc] GC(553) Concurrent reset 0.321ms
[2021-02-07T17:33:14.641+0300][376.953s][info][gc] GC(553) Pause Init Mark (unload classes) 0.123ms
[2021-02-07T17:33:14.971+0300][377.282s][info][gc] GC(553) Concurrent marking (unload classes) 329.271ms
[2021-02-07T17:33:14.972+0300][377.283s][info][gc] GC(553) Pause Final Mark (unload classes) 0.431ms
[2021-02-07T17:33:14.977+0300][377.288s][info][gc] GC(553) Concurrent weak roots 4.771ms
[2021-02-07T17:33:14.977+0300][377.288s][info][gc] GC(553) Concurrent cleanup 236M->236M(256M) 0.010ms
[2021-02-07T17:33:14.981+0300][377.292s][info][gc] GC(553) Concurrent class unloading 4.050ms
[2021-02-07T17:33:14.981+0300][377.292s][info][gc] GC(553) Concurrent strong roots 0.101ms
[2021-02-07T17:33:14.987+0300][377.298s][info][gc] GC(553) Concurrent evacuation 5.923ms
[2021-02-07T17:33:14.987+0300][377.299s][info][gc] GC(553) Pause Init Update Refs 0.009ms
[2021-02-07T17:33:15.126+0300][377.438s][info][gc] GC(553) Concurrent update references 138.640ms
[2021-02-07T17:33:15.127+0300][377.438s][info][gc] GC(553) Pause Final Update Refs 0.137ms
[2021-02-07T17:33:15.127+0300][377.439s][info][gc] GC(553) Concurrent cleanup 242M->231M(256M) 0.016ms
[2021-02-07T17:33:15.129+0300][377.440s][info][gc] Trigger: Free (11860K) is below minimum threshold (26214K)
[2021-02-07T17:33:15.129+0300][377.441s][info][gc] GC(554) Concurrent reset 0.318ms
[2021-02-07T17:33:15.129+0300][377.441s][info][gc] GC(554) Pause Init Mark (unload classes) 0.146ms
[2021-02-07T17:33:15.440+0300][377.752s][info][gc] GC(554) Concurrent marking (unload classes) 310.642ms
[2021-02-07T17:33:15.445+0300][377.757s][info][gc] GC(554) Pause Final Mark (unload classes) 0.428ms
[2021-02-07T17:33:15.453+0300][377.764s][info][gc] GC(554) Concurrent weak roots 7.313ms
[2021-02-07T17:33:15.453+0300][377.764s][info][gc] GC(554) Concurrent cleanup 238M->238M(256M) 0.018ms
[2021-02-07T17:33:15.459+0300][377.770s][info][gc] GC(554) Concurrent class unloading 6.061ms
[2021-02-07T17:33:15.459+0300][377.771s][info][gc] GC(554) Concurrent strong roots 0.132ms
[2021-02-07T17:33:15.463+0300][377.775s][info][gc] GC(554) Concurrent evacuation 4.187ms
[2021-02-07T17:33:15.466+0300][377.777s][info][gc] GC(554) Pause Init Update Refs 0.009ms
[2021-02-07T17:33:15.600+0300][377.912s][info][gc] GC(554) Concurrent update references 134.189ms
[2021-02-07T17:33:15.603+0300][377.915s][info][gc] GC(554) Pause Final Update Refs 0.142ms
[2021-02-07T17:33:15.603+0300][377.915s][info][gc] GC(554) Concurrent cleanup 242M->231M(256M) 0.017ms
[2021-02-07T17:33:15.605+0300][377.916s][info][gc] Trigger: Free (11941K) is below minimum threshold (26214K)
[2021-02-07T17:33:15.605+0300][377.917s][info][gc] GC(555) Concurrent reset 0.321ms
[2021-02-07T17:33:15.605+0300][377.917s][info][gc] GC(555) Pause Init Mark (process weakrefs) (unload classes) 0.151ms
[2021-02-07T17:33:15.937+0300][378.249s][info][gc] GC(555) Concurrent marking (process weakrefs) (unload classes) 331.864ms
[2021-02-07T17:33:15.938+0300][378.249s][info][gc] GC(555) Concurrent precleaning 0.157ms
[2021-02-07T17:33:15.941+0300][378.253s][info][gc] GC(555) Pause Final Mark (process weakrefs) (unload classes) 0.440ms
[2021-02-07T17:33:15.947+0300][378.258s][info][gc] GC(555) Concurrent weak roots 5.329ms
[2021-02-07T17:33:15.947+0300][378.258s][info][gc] GC(555) Concurrent cleanup 238M->238M(256M) 0.011ms
[2021-02-07T17:33:15.949+0300][378.260s][info][gc] GC(555) Concurrent class unloading 2.070ms
[2021-02-07T17:33:15.949+0300][378.261s][info][gc] GC(555) Concurrent strong roots 0.128ms
[2021-02-07T17:33:15.954+0300][378.265s][info][gc] GC(555) Concurrent evacuation 4.774ms
[2021-02-07T17:33:15.957+0300][378.268s][info][gc] GC(555) Pause Init Update Refs 0.010ms
[2021-02-07T17:33:16.099+0300][378.411s][info][gc] GC(555) Concurrent update references 142.522ms
[2021-02-07T17:33:16.100+0300][378.412s][info][gc] GC(555) Pause Final Update Refs 0.137ms
[2021-02-07T17:33:16.100+0300][378.412s][info][gc] GC(555) Concurrent cleanup 242M->231M(256M) 0.015ms
[2021-02-07T17:33:16.102+0300][378.413s][info][gc] Trigger: Free (11941K) is below minimum threshold (26214K)
[2021-02-07T17:33:16.102+0300][378.414s][info][gc] GC(556) Concurrent reset 0.329ms
[2021-02-07T17:33:16.102+0300][378.414s][info][gc] GC(556) Pause Init Mark (unload classes) 0.148ms
[2021-02-07T17:33:16.448+0300][378.759s][info][gc] GC(556) Concurrent marking (unload classes) 345.036ms
[2021-02-07T17:33:16.449+0300][378.760s][info][gc] GC(556) Pause Final Mark (unload classes) 0.449ms
[2021-02-07T17:33:16.456+0300][378.767s][info][gc] GC(556) Concurrent weak roots 6.900ms
[2021-02-07T17:33:16.456+0300][378.767s][info][gc] GC(556) Concurrent cleanup 238M->238M(256M) 0.010ms
[2021-02-07T17:33:16.460+0300][378.771s][info][gc] GC(556) Concurrent class unloading 4.056ms
[2021-02-07T17:33:16.460+0300][378.771s][info][gc] GC(556) Concurrent strong roots 0.110ms
[2021-02-07T17:33:16.464+0300][378.776s][info][gc] GC(556) Concurrent evacuation 4.475ms
[2021-02-07T17:33:16.465+0300][378.777s][info][gc] GC(556) Pause Init Update Refs 0.009ms
[2021-02-07T17:33:16.605+0300][378.917s][info][gc] GC(556) Concurrent update references 139.681ms
[2021-02-07T17:33:16.607+0300][378.918s][info][gc] GC(556) Pause Final Update Refs 0.150ms
[2021-02-07T17:33:16.607+0300][378.918s][info][gc] GC(556) Concurrent cleanup 242M->231M(256M) 0.016ms
[2021-02-07T17:33:16.609+0300][378.920s][info][gc] Trigger: Free (11941K) is below minimum threshold (26214K)
[2021-02-07T17:33:16.609+0300][378.921s][info][gc] GC(557) Concurrent reset 0.317ms
[2021-02-07T17:33:16.609+0300][378.921s][info][gc] GC(557) Pause Init Mark (unload classes) 0.146ms
[2021-02-07T17:33:16.936+0300][379.247s][info][gc] GC(557) Concurrent marking (unload classes) 326.154ms
[2021-02-07T17:33:16.941+0300][379.253s][info][gc] GC(557) Pause Final Mark (unload classes) 0.381ms
[2021-02-07T17:33:16.949+0300][379.260s][info][gc] GC(557) Concurrent weak roots 7.293ms
[2021-02-07T17:33:16.949+0300][379.260s][info][gc] GC(557) Concurrent cleanup 239M->239M(256M) 0.010ms
[2021-02-07T17:33:16.951+0300][379.263s][info][gc] GC(557) Concurrent class unloading 2.793ms
[2021-02-07T17:33:16.952+0300][379.263s][info][gc] GC(557) Concurrent strong roots 0.152ms
[2021-02-07T17:33:16.956+0300][379.267s][info][gc] GC(557) Concurrent evacuation 4.002ms
[2021-02-07T17:33:16.956+0300][379.267s][info][gc] GC(557) Pause Init Update Refs 0.008ms
[2021-02-07T17:33:17.092+0300][379.404s][info][gc] GC(557) Concurrent update references 136.085ms
[2021-02-07T17:33:17.093+0300][379.405s][info][gc] GC(557) Pause Final Update Refs 0.141ms
[2021-02-07T17:33:17.093+0300][379.405s][info][gc] GC(557) Concurrent cleanup 242M->231M(256M) 0.015ms
[2021-02-07T17:33:17.095+0300][379.406s][info][gc] Trigger: Free (12197K) is below minimum threshold (26214K)
[2021-02-07T17:33:17.095+0300][379.407s][info][gc] GC(558) Concurrent reset 0.320ms
[2021-02-07T17:33:17.095+0300][379.407s][info][gc] GC(558) Pause Init Mark (unload classes) 0.146ms
[2021-02-07T17:33:17.411+0300][379.723s][info][gc] GC(558) Concurrent marking (unload classes) 315.861ms
[2021-02-07T17:33:17.414+0300][379.726s][info][gc] GC(558) Pause Final Mark (unload classes) 0.441ms
[2021-02-07T17:33:17.422+0300][379.733s][info][gc] GC(558) Concurrent weak roots 7.303ms
[2021-02-07T17:33:17.422+0300][379.733s][info][gc] GC(558) Concurrent cleanup 238M->238M(256M) 0.011ms
[2021-02-07T17:33:17.425+0300][379.736s][info][gc] GC(558) Concurrent class unloading 2.849ms
[2021-02-07T17:33:17.425+0300][379.736s][info][gc] GC(558) Concurrent strong roots 0.131ms
[2021-02-07T17:33:17.429+0300][379.740s][info][gc] GC(558) Concurrent evacuation 3.951ms
[2021-02-07T17:33:17.429+0300][379.740s][info][gc] GC(558) Pause Init Update Refs 0.008ms
[2021-02-07T17:33:17.567+0300][379.878s][info][gc] GC(558) Concurrent update references 137.846ms
[2021-02-07T17:33:17.570+0300][379.881s][info][gc] GC(558) Pause Final Update Refs 0.139ms
[2021-02-07T17:33:17.570+0300][379.882s][info][gc] GC(558) Concurrent cleanup 242M->231M(256M) 0.017ms
[2021-02-07T17:33:17.572+0300][379.883s][info][gc] Trigger: Free (11941K) is below minimum threshold (26214K)
[2021-02-07T17:33:17.572+0300][379.884s][info][gc] GC(559) Concurrent reset 0.314ms
[2021-02-07T17:33:17.572+0300][379.884s][info][gc] GC(559) Pause Init Mark (unload classes) 0.147ms
[2021-02-07T17:33:17.903+0300][380.215s][info][gc] GC(559) Concurrent marking (unload classes) 330.657ms
[2021-02-07T17:33:17.904+0300][380.215s][info][gc] GC(559) Pause Final Mark (unload classes) 0.432ms
[2021-02-07T17:33:17.911+0300][380.222s][info][gc] GC(559) Concurrent weak roots 6.663ms
[2021-02-07T17:33:17.911+0300][380.222s][info][gc] GC(559) Concurrent cleanup 238M->238M(256M) 0.009ms
[2021-02-07T17:33:17.915+0300][380.226s][info][gc] GC(559) Concurrent class unloading 4.126ms
[2021-02-07T17:33:17.915+0300][380.226s][info][gc] GC(559) Concurrent strong roots 0.132ms
[2021-02-07T17:33:17.919+0300][380.231s][info][gc] GC(559) Concurrent evacuation 4.548ms
[2021-02-07T17:33:17.920+0300][380.232s][info][gc] GC(559) Pause Init Update Refs 0.009ms
[2021-02-07T17:33:18.058+0300][380.370s][info][gc] GC(559) Concurrent update references 137.808ms
[2021-02-07T17:33:18.061+0300][380.372s][info][gc] GC(559) Pause Final Update Refs 0.137ms
[2021-02-07T17:33:18.061+0300][380.373s][info][gc] GC(559) Concurrent cleanup 242M->231M(256M) 0.015ms
[2021-02-07T17:33:18.063+0300][380.374s][info][gc] Trigger: Free (11941K) is below minimum threshold (26214K)
[2021-02-07T17:33:18.063+0300][380.375s][info][gc] GC(560) Concurrent reset 0.316ms
[2021-02-07T17:33:18.063+0300][380.375s][info][gc] GC(560) Pause Init Mark (process weakrefs) (unload classes) 0.131ms
[2021-02-07T17:33:18.394+0300][380.706s][info][gc] GC(560) Concurrent marking (process weakrefs) (unload classes) 330.784ms
[2021-02-07T17:33:18.394+0300][380.706s][info][gc] GC(560) Concurrent precleaning 0.147ms
[2021-02-07T17:33:18.395+0300][380.707s][info][gc] GC(560) Pause Final Mark (process weakrefs) (unload classes) 0.293ms
[2021-02-07T17:33:18.401+0300][380.712s][info][gc] GC(560) Concurrent weak roots 5.453ms
[2021-02-07T17:33:18.401+0300][380.712s][info][gc] GC(560) Concurrent cleanup 238M->238M(256M) 0.010ms
[2021-02-07T17:33:18.403+0300][380.714s][info][gc] GC(560) Concurrent class unloading 2.088ms
[2021-02-07T17:33:18.403+0300][380.714s][info][gc] GC(560) Concurrent strong roots 0.102ms
[2021-02-07T17:33:18.408+0300][380.719s][info][gc] GC(560) Concurrent evacuation 4.716ms
[2021-02-07T17:33:18.410+0300][380.721s][info][gc] GC(560) Pause Init Update Refs 0.009ms
[2021-02-07T17:33:18.546+0300][380.857s][info][gc] GC(560) Concurrent update references 136.035ms
[2021-02-07T17:33:18.549+0300][380.860s][info][gc] GC(560) Pause Final Update Refs 0.139ms
[2021-02-07T17:33:18.549+0300][380.861s][info][gc] GC(560) Concurrent cleanup 242M->231M(256M) 0.015ms
[2021-02-07T17:33:18.551+0300][380.862s][info][gc] Trigger: Free (11941K) is below minimum threshold (26214K)
[2021-02-07T17:33:18.551+0300][380.863s][info][gc] GC(561) Concurrent reset 0.324ms
[2021-02-07T17:33:18.551+0300][380.863s][info][gc] GC(561) Pause Init Mark (unload classes) 0.157ms
[2021-02-07T17:33:18.865+0300][381.176s][info][gc] GC(561) Concurrent marking (unload classes) 313.229ms
[2021-02-07T17:33:18.870+0300][381.182s][info][gc] GC(561) Pause Final Mark (unload classes) 0.432ms
[2021-02-07T17:33:18.876+0300][381.187s][info][gc] GC(561) Concurrent weak roots 5.399ms
[2021-02-07T17:33:18.876+0300][381.187s][info][gc] GC(561) Concurrent cleanup 238M->238M(256M) 0.012ms
[2021-02-07T17:33:18.878+0300][381.189s][info][gc] GC(561) Concurrent class unloading 2.160ms
[2021-02-07T17:33:18.878+0300][381.190s][info][gc] GC(561) Concurrent strong roots 0.131ms
[2021-02-07T17:33:18.883+0300][381.194s][info][gc] GC(561) Concurrent evacuation 4.625ms
[2021-02-07T17:33:18.886+0300][381.197s][info][gc] GC(561) Pause Init Update Refs 0.009ms
[2021-02-07T17:33:19.026+0300][381.337s][info][gc] GC(561) Concurrent update references 139.829ms
[2021-02-07T17:33:19.026+0300][381.338s][info][gc] GC(561) Pause Final Update Refs 0.120ms
[2021-02-07T17:33:19.026+0300][381.338s][info][gc] GC(561) Concurrent cleanup 242M->231M(256M) 0.018ms
[2021-02-07T17:33:19.029+0300][381.340s][info][gc] Trigger: Free (12197K) is below minimum threshold (26214K)
[2021-02-07T17:33:19.029+0300][381.340s][info][gc] GC(562) Concurrent reset 0.287ms
[2021-02-07T17:33:19.029+0300][381.341s][info][gc] GC(562) Pause Init Mark (unload classes) 0.118ms
[2021-02-07T17:33:19.343+0300][381.654s][info][gc] GC(562) Concurrent marking (unload classes) 313.227ms
[2021-02-07T17:33:19.343+0300][381.655s][info][gc] GC(562) Pause Final Mark (unload classes) 0.436ms
[2021-02-07T17:33:19.351+0300][381.662s][info][gc] GC(562) Concurrent weak roots 6.998ms
[2021-02-07T17:33:19.351+0300][381.662s][info][gc] GC(562) Concurrent cleanup 238M->238M(256M) 0.010ms
[2021-02-07T17:33:19.354+0300][381.665s][info][gc] GC(562) Concurrent class unloading 3.055ms
[2021-02-07T17:33:19.354+0300][381.665s][info][gc] GC(562) Concurrent strong roots 0.131ms
[2021-02-07T17:33:19.358+0300][381.670s][info][gc] GC(562) Concurrent evacuation 4.133ms
[2021-02-07T17:33:19.361+0300][381.672s][info][gc] GC(562) Pause Init Update Refs 0.009ms
[2021-02-07T17:33:19.498+0300][381.810s][info][gc] GC(562) Concurrent update references 137.221ms
[2021-02-07T17:33:19.501+0300][381.812s][info][gc] GC(562) Pause Final Update Refs 0.126ms
[2021-02-07T17:33:19.501+0300][381.813s][info][gc] GC(562) Concurrent cleanup 242M->231M(256M) 0.015ms
[2021-02-07T17:33:19.503+0300][381.814s][info][gc] Trigger: Free (11941K) is below minimum threshold (26214K)
[2021-02-07T17:33:19.503+0300][381.815s][info][gc] GC(563) Concurrent reset 0.322ms
[2021-02-07T17:33:19.503+0300][381.815s][info][gc] GC(563) Pause Init Mark (unload classes) 0.147ms
[2021-02-07T17:33:19.815+0300][382.127s][info][gc] GC(563) Concurrent marking (unload classes) 311.754ms
[2021-02-07T17:33:19.820+0300][382.132s][info][gc] GC(563) Pause Final Mark (unload classes) 0.426ms
[2021-02-07T17:33:19.828+0300][382.139s][info][gc] GC(563) Concurrent weak roots 7.268ms
[2021-02-07T17:33:19.828+0300][382.139s][info][gc] GC(563) Concurrent cleanup 239M->239M(256M) 0.014ms
[2021-02-07T17:33:19.830+0300][382.142s][info][gc] GC(563) Concurrent class unloading 2.764ms
[2021-02-07T17:33:19.831+0300][382.142s][info][gc] GC(563) Concurrent strong roots 0.138ms
[2021-02-07T17:33:19.835+0300][382.146s][info][gc] GC(563) Concurrent evacuation 3.962ms
[2021-02-07T17:33:19.838+0300][382.149s][info][gc] GC(563) Pause Init Update Refs 0.009ms
[2021-02-07T17:33:19.976+0300][382.288s][info][gc] GC(563) Concurrent update references 138.474ms
[2021-02-07T17:33:19.978+0300][382.289s][info][gc] GC(563) Pause Final Update Refs 0.118ms
[2021-02-07T17:33:19.978+0300][382.289s][info][gc] GC(563) Concurrent cleanup 242M->231M(256M) 0.015ms
[2021-02-07T17:33:19.980+0300][382.291s][info][gc] Trigger: Free (12168K) is below minimum threshold (26214K)
[2021-02-07T17:33:19.980+0300][382.292s][info][gc] GC(564) Concurrent reset 0.324ms
[2021-02-07T17:33:19.980+0300][382.292s][info][gc] GC(564) Pause Init Mark (unload classes) 0.148ms
[2021-02-07T17:33:20.293+0300][382.605s][info][gc] GC(564) Concurrent marking (unload classes) 312.803ms
[2021-02-07T17:33:20.295+0300][382.606s][info][gc] GC(564) Pause Final Mark (unload classes) 0.426ms
[2021-02-07T17:33:20.302+0300][382.613s][info][gc] GC(564) Concurrent weak roots 6.873ms
[2021-02-07T17:33:20.302+0300][382.613s][info][gc] GC(564) Concurrent cleanup 238M->238M(256M) 0.014ms
[2021-02-07T17:33:20.306+0300][382.617s][info][gc] GC(564) Concurrent class unloading 4.153ms
[2021-02-07T17:33:20.306+0300][382.617s][info][gc] GC(564) Concurrent strong roots 0.133ms
[2021-02-07T17:33:20.311+0300][382.622s][info][gc] GC(564) Concurrent evacuation 4.607ms
[2021-02-07T17:33:20.311+0300][382.623s][info][gc] GC(564) Pause Init Update Refs 0.009ms
[2021-02-07T17:33:20.449+0300][382.761s][info][gc] GC(564) Concurrent update references 137.562ms
[2021-02-07T17:33:20.452+0300][382.763s][info][gc] GC(564) Pause Final Update Refs 0.124ms
[2021-02-07T17:33:20.452+0300][382.763s][info][gc] GC(564) Concurrent cleanup 242M->231M(256M) 0.018ms
[2021-02-07T17:33:20.454+0300][382.765s][info][gc] Trigger: Free (12197K) is below minimum threshold (26214K)
[2021-02-07T17:33:20.454+0300][382.765s][info][gc] GC(565) Concurrent reset 0.322ms
[2021-02-07T17:33:20.454+0300][382.766s][info][gc] GC(565) Pause Init Mark (process weakrefs) (unload classes) 0.150ms
[2021-02-07T17:33:20.772+0300][383.083s][info][gc] GC(565) Concurrent marking (process weakrefs) (unload classes) 317.350ms
[2021-02-07T17:33:20.772+0300][383.083s][info][gc] GC(565) Concurrent precleaning 0.143ms
[2021-02-07T17:33:20.775+0300][383.087s][info][gc] GC(565) Pause Final Mark (process weakrefs) (unload classes) 0.436ms
[2021-02-07T17:33:20.783+0300][383.094s][info][gc] GC(565) Concurrent weak roots 7.305ms
[2021-02-07T17:33:20.783+0300][383.094s][info][gc] GC(565) Concurrent cleanup 239M->239M(256M) 0.010ms
[2021-02-07T17:33:20.787+0300][383.098s][info][gc] GC(565) Concurrent class unloading 4.078ms
[2021-02-07T17:33:20.787+0300][383.098s][info][gc] GC(565) Concurrent strong roots 0.103ms
[2021-02-07T17:33:20.791+0300][383.102s][info][gc] GC(565) Concurrent evacuation 3.800ms
[2021-02-07T17:33:20.794+0300][383.105s][info][gc] GC(565) Pause Init Update Refs 0.009ms
[2021-02-07T17:33:20.933+0300][383.245s][info][gc] GC(565) Concurrent update references 139.149ms
[2021-02-07T17:33:20.934+0300][383.245s][info][gc] GC(565) Pause Final Update Refs 0.134ms
[2021-02-07T17:33:20.934+0300][383.246s][info][gc] GC(565) Concurrent cleanup 242M->231M(256M) 0.015ms
[2021-02-07T17:33:20.944+0300][383.255s][info][gc] Trigger: Free (12167K) is below minimum threshold (26214K)
[2021-02-07T17:33:20.944+0300][383.256s][info][gc] GC(566) Concurrent reset 0.310ms
[2021-02-07T17:33:20.944+0300][383.256s][info][gc] GC(566) Pause Init Mark (unload classes) 0.132ms
[2021-02-07T17:33:21.277+0300][383.588s][info][gc] GC(566) Concurrent marking (unload classes) 332.184ms
[2021-02-07T17:33:21.280+0300][383.592s][info][gc] GC(566) Pause Final Mark (unload classes) 0.425ms
[2021-02-07T17:33:21.286+0300][383.597s][info][gc] GC(566) Concurrent weak roots 5.298ms
[2021-02-07T17:33:21.286+0300][383.597s][info][gc] GC(566) Concurrent cleanup 237M->237M(256M) 0.011ms
[2021-02-07T17:33:21.288+0300][383.599s][info][gc] GC(566) Concurrent class unloading 1.907ms
[2021-02-07T17:33:21.288+0300][383.599s][info][gc] GC(566) Concurrent strong roots 0.132ms
[2021-02-07T17:33:21.293+0300][383.604s][info][gc] GC(566) Concurrent evacuation 4.898ms
[2021-02-07T17:33:21.296+0300][383.607s][info][gc] GC(566) Pause Init Update Refs 0.009ms
[2021-02-07T17:33:21.439+0300][383.750s][info][gc] GC(566) Concurrent update references 142.842ms
[2021-02-07T17:33:21.440+0300][383.752s][info][gc] GC(566) Pause Final Update Refs 0.135ms
[2021-02-07T17:33:21.440+0300][383.752s][info][gc] GC(566) Concurrent cleanup 242M->231M(256M) 0.016ms
[2021-02-07T17:33:21.442+0300][383.753s][info][gc] Trigger: Free (12197K) is below minimum threshold (26214K)
[2021-02-07T17:33:21.442+0300][383.754s][info][gc] GC(567) Concurrent reset 0.318ms
[2021-02-07T17:33:21.442+0300][383.754s][info][gc] GC(567) Pause Init Mark (unload classes) 0.145ms
[2021-02-07T17:33:21.759+0300][384.071s][info][gc] GC(567) Concurrent marking (unload classes) 316.927ms
[2021-02-07T17:33:21.768+0300][384.080s][info][gc] GC(567) Pause Final Mark (unload classes) 0.320ms
[2021-02-07T17:33:21.774+0300][384.085s][info][gc] GC(567) Concurrent weak roots 5.519ms
[2021-02-07T17:33:21.774+0300][384.085s][info][gc] GC(567) Concurrent cleanup 236M->236M(256M) 0.011ms
[2021-02-07T17:33:21.778+0300][384.089s][info][gc] GC(567) Concurrent class unloading 4.048ms
[2021-02-07T17:33:21.778+0300][384.089s][info][gc] GC(567) Concurrent strong roots 0.132ms
[2021-02-07T17:33:21.783+0300][384.095s][info][gc] GC(567) Concurrent evacuation 5.367ms
[2021-02-07T17:33:21.784+0300][384.096s][info][gc] GC(567) Pause Init Update Refs 0.009ms
[2021-02-07T17:33:21.920+0300][384.232s][info][gc] GC(567) Concurrent update references 136.097ms
[2021-02-07T17:33:21.921+0300][384.233s][info][gc] GC(567) Pause Final Update Refs 0.138ms
[2021-02-07T17:33:21.921+0300][384.233s][info][gc] GC(567) Concurrent cleanup 242M->230M(256M) 0.017ms
[2021-02-07T17:33:21.923+0300][384.234s][info][gc] Trigger: Free (12423K) is below minimum threshold (26214K)
[2021-02-07T17:33:21.923+0300][384.235s][info][gc] GC(568) Concurrent reset 0.316ms
[2021-02-07T17:33:21.923+0300][384.235s][info][gc] GC(568) Pause Init Mark (unload classes) 0.148ms
[2021-02-07T17:33:22.255+0300][384.566s][info][gc] GC(568) Concurrent marking (unload classes) 331.219ms
[2021-02-07T17:33:22.258+0300][384.570s][info][gc] GC(568) Pause Final Mark (unload classes) 0.416ms
[2021-02-07T17:33:22.264+0300][384.575s][info][gc] GC(568) Concurrent weak roots 5.331ms
[2021-02-07T17:33:22.264+0300][384.575s][info][gc] GC(568) Concurrent cleanup 237M->237M(256M) 0.010ms
[2021-02-07T17:33:22.268+0300][384.579s][info][gc] GC(568) Concurrent class unloading 4.083ms
[2021-02-07T17:33:22.268+0300][384.580s][info][gc] GC(568) Concurrent strong roots 0.131ms
[2021-02-07T17:33:22.273+0300][384.585s][info][gc] GC(568) Concurrent evacuation 5.021ms
[2021-02-07T17:33:22.276+0300][384.587s][info][gc] GC(568) Pause Init Update Refs 0.009ms
[2021-02-07T17:33:22.414+0300][384.725s][info][gc] GC(568) Concurrent update references 137.874ms
[2021-02-07T17:33:22.417+0300][384.728s][info][gc] GC(568) Pause Final Update Refs 0.117ms
[2021-02-07T17:33:22.417+0300][384.729s][info][gc] GC(568) Concurrent cleanup 241M->230M(256M) 0.016ms
[2021-02-07T17:33:22.419+0300][384.730s][info][gc] Trigger: Free (12453K) is below minimum threshold (26214K)
[2021-02-07T17:33:22.419+0300][384.731s][info][gc] GC(569) Concurrent reset 0.326ms
[2021-02-07T17:33:22.419+0300][384.731s][info][gc] GC(569) Pause Init Mark (unload classes) 0.146ms
[2021-02-07T17:33:22.749+0300][385.061s][info][gc] GC(569) Concurrent marking (unload classes) 329.804ms
[2021-02-07T17:33:22.753+0300][385.065s][info][gc] GC(569) Pause Final Mark (unload classes) 0.452ms
[2021-02-07T17:33:22.759+0300][385.070s][info][gc] GC(569) Concurrent weak roots 5.280ms
[2021-02-07T17:33:22.759+0300][385.070s][info][gc] GC(569) Concurrent cleanup 237M->237M(256M) 0.013ms
[2021-02-07T17:33:22.761+0300][385.073s][info][gc] GC(569) Concurrent class unloading 2.327ms
[2021-02-07T17:33:22.761+0300][385.073s][info][gc] GC(569) Concurrent strong roots 0.129ms
[2021-02-07T17:33:22.766+0300][385.077s][info][gc] GC(569) Concurrent evacuation 4.573ms
[2021-02-07T17:33:22.769+0300][385.080s][info][gc] GC(569) Pause Init Update Refs 0.010ms
[2021-02-07T17:33:22.907+0300][385.219s][info][gc] GC(569) Concurrent update references 138.517ms
[2021-02-07T17:33:22.910+0300][385.221s][info][gc] GC(569) Pause Final Update Refs 0.137ms
[2021-02-07T17:33:22.910+0300][385.222s][info][gc] GC(569) Concurrent cleanup 241M->230M(256M) 0.016ms
[2021-02-07T17:33:22.912+0300][385.223s][info][gc] Trigger: Free (12423K) is below minimum threshold (26214K)
[2021-02-07T17:33:22.912+0300][385.224s][info][gc] GC(570) Concurrent reset 0.318ms
[2021-02-07T17:33:22.912+0300][385.224s][info][gc] GC(570) Pause Init Mark (process weakrefs) (unload classes) 0.147ms
[2021-02-07T17:33:23.251+0300][385.563s][info][gc] GC(570) Concurrent marking (process weakrefs) (unload classes) 338.604ms
[2021-02-07T17:33:23.251+0300][385.563s][info][gc] GC(570) Concurrent precleaning 0.150ms
[2021-02-07T17:33:23.262+0300][385.574s][info][gc] GC(570) Pause Final Mark (process weakrefs) (unload classes) 0.291ms
[2021-02-07T17:33:23.268+0300][385.579s][info][gc] GC(570) Concurrent weak roots 5.462ms
[2021-02-07T17:33:23.268+0300][385.579s][info][gc] GC(570) Concurrent cleanup 237M->237M(256M) 0.011ms
[2021-02-07T17:33:23.270+0300][385.581s][info][gc] GC(570) Concurrent class unloading 2.080ms
[2021-02-07T17:33:23.270+0300][385.581s][info][gc] GC(570) Concurrent strong roots 0.132ms
[2021-02-07T17:33:23.275+0300][385.586s][info][gc] GC(570) Concurrent evacuation 4.570ms
[2021-02-07T17:33:23.277+0300][385.588s][info][gc] GC(570) Pause Init Update Refs 0.008ms
[2021-02-07T17:33:23.424+0300][385.735s][info][gc] GC(570) Concurrent update references 146.764ms
[2021-02-07T17:33:23.427+0300][385.738s][info][gc] GC(570) Pause Final Update Refs 0.135ms
[2021-02-07T17:33:23.427+0300][385.739s][info][gc] GC(570) Concurrent cleanup 241M->230M(256M) 0.016ms
[2021-02-07T17:33:23.429+0300][385.740s][info][gc] Trigger: Free (12453K) is below minimum threshold (26214K)
[2021-02-07T17:33:23.429+0300][385.740s][info][gc] GC(571) Concurrent reset 0.290ms
[2021-02-07T17:33:23.429+0300][385.741s][info][gc] GC(571) Pause Init Mark (unload classes) 0.145ms
[2021-02-07T17:33:23.759+0300][386.070s][info][gc] GC(571) Concurrent marking (unload classes) 329.203ms
[2021-02-07T17:33:23.763+0300][386.075s][info][gc] GC(571) Pause Final Mark (unload classes) 0.427ms
[2021-02-07T17:33:23.769+0300][386.080s][info][gc] GC(571) Concurrent weak roots 5.248ms
[2021-02-07T17:33:23.769+0300][386.080s][info][gc] GC(571) Concurrent cleanup 236M->236M(256M) 0.011ms
[2021-02-07T17:33:23.774+0300][386.085s][info][gc] GC(571) Concurrent class unloading 5.130ms
[2021-02-07T17:33:23.774+0300][386.085s][info][gc] GC(571) Concurrent strong roots 0.135ms
[2021-02-07T17:33:23.779+0300][386.091s][info][gc] GC(571) Concurrent evacuation 5.113ms
[2021-02-07T17:33:23.779+0300][386.091s][info][gc] GC(571) Pause Init Update Refs 0.009ms
[2021-02-07T17:33:23.917+0300][386.228s][info][gc] GC(571) Concurrent update references 137.118ms
[2021-02-07T17:33:23.920+0300][386.231s][info][gc] GC(571) Pause Final Update Refs 0.119ms
[2021-02-07T17:33:23.920+0300][386.232s][info][gc] GC(571) Concurrent cleanup 241M->230M(256M) 0.018ms
[2021-02-07T17:33:23.922+0300][386.233s][info][gc] Trigger: Free (12423K) is below minimum threshold (26214K)
[2021-02-07T17:33:23.922+0300][386.234s][info][gc] GC(572) Concurrent reset 0.319ms
[2021-02-07T17:33:23.923+0300][386.234s][info][gc] GC(572) Pause Init Mark (unload classes) 0.151ms
[2021-02-07T17:33:24.235+0300][386.547s][info][gc] GC(572) Concurrent marking (unload classes) 312.859ms
[2021-02-07T17:33:24.248+0300][386.560s][info][gc] GC(572) Pause Final Mark (unload classes) 0.445ms
[2021-02-07T17:33:24.255+0300][386.566s][info][gc] GC(572) Concurrent weak roots 6.306ms
[2021-02-07T17:33:24.255+0300][386.566s][info][gc] GC(572) Concurrent cleanup 237M->237M(256M) 0.010ms
[2021-02-07T17:33:24.259+0300][386.570s][info][gc] GC(572) Concurrent class unloading 4.083ms
[2021-02-07T17:33:24.259+0300][386.570s][info][gc] GC(572) Concurrent strong roots 0.129ms
[2021-02-07T17:33:24.263+0300][386.575s][info][gc] GC(572) Concurrent evacuation 4.553ms
[2021-02-07T17:33:24.267+0300][386.578s][info][gc] GC(572) Pause Init Update Refs 0.014ms
[2021-02-07T17:33:24.405+0300][386.717s][info][gc] GC(572) Concurrent update references 138.630ms
[2021-02-07T17:33:24.407+0300][386.718s][info][gc] GC(572) Pause Final Update Refs 0.150ms
[2021-02-07T17:33:24.407+0300][386.718s][info][gc] GC(572) Concurrent cleanup 241M->230M(256M) 0.015ms
[2021-02-07T17:33:24.409+0300][386.720s][info][gc] Trigger: Free (12453K) is below minimum threshold (26214K)
[2021-02-07T17:33:24.409+0300][386.721s][info][gc] GC(573) Concurrent reset 0.322ms
[2021-02-07T17:33:24.409+0300][386.721s][info][gc] GC(573) Pause Init Mark (unload classes) 0.135ms
[2021-02-07T17:33:24.737+0300][387.049s][info][gc] GC(573) Concurrent marking (unload classes) 327.543ms
[2021-02-07T17:33:24.738+0300][387.050s][info][gc] GC(573) Pause Final Mark (unload classes) 0.434ms
[2021-02-07T17:33:24.744+0300][387.055s][info][gc] GC(573) Concurrent weak roots 5.419ms
[2021-02-07T17:33:24.744+0300][387.055s][info][gc] GC(573) Concurrent cleanup 236M->236M(256M) 0.016ms
[2021-02-07T17:33:24.748+0300][387.059s][info][gc] GC(573) Concurrent class unloading 4.089ms
[2021-02-07T17:33:24.748+0300][387.060s][info][gc] GC(573) Concurrent strong roots 0.133ms
[2021-02-07T17:33:24.753+0300][387.065s][info][gc] GC(573) Concurrent evacuation 5.508ms
[2021-02-07T17:33:24.754+0300][387.066s][info][gc] GC(573) Pause Init Update Refs 0.009ms
[2021-02-07T17:33:24.896+0300][387.207s][info][gc] GC(573) Concurrent update references 141.364ms
[2021-02-07T17:33:24.899+0300][387.210s][info][gc] GC(573) Pause Final Update Refs 0.140ms
[2021-02-07T17:33:24.899+0300][387.211s][info][gc] GC(573) Concurrent cleanup 241M->230M(256M) 0.016ms
[2021-02-07T17:33:24.901+0300][387.212s][info][gc] Trigger: Free (12423K) is below minimum threshold (26214K)
[2021-02-07T17:33:24.901+0300][387.213s][info][gc] GC(574) Concurrent reset 0.318ms
[2021-02-07T17:33:24.902+0300][387.213s][info][gc] GC(574) Pause Init Mark (unload classes) 0.166ms
[2021-02-07T17:33:25.217+0300][387.529s][info][gc] GC(574) Concurrent marking (unload classes) 315.433ms
[2021-02-07T17:33:25.220+0300][387.532s][info][gc] GC(574) Pause Final Mark (unload classes) 0.423ms
[2021-02-07T17:33:25.226+0300][387.537s][info][gc] GC(574) Concurrent weak roots 5.403ms
[2021-02-07T17:33:25.226+0300][387.537s][info][gc] GC(574) Concurrent cleanup 235M->235M(256M) 0.010ms
[2021-02-07T17:33:25.230+0300][387.541s][info][gc] GC(574) Concurrent class unloading 4.080ms
[2021-02-07T17:33:25.230+0300][387.541s][info][gc] GC(574) Concurrent strong roots 0.129ms
[2021-02-07T17:33:25.236+0300][387.547s][info][gc] GC(574) Concurrent evacuation 5.883ms
[2021-02-07T17:33:25.239+0300][387.550s][info][gc] GC(574) Pause Init Update Refs 0.010ms
[2021-02-07T17:33:25.382+0300][387.694s][info][gc] GC(574) Concurrent update references 143.635ms
[2021-02-07T17:33:25.386+0300][387.697s][info][gc] GC(574) Pause Final Update Refs 0.143ms
[2021-02-07T17:33:25.386+0300][387.698s][info][gc] GC(574) Concurrent cleanup 241M->230M(256M) 0.017ms
[2021-02-07T17:33:25.388+0300][387.699s][info][gc] Trigger: Free (12453K) is below minimum threshold (26214K)
[2021-02-07T17:33:25.388+0300][387.700s][info][gc] GC(575) Concurrent reset 0.315ms
[2021-02-07T17:33:25.388+0300][387.700s][info][gc] GC(575) Pause Init Mark (process weakrefs) (unload classes) 0.146ms
[2021-02-07T17:33:25.700+0300][388.011s][info][gc] GC(575) Concurrent marking (process weakrefs) (unload classes) 311.276ms
[2021-02-07T17:33:25.700+0300][388.012s][info][gc] GC(575) Concurrent precleaning 0.172ms
[2021-02-07T17:33:25.704+0300][388.016s][info][gc] GC(575) Pause Final Mark (process weakrefs) (unload classes) 0.445ms
[2021-02-07T17:33:25.710+0300][388.021s][info][gc] GC(575) Concurrent weak roots 5.297ms
[2021-02-07T17:33:25.710+0300][388.021s][info][gc] GC(575) Concurrent cleanup 237M->237M(256M) 0.011ms
[2021-02-07T17:33:25.712+0300][388.023s][info][gc] GC(575) Concurrent class unloading 2.226ms
[2021-02-07T17:33:25.712+0300][388.024s][info][gc] GC(575) Concurrent strong roots 0.127ms
[2021-02-07T17:33:25.716+0300][388.028s][info][gc] GC(575) Concurrent evacuation 4.474ms
[2021-02-07T17:33:25.720+0300][388.031s][info][gc] GC(575) Pause Init Update Refs 0.010ms
[2021-02-07T17:33:25.859+0300][388.170s][info][gc] GC(575) Concurrent update references 138.822ms
[2021-02-07T17:33:25.862+0300][388.173s][info][gc] GC(575) Pause Final Update Refs 0.121ms
[2021-02-07T17:33:25.862+0300][388.174s][info][gc] GC(575) Concurrent cleanup 241M->230M(256M) 0.021ms
[2021-02-07T17:33:25.864+0300][388.175s][info][gc] Trigger: Free (12423K) is below minimum threshold (26214K)
[2021-02-07T17:33:25.864+0300][388.176s][info][gc] GC(576) Concurrent reset 0.322ms
[2021-02-07T17:33:25.864+0300][388.176s][info][gc] GC(576) Pause Init Mark (unload classes) 0.089ms
[2021-02-07T17:33:26.195+0300][388.507s][info][gc] GC(576) Concurrent marking (unload classes) 330.712ms
[2021-02-07T17:33:26.199+0300][388.511s][info][gc] GC(576) Pause Final Mark (unload classes) 0.423ms
[2021-02-07T17:33:26.205+0300][388.516s][info][gc] GC(576) Concurrent weak roots 5.346ms
[2021-02-07T17:33:26.205+0300][388.516s][info][gc] GC(576) Concurrent cleanup 237M->237M(256M) 0.012ms
[2021-02-07T17:33:26.207+0300][388.519s][info][gc] GC(576) Concurrent class unloading 2.302ms
[2021-02-07T17:33:26.207+0300][388.519s][info][gc] GC(576) Concurrent strong roots 0.087ms
[2021-02-07T17:33:26.212+0300][388.524s][info][gc] GC(576) Concurrent evacuation 4.846ms
[2021-02-07T17:33:26.215+0300][388.526s][info][gc] GC(576) Pause Init Update Refs 0.009ms
[2021-02-07T17:33:26.353+0300][388.665s][info][gc] GC(576) Concurrent update references 138.266ms
[2021-02-07T17:33:26.354+0300][388.665s][info][gc] GC(576) Pause Final Update Refs 0.114ms
[2021-02-07T17:33:26.354+0300][388.665s][info][gc] GC(576) Concurrent cleanup 241M->230M(256M) 0.018ms
[2021-02-07T17:33:26.356+0300][388.667s][info][gc] Trigger: Free (12453K) is below minimum threshold (26214K)
[2021-02-07T17:33:26.356+0300][388.668s][info][gc] GC(577) Concurrent reset 0.317ms
[2021-02-07T17:33:26.356+0300][388.668s][info][gc] GC(577) Pause Init Mark (unload classes) 0.135ms
[2021-02-07T17:33:26.666+0300][388.978s][info][gc] GC(577) Concurrent marking (unload classes) 309.732ms
[2021-02-07T17:33:26.668+0300][388.979s][info][gc] GC(577) Pause Final Mark (unload classes) 0.392ms
[2021-02-07T17:33:26.675+0300][388.986s][info][gc] GC(577) Concurrent weak roots 6.818ms
[2021-02-07T17:33:26.675+0300][388.986s][info][gc] GC(577) Concurrent cleanup 237M->237M(256M) 0.015ms
[2021-02-07T17:33:26.677+0300][388.989s][info][gc] GC(577) Concurrent class unloading 2.492ms
[2021-02-07T17:33:26.677+0300][388.989s][info][gc] GC(577) Concurrent strong roots 0.131ms
[2021-02-07T17:33:26.682+0300][388.994s][info][gc] GC(577) Concurrent evacuation 5.154ms
[2021-02-07T17:33:26.684+0300][388.995s][info][gc] GC(577) Pause Init Update Refs 0.009ms
[2021-02-07T17:33:26.819+0300][389.131s][info][gc] GC(577) Concurrent update references 135.742ms
[2021-02-07T17:33:26.820+0300][389.132s][info][gc] GC(577) Pause Final Update Refs 0.138ms
[2021-02-07T17:33:26.820+0300][389.132s][info][gc] GC(577) Concurrent cleanup 242M->230M(256M) 0.016ms
[2021-02-07T17:33:26.822+0300][389.134s][info][gc] Trigger: Free (12467K) is below minimum threshold (26214K)
[2021-02-07T17:33:26.822+0300][389.134s][info][gc] GC(578) Concurrent reset 0.314ms
[2021-02-07T17:33:26.822+0300][389.134s][info][gc] GC(578) Pause Init Mark (unload classes) 0.144ms
[2021-02-07T17:33:27.134+0300][389.446s][info][gc] GC(578) Concurrent marking (unload classes) 311.380ms
[2021-02-07T17:33:27.143+0300][389.455s][info][gc] GC(578) Pause Final Mark (unload classes) 0.435ms
[2021-02-07T17:33:27.149+0300][389.461s][info][gc] GC(578) Concurrent weak roots 5.291ms
[2021-02-07T17:33:27.149+0300][389.461s][info][gc] GC(578) Concurrent cleanup 237M->237M(256M) 0.010ms
[2021-02-07T17:33:27.151+0300][389.463s][info][gc] GC(578) Concurrent class unloading 1.948ms
[2021-02-07T17:33:27.151+0300][389.463s][info][gc] GC(578) Concurrent strong roots 0.132ms
[2021-02-07T17:33:27.156+0300][389.468s][info][gc] GC(578) Concurrent evacuation 4.937ms
[2021-02-07T17:33:27.159+0300][389.471s][info][gc] GC(578) Pause Init Update Refs 0.009ms
[2021-02-07T17:33:27.296+0300][389.609s][info][gc] GC(578) Concurrent update references 137.600ms
[2021-02-07T17:33:27.297+0300][389.609s][info][gc] GC(578) Pause Final Update Refs 0.141ms
[2021-02-07T17:33:27.297+0300][389.609s][info][gc] GC(578) Concurrent cleanup 241M->230M(256M) 0.015ms
[2021-02-07T17:33:27.299+0300][389.611s][info][gc] Trigger: Free (12453K) is below minimum threshold (26214K)
[2021-02-07T17:33:27.299+0300][389.611s][info][gc] GC(579) Concurrent reset 0.313ms
[2021-02-07T17:33:27.299+0300][389.612s][info][gc] GC(579) Pause Init Mark (unload classes) 0.150ms
[2021-02-07T17:33:27.615+0300][389.927s][info][gc] GC(579) Concurrent marking (unload classes) 315.118ms
[2021-02-07T17:33:27.618+0300][389.930s][info][gc] GC(579) Pause Final Mark (unload classes) 0.376ms
[2021-02-07T17:33:27.624+0300][389.936s][info][gc] GC(579) Concurrent weak roots 5.489ms
[2021-02-07T17:33:27.624+0300][389.936s][info][gc] GC(579) Concurrent cleanup 238M->238M(256M) 0.012ms
[2021-02-07T17:33:27.626+0300][389.938s][info][gc] GC(579) Concurrent class unloading 2.122ms
[2021-02-07T17:33:27.626+0300][389.938s][info][gc] GC(579) Concurrent strong roots 0.103ms
[2021-02-07T17:33:27.630+0300][389.943s][info][gc] GC(579) Concurrent evacuation 4.457ms
[2021-02-07T17:33:27.633+0300][389.945s][info][gc] GC(579) Pause Init Update Refs 0.009ms
[2021-02-07T17:33:27.770+0300][390.082s][info][gc] GC(579) Concurrent update references 137.292ms
[2021-02-07T17:33:27.781+0300][390.093s][info][gc] GC(579) Pause Final Update Refs 0.088ms
[2021-02-07T17:33:27.781+0300][390.093s][info][gc] GC(579) Concurrent cleanup 242M->230M(256M) 0.017ms
[2021-02-07T17:33:27.797+0300][390.109s][info][gc] Trigger: Free (12453K) is below minimum threshold (26214K)
[2021-02-07T17:33:27.797+0300][390.109s][info][gc] GC(580) Concurrent reset 0.301ms
[2021-02-07T17:33:27.797+0300][390.110s][info][gc] GC(580) Pause Init Mark (process weakrefs) (unload classes) 0.112ms
[2021-02-07T17:33:28.112+0300][390.424s][info][gc] GC(580) Concurrent marking (process weakrefs) (unload classes) 314.014ms
[2021-02-07T17:33:28.112+0300][390.424s][info][gc] GC(580) Concurrent precleaning 0.116ms
[2021-02-07T17:33:28.113+0300][390.425s][info][gc] GC(580) Pause Final Mark (process weakrefs) (unload classes) 0.430ms
[2021-02-07T17:33:28.131+0300][390.443s][info][gc] GC(580) Concurrent weak roots 17.635ms
[2021-02-07T17:33:28.131+0300][390.443s][info][gc] GC(580) Concurrent cleanup 237M->237M(256M) 0.012ms
[2021-02-07T17:33:28.134+0300][390.446s][info][gc] GC(580) Concurrent class unloading 3.199ms
[2021-02-07T17:33:28.134+0300][390.446s][info][gc] GC(580) Concurrent strong roots 0.104ms
[2021-02-07T17:33:28.139+0300][390.451s][info][gc] GC(580) Concurrent evacuation 4.762ms
[2021-02-07T17:33:28.147+0300][390.459s][info][gc] GC(580) Pause Init Update Refs 0.009ms
[2021-02-07T17:33:28.283+0300][390.595s][info][gc] GC(580) Concurrent update references 135.811ms
[2021-02-07T17:33:28.286+0300][390.598s][info][gc] GC(580) Pause Final Update Refs 0.139ms
[2021-02-07T17:33:28.286+0300][390.598s][info][gc] GC(580) Concurrent cleanup 242M->230M(256M) 0.017ms
[2021-02-07T17:33:28.288+0300][390.600s][info][gc] Trigger: Free (12363K) is below minimum threshold (26214K)
[2021-02-07T17:33:28.288+0300][390.600s][info][gc] GC(581) Concurrent reset 0.287ms
[2021-02-07T17:33:28.288+0300][390.601s][info][gc] GC(581) Pause Init Mark (unload classes) 0.148ms
[2021-02-07T17:33:28.598+0300][390.910s][info][gc] GC(581) Concurrent marking (unload classes) 309.567ms
[2021-02-07T17:33:28.601+0300][390.913s][info][gc] GC(581) Pause Final Mark (unload classes) 0.358ms
[2021-02-07T17:33:28.607+0300][390.919s][info][gc] GC(581) Concurrent weak roots 5.360ms
[2021-02-07T17:33:28.607+0300][390.919s][info][gc] GC(581) Concurrent cleanup 237M->237M(256M) 0.019ms
[2021-02-07T17:33:28.609+0300][390.921s][info][gc] GC(581) Concurrent class unloading 2.007ms
[2021-02-07T17:33:28.609+0300][390.921s][info][gc] GC(581) Concurrent strong roots 0.133ms
[2021-02-07T17:33:28.614+0300][390.926s][info][gc] GC(581) Concurrent evacuation 4.962ms
[2021-02-07T17:33:28.617+0300][390.929s][info][gc] GC(581) Pause Init Update Refs 0.009ms
[2021-02-07T17:33:28.754+0300][391.066s][info][gc] GC(581) Concurrent update references 136.757ms
[2021-02-07T17:33:28.754+0300][391.066s][info][gc] GC(581) Pause Final Update Refs 0.136ms
[2021-02-07T17:33:28.754+0300][391.067s][info][gc] GC(581) Concurrent cleanup 241M->230M(256M) 0.017ms
[2021-02-07T17:33:28.767+0300][391.079s][info][gc] Trigger: Free (12709K) is below minimum threshold (26214K)
[2021-02-07T17:33:28.767+0300][391.079s][info][gc] GC(582) Concurrent reset 0.367ms
[2021-02-07T17:33:28.767+0300][391.080s][info][gc] GC(582) Pause Init Mark (unload classes) 0.100ms
[2021-02-07T17:33:29.077+0300][391.389s][info][gc] GC(582) Concurrent marking (unload classes) 309.440ms
[2021-02-07T17:33:29.080+0300][391.392s][info][gc] GC(582) Pause Final Mark (unload classes) 0.436ms
[2021-02-07T17:33:29.086+0300][391.398s][info][gc] GC(582) Concurrent weak roots 5.326ms
[2021-02-07T17:33:29.086+0300][391.398s][info][gc] GC(582) Concurrent cleanup 237M->237M(256M) 0.017ms
[2021-02-07T17:33:29.088+0300][391.400s][info][gc] GC(582) Concurrent class unloading 2.292ms
[2021-02-07T17:33:29.088+0300][391.400s][info][gc] GC(582) Concurrent strong roots 0.132ms
[2021-02-07T17:33:29.093+0300][391.405s][info][gc] GC(582) Concurrent evacuation 4.787ms
[2021-02-07T17:33:29.096+0300][391.408s][info][gc] GC(582) Pause Init Update Refs 0.009ms
[2021-02-07T17:33:29.237+0300][391.549s][info][gc] GC(582) Concurrent update references 140.527ms
[2021-02-07T17:33:29.240+0300][391.551s][info][gc] GC(582) Pause Final Update Refs 0.156ms
[2021-02-07T17:33:29.240+0300][391.551s][info][gc] GC(582) Concurrent cleanup 241M->230M(256M) 0.016ms
[2021-02-07T17:33:29.242+0300][391.553s][info][gc] Trigger: Free (12359K) is below minimum threshold (26214K)
[2021-02-07T17:33:29.242+0300][391.554s][info][gc] GC(583) Concurrent reset 0.317ms
[2021-02-07T17:33:29.242+0300][391.554s][info][gc] GC(583) Pause Init Mark (unload classes) 0.146ms
[2021-02-07T17:33:29.553+0300][391.865s][info][gc] GC(583) Concurrent marking (unload classes) 310.618ms
[2021-02-07T17:33:29.554+0300][391.866s][info][gc] GC(583) Pause Final Mark (unload classes) 0.430ms
[2021-02-07T17:33:29.560+0300][391.871s][info][gc] GC(583) Concurrent weak roots 5.535ms
[2021-02-07T17:33:29.560+0300][391.871s][info][gc] GC(583) Concurrent cleanup 236M->236M(256M) 0.010ms
[2021-02-07T17:33:29.564+0300][391.875s][info][gc] GC(583) Concurrent class unloading 4.097ms
[2021-02-07T17:33:29.564+0300][391.876s][info][gc] GC(583) Concurrent strong roots 0.131ms
[2021-02-07T17:33:29.569+0300][391.881s][info][gc] GC(583) Concurrent evacuation 5.399ms
[2021-02-07T17:33:29.570+0300][391.882s][info][gc] GC(583) Pause Init Update Refs 0.009ms
[2021-02-07T17:33:29.707+0300][392.018s][info][gc] GC(583) Concurrent update references 136.590ms
[2021-02-07T17:33:29.707+0300][392.019s][info][gc] GC(583) Pause Final Update Refs 0.117ms
[2021-02-07T17:33:29.707+0300][392.019s][info][gc] GC(583) Concurrent cleanup 241M->230M(256M) 0.016ms
[2021-02-07T17:33:29.709+0300][392.020s][info][gc] Trigger: Free (12965K) is below minimum threshold (26214K)
[2021-02-07T17:33:29.709+0300][392.021s][info][gc] GC(584) Concurrent reset 0.320ms
[2021-02-07T17:33:29.709+0300][392.021s][info][gc] GC(584) Pause Init Mark (unload classes) 0.119ms
[2021-02-07T17:33:30.019+0300][392.331s][info][gc] GC(584) Concurrent marking (unload classes) 309.922ms
[2021-02-07T17:33:30.024+0300][392.336s][info][gc] GC(584) Pause Final Mark (unload classes) 0.445ms
[2021-02-07T17:33:30.030+0300][392.341s][info][gc] GC(584) Concurrent weak roots 5.377ms
[2021-02-07T17:33:30.030+0300][392.341s][info][gc] GC(584) Concurrent cleanup 236M->236M(256M) 0.010ms
[2021-02-07T17:33:30.034+0300][392.345s][info][gc] GC(584) Concurrent class unloading 4.096ms
[2021-02-07T17:33:30.034+0300][392.346s][info][gc] GC(584) Concurrent strong roots 0.100ms
[2021-02-07T17:33:30.039+0300][392.351s][info][gc] GC(584) Concurrent evacuation 5.133ms
[2021-02-07T17:33:30.042+0300][392.353s][info][gc] GC(584) Pause Init Update Refs 0.010ms
[2021-02-07T17:33:30.183+0300][392.495s][info][gc] GC(584) Concurrent update references 141.758ms
[2021-02-07T17:33:30.187+0300][392.499s][info][gc] GC(584) Pause Final Update Refs 0.151ms
[2021-02-07T17:33:30.187+0300][392.499s][info][gc] GC(584) Concurrent cleanup 241M->230M(256M) 0.017ms
[2021-02-07T17:33:30.189+0300][392.501s][info][gc] Trigger: Free (12871K) is below minimum threshold (26214K)
[2021-02-07T17:33:30.189+0300][392.501s][info][gc] GC(585) Concurrent reset 0.316ms
[2021-02-07T17:33:30.190+0300][392.502s][info][gc] GC(585) Pause Init Mark (process weakrefs) (unload classes) 0.152ms
[2021-02-07T17:33:30.517+0300][392.829s][info][gc] GC(585) Concurrent marking (process weakrefs) (unload classes) 326.788ms
[2021-02-07T17:33:30.517+0300][392.829s][info][gc] GC(585) Concurrent precleaning 0.154ms
[2021-02-07T17:33:30.518+0300][392.830s][info][gc] GC(585) Pause Final Mark (process weakrefs) (unload classes) 0.463ms
[2021-02-07T17:33:30.524+0300][392.836s][info][gc] GC(585) Concurrent weak roots 5.247ms
[2021-02-07T17:33:30.524+0300][392.836s][info][gc] GC(585) Concurrent cleanup 236M->236M(256M) 0.010ms
[2021-02-07T17:33:30.526+0300][392.838s][info][gc] GC(585) Concurrent class unloading 1.951ms
[2021-02-07T17:33:30.526+0300][392.838s][info][gc] GC(585) Concurrent strong roots 0.136ms
[2021-02-07T17:33:30.531+0300][392.843s][info][gc] GC(585) Concurrent evacuation 4.857ms
[2021-02-07T17:33:30.534+0300][392.846s][info][gc] GC(585) Pause Init Update Refs 0.009ms
[2021-02-07T17:33:30.679+0300][392.991s][info][gc] GC(585) Concurrent update references 145.025ms
[2021-02-07T17:33:30.682+0300][392.994s][info][gc] GC(585) Pause Final Update Refs 0.141ms
[2021-02-07T17:33:30.682+0300][392.994s][info][gc] GC(585) Concurrent cleanup 241M->230M(256M) 0.015ms
[2021-02-07T17:33:30.684+0300][392.996s][info][gc] Trigger: Free (12965K) is below minimum threshold (26214K)
[2021-02-07T17:33:30.684+0300][392.996s][info][gc] GC(586) Concurrent reset 0.320ms
[2021-02-07T17:33:30.684+0300][392.996s][info][gc] GC(586) Pause Init Mark (unload classes) 0.140ms
[2021-02-07T17:33:30.996+0300][393.308s][info][gc] GC(586) Concurrent marking (unload classes) 311.428ms
[2021-02-07T17:33:30.999+0300][393.311s][info][gc] GC(586) Pause Final Mark (unload classes) 0.430ms
[2021-02-07T17:33:31.005+0300][393.317s][info][gc] GC(586) Concurrent weak roots 5.373ms
[2021-02-07T17:33:31.005+0300][393.317s][info][gc] GC(586) Concurrent cleanup 236M->236M(256M) 0.010ms
[2021-02-07T17:33:31.009+0300][393.321s][info][gc] GC(586) Concurrent class unloading 4.078ms
[2021-02-07T17:33:31.009+0300][393.321s][info][gc] GC(586) Concurrent strong roots 0.131ms
[2021-02-07T17:33:31.014+0300][393.326s][info][gc] GC(586) Concurrent evacuation 5.247ms
[2021-02-07T17:33:31.015+0300][393.327s][info][gc] GC(586) Pause Init Update Refs 0.009ms
[2021-02-07T17:33:31.155+0300][393.467s][info][gc] GC(586) Concurrent update references 140.226ms
[2021-02-07T17:33:31.156+0300][393.468s][info][gc] GC(586) Pause Final Update Refs 0.135ms
[2021-02-07T17:33:31.156+0300][393.468s][info][gc] GC(586) Concurrent cleanup 241M->230M(256M) 0.015ms
[2021-02-07T17:33:31.158+0300][393.470s][info][gc] Trigger: Free (12604K) is below minimum threshold (26214K)
[2021-02-07T17:33:31.158+0300][393.470s][info][gc] GC(587) Concurrent reset 0.290ms
[2021-02-07T17:33:31.158+0300][393.470s][info][gc] GC(587) Pause Init Mark (unload classes) 0.148ms
[2021-02-07T17:33:31.473+0300][393.785s][info][gc] GC(587) Concurrent marking (unload classes) 314.938ms
[2021-02-07T17:33:31.478+0300][393.790s][info][gc] GC(587) Pause Final Mark (unload classes) 0.422ms
[2021-02-07T17:33:31.484+0300][393.796s][info][gc] GC(587) Concurrent weak roots 5.352ms
[2021-02-07T17:33:31.484+0300][393.796s][info][gc] GC(587) Concurrent cleanup 237M->237M(256M) 0.011ms
[2021-02-07T17:33:31.489+0300][393.801s][info][gc] GC(587) Concurrent class unloading 5.084ms
[2021-02-07T17:33:31.489+0300][393.801s][info][gc] GC(587) Concurrent strong roots 0.105ms
[2021-02-07T17:33:31.494+0300][393.806s][info][gc] GC(587) Concurrent evacuation 4.904ms
[2021-02-07T17:33:31.494+0300][393.807s][info][gc] GC(587) Pause Init Update Refs 0.009ms
[2021-02-07T17:33:31.631+0300][393.943s][info][gc] GC(587) Concurrent update references 136.158ms
[2021-02-07T17:33:31.631+0300][393.943s][info][gc] GC(587) Pause Final Update Refs 0.136ms
[2021-02-07T17:33:31.631+0300][393.944s][info][gc] GC(587) Concurrent cleanup 241M->230M(256M) 0.015ms
[2021-02-07T17:33:31.634+0300][393.946s][info][gc] Trigger: Free (12965K) is below minimum threshold (26214K)
[2021-02-07T17:33:31.634+0300][393.946s][info][gc] GC(588) Concurrent reset 0.283ms
[2021-02-07T17:33:31.634+0300][393.946s][info][gc] GC(588) Pause Init Mark (unload classes) 0.104ms
[2021-02-07T17:33:31.946+0300][394.258s][info][gc] GC(588) Concurrent marking (unload classes) 311.461ms
[2021-02-07T17:33:31.949+0300][394.261s][info][gc] GC(588) Pause Final Mark (unload classes) 0.431ms
[2021-02-07T17:33:31.955+0300][394.267s][info][gc] GC(588) Concurrent weak roots 5.366ms
[2021-02-07T17:33:31.955+0300][394.267s][info][gc] GC(588) Concurrent cleanup 237M->237M(256M) 0.019ms
[2021-02-07T17:33:31.957+0300][394.269s][info][gc] GC(588) Concurrent class unloading 2.014ms
[2021-02-07T17:33:31.957+0300][394.269s][info][gc] GC(588) Concurrent strong roots 0.101ms
[2021-02-07T17:33:31.962+0300][394.274s][info][gc] GC(588) Concurrent evacuation 4.744ms
[2021-02-07T17:33:31.965+0300][394.277s][info][gc] GC(588) Pause Init Update Refs 0.009ms
[2021-02-07T17:33:32.103+0300][394.415s][info][gc] GC(588) Concurrent update references 138.014ms
[2021-02-07T17:33:32.104+0300][394.416s][info][gc] GC(588) Pause Final Update Refs 0.140ms
[2021-02-07T17:33:32.104+0300][394.416s][info][gc] GC(588) Concurrent cleanup 241M->230M(256M) 0.015ms
[2021-02-07T17:33:32.106+0300][394.418s][info][gc] Trigger: Free (12965K) is below minimum threshold (26214K)
[2021-02-07T17:33:32.106+0300][394.418s][info][gc] GC(589) Concurrent reset 0.291ms
[2021-02-07T17:33:32.106+0300][394.418s][info][gc] GC(589) Pause Init Mark (unload classes) 0.147ms
[2021-02-07T17:33:32.421+0300][394.733s][info][gc] GC(589) Concurrent marking (unload classes) 314.511ms
[2021-02-07T17:33:32.426+0300][394.738s][info][gc] GC(589) Pause Final Mark (unload classes) 0.431ms
[2021-02-07T17:33:32.434+0300][394.746s][info][gc] GC(589) Concurrent weak roots 7.295ms
[2021-02-07T17:33:32.434+0300][394.746s][info][gc] GC(589) Concurrent cleanup 237M->237M(256M) 0.011ms
[2021-02-07T17:33:32.436+0300][394.748s][info][gc] GC(589) Concurrent class unloading 2.683ms
[2021-02-07T17:33:32.436+0300][394.749s][info][gc] GC(589) Concurrent strong roots 0.140ms
[2021-02-07T17:33:32.441+0300][394.753s][info][gc] GC(589) Concurrent evacuation 4.140ms
[2021-02-07T17:33:32.444+0300][394.756s][info][gc] GC(589) Pause Init Update Refs 0.009ms
[2021-02-07T17:33:32.579+0300][394.891s][info][gc] GC(589) Concurrent update references 134.989ms
[2021-02-07T17:33:32.582+0300][394.894s][info][gc] GC(589) Pause Final Update Refs 0.138ms
[2021-02-07T17:33:32.582+0300][394.894s][info][gc] GC(589) Concurrent cleanup 241M->230M(256M) 0.015ms
[2021-02-07T17:33:32.584+0300][394.896s][info][gc] Trigger: Free (12965K) is below minimum threshold (26214K)
[2021-02-07T17:33:32.584+0300][394.896s][info][gc] GC(590) Concurrent reset 0.321ms
[2021-02-07T17:33:32.584+0300][394.896s][info][gc] GC(590) Pause Init Mark (process weakrefs) (unload classes) 0.175ms
[2021-02-07T17:33:32.896+0300][395.208s][info][gc] GC(590) Concurrent marking (process weakrefs) (unload classes) 311.255ms
[2021-02-07T17:33:32.896+0300][395.208s][info][gc] GC(590) Concurrent precleaning 0.109ms
[2021-02-07T17:33:32.900+0300][395.212s][info][gc] GC(590) Pause Final Mark (process weakrefs) (unload classes) 0.454ms
[2021-02-07T17:33:32.908+0300][395.220s][info][gc] GC(590) Concurrent weak roots 7.299ms
[2021-02-07T17:33:32.908+0300][395.220s][info][gc] GC(590) Concurrent cleanup 237M->237M(256M) 0.010ms
[2021-02-07T17:33:32.910+0300][395.222s][info][gc] GC(590) Concurrent class unloading 2.716ms
[2021-02-07T17:33:32.911+0300][395.223s][info][gc] GC(590) Concurrent strong roots 0.117ms
[2021-02-07T17:33:32.915+0300][395.227s][info][gc] GC(590) Concurrent evacuation 4.289ms
[2021-02-07T17:33:32.918+0300][395.230s][info][gc] GC(590) Pause Init Update Refs 0.009ms
[2021-02-07T17:33:33.061+0300][395.373s][info][gc] GC(590) Concurrent update references 142.780ms
[2021-02-07T17:33:33.061+0300][395.373s][info][gc] GC(590) Pause Final Update Refs 0.137ms
[2021-02-07T17:33:33.061+0300][395.373s][info][gc] GC(590) Concurrent cleanup 241M->230M(256M) 0.015ms
[2021-02-07T17:33:33.063+0300][395.375s][info][gc] Trigger: Free (12965K) is below minimum threshold (26214K)
[2021-02-07T17:33:33.063+0300][395.375s][info][gc] GC(591) Concurrent reset 0.317ms
[2021-02-07T17:33:33.063+0300][395.375s][info][gc] GC(591) Pause Init Mark (unload classes) 0.146ms
[2021-02-07T17:33:33.376+0300][395.689s][info][gc] GC(591) Concurrent marking (unload classes) 313.018ms
[2021-02-07T17:33:33.378+0300][395.690s][info][gc] GC(591) Pause Final Mark (unload classes) 0.426ms
[2021-02-07T17:33:33.386+0300][395.698s][info][gc] GC(591) Concurrent weak roots 7.513ms
[2021-02-07T17:33:33.386+0300][395.698s][info][gc] GC(591) Concurrent cleanup 238M->238M(256M) 0.010ms
[2021-02-07T17:33:33.388+0300][395.701s][info][gc] GC(591) Concurrent class unloading 2.833ms
[2021-02-07T17:33:33.389+0300][395.701s][info][gc] GC(591) Concurrent strong roots 0.115ms
[2021-02-07T17:33:33.393+0300][395.705s][info][gc] GC(591) Concurrent evacuation 4.001ms
[2021-02-07T17:33:33.393+0300][395.705s][info][gc] GC(591) Pause Init Update Refs 0.009ms
[2021-02-07T17:33:33.528+0300][395.840s][info][gc] GC(591) Concurrent update references 134.983ms
[2021-02-07T17:33:33.528+0300][395.841s][info][gc] GC(591) Pause Final Update Refs 0.140ms
[2021-02-07T17:33:33.529+0300][395.841s][info][gc] GC(591) Concurrent cleanup 241M->230M(256M) 0.017ms
[2021-02-07T17:33:33.533+0300][395.845s][info][gc] Trigger: Free (12965K) is below minimum threshold (26214K)
[2021-02-07T17:33:33.533+0300][395.845s][info][gc] GC(592) Concurrent reset 0.306ms
[2021-02-07T17:33:33.533+0300][395.845s][info][gc] GC(592) Pause Init Mark (unload classes) 0.155ms
[2021-02-07T17:33:33.846+0300][396.158s][info][gc] GC(592) Concurrent marking (unload classes) 312.748ms
[2021-02-07T17:33:33.848+0300][396.160s][info][gc] GC(592) Pause Final Mark (unload classes) 0.477ms
[2021-02-07T17:33:33.853+0300][396.165s][info][gc] GC(592) Concurrent weak roots 4.909ms
[2021-02-07T17:33:33.853+0300][396.165s][info][gc] GC(592) Concurrent cleanup 236M->236M(256M) 0.013ms
[2021-02-07T17:33:33.855+0300][396.167s][info][gc] GC(592) Concurrent class unloading 2.341ms
[2021-02-07T17:33:33.855+0300][396.167s][info][gc] GC(592) Concurrent strong roots 0.132ms
[2021-02-07T17:33:33.861+0300][396.173s][info][gc] GC(592) Concurrent evacuation 5.293ms
[2021-02-07T17:33:33.864+0300][396.176s][info][gc] GC(592) Pause Init Update Refs 0.011ms
[2021-02-07T17:33:34.001+0300][396.313s][info][gc] GC(592) Concurrent update references 137.037ms
[2021-02-07T17:33:34.002+0300][396.314s][info][gc] GC(592) Pause Final Update Refs 0.143ms
[2021-02-07T17:33:34.002+0300][396.314s][info][gc] GC(592) Concurrent cleanup 241M->230M(256M) 0.016ms
[2021-02-07T17:33:34.004+0300][396.316s][info][gc] Trigger: Free (12965K) is below minimum threshold (26214K)
[2021-02-07T17:33:34.004+0300][396.316s][info][gc] GC(593) Concurrent reset 0.317ms
[2021-02-07T17:33:34.004+0300][396.316s][info][gc] GC(593) Pause Init Mark (unload classes) 0.145ms
[2021-02-07T17:33:34.330+0300][396.642s][info][gc] GC(593) Concurrent marking (unload classes) 325.906ms
[2021-02-07T17:33:34.333+0300][396.645s][info][gc] GC(593) Pause Final Mark (unload classes) 0.427ms
[2021-02-07T17:33:34.341+0300][396.653s][info][gc] GC(593) Concurrent weak roots 7.312ms
[2021-02-07T17:33:34.341+0300][396.653s][info][gc] GC(593) Concurrent cleanup 237M->237M(256M) 0.012ms
[2021-02-07T17:33:34.343+0300][396.656s][info][gc] GC(593) Concurrent class unloading 2.783ms
[2021-02-07T17:33:34.344+0300][396.656s][info][gc] GC(593) Concurrent strong roots 0.117ms
[2021-02-07T17:33:34.348+0300][396.660s][info][gc] GC(593) Concurrent evacuation 4.440ms
[2021-02-07T17:33:34.351+0300][396.663s][info][gc] GC(593) Pause Init Update Refs 0.009ms
[2021-02-07T17:33:34.495+0300][396.807s][info][gc] GC(593) Concurrent update references 144.502ms
[2021-02-07T17:33:34.497+0300][396.809s][info][gc] GC(593) Pause Final Update Refs 0.146ms
[2021-02-07T17:33:34.497+0300][396.809s][info][gc] GC(593) Concurrent cleanup 241M->230M(256M) 0.017ms
[2021-02-07T17:33:34.499+0300][396.811s][info][gc] Trigger: Free (12965K) is below minimum threshold (26214K)
[2021-02-07T17:33:34.499+0300][396.811s][info][gc] GC(594) Concurrent reset 0.320ms
[2021-02-07T17:33:34.499+0300][396.811s][info][gc] GC(594) Pause Init Mark (unload classes) 0.130ms
[2021-02-07T17:33:34.811+0300][397.123s][info][gc] GC(594) Concurrent marking (unload classes) 311.950ms
[2021-02-07T17:33:34.814+0300][397.126s][info][gc] GC(594) Pause Final Mark (unload classes) 0.410ms
[2021-02-07T17:33:34.822+0300][397.134s][info][gc] GC(594) Concurrent weak roots 7.312ms
[2021-02-07T17:33:34.822+0300][397.134s][info][gc] GC(594) Concurrent cleanup 237M->237M(256M) 0.015ms
[2021-02-07T17:33:34.824+0300][397.136s][info][gc] GC(594) Concurrent class unloading 2.517ms
[2021-02-07T17:33:34.824+0300][397.136s][info][gc] GC(594) Concurrent strong roots 0.101ms
[2021-02-07T17:33:34.829+0300][397.141s][info][gc] GC(594) Concurrent evacuation 4.334ms
[2021-02-07T17:33:34.832+0300][397.144s][info][gc] GC(594) Pause Init Update Refs 0.008ms
[2021-02-07T17:33:34.981+0300][397.293s][info][gc] GC(594) Concurrent update references 149.554ms
[2021-02-07T17:33:34.982+0300][397.294s][info][gc] GC(594) Pause Final Update Refs 0.132ms
[2021-02-07T17:33:34.982+0300][397.294s][info][gc] GC(594) Concurrent cleanup 241M->230M(256M) 0.015ms
[2021-02-07T17:33:34.984+0300][397.296s][info][gc] Trigger: Free (12934K) is below minimum threshold (26214K)
[2021-02-07T17:33:34.984+0300][397.296s][info][gc] GC(595) Concurrent reset 0.292ms
[2021-02-07T17:33:34.984+0300][397.296s][info][gc] GC(595) Pause Init Mark (process weakrefs) (unload classes) 0.133ms
[2021-02-07T17:33:35.301+0300][397.613s][info][gc] GC(595) Concurrent marking (process weakrefs) (unload classes) 316.400ms
[2021-02-07T17:33:35.301+0300][397.613s][info][gc] GC(595) Concurrent precleaning 0.142ms
[2021-02-07T17:33:35.304+0300][397.616s][info][gc] GC(595) Pause Final Mark (process weakrefs) (unload classes) 0.447ms
[2021-02-07T17:33:35.310+0300][397.622s][info][gc] GC(595) Concurrent weak roots 5.354ms
[2021-02-07T17:33:35.310+0300][397.622s][info][gc] GC(595) Concurrent cleanup 237M->237M(256M) 0.011ms
[2021-02-07T17:33:35.312+0300][397.624s][info][gc] GC(595) Concurrent class unloading 2.114ms
[2021-02-07T17:33:35.312+0300][397.624s][info][gc] GC(595) Concurrent strong roots 0.129ms
[2021-02-07T17:33:35.316+0300][397.628s][info][gc] GC(595) Concurrent evacuation 4.332ms
[2021-02-07T17:33:35.319+0300][397.631s][info][gc] GC(595) Pause Init Update Refs 0.010ms
[2021-02-07T17:33:35.469+0300][397.781s][info][gc] GC(595) Concurrent update references 150.284ms
[2021-02-07T17:33:35.472+0300][397.784s][info][gc] GC(595) Pause Final Update Refs 0.116ms
[2021-02-07T17:33:35.472+0300][397.784s][info][gc] GC(595) Concurrent cleanup 241M->230M(256M) 0.015ms
[2021-02-07T17:33:35.474+0300][397.786s][info][gc] Trigger: Free (12965K) is below minimum threshold (26214K)
[2021-02-07T17:33:35.474+0300][397.786s][info][gc] GC(596) Concurrent reset 0.272ms
[2021-02-07T17:33:35.474+0300][397.786s][info][gc] GC(596) Pause Init Mark (unload classes) 0.123ms
[2021-02-07T17:33:35.784+0300][398.096s][info][gc] GC(596) Concurrent marking (unload classes) 310.105ms
[2021-02-07T17:33:35.789+0300][398.101s][info][gc] GC(596) Pause Final Mark (unload classes) 0.415ms
[2021-02-07T17:33:35.795+0300][398.107s][info][gc] GC(596) Concurrent weak roots 5.284ms
[2021-02-07T17:33:35.795+0300][398.107s][info][gc] GC(596) Concurrent cleanup 237M->237M(256M) 0.012ms
[2021-02-07T17:33:35.797+0300][398.109s][info][gc] GC(596) Concurrent class unloading 2.127ms
[2021-02-07T17:33:35.797+0300][398.109s][info][gc] GC(596) Concurrent strong roots 0.129ms
[2021-02-07T17:33:35.802+0300][398.114s][info][gc] GC(596) Concurrent evacuation 4.870ms
[2021-02-07T17:33:35.805+0300][398.117s][info][gc] GC(596) Pause Init Update Refs 0.009ms
[2021-02-07T17:33:35.951+0300][398.263s][info][gc] GC(596) Concurrent update references 145.770ms
[2021-02-07T17:33:35.952+0300][398.264s][info][gc] GC(596) Pause Final Update Refs 0.146ms
[2021-02-07T17:33:35.952+0300][398.264s][info][gc] GC(596) Concurrent cleanup 241M->230M(256M) 0.017ms
[2021-02-07T17:33:35.954+0300][398.266s][info][gc] Trigger: Free (12934K) is below minimum threshold (26214K)
[2021-02-07T17:33:35.954+0300][398.266s][info][gc] GC(597) Concurrent reset 0.288ms
[2021-02-07T17:33:35.954+0300][398.266s][info][gc] GC(597) Pause Init Mark (unload classes) 0.147ms
[2021-02-07T17:33:36.271+0300][398.584s][info][gc] GC(597) Concurrent marking (unload classes) 317.154ms
[2021-02-07T17:33:36.275+0300][398.587s][info][gc] GC(597) Pause Final Mark (unload classes) 0.433ms
[2021-02-07T17:33:36.283+0300][398.595s][info][gc] GC(597) Concurrent weak roots 7.275ms
[2021-02-07T17:33:36.283+0300][398.595s][info][gc] GC(597) Concurrent cleanup 238M->238M(256M) 0.010ms
[2021-02-07T17:33:36.285+0300][398.597s][info][gc] GC(597) Concurrent class unloading 2.603ms
[2021-02-07T17:33:36.285+0300][398.597s][info][gc] GC(597) Concurrent strong roots 0.105ms
[2021-02-07T17:33:36.289+0300][398.602s][info][gc] GC(597) Concurrent evacuation 4.111ms
[2021-02-07T17:33:36.293+0300][398.605s][info][gc] GC(597) Pause Init Update Refs 0.009ms
[2021-02-07T17:33:36.427+0300][398.739s][info][gc] GC(597) Concurrent update references 133.746ms
[2021-02-07T17:33:36.428+0300][398.740s][info][gc] GC(597) Pause Final Update Refs 0.124ms
[2021-02-07T17:33:36.428+0300][398.740s][info][gc] GC(597) Concurrent cleanup 241M->230M(256M) 0.015ms
[2021-02-07T17:33:36.431+0300][398.743s][info][gc] Trigger: Free (12971K) is below minimum threshold (26214K)
[2021-02-07T17:33:36.431+0300][398.743s][info][gc] GC(598) Concurrent reset 0.387ms
[2021-02-07T17:33:36.431+0300][398.743s][info][gc] GC(598) Pause Init Mark (unload classes) 0.130ms
[2021-02-07T17:33:36.742+0300][399.054s][info][gc] GC(598) Concurrent marking (unload classes) 310.456ms
[2021-02-07T17:33:36.745+0300][399.057s][info][gc] GC(598) Pause Final Mark (unload classes) 0.420ms
[2021-02-07T17:33:36.753+0300][399.065s][info][gc] GC(598) Concurrent weak roots 7.442ms
[2021-02-07T17:33:36.753+0300][399.065s][info][gc] GC(598) Concurrent cleanup 238M->238M(256M) 0.010ms
[2021-02-07T17:33:36.757+0300][399.069s][info][gc] GC(598) Concurrent class unloading 4.109ms
[2021-02-07T17:33:36.757+0300][399.069s][info][gc] GC(598) Concurrent strong roots 0.130ms
[2021-02-07T17:33:36.761+0300][399.073s][info][gc] GC(598) Concurrent evacuation 3.782ms
[2021-02-07T17:33:36.764+0300][399.076s][info][gc] GC(598) Pause Init Update Refs 0.009ms
[2021-02-07T17:33:36.903+0300][399.215s][info][gc] GC(598) Concurrent update references 138.975ms
[2021-02-07T17:33:36.904+0300][399.216s][info][gc] GC(598) Pause Final Update Refs 0.139ms
[2021-02-07T17:33:36.904+0300][399.216s][info][gc] GC(598) Concurrent cleanup 241M->230M(256M) 0.017ms
[2021-02-07T17:33:36.906+0300][399.218s][info][gc] Trigger: Free (12940K) is below minimum threshold (26214K)
[2021-02-07T17:33:36.906+0300][399.218s][info][gc] GC(599) Concurrent reset 0.317ms
[2021-02-07T17:33:36.906+0300][399.218s][info][gc] GC(599) Pause Init Mark (unload classes) 0.136ms
[2021-02-07T17:33:37.220+0300][399.532s][info][gc] GC(599) Concurrent marking (unload classes) 313.948ms
[2021-02-07T17:33:37.223+0300][399.535s][info][gc] GC(599) Pause Final Mark (unload classes) 0.424ms
[2021-02-07T17:33:37.231+0300][399.543s][info][gc] GC(599) Concurrent weak roots 7.301ms
[2021-02-07T17:33:37.231+0300][399.543s][info][gc] GC(599) Concurrent cleanup 238M->238M(256M) 0.012ms
[2021-02-07T17:33:37.234+0300][399.546s][info][gc] GC(599) Concurrent class unloading 2.871ms
[2021-02-07T17:33:37.234+0300][399.546s][info][gc] GC(599) Concurrent strong roots 0.129ms
[2021-02-07T17:33:37.237+0300][399.550s][info][gc] GC(599) Concurrent evacuation 3.833ms
[2021-02-07T17:33:37.238+0300][399.550s][info][gc] GC(599) Pause Init Update Refs 0.009ms
[2021-02-07T17:33:37.378+0300][399.690s][info][gc] GC(599) Concurrent update references 140.155ms
[2021-02-07T17:33:37.379+0300][399.691s][info][gc] GC(599) Pause Final Update Refs 0.144ms
[2021-02-07T17:33:37.379+0300][399.691s][info][gc] GC(599) Concurrent cleanup 251M->240M(256M) 0.014ms
[2021-02-07T17:33:37.380+0300][399.692s][info][gc] Failed to allocate TLAB, 139K
[2021-02-07T17:33:37.380+0300][399.692s][info][gc] Cancelling GC: Allocation Failure
[2021-02-07T17:33:37.381+0300][399.693s][info][gc] Trigger: Handle Allocation Failure
[2021-02-07T17:33:37.547+0300][399.859s][info][gc] GC(600) Cancelling GC: Upgrade To Full GC
[2021-02-07T17:33:37.812+0300][400.125s][info][gc] GC(600) Pause Degenerated GC (Outside of Cycle) 242M->242M(256M) 431.661ms
[2021-02-07T17:33:37.815+0300][400.126s][info][gc] Trigger: Free (581K) is below minimum threshold (26214K)
[2021-02-07T17:33:37.815+0300][400.126s][info][gc] GC(601) Concurrent reset 0.057ms
[2021-02-07T17:33:37.815+0300][400.126s][info][gc] GC(601) Pause Init Mark (unload classes) 0.139ms
[2021-02-07T17:33:38.140+0300][400.452s][info][gc] Failed to allocate Shared, 1040B
[2021-02-07T17:33:38.140+0300][400.452s][info][gc] Cancelling GC: Allocation Failure
[2021-02-07T17:33:38.140+0300][400.452s][info][gc] GC(601) Concurrent marking (unload classes) 325.617ms
[2021-02-07T17:33:38.156+0300][400.468s][info][gc] Trigger: Handle Allocation Failure
[2021-02-07T17:33:38.208+0300][400.519s][info][gc] GC(602) Cancelling GC: Upgrade To Full GC
[2021-02-07T17:33:38.468+0300][400.780s][info][gc] GC(602) Pause Degenerated GC (Mark) 242M->242M(256M) 312.194ms
[2021-02-07T17:33:38.468+0300][400.781s][info][gc] Failed to allocate TLAB, 2648B
[2021-02-07T17:33:38.468+0300][400.781s][info][gc] Cancelling GC: Allocation Failure
[2021-02-07T17:33:38.473+0300][400.784s][info][gc] Trigger: Handle Allocation Failure
[2021-02-07T17:33:38.637+0300][400.949s][info][gc] GC(603) Cancelling GC: Upgrade To Full GC
[2021-02-07T17:33:38.894+0300][401.206s][info][gc] GC(603) Pause Degenerated GC (Outside of Cycle) 242M->242M(256M) 421.964ms
[2021-02-07T17:33:38.894+0300][401.206s][info][gc] Failed to allocate TLAB, 2664B
[2021-02-07T17:33:38.894+0300][401.206s][info][gc] Cancelling GC: Allocation Failure
[2021-02-07T17:33:38.903+0300][401.214s][info][gc] Trigger: Handle Allocation Failure
[2021-02-07T17:33:39.064+0300][401.376s][info][gc] GC(604) Cancelling GC: Upgrade To Full GC
[2021-02-07T17:33:39.326+0300][401.639s][info][gc] GC(604) Pause Degenerated GC (Outside of Cycle) 243M->243M(256M) 424.660ms
[2021-02-07T17:33:39.327+0300][401.640s][info][gc] Failed to allocate Shared, 8208B
[2021-02-07T17:33:39.327+0300][401.640s][info][gc] Cancelling GC: Allocation Failure
[2021-02-07T17:33:39.334+0300][401.646s][info][gc] Trigger: Handle Allocation Failure
[2021-02-07T17:33:39.599+0300][401.911s][info][gc] GC(605) Pause Full 243M->243M(256M) 264.459ms
[2021-02-07T17:33:39.601+0300][401.913s][info][gc] Failed to allocate TLAB, 2648B
[2021-02-07T17:33:39.601+0300][401.913s][info][gc] Cancelling GC: Allocation Failure
[2021-02-07T17:33:39.602+0300][401.914s][info][gc] Trigger: Handle Allocation Failure
[2021-02-07T17:33:39.763+0300][402.075s][info][gc] GC(606) Cancelling GC: Upgrade To Full GC
[2021-02-07T17:33:40.022+0300][402.335s][info][gc] GC(606) Pause Degenerated GC (Outside of Cycle) 243M->243M(256M) 420.508ms
[2021-02-07T17:33:40.024+0300][402.336s][info][gc] Failed to allocate Shared, 144B
[2021-02-07T17:33:40.024+0300][402.337s][info][gc] Cancelling GC: Allocation Failure
[2021-02-07T17:33:40.030+0300][402.342s][info][gc] Trigger: Handle Allocation Failure
[2021-02-07T17:33:40.194+0300][402.507s][info][gc] GC(607) Cancelling GC: Upgrade To Full GC
[2021-02-07T17:33:40.456+0300][402.769s][info][gc] GC(607) Pause Degenerated GC (Outside of Cycle) 243M->243M(256M) 426.675ms
[2021-02-07T17:33:40.457+0300][402.770s][info][gc] Failed to allocate Shared, 8208B
[2021-02-07T17:33:40.457+0300][402.770s][info][gc] Cancelling GC: Allocation Failure
[2021-02-07T17:33:40.462+0300][402.774s][info][gc] Trigger: Handle Allocation Failure
[2021-02-07T17:33:40.627+0300][402.939s][info][gc] GC(608) Cancelling GC: Upgrade To Full GC
[2021-02-07T17:33:40.889+0300][403.202s][info][gc] GC(608) Pause Degenerated GC (Outside of Cycle) 243M->243M(256M) 427.405ms
[2021-02-07T17:33:40.890+0300][403.203s][info][gc] Failed to allocate TLAB, 2656B
[2021-02-07T17:33:40.890+0300][403.203s][info][gc] Cancelling GC: Allocation Failure
[2021-02-07T17:33:40.891+0300][403.203s][info][gc] Trigger: Handle Allocation Failure
[2021-02-07T17:33:41.055+0300][403.368s][info][gc] GC(609) Cancelling GC: Upgrade To Full GC
[2021-02-07T17:33:41.316+0300][403.628s][info][gc] GC(609) Pause Degenerated GC (Outside of Cycle) 243M->243M(256M) 425.094ms
[2021-02-07T17:33:41.318+0300][403.630s][info][gc] Trigger: Free (156K) is below minimum threshold (26214K)
[2021-02-07T17:33:41.318+0300][403.630s][info][gc] GC(610) Concurrent reset 0.166ms
[2021-02-07T17:33:41.318+0300][403.631s][info][gc] GC(610) Pause Init Mark (process weakrefs) (unload classes) 0.158ms
[2021-02-07T17:33:41.503+0300][403.815s][info][gc] Failed to allocate TLAB, 2680B
[2021-02-07T17:33:41.503+0300][403.815s][info][gc] Cancelling GC: Allocation Failure
[2021-02-07T17:33:41.503+0300][403.815s][info][gc] GC(610) Concurrent marking (process weakrefs) (unload classes) 184.451ms
[2021-02-07T17:33:41.506+0300][403.818s][info][gc] Trigger: Handle Allocation Failure
[2021-02-07T17:33:41.768+0300][404.079s][info][gc] GC(611) Pause Full 243M->243M(256M) 257.759ms
[2021-02-07T17:33:41.768+0300][404.080s][info][gc] Failed to allocate TLAB, 2648B
[2021-02-07T17:33:41.768+0300][404.080s][info][gc] Cancelling GC: Allocation Failure
[2021-02-07T17:33:41.771+0300][404.082s][info][gc] Trigger: Handle Allocation Failure
[2021-02-07T17:33:41.931+0300][404.244s][info][gc] GC(612) Cancelling GC: Upgrade To Full GC
[2021-02-07T17:33:42.192+0300][404.503s][info][gc] GC(612) Pause Degenerated GC (Outside of Cycle) 243M->243M(256M) 421.004ms
[2021-02-07T17:33:42.193+0300][404.505s][info][gc] Trigger: Free (293K) is below minimum threshold (26214K)
[2021-02-07T17:33:42.193+0300][404.505s][info][gc] GC(613) Concurrent reset 0.152ms
[2021-02-07T17:33:42.193+0300][404.506s][info][gc] GC(613) Pause Init Mark (unload classes) 0.219ms
[2021-02-07T17:33:42.543+0300][404.855s][info][gc] GC(613) Concurrent marking (unload classes) 349.332ms
[2021-02-07T17:33:42.547+0300][404.859s][info][gc] GC(613) Pause Final Mark (unload classes) 0.424ms
[2021-02-07T17:33:42.554+0300][404.865s][info][gc] GC(613) Concurrent weak roots 6.552ms
[2021-02-07T17:33:42.554+0300][404.865s][info][gc] GC(613) Concurrent cleanup 249M->249M(256M) 0.012ms
[2021-02-07T17:33:42.558+0300][404.869s][info][gc] GC(613) Concurrent class unloading 4.087ms
[2021-02-07T17:33:42.558+0300][404.870s][info][gc] GC(613) Concurrent strong roots 0.108ms
[2021-02-07T17:33:42.564+0300][404.875s][info][gc] GC(613) Concurrent evacuation 5.739ms
[2021-02-07T17:33:42.564+0300][404.876s][info][gc] GC(613) Pause Init Update Refs 0.009ms
[2021-02-07T17:33:42.697+0300][405.009s][info][gc] GC(613) Concurrent update references 132.876ms
[2021-02-07T17:33:42.700+0300][405.012s][info][gc] GC(613) Pause Final Update Refs 0.172ms
[2021-02-07T17:33:42.700+0300][405.012s][info][gc] GC(613) Concurrent cleanup 254M->243M(256M) 0.015ms
[2021-02-07T17:33:42.702+0300][405.014s][info][gc] Trigger: Free (17904B) is below minimum threshold (26214K)
[2021-02-07T17:33:42.702+0300][405.014s][info][gc] GC(614) Concurrent reset 0.426ms
[2021-02-07T17:33:42.702+0300][405.015s][info][gc] GC(614) Pause Init Mark (unload classes) 0.150ms
[2021-02-07T17:33:42.713+0300][405.025s][info][gc] Failed to allocate TLAB, 3608B
[2021-02-07T17:33:42.713+0300][405.025s][info][gc] Cancelling GC: Allocation Failure
[2021-02-07T17:33:42.729+0300][405.041s][info][gc] GC(614) Concurrent marking (unload classes) 26.066ms
[2021-02-07T17:33:42.732+0300][405.044s][info][gc] Trigger: Handle Allocation Failure
[2021-02-07T17:33:43.401+0300][405.713s][info][gc] GC(615) Cancelling GC: Upgrade To Full GC
[2021-02-07T17:33:43.657+0300][405.970s][info][gc] GC(615) Pause Degenerated GC (Mark) 243M->243M(256M) 925.217ms
[2021-02-07T17:33:43.658+0300][405.971s][info][gc] Failed to allocate TLAB, 2648B
[2021-02-07T17:33:43.659+0300][405.971s][info][gc] Cancelling GC: Allocation Failure
[2021-02-07T17:33:43.660+0300][405.972s][info][gc] Trigger: Handle Allocation Failure
[2021-02-07T17:33:43.825+0300][406.138s][info][gc] GC(616) Cancelling GC: Upgrade To Full GC
[2021-02-07T17:33:44.087+0300][406.399s][info][gc] GC(616) Pause Degenerated GC (Outside of Cycle) 243M->243M(256M) 427.082ms
[2021-02-07T17:33:44.088+0300][406.400s][info][gc] Failed to allocate TLAB, 2712B
[2021-02-07T17:33:44.088+0300][406.401s][info][gc] Cancelling GC: Allocation Failure
[2021-02-07T17:33:44.089+0300][406.401s][info][gc] Trigger: Handle Allocation Failure
[2021-02-07T17:33:44.253+0300][406.566s][info][gc] GC(617) Cancelling GC: Upgrade To Full GC
[2021-02-07T17:33:44.508+0300][406.821s][info][gc] GC(617) Pause Degenerated GC (Outside of Cycle) 243M->243M(256M) 419.586ms
[2021-02-07T17:33:44.510+0300][406.823s][info][gc] Failed to allocate Shared, 88B
[2021-02-07T17:33:44.510+0300][406.823s][info][gc] Cancelling GC: Allocation Failure
[2021-02-07T17:33:44.511+0300][406.823s][info][gc] Trigger: Handle Allocation Failure
[2021-02-07T17:33:44.673+0300][406.985s][info][gc] GC(618) Cancelling GC: Upgrade To Full GC
[2021-02-07T17:33:44.937+0300][407.250s][info][gc] GC(618) Pause Degenerated GC (Outside of Cycle) 243M->243M(256M) 426.415ms
[2021-02-07T17:33:44.938+0300][407.251s][info][gc] Failed to allocate TLAB, 2672B
[2021-02-07T17:33:44.938+0300][407.251s][info][gc] Cancelling GC: Allocation Failure
[2021-02-07T17:33:44.940+0300][407.251s][info][gc] Trigger: Handle Allocation Failure
[2021-02-07T17:33:45.200+0300][407.512s][info][gc] GC(619) Pause Full 243M->243M(256M) 260.565ms
[2021-02-07T17:33:45.203+0300][407.515s][info][gc] Trigger: Free (488B) is below minimum threshold (26214K)
[2021-02-07T17:33:45.203+0300][407.515s][info][gc] Failed to allocate TLAB, 2712B
[2021-02-07T17:33:45.203+0300][407.515s][info][gc] Cancelling GC: Allocation Failure
[2021-02-07T17:33:45.203+0300][407.515s][info][gc] GC(620) Concurrent reset 0.128ms
[2021-02-07T17:33:45.203+0300][407.516s][info][gc] GC(620) Pause Init Mark (process weakrefs) (unload classes) 0.096ms
[2021-02-07T17:33:45.204+0300][407.516s][info][gc] GC(620) Concurrent marking (process weakrefs) (unload classes) 0.147ms
[2021-02-07T17:33:45.207+0300][407.519s][info][gc] Trigger: Handle Allocation Failure
[2021-02-07T17:33:45.444+0300][407.756s][info][gc] GC(621) Cancelling GC: Upgrade To Full GC
[2021-02-07T17:33:45.705+0300][408.018s][info][gc] GC(621) Pause Degenerated GC (Mark) 243M->243M(256M) 480.626ms
[2021-02-07T17:33:45.707+0300][408.019s][info][gc] Trigger: Free (342K) is below minimum threshold (26214K)
[2021-02-07T17:33:45.707+0300][408.019s][info][gc] GC(622) Concurrent reset 0.102ms
[2021-02-07T17:33:45.707+0300][408.019s][info][gc] GC(622) Pause Init Mark (unload classes) 0.132ms
[2021-02-07T17:33:46.041+0300][408.354s][info][gc] GC(622) Concurrent marking (unload classes) 334.032ms
[2021-02-07T17:33:46.052+0300][408.364s][info][gc] GC(622) Pause Final Mark (unload classes) 0.327ms
[2021-02-07T17:33:46.068+0300][408.379s][info][gc] GC(622) Concurrent weak roots 15.285ms
[2021-02-07T17:33:46.068+0300][408.379s][info][gc] GC(622) Concurrent cleanup 249M->249M(256M) 0.015ms
[2021-02-07T17:33:46.070+0300][408.382s][info][gc] GC(622) Concurrent class unloading 2.494ms
[2021-02-07T17:33:46.070+0300][408.382s][info][gc] GC(622) Concurrent strong roots 0.105ms
[2021-02-07T17:33:46.076+0300][408.387s][info][gc] GC(622) Concurrent evacuation 5.202ms
[2021-02-07T17:33:46.083+0300][408.394s][info][gc] GC(622) Pause Init Update Refs 0.010ms
[2021-02-07T17:33:46.222+0300][408.533s][info][gc] GC(622) Concurrent update references 138.970ms
[2021-02-07T17:33:46.225+0300][408.536s][info][gc] GC(622) Pause Final Update Refs 0.151ms
[2021-02-07T17:33:46.225+0300][408.536s][info][gc] GC(622) Concurrent cleanup 254M->243M(256M) 0.030ms
[2021-02-07T17:33:46.226+0300][408.537s][info][gc] Failed to allocate Shared, 272B
[2021-02-07T17:33:46.226+0300][408.537s][info][gc] Cancelling GC: Allocation Failure
[2021-02-07T17:33:46.227+0300][408.538s][info][gc] Trigger: Handle Allocation Failure
[2021-02-07T17:33:46.387+0300][408.699s][info][gc] GC(623) Cancelling GC: Upgrade To Full GC
[2021-02-07T17:33:46.647+0300][408.959s][info][gc] GC(623) Pause Degenerated GC (Outside of Cycle) 243M->243M(256M) 420.701ms
[2021-02-07T17:33:46.650+0300][408.961s][info][gc] Trigger: Free (26768B) is below minimum threshold (26214K)
[2021-02-07T17:33:46.650+0300][408.961s][info][gc] GC(624) Concurrent reset 0.162ms
[2021-02-07T17:33:46.650+0300][408.962s][info][gc] GC(624) Pause Init Mark (unload classes) 0.144ms
[2021-02-07T17:33:46.709+0300][409.020s][info][gc] Failed to allocate TLAB, 2680B
[2021-02-07T17:33:46.709+0300][409.020s][info][gc] Cancelling GC: Allocation Failure
[2021-02-07T17:33:46.709+0300][409.020s][info][gc] GC(624) Concurrent marking (unload classes) 58.221ms
[2021-02-07T17:33:46.712+0300][409.023s][info][gc] Trigger: Handle Allocation Failure
[2021-02-07T17:33:47.364+0300][409.676s][info][gc] GC(625) Cancelling GC: Upgrade To Full GC
[2021-02-07T17:33:47.629+0300][409.940s][info][gc] GC(625) Pause Degenerated GC (Mark) 243M->243M(256M) 914.045ms
[2021-02-07T17:33:47.631+0300][409.942s][info][gc] Trigger: Free (88008B) is below minimum threshold (26214K)
[2021-02-07T17:33:47.631+0300][409.942s][info][gc] GC(626) Concurrent reset 0.125ms
[2021-02-07T17:33:47.631+0300][409.943s][info][gc] GC(626) Pause Init Mark (unload classes) 0.150ms
[2021-02-07T17:33:47.777+0300][410.088s][info][gc] Failed to allocate Shared, 1504B
[2021-02-07T17:33:47.777+0300][410.088s][info][gc] Cancelling GC: Allocation Failure
[2021-02-07T17:33:47.777+0300][410.088s][info][gc] GC(626) Concurrent marking (unload classes) 145.432ms
[2021-02-07T17:33:47.780+0300][410.091s][info][gc] Trigger: Handle Allocation Failure
[2021-02-07T17:33:48.255+0300][410.567s][info][gc] GC(627) Cancelling GC: Upgrade To Full GC
[2021-02-07T17:33:48.513+0300][410.825s][info][gc] GC(627) Pause Degenerated GC (Mark) 243M->243M(256M) 730.752ms
[2021-02-07T17:33:48.516+0300][410.827s][info][gc] Trigger: Free (187K) is below minimum threshold (26214K)
[2021-02-07T17:33:48.516+0300][410.827s][info][gc] GC(628) Concurrent reset 0.099ms
[2021-02-07T17:33:48.516+0300][410.828s][info][gc] GC(628) Pause Init Mark (unload classes) 0.177ms
[2021-02-07T17:33:48.848+0300][411.159s][info][gc] GC(628) Concurrent marking (unload classes) 331.498ms
[2021-02-07T17:33:48.850+0300][411.161s][info][gc] GC(628) Pause Final Mark (unload classes) 0.518ms
[2021-02-07T17:33:48.851+0300][411.162s][info][gc] Failed to allocate TLAB, 2960B
[2021-02-07T17:33:48.851+0300][411.162s][info][gc] Cancelling GC: Allocation Failure
[2021-02-07T17:33:48.855+0300][411.166s][info][gc] GC(628) Concurrent weak roots 4.898ms
[2021-02-07T17:33:48.855+0300][411.166s][info][gc] GC(628) Concurrent cleanup 247M->247M(256M) 0.011ms
[2021-02-07T17:33:48.857+0300][411.168s][info][gc] GC(628) Concurrent class unloading 2.172ms
[2021-02-07T17:33:48.857+0300][411.168s][info][gc] GC(628) Concurrent strong roots 0.106ms
[2021-02-07T17:33:48.857+0300][411.169s][info][gc] GC(628) Concurrent evacuation 0.298ms
[2021-02-07T17:33:48.859+0300][411.170s][info][gc] Trigger: Handle Allocation Failure
[2021-02-07T17:33:48.909+0300][411.220s][info][gc] GC(629) Cancelling GC: Upgrade To Full GC
[2021-02-07T17:33:49.166+0300][411.478s][info][gc] GC(629) Pause Degenerated GC (Evacuation) 248M->243M(256M) 307.051ms
[2021-02-07T17:33:49.168+0300][411.479s][info][gc] Trigger: Free (165K) is below minimum threshold (26214K)
[2021-02-07T17:33:49.168+0300][411.479s][info][gc] GC(630) Concurrent reset 0.088ms
[2021-02-07T17:33:49.168+0300][411.480s][info][gc] GC(630) Pause Init Mark (process weakrefs) (unload classes) 0.152ms
[2021-02-07T17:33:49.431+0300][411.742s][info][gc] Failed to allocate TLAB, 2656B
[2021-02-07T17:33:49.431+0300][411.742s][info][gc] Cancelling GC: Allocation Failure
[2021-02-07T17:33:49.431+0300][411.742s][info][gc] GC(630) Concurrent marking (process weakrefs) (unload classes) 262.582ms
[2021-02-07T17:33:49.447+0300][411.758s][info][gc] Trigger: Handle Allocation Failure
[2021-02-07T17:33:49.723+0300][412.034s][info][gc] GC(631) Pause Full 243M->243M(256M) 260.007ms
[2021-02-07T17:33:49.724+0300][412.036s][info][gc] Failed to allocate TLAB, 2664B
[2021-02-07T17:33:49.724+0300][412.036s][info][gc] Cancelling GC: Allocation Failure
[2021-02-07T17:33:49.735+0300][412.046s][info][gc] Trigger: Handle Allocation Failure
[2021-02-07T17:33:49.900+0300][412.211s][info][gc] GC(632) Cancelling GC: Upgrade To Full GC
[2021-02-07T17:33:50.158+0300][412.469s][info][gc] GC(632) Pause Degenerated GC (Outside of Cycle) 243M->243M(256M) 422.747ms
[2021-02-07T17:33:50.160+0300][412.471s][info][gc] Trigger: Free (6328B) is below minimum threshold (26214K)
[2021-02-07T17:33:50.160+0300][412.471s][info][gc] Failed to allocate TLAB, 2664B
[2021-02-07T17:33:50.160+0300][412.471s][info][gc] Cancelling GC: Allocation Failure
[2021-02-07T17:33:50.160+0300][412.471s][info][gc] GC(633) Concurrent reset 0.103ms
[2021-02-07T17:33:50.160+0300][412.472s][info][gc] GC(633) Pause Init Mark (unload classes) 0.111ms
[2021-02-07T17:33:50.160+0300][412.472s][info][gc] GC(633) Concurrent marking (unload classes) 0.107ms
[2021-02-07T17:33:50.162+0300][412.473s][info][gc] Trigger: Handle Allocation Failure
[2021-02-07T17:33:50.357+0300][412.669s][info][gc] GC(634) Cancelling GC: Upgrade To Full GC
[2021-02-07T17:33:50.622+0300][412.933s][info][gc] GC(634) Pause Degenerated GC (Mark) 243M->243M(256M) 441.888ms
[2021-02-07T17:33:50.623+0300][412.935s][info][gc] Failed to allocate TLAB, 2648B
[2021-02-07T17:33:50.623+0300][412.935s][info][gc] Cancelling GC: Allocation Failure
[2021-02-07T17:33:50.624+0300][412.935s][info][gc] Trigger: Handle Allocation Failure
[2021-02-07T17:33:50.787+0300][413.099s][info][gc] GC(635) Cancelling GC: Upgrade To Full GC
[2021-02-07T17:33:51.046+0300][413.358s][info][gc] GC(635) Pause Degenerated GC (Outside of Cycle) 243M->243M(256M) 422.462ms
[2021-02-07T17:33:51.049+0300][413.360s][info][gc] Trigger: Free (107K) is below minimum threshold (26214K)
[2021-02-07T17:33:51.049+0300][413.360s][info][gc] GC(636) Concurrent reset 0.112ms
[2021-02-07T17:33:51.049+0300][413.361s][info][gc] GC(636) Pause Init Mark (unload classes) 0.160ms
[2021-02-07T17:33:51.310+0300][413.621s][info][gc] Failed to allocate TLAB, 2656B
[2021-02-07T17:33:51.310+0300][413.621s][info][gc] Cancelling GC: Allocation Failure
[2021-02-07T17:33:51.310+0300][413.621s][info][gc] GC(636) Concurrent marking (unload classes) 260.416ms
[2021-02-07T17:33:51.313+0300][413.624s][info][gc] Trigger: Handle Allocation Failure
[2021-02-07T17:33:51.538+0300][413.850s][info][gc] GC(637) Cancelling GC: Upgrade To Full GC
[2021-02-07T17:33:51.798+0300][414.109s][info][gc] GC(637) Pause Degenerated GC (Mark) 243M->243M(256M) 483.849ms
[2021-02-07T17:33:51.799+0300][414.111s][info][gc] Failed to allocate TLAB, 2680B
[2021-02-07T17:33:51.799+0300][414.111s][info][gc] Cancelling GC: Allocation Failure
[2021-02-07T17:33:51.800+0300][414.111s][info][gc] Trigger: Handle Allocation Failure
[2021-02-07T17:33:52.059+0300][414.371s][info][gc] GC(638) Pause Full 243M->243M(256M) 259.461ms
[2021-02-07T17:33:52.060+0300][414.372s][info][gc] Failed to allocate TLAB, 2672B
[2021-02-07T17:33:52.060+0300][414.372s][info][gc] Cancelling GC: Allocation Failure
[2021-02-07T17:33:52.062+0300][414.373s][info][gc] Trigger: Handle Allocation Failure
[2021-02-07T17:33:52.227+0300][414.538s][info][gc] GC(639) Cancelling GC: Upgrade To Full GC
[2021-02-07T17:33:52.485+0300][414.797s][info][gc] GC(639) Pause Degenerated GC (Outside of Cycle) 243M->243M(256M) 423.376ms
[2021-02-07T17:33:52.487+0300][414.798s][info][gc] Trigger: Free (150K) is below minimum threshold (26214K)
[2021-02-07T17:33:52.487+0300][414.798s][info][gc] GC(640) Concurrent reset 0.097ms
[2021-02-07T17:33:52.487+0300][414.799s][info][gc] GC(640) Pause Init Mark (process weakrefs) (unload classes) 0.158ms
[2021-02-07T17:33:52.820+0300][415.132s][info][gc] GC(640) Concurrent marking (process weakrefs) (unload classes) 333.043ms
[2021-02-07T17:33:52.821+0300][415.132s][info][gc] Failed to allocate Shared, 1040B
[2021-02-07T17:33:52.821+0300][415.132s][info][gc] Cancelling GC: Allocation Failure
[2021-02-07T17:33:52.821+0300][415.132s][info][gc] GC(640) Concurrent precleaning 0.113ms
[2021-02-07T17:33:52.837+0300][415.148s][info][gc] GC(640) Pause Final Mark (process weakrefs) (unload classes) 0.014ms
[2021-02-07T17:33:52.837+0300][415.148s][info][gc] GC(640) Concurrent cleanup 243M->243M(256M) 0.022ms
[2021-02-07T17:33:52.837+0300][415.149s][info][gc] GC(640) Rendezvous roots 0.360ms
[2021-02-07T17:33:52.853+0300][415.164s][info][gc] Trigger: Handle Allocation Failure
[2021-02-07T17:33:53.017+0300][415.328s][info][gc] GC(641) Cancelling GC: Upgrade To Full GC
[2021-02-07T17:33:53.274+0300][415.585s][info][gc] GC(641) Pause Degenerated GC (Outside of Cycle) 243M->243M(256M) 420.649ms
[2021-02-07T17:33:53.275+0300][415.587s][info][gc] Failed to allocate TLAB, 2648B
[2021-02-07T17:33:53.275+0300][415.587s][info][gc] Cancelling GC: Allocation Failure
[2021-02-07T17:33:53.281+0300][415.592s][info][gc] Trigger: Handle Allocation Failure
[2021-02-07T17:33:53.441+0300][415.752s][info][gc] GC(642) Cancelling GC: Upgrade To Full GC
[2021-02-07T17:33:53.699+0300][416.010s][info][gc] GC(642) Pause Degenerated GC (Outside of Cycle) 243M->243M(256M) 417.862ms
[2021-02-07T17:33:53.701+0300][416.012s][info][gc] Trigger: Free (173K) is below minimum threshold (26214K)
[2021-02-07T17:33:53.701+0300][416.012s][info][gc] GC(643) Concurrent reset 0.125ms
[2021-02-07T17:33:53.701+0300][416.013s][info][gc] GC(643) Pause Init Mark (unload classes) 0.125ms
[2021-02-07T17:33:54.033+0300][416.345s][info][gc] GC(643) Concurrent marking (unload classes) 331.730ms
[2021-02-07T17:33:54.034+0300][416.346s][info][gc] GC(643) Pause Final Mark (unload classes) 0.433ms
[2021-02-07T17:33:54.040+0300][416.351s][info][gc] GC(643) Concurrent weak roots 5.441ms
[2021-02-07T17:33:54.040+0300][416.351s][info][gc] GC(643) Concurrent cleanup 247M->247M(256M) 0.011ms
[2021-02-07T17:33:54.045+0300][416.356s][info][gc] GC(643) Concurrent class unloading 5.033ms
[2021-02-07T17:33:54.045+0300][416.356s][info][gc] GC(643) Concurrent strong roots 0.105ms
[2021-02-07T17:33:54.052+0300][416.363s][info][gc] GC(643) Concurrent evacuation 6.940ms
[2021-02-07T17:33:54.053+0300][416.365s][info][gc] GC(643) Pause Init Update Refs 0.011ms
[2021-02-07T17:33:54.095+0300][416.406s][info][gc] Failed to allocate TLAB, 2656B
[2021-02-07T17:33:54.095+0300][416.406s][info][gc] Cancelling GC: Allocation Failure
[2021-02-07T17:33:54.095+0300][416.406s][info][gc] GC(643) Concurrent update references 41.570ms
[2021-02-07T17:33:54.097+0300][416.408s][info][gc] Trigger: Handle Allocation Failure
[2021-02-07T17:33:54.134+0300][416.446s][info][gc] GC(644) Cancelling GC: Upgrade To Full GC
[2021-02-07T17:33:54.394+0300][416.706s][info][gc] GC(644) Pause Degenerated GC (Update Refs) 254M->243M(256M) 294.635ms
[2021-02-07T17:33:54.397+0300][416.709s][info][gc] Failed to allocate TLAB, 2736B
[2021-02-07T17:33:54.397+0300][416.709s][info][gc] Cancelling GC: Allocation Failure
[2021-02-07T17:33:54.398+0300][416.709s][info][gc] Trigger: Handle Allocation Failure
[2021-02-07T17:33:54.560+0300][416.872s][info][gc] GC(645) Cancelling GC: Upgrade To Full GC
[2021-02-07T17:33:54.821+0300][417.132s][info][gc] GC(645) Pause Degenerated GC (Outside of Cycle) 243M->243M(256M) 422.629ms
[2021-02-07T17:33:54.822+0300][417.134s][info][gc] Failed to allocate TLAB, 2648B
[2021-02-07T17:33:54.822+0300][417.134s][info][gc] Cancelling GC: Allocation Failure
[2021-02-07T17:33:54.823+0300][417.134s][info][gc] Trigger: Handle Allocation Failure
[2021-02-07T17:33:55.080+0300][417.391s][info][gc] GC(646) Pause Full 243M->243M(256M) 256.951ms
[2021-02-07T17:33:55.081+0300][417.392s][info][gc] Failed to allocate TLAB, 2648B
[2021-02-07T17:33:55.081+0300][417.392s][info][gc] Cancelling GC: Allocation Failure
[2021-02-07T17:33:55.082+0300][417.393s][info][gc] Trigger: Handle Allocation Failure
[2021-02-07T17:33:55.246+0300][417.558s][info][gc] GC(647) Cancelling GC: Upgrade To Full GC
[2021-02-07T17:33:55.508+0300][417.820s][info][gc] GC(647) Pause Degenerated GC (Outside of Cycle) 243M->243M(256M) 426.325ms
[2021-02-07T17:33:55.509+0300][417.820s][info][gc] Failed to allocate TLAB, 2664B
[2021-02-07T17:33:55.509+0300][417.820s][info][gc] Cancelling GC: Allocation Failure
[2021-02-07T17:33:55.525+0300][417.836s][info][gc] Trigger: Handle Allocation Failure
[2021-02-07T17:33:55.684+0300][417.996s][info][gc] GC(648) Cancelling GC: Upgrade To Full GC
[2021-02-07T17:33:55.942+0300][418.253s][info][gc] GC(648) Pause Degenerated GC (Outside of Cycle) 243M->243M(256M) 416.735ms
[2021-02-07T17:33:55.943+0300][418.255s][info][gc] Failed to allocate Shared, 1512B
[2021-02-07T17:33:55.943+0300][418.255s][info][gc] Cancelling GC: Allocation Failure
[2021-02-07T17:33:55.944+0300][418.255s][info][gc] Trigger: Handle Allocation Failure
[2021-02-07T17:33:56.109+0300][418.421s][info][gc] GC(649) Cancelling GC: Upgrade To Full GC
[2021-02-07T17:33:56.368+0300][418.680s][info][gc] GC(649) Pause Degenerated GC (Outside of Cycle) 243M->243M(256M) 424.149ms
[2021-02-07T17:33:56.370+0300][418.681s][info][gc] Trigger: Free (293K) is below minimum threshold (26214K)
[2021-02-07T17:33:56.370+0300][418.681s][info][gc] GC(650) Concurrent reset 0.152ms
[2021-02-07T17:33:56.370+0300][418.682s][info][gc] GC(650) Pause Init Mark (process weakrefs) (unload classes) 0.150ms
[2021-02-07T17:33:56.723+0300][419.035s][info][gc] GC(650) Concurrent marking (process weakrefs) (unload classes) 352.533ms
[2021-02-07T17:33:56.723+0300][419.035s][info][gc] GC(650) Concurrent precleaning 0.144ms
[2021-02-07T17:33:56.724+0300][419.036s][info][gc] GC(650) Pause Final Mark (process weakrefs) (unload classes) 0.451ms
[2021-02-07T17:33:56.733+0300][419.044s][info][gc] GC(650) Concurrent weak roots 8.182ms
[2021-02-07T17:33:56.733+0300][419.044s][info][gc] GC(650) Concurrent cleanup 246M->246M(256M) 0.010ms
[2021-02-07T17:33:56.749+0300][419.060s][info][gc] GC(650) Concurrent class unloading 16.035ms
[2021-02-07T17:33:56.749+0300][419.061s][info][gc] GC(650) Concurrent strong roots 0.125ms
[2021-02-07T17:33:56.756+0300][419.068s][info][gc] GC(650) Concurrent evacuation 7.401ms
[2021-02-07T17:33:56.757+0300][419.069s][info][gc] GC(650) Pause Init Update Refs 0.009ms
[2021-02-07T17:33:56.781+0300][419.092s][info][gc] Failed to allocate TLAB, 2656B
[2021-02-07T17:33:56.781+0300][419.092s][info][gc] Cancelling GC: Allocation Failure
[2021-02-07T17:33:56.781+0300][419.092s][info][gc] GC(650) Concurrent update references 23.399ms
[2021-02-07T17:33:56.797+0300][419.108s][info][gc] Trigger: Handle Allocation Failure
[2021-02-07T17:33:56.851+0300][419.163s][info][gc] GC(651) Cancelling GC: Upgrade To Full GC
[2021-02-07T17:33:57.112+0300][419.424s][info][gc] GC(651) Pause Degenerated GC (Update Refs) 254M->243M(256M) 300.088ms
[2021-02-07T17:33:57.114+0300][419.426s][info][gc] Failed to allocate TLAB, 2648B
[2021-02-07T17:33:57.114+0300][419.426s][info][gc] Cancelling GC: Allocation Failure
[2021-02-07T17:33:57.115+0300][419.427s][info][gc] Trigger: Handle Allocation Failure
[2021-02-07T17:33:57.379+0300][419.691s][info][gc] GC(652) Pause Full 243M->243M(256M) 264.298ms
[2021-02-07T17:33:57.380+0300][419.692s][info][gc] Failed to allocate TLAB, 2656B
[2021-02-07T17:33:57.380+0300][419.692s][info][gc] Cancelling GC: Allocation Failure
[2021-02-07T17:33:57.382+0300][419.694s][info][gc] Trigger: Handle Allocation Failure
[2021-02-07T17:33:57.545+0300][419.857s][info][gc] GC(653) Cancelling GC: Upgrade To Full GC
[2021-02-07T17:33:57.801+0300][420.113s][info][gc] GC(653) Pause Degenerated GC (Outside of Cycle) 243M->243M(256M) 418.909ms
[2021-02-07T17:33:57.803+0300][420.115s][info][gc] Trigger: Free (61480B) is below minimum threshold (26214K)
[2021-02-07T17:33:57.803+0300][420.115s][info][gc] GC(654) Concurrent reset 0.076ms
[2021-02-07T17:33:57.803+0300][420.115s][info][gc] Failed to allocate TLAB, 2720B
[2021-02-07T17:33:57.803+0300][420.115s][info][gc] Cancelling GC: Allocation Failure
[2021-02-07T17:33:57.804+0300][420.116s][info][gc] GC(654) Pause Init Mark (unload classes) 0.131ms
[2021-02-07T17:33:57.804+0300][420.116s][info][gc] GC(654) Concurrent marking (unload classes) 0.110ms
[2021-02-07T17:33:57.806+0300][420.118s][info][gc] Trigger: Handle Allocation Failure
[2021-02-07T17:33:58.051+0300][420.363s][info][gc] GC(655) Cancelling GC: Upgrade To Full GC
[2021-02-07T17:33:58.312+0300][420.624s][info][gc] GC(655) Pause Degenerated GC (Mark) 243M->243M(256M) 487.012ms
[2021-02-07T17:33:58.314+0300][420.626s][info][gc] Trigger: Free (133K) is below minimum threshold (26214K)
[2021-02-07T17:33:58.314+0300][420.626s][info][gc] GC(656) Concurrent reset 0.153ms
[2021-02-07T17:33:58.314+0300][420.626s][info][gc] GC(656) Pause Init Mark (unload classes) 0.113ms
[2021-02-07T17:33:58.507+0300][420.819s][info][gc] Failed to allocate TLAB, 2656B
[2021-02-07T17:33:58.507+0300][420.819s][info][gc] Cancelling GC: Allocation Failure
[2021-02-07T17:33:58.507+0300][420.819s][info][gc] GC(656) Concurrent marking (unload classes) 192.354ms
[2021-02-07T17:33:58.510+0300][420.822s][info][gc] Trigger: Handle Allocation Failure
[2021-02-07T17:33:58.890+0300][421.202s][info][gc] GC(657) Cancelling GC: Upgrade To Full GC
[2021-02-07T17:33:59.149+0300][421.461s][info][gc] GC(657) Pause Degenerated GC (Mark) 243M->243M(256M) 634.784ms
[2021-02-07T17:33:59.149+0300][421.461s][info][gc] Failed to allocate TLAB, 2664B
[2021-02-07T17:33:59.149+0300][421.461s][info][gc] Cancelling GC: Allocation Failure
[2021-02-07T17:33:59.151+0300][421.463s][info][gc] Trigger: Handle Allocation Failure
[2021-02-07T17:33:59.317+0300][421.629s][info][gc] GC(658) Cancelling GC: Upgrade To Full GC
[2021-02-07T17:33:59.573+0300][421.885s][info][gc] GC(658) Pause Degenerated GC (Outside of Cycle) 243M->243M(256M) 422.041ms
[2021-02-07T17:33:59.573+0300][421.885s][info][gc] Failed to allocate TLAB, 2712B
[2021-02-07T17:33:59.573+0300][421.885s][info][gc] Cancelling GC: Allocation Failure
[2021-02-07T17:33:59.575+0300][421.887s][info][gc] Trigger: Handle Allocation Failure
[2021-02-07T17:33:59.832+0300][422.144s][info][gc] GC(659) Pause Full 243M->243M(256M) 257.415ms
[2021-02-07T17:33:59.833+0300][422.145s][info][gc] Failed to allocate TLAB, 2768B
[2021-02-07T17:33:59.833+0300][422.145s][info][gc] Cancelling GC: Allocation Failure
[2021-02-07T17:33:59.835+0300][422.147s][info][gc] Trigger: Handle Allocation Failure
[2021-02-07T17:33:59.998+0300][422.310s][info][gc] GC(660) Cancelling GC: Upgrade To Full GC
[2021-02-07T17:34:00.254+0300][422.566s][info][gc] GC(660) Pause Degenerated GC (Outside of Cycle) 243M->243M(256M) 419.476ms
[2021-02-07T17:34:00.257+0300][422.569s][info][gc] Failed to allocate TLAB, 2656B
[2021-02-07T17:34:00.257+0300][422.569s][info][gc] Cancelling GC: Allocation Failure
[2021-02-07T17:34:00.265+0300][422.577s][info][gc] Trigger: Handle Allocation Failure
[2021-02-07T17:34:00.429+0300][422.741s][info][gc] GC(661) Cancelling GC: Upgrade To Full GC
[2021-02-07T17:34:00.687+0300][423.000s][info][gc] GC(661) Pause Degenerated GC (Outside of Cycle) 243M->243M(256M) 422.616ms
[2021-02-07T17:34:00.690+0300][423.002s][info][gc] Trigger: Free (51744B) is below minimum threshold (26214K)
[2021-02-07T17:34:00.690+0300][423.002s][info][gc] GC(662) Concurrent reset 0.119ms
[2021-02-07T17:34:00.690+0300][423.002s][info][gc] GC(662) Pause Init Mark (unload classes) 0.182ms
[2021-02-07T17:34:00.714+0300][423.026s][info][gc] Failed to allocate Shared, 272B
[2021-02-07T17:34:00.714+0300][423.026s][info][gc] Cancelling GC: Allocation Failure
[2021-02-07T17:34:00.721+0300][423.033s][info][gc] GC(662) Concurrent marking (unload classes) 30.796ms
[2021-02-07T17:34:00.723+0300][423.035s][info][gc] Trigger: Handle Allocation Failure
[2021-02-07T17:34:01.392+0300][423.704s][info][gc] GC(663) Cancelling GC: Upgrade To Full GC
[2021-02-07T17:34:01.653+0300][423.965s][info][gc] GC(663) Pause Degenerated GC (Mark) 243M->243M(256M) 927.770ms
[2021-02-07T17:34:01.656+0300][423.968s][info][gc] Trigger: Free (97872B) is below minimum threshold (26214K)
[2021-02-07T17:34:01.656+0300][423.968s][info][gc] GC(664) Concurrent reset 0.093ms
[2021-02-07T17:34:01.656+0300][423.968s][info][gc] GC(664) Pause Init Mark (unload classes) 0.094ms
[2021-02-07T17:34:02.007+0300][424.319s][info][gc] GC(664) Concurrent marking (unload classes) 351.170ms
[2021-02-07T17:34:02.010+0300][424.322s][info][gc] GC(664) Pause Final Mark (unload classes) 0.414ms
[2021-02-07T17:34:02.016+0300][424.328s][info][gc] GC(664) Concurrent weak roots 5.287ms
[2021-02-07T17:34:02.016+0300][424.328s][info][gc] GC(664) Concurrent cleanup 247M->247M(256M) 0.009ms
[2021-02-07T17:34:02.021+0300][424.333s][info][gc] GC(664) Concurrent class unloading 5.119ms
[2021-02-07T17:34:02.021+0300][424.333s][info][gc] GC(664) Concurrent strong roots 0.111ms
[2021-02-07T17:34:02.028+0300][424.340s][info][gc] GC(664) Concurrent evacuation 6.736ms
[2021-02-07T17:34:02.031+0300][424.343s][info][gc] GC(664) Pause Init Update Refs 0.009ms
[2021-02-07T17:34:02.169+0300][424.482s][info][gc] GC(664) Concurrent update references 138.601ms
[2021-02-07T17:34:02.171+0300][424.483s][info][gc] GC(664) Pause Final Update Refs 0.150ms
[2021-02-07T17:34:02.171+0300][424.483s][info][gc] GC(664) Concurrent cleanup 254M->243M(256M) 0.013ms
[2021-02-07T17:34:02.173+0300][424.485s][info][gc] Trigger: Free (4576B) is below minimum threshold (26214K)
[2021-02-07T17:34:02.173+0300][424.485s][info][gc] GC(665) Concurrent reset 0.343ms
[2021-02-07T17:34:02.173+0300][424.485s][info][gc] GC(665) Pause Init Mark (process weakrefs) (unload classes) 0.145ms
[2021-02-07T17:34:02.182+0300][424.494s][info][gc] Failed to allocate TLAB, 2664B
[2021-02-07T17:34:02.182+0300][424.494s][info][gc] Cancelling GC: Allocation Failure
[2021-02-07T17:34:02.202+0300][424.514s][info][gc] GC(665) Concurrent marking (process weakrefs) (unload classes) 28.204ms
[2021-02-07T17:34:02.205+0300][424.517s][info][gc] Trigger: Handle Allocation Failure
[2021-02-07T17:34:02.881+0300][425.193s][info][gc] GC(666) Cancelling GC: Upgrade To Full GC
[2021-02-07T17:34:03.143+0300][425.455s][info][gc] GC(666) Pause Degenerated GC (Mark) 243M->243M(256M) 934.982ms
[2021-02-07T17:34:03.144+0300][425.456s][info][gc] Failed to allocate TLAB, 2656B
[2021-02-07T17:34:03.144+0300][425.456s][info][gc] Cancelling GC: Allocation Failure
[2021-02-07T17:34:03.145+0300][425.457s][info][gc] Trigger: Handle Allocation Failure
[2021-02-07T17:34:03.305+0300][425.617s][info][gc] GC(667) Cancelling GC: Upgrade To Full GC
[2021-02-07T17:34:03.561+0300][425.873s][info][gc] GC(667) Pause Degenerated GC (Outside of Cycle) 243M->243M(256M) 415.971ms
[2021-02-07T17:34:03.561+0300][425.873s][info][gc] Failed to allocate Shared, 816B
[2021-02-07T17:34:03.561+0300][425.873s][info][gc] Cancelling GC: Allocation Failure
[2021-02-07T17:34:03.568+0300][425.880s][info][gc] Trigger: Handle Allocation Failure
[2021-02-07T17:34:03.729+0300][426.041s][info][gc] GC(668) Cancelling GC: Upgrade To Full GC
[2021-02-07T17:34:03.989+0300][426.301s][info][gc] GC(668) Pause Degenerated GC (Outside of Cycle) 243M->243M(256M) 420.900ms
[2021-02-07T17:34:03.990+0300][426.302s][info][gc] Failed to allocate TLAB, 2688B
[2021-02-07T17:34:03.990+0300][426.302s][info][gc] Cancelling GC: Allocation Failure
[2021-02-07T17:34:03.991+0300][426.303s][info][gc] Trigger: Handle Allocation Failure
[2021-02-07T17:34:04.155+0300][426.467s][info][gc] GC(669) Cancelling GC: Upgrade To Full GC
[2021-02-07T17:34:04.416+0300][426.728s][info][gc] GC(669) Pause Degenerated GC (Outside of Cycle) 243M->243M(256M) 424.552ms
[2021-02-07T17:34:04.416+0300][426.728s][info][gc] Failed to allocate TLAB, 2656B
[2021-02-07T17:34:04.416+0300][426.728s][info][gc] Cancelling GC: Allocation Failure
[2021-02-07T17:34:04.418+0300][426.730s][info][gc] Trigger: Handle Allocation Failure
[2021-02-07T17:34:04.676+0300][426.988s][info][gc] GC(670) Pause Full 243M->243M(256M) 257.992ms
[2021-02-07T17:34:04.677+0300][426.989s][info][gc] Failed to allocate TLAB, 2648B
[2021-02-07T17:34:04.677+0300][426.989s][info][gc] Cancelling GC: Allocation Failure
[2021-02-07T17:34:04.679+0300][426.991s][info][gc] Trigger: Handle Allocation Failure
[2021-02-07T17:34:04.841+0300][427.153s][info][gc] GC(671) Cancelling GC: Upgrade To Full GC
[2021-02-07T17:34:05.100+0300][427.412s][info][gc] GC(671) Pause Degenerated GC (Outside of Cycle) 243M->243M(256M) 421.147ms
[2021-02-07T17:34:05.102+0300][427.414s][info][gc] Trigger: Free (85504B) is below minimum threshold (26214K)
[2021-02-07T17:34:05.102+0300][427.414s][info][gc] GC(672) Concurrent reset 0.084ms
[2021-02-07T17:34:05.102+0300][427.414s][info][gc] GC(672) Pause Init Mark (unload classes) 0.134ms
[2021-02-07T17:34:05.387+0300][427.699s][info][gc] Failed to allocate TLAB, 2728B
[2021-02-07T17:34:05.387+0300][427.699s][info][gc] Cancelling GC: Allocation Failure
[2021-02-07T17:34:05.387+0300][427.699s][info][gc] GC(672) Concurrent marking (unload classes) 284.416ms
[2021-02-07T17:34:05.389+0300][427.701s][info][gc] Trigger: Handle Allocation Failure
[2021-02-07T17:34:05.549+0300][427.861s][info][gc] GC(673) Cancelling GC: Upgrade To Full GC
[2021-02-07T17:34:05.805+0300][428.117s][info][gc] GC(673) Pause Degenerated GC (Mark) 243M->243M(256M) 413.171ms
[2021-02-07T17:34:05.807+0300][428.119s][info][gc] Trigger: Free (185K) is below minimum threshold (26214K)
[2021-02-07T17:34:05.807+0300][428.119s][info][gc] GC(674) Concurrent reset 0.141ms
[2021-02-07T17:34:05.807+0300][428.119s][info][gc] GC(674) Pause Init Mark (unload classes) 0.124ms
[2021-02-07T17:34:06.163+0300][428.476s][info][gc] GC(674) Concurrent marking (unload classes) 355.826ms
[2021-02-07T17:34:06.164+0300][428.476s][info][gc] GC(674) Pause Final Mark (unload classes) 0.432ms
[2021-02-07T17:34:06.169+0300][428.481s][info][gc] Failed to allocate TLAB, 2664B
[2021-02-07T17:34:06.169+0300][428.481s][info][gc] Cancelling GC: Allocation Failure
[2021-02-07T17:34:06.170+0300][428.482s][info][gc] GC(674) Concurrent weak roots 5.254ms
[2021-02-07T17:34:06.170+0300][428.482s][info][gc] GC(674) Concurrent cleanup 246M->246M(256M) 0.009ms
[2021-02-07T17:34:06.174+0300][428.486s][info][gc] GC(674) Concurrent class unloading 4.058ms
[2021-02-07T17:34:06.174+0300][428.486s][info][gc] GC(674) Concurrent strong roots 0.074ms
[2021-02-07T17:34:06.174+0300][428.486s][info][gc] GC(674) Concurrent evacuation 0.266ms
[2021-02-07T17:34:06.176+0300][428.488s][info][gc] Trigger: Handle Allocation Failure
[2021-02-07T17:34:06.230+0300][428.542s][info][gc] GC(675) Cancelling GC: Upgrade To Full GC
[2021-02-07T17:34:06.489+0300][428.801s][info][gc] GC(675) Pause Degenerated GC (Evacuation) 246M->243M(256M) 310.661ms
[2021-02-07T17:34:06.492+0300][428.804s][info][gc] Trigger: Free (49352B) is below minimum threshold (26214K)
[2021-02-07T17:34:06.492+0300][428.804s][info][gc] GC(676) Concurrent reset 0.112ms
[2021-02-07T17:34:06.492+0300][428.804s][info][gc] GC(676) Pause Init Mark (unload classes) 0.185ms
[2021-02-07T17:34:06.529+0300][428.841s][info][gc] Failed to allocate TLAB, 4208B
[2021-02-07T17:34:06.529+0300][428.841s][info][gc] Cancelling GC: Allocation Failure
[2021-02-07T17:34:06.529+0300][428.841s][info][gc] GC(676) Concurrent marking (unload classes) 36.410ms
[2021-02-07T17:34:06.532+0300][428.844s][info][gc] Trigger: Handle Allocation Failure
[2021-02-07T17:34:07.199+0300][429.512s][info][gc] GC(677) Cancelling GC: Upgrade To Full GC
[2021-02-07T17:34:07.461+0300][429.773s][info][gc] GC(677) Pause Degenerated GC (Mark) 243M->243M(256M) 926.319ms
[2021-02-07T17:34:07.463+0300][429.775s][info][gc] Trigger: Free (53480B) is below minimum threshold (26214K)
[2021-02-07T17:34:07.463+0300][429.775s][info][gc] GC(678) Concurrent reset 0.105ms
[2021-02-07T17:34:07.463+0300][429.775s][info][gc] GC(678) Pause Init Mark (unload classes) 0.131ms
[2021-02-07T17:34:07.520+0300][429.832s][info][gc] Failed to allocate TLAB, 2768B
[2021-02-07T17:34:07.520+0300][429.832s][info][gc] Cancelling GC: Allocation Failure
[2021-02-07T17:34:07.520+0300][429.832s][info][gc] GC(678) Concurrent marking (unload classes) 56.568ms
[2021-02-07T17:34:07.522+0300][429.834s][info][gc] Trigger: Handle Allocation Failure
[2021-02-07T17:34:07.790+0300][430.102s][info][gc] GC(679) Pause Full 243M->243M(256M) 263.395ms
[2021-02-07T17:34:07.791+0300][430.103s][info][gc] Failed to allocate TLAB, 2672B
[2021-02-07T17:34:07.791+0300][430.103s][info][gc] Cancelling GC: Allocation Failure
[2021-02-07T17:34:07.793+0300][430.105s][info][gc] Trigger: Handle Allocation Failure
[2021-02-07T17:34:07.958+0300][430.270s][info][gc] GC(680) Cancelling GC: Upgrade To Full GC
[2021-02-07T17:34:08.215+0300][430.527s][info][gc] GC(680) Pause Degenerated GC (Outside of Cycle) 243M->243M(256M) 422.099ms
[2021-02-07T17:34:08.217+0300][430.529s][info][gc] Trigger: Free (25248B) is below minimum threshold (26214K)
[2021-02-07T17:34:08.217+0300][430.529s][info][gc] GC(681) Concurrent reset 0.112ms
[2021-02-07T17:34:08.217+0300][430.529s][info][gc] GC(681) Pause Init Mark (unload classes) 0.089ms
[2021-02-07T17:34:08.268+0300][430.580s][info][gc] Failed to allocate TLAB, 2672B
[2021-02-07T17:34:08.268+0300][430.580s][info][gc] Cancelling GC: Allocation Failure
[2021-02-07T17:34:08.268+0300][430.580s][info][gc] GC(681) Concurrent marking (unload classes) 50.521ms
[2021-02-07T17:34:08.270+0300][430.582s][info][gc] Trigger: Handle Allocation Failure
[2021-02-07T17:34:08.917+0300][431.229s][info][gc] GC(682) Cancelling GC: Upgrade To Full GC
[2021-02-07T17:34:09.177+0300][431.489s][info][gc] GC(682) Pause Degenerated GC (Mark) 243M->243M(256M) 903.856ms
[2021-02-07T17:34:09.179+0300][431.491s][info][gc] Trigger: Free (125K) is below minimum threshold (26214K)
[2021-02-07T17:34:09.179+0300][431.491s][info][gc] GC(683) Concurrent reset 0.086ms
[2021-02-07T17:34:09.179+0300][431.491s][info][gc] GC(683) Pause Init Mark (unload classes) 0.091ms
[2021-02-07T17:34:09.428+0300][431.740s][info][gc] Failed to allocate TLAB, 3024B
[2021-02-07T17:34:09.428+0300][431.740s][info][gc] Cancelling GC: Allocation Failure
[2021-02-07T17:34:09.428+0300][431.740s][info][gc] GC(683) Concurrent marking (unload classes) 248.703ms
[2021-02-07T17:34:09.431+0300][431.743s][info][gc] Trigger: Handle Allocation Failure
[2021-02-07T17:34:09.701+0300][432.013s][info][gc] GC(684) Cancelling GC: Upgrade To Full GC
[2021-02-07T17:34:09.959+0300][432.271s][info][gc] GC(684) Pause Degenerated GC (Mark) 243M->243M(256M) 523.466ms
[2021-02-07T17:34:09.960+0300][432.272s][info][gc] Failed to allocate TLAB, 2648B
[2021-02-07T17:34:09.960+0300][432.272s][info][gc] Cancelling GC: Allocation Failure
[2021-02-07T17:34:09.961+0300][432.273s][info][gc] Trigger: Handle Allocation Failure
[2021-02-07T17:34:10.125+0300][432.437s][info][gc] GC(685) Cancelling GC: Upgrade To Full GC
[2021-02-07T17:34:10.381+0300][432.693s][info][gc] GC(685) Pause Degenerated GC (Outside of Cycle) 243M->243M(256M) 420.037ms
[2021-02-07T17:34:10.383+0300][432.695s][info][gc] Trigger: Free (118K) is below minimum threshold (26214K)
[2021-02-07T17:34:10.383+0300][432.695s][info][gc] GC(686) Concurrent reset 0.123ms
[2021-02-07T17:34:10.383+0300][432.695s][info][gc] GC(686) Pause Init Mark (unload classes) 0.149ms
[2021-02-07T17:34:10.621+0300][432.933s][info][gc] Failed to allocate TLAB, 2664B
[2021-02-07T17:34:10.621+0300][432.933s][info][gc] Cancelling GC: Allocation Failure
[2021-02-07T17:34:10.621+0300][432.933s][info][gc] GC(686) Concurrent marking (unload classes) 237.292ms
[2021-02-07T17:34:10.624+0300][432.936s][info][gc] Trigger: Handle Allocation Failure
[2021-02-07T17:34:10.884+0300][433.196s][info][gc] GC(687) Pause Full 243M->243M(256M) 257.194ms
[2021-02-07T17:34:10.886+0300][433.198s][info][gc] Failed to allocate TLAB, 3152B
[2021-02-07T17:34:10.886+0300][433.198s][info][gc] Cancelling GC: Allocation Failure
[2021-02-07T17:34:10.887+0300][433.199s][info][gc] Trigger: Handle Allocation Failure
[2021-02-07T17:34:11.056+0300][433.368s][info][gc] GC(688) Cancelling GC: Upgrade To Full GC
[2021-02-07T17:34:11.311+0300][433.623s][info][gc] GC(688) Pause Degenerated GC (Outside of Cycle) 243M->243M(256M) 424.541ms
[2021-02-07T17:34:11.315+0300][433.627s][info][gc] Failed to allocate TLAB, 2640B
[2021-02-07T17:34:11.315+0300][433.627s][info][gc] Cancelling GC: Allocation Failure
[2021-02-07T17:34:11.325+0300][433.637s][info][gc] Trigger: Handle Allocation Failure
[2021-02-07T17:34:11.483+0300][433.795s][info][gc] GC(689) Cancelling GC: Upgrade To Full GC
[2021-02-07T17:34:11.745+0300][434.057s][info][gc] GC(689) Pause Degenerated GC (Outside of Cycle) 243M->243M(256M) 420.037ms
[2021-02-07T17:34:11.747+0300][434.059s][info][gc] Trigger: Free (56656B) is below minimum threshold (26214K)
[2021-02-07T17:34:11.747+0300][434.059s][info][gc] GC(690) Concurrent reset 0.131ms
[2021-02-07T17:34:11.747+0300][434.059s][info][gc] GC(690) Pause Init Mark (process weakrefs) (unload classes) 0.134ms
[2021-02-07T17:34:11.759+0300][434.071s][info][gc] Failed to allocate TLAB, 2664B
[2021-02-07T17:34:11.759+0300][434.071s][info][gc] Cancelling GC: Allocation Failure
[2021-02-07T17:34:11.773+0300][434.086s][info][gc] GC(690) Concurrent marking (process weakrefs) (unload classes) 26.301ms
[2021-02-07T17:34:11.777+0300][434.089s][info][gc] Trigger: Handle Allocation Failure
[2021-02-07T17:34:12.446+0300][434.758s][info][gc] GC(691) Cancelling GC: Upgrade To Full GC
[2021-02-07T17:34:12.704+0300][435.016s][info][gc] GC(691) Pause Degenerated GC (Mark) 243M->243M(256M) 926.804ms
[2021-02-07T17:34:12.705+0300][435.017s][info][gc] Failed to allocate TLAB, 2656B
[2021-02-07T17:34:12.705+0300][435.017s][info][gc] Cancelling GC: Allocation Failure
[2021-02-07T17:34:12.706+0300][435.018s][info][gc] Trigger: Handle Allocation Failure
[2021-02-07T17:34:12.869+0300][435.181s][info][gc] GC(692) Cancelling GC: Upgrade To Full GC
[2021-02-07T17:34:13.122+0300][435.434s][info][gc] GC(692) Pause Degenerated GC (Outside of Cycle) 243M->243M(256M) 416.317ms
[2021-02-07T17:34:13.123+0300][435.435s][info][gc] Failed to allocate TLAB, 2648B
[2021-02-07T17:34:13.123+0300][435.435s][info][gc] Cancelling GC: Allocation Failure
[2021-02-07T17:34:13.124+0300][435.436s][info][gc] Trigger: Handle Allocation Failure
[2021-02-07T17:34:13.385+0300][435.697s][info][gc] GC(693) Pause Full 243M->243M(256M) 261.346ms
[2021-02-07T17:34:13.386+0300][435.698s][info][gc] Failed to allocate TLAB, 2712B
[2021-02-07T17:34:13.386+0300][435.698s][info][gc] Cancelling GC: Allocation Failure
[2021-02-07T17:34:13.388+0300][435.700s][info][gc] Trigger: Handle Allocation Failure
[2021-02-07T17:34:13.552+0300][435.864s][info][gc] GC(694) Cancelling GC: Upgrade To Full GC
[2021-02-07T17:34:13.808+0300][436.120s][info][gc] GC(694) Pause Degenerated GC (Outside of Cycle) 243M->243M(256M) 419.673ms
[2021-02-07T17:34:13.810+0300][436.122s][info][gc] Trigger: Free (118K) is below minimum threshold (26214K)
[2021-02-07T17:34:13.810+0300][436.122s][info][gc] GC(695) Concurrent reset 0.098ms
[2021-02-07T17:34:13.810+0300][436.122s][info][gc] GC(695) Pause Init Mark (process weakrefs) (unload classes) 0.145ms
[2021-02-07T17:34:13.978+0300][436.290s][info][gc] Failed to allocate TLAB, 3480B
[2021-02-07T17:34:13.978+0300][436.290s][info][gc] Cancelling GC: Allocation Failure
[2021-02-07T17:34:13.978+0300][436.290s][info][gc] GC(695) Concurrent marking (process weakrefs) (unload classes) 166.987ms
[2021-02-07T17:34:13.980+0300][436.292s][info][gc] Trigger: Handle Allocation Failure
[2021-02-07T17:34:14.403+0300][436.715s][info][gc] GC(696) Cancelling GC: Upgrade To Full GC
[2021-02-07T17:34:14.666+0300][436.978s][info][gc] GC(696) Pause Degenerated GC (Mark) 243M->243M(256M) 685.226ms
[2021-02-07T17:34:14.668+0300][436.980s][info][gc] Trigger: Free (259K) is below minimum threshold (26214K)
[2021-02-07T17:34:14.668+0300][436.980s][info][gc] GC(697) Concurrent reset 0.125ms
[2021-02-07T17:34:14.668+0300][436.980s][info][gc] GC(697) Pause Init Mark (unload classes) 0.120ms
[2021-02-07T17:34:15.000+0300][437.312s][info][gc] GC(697) Concurrent marking (unload classes) 332.017ms
[2021-02-07T17:34:15.005+0300][437.317s][info][gc] GC(697) Pause Final Mark (unload classes) 0.434ms
[2021-02-07T17:34:15.011+0300][437.323s][info][gc] GC(697) Concurrent weak roots 5.328ms
[2021-02-07T17:34:15.011+0300][437.323s][info][gc] GC(697) Concurrent cleanup 247M->247M(256M) 0.011ms
[2021-02-07T17:34:15.016+0300][437.328s][info][gc] GC(697) Concurrent class unloading 5.107ms
[2021-02-07T17:34:15.016+0300][437.328s][info][gc] GC(697) Concurrent strong roots 0.138ms
[2021-02-07T17:34:15.023+0300][437.335s][info][gc] GC(697) Concurrent evacuation 6.913ms
[2021-02-07T17:34:15.039+0300][437.351s][info][gc] GC(697) Pause Init Update Refs 0.014ms
[2021-02-07T17:34:15.172+0300][437.484s][info][gc] GC(697) Concurrent update references 132.742ms
[2021-02-07T17:34:15.175+0300][437.487s][info][gc] GC(697) Pause Final Update Refs 0.149ms
[2021-02-07T17:34:15.175+0300][437.487s][info][gc] Failed to allocate Shared, 144B
[2021-02-07T17:34:15.175+0300][437.487s][info][gc] Cancelling GC: Allocation Failure
[2021-02-07T17:34:15.175+0300][437.487s][info][gc] GC(697) Concurrent cleanup 254M->243M(256M) 0.013ms
[2021-02-07T17:34:15.177+0300][437.489s][info][gc] Trigger: Handle Allocation Failure
[2021-02-07T17:34:15.338+0300][437.650s][info][gc] GC(698) Cancelling GC: Upgrade To Full GC
[2021-02-07T17:34:15.598+0300][437.910s][info][gc] GC(698) Pause Degenerated GC (Outside of Cycle) 243M->242M(256M) 420.942ms
[2021-02-07T17:34:15.600+0300][437.912s][info][gc] Trigger: Free (204K) is below minimum threshold (26214K)
[2021-02-07T17:34:15.600+0300][437.912s][info][gc] GC(699) Concurrent reset 0.089ms
[2021-02-07T17:34:15.600+0300][437.912s][info][gc] GC(699) Pause Init Mark (unload classes) 0.107ms
[2021-02-07T17:34:15.908+0300][438.220s][info][gc] Failed to allocate Shared, 1616B
[2021-02-07T17:34:15.908+0300][438.220s][info][gc] Cancelling GC: Allocation Failure
[2021-02-07T17:34:15.908+0300][438.220s][info][gc] GC(699) Concurrent marking (unload classes) 307.522ms
[2021-02-07T17:34:15.911+0300][438.223s][info][gc] Trigger: Handle Allocation Failure
[2021-02-07T17:34:16.048+0300][438.360s][info][gc] GC(700) Cancelling GC: Upgrade To Full GC
[2021-02-07T17:34:16.305+0300][438.617s][info][gc] GC(700) Pause Degenerated GC (Mark) 243M->242M(256M) 391.230ms
[2021-02-07T17:34:16.307+0300][438.619s][info][gc] Trigger: Free (165K) is below minimum threshold (26214K)
[2021-02-07T17:34:16.307+0300][438.619s][info][gc] GC(701) Concurrent reset 0.119ms
[2021-02-07T17:34:16.307+0300][438.619s][info][gc] GC(701) Pause Init Mark (unload classes) 0.098ms
[2021-02-07T17:34:16.637+0300][438.949s][info][gc] GC(701) Concurrent marking (unload classes) 329.742ms
[2021-02-07T17:34:16.640+0300][438.952s][info][gc] GC(701) Pause Final Mark (unload classes) 0.419ms
[2021-02-07T17:34:16.646+0300][438.958s][info][gc] GC(701) Concurrent weak roots 5.343ms
[2021-02-07T17:34:16.646+0300][438.958s][info][gc] GC(701) Concurrent cleanup 245M->245M(256M) 0.009ms
[2021-02-07T17:34:16.651+0300][438.963s][info][gc] GC(701) Concurrent class unloading 5.099ms
[2021-02-07T17:34:16.651+0300][438.963s][info][gc] GC(701) Concurrent strong roots 0.132ms
[2021-02-07T17:34:16.659+0300][438.971s][info][gc] GC(701) Concurrent evacuation 7.628ms
[2021-02-07T17:34:16.659+0300][438.971s][info][gc] GC(701) Pause Init Update Refs 0.010ms
[2021-02-07T17:34:16.796+0300][439.108s][info][gc] GC(701) Concurrent update references 136.783ms
[2021-02-07T17:34:16.796+0300][439.108s][info][gc] GC(701) Pause Final Update Refs 0.145ms
[2021-02-07T17:34:16.796+0300][439.108s][info][gc] GC(701) Concurrent cleanup 254M->243M(256M) 0.014ms
[2021-02-07T17:34:16.798+0300][439.110s][info][gc] Trigger: Free (12504B) is below minimum threshold (26214K)
[2021-02-07T17:34:16.798+0300][439.110s][info][gc] GC(702) Concurrent reset 0.381ms
[2021-02-07T17:34:16.799+0300][439.111s][info][gc] GC(702) Pause Init Mark (unload classes) 0.148ms
[2021-02-07T17:34:16.848+0300][439.159s][info][gc] Failed to allocate TLAB, 2664B
[2021-02-07T17:34:16.848+0300][439.159s][info][gc] Cancelling GC: Allocation Failure
[2021-02-07T17:34:16.848+0300][439.160s][info][gc] GC(702) Concurrent marking (unload classes) 48.891ms
[2021-02-07T17:34:16.850+0300][439.161s][info][gc] Trigger: Handle Allocation Failure
[2021-02-07T17:34:17.492+0300][439.804s][info][gc] GC(703) Cancelling GC: Upgrade To Full GC
[2021-02-07T17:34:17.746+0300][440.058s][info][gc] GC(703) Pause Degenerated GC (Mark) 243M->242M(256M) 891.152ms
[2021-02-07T17:34:17.748+0300][440.059s][info][gc] Trigger: Free (69176B) is below minimum threshold (26214K)
[2021-02-07T17:34:17.748+0300][440.060s][info][gc] GC(704) Concurrent reset 0.135ms
[2021-02-07T17:34:17.748+0300][440.060s][info][gc] GC(704) Pause Init Mark (unload classes) 0.113ms
[2021-02-07T17:34:17.846+0300][440.157s][info][gc] Failed to allocate TLAB, 2680B
[2021-02-07T17:34:17.846+0300][440.157s][info][gc] Cancelling GC: Allocation Failure
[2021-02-07T17:34:17.846+0300][440.158s][info][gc] GC(704) Concurrent marking (unload classes) 97.411ms
[2021-02-07T17:34:17.857+0300][440.168s][info][gc] Trigger: Handle Allocation Failure
[2021-02-07T17:34:18.461+0300][440.773s][info][gc] GC(705) Cancelling GC: Upgrade To Full GC
[2021-02-07T17:34:18.721+0300][441.033s][info][gc] GC(705) Pause Degenerated GC (Mark) 243M->242M(256M) 848.765ms
[2021-02-07T17:34:18.726+0300][441.038s][info][gc] Failed to allocate TLAB, 2664B
[2021-02-07T17:34:18.726+0300][441.038s][info][gc] Cancelling GC: Allocation Failure
[2021-02-07T17:34:18.729+0300][441.040s][info][gc] Trigger: Handle Allocation Failure
[2021-02-07T17:34:18.897+0300][441.209s][info][gc] GC(706) Cancelling GC: Upgrade To Full GC
[2021-02-07T17:34:19.157+0300][441.469s][info][gc] GC(706) Pause Degenerated GC (Outside of Cycle) 243M->242M(256M) 427.574ms
[2021-02-07T17:34:19.158+0300][441.470s][info][gc] Failed to allocate TLAB, 2696B
[2021-02-07T17:34:19.158+0300][441.470s][info][gc] Cancelling GC: Allocation Failure
[2021-02-07T17:34:19.159+0300][441.470s][info][gc] Trigger: Handle Allocation Failure
[2021-02-07T17:34:19.325+0300][441.636s][info][gc] GC(707) Cancelling GC: Upgrade To Full GC
[2021-02-07T17:34:19.581+0300][441.893s][info][gc] GC(707) Pause Degenerated GC (Outside of Cycle) 243M->242M(256M) 422.405ms
[2021-02-07T17:34:19.584+0300][441.895s][info][gc] Failed to allocate TLAB, 2704B
[2021-02-07T17:34:19.584+0300][441.895s][info][gc] Trigger: Handle Allocation Failure
[2021-02-07T17:34:19.584+0300][441.895s][info][gc] Cancelling GC: Allocation Failure
[2021-02-07T17:34:19.843+0300][442.155s][info][gc] GC(708) Pause Full 243M->242M(256M) 259.136ms
[2021-02-07T17:34:19.844+0300][442.156s][info][gc] Failed to allocate TLAB, 3568B
[2021-02-07T17:34:19.844+0300][442.156s][info][gc] Cancelling GC: Allocation Failure
[2021-02-07T17:34:19.846+0300][442.157s][info][gc] Trigger: Handle Allocation Failure
[2021-02-07T17:34:20.019+0300][442.331s][info][gc] GC(709) Cancelling GC: Upgrade To Full GC
[2021-02-07T17:34:20.277+0300][442.589s][info][gc] GC(709) Pause Degenerated GC (Outside of Cycle) 243M->242M(256M) 430.679ms
[2021-02-07T17:34:20.279+0300][442.590s][info][gc] Trigger: Free (11352B) is below minimum threshold (26214K)
[2021-02-07T17:34:20.279+0300][442.591s][info][gc] Failed to allocate TLAB, 2656B
[2021-02-07T17:34:20.279+0300][442.591s][info][gc] GC(710) Concurrent reset 0.112ms
[2021-02-07T17:34:20.279+0300][442.591s][info][gc] Cancelling GC: Allocation Failure
[2021-02-07T17:34:20.279+0300][442.591s][info][gc] GC(710) Pause Init Mark (process weakrefs) (unload classes) 0.107ms
[2021-02-07T17:34:20.279+0300][442.591s][info][gc] GC(710) Concurrent marking (process weakrefs) (unload classes) 0.114ms
[2021-02-07T17:34:20.295+0300][442.606s][info][gc] Trigger: Handle Allocation Failure
[2021-02-07T17:34:20.515+0300][442.827s][info][gc] GC(711) Cancelling GC: Upgrade To Full GC
[2021-02-07T17:34:20.772+0300][443.083s][info][gc] GC(711) Pause Degenerated GC (Mark) 243M->242M(256M) 460.887ms
[2021-02-07T17:34:20.773+0300][443.085s][info][gc] Failed to allocate TLAB, 2712B
[2021-02-07T17:34:20.773+0300][443.085s][info][gc] Cancelling GC: Allocation Failure
[2021-02-07T17:34:20.788+0300][443.099s][info][gc] Trigger: Handle Allocation Failure
[2021-02-07T17:34:20.957+0300][443.269s][info][gc] GC(712) Cancelling GC: Upgrade To Full GC
[2021-02-07T17:34:21.213+0300][443.525s][info][gc] GC(712) Pause Degenerated GC (Outside of Cycle) 243M->242M(256M) 424.872ms
[2021-02-07T17:34:21.215+0300][443.526s][info][gc] Trigger: Free (98440B) is below minimum threshold (26214K)
[2021-02-07T17:34:21.215+0300][443.527s][info][gc] GC(713) Concurrent reset 0.066ms
[2021-02-07T17:34:21.216+0300][443.528s][info][gc] GC(713) Pause Init Mark (unload classes) 0.100ms
[2021-02-07T17:34:21.371+0300][443.682s][info][gc] Failed to allocate TLAB, 2704B
[2021-02-07T17:34:21.371+0300][443.682s][info][gc] Cancelling GC: Allocation Failure
[2021-02-07T17:34:21.371+0300][443.683s][info][gc] GC(713) Concurrent marking (unload classes) 154.970ms
[2021-02-07T17:34:21.387+0300][443.698s][info][gc] Trigger: Handle Allocation Failure
[2021-02-07T17:34:21.831+0300][444.143s][info][gc] GC(714) Cancelling GC: Upgrade To Full GC
[2021-02-07T17:34:22.085+0300][444.397s][info][gc] GC(714) Pause Degenerated GC (Mark) 243M->242M(256M) 697.466ms
[2021-02-07T17:34:22.087+0300][444.398s][info][gc] Trigger: Free (52504B) is below minimum threshold (26214K)
[2021-02-07T17:34:22.087+0300][444.399s][info][gc] GC(715) Concurrent reset 0.110ms
[2021-02-07T17:34:22.087+0300][444.399s][info][gc] GC(715) Pause Init Mark (process weakrefs) (unload classes) 0.151ms
[2021-02-07T17:34:22.148+0300][444.459s][info][gc] Failed to allocate Shared, 528B
[2021-02-07T17:34:22.148+0300][444.460s][info][gc] Cancelling GC: Allocation Failure
[2021-02-07T17:34:22.148+0300][444.460s][info][gc] GC(715) Concurrent marking (process weakrefs) (unload classes) 60.441ms
[2021-02-07T17:34:22.150+0300][444.461s][info][gc] Trigger: Handle Allocation Failure
[2021-02-07T17:34:22.413+0300][444.725s][info][gc] GC(716) Pause Full 243M->242M(256M) 258.613ms
[2021-02-07T17:34:22.415+0300][444.727s][info][gc] Failed to allocate Shared, 272B
[2021-02-07T17:34:22.415+0300][444.727s][info][gc] Cancelling GC: Allocation Failure
[2021-02-07T17:34:22.417+0300][444.729s][info][gc] Trigger: Handle Allocation Failure
[2021-02-07T17:34:22.582+0300][444.894s][info][gc] GC(717) Cancelling GC: Upgrade To Full GC
[2021-02-07T17:34:22.835+0300][445.147s][info][gc] GC(717) Pause Degenerated GC (Outside of Cycle) 243M->242M(256M) 418.240ms
[2021-02-07T17:34:22.838+0300][445.150s][info][gc] Failed to allocate TLAB, 2680B
[2021-02-07T17:34:22.838+0300][445.150s][info][gc] Cancelling GC: Allocation Failure
[2021-02-07T17:34:22.847+0300][445.158s][info][gc] Trigger: Handle Allocation Failure
[2021-02-07T17:34:23.007+0300][445.319s][info][gc] GC(718) Cancelling GC: Upgrade To Full GC
[2021-02-07T17:34:23.258+0300][445.570s][info][gc] GC(718) Pause Degenerated GC (Outside of Cycle) 243M->242M(256M) 411.239ms
[2021-02-07T17:34:23.260+0300][445.571s][info][gc] Trigger: Free (145K) is below minimum threshold (26214K)
[2021-02-07T17:34:23.260+0300][445.572s][info][gc] GC(719) Concurrent reset 0.120ms
[2021-02-07T17:34:23.260+0300][445.572s][info][gc] GC(719) Pause Init Mark (unload classes) 0.163ms
[2021-02-07T17:34:23.356+0300][445.667s][info][gc] Failed to allocate TLAB, 2648B
[2021-02-07T17:34:23.356+0300][445.668s][info][gc] Cancelling GC: Allocation Failure
[2021-02-07T17:34:23.356+0300][445.668s][info][gc] GC(719) Concurrent marking (unload classes) 95.399ms
[2021-02-07T17:34:23.358+0300][445.669s][info][gc] Trigger: Handle Allocation Failure
[2021-02-07T17:34:23.948+0300][446.260s][info][gc] GC(720) Cancelling GC: Upgrade To Full GC
[2021-02-07T17:34:24.197+0300][446.509s][info][gc] GC(720) Pause Degenerated GC (Mark) 243M->242M(256M) 839.429ms
[2021-02-07T17:34:24.198+0300][446.510s][info][gc] Failed to allocate TLAB, 2696B
[2021-02-07T17:34:24.198+0300][446.510s][info][gc] Cancelling GC: Allocation Failure
[2021-02-07T17:34:24.200+0300][446.511s][info][gc] Trigger: Handle Allocation Failure
[2021-02-07T17:34:24.363+0300][446.675s][info][gc] GC(721) Cancelling GC: Upgrade To Full GC
[2021-02-07T17:34:24.617+0300][446.929s][info][gc] GC(721) Pause Degenerated GC (Outside of Cycle) 243M->242M(256M) 417.478ms
[2021-02-07T17:34:24.619+0300][446.930s][info][gc] Trigger: Free (59392B) is below minimum threshold (26214K)
[2021-02-07T17:34:24.619+0300][446.931s][info][gc] GC(722) Concurrent reset 0.119ms
[2021-02-07T17:34:24.619+0300][446.931s][info][gc] GC(722) Pause Init Mark (unload classes) 0.124ms
[2021-02-07T17:34:24.656+0300][446.967s][info][gc] Failed to allocate Shared, 528B
[2021-02-07T17:34:24.656+0300][446.967s][info][gc] Cancelling GC: Allocation Failure
[2021-02-07T17:34:24.656+0300][446.968s][info][gc] GC(722) Concurrent marking (unload classes) 36.318ms
[2021-02-07T17:34:24.659+0300][446.970s][info][gc] Trigger: Handle Allocation Failure
[2021-02-07T17:34:24.917+0300][447.229s][info][gc] GC(723) Pause Full 243M->242M(256M) 254.993ms
[2021-02-07T17:34:24.918+0300][447.230s][info][gc] Failed to allocate Shared, 144B
[2021-02-07T17:34:24.918+0300][447.230s][info][gc] Cancelling GC: Allocation Failure
[2021-02-07T17:34:24.920+0300][447.231s][info][gc] Trigger: Handle Allocation Failure
[2021-02-07T17:34:25.079+0300][447.391s][info][gc] GC(724) Cancelling GC: Upgrade To Full GC
[2021-02-07T17:34:25.332+0300][447.644s][info][gc] GC(724) Pause Degenerated GC (Outside of Cycle) 243M->242M(256M) 411.981ms
[2021-02-07T17:34:25.334+0300][447.645s][info][gc] Trigger: Free (504K) is below minimum threshold (26214K)
[2021-02-07T17:34:25.334+0300][447.646s][info][gc] GC(725) Concurrent reset 0.067ms
[2021-02-07T17:34:25.334+0300][447.646s][info][gc] GC(725) Pause Init Mark (process weakrefs) (unload classes) 0.151ms
[2021-02-07T17:34:25.664+0300][447.976s][info][gc] GC(725) Concurrent marking (process weakrefs) (unload classes) 329.443ms
[2021-02-07T17:34:25.664+0300][447.976s][info][gc] GC(725) Concurrent precleaning 0.117ms
[2021-02-07T17:34:25.665+0300][447.977s][info][gc] GC(725) Pause Final Mark (process weakrefs) (unload classes) 0.441ms
[2021-02-07T17:34:25.673+0300][447.984s][info][gc] GC(725) Concurrent weak roots 7.179ms
[2021-02-07T17:34:25.673+0300][447.985s][info][gc] GC(725) Concurrent cleanup 246M->246M(256M) 0.011ms
[2021-02-07T17:34:25.678+0300][447.990s][info][gc] GC(725) Concurrent class unloading 5.048ms
[2021-02-07T17:34:25.678+0300][447.990s][info][gc] GC(725) Concurrent strong roots 0.074ms
[2021-02-07T17:34:25.684+0300][447.996s][info][gc] GC(725) Concurrent evacuation 6.674ms
[2021-02-07T17:34:25.688+0300][448.000s][info][gc] GC(725) Pause Init Update Refs 0.018ms
[2021-02-07T17:34:25.825+0300][448.137s][info][gc] GC(725) Concurrent update references 136.905ms
[2021-02-07T17:34:25.828+0300][448.140s][info][gc] GC(725) Pause Final Update Refs 0.127ms
[2021-02-07T17:34:25.828+0300][448.140s][info][gc] GC(725) Concurrent cleanup 254M->243M(256M) 0.015ms
[2021-02-07T17:34:25.830+0300][448.141s][info][gc] Trigger: Free (28512B) is below minimum threshold (26214K)
[2021-02-07T17:34:25.830+0300][448.142s][info][gc] GC(726) Concurrent reset 0.353ms
[2021-02-07T17:34:25.831+0300][448.142s][info][gc] GC(726) Pause Init Mark (unload classes) 0.139ms
[2021-02-07T17:34:25.882+0300][448.193s][info][gc] Failed to allocate TLAB, 2696B
[2021-02-07T17:34:25.882+0300][448.193s][info][gc] Cancelling GC: Allocation Failure
[2021-02-07T17:34:25.882+0300][448.194s][info][gc] GC(726) Concurrent marking (unload classes) 51.059ms
[2021-02-07T17:34:25.885+0300][448.196s][info][gc] Trigger: Handle Allocation Failure
[2021-02-07T17:34:26.518+0300][448.830s][info][gc] GC(727) Cancelling GC: Upgrade To Full GC
[2021-02-07T17:34:26.769+0300][449.081s][info][gc] GC(727) Pause Degenerated GC (Mark) 243M->242M(256M) 883.523ms
[2021-02-07T17:34:26.769+0300][449.081s][info][gc] Failed to allocate TLAB, 2656B
[2021-02-07T17:34:26.769+0300][449.081s][info][gc] Cancelling GC: Allocation Failure
[2021-02-07T17:34:26.771+0300][449.082s][info][gc] Trigger: Handle Allocation Failure
[2021-02-07T17:34:26.932+0300][449.244s][info][gc] GC(728) Cancelling GC: Upgrade To Full GC
[2021-02-07T17:34:27.183+0300][449.495s][info][gc] GC(728) Pause Degenerated GC (Outside of Cycle) 242M->242M(256M) 412.152ms
[2021-02-07T17:34:27.183+0300][449.495s][info][gc] Failed to allocate TLAB, 2664B
[2021-02-07T17:34:27.183+0300][449.495s][info][gc] Cancelling GC: Allocation Failure
[2021-02-07T17:34:27.199+0300][449.510s][info][gc] Trigger: Handle Allocation Failure
[2021-02-07T17:34:27.362+0300][449.674s][info][gc] GC(729) Cancelling GC: Upgrade To Full GC
[2021-02-07T17:34:27.617+0300][449.929s][info][gc] GC(729) Pause Degenerated GC (Outside of Cycle) 242M->242M(256M) 417.951ms
[2021-02-07T17:34:27.618+0300][449.930s][info][gc] Failed to allocate TLAB, 2648B
[2021-02-07T17:34:27.618+0300][449.930s][info][gc] Cancelling GC: Allocation Failure
[2021-02-07T17:34:27.619+0300][449.930s][info][gc] Trigger: Handle Allocation Failure
[2021-02-07T17:34:27.786+0300][450.098s][info][gc] GC(730) Cancelling GC: Upgrade To Full GC
[2021-02-07T17:34:28.040+0300][450.352s][info][gc] GC(730) Pause Degenerated GC (Outside of Cycle) 242M->242M(256M) 415.864ms
[2021-02-07T17:34:28.041+0300][450.353s][info][gc] Failed to allocate TLAB, 2680B
[2021-02-07T17:34:28.041+0300][450.353s][info][gc] Cancelling GC: Allocation Failure
[2021-02-07T17:34:28.053+0300][450.364s][info][gc] Trigger: Handle Allocation Failure
[2021-02-07T17:34:28.305+0300][450.617s][info][gc] GC(731) Pause Full 243M->242M(256M) 252.641ms
[2021-02-07T17:34:28.306+0300][450.618s][info][gc] Failed to allocate TLAB, 2680B
[2021-02-07T17:34:28.306+0300][450.618s][info][gc] Cancelling GC: Allocation Failure
[2021-02-07T17:34:28.309+0300][450.620s][info][gc] Trigger: Handle Allocation Failure
[2021-02-07T17:34:28.470+0300][450.782s][info][gc] GC(732) Cancelling GC: Upgrade To Full GC
[2021-02-07T17:34:28.720+0300][451.032s][info][gc] GC(732) Pause Degenerated GC (Outside of Cycle) 242M->242M(256M) 410.234ms
[2021-02-07T17:34:28.722+0300][451.034s][info][gc] Failed to allocate TLAB, 2664B
[2021-02-07T17:34:28.722+0300][451.034s][info][gc] Cancelling GC: Allocation Failure
[2021-02-07T17:34:28.729+0300][451.040s][info][gc] Trigger: Handle Allocation Failure
[2021-02-07T17:34:28.888+0300][451.200s][info][gc] GC(733) Cancelling GC: Upgrade To Full GC
[2021-02-07T17:34:29.143+0300][451.455s][info][gc] GC(733) Pause Degenerated GC (Outside of Cycle) 243M->242M(256M) 414.465ms
[2021-02-07T17:34:29.146+0300][451.457s][info][gc] Trigger: Free (95216B) is below minimum threshold (26214K)
[2021-02-07T17:34:29.146+0300][451.458s][info][gc] GC(734) Concurrent reset 0.137ms
[2021-02-07T17:34:29.146+0300][451.458s][info][gc] GC(734) Pause Init Mark (unload classes) 0.107ms
[2021-02-07T17:34:29.476+0300][451.788s][info][gc] GC(734) Concurrent marking (unload classes) 329.690ms
[2021-02-07T17:34:29.479+0300][451.791s][info][gc] GC(734) Pause Final Mark (unload classes) 0.436ms
[2021-02-07T17:34:29.485+0300][451.796s][info][gc] GC(734) Concurrent weak roots 5.324ms
[2021-02-07T17:34:29.485+0300][451.796s][info][gc] Failed to allocate TLAB, 2672B
[2021-02-07T17:34:29.485+0300][451.797s][info][gc] GC(734) Concurrent cleanup 245M->245M(256M) 0.008ms
[2021-02-07T17:34:29.485+0300][451.797s][info][gc] Cancelling GC: Allocation Failure
[2021-02-07T17:34:29.488+0300][451.800s][info][gc] GC(734) Concurrent class unloading 3.555ms
[2021-02-07T17:34:29.488+0300][451.800s][info][gc] GC(734) Concurrent strong roots 0.111ms
[2021-02-07T17:34:29.489+0300][451.801s][info][gc] GC(734) Concurrent evacuation 0.267ms
[2021-02-07T17:34:29.491+0300][451.802s][info][gc] Trigger: Handle Allocation Failure
[2021-02-07T17:34:29.542+0300][451.854s][info][gc] GC(735) Cancelling GC: Upgrade To Full GC
[2021-02-07T17:34:29.801+0300][452.113s][info][gc] GC(735) Pause Degenerated GC (Evacuation) 246M->242M(256M) 307.422ms
[2021-02-07T17:34:29.803+0300][452.114s][info][gc] Trigger: Free (104K) is below minimum threshold (26214K)
[2021-02-07T17:34:29.803+0300][452.115s][info][gc] GC(736) Concurrent reset 0.087ms
[2021-02-07T17:34:29.803+0300][452.115s][info][gc] GC(736) Pause Init Mark (unload classes) 0.186ms
[2021-02-07T17:34:29.915+0300][452.227s][info][gc] Failed to allocate TLAB, 2712B
[2021-02-07T17:34:29.915+0300][452.227s][info][gc] Cancelling GC: Allocation Failure
[2021-02-07T17:34:29.915+0300][452.227s][info][gc] GC(736) Concurrent marking (unload classes) 111.267ms
[2021-02-07T17:34:29.931+0300][452.242s][info][gc] Trigger: Handle Allocation Failure
[2021-02-07T17:34:30.496+0300][452.808s][info][gc] GC(737) Cancelling GC: Upgrade To Full GC
[2021-02-07T17:34:30.755+0300][453.067s][info][gc] GC(737) Pause Degenerated GC (Mark) 243M->242M(256M) 808.722ms
[2021-02-07T17:34:30.758+0300][453.070s][info][gc] Failed to allocate TLAB, 2768B
[2021-02-07T17:34:30.758+0300][453.070s][info][gc] Cancelling GC: Allocation Failure
[2021-02-07T17:34:30.772+0300][453.083s][info][gc] Trigger: Handle Allocation Failure
[2021-02-07T17:34:31.025+0300][453.337s][info][gc] GC(738) Pause Full 243M->242M(256M) 253.220ms
[2021-02-07T17:34:31.027+0300][453.339s][info][gc] Failed to allocate Shared, 1544B
[2021-02-07T17:34:31.027+0300][453.339s][info][gc] Cancelling GC: Allocation Failure
[2021-02-07T17:34:31.028+0300][453.339s][info][gc] Trigger: Handle Allocation Failure
[2021-02-07T17:34:31.185+0300][453.497s][info][gc] GC(739) Cancelling GC: Upgrade To Full GC
[2021-02-07T17:34:31.438+0300][453.750s][info][gc] GC(739) Pause Degenerated GC (Outside of Cycle) 243M->242M(256M) 410.338ms
[2021-02-07T17:34:31.440+0300][453.751s][info][gc] Trigger: Free (302K) is below minimum threshold (26214K)
[2021-02-07T17:34:31.440+0300][453.752s][info][gc] GC(740) Concurrent reset 0.097ms
[2021-02-07T17:34:31.440+0300][453.752s][info][gc] GC(740) Pause Init Mark (process weakrefs) (unload classes) 0.160ms
[2021-02-07T17:34:31.770+0300][454.081s][info][gc] GC(740) Concurrent marking (process weakrefs) (unload classes) 329.313ms
[2021-02-07T17:34:31.770+0300][454.082s][info][gc] GC(740) Concurrent precleaning 0.144ms
[2021-02-07T17:34:31.771+0300][454.083s][info][gc] GC(740) Pause Final Mark (process weakrefs) (unload classes) 0.443ms
[2021-02-07T17:34:31.778+0300][454.090s][info][gc] GC(740) Concurrent weak roots 7.013ms
[2021-02-07T17:34:31.778+0300][454.090s][info][gc] GC(740) Concurrent cleanup 247M->247M(256M) 0.013ms
[2021-02-07T17:34:31.781+0300][454.093s][info][gc] GC(740) Concurrent class unloading 2.547ms
[2021-02-07T17:34:31.781+0300][454.093s][info][gc] GC(740) Concurrent strong roots 0.106ms
[2021-02-07T17:34:31.788+0300][454.100s][info][gc] GC(740) Concurrent evacuation 6.532ms
[2021-02-07T17:34:31.791+0300][454.103s][info][gc] GC(740) Pause Init Update Refs 0.013ms
[2021-02-07T17:34:31.852+0300][454.163s][info][gc] Failed to allocate TLAB, 3400B
[2021-02-07T17:34:31.852+0300][454.164s][info][gc] Cancelling GC: Allocation Failure
[2021-02-07T17:34:31.852+0300][454.164s][info][gc] GC(740) Concurrent update references 60.862ms
[2021-02-07T17:34:31.854+0300][454.165s][info][gc] Trigger: Handle Allocation Failure
[2021-02-07T17:34:31.879+0300][454.191s][info][gc] GC(741) Cancelling GC: Upgrade To Full GC
[2021-02-07T17:34:32.130+0300][454.442s][info][gc] GC(741) Pause Degenerated GC (Update Refs) 253M->242M(256M) 276.308ms
[2021-02-07T17:34:32.145+0300][454.456s][info][gc] Trigger: Free (194K) is below minimum threshold (26214K)
[2021-02-07T17:34:32.145+0300][454.457s][info][gc] GC(742) Concurrent reset 0.236ms
[2021-02-07T17:34:32.145+0300][454.457s][info][gc] GC(742) Pause Init Mark (unload classes) 0.102ms
[2021-02-07T17:34:32.477+0300][454.789s][info][gc] GC(742) Concurrent marking (unload classes) 331.491ms
[2021-02-07T17:34:32.480+0300][454.792s][info][gc] GC(742) Pause Final Mark (unload classes) 0.412ms
[2021-02-07T17:34:32.480+0300][454.792s][info][gc] Failed to allocate TLAB, 2944B
[2021-02-07T17:34:32.480+0300][454.792s][info][gc] Cancelling GC: Allocation Failure
[2021-02-07T17:34:32.486+0300][454.798s][info][gc] GC(742) Concurrent weak roots 5.436ms
[2021-02-07T17:34:32.486+0300][454.798s][info][gc] GC(742) Concurrent cleanup 246M->246M(256M) 0.011ms
[2021-02-07T17:34:32.491+0300][454.803s][info][gc] GC(742) Concurrent class unloading 4.997ms
[2021-02-07T17:34:32.491+0300][454.803s][info][gc] GC(742) Concurrent strong roots 0.079ms
[2021-02-07T17:34:32.491+0300][454.803s][info][gc] GC(742) Concurrent evacuation 0.219ms
[2021-02-07T17:34:32.493+0300][454.804s][info][gc] Trigger: Handle Allocation Failure
[2021-02-07T17:34:32.544+0300][454.856s][info][gc] GC(743) Cancelling GC: Upgrade To Full GC
[2021-02-07T17:34:32.796+0300][455.108s][info][gc] GC(743) Pause Degenerated GC (Evacuation) 246M->242M(256M) 300.590ms
[2021-02-07T17:34:32.798+0300][455.109s][info][gc] Trigger: Free (187K) is below minimum threshold (26214K)
[2021-02-07T17:34:32.798+0300][455.110s][info][gc] GC(744) Concurrent reset 0.093ms
[2021-02-07T17:34:32.798+0300][455.110s][info][gc] GC(744) Pause Init Mark (unload classes) 0.133ms
[2021-02-07T17:34:33.144+0300][455.455s][info][gc] GC(744) Concurrent marking (unload classes) 345.630ms
[2021-02-07T17:34:33.147+0300][455.459s][info][gc] GC(744) Pause Final Mark (unload classes) 0.473ms
[2021-02-07T17:34:33.153+0300][455.465s][info][gc] GC(744) Concurrent weak roots 5.271ms
[2021-02-07T17:34:33.153+0300][455.465s][info][gc] GC(744) Concurrent cleanup 245M->245M(256M) 0.009ms
[2021-02-07T17:34:33.156+0300][455.468s][info][gc] GC(744) Concurrent class unloading 3.058ms
[2021-02-07T17:34:33.156+0300][455.468s][info][gc] GC(744) Concurrent strong roots 0.108ms
[2021-02-07T17:34:33.164+0300][455.476s][info][gc] GC(744) Concurrent evacuation 7.783ms
[2021-02-07T17:34:33.167+0300][455.479s][info][gc] GC(744) Pause Init Update Refs 0.009ms
[2021-02-07T17:34:33.233+0300][455.544s][info][gc] Failed to allocate TLAB, 2672B
[2021-02-07T17:34:33.233+0300][455.544s][info][gc] Cancelling GC: Allocation Failure
[2021-02-07T17:34:33.233+0300][455.545s][info][gc] GC(744) Concurrent update references 65.795ms
[2021-02-07T17:34:33.235+0300][455.546s][info][gc] Trigger: Handle Allocation Failure
[2021-02-07T17:34:33.259+0300][455.571s][info][gc] GC(745) Cancelling GC: Upgrade To Full GC
[2021-02-07T17:34:33.515+0300][455.827s][info][gc] GC(745) Pause Degenerated GC (Update Refs) 254M->242M(256M) 279.095ms
[2021-02-07T17:34:33.517+0300][455.828s][info][gc] Failed to allocate TLAB, 2656B
[2021-02-07T17:34:33.517+0300][455.829s][info][gc] Cancelling GC: Allocation Failure
[2021-02-07T17:34:33.518+0300][455.829s][info][gc] Trigger: Handle Allocation Failure
[2021-02-07T17:34:33.769+0300][456.080s][info][gc] GC(746) Pause Full 243M->242M(256M) 250.605ms
[2021-02-07T17:34:33.772+0300][456.083s][info][gc] Trigger: Free (49552B) is below minimum threshold (26214K)
[2021-02-07T17:34:33.772+0300][456.084s][info][gc] GC(747) Concurrent reset 0.113ms
[2021-02-07T17:34:33.772+0300][456.084s][info][gc] GC(747) Pause Init Mark (unload classes) 0.112ms
[2021-02-07T17:34:33.871+0300][456.182s][info][gc] Failed to allocate TLAB, 4968B
[2021-02-07T17:34:33.871+0300][456.182s][info][gc] Cancelling GC: Allocation Failure
[2021-02-07T17:34:33.871+0300][456.183s][info][gc] GC(747) Concurrent marking (unload classes) 98.277ms
[2021-02-07T17:34:33.874+0300][456.185s][info][gc] Trigger: Handle Allocation Failure
[2021-02-07T17:34:34.455+0300][456.767s][info][gc] GC(748) Cancelling GC: Upgrade To Full GC
[2021-02-07T17:34:34.706+0300][457.018s][info][gc] GC(748) Pause Degenerated GC (Mark) 243M->242M(256M) 831.232ms
[2021-02-07T17:34:34.708+0300][457.019s][info][gc] Trigger: Free (44808B) is below minimum threshold (26214K)
[2021-02-07T17:34:34.708+0300][457.020s][info][gc] GC(749) Concurrent reset 0.159ms
[2021-02-07T17:34:34.708+0300][457.020s][info][gc] GC(749) Pause Init Mark (unload classes) 0.129ms
[2021-02-07T17:34:34.720+0300][457.031s][info][gc] Failed to allocate TLAB, 2664B
[2021-02-07T17:34:34.720+0300][457.031s][info][gc] Cancelling GC: Allocation Failure
[2021-02-07T17:34:34.735+0300][457.047s][info][gc] GC(749) Concurrent marking (unload classes) 26.553ms
[2021-02-07T17:34:34.738+0300][457.049s][info][gc] Trigger: Handle Allocation Failure
[2021-02-07T17:34:35.407+0300][457.719s][info][gc] GC(750) Cancelling GC: Upgrade To Full GC
[2021-02-07T17:34:35.663+0300][457.975s][info][gc] GC(750) Pause Degenerated GC (Mark) 243M->242M(256M) 922.125ms
[2021-02-07T17:34:35.665+0300][457.976s][info][gc] Trigger: Free (210K) is below minimum threshold (26214K)
[2021-02-07T17:34:35.665+0300][457.977s][info][gc] GC(751) Concurrent reset 0.117ms
[2021-02-07T17:34:35.665+0300][457.977s][info][gc] GC(751) Pause Init Mark (unload classes) 0.114ms
[2021-02-07T17:34:35.999+0300][458.311s][info][gc] GC(751) Concurrent marking (unload classes) 334.175ms
[2021-02-07T17:34:36.001+0300][458.313s][info][gc] GC(751) Pause Final Mark (unload classes) 0.396ms
[2021-02-07T17:34:36.001+0300][458.313s][info][gc] Failed to allocate TLAB, 3040B
[2021-02-07T17:34:36.001+0300][458.313s][info][gc] Cancelling GC: Allocation Failure
[2021-02-07T17:34:36.005+0300][458.317s][info][gc] GC(751) Concurrent weak roots 3.574ms
[2021-02-07T17:34:36.005+0300][458.317s][info][gc] GC(751) Concurrent cleanup 245M->245M(256M) 0.011ms
[2021-02-07T17:34:36.007+0300][458.319s][info][gc] GC(751) Concurrent class unloading 2.505ms
[2021-02-07T17:34:36.007+0300][458.319s][info][gc] GC(751) Concurrent strong roots 0.113ms
[2021-02-07T17:34:36.008+0300][458.319s][info][gc] GC(751) Concurrent evacuation 0.271ms
[2021-02-07T17:34:36.010+0300][458.321s][info][gc] Trigger: Handle Allocation Failure
[2021-02-07T17:34:36.065+0300][458.377s][info][gc] GC(752) Cancelling GC: Upgrade To Full GC
[2021-02-07T17:34:36.321+0300][458.633s][info][gc] GC(752) Pause Degenerated GC (Evacuation) 245M->242M(256M) 308.280ms
[2021-02-07T17:34:36.322+0300][458.634s][info][gc] Failed to allocate TLAB, 2656B
[2021-02-07T17:34:36.322+0300][458.634s][info][gc] Cancelling GC: Allocation Failure
[2021-02-07T17:34:36.323+0300][458.634s][info][gc] Trigger: Handle Allocation Failure
[2021-02-07T17:34:36.487+0300][458.799s][info][gc] GC(753) Cancelling GC: Upgrade To Full GC
[2021-02-07T17:34:36.738+0300][459.050s][info][gc] GC(753) Pause Degenerated GC (Outside of Cycle) 242M->242M(256M) 415.430ms
[2021-02-07T17:34:36.740+0300][459.051s][info][gc] Failed to allocate TLAB, 2648B
[2021-02-07T17:34:36.740+0300][459.051s][info][gc] Cancelling GC: Allocation Failure
[2021-02-07T17:34:36.740+0300][459.051s][info][gc] Trigger: Handle Allocation Failure
[2021-02-07T17:34:36.991+0300][459.303s][info][gc] GC(754) Pause Full 243M->242M(256M) 251.411ms
[2021-02-07T17:34:36.995+0300][459.306s][info][gc] Trigger: Free (90808B) is below minimum threshold (26214K)
[2021-02-07T17:34:36.995+0300][459.307s][info][gc] GC(755) Concurrent reset 0.123ms
[2021-02-07T17:34:36.995+0300][459.307s][info][gc] GC(755) Pause Init Mark (process weakrefs) (unload classes) 0.161ms
[2021-02-07T17:34:37.149+0300][459.460s][info][gc] Failed to allocate TLAB, 2672B
[2021-02-07T17:34:37.149+0300][459.460s][info][gc] Cancelling GC: Allocation Failure
[2021-02-07T17:34:37.149+0300][459.461s][info][gc] GC(755) Concurrent marking (process weakrefs) (unload classes) 153.411ms
[2021-02-07T17:34:37.165+0300][459.476s][info][gc] Trigger: Handle Allocation Failure
[2021-02-07T17:34:37.653+0300][459.965s][info][gc] GC(756) Cancelling GC: Upgrade To Full GC
[2021-02-07T17:34:37.907+0300][460.219s][info][gc] GC(756) Pause Degenerated GC (Mark) 243M->242M(256M) 726.104ms
[2021-02-07T17:34:37.910+0300][460.222s][info][gc] Failed to allocate TLAB, 2648B
[2021-02-07T17:34:37.910+0300][460.222s][info][gc] Cancelling GC: Allocation Failure
[2021-02-07T17:34:37.913+0300][460.224s][info][gc] Trigger: Handle Allocation Failure
[2021-02-07T17:34:38.077+0300][460.389s][info][gc] GC(757) Cancelling GC: Upgrade To Full GC
[2021-02-07T17:34:38.332+0300][460.644s][info][gc] GC(757) Pause Degenerated GC (Outside of Cycle) 243M->242M(256M) 418.628ms
[2021-02-07T17:34:38.334+0300][460.645s][info][gc] Trigger: Free (264K) is below minimum threshold (26214K)
[2021-02-07T17:34:38.334+0300][460.646s][info][gc] GC(758) Concurrent reset 0.148ms
[2021-02-07T17:34:38.334+0300][460.646s][info][gc] GC(758) Pause Init Mark (unload classes) 0.174ms
[2021-02-07T17:34:38.683+0300][460.995s][info][gc] GC(758) Concurrent marking (unload classes) 348.444ms
[2021-02-07T17:34:38.686+0300][460.998s][info][gc] GC(758) Pause Final Mark (unload classes) 0.433ms
[2021-02-07T17:34:38.692+0300][461.004s][info][gc] GC(758) Concurrent weak roots 5.388ms
[2021-02-07T17:34:38.692+0300][461.004s][info][gc] GC(758) Concurrent cleanup 246M->246M(256M) 0.009ms
[2021-02-07T17:34:38.697+0300][461.009s][info][gc] GC(758) Concurrent class unloading 5.085ms
[2021-02-07T17:34:38.697+0300][461.009s][info][gc] GC(758) Concurrent strong roots 0.089ms
[2021-02-07T17:34:38.704+0300][461.016s][info][gc] GC(758) Concurrent evacuation 7.115ms
[2021-02-07T17:34:38.705+0300][461.017s][info][gc] GC(758) Pause Init Update Refs 0.010ms
[2021-02-07T17:34:38.827+0300][461.138s][info][gc] Failed to allocate TLAB, 2656B
[2021-02-07T17:34:38.827+0300][461.138s][info][gc] Cancelling GC: Allocation Failure
[2021-02-07T17:34:38.827+0300][461.139s][info][gc] GC(758) Concurrent update references 122.017ms
[2021-02-07T17:34:38.829+0300][461.140s][info][gc] Trigger: Handle Allocation Failure
[2021-02-07T17:34:38.844+0300][461.156s][info][gc] GC(759) Cancelling GC: Upgrade To Full GC
[2021-02-07T17:34:39.100+0300][461.412s][info][gc] GC(759) Pause Degenerated GC (Update Refs) 254M->242M(256M) 267.963ms
[2021-02-07T17:34:39.103+0300][461.414s][info][gc] Trigger: Free (73976B) is below minimum threshold (26214K)
[2021-02-07T17:34:39.103+0300][461.415s][info][gc] GC(760) Concurrent reset 0.090ms
[2021-02-07T17:34:39.103+0300][461.415s][info][gc] GC(760) Pause Init Mark (process weakrefs) (unload classes) 0.143ms
[2021-02-07T17:34:39.164+0300][461.475s][info][gc] Failed to allocate TLAB, 2656B
[2021-02-07T17:34:39.164+0300][461.476s][info][gc] Cancelling GC: Allocation Failure
[2021-02-07T17:34:39.164+0300][461.476s][info][gc] GC(760) Concurrent marking (process weakrefs) (unload classes) 60.563ms
[2021-02-07T17:34:39.167+0300][461.478s][info][gc] Trigger: Handle Allocation Failure
[2021-02-07T17:34:39.813+0300][462.125s][info][gc] GC(761) Cancelling GC: Upgrade To Full GC
[2021-02-07T17:34:40.068+0300][462.380s][info][gc] GC(761) Pause Degenerated GC (Mark) 243M->242M(256M) 898.369ms
[2021-02-07T17:34:40.071+0300][462.383s][info][gc] Failed to allocate TLAB, 2680B
[2021-02-07T17:34:40.071+0300][462.383s][info][gc] Cancelling GC: Allocation Failure
[2021-02-07T17:34:40.077+0300][462.388s][info][gc] Trigger: Handle Allocation Failure
[2021-02-07T17:34:40.328+0300][462.640s][info][gc] GC(762) Pause Full 243M->242M(256M) 251.734ms
[2021-02-07T17:34:40.332+0300][462.643s][info][gc] Trigger: Free (133K) is below minimum threshold (26214K)
[2021-02-07T17:34:40.332+0300][462.644s][info][gc] GC(763) Concurrent reset 0.086ms
[2021-02-07T17:34:40.332+0300][462.644s][info][gc] GC(763) Pause Init Mark (unload classes) 0.130ms
[2021-02-07T17:34:40.532+0300][462.843s][info][gc] Failed to allocate TLAB, 3640B
[2021-02-07T17:34:40.532+0300][462.843s][info][gc] Cancelling GC: Allocation Failure
[2021-02-07T17:34:40.532+0300][462.843s][info][gc] GC(763) Concurrent marking (unload classes) 199.383ms
[2021-02-07T17:34:40.535+0300][462.846s][info][gc] Trigger: Handle Allocation Failure
[2021-02-07T17:34:40.897+0300][463.209s][info][gc] GC(764) Cancelling GC: Upgrade To Full GC
[2021-02-07T17:34:41.151+0300][463.463s][info][gc] GC(764) Pause Degenerated GC (Mark) 243M->242M(256M) 613.336ms
[2021-02-07T17:34:41.153+0300][463.464s][info][gc] Trigger: Free (350K) is below minimum threshold (26214K)
[2021-02-07T17:34:41.153+0300][463.465s][info][gc] GC(765) Concurrent reset 0.069ms
[2021-02-07T17:34:41.153+0300][463.465s][info][gc] GC(765) Pause Init Mark (process weakrefs) (unload classes) 0.152ms
[2021-02-07T17:34:41.483+0300][463.794s][info][gc] GC(765) Concurrent marking (process weakrefs) (unload classes) 329.434ms
[2021-02-07T17:34:41.483+0300][463.795s][info][gc] GC(765) Concurrent precleaning 0.110ms
[2021-02-07T17:34:41.488+0300][463.800s][info][gc] GC(765) Pause Final Mark (process weakrefs) (unload classes) 0.461ms
[2021-02-07T17:34:41.496+0300][463.807s][info][gc] GC(765) Concurrent weak roots 7.273ms
[2021-02-07T17:34:41.496+0300][463.808s][info][gc] GC(765) Concurrent cleanup 245M->245M(256M) 0.010ms
[2021-02-07T17:34:41.501+0300][463.813s][info][gc] GC(765) Concurrent class unloading 5.099ms
[2021-02-07T17:34:41.501+0300][463.813s][info][gc] GC(765) Concurrent strong roots 0.109ms
[2021-02-07T17:34:41.508+0300][463.820s][info][gc] GC(765) Concurrent evacuation 7.263ms
[2021-02-07T17:34:41.509+0300][463.821s][info][gc] GC(765) Pause Init Update Refs 0.009ms
[2021-02-07T17:34:41.651+0300][463.963s][info][gc] GC(765) Concurrent update references 141.478ms
[2021-02-07T17:34:41.652+0300][463.964s][info][gc] GC(765) Pause Final Update Refs 0.132ms
[2021-02-07T17:34:41.652+0300][463.964s][info][gc] GC(765) Concurrent cleanup 254M->243M(256M) 0.013ms
[2021-02-07T17:34:41.654+0300][463.965s][info][gc] Trigger: Free (21080B) is below minimum threshold (26214K)
[2021-02-07T17:34:41.654+0300][463.966s][info][gc] GC(766) Concurrent reset 0.351ms
[2021-02-07T17:34:41.654+0300][463.966s][info][gc] GC(766) Pause Init Mark (unload classes) 0.138ms
[2021-02-07T17:34:41.680+0300][463.991s][info][gc] Failed to allocate TLAB, 2640B
[2021-02-07T17:34:41.680+0300][463.992s][info][gc] Cancelling GC: Allocation Failure
[2021-02-07T17:34:41.681+0300][463.993s][info][gc] GC(766) Concurrent marking (unload classes) 26.101ms
[2021-02-07T17:34:41.684+0300][463.995s][info][gc] Trigger: Handle Allocation Failure
[2021-02-07T17:34:42.347+0300][464.659s][info][gc] GC(767) Cancelling GC: Upgrade To Full GC
[2021-02-07T17:34:42.600+0300][464.912s][info][gc] GC(767) Pause Degenerated GC (Mark) 243M->242M(256M) 915.404ms
[2021-02-07T17:34:42.602+0300][464.913s][info][gc] Trigger: Free (8336B) is below minimum threshold (26214K)
[2021-02-07T17:34:42.602+0300][464.913s][info][gc] Failed to allocate TLAB, 2840B
[2021-02-07T17:34:42.602+0300][464.914s][info][gc] Cancelling GC: Allocation Failure
[2021-02-07T17:34:42.602+0300][464.914s][info][gc] GC(768) Concurrent reset 0.100ms
[2021-02-07T17:34:42.603+0300][464.914s][info][gc] GC(768) Pause Init Mark (unload classes) 0.149ms
[2021-02-07T17:34:42.603+0300][464.915s][info][gc] GC(768) Concurrent marking (unload classes) 0.151ms
[2021-02-07T17:34:42.605+0300][464.916s][info][gc] Trigger: Handle Allocation Failure
[2021-02-07T17:34:42.795+0300][465.107s][info][gc] GC(769) Cancelling GC: Upgrade To Full GC
[2021-02-07T17:34:43.046+0300][465.358s][info][gc] GC(769) Pause Degenerated GC (Mark) 242M->242M(256M) 432.714ms
[2021-02-07T17:34:43.047+0300][465.359s][info][gc] Failed to allocate TLAB, 2640B
[2021-02-07T17:34:43.047+0300][465.359s][info][gc] Cancelling GC: Allocation Failure
[2021-02-07T17:34:43.049+0300][465.360s][info][gc] Trigger: Handle Allocation Failure
[2021-02-07T17:34:43.218+0300][465.530s][info][gc] GC(770) Cancelling GC: Upgrade To Full GC
[2021-02-07T17:34:43.471+0300][465.782s][info][gc] GC(770) Pause Degenerated GC (Outside of Cycle) 242M->242M(256M) 421.709ms
[2021-02-07T17:34:43.472+0300][465.784s][info][gc] Failed to allocate TLAB, 2664B
[2021-02-07T17:34:43.472+0300][465.784s][info][gc] Cancelling GC: Allocation Failure
[2021-02-07T17:34:43.473+0300][465.784s][info][gc] Trigger: Handle Allocation Failure
[2021-02-07T17:34:43.632+0300][465.943s][info][gc] GC(771) Cancelling GC: Upgrade To Full GC
[2021-02-07T17:34:43.882+0300][466.194s][info][gc] GC(771) Pause Degenerated GC (Outside of Cycle) 242M->242M(256M) 409.061ms
[2021-02-07T17:34:43.883+0300][466.195s][info][gc] Failed to allocate Shared, 1512B
[2021-02-07T17:34:43.883+0300][466.195s][info][gc] Cancelling GC: Allocation Failure
[2021-02-07T17:34:43.884+0300][466.195s][info][gc] Trigger: Handle Allocation Failure
[2021-02-07T17:34:44.136+0300][466.447s][info][gc] GC(772) Pause Full 242M->242M(256M) 251.702ms
[2021-02-07T17:34:44.137+0300][466.449s][info][gc] Failed to allocate Shared, 1616B
[2021-02-07T17:34:44.137+0300][466.449s][info][gc] Cancelling GC: Allocation Failure
[2021-02-07T17:34:44.139+0300][466.450s][info][gc] Trigger: Handle Allocation Failure
[2021-02-07T17:34:44.298+0300][466.609s][info][gc] GC(773) Cancelling GC: Upgrade To Full GC
[2021-02-07T17:34:44.551+0300][466.863s][info][gc] GC(773) Pause Degenerated GC (Outside of Cycle) 242M->242M(256M) 412.396ms
[2021-02-07T17:34:44.554+0300][466.865s][info][gc] Trigger: Free (260K) is below minimum threshold (26214K)
[2021-02-07T17:34:44.554+0300][466.866s][info][gc] GC(774) Concurrent reset 0.113ms
[2021-02-07T17:34:44.554+0300][466.866s][info][gc] GC(774) Pause Init Mark (unload classes) 0.148ms
[2021-02-07T17:34:44.900+0300][467.212s][info][gc] GC(774) Concurrent marking (unload classes) 345.565ms
[2021-02-07T17:34:44.905+0300][467.217s][info][gc] GC(774) Pause Final Mark (unload classes) 0.442ms
[2021-02-07T17:34:44.913+0300][467.224s][info][gc] GC(774) Concurrent weak roots 7.252ms
[2021-02-07T17:34:44.913+0300][467.224s][info][gc] GC(774) Concurrent cleanup 246M->246M(256M) 0.010ms
[2021-02-07T17:34:44.918+0300][467.230s][info][gc] GC(774) Concurrent class unloading 5.058ms
[2021-02-07T17:34:44.918+0300][467.230s][info][gc] GC(774) Concurrent strong roots 0.078ms
[2021-02-07T17:34:44.925+0300][467.237s][info][gc] GC(774) Concurrent evacuation 7.238ms
[2021-02-07T17:34:44.930+0300][467.242s][info][gc] GC(774) Pause Init Update Refs 0.011ms
[2021-02-07T17:34:45.070+0300][467.381s][info][gc] Failed to allocate Shared, 1040B
[2021-02-07T17:34:45.070+0300][467.381s][info][gc] Cancelling GC: Allocation Failure
[2021-02-07T17:34:45.070+0300][467.382s][info][gc] GC(774) Concurrent update references 139.904ms
[2021-02-07T17:34:45.072+0300][467.383s][info][gc] Trigger: Handle Allocation Failure
[2021-02-07T17:34:45.076+0300][467.388s][info][gc] GC(775) Cancelling GC: Upgrade To Full GC
[2021-02-07T17:34:45.332+0300][467.643s][info][gc] GC(775) Pause Degenerated GC (Update Refs) 254M->242M(256M) 256.778ms
[2021-02-07T17:34:45.335+0300][467.646s][info][gc] Trigger: Free (253K) is below minimum threshold (26214K)
[2021-02-07T17:34:45.335+0300][467.647s][info][gc] GC(776) Concurrent reset 0.110ms
[2021-02-07T17:34:45.335+0300][467.647s][info][gc] GC(776) Pause Init Mark (unload classes) 0.144ms
[2021-02-07T17:34:45.682+0300][467.994s][info][gc] GC(776) Concurrent marking (unload classes) 347.107ms
[2021-02-07T17:34:45.687+0300][467.999s][info][gc] GC(776) Pause Final Mark (unload classes) 0.455ms
[2021-02-07T17:34:45.693+0300][468.005s][info][gc] GC(776) Concurrent weak roots 5.246ms
[2021-02-07T17:34:45.693+0300][468.005s][info][gc] GC(776) Concurrent cleanup 246M->246M(256M) 0.013ms
[2021-02-07T17:34:45.698+0300][468.010s][info][gc] GC(776) Concurrent class unloading 5.072ms
[2021-02-07T17:34:45.698+0300][468.010s][info][gc] GC(776) Concurrent strong roots 0.116ms
[2021-02-07T17:34:45.705+0300][468.017s][info][gc] GC(776) Concurrent evacuation 7.440ms
[2021-02-07T17:34:45.706+0300][468.018s][info][gc] GC(776) Pause Init Update Refs 0.010ms
[2021-02-07T17:34:45.851+0300][468.163s][info][gc] GC(776) Concurrent update references 145.010ms
[2021-02-07T17:34:45.856+0300][468.168s][info][gc] GC(776) Pause Final Update Refs 0.206ms
[2021-02-07T17:34:45.856+0300][468.168s][info][gc] GC(776) Concurrent cleanup 253M->243M(256M) 0.016ms
[2021-02-07T17:34:45.858+0300][468.169s][info][gc] Trigger: Free (7944B) is below minimum threshold (26214K)
[2021-02-07T17:34:45.858+0300][468.170s][info][gc] GC(777) Concurrent reset 0.387ms
[2021-02-07T17:34:45.858+0300][468.170s][info][gc] GC(777) Pause Init Mark (unload classes) 0.152ms
[2021-02-07T17:34:45.881+0300][468.192s][info][gc] Failed to allocate TLAB, 2656B
[2021-02-07T17:34:45.881+0300][468.193s][info][gc] Cancelling GC: Allocation Failure
[2021-02-07T17:34:45.885+0300][468.197s][info][gc] GC(777) Concurrent marking (unload classes) 26.428ms
[2021-02-07T17:34:45.887+0300][468.198s][info][gc] Trigger: Handle Allocation Failure
[2021-02-07T17:34:46.551+0300][468.863s][info][gc] GC(778) Cancelling GC: Upgrade To Full GC
[2021-02-07T17:34:46.804+0300][469.116s][info][gc] GC(778) Pause Degenerated GC (Mark) 243M->242M(256M) 914.748ms
[2021-02-07T17:34:46.806+0300][469.118s][info][gc] Failed to allocate TLAB, 2768B
[2021-02-07T17:34:46.806+0300][469.118s][info][gc] Cancelling GC: Allocation Failure
[2021-02-07T17:34:46.807+0300][469.118s][info][gc] Trigger: Handle Allocation Failure
[2021-02-07T17:34:46.975+0300][469.287s][info][gc] GC(779) Cancelling GC: Upgrade To Full GC
[2021-02-07T17:34:47.227+0300][469.539s][info][gc] GC(779) Pause Degenerated GC (Outside of Cycle) 242M->242M(256M) 420.331ms
[2021-02-07T17:34:47.229+0300][469.540s][info][gc] Trigger: Free (53176B) is below minimum threshold (26214K)
[2021-02-07T17:34:47.229+0300][469.541s][info][gc] GC(780) Concurrent reset 0.129ms
[2021-02-07T17:34:47.229+0300][469.541s][info][gc] GC(780) Pause Init Mark (process weakrefs) (unload classes) 0.150ms
[2021-02-07T17:34:47.267+0300][469.578s][info][gc] Failed to allocate TLAB, 2680B
[2021-02-07T17:34:47.267+0300][469.578s][info][gc] Cancelling GC: Allocation Failure
[2021-02-07T17:34:47.267+0300][469.579s][info][gc] GC(780) Concurrent marking (process weakrefs) (unload classes) 37.377ms
[2021-02-07T17:34:47.270+0300][469.581s][info][gc] Trigger: Handle Allocation Failure
[2021-02-07T17:34:47.929+0300][470.241s][info][gc] GC(781) Cancelling GC: Upgrade To Full GC
[2021-02-07T17:34:48.192+0300][470.504s][info][gc] GC(781) Pause Degenerated GC (Mark) 242M->242M(256M) 919.405ms
[2021-02-07T17:34:48.194+0300][470.505s][info][gc] Trigger: Free (100000B) is below minimum threshold (26214K)
[2021-02-07T17:34:48.194+0300][470.506s][info][gc] GC(782) Concurrent reset 0.087ms
[2021-02-07T17:34:48.194+0300][470.506s][info][gc] GC(782) Pause Init Mark (unload classes) 0.127ms
[2021-02-07T17:34:48.346+0300][470.657s][info][gc] Failed to allocate TLAB, 2648B
[2021-02-07T17:34:48.346+0300][470.657s][info][gc] Cancelling GC: Allocation Failure
[2021-02-07T17:34:48.346+0300][470.658s][info][gc] GC(782) Concurrent marking (unload classes) 151.522ms
[2021-02-07T17:34:48.349+0300][470.660s][info][gc] Trigger: Handle Allocation Failure
[2021-02-07T17:34:48.829+0300][471.140s][info][gc] GC(783) Cancelling GC: Upgrade To Full GC
[2021-02-07T17:34:49.088+0300][471.400s][info][gc] GC(783) Pause Degenerated GC (Mark) 242M->242M(256M) 734.093ms
[2021-02-07T17:34:49.090+0300][471.401s][info][gc] Trigger: Free (270K) is below minimum threshold (26214K)
[2021-02-07T17:34:49.090+0300][471.401s][info][gc] GC(784) Concurrent reset 0.099ms
[2021-02-07T17:34:49.090+0300][471.402s][info][gc] GC(784) Pause Init Mark (unload classes) 0.150ms
[2021-02-07T17:34:49.424+0300][471.736s][info][gc] GC(784) Concurrent marking (unload classes) 333.798ms
[2021-02-07T17:34:49.429+0300][471.741s][info][gc] GC(784) Pause Final Mark (unload classes) 0.501ms
[2021-02-07T17:34:49.435+0300][471.746s][info][gc] GC(784) Concurrent weak roots 5.334ms
[2021-02-07T17:34:49.435+0300][471.746s][info][gc] GC(784) Concurrent cleanup 246M->246M(256M) 0.012ms
[2021-02-07T17:34:49.440+0300][471.751s][info][gc] GC(784) Concurrent class unloading 5.047ms
[2021-02-07T17:34:49.440+0300][471.751s][info][gc] GC(784) Concurrent strong roots 0.087ms
[2021-02-07T17:34:49.447+0300][471.759s][info][gc] GC(784) Concurrent evacuation 7.128ms
[2021-02-07T17:34:49.450+0300][471.761s][info][gc] GC(784) Pause Init Update Refs 0.010ms
[2021-02-07T17:34:49.583+0300][471.894s][info][gc] GC(784) Concurrent update references 132.780ms
[2021-02-07T17:34:49.586+0300][471.897s][info][gc] GC(784) Pause Final Update Refs 0.124ms
[2021-02-07T17:34:49.586+0300][471.898s][info][gc] GC(784) Concurrent cleanup 253M->243M(256M) 0.019ms
[2021-02-07T17:34:49.588+0300][471.899s][info][gc] Trigger: Free (0B) is below minimum threshold (26214K)
[2021-02-07T17:34:49.588+0300][471.900s][info][gc] GC(785) Concurrent reset 0.384ms
[2021-02-07T17:34:49.589+0300][471.900s][info][gc] GC(785) Pause Init Mark (process weakrefs) (unload classes) 0.173ms
[2021-02-07T17:34:49.597+0300][471.908s][info][gc] Failed to allocate TLAB, 4016B
[2021-02-07T17:34:49.597+0300][471.908s][info][gc] Cancelling GC: Allocation Failure
[2021-02-07T17:34:49.615+0300][471.927s][info][gc] GC(785) Concurrent marking (process weakrefs) (unload classes) 26.273ms
[2021-02-07T17:34:49.618+0300][471.929s][info][gc] Trigger: Handle Allocation Failure
[2021-02-07T17:34:50.275+0300][472.587s][info][gc] GC(786) Cancelling GC: Upgrade To Full GC
[2021-02-07T17:34:50.530+0300][472.842s][info][gc] GC(786) Pause Degenerated GC (Mark) 243M->242M(256M) 912.028ms
[2021-02-07T17:34:50.532+0300][472.843s][info][gc] Failed to allocate Shared, 272B
[2021-02-07T17:34:50.532+0300][472.843s][info][gc] Cancelling GC: Allocation Failure
[2021-02-07T17:34:50.533+0300][472.844s][info][gc] Trigger: Handle Allocation Failure
[2021-02-07T17:34:50.697+0300][473.008s][info][gc] GC(787) Cancelling GC: Upgrade To Full GC
[2021-02-07T17:34:50.956+0300][473.268s][info][gc] GC(787) Pause Degenerated GC (Outside of Cycle) 242M->242M(256M) 423.286ms
[2021-02-07T17:34:50.958+0300][473.269s][info][gc] Trigger: Free (141K) is below minimum threshold (26214K)
[2021-02-07T17:34:50.958+0300][473.269s][info][gc] GC(788) Concurrent reset 0.122ms
[2021-02-07T17:34:50.958+0300][473.270s][info][gc] GC(788) Pause Init Mark (unload classes) 0.146ms
[2021-02-07T17:34:51.121+0300][473.432s][info][gc] Failed to allocate TLAB, 2896B
[2021-02-07T17:34:51.121+0300][473.432s][info][gc] Cancelling GC: Allocation Failure
[2021-02-07T17:34:51.121+0300][473.432s][info][gc] GC(788) Concurrent marking (unload classes) 162.346ms
[2021-02-07T17:34:51.124+0300][473.435s][info][gc] Trigger: Handle Allocation Failure
[2021-02-07T17:34:51.570+0300][473.881s][info][gc] GC(789) Cancelling GC: Upgrade To Full GC
[2021-02-07T17:34:51.822+0300][474.134s][info][gc] GC(789) Pause Degenerated GC (Mark) 242M->242M(256M) 697.958ms
[2021-02-07T17:34:51.824+0300][474.135s][info][gc] Failed to allocate TLAB, 2696B
[2021-02-07T17:34:51.824+0300][474.135s][info][gc] Trigger: Handle Allocation Failure
[2021-02-07T17:34:51.824+0300][474.135s][info][gc] Cancelling GC: Allocation Failure
[2021-02-07T17:34:51.987+0300][474.299s][info][gc] GC(790) Cancelling GC: Upgrade To Full GC
[2021-02-07T17:34:52.240+0300][474.552s][info][gc] GC(790) Pause Degenerated GC (Outside of Cycle) 242M->242M(256M) 416.371ms
[2021-02-07T17:34:52.243+0300][474.554s][info][gc] Trigger: Free (69672B) is below minimum threshold (26214K)
[2021-02-07T17:34:52.243+0300][474.554s][info][gc] GC(791) Concurrent reset 0.098ms
[2021-02-07T17:34:52.243+0300][474.555s][info][gc] GC(791) Pause Init Mark (unload classes) 0.134ms
[2021-02-07T17:34:52.424+0300][474.735s][info][gc] Failed to allocate TLAB, 2640B
[2021-02-07T17:34:52.424+0300][474.735s][info][gc] Cancelling GC: Allocation Failure
[2021-02-07T17:34:52.424+0300][474.735s][info][gc] GC(791) Concurrent marking (unload classes) 180.440ms
[2021-02-07T17:34:52.440+0300][474.751s][info][gc] Trigger: Handle Allocation Failure
[2021-02-07T17:34:52.696+0300][475.008s][info][gc] GC(792) Pause Full 242M->242M(256M) 255.642ms
[2021-02-07T17:34:52.698+0300][475.010s][info][gc] Failed to allocate TLAB, 3808B
[2021-02-07T17:34:52.698+0300][475.010s][info][gc] Cancelling GC: Allocation Failure
[2021-02-07T17:34:52.704+0300][475.015s][info][gc] Trigger: Handle Allocation Failure
[2021-02-07T17:34:52.868+0300][475.179s][info][gc] GC(793) Cancelling GC: Upgrade To Full GC
[2021-02-07T17:34:53.124+0300][475.436s][info][gc] GC(793) Pause Degenerated GC (Outside of Cycle) 242M->242M(256M) 420.195ms
[2021-02-07T17:34:53.126+0300][475.437s][info][gc] Trigger: Free (141K) is below minimum threshold (26214K)
[2021-02-07T17:34:53.126+0300][475.437s][info][gc] GC(794) Concurrent reset 0.074ms
[2021-02-07T17:34:53.126+0300][475.438s][info][gc] GC(794) Pause Init Mark (unload classes) 0.111ms
[2021-02-07T17:34:53.456+0300][475.767s][info][gc] GC(794) Concurrent marking (unload classes) 329.731ms
[2021-02-07T17:34:53.459+0300][475.771s][info][gc] GC(794) Pause Final Mark (unload classes) 0.457ms
[2021-02-07T17:34:53.466+0300][475.778s][info][gc] GC(794) Concurrent weak roots 6.752ms
[2021-02-07T17:34:53.466+0300][475.778s][info][gc] GC(794) Concurrent cleanup 247M->247M(256M) 0.011ms
[2021-02-07T17:34:53.469+0300][475.780s][info][gc] GC(794) Concurrent class unloading 2.529ms
[2021-02-07T17:34:53.469+0300][475.780s][info][gc] GC(794) Concurrent strong roots 0.116ms
[2021-02-07T17:34:53.476+0300][475.788s][info][gc] GC(794) Concurrent evacuation 7.093ms
[2021-02-07T17:34:53.479+0300][475.790s][info][gc] GC(794) Pause Init Update Refs 0.009ms
[2021-02-07T17:34:53.522+0300][475.833s][info][gc] Failed to allocate TLAB, 2712B
[2021-02-07T17:34:53.522+0300][475.833s][info][gc] Cancelling GC: Allocation Failure
[2021-02-07T17:34:53.522+0300][475.833s][info][gc] GC(794) Concurrent update references 42.713ms
[2021-02-07T17:34:53.524+0300][475.835s][info][gc] Trigger: Handle Allocation Failure
[2021-02-07T17:34:53.563+0300][475.875s][info][gc] GC(795) Cancelling GC: Upgrade To Full GC
[2021-02-07T17:34:53.818+0300][476.129s][info][gc] GC(795) Pause Degenerated GC (Update Refs) 253M->242M(256M) 291.159ms
[2021-02-07T17:34:53.819+0300][476.131s][info][gc] Failed to allocate Shared, 272B
[2021-02-07T17:34:53.819+0300][476.131s][info][gc] Cancelling GC: Allocation Failure
[2021-02-07T17:34:53.821+0300][476.132s][info][gc] Trigger: Handle Allocation Failure
[2021-02-07T17:34:53.986+0300][476.298s][info][gc] GC(796) Cancelling GC: Upgrade To Full GC
[2021-02-07T17:34:54.241+0300][476.553s][info][gc] GC(796) Pause Degenerated GC (Outside of Cycle) 242M->242M(256M) 420.427ms
[2021-02-07T17:34:54.243+0300][476.554s][info][gc] Trigger: Free (487K) is below minimum threshold (26214K)
[2021-02-07T17:34:54.243+0300][476.554s][info][gc] GC(797) Concurrent reset 0.102ms
[2021-02-07T17:34:54.243+0300][476.555s][info][gc] GC(797) Pause Init Mark (unload classes) 0.136ms
[2021-02-07T17:34:54.574+0300][476.885s][info][gc] GC(797) Concurrent marking (unload classes) 330.321ms
[2021-02-07T17:34:54.578+0300][476.890s][info][gc] GC(797) Pause Final Mark (unload classes) 0.416ms
[2021-02-07T17:34:54.586+0300][476.897s][info][gc] GC(797) Concurrent weak roots 7.264ms
[2021-02-07T17:34:54.586+0300][476.897s][info][gc] GC(797) Concurrent cleanup 246M->246M(256M) 0.011ms
[2021-02-07T17:34:54.591+0300][476.902s][info][gc] GC(797) Concurrent class unloading 5.073ms
[2021-02-07T17:34:54.591+0300][476.902s][info][gc] GC(797) Concurrent strong roots 0.110ms
[2021-02-07T17:34:54.598+0300][476.910s][info][gc] GC(797) Concurrent evacuation 7.256ms
[2021-02-07T17:34:54.601+0300][476.912s][info][gc] GC(797) Pause Init Update Refs 0.011ms
[2021-02-07T17:34:54.745+0300][477.057s][info][gc] GC(797) Concurrent update references 144.350ms
[2021-02-07T17:34:54.746+0300][477.058s][info][gc] GC(797) Pause Final Update Refs 0.145ms
[2021-02-07T17:34:54.747+0300][477.058s][info][gc] GC(797) Concurrent cleanup 253M->243M(256M) 0.032ms
[2021-02-07T17:34:54.749+0300][477.060s][info][gc] Trigger: Free (166K) is below minimum threshold (26214K)
[2021-02-07T17:34:54.749+0300][477.061s][info][gc] GC(798) Concurrent reset 0.356ms
[2021-02-07T17:34:54.749+0300][477.061s][info][gc] GC(798) Pause Init Mark (unload classes) 0.146ms
[2021-02-07T17:34:55.078+0300][477.390s][info][gc] GC(798) Concurrent marking (unload classes) 328.653ms
[2021-02-07T17:34:55.082+0300][477.394s][info][gc] GC(798) Pause Final Mark (unload classes) 0.410ms
[2021-02-07T17:34:55.088+0300][477.399s][info][gc] GC(798) Concurrent weak roots 5.285ms
[2021-02-07T17:34:55.088+0300][477.399s][info][gc] GC(798) Concurrent cleanup 246M->246M(256M) 0.010ms
[2021-02-07T17:34:55.093+0300][477.404s][info][gc] GC(798) Concurrent class unloading 5.111ms
[2021-02-07T17:34:55.093+0300][477.404s][info][gc] GC(798) Concurrent strong roots 0.109ms
[2021-02-07T17:34:55.094+0300][477.405s][info][gc] Failed to allocate TLAB, 2664B
[2021-02-07T17:34:55.094+0300][477.405s][info][gc] Cancelling GC: Allocation Failure
[2021-02-07T17:34:55.094+0300][477.405s][info][gc] GC(798) Concurrent evacuation 0.891ms
[2021-02-07T17:34:55.096+0300][477.407s][info][gc] Trigger: Handle Allocation Failure
[2021-02-07T17:34:55.150+0300][477.462s][info][gc] GC(799) Cancelling GC: Upgrade To Full GC
[2021-02-07T17:34:55.406+0300][477.718s][info][gc] GC(799) Pause Degenerated GC (Evacuation) 247M->242M(256M) 310.576ms
[2021-02-07T17:34:55.409+0300][477.720s][info][gc] Trigger: Free (154K) is below minimum threshold (26214K)
[2021-02-07T17:34:55.409+0300][477.720s][info][gc] GC(800) Concurrent reset 0.161ms
[2021-02-07T17:34:55.409+0300][477.721s][info][gc] GC(800) Pause Init Mark (process weakrefs) (unload classes) 0.132ms
[2021-02-07T17:34:55.740+0300][478.052s][info][gc] GC(800) Concurrent marking (process weakrefs) (unload classes) 330.732ms
[2021-02-07T17:34:55.740+0300][478.052s][info][gc] GC(800) Concurrent precleaning 0.150ms
[2021-02-07T17:34:55.744+0300][478.056s][info][gc] GC(800) Pause Final Mark (process weakrefs) (unload classes) 0.444ms
[2021-02-07T17:34:55.748+0300][478.059s][info][gc] GC(800) Concurrent weak roots 3.295ms
[2021-02-07T17:34:55.748+0300][478.059s][info][gc] GC(800) Concurrent cleanup 243M->243M(256M) 0.009ms
[2021-02-07T17:34:55.753+0300][478.064s][info][gc] GC(800) Concurrent class unloading 5.087ms
[2021-02-07T17:34:55.753+0300][478.064s][info][gc] GC(800) Concurrent strong roots 0.079ms
[2021-02-07T17:34:55.756+0300][478.067s][info][gc] Failed to allocate TLAB, 2664B
[2021-02-07T17:34:55.756+0300][478.067s][info][gc] Cancelling GC: Allocation Failure
[2021-02-07T17:34:55.756+0300][478.067s][info][gc] GC(800) Concurrent evacuation 2.795ms
[2021-02-07T17:34:55.758+0300][478.069s][info][gc] Trigger: Handle Allocation Failure
[2021-02-07T17:34:55.806+0300][478.117s][info][gc] GC(801) Cancelling GC: Upgrade To Full GC
[2021-02-07T17:34:56.059+0300][478.370s][info][gc] GC(801) Pause Degenerated GC (Evacuation) 246M->242M(256M) 300.763ms
[2021-02-07T17:34:56.061+0300][478.372s][info][gc] Trigger: Free (293K) is below minimum threshold (26214K)
[2021-02-07T17:34:56.061+0300][478.372s][info][gc] GC(802) Concurrent reset 0.115ms
[2021-02-07T17:34:56.061+0300][478.373s][info][gc] GC(802) Pause Init Mark (unload classes) 0.148ms
[2021-02-07T17:34:56.398+0300][478.709s][info][gc] GC(802) Concurrent marking (unload classes) 336.441ms
[2021-02-07T17:34:56.403+0300][478.715s][info][gc] GC(802) Pause Final Mark (unload classes) 0.430ms
[2021-02-07T17:34:56.407+0300][478.718s][info][gc] GC(802) Concurrent weak roots 3.369ms
[2021-02-07T17:34:56.407+0300][478.718s][info][gc] GC(802) Concurrent cleanup 244M->244M(256M) 0.011ms
[2021-02-07T17:34:56.409+0300][478.721s][info][gc] GC(802) Concurrent class unloading 2.494ms
[2021-02-07T17:34:56.409+0300][478.721s][info][gc] GC(802) Concurrent strong roots 0.104ms
[2021-02-07T17:34:56.417+0300][478.729s][info][gc] GC(802) Concurrent evacuation 7.783ms
[2021-02-07T17:34:56.420+0300][478.731s][info][gc] GC(802) Pause Init Update Refs 0.009ms
[2021-02-07T17:34:56.566+0300][478.877s][info][gc] GC(802) Concurrent update references 145.919ms
[2021-02-07T17:34:56.569+0300][478.881s][info][gc] GC(802) Pause Final Update Refs 0.241ms
[2021-02-07T17:34:56.569+0300][478.881s][info][gc] GC(802) Concurrent cleanup 253M->243M(256M) 0.014ms
[2021-02-07T17:34:56.571+0300][478.882s][info][gc] Trigger: Free (6936B) is below minimum threshold (26214K)
[2021-02-07T17:34:56.571+0300][478.883s][info][gc] GC(803) Concurrent reset 0.412ms
[2021-02-07T17:34:56.572+0300][478.883s][info][gc] GC(803) Pause Init Mark (unload classes) 0.135ms
[2021-02-07T17:34:56.592+0300][478.903s][info][gc] Failed to allocate TLAB, 2648B
[2021-02-07T17:34:56.592+0300][478.903s][info][gc] Cancelling GC: Allocation Failure
[2021-02-07T17:34:56.598+0300][478.910s][info][gc] GC(803) Concurrent marking (unload classes) 26.495ms
[2021-02-07T17:34:56.601+0300][478.912s][info][gc] Trigger: Handle Allocation Failure
[2021-02-07T17:34:57.272+0300][479.583s][info][gc] GC(804) Cancelling GC: Upgrade To Full GC
[2021-02-07T17:34:57.524+0300][479.835s][info][gc] GC(804) Pause Degenerated GC (Mark) 243M->242M(256M) 920.105ms
[2021-02-07T17:34:57.525+0300][479.837s][info][gc] Failed to allocate TLAB, 2648B
[2021-02-07T17:34:57.525+0300][479.837s][info][gc] Cancelling GC: Allocation Failure
[2021-02-07T17:34:57.526+0300][479.837s][info][gc] Trigger: Handle Allocation Failure
[2021-02-07T17:34:57.685+0300][479.997s][info][gc] GC(805) Cancelling GC: Upgrade To Full GC
[2021-02-07T17:34:57.935+0300][480.247s][info][gc] GC(805) Pause Degenerated GC (Outside of Cycle) 242M->242M(256M) 409.319ms
[2021-02-07T17:34:57.937+0300][480.248s][info][gc] Trigger: Free (418K) is below minimum threshold (26214K)
[2021-02-07T17:34:57.937+0300][480.248s][info][gc] GC(806) Concurrent reset 0.134ms
[2021-02-07T17:34:57.937+0300][480.249s][info][gc] GC(806) Pause Init Mark (unload classes) 0.112ms
[2021-02-07T17:34:58.272+0300][480.583s][info][gc] GC(806) Concurrent marking (unload classes) 334.685ms
[2021-02-07T17:34:58.275+0300][480.587s][info][gc] GC(806) Pause Final Mark (unload classes) 0.438ms
[2021-02-07T17:34:58.281+0300][480.592s][info][gc] GC(806) Concurrent weak roots 5.287ms
[2021-02-07T17:34:58.281+0300][480.592s][info][gc] GC(806) Concurrent cleanup 245M->245M(256M) 0.009ms
[2021-02-07T17:34:58.284+0300][480.595s][info][gc] GC(806) Concurrent class unloading 3.205ms
[2021-02-07T17:34:58.284+0300][480.596s][info][gc] GC(806) Concurrent strong roots 0.106ms
[2021-02-07T17:34:58.291+0300][480.603s][info][gc] GC(806) Concurrent evacuation 7.348ms
[2021-02-07T17:34:58.294+0300][480.605s][info][gc] GC(806) Pause Init Update Refs 0.009ms
[2021-02-07T17:34:58.440+0300][480.752s][info][gc] GC(806) Concurrent update references 146.149ms
[2021-02-07T17:34:58.443+0300][480.754s][info][gc] GC(806) Pause Final Update Refs 0.124ms
[2021-02-07T17:34:58.443+0300][480.755s][info][gc] GC(806) Concurrent cleanup 254M->243M(256M) 0.024ms
[2021-02-07T17:34:58.445+0300][480.756s][info][gc] Trigger: Free (24776B) is below minimum threshold (26214K)
[2021-02-07T17:34:58.445+0300][480.757s][info][gc] GC(807) Concurrent reset 0.382ms
[2021-02-07T17:34:58.446+0300][480.757s][info][gc] GC(807) Pause Init Mark (unload classes) 0.129ms
[2021-02-07T17:34:58.576+0300][480.887s][info][gc] Failed to allocate TLAB, 2672B
[2021-02-07T17:34:58.576+0300][480.887s][info][gc] Cancelling GC: Allocation Failure
[2021-02-07T17:34:58.576+0300][480.887s][info][gc] GC(807) Concurrent marking (unload classes) 130.035ms
[2021-02-07T17:34:58.579+0300][480.890s][info][gc] Trigger: Handle Allocation Failure
[2021-02-07T17:34:59.085+0300][481.396s][info][gc] GC(808) Cancelling GC: Upgrade To Full GC
[2021-02-07T17:34:59.337+0300][481.649s][info][gc] GC(808) Pause Degenerated GC (Mark) 243M->242M(256M) 753.364ms
[2021-02-07T17:34:59.339+0300][481.650s][info][gc] Trigger: Free (256K) is below minimum threshold (26214K)
[2021-02-07T17:34:59.339+0300][481.650s][info][gc] GC(809) Concurrent reset 0.143ms
[2021-02-07T17:34:59.339+0300][481.651s][info][gc] GC(809) Pause Init Mark (unload classes) 0.126ms
[2021-02-07T17:34:59.688+0300][482.000s][info][gc] GC(809) Concurrent marking (unload classes) 348.869ms
[2021-02-07T17:34:59.693+0300][482.005s][info][gc] GC(809) Pause Final Mark (unload classes) 0.433ms
[2021-02-07T17:34:59.697+0300][482.008s][info][gc] GC(809) Concurrent weak roots 3.305ms
[2021-02-07T17:34:59.697+0300][482.008s][info][gc] GC(809) Concurrent cleanup 244M->244M(256M) 0.009ms
[2021-02-07T17:34:59.699+0300][482.011s][info][gc] GC(809) Concurrent class unloading 2.295ms
[2021-02-07T17:34:59.699+0300][482.011s][info][gc] GC(809) Concurrent strong roots 0.074ms
[2021-02-07T17:34:59.707+0300][482.019s][info][gc] GC(809) Concurrent evacuation 8.251ms
[2021-02-07T17:34:59.710+0300][482.021s][info][gc] GC(809) Pause Init Update Refs 0.009ms
[2021-02-07T17:34:59.815+0300][482.126s][info][gc] Failed to allocate TLAB, 2672B
[2021-02-07T17:34:59.815+0300][482.126s][info][gc] Cancelling GC: Allocation Failure
[2021-02-07T17:34:59.815+0300][482.126s][info][gc] GC(809) Concurrent update references 104.824ms
[2021-02-07T17:34:59.817+0300][482.128s][info][gc] Trigger: Handle Allocation Failure
[2021-02-07T17:34:59.835+0300][482.147s][info][gc] GC(810) Cancelling GC: Upgrade To Full GC
[2021-02-07T17:35:00.087+0300][482.398s][info][gc] GC(810) Pause Degenerated GC (Update Refs) 253M->242M(256M) 269.187ms
[2021-02-07T17:35:00.089+0300][482.401s][info][gc] Failed to allocate TLAB, 2656B
[2021-02-07T17:35:00.089+0300][482.401s][info][gc] Cancelling GC: Allocation Failure
[2021-02-07T17:35:00.090+0300][482.401s][info][gc] Trigger: Handle Allocation Failure
[2021-02-07T17:35:00.254+0300][482.566s][info][gc] GC(811) Cancelling GC: Upgrade To Full GC
[2021-02-07T17:35:00.507+0300][482.819s][info][gc] GC(811) Pause Degenerated GC (Outside of Cycle) 242M->242M(256M) 417.280ms
[2021-02-07T17:35:00.509+0300][482.820s][info][gc] Trigger: Free (258K) is below minimum threshold (26214K)
[2021-02-07T17:35:00.509+0300][482.820s][info][gc] GC(812) Concurrent reset 0.132ms
[2021-02-07T17:35:00.509+0300][482.821s][info][gc] GC(812) Pause Init Mark (unload classes) 0.117ms
[2021-02-07T17:35:00.838+0300][483.150s][info][gc] GC(812) Concurrent marking (unload classes) 329.375ms
[2021-02-07T17:35:00.843+0300][483.155s][info][gc] GC(812) Pause Final Mark (unload classes) 0.423ms
[2021-02-07T17:35:00.849+0300][483.160s][info][gc] GC(812) Concurrent weak roots 5.289ms
[2021-02-07T17:35:00.849+0300][483.160s][info][gc] GC(812) Concurrent cleanup 246M->246M(256M) 0.009ms
[2021-02-07T17:35:00.854+0300][483.165s][info][gc] GC(812) Concurrent class unloading 5.124ms
[2021-02-07T17:35:00.854+0300][483.166s][info][gc] GC(812) Concurrent strong roots 0.112ms
[2021-02-07T17:35:00.861+0300][483.172s][info][gc] GC(812) Concurrent evacuation 6.746ms
[2021-02-07T17:35:00.862+0300][483.173s][info][gc] GC(812) Pause Init Update Refs 0.009ms
[2021-02-07T17:35:01.005+0300][483.317s][info][gc] GC(812) Concurrent update references 142.959ms
[2021-02-07T17:35:01.008+0300][483.319s][info][gc] GC(812) Pause Final Update Refs 0.155ms
[2021-02-07T17:35:01.008+0300][483.320s][info][gc] GC(812) Concurrent cleanup 253M->242M(256M) 0.018ms
[2021-02-07T17:35:01.010+0300][483.321s][info][gc] Trigger: Free (249K) is below minimum threshold (26214K)
[2021-02-07T17:35:01.010+0300][483.322s][info][gc] GC(813) Concurrent reset 0.340ms
[2021-02-07T17:35:01.010+0300][483.322s][info][gc] GC(813) Pause Init Mark (unload classes) 0.158ms
[2021-02-07T17:35:01.343+0300][483.655s][info][gc] GC(813) Concurrent marking (unload classes) 332.410ms
[2021-02-07T17:35:01.346+0300][483.658s][info][gc] GC(813) Pause Final Mark (unload classes) 0.440ms
[2021-02-07T17:35:01.346+0300][483.658s][info][gc] Failed to allocate TLAB, 2664B
[2021-02-07T17:35:01.346+0300][483.658s][info][gc] Cancelling GC: Allocation Failure
[2021-02-07T17:35:01.352+0300][483.663s][info][gc] GC(813) Concurrent weak roots 5.369ms
[2021-02-07T17:35:01.352+0300][483.663s][info][gc] GC(813) Concurrent cleanup 246M->246M(256M) 0.010ms
[2021-02-07T17:35:01.357+0300][483.668s][info][gc] GC(813) Concurrent class unloading 5.089ms
[2021-02-07T17:35:01.357+0300][483.669s][info][gc] GC(813) Concurrent strong roots 0.116ms
[2021-02-07T17:35:01.357+0300][483.669s][info][gc] GC(813) Concurrent evacuation 0.275ms
[2021-02-07T17:35:01.359+0300][483.670s][info][gc] Trigger: Handle Allocation Failure
[2021-02-07T17:35:01.416+0300][483.727s][info][gc] GC(814) Cancelling GC: Upgrade To Full GC
[2021-02-07T17:35:01.676+0300][483.988s][info][gc] GC(814) Pause Degenerated GC (Evacuation) 246M->242M(256M) 314.370ms
[2021-02-07T17:35:01.678+0300][483.989s][info][gc] Trigger: Free (206K) is below minimum threshold (26214K)
[2021-02-07T17:35:01.678+0300][483.989s][info][gc] GC(815) Concurrent reset 0.145ms
[2021-02-07T17:35:01.678+0300][483.990s][info][gc] GC(815) Pause Init Mark (process weakrefs) (unload classes) 0.098ms
[2021-02-07T17:35:02.009+0300][484.321s][info][gc] GC(815) Concurrent marking (process weakrefs) (unload classes) 330.780ms
[2021-02-07T17:35:02.009+0300][484.321s][info][gc] GC(815) Concurrent precleaning 0.161ms
[2021-02-07T17:35:02.014+0300][484.326s][info][gc] GC(815) Pause Final Mark (process weakrefs) (unload classes) 0.485ms
[2021-02-07T17:35:02.018+0300][484.329s][info][gc] GC(815) Concurrent weak roots 3.274ms
[2021-02-07T17:35:02.018+0300][484.329s][info][gc] GC(815) Concurrent cleanup 244M->244M(256M) 0.012ms
[2021-02-07T17:35:02.023+0300][484.334s][info][gc] GC(815) Concurrent class unloading 5.044ms
[2021-02-07T17:35:02.023+0300][484.334s][info][gc] GC(815) Concurrent strong roots 0.084ms
[2021-02-07T17:35:02.031+0300][484.343s][info][gc] GC(815) Concurrent evacuation 8.213ms
[2021-02-07T17:35:02.034+0300][484.345s][info][gc] GC(815) Pause Init Update Refs 0.009ms
[2021-02-07T17:35:02.103+0300][484.414s][info][gc] Failed to allocate TLAB, 2672B
[2021-02-07T17:35:02.103+0300][484.414s][info][gc] Cancelling GC: Allocation Failure
[2021-02-07T17:35:02.103+0300][484.414s][info][gc] GC(815) Concurrent update references 68.939ms
[2021-02-07T17:35:02.105+0300][484.416s][info][gc] Trigger: Handle Allocation Failure
[2021-02-07T17:35:02.141+0300][484.453s][info][gc] GC(816) Cancelling GC: Upgrade To Full GC
[2021-02-07T17:35:02.402+0300][484.713s][info][gc] GC(816) Pause Degenerated GC (Update Refs) 253M->242M(256M) 293.882ms
[2021-02-07T17:35:02.405+0300][484.716s][info][gc] Trigger: Free (162K) is below minimum threshold (26214K)
[2021-02-07T17:35:02.405+0300][484.716s][info][gc] GC(817) Concurrent reset 0.101ms
[2021-02-07T17:35:02.405+0300][484.717s][info][gc] GC(817) Pause Init Mark (unload classes) 0.088ms
[2021-02-07T17:35:02.756+0300][485.067s][info][gc] GC(817) Concurrent marking (unload classes) 349.980ms
[2021-02-07T17:35:02.760+0300][485.072s][info][gc] GC(817) Pause Final Mark (unload classes) 0.437ms
[2021-02-07T17:35:02.766+0300][485.077s][info][gc] GC(817) Concurrent weak roots 5.254ms
[2021-02-07T17:35:02.766+0300][485.077s][info][gc] GC(817) Concurrent cleanup 246M->246M(256M) 0.010ms
[2021-02-07T17:35:02.771+0300][485.082s][info][gc] GC(817) Concurrent class unloading 5.148ms
[2021-02-07T17:35:02.771+0300][485.083s][info][gc] GC(817) Concurrent strong roots 0.116ms
[2021-02-07T17:35:02.778+0300][485.090s][info][gc] GC(817) Concurrent evacuation 7.172ms
[2021-02-07T17:35:02.779+0300][485.091s][info][gc] GC(817) Pause Init Update Refs 0.009ms
[2021-02-07T17:35:02.923+0300][485.235s][info][gc] GC(817) Concurrent update references 143.774ms
[2021-02-07T17:35:02.926+0300][485.237s][info][gc] GC(817) Pause Final Update Refs 0.129ms
[2021-02-07T17:35:02.926+0300][485.238s][info][gc] GC(817) Concurrent cleanup 253M->242M(256M) 0.017ms
[2021-02-07T17:35:02.928+0300][485.239s][info][gc] Trigger: Free (12736B) is below minimum threshold (26214K)
[2021-02-07T17:35:02.928+0300][485.240s][info][gc] GC(818) Concurrent reset 0.377ms
[2021-02-07T17:35:02.929+0300][485.240s][info][gc] GC(818) Pause Init Mark (unload classes) 0.135ms
[2021-02-07T17:35:02.929+0300][485.240s][info][gc] Failed to allocate TLAB, 2672B
[2021-02-07T17:35:02.929+0300][485.240s][info][gc] Cancelling GC: Allocation Failure
[2021-02-07T17:35:02.929+0300][485.240s][info][gc] GC(818) Concurrent marking (unload classes) 0.238ms
[2021-02-07T17:35:02.931+0300][485.242s][info][gc] Trigger: Handle Allocation Failure
[2021-02-07T17:35:03.119+0300][485.430s][info][gc] GC(819) Cancelling GC: Upgrade To Full GC
[2021-02-07T17:35:03.369+0300][485.681s][info][gc] GC(819) Pause Degenerated GC (Mark) 242M->242M(256M) 429.596ms
[2021-02-07T17:35:03.372+0300][485.683s][info][gc] Trigger: Free (86544B) is below minimum threshold (26214K)
[2021-02-07T17:35:03.372+0300][485.683s][info][gc] GC(820) Concurrent reset 0.114ms
[2021-02-07T17:35:03.372+0300][485.684s][info][gc] GC(820) Pause Init Mark (process weakrefs) (unload classes) 0.122ms
[2021-02-07T17:35:03.705+0300][486.017s][info][gc] GC(820) Concurrent marking (process weakrefs) (unload classes) 333.134ms
[2021-02-07T17:35:03.705+0300][486.017s][info][gc] GC(820) Concurrent precleaning 0.120ms
[2021-02-07T17:35:03.711+0300][486.023s][info][gc] GC(820) Pause Final Mark (process weakrefs) (unload classes) 0.424ms
[2021-02-07T17:35:03.717+0300][486.028s][info][gc] GC(820) Concurrent weak roots 5.289ms
[2021-02-07T17:35:03.717+0300][486.028s][info][gc] GC(820) Concurrent cleanup 245M->245M(256M) 0.011ms
[2021-02-07T17:35:03.722+0300][486.033s][info][gc] GC(820) Concurrent class unloading 5.154ms
[2021-02-07T17:35:03.722+0300][486.033s][info][gc] GC(820) Concurrent strong roots 0.083ms
[2021-02-07T17:35:03.724+0300][486.035s][info][gc] Failed to allocate TLAB, 2664B
[2021-02-07T17:35:03.724+0300][486.035s][info][gc] Cancelling GC: Allocation Failure
[2021-02-07T17:35:03.724+0300][486.035s][info][gc] GC(820) Concurrent evacuation 1.780ms
[2021-02-07T17:35:03.726+0300][486.037s][info][gc] Trigger: Handle Allocation Failure
[2021-02-07T17:35:03.774+0300][486.086s][info][gc] GC(821) Cancelling GC: Upgrade To Full GC
[2021-02-07T17:35:04.032+0300][486.343s][info][gc] GC(821) Pause Degenerated GC (Evacuation) 247M->242M(256M) 305.922ms
[2021-02-07T17:35:04.034+0300][486.345s][info][gc] Trigger: Free (316K) is below minimum threshold (26214K)
[2021-02-07T17:35:04.034+0300][486.346s][info][gc] GC(822) Concurrent reset 0.148ms
[2021-02-07T17:35:04.034+0300][486.346s][info][gc] GC(822) Pause Init Mark (unload classes) 0.071ms
[2021-02-07T17:35:04.372+0300][486.684s][info][gc] GC(822) Concurrent marking (unload classes) 337.777ms
[2021-02-07T17:35:04.375+0300][486.687s][info][gc] GC(822) Pause Final Mark (unload classes) 0.267ms
[2021-02-07T17:35:04.380+0300][486.691s][info][gc] GC(822) Concurrent weak roots 4.644ms
[2021-02-07T17:35:04.380+0300][486.691s][info][gc] GC(822) Concurrent cleanup 246M->246M(256M) 0.010ms
[2021-02-07T17:35:04.385+0300][486.696s][info][gc] GC(822) Concurrent class unloading 5.022ms
[2021-02-07T17:35:04.385+0300][486.697s][info][gc] GC(822) Concurrent strong roots 0.056ms
[2021-02-07T17:35:04.392+0300][486.704s][info][gc] GC(822) Concurrent evacuation 7.101ms
[2021-02-07T17:35:04.393+0300][486.705s][info][gc] GC(822) Pause Init Update Refs 0.010ms
[2021-02-07T17:35:04.541+0300][486.852s][info][gc] GC(822) Concurrent update references 147.795ms
[2021-02-07T17:35:04.544+0300][486.855s][info][gc] GC(822) Pause Final Update Refs 0.079ms
[2021-02-07T17:35:04.544+0300][486.856s][info][gc] GC(822) Concurrent cleanup 253M->242M(256M) 0.019ms
[2021-02-07T17:35:04.546+0300][486.857s][info][gc] Trigger: Free (23784B) is below minimum threshold (26214K)
[2021-02-07T17:35:04.546+0300][486.858s][info][gc] GC(823) Concurrent reset 0.450ms
[2021-02-07T17:35:04.546+0300][486.858s][info][gc] GC(823) Pause Init Mark (unload classes) 0.091ms
[2021-02-07T17:35:04.589+0300][486.900s][info][gc] Failed to allocate TLAB, 2896B
[2021-02-07T17:35:04.589+0300][486.900s][info][gc] Cancelling GC: Allocation Failure
[2021-02-07T17:35:04.589+0300][486.900s][info][gc] GC(823) Concurrent marking (unload classes) 42.198ms
[2021-02-07T17:35:04.592+0300][486.903s][info][gc] Trigger: Handle Allocation Failure
[2021-02-07T17:35:05.242+0300][487.554s][info][gc] GC(824) Cancelling GC: Upgrade To Full GC
[2021-02-07T17:35:05.501+0300][487.813s][info][gc] GC(824) Pause Degenerated GC (Mark) 242M->242M(256M) 904.413ms
[2021-02-07T17:35:05.503+0300][487.814s][info][gc] Trigger: Free (239K) is below minimum threshold (26214K)
[2021-02-07T17:35:05.503+0300][487.814s][info][gc] GC(825) Concurrent reset 0.113ms
[2021-02-07T17:35:05.503+0300][487.815s][info][gc] GC(825) Pause Init Mark (process weakrefs) (unload classes) 0.126ms
[2021-02-07T17:35:05.838+0300][488.150s][info][gc] GC(825) Concurrent marking (process weakrefs) (unload classes) 335.166ms
[2021-02-07T17:35:05.839+0300][488.150s][info][gc] GC(825) Concurrent precleaning 0.169ms
[2021-02-07T17:35:05.844+0300][488.156s][info][gc] GC(825) Pause Final Mark (process weakrefs) (unload classes) 0.499ms
[2021-02-07T17:35:05.850+0300][488.161s][info][gc] GC(825) Concurrent weak roots 5.270ms
[2021-02-07T17:35:05.850+0300][488.161s][info][gc] GC(825) Concurrent cleanup 245M->245M(256M) 0.010ms
[2021-02-07T17:35:05.855+0300][488.167s][info][gc] GC(825) Concurrent class unloading 5.126ms
[2021-02-07T17:35:05.855+0300][488.167s][info][gc] GC(825) Concurrent strong roots 0.111ms
[2021-02-07T17:35:05.862+0300][488.174s][info][gc] GC(825) Concurrent evacuation 7.176ms
[2021-02-07T17:35:05.863+0300][488.175s][info][gc] GC(825) Pause Init Update Refs 0.009ms
[2021-02-07T17:35:06.005+0300][488.316s][info][gc] Failed to allocate TLAB, 2680B
[2021-02-07T17:35:06.005+0300][488.316s][info][gc] Cancelling GC: Allocation Failure
[2021-02-07T17:35:06.005+0300][488.316s][info][gc] GC(825) Concurrent update references 141.494ms
[2021-02-07T17:35:06.007+0300][488.318s][info][gc] Trigger: Handle Allocation Failure
[2021-02-07T17:35:06.012+0300][488.324s][info][gc] GC(826) Cancelling GC: Upgrade To Full GC
[2021-02-07T17:35:06.267+0300][488.578s][info][gc] GC(826) Pause Degenerated GC (Update Refs) 253M->242M(256M) 256.774ms
[2021-02-07T17:35:06.269+0300][488.581s][info][gc] Failed to allocate TLAB, 2768B
[2021-02-07T17:35:06.269+0300][488.581s][info][gc] Cancelling GC: Allocation Failure
[2021-02-07T17:35:06.270+0300][488.581s][info][gc] Trigger: Handle Allocation Failure
[2021-02-07T17:35:06.434+0300][488.745s][info][gc] GC(827) Cancelling GC: Upgrade To Full GC
[2021-02-07T17:35:06.685+0300][488.997s][info][gc] GC(827) Pause Degenerated GC (Outside of Cycle) 242M->242M(256M) 415.263ms
[2021-02-07T17:35:06.687+0300][488.998s][info][gc] Trigger: Free (396K) is below minimum threshold (26214K)
[2021-02-07T17:35:06.687+0300][488.998s][info][gc] GC(828) Concurrent reset 0.071ms
[2021-02-07T17:35:06.687+0300][488.999s][info][gc] GC(828) Pause Init Mark (unload classes) 0.111ms
[2021-02-07T17:35:07.016+0300][489.328s][info][gc] GC(828) Concurrent marking (unload classes) 328.721ms
[2021-02-07T17:35:07.019+0300][489.331s][info][gc] GC(828) Pause Final Mark (unload classes) 0.478ms
[2021-02-07T17:35:07.025+0300][489.336s][info][gc] GC(828) Concurrent weak roots 5.329ms
[2021-02-07T17:35:07.025+0300][489.336s][info][gc] GC(828) Concurrent cleanup 244M->244M(256M) 0.010ms
[2021-02-07T17:35:07.028+0300][489.339s][info][gc] GC(828) Concurrent class unloading 2.982ms
[2021-02-07T17:35:07.028+0300][489.339s][info][gc] GC(828) Concurrent strong roots 0.086ms
[2021-02-07T17:35:07.035+0300][489.347s][info][gc] GC(828) Concurrent evacuation 7.594ms
[2021-02-07T17:35:07.048+0300][489.360s][info][gc] GC(828) Pause Init Update Refs 0.010ms
[2021-02-07T17:35:07.189+0300][489.501s][info][gc] GC(828) Concurrent update references 141.512ms
[2021-02-07T17:35:07.192+0300][489.504s][info][gc] GC(828) Pause Final Update Refs 0.146ms
[2021-02-07T17:35:07.192+0300][489.504s][info][gc] GC(828) Concurrent cleanup 253M->242M(256M) 0.015ms
[2021-02-07T17:35:07.194+0300][489.505s][info][gc] Trigger: Free (83512B) is below minimum threshold (26214K)
[2021-02-07T17:35:07.194+0300][489.506s][info][gc] GC(829) Concurrent reset 0.399ms
[2021-02-07T17:35:07.194+0300][489.506s][info][gc] GC(829) Pause Init Mark (unload classes) 0.151ms
[2021-02-07T17:35:07.544+0300][489.856s][info][gc] GC(829) Concurrent marking (unload classes) 349.638ms
[2021-02-07T17:35:07.549+0300][489.861s][info][gc] GC(829) Pause Final Mark (unload classes) 0.388ms
[2021-02-07T17:35:07.549+0300][489.861s][info][gc] Failed to allocate TLAB, 2648B
[2021-02-07T17:35:07.549+0300][489.861s][info][gc] Cancelling GC: Allocation Failure
[2021-02-07T17:35:07.553+0300][489.864s][info][gc] GC(829) Concurrent weak roots 3.517ms
[2021-02-07T17:35:07.553+0300][489.865s][info][gc] GC(829) Concurrent cleanup 244M->244M(256M) 0.013ms
[2021-02-07T17:35:07.555+0300][489.867s][info][gc] GC(829) Concurrent class unloading 2.615ms
[2021-02-07T17:35:07.555+0300][489.867s][info][gc] GC(829) Concurrent strong roots 0.068ms
[2021-02-07T17:35:07.556+0300][489.868s][info][gc] GC(829) Concurrent evacuation 0.229ms
[2021-02-07T17:35:07.558+0300][489.869s][info][gc] Trigger: Handle Allocation Failure
[2021-02-07T17:35:07.613+0300][489.925s][info][gc] GC(830) Cancelling GC: Upgrade To Full GC
[2021-02-07T17:35:07.862+0300][490.174s][info][gc] GC(830) Pause Degenerated GC (Evacuation) 245M->242M(256M) 304.054ms
[2021-02-07T17:35:07.864+0300][490.175s][info][gc] Trigger: Free (338K) is below minimum threshold (26214K)
[2021-02-07T17:35:07.864+0300][490.175s][info][gc] GC(831) Concurrent reset 0.078ms
[2021-02-07T17:35:07.864+0300][490.176s][info][gc] GC(831) Pause Init Mark (unload classes) 0.104ms
[2021-02-07T17:35:08.193+0300][490.505s][info][gc] GC(831) Concurrent marking (unload classes) 329.116ms
[2021-02-07T17:35:08.198+0300][490.510s][info][gc] GC(831) Pause Final Mark (unload classes) 0.433ms
[2021-02-07T17:35:08.202+0300][490.513s][info][gc] GC(831) Concurrent weak roots 3.280ms
[2021-02-07T17:35:08.202+0300][490.513s][info][gc] GC(831) Concurrent cleanup 243M->243M(256M) 0.011ms
[2021-02-07T17:35:08.207+0300][490.519s][info][gc] GC(831) Concurrent class unloading 5.063ms
[2021-02-07T17:35:08.207+0300][490.519s][info][gc] GC(831) Concurrent strong roots 0.081ms
[2021-02-07T17:35:08.216+0300][490.527s][info][gc] GC(831) Concurrent evacuation 8.678ms
[2021-02-07T17:35:08.216+0300][490.528s][info][gc] GC(831) Pause Init Update Refs 0.009ms
[2021-02-07T17:35:08.369+0300][490.681s][info][gc] GC(831) Concurrent update references 153.203ms
[2021-02-07T17:35:08.372+0300][490.684s][info][gc] GC(831) Pause Final Update Refs 0.145ms
[2021-02-07T17:35:08.372+0300][490.684s][info][gc] GC(831) Concurrent cleanup 253M->242M(256M) 0.015ms
[2021-02-07T17:35:08.374+0300][490.685s][info][gc] Trigger: Free (20304B) is below minimum threshold (26214K)
[2021-02-07T17:35:08.374+0300][490.686s][info][gc] GC(832) Concurrent reset 0.351ms
[2021-02-07T17:35:08.374+0300][490.686s][info][gc] GC(832) Pause Init Mark (unload classes) 0.166ms
[2021-02-07T17:35:08.387+0300][490.698s][info][gc] Failed to allocate TLAB, 2664B
[2021-02-07T17:35:08.387+0300][490.698s][info][gc] Cancelling GC: Allocation Failure
[2021-02-07T17:35:08.400+0300][490.712s][info][gc] GC(832) Concurrent marking (unload classes) 25.580ms
[2021-02-07T17:35:08.403+0300][490.714s][info][gc] Trigger: Handle Allocation Failure
[2021-02-07T17:35:09.068+0300][491.380s][info][gc] GC(833) Cancelling GC: Upgrade To Full GC
[2021-02-07T17:35:09.320+0300][491.632s][info][gc] GC(833) Pause Degenerated GC (Mark) 242M->242M(256M) 914.252ms
[2021-02-07T17:35:09.322+0300][491.633s][info][gc] Trigger: Free (438K) is below minimum threshold (26214K)
[2021-02-07T17:35:09.322+0300][491.634s][info][gc] GC(834) Concurrent reset 0.107ms
[2021-02-07T17:35:09.322+0300][491.634s][info][gc] GC(834) Pause Init Mark (unload classes) 0.100ms
[2021-02-07T17:35:09.663+0300][491.975s][info][gc] GC(834) Concurrent marking (unload classes) 340.805ms
[2021-02-07T17:35:09.665+0300][491.977s][info][gc] GC(834) Pause Final Mark (unload classes) 0.420ms
[2021-02-07T17:35:09.684+0300][491.995s][info][gc] GC(834) Concurrent weak roots 18.743ms
[2021-02-07T17:35:09.684+0300][491.995s][info][gc] GC(834) Concurrent cleanup 244M->244M(256M) 0.016ms
[2021-02-07T17:35:09.689+0300][492.001s][info][gc] GC(834) Concurrent class unloading 5.059ms
[2021-02-07T17:35:09.689+0300][492.001s][info][gc] GC(834) Concurrent strong roots 0.085ms
[2021-02-07T17:35:09.697+0300][492.008s][info][gc] GC(834) Concurrent evacuation 7.776ms
[2021-02-07T17:35:09.700+0300][492.012s][info][gc] GC(834) Pause Init Update Refs 0.011ms
[2021-02-07T17:35:09.849+0300][492.160s][info][gc] GC(834) Concurrent update references 148.783ms
[2021-02-07T17:35:09.852+0300][492.164s][info][gc] GC(834) Pause Final Update Refs 0.105ms
[2021-02-07T17:35:09.852+0300][492.164s][info][gc] GC(834) Concurrent cleanup 253M->243M(256M) 0.016ms
[2021-02-07T17:35:09.854+0300][492.165s][info][gc] Trigger: Free (20096B) is below minimum threshold (26214K)
[2021-02-07T17:35:09.854+0300][492.166s][info][gc] GC(835) Concurrent reset 0.469ms
[2021-02-07T17:35:09.855+0300][492.167s][info][gc] GC(835) Pause Init Mark (process weakrefs) (unload classes) 0.128ms
[2021-02-07T17:35:09.872+0300][492.184s][info][gc] Failed to allocate TLAB, 2656B
[2021-02-07T17:35:09.872+0300][492.184s][info][gc] Cancelling GC: Allocation Failure
[2021-02-07T17:35:09.881+0300][492.192s][info][gc] GC(835) Concurrent marking (process weakrefs) (unload classes) 25.680ms
[2021-02-07T17:35:09.884+0300][492.195s][info][gc] Trigger: Handle Allocation Failure
[2021-02-07T17:35:10.559+0300][492.871s][info][gc] GC(836) Cancelling GC: Upgrade To Full GC
[2021-02-07T17:35:10.816+0300][493.128s][info][gc] GC(836) Pause Degenerated GC (Mark) 243M->242M(256M) 929.089ms
[2021-02-07T17:35:10.818+0300][493.130s][info][gc] Trigger: Free (433K) is below minimum threshold (26214K)
[2021-02-07T17:35:10.818+0300][493.130s][info][gc] GC(837) Concurrent reset 0.101ms
[2021-02-07T17:35:10.818+0300][493.130s][info][gc] GC(837) Pause Init Mark (unload classes) 0.140ms
[2021-02-07T17:35:11.168+0300][493.480s][info][gc] GC(837) Concurrent marking (unload classes) 349.618ms
[2021-02-07T17:35:11.169+0300][493.481s][info][gc] GC(837) Pause Final Mark (unload classes) 0.292ms
[2021-02-07T17:35:11.177+0300][493.489s][info][gc] GC(837) Concurrent weak roots 7.485ms
[2021-02-07T17:35:11.177+0300][493.489s][info][gc] GC(837) Concurrent cleanup 244M->244M(256M) 0.010ms
[2021-02-07T17:35:11.180+0300][493.492s][info][gc] GC(837) Concurrent class unloading 3.066ms
[2021-02-07T17:35:11.180+0300][493.492s][info][gc] GC(837) Concurrent strong roots 0.108ms
[2021-02-07T17:35:11.188+0300][493.500s][info][gc] GC(837) Concurrent evacuation 8.118ms
[2021-02-07T17:35:11.191+0300][493.503s][info][gc] GC(837) Pause Init Update Refs 0.009ms
[2021-02-07T17:35:11.346+0300][493.658s][info][gc] GC(837) Concurrent update references 154.631ms
[2021-02-07T17:35:11.349+0300][493.661s][info][gc] GC(837) Pause Final Update Refs 0.121ms
[2021-02-07T17:35:11.349+0300][493.661s][info][gc] GC(837) Concurrent cleanup 253M->242M(256M) 0.015ms
[2021-02-07T17:35:11.350+0300][493.662s][info][gc] Failed to allocate Shared, 1616B
[2021-02-07T17:35:11.350+0300][493.662s][info][gc] Cancelling GC: Allocation Failure
[2021-02-07T17:35:11.351+0300][493.663s][info][gc] Trigger: Handle Allocation Failure
[2021-02-07T17:35:11.521+0300][493.833s][info][gc] GC(838) Cancelling GC: Upgrade To Full GC
[2021-02-07T17:35:11.776+0300][494.088s][info][gc] GC(838) Pause Degenerated GC (Outside of Cycle) 242M->242M(256M) 424.970ms
[2021-02-07T17:35:11.778+0300][494.090s][info][gc] Trigger: Free (443K) is below minimum threshold (26214K)
[2021-02-07T17:35:11.778+0300][494.090s][info][gc] GC(839) Concurrent reset 0.113ms
[2021-02-07T17:35:11.778+0300][494.090s][info][gc] GC(839) Pause Init Mark (unload classes) 0.140ms
[2021-02-07T17:35:12.109+0300][494.421s][info][gc] GC(839) Concurrent marking (unload classes) 330.239ms
[2021-02-07T17:35:12.110+0300][494.422s][info][gc] GC(839) Pause Final Mark (unload classes) 0.472ms
[2021-02-07T17:35:12.115+0300][494.427s][info][gc] GC(839) Concurrent weak roots 4.988ms
[2021-02-07T17:35:12.115+0300][494.427s][info][gc] GC(839) Concurrent cleanup 244M->244M(256M) 0.010ms
[2021-02-07T17:35:12.118+0300][494.430s][info][gc] GC(839) Concurrent class unloading 3.375ms
[2021-02-07T17:35:12.118+0300][494.430s][info][gc] GC(839) Concurrent strong roots 0.107ms
[2021-02-07T17:35:12.127+0300][494.439s][info][gc] GC(839) Concurrent evacuation 8.975ms
[2021-02-07T17:35:12.128+0300][494.440s][info][gc] GC(839) Pause Init Update Refs 0.009ms
[2021-02-07T17:35:12.196+0300][494.508s][info][gc] Failed to allocate TLAB, 7096B
[2021-02-07T17:35:12.196+0300][494.508s][info][gc] Cancelling GC: Allocation Failure
[2021-02-07T17:35:12.196+0300][494.508s][info][gc] GC(839) Concurrent update references 67.738ms
[2021-02-07T17:35:12.198+0300][494.510s][info][gc] Trigger: Handle Allocation Failure
[2021-02-07T17:35:12.231+0300][494.543s][info][gc] GC(840) Cancelling GC: Upgrade To Full GC
[2021-02-07T17:35:12.487+0300][494.799s][info][gc] GC(840) Pause Degenerated GC (Update Refs) 253M->242M(256M) 286.636ms
[2021-02-07T17:35:12.490+0300][494.802s][info][gc] Trigger: Free (445K) is below minimum threshold (26214K)
[2021-02-07T17:35:12.490+0300][494.802s][info][gc] GC(841) Concurrent reset 0.133ms
[2021-02-07T17:35:12.490+0300][494.802s][info][gc] GC(841) Pause Init Mark (unload classes) 0.110ms
[2021-02-07T17:35:12.837+0300][495.149s][info][gc] GC(841) Concurrent marking (unload classes) 347.103ms
[2021-02-07T17:35:12.838+0300][495.150s][info][gc] GC(841) Pause Final Mark (unload classes) 0.434ms
[2021-02-07T17:35:12.842+0300][495.154s][info][gc] GC(841) Concurrent weak roots 3.434ms
[2021-02-07T17:35:12.842+0300][495.154s][info][gc] GC(841) Concurrent cleanup 244M->244M(256M) 0.009ms
[2021-02-07T17:35:12.844+0300][495.156s][info][gc] GC(841) Concurrent class unloading 2.202ms
[2021-02-07T17:35:12.844+0300][495.156s][info][gc] GC(841) Concurrent strong roots 0.083ms
[2021-02-07T17:35:12.852+0300][495.164s][info][gc] GC(841) Concurrent evacuation 7.930ms
[2021-02-07T17:35:12.869+0300][495.181s][info][gc] GC(841) Pause Init Update Refs 0.032ms
[2021-02-07T17:35:13.023+0300][495.335s][info][gc] GC(841) Concurrent update references 154.352ms
[2021-02-07T17:35:13.024+0300][495.336s][info][gc] GC(841) Pause Final Update Refs 0.145ms
[2021-02-07T17:35:13.024+0300][495.336s][info][gc] GC(841) Concurrent cleanup 253M->242M(256M) 0.013ms
[2021-02-07T17:35:13.026+0300][495.338s][info][gc] Trigger: Free (211K) is below minimum threshold (26214K)
[2021-02-07T17:35:13.026+0300][495.338s][info][gc] GC(842) Concurrent reset 0.378ms
[2021-02-07T17:35:13.027+0300][495.339s][info][gc] GC(842) Pause Init Mark (unload classes) 0.150ms
[2021-02-07T17:35:13.358+0300][495.670s][info][gc] GC(842) Concurrent marking (unload classes) 331.068ms
[2021-02-07T17:35:13.361+0300][495.673s][info][gc] GC(842) Pause Final Mark (unload classes) 0.427ms
[2021-02-07T17:35:13.365+0300][495.677s][info][gc] GC(842) Concurrent weak roots 3.318ms
[2021-02-07T17:35:13.365+0300][495.677s][info][gc] GC(842) Concurrent cleanup 244M->244M(256M) 0.009ms
[2021-02-07T17:35:13.367+0300][495.679s][info][gc] GC(842) Concurrent class unloading 2.325ms
[2021-02-07T17:35:13.367+0300][495.679s][info][gc] GC(842) Concurrent strong roots 0.082ms
[2021-02-07T17:35:13.376+0300][495.688s][info][gc] GC(842) Concurrent evacuation 8.984ms
[2021-02-07T17:35:13.377+0300][495.689s][info][gc] GC(842) Pause Init Update Refs 0.009ms
[2021-02-07T17:35:13.533+0300][495.845s][info][gc] GC(842) Concurrent update references 156.586ms
[2021-02-07T17:35:13.537+0300][495.849s][info][gc] GC(842) Pause Final Update Refs 0.140ms
[2021-02-07T17:35:13.537+0300][495.849s][info][gc] GC(842) Concurrent cleanup 253M->242M(256M) 0.016ms
[2021-02-07T17:35:13.539+0300][495.851s][info][gc] Trigger: Free (276K) is below minimum threshold (26214K)
[2021-02-07T17:35:13.539+0300][495.851s][info][gc] GC(843) Concurrent reset 0.347ms
[2021-02-07T17:35:13.539+0300][495.851s][info][gc] GC(843) Pause Init Mark (unload classes) 0.162ms
[2021-02-07T17:35:13.873+0300][496.185s][info][gc] GC(843) Concurrent marking (unload classes) 333.104ms
[2021-02-07T17:35:13.874+0300][496.186s][info][gc] GC(843) Pause Final Mark (unload classes) 0.431ms
[2021-02-07T17:35:13.878+0300][496.190s][info][gc] GC(843) Concurrent weak roots 3.421ms
[2021-02-07T17:35:13.878+0300][496.190s][info][gc] GC(843) Concurrent cleanup 244M->244M(256M) 0.010ms
[2021-02-07T17:35:13.880+0300][496.192s][info][gc] GC(843) Concurrent class unloading 2.200ms
[2021-02-07T17:35:13.880+0300][496.192s][info][gc] GC(843) Concurrent strong roots 0.060ms
[2021-02-07T17:35:13.888+0300][496.200s][info][gc] GC(843) Concurrent evacuation 8.201ms
[2021-02-07T17:35:13.891+0300][496.203s][info][gc] GC(843) Pause Init Update Refs 0.009ms
[2021-02-07T17:35:14.046+0300][496.358s][info][gc] GC(843) Concurrent update references 154.986ms
[2021-02-07T17:35:14.049+0300][496.361s][info][gc] GC(843) Pause Final Update Refs 0.145ms
[2021-02-07T17:35:14.049+0300][496.361s][info][gc] GC(843) Concurrent cleanup 253M->242M(256M) 0.015ms
[2021-02-07T17:35:14.051+0300][496.363s][info][gc] Trigger: Free (300K) is below minimum threshold (26214K)
[2021-02-07T17:35:14.051+0300][496.363s][info][gc] GC(844) Concurrent reset 0.346ms
[2021-02-07T17:35:14.051+0300][496.363s][info][gc] GC(844) Pause Init Mark (unload classes) 0.144ms
[2021-02-07T17:35:14.403+0300][496.715s][info][gc] GC(844) Concurrent marking (unload classes) 351.572ms
[2021-02-07T17:35:14.404+0300][496.716s][info][gc] GC(844) Pause Final Mark (unload classes) 0.551ms
[2021-02-07T17:35:14.408+0300][496.720s][info][gc] GC(844) Concurrent weak roots 3.262ms
[2021-02-07T17:35:14.408+0300][496.720s][info][gc] GC(844) Concurrent cleanup 244M->244M(256M) 0.010ms
[2021-02-07T17:35:14.409+0300][496.721s][info][gc] Failed to allocate TLAB, 3704B
[2021-02-07T17:35:14.409+0300][496.721s][info][gc] Cancelling GC: Allocation Failure
[2021-02-07T17:35:14.410+0300][496.722s][info][gc] GC(844) Concurrent class unloading 2.388ms
[2021-02-07T17:35:14.410+0300][496.722s][info][gc] GC(844) Concurrent strong roots 0.127ms
[2021-02-07T17:35:14.410+0300][496.722s][info][gc] GC(844) Concurrent evacuation 0.134ms
[2021-02-07T17:35:14.412+0300][496.724s][info][gc] Trigger: Handle Allocation Failure
[2021-02-07T17:35:14.469+0300][496.781s][info][gc] GC(845) Cancelling GC: Upgrade To Full GC
[2021-02-07T17:35:14.728+0300][497.040s][info][gc] GC(845) Pause Degenerated GC (Evacuation) 244M->242M(256M) 315.278ms
[2021-02-07T17:35:14.730+0300][497.042s][info][gc] Trigger: Free (423K) is below minimum threshold (26214K)
[2021-02-07T17:35:14.730+0300][497.042s][info][gc] GC(846) Concurrent reset 0.142ms
[2021-02-07T17:35:14.730+0300][497.042s][info][gc] GC(846) Pause Init Mark (unload classes) 0.128ms
[2021-02-07T17:35:15.063+0300][497.375s][info][gc] GC(846) Concurrent marking (unload classes) 333.021ms
[2021-02-07T17:35:15.065+0300][497.377s][info][gc] GC(846) Pause Final Mark (unload classes) 0.464ms
[2021-02-07T17:35:15.068+0300][497.380s][info][gc] GC(846) Concurrent weak roots 2.877ms
[2021-02-07T17:35:15.068+0300][497.380s][info][gc] GC(846) Concurrent cleanup 244M->244M(256M) 0.010ms
[2021-02-07T17:35:15.070+0300][497.383s][info][gc] GC(846) Concurrent class unloading 2.551ms
[2021-02-07T17:35:15.070+0300][497.383s][info][gc] GC(846) Concurrent strong roots 0.108ms
[2021-02-07T17:35:15.079+0300][497.391s][info][gc] GC(846) Concurrent evacuation 8.346ms
[2021-02-07T17:35:15.083+0300][497.394s][info][gc] GC(846) Pause Init Update Refs 0.009ms
[2021-02-07T17:35:15.229+0300][497.540s][info][gc] GC(846) Concurrent update references 146.120ms
[2021-02-07T17:35:15.230+0300][497.541s][info][gc] GC(846) Pause Final Update Refs 0.145ms
[2021-02-07T17:35:15.230+0300][497.541s][info][gc] GC(846) Concurrent cleanup 253M->242M(256M) 0.014ms
[2021-02-07T17:35:15.232+0300][497.543s][info][gc] Trigger: Free (17592B) is below minimum threshold (26214K)
[2021-02-07T17:35:15.232+0300][497.544s][info][gc] GC(847) Concurrent reset 0.383ms
[2021-02-07T17:35:15.232+0300][497.544s][info][gc] GC(847) Pause Init Mark (unload classes) 0.151ms
[2021-02-07T17:35:15.291+0300][497.602s][info][gc] Failed to allocate TLAB, 2680B
[2021-02-07T17:35:15.291+0300][497.602s][info][gc] Cancelling GC: Allocation Failure
[2021-02-07T17:35:15.291+0300][497.602s][info][gc] GC(847) Concurrent marking (unload classes) 58.169ms
[2021-02-07T17:35:15.294+0300][497.605s][info][gc] Trigger: Handle Allocation Failure
[2021-02-07T17:35:15.945+0300][498.257s][info][gc] GC(848) Cancelling GC: Upgrade To Full GC
[2021-02-07T17:35:16.206+0300][498.517s][info][gc] GC(848) Pause Degenerated GC (Mark) 242M->242M(256M) 907.065ms
[2021-02-07T17:35:16.208+0300][498.519s][info][gc] Trigger: Free (530K) is below minimum threshold (26214K)
[2021-02-07T17:35:16.208+0300][498.519s][info][gc] GC(849) Concurrent reset 0.148ms
[2021-02-07T17:35:16.208+0300][498.520s][info][gc] GC(849) Pause Init Mark (unload classes) 0.120ms
[2021-02-07T17:35:16.548+0300][498.860s][info][gc] GC(849) Concurrent marking (unload classes) 339.647ms
[2021-02-07T17:35:16.551+0300][498.863s][info][gc] GC(849) Pause Final Mark (unload classes) 0.435ms
[2021-02-07T17:35:16.555+0300][498.866s][info][gc] GC(849) Concurrent weak roots 3.309ms
[2021-02-07T17:35:16.555+0300][498.866s][info][gc] GC(849) Concurrent cleanup 244M->244M(256M) 0.011ms
[2021-02-07T17:35:16.557+0300][498.869s][info][gc] GC(849) Concurrent class unloading 2.528ms
[2021-02-07T17:35:16.557+0300][498.869s][info][gc] GC(849) Concurrent strong roots 0.108ms
[2021-02-07T17:35:16.565+0300][498.877s][info][gc] GC(849) Concurrent evacuation 7.874ms
[2021-02-07T17:35:16.583+0300][498.894s][info][gc] GC(849) Pause Init Update Refs 0.015ms
[2021-02-07T17:35:16.728+0300][499.040s][info][gc] GC(849) Concurrent update references 145.066ms
[2021-02-07T17:35:16.729+0300][499.040s][info][gc] GC(849) Pause Final Update Refs 0.144ms
[2021-02-07T17:35:16.729+0300][499.040s][info][gc] GC(849) Concurrent cleanup 253M->242M(256M) 0.015ms
[2021-02-07T17:35:16.741+0300][499.052s][info][gc] Trigger: Free (488B) is below minimum threshold (26214K)
[2021-02-07T17:35:16.741+0300][499.052s][info][gc] Failed to allocate Shared, 1616B
[2021-02-07T17:35:16.741+0300][499.052s][info][gc] Cancelling GC: Allocation Failure
[2021-02-07T17:35:16.741+0300][499.053s][info][gc] GC(850) Concurrent reset 0.405ms
[2021-02-07T17:35:16.742+0300][499.053s][info][gc] GC(850) Pause Init Mark (process weakrefs) (unload classes) 0.198ms
[2021-02-07T17:35:16.742+0300][499.054s][info][gc] GC(850) Concurrent marking (process weakrefs) (unload classes) 0.241ms
[2021-02-07T17:35:16.757+0300][499.068s][info][gc] Trigger: Handle Allocation Failure
[2021-02-07T17:35:16.960+0300][499.271s][info][gc] GC(851) Cancelling GC: Upgrade To Full GC
[2021-02-07T17:35:17.219+0300][499.531s][info][gc] GC(851) Pause Degenerated GC (Mark) 242M->242M(256M) 446.417ms
[2021-02-07T17:35:17.231+0300][499.542s][info][gc] Trigger: Free (206K) is below minimum threshold (26214K)
[2021-02-07T17:35:17.231+0300][499.542s][info][gc] GC(852) Concurrent reset 0.120ms
[2021-02-07T17:35:17.231+0300][499.543s][info][gc] GC(852) Pause Init Mark (unload classes) 0.095ms
[2021-02-07T17:35:17.566+0300][499.878s][info][gc] GC(852) Concurrent marking (unload classes) 335.135ms
[2021-02-07T17:35:17.571+0300][499.883s][info][gc] GC(852) Pause Final Mark (unload classes) 0.426ms
[2021-02-07T17:35:17.575+0300][499.886s][info][gc] GC(852) Concurrent weak roots 3.576ms
[2021-02-07T17:35:17.575+0300][499.887s][info][gc] GC(852) Concurrent cleanup 244M->244M(256M) 0.009ms
[2021-02-07T17:35:17.580+0300][499.892s][info][gc] GC(852) Concurrent class unloading 5.096ms
[2021-02-07T17:35:17.580+0300][499.892s][info][gc] GC(852) Concurrent strong roots 0.110ms
[2021-02-07T17:35:17.588+0300][499.900s][info][gc] GC(852) Concurrent evacuation 8.162ms
[2021-02-07T17:35:17.589+0300][499.901s][info][gc] GC(852) Pause Init Update Refs 0.009ms
[2021-02-07T17:35:17.726+0300][500.038s][info][gc] GC(852) Concurrent update references 136.860ms
[2021-02-07T17:35:17.727+0300][500.039s][info][gc] GC(852) Pause Final Update Refs 0.144ms
[2021-02-07T17:35:17.727+0300][500.039s][info][gc] GC(852) Concurrent cleanup 253M->242M(256M) 0.015ms
[2021-02-07T17:35:17.741+0300][500.052s][info][gc] Trigger: Free (265K) is below minimum threshold (26214K)
[2021-02-07T17:35:17.741+0300][500.053s][info][gc] GC(853) Concurrent reset 0.488ms
[2021-02-07T17:35:17.741+0300][500.053s][info][gc] GC(853) Pause Init Mark (unload classes) 0.144ms
[2021-02-07T17:35:18.090+0300][500.402s][info][gc] GC(853) Concurrent marking (unload classes) 348.843ms
[2021-02-07T17:35:18.092+0300][500.404s][info][gc] GC(853) Pause Final Mark (unload classes) 0.460ms
[2021-02-07T17:35:18.097+0300][500.408s][info][gc] GC(853) Concurrent weak roots 4.670ms
[2021-02-07T17:35:18.097+0300][500.409s][info][gc] GC(853) Concurrent cleanup 244M->244M(256M) 0.010ms
[2021-02-07T17:35:18.100+0300][500.412s][info][gc] GC(853) Concurrent class unloading 3.220ms
[2021-02-07T17:35:18.100+0300][500.412s][info][gc] GC(853) Concurrent strong roots 0.112ms
[2021-02-07T17:35:18.105+0300][500.416s][info][gc] Failed to allocate TLAB, 2664B
[2021-02-07T17:35:18.105+0300][500.417s][info][gc] Cancelling GC: Allocation Failure
[2021-02-07T17:35:18.105+0300][500.417s][info][gc] GC(853) Concurrent evacuation 4.689ms
[2021-02-07T17:35:18.107+0300][500.418s][info][gc] Trigger: Handle Allocation Failure
[2021-02-07T17:35:18.158+0300][500.470s][info][gc] GC(854) Cancelling GC: Upgrade To Full GC
[2021-02-07T17:35:18.412+0300][500.724s][info][gc] GC(854) Pause Degenerated GC (Evacuation) 249M->242M(256M) 305.019ms
[2021-02-07T17:35:18.415+0300][500.726s][info][gc] Trigger: Free (459K) is below minimum threshold (26214K)
[2021-02-07T17:35:18.415+0300][500.726s][info][gc] GC(855) Concurrent reset 0.129ms
[2021-02-07T17:35:18.415+0300][500.727s][info][gc] GC(855) Pause Init Mark (process weakrefs) (unload classes) 0.131ms
[2021-02-07T17:35:18.745+0300][501.056s][info][gc] GC(855) Concurrent marking (process weakrefs) (unload classes) 329.283ms
[2021-02-07T17:35:18.745+0300][501.056s][info][gc] GC(855) Concurrent precleaning 0.117ms
[2021-02-07T17:35:18.750+0300][501.062s][info][gc] GC(855) Pause Final Mark (process weakrefs) (unload classes) 0.456ms
[2021-02-07T17:35:18.754+0300][501.065s][info][gc] GC(855) Concurrent weak roots 3.238ms
[2021-02-07T17:35:18.754+0300][501.065s][info][gc] GC(855) Concurrent cleanup 243M->243M(256M) 0.011ms
[2021-02-07T17:35:18.759+0300][501.070s][info][gc] GC(855) Concurrent class unloading 5.058ms
[2021-02-07T17:35:18.759+0300][501.070s][info][gc] GC(855) Concurrent strong roots 0.078ms
[2021-02-07T17:35:18.767+0300][501.079s][info][gc] GC(855) Concurrent evacuation 8.573ms
[2021-02-07T17:35:18.768+0300][501.079s][info][gc] GC(855) Pause Init Update Refs 0.010ms
[2021-02-07T17:35:18.902+0300][501.214s][info][gc] GC(855) Concurrent update references 134.142ms
[2021-02-07T17:35:18.906+0300][501.217s][info][gc] GC(855) Pause Final Update Refs 0.140ms
[2021-02-07T17:35:18.906+0300][501.217s][info][gc] GC(855) Concurrent cleanup 253M->242M(256M) 0.019ms
[2021-02-07T17:35:18.908+0300][501.219s][info][gc] Trigger: Free (208K) is below minimum threshold (26214K)
[2021-02-07T17:35:18.908+0300][501.219s][info][gc] GC(856) Concurrent reset 0.411ms
[2021-02-07T17:35:18.909+0300][501.220s][info][gc] GC(856) Pause Init Mark (unload classes) 0.149ms
[2021-02-07T17:35:19.239+0300][501.551s][info][gc] GC(856) Concurrent marking (unload classes) 330.391ms
[2021-02-07T17:35:19.242+0300][501.554s][info][gc] GC(856) Pause Final Mark (unload classes) 0.435ms
[2021-02-07T17:35:19.246+0300][501.557s][info][gc] GC(856) Concurrent weak roots 3.346ms
[2021-02-07T17:35:19.246+0300][501.557s][info][gc] GC(856) Concurrent cleanup 244M->244M(256M) 0.010ms
[2021-02-07T17:35:19.248+0300][501.559s][info][gc] GC(856) Concurrent class unloading 2.213ms
[2021-02-07T17:35:19.248+0300][501.559s][info][gc] GC(856) Concurrent strong roots 0.078ms
[2021-02-07T17:35:19.254+0300][501.565s][info][gc] Failed to allocate TLAB, 2672B
[2021-02-07T17:35:19.254+0300][501.565s][info][gc] Cancelling GC: Allocation Failure
[2021-02-07T17:35:19.254+0300][501.565s][info][gc] GC(856) Concurrent evacuation 5.782ms
[2021-02-07T17:35:19.256+0300][501.567s][info][gc] Trigger: Handle Allocation Failure
[2021-02-07T17:35:19.308+0300][501.620s][info][gc] GC(857) Cancelling GC: Upgrade To Full GC
[2021-02-07T17:35:19.565+0300][501.876s][info][gc] GC(857) Pause Degenerated GC (Evacuation) 251M->242M(256M) 306.126ms
[2021-02-07T17:35:19.567+0300][501.878s][info][gc] Trigger: Free (629K) is below minimum threshold (26214K)
[2021-02-07T17:35:19.567+0300][501.878s][info][gc] GC(858) Concurrent reset 0.088ms
[2021-02-07T17:35:19.567+0300][501.879s][info][gc] GC(858) Pause Init Mark (unload classes) 0.118ms
[2021-02-07T17:35:19.897+0300][502.209s][info][gc] GC(858) Concurrent marking (unload classes) 329.875ms
[2021-02-07T17:35:19.902+0300][502.214s][info][gc] GC(858) Pause Final Mark (unload classes) 0.501ms
[2021-02-07T17:35:19.906+0300][502.217s][info][gc] GC(858) Concurrent weak roots 3.191ms
[2021-02-07T17:35:19.906+0300][502.217s][info][gc] GC(858) Concurrent cleanup 244M->244M(256M) 0.013ms
[2021-02-07T17:35:19.908+0300][502.220s][info][gc] GC(858) Concurrent class unloading 2.539ms
[2021-02-07T17:35:19.908+0300][502.220s][info][gc] GC(858) Concurrent strong roots 0.114ms
[2021-02-07T17:35:19.916+0300][502.228s][info][gc] GC(858) Concurrent evacuation 7.993ms
[2021-02-07T17:35:19.919+0300][502.230s][info][gc] GC(858) Pause Init Update Refs 0.009ms
[2021-02-07T17:35:20.062+0300][502.373s][info][gc] GC(858) Concurrent update references 142.678ms
[2021-02-07T17:35:20.065+0300][502.376s][info][gc] GC(858) Pause Final Update Refs 0.076ms
[2021-02-07T17:35:20.065+0300][502.376s][info][gc] GC(858) Concurrent cleanup 253M->242M(256M) 0.019ms
[2021-02-07T17:35:20.067+0300][502.378s][info][gc] Trigger: Free (22408B) is below minimum threshold (26214K)
[2021-02-07T17:35:20.067+0300][502.378s][info][gc] GC(859) Concurrent reset 0.373ms
[2021-02-07T17:35:20.067+0300][502.379s][info][gc] GC(859) Pause Init Mark (unload classes) 0.157ms
[2021-02-07T17:35:20.139+0300][502.450s][info][gc] Failed to allocate TLAB, 2672B
[2021-02-07T17:35:20.139+0300][502.450s][info][gc] Cancelling GC: Allocation Failure
[2021-02-07T17:35:20.139+0300][502.450s][info][gc] GC(859) Concurrent marking (unload classes) 71.349ms
[2021-02-07T17:35:20.142+0300][502.453s][info][gc] Trigger: Handle Allocation Failure
[2021-02-07T17:35:20.790+0300][503.102s][info][gc] GC(860) Cancelling GC: Upgrade To Full GC
[2021-02-07T17:35:21.047+0300][503.359s][info][gc] GC(860) Pause Degenerated GC (Mark) 242M->242M(256M) 902.332ms
[2021-02-07T17:35:21.049+0300][503.360s][info][gc] Trigger: Free (625K) is below minimum threshold (26214K)
[2021-02-07T17:35:21.049+0300][503.360s][info][gc] GC(861) Concurrent reset 0.148ms
[2021-02-07T17:35:21.049+0300][503.361s][info][gc] GC(861) Pause Init Mark (unload classes) 0.108ms
[2021-02-07T17:35:21.379+0300][503.691s][info][gc] GC(861) Concurrent marking (unload classes) 330.244ms
[2021-02-07T17:35:21.383+0300][503.695s][info][gc] GC(861) Pause Final Mark (unload classes) 0.448ms
[2021-02-07T17:35:21.387+0300][503.698s][info][gc] GC(861) Concurrent weak roots 3.267ms
[2021-02-07T17:35:21.387+0300][503.698s][info][gc] GC(861) Concurrent cleanup 243M->243M(256M) 0.013ms
[2021-02-07T17:35:21.389+0300][503.700s][info][gc] GC(861) Concurrent class unloading 2.306ms
[2021-02-07T17:35:21.389+0300][503.701s][info][gc] GC(861) Concurrent strong roots 0.107ms
[2021-02-07T17:35:21.397+0300][503.709s][info][gc] GC(861) Concurrent evacuation 8.364ms
[2021-02-07T17:35:21.399+0300][503.710s][info][gc] GC(861) Pause Init Update Refs 0.008ms
[2021-02-07T17:35:21.531+0300][503.843s][info][gc] GC(861) Concurrent update references 132.748ms
[2021-02-07T17:35:21.534+0300][503.845s][info][gc] GC(861) Pause Final Update Refs 0.146ms
[2021-02-07T17:35:21.534+0300][503.845s][info][gc] GC(861) Concurrent cleanup 253M->242M(256M) 0.014ms
[2021-02-07T17:35:21.536+0300][503.847s][info][gc] Trigger: Free (2024B) is below minimum threshold (26214K)
[2021-02-07T17:35:21.536+0300][503.847s][info][gc] Failed to allocate TLAB, 3448B
[2021-02-07T17:35:21.536+0300][503.847s][info][gc] Cancelling GC: Allocation Failure
[2021-02-07T17:35:21.536+0300][503.847s][info][gc] GC(862) Concurrent reset 0.325ms
[2021-02-07T17:35:21.536+0300][503.848s][info][gc] GC(862) Pause Init Mark (unload classes) 0.142ms
[2021-02-07T17:35:21.536+0300][503.848s][info][gc] GC(862) Concurrent marking (unload classes) 0.173ms
[2021-02-07T17:35:21.539+0300][503.850s][info][gc] Trigger: Handle Allocation Failure
[2021-02-07T17:35:21.732+0300][504.043s][info][gc] GC(863) Cancelling GC: Upgrade To Full GC
[2021-02-07T17:35:21.988+0300][504.300s][info][gc] GC(863) Pause Degenerated GC (Mark) 242M->242M(256M) 441.324ms
[2021-02-07T17:35:21.990+0300][504.301s][info][gc] Trigger: Free (708K) is below minimum threshold (26214K)
[2021-02-07T17:35:21.990+0300][504.301s][info][gc] GC(864) Concurrent reset 0.110ms
[2021-02-07T17:35:21.990+0300][504.302s][info][gc] GC(864) Pause Init Mark (unload classes) 0.131ms
[2021-02-07T17:35:22.321+0300][504.633s][info][gc] GC(864) Concurrent marking (unload classes) 331.030ms
[2021-02-07T17:35:22.322+0300][504.634s][info][gc] GC(864) Pause Final Mark (unload classes) 0.437ms
[2021-02-07T17:35:22.326+0300][504.637s][info][gc] GC(864) Concurrent weak roots 3.291ms
[2021-02-07T17:35:22.326+0300][504.637s][info][gc] GC(864) Concurrent cleanup 243M->243M(256M) 0.009ms
[2021-02-07T17:35:22.331+0300][504.642s][info][gc] GC(864) Concurrent class unloading 5.095ms
[2021-02-07T17:35:22.331+0300][504.642s][info][gc] GC(864) Concurrent strong roots 0.110ms
[2021-02-07T17:35:22.342+0300][504.654s][info][gc] GC(864) Concurrent evacuation 11.517ms
[2021-02-07T17:35:22.343+0300][504.655s][info][gc] GC(864) Pause Init Update Refs 0.009ms
[2021-02-07T17:35:22.475+0300][504.787s][info][gc] GC(864) Concurrent update references 131.854ms
[2021-02-07T17:35:22.478+0300][504.789s][info][gc] GC(864) Pause Final Update Refs 0.144ms
[2021-02-07T17:35:22.478+0300][504.789s][info][gc] GC(864) Concurrent cleanup 253M->242M(256M) 0.016ms
[2021-02-07T17:35:22.480+0300][504.791s][info][gc] Trigger: Free (198K) is below minimum threshold (26214K)
[2021-02-07T17:35:22.480+0300][504.791s][info][gc] GC(865) Concurrent reset 0.351ms
[2021-02-07T17:35:22.480+0300][504.792s][info][gc] GC(865) Pause Init Mark (process weakrefs) (unload classes) 0.154ms
[2021-02-07T17:35:22.810+0300][505.121s][info][gc] GC(865) Concurrent marking (process weakrefs) (unload classes) 329.361ms
[2021-02-07T17:35:22.810+0300][505.121s][info][gc] GC(865) Concurrent precleaning 0.114ms
[2021-02-07T17:35:22.815+0300][505.127s][info][gc] GC(865) Pause Final Mark (process weakrefs) (unload classes) 0.423ms
[2021-02-07T17:35:22.819+0300][505.130s][info][gc] GC(865) Concurrent weak roots 3.279ms
[2021-02-07T17:35:22.819+0300][505.130s][info][gc] GC(865) Concurrent cleanup 243M->243M(256M) 0.010ms
[2021-02-07T17:35:22.824+0300][505.135s][info][gc] GC(865) Concurrent class unloading 5.063ms
[2021-02-07T17:35:22.824+0300][505.135s][info][gc] GC(865) Concurrent strong roots 0.085ms
[2021-02-07T17:35:22.827+0300][505.138s][info][gc] Failed to allocate TLAB, 2664B
[2021-02-07T17:35:22.827+0300][505.138s][info][gc] Cancelling GC: Allocation Failure
[2021-02-07T17:35:22.827+0300][505.138s][info][gc] GC(865) Concurrent evacuation 2.831ms
[2021-02-07T17:35:22.829+0300][505.140s][info][gc] Trigger: Handle Allocation Failure
[2021-02-07T17:35:22.881+0300][505.193s][info][gc] GC(866) Cancelling GC: Upgrade To Full GC
[2021-02-07T17:35:23.142+0300][505.454s][info][gc] GC(866) Pause Degenerated GC (Evacuation) 247M->241M(256M) 310.414ms
[2021-02-07T17:35:23.144+0300][505.455s][info][gc] Trigger: Free (813K) is below minimum threshold (26214K)
[2021-02-07T17:35:23.144+0300][505.455s][info][gc] GC(867) Concurrent reset 0.102ms
[2021-02-07T17:35:23.144+0300][505.456s][info][gc] GC(867) Pause Init Mark (unload classes) 0.133ms
[2021-02-07T17:35:23.474+0300][505.785s][info][gc] GC(867) Concurrent marking (unload classes) 329.544ms
[2021-02-07T17:35:23.477+0300][505.789s][info][gc] GC(867) Pause Final Mark (unload classes) 0.492ms
[2021-02-07T17:35:23.481+0300][505.792s][info][gc] GC(867) Concurrent weak roots 3.179ms
[2021-02-07T17:35:23.481+0300][505.792s][info][gc] GC(867) Concurrent cleanup 243M->243M(256M) 0.009ms
[2021-02-07T17:35:23.483+0300][505.794s][info][gc] GC(867) Concurrent class unloading 2.258ms
[2021-02-07T17:35:23.483+0300][505.794s][info][gc] GC(867) Concurrent strong roots 0.072ms
[2021-02-07T17:35:23.492+0300][505.804s][info][gc] GC(867) Concurrent evacuation 9.125ms
[2021-02-07T17:35:23.493+0300][505.804s][info][gc] GC(867) Pause Init Update Refs 0.010ms
[2021-02-07T17:35:23.628+0300][505.940s][info][gc] GC(867) Concurrent update references 135.777ms
[2021-02-07T17:35:23.631+0300][505.942s][info][gc] GC(867) Pause Final Update Refs 0.141ms
[2021-02-07T17:35:23.631+0300][505.942s][info][gc] GC(867) Concurrent cleanup 253M->243M(256M) 0.014ms
[2021-02-07T17:35:23.633+0300][505.944s][info][gc] Trigger: Free (48240B) is below minimum threshold (26214K)
[2021-02-07T17:35:23.633+0300][505.944s][info][gc] GC(868) Concurrent reset 0.403ms
[2021-02-07T17:35:23.633+0300][505.945s][info][gc] GC(868) Pause Init Mark (unload classes) 0.138ms
[2021-02-07T17:35:23.842+0300][506.153s][info][gc] Failed to allocate TLAB, 2664B
[2021-02-07T17:35:23.842+0300][506.153s][info][gc] Cancelling GC: Allocation Failure
[2021-02-07T17:35:23.842+0300][506.153s][info][gc] GC(868) Concurrent marking (unload classes) 208.134ms
[2021-02-07T17:35:23.845+0300][506.156s][info][gc] Trigger: Handle Allocation Failure
[2021-02-07T17:35:24.179+0300][506.491s][info][gc] GC(869) Cancelling GC: Upgrade To Full GC
[2021-02-07T17:35:24.435+0300][506.746s][info][gc] GC(869) Pause Degenerated GC (Mark) 243M->241M(256M) 585.032ms
[2021-02-07T17:35:24.437+0300][506.748s][info][gc] Trigger: Free (728K) is below minimum threshold (26214K)
[2021-02-07T17:35:24.437+0300][506.748s][info][gc] GC(870) Concurrent reset 0.087ms
[2021-02-07T17:35:24.437+0300][506.748s][info][gc] GC(870) Pause Init Mark (process weakrefs) (unload classes) 0.140ms
[2021-02-07T17:35:24.785+0300][507.096s][info][gc] GC(870) Concurrent marking (process weakrefs) (unload classes) 347.719ms
[2021-02-07T17:35:24.785+0300][507.096s][info][gc] GC(870) Concurrent precleaning 0.143ms
[2021-02-07T17:35:24.788+0300][507.100s][info][gc] GC(870) Pause Final Mark (process weakrefs) (unload classes) 0.469ms
[2021-02-07T17:35:24.792+0300][507.103s][info][gc] GC(870) Concurrent weak roots 3.310ms
[2021-02-07T17:35:24.792+0300][507.103s][info][gc] GC(870) Concurrent cleanup 243M->243M(256M) 0.010ms
[2021-02-07T17:35:24.797+0300][507.108s][info][gc] GC(870) Concurrent class unloading 5.064ms
[2021-02-07T17:35:24.797+0300][507.108s][info][gc] GC(870) Concurrent strong roots 0.075ms
[2021-02-07T17:35:24.805+0300][507.117s][info][gc] GC(870) Concurrent evacuation 8.510ms
[2021-02-07T17:35:24.806+0300][507.117s][info][gc] GC(870) Pause Init Update Refs 0.009ms
[2021-02-07T17:35:24.939+0300][507.251s][info][gc] GC(870) Concurrent update references 133.593ms
[2021-02-07T17:35:24.941+0300][507.252s][info][gc] GC(870) Pause Final Update Refs 0.158ms
[2021-02-07T17:35:24.941+0300][507.252s][info][gc] GC(870) Concurrent cleanup 253M->242M(256M) 0.014ms
[2021-02-07T17:35:24.943+0300][507.254s][info][gc] Trigger: Free (130K) is below minimum threshold (26214K)
[2021-02-07T17:35:24.943+0300][507.255s][info][gc] GC(871) Concurrent reset 0.383ms
[2021-02-07T17:35:24.944+0300][507.255s][info][gc] GC(871) Pause Init Mark (unload classes) 0.149ms
[2021-02-07T17:35:25.294+0300][507.606s][info][gc] GC(871) Concurrent marking (unload classes) 350.132ms
[2021-02-07T17:35:25.299+0300][507.611s][info][gc] GC(871) Pause Final Mark (unload classes) 0.413ms
[2021-02-07T17:35:25.303+0300][507.614s][info][gc] GC(871) Concurrent weak roots 3.345ms
[2021-02-07T17:35:25.303+0300][507.614s][info][gc] GC(871) Concurrent cleanup 244M->244M(256M) 0.014ms
[2021-02-07T17:35:25.304+0300][507.615s][info][gc] Failed to allocate TLAB, 2680B
[2021-02-07T17:35:25.304+0300][507.615s][info][gc] Cancelling GC: Allocation Failure
[2021-02-07T17:35:25.308+0300][507.619s][info][gc] GC(871) Concurrent class unloading 5.056ms
[2021-02-07T17:35:25.308+0300][507.619s][info][gc] GC(871) Concurrent strong roots 0.082ms
[2021-02-07T17:35:25.308+0300][507.620s][info][gc] GC(871) Concurrent evacuation 0.187ms
[2021-02-07T17:35:25.310+0300][507.621s][info][gc] Trigger: Handle Allocation Failure
[2021-02-07T17:35:25.362+0300][507.674s][info][gc] GC(872) Cancelling GC: Upgrade To Full GC
[2021-02-07T17:35:25.620+0300][507.931s][info][gc] GC(872) Pause Degenerated GC (Evacuation) 244M->241M(256M) 306.815ms
[2021-02-07T17:35:25.622+0300][507.933s][info][gc] Trigger: Free (749K) is below minimum threshold (26214K)
[2021-02-07T17:35:25.622+0300][507.933s][info][gc] GC(873) Concurrent reset 0.091ms
[2021-02-07T17:35:25.622+0300][507.934s][info][gc] GC(873) Pause Init Mark (unload classes) 0.137ms
[2021-02-07T17:35:25.954+0300][508.265s][info][gc] GC(873) Concurrent marking (unload classes) 331.341ms
[2021-02-07T17:35:25.957+0300][508.269s][info][gc] GC(873) Pause Final Mark (unload classes) 0.420ms
[2021-02-07T17:35:25.961+0300][508.272s][info][gc] GC(873) Concurrent weak roots 3.435ms
[2021-02-07T17:35:25.961+0300][508.272s][info][gc] GC(873) Concurrent cleanup 243M->243M(256M) 0.010ms
[2021-02-07T17:35:25.966+0300][508.277s][info][gc] GC(873) Concurrent class unloading 5.107ms
[2021-02-07T17:35:25.966+0300][508.278s][info][gc] GC(873) Concurrent strong roots 0.108ms
[2021-02-07T17:35:25.977+0300][508.289s][info][gc] GC(873) Concurrent evacuation 11.021ms
[2021-02-07T17:35:25.980+0300][508.291s][info][gc] GC(873) Pause Init Update Refs 0.010ms
[2021-02-07T17:35:26.114+0300][508.425s][info][gc] GC(873) Concurrent update references 133.952ms
[2021-02-07T17:35:26.125+0300][508.436s][info][gc] GC(873) Pause Final Update Refs 0.091ms
[2021-02-07T17:35:26.125+0300][508.436s][info][gc] GC(873) Concurrent cleanup 253M->242M(256M) 0.026ms
[2021-02-07T17:35:26.141+0300][508.452s][info][gc] Trigger: Free (67320B) is below minimum threshold (26214K)
[2021-02-07T17:35:26.141+0300][508.453s][info][gc] GC(874) Concurrent reset 0.440ms
[2021-02-07T17:35:26.142+0300][508.453s][info][gc] GC(874) Pause Init Mark (unload classes) 0.087ms
[2021-02-07T17:35:26.491+0300][508.803s][info][gc] GC(874) Concurrent marking (unload classes) 349.367ms
[2021-02-07T17:35:26.494+0300][508.806s][info][gc] GC(874) Pause Final Mark (unload classes) 0.441ms
[2021-02-07T17:35:26.497+0300][508.808s][info][gc] Failed to allocate TLAB, 2800B
[2021-02-07T17:35:26.497+0300][508.808s][info][gc] Cancelling GC: Allocation Failure
[2021-02-07T17:35:26.498+0300][508.809s][info][gc] GC(874) Concurrent weak roots 3.284ms
[2021-02-07T17:35:26.498+0300][508.809s][info][gc] GC(874) Concurrent cleanup 244M->244M(256M) 0.008ms
[2021-02-07T17:35:26.500+0300][508.811s][info][gc] GC(874) Concurrent class unloading 2.215ms
[2021-02-07T17:35:26.500+0300][508.812s][info][gc] GC(874) Concurrent strong roots 0.075ms
[2021-02-07T17:35:26.500+0300][508.812s][info][gc] GC(874) Concurrent evacuation 0.245ms
[2021-02-07T17:35:26.502+0300][508.813s][info][gc] Trigger: Handle Allocation Failure
[2021-02-07T17:35:26.551+0300][508.863s][info][gc] GC(875) Cancelling GC: Upgrade To Full GC
[2021-02-07T17:35:26.809+0300][509.120s][info][gc] GC(875) Pause Degenerated GC (Evacuation) 244M->241M(256M) 306.686ms
[2021-02-07T17:35:26.811+0300][509.122s][info][gc] Trigger: Free (771K) is below minimum threshold (26214K)
[2021-02-07T17:35:26.811+0300][509.122s][info][gc] GC(876) Concurrent reset 0.098ms
[2021-02-07T17:35:26.811+0300][509.123s][info][gc] GC(876) Pause Init Mark (unload classes) 0.142ms
[2021-02-07T17:35:27.158+0300][509.469s][info][gc] GC(876) Concurrent marking (unload classes) 346.441ms
[2021-02-07T17:35:27.159+0300][509.470s][info][gc] GC(876) Pause Final Mark (unload classes) 0.431ms
[2021-02-07T17:35:27.163+0300][509.474s][info][gc] GC(876) Concurrent weak roots 3.716ms
[2021-02-07T17:35:27.163+0300][509.474s][info][gc] GC(876) Concurrent cleanup 243M->243M(256M) 0.011ms
[2021-02-07T17:35:27.168+0300][509.479s][info][gc] GC(876) Concurrent class unloading 5.089ms
[2021-02-07T17:35:27.168+0300][509.480s][info][gc] GC(876) Concurrent strong roots 0.110ms
[2021-02-07T17:35:27.177+0300][509.488s][info][gc] GC(876) Concurrent evacuation 8.768ms
[2021-02-07T17:35:27.177+0300][509.489s][info][gc] GC(876) Pause Init Update Refs 0.011ms
[2021-02-07T17:35:27.317+0300][509.628s][info][gc] GC(876) Concurrent update references 138.999ms
[2021-02-07T17:35:27.320+0300][509.631s][info][gc] GC(876) Pause Final Update Refs 0.099ms
[2021-02-07T17:35:27.320+0300][509.631s][info][gc] GC(876) Concurrent cleanup 253M->242M(256M) 0.017ms
[2021-02-07T17:35:27.322+0300][509.633s][info][gc] Trigger: Free (100K) is below minimum threshold (26214K)
[2021-02-07T17:35:27.322+0300][509.634s][info][gc] GC(877) Concurrent reset 0.381ms
[2021-02-07T17:35:27.322+0300][509.634s][info][gc] GC(877) Pause Init Mark (unload classes) 0.144ms
[2021-02-07T17:35:27.671+0300][509.983s][info][gc] GC(877) Concurrent marking (unload classes) 348.808ms
[2021-02-07T17:35:27.675+0300][509.987s][info][gc] GC(877) Pause Final Mark (unload classes) 0.424ms
[2021-02-07T17:35:27.679+0300][509.990s][info][gc] GC(877) Concurrent weak roots 3.300ms
[2021-02-07T17:35:27.679+0300][509.990s][info][gc] GC(877) Concurrent cleanup 244M->244M(256M) 0.009ms
[2021-02-07T17:35:27.684+0300][509.995s][info][gc] GC(877) Concurrent class unloading 5.032ms
[2021-02-07T17:35:27.684+0300][509.995s][info][gc] GC(877) Concurrent strong roots 0.115ms
[2021-02-07T17:35:27.692+0300][510.004s][info][gc] GC(877) Concurrent evacuation 8.454ms
[2021-02-07T17:35:27.696+0300][510.007s][info][gc] GC(877) Pause Init Update Refs 0.009ms
[2021-02-07T17:35:27.833+0300][510.145s][info][gc] GC(877) Concurrent update references 137.179ms
[2021-02-07T17:35:27.836+0300][510.147s][info][gc] GC(877) Pause Final Update Refs 0.089ms
[2021-02-07T17:35:27.836+0300][510.148s][info][gc] GC(877) Concurrent cleanup 253M->242M(256M) 0.042ms
[2021-02-07T17:35:27.838+0300][510.149s][info][gc] Trigger: Free (499K) is below minimum threshold (26214K)
[2021-02-07T17:35:27.838+0300][510.150s][info][gc] GC(878) Concurrent reset 0.348ms
[2021-02-07T17:35:27.838+0300][510.150s][info][gc] GC(878) Pause Init Mark (unload classes) 0.115ms
[2021-02-07T17:35:28.170+0300][510.482s][info][gc] GC(878) Concurrent marking (unload classes) 331.805ms
[2021-02-07T17:35:28.173+0300][510.485s][info][gc] GC(878) Pause Final Mark (unload classes) 0.432ms
[2021-02-07T17:35:28.180+0300][510.491s][info][gc] GC(878) Concurrent weak roots 6.336ms
[2021-02-07T17:35:28.180+0300][510.491s][info][gc] GC(878) Concurrent cleanup 244M->244M(256M) 0.014ms
[2021-02-07T17:35:28.196+0300][510.507s][info][gc] GC(878) Concurrent class unloading 16.200ms
[2021-02-07T17:35:28.196+0300][510.508s][info][gc] GC(878) Concurrent strong roots 0.119ms
[2021-02-07T17:35:28.204+0300][510.516s][info][gc] GC(878) Concurrent evacuation 8.364ms
[2021-02-07T17:35:28.207+0300][510.518s][info][gc] GC(878) Pause Init Update Refs 0.010ms
[2021-02-07T17:35:28.357+0300][510.669s][info][gc] GC(878) Concurrent update references 150.412ms
[2021-02-07T17:35:28.358+0300][510.670s][info][gc] GC(878) Pause Final Update Refs 0.143ms
[2021-02-07T17:35:28.358+0300][510.670s][info][gc] GC(878) Concurrent cleanup 253M->242M(256M) 0.015ms
[2021-02-07T17:35:28.360+0300][510.671s][info][gc] Trigger: Free (321K) is below minimum threshold (26214K)
[2021-02-07T17:35:28.360+0300][510.672s][info][gc] GC(879) Concurrent reset 0.374ms
[2021-02-07T17:35:28.360+0300][510.672s][info][gc] GC(879) Pause Init Mark (unload classes) 0.145ms
[2021-02-07T17:35:28.709+0300][511.021s][info][gc] GC(879) Concurrent marking (unload classes) 348.632ms
[2021-02-07T17:35:28.710+0300][511.022s][info][gc] GC(879) Pause Final Mark (unload classes) 0.431ms
[2021-02-07T17:35:28.714+0300][511.025s][info][gc] GC(879) Concurrent weak roots 3.204ms
[2021-02-07T17:35:28.714+0300][511.026s][info][gc] GC(879) Concurrent cleanup 243M->243M(256M) 0.009ms
[2021-02-07T17:35:28.719+0300][511.031s][info][gc] GC(879) Concurrent class unloading 5.123ms
[2021-02-07T17:35:28.719+0300][511.031s][info][gc] GC(879) Concurrent strong roots 0.122ms
[2021-02-07T17:35:28.722+0300][511.033s][info][gc] Failed to allocate TLAB, 2664B
[2021-02-07T17:35:28.722+0300][511.033s][info][gc] Cancelling GC: Allocation Failure
[2021-02-07T17:35:28.722+0300][511.034s][info][gc] GC(879) Concurrent evacuation 2.858ms
[2021-02-07T17:35:28.724+0300][511.035s][info][gc] Trigger: Handle Allocation Failure
[2021-02-07T17:35:28.778+0300][511.090s][info][gc] GC(880) Cancelling GC: Upgrade To Full GC
[2021-02-07T17:35:29.034+0300][511.346s][info][gc] GC(880) Pause Degenerated GC (Evacuation) 246M->241M(256M) 307.043ms
[2021-02-07T17:35:29.036+0300][511.347s][info][gc] Trigger: Free (1068K) is below minimum threshold (26214K)
[2021-02-07T17:35:29.036+0300][511.348s][info][gc] GC(881) Concurrent reset 0.159ms
[2021-02-07T17:35:29.036+0300][511.348s][info][gc] GC(881) Pause Init Mark (unload classes) 0.117ms
[2021-02-07T17:35:29.370+0300][511.682s][info][gc] GC(881) Concurrent marking (unload classes) 333.498ms
[2021-02-07T17:35:29.374+0300][511.686s][info][gc] GC(881) Pause Final Mark (unload classes) 0.428ms
[2021-02-07T17:35:29.378+0300][511.689s][info][gc] GC(881) Concurrent weak roots 3.286ms
[2021-02-07T17:35:29.378+0300][511.689s][info][gc] GC(881) Concurrent cleanup 242M->242M(256M) 0.016ms
[2021-02-07T17:35:29.383+0300][511.694s][info][gc] GC(881) Concurrent class unloading 5.024ms
[2021-02-07T17:35:29.383+0300][511.694s][info][gc] GC(881) Concurrent strong roots 0.086ms
[2021-02-07T17:35:29.392+0300][511.704s][info][gc] GC(881) Concurrent evacuation 9.702ms
[2021-02-07T17:35:29.396+0300][511.707s][info][gc] GC(881) Pause Init Update Refs 0.009ms
[2021-02-07T17:35:29.531+0300][511.842s][info][gc] GC(881) Concurrent update references 135.082ms
[2021-02-07T17:35:29.534+0300][511.845s][info][gc] GC(881) Pause Final Update Refs 0.108ms
[2021-02-07T17:35:29.534+0300][511.845s][info][gc] GC(881) Concurrent cleanup 253M->242M(256M) 0.038ms
[2021-02-07T17:35:29.536+0300][511.847s][info][gc] Trigger: Free (47472B) is below minimum threshold (26214K)
[2021-02-07T17:35:29.536+0300][511.847s][info][gc] GC(882) Concurrent reset 0.335ms
[2021-02-07T17:35:29.537+0300][511.848s][info][gc] GC(882) Pause Init Mark (unload classes) 0.112ms
[2021-02-07T17:35:29.869+0300][512.180s][info][gc] GC(882) Concurrent marking (unload classes) 332.383ms
[2021-02-07T17:35:29.870+0300][512.181s][info][gc] GC(882) Pause Final Mark (unload classes) 0.261ms
[2021-02-07T17:35:29.888+0300][512.199s][info][gc] GC(882) Concurrent weak roots 17.827ms
[2021-02-07T17:35:29.888+0300][512.199s][info][gc] Failed to allocate TLAB, 2664B
[2021-02-07T17:35:29.888+0300][512.199s][info][gc] GC(882) Concurrent cleanup 244M->244M(256M) 0.012ms
[2021-02-07T17:35:29.888+0300][512.199s][info][gc] Cancelling GC: Allocation Failure
[2021-02-07T17:35:29.904+0300][512.215s][info][gc] GC(882) Concurrent class unloading 15.991ms
[2021-02-07T17:35:29.904+0300][512.215s][info][gc] GC(882) Concurrent strong roots 0.124ms
[2021-02-07T17:35:29.904+0300][512.216s][info][gc] GC(882) Concurrent evacuation 0.310ms
[2021-02-07T17:35:29.920+0300][512.231s][info][gc] Trigger: Handle Allocation Failure
[2021-02-07T17:35:29.984+0300][512.296s][info][gc] GC(883) Cancelling GC: Upgrade To Full GC
[2021-02-07T17:35:30.236+0300][512.547s][info][gc] GC(883) Pause Degenerated GC (Evacuation) 244M->241M(256M) 300.922ms
[2021-02-07T17:35:30.252+0300][512.563s][info][gc] Trigger: Free (987K) is below minimum threshold (26214K)
[2021-02-07T17:35:30.252+0300][512.564s][info][gc] GC(884) Concurrent reset 0.138ms
[2021-02-07T17:35:30.252+0300][512.564s][info][gc] GC(884) Pause Init Mark (unload classes) 0.160ms
[2021-02-07T17:35:30.588+0300][512.900s][info][gc] GC(884) Concurrent marking (unload classes) 335.928ms
[2021-02-07T17:35:30.593+0300][512.905s][info][gc] GC(884) Pause Final Mark (unload classes) 0.424ms
[2021-02-07T17:35:30.597+0300][512.908s][info][gc] GC(884) Concurrent weak roots 3.397ms
[2021-02-07T17:35:30.597+0300][512.908s][info][gc] GC(884) Concurrent cleanup 243M->243M(256M) 0.014ms
[2021-02-07T17:35:30.602+0300][512.914s][info][gc] GC(884) Concurrent class unloading 5.093ms
[2021-02-07T17:35:30.602+0300][512.914s][info][gc] GC(884) Concurrent strong roots 0.108ms
[2021-02-07T17:35:30.610+0300][512.922s][info][gc] GC(884) Concurrent evacuation 8.560ms
[2021-02-07T17:35:30.611+0300][512.923s][info][gc] GC(884) Pause Init Update Refs 0.009ms
[2021-02-07T17:35:30.745+0300][513.057s][info][gc] GC(884) Concurrent update references 133.924ms
[2021-02-07T17:35:30.748+0300][513.060s][info][gc] GC(884) Pause Final Update Refs 0.151ms
[2021-02-07T17:35:30.748+0300][513.060s][info][gc] GC(884) Concurrent cleanup 253M->242M(256M) 0.015ms
[2021-02-07T17:35:30.750+0300][513.062s][info][gc] Trigger: Free (353K) is below minimum threshold (26214K)
[2021-02-07T17:35:30.750+0300][513.062s][info][gc] GC(885) Concurrent reset 0.378ms
[2021-02-07T17:35:30.751+0300][513.062s][info][gc] GC(885) Pause Init Mark (process weakrefs) (unload classes) 0.147ms
[2021-02-07T17:35:31.081+0300][513.393s][info][gc] GC(885) Concurrent marking (process weakrefs) (unload classes) 330.016ms
[2021-02-07T17:35:31.081+0300][513.393s][info][gc] GC(885) Concurrent precleaning 0.149ms
[2021-02-07T17:35:31.082+0300][513.394s][info][gc] GC(885) Pause Final Mark (process weakrefs) (unload classes) 0.420ms
[2021-02-07T17:35:31.086+0300][513.398s][info][gc] GC(885) Concurrent weak roots 3.537ms
[2021-02-07T17:35:31.086+0300][513.398s][info][gc] GC(885) Concurrent cleanup 243M->243M(256M) 0.011ms
[2021-02-07T17:35:31.091+0300][513.403s][info][gc] GC(885) Concurrent class unloading 5.035ms
[2021-02-07T17:35:31.091+0300][513.403s][info][gc] GC(885) Concurrent strong roots 0.143ms
[2021-02-07T17:35:31.094+0300][513.406s][info][gc] Failed to allocate TLAB, 2664B
[2021-02-07T17:35:31.094+0300][513.406s][info][gc] Cancelling GC: Allocation Failure
[2021-02-07T17:35:31.094+0300][513.406s][info][gc] GC(885) Concurrent evacuation 2.749ms
[2021-02-07T17:35:31.096+0300][513.408s][info][gc] Trigger: Handle Allocation Failure
[2021-02-07T17:35:31.150+0300][513.462s][info][gc] GC(886) Cancelling GC: Upgrade To Full GC
[2021-02-07T17:35:31.404+0300][513.716s][info][gc] GC(886) Pause Degenerated GC (Evacuation) 247M->241M(256M) 305.459ms
[2021-02-07T17:35:31.406+0300][513.718s][info][gc] Trigger: Free (994K) is below minimum threshold (26214K)
[2021-02-07T17:35:31.406+0300][513.718s][info][gc] GC(887) Concurrent reset 0.088ms
[2021-02-07T17:35:31.406+0300][513.718s][info][gc] GC(887) Pause Init Mark (unload classes) 0.139ms
[2021-02-07T17:35:31.736+0300][514.048s][info][gc] GC(887) Concurrent marking (unload classes) 330.071ms
[2021-02-07T17:35:31.741+0300][514.053s][info][gc] GC(887) Pause Final Mark (unload classes) 0.408ms
[2021-02-07T17:35:31.745+0300][514.057s][info][gc] GC(887) Concurrent weak roots 3.410ms
[2021-02-07T17:35:31.745+0300][514.057s][info][gc] GC(887) Concurrent cleanup 243M->243M(256M) 0.010ms
[2021-02-07T17:35:31.750+0300][514.062s][info][gc] GC(887) Concurrent class unloading 5.096ms
[2021-02-07T17:35:31.750+0300][514.062s][info][gc] GC(887) Concurrent strong roots 0.111ms
[2021-02-07T17:35:31.761+0300][514.073s][info][gc] GC(887) Concurrent evacuation 10.804ms
[2021-02-07T17:35:31.762+0300][514.074s][info][gc] GC(887) Pause Init Update Refs 0.009ms
[2021-02-07T17:35:31.895+0300][514.207s][info][gc] GC(887) Concurrent update references 133.602ms
[2021-02-07T17:35:31.896+0300][514.208s][info][gc] GC(887) Pause Final Update Refs 0.148ms
[2021-02-07T17:35:31.896+0300][514.208s][info][gc] GC(887) Concurrent cleanup 253M->242M(256M) 0.013ms
[2021-02-07T17:35:31.898+0300][514.210s][info][gc] Trigger: Free (230K) is below minimum threshold (26214K)
[2021-02-07T17:35:31.898+0300][514.210s][info][gc] GC(888) Concurrent reset 0.383ms
[2021-02-07T17:35:31.898+0300][514.210s][info][gc] GC(888) Pause Init Mark (unload classes) 0.144ms
[2021-02-07T17:35:32.229+0300][514.541s][info][gc] GC(888) Concurrent marking (unload classes) 330.035ms
[2021-02-07T17:35:32.230+0300][514.542s][info][gc] GC(888) Pause Final Mark (unload classes) 0.424ms
[2021-02-07T17:35:32.234+0300][514.546s][info][gc] GC(888) Concurrent weak roots 3.351ms
[2021-02-07T17:35:32.234+0300][514.546s][info][gc] GC(888) Concurrent cleanup 244M->244M(256M) 0.009ms
[2021-02-07T17:35:32.239+0300][514.551s][info][gc] GC(888) Concurrent class unloading 5.104ms
[2021-02-07T17:35:32.239+0300][514.551s][info][gc] GC(888) Concurrent strong roots 0.114ms
[2021-02-07T17:35:32.247+0300][514.559s][info][gc] GC(888) Concurrent evacuation 8.350ms
[2021-02-07T17:35:32.248+0300][514.560s][info][gc] GC(888) Pause Init Update Refs 0.010ms
[2021-02-07T17:35:32.387+0300][514.699s][info][gc] GC(888) Concurrent update references 138.831ms
[2021-02-07T17:35:32.390+0300][514.702s][info][gc] GC(888) Pause Final Update Refs 0.148ms
[2021-02-07T17:35:32.390+0300][514.702s][info][gc] GC(888) Concurrent cleanup 253M->242M(256M) 0.015ms
[2021-02-07T17:35:32.392+0300][514.704s][info][gc] Trigger: Free (530K) is below minimum threshold (26214K)
[2021-02-07T17:35:32.392+0300][514.704s][info][gc] GC(889) Concurrent reset 0.377ms
[2021-02-07T17:35:32.393+0300][514.705s][info][gc] GC(889) Pause Init Mark (unload classes) 0.160ms
[2021-02-07T17:35:32.739+0300][515.051s][info][gc] GC(889) Concurrent marking (unload classes) 346.112ms
[2021-02-07T17:35:32.740+0300][515.052s][info][gc] GC(889) Pause Final Mark (unload classes) 0.417ms
[2021-02-07T17:35:32.755+0300][515.067s][info][gc] GC(889) Concurrent weak roots 14.656ms
[2021-02-07T17:35:32.755+0300][515.067s][info][gc] GC(889) Concurrent cleanup 243M->243M(256M) 0.017ms
[2021-02-07T17:35:32.757+0300][515.069s][info][gc] GC(889) Concurrent class unloading 2.436ms
[2021-02-07T17:35:32.757+0300][515.069s][info][gc] GC(889) Concurrent strong roots 0.108ms
[2021-02-07T17:35:32.766+0300][515.078s][info][gc] GC(889) Concurrent evacuation 8.429ms
[2021-02-07T17:35:32.767+0300][515.079s][info][gc] GC(889) Pause Init Update Refs 0.009ms
[2021-02-07T17:35:32.910+0300][515.222s][info][gc] GC(889) Concurrent update references 143.231ms
[2021-02-07T17:35:32.911+0300][515.223s][info][gc] GC(889) Pause Final Update Refs 0.146ms
[2021-02-07T17:35:32.911+0300][515.223s][info][gc] GC(889) Concurrent cleanup 253M->242M(256M) 0.017ms
[2021-02-07T17:35:32.913+0300][515.225s][info][gc] Trigger: Free (684K) is below minimum threshold (26214K)
[2021-02-07T17:35:32.913+0300][515.225s][info][gc] GC(890) Concurrent reset 0.414ms
[2021-02-07T17:35:32.914+0300][515.226s][info][gc] GC(890) Pause Init Mark (process weakrefs) (unload classes) 0.150ms
[2021-02-07T17:35:33.261+0300][515.573s][info][gc] GC(890) Concurrent marking (process weakrefs) (unload classes) 347.432ms
[2021-02-07T17:35:33.261+0300][515.573s][info][gc] GC(890) Concurrent precleaning 0.157ms
[2021-02-07T17:35:33.266+0300][515.578s][info][gc] GC(890) Pause Final Mark (process weakrefs) (unload classes) 0.439ms
[2021-02-07T17:35:33.270+0300][515.582s][info][gc] GC(890) Concurrent weak roots 3.234ms
[2021-02-07T17:35:33.270+0300][515.582s][info][gc] GC(890) Concurrent cleanup 243M->243M(256M) 0.010ms
[2021-02-07T17:35:33.275+0300][515.587s][info][gc] GC(890) Concurrent class unloading 5.052ms
[2021-02-07T17:35:33.275+0300][515.587s][info][gc] GC(890) Concurrent strong roots 0.083ms
[2021-02-07T17:35:33.286+0300][515.598s][info][gc] GC(890) Concurrent evacuation 11.411ms
[2021-02-07T17:35:33.287+0300][515.599s][info][gc] GC(890) Pause Init Update Refs 0.010ms
[2021-02-07T17:35:33.421+0300][515.733s][info][gc] GC(890) Concurrent update references 134.011ms
[2021-02-07T17:35:33.424+0300][515.736s][info][gc] GC(890) Pause Final Update Refs 0.148ms
[2021-02-07T17:35:33.424+0300][515.736s][info][gc] GC(890) Concurrent cleanup 252M->242M(256M) 0.015ms
[2021-02-07T17:35:33.426+0300][515.738s][info][gc] Trigger: Free (855K) is below minimum threshold (26214K)
[2021-02-07T17:35:33.426+0300][515.738s][info][gc] GC(891) Concurrent reset 0.344ms
[2021-02-07T17:35:33.426+0300][515.738s][info][gc] GC(891) Pause Init Mark (unload classes) 0.145ms
[2021-02-07T17:35:33.755+0300][516.067s][info][gc] GC(891) Concurrent marking (unload classes) 328.394ms
[2021-02-07T17:35:33.760+0300][516.072s][info][gc] GC(891) Pause Final Mark (unload classes) 0.423ms
[2021-02-07T17:35:33.764+0300][516.076s][info][gc] GC(891) Concurrent weak roots 3.311ms
[2021-02-07T17:35:33.764+0300][516.076s][info][gc] GC(891) Concurrent cleanup 243M->243M(256M) 0.010ms
[2021-02-07T17:35:33.769+0300][516.081s][info][gc] GC(891) Concurrent class unloading 5.066ms
[2021-02-07T17:35:33.769+0300][516.081s][info][gc] GC(891) Concurrent strong roots 0.086ms
[2021-02-07T17:35:33.777+0300][516.089s][info][gc] GC(891) Concurrent evacuation 8.475ms
[2021-02-07T17:35:33.778+0300][516.090s][info][gc] GC(891) Pause Init Update Refs 0.009ms
[2021-02-07T17:35:33.912+0300][516.224s][info][gc] GC(891) Concurrent update references 133.759ms
[2021-02-07T17:35:33.915+0300][516.227s][info][gc] GC(891) Pause Final Update Refs 0.123ms
[2021-02-07T17:35:33.915+0300][516.227s][info][gc] GC(891) Concurrent cleanup 252M->242M(256M) 0.017ms
[2021-02-07T17:35:33.917+0300][516.229s][info][gc] Trigger: Free (941K) is below minimum threshold (26214K)
[2021-02-07T17:35:33.917+0300][516.229s][info][gc] GC(892) Concurrent reset 0.374ms
[2021-02-07T17:35:33.918+0300][516.230s][info][gc] GC(892) Pause Init Mark (unload classes) 0.130ms
[2021-02-07T17:35:34.248+0300][516.560s][info][gc] GC(892) Concurrent marking (unload classes) 329.881ms
[2021-02-07T17:35:34.251+0300][516.563s][info][gc] GC(892) Pause Final Mark (unload classes) 0.466ms
[2021-02-07T17:35:34.255+0300][516.567s][info][gc] GC(892) Concurrent weak roots 3.228ms
[2021-02-07T17:35:34.255+0300][516.567s][info][gc] GC(892) Concurrent cleanup 243M->243M(256M) 0.011ms
[2021-02-07T17:35:34.257+0300][516.569s][info][gc] GC(892) Concurrent class unloading 2.315ms
[2021-02-07T17:35:34.257+0300][516.569s][info][gc] GC(892) Concurrent strong roots 0.113ms
[2021-02-07T17:35:34.270+0300][516.582s][info][gc] GC(892) Concurrent evacuation 12.934ms
[2021-02-07T17:35:34.271+0300][516.583s][info][gc] GC(892) Pause Init Update Refs 0.009ms
[2021-02-07T17:35:34.417+0300][516.728s][info][gc] GC(892) Concurrent update references 145.163ms
[2021-02-07T17:35:34.418+0300][516.729s][info][gc] GC(892) Pause Final Update Refs 0.147ms
[2021-02-07T17:35:34.418+0300][516.730s][info][gc] GC(892) Concurrent cleanup 253M->242M(256M) 0.017ms
[2021-02-07T17:35:34.420+0300][516.732s][info][gc] Trigger: Free (573K) is below minimum threshold (26214K)
[2021-02-07T17:35:34.420+0300][516.732s][info][gc] GC(893) Concurrent reset 0.385ms
[2021-02-07T17:35:34.420+0300][516.732s][info][gc] GC(893) Pause Init Mark (unload classes) 0.147ms
[2021-02-07T17:35:34.772+0300][517.084s][info][gc] GC(893) Concurrent marking (unload classes) 351.065ms
[2021-02-07T17:35:34.775+0300][517.087s][info][gc] GC(893) Pause Final Mark (unload classes) 0.430ms
[2021-02-07T17:35:34.790+0300][517.102s][info][gc] GC(893) Concurrent weak roots 14.414ms
[2021-02-07T17:35:34.790+0300][517.102s][info][gc] GC(893) Concurrent cleanup 243M->243M(256M) 0.014ms
[2021-02-07T17:35:34.792+0300][517.104s][info][gc] GC(893) Concurrent class unloading 2.645ms
[2021-02-07T17:35:34.793+0300][517.105s][info][gc] GC(893) Concurrent strong roots 0.120ms
[2021-02-07T17:35:34.801+0300][517.113s][info][gc] GC(893) Concurrent evacuation 8.549ms
[2021-02-07T17:35:34.802+0300][517.114s][info][gc] GC(893) Pause Init Update Refs 0.009ms
[2021-02-07T17:35:34.946+0300][517.258s][info][gc] GC(893) Concurrent update references 144.258ms
[2021-02-07T17:35:34.947+0300][517.259s][info][gc] GC(893) Pause Final Update Refs 0.145ms
[2021-02-07T17:35:34.947+0300][517.259s][info][gc] GC(893) Concurrent cleanup 253M->242M(256M) 0.016ms
[2021-02-07T17:35:34.950+0300][517.262s][info][gc] Trigger: Free (685K) is below minimum threshold (26214K)
[2021-02-07T17:35:34.950+0300][517.262s][info][gc] GC(894) Concurrent reset 0.419ms
[2021-02-07T17:35:34.951+0300][517.263s][info][gc] GC(894) Pause Init Mark (unload classes) 0.166ms
[2021-02-07T17:35:35.280+0300][517.592s][info][gc] GC(894) Concurrent marking (unload classes) 328.877ms
[2021-02-07T17:35:35.283+0300][517.595s][info][gc] GC(894) Pause Final Mark (unload classes) 0.428ms
[2021-02-07T17:35:35.287+0300][517.599s][info][gc] GC(894) Concurrent weak roots 3.309ms
[2021-02-07T17:35:35.287+0300][517.599s][info][gc] GC(894) Concurrent cleanup 243M->243M(256M) 0.011ms
[2021-02-07T17:35:35.292+0300][517.604s][info][gc] GC(894) Concurrent class unloading 5.077ms
[2021-02-07T17:35:35.292+0300][517.604s][info][gc] GC(894) Concurrent strong roots 0.121ms
[2021-02-07T17:35:35.304+0300][517.616s][info][gc] GC(894) Concurrent evacuation 11.595ms
[2021-02-07T17:35:35.304+0300][517.616s][info][gc] GC(894) Pause Init Update Refs 0.009ms
[2021-02-07T17:35:35.437+0300][517.749s][info][gc] GC(894) Concurrent update references 133.017ms
[2021-02-07T17:35:35.440+0300][517.752s][info][gc] GC(894) Pause Final Update Refs 0.150ms
[2021-02-07T17:35:35.440+0300][517.752s][info][gc] GC(894) Concurrent cleanup 253M->242M(256M) 0.017ms
[2021-02-07T17:35:35.442+0300][517.754s][info][gc] Trigger: Free (859K) is below minimum threshold (26214K)
[2021-02-07T17:35:35.442+0300][517.754s][info][gc] GC(895) Concurrent reset 0.369ms
[2021-02-07T17:35:35.442+0300][517.754s][info][gc] GC(895) Pause Init Mark (process weakrefs) (unload classes) 0.143ms
[2021-02-07T17:35:35.777+0300][518.089s][info][gc] GC(895) Concurrent marking (process weakrefs) (unload classes) 334.801ms
[2021-02-07T17:35:35.777+0300][518.089s][info][gc] GC(895) Concurrent precleaning 0.119ms
[2021-02-07T17:35:35.781+0300][518.093s][info][gc] GC(895) Pause Final Mark (process weakrefs) (unload classes) 0.430ms
[2021-02-07T17:35:35.785+0300][518.097s][info][gc] GC(895) Concurrent weak roots 3.313ms
[2021-02-07T17:35:35.785+0300][518.097s][info][gc] GC(895) Concurrent cleanup 243M->243M(256M) 0.009ms
[2021-02-07T17:35:35.790+0300][518.102s][info][gc] GC(895) Concurrent class unloading 5.122ms
[2021-02-07T17:35:35.790+0300][518.102s][info][gc] GC(895) Concurrent strong roots 0.087ms
[2021-02-07T17:35:35.798+0300][518.110s][info][gc] GC(895) Concurrent evacuation 8.448ms
[2021-02-07T17:35:35.803+0300][518.115s][info][gc] GC(895) Pause Init Update Refs 0.010ms
[2021-02-07T17:35:35.946+0300][518.258s][info][gc] GC(895) Concurrent update references 143.097ms
[2021-02-07T17:35:35.949+0300][518.261s][info][gc] GC(895) Pause Final Update Refs 0.149ms
[2021-02-07T17:35:35.949+0300][518.261s][info][gc] GC(895) Concurrent cleanup 252M->241M(256M) 0.016ms
[2021-02-07T17:35:35.951+0300][518.263s][info][gc] Trigger: Free (940K) is below minimum threshold (26214K)
[2021-02-07T17:35:35.951+0300][518.263s][info][gc] GC(896) Concurrent reset 0.340ms
[2021-02-07T17:35:35.951+0300][518.263s][info][gc] GC(896) Pause Init Mark (unload classes) 0.142ms
[2021-02-07T17:35:36.283+0300][518.595s][info][gc] GC(896) Concurrent marking (unload classes) 331.780ms
[2021-02-07T17:35:36.288+0300][518.600s][info][gc] GC(896) Pause Final Mark (unload classes) 0.393ms
[2021-02-07T17:35:36.300+0300][518.612s][info][gc] GC(896) Concurrent weak roots 11.445ms
[2021-02-07T17:35:36.300+0300][518.612s][info][gc] GC(896) Concurrent cleanup 243M->243M(256M) 0.014ms
[2021-02-07T17:35:36.316+0300][518.628s][info][gc] GC(896) Concurrent class unloading 16.038ms
[2021-02-07T17:35:36.316+0300][518.628s][info][gc] GC(896) Concurrent strong roots 0.096ms
[2021-02-07T17:35:36.325+0300][518.637s][info][gc] GC(896) Concurrent evacuation 8.652ms
[2021-02-07T17:35:36.331+0300][518.643s][info][gc] GC(896) Pause Init Update Refs 0.010ms
[2021-02-07T17:35:36.474+0300][518.786s][info][gc] GC(896) Concurrent update references 142.876ms
[2021-02-07T17:35:36.475+0300][518.787s][info][gc] GC(896) Pause Final Update Refs 0.157ms
[2021-02-07T17:35:36.475+0300][518.787s][info][gc] GC(896) Concurrent cleanup 253M->242M(256M) 0.016ms
[2021-02-07T17:35:36.477+0300][518.789s][info][gc] Trigger: Free (624K) is below minimum threshold (26214K)
[2021-02-07T17:35:36.477+0300][518.789s][info][gc] GC(897) Concurrent reset 0.366ms
[2021-02-07T17:35:36.478+0300][518.790s][info][gc] GC(897) Pause Init Mark (unload classes) 0.150ms
[2021-02-07T17:35:36.828+0300][519.140s][info][gc] GC(897) Concurrent marking (unload classes) 350.162ms
[2021-02-07T17:35:36.831+0300][519.143s][info][gc] GC(897) Pause Final Mark (unload classes) 0.434ms
[2021-02-07T17:35:36.835+0300][519.147s][info][gc] GC(897) Concurrent weak roots 3.311ms
[2021-02-07T17:35:36.835+0300][519.147s][info][gc] GC(897) Concurrent cleanup 243M->243M(256M) 0.015ms
[2021-02-07T17:35:36.850+0300][519.162s][info][gc] GC(897) Concurrent class unloading 15.071ms
[2021-02-07T17:35:36.850+0300][519.162s][info][gc] GC(897) Concurrent strong roots 0.134ms
[2021-02-07T17:35:36.859+0300][519.171s][info][gc] GC(897) Concurrent evacuation 9.004ms
[2021-02-07T17:35:36.866+0300][519.178s][info][gc] GC(897) Pause Init Update Refs 0.010ms
[2021-02-07T17:35:37.001+0300][519.313s][info][gc] GC(897) Concurrent update references 135.019ms
[2021-02-07T17:35:37.004+0300][519.316s][info][gc] GC(897) Pause Final Update Refs 0.146ms
[2021-02-07T17:35:37.004+0300][519.316s][info][gc] GC(897) Concurrent cleanup 253M->242M(256M) 0.016ms
[2021-02-07T17:35:37.006+0300][519.318s][info][gc] Trigger: Free (940K) is below minimum threshold (26214K)
[2021-02-07T17:35:37.006+0300][519.318s][info][gc] GC(898) Concurrent reset 0.370ms
[2021-02-07T17:35:37.006+0300][519.318s][info][gc] GC(898) Pause Init Mark (unload classes) 0.145ms
[2021-02-07T17:35:37.342+0300][519.654s][info][gc] GC(898) Concurrent marking (unload classes) 335.097ms
[2021-02-07T17:35:37.347+0300][519.659s][info][gc] GC(898) Pause Final Mark (unload classes) 0.448ms
[2021-02-07T17:35:37.351+0300][519.663s][info][gc] GC(898) Concurrent weak roots 3.303ms
[2021-02-07T17:35:37.351+0300][519.663s][info][gc] GC(898) Concurrent cleanup 243M->243M(256M) 0.010ms
[2021-02-07T17:35:37.356+0300][519.668s][info][gc] GC(898) Concurrent class unloading 5.126ms
[2021-02-07T17:35:37.356+0300][519.668s][info][gc] GC(898) Concurrent strong roots 0.086ms
[2021-02-07T17:35:37.364+0300][519.676s][info][gc] GC(898) Concurrent evacuation 8.311ms
[2021-02-07T17:35:37.365+0300][519.677s][info][gc] GC(898) Pause Init Update Refs 0.009ms
[2021-02-07T17:35:37.503+0300][519.815s][info][gc] GC(898) Concurrent update references 138.491ms
[2021-02-07T17:35:37.504+0300][519.816s][info][gc] GC(898) Pause Final Update Refs 0.146ms
[2021-02-07T17:35:37.505+0300][519.817s][info][gc] GC(898) Concurrent cleanup 253M->242M(256M) 0.016ms
[2021-02-07T17:35:37.507+0300][519.819s][info][gc] Trigger: Free (648K) is below minimum threshold (26214K)
[2021-02-07T17:35:37.507+0300][519.819s][info][gc] GC(899) Concurrent reset 0.338ms
[2021-02-07T17:35:37.507+0300][519.819s][info][gc] GC(899) Pause Init Mark (unload classes) 0.152ms
[2021-02-07T17:35:37.856+0300][520.168s][info][gc] GC(899) Concurrent marking (unload classes) 348.123ms
[2021-02-07T17:35:37.856+0300][520.168s][info][gc] GC(899) Pause Final Mark (unload classes) 0.422ms
[2021-02-07T17:35:37.860+0300][520.172s][info][gc] GC(899) Concurrent weak roots 3.002ms
[2021-02-07T17:35:37.860+0300][520.172s][info][gc] GC(899) Concurrent cleanup 243M->243M(256M) 0.015ms
[2021-02-07T17:35:37.862+0300][520.174s][info][gc] GC(899) Concurrent class unloading 2.528ms
[2021-02-07T17:35:37.862+0300][520.174s][info][gc] GC(899) Concurrent strong roots 0.117ms
[2021-02-07T17:35:37.871+0300][520.183s][info][gc] GC(899) Concurrent evacuation 8.350ms
[2021-02-07T17:35:37.872+0300][520.184s][info][gc] GC(899) Pause Init Update Refs 0.009ms
[2021-02-07T17:35:38.006+0300][520.318s][info][gc] GC(899) Concurrent update references 133.671ms
[2021-02-07T17:35:38.006+0300][520.318s][info][gc] GC(899) Pause Final Update Refs 0.144ms
[2021-02-07T17:35:38.007+0300][520.318s][info][gc] GC(899) Concurrent cleanup 253M->242M(256M) 0.020ms
[2021-02-07T17:35:38.009+0300][520.321s][info][gc] Trigger: Free (940K) is below minimum threshold (26214K)
[2021-02-07T17:35:38.009+0300][520.321s][info][gc] GC(900) Concurrent reset 0.370ms
[2021-02-07T17:35:38.009+0300][520.321s][info][gc] GC(900) Pause Init Mark (process weakrefs) (unload classes) 0.143ms
[2021-02-07T17:35:38.349+0300][520.661s][info][gc] GC(900) Concurrent marking (process weakrefs) (unload classes) 339.760ms
[2021-02-07T17:35:38.349+0300][520.661s][info][gc] GC(900) Concurrent precleaning 0.121ms
[2021-02-07T17:35:38.368+0300][520.680s][info][gc] GC(900) Pause Final Mark (process weakrefs) (unload classes) 0.483ms
[2021-02-07T17:35:38.373+0300][520.685s][info][gc] GC(900) Concurrent weak roots 4.266ms
[2021-02-07T17:35:38.373+0300][520.685s][info][gc] GC(900) Concurrent cleanup 243M->243M(256M) 0.011ms
[2021-02-07T17:35:38.378+0300][520.690s][info][gc] GC(900) Concurrent class unloading 5.072ms
[2021-02-07T17:35:38.378+0300][520.690s][info][gc] GC(900) Concurrent strong roots 0.125ms
[2021-02-07T17:35:38.386+0300][520.698s][info][gc] GC(900) Concurrent evacuation 8.476ms
[2021-02-07T17:35:38.391+0300][520.703s][info][gc] GC(900) Pause Init Update Refs 0.012ms
[2021-02-07T17:35:38.523+0300][520.835s][info][gc] GC(900) Concurrent update references 132.246ms
[2021-02-07T17:35:38.527+0300][520.839s][info][gc] GC(900) Pause Final Update Refs 0.144ms
[2021-02-07T17:35:38.527+0300][520.839s][info][gc] GC(900) Concurrent cleanup 252M->242M(256M) 0.017ms
[2021-02-07T17:35:38.529+0300][520.841s][info][gc] Trigger: Free (898K) is below minimum threshold (26214K)
[2021-02-07T17:35:38.529+0300][520.841s][info][gc] GC(901) Concurrent reset 0.366ms
[2021-02-07T17:35:38.530+0300][520.842s][info][gc] GC(901) Pause Init Mark (unload classes) 0.146ms
[2021-02-07T17:35:38.860+0300][521.172s][info][gc] GC(901) Concurrent marking (unload classes) 330.790ms
[2021-02-07T17:35:38.861+0300][521.173s][info][gc] GC(901) Pause Final Mark (unload classes) 0.430ms
[2021-02-07T17:35:38.865+0300][521.177s][info][gc] GC(901) Concurrent weak roots 3.079ms
[2021-02-07T17:35:38.865+0300][521.177s][info][gc] GC(901) Concurrent cleanup 243M->243M(256M) 0.012ms
[2021-02-07T17:35:38.867+0300][521.179s][info][gc] GC(901) Concurrent class unloading 2.522ms
[2021-02-07T17:35:38.867+0300][521.179s][info][gc] GC(901) Concurrent strong roots 0.136ms
[2021-02-07T17:35:38.876+0300][521.188s][info][gc] GC(901) Concurrent evacuation 8.400ms
[2021-02-07T17:35:38.879+0300][521.191s][info][gc] GC(901) Pause Init Update Refs 0.010ms
[2021-02-07T17:35:39.013+0300][521.325s][info][gc] GC(901) Concurrent update references 134.364ms
[2021-02-07T17:35:39.016+0300][521.328s][info][gc] GC(901) Pause Final Update Refs 0.145ms
[2021-02-07T17:35:39.016+0300][521.328s][info][gc] GC(901) Concurrent cleanup 253M->242M(256M) 0.017ms
[2021-02-07T17:35:39.022+0300][521.334s][info][gc] Trigger: Free (940K) is below minimum threshold (26214K)
[2021-02-07T17:35:39.022+0300][521.334s][info][gc] GC(902) Concurrent reset 0.465ms
[2021-02-07T17:35:39.022+0300][521.334s][info][gc] GC(902) Pause Init Mark (unload classes) 0.083ms
[2021-02-07T17:35:39.354+0300][521.666s][info][gc] GC(902) Concurrent marking (unload classes) 331.047ms
[2021-02-07T17:35:39.357+0300][521.669s][info][gc] GC(902) Pause Final Mark (unload classes) 0.438ms
[2021-02-07T17:35:39.367+0300][521.679s][info][gc] GC(902) Concurrent weak roots 9.283ms
[2021-02-07T17:35:39.367+0300][521.679s][info][gc] GC(902) Concurrent cleanup 243M->243M(256M) 0.014ms
[2021-02-07T17:35:39.382+0300][521.694s][info][gc] GC(902) Concurrent class unloading 15.123ms
[2021-02-07T17:35:39.382+0300][521.694s][info][gc] GC(902) Concurrent strong roots 0.108ms
[2021-02-07T17:35:39.391+0300][521.703s][info][gc] GC(902) Concurrent evacuation 8.849ms
[2021-02-07T17:35:39.391+0300][521.703s][info][gc] GC(902) Pause Init Update Refs 0.009ms
[2021-02-07T17:35:39.525+0300][521.837s][info][gc] GC(902) Concurrent update references 133.788ms
[2021-02-07T17:35:39.526+0300][521.838s][info][gc] GC(902) Pause Final Update Refs 0.101ms
[2021-02-07T17:35:39.526+0300][521.838s][info][gc] GC(902) Concurrent cleanup 252M->242M(256M) 0.017ms
[2021-02-07T17:35:39.528+0300][521.840s][info][gc] Trigger: Free (903K) is below minimum threshold (26214K)
[2021-02-07T17:35:39.528+0300][521.840s][info][gc] GC(903) Concurrent reset 0.336ms
[2021-02-07T17:35:39.528+0300][521.840s][info][gc] GC(903) Pause Init Mark (unload classes) 0.146ms
[2021-02-07T17:35:39.858+0300][522.170s][info][gc] GC(903) Concurrent marking (unload classes) 329.599ms
[2021-02-07T17:35:39.861+0300][522.173s][info][gc] GC(903) Pause Final Mark (unload classes) 0.436ms
[2021-02-07T17:35:39.865+0300][522.177s][info][gc] GC(903) Concurrent weak roots 3.273ms
[2021-02-07T17:35:39.865+0300][522.177s][info][gc] GC(903) Concurrent cleanup 243M->243M(256M) 0.011ms
[2021-02-07T17:35:39.867+0300][522.179s][info][gc] GC(903) Concurrent class unloading 2.258ms
[2021-02-07T17:35:39.867+0300][522.179s][info][gc] GC(903) Concurrent strong roots 0.129ms
[2021-02-07T17:35:39.876+0300][522.188s][info][gc] GC(903) Concurrent evacuation 8.586ms
[2021-02-07T17:35:39.877+0300][522.189s][info][gc] GC(903) Pause Init Update Refs 0.009ms
[2021-02-07T17:35:40.011+0300][522.323s][info][gc] GC(903) Concurrent update references 134.695ms
[2021-02-07T17:35:40.014+0300][522.326s][info][gc] GC(903) Pause Final Update Refs 0.124ms
[2021-02-07T17:35:40.014+0300][522.326s][info][gc] GC(903) Concurrent cleanup 252M->241M(256M) 0.015ms
[2021-02-07T17:35:40.016+0300][522.328s][info][gc] Trigger: Free (1196K) is below minimum threshold (26214K)
[2021-02-07T17:35:40.016+0300][522.328s][info][gc] GC(904) Concurrent reset 0.341ms
[2021-02-07T17:35:40.016+0300][522.328s][info][gc] GC(904) Pause Init Mark (unload classes) 0.128ms
[2021-02-07T17:35:40.348+0300][522.660s][info][gc] GC(904) Concurrent marking (unload classes) 331.599ms
[2021-02-07T17:35:40.367+0300][522.679s][info][gc] GC(904) Pause Final Mark (unload classes) 0.492ms
[2021-02-07T17:35:40.371+0300][522.683s][info][gc] GC(904) Concurrent weak roots 3.248ms
[2021-02-07T17:35:40.371+0300][522.683s][info][gc] GC(904) Concurrent cleanup 243M->243M(256M) 0.013ms
[2021-02-07T17:35:40.373+0300][522.685s][info][gc] GC(904) Concurrent class unloading 2.557ms
[2021-02-07T17:35:40.373+0300][522.685s][info][gc] GC(904) Concurrent strong roots 0.159ms
[2021-02-07T17:35:40.382+0300][522.694s][info][gc] GC(904) Concurrent evacuation 8.487ms
[2021-02-07T17:35:40.383+0300][522.695s][info][gc] GC(904) Pause Init Update Refs 0.009ms
[2021-02-07T17:35:40.517+0300][522.829s][info][gc] GC(904) Concurrent update references 133.680ms
[2021-02-07T17:35:40.520+0300][522.832s][info][gc] GC(904) Pause Final Update Refs 0.100ms
[2021-02-07T17:35:40.520+0300][522.832s][info][gc] GC(904) Concurrent cleanup 253M->242M(256M) 0.024ms
[2021-02-07T17:35:40.522+0300][522.834s][info][gc] Trigger: Free (617K) is below minimum threshold (26214K)
[2021-02-07T17:35:40.522+0300][522.834s][info][gc] GC(905) Concurrent reset 0.421ms
[2021-02-07T17:35:40.522+0300][522.834s][info][gc] GC(905) Pause Init Mark (process weakrefs) (unload classes) 0.147ms
[2021-02-07T17:35:40.870+0300][523.182s][info][gc] GC(905) Concurrent marking (process weakrefs) (unload classes) 347.395ms
[2021-02-07T17:35:40.870+0300][523.182s][info][gc] GC(905) Concurrent precleaning 0.146ms
[2021-02-07T17:35:40.875+0300][523.187s][info][gc] GC(905) Pause Final Mark (process weakrefs) (unload classes) 0.409ms
[2021-02-07T17:35:40.890+0300][523.202s][info][gc] GC(905) Concurrent weak roots 14.455ms
[2021-02-07T17:35:40.890+0300][523.202s][info][gc] GC(905) Concurrent cleanup 244M->244M(256M) 0.014ms
[2021-02-07T17:35:40.893+0300][523.205s][info][gc] GC(905) Concurrent class unloading 3.194ms
[2021-02-07T17:35:40.893+0300][523.205s][info][gc] GC(905) Concurrent strong roots 0.134ms
[2021-02-07T17:35:40.901+0300][523.213s][info][gc] GC(905) Concurrent evacuation 7.788ms
[2021-02-07T17:35:40.906+0300][523.218s][info][gc] GC(905) Pause Init Update Refs 0.013ms
[2021-02-07T17:35:41.039+0300][523.351s][info][gc] GC(905) Concurrent update references 133.701ms
[2021-02-07T17:35:41.043+0300][523.355s][info][gc] GC(905) Pause Final Update Refs 0.145ms
[2021-02-07T17:35:41.043+0300][523.355s][info][gc] GC(905) Concurrent cleanup 253M->242M(256M) 0.016ms
[2021-02-07T17:35:41.045+0300][523.357s][info][gc] Trigger: Free (940K) is below minimum threshold (26214K)
[2021-02-07T17:35:41.045+0300][523.357s][info][gc] GC(906) Concurrent reset 0.362ms
[2021-02-07T17:35:41.045+0300][523.357s][info][gc] GC(906) Pause Init Mark (unload classes) 0.141ms
[2021-02-07T17:35:41.399+0300][523.711s][info][gc] GC(906) Concurrent marking (unload classes) 353.640ms
[2021-02-07T17:35:41.402+0300][523.714s][info][gc] GC(906) Pause Final Mark (unload classes) 0.488ms
[2021-02-07T17:35:41.406+0300][523.718s][info][gc] GC(906) Concurrent weak roots 3.295ms
[2021-02-07T17:35:41.406+0300][523.718s][info][gc] GC(906) Concurrent cleanup 243M->243M(256M) 0.012ms
[2021-02-07T17:35:41.411+0300][523.723s][info][gc] GC(906) Concurrent class unloading 5.076ms
[2021-02-07T17:35:41.411+0300][523.723s][info][gc] GC(906) Concurrent strong roots 0.133ms
[2021-02-07T17:35:41.420+0300][523.732s][info][gc] GC(906) Concurrent evacuation 8.579ms
[2021-02-07T17:35:41.420+0300][523.732s][info][gc] GC(906) Pause Init Update Refs 0.012ms
[2021-02-07T17:35:41.555+0300][523.866s][info][gc] GC(906) Concurrent update references 134.001ms
[2021-02-07T17:35:41.557+0300][523.869s][info][gc] GC(906) Pause Final Update Refs 0.139ms
[2021-02-07T17:35:41.557+0300][523.869s][info][gc] GC(906) Concurrent cleanup 253M->242M(256M) 0.017ms
[2021-02-07T17:35:41.559+0300][523.871s][info][gc] Trigger: Free (911K) is below minimum threshold (26214K)
[2021-02-07T17:35:41.559+0300][523.871s][info][gc] GC(907) Concurrent reset 0.337ms
[2021-02-07T17:35:41.559+0300][523.871s][info][gc] GC(907) Pause Init Mark (unload classes) 0.145ms
[2021-02-07T17:35:41.890+0300][524.202s][info][gc] GC(907) Concurrent marking (unload classes) 330.405ms
[2021-02-07T17:35:41.896+0300][524.208s][info][gc] GC(907) Pause Final Mark (unload classes) 0.236ms
[2021-02-07T17:35:41.900+0300][524.212s][info][gc] GC(907) Concurrent weak roots 3.573ms
[2021-02-07T17:35:41.900+0300][524.212s][info][gc] GC(907) Concurrent cleanup 243M->243M(256M) 0.010ms
[2021-02-07T17:35:41.905+0300][524.216s][info][gc] GC(907) Concurrent class unloading 4.844ms
[2021-02-07T17:35:41.905+0300][524.217s][info][gc] GC(907) Concurrent strong roots 0.111ms
[2021-02-07T17:35:41.913+0300][524.225s][info][gc] GC(907) Concurrent evacuation 7.927ms
[2021-02-07T17:35:41.916+0300][524.228s][info][gc] GC(907) Pause Init Update Refs 0.009ms
[2021-02-07T17:35:42.050+0300][524.362s][info][gc] GC(907) Concurrent update references 134.245ms
[2021-02-07T17:35:42.053+0300][524.365s][info][gc] GC(907) Pause Final Update Refs 0.131ms
[2021-02-07T17:35:42.053+0300][524.365s][info][gc] GC(907) Concurrent cleanup 253M->241M(256M) 0.019ms
[2021-02-07T17:35:42.055+0300][524.367s][info][gc] Trigger: Free (939K) is below minimum threshold (26214K)
[2021-02-07T17:35:42.055+0300][524.367s][info][gc] GC(908) Concurrent reset 0.371ms
[2021-02-07T17:35:42.055+0300][524.367s][info][gc] GC(908) Pause Init Mark (unload classes) 0.146ms
[2021-02-07T17:35:42.390+0300][524.702s][info][gc] GC(908) Concurrent marking (unload classes) 334.527ms
[2021-02-07T17:35:42.395+0300][524.707s][info][gc] GC(908) Pause Final Mark (unload classes) 0.451ms
[2021-02-07T17:35:42.399+0300][524.711s][info][gc] GC(908) Concurrent weak roots 3.319ms
[2021-02-07T17:35:42.399+0300][524.711s][info][gc] GC(908) Concurrent cleanup 243M->243M(256M) 0.011ms
[2021-02-07T17:35:42.401+0300][524.713s][info][gc] GC(908) Concurrent class unloading 2.259ms
[2021-02-07T17:35:42.401+0300][524.713s][info][gc] GC(908) Concurrent strong roots 0.128ms
[2021-02-07T17:35:42.409+0300][524.721s][info][gc] GC(908) Concurrent evacuation 8.032ms
[2021-02-07T17:35:42.412+0300][524.724s][info][gc] GC(908) Pause Init Update Refs 0.009ms
[2021-02-07T17:35:42.548+0300][524.860s][info][gc] GC(908) Concurrent update references 136.436ms
[2021-02-07T17:35:42.549+0300][524.861s][info][gc] GC(908) Pause Final Update Refs 0.141ms
[2021-02-07T17:35:42.549+0300][524.861s][info][gc] GC(908) Concurrent cleanup 253M->242M(256M) 0.015ms
[2021-02-07T17:35:42.551+0300][524.863s][info][gc] Trigger: Free (911K) is below minimum threshold (26214K)
[2021-02-07T17:35:42.551+0300][524.863s][info][gc] GC(909) Concurrent reset 0.364ms
[2021-02-07T17:35:42.552+0300][524.864s][info][gc] GC(909) Pause Init Mark (unload classes) 0.159ms
[2021-02-07T17:35:42.881+0300][525.193s][info][gc] GC(909) Concurrent marking (unload classes) 329.101ms
[2021-02-07T17:35:42.886+0300][525.198s][info][gc] GC(909) Pause Final Mark (unload classes) 0.320ms
[2021-02-07T17:35:42.890+0300][525.202s][info][gc] GC(909) Concurrent weak roots 3.444ms
[2021-02-07T17:35:42.890+0300][525.202s][info][gc] GC(909) Concurrent cleanup 242M->242M(256M) 0.011ms
[2021-02-07T17:35:42.895+0300][525.207s][info][gc] GC(909) Concurrent class unloading 5.064ms
[2021-02-07T17:35:42.895+0300][525.207s][info][gc] GC(909) Concurrent strong roots 0.101ms
[2021-02-07T17:35:42.903+0300][525.215s][info][gc] GC(909) Concurrent evacuation 8.516ms
[2021-02-07T17:35:42.908+0300][525.220s][info][gc] GC(909) Pause Init Update Refs 0.009ms
[2021-02-07T17:35:43.045+0300][525.357s][info][gc] GC(909) Concurrent update references 137.092ms
[2021-02-07T17:35:43.046+0300][525.358s][info][gc] GC(909) Pause Final Update Refs 0.140ms
[2021-02-07T17:35:43.046+0300][525.358s][info][gc] GC(909) Concurrent cleanup 252M->241M(256M) 0.020ms
[2021-02-07T17:35:43.048+0300][525.360s][info][gc] Trigger: Free (1451K) is below minimum threshold (26214K)
[2021-02-07T17:35:43.048+0300][525.360s][info][gc] GC(910) Concurrent reset 0.369ms
[2021-02-07T17:35:43.048+0300][525.360s][info][gc] GC(910) Pause Init Mark (process weakrefs) (unload classes) 0.143ms
[2021-02-07T17:35:43.383+0300][525.695s][info][gc] GC(910) Concurrent marking (process weakrefs) (unload classes) 334.989ms
[2021-02-07T17:35:43.384+0300][525.696s][info][gc] GC(910) Concurrent precleaning 0.145ms
[2021-02-07T17:35:43.385+0300][525.697s][info][gc] GC(910) Pause Final Mark (process weakrefs) (unload classes) 0.443ms
[2021-02-07T17:35:43.389+0300][525.701s][info][gc] GC(910) Concurrent weak roots 3.603ms
[2021-02-07T17:35:43.389+0300][525.701s][info][gc] GC(910) Concurrent cleanup 243M->243M(256M) 0.011ms
[2021-02-07T17:35:43.394+0300][525.706s][info][gc] GC(910) Concurrent class unloading 5.082ms
[2021-02-07T17:35:43.394+0300][525.706s][info][gc] GC(910) Concurrent strong roots 0.131ms
[2021-02-07T17:35:43.402+0300][525.714s][info][gc] GC(910) Concurrent evacuation 7.779ms
[2021-02-07T17:35:43.403+0300][525.715s][info][gc] GC(910) Pause Init Update Refs 0.009ms
[2021-02-07T17:35:43.537+0300][525.849s][info][gc] GC(910) Concurrent update references 134.415ms
[2021-02-07T17:35:43.540+0300][525.852s][info][gc] GC(910) Pause Final Update Refs 0.144ms
[2021-02-07T17:35:43.540+0300][525.852s][info][gc] GC(910) Concurrent cleanup 252M->242M(256M) 0.016ms
[2021-02-07T17:35:43.542+0300][525.854s][info][gc] Trigger: Free (939K) is below minimum threshold (26214K)
[2021-02-07T17:35:43.542+0300][525.854s][info][gc] GC(911) Concurrent reset 0.375ms
[2021-02-07T17:35:43.543+0300][525.855s][info][gc] GC(911) Pause Init Mark (unload classes) 0.150ms
[2021-02-07T17:35:43.871+0300][526.183s][info][gc] GC(911) Concurrent marking (unload classes) 328.128ms
[2021-02-07T17:35:43.876+0300][526.188s][info][gc] GC(911) Pause Final Mark (unload classes) 0.434ms
[2021-02-07T17:35:43.880+0300][526.192s][info][gc] GC(911) Concurrent weak roots 3.309ms
[2021-02-07T17:35:43.880+0300][526.192s][info][gc] GC(911) Concurrent cleanup 243M->243M(256M) 0.011ms
[2021-02-07T17:35:43.885+0300][526.197s][info][gc] GC(911) Concurrent class unloading 5.093ms
[2021-02-07T17:35:43.885+0300][526.197s][info][gc] GC(911) Concurrent strong roots 0.101ms
[2021-02-07T17:35:43.893+0300][526.205s][info][gc] GC(911) Concurrent evacuation 8.206ms
[2021-02-07T17:35:43.894+0300][526.206s][info][gc] GC(911) Pause Init Update Refs 0.009ms
[2021-02-07T17:35:44.027+0300][526.339s][info][gc] GC(911) Concurrent update references 133.410ms
[2021-02-07T17:35:44.028+0300][526.340s][info][gc] GC(911) Pause Final Update Refs 0.143ms
[2021-02-07T17:35:44.028+0300][526.340s][info][gc] GC(911) Concurrent cleanup 252M->241M(256M) 0.015ms
[2021-02-07T17:35:44.030+0300][526.342s][info][gc] Trigger: Free (1195K) is below minimum threshold (26214K)
[2021-02-07T17:35:44.030+0300][526.342s][info][gc] GC(912) Concurrent reset 0.367ms
[2021-02-07T17:35:44.030+0300][526.342s][info][gc] GC(912) Pause Init Mark (unload classes) 0.148ms
[2021-02-07T17:35:44.366+0300][526.678s][info][gc] GC(912) Concurrent marking (unload classes) 335.535ms
[2021-02-07T17:35:44.369+0300][526.681s][info][gc] GC(912) Pause Final Mark (unload classes) 0.442ms
[2021-02-07T17:35:44.373+0300][526.685s][info][gc] GC(912) Concurrent weak roots 3.393ms
[2021-02-07T17:35:44.373+0300][526.685s][info][gc] GC(912) Concurrent cleanup 243M->243M(256M) 0.012ms
[2021-02-07T17:35:44.378+0300][526.690s][info][gc] GC(912) Concurrent class unloading 5.098ms
[2021-02-07T17:35:44.378+0300][526.690s][info][gc] GC(912) Concurrent strong roots 0.135ms
[2021-02-07T17:35:44.386+0300][526.698s][info][gc] GC(912) Concurrent evacuation 8.149ms
[2021-02-07T17:35:44.387+0300][526.699s][info][gc] GC(912) Pause Init Update Refs 0.010ms
[2021-02-07T17:35:44.521+0300][526.833s][info][gc] GC(912) Concurrent update references 133.673ms
[2021-02-07T17:35:44.524+0300][526.836s][info][gc] GC(912) Pause Final Update Refs 0.120ms
[2021-02-07T17:35:44.524+0300][526.836s][info][gc] GC(912) Concurrent cleanup 252M->241M(256M) 0.018ms
[2021-02-07T17:35:44.526+0300][526.838s][info][gc] Trigger: Free (1188K) is below minimum threshold (26214K)
[2021-02-07T17:35:44.526+0300][526.838s][info][gc] GC(913) Concurrent reset 0.336ms
[2021-02-07T17:35:44.526+0300][526.838s][info][gc] GC(913) Pause Init Mark (unload classes) 0.146ms
[2021-02-07T17:35:44.858+0300][527.170s][info][gc] GC(913) Concurrent marking (unload classes) 331.525ms
[2021-02-07T17:35:44.863+0300][527.175s][info][gc] GC(913) Pause Final Mark (unload classes) 0.439ms
[2021-02-07T17:35:44.869+0300][527.181s][info][gc] GC(913) Concurrent weak roots 5.297ms
[2021-02-07T17:35:44.869+0300][527.181s][info][gc] GC(913) Concurrent cleanup 244M->244M(256M) 0.010ms
[2021-02-07T17:35:44.872+0300][527.184s][info][gc] GC(913) Concurrent class unloading 3.057ms
[2021-02-07T17:35:44.872+0300][527.184s][info][gc] GC(913) Concurrent strong roots 0.103ms
[2021-02-07T17:35:44.879+0300][527.191s][info][gc] GC(913) Concurrent evacuation 7.633ms
[2021-02-07T17:35:44.883+0300][527.195s][info][gc] GC(913) Pause Init Update Refs 0.009ms
[2021-02-07T17:35:45.014+0300][527.326s][info][gc] GC(913) Concurrent update references 131.217ms
[2021-02-07T17:35:45.017+0300][527.329s][info][gc] GC(913) Pause Final Update Refs 0.144ms
[2021-02-07T17:35:45.017+0300][527.329s][info][gc] GC(913) Concurrent cleanup 252M->241M(256M) 0.016ms
[2021-02-07T17:35:45.019+0300][527.331s][info][gc] Trigger: Free (1451K) is below minimum threshold (26214K)
[2021-02-07T17:35:45.019+0300][527.331s][info][gc] GC(914) Concurrent reset 0.523ms
[2021-02-07T17:35:45.020+0300][527.332s][info][gc] GC(914) Pause Init Mark (unload classes) 0.139ms
[2021-02-07T17:35:45.366+0300][527.678s][info][gc] GC(914) Concurrent marking (unload classes) 346.150ms
[2021-02-07T17:35:45.378+0300][527.690s][info][gc] GC(914) Pause Final Mark (unload classes) 0.371ms
[2021-02-07T17:35:45.382+0300][527.694s][info][gc] GC(914) Concurrent weak roots 3.465ms
[2021-02-07T17:35:45.382+0300][527.694s][info][gc] GC(914) Concurrent cleanup 244M->244M(256M) 0.011ms
[2021-02-07T17:35:45.384+0300][527.696s][info][gc] GC(914) Concurrent class unloading 2.446ms
[2021-02-07T17:35:45.384+0300][527.696s][info][gc] GC(914) Concurrent strong roots 0.068ms
[2021-02-07T17:35:45.392+0300][527.704s][info][gc] GC(914) Concurrent evacuation 7.761ms
[2021-02-07T17:35:45.395+0300][527.707s][info][gc] GC(914) Pause Init Update Refs 0.010ms
[2021-02-07T17:35:45.527+0300][527.839s][info][gc] GC(914) Concurrent update references 131.827ms
[2021-02-07T17:35:45.527+0300][527.839s][info][gc] GC(914) Pause Final Update Refs 0.143ms
[2021-02-07T17:35:45.528+0300][527.840s][info][gc] GC(914) Concurrent cleanup 252M->241M(256M) 0.015ms
[2021-02-07T17:35:45.530+0300][527.842s][info][gc] Trigger: Free (1195K) is below minimum threshold (26214K)
[2021-02-07T17:35:45.530+0300][527.842s][info][gc] GC(915) Concurrent reset 0.334ms
[2021-02-07T17:35:45.530+0300][527.842s][info][gc] GC(915) Pause Init Mark (process weakrefs) (unload classes) 0.144ms
[2021-02-07T17:35:45.880+0300][528.192s][info][gc] GC(915) Concurrent marking (process weakrefs) (unload classes) 349.135ms
[2021-02-07T17:35:45.880+0300][528.192s][info][gc] GC(915) Concurrent precleaning 0.119ms
[2021-02-07T17:35:45.883+0300][528.195s][info][gc] GC(915) Pause Final Mark (process weakrefs) (unload classes) 0.401ms
[2021-02-07T17:35:45.887+0300][528.199s][info][gc] GC(915) Concurrent weak roots 3.354ms
[2021-02-07T17:35:45.887+0300][528.199s][info][gc] GC(915) Concurrent cleanup 242M->242M(256M) 0.011ms
[2021-02-07T17:35:45.892+0300][528.204s][info][gc] GC(915) Concurrent class unloading 5.032ms
[2021-02-07T17:35:45.892+0300][528.204s][info][gc] GC(915) Concurrent strong roots 0.104ms
[2021-02-07T17:35:45.900+0300][528.212s][info][gc] GC(915) Concurrent evacuation 8.592ms
[2021-02-07T17:35:45.905+0300][528.217s][info][gc] GC(915) Pause Init Update Refs 0.011ms
[2021-02-07T17:35:46.038+0300][528.350s][info][gc] GC(915) Concurrent update references 133.250ms
[2021-02-07T17:35:46.039+0300][528.351s][info][gc] GC(915) Pause Final Update Refs 0.122ms
[2021-02-07T17:35:46.039+0300][528.351s][info][gc] GC(915) Concurrent cleanup 252M->241M(256M) 0.017ms
[2021-02-07T17:35:46.041+0300][528.353s][info][gc] Trigger: Free (1195K) is below minimum threshold (26214K)
[2021-02-07T17:35:46.041+0300][528.353s][info][gc] GC(916) Concurrent reset 0.333ms
[2021-02-07T17:35:46.041+0300][528.353s][info][gc] GC(916) Pause Init Mark (unload classes) 0.122ms
[2021-02-07T17:35:46.375+0300][528.686s][info][gc] GC(916) Concurrent marking (unload classes) 332.882ms
[2021-02-07T17:35:46.379+0300][528.691s][info][gc] GC(916) Pause Final Mark (unload classes) 0.439ms
[2021-02-07T17:35:46.384+0300][528.695s][info][gc] GC(916) Concurrent weak roots 4.292ms
[2021-02-07T17:35:46.384+0300][528.695s][info][gc] GC(916) Concurrent cleanup 243M->243M(256M) 0.016ms
[2021-02-07T17:35:46.400+0300][528.711s][info][gc] GC(916) Concurrent class unloading 16.008ms
[2021-02-07T17:35:46.400+0300][528.711s][info][gc] GC(916) Concurrent strong roots 0.148ms
[2021-02-07T17:35:46.408+0300][528.720s][info][gc] GC(916) Concurrent evacuation 8.220ms
[2021-02-07T17:35:46.409+0300][528.721s][info][gc] GC(916) Pause Init Update Refs 0.010ms
[2021-02-07T17:35:46.543+0300][528.855s][info][gc] GC(916) Concurrent update references 133.661ms
[2021-02-07T17:35:46.559+0300][528.870s][info][gc] GC(916) Pause Final Update Refs 0.147ms
[2021-02-07T17:35:46.559+0300][528.870s][info][gc] GC(916) Concurrent cleanup 252M->241M(256M) 0.018ms
[2021-02-07T17:35:46.575+0300][528.886s][info][gc] Trigger: Free (1179K) is below minimum threshold (26214K)
[2021-02-07T17:35:46.575+0300][528.887s][info][gc] GC(917) Concurrent reset 0.415ms
[2021-02-07T17:35:46.576+0300][528.887s][info][gc] GC(917) Pause Init Mark (unload classes) 0.156ms
[2021-02-07T17:35:46.906+0300][529.217s][info][gc] GC(917) Concurrent marking (unload classes) 330.033ms
[2021-02-07T17:35:46.909+0300][529.221s][info][gc] GC(917) Pause Final Mark (unload classes) 0.428ms
[2021-02-07T17:35:46.927+0300][529.238s][info][gc] GC(917) Concurrent weak roots 17.288ms
[2021-02-07T17:35:46.927+0300][529.238s][info][gc] GC(917) Concurrent cleanup 243M->243M(256M) 0.012ms
[2021-02-07T17:35:46.943+0300][529.254s][info][gc] GC(917) Concurrent class unloading 16.107ms
[2021-02-07T17:35:46.943+0300][529.254s][info][gc] GC(917) Concurrent strong roots 0.111ms
[2021-02-07T17:35:46.952+0300][529.264s][info][gc] GC(917) Concurrent evacuation 9.090ms
[2021-02-07T17:35:46.959+0300][529.270s][info][gc] GC(917) Pause Init Update Refs 0.012ms
[2021-02-07T17:35:47.093+0300][529.405s][info][gc] GC(917) Concurrent update references 134.197ms
[2021-02-07T17:35:47.096+0300][529.407s][info][gc] GC(917) Pause Final Update Refs 0.150ms
[2021-02-07T17:35:47.096+0300][529.408s][info][gc] GC(917) Concurrent cleanup 252M->241M(256M) 0.015ms
[2021-02-07T17:35:47.098+0300][529.409s][info][gc] Trigger: Free (1195K) is below minimum threshold (26214K)
[2021-02-07T17:35:47.098+0300][529.409s][info][gc] GC(918) Concurrent reset 0.370ms
[2021-02-07T17:35:47.099+0300][529.410s][info][gc] GC(918) Pause Init Mark (unload classes) 0.141ms
[2021-02-07T17:35:47.428+0300][529.740s][info][gc] GC(918) Concurrent marking (unload classes) 329.794ms
[2021-02-07T17:35:47.430+0300][529.741s][info][gc] GC(918) Pause Final Mark (unload classes) 0.436ms
[2021-02-07T17:35:47.434+0300][529.745s][info][gc] GC(918) Concurrent weak roots 3.642ms
[2021-02-07T17:35:47.434+0300][529.745s][info][gc] GC(918) Concurrent cleanup 242M->242M(256M) 0.013ms
[2021-02-07T17:35:47.449+0300][529.760s][info][gc] GC(918) Concurrent class unloading 15.082ms
[2021-02-07T17:35:47.449+0300][529.760s][info][gc] GC(918) Concurrent strong roots 0.132ms
[2021-02-07T17:35:47.457+0300][529.769s][info][gc] GC(918) Concurrent evacuation 8.539ms
[2021-02-07T17:35:47.464+0300][529.776s][info][gc] GC(918) Pause Init Update Refs 0.010ms
[2021-02-07T17:35:47.599+0300][529.911s][info][gc] GC(918) Concurrent update references 134.990ms
[2021-02-07T17:35:47.602+0300][529.914s][info][gc] GC(918) Pause Final Update Refs 0.111ms
[2021-02-07T17:35:47.602+0300][529.914s][info][gc] GC(918) Concurrent cleanup 252M->241M(256M) 0.015ms
[2021-02-07T17:35:47.604+0300][529.915s][info][gc] Trigger: Free (1195K) is below minimum threshold (26214K)
[2021-02-07T17:35:47.604+0300][529.916s][info][gc] GC(919) Concurrent reset 0.350ms
[2021-02-07T17:35:47.604+0300][529.916s][info][gc] GC(919) Pause Init Mark (unload classes) 0.148ms
[2021-02-07T17:35:47.936+0300][530.248s][info][gc] GC(919) Concurrent marking (unload classes) 331.274ms
[2021-02-07T17:35:47.937+0300][530.249s][info][gc] GC(919) Pause Final Mark (unload classes) 0.437ms
[2021-02-07T17:35:47.943+0300][530.254s][info][gc] GC(919) Concurrent weak roots 5.181ms
[2021-02-07T17:35:47.943+0300][530.254s][info][gc] GC(919) Concurrent cleanup 243M->243M(256M) 0.010ms
[2021-02-07T17:35:47.946+0300][530.257s][info][gc] GC(919) Concurrent class unloading 3.004ms
[2021-02-07T17:35:47.946+0300][530.257s][info][gc] GC(919) Concurrent strong roots 0.136ms
[2021-02-07T17:35:47.954+0300][530.265s][info][gc] GC(919) Concurrent evacuation 7.945ms
[2021-02-07T17:35:47.957+0300][530.268s][info][gc] GC(919) Pause Init Update Refs 0.012ms
[2021-02-07T17:35:48.090+0300][530.402s][info][gc] GC(919) Concurrent update references 133.210ms
[2021-02-07T17:35:48.091+0300][530.402s][info][gc] GC(919) Pause Final Update Refs 0.151ms
[2021-02-07T17:35:48.091+0300][530.403s][info][gc] GC(919) Concurrent cleanup 252M->241M(256M) 0.017ms
[2021-02-07T17:35:48.093+0300][530.404s][info][gc] Trigger: Free (1451K) is below minimum threshold (26214K)
[2021-02-07T17:35:48.093+0300][530.404s][info][gc] GC(920) Concurrent reset 0.360ms
[2021-02-07T17:35:48.093+0300][530.405s][info][gc] GC(920) Pause Init Mark (process weakrefs) (unload classes) 0.148ms
[2021-02-07T17:35:48.428+0300][530.740s][info][gc] GC(920) Concurrent marking (process weakrefs) (unload classes) 334.549ms
[2021-02-07T17:35:48.428+0300][530.740s][info][gc] GC(920) Concurrent precleaning 0.150ms
[2021-02-07T17:35:48.429+0300][530.741s][info][gc] GC(920) Pause Final Mark (process weakrefs) (unload classes) 0.561ms
[2021-02-07T17:35:48.447+0300][530.758s][info][gc] GC(920) Concurrent weak roots 17.327ms
[2021-02-07T17:35:48.447+0300][530.759s][info][gc] GC(920) Concurrent cleanup 242M->242M(256M) 0.011ms
[2021-02-07T17:35:48.463+0300][530.775s][info][gc] GC(920) Concurrent class unloading 16.127ms
[2021-02-07T17:35:48.463+0300][530.775s][info][gc] GC(920) Concurrent strong roots 0.161ms
[2021-02-07T17:35:48.472+0300][530.784s][info][gc] GC(920) Concurrent evacuation 8.598ms
[2021-02-07T17:35:48.473+0300][530.785s][info][gc] GC(920) Pause Init Update Refs 0.009ms
[2021-02-07T17:35:48.608+0300][530.920s][info][gc] GC(920) Concurrent update references 135.460ms
[2021-02-07T17:35:48.609+0300][530.921s][info][gc] GC(920) Pause Final Update Refs 0.146ms
[2021-02-07T17:35:48.610+0300][530.921s][info][gc] GC(920) Concurrent cleanup 252M->241M(256M) 0.017ms
[2021-02-07T17:35:48.612+0300][530.923s][info][gc] Trigger: Free (1451K) is below minimum threshold (26214K)
[2021-02-07T17:35:48.612+0300][530.924s][info][gc] GC(921) Concurrent reset 0.361ms
[2021-02-07T17:35:48.612+0300][530.924s][info][gc] GC(921) Pause Init Mark (unload classes) 0.143ms
[2021-02-07T17:35:48.942+0300][531.254s][info][gc] GC(921) Concurrent marking (unload classes) 329.505ms
[2021-02-07T17:35:48.946+0300][531.258s][info][gc] GC(921) Pause Final Mark (unload classes) 0.442ms
[2021-02-07T17:35:48.950+0300][531.261s][info][gc] GC(921) Concurrent weak roots 3.260ms
[2021-02-07T17:35:48.950+0300][531.261s][info][gc] GC(921) Concurrent cleanup 242M->242M(256M) 0.010ms
[2021-02-07T17:35:48.955+0300][531.267s][info][gc] GC(921) Concurrent class unloading 5.155ms
[2021-02-07T17:35:48.955+0300][531.267s][info][gc] GC(921) Concurrent strong roots 0.138ms
[2021-02-07T17:35:48.963+0300][531.275s][info][gc] GC(921) Concurrent evacuation 8.487ms
[2021-02-07T17:35:48.967+0300][531.279s][info][gc] GC(921) Pause Init Update Refs 0.010ms
[2021-02-07T17:35:49.099+0300][531.411s][info][gc] GC(921) Concurrent update references 132.143ms
[2021-02-07T17:35:49.102+0300][531.414s][info][gc] GC(921) Pause Final Update Refs 0.149ms
[2021-02-07T17:35:49.102+0300][531.414s][info][gc] GC(921) Concurrent cleanup 252M->241M(256M) 0.017ms
[2021-02-07T17:35:49.104+0300][531.415s][info][gc] Trigger: Free (1707K) is below minimum threshold (26214K)
[2021-02-07T17:35:49.104+0300][531.416s][info][gc] GC(922) Concurrent reset 0.347ms
[2021-02-07T17:35:49.104+0300][531.416s][info][gc] GC(922) Pause Init Mark (unload classes) 0.122ms
[2021-02-07T17:35:49.440+0300][531.752s][info][gc] GC(922) Concurrent marking (unload classes) 335.987ms
[2021-02-07T17:35:49.445+0300][531.757s][info][gc] GC(922) Pause Final Mark (unload classes) 0.437ms
[2021-02-07T17:35:49.449+0300][531.760s][info][gc] GC(922) Concurrent weak roots 3.267ms
[2021-02-07T17:35:49.449+0300][531.761s][info][gc] GC(922) Concurrent cleanup 242M->242M(256M) 0.010ms
[2021-02-07T17:35:49.454+0300][531.766s][info][gc] GC(922) Concurrent class unloading 5.147ms
[2021-02-07T17:35:49.454+0300][531.766s][info][gc] GC(922) Concurrent strong roots 0.288ms
[2021-02-07T17:35:49.462+0300][531.774s][info][gc] GC(922) Concurrent evacuation 8.324ms
[2021-02-07T17:35:49.463+0300][531.775s][info][gc] GC(922) Pause Init Update Refs 0.009ms
[2021-02-07T17:35:49.598+0300][531.910s][info][gc] GC(922) Concurrent update references 134.760ms
[2021-02-07T17:35:49.601+0300][531.913s][info][gc] GC(922) Pause Final Update Refs 0.145ms
[2021-02-07T17:35:49.601+0300][531.913s][info][gc] GC(922) Concurrent cleanup 252M->241M(256M) 0.015ms
[2021-02-07T17:35:49.603+0300][531.914s][info][gc] Trigger: Free (1451K) is below minimum threshold (26214K)
[2021-02-07T17:35:49.603+0300][531.915s][info][gc] GC(923) Concurrent reset 0.459ms
[2021-02-07T17:35:49.604+0300][531.916s][info][gc] GC(923) Pause Init Mark (unload classes) 0.161ms
[2021-02-07T17:35:49.952+0300][532.264s][info][gc] GC(923) Concurrent marking (unload classes) 348.091ms
[2021-02-07T17:35:49.953+0300][532.265s][info][gc] GC(923) Pause Final Mark (unload classes) 0.343ms
[2021-02-07T17:35:49.957+0300][532.268s][info][gc] GC(923) Concurrent weak roots 3.476ms
[2021-02-07T17:35:49.957+0300][532.269s][info][gc] GC(923) Concurrent cleanup 242M->242M(256M) 0.010ms
[2021-02-07T17:35:49.962+0300][532.274s][info][gc] GC(923) Concurrent class unloading 5.065ms
[2021-02-07T17:35:49.962+0300][532.274s][info][gc] GC(923) Concurrent strong roots 0.139ms
[2021-02-07T17:35:49.971+0300][532.283s][info][gc] GC(923) Concurrent evacuation 8.708ms
[2021-02-07T17:35:49.974+0300][532.286s][info][gc] GC(923) Pause Init Update Refs 0.010ms
[2021-02-07T17:35:50.111+0300][532.423s][info][gc] GC(923) Concurrent update references 137.401ms
[2021-02-07T17:35:50.114+0300][532.426s][info][gc] GC(923) Pause Final Update Refs 0.069ms
[2021-02-07T17:35:50.114+0300][532.426s][info][gc] GC(923) Concurrent cleanup 252M->241M(256M) 0.014ms
[2021-02-07T17:35:50.116+0300][532.427s][info][gc] Trigger: Free (1451K) is below minimum threshold (26214K)
[2021-02-07T17:35:50.116+0300][532.428s][info][gc] GC(924) Concurrent reset 0.336ms
[2021-02-07T17:35:50.116+0300][532.428s][info][gc] GC(924) Pause Init Mark (unload classes) 0.123ms
[2021-02-07T17:35:50.454+0300][532.766s][info][gc] GC(924) Concurrent marking (unload classes) 337.960ms
[2021-02-07T17:35:50.459+0300][532.771s][info][gc] GC(924) Pause Final Mark (unload classes) 0.444ms
[2021-02-07T17:35:50.463+0300][532.774s][info][gc] GC(924) Concurrent weak roots 3.241ms
[2021-02-07T17:35:50.463+0300][532.775s][info][gc] GC(924) Concurrent cleanup 242M->242M(256M) 0.016ms
[2021-02-07T17:35:50.478+0300][532.790s][info][gc] GC(924) Concurrent class unloading 15.087ms
[2021-02-07T17:35:50.478+0300][532.790s][info][gc] GC(924) Concurrent strong roots 0.117ms
[2021-02-07T17:35:50.486+0300][532.798s][info][gc] GC(924) Concurrent evacuation 8.227ms
[2021-02-07T17:35:50.487+0300][532.799s][info][gc] GC(924) Pause Init Update Refs 0.011ms
[2021-02-07T17:35:50.619+0300][532.931s][info][gc] GC(924) Concurrent update references 132.039ms
[2021-02-07T17:35:50.622+0300][532.934s][info][gc] GC(924) Pause Final Update Refs 0.157ms
[2021-02-07T17:35:50.622+0300][532.934s][info][gc] GC(924) Concurrent cleanup 252M->241M(256M) 0.017ms
[2021-02-07T17:35:50.624+0300][532.935s][info][gc] Trigger: Free (1451K) is below minimum threshold (26214K)
[2021-02-07T17:35:50.624+0300][532.936s][info][gc] GC(925) Concurrent reset 0.364ms
[2021-02-07T17:35:50.624+0300][532.936s][info][gc] GC(925) Pause Init Mark (process weakrefs) (unload classes) 0.144ms
[2021-02-07T17:35:50.954+0300][533.266s][info][gc] GC(925) Concurrent marking (process weakrefs) (unload classes) 329.962ms
[2021-02-07T17:35:50.955+0300][533.266s][info][gc] GC(925) Concurrent precleaning 0.120ms
[2021-02-07T17:35:50.956+0300][533.268s][info][gc] GC(925) Pause Final Mark (process weakrefs) (unload classes) 0.505ms
[2021-02-07T17:35:50.960+0300][533.271s][info][gc] GC(925) Concurrent weak roots 3.374ms
[2021-02-07T17:35:50.960+0300][533.271s][info][gc] GC(925) Concurrent cleanup 242M->242M(256M) 0.009ms
[2021-02-07T17:35:50.965+0300][533.277s][info][gc] GC(925) Concurrent class unloading 5.079ms
[2021-02-07T17:35:50.965+0300][533.277s][info][gc] GC(925) Concurrent strong roots 0.143ms
[2021-02-07T17:35:50.973+0300][533.285s][info][gc] GC(925) Concurrent evacuation 8.569ms
[2021-02-07T17:35:50.977+0300][533.289s][info][gc] GC(925) Pause Init Update Refs 0.009ms
[2021-02-07T17:35:51.113+0300][533.425s][info][gc] GC(925) Concurrent update references 136.016ms
[2021-02-07T17:35:51.116+0300][533.428s][info][gc] GC(925) Pause Final Update Refs 0.116ms
[2021-02-07T17:35:51.116+0300][533.428s][info][gc] GC(925) Concurrent cleanup 252M->241M(256M) 0.016ms
[2021-02-07T17:35:51.118+0300][533.429s][info][gc] Trigger: Free (1707K) is below minimum threshold (26214K)
[2021-02-07T17:35:51.118+0300][533.430s][info][gc] GC(926) Concurrent reset 0.365ms
[2021-02-07T17:35:51.119+0300][533.430s][info][gc] GC(926) Pause Init Mark (unload classes) 0.130ms
[2021-02-07T17:35:51.453+0300][533.765s][info][gc] GC(926) Concurrent marking (unload classes) 334.001ms
[2021-02-07T17:35:51.458+0300][533.770s][info][gc] GC(926) Pause Final Mark (unload classes) 0.423ms
[2021-02-07T17:35:51.462+0300][533.773s][info][gc] GC(926) Concurrent weak roots 3.282ms
[2021-02-07T17:35:51.462+0300][533.773s][info][gc] GC(926) Concurrent cleanup 241M->241M(256M) 0.009ms
[2021-02-07T17:35:51.467+0300][533.779s][info][gc] GC(926) Concurrent class unloading 5.058ms
[2021-02-07T17:35:51.467+0300][533.779s][info][gc] GC(926) Concurrent strong roots 0.107ms
[2021-02-07T17:35:51.476+0300][533.788s][info][gc] GC(926) Concurrent evacuation 9.283ms
[2021-02-07T17:35:51.479+0300][533.791s][info][gc] GC(926) Pause Init Update Refs 0.010ms
[2021-02-07T17:35:51.612+0300][533.924s][info][gc] GC(926) Concurrent update references 133.191ms
[2021-02-07T17:35:51.613+0300][533.925s][info][gc] GC(926) Pause Final Update Refs 0.142ms
[2021-02-07T17:35:51.613+0300][533.925s][info][gc] GC(926) Concurrent cleanup 252M->241M(256M) 0.016ms
[2021-02-07T17:35:51.615+0300][533.926s][info][gc] Trigger: Free (1451K) is below minimum threshold (26214K)
[2021-02-07T17:35:51.615+0300][533.927s][info][gc] GC(927) Concurrent reset 0.327ms
[2021-02-07T17:35:51.615+0300][533.927s][info][gc] GC(927) Pause Init Mark (unload classes) 0.143ms
[2021-02-07T17:35:51.950+0300][534.262s][info][gc] GC(927) Concurrent marking (unload classes) 334.464ms
[2021-02-07T17:35:51.953+0300][534.265s][info][gc] GC(927) Pause Final Mark (unload classes) 0.330ms
[2021-02-07T17:35:51.958+0300][534.270s][info][gc] GC(927) Concurrent weak roots 4.566ms
[2021-02-07T17:35:51.958+0300][534.270s][info][gc] GC(927) Concurrent cleanup 242M->242M(256M) 0.010ms
[2021-02-07T17:35:51.961+0300][534.273s][info][gc] GC(927) Concurrent class unloading 3.050ms
[2021-02-07T17:35:51.961+0300][534.273s][info][gc] GC(927) Concurrent strong roots 0.107ms
[2021-02-07T17:35:51.969+0300][534.281s][info][gc] GC(927) Concurrent evacuation 8.205ms
[2021-02-07T17:35:51.970+0300][534.282s][info][gc] GC(927) Pause Init Update Refs 0.010ms
[2021-02-07T17:35:52.105+0300][534.417s][info][gc] GC(927) Concurrent update references 134.646ms
[2021-02-07T17:35:52.110+0300][534.422s][info][gc] GC(927) Pause Final Update Refs 0.151ms
[2021-02-07T17:35:52.110+0300][534.422s][info][gc] GC(927) Concurrent cleanup 252M->241M(256M) 0.015ms
[2021-02-07T17:35:52.126+0300][534.438s][info][gc] Trigger: Free (1707K) is below minimum threshold (26214K)
[2021-02-07T17:35:52.126+0300][534.438s][info][gc] GC(928) Concurrent reset 0.423ms
[2021-02-07T17:35:52.127+0300][534.439s][info][gc] GC(928) Pause Init Mark (unload classes) 0.149ms
[2021-02-07T17:35:52.457+0300][534.769s][info][gc] GC(928) Concurrent marking (unload classes) 330.514ms
[2021-02-07T17:35:52.460+0300][534.772s][info][gc] GC(928) Pause Final Mark (unload classes) 0.344ms
[2021-02-07T17:35:52.476+0300][534.788s][info][gc] GC(928) Concurrent weak roots 15.516ms
[2021-02-07T17:35:52.476+0300][534.788s][info][gc] GC(928) Concurrent cleanup 241M->241M(256M) 0.015ms
[2021-02-07T17:35:52.492+0300][534.804s][info][gc] GC(928) Concurrent class unloading 16.014ms
[2021-02-07T17:35:52.492+0300][534.804s][info][gc] GC(928) Concurrent strong roots 0.117ms
[2021-02-07T17:35:52.500+0300][534.812s][info][gc] GC(928) Concurrent evacuation 8.514ms
[2021-02-07T17:35:52.501+0300][534.813s][info][gc] GC(928) Pause Init Update Refs 0.009ms
[2021-02-07T17:35:52.637+0300][534.949s][info][gc] GC(928) Concurrent update references 135.936ms
[2021-02-07T17:35:52.640+0300][534.952s][info][gc] GC(928) Pause Final Update Refs 0.143ms
[2021-02-07T17:35:52.640+0300][534.952s][info][gc] GC(928) Concurrent cleanup 252M->241M(256M) 0.017ms
[2021-02-07T17:35:52.642+0300][534.954s][info][gc] Trigger: Free (1451K) is below minimum threshold (26214K)
[2021-02-07T17:35:52.642+0300][534.954s][info][gc] GC(929) Concurrent reset 0.360ms
[2021-02-07T17:35:52.642+0300][534.954s][info][gc] GC(929) Pause Init Mark (unload classes) 0.147ms
[2021-02-07T17:35:52.974+0300][535.286s][info][gc] GC(929) Concurrent marking (unload classes) 331.728ms
[2021-02-07T17:35:52.979+0300][535.291s][info][gc] GC(929) Pause Final Mark (unload classes) 0.441ms
[2021-02-07T17:35:52.988+0300][535.300s][info][gc] GC(929) Concurrent weak roots 8.284ms
[2021-02-07T17:35:52.988+0300][535.300s][info][gc] GC(929) Concurrent cleanup 243M->243M(256M) 0.013ms
[2021-02-07T17:35:53.003+0300][535.315s][info][gc] GC(929) Concurrent class unloading 15.065ms
[2021-02-07T17:35:53.003+0300][535.315s][info][gc] GC(929) Concurrent strong roots 0.138ms
[2021-02-07T17:35:53.011+0300][535.323s][info][gc] GC(929) Concurrent evacuation 8.094ms
[2021-02-07T17:35:53.018+0300][535.330s][info][gc] GC(929) Pause Init Update Refs 0.010ms
[2021-02-07T17:35:53.151+0300][535.463s][info][gc] GC(929) Concurrent update references 133.471ms
[2021-02-07T17:35:53.156+0300][535.468s][info][gc] GC(929) Pause Final Update Refs 0.150ms
[2021-02-07T17:35:53.156+0300][535.468s][info][gc] GC(929) Concurrent cleanup 252M->241M(256M) 0.025ms
[2021-02-07T17:35:53.158+0300][535.469s][info][gc] Trigger: Free (1678K) is below minimum threshold (26214K)
[2021-02-07T17:35:53.158+0300][535.470s][info][gc] GC(930) Concurrent reset 0.340ms
[2021-02-07T17:35:53.158+0300][535.470s][info][gc] GC(930) Pause Init Mark (process weakrefs) (unload classes) 0.168ms
[2021-02-07T17:35:53.489+0300][535.801s][info][gc] GC(930) Concurrent marking (process weakrefs) (unload classes) 330.500ms
[2021-02-07T17:35:53.489+0300][535.801s][info][gc] GC(930) Concurrent precleaning 0.110ms
[2021-02-07T17:35:53.494+0300][535.806s][info][gc] GC(930) Pause Final Mark (process weakrefs) (unload classes) 0.480ms
[2021-02-07T17:35:53.498+0300][535.810s][info][gc] GC(930) Concurrent weak roots 3.268ms
[2021-02-07T17:35:53.498+0300][535.810s][info][gc] GC(930) Concurrent cleanup 242M->242M(256M) 0.010ms
[2021-02-07T17:35:53.503+0300][535.815s][info][gc] GC(930) Concurrent class unloading 5.089ms
[2021-02-07T17:35:53.503+0300][535.815s][info][gc] GC(930) Concurrent strong roots 0.143ms
[2021-02-07T17:35:53.511+0300][535.823s][info][gc] GC(930) Concurrent evacuation 8.435ms
[2021-02-07T17:35:53.512+0300][535.824s][info][gc] GC(930) Pause Init Update Refs 0.009ms
[2021-02-07T17:35:53.648+0300][535.960s][info][gc] GC(930) Concurrent update references 136.053ms
[2021-02-07T17:35:53.651+0300][535.963s][info][gc] GC(930) Pause Final Update Refs 0.126ms
[2021-02-07T17:35:53.651+0300][535.963s][info][gc] GC(930) Concurrent cleanup 252M->241M(256M) 0.017ms
[2021-02-07T17:35:53.653+0300][535.965s][info][gc] Trigger: Free (1707K) is below minimum threshold (26214K)
[2021-02-07T17:35:53.653+0300][535.965s][info][gc] GC(931) Concurrent reset 0.395ms
[2021-02-07T17:35:53.654+0300][535.966s][info][gc] GC(931) Pause Init Mark (unload classes) 0.149ms
[2021-02-07T17:35:54.001+0300][536.313s][info][gc] GC(931) Concurrent marking (unload classes) 347.400ms
[2021-02-07T17:35:54.004+0300][536.316s][info][gc] GC(931) Pause Final Mark (unload classes) 0.394ms
[2021-02-07T17:35:54.008+0300][536.319s][info][gc] GC(931) Concurrent weak roots 3.280ms
[2021-02-07T17:35:54.008+0300][536.320s][info][gc] GC(931) Concurrent cleanup 243M->243M(256M) 0.011ms
[2021-02-07T17:35:54.010+0300][536.322s][info][gc] GC(931) Concurrent class unloading 2.420ms
[2021-02-07T17:35:54.010+0300][536.322s][info][gc] GC(931) Concurrent strong roots 0.135ms
[2021-02-07T17:35:54.018+0300][536.330s][info][gc] GC(931) Concurrent evacuation 7.907ms
[2021-02-07T17:35:54.021+0300][536.333s][info][gc] GC(931) Pause Init Update Refs 0.013ms
[2021-02-07T17:35:54.158+0300][536.469s][info][gc] GC(931) Concurrent update references 136.631ms
[2021-02-07T17:35:54.161+0300][536.473s][info][gc] GC(931) Pause Final Update Refs 0.143ms
[2021-02-07T17:35:54.161+0300][536.473s][info][gc] GC(931) Concurrent cleanup 252M->241M(256M) 0.019ms
[2021-02-07T17:35:54.163+0300][536.474s][info][gc] Trigger: Free (1678K) is below minimum threshold (26214K)
[2021-02-07T17:35:54.163+0300][536.475s][info][gc] GC(932) Concurrent reset 0.367ms
[2021-02-07T17:35:54.163+0300][536.475s][info][gc] GC(932) Pause Init Mark (unload classes) 0.149ms
[2021-02-07T17:35:54.493+0300][536.805s][info][gc] GC(932) Concurrent marking (unload classes) 329.607ms
[2021-02-07T17:35:54.496+0300][536.808s][info][gc] GC(932) Pause Final Mark (unload classes) 0.373ms
[2021-02-07T17:35:54.502+0300][536.814s][info][gc] GC(932) Concurrent weak roots 5.386ms
[2021-02-07T17:35:54.502+0300][536.814s][info][gc] GC(932) Concurrent cleanup 243M->243M(256M) 0.009ms
[2021-02-07T17:35:54.505+0300][536.817s][info][gc] GC(932) Concurrent class unloading 3.167ms
[2021-02-07T17:35:54.505+0300][536.817s][info][gc] GC(932) Concurrent strong roots 0.144ms
[2021-02-07T17:35:54.512+0300][536.824s][info][gc] GC(932) Concurrent evacuation 7.271ms
[2021-02-07T17:35:54.515+0300][536.827s][info][gc] GC(932) Pause Init Update Refs 0.009ms
[2021-02-07T17:35:54.648+0300][536.960s][info][gc] GC(932) Concurrent update references 133.056ms
[2021-02-07T17:35:54.649+0300][536.961s][info][gc] GC(932) Pause Final Update Refs 0.152ms
[2021-02-07T17:35:54.649+0300][536.961s][info][gc] GC(932) Concurrent cleanup 252M->241M(256M) 0.015ms
[2021-02-07T17:35:54.651+0300][536.962s][info][gc] Trigger: Free (1707K) is below minimum threshold (26214K)
[2021-02-07T17:35:54.651+0300][536.963s][info][gc] GC(933) Concurrent reset 0.360ms
[2021-02-07T17:35:54.651+0300][536.963s][info][gc] GC(933) Pause Init Mark (unload classes) 0.143ms
[2021-02-07T17:35:54.998+0300][537.310s][info][gc] GC(933) Concurrent marking (unload classes) 346.153ms
[2021-02-07T17:35:55.003+0300][537.315s][info][gc] GC(933) Pause Final Mark (unload classes) 0.348ms
[2021-02-07T17:35:55.007+0300][537.318s][info][gc] GC(933) Concurrent weak roots 3.450ms
[2021-02-07T17:35:55.007+0300][537.319s][info][gc] GC(933) Concurrent cleanup 243M->243M(256M) 0.011ms
[2021-02-07T17:35:55.009+0300][537.321s][info][gc] GC(933) Concurrent class unloading 2.331ms
[2021-02-07T17:35:55.009+0300][537.321s][info][gc] GC(933) Concurrent strong roots 0.110ms
[2021-02-07T17:35:55.017+0300][537.329s][info][gc] GC(933) Concurrent evacuation 7.652ms
[2021-02-07T17:35:55.020+0300][537.332s][info][gc] GC(933) Pause Init Update Refs 0.010ms
[2021-02-07T17:35:55.155+0300][537.467s][info][gc] GC(933) Concurrent update references 135.729ms
[2021-02-07T17:35:55.156+0300][537.468s][info][gc] GC(933) Pause Final Update Refs 0.122ms
[2021-02-07T17:35:55.157+0300][537.469s][info][gc] GC(933) Concurrent cleanup 252M->241M(256M) 0.019ms
[2021-02-07T17:35:55.166+0300][537.478s][info][gc] Trigger: Free (1934K) is below minimum threshold (26214K)
[2021-02-07T17:35:55.166+0300][537.478s][info][gc] GC(934) Concurrent reset 0.497ms
[2021-02-07T17:35:55.167+0300][537.479s][info][gc] GC(934) Pause Init Mark (unload classes) 0.123ms
[2021-02-07T17:35:55.502+0300][537.814s][info][gc] GC(934) Concurrent marking (unload classes) 334.964ms
[2021-02-07T17:35:55.505+0300][537.817s][info][gc] GC(934) Pause Final Mark (unload classes) 0.433ms
[2021-02-07T17:35:55.509+0300][537.820s][info][gc] GC(934) Concurrent weak roots 3.293ms
[2021-02-07T17:35:55.509+0300][537.820s][info][gc] GC(934) Concurrent cleanup 242M->242M(256M) 0.010ms
[2021-02-07T17:35:55.511+0300][537.823s][info][gc] GC(934) Concurrent class unloading 2.244ms
[2021-02-07T17:35:55.511+0300][537.823s][info][gc] GC(934) Concurrent strong roots 0.111ms
[2021-02-07T17:35:55.519+0300][537.831s][info][gc] GC(934) Concurrent evacuation 8.024ms
[2021-02-07T17:35:55.522+0300][537.834s][info][gc] GC(934) Pause Init Update Refs 0.010ms
[2021-02-07T17:35:55.665+0300][537.977s][info][gc] GC(934) Concurrent update references 143.677ms
[2021-02-07T17:35:55.666+0300][537.978s][info][gc] GC(934) Pause Final Update Refs 0.128ms
[2021-02-07T17:35:55.666+0300][537.978s][info][gc] GC(934) Concurrent cleanup 252M->241M(256M) 0.016ms
[2021-02-07T17:35:55.669+0300][537.980s][info][gc] Trigger: Free (1706K) is below minimum threshold (26214K)
[2021-02-07T17:35:55.669+0300][537.981s][info][gc] GC(935) Concurrent reset 0.334ms
[2021-02-07T17:35:55.669+0300][537.981s][info][gc] GC(935) Pause Init Mark (process weakrefs) (unload classes) 0.146ms
[2021-02-07T17:35:55.999+0300][538.311s][info][gc] GC(935) Concurrent marking (process weakrefs) (unload classes) 329.604ms
[2021-02-07T17:35:55.999+0300][538.311s][info][gc] GC(935) Concurrent precleaning 0.124ms
[2021-02-07T17:35:56.012+0300][538.324s][info][gc] GC(935) Pause Final Mark (process weakrefs) (unload classes) 0.419ms
[2021-02-07T17:35:56.016+0300][538.327s][info][gc] GC(935) Concurrent weak roots 3.293ms
[2021-02-07T17:35:56.016+0300][538.327s][info][gc] GC(935) Concurrent cleanup 242M->242M(256M) 0.010ms
[2021-02-07T17:35:56.022+0300][538.334s][info][gc] GC(935) Concurrent class unloading 6.100ms
[2021-02-07T17:35:56.022+0300][538.334s][info][gc] GC(935) Concurrent strong roots 0.114ms
[2021-02-07T17:35:56.030+0300][538.342s][info][gc] GC(935) Concurrent evacuation 8.404ms
[2021-02-07T17:35:56.033+0300][538.345s][info][gc] GC(935) Pause Init Update Refs 0.009ms
[2021-02-07T17:35:56.176+0300][538.488s][info][gc] GC(935) Concurrent update references 143.406ms
[2021-02-07T17:35:56.178+0300][538.489s][info][gc] GC(935) Pause Final Update Refs 0.149ms
[2021-02-07T17:35:56.178+0300][538.490s][info][gc] GC(935) Concurrent cleanup 252M->241M(256M) 0.016ms
[2021-02-07T17:35:56.180+0300][538.491s][info][gc] Trigger: Free (1934K) is below minimum threshold (26214K)
[2021-02-07T17:35:56.180+0300][538.492s][info][gc] GC(936) Concurrent reset 0.328ms
[2021-02-07T17:35:56.180+0300][538.492s][info][gc] GC(936) Pause Init Mark (unload classes) 0.151ms
[2021-02-07T17:35:56.518+0300][538.830s][info][gc] GC(936) Concurrent marking (unload classes) 337.583ms
[2021-02-07T17:35:56.523+0300][538.835s][info][gc] GC(936) Pause Final Mark (unload classes) 0.434ms
[2021-02-07T17:35:56.527+0300][538.838s][info][gc] GC(936) Concurrent weak roots 3.279ms
[2021-02-07T17:35:56.527+0300][538.838s][info][gc] GC(936) Concurrent cleanup 242M->242M(256M) 0.010ms
[2021-02-07T17:35:56.529+0300][538.841s][info][gc] GC(936) Concurrent class unloading 2.202ms
[2021-02-07T17:35:56.529+0300][538.841s][info][gc] GC(936) Concurrent strong roots 0.107ms
[2021-02-07T17:35:56.537+0300][538.849s][info][gc] GC(936) Concurrent evacuation 8.314ms
[2021-02-07T17:35:56.538+0300][538.850s][info][gc] GC(936) Pause Init Update Refs 0.009ms
[2021-02-07T17:35:56.672+0300][538.984s][info][gc] GC(936) Concurrent update references 133.958ms
[2021-02-07T17:35:56.674+0300][538.985s][info][gc] GC(936) Pause Final Update Refs 0.148ms
[2021-02-07T17:35:56.674+0300][538.986s][info][gc] GC(936) Concurrent cleanup 251M->241M(256M) 0.016ms
[2021-02-07T17:35:56.676+0300][538.987s][info][gc] Trigger: Free (1962K) is below minimum threshold (26214K)
[2021-02-07T17:35:56.676+0300][538.988s][info][gc] GC(937) Concurrent reset 0.370ms
[2021-02-07T17:35:56.676+0300][538.988s][info][gc] GC(937) Pause Init Mark (unload classes) 0.146ms
[2021-02-07T17:35:57.004+0300][539.316s][info][gc] GC(937) Concurrent marking (unload classes) 327.245ms
[2021-02-07T17:35:57.009+0300][539.321s][info][gc] GC(937) Pause Final Mark (unload classes) 0.438ms
[2021-02-07T17:35:57.026+0300][539.338s][info][gc] GC(937) Concurrent weak roots 16.341ms
[2021-02-07T17:35:57.026+0300][539.338s][info][gc] GC(937) Concurrent cleanup 242M->242M(256M) 0.011ms
[2021-02-07T17:35:57.029+0300][539.340s][info][gc] GC(937) Concurrent class unloading 2.928ms
[2021-02-07T17:35:57.029+0300][539.341s][info][gc] GC(937) Concurrent strong roots 0.146ms
[2021-02-07T17:35:57.037+0300][539.349s][info][gc] GC(937) Concurrent evacuation 8.451ms
[2021-02-07T17:35:57.038+0300][539.350s][info][gc] GC(937) Pause Init Update Refs 0.009ms
[2021-02-07T17:35:57.182+0300][539.494s][info][gc] GC(937) Concurrent update references 143.925ms
[2021-02-07T17:35:57.185+0300][539.497s][info][gc] GC(937) Pause Final Update Refs 0.144ms
[2021-02-07T17:35:57.185+0300][539.497s][info][gc] GC(937) Concurrent cleanup 251M->241M(256M) 0.016ms
[2021-02-07T17:35:57.187+0300][539.498s][info][gc] Trigger: Free (1934K) is below minimum threshold (26214K)
[2021-02-07T17:35:57.187+0300][539.499s][info][gc] GC(938) Concurrent reset 0.390ms
[2021-02-07T17:35:57.188+0300][539.499s][info][gc] GC(938) Pause Init Mark (unload classes) 0.141ms
[2021-02-07T17:35:57.534+0300][539.846s][info][gc] GC(938) Concurrent marking (unload classes) 346.763ms
[2021-02-07T17:35:57.539+0300][539.851s][info][gc] GC(938) Pause Final Mark (unload classes) 0.435ms
[2021-02-07T17:35:57.554+0300][539.866s][info][gc] GC(938) Concurrent weak roots 14.297ms
[2021-02-07T17:35:57.554+0300][539.866s][info][gc] GC(938) Concurrent cleanup 242M->242M(256M) 0.019ms
[2021-02-07T17:35:57.556+0300][539.868s][info][gc] GC(938) Concurrent class unloading 2.744ms
[2021-02-07T17:35:57.557+0300][539.869s][info][gc] GC(938) Concurrent strong roots 0.158ms
[2021-02-07T17:35:57.565+0300][539.877s][info][gc] GC(938) Concurrent evacuation 8.312ms
[2021-02-07T17:35:57.566+0300][539.878s][info][gc] GC(938) Pause Init Update Refs 0.009ms
[2021-02-07T17:35:57.701+0300][540.013s][info][gc] GC(938) Concurrent update references 135.424ms
[2021-02-07T17:35:57.702+0300][540.014s][info][gc] GC(938) Pause Final Update Refs 0.121ms
[2021-02-07T17:35:57.702+0300][540.014s][info][gc] GC(938) Concurrent cleanup 252M->241M(256M) 0.017ms
[2021-02-07T17:35:57.714+0300][540.025s][info][gc] Trigger: Free (1706K) is below minimum threshold (26214K)
[2021-02-07T17:35:57.714+0300][540.026s][info][gc] GC(939) Concurrent reset 0.538ms
[2021-02-07T17:35:57.715+0300][540.027s][info][gc] GC(939) Pause Init Mark (unload classes) 0.116ms
[2021-02-07T17:35:58.045+0300][540.356s][info][gc] GC(939) Concurrent marking (unload classes) 329.711ms
[2021-02-07T17:35:58.046+0300][540.358s][info][gc] GC(939) Pause Final Mark (unload classes) 0.358ms
[2021-02-07T17:35:58.051+0300][540.362s][info][gc] GC(939) Concurrent weak roots 4.761ms
[2021-02-07T17:35:58.051+0300][540.362s][info][gc] GC(939) Concurrent cleanup 242M->242M(256M) 0.009ms
[2021-02-07T17:35:58.054+0300][540.366s][info][gc] GC(939) Concurrent class unloading 3.013ms
[2021-02-07T17:35:58.054+0300][540.366s][info][gc] GC(939) Concurrent strong roots 0.110ms
[2021-02-07T17:35:58.062+0300][540.374s][info][gc] GC(939) Concurrent evacuation 8.128ms
[2021-02-07T17:35:58.063+0300][540.375s][info][gc] GC(939) Pause Init Update Refs 0.009ms
[2021-02-07T17:35:58.196+0300][540.508s][info][gc] GC(939) Concurrent update references 133.211ms
[2021-02-07T17:35:58.198+0300][540.510s][info][gc] GC(939) Pause Final Update Refs 0.144ms
[2021-02-07T17:35:58.198+0300][540.510s][info][gc] GC(939) Concurrent cleanup 252M->241M(256M) 0.015ms
[2021-02-07T17:35:58.200+0300][540.511s][info][gc] Trigger: Free (1934K) is below minimum threshold (26214K)
[2021-02-07T17:35:58.200+0300][540.512s][info][gc] GC(940) Concurrent reset 0.353ms
[2021-02-07T17:35:58.200+0300][540.512s][info][gc] GC(940) Pause Init Mark (process weakrefs) (unload classes) 0.144ms
[2021-02-07T17:35:58.551+0300][540.863s][info][gc] GC(940) Concurrent marking (process weakrefs) (unload classes) 350.408ms
[2021-02-07T17:35:58.551+0300][540.863s][info][gc] GC(940) Concurrent precleaning 0.125ms
[2021-02-07T17:35:58.556+0300][540.868s][info][gc] GC(940) Pause Final Mark (process weakrefs) (unload classes) 0.438ms
[2021-02-07T17:35:58.560+0300][540.872s][info][gc] GC(940) Concurrent weak roots 3.298ms
[2021-02-07T17:35:58.560+0300][540.872s][info][gc] GC(940) Concurrent cleanup 242M->242M(256M) 0.010ms
[2021-02-07T17:35:58.565+0300][540.877s][info][gc] GC(940) Concurrent class unloading 5.098ms
[2021-02-07T17:35:58.565+0300][540.877s][info][gc] GC(940) Concurrent strong roots 0.144ms
[2021-02-07T17:35:58.573+0300][540.885s][info][gc] GC(940) Concurrent evacuation 8.188ms
[2021-02-07T17:35:58.574+0300][540.885s][info][gc] GC(940) Pause Init Update Refs 0.009ms
[2021-02-07T17:35:58.705+0300][541.017s][info][gc] GC(940) Concurrent update references 131.032ms
[2021-02-07T17:35:58.708+0300][541.020s][info][gc] GC(940) Pause Final Update Refs 0.147ms
[2021-02-07T17:35:58.708+0300][541.020s][info][gc] GC(940) Concurrent cleanup 251M->241M(256M) 0.015ms
[2021-02-07T17:35:58.710+0300][541.021s][info][gc] Trigger: Free (1962K) is below minimum threshold (26214K)
[2021-02-07T17:35:58.710+0300][541.022s][info][gc] GC(941) Concurrent reset 0.356ms
[2021-02-07T17:35:58.711+0300][541.022s][info][gc] GC(941) Pause Init Mark (unload classes) 0.148ms
[2021-02-07T17:35:59.042+0300][541.354s][info][gc] GC(941) Concurrent marking (unload classes) 331.038ms
[2021-02-07T17:35:59.045+0300][541.357s][info][gc] GC(941) Pause Final Mark (unload classes) 0.429ms
[2021-02-07T17:35:59.049+0300][541.361s][info][gc] GC(941) Concurrent weak roots 3.298ms
[2021-02-07T17:35:59.049+0300][541.361s][info][gc] GC(941) Concurrent cleanup 242M->242M(256M) 0.010ms
[2021-02-07T17:35:59.054+0300][541.366s][info][gc] GC(941) Concurrent class unloading 5.121ms
[2021-02-07T17:35:59.054+0300][541.366s][info][gc] GC(941) Concurrent strong roots 0.143ms
[2021-02-07T17:35:59.062+0300][541.374s][info][gc] GC(941) Concurrent evacuation 8.205ms
[2021-02-07T17:35:59.066+0300][541.378s][info][gc] GC(941) Pause Init Update Refs 0.009ms
[2021-02-07T17:35:59.198+0300][541.510s][info][gc] GC(941) Concurrent update references 132.055ms
[2021-02-07T17:35:59.201+0300][541.513s][info][gc] GC(941) Pause Final Update Refs 0.147ms
[2021-02-07T17:35:59.201+0300][541.513s][info][gc] GC(941) Concurrent cleanup 252M->241M(256M) 0.015ms
[2021-02-07T17:35:59.203+0300][541.515s][info][gc] Trigger: Free (1934K) is below minimum threshold (26214K)
[2021-02-07T17:35:59.203+0300][541.515s][info][gc] GC(942) Concurrent reset 0.466ms
[2021-02-07T17:35:59.204+0300][541.516s][info][gc] GC(942) Pause Init Mark (unload classes) 0.124ms
[2021-02-07T17:35:59.537+0300][541.849s][info][gc] GC(942) Concurrent marking (unload classes) 333.319ms
[2021-02-07T17:35:59.540+0300][541.852s][info][gc] GC(942) Pause Final Mark (unload classes) 0.413ms
[2021-02-07T17:35:59.552+0300][541.863s][info][gc] GC(942) Concurrent weak roots 11.381ms
[2021-02-07T17:35:59.552+0300][541.864s][info][gc] GC(942) Concurrent cleanup 241M->241M(256M) 0.012ms
[2021-02-07T17:35:59.555+0300][541.867s][info][gc] GC(942) Concurrent class unloading 3.175ms
[2021-02-07T17:35:59.555+0300][541.867s][info][gc] GC(942) Concurrent strong roots 0.112ms
[2021-02-07T17:35:59.563+0300][541.875s][info][gc] GC(942) Concurrent evacuation 8.281ms
[2021-02-07T17:35:59.564+0300][541.876s][info][gc] GC(942) Pause Init Update Refs 0.009ms
[2021-02-07T17:35:59.711+0300][542.023s][info][gc] GC(942) Concurrent update references 147.239ms
[2021-02-07T17:35:59.715+0300][542.027s][info][gc] GC(942) Pause Final Update Refs 0.124ms
[2021-02-07T17:35:59.715+0300][542.027s][info][gc] GC(942) Concurrent cleanup 251M->240M(256M) 0.017ms
[2021-02-07T17:35:59.717+0300][542.028s][info][gc] Trigger: Free (1962K) is below minimum threshold (26214K)
[2021-02-07T17:35:59.717+0300][542.029s][info][gc] GC(943) Concurrent reset 0.328ms
[2021-02-07T17:35:59.717+0300][542.029s][info][gc] GC(943) Pause Init Mark (unload classes) 0.127ms
[2021-02-07T17:36:00.062+0300][542.374s][info][gc] GC(943) Concurrent marking (unload classes) 344.801ms
[2021-02-07T17:36:00.067+0300][542.379s][info][gc] GC(943) Pause Final Mark (unload classes) 0.441ms
[2021-02-07T17:36:00.071+0300][542.383s][info][gc] GC(943) Concurrent weak roots 3.294ms
[2021-02-07T17:36:00.071+0300][542.383s][info][gc] GC(943) Concurrent cleanup 241M->241M(256M) 0.011ms
[2021-02-07T17:36:00.076+0300][542.388s][info][gc] GC(943) Concurrent class unloading 5.097ms
[2021-02-07T17:36:00.076+0300][542.388s][info][gc] GC(943) Concurrent strong roots 0.163ms
[2021-02-07T17:36:00.084+0300][542.396s][info][gc] GC(943) Concurrent evacuation 8.467ms
[2021-02-07T17:36:00.088+0300][542.400s][info][gc] GC(943) Pause Init Update Refs 0.011ms
[2021-02-07T17:36:00.223+0300][542.535s][info][gc] GC(943) Concurrent update references 135.384ms
[2021-02-07T17:36:00.224+0300][542.536s][info][gc] GC(943) Pause Final Update Refs 0.145ms
[2021-02-07T17:36:00.224+0300][542.536s][info][gc] GC(943) Concurrent cleanup 251M->240M(256M) 0.018ms
[2021-02-07T17:36:00.226+0300][542.537s][info][gc] Trigger: Free (2190K) is below minimum threshold (26214K)
[2021-02-07T17:36:00.226+0300][542.538s][info][gc] GC(944) Concurrent reset 0.326ms
[2021-02-07T17:36:00.226+0300][542.538s][info][gc] GC(944) Pause Init Mark (unload classes) 0.141ms
[2021-02-07T17:36:00.578+0300][542.890s][info][gc] GC(944) Concurrent marking (unload classes) 351.524ms
[2021-02-07T17:36:00.579+0300][542.891s][info][gc] GC(944) Pause Final Mark (unload classes) 0.329ms
[2021-02-07T17:36:00.583+0300][542.894s][info][gc] GC(944) Concurrent weak roots 3.435ms
[2021-02-07T17:36:00.583+0300][542.895s][info][gc] GC(944) Concurrent cleanup 242M->242M(256M) 0.010ms
[2021-02-07T17:36:00.588+0300][542.900s][info][gc] GC(944) Concurrent class unloading 5.134ms
[2021-02-07T17:36:00.588+0300][542.900s][info][gc] GC(944) Concurrent strong roots 0.165ms
[2021-02-07T17:36:00.596+0300][542.908s][info][gc] GC(944) Concurrent evacuation 8.010ms
[2021-02-07T17:36:00.596+0300][542.908s][info][gc] GC(944) Pause Init Update Refs 0.008ms
[2021-02-07T17:36:00.739+0300][543.051s][info][gc] GC(944) Concurrent update references 142.371ms
[2021-02-07T17:36:00.742+0300][543.054s][info][gc] GC(944) Pause Final Update Refs 0.088ms
[2021-02-07T17:36:00.742+0300][543.054s][info][gc] GC(944) Concurrent cleanup 251M->241M(256M) 0.017ms
[2021-02-07T17:36:00.758+0300][543.069s][info][gc] Trigger: Free (1706K) is below minimum threshold (26214K)
[2021-02-07T17:36:00.758+0300][543.070s][info][gc] GC(945) Concurrent reset 0.376ms
[2021-02-07T17:36:00.758+0300][543.070s][info][gc] GC(945) Pause Init Mark (process weakrefs) (unload classes) 0.146ms
[2021-02-07T17:36:01.089+0300][543.401s][info][gc] GC(945) Concurrent marking (process weakrefs) (unload classes) 330.281ms
[2021-02-07T17:36:01.089+0300][543.401s][info][gc] GC(945) Concurrent precleaning 0.122ms
[2021-02-07T17:36:01.094+0300][543.406s][info][gc] GC(945) Pause Final Mark (process weakrefs) (unload classes) 0.546ms
[2021-02-07T17:36:01.099+0300][543.411s][info][gc] GC(945) Concurrent weak roots 4.613ms
[2021-02-07T17:36:01.099+0300][543.411s][info][gc] GC(945) Concurrent cleanup 242M->242M(256M) 0.010ms
[2021-02-07T17:36:01.102+0300][543.414s][info][gc] GC(945) Concurrent class unloading 3.114ms
[2021-02-07T17:36:01.102+0300][543.414s][info][gc] GC(945) Concurrent strong roots 0.161ms
[2021-02-07T17:36:01.111+0300][543.423s][info][gc] GC(945) Concurrent evacuation 8.528ms
[2021-02-07T17:36:01.112+0300][543.424s][info][gc] GC(945) Pause Init Update Refs 0.010ms
[2021-02-07T17:36:01.247+0300][543.559s][info][gc] GC(945) Concurrent update references 134.765ms
[2021-02-07T17:36:01.251+0300][543.562s][info][gc] GC(945) Pause Final Update Refs 0.123ms
[2021-02-07T17:36:01.251+0300][543.562s][info][gc] GC(945) Concurrent cleanup 252M->240M(256M) 0.016ms
[2021-02-07T17:36:01.252+0300][543.564s][info][gc] Trigger: Free (2190K) is below minimum threshold (26214K)
[2021-02-07T17:36:01.252+0300][543.564s][info][gc] GC(946) Concurrent reset 0.400ms
[2021-02-07T17:36:01.253+0300][543.565s][info][gc] GC(946) Pause Init Mark (unload classes) 0.110ms
[2021-02-07T17:36:01.601+0300][543.914s][info][gc] GC(946) Concurrent marking (unload classes) 348.663ms
[2021-02-07T17:36:01.602+0300][543.915s][info][gc] GC(946) Pause Final Mark (unload classes) 0.460ms
[2021-02-07T17:36:01.606+0300][543.918s][info][gc] GC(946) Concurrent weak roots 3.320ms
[2021-02-07T17:36:01.606+0300][543.918s][info][gc] GC(946) Concurrent cleanup 241M->241M(256M) 0.011ms
[2021-02-07T17:36:01.611+0300][543.923s][info][gc] GC(946) Concurrent class unloading 5.110ms
[2021-02-07T17:36:01.611+0300][543.923s][info][gc] GC(946) Concurrent strong roots 0.131ms
[2021-02-07T17:36:01.619+0300][543.932s][info][gc] GC(946) Concurrent evacuation 8.389ms
[2021-02-07T17:36:01.620+0300][543.932s][info][gc] GC(946) Pause Init Update Refs 0.010ms
[2021-02-07T17:36:01.752+0300][544.064s][info][gc] GC(946) Concurrent update references 132.179ms
[2021-02-07T17:36:01.764+0300][544.075s][info][gc] GC(946) Pause Final Update Refs 0.088ms
[2021-02-07T17:36:01.764+0300][544.075s][info][gc] GC(946) Concurrent cleanup 252M->241M(256M) 0.017ms
[2021-02-07T17:36:01.779+0300][544.091s][info][gc] Trigger: Free (1706K) is below minimum threshold (26214K)
[2021-02-07T17:36:01.779+0300][544.091s][info][gc] GC(947) Concurrent reset 0.427ms
[2021-02-07T17:36:01.780+0300][544.092s][info][gc] GC(947) Pause Init Mark (unload classes) 0.146ms
[2021-02-07T17:36:02.110+0300][544.422s][info][gc] GC(947) Concurrent marking (unload classes) 330.356ms
[2021-02-07T17:36:02.116+0300][544.427s][info][gc] GC(947) Pause Final Mark (unload classes) 0.254ms
[2021-02-07T17:36:02.120+0300][544.432s][info][gc] GC(947) Concurrent weak roots 4.531ms
[2021-02-07T17:36:02.120+0300][544.432s][info][gc] GC(947) Concurrent cleanup 242M->242M(256M) 0.010ms
[2021-02-07T17:36:02.123+0300][544.435s][info][gc] GC(947) Concurrent class unloading 3.070ms
[2021-02-07T17:36:02.123+0300][544.435s][info][gc] GC(947) Concurrent strong roots 0.129ms
[2021-02-07T17:36:02.131+0300][544.444s][info][gc] GC(947) Concurrent evacuation 8.313ms
[2021-02-07T17:36:02.132+0300][544.444s][info][gc] GC(947) Pause Init Update Refs 0.009ms
[2021-02-07T17:36:02.266+0300][544.578s][info][gc] GC(947) Concurrent update references 133.606ms
[2021-02-07T17:36:02.270+0300][544.581s][info][gc] GC(947) Pause Final Update Refs 0.114ms
[2021-02-07T17:36:02.270+0300][544.581s][info][gc] GC(947) Concurrent cleanup 252M->241M(256M) 0.019ms
[2021-02-07T17:36:02.271+0300][544.583s][info][gc] Trigger: Free (1934K) is below minimum threshold (26214K)
[2021-02-07T17:36:02.271+0300][544.583s][info][gc] GC(948) Concurrent reset 0.329ms
[2021-02-07T17:36:02.271+0300][544.584s][info][gc] GC(948) Pause Init Mark (unload classes) 0.150ms
[2021-02-07T17:36:02.604+0300][544.916s][info][gc] GC(948) Concurrent marking (unload classes) 332.035ms
[2021-02-07T17:36:02.610+0300][544.922s][info][gc] GC(948) Pause Final Mark (unload classes) 0.446ms
[2021-02-07T17:36:02.620+0300][544.932s][info][gc] GC(948) Concurrent weak roots 10.241ms
[2021-02-07T17:36:02.620+0300][544.932s][info][gc] GC(948) Concurrent cleanup 241M->241M(256M) 0.016ms
[2021-02-07T17:36:02.636+0300][544.948s][info][gc] GC(948) Concurrent class unloading 16.079ms
[2021-02-07T17:36:02.636+0300][544.948s][info][gc] GC(948) Concurrent strong roots 0.169ms
[2021-02-07T17:36:02.644+0300][544.957s][info][gc] GC(948) Concurrent evacuation 8.402ms
[2021-02-07T17:36:02.645+0300][544.957s][info][gc] GC(948) Pause Init Update Refs 0.009ms
[2021-02-07T17:36:02.780+0300][545.092s][info][gc] GC(948) Concurrent update references 134.627ms
[2021-02-07T17:36:02.784+0300][545.095s][info][gc] GC(948) Pause Final Update Refs 0.143ms
[2021-02-07T17:36:02.784+0300][545.095s][info][gc] GC(948) Concurrent cleanup 251M->240M(256M) 0.015ms
[2021-02-07T17:36:02.785+0300][545.097s][info][gc] Trigger: Free (2218K) is below minimum threshold (26214K)
[2021-02-07T17:36:02.785+0300][545.097s][info][gc] GC(949) Concurrent reset 0.364ms
[2021-02-07T17:36:02.786+0300][545.098s][info][gc] GC(949) Pause Init Mark (unload classes) 0.230ms
[2021-02-07T17:36:03.113+0300][545.425s][info][gc] GC(949) Concurrent marking (unload classes) 327.419ms
[2021-02-07T17:36:03.117+0300][545.429s][info][gc] GC(949) Pause Final Mark (unload classes) 0.444ms
[2021-02-07T17:36:03.120+0300][545.432s][info][gc] GC(949) Concurrent weak roots 3.300ms
[2021-02-07T17:36:03.120+0300][545.432s][info][gc] GC(949) Concurrent cleanup 241M->241M(256M) 0.010ms
[2021-02-07T17:36:03.125+0300][545.437s][info][gc] GC(949) Concurrent class unloading 5.092ms
[2021-02-07T17:36:03.125+0300][545.437s][info][gc] GC(949) Concurrent strong roots 0.134ms
[2021-02-07T17:36:03.134+0300][545.446s][info][gc] GC(949) Concurrent evacuation 8.673ms
[2021-02-07T17:36:03.138+0300][545.449s][info][gc] GC(949) Pause Init Update Refs 0.011ms
[2021-02-07T17:36:03.271+0300][545.583s][info][gc] GC(949) Concurrent update references 133.789ms
[2021-02-07T17:36:03.275+0300][545.586s][info][gc] GC(949) Pause Final Update Refs 0.143ms
[2021-02-07T17:36:03.275+0300][545.586s][info][gc] GC(949) Concurrent cleanup 251M->240M(256M) 0.016ms
[2021-02-07T17:36:03.276+0300][545.588s][info][gc] Trigger: Free (2446K) is below minimum threshold (26214K)
[2021-02-07T17:36:03.276+0300][545.588s][info][gc] GC(950) Concurrent reset 0.325ms
[2021-02-07T17:36:03.276+0300][545.589s][info][gc] GC(950) Pause Init Mark (process weakrefs) (unload classes) 0.144ms
[2021-02-07T17:36:03.620+0300][545.932s][info][gc] GC(950) Concurrent marking (process weakrefs) (unload classes) 343.642ms
[2021-02-07T17:36:03.620+0300][545.933s][info][gc] GC(950) Concurrent precleaning 0.145ms
[2021-02-07T17:36:03.624+0300][545.936s][info][gc] GC(950) Pause Final Mark (process weakrefs) (unload classes) 0.566ms
[2021-02-07T17:36:03.627+0300][545.939s][info][gc] GC(950) Concurrent weak roots 3.183ms
[2021-02-07T17:36:03.627+0300][545.939s][info][gc] GC(950) Concurrent cleanup 241M->241M(256M) 0.009ms
[2021-02-07T17:36:03.632+0300][545.944s][info][gc] GC(950) Concurrent class unloading 5.069ms
[2021-02-07T17:36:03.632+0300][545.944s][info][gc] GC(950) Concurrent strong roots 0.098ms
[2021-02-07T17:36:03.641+0300][545.953s][info][gc] GC(950) Concurrent evacuation 8.901ms
[2021-02-07T17:36:03.645+0300][545.956s][info][gc] GC(950) Pause Init Update Refs 0.009ms
[2021-02-07T17:36:03.776+0300][546.088s][info][gc] GC(950) Concurrent update references 132.106ms
[2021-02-07T17:36:03.777+0300][546.089s][info][gc] GC(950) Pause Final Update Refs 0.122ms
[2021-02-07T17:36:03.777+0300][546.089s][info][gc] GC(950) Concurrent cleanup 251M->240M(256M) 0.015ms
[2021-02-07T17:36:03.779+0300][546.091s][info][gc] Trigger: Free (2220K) is below minimum threshold (26214K)
[2021-02-07T17:36:03.779+0300][546.091s][info][gc] GC(951) Concurrent reset 0.294ms
[2021-02-07T17:36:03.779+0300][546.092s][info][gc] GC(951) Pause Init Mark (unload classes) 0.128ms
[2021-02-07T17:36:04.125+0300][546.437s][info][gc] GC(951) Concurrent marking (unload classes) 345.227ms
[2021-02-07T17:36:04.136+0300][546.448s][info][gc] GC(951) Pause Final Mark (unload classes) 0.459ms
[2021-02-07T17:36:04.139+0300][546.451s][info][gc] GC(951) Concurrent weak roots 3.198ms
[2021-02-07T17:36:04.139+0300][546.451s][info][gc] GC(951) Concurrent cleanup 241M->241M(256M) 0.012ms
[2021-02-07T17:36:04.144+0300][546.456s][info][gc] GC(951) Concurrent class unloading 5.126ms
[2021-02-07T17:36:04.144+0300][546.456s][info][gc] GC(951) Concurrent strong roots 0.164ms
[2021-02-07T17:36:04.153+0300][546.465s][info][gc] GC(951) Concurrent evacuation 8.528ms
[2021-02-07T17:36:04.153+0300][546.465s][info][gc] GC(951) Pause Init Update Refs 0.010ms
[2021-02-07T17:36:04.288+0300][546.600s][info][gc] GC(951) Concurrent update references 134.639ms
[2021-02-07T17:36:04.292+0300][546.603s][info][gc] GC(951) Pause Final Update Refs 0.147ms
[2021-02-07T17:36:04.292+0300][546.603s][info][gc] GC(951) Concurrent cleanup 251M->240M(256M) 0.017ms
[2021-02-07T17:36:04.295+0300][546.607s][info][gc] Trigger: Free (2335K) is below minimum threshold (26214K)
[2021-02-07T17:36:04.295+0300][546.607s][info][gc] GC(952) Concurrent reset 0.426ms
[2021-02-07T17:36:04.296+0300][546.608s][info][gc] GC(952) Pause Init Mark (unload classes) 0.154ms
[2021-02-07T17:36:04.646+0300][546.958s][info][gc] GC(952) Concurrent marking (unload classes) 350.194ms
[2021-02-07T17:36:04.649+0300][546.962s][info][gc] GC(952) Pause Final Mark (unload classes) 0.436ms
[2021-02-07T17:36:04.661+0300][546.973s][info][gc] GC(952) Concurrent weak roots 11.326ms
[2021-02-07T17:36:04.661+0300][546.973s][info][gc] GC(952) Concurrent cleanup 241M->241M(256M) 0.015ms
[2021-02-07T17:36:04.677+0300][546.989s][info][gc] GC(952) Concurrent class unloading 16.070ms
[2021-02-07T17:36:04.677+0300][546.989s][info][gc] GC(952) Concurrent strong roots 0.169ms
[2021-02-07T17:36:04.685+0300][546.998s][info][gc] GC(952) Concurrent evacuation 8.232ms
[2021-02-07T17:36:04.693+0300][547.005s][info][gc] GC(952) Pause Init Update Refs 0.012ms
[2021-02-07T17:36:04.826+0300][547.139s][info][gc] GC(952) Concurrent update references 133.595ms
[2021-02-07T17:36:04.829+0300][547.141s][info][gc] GC(952) Pause Final Update Refs 0.146ms
[2021-02-07T17:36:04.829+0300][547.141s][info][gc] GC(952) Concurrent cleanup 251M->240M(256M) 0.017ms
[2021-02-07T17:36:04.831+0300][547.143s][info][gc] Trigger: Free (2220K) is below minimum threshold (26214K)
[2021-02-07T17:36:04.831+0300][547.143s][info][gc] GC(953) Concurrent reset 0.359ms
[2021-02-07T17:36:04.832+0300][547.144s][info][gc] GC(953) Pause Init Mark (unload classes) 0.129ms
[2021-02-07T17:36:05.160+0300][547.472s][info][gc] GC(953) Concurrent marking (unload classes) 328.374ms
[2021-02-07T17:36:05.161+0300][547.474s][info][gc] GC(953) Pause Final Mark (unload classes) 0.436ms
[2021-02-07T17:36:05.165+0300][547.477s][info][gc] GC(953) Concurrent weak roots 3.094ms
[2021-02-07T17:36:05.165+0300][547.477s][info][gc] GC(953) Concurrent cleanup 242M->242M(256M) 0.011ms
[2021-02-07T17:36:05.167+0300][547.479s][info][gc] GC(953) Concurrent class unloading 2.368ms
[2021-02-07T17:36:05.167+0300][547.480s][info][gc] GC(953) Concurrent strong roots 0.164ms
[2021-02-07T17:36:05.176+0300][547.488s][info][gc] GC(953) Concurrent evacuation 8.311ms
[2021-02-07T17:36:05.180+0300][547.491s][info][gc] GC(953) Pause Init Update Refs 0.010ms
[2021-02-07T17:36:05.314+0300][547.627s][info][gc] GC(953) Concurrent update references 135.349ms
[2021-02-07T17:36:05.326+0300][547.637s][info][gc] GC(953) Pause Final Update Refs 0.079ms
[2021-02-07T17:36:05.326+0300][547.637s][info][gc] GC(953) Concurrent cleanup 251M->240M(256M) 0.020ms
[2021-02-07T17:36:05.341+0300][547.653s][info][gc] Trigger: Free (2362K) is below minimum threshold (26214K)
[2021-02-07T17:36:05.341+0300][547.653s][info][gc] GC(954) Concurrent reset 0.393ms
[2021-02-07T17:36:05.341+0300][547.654s][info][gc] GC(954) Pause Init Mark (unload classes) 0.145ms
[2021-02-07T17:36:05.693+0300][548.005s][info][gc] GC(954) Concurrent marking (unload classes) 351.100ms
[2021-02-07T17:36:05.694+0300][548.006s][info][gc] GC(954) Pause Final Mark (unload classes) 0.372ms
[2021-02-07T17:36:05.699+0300][548.010s][info][gc] GC(954) Concurrent weak roots 4.673ms
[2021-02-07T17:36:05.699+0300][548.010s][info][gc] GC(954) Concurrent cleanup 241M->241M(256M) 0.009ms
[2021-02-07T17:36:05.702+0300][548.013s][info][gc] GC(954) Concurrent class unloading 2.957ms
[2021-02-07T17:36:05.702+0300][548.014s][info][gc] GC(954) Concurrent strong roots 0.097ms
[2021-02-07T17:36:05.711+0300][548.022s][info][gc] GC(954) Concurrent evacuation 8.505ms
[2021-02-07T17:36:05.714+0300][548.025s][info][gc] GC(954) Pause Init Update Refs 0.014ms
[2021-02-07T17:36:05.847+0300][548.159s][info][gc] GC(954) Concurrent update references 133.729ms
[2021-02-07T17:36:05.848+0300][548.160s][info][gc] GC(954) Pause Final Update Refs 0.082ms
[2021-02-07T17:36:05.849+0300][548.160s][info][gc] GC(954) Concurrent cleanup 251M->240M(256M) 0.019ms
[2021-02-07T17:36:05.851+0300][548.162s][info][gc] Trigger: Free (2218K) is below minimum threshold (26214K)
[2021-02-07T17:36:05.851+0300][548.162s][info][gc] GC(955) Concurrent reset 0.309ms
[2021-02-07T17:36:05.851+0300][548.163s][info][gc] GC(955) Pause Init Mark (process weakrefs) (unload classes) 0.113ms
[2021-02-07T17:36:06.200+0300][548.512s][info][gc] GC(955) Concurrent marking (process weakrefs) (unload classes) 349.281ms
[2021-02-07T17:36:06.200+0300][548.512s][info][gc] GC(955) Concurrent precleaning 0.148ms
[2021-02-07T17:36:06.206+0300][548.518s][info][gc] GC(955) Pause Final Mark (process weakrefs) (unload classes) 0.452ms
[2021-02-07T17:36:06.210+0300][548.521s][info][gc] GC(955) Concurrent weak roots 3.229ms
[2021-02-07T17:36:06.210+0300][548.521s][info][gc] GC(955) Concurrent cleanup 241M->241M(256M) 0.013ms
[2021-02-07T17:36:06.215+0300][548.527s][info][gc] GC(955) Concurrent class unloading 5.166ms
[2021-02-07T17:36:06.215+0300][548.527s][info][gc] GC(955) Concurrent strong roots 0.168ms
[2021-02-07T17:36:06.224+0300][548.535s][info][gc] GC(955) Concurrent evacuation 8.528ms
[2021-02-07T17:36:06.224+0300][548.536s][info][gc] GC(955) Pause Init Update Refs 0.010ms
[2021-02-07T17:36:06.370+0300][548.682s][info][gc] GC(955) Concurrent update references 146.177ms
[2021-02-07T17:36:06.374+0300][548.686s][info][gc] GC(955) Pause Final Update Refs 0.124ms
[2021-02-07T17:36:06.374+0300][548.686s][info][gc] GC(955) Concurrent cleanup 251M->240M(256M) 0.018ms
[2021-02-07T17:36:06.376+0300][548.688s][info][gc] Trigger: Free (2362K) is below minimum threshold (26214K)
[2021-02-07T17:36:06.376+0300][548.688s][info][gc] GC(956) Concurrent reset 0.325ms
[2021-02-07T17:36:06.376+0300][548.689s][info][gc] GC(956) Pause Init Mark (unload classes) 0.124ms
[2021-02-07T17:36:06.705+0300][549.017s][info][gc] GC(956) Concurrent marking (unload classes) 328.676ms
[2021-02-07T17:36:06.709+0300][549.021s][info][gc] GC(956) Pause Final Mark (unload classes) 0.441ms
[2021-02-07T17:36:06.713+0300][549.024s][info][gc] GC(956) Concurrent weak roots 3.459ms
[2021-02-07T17:36:06.713+0300][549.025s][info][gc] GC(956) Concurrent cleanup 241M->241M(256M) 0.012ms
[2021-02-07T17:36:06.718+0300][549.030s][info][gc] GC(956) Concurrent class unloading 5.113ms
[2021-02-07T17:36:06.718+0300][549.030s][info][gc] GC(956) Concurrent strong roots 0.168ms
[2021-02-07T17:36:06.727+0300][549.038s][info][gc] GC(956) Concurrent evacuation 8.518ms
[2021-02-07T17:36:06.727+0300][549.039s][info][gc] GC(956) Pause Init Update Refs 0.009ms
[2021-02-07T17:36:06.875+0300][549.187s][info][gc] GC(956) Concurrent update references 147.770ms
[2021-02-07T17:36:06.876+0300][549.188s][info][gc] GC(956) Pause Final Update Refs 0.127ms
[2021-02-07T17:36:06.876+0300][549.188s][info][gc] GC(956) Concurrent cleanup 251M->240M(256M) 0.016ms
[2021-02-07T17:36:06.878+0300][549.189s][info][gc] Trigger: Free (2473K) is below minimum threshold (26214K)
[2021-02-07T17:36:06.878+0300][549.190s][info][gc] GC(957) Concurrent reset 0.352ms
[2021-02-07T17:36:06.878+0300][549.190s][info][gc] GC(957) Pause Init Mark (unload classes) 0.120ms
[2021-02-07T17:36:07.223+0300][549.535s][info][gc] GC(957) Concurrent marking (unload classes) 344.477ms
[2021-02-07T17:36:07.226+0300][549.538s][info][gc] GC(957) Pause Final Mark (unload classes) 0.388ms
[2021-02-07T17:36:07.230+0300][549.541s][info][gc] GC(957) Concurrent weak roots 3.436ms
[2021-02-07T17:36:07.230+0300][549.541s][info][gc] GC(957) Concurrent cleanup 241M->241M(256M) 0.010ms
[2021-02-07T17:36:07.235+0300][549.547s][info][gc] GC(957) Concurrent class unloading 5.118ms
[2021-02-07T17:36:07.235+0300][549.547s][info][gc] GC(957) Concurrent strong roots 0.134ms
[2021-02-07T17:36:07.244+0300][549.556s][info][gc] GC(957) Concurrent evacuation 8.848ms
[2021-02-07T17:36:07.247+0300][549.559s][info][gc] GC(957) Pause Init Update Refs 0.011ms
[2021-02-07T17:36:07.386+0300][549.698s][info][gc] GC(957) Concurrent update references 139.547ms
[2021-02-07T17:36:07.387+0300][549.699s][info][gc] GC(957) Pause Final Update Refs 0.122ms
[2021-02-07T17:36:07.387+0300][549.699s][info][gc] GC(957) Concurrent cleanup 251M->240M(256M) 0.019ms
[2021-02-07T17:36:07.389+0300][549.700s][info][gc] Trigger: Free (2107K) is below minimum threshold (26214K)
[2021-02-07T17:36:07.389+0300][549.701s][info][gc] GC(958) Concurrent reset 0.364ms
[2021-02-07T17:36:07.390+0300][549.701s][info][gc] GC(958) Pause Init Mark (unload classes) 0.132ms
[2021-02-07T17:36:07.719+0300][550.031s][info][gc] GC(958) Concurrent marking (unload classes) 329.675ms
[2021-02-07T17:36:07.735+0300][550.047s][info][gc] GC(958) Pause Final Mark (unload classes) 0.276ms
[2021-02-07T17:36:07.739+0300][550.050s][info][gc] GC(958) Concurrent weak roots 3.451ms
[2021-02-07T17:36:07.739+0300][550.050s][info][gc] GC(958) Concurrent cleanup 241M->241M(256M) 0.011ms
[2021-02-07T17:36:07.744+0300][550.056s][info][gc] GC(958) Concurrent class unloading 5.106ms
[2021-02-07T17:36:07.744+0300][550.056s][info][gc] GC(958) Concurrent strong roots 0.165ms
[2021-02-07T17:36:07.752+0300][550.064s][info][gc] GC(958) Concurrent evacuation 8.350ms
[2021-02-07T17:36:07.756+0300][550.068s][info][gc] GC(958) Pause Init Update Refs 0.013ms
[2021-02-07T17:36:07.890+0300][550.202s][info][gc] GC(958) Concurrent update references 134.497ms
[2021-02-07T17:36:07.893+0300][550.205s][info][gc] GC(958) Pause Final Update Refs 0.144ms
[2021-02-07T17:36:07.893+0300][550.205s][info][gc] GC(958) Concurrent cleanup 251M->240M(256M) 0.017ms
[2021-02-07T17:36:07.895+0300][550.206s][info][gc] Trigger: Free (2474K) is below minimum threshold (26214K)
[2021-02-07T17:36:07.895+0300][550.207s][info][gc] GC(959) Concurrent reset 0.417ms
[2021-02-07T17:36:07.896+0300][550.207s][info][gc] GC(959) Pause Init Mark (unload classes) 0.141ms
[2021-02-07T17:36:08.242+0300][550.554s][info][gc] GC(959) Concurrent marking (unload classes) 345.925ms
[2021-02-07T17:36:08.243+0300][550.554s][info][gc] GC(959) Pause Final Mark (unload classes) 0.361ms
[2021-02-07T17:36:08.246+0300][550.557s][info][gc] GC(959) Concurrent weak roots 2.871ms
[2021-02-07T17:36:08.246+0300][550.557s][info][gc] GC(959) Concurrent cleanup 241M->241M(256M) 0.010ms
[2021-02-07T17:36:08.251+0300][550.563s][info][gc] GC(959) Concurrent class unloading 5.105ms
[2021-02-07T17:36:08.251+0300][550.563s][info][gc] GC(959) Concurrent strong roots 0.163ms
[2021-02-07T17:36:08.260+0300][550.572s][info][gc] GC(959) Concurrent evacuation 9.161ms
[2021-02-07T17:36:08.263+0300][550.575s][info][gc] GC(959) Pause Init Update Refs 0.011ms
[2021-02-07T17:36:08.398+0300][550.710s][info][gc] GC(959) Concurrent update references 135.584ms
[2021-02-07T17:36:08.399+0300][550.711s][info][gc] GC(959) Pause Final Update Refs 0.121ms
[2021-02-07T17:36:08.399+0300][550.711s][info][gc] GC(959) Concurrent cleanup 251M->240M(256M) 0.015ms
[2021-02-07T17:36:08.401+0300][550.712s][info][gc] Trigger: Free (2361K) is below minimum threshold (26214K)
[2021-02-07T17:36:08.401+0300][550.713s][info][gc] GC(960) Concurrent reset 0.353ms
[2021-02-07T17:36:08.401+0300][550.713s][info][gc] GC(960) Pause Init Mark (process weakrefs) (unload classes) 0.095ms
[2021-02-07T17:36:08.732+0300][551.044s][info][gc] GC(960) Concurrent marking (process weakrefs) (unload classes) 330.668ms
[2021-02-07T17:36:08.732+0300][551.044s][info][gc] GC(960) Concurrent precleaning 0.149ms
[2021-02-07T17:36:08.734+0300][551.046s][info][gc] GC(960) Pause Final Mark (process weakrefs) (unload classes) 0.426ms
[2021-02-07T17:36:08.739+0300][551.050s][info][gc] GC(960) Concurrent weak roots 4.815ms
[2021-02-07T17:36:08.739+0300][551.051s][info][gc] GC(960) Concurrent cleanup 242M->242M(256M) 0.013ms
[2021-02-07T17:36:08.742+0300][551.053s][info][gc] GC(960) Concurrent class unloading 2.923ms
[2021-02-07T17:36:08.742+0300][551.054s][info][gc] GC(960) Concurrent strong roots 0.163ms
[2021-02-07T17:36:08.750+0300][551.062s][info][gc] GC(960) Concurrent evacuation 8.139ms
[2021-02-07T17:36:08.751+0300][551.063s][info][gc] GC(960) Pause Init Update Refs 0.009ms
[2021-02-07T17:36:08.887+0300][551.199s][info][gc] GC(960) Concurrent update references 135.922ms
[2021-02-07T17:36:08.890+0300][551.202s][info][gc] GC(960) Pause Final Update Refs 0.126ms
[2021-02-07T17:36:08.890+0300][551.202s][info][gc] GC(960) Concurrent cleanup 251M->240M(256M) 0.016ms
[2021-02-07T17:36:08.892+0300][551.203s][info][gc] Trigger: Free (2474K) is below minimum threshold (26214K)
[2021-02-07T17:36:08.892+0300][551.204s][info][gc] GC(961) Concurrent reset 0.364ms
[2021-02-07T17:36:08.892+0300][551.204s][info][gc] GC(961) Pause Init Mark (unload classes) 0.095ms
[2021-02-07T17:36:09.222+0300][551.534s][info][gc] GC(961) Concurrent marking (unload classes) 329.689ms
[2021-02-07T17:36:09.227+0300][551.539s][info][gc] GC(961) Pause Final Mark (unload classes) 0.444ms
[2021-02-07T17:36:09.231+0300][551.542s][info][gc] GC(961) Concurrent weak roots 3.281ms
[2021-02-07T17:36:09.231+0300][551.542s][info][gc] GC(961) Concurrent cleanup 242M->242M(256M) 0.010ms
[2021-02-07T17:36:09.236+0300][551.548s][info][gc] GC(961) Concurrent class unloading 5.107ms
[2021-02-07T17:36:09.236+0300][551.548s][info][gc] GC(961) Concurrent strong roots 0.164ms
[2021-02-07T17:36:09.245+0300][551.557s][info][gc] GC(961) Concurrent evacuation 9.211ms
[2021-02-07T17:36:09.248+0300][551.560s][info][gc] GC(961) Pause Init Update Refs 0.009ms
[2021-02-07T17:36:09.387+0300][551.699s][info][gc] GC(961) Concurrent update references 139.071ms
[2021-02-07T17:36:09.390+0300][551.702s][info][gc] GC(961) Pause Final Update Refs 0.143ms
[2021-02-07T17:36:09.390+0300][551.702s][info][gc] GC(961) Concurrent cleanup 251M->240M(256M) 0.017ms
[2021-02-07T17:36:09.392+0300][551.703s][info][gc] Trigger: Free (2360K) is below minimum threshold (26214K)
[2021-02-07T17:36:09.392+0300][551.704s][info][gc] GC(962) Concurrent reset 0.355ms
[2021-02-07T17:36:09.392+0300][551.704s][info][gc] GC(962) Pause Init Mark (unload classes) 0.149ms
[2021-02-07T17:36:09.721+0300][552.033s][info][gc] GC(962) Concurrent marking (unload classes) 328.962ms
[2021-02-07T17:36:09.726+0300][552.038s][info][gc] GC(962) Pause Final Mark (unload classes) 0.440ms
[2021-02-07T17:36:09.730+0300][552.041s][info][gc] GC(962) Concurrent weak roots 3.289ms
[2021-02-07T17:36:09.730+0300][552.041s][info][gc] GC(962) Concurrent cleanup 241M->241M(256M) 0.010ms
[2021-02-07T17:36:09.735+0300][552.047s][info][gc] GC(962) Concurrent class unloading 5.125ms
[2021-02-07T17:36:09.735+0300][552.047s][info][gc] GC(962) Concurrent strong roots 0.166ms
[2021-02-07T17:36:09.744+0300][552.056s][info][gc] GC(962) Concurrent evacuation 8.842ms
[2021-02-07T17:36:09.747+0300][552.059s][info][gc] GC(962) Pause Init Update Refs 0.009ms
[2021-02-07T17:36:09.896+0300][552.208s][info][gc] GC(962) Concurrent update references 149.039ms
[2021-02-07T17:36:09.897+0300][552.209s][info][gc] GC(962) Pause Final Update Refs 0.122ms
[2021-02-07T17:36:09.897+0300][552.209s][info][gc] GC(962) Concurrent cleanup 251M->240M(256M) 0.016ms
[2021-02-07T17:36:09.899+0300][552.210s][info][gc] Trigger: Free (2218K) is below minimum threshold (26214K)
[2021-02-07T17:36:09.899+0300][552.211s][info][gc] GC(963) Concurrent reset 0.376ms
[2021-02-07T17:36:09.900+0300][552.211s][info][gc] GC(963) Pause Init Mark (unload classes) 0.098ms
[2021-02-07T17:36:10.228+0300][552.540s][info][gc] GC(963) Concurrent marking (unload classes) 328.844ms
[2021-02-07T17:36:10.246+0300][552.558s][info][gc] GC(963) Pause Final Mark (unload classes) 0.457ms
[2021-02-07T17:36:10.250+0300][552.561s][info][gc] GC(963) Concurrent weak roots 3.207ms
[2021-02-07T17:36:10.250+0300][552.561s][info][gc] GC(963) Concurrent cleanup 241M->241M(256M) 0.009ms
[2021-02-07T17:36:10.255+0300][552.567s][info][gc] GC(963) Concurrent class unloading 5.106ms
[2021-02-07T17:36:10.255+0300][552.567s][info][gc] GC(963) Concurrent strong roots 0.163ms
[2021-02-07T17:36:10.263+0300][552.575s][info][gc] GC(963) Concurrent evacuation 8.529ms
[2021-02-07T17:36:10.267+0300][552.579s][info][gc] GC(963) Pause Init Update Refs 0.009ms
[2021-02-07T17:36:10.414+0300][552.726s][info][gc] GC(963) Concurrent update references 147.033ms
[2021-02-07T17:36:10.415+0300][552.727s][info][gc] GC(963) Pause Final Update Refs 0.141ms
[2021-02-07T17:36:10.415+0300][552.727s][info][gc] GC(963) Concurrent cleanup 251M->240M(256M) 0.016ms
[2021-02-07T17:36:10.417+0300][552.728s][info][gc] Trigger: Free (2599K) is below minimum threshold (26214K)
[2021-02-07T17:36:10.417+0300][552.729s][info][gc] GC(964) Concurrent reset 0.360ms
[2021-02-07T17:36:10.417+0300][552.729s][info][gc] GC(964) Pause Init Mark (unload classes) 0.119ms
[2021-02-07T17:36:10.748+0300][553.060s][info][gc] GC(964) Concurrent marking (unload classes) 330.454ms
[2021-02-07T17:36:10.751+0300][553.063s][info][gc] GC(964) Pause Final Mark (unload classes) 0.386ms
[2021-02-07T17:36:10.755+0300][553.066s][info][gc] GC(964) Concurrent weak roots 3.343ms
[2021-02-07T17:36:10.755+0300][553.066s][info][gc] GC(964) Concurrent cleanup 241M->241M(256M) 0.011ms
[2021-02-07T17:36:10.760+0300][553.072s][info][gc] GC(964) Concurrent class unloading 5.078ms
[2021-02-07T17:36:10.760+0300][553.072s][info][gc] GC(964) Concurrent strong roots 0.168ms
[2021-02-07T17:36:10.768+0300][553.080s][info][gc] GC(964) Concurrent evacuation 8.421ms
[2021-02-07T17:36:10.772+0300][553.084s][info][gc] GC(964) Pause Init Update Refs 0.012ms
[2021-02-07T17:36:10.916+0300][553.228s][info][gc] GC(964) Concurrent update references 144.295ms
[2021-02-07T17:36:10.917+0300][553.229s][info][gc] GC(964) Pause Final Update Refs 0.140ms
[2021-02-07T17:36:10.918+0300][553.229s][info][gc] GC(964) Concurrent cleanup 251M->240M(256M) 0.015ms
[2021-02-07T17:36:10.920+0300][553.231s][info][gc] Trigger: Free (2476K) is below minimum threshold (26214K)
[2021-02-07T17:36:10.920+0300][553.232s][info][gc] GC(965) Concurrent reset 0.367ms
[2021-02-07T17:36:10.920+0300][553.232s][info][gc] GC(965) Pause Init Mark (process weakrefs) (unload classes) 0.114ms
[2021-02-07T17:36:11.249+0300][553.561s][info][gc] GC(965) Concurrent marking (process weakrefs) (unload classes) 328.915ms
[2021-02-07T17:36:11.250+0300][553.561s][info][gc] GC(965) Concurrent precleaning 0.122ms
[2021-02-07T17:36:11.255+0300][553.567s][info][gc] GC(965) Pause Final Mark (process weakrefs) (unload classes) 0.461ms
[2021-02-07T17:36:11.259+0300][553.570s][info][gc] GC(965) Concurrent weak roots 3.272ms
[2021-02-07T17:36:11.259+0300][553.570s][info][gc] GC(965) Concurrent cleanup 241M->241M(256M) 0.010ms
[2021-02-07T17:36:11.264+0300][553.576s][info][gc] GC(965) Concurrent class unloading 5.064ms
[2021-02-07T17:36:11.264+0300][553.576s][info][gc] GC(965) Concurrent strong roots 0.133ms
[2021-02-07T17:36:11.272+0300][553.584s][info][gc] GC(965) Concurrent evacuation 8.324ms
[2021-02-07T17:36:11.275+0300][553.587s][info][gc] GC(965) Pause Init Update Refs 0.009ms
[2021-02-07T17:36:11.412+0300][553.724s][info][gc] GC(965) Concurrent update references 136.986ms
[2021-02-07T17:36:11.415+0300][553.727s][info][gc] GC(965) Pause Final Update Refs 0.084ms
[2021-02-07T17:36:11.415+0300][553.727s][info][gc] GC(965) Concurrent cleanup 251M->240M(256M) 0.025ms
[2021-02-07T17:36:11.417+0300][553.728s][info][gc] Trigger: Free (2619K) is below minimum threshold (26214K)
[2021-02-07T17:36:11.417+0300][553.729s][info][gc] GC(966) Concurrent reset 0.411ms
[2021-02-07T17:36:11.418+0300][553.730s][info][gc] GC(966) Pause Init Mark (unload classes) 0.088ms
[2021-02-07T17:36:11.748+0300][554.060s][info][gc] GC(966) Concurrent marking (unload classes) 330.557ms
[2021-02-07T17:36:11.751+0300][554.063s][info][gc] GC(966) Pause Final Mark (unload classes) 0.426ms
[2021-02-07T17:36:11.755+0300][554.066s][info][gc] GC(966) Concurrent weak roots 3.324ms
[2021-02-07T17:36:11.755+0300][554.067s][info][gc] GC(966) Concurrent cleanup 241M->241M(256M) 0.016ms
[2021-02-07T17:36:11.760+0300][554.072s][info][gc] GC(966) Concurrent class unloading 5.010ms
[2021-02-07T17:36:11.760+0300][554.072s][info][gc] GC(966) Concurrent strong roots 0.173ms
[2021-02-07T17:36:11.768+0300][554.080s][info][gc] GC(966) Concurrent evacuation 8.000ms
[2021-02-07T17:36:11.769+0300][554.081s][info][gc] GC(966) Pause Init Update Refs 0.009ms
[2021-02-07T17:36:11.905+0300][554.217s][info][gc] GC(966) Concurrent update references 136.069ms
[2021-02-07T17:36:11.908+0300][554.220s][info][gc] GC(966) Pause Final Update Refs 0.121ms
[2021-02-07T17:36:11.908+0300][554.220s][info][gc] GC(966) Concurrent cleanup 251M->240M(256M) 0.016ms
[2021-02-07T17:36:11.910+0300][554.221s][info][gc] Trigger: Free (2732K) is below minimum threshold (26214K)
[2021-02-07T17:36:11.910+0300][554.222s][info][gc] GC(967) Concurrent reset 0.353ms
[2021-02-07T17:36:11.910+0300][554.222s][info][gc] GC(967) Pause Init Mark (unload classes) 0.122ms
[2021-02-07T17:36:12.242+0300][554.554s][info][gc] GC(967) Concurrent marking (unload classes) 331.536ms
[2021-02-07T17:36:12.246+0300][554.558s][info][gc] GC(967) Pause Final Mark (unload classes) 0.435ms
[2021-02-07T17:36:12.250+0300][554.561s][info][gc] GC(967) Concurrent weak roots 3.284ms
[2021-02-07T17:36:12.250+0300][554.561s][info][gc] GC(967) Concurrent cleanup 242M->242M(256M) 0.011ms
[2021-02-07T17:36:12.252+0300][554.564s][info][gc] GC(967) Concurrent class unloading 2.379ms
[2021-02-07T17:36:12.252+0300][554.564s][info][gc] GC(967) Concurrent strong roots 0.159ms
[2021-02-07T17:36:12.260+0300][554.572s][info][gc] GC(967) Concurrent evacuation 7.906ms
[2021-02-07T17:36:12.263+0300][554.575s][info][gc] GC(967) Pause Init Update Refs 0.012ms
[2021-02-07T17:36:12.400+0300][554.712s][info][gc] GC(967) Concurrent update references 137.129ms
[2021-02-07T17:36:12.403+0300][554.715s][info][gc] GC(967) Pause Final Update Refs 0.146ms
[2021-02-07T17:36:12.403+0300][554.715s][info][gc] GC(967) Concurrent cleanup 251M->240M(256M) 0.040ms
[2021-02-07T17:36:12.405+0300][554.716s][info][gc] Trigger: Free (2622K) is below minimum threshold (26214K)
[2021-02-07T17:36:12.405+0300][554.717s][info][gc] GC(968) Concurrent reset 0.378ms
[2021-02-07T17:36:12.405+0300][554.717s][info][gc] GC(968) Pause Init Mark (unload classes) 0.122ms
[2021-02-07T17:36:12.751+0300][555.063s][info][gc] GC(968) Concurrent marking (unload classes) 345.230ms
[2021-02-07T17:36:12.755+0300][555.067s][info][gc] GC(968) Pause Final Mark (unload classes) 0.428ms
[2021-02-07T17:36:12.759+0300][555.070s][info][gc] GC(968) Concurrent weak roots 3.324ms
[2021-02-07T17:36:12.759+0300][555.070s][info][gc] GC(968) Concurrent cleanup 241M->241M(256M) 0.010ms
[2021-02-07T17:36:12.764+0300][555.076s][info][gc] GC(968) Concurrent class unloading 5.090ms
[2021-02-07T17:36:12.764+0300][555.076s][info][gc] GC(968) Concurrent strong roots 0.158ms
[2021-02-07T17:36:12.773+0300][555.085s][info][gc] GC(968) Concurrent evacuation 9.256ms
[2021-02-07T17:36:12.776+0300][555.088s][info][gc] GC(968) Pause Init Update Refs 0.009ms
[2021-02-07T17:36:12.913+0300][555.225s][info][gc] GC(968) Concurrent update references 137.121ms
[2021-02-07T17:36:12.914+0300][555.225s][info][gc] GC(968) Pause Final Update Refs 0.148ms
[2021-02-07T17:36:12.914+0300][555.226s][info][gc] GC(968) Concurrent cleanup 250M->240M(256M) 0.016ms
[2021-02-07T17:36:12.916+0300][555.227s][info][gc] Trigger: Free (2732K) is below minimum threshold (26214K)
[2021-02-07T17:36:12.916+0300][555.228s][info][gc] GC(969) Concurrent reset 0.357ms
[2021-02-07T17:36:12.916+0300][555.228s][info][gc] GC(969) Pause Init Mark (unload classes) 0.150ms
[2021-02-07T17:36:13.253+0300][555.565s][info][gc] GC(969) Concurrent marking (unload classes) 336.572ms
[2021-02-07T17:36:13.257+0300][555.569s][info][gc] GC(969) Pause Final Mark (unload classes) 0.236ms
[2021-02-07T17:36:13.262+0300][555.573s][info][gc] GC(969) Concurrent weak roots 4.743ms
[2021-02-07T17:36:13.262+0300][555.573s][info][gc] GC(969) Concurrent cleanup 241M->241M(256M) 0.014ms
[2021-02-07T17:36:13.267+0300][555.578s][info][gc] GC(969) Concurrent class unloading 5.002ms
[2021-02-07T17:36:13.267+0300][555.579s][info][gc] GC(969) Concurrent strong roots 0.144ms
[2021-02-07T17:36:13.275+0300][555.587s][info][gc] GC(969) Concurrent evacuation 8.479ms
[2021-02-07T17:36:13.280+0300][555.591s][info][gc] GC(969) Pause Init Update Refs 0.013ms
[2021-02-07T17:36:13.418+0300][555.730s][info][gc] GC(969) Concurrent update references 138.326ms
[2021-02-07T17:36:13.419+0300][555.731s][info][gc] GC(969) Pause Final Update Refs 0.119ms
[2021-02-07T17:36:13.419+0300][555.731s][info][gc] GC(969) Concurrent cleanup 250M->240M(256M) 0.018ms
[2021-02-07T17:36:13.425+0300][555.736s][info][gc] Trigger: Free (2878K) is below minimum threshold (26214K)
[2021-02-07T17:36:13.425+0300][555.737s][info][gc] GC(970) Concurrent reset 0.469ms
[2021-02-07T17:36:13.426+0300][555.737s][info][gc] GC(970) Pause Init Mark (process weakrefs) (unload classes) 0.127ms
[2021-02-07T17:36:13.758+0300][556.071s][info][gc] GC(970) Concurrent marking (process weakrefs) (unload classes) 333.083ms
[2021-02-07T17:36:13.759+0300][556.071s][info][gc] GC(970) Concurrent precleaning 0.089ms
[2021-02-07T17:36:13.762+0300][556.074s][info][gc] GC(970) Pause Final Mark (process weakrefs) (unload classes) 0.378ms
[2021-02-07T17:36:13.766+0300][556.078s][info][gc] GC(970) Concurrent weak roots 3.338ms
[2021-02-07T17:36:13.766+0300][556.078s][info][gc] GC(970) Concurrent cleanup 240M->240M(256M) 0.010ms
[2021-02-07T17:36:13.771+0300][556.083s][info][gc] GC(970) Concurrent class unloading 5.027ms
[2021-02-07T17:36:13.771+0300][556.083s][info][gc] GC(970) Concurrent strong roots 0.140ms
[2021-02-07T17:36:13.780+0300][556.092s][info][gc] GC(970) Concurrent evacuation 8.496ms
[2021-02-07T17:36:13.781+0300][556.093s][info][gc] GC(970) Pause Init Update Refs 0.010ms
[2021-02-07T17:36:13.932+0300][556.244s][info][gc] GC(970) Concurrent update references 151.171ms
[2021-02-07T17:36:13.935+0300][556.246s][info][gc] GC(970) Pause Final Update Refs 0.142ms
[2021-02-07T17:36:13.935+0300][556.247s][info][gc] GC(970) Concurrent cleanup 251M->240M(256M) 0.017ms
[2021-02-07T17:36:13.937+0300][556.248s][info][gc] Trigger: Free (2733K) is below minimum threshold (26214K)
[2021-02-07T17:36:13.937+0300][556.249s][info][gc] GC(971) Concurrent reset 0.408ms
[2021-02-07T17:36:13.938+0300][556.249s][info][gc] GC(971) Pause Init Mark (unload classes) 0.160ms
[2021-02-07T17:36:14.288+0300][556.600s][info][gc] GC(971) Concurrent marking (unload classes) 350.532ms
[2021-02-07T17:36:14.293+0300][556.605s][info][gc] GC(971) Pause Final Mark (unload classes) 0.422ms
[2021-02-07T17:36:14.297+0300][556.608s][info][gc] GC(971) Concurrent weak roots 3.272ms
[2021-02-07T17:36:14.297+0300][556.608s][info][gc] GC(971) Concurrent cleanup 241M->241M(256M) 0.012ms
[2021-02-07T17:36:14.305+0300][556.617s][info][gc] GC(971) Concurrent class unloading 8.362ms
[2021-02-07T17:36:14.305+0300][556.617s][info][gc] GC(971) Concurrent strong roots 0.143ms
[2021-02-07T17:36:14.314+0300][556.625s][info][gc] GC(971) Concurrent evacuation 8.472ms
[2021-02-07T17:36:14.317+0300][556.628s][info][gc] GC(971) Pause Init Update Refs 0.014ms
[2021-02-07T17:36:14.450+0300][556.762s][info][gc] GC(971) Concurrent update references 133.397ms
[2021-02-07T17:36:14.453+0300][556.764s][info][gc] GC(971) Pause Final Update Refs 0.088ms
[2021-02-07T17:36:14.453+0300][556.765s][info][gc] GC(971) Concurrent cleanup 251M->240M(256M) 0.020ms
[2021-02-07T17:36:14.455+0300][556.766s][info][gc] Trigger: Free (2622K) is below minimum threshold (26214K)
[2021-02-07T17:36:14.455+0300][556.767s][info][gc] GC(972) Concurrent reset 0.414ms
[2021-02-07T17:36:14.455+0300][556.767s][info][gc] GC(972) Pause Init Mark (unload classes) 0.087ms
[2021-02-07T17:36:14.787+0300][557.099s][info][gc] GC(972) Concurrent marking (unload classes) 331.349ms
[2021-02-07T17:36:14.788+0300][557.100s][info][gc] GC(972) Pause Final Mark (unload classes) 0.344ms
[2021-02-07T17:36:14.792+0300][557.103s][info][gc] GC(972) Concurrent weak roots 3.350ms
[2021-02-07T17:36:14.792+0300][557.103s][info][gc] GC(972) Concurrent cleanup 241M->241M(256M) 0.012ms
[2021-02-07T17:36:14.797+0300][557.108s][info][gc] GC(972) Concurrent class unloading 5.035ms
[2021-02-07T17:36:14.797+0300][557.108s][info][gc] GC(972) Concurrent strong roots 0.107ms
[2021-02-07T17:36:14.806+0300][557.117s][info][gc] GC(972) Concurrent evacuation 8.995ms
[2021-02-07T17:36:14.809+0300][557.120s][info][gc] GC(972) Pause Init Update Refs 0.010ms
[2021-02-07T17:36:14.968+0300][557.280s][info][gc] GC(972) Concurrent update references 159.475ms
[2021-02-07T17:36:14.971+0300][557.282s][info][gc] GC(972) Pause Final Update Refs 0.082ms
[2021-02-07T17:36:14.971+0300][557.282s][info][gc] GC(972) Concurrent cleanup 251M->240M(256M) 0.023ms
[2021-02-07T17:36:14.973+0300][557.284s][info][gc] Trigger: Free (2732K) is below minimum threshold (26214K)
[2021-02-07T17:36:14.973+0300][557.285s][info][gc] GC(973) Concurrent reset 0.360ms
[2021-02-07T17:36:14.973+0300][557.285s][info][gc] GC(973) Pause Init Mark (unload classes) 0.087ms
[2021-02-07T17:36:15.322+0300][557.633s][info][gc] GC(973) Concurrent marking (unload classes) 348.213ms
[2021-02-07T17:36:15.326+0300][557.638s][info][gc] GC(973) Pause Final Mark (unload classes) 0.438ms
[2021-02-07T17:36:15.331+0300][557.643s][info][gc] GC(973) Concurrent weak roots 4.720ms
[2021-02-07T17:36:15.331+0300][557.643s][info][gc] GC(973) Concurrent cleanup 241M->241M(256M) 0.009ms
[2021-02-07T17:36:15.334+0300][557.646s][info][gc] GC(973) Concurrent class unloading 3.095ms
[2021-02-07T17:36:15.334+0300][557.646s][info][gc] GC(973) Concurrent strong roots 0.169ms
[2021-02-07T17:36:15.342+0300][557.654s][info][gc] GC(973) Concurrent evacuation 8.261ms
[2021-02-07T17:36:15.345+0300][557.657s][info][gc] GC(973) Pause Init Update Refs 0.009ms
[2021-02-07T17:36:15.501+0300][557.813s][info][gc] GC(973) Concurrent update references 156.566ms
[2021-02-07T17:36:15.503+0300][557.815s][info][gc] GC(973) Pause Final Update Refs 0.139ms
[2021-02-07T17:36:15.503+0300][557.815s][info][gc] GC(973) Concurrent cleanup 251M->240M(256M) 0.027ms
[2021-02-07T17:36:15.505+0300][557.817s][info][gc] Trigger: Free (2734K) is below minimum threshold (26214K)
[2021-02-07T17:36:15.505+0300][557.817s][info][gc] GC(974) Concurrent reset 0.510ms
[2021-02-07T17:36:15.506+0300][557.818s][info][gc] GC(974) Pause Init Mark (unload classes) 0.154ms
[2021-02-07T17:36:15.854+0300][558.166s][info][gc] GC(974) Concurrent marking (unload classes) 347.710ms
[2021-02-07T17:36:15.857+0300][558.169s][info][gc] GC(974) Pause Final Mark (unload classes) 0.437ms
[2021-02-07T17:36:15.861+0300][558.173s][info][gc] GC(974) Concurrent weak roots 3.387ms
[2021-02-07T17:36:15.861+0300][558.173s][info][gc] GC(974) Concurrent cleanup 241M->241M(256M) 0.010ms
[2021-02-07T17:36:15.866+0300][558.178s][info][gc] GC(974) Concurrent class unloading 5.075ms
[2021-02-07T17:36:15.866+0300][558.178s][info][gc] GC(974) Concurrent strong roots 0.135ms
[2021-02-07T17:36:15.875+0300][558.187s][info][gc] GC(974) Concurrent evacuation 9.155ms
[2021-02-07T17:36:15.878+0300][558.190s][info][gc] GC(974) Pause Init Update Refs 0.009ms
[2021-02-07T17:36:16.034+0300][558.346s][info][gc] GC(974) Concurrent update references 156.344ms
[2021-02-07T17:36:16.037+0300][558.349s][info][gc] GC(974) Pause Final Update Refs 0.183ms
[2021-02-07T17:36:16.037+0300][558.349s][info][gc] GC(974) Concurrent cleanup 251M->239M(256M) 0.024ms
[2021-02-07T17:36:16.039+0300][558.351s][info][gc] Trigger: Free (2990K) is below minimum threshold (26214K)
[2021-02-07T17:36:16.039+0300][558.351s][info][gc] GC(975) Concurrent reset 0.419ms
[2021-02-07T17:36:16.040+0300][558.352s][info][gc] GC(975) Pause Init Mark (process weakrefs) (unload classes) 0.095ms
[2021-02-07T17:36:16.389+0300][558.700s][info][gc] GC(975) Concurrent marking (process weakrefs) (unload classes) 348.433ms
[2021-02-07T17:36:16.389+0300][558.700s][info][gc] GC(975) Concurrent precleaning 0.092ms
[2021-02-07T17:36:16.390+0300][558.701s][info][gc] GC(975) Pause Final Mark (process weakrefs) (unload classes) 0.272ms
[2021-02-07T17:36:16.395+0300][558.706s][info][gc] GC(975) Concurrent weak roots 4.530ms
[2021-02-07T17:36:16.395+0300][558.706s][info][gc] GC(975) Concurrent cleanup 241M->241M(256M) 0.013ms
[2021-02-07T17:36:16.397+0300][558.709s][info][gc] GC(975) Concurrent class unloading 2.690ms
[2021-02-07T17:36:16.397+0300][558.709s][info][gc] GC(975) Concurrent strong roots 0.116ms
[2021-02-07T17:36:16.406+0300][558.718s][info][gc] GC(975) Concurrent evacuation 8.608ms
[2021-02-07T17:36:16.406+0300][558.718s][info][gc] GC(975) Pause Init Update Refs 0.011ms
[2021-02-07T17:36:16.564+0300][558.876s][info][gc] GC(975) Concurrent update references 157.041ms
[2021-02-07T17:36:16.565+0300][558.877s][info][gc] GC(975) Pause Final Update Refs 0.068ms
[2021-02-07T17:36:16.565+0300][558.877s][info][gc] GC(975) Concurrent cleanup 251M->240M(256M) 0.015ms
[2021-02-07T17:36:16.567+0300][558.878s][info][gc] Trigger: Free (2733K) is below minimum threshold (26214K)
[2021-02-07T17:36:16.567+0300][558.878s][info][gc] GC(976) Concurrent reset 0.290ms
[2021-02-07T17:36:16.567+0300][558.879s][info][gc] GC(976) Pause Init Mark (unload classes) 0.072ms
[2021-02-07T17:36:16.899+0300][559.210s][info][gc] GC(976) Concurrent marking (unload classes) 331.636ms
[2021-02-07T17:36:16.902+0300][559.214s][info][gc] GC(976) Pause Final Mark (unload classes) 0.366ms
[2021-02-07T17:36:16.907+0300][559.218s][info][gc] GC(976) Concurrent weak roots 4.557ms
[2021-02-07T17:36:16.907+0300][559.218s][info][gc] GC(976) Concurrent cleanup 241M->241M(256M) 0.011ms
[2021-02-07T17:36:16.912+0300][559.223s][info][gc] GC(976) Concurrent class unloading 5.085ms
[2021-02-07T17:36:16.912+0300][559.223s][info][gc] GC(976) Concurrent strong roots 0.140ms
[2021-02-07T17:36:16.920+0300][559.232s][info][gc] GC(976) Concurrent evacuation 8.453ms
[2021-02-07T17:36:16.921+0300][559.232s][info][gc] GC(976) Pause Init Update Refs 0.011ms
[2021-02-07T17:36:17.065+0300][559.376s][info][gc] GC(976) Concurrent update references 143.821ms
[2021-02-07T17:36:17.066+0300][559.377s][info][gc] GC(976) Pause Final Update Refs 0.124ms
[2021-02-07T17:36:17.066+0300][559.377s][info][gc] GC(976) Concurrent cleanup 251M->240M(256M) 0.018ms
[2021-02-07T17:36:17.068+0300][559.379s][info][gc] Trigger: Free (2734K) is below minimum threshold (26214K)
[2021-02-07T17:36:17.068+0300][559.379s][info][gc] GC(977) Concurrent reset 0.291ms
[2021-02-07T17:36:17.068+0300][559.380s][info][gc] GC(977) Pause Init Mark (unload classes) 0.103ms
[2021-02-07T17:36:17.400+0300][559.712s][info][gc] GC(977) Concurrent marking (unload classes) 331.568ms
[2021-02-07T17:36:17.401+0300][559.713s][info][gc] GC(977) Pause Final Mark (unload classes) 0.444ms
[2021-02-07T17:36:17.406+0300][559.717s][info][gc] GC(977) Concurrent weak roots 4.605ms
[2021-02-07T17:36:17.406+0300][559.717s][info][gc] GC(977) Concurrent cleanup 242M->242M(256M) 0.019ms
[2021-02-07T17:36:17.411+0300][559.722s][info][gc] GC(977) Concurrent class unloading 5.087ms
[2021-02-07T17:36:17.411+0300][559.723s][info][gc] GC(977) Concurrent strong roots 0.166ms
[2021-02-07T17:36:17.419+0300][559.730s][info][gc] GC(977) Concurrent evacuation 7.793ms
[2021-02-07T17:36:17.422+0300][559.733s][info][gc] GC(977) Pause Init Update Refs 0.015ms
[2021-02-07T17:36:17.581+0300][559.892s][info][gc] GC(977) Concurrent update references 158.920ms
[2021-02-07T17:36:17.584+0300][559.895s][info][gc] GC(977) Pause Final Update Refs 0.078ms
[2021-02-07T17:36:17.584+0300][559.895s][info][gc] GC(977) Concurrent cleanup 251M->240M(256M) 0.020ms
[2021-02-07T17:36:17.586+0300][559.897s][info][gc] Trigger: Free (2734K) is below minimum threshold (26214K)
[2021-02-07T17:36:17.586+0300][559.898s][info][gc] GC(978) Concurrent reset 0.430ms
[2021-02-07T17:36:17.587+0300][559.898s][info][gc] GC(978) Pause Init Mark (unload classes) 0.222ms
[2021-02-07T17:36:17.919+0300][560.231s][info][gc] GC(978) Concurrent marking (unload classes) 332.387ms
[2021-02-07T17:36:17.920+0300][560.232s][info][gc] GC(978) Pause Final Mark (unload classes) 0.216ms
[2021-02-07T17:36:17.924+0300][560.235s][info][gc] GC(978) Concurrent weak roots 3.255ms
[2021-02-07T17:36:17.924+0300][560.235s][info][gc] GC(978) Concurrent cleanup 241M->241M(256M) 0.019ms
[2021-02-07T17:36:17.926+0300][560.238s][info][gc] GC(978) Concurrent class unloading 2.632ms
[2021-02-07T17:36:17.926+0300][560.238s][info][gc] GC(978) Concurrent strong roots 0.106ms
[2021-02-07T17:36:17.934+0300][560.246s][info][gc] GC(978) Concurrent evacuation 7.870ms
[2021-02-07T17:36:17.937+0300][560.248s][info][gc] GC(978) Pause Init Update Refs 0.014ms
[2021-02-07T17:36:18.086+0300][560.398s][info][gc] GC(978) Concurrent update references 149.373ms
[2021-02-07T17:36:18.089+0300][560.400s][info][gc] GC(978) Pause Final Update Refs 0.081ms
[2021-02-07T17:36:18.089+0300][560.400s][info][gc] GC(978) Concurrent cleanup 251M->240M(256M) 0.020ms
[2021-02-07T17:36:18.091+0300][560.402s][info][gc] Trigger: Free (2734K) is below minimum threshold (26214K)
[2021-02-07T17:36:18.091+0300][560.403s][info][gc] GC(979) Concurrent reset 0.373ms
[2021-02-07T17:36:18.092+0300][560.403s][info][gc] GC(979) Pause Init Mark (unload classes) 0.073ms
[2021-02-07T17:36:18.432+0300][560.744s][info][gc] GC(979) Concurrent marking (unload classes) 340.815ms
[2021-02-07T17:36:18.437+0300][560.748s][info][gc] GC(979) Pause Final Mark (unload classes) 0.239ms
[2021-02-07T17:36:18.442+0300][560.753s][info][gc] GC(979) Concurrent weak roots 4.666ms
[2021-02-07T17:36:18.442+0300][560.753s][info][gc] GC(979) Concurrent cleanup 241M->241M(256M) 0.010ms
[2021-02-07T17:36:18.447+0300][560.758s][info][gc] GC(979) Concurrent class unloading 5.004ms
[2021-02-07T17:36:18.447+0300][560.758s][info][gc] GC(979) Concurrent strong roots 0.103ms
[2021-02-07T17:36:18.456+0300][560.767s][info][gc] GC(979) Concurrent evacuation 8.822ms
[2021-02-07T17:36:18.459+0300][560.770s][info][gc] GC(979) Pause Init Update Refs 0.011ms
[2021-02-07T17:36:18.604+0300][560.916s][info][gc] GC(979) Concurrent update references 145.754ms
[2021-02-07T17:36:18.606+0300][560.917s][info][gc] GC(979) Pause Final Update Refs 0.102ms
[2021-02-07T17:36:18.606+0300][560.917s][info][gc] GC(979) Concurrent cleanup 251M->240M(256M) 0.016ms
[2021-02-07T17:36:18.608+0300][560.919s][info][gc] Trigger: Free (2734K) is below minimum threshold (26214K)
[2021-02-07T17:36:18.608+0300][560.920s][info][gc] GC(980) Concurrent reset 0.292ms
[2021-02-07T17:36:18.608+0300][560.920s][info][gc] GC(980) Pause Init Mark (process weakrefs) (unload classes) 0.113ms
[2021-02-07T17:36:18.956+0300][561.268s][info][gc] GC(980) Concurrent marking (process weakrefs) (unload classes) 348.182ms
[2021-02-07T17:36:18.957+0300][561.268s][info][gc] GC(980) Concurrent precleaning 0.127ms
[2021-02-07T17:36:18.960+0300][561.272s][info][gc] GC(980) Pause Final Mark (process weakrefs) (unload classes) 0.448ms
[2021-02-07T17:36:18.972+0300][561.283s][info][gc] GC(980) Concurrent weak roots 11.423ms
[2021-02-07T17:36:18.972+0300][561.283s][info][gc] GC(980) Concurrent cleanup 241M->241M(256M) 0.014ms
[2021-02-07T17:36:18.988+0300][561.299s][info][gc] GC(980) Concurrent class unloading 16.027ms
[2021-02-07T17:36:18.988+0300][561.300s][info][gc] GC(980) Concurrent strong roots 0.110ms
[2021-02-07T17:36:18.996+0300][561.308s][info][gc] GC(980) Concurrent evacuation 8.382ms
[2021-02-07T17:36:18.997+0300][561.309s][info][gc] GC(980) Pause Init Update Refs 0.009ms
[2021-02-07T17:36:19.155+0300][561.466s][info][gc] GC(980) Concurrent update references 157.694ms
[2021-02-07T17:36:19.158+0300][561.469s][info][gc] GC(980) Pause Final Update Refs 0.116ms
[2021-02-07T17:36:19.158+0300][561.470s][info][gc] GC(980) Concurrent cleanup 251M->239M(256M) 0.020ms
[2021-02-07T17:36:19.160+0300][561.471s][info][gc] Trigger: Free (2962K) is below minimum threshold (26214K)
[2021-02-07T17:36:19.160+0300][561.472s][info][gc] GC(981) Concurrent reset 0.415ms
[2021-02-07T17:36:19.161+0300][561.472s][info][gc] GC(981) Pause Init Mark (unload classes) 0.141ms
[2021-02-07T17:36:19.514+0300][561.825s][info][gc] GC(981) Concurrent marking (unload classes) 352.969ms
[2021-02-07T17:36:19.519+0300][561.831s][info][gc] GC(981) Pause Final Mark (unload classes) 0.350ms
[2021-02-07T17:36:19.524+0300][561.835s][info][gc] GC(981) Concurrent weak roots 4.579ms
[2021-02-07T17:36:19.524+0300][561.835s][info][gc] GC(981) Concurrent cleanup 241M->241M(256M) 0.015ms
[2021-02-07T17:36:19.529+0300][561.840s][info][gc] GC(981) Concurrent class unloading 5.120ms
[2021-02-07T17:36:19.529+0300][561.841s][info][gc] GC(981) Concurrent strong roots 0.136ms
[2021-02-07T17:36:19.537+0300][561.849s][info][gc] GC(981) Concurrent evacuation 8.301ms
[2021-02-07T17:36:19.538+0300][561.849s][info][gc] GC(981) Pause Init Update Refs 0.014ms
[2021-02-07T17:36:19.680+0300][561.992s][info][gc] GC(981) Concurrent update references 142.188ms
[2021-02-07T17:36:19.683+0300][561.994s][info][gc] GC(981) Pause Final Update Refs 0.116ms
[2021-02-07T17:36:19.683+0300][561.994s][info][gc] GC(981) Concurrent cleanup 251M->240M(256M) 0.016ms
[2021-02-07T17:36:19.685+0300][561.996s][info][gc] Trigger: Free (2733K) is below minimum threshold (26214K)
[2021-02-07T17:36:19.685+0300][561.997s][info][gc] GC(982) Concurrent reset 0.340ms
[2021-02-07T17:36:19.685+0300][561.997s][info][gc] GC(982) Pause Init Mark (unload classes) 0.116ms
[2021-02-07T17:36:20.013+0300][562.324s][info][gc] GC(982) Concurrent marking (unload classes) 327.259ms
[2021-02-07T17:36:20.014+0300][562.325s][info][gc] GC(982) Pause Final Mark (unload classes) 0.434ms
[2021-02-07T17:36:20.017+0300][562.328s][info][gc] GC(982) Concurrent weak roots 2.930ms
[2021-02-07T17:36:20.017+0300][562.328s][info][gc] GC(982) Concurrent cleanup 241M->241M(256M) 0.010ms
[2021-02-07T17:36:20.022+0300][562.333s][info][gc] GC(982) Concurrent class unloading 5.153ms
[2021-02-07T17:36:20.022+0300][562.334s][info][gc] GC(982) Concurrent strong roots 0.172ms
[2021-02-07T17:36:20.031+0300][562.343s][info][gc] GC(982) Concurrent evacuation 8.808ms
[2021-02-07T17:36:20.034+0300][562.345s][info][gc] GC(982) Pause Init Update Refs 0.010ms
[2021-02-07T17:36:20.177+0300][562.489s][info][gc] GC(982) Concurrent update references 143.323ms
[2021-02-07T17:36:20.180+0300][562.492s][info][gc] GC(982) Pause Final Update Refs 0.155ms
[2021-02-07T17:36:20.180+0300][562.492s][info][gc] GC(982) Concurrent cleanup 251M->240M(256M) 0.018ms
[2021-02-07T17:36:20.182+0300][562.493s][info][gc] Trigger: Free (2962K) is below minimum threshold (26214K)
[2021-02-07T17:36:20.182+0300][562.494s][info][gc] GC(983) Concurrent reset 0.393ms
[2021-02-07T17:36:20.182+0300][562.494s][info][gc] GC(983) Pause Init Mark (unload classes) 0.149ms
[2021-02-07T17:36:20.530+0300][562.842s][info][gc] GC(983) Concurrent marking (unload classes) 347.538ms
[2021-02-07T17:36:20.531+0300][562.843s][info][gc] GC(983) Pause Final Mark (unload classes) 0.430ms
[2021-02-07T17:36:20.535+0300][562.846s][info][gc] GC(983) Concurrent weak roots 3.326ms
[2021-02-07T17:36:20.535+0300][562.846s][info][gc] GC(983) Concurrent cleanup 240M->240M(256M) 0.010ms
[2021-02-07T17:36:20.540+0300][562.852s][info][gc] GC(983) Concurrent class unloading 5.109ms
[2021-02-07T17:36:20.540+0300][562.852s][info][gc] GC(983) Concurrent strong roots 0.179ms
[2021-02-07T17:36:20.548+0300][562.860s][info][gc] GC(983) Concurrent evacuation 8.416ms
[2021-02-07T17:36:20.552+0300][562.863s][info][gc] GC(983) Pause Init Update Refs 0.010ms
[2021-02-07T17:36:20.696+0300][563.008s][info][gc] GC(983) Concurrent update references 144.247ms
[2021-02-07T17:36:20.697+0300][563.009s][info][gc] GC(983) Pause Final Update Refs 0.125ms
[2021-02-07T17:36:20.697+0300][563.009s][info][gc] GC(983) Concurrent cleanup 251M->240M(256M) 0.017ms
[2021-02-07T17:36:20.699+0300][563.010s][info][gc] Trigger: Free (2734K) is below minimum threshold (26214K)
[2021-02-07T17:36:20.699+0300][563.011s][info][gc] GC(984) Concurrent reset 0.352ms
[2021-02-07T17:36:20.699+0300][563.011s][info][gc] GC(984) Pause Init Mark (unload classes) 0.119ms
[2021-02-07T17:36:21.044+0300][563.355s][info][gc] GC(984) Concurrent marking (unload classes) 343.970ms
[2021-02-07T17:36:21.052+0300][563.364s][info][gc] GC(984) Pause Final Mark (unload classes) 0.215ms
[2021-02-07T17:36:21.056+0300][563.367s][info][gc] GC(984) Concurrent weak roots 3.589ms
[2021-02-07T17:36:21.056+0300][563.367s][info][gc] GC(984) Concurrent cleanup 241M->241M(256M) 0.011ms
[2021-02-07T17:36:21.061+0300][563.372s][info][gc] GC(984) Concurrent class unloading 5.106ms
[2021-02-07T17:36:21.061+0300][563.373s][info][gc] GC(984) Concurrent strong roots 0.175ms
[2021-02-07T17:36:21.069+0300][563.381s][info][gc] GC(984) Concurrent evacuation 8.448ms
[2021-02-07T17:36:21.070+0300][563.382s][info][gc] GC(984) Pause Init Update Refs 0.012ms
[2021-02-07T17:36:21.224+0300][563.536s][info][gc] GC(984) Concurrent update references 153.579ms
[2021-02-07T17:36:21.227+0300][563.539s][info][gc] GC(984) Pause Final Update Refs 0.125ms
[2021-02-07T17:36:21.227+0300][563.539s][info][gc] GC(984) Concurrent cleanup 251M->240M(256M) 0.019ms
[2021-02-07T17:36:21.229+0300][563.540s][info][gc] Trigger: Free (2961K) is below minimum threshold (26214K)
[2021-02-07T17:36:21.229+0300][563.541s][info][gc] GC(985) Concurrent reset 0.335ms
[2021-02-07T17:36:21.230+0300][563.541s][info][gc] GC(985) Pause Init Mark (process weakrefs) (unload classes) 0.122ms
[2021-02-07T17:36:21.596+0300][563.907s][info][gc] GC(985) Concurrent marking (process weakrefs) (unload classes) 366.110ms
[2021-02-07T17:36:21.596+0300][563.908s][info][gc] GC(985) Concurrent precleaning 0.091ms
[2021-02-07T17:36:21.603+0300][563.915s][info][gc] GC(985) Pause Final Mark (process weakrefs) (unload classes) 0.303ms
[2021-02-07T17:36:21.607+0300][563.918s][info][gc] GC(985) Concurrent weak roots 3.611ms
[2021-02-07T17:36:21.607+0300][563.918s][info][gc] GC(985) Concurrent cleanup 241M->241M(256M) 0.013ms
[2021-02-07T17:36:21.612+0300][563.923s][info][gc] GC(985) Concurrent class unloading 4.991ms
[2021-02-07T17:36:21.612+0300][563.923s][info][gc] GC(985) Concurrent strong roots 0.107ms
[2021-02-07T17:36:21.620+0300][563.932s][info][gc] GC(985) Concurrent evacuation 8.649ms
[2021-02-07T17:36:21.621+0300][563.933s][info][gc] GC(985) Pause Init Update Refs 0.013ms
[2021-02-07T17:36:21.769+0300][564.081s][info][gc] GC(985) Concurrent update references 148.124ms
[2021-02-07T17:36:21.773+0300][564.084s][info][gc] GC(985) Pause Final Update Refs 0.139ms
[2021-02-07T17:36:21.773+0300][564.085s][info][gc] GC(985) Concurrent cleanup 251M->239M(256M) 0.015ms
[2021-02-07T17:36:21.775+0300][564.086s][info][gc] Trigger: Free (2990K) is below minimum threshold (26214K)
[2021-02-07T17:36:21.775+0300][564.087s][info][gc] GC(986) Concurrent reset 0.423ms
[2021-02-07T17:36:21.776+0300][564.087s][info][gc] GC(986) Pause Init Mark (unload classes) 0.131ms
[2021-02-07T17:36:22.103+0300][564.415s][info][gc] GC(986) Concurrent marking (unload classes) 327.445ms
[2021-02-07T17:36:22.108+0300][564.420s][info][gc] GC(986) Pause Final Mark (unload classes) 0.398ms
[2021-02-07T17:36:22.112+0300][564.423s][info][gc] GC(986) Concurrent weak roots 3.319ms
[2021-02-07T17:36:22.112+0300][564.423s][info][gc] GC(986) Concurrent cleanup 241M->241M(256M) 0.010ms
[2021-02-07T17:36:22.117+0300][564.428s][info][gc] GC(986) Concurrent class unloading 5.073ms
[2021-02-07T17:36:22.117+0300][564.429s][info][gc] GC(986) Concurrent strong roots 0.133ms
[2021-02-07T17:36:22.125+0300][564.437s][info][gc] GC(986) Concurrent evacuation 8.502ms
[2021-02-07T17:36:22.126+0300][564.438s][info][gc] GC(986) Pause Init Update Refs 0.011ms
[2021-02-07T17:36:22.270+0300][564.582s][info][gc] GC(986) Concurrent update references 143.361ms
[2021-02-07T17:36:22.273+0300][564.585s][info][gc] GC(986) Pause Final Update Refs 0.125ms
[2021-02-07T17:36:22.273+0300][564.585s][info][gc] GC(986) Concurrent cleanup 251M->240M(256M) 0.020ms
[2021-02-07T17:36:22.280+0300][564.591s][info][gc] Trigger: Free (2960K) is below minimum threshold (26214K)
[2021-02-07T17:36:22.280+0300][564.592s][info][gc] GC(987) Concurrent reset 0.435ms
[2021-02-07T17:36:22.281+0300][564.592s][info][gc] GC(987) Pause Init Mark (unload classes) 0.141ms
[2021-02-07T17:36:22.617+0300][564.929s][info][gc] GC(987) Concurrent marking (unload classes) 336.304ms
[2021-02-07T17:36:22.618+0300][564.930s][info][gc] GC(987) Pause Final Mark (unload classes) 0.273ms
[2021-02-07T17:36:22.622+0300][564.933s][info][gc] GC(987) Concurrent weak roots 3.015ms
[2021-02-07T17:36:22.622+0300][564.933s][info][gc] GC(987) Concurrent cleanup 241M->241M(256M) 0.012ms
[2021-02-07T17:36:22.627+0300][564.938s][info][gc] GC(987) Concurrent class unloading 5.106ms
[2021-02-07T17:36:22.627+0300][564.939s][info][gc] GC(987) Concurrent strong roots 0.140ms
[2021-02-07T17:36:22.635+0300][564.947s][info][gc] GC(987) Concurrent evacuation 8.408ms
[2021-02-07T17:36:22.636+0300][564.948s][info][gc] GC(987) Pause Init Update Refs 0.012ms
[2021-02-07T17:36:22.791+0300][565.103s][info][gc] GC(987) Concurrent update references 155.025ms
[2021-02-07T17:36:22.792+0300][565.103s][info][gc] GC(987) Pause Final Update Refs 0.082ms
[2021-02-07T17:36:22.792+0300][565.103s][info][gc] GC(987) Concurrent cleanup 251M->240M(256M) 0.022ms
[2021-02-07T17:36:22.794+0300][565.105s][info][gc] Trigger: Free (2734K) is below minimum threshold (26214K)
[2021-02-07T17:36:22.794+0300][565.106s][info][gc] GC(988) Concurrent reset 0.389ms
[2021-02-07T17:36:22.795+0300][565.106s][info][gc] GC(988) Pause Init Mark (unload classes) 0.085ms
[2021-02-07T17:36:23.121+0300][565.432s][info][gc] GC(988) Concurrent marking (unload classes) 326.150ms
[2021-02-07T17:36:23.122+0300][565.433s][info][gc] GC(988) Pause Final Mark (unload classes) 0.398ms
[2021-02-07T17:36:23.126+0300][565.437s][info][gc] GC(988) Concurrent weak roots 3.887ms
[2021-02-07T17:36:23.126+0300][565.437s][info][gc] GC(988) Concurrent cleanup 241M->241M(256M) 0.013ms
[2021-02-07T17:36:23.131+0300][565.442s][info][gc] GC(988) Concurrent class unloading 5.060ms
[2021-02-07T17:36:23.131+0300][565.443s][info][gc] GC(988) Concurrent strong roots 0.167ms
[2021-02-07T17:36:23.139+0300][565.451s][info][gc] GC(988) Concurrent evacuation 8.291ms
[2021-02-07T17:36:23.140+0300][565.452s][info][gc] GC(988) Pause Init Update Refs 0.009ms
[2021-02-07T17:36:23.294+0300][565.606s][info][gc] GC(988) Concurrent update references 154.042ms
[2021-02-07T17:36:23.300+0300][565.611s][info][gc] GC(988) Pause Final Update Refs 0.098ms
[2021-02-07T17:36:23.300+0300][565.611s][info][gc] GC(988) Concurrent cleanup 251M->240M(256M) 0.019ms
[2021-02-07T17:36:23.316+0300][565.627s][info][gc] Trigger: Free (2961K) is below minimum threshold (26214K)
[2021-02-07T17:36:23.316+0300][565.628s][info][gc] GC(989) Concurrent reset 0.377ms
[2021-02-07T17:36:23.316+0300][565.628s][info][gc] GC(989) Pause Init Mark (unload classes) 0.141ms
[2021-02-07T17:36:23.667+0300][565.979s][info][gc] GC(989) Concurrent marking (unload classes) 350.293ms
[2021-02-07T17:36:23.670+0300][565.982s][info][gc] GC(989) Pause Final Mark (unload classes) 0.310ms
[2021-02-07T17:36:23.680+0300][565.991s][info][gc] GC(989) Concurrent weak roots 9.450ms
[2021-02-07T17:36:23.680+0300][565.991s][info][gc] GC(989) Concurrent cleanup 241M->241M(256M) 0.014ms
[2021-02-07T17:36:23.683+0300][565.995s][info][gc] GC(989) Concurrent class unloading 3.287ms
[2021-02-07T17:36:23.683+0300][565.995s][info][gc] GC(989) Concurrent strong roots 0.165ms
[2021-02-07T17:36:23.692+0300][566.004s][info][gc] GC(989) Concurrent evacuation 8.745ms
[2021-02-07T17:36:23.693+0300][566.005s][info][gc] GC(989) Pause Init Update Refs 0.011ms
[2021-02-07T17:36:23.834+0300][566.146s][info][gc] GC(989) Concurrent update references 140.866ms
[2021-02-07T17:36:23.837+0300][566.148s][info][gc] GC(989) Pause Final Update Refs 0.092ms
[2021-02-07T17:36:23.837+0300][566.149s][info][gc] GC(989) Concurrent cleanup 251M->240M(256M) 0.020ms
[2021-02-07T17:36:23.839+0300][566.150s][info][gc] Trigger: Free (2734K) is below minimum threshold (26214K)
[2021-02-07T17:36:23.839+0300][566.151s][info][gc] GC(990) Concurrent reset 0.350ms
[2021-02-07T17:36:23.839+0300][566.151s][info][gc] GC(990) Pause Init Mark (process weakrefs) (unload classes) 0.139ms
[2021-02-07T17:36:24.184+0300][566.496s][info][gc] GC(990) Concurrent marking (process weakrefs) (unload classes) 344.796ms
[2021-02-07T17:36:24.184+0300][566.496s][info][gc] GC(990) Concurrent precleaning 0.118ms
[2021-02-07T17:36:24.188+0300][566.500s][info][gc] GC(990) Pause Final Mark (process weakrefs) (unload classes) 0.269ms
[2021-02-07T17:36:24.192+0300][566.503s][info][gc] GC(990) Concurrent weak roots 3.527ms
[2021-02-07T17:36:24.192+0300][566.503s][info][gc] GC(990) Concurrent cleanup 242M->242M(256M) 0.013ms
[2021-02-07T17:36:24.194+0300][566.506s][info][gc] GC(990) Concurrent class unloading 2.386ms
[2021-02-07T17:36:24.194+0300][566.506s][info][gc] GC(990) Concurrent strong roots 0.137ms
[2021-02-07T17:36:24.202+0300][566.513s][info][gc] GC(990) Concurrent evacuation 7.454ms
[2021-02-07T17:36:24.205+0300][566.516s][info][gc] GC(990) Pause Init Update Refs 0.020ms
[2021-02-07T17:36:24.348+0300][566.660s][info][gc] GC(990) Concurrent update references 143.540ms
[2021-02-07T17:36:24.351+0300][566.663s][info][gc] GC(990) Pause Final Update Refs 0.143ms
[2021-02-07T17:36:24.351+0300][566.663s][info][gc] GC(990) Concurrent cleanup 251M->240M(256M) 0.017ms
[2021-02-07T17:36:24.353+0300][566.664s][info][gc] Trigger: Free (2878K) is below minimum threshold (26214K)
[2021-02-07T17:36:24.353+0300][566.665s][info][gc] GC(991) Concurrent reset 0.355ms
[2021-02-07T17:36:24.354+0300][566.665s][info][gc] GC(991) Pause Init Mark (unload classes) 0.140ms
[2021-02-07T17:36:24.681+0300][566.993s][info][gc] GC(991) Concurrent marking (unload classes) 327.134ms
[2021-02-07T17:36:24.686+0300][566.998s][info][gc] GC(991) Pause Final Mark (unload classes) 0.430ms
[2021-02-07T17:36:24.690+0300][567.001s][info][gc] GC(991) Concurrent weak roots 3.312ms
[2021-02-07T17:36:24.690+0300][567.001s][info][gc] GC(991) Concurrent cleanup 241M->241M(256M) 0.011ms
[2021-02-07T17:36:24.695+0300][567.006s][info][gc] GC(991) Concurrent class unloading 5.036ms
[2021-02-07T17:36:24.695+0300][567.007s][info][gc] GC(991) Concurrent strong roots 0.140ms
[2021-02-07T17:36:24.703+0300][567.015s][info][gc] GC(991) Concurrent evacuation 8.336ms
[2021-02-07T17:36:24.704+0300][567.015s][info][gc] GC(991) Pause Init Update Refs 0.009ms
[2021-02-07T17:36:24.846+0300][567.157s][info][gc] GC(991) Concurrent update references 142.025ms
[2021-02-07T17:36:24.847+0300][567.158s][info][gc] GC(991) Pause Final Update Refs 0.150ms
[2021-02-07T17:36:24.847+0300][567.158s][info][gc] GC(991) Concurrent cleanup 251M->239M(256M) 0.015ms
[2021-02-07T17:36:24.849+0300][567.160s][info][gc] Trigger: Free (3245K) is below minimum threshold (26214K)
[2021-02-07T17:36:24.849+0300][567.161s][info][gc] GC(992) Concurrent reset 0.324ms
[2021-02-07T17:36:24.849+0300][567.161s][info][gc] GC(992) Pause Init Mark (unload classes) 0.138ms
[2021-02-07T17:36:25.191+0300][567.502s][info][gc] GC(992) Concurrent marking (unload classes) 341.187ms
[2021-02-07T17:36:25.206+0300][567.518s][info][gc] GC(992) Pause Final Mark (unload classes) 0.240ms
[2021-02-07T17:36:25.211+0300][567.522s][info][gc] GC(992) Concurrent weak roots 4.622ms
[2021-02-07T17:36:25.211+0300][567.522s][info][gc] GC(992) Concurrent cleanup 241M->241M(256M) 0.011ms
[2021-02-07T17:36:25.216+0300][567.527s][info][gc] GC(992) Concurrent class unloading 5.046ms
[2021-02-07T17:36:25.216+0300][567.528s][info][gc] GC(992) Concurrent strong roots 0.134ms
[2021-02-07T17:36:25.224+0300][567.536s][info][gc] GC(992) Concurrent evacuation 8.475ms
[2021-02-07T17:36:25.227+0300][567.538s][info][gc] GC(992) Pause Init Update Refs 0.010ms
[2021-02-07T17:36:25.367+0300][567.679s][info][gc] GC(992) Concurrent update references 140.616ms
[2021-02-07T17:36:25.371+0300][567.683s][info][gc] GC(992) Pause Final Update Refs 0.143ms
[2021-02-07T17:36:25.371+0300][567.683s][info][gc] GC(992) Concurrent cleanup 251M->240M(256M) 0.020ms
[2021-02-07T17:36:25.373+0300][567.684s][info][gc] Trigger: Free (2880K) is below minimum threshold (26214K)
[2021-02-07T17:36:25.373+0300][567.685s][info][gc] GC(993) Concurrent reset 0.354ms
[2021-02-07T17:36:25.373+0300][567.685s][info][gc] GC(993) Pause Init Mark (unload classes) 0.123ms
[2021-02-07T17:36:25.699+0300][568.011s][info][gc] GC(993) Concurrent marking (unload classes) 325.462ms
[2021-02-07T17:36:25.700+0300][568.011s][info][gc] GC(993) Pause Final Mark (unload classes) 0.436ms
[2021-02-07T17:36:25.718+0300][568.029s][info][gc] GC(993) Concurrent weak roots 17.859ms
[2021-02-07T17:36:25.718+0300][568.029s][info][gc] GC(993) Concurrent cleanup 241M->241M(256M) 0.012ms
[2021-02-07T17:36:25.734+0300][568.045s][info][gc] GC(993) Concurrent class unloading 16.029ms
[2021-02-07T17:36:25.734+0300][568.046s][info][gc] GC(993) Concurrent strong roots 0.181ms
[2021-02-07T17:36:25.742+0300][568.054s][info][gc] GC(993) Concurrent evacuation 8.327ms
[2021-02-07T17:36:25.750+0300][568.062s][info][gc] GC(993) Pause Init Update Refs 0.010ms
[2021-02-07T17:36:25.891+0300][568.203s][info][gc] GC(993) Concurrent update references 141.312ms
[2021-02-07T17:36:25.892+0300][568.204s][info][gc] GC(993) Pause Final Update Refs 0.081ms
[2021-02-07T17:36:25.892+0300][568.204s][info][gc] GC(993) Concurrent cleanup 251M->240M(256M) 0.018ms
[2021-02-07T17:36:25.894+0300][568.206s][info][gc] Trigger: Free (2989K) is below minimum threshold (26214K)
[2021-02-07T17:36:25.894+0300][568.206s][info][gc] GC(994) Concurrent reset 0.355ms
[2021-02-07T17:36:25.894+0300][568.206s][info][gc] GC(994) Pause Init Mark (unload classes) 0.138ms
[2021-02-07T17:36:26.222+0300][568.534s][info][gc] GC(994) Concurrent marking (unload classes) 327.067ms
[2021-02-07T17:36:26.223+0300][568.535s][info][gc] GC(994) Pause Final Mark (unload classes) 0.428ms
[2021-02-07T17:36:26.228+0300][568.540s][info][gc] GC(994) Concurrent weak roots 4.569ms
[2021-02-07T17:36:26.228+0300][568.540s][info][gc] GC(994) Concurrent cleanup 241M->241M(256M) 0.011ms
[2021-02-07T17:36:26.231+0300][568.543s][info][gc] GC(994) Concurrent class unloading 3.306ms
[2021-02-07T17:36:26.231+0300][568.543s][info][gc] GC(994) Concurrent strong roots 0.165ms
[2021-02-07T17:36:26.239+0300][568.551s][info][gc] GC(994) Concurrent evacuation 8.156ms
[2021-02-07T17:36:26.240+0300][568.552s][info][gc] GC(994) Pause Init Update Refs 0.010ms
[2021-02-07T17:36:26.383+0300][568.695s][info][gc] GC(994) Concurrent update references 142.482ms
[2021-02-07T17:36:26.384+0300][568.696s][info][gc] GC(994) Pause Final Update Refs 0.145ms
[2021-02-07T17:36:26.384+0300][568.696s][info][gc] GC(994) Concurrent cleanup 251M->239M(256M) 0.016ms
[2021-02-07T17:36:26.386+0300][568.698s][info][gc] Trigger: Free (3132K) is below minimum threshold (26214K)
[2021-02-07T17:36:26.386+0300][568.698s][info][gc] GC(995) Concurrent reset 0.370ms
[2021-02-07T17:36:26.386+0300][568.698s][info][gc] GC(995) Pause Init Mark (process weakrefs) (unload classes) 0.086ms
[2021-02-07T17:36:26.728+0300][569.040s][info][gc] GC(995) Concurrent marking (process weakrefs) (unload classes) 341.186ms
[2021-02-07T17:36:26.728+0300][569.040s][info][gc] GC(995) Concurrent precleaning 0.154ms
[2021-02-07T17:36:26.731+0300][569.043s][info][gc] GC(995) Pause Final Mark (process weakrefs) (unload classes) 0.445ms
[2021-02-07T17:36:26.735+0300][569.047s][info][gc] GC(995) Concurrent weak roots 3.296ms
[2021-02-07T17:36:26.735+0300][569.047s][info][gc] GC(995) Concurrent cleanup 240M->240M(256M) 0.010ms
[2021-02-07T17:36:26.740+0300][569.052s][info][gc] GC(995) Concurrent class unloading 5.119ms
[2021-02-07T17:36:26.740+0300][569.052s][info][gc] GC(995) Concurrent strong roots 0.171ms
[2021-02-07T17:36:26.748+0300][569.060s][info][gc] GC(995) Concurrent evacuation 8.371ms
[2021-02-07T17:36:26.751+0300][569.063s][info][gc] GC(995) Pause Init Update Refs 0.009ms
[2021-02-07T17:36:26.892+0300][569.204s][info][gc] GC(995) Concurrent update references 141.509ms
[2021-02-07T17:36:26.895+0300][569.207s][info][gc] GC(995) Pause Final Update Refs 0.124ms
[2021-02-07T17:36:26.895+0300][569.207s][info][gc] GC(995) Concurrent cleanup 251M->240M(256M) 0.017ms
[2021-02-07T17:36:26.897+0300][569.209s][info][gc] Trigger: Free (2992K) is below minimum threshold (26214K)
[2021-02-07T17:36:26.897+0300][569.209s][info][gc] GC(996) Concurrent reset 0.322ms
[2021-02-07T17:36:26.897+0300][569.209s][info][gc] GC(996) Pause Init Mark (unload classes) 0.118ms
[2021-02-07T17:36:27.244+0300][569.556s][info][gc] GC(996) Concurrent marking (unload classes) 346.200ms
[2021-02-07T17:36:27.248+0300][569.560s][info][gc] GC(996) Pause Final Mark (unload classes) 0.369ms
[2021-02-07T17:36:27.252+0300][569.564s][info][gc] GC(996) Concurrent weak roots 3.405ms
[2021-02-07T17:36:27.252+0300][569.564s][info][gc] GC(996) Concurrent cleanup 241M->241M(256M) 0.011ms
[2021-02-07T17:36:27.257+0300][569.569s][info][gc] GC(996) Concurrent class unloading 5.080ms
[2021-02-07T17:36:27.257+0300][569.569s][info][gc] GC(996) Concurrent strong roots 0.167ms
[2021-02-07T17:36:27.265+0300][569.577s][info][gc] GC(996) Concurrent evacuation 8.040ms
[2021-02-07T17:36:27.265+0300][569.577s][info][gc] GC(996) Pause Init Update Refs 0.009ms
[2021-02-07T17:36:27.408+0300][569.720s][info][gc] GC(996) Concurrent update references 142.265ms
[2021-02-07T17:36:27.411+0300][569.723s][info][gc] GC(996) Pause Final Update Refs 0.120ms
[2021-02-07T17:36:27.411+0300][569.723s][info][gc] GC(996) Concurrent cleanup 251M->240M(256M) 0.018ms
[2021-02-07T17:36:27.413+0300][569.725s][info][gc] Trigger: Free (2876K) is below minimum threshold (26214K)
[2021-02-07T17:36:27.413+0300][569.725s][info][gc] GC(997) Concurrent reset 0.353ms
[2021-02-07T17:36:27.413+0300][569.725s][info][gc] GC(997) Pause Init Mark (unload classes) 0.092ms
[2021-02-07T17:36:27.758+0300][570.070s][info][gc] GC(997) Concurrent marking (unload classes) 344.853ms
[2021-02-07T17:36:27.762+0300][570.074s][info][gc] GC(997) Pause Final Mark (unload classes) 0.426ms
[2021-02-07T17:36:27.766+0300][570.078s][info][gc] GC(997) Concurrent weak roots 3.326ms
[2021-02-07T17:36:27.766+0300][570.078s][info][gc] GC(997) Concurrent cleanup 241M->241M(256M) 0.010ms
[2021-02-07T17:36:27.771+0300][570.083s][info][gc] GC(997) Concurrent class unloading 5.079ms
[2021-02-07T17:36:27.771+0300][570.083s][info][gc] GC(997) Concurrent strong roots 0.138ms
[2021-02-07T17:36:27.779+0300][570.091s][info][gc] GC(997) Concurrent evacuation 7.854ms
[2021-02-07T17:36:27.779+0300][570.091s][info][gc] GC(997) Pause Init Update Refs 0.009ms
[2021-02-07T17:36:27.921+0300][570.233s][info][gc] GC(997) Concurrent update references 141.562ms
[2021-02-07T17:36:27.928+0300][570.240s][info][gc] GC(997) Pause Final Update Refs 0.081ms
[2021-02-07T17:36:27.928+0300][570.240s][info][gc] GC(997) Concurrent cleanup 250M->239M(256M) 0.026ms
[2021-02-07T17:36:27.944+0300][570.256s][info][gc] Trigger: Free (3501K) is below minimum threshold (26214K)
[2021-02-07T17:36:27.944+0300][570.256s][info][gc] GC(998) Concurrent reset 0.347ms
[2021-02-07T17:36:27.944+0300][570.256s][info][gc] GC(998) Pause Init Mark (unload classes) 0.118ms
[2021-02-07T17:36:28.271+0300][570.583s][info][gc] GC(998) Concurrent marking (unload classes) 326.222ms
[2021-02-07T17:36:28.272+0300][570.584s][info][gc] GC(998) Pause Final Mark (unload classes) 0.209ms
[2021-02-07T17:36:28.276+0300][570.588s][info][gc] GC(998) Concurrent weak roots 3.460ms
[2021-02-07T17:36:28.276+0300][570.588s][info][gc] GC(998) Concurrent cleanup 240M->240M(256M) 0.010ms
[2021-02-07T17:36:28.281+0300][570.593s][info][gc] GC(998) Concurrent class unloading 5.071ms
[2021-02-07T17:36:28.281+0300][570.593s][info][gc] GC(998) Concurrent strong roots 0.103ms
[2021-02-07T17:36:28.289+0300][570.601s][info][gc] GC(998) Concurrent evacuation 8.259ms
[2021-02-07T17:36:28.290+0300][570.602s][info][gc] GC(998) Pause Init Update Refs 0.009ms
[2021-02-07T17:36:28.432+0300][570.744s][info][gc] GC(998) Concurrent update references 142.112ms
[2021-02-07T17:36:28.432+0300][570.744s][info][gc] GC(998) Pause Final Update Refs 0.143ms
[2021-02-07T17:36:28.432+0300][570.744s][info][gc] GC(998) Concurrent cleanup 250M->239M(256M) 0.016ms
[2021-02-07T17:36:28.436+0300][570.748s][info][gc] Trigger: Free (3137K) is below minimum threshold (26214K)
[2021-02-07T17:36:28.436+0300][570.748s][info][gc] GC(999) Concurrent reset 0.387ms
[2021-02-07T17:36:28.436+0300][570.748s][info][gc] GC(999) Pause Init Mark (unload classes) 0.103ms
[2021-02-07T17:36:28.762+0300][571.074s][info][gc] GC(999) Concurrent marking (unload classes) 325.733ms
[2021-02-07T17:36:28.763+0300][571.075s][info][gc] GC(999) Pause Final Mark (unload classes) 0.400ms
[2021-02-07T17:36:28.767+0300][571.079s][info][gc] GC(999) Concurrent weak roots 3.012ms
[2021-02-07T17:36:28.767+0300][571.079s][info][gc] GC(999) Concurrent cleanup 240M->240M(256M) 0.010ms
[2021-02-07T17:36:28.772+0300][571.084s][info][gc] GC(999) Concurrent class unloading 5.128ms
[2021-02-07T17:36:28.772+0300][571.084s][info][gc] GC(999) Concurrent strong roots 0.165ms
[2021-02-07T17:36:28.780+0300][571.092s][info][gc] GC(999) Concurrent evacuation 8.348ms
[2021-02-07T17:36:28.783+0300][571.095s][info][gc] GC(999) Pause Init Update Refs 0.012ms
[2021-02-07T17:36:28.923+0300][571.235s][info][gc] GC(999) Concurrent update references 140.310ms
[2021-02-07T17:36:28.926+0300][571.238s][info][gc] GC(999) Pause Final Update Refs 0.081ms
[2021-02-07T17:36:28.926+0300][571.238s][info][gc] GC(999) Concurrent cleanup 250M->239M(256M) 0.022ms
[2021-02-07T17:36:28.928+0300][571.240s][info][gc] Trigger: Free (3504K) is below minimum threshold (26214K)
[2021-02-07T17:36:28.928+0300][571.240s][info][gc] GC(1000) Concurrent reset 0.323ms
[2021-02-07T17:36:28.928+0300][571.240s][info][gc] GC(1000) Pause Init Mark (process weakrefs) (unload classes) 0.138ms
[2021-02-07T17:36:29.253+0300][571.565s][info][gc] GC(1000) Concurrent marking (process weakrefs) (unload classes) 324.889ms
[2021-02-07T17:36:29.253+0300][571.565s][info][gc] GC(1000) Concurrent precleaning 0.148ms
[2021-02-07T17:36:29.256+0300][571.568s][info][gc] GC(1000) Pause Final Mark (process weakrefs) (unload classes) 0.454ms
[2021-02-07T17:36:29.260+0300][571.572s][info][gc] GC(1000) Concurrent weak roots 3.290ms
[2021-02-07T17:36:29.260+0300][571.572s][info][gc] GC(1000) Concurrent cleanup 240M->240M(256M) 0.009ms
[2021-02-07T17:36:29.265+0300][571.577s][info][gc] GC(1000) Concurrent class unloading 5.116ms
[2021-02-07T17:36:29.265+0300][571.577s][info][gc] GC(1000) Concurrent strong roots 0.163ms
[2021-02-07T17:36:29.273+0300][571.585s][info][gc] GC(1000) Concurrent evacuation 8.499ms
[2021-02-07T17:36:29.276+0300][571.588s][info][gc] GC(1000) Pause Init Update Refs 0.010ms
[2021-02-07T17:36:29.420+0300][571.732s][info][gc] GC(1000) Concurrent update references 144.021ms
[2021-02-07T17:36:29.423+0300][571.735s][info][gc] GC(1000) Pause Final Update Refs 0.145ms
[2021-02-07T17:36:29.423+0300][571.735s][info][gc] GC(1000) Concurrent cleanup 250M->239M(256M) 0.016ms
[2021-02-07T17:36:29.425+0300][571.737s][info][gc] Trigger: Free (3137K) is below minimum threshold (26214K)
[2021-02-07T17:36:29.425+0300][571.737s][info][gc] GC(1001) Concurrent reset 0.351ms
[2021-02-07T17:36:29.425+0300][571.737s][info][gc] GC(1001) Pause Init Mark (unload classes) 0.120ms
[2021-02-07T17:36:29.753+0300][572.065s][info][gc] GC(1001) Concurrent marking (unload classes) 327.428ms
[2021-02-07T17:36:29.756+0300][572.068s][info][gc] GC(1001) Pause Final Mark (unload classes) 0.431ms
[2021-02-07T17:36:29.760+0300][572.072s][info][gc] GC(1001) Concurrent weak roots 3.296ms
[2021-02-07T17:36:29.760+0300][572.072s][info][gc] GC(1001) Concurrent cleanup 240M->240M(256M) 0.009ms
[2021-02-07T17:36:29.765+0300][572.077s][info][gc] GC(1001) Concurrent class unloading 5.071ms
[2021-02-07T17:36:29.765+0300][572.077s][info][gc] GC(1001) Concurrent strong roots 0.164ms
[2021-02-07T17:36:29.773+0300][572.085s][info][gc] GC(1001) Concurrent evacuation 8.495ms
[2021-02-07T17:36:29.776+0300][572.088s][info][gc] GC(1001) Pause Init Update Refs 0.010ms
[2021-02-07T17:36:29.916+0300][572.228s][info][gc] GC(1001) Concurrent update references 140.194ms
[2021-02-07T17:36:29.916+0300][572.228s][info][gc] GC(1001) Pause Final Update Refs 0.113ms
[2021-02-07T17:36:29.917+0300][572.229s][info][gc] GC(1001) Concurrent cleanup 250M->239M(256M) 0.016ms
[2021-02-07T17:36:29.919+0300][572.231s][info][gc] Trigger: Free (3503K) is below minimum threshold (26214K)
[2021-02-07T17:36:29.919+0300][572.231s][info][gc] GC(1002) Concurrent reset 0.351ms
[2021-02-07T17:36:29.919+0300][572.231s][info][gc] GC(1002) Pause Init Mark (unload classes) 0.143ms
[2021-02-07T17:36:30.248+0300][572.560s][info][gc] GC(1002) Concurrent marking (unload classes) 328.768ms
[2021-02-07T17:36:30.257+0300][572.569s][info][gc] GC(1002) Pause Final Mark (unload classes) 0.462ms
[2021-02-07T17:36:30.261+0300][572.573s][info][gc] GC(1002) Concurrent weak roots 3.268ms
[2021-02-07T17:36:30.261+0300][572.573s][info][gc] GC(1002) Concurrent cleanup 240M->240M(256M) 0.010ms
[2021-02-07T17:36:30.266+0300][572.578s][info][gc] GC(1002) Concurrent class unloading 5.064ms
[2021-02-07T17:36:30.266+0300][572.578s][info][gc] GC(1002) Concurrent strong roots 0.135ms
[2021-02-07T17:36:30.275+0300][572.587s][info][gc] GC(1002) Concurrent evacuation 8.938ms
[2021-02-07T17:36:30.278+0300][572.590s][info][gc] GC(1002) Pause Init Update Refs 0.010ms
[2021-02-07T17:36:30.422+0300][572.734s][info][gc] GC(1002) Concurrent update references 144.599ms
[2021-02-07T17:36:30.424+0300][572.736s][info][gc] GC(1002) Pause Final Update Refs 0.132ms
[2021-02-07T17:36:30.424+0300][572.736s][info][gc] GC(1002) Concurrent cleanup 250M->239M(256M) 0.016ms
[2021-02-07T17:36:30.426+0300][572.738s][info][gc] Trigger: Free (3375K) is below minimum threshold (26214K)
[2021-02-07T17:36:30.426+0300][572.738s][info][gc] GC(1003) Concurrent reset 0.353ms
[2021-02-07T17:36:30.426+0300][572.738s][info][gc] GC(1003) Pause Init Mark (unload classes) 0.092ms
[2021-02-07T17:36:30.767+0300][573.079s][info][gc] GC(1003) Concurrent marking (unload classes) 340.510ms
[2021-02-07T17:36:30.771+0300][573.083s][info][gc] GC(1003) Pause Final Mark (unload classes) 0.435ms
[2021-02-07T17:36:30.775+0300][573.087s][info][gc] GC(1003) Concurrent weak roots 3.310ms
[2021-02-07T17:36:30.775+0300][573.087s][info][gc] GC(1003) Concurrent cleanup 240M->240M(256M) 0.011ms
[2021-02-07T17:36:30.780+0300][573.092s][info][gc] GC(1003) Concurrent class unloading 5.165ms
[2021-02-07T17:36:30.780+0300][573.092s][info][gc] GC(1003) Concurrent strong roots 0.171ms
[2021-02-07T17:36:30.789+0300][573.101s][info][gc] GC(1003) Concurrent evacuation 8.742ms
[2021-02-07T17:36:30.792+0300][573.104s][info][gc] GC(1003) Pause Init Update Refs 0.009ms
[2021-02-07T17:36:30.933+0300][573.245s][info][gc] GC(1003) Concurrent update references 140.895ms
[2021-02-07T17:36:30.936+0300][573.248s][info][gc] GC(1003) Pause Final Update Refs 0.124ms
[2021-02-07T17:36:30.936+0300][573.248s][info][gc] GC(1003) Concurrent cleanup 250M->239M(256M) 0.016ms
[2021-02-07T17:36:30.938+0300][573.250s][info][gc] Trigger: Free (3505K) is below minimum threshold (26214K)
[2021-02-07T17:36:30.938+0300][573.250s][info][gc] GC(1004) Concurrent reset 0.359ms
[2021-02-07T17:36:30.938+0300][573.250s][info][gc] GC(1004) Pause Init Mark (unload classes) 0.117ms
[2021-02-07T17:36:31.283+0300][573.595s][info][gc] GC(1004) Concurrent marking (unload classes) 344.335ms
[2021-02-07T17:36:31.288+0300][573.600s][info][gc] GC(1004) Pause Final Mark (unload classes) 0.436ms
[2021-02-07T17:36:31.292+0300][573.604s][info][gc] GC(1004) Concurrent weak roots 3.302ms
[2021-02-07T17:36:31.292+0300][573.604s][info][gc] GC(1004) Concurrent cleanup 240M->240M(256M) 0.010ms
[2021-02-07T17:36:31.297+0300][573.609s][info][gc] GC(1004) Concurrent class unloading 5.063ms
[2021-02-07T17:36:31.297+0300][573.609s][info][gc] GC(1004) Concurrent strong roots 0.163ms
[2021-02-07T17:36:31.305+0300][573.617s][info][gc] GC(1004) Concurrent evacuation 8.465ms
[2021-02-07T17:36:31.308+0300][573.620s][info][gc] GC(1004) Pause Init Update Refs 0.009ms
[2021-02-07T17:36:31.451+0300][573.763s][info][gc] GC(1004) Concurrent update references 143.387ms
[2021-02-07T17:36:31.452+0300][573.764s][info][gc] GC(1004) Pause Final Update Refs 0.142ms
[2021-02-07T17:36:31.452+0300][573.764s][info][gc] GC(1004) Concurrent cleanup 250M->239M(256M) 0.018ms
[2021-02-07T17:36:31.454+0300][573.766s][info][gc] Trigger: Free (3137K) is below minimum threshold (26214K)
[2021-02-07T17:36:31.454+0300][573.766s][info][gc] GC(1005) Concurrent reset 0.442ms
[2021-02-07T17:36:31.455+0300][573.767s][info][gc] GC(1005) Pause Init Mark (process weakrefs) (unload classes) 0.151ms
[2021-02-07T17:36:31.801+0300][574.113s][info][gc] GC(1005) Concurrent marking (process weakrefs) (unload classes) 346.234ms
[2021-02-07T17:36:31.801+0300][574.113s][info][gc] GC(1005) Concurrent precleaning 0.103ms
[2021-02-07T17:36:31.806+0300][574.118s][info][gc] GC(1005) Pause Final Mark (process weakrefs) (unload classes) 0.480ms
[2021-02-07T17:36:31.810+0300][574.122s][info][gc] GC(1005) Concurrent weak roots 3.355ms
[2021-02-07T17:36:31.810+0300][574.122s][info][gc] GC(1005) Concurrent cleanup 241M->241M(256M) 0.012ms
[2021-02-07T17:36:31.815+0300][574.127s][info][gc] GC(1005) Concurrent class unloading 5.039ms
[2021-02-07T17:36:31.815+0300][574.127s][info][gc] GC(1005) Concurrent strong roots 0.130ms
[2021-02-07T17:36:31.823+0300][574.135s][info][gc] GC(1005) Concurrent evacuation 8.255ms
[2021-02-07T17:36:31.824+0300][574.136s][info][gc] GC(1005) Pause Init Update Refs 0.010ms
[2021-02-07T17:36:31.967+0300][574.279s][info][gc] GC(1005) Concurrent update references 143.157ms
[2021-02-07T17:36:31.971+0300][574.283s][info][gc] GC(1005) Pause Final Update Refs 0.123ms
[2021-02-07T17:36:31.971+0300][574.283s][info][gc] GC(1005) Concurrent cleanup 251M->239M(256M) 0.023ms
[2021-02-07T17:36:31.973+0300][574.285s][info][gc] Trigger: Free (3247K) is below minimum threshold (26214K)
[2021-02-07T17:36:31.973+0300][574.285s][info][gc] GC(1006) Concurrent reset 0.324ms
[2021-02-07T17:36:31.973+0300][574.285s][info][gc] GC(1006) Pause Init Mark (unload classes) 0.123ms
[2021-02-07T17:36:32.318+0300][574.630s][info][gc] GC(1006) Concurrent marking (unload classes) 344.547ms
[2021-02-07T17:36:32.323+0300][574.635s][info][gc] GC(1006) Pause Final Mark (unload classes) 0.390ms
[2021-02-07T17:36:32.327+0300][574.639s][info][gc] GC(1006) Concurrent weak roots 3.328ms
[2021-02-07T17:36:32.327+0300][574.639s][info][gc] GC(1006) Concurrent cleanup 241M->241M(256M) 0.010ms
[2021-02-07T17:36:32.335+0300][574.647s][info][gc] GC(1006) Concurrent class unloading 8.408ms
[2021-02-07T17:36:32.335+0300][574.647s][info][gc] GC(1006) Concurrent strong roots 0.167ms
[2021-02-07T17:36:32.343+0300][574.655s][info][gc] GC(1006) Concurrent evacuation 7.788ms
[2021-02-07T17:36:32.346+0300][574.658s][info][gc] GC(1006) Pause Init Update Refs 0.009ms
[2021-02-07T17:36:32.486+0300][574.798s][info][gc] GC(1006) Concurrent update references 140.090ms
[2021-02-07T17:36:32.489+0300][574.801s][info][gc] GC(1006) Pause Final Update Refs 0.115ms
[2021-02-07T17:36:32.489+0300][574.801s][info][gc] GC(1006) Concurrent cleanup 251M->239M(256M) 0.019ms
[2021-02-07T17:36:32.491+0300][574.803s][info][gc] Trigger: Free (3136K) is below minimum threshold (26214K)
[2021-02-07T17:36:32.491+0300][574.803s][info][gc] GC(1007) Concurrent reset 0.319ms
[2021-02-07T17:36:32.491+0300][574.803s][info][gc] GC(1007) Pause Init Mark (unload classes) 0.093ms
[2021-02-07T17:36:32.819+0300][575.131s][info][gc] GC(1007) Concurrent marking (unload classes) 327.110ms
[2021-02-07T17:36:32.822+0300][575.134s][info][gc] GC(1007) Pause Final Mark (unload classes) 0.441ms
[2021-02-07T17:36:32.826+0300][575.138s][info][gc] GC(1007) Concurrent weak roots 3.265ms
[2021-02-07T17:36:32.826+0300][575.138s][info][gc] GC(1007) Concurrent cleanup 240M->240M(256M) 0.010ms
[2021-02-07T17:36:32.831+0300][575.143s][info][gc] GC(1007) Concurrent class unloading 5.109ms
[2021-02-07T17:36:32.831+0300][575.143s][info][gc] GC(1007) Concurrent strong roots 0.132ms
[2021-02-07T17:36:32.839+0300][575.151s][info][gc] GC(1007) Concurrent evacuation 8.259ms
[2021-02-07T17:36:32.842+0300][575.154s][info][gc] GC(1007) Pause Init Update Refs 0.010ms
[2021-02-07T17:36:32.982+0300][575.294s][info][gc] GC(1007) Concurrent update references 140.112ms
[2021-02-07T17:36:32.985+0300][575.297s][info][gc] GC(1007) Pause Final Update Refs 0.152ms
[2021-02-07T17:36:32.985+0300][575.297s][info][gc] GC(1007) Concurrent cleanup 250M->239M(256M) 0.015ms
[2021-02-07T17:36:32.987+0300][575.299s][info][gc] Trigger: Free (3503K) is below minimum threshold (26214K)
[2021-02-07T17:36:32.987+0300][575.299s][info][gc] GC(1008) Concurrent reset 0.356ms
[2021-02-07T17:36:32.988+0300][575.300s][info][gc] GC(1008) Pause Init Mark (unload classes) 0.177ms
[2021-02-07T17:36:33.316+0300][575.628s][info][gc] GC(1008) Concurrent marking (unload classes) 328.388ms
[2021-02-07T17:36:33.320+0300][575.632s][info][gc] GC(1008) Pause Final Mark (unload classes) 0.333ms
[2021-02-07T17:36:33.327+0300][575.639s][info][gc] GC(1008) Concurrent weak roots 6.471ms
[2021-02-07T17:36:33.327+0300][575.639s][info][gc] GC(1008) Concurrent cleanup 240M->240M(256M) 0.014ms
[2021-02-07T17:36:33.358+0300][575.670s][info][gc] GC(1008) Concurrent class unloading 31.203ms
[2021-02-07T17:36:33.358+0300][575.670s][info][gc] GC(1008) Concurrent strong roots 0.153ms
[2021-02-07T17:36:33.366+0300][575.678s][info][gc] GC(1008) Concurrent evacuation 8.381ms
[2021-02-07T17:36:33.374+0300][575.686s][info][gc] GC(1008) Pause Init Update Refs 0.015ms
[2021-02-07T17:36:33.518+0300][575.830s][info][gc] GC(1008) Concurrent update references 144.235ms
[2021-02-07T17:36:33.521+0300][575.833s][info][gc] GC(1008) Pause Final Update Refs 0.143ms
[2021-02-07T17:36:33.521+0300][575.833s][info][gc] GC(1008) Concurrent cleanup 250M->239M(256M) 0.015ms
[2021-02-07T17:36:33.523+0300][575.835s][info][gc] Trigger: Free (3393K) is below minimum threshold (26214K)
[2021-02-07T17:36:33.523+0300][575.835s][info][gc] GC(1009) Concurrent reset 0.350ms
[2021-02-07T17:36:33.523+0300][575.835s][info][gc] GC(1009) Pause Init Mark (unload classes) 0.121ms
[2021-02-07T17:36:33.850+0300][576.162s][info][gc] GC(1009) Concurrent marking (unload classes) 326.910ms
[2021-02-07T17:36:33.854+0300][576.166s][info][gc] GC(1009) Pause Final Mark (unload classes) 0.444ms
[2021-02-07T17:36:33.858+0300][576.170s][info][gc] GC(1009) Concurrent weak roots 3.295ms
[2021-02-07T17:36:33.858+0300][576.170s][info][gc] GC(1009) Concurrent cleanup 240M->240M(256M) 0.010ms
[2021-02-07T17:36:33.863+0300][576.175s][info][gc] GC(1009) Concurrent class unloading 5.114ms
[2021-02-07T17:36:33.863+0300][576.175s][info][gc] GC(1009) Concurrent strong roots 0.164ms
[2021-02-07T17:36:33.871+0300][576.183s][info][gc] GC(1009) Concurrent evacuation 8.270ms
[2021-02-07T17:36:33.874+0300][576.186s][info][gc] GC(1009) Pause Init Update Refs 0.009ms
[2021-02-07T17:36:34.015+0300][576.327s][info][gc] GC(1009) Concurrent update references 141.159ms
[2021-02-07T17:36:34.018+0300][576.330s][info][gc] GC(1009) Pause Final Update Refs 0.140ms
[2021-02-07T17:36:34.018+0300][576.330s][info][gc] GC(1009) Concurrent cleanup 250M->239M(256M) 0.015ms
[2021-02-07T17:36:34.020+0300][576.332s][info][gc] Trigger: Free (3760K) is below minimum threshold (26214K)
[2021-02-07T17:36:34.020+0300][576.332s][info][gc] GC(1010) Concurrent reset 0.468ms
[2021-02-07T17:36:34.021+0300][576.333s][info][gc] GC(1010) Pause Init Mark (process weakrefs) (unload classes) 0.140ms
[2021-02-07T17:36:34.355+0300][576.667s][info][gc] GC(1010) Concurrent marking (process weakrefs) (unload classes) 333.612ms
[2021-02-07T17:36:34.355+0300][576.667s][info][gc] GC(1010) Concurrent precleaning 0.155ms
[2021-02-07T17:36:34.358+0300][576.670s][info][gc] GC(1010) Pause Final Mark (process weakrefs) (unload classes) 0.453ms
[2021-02-07T17:36:34.362+0300][576.674s][info][gc] GC(1010) Concurrent weak roots 3.288ms
[2021-02-07T17:36:34.362+0300][576.674s][info][gc] GC(1010) Concurrent cleanup 240M->240M(256M) 0.010ms
[2021-02-07T17:36:34.367+0300][576.679s][info][gc] GC(1010) Concurrent class unloading 5.091ms
[2021-02-07T17:36:34.367+0300][576.679s][info][gc] GC(1010) Concurrent strong roots 0.164ms
[2021-02-07T17:36:34.376+0300][576.688s][info][gc] GC(1010) Concurrent evacuation 9.129ms
[2021-02-07T17:36:34.379+0300][576.691s][info][gc] GC(1010) Pause Init Update Refs 0.010ms
[2021-02-07T17:36:34.520+0300][576.832s][info][gc] GC(1010) Concurrent update references 140.857ms
[2021-02-07T17:36:34.523+0300][576.835s][info][gc] GC(1010) Pause Final Update Refs 0.148ms
[2021-02-07T17:36:34.523+0300][576.835s][info][gc] GC(1010) Concurrent cleanup 250M->239M(256M) 0.020ms
[2021-02-07T17:36:34.525+0300][576.837s][info][gc] Trigger: Free (3504K) is below minimum threshold (26214K)
[2021-02-07T17:36:34.525+0300][576.837s][info][gc] GC(1011) Concurrent reset 0.348ms
[2021-02-07T17:36:34.525+0300][576.837s][info][gc] GC(1011) Pause Init Mark (unload classes) 0.120ms
[2021-02-07T17:36:34.867+0300][577.179s][info][gc] GC(1011) Concurrent marking (unload classes) 341.235ms
[2021-02-07T17:36:34.868+0300][577.180s][info][gc] GC(1011) Pause Final Mark (unload classes) 0.443ms
[2021-02-07T17:36:34.874+0300][577.186s][info][gc] GC(1011) Concurrent weak roots 5.101ms
[2021-02-07T17:36:34.874+0300][577.186s][info][gc] GC(1011) Concurrent cleanup 242M->242M(256M) 0.010ms
[2021-02-07T17:36:34.877+0300][577.189s][info][gc] GC(1011) Concurrent class unloading 3.123ms
[2021-02-07T17:36:34.877+0300][577.189s][info][gc] GC(1011) Concurrent strong roots 0.167ms
[2021-02-07T17:36:34.884+0300][577.196s][info][gc] GC(1011) Concurrent evacuation 7.315ms
[2021-02-07T17:36:34.887+0300][577.199s][info][gc] GC(1011) Pause Init Update Refs 0.009ms
[2021-02-07T17:36:35.026+0300][577.338s][info][gc] GC(1011) Concurrent update references 139.585ms
[2021-02-07T17:36:35.029+0300][577.341s][info][gc] GC(1011) Pause Final Update Refs 0.111ms
[2021-02-07T17:36:35.029+0300][577.341s][info][gc] GC(1011) Concurrent cleanup 250M->239M(256M) 0.016ms
[2021-02-07T17:36:35.031+0300][577.343s][info][gc] Trigger: Free (3761K) is below minimum threshold (26214K)
[2021-02-07T17:36:35.031+0300][577.343s][info][gc] GC(1012) Concurrent reset 0.316ms
[2021-02-07T17:36:35.031+0300][577.343s][info][gc] GC(1012) Pause Init Mark (unload classes) 0.093ms
[2021-02-07T17:36:35.365+0300][577.677s][info][gc] GC(1012) Concurrent marking (unload classes) 333.248ms
[2021-02-07T17:36:35.369+0300][577.681s][info][gc] GC(1012) Pause Final Mark (unload classes) 0.462ms
[2021-02-07T17:36:35.381+0300][577.692s][info][gc] GC(1012) Concurrent weak roots 11.299ms
[2021-02-07T17:36:35.381+0300][577.692s][info][gc] GC(1012) Concurrent cleanup 241M->241M(256M) 0.014ms
[2021-02-07T17:36:35.397+0300][577.708s][info][gc] GC(1012) Concurrent class unloading 16.130ms
[2021-02-07T17:36:35.397+0300][577.708s][info][gc] GC(1012) Concurrent strong roots 0.169ms
[2021-02-07T17:36:35.404+0300][577.716s][info][gc] GC(1012) Concurrent evacuation 7.397ms
[2021-02-07T17:36:35.405+0300][577.716s][info][gc] GC(1012) Pause Init Update Refs 0.009ms
[2021-02-07T17:36:35.544+0300][577.856s][info][gc] GC(1012) Concurrent update references 139.639ms
[2021-02-07T17:36:35.547+0300][577.858s][info][gc] GC(1012) Pause Final Update Refs 0.149ms
[2021-02-07T17:36:35.547+0300][577.859s][info][gc] GC(1012) Concurrent cleanup 250M->239M(256M) 0.015ms
[2021-02-07T17:36:35.549+0300][577.860s][info][gc] Trigger: Free (3504K) is below minimum threshold (26214K)
[2021-02-07T17:36:35.549+0300][577.861s][info][gc] GC(1013) Concurrent reset 0.351ms
[2021-02-07T17:36:35.549+0300][577.861s][info][gc] GC(1013) Pause Init Mark (unload classes) 0.120ms
[2021-02-07T17:36:35.892+0300][578.204s][info][gc] GC(1013) Concurrent marking (unload classes) 342.664ms
[2021-02-07T17:36:35.905+0300][578.217s][info][gc] GC(1013) Pause Final Mark (unload classes) 0.332ms
[2021-02-07T17:36:35.909+0300][578.220s][info][gc] GC(1013) Concurrent weak roots 3.438ms
[2021-02-07T17:36:35.909+0300][578.220s][info][gc] GC(1013) Concurrent cleanup 242M->242M(256M) 0.012ms
[2021-02-07T17:36:35.911+0300][578.223s][info][gc] GC(1013) Concurrent class unloading 2.453ms
[2021-02-07T17:36:35.911+0300][578.223s][info][gc] GC(1013) Concurrent strong roots 0.162ms
[2021-02-07T17:36:35.919+0300][578.230s][info][gc] GC(1013) Concurrent evacuation 7.406ms
[2021-02-07T17:36:35.922+0300][578.233s][info][gc] GC(1013) Pause Init Update Refs 0.011ms
[2021-02-07T17:36:36.062+0300][578.374s][info][gc] GC(1013) Concurrent update references 140.675ms
[2021-02-07T17:36:36.066+0300][578.378s][info][gc] GC(1013) Pause Final Update Refs 0.157ms
[2021-02-07T17:36:36.066+0300][578.378s][info][gc] GC(1013) Concurrent cleanup 250M->239M(256M) 0.017ms
[2021-02-07T17:36:36.079+0300][578.390s][info][gc] Trigger: Free (4017K) is below minimum threshold (26214K)
[2021-02-07T17:36:36.079+0300][578.391s][info][gc] GC(1014) Concurrent reset 0.388ms
[2021-02-07T17:36:36.079+0300][578.391s][info][gc] GC(1014) Pause Init Mark (unload classes) 0.084ms
[2021-02-07T17:36:36.436+0300][578.748s][info][gc] GC(1014) Concurrent marking (unload classes) 356.565ms
[2021-02-07T17:36:36.445+0300][578.757s][info][gc] GC(1014) Pause Final Mark (unload classes) 0.432ms
[2021-02-07T17:36:36.449+0300][578.760s][info][gc] GC(1014) Concurrent weak roots 3.302ms
[2021-02-07T17:36:36.449+0300][578.760s][info][gc] GC(1014) Concurrent cleanup 240M->240M(256M) 0.010ms
[2021-02-07T17:36:36.454+0300][578.765s][info][gc] GC(1014) Concurrent class unloading 5.076ms
[2021-02-07T17:36:36.454+0300][578.766s][info][gc] GC(1014) Concurrent strong roots 0.168ms
[2021-02-07T17:36:36.462+0300][578.774s][info][gc] GC(1014) Concurrent evacuation 8.229ms
[2021-02-07T17:36:36.465+0300][578.776s][info][gc] GC(1014) Pause Init Update Refs 0.009ms
[2021-02-07T17:36:36.605+0300][578.917s][info][gc] GC(1014) Concurrent update references 140.031ms
[2021-02-07T17:36:36.606+0300][578.918s][info][gc] GC(1014) Pause Final Update Refs 0.140ms
[2021-02-07T17:36:36.606+0300][578.918s][info][gc] GC(1014) Concurrent cleanup 249M->239M(256M) 0.016ms
[2021-02-07T17:36:36.608+0300][578.919s][info][gc] Trigger: Free (3763K) is below minimum threshold (26214K)
[2021-02-07T17:36:36.608+0300][578.920s][info][gc] GC(1015) Concurrent reset 0.349ms
[2021-02-07T17:36:36.608+0300][578.920s][info][gc] GC(1015) Pause Init Mark (process weakrefs) (unload classes) 0.138ms
[2021-02-07T17:36:36.937+0300][579.249s][info][gc] GC(1015) Concurrent marking (process weakrefs) (unload classes) 328.404ms
[2021-02-07T17:36:36.937+0300][579.249s][info][gc] GC(1015) Concurrent precleaning 0.155ms
[2021-02-07T17:36:36.938+0300][579.250s][info][gc] GC(1015) Pause Final Mark (process weakrefs) (unload classes) 0.443ms
[2021-02-07T17:36:36.942+0300][579.253s][info][gc] GC(1015) Concurrent weak roots 3.450ms
[2021-02-07T17:36:36.942+0300][579.253s][info][gc] GC(1015) Concurrent cleanup 241M->241M(256M) 0.010ms
[2021-02-07T17:36:36.947+0300][579.258s][info][gc] GC(1015) Concurrent class unloading 5.100ms
[2021-02-07T17:36:36.947+0300][579.259s][info][gc] GC(1015) Concurrent strong roots 0.160ms
[2021-02-07T17:36:36.955+0300][579.267s][info][gc] GC(1015) Concurrent evacuation 7.985ms
[2021-02-07T17:36:36.955+0300][579.267s][info][gc] GC(1015) Pause Init Update Refs 0.009ms
[2021-02-07T17:36:37.095+0300][579.407s][info][gc] GC(1015) Concurrent update references 139.925ms
[2021-02-07T17:36:37.098+0300][579.410s][info][gc] GC(1015) Pause Final Update Refs 0.144ms
[2021-02-07T17:36:37.098+0300][579.410s][info][gc] GC(1015) Concurrent cleanup 250M->239M(256M) 0.015ms
[2021-02-07T17:36:37.100+0300][579.411s][info][gc] Trigger: Free (4016K) is below minimum threshold (26214K)
[2021-02-07T17:36:37.100+0300][579.412s][info][gc] GC(1016) Concurrent reset 0.349ms
[2021-02-07T17:36:37.100+0300][579.412s][info][gc] GC(1016) Pause Init Mark (unload classes) 0.143ms
[2021-02-07T17:36:37.430+0300][579.742s][info][gc] GC(1016) Concurrent marking (unload classes) 329.462ms
[2021-02-07T17:36:37.433+0300][579.745s][info][gc] GC(1016) Pause Final Mark (unload classes) 0.429ms
[2021-02-07T17:36:37.437+0300][579.748s][info][gc] GC(1016) Concurrent weak roots 3.307ms
[2021-02-07T17:36:37.437+0300][579.748s][info][gc] GC(1016) Concurrent cleanup 240M->240M(256M) 0.011ms
[2021-02-07T17:36:37.442+0300][579.753s][info][gc] GC(1016) Concurrent class unloading 5.106ms
[2021-02-07T17:36:37.442+0300][579.754s][info][gc] GC(1016) Concurrent strong roots 0.168ms
[2021-02-07T17:36:37.450+0300][579.762s][info][gc] GC(1016) Concurrent evacuation 8.237ms
[2021-02-07T17:36:37.453+0300][579.764s][info][gc] GC(1016) Pause Init Update Refs 0.010ms
[2021-02-07T17:36:37.594+0300][579.906s][info][gc] GC(1016) Concurrent update references 141.202ms
[2021-02-07T17:36:37.595+0300][579.906s][info][gc] GC(1016) Pause Final Update Refs 0.101ms
[2021-02-07T17:36:37.595+0300][579.906s][info][gc] GC(1016) Concurrent cleanup 250M->239M(256M) 0.015ms
[2021-02-07T17:36:37.597+0300][579.908s][info][gc] Trigger: Free (3763K) is below minimum threshold (26214K)
[2021-02-07T17:36:37.597+0300][579.909s][info][gc] GC(1017) Concurrent reset 0.319ms
[2021-02-07T17:36:37.597+0300][579.909s][info][gc] GC(1017) Pause Init Mark (unload classes) 0.127ms
[2021-02-07T17:36:37.925+0300][580.237s][info][gc] GC(1017) Concurrent marking (unload classes) 328.004ms
[2021-02-07T17:36:37.929+0300][580.241s][info][gc] GC(1017) Pause Final Mark (unload classes) 0.439ms
[2021-02-07T17:36:37.936+0300][580.247s][info][gc] GC(1017) Concurrent weak roots 6.306ms
[2021-02-07T17:36:37.936+0300][580.247s][info][gc] GC(1017) Concurrent cleanup 240M->240M(256M) 0.015ms
[2021-02-07T17:36:37.952+0300][580.263s][info][gc] GC(1017) Concurrent class unloading 16.081ms
[2021-02-07T17:36:37.952+0300][580.264s][info][gc] GC(1017) Concurrent strong roots 0.135ms
[2021-02-07T17:36:37.960+0300][580.272s][info][gc] GC(1017) Concurrent evacuation 8.341ms
[2021-02-07T17:36:37.967+0300][580.278s][info][gc] GC(1017) Pause Init Update Refs 0.011ms
[2021-02-07T17:36:38.107+0300][580.419s][info][gc] GC(1017) Concurrent update references 140.267ms
[2021-02-07T17:36:38.108+0300][580.420s][info][gc] GC(1017) Pause Final Update Refs 0.153ms
[2021-02-07T17:36:38.109+0300][580.420s][info][gc] GC(1017) Concurrent cleanup 250M->239M(256M) 0.015ms
[2021-02-07T17:36:38.111+0300][580.422s][info][gc] Trigger: Free (3760K) is below minimum threshold (26214K)
[2021-02-07T17:36:38.111+0300][580.423s][info][gc] GC(1018) Concurrent reset 0.350ms
[2021-02-07T17:36:38.111+0300][580.423s][info][gc] GC(1018) Pause Init Mark (unload classes) 0.119ms
[2021-02-07T17:36:38.443+0300][580.755s][info][gc] GC(1018) Concurrent marking (unload classes) 331.657ms
[2021-02-07T17:36:38.446+0300][580.758s][info][gc] GC(1018) Pause Final Mark (unload classes) 0.434ms
[2021-02-07T17:36:38.450+0300][580.761s][info][gc] GC(1018) Concurrent weak roots 3.288ms
[2021-02-07T17:36:38.450+0300][580.761s][info][gc] GC(1018) Concurrent cleanup 240M->240M(256M) 0.009ms
[2021-02-07T17:36:38.455+0300][580.766s][info][gc] GC(1018) Concurrent class unloading 5.083ms
[2021-02-07T17:36:38.455+0300][580.767s][info][gc] GC(1018) Concurrent strong roots 0.133ms
[2021-02-07T17:36:38.463+0300][580.775s][info][gc] GC(1018) Concurrent evacuation 8.237ms
[2021-02-07T17:36:38.466+0300][580.777s][info][gc] GC(1018) Pause Init Update Refs 0.009ms
[2021-02-07T17:36:38.606+0300][580.917s][info][gc] GC(1018) Concurrent update references 139.925ms
[2021-02-07T17:36:38.609+0300][580.921s][info][gc] GC(1018) Pause Final Update Refs 0.123ms
[2021-02-07T17:36:38.609+0300][580.921s][info][gc] GC(1018) Concurrent cleanup 250M->239M(256M) 0.016ms
[2021-02-07T17:36:38.617+0300][580.928s][info][gc] Trigger: Free (3504K) is below minimum threshold (26214K)
[2021-02-07T17:36:38.617+0300][580.929s][info][gc] GC(1019) Concurrent reset 0.433ms
[2021-02-07T17:36:38.618+0300][580.929s][info][gc] GC(1019) Pause Init Mark (unload classes) 0.136ms
[2021-02-07T17:36:38.941+0300][581.252s][info][gc] GC(1019) Concurrent marking (unload classes) 322.991ms
[2021-02-07T17:36:38.944+0300][581.256s][info][gc] GC(1019) Pause Final Mark (unload classes) 0.415ms
[2021-02-07T17:36:38.948+0300][581.259s][info][gc] GC(1019) Concurrent weak roots 3.324ms
[2021-02-07T17:36:38.948+0300][581.259s][info][gc] GC(1019) Concurrent cleanup 241M->241M(256M) 0.010ms
[2021-02-07T17:36:38.950+0300][581.262s][info][gc] GC(1019) Concurrent class unloading 2.320ms
[2021-02-07T17:36:38.950+0300][581.262s][info][gc] GC(1019) Concurrent strong roots 0.160ms
[2021-02-07T17:36:38.958+0300][581.269s][info][gc] GC(1019) Concurrent evacuation 7.636ms
[2021-02-07T17:36:38.961+0300][581.272s][info][gc] GC(1019) Pause Init Update Refs 0.010ms
[2021-02-07T17:36:39.101+0300][581.413s][info][gc] GC(1019) Concurrent update references 140.556ms
[2021-02-07T17:36:39.102+0300][581.413s][info][gc] GC(1019) Pause Final Update Refs 0.123ms
[2021-02-07T17:36:39.102+0300][581.414s][info][gc] GC(1019) Concurrent cleanup 250M->239M(256M) 0.015ms
[2021-02-07T17:36:39.104+0300][581.415s][info][gc] Trigger: Free (4017K) is below minimum threshold (26214K)
[2021-02-07T17:36:39.104+0300][581.416s][info][gc] GC(1020) Concurrent reset 0.360ms
[2021-02-07T17:36:39.104+0300][581.416s][info][gc] GC(1020) Pause Init Mark (process weakrefs) (unload classes) 0.091ms
[2021-02-07T17:36:39.432+0300][581.743s][info][gc] GC(1020) Concurrent marking (process weakrefs) (unload classes) 327.090ms
[2021-02-07T17:36:39.432+0300][581.743s][info][gc] GC(1020) Concurrent precleaning 0.152ms
[2021-02-07T17:36:39.433+0300][581.745s][info][gc] GC(1020) Pause Final Mark (process weakrefs) (unload classes) 0.463ms
[2021-02-07T17:36:39.437+0300][581.748s][info][gc] GC(1020) Concurrent weak roots 3.124ms
[2021-02-07T17:36:39.437+0300][581.748s][info][gc] GC(1020) Concurrent cleanup 240M->240M(256M) 0.013ms
[2021-02-07T17:36:39.439+0300][581.751s][info][gc] GC(1020) Concurrent class unloading 2.396ms
[2021-02-07T17:36:39.439+0300][581.751s][info][gc] GC(1020) Concurrent strong roots 0.165ms
[2021-02-07T17:36:39.447+0300][581.759s][info][gc] GC(1020) Concurrent evacuation 7.853ms
[2021-02-07T17:36:39.448+0300][581.760s][info][gc] GC(1020) Pause Init Update Refs 0.009ms
[2021-02-07T17:36:39.588+0300][581.900s][info][gc] GC(1020) Concurrent update references 139.560ms
[2021-02-07T17:36:39.591+0300][581.903s][info][gc] GC(1020) Pause Final Update Refs 0.141ms
[2021-02-07T17:36:39.591+0300][581.903s][info][gc] GC(1020) Concurrent cleanup 250M->239M(256M) 0.016ms
[2021-02-07T17:36:39.593+0300][581.904s][info][gc] Trigger: Free (3507K) is below minimum threshold (26214K)
[2021-02-07T17:36:39.593+0300][581.905s][info][gc] GC(1021) Concurrent reset 0.345ms
[2021-02-07T17:36:39.593+0300][581.905s][info][gc] GC(1021) Pause Init Mark (unload classes) 0.116ms
[2021-02-07T17:36:39.937+0300][582.249s][info][gc] GC(1021) Concurrent marking (unload classes) 343.675ms
[2021-02-07T17:36:39.940+0300][582.252s][info][gc] GC(1021) Pause Final Mark (unload classes) 0.432ms
[2021-02-07T17:36:39.946+0300][582.257s][info][gc] GC(1021) Concurrent weak roots 5.262ms
[2021-02-07T17:36:39.946+0300][582.257s][info][gc] GC(1021) Concurrent cleanup 243M->243M(256M) 0.009ms
[2021-02-07T17:36:39.951+0300][582.262s][info][gc] GC(1021) Concurrent class unloading 5.074ms
[2021-02-07T17:36:39.951+0300][582.262s][info][gc] GC(1021) Concurrent strong roots 0.112ms
[2021-02-07T17:36:39.957+0300][582.269s][info][gc] GC(1021) Concurrent evacuation 6.641ms
[2021-02-07T17:36:39.958+0300][582.270s][info][gc] GC(1021) Pause Init Update Refs 0.009ms
[2021-02-07T17:36:40.099+0300][582.411s][info][gc] GC(1021) Concurrent update references 140.893ms
[2021-02-07T17:36:40.100+0300][582.412s][info][gc] GC(1021) Pause Final Update Refs 0.142ms
[2021-02-07T17:36:40.100+0300][582.412s][info][gc] GC(1021) Concurrent cleanup 250M->239M(256M) 0.015ms
[2021-02-07T17:36:40.109+0300][582.420s][info][gc] Trigger: Free (3973K) is below minimum threshold (26214K)
[2021-02-07T17:36:40.109+0300][582.421s][info][gc] GC(1022) Concurrent reset 0.409ms
[2021-02-07T17:36:40.110+0300][582.421s][info][gc] GC(1022) Pause Init Mark (unload classes) 0.155ms
[2021-02-07T17:36:40.441+0300][582.753s][info][gc] GC(1022) Concurrent marking (unload classes) 331.529ms
[2021-02-07T17:36:40.442+0300][582.754s][info][gc] GC(1022) Pause Final Mark (unload classes) 0.356ms
[2021-02-07T17:36:40.446+0300][582.757s][info][gc] GC(1022) Concurrent weak roots 3.157ms
[2021-02-07T17:36:40.446+0300][582.757s][info][gc] GC(1022) Concurrent cleanup 240M->240M(256M) 0.010ms
[2021-02-07T17:36:40.451+0300][582.762s][info][gc] GC(1022) Concurrent class unloading 5.116ms
[2021-02-07T17:36:40.451+0300][582.763s][info][gc] GC(1022) Concurrent strong roots 0.159ms
[2021-02-07T17:36:40.459+0300][582.771s][info][gc] GC(1022) Concurrent evacuation 8.276ms
[2021-02-07T17:36:40.462+0300][582.773s][info][gc] GC(1022) Pause Init Update Refs 0.009ms
[2021-02-07T17:36:40.603+0300][582.915s][info][gc] GC(1022) Concurrent update references 141.175ms
[2021-02-07T17:36:40.606+0300][582.917s][info][gc] GC(1022) Pause Final Update Refs 0.136ms
[2021-02-07T17:36:40.606+0300][582.918s][info][gc] GC(1022) Concurrent cleanup 250M->239M(256M) 0.019ms
[2021-02-07T17:36:40.608+0300][582.919s][info][gc] Trigger: Free (3504K) is below minimum threshold (26214K)
[2021-02-07T17:36:40.608+0300][582.920s][info][gc] GC(1023) Concurrent reset 0.389ms
[2021-02-07T17:36:40.609+0300][582.920s][info][gc] GC(1023) Pause Init Mark (unload classes) 0.147ms
[2021-02-07T17:36:40.951+0300][583.262s][info][gc] GC(1023) Concurrent marking (unload classes) 341.912ms
[2021-02-07T17:36:40.951+0300][583.263s][info][gc] GC(1023) Pause Final Mark (unload classes) 0.408ms
[2021-02-07T17:36:40.957+0300][583.268s][info][gc] GC(1023) Concurrent weak roots 5.024ms
[2021-02-07T17:36:40.957+0300][583.268s][info][gc] GC(1023) Concurrent cleanup 241M->241M(256M) 0.011ms
[2021-02-07T17:36:40.960+0300][583.271s][info][gc] GC(1023) Concurrent class unloading 3.027ms
[2021-02-07T17:36:40.960+0300][583.272s][info][gc] GC(1023) Concurrent strong roots 0.136ms
[2021-02-07T17:36:40.968+0300][583.280s][info][gc] GC(1023) Concurrent evacuation 8.277ms
[2021-02-07T17:36:40.971+0300][583.282s][info][gc] GC(1023) Pause Init Update Refs 0.011ms
[2021-02-07T17:36:41.112+0300][583.423s][info][gc] GC(1023) Concurrent update references 141.048ms
[2021-02-07T17:36:41.118+0300][583.429s][info][gc] GC(1023) Pause Final Update Refs 0.077ms
[2021-02-07T17:36:41.118+0300][583.430s][info][gc] GC(1023) Concurrent cleanup 250M->239M(256M) 0.018ms
[2021-02-07T17:36:41.133+0300][583.444s][info][gc] Trigger: Free (4017K) is below minimum threshold (26214K)
[2021-02-07T17:36:41.133+0300][583.445s][info][gc] GC(1024) Concurrent reset 0.449ms
[2021-02-07T17:36:41.134+0300][583.445s][info][gc] GC(1024) Pause Init Mark (unload classes) 0.078ms
[2021-02-07T17:36:41.483+0300][583.795s][info][gc] GC(1024) Concurrent marking (unload classes) 348.976ms
[2021-02-07T17:36:41.488+0300][583.799s][info][gc] GC(1024) Pause Final Mark (unload classes) 0.209ms
[2021-02-07T17:36:41.493+0300][583.804s][info][gc] GC(1024) Concurrent weak roots 4.708ms
[2021-02-07T17:36:41.493+0300][583.804s][info][gc] GC(1024) Concurrent cleanup 241M->241M(256M) 0.011ms
[2021-02-07T17:36:41.498+0300][583.809s][info][gc] GC(1024) Concurrent class unloading 5.056ms
[2021-02-07T17:36:41.498+0300][583.809s][info][gc] GC(1024) Concurrent strong roots 0.106ms
[2021-02-07T17:36:41.506+0300][583.817s][info][gc] GC(1024) Concurrent evacuation 7.749ms
[2021-02-07T17:36:41.506+0300][583.818s][info][gc] GC(1024) Pause Init Update Refs 0.009ms
[2021-02-07T17:36:41.650+0300][583.961s][info][gc] GC(1024) Concurrent update references 143.686ms
[2021-02-07T17:36:41.653+0300][583.964s][info][gc] GC(1024) Pause Final Update Refs 0.081ms
[2021-02-07T17:36:41.653+0300][583.965s][info][gc] GC(1024) Concurrent cleanup 249M->239M(256M) 0.027ms
[2021-02-07T17:36:41.670+0300][583.981s][info][gc] Trigger: Free (4019K) is below minimum threshold (26214K)
[2021-02-07T17:36:41.670+0300][583.982s][info][gc] GC(1025) Concurrent reset 0.427ms
[2021-02-07T17:36:41.671+0300][583.982s][info][gc] GC(1025) Pause Init Mark (process weakrefs) (unload classes) 0.080ms
[2021-02-07T17:36:42.005+0300][584.317s][info][gc] GC(1025) Concurrent marking (process weakrefs) (unload classes) 334.616ms
[2021-02-07T17:36:42.005+0300][584.317s][info][gc] GC(1025) Concurrent precleaning 0.116ms
[2021-02-07T17:36:42.014+0300][584.326s][info][gc] GC(1025) Pause Final Mark (process weakrefs) (unload classes) 0.286ms
[2021-02-07T17:36:42.018+0300][584.329s][info][gc] GC(1025) Concurrent weak roots 3.454ms
[2021-02-07T17:36:42.018+0300][584.329s][info][gc] GC(1025) Concurrent cleanup 240M->240M(256M) 0.010ms
[2021-02-07T17:36:42.023+0300][584.334s][info][gc] GC(1025) Concurrent class unloading 5.075ms
[2021-02-07T17:36:42.023+0300][584.334s][info][gc] GC(1025) Concurrent strong roots 0.101ms
[2021-02-07T17:36:42.031+0300][584.342s][info][gc] GC(1025) Concurrent evacuation 7.926ms
[2021-02-07T17:36:42.031+0300][584.343s][info][gc] GC(1025) Pause Init Update Refs 0.009ms
[2021-02-07T17:36:42.172+0300][584.483s][info][gc] GC(1025) Concurrent update references 140.202ms
[2021-02-07T17:36:42.172+0300][584.484s][info][gc] GC(1025) Pause Final Update Refs 0.142ms
[2021-02-07T17:36:42.173+0300][584.484s][info][gc] GC(1025) Concurrent cleanup 250M->239M(256M) 0.017ms
[2021-02-07T17:36:42.175+0300][584.486s][info][gc] Trigger: Free (3735K) is below minimum threshold (26214K)
[2021-02-07T17:36:42.175+0300][584.487s][info][gc] GC(1026) Concurrent reset 0.362ms
[2021-02-07T17:36:42.175+0300][584.487s][info][gc] GC(1026) Pause Init Mark (unload classes) 0.121ms
[2021-02-07T17:36:42.505+0300][584.816s][info][gc] GC(1026) Concurrent marking (unload classes) 329.083ms
[2021-02-07T17:36:42.508+0300][584.820s][info][gc] GC(1026) Pause Final Mark (unload classes) 0.435ms
[2021-02-07T17:36:42.514+0300][584.825s][info][gc] GC(1026) Concurrent weak roots 5.287ms
[2021-02-07T17:36:42.514+0300][584.825s][info][gc] GC(1026) Concurrent cleanup 242M->242M(256M) 0.010ms
[2021-02-07T17:36:42.517+0300][584.828s][info][gc] GC(1026) Concurrent class unloading 2.885ms
[2021-02-07T17:36:42.517+0300][584.828s][info][gc] GC(1026) Concurrent strong roots 0.167ms
[2021-02-07T17:36:42.524+0300][584.836s][info][gc] GC(1026) Concurrent evacuation 7.157ms
[2021-02-07T17:36:42.527+0300][584.838s][info][gc] GC(1026) Pause Init Update Refs 0.009ms
[2021-02-07T17:36:42.668+0300][584.980s][info][gc] GC(1026) Concurrent update references 141.634ms
[2021-02-07T17:36:42.671+0300][584.983s][info][gc] GC(1026) Pause Final Update Refs 0.143ms
[2021-02-07T17:36:42.671+0300][584.983s][info][gc] GC(1026) Concurrent cleanup 250M->239M(256M) 0.017ms
[2021-02-07T17:36:42.673+0300][584.984s][info][gc] Trigger: Free (4016K) is below minimum threshold (26214K)
[2021-02-07T17:36:42.673+0300][584.985s][info][gc] GC(1027) Concurrent reset 0.349ms
[2021-02-07T17:36:42.673+0300][584.985s][info][gc] GC(1027) Pause Init Mark (unload classes) 0.118ms
[2021-02-07T17:36:43.000+0300][585.312s][info][gc] GC(1027) Concurrent marking (unload classes) 326.391ms
[2021-02-07T17:36:43.003+0300][585.315s][info][gc] GC(1027) Pause Final Mark (unload classes) 0.422ms
[2021-02-07T17:36:43.007+0300][585.318s][info][gc] GC(1027) Concurrent weak roots 3.364ms
[2021-02-07T17:36:43.007+0300][585.318s][info][gc] GC(1027) Concurrent cleanup 241M->241M(256M) 0.012ms
[2021-02-07T17:36:43.009+0300][585.321s][info][gc] GC(1027) Concurrent class unloading 2.355ms
[2021-02-07T17:36:43.009+0300][585.321s][info][gc] GC(1027) Concurrent strong roots 0.164ms
[2021-02-07T17:36:43.016+0300][585.328s][info][gc] GC(1027) Concurrent evacuation 7.335ms
[2021-02-07T17:36:43.020+0300][585.331s][info][gc] GC(1027) Pause Init Update Refs 0.010ms
[2021-02-07T17:36:43.160+0300][585.471s][info][gc] GC(1027) Concurrent update references 139.818ms
[2021-02-07T17:36:43.163+0300][585.475s][info][gc] GC(1027) Pause Final Update Refs 0.141ms
[2021-02-07T17:36:43.163+0300][585.475s][info][gc] GC(1027) Concurrent cleanup 250M->239M(256M) 0.016ms
[2021-02-07T17:36:43.165+0300][585.476s][info][gc] Trigger: Free (4014K) is below minimum threshold (26214K)
[2021-02-07T17:36:43.165+0300][585.477s][info][gc] GC(1028) Concurrent reset 0.388ms
[2021-02-07T17:36:43.166+0300][585.477s][info][gc] GC(1028) Pause Init Mark (unload classes) 0.128ms
[2021-02-07T17:36:43.494+0300][585.806s][info][gc] GC(1028) Concurrent marking (unload classes) 328.390ms
[2021-02-07T17:36:43.497+0300][585.809s][info][gc] GC(1028) Pause Final Mark (unload classes) 0.435ms
[2021-02-07T17:36:43.503+0300][585.814s][info][gc] GC(1028) Concurrent weak roots 5.384ms
[2021-02-07T17:36:43.503+0300][585.814s][info][gc] GC(1028) Concurrent cleanup 241M->241M(256M) 0.009ms
[2021-02-07T17:36:43.505+0300][585.817s][info][gc] GC(1028) Concurrent class unloading 2.841ms
[2021-02-07T17:36:43.506+0300][585.817s][info][gc] GC(1028) Concurrent strong roots 0.165ms
[2021-02-07T17:36:43.513+0300][585.824s][info][gc] GC(1028) Concurrent evacuation 7.096ms
[2021-02-07T17:36:43.516+0300][585.827s][info][gc] GC(1028) Pause Init Update Refs 0.009ms
[2021-02-07T17:36:43.657+0300][585.969s][info][gc] GC(1028) Concurrent update references 141.092ms
[2021-02-07T17:36:43.658+0300][585.970s][info][gc] GC(1028) Pause Final Update Refs 0.141ms
[2021-02-07T17:36:43.658+0300][585.970s][info][gc] GC(1028) Concurrent cleanup 250M->239M(256M) 0.015ms
[2021-02-07T17:36:43.660+0300][585.971s][info][gc] Trigger: Free (4019K) is below minimum threshold (26214K)
[2021-02-07T17:36:43.660+0300][585.972s][info][gc] GC(1029) Concurrent reset 0.404ms
[2021-02-07T17:36:43.660+0300][585.972s][info][gc] GC(1029) Pause Init Mark (unload classes) 0.148ms
[2021-02-07T17:36:43.984+0300][586.296s][info][gc] GC(1029) Concurrent marking (unload classes) 323.918ms
[2021-02-07T17:36:43.988+0300][586.300s][info][gc] GC(1029) Pause Final Mark (unload classes) 0.292ms
[2021-02-07T17:36:43.993+0300][586.304s][info][gc] GC(1029) Concurrent weak roots 4.482ms
[2021-02-07T17:36:43.993+0300][586.304s][info][gc] GC(1029) Concurrent cleanup 240M->240M(256M) 0.010ms
[2021-02-07T17:36:43.996+0300][586.307s][info][gc] GC(1029) Concurrent class unloading 3.148ms
[2021-02-07T17:36:43.996+0300][586.308s][info][gc] GC(1029) Concurrent strong roots 0.132ms
[2021-02-07T17:36:44.004+0300][586.316s][info][gc] GC(1029) Concurrent evacuation 7.930ms
[2021-02-07T17:36:44.005+0300][586.317s][info][gc] GC(1029) Pause Init Update Refs 0.010ms
[2021-02-07T17:36:44.146+0300][586.458s][info][gc] GC(1029) Concurrent update references 140.807ms
[2021-02-07T17:36:44.149+0300][586.460s][info][gc] GC(1029) Pause Final Update Refs 0.135ms
[2021-02-07T17:36:44.149+0300][586.461s][info][gc] GC(1029) Concurrent cleanup 250M->238M(256M) 0.018ms
[2021-02-07T17:36:44.151+0300][586.462s][info][gc] Trigger: Free (4019K) is below minimum threshold (26214K)
[2021-02-07T17:36:44.151+0300][586.463s][info][gc] GC(1030) Concurrent reset 0.337ms
[2021-02-07T17:36:44.151+0300][586.463s][info][gc] GC(1030) Pause Init Mark (process weakrefs) (unload classes) 0.117ms
[2021-02-07T17:36:44.495+0300][586.807s][info][gc] GC(1030) Concurrent marking (process weakrefs) (unload classes) 343.446ms
[2021-02-07T17:36:44.495+0300][586.807s][info][gc] GC(1030) Concurrent precleaning 0.149ms
[2021-02-07T17:36:44.500+0300][586.812s][info][gc] GC(1030) Pause Final Mark (process weakrefs) (unload classes) 0.451ms
[2021-02-07T17:36:44.514+0300][586.825s][info][gc] GC(1030) Concurrent weak roots 13.310ms
[2021-02-07T17:36:44.514+0300][586.825s][info][gc] GC(1030) Concurrent cleanup 240M->240M(256M) 0.016ms
[2021-02-07T17:36:44.530+0300][586.841s][info][gc] GC(1030) Concurrent class unloading 16.133ms
[2021-02-07T17:36:44.530+0300][586.842s][info][gc] GC(1030) Concurrent strong roots 0.152ms
[2021-02-07T17:36:44.539+0300][586.851s][info][gc] GC(1030) Concurrent evacuation 9.035ms
[2021-02-07T17:36:44.546+0300][586.857s][info][gc] GC(1030) Pause Init Update Refs 0.011ms
[2021-02-07T17:36:44.686+0300][586.998s][info][gc] GC(1030) Concurrent update references 140.267ms
[2021-02-07T17:36:44.687+0300][586.999s][info][gc] GC(1030) Pause Final Update Refs 0.144ms
[2021-02-07T17:36:44.687+0300][586.999s][info][gc] GC(1030) Concurrent cleanup 250M->239M(256M) 0.017ms
[2021-02-07T17:36:44.690+0300][587.001s][info][gc] Trigger: Free (4019K) is below minimum threshold (26214K)
[2021-02-07T17:36:44.690+0300][587.002s][info][gc] GC(1031) Concurrent reset 0.428ms
[2021-02-07T17:36:44.690+0300][587.002s][info][gc] GC(1031) Pause Init Mark (unload classes) 0.115ms
[2021-02-07T17:36:45.030+0300][587.342s][info][gc] GC(1031) Concurrent marking (unload classes) 339.982ms
[2021-02-07T17:36:45.040+0300][587.352s][info][gc] GC(1031) Pause Final Mark (unload classes) 0.325ms
[2021-02-07T17:36:45.044+0300][587.355s][info][gc] GC(1031) Concurrent weak roots 3.443ms
[2021-02-07T17:36:45.044+0300][587.355s][info][gc] GC(1031) Concurrent cleanup 240M->240M(256M) 0.010ms
[2021-02-07T17:36:45.049+0300][587.360s][info][gc] GC(1031) Concurrent class unloading 5.041ms
[2021-02-07T17:36:45.049+0300][587.360s][info][gc] GC(1031) Concurrent strong roots 0.132ms
[2021-02-07T17:36:45.057+0300][587.369s][info][gc] GC(1031) Concurrent evacuation 8.346ms
[2021-02-07T17:36:45.060+0300][587.371s][info][gc] GC(1031) Pause Init Update Refs 0.010ms
[2021-02-07T17:36:45.204+0300][587.516s][info][gc] GC(1031) Concurrent update references 144.626ms
[2021-02-07T17:36:45.205+0300][587.517s][info][gc] GC(1031) Pause Final Update Refs 0.144ms
[2021-02-07T17:36:45.205+0300][587.517s][info][gc] GC(1031) Concurrent cleanup 250M->238M(256M) 0.021ms
[2021-02-07T17:36:45.207+0300][587.518s][info][gc] Trigger: Free (4247K) is below minimum threshold (26214K)
[2021-02-07T17:36:45.207+0300][587.519s][info][gc] GC(1032) Concurrent reset 0.448ms
[2021-02-07T17:36:45.207+0300][587.519s][info][gc] GC(1032) Pause Init Mark (unload classes) 0.132ms
[2021-02-07T17:36:45.538+0300][587.850s][info][gc] GC(1032) Concurrent marking (unload classes) 330.646ms
[2021-02-07T17:36:45.542+0300][587.854s][info][gc] GC(1032) Pause Final Mark (unload classes) 0.433ms
[2021-02-07T17:36:45.548+0300][587.859s][info][gc] GC(1032) Concurrent weak roots 5.274ms
[2021-02-07T17:36:45.548+0300][587.859s][info][gc] GC(1032) Concurrent cleanup 243M->243M(256M) 0.010ms
[2021-02-07T17:36:45.553+0300][587.864s][info][gc] GC(1032) Concurrent class unloading 5.112ms
[2021-02-07T17:36:45.553+0300][587.865s][info][gc] GC(1032) Concurrent strong roots 0.170ms
[2021-02-07T17:36:45.559+0300][587.871s][info][gc] GC(1032) Concurrent evacuation 6.025ms
[2021-02-07T17:36:45.562+0300][587.873s][info][gc] GC(1032) Pause Init Update Refs 0.011ms
[2021-02-07T17:36:45.702+0300][588.014s][info][gc] GC(1032) Concurrent update references 140.136ms
[2021-02-07T17:36:45.705+0300][588.017s][info][gc] GC(1032) Pause Final Update Refs 0.145ms
[2021-02-07T17:36:45.705+0300][588.017s][info][gc] GC(1032) Concurrent cleanup 249M->238M(256M) 0.016ms
[2021-02-07T17:36:45.707+0300][588.018s][info][gc] Trigger: Free (4275K) is below minimum threshold (26214K)
[2021-02-07T17:36:45.707+0300][588.019s][info][gc] GC(1033) Concurrent reset 0.347ms
[2021-02-07T17:36:45.707+0300][588.019s][info][gc] GC(1033) Pause Init Mark (unload classes) 0.118ms
[2021-02-07T17:36:46.050+0300][588.361s][info][gc] GC(1033) Concurrent marking (unload classes) 342.029ms
[2021-02-07T17:36:46.053+0300][588.365s][info][gc] GC(1033) Pause Final Mark (unload classes) 0.437ms
[2021-02-07T17:36:46.059+0300][588.370s][info][gc] GC(1033) Concurrent weak roots 5.329ms
[2021-02-07T17:36:46.059+0300][588.370s][info][gc] GC(1033) Concurrent cleanup 242M->242M(256M) 0.010ms
[2021-02-07T17:36:46.062+0300][588.373s][info][gc] GC(1033) Concurrent class unloading 3.148ms
[2021-02-07T17:36:46.062+0300][588.374s][info][gc] GC(1033) Concurrent strong roots 0.162ms
[2021-02-07T17:36:46.069+0300][588.381s][info][gc] GC(1033) Concurrent evacuation 6.955ms
[2021-02-07T17:36:46.072+0300][588.383s][info][gc] GC(1033) Pause Init Update Refs 0.011ms
[2021-02-07T17:36:46.216+0300][588.528s][info][gc] GC(1033) Concurrent update references 144.642ms
[2021-02-07T17:36:46.219+0300][588.531s][info][gc] GC(1033) Pause Final Update Refs 0.144ms
[2021-02-07T17:36:46.219+0300][588.531s][info][gc] GC(1033) Concurrent cleanup 250M->239M(256M) 0.018ms
[2021-02-07T17:36:46.221+0300][588.532s][info][gc] Trigger: Free (3990K) is below minimum threshold (26214K)
[2021-02-07T17:36:46.221+0300][588.533s][info][gc] GC(1034) Concurrent reset 0.518ms
[2021-02-07T17:36:46.222+0300][588.533s][info][gc] GC(1034) Pause Init Mark (unload classes) 0.158ms
[2021-02-07T17:36:46.553+0300][588.865s][info][gc] GC(1034) Concurrent marking (unload classes) 331.235ms
[2021-02-07T17:36:46.554+0300][588.866s][info][gc] GC(1034) Pause Final Mark (unload classes) 0.428ms
[2021-02-07T17:36:46.558+0300][588.869s][info][gc] GC(1034) Concurrent weak roots 3.070ms
[2021-02-07T17:36:46.558+0300][588.869s][info][gc] GC(1034) Concurrent cleanup 240M->240M(256M) 0.012ms
[2021-02-07T17:36:46.560+0300][588.872s][info][gc] GC(1034) Concurrent class unloading 2.353ms
[2021-02-07T17:36:46.560+0300][588.872s][info][gc] GC(1034) Concurrent strong roots 0.164ms
[2021-02-07T17:36:46.568+0300][588.880s][info][gc] GC(1034) Concurrent evacuation 7.939ms
[2021-02-07T17:36:46.569+0300][588.881s][info][gc] GC(1034) Pause Init Update Refs 0.010ms
[2021-02-07T17:36:46.710+0300][589.022s][info][gc] GC(1034) Concurrent update references 140.761ms
[2021-02-07T17:36:46.713+0300][589.025s][info][gc] GC(1034) Pause Final Update Refs 0.143ms
[2021-02-07T17:36:46.713+0300][589.025s][info][gc] GC(1034) Concurrent cleanup 249M->238M(256M) 0.017ms
[2021-02-07T17:36:46.715+0300][589.026s][info][gc] Trigger: Free (4271K) is below minimum threshold (26214K)
[2021-02-07T17:36:46.715+0300][589.027s][info][gc] GC(1035) Concurrent reset 0.351ms
[2021-02-07T17:36:46.715+0300][589.027s][info][gc] GC(1035) Pause Init Mark (process weakrefs) (unload classes) 0.152ms
[2021-02-07T17:36:47.058+0300][589.369s][info][gc] GC(1035) Concurrent marking (process weakrefs) (unload classes) 342.297ms
[2021-02-07T17:36:47.058+0300][589.370s][info][gc] GC(1035) Concurrent precleaning 0.149ms
[2021-02-07T17:36:47.059+0300][589.371s][info][gc] GC(1035) Pause Final Mark (process weakrefs) (unload classes) 0.443ms
[2021-02-07T17:36:47.063+0300][589.374s][info][gc] GC(1035) Concurrent weak roots 3.360ms
[2021-02-07T17:36:47.063+0300][589.374s][info][gc] GC(1035) Concurrent cleanup 240M->240M(256M) 0.010ms
[2021-02-07T17:36:47.068+0300][589.379s][info][gc] GC(1035) Concurrent class unloading 5.104ms
[2021-02-07T17:36:47.068+0300][589.380s][info][gc] GC(1035) Concurrent strong roots 0.160ms
[2021-02-07T17:36:47.076+0300][589.388s][info][gc] GC(1035) Concurrent evacuation 8.158ms
[2021-02-07T17:36:47.079+0300][589.390s][info][gc] GC(1035) Pause Init Update Refs 0.009ms
[2021-02-07T17:36:47.220+0300][589.532s][info][gc] GC(1035) Concurrent update references 141.588ms
[2021-02-07T17:36:47.222+0300][589.533s][info][gc] GC(1035) Pause Final Update Refs 0.116ms
[2021-02-07T17:36:47.222+0300][589.533s][info][gc] GC(1035) Concurrent cleanup 250M->239M(256M) 0.018ms
[2021-02-07T17:36:47.224+0300][589.535s][info][gc] Trigger: Free (3990K) is below minimum threshold (26214K)
[2021-02-07T17:36:47.224+0300][589.536s][info][gc] GC(1036) Concurrent reset 0.318ms
[2021-02-07T17:36:47.224+0300][589.536s][info][gc] GC(1036) Pause Init Mark (unload classes) 0.113ms
[2021-02-07T17:36:47.552+0300][589.864s][info][gc] GC(1036) Concurrent marking (unload classes) 328.073ms
[2021-02-07T17:36:47.553+0300][589.865s][info][gc] GC(1036) Pause Final Mark (unload classes) 0.399ms
[2021-02-07T17:36:47.557+0300][589.868s][info][gc] GC(1036) Concurrent weak roots 3.382ms
[2021-02-07T17:36:47.557+0300][589.868s][info][gc] GC(1036) Concurrent cleanup 239M->239M(256M) 0.011ms
[2021-02-07T17:36:47.562+0300][589.873s][info][gc] GC(1036) Concurrent class unloading 5.040ms
[2021-02-07T17:36:47.562+0300][589.873s][info][gc] GC(1036) Concurrent strong roots 0.115ms
[2021-02-07T17:36:47.570+0300][589.882s][info][gc] GC(1036) Concurrent evacuation 8.479ms
[2021-02-07T17:36:47.573+0300][589.884s][info][gc] GC(1036) Pause Init Update Refs 0.009ms
[2021-02-07T17:36:47.716+0300][590.027s][info][gc] GC(1036) Concurrent update references 142.729ms
[2021-02-07T17:36:47.716+0300][590.028s][info][gc] GC(1036) Pause Final Update Refs 0.125ms
[2021-02-07T17:36:47.716+0300][590.028s][info][gc] GC(1036) Concurrent cleanup 250M->238M(256M) 0.017ms
[2021-02-07T17:36:47.722+0300][590.033s][info][gc] Trigger: Free (4271K) is below minimum threshold (26214K)
[2021-02-07T17:36:47.722+0300][590.034s][info][gc] GC(1037) Concurrent reset 0.367ms
[2021-02-07T17:36:47.722+0300][590.034s][info][gc] GC(1037) Pause Init Mark (unload classes) 0.092ms
[2021-02-07T17:36:48.048+0300][590.359s][info][gc] GC(1037) Concurrent marking (unload classes) 325.221ms
[2021-02-07T17:36:48.051+0300][590.363s][info][gc] GC(1037) Pause Final Mark (unload classes) 0.438ms
[2021-02-07T17:36:48.057+0300][590.368s][info][gc] GC(1037) Concurrent weak roots 5.316ms
[2021-02-07T17:36:48.057+0300][590.368s][info][gc] GC(1037) Concurrent cleanup 241M->241M(256M) 0.010ms
[2021-02-07T17:36:48.060+0300][590.371s][info][gc] GC(1037) Concurrent class unloading 2.869ms
[2021-02-07T17:36:48.060+0300][590.371s][info][gc] GC(1037) Concurrent strong roots 0.162ms
[2021-02-07T17:36:48.067+0300][590.379s][info][gc] GC(1037) Concurrent evacuation 7.191ms
[2021-02-07T17:36:48.070+0300][590.381s][info][gc] GC(1037) Pause Init Update Refs 0.010ms
[2021-02-07T17:36:48.213+0300][590.525s][info][gc] GC(1037) Concurrent update references 143.276ms
[2021-02-07T17:36:48.216+0300][590.528s][info][gc] GC(1037) Pause Final Update Refs 0.128ms
[2021-02-07T17:36:48.216+0300][590.528s][info][gc] GC(1037) Concurrent cleanup 249M->238M(256M) 0.019ms
[2021-02-07T17:36:48.218+0300][590.529s][info][gc] Trigger: Free (4246K) is below minimum threshold (26214K)
[2021-02-07T17:36:48.218+0300][590.530s][info][gc] GC(1038) Concurrent reset 0.348ms
[2021-02-07T17:36:48.218+0300][590.530s][info][gc] GC(1038) Pause Init Mark (unload classes) 0.118ms
[2021-02-07T17:36:48.547+0300][590.858s][info][gc] GC(1038) Concurrent marking (unload classes) 328.227ms
[2021-02-07T17:36:48.552+0300][590.864s][info][gc] GC(1038) Pause Final Mark (unload classes) 0.394ms
[2021-02-07T17:36:48.558+0300][590.869s][info][gc] GC(1038) Concurrent weak roots 5.380ms
[2021-02-07T17:36:48.558+0300][590.869s][info][gc] GC(1038) Concurrent cleanup 241M->241M(256M) 0.010ms
[2021-02-07T17:36:48.561+0300][590.872s][info][gc] GC(1038) Concurrent class unloading 2.895ms
[2021-02-07T17:36:48.561+0300][590.872s][info][gc] GC(1038) Concurrent strong roots 0.130ms
[2021-02-07T17:36:48.568+0300][590.880s][info][gc] GC(1038) Concurrent evacuation 7.386ms
[2021-02-07T17:36:48.571+0300][590.882s][info][gc] GC(1038) Pause Init Update Refs 0.011ms
[2021-02-07T17:36:48.712+0300][591.023s][info][gc] GC(1038) Concurrent update references 140.844ms
[2021-02-07T17:36:48.724+0300][591.036s][info][gc] GC(1038) Pause Final Update Refs 0.147ms
[2021-02-07T17:36:48.724+0300][591.036s][info][gc] GC(1038) Concurrent cleanup 249M->238M(256M) 0.017ms
[2021-02-07T17:36:48.740+0300][591.051s][info][gc] Trigger: Free (4531K) is below minimum threshold (26214K)
[2021-02-07T17:36:48.740+0300][591.052s][info][gc] GC(1039) Concurrent reset 0.462ms
[2021-02-07T17:36:48.740+0300][591.052s][info][gc] GC(1039) Pause Init Mark (unload classes) 0.106ms
[2021-02-07T17:36:49.082+0300][591.394s][info][gc] GC(1039) Concurrent marking (unload classes) 341.834ms
[2021-02-07T17:36:49.091+0300][591.403s][info][gc] GC(1039) Pause Final Mark (unload classes) 0.403ms
[2021-02-07T17:36:49.107+0300][591.419s][info][gc] GC(1039) Concurrent weak roots 15.331ms
[2021-02-07T17:36:49.107+0300][591.419s][info][gc] GC(1039) Concurrent cleanup 240M->240M(256M) 0.013ms
[2021-02-07T17:36:49.123+0300][591.435s][info][gc] GC(1039) Concurrent class unloading 16.074ms
[2021-02-07T17:36:49.123+0300][591.435s][info][gc] GC(1039) Concurrent strong roots 0.144ms
[2021-02-07T17:36:49.131+0300][591.443s][info][gc] GC(1039) Concurrent evacuation 7.902ms
[2021-02-07T17:36:49.131+0300][591.443s][info][gc] GC(1039) Pause Init Update Refs 0.009ms
[2021-02-07T17:36:49.272+0300][591.584s][info][gc] GC(1039) Concurrent update references 140.947ms
[2021-02-07T17:36:49.275+0300][591.587s][info][gc] GC(1039) Pause Final Update Refs 0.121ms
[2021-02-07T17:36:49.275+0300][591.587s][info][gc] GC(1039) Concurrent cleanup 249M->238M(256M) 0.017ms
[2021-02-07T17:36:49.277+0300][591.589s][info][gc] Trigger: Free (4246K) is below minimum threshold (26214K)
[2021-02-07T17:36:49.277+0300][591.589s][info][gc] GC(1040) Concurrent reset 0.393ms
[2021-02-07T17:36:49.278+0300][591.590s][info][gc] GC(1040) Pause Init Mark (process weakrefs) (unload classes) 0.127ms
[2021-02-07T17:36:49.619+0300][591.931s][info][gc] GC(1040) Concurrent marking (process weakrefs) (unload classes) 341.775ms
[2021-02-07T17:36:49.620+0300][591.932s][info][gc] GC(1040) Concurrent precleaning 0.158ms
[2021-02-07T17:36:49.623+0300][591.935s][info][gc] GC(1040) Pause Final Mark (process weakrefs) (unload classes) 0.452ms
[2021-02-07T17:36:49.627+0300][591.939s][info][gc] GC(1040) Concurrent weak roots 3.282ms
[2021-02-07T17:36:49.627+0300][591.939s][info][gc] GC(1040) Concurrent cleanup 239M->239M(256M) 0.014ms
[2021-02-07T17:36:49.632+0300][591.944s][info][gc] GC(1040) Concurrent class unloading 5.125ms
[2021-02-07T17:36:49.632+0300][591.944s][info][gc] GC(1040) Concurrent strong roots 0.168ms
[2021-02-07T17:36:49.641+0300][591.953s][info][gc] GC(1040) Concurrent evacuation 8.830ms
[2021-02-07T17:36:49.644+0300][591.956s][info][gc] GC(1040) Pause Init Update Refs 0.010ms
[2021-02-07T17:36:49.787+0300][592.099s][info][gc] GC(1040) Concurrent update references 143.627ms
[2021-02-07T17:36:49.791+0300][592.103s][info][gc] GC(1040) Pause Final Update Refs 0.140ms
[2021-02-07T17:36:49.791+0300][592.103s][info][gc] GC(1040) Concurrent cleanup 249M->238M(256M) 0.017ms
[2021-02-07T17:36:49.793+0300][592.104s][info][gc] Trigger: Free (4531K) is below minimum threshold (26214K)
[2021-02-07T17:36:49.793+0300][592.105s][info][gc] GC(1041) Concurrent reset 0.319ms
[2021-02-07T17:36:49.793+0300][592.105s][info][gc] GC(1041) Pause Init Mark (unload classes) 0.143ms
[2021-02-07T17:36:50.119+0300][592.431s][info][gc] GC(1041) Concurrent marking (unload classes) 325.421ms
[2021-02-07T17:36:50.120+0300][592.432s][info][gc] GC(1041) Pause Final Mark (unload classes) 0.405ms
[2021-02-07T17:36:50.123+0300][592.435s][info][gc] GC(1041) Concurrent weak roots 2.836ms
[2021-02-07T17:36:50.123+0300][592.435s][info][gc] GC(1041) Concurrent cleanup 239M->239M(256M) 0.014ms
[2021-02-07T17:36:50.125+0300][592.437s][info][gc] GC(1041) Concurrent class unloading 2.435ms
[2021-02-07T17:36:50.125+0300][592.437s][info][gc] GC(1041) Concurrent strong roots 0.136ms
[2021-02-07T17:36:50.133+0300][592.445s][info][gc] GC(1041) Concurrent evacuation 8.199ms
[2021-02-07T17:36:50.134+0300][592.446s][info][gc] GC(1041) Pause Init Update Refs 0.009ms
[2021-02-07T17:36:50.275+0300][592.587s][info][gc] GC(1041) Concurrent update references 140.591ms
[2021-02-07T17:36:50.276+0300][592.588s][info][gc] GC(1041) Pause Final Update Refs 0.141ms
[2021-02-07T17:36:50.276+0300][592.588s][info][gc] GC(1041) Concurrent cleanup 249M->238M(256M) 0.014ms
[2021-02-07T17:36:50.278+0300][592.590s][info][gc] Trigger: Free (4502K) is below minimum threshold (26214K)
[2021-02-07T17:36:50.278+0300][592.590s][info][gc] GC(1042) Concurrent reset 0.347ms
[2021-02-07T17:36:50.278+0300][592.590s][info][gc] GC(1042) Pause Init Mark (unload classes) 0.115ms
[2021-02-07T17:36:50.612+0300][592.924s][info][gc] GC(1042) Concurrent marking (unload classes) 333.347ms
[2021-02-07T17:36:50.613+0300][592.925s][info][gc] GC(1042) Pause Final Mark (unload classes) 0.377ms
[2021-02-07T17:36:50.618+0300][592.930s][info][gc] GC(1042) Concurrent weak roots 4.687ms
[2021-02-07T17:36:50.618+0300][592.930s][info][gc] GC(1042) Concurrent cleanup 239M->239M(256M) 0.009ms
[2021-02-07T17:36:50.621+0300][592.933s][info][gc] GC(1042) Concurrent class unloading 3.173ms
[2021-02-07T17:36:50.621+0300][592.933s][info][gc] GC(1042) Concurrent strong roots 0.167ms
[2021-02-07T17:36:50.629+0300][592.941s][info][gc] GC(1042) Concurrent evacuation 8.087ms
[2021-02-07T17:36:50.630+0300][592.942s][info][gc] GC(1042) Pause Init Update Refs 0.009ms
[2021-02-07T17:36:50.775+0300][593.087s][info][gc] GC(1042) Concurrent update references 145.077ms
[2021-02-07T17:36:50.778+0300][593.090s][info][gc] GC(1042) Pause Final Update Refs 0.120ms
[2021-02-07T17:36:50.778+0300][593.090s][info][gc] GC(1042) Concurrent cleanup 249M->238M(256M) 0.016ms
[2021-02-07T17:36:50.780+0300][593.092s][info][gc] Trigger: Free (4276K) is below minimum threshold (26214K)
[2021-02-07T17:36:50.780+0300][593.092s][info][gc] GC(1043) Concurrent reset 0.388ms
[2021-02-07T17:36:50.781+0300][593.092s][info][gc] GC(1043) Pause Init Mark (unload classes) 0.120ms
[2021-02-07T17:36:51.122+0300][593.434s][info][gc] GC(1043) Concurrent marking (unload classes) 341.685ms
[2021-02-07T17:36:51.135+0300][593.447s][info][gc] GC(1043) Pause Final Mark (unload classes) 0.250ms
[2021-02-07T17:36:51.139+0300][593.451s][info][gc] GC(1043) Concurrent weak roots 3.456ms
[2021-02-07T17:36:51.139+0300][593.451s][info][gc] GC(1043) Concurrent cleanup 241M->241M(256M) 0.011ms
[2021-02-07T17:36:51.144+0300][593.456s][info][gc] GC(1043) Concurrent class unloading 5.120ms
[2021-02-07T17:36:51.144+0300][593.456s][info][gc] GC(1043) Concurrent strong roots 0.166ms
[2021-02-07T17:36:51.152+0300][593.464s][info][gc] GC(1043) Concurrent evacuation 7.600ms
[2021-02-07T17:36:51.153+0300][593.464s][info][gc] GC(1043) Pause Init Update Refs 0.009ms
[2021-02-07T17:36:51.293+0300][593.605s][info][gc] GC(1043) Concurrent update references 140.245ms
[2021-02-07T17:36:51.294+0300][593.606s][info][gc] GC(1043) Pause Final Update Refs 0.140ms
[2021-02-07T17:36:51.294+0300][593.606s][info][gc] GC(1043) Concurrent cleanup 249M->238M(256M) 0.016ms
[2021-02-07T17:36:51.296+0300][593.608s][info][gc] Trigger: Free (4502K) is below minimum threshold (26214K)
[2021-02-07T17:36:51.296+0300][593.608s][info][gc] GC(1044) Concurrent reset 0.350ms
[2021-02-07T17:36:51.296+0300][593.608s][info][gc] GC(1044) Pause Init Mark (unload classes) 0.135ms
[2021-02-07T17:36:51.623+0300][593.935s][info][gc] GC(1044) Concurrent marking (unload classes) 326.417ms
[2021-02-07T17:36:51.624+0300][593.936s][info][gc] GC(1044) Pause Final Mark (unload classes) 0.388ms
[2021-02-07T17:36:51.629+0300][593.941s][info][gc] GC(1044) Concurrent weak roots 4.995ms
[2021-02-07T17:36:51.629+0300][593.941s][info][gc] GC(1044) Concurrent cleanup 240M->240M(256M) 0.009ms
[2021-02-07T17:36:51.631+0300][593.944s][info][gc] GC(1044) Concurrent class unloading 2.751ms
[2021-02-07T17:36:51.632+0300][593.944s][info][gc] GC(1044) Concurrent strong roots 0.142ms
[2021-02-07T17:36:51.639+0300][593.951s][info][gc] GC(1044) Concurrent evacuation 7.633ms
[2021-02-07T17:36:51.642+0300][593.954s][info][gc] GC(1044) Pause Init Update Refs 0.010ms
[2021-02-07T17:36:51.781+0300][594.094s][info][gc] GC(1044) Concurrent update references 139.400ms
[2021-02-07T17:36:51.782+0300][594.094s][info][gc] GC(1044) Pause Final Update Refs 0.151ms
[2021-02-07T17:36:51.782+0300][594.094s][info][gc] GC(1044) Concurrent cleanup 249M->238M(256M) 0.016ms
[2021-02-07T17:36:51.784+0300][594.096s][info][gc] Trigger: Free (4276K) is below minimum threshold (26214K)
[2021-02-07T17:36:51.784+0300][594.096s][info][gc] GC(1045) Concurrent reset 0.355ms
[2021-02-07T17:36:51.784+0300][594.097s][info][gc] GC(1045) Pause Init Mark (process weakrefs) (unload classes) 0.150ms
[2021-02-07T17:36:52.125+0300][594.437s][info][gc] GC(1045) Concurrent marking (process weakrefs) (unload classes) 340.692ms
[2021-02-07T17:36:52.125+0300][594.438s][info][gc] GC(1045) Concurrent precleaning 0.150ms
[2021-02-07T17:36:52.130+0300][594.442s][info][gc] GC(1045) Pause Final Mark (process weakrefs) (unload classes) 0.449ms
[2021-02-07T17:36:52.148+0300][594.460s][info][gc] GC(1045) Concurrent weak roots 17.270ms
[2021-02-07T17:36:52.148+0300][594.460s][info][gc] GC(1045) Concurrent cleanup 240M->240M(256M) 0.015ms
[2021-02-07T17:36:52.164+0300][594.476s][info][gc] GC(1045) Concurrent class unloading 16.119ms
[2021-02-07T17:36:52.164+0300][594.476s][info][gc] GC(1045) Concurrent strong roots 0.153ms
[2021-02-07T17:36:52.172+0300][594.484s][info][gc] GC(1045) Concurrent evacuation 8.264ms
[2021-02-07T17:36:52.180+0300][594.492s][info][gc] GC(1045) Pause Init Update Refs 0.014ms
[2021-02-07T17:36:52.323+0300][594.635s][info][gc] GC(1045) Concurrent update references 143.022ms
[2021-02-07T17:36:52.326+0300][594.638s][info][gc] GC(1045) Pause Final Update Refs 0.142ms
[2021-02-07T17:36:52.326+0300][594.638s][info][gc] GC(1045) Concurrent cleanup 249M->238M(256M) 0.016ms
[2021-02-07T17:36:52.328+0300][594.640s][info][gc] Trigger: Free (4502K) is below minimum threshold (26214K)
[2021-02-07T17:36:52.328+0300][594.640s][info][gc] GC(1046) Concurrent reset 0.346ms
[2021-02-07T17:36:52.328+0300][594.641s][info][gc] GC(1046) Pause Init Mark (unload classes) 0.155ms
[2021-02-07T17:36:52.671+0300][594.983s][info][gc] GC(1046) Concurrent marking (unload classes) 342.234ms
[2021-02-07T17:36:52.672+0300][594.984s][info][gc] GC(1046) Pause Final Mark (unload classes) 0.431ms
[2021-02-07T17:36:52.677+0300][594.989s][info][gc] GC(1046) Concurrent weak roots 4.933ms
[2021-02-07T17:36:52.677+0300][594.989s][info][gc] GC(1046) Concurrent cleanup 240M->240M(256M) 0.010ms
[2021-02-07T17:36:52.679+0300][594.992s][info][gc] GC(1046) Concurrent class unloading 2.735ms
[2021-02-07T17:36:52.680+0300][594.992s][info][gc] GC(1046) Concurrent strong roots 0.175ms
[2021-02-07T17:36:52.688+0300][595.000s][info][gc] GC(1046) Concurrent evacuation 7.900ms
[2021-02-07T17:36:52.688+0300][595.001s][info][gc] GC(1046) Pause Init Update Refs 0.009ms
[2021-02-07T17:36:52.828+0300][595.141s][info][gc] GC(1046) Concurrent update references 139.760ms
[2021-02-07T17:36:52.829+0300][595.141s][info][gc] GC(1046) Pause Final Update Refs 0.142ms
[2021-02-07T17:36:52.829+0300][595.141s][info][gc] GC(1046) Concurrent cleanup 249M->238M(256M) 0.016ms
[2021-02-07T17:36:52.831+0300][595.143s][info][gc] Trigger: Free (4276K) is below minimum threshold (26214K)
[2021-02-07T17:36:52.831+0300][595.143s][info][gc] GC(1047) Concurrent reset 0.351ms
[2021-02-07T17:36:52.831+0300][595.144s][info][gc] GC(1047) Pause Init Mark (unload classes) 0.136ms
[2021-02-07T17:36:53.171+0300][595.483s][info][gc] GC(1047) Concurrent marking (unload classes) 339.384ms
[2021-02-07T17:36:53.172+0300][595.484s][info][gc] GC(1047) Pause Final Mark (unload classes) 0.425ms
[2021-02-07T17:36:53.177+0300][595.489s][info][gc] GC(1047) Concurrent weak roots 4.743ms
[2021-02-07T17:36:53.177+0300][595.489s][info][gc] GC(1047) Concurrent cleanup 240M->240M(256M) 0.010ms
[2021-02-07T17:36:53.180+0300][595.492s][info][gc] GC(1047) Concurrent class unloading 3.402ms
[2021-02-07T17:36:53.180+0300][595.492s][info][gc] GC(1047) Concurrent strong roots 0.166ms
[2021-02-07T17:36:53.188+0300][595.501s][info][gc] GC(1047) Concurrent evacuation 8.138ms
[2021-02-07T17:36:53.191+0300][595.503s][info][gc] GC(1047) Pause Init Update Refs 0.010ms
[2021-02-07T17:36:53.334+0300][595.646s][info][gc] GC(1047) Concurrent update references 143.046ms
[2021-02-07T17:36:53.340+0300][595.652s][info][gc] GC(1047) Pause Final Update Refs 0.080ms
[2021-02-07T17:36:53.340+0300][595.652s][info][gc] GC(1047) Concurrent cleanup 249M->238M(256M) 0.017ms
[2021-02-07T17:36:53.356+0300][595.668s][info][gc] Trigger: Free (4787K) is below minimum threshold (26214K)
[2021-02-07T17:36:53.356+0300][595.668s][info][gc] GC(1048) Concurrent reset 0.473ms
[2021-02-07T17:36:53.357+0300][595.669s][info][gc] GC(1048) Pause Init Mark (unload classes) 0.167ms
[2021-02-07T17:36:53.686+0300][595.999s][info][gc] GC(1048) Concurrent marking (unload classes) 329.586ms
[2021-02-07T17:36:53.691+0300][596.003s][info][gc] GC(1048) Pause Final Mark (unload classes) 0.389ms
[2021-02-07T17:36:53.702+0300][596.014s][info][gc] GC(1048) Concurrent weak roots 10.289ms
[2021-02-07T17:36:53.702+0300][596.014s][info][gc] GC(1048) Concurrent cleanup 240M->240M(256M) 0.014ms
[2021-02-07T17:36:53.718+0300][596.030s][info][gc] GC(1048) Concurrent class unloading 16.131ms
[2021-02-07T17:36:53.718+0300][596.030s][info][gc] GC(1048) Concurrent strong roots 0.166ms
[2021-02-07T17:36:53.726+0300][596.038s][info][gc] GC(1048) Concurrent evacuation 7.773ms
[2021-02-07T17:36:53.726+0300][596.039s][info][gc] GC(1048) Pause Init Update Refs 0.009ms
[2021-02-07T17:36:53.867+0300][596.179s][info][gc] GC(1048) Concurrent update references 140.135ms
[2021-02-07T17:36:53.870+0300][596.182s][info][gc] GC(1048) Pause Final Update Refs 0.138ms
[2021-02-07T17:36:53.870+0300][596.182s][info][gc] GC(1048) Concurrent cleanup 249M->238M(256M) 0.018ms
[2021-02-07T17:36:53.878+0300][596.190s][info][gc] Trigger: Free (4788K) is below minimum threshold (26214K)
[2021-02-07T17:36:53.878+0300][596.190s][info][gc] GC(1049) Concurrent reset 0.417ms
[2021-02-07T17:36:53.879+0300][596.191s][info][gc] GC(1049) Pause Init Mark (unload classes) 0.132ms
[2021-02-07T17:36:54.202+0300][596.514s][info][gc] GC(1049) Concurrent marking (unload classes) 323.495ms
[2021-02-07T17:36:54.206+0300][596.518s][info][gc] GC(1049) Pause Final Mark (unload classes) 0.447ms
[2021-02-07T17:36:54.210+0300][596.522s][info][gc] GC(1049) Concurrent weak roots 3.264ms
[2021-02-07T17:36:54.210+0300][596.522s][info][gc] GC(1049) Concurrent cleanup 239M->239M(256M) 0.013ms
[2021-02-07T17:36:54.215+0300][596.527s][info][gc] GC(1049) Concurrent class unloading 5.132ms
[2021-02-07T17:36:54.215+0300][596.527s][info][gc] GC(1049) Concurrent strong roots 0.170ms
[2021-02-07T17:36:54.223+0300][596.536s][info][gc] GC(1049) Concurrent evacuation 8.395ms
[2021-02-07T17:36:54.224+0300][596.536s][info][gc] GC(1049) Pause Init Update Refs 0.009ms
[2021-02-07T17:36:54.370+0300][596.682s][info][gc] GC(1049) Concurrent update references 145.588ms
[2021-02-07T17:36:54.373+0300][596.685s][info][gc] GC(1049) Pause Final Update Refs 0.124ms
[2021-02-07T17:36:54.373+0300][596.685s][info][gc] GC(1049) Concurrent cleanup 249M->238M(256M) 0.017ms
[2021-02-07T17:36:54.375+0300][596.687s][info][gc] Trigger: Free (4422K) is below minimum threshold (26214K)
[2021-02-07T17:36:54.375+0300][596.687s][info][gc] GC(1050) Concurrent reset 0.349ms
[2021-02-07T17:36:54.375+0300][596.688s][info][gc] GC(1050) Pause Init Mark (process weakrefs) (unload classes) 0.119ms
[2021-02-07T17:36:54.701+0300][597.014s][info][gc] GC(1050) Concurrent marking (process weakrefs) (unload classes) 325.782ms
[2021-02-07T17:36:54.702+0300][597.014s][info][gc] GC(1050) Concurrent precleaning 0.160ms
[2021-02-07T17:36:54.707+0300][597.019s][info][gc] GC(1050) Pause Final Mark (process weakrefs) (unload classes) 0.453ms
[2021-02-07T17:36:54.711+0300][597.023s][info][gc] GC(1050) Concurrent weak roots 3.281ms
[2021-02-07T17:36:54.711+0300][597.023s][info][gc] GC(1050) Concurrent cleanup 240M->240M(256M) 0.011ms
[2021-02-07T17:36:54.716+0300][597.028s][info][gc] GC(1050) Concurrent class unloading 5.085ms
[2021-02-07T17:36:54.716+0300][597.028s][info][gc] GC(1050) Concurrent strong roots 0.164ms
[2021-02-07T17:36:54.724+0300][597.036s][info][gc] GC(1050) Concurrent evacuation 7.936ms
[2021-02-07T17:36:54.724+0300][597.037s][info][gc] GC(1050) Pause Init Update Refs 0.010ms
[2021-02-07T17:36:54.875+0300][597.187s][info][gc] GC(1050) Concurrent update references 150.662ms
[2021-02-07T17:36:54.876+0300][597.188s][info][gc] GC(1050) Pause Final Update Refs 0.148ms
[2021-02-07T17:36:54.876+0300][597.189s][info][gc] GC(1050) Concurrent cleanup 249M->238M(256M) 0.015ms
[2021-02-07T17:36:54.878+0300][597.190s][info][gc] Trigger: Free (4784K) is below minimum threshold (26214K)
[2021-02-07T17:36:54.878+0300][597.190s][info][gc] GC(1051) Concurrent reset 0.323ms
[2021-02-07T17:36:54.878+0300][597.191s][info][gc] GC(1051) Pause Init Mark (unload classes) 0.138ms
[2021-02-07T17:36:55.202+0300][597.514s][info][gc] GC(1051) Concurrent marking (unload classes) 323.525ms
[2021-02-07T17:36:55.203+0300][597.515s][info][gc] GC(1051) Pause Final Mark (unload classes) 0.425ms
[2021-02-07T17:36:55.208+0300][597.520s][info][gc] GC(1051) Concurrent weak roots 4.766ms
[2021-02-07T17:36:55.208+0300][597.520s][info][gc] GC(1051) Concurrent cleanup 239M->239M(256M) 0.011ms
[2021-02-07T17:36:55.211+0300][597.523s][info][gc] GC(1051) Concurrent class unloading 2.964ms
[2021-02-07T17:36:55.211+0300][597.523s][info][gc] GC(1051) Concurrent strong roots 0.133ms
[2021-02-07T17:36:55.219+0300][597.531s][info][gc] GC(1051) Concurrent evacuation 8.134ms
[2021-02-07T17:36:55.222+0300][597.534s][info][gc] GC(1051) Pause Init Update Refs 0.014ms
[2021-02-07T17:36:55.369+0300][597.681s][info][gc] GC(1051) Concurrent update references 147.148ms
[2021-02-07T17:36:55.372+0300][597.684s][info][gc] GC(1051) Pause Final Update Refs 0.084ms
[2021-02-07T17:36:55.372+0300][597.684s][info][gc] GC(1051) Concurrent cleanup 249M->238M(256M) 0.023ms
[2021-02-07T17:36:55.374+0300][597.686s][info][gc] Trigger: Free (4678K) is below minimum threshold (26214K)
[2021-02-07T17:36:55.374+0300][597.686s][info][gc] GC(1052) Concurrent reset 0.393ms
[2021-02-07T17:36:55.375+0300][597.687s][info][gc] GC(1052) Pause Init Mark (unload classes) 0.132ms
[2021-02-07T17:36:55.707+0300][598.020s][info][gc] GC(1052) Concurrent marking (unload classes) 332.650ms
[2021-02-07T17:36:55.712+0300][598.024s][info][gc] GC(1052) Pause Final Mark (unload classes) 0.213ms
[2021-02-07T17:36:55.717+0300][598.029s][info][gc] GC(1052) Concurrent weak roots 4.691ms
[2021-02-07T17:36:55.717+0300][598.029s][info][gc] GC(1052) Concurrent cleanup 239M->239M(256M) 0.011ms
[2021-02-07T17:36:55.720+0300][598.032s][info][gc] GC(1052) Concurrent class unloading 3.144ms
[2021-02-07T17:36:55.720+0300][598.032s][info][gc] GC(1052) Concurrent strong roots 0.123ms
[2021-02-07T17:36:55.728+0300][598.040s][info][gc] GC(1052) Concurrent evacuation 8.193ms
[2021-02-07T17:36:55.729+0300][598.041s][info][gc] GC(1052) Pause Init Update Refs 0.008ms
[2021-02-07T17:36:55.887+0300][598.199s][info][gc] GC(1052) Concurrent update references 157.594ms
[2021-02-07T17:36:55.887+0300][598.200s][info][gc] GC(1052) Pause Final Update Refs 0.121ms
[2021-02-07T17:36:55.887+0300][598.200s][info][gc] GC(1052) Concurrent cleanup 249M->237M(256M) 0.021ms
[2021-02-07T17:36:55.890+0300][598.202s][info][gc] Trigger: Free (5041K) is below minimum threshold (26214K)
[2021-02-07T17:36:55.890+0300][598.202s][info][gc] GC(1053) Concurrent reset 0.449ms
[2021-02-07T17:36:55.891+0300][598.203s][info][gc] GC(1053) Pause Init Mark (unload classes) 0.117ms
[2021-02-07T17:36:56.217+0300][598.529s][info][gc] GC(1053) Concurrent marking (unload classes) 326.151ms
[2021-02-07T17:36:56.230+0300][598.542s][info][gc] GC(1053) Pause Final Mark (unload classes) 0.234ms
[2021-02-07T17:36:56.235+0300][598.547s][info][gc] GC(1053) Concurrent weak roots 4.603ms
[2021-02-07T17:36:56.235+0300][598.547s][info][gc] GC(1053) Concurrent cleanup 238M->238M(256M) 0.011ms
[2021-02-07T17:36:56.238+0300][598.550s][info][gc] GC(1053) Concurrent class unloading 3.254ms
[2021-02-07T17:36:56.238+0300][598.550s][info][gc] GC(1053) Concurrent strong roots 0.155ms
[2021-02-07T17:36:56.247+0300][598.559s][info][gc] GC(1053) Concurrent evacuation 8.418ms
[2021-02-07T17:36:56.247+0300][598.559s][info][gc] GC(1053) Pause Init Update Refs 0.009ms
[2021-02-07T17:36:56.404+0300][598.716s][info][gc] GC(1053) Concurrent update references 156.593ms
[2021-02-07T17:36:56.407+0300][598.719s][info][gc] GC(1053) Pause Final Update Refs 0.094ms
[2021-02-07T17:36:56.407+0300][598.719s][info][gc] GC(1053) Concurrent cleanup 248M->238M(256M) 0.017ms
[2021-02-07T17:36:56.409+0300][598.721s][info][gc] Trigger: Free (4937K) is below minimum threshold (26214K)
[2021-02-07T17:36:56.409+0300][598.721s][info][gc] GC(1054) Concurrent reset 0.431ms
[2021-02-07T17:36:56.410+0300][598.722s][info][gc] GC(1054) Pause Init Mark (unload classes) 0.095ms
[2021-02-07T17:36:56.739+0300][599.051s][info][gc] GC(1054) Concurrent marking (unload classes) 328.916ms
[2021-02-07T17:36:56.743+0300][599.055s][info][gc] GC(1054) Pause Final Mark (unload classes) 0.249ms
[2021-02-07T17:36:56.749+0300][599.061s][info][gc] GC(1054) Concurrent weak roots 5.538ms
[2021-02-07T17:36:56.749+0300][599.061s][info][gc] GC(1054) Concurrent cleanup 240M->240M(256M) 0.012ms
[2021-02-07T17:36:56.751+0300][599.064s][info][gc] GC(1054) Concurrent class unloading 2.740ms
[2021-02-07T17:36:56.752+0300][599.064s][info][gc] GC(1054) Concurrent strong roots 0.169ms
[2021-02-07T17:36:56.759+0300][599.071s][info][gc] GC(1054) Concurrent evacuation 7.405ms
[2021-02-07T17:36:56.762+0300][599.074s][info][gc] GC(1054) Pause Init Update Refs 0.010ms
[2021-02-07T17:36:56.905+0300][599.217s][info][gc] GC(1054) Concurrent update references 143.509ms
[2021-02-07T17:36:56.908+0300][599.220s][info][gc] GC(1054) Pause Final Update Refs 0.093ms
[2021-02-07T17:36:56.908+0300][599.220s][info][gc] GC(1054) Concurrent cleanup 249M->238M(256M) 0.022ms
[2021-02-07T17:36:56.910+0300][599.222s][info][gc] Trigger: Free (4785K) is below minimum threshold (26214K)
[2021-02-07T17:36:56.910+0300][599.222s][info][gc] GC(1055) Concurrent reset 0.318ms
[2021-02-07T17:36:56.910+0300][599.223s][info][gc] GC(1055) Pause Init Mark (process weakrefs) (unload classes) 0.124ms
[2021-02-07T17:36:57.237+0300][599.550s][info][gc] GC(1055) Concurrent marking (process weakrefs) (unload classes) 326.814ms
[2021-02-07T17:36:57.237+0300][599.550s][info][gc] GC(1055) Concurrent precleaning 0.121ms
[2021-02-07T17:36:57.239+0300][599.551s][info][gc] GC(1055) Pause Final Mark (process weakrefs) (unload classes) 0.443ms
[2021-02-07T17:36:57.244+0300][599.556s][info][gc] GC(1055) Concurrent weak roots 4.865ms
[2021-02-07T17:36:57.244+0300][599.556s][info][gc] GC(1055) Concurrent cleanup 240M->240M(256M) 0.009ms
[2021-02-07T17:36:57.249+0300][599.561s][info][gc] GC(1055) Concurrent class unloading 5.065ms
[2021-02-07T17:36:57.249+0300][599.561s][info][gc] GC(1055) Concurrent strong roots 0.134ms
[2021-02-07T17:36:57.257+0300][599.569s][info][gc] GC(1055) Concurrent evacuation 7.866ms
[2021-02-07T17:36:57.260+0300][599.572s][info][gc] GC(1055) Pause Init Update Refs 0.009ms
[2021-02-07T17:36:57.413+0300][599.726s][info][gc] GC(1055) Concurrent update references 153.516ms
[2021-02-07T17:36:57.416+0300][599.728s][info][gc] GC(1055) Pause Final Update Refs 0.145ms
[2021-02-07T17:36:57.416+0300][599.728s][info][gc] GC(1055) Concurrent cleanup 249M->238M(256M) 0.017ms
[2021-02-07T17:36:57.418+0300][599.730s][info][gc] Trigger: Free (4934K) is below minimum threshold (26214K)
[2021-02-07T17:36:57.418+0300][599.730s][info][gc] GC(1056) Concurrent reset 0.348ms
[2021-02-07T17:36:57.419+0300][599.731s][info][gc] GC(1056) Pause Init Mark (unload classes) 0.139ms
[2021-02-07T17:36:57.742+0300][600.055s][info][gc] GC(1056) Concurrent marking (unload classes) 323.848ms
[2021-02-07T17:36:57.744+0300][600.056s][info][gc] GC(1056) Pause Final Mark (unload classes) 0.464ms
[2021-02-07T17:36:57.748+0300][600.060s][info][gc] GC(1056) Concurrent weak roots 3.453ms
[2021-02-07T17:36:57.748+0300][600.060s][info][gc] GC(1056) Concurrent cleanup 240M->240M(256M) 0.017ms
[2021-02-07T17:36:57.753+0300][600.065s][info][gc] GC(1056) Concurrent class unloading 5.116ms
[2021-02-07T17:36:57.753+0300][600.065s][info][gc] GC(1056) Concurrent strong roots 0.166ms
[2021-02-07T17:36:57.760+0300][600.073s][info][gc] GC(1056) Concurrent evacuation 7.451ms
[2021-02-07T17:36:57.761+0300][600.073s][info][gc] GC(1056) Pause Init Update Refs 0.009ms
[2021-02-07T17:36:57.912+0300][600.224s][info][gc] GC(1056) Concurrent update references 150.543ms
[2021-02-07T17:36:57.924+0300][600.236s][info][gc] GC(1056) Pause Final Update Refs 0.078ms
[2021-02-07T17:36:57.924+0300][600.236s][info][gc] GC(1056) Concurrent cleanup 248M->238M(256M) 0.018ms
[2021-02-07T17:36:57.940+0300][600.252s][info][gc] Trigger: Free (5042K) is below minimum threshold (26214K)
[2021-02-07T17:36:57.940+0300][600.252s][info][gc] GC(1057) Concurrent reset 0.464ms
[2021-02-07T17:36:57.941+0300][600.253s][info][gc] GC(1057) Pause Init Mark (unload classes) 0.147ms
[2021-02-07T17:36:58.266+0300][600.578s][info][gc] GC(1057) Concurrent marking (unload classes) 325.217ms
[2021-02-07T17:36:58.274+0300][600.586s][info][gc] GC(1057) Pause Final Mark (unload classes) 0.429ms
[2021-02-07T17:36:58.278+0300][600.590s][info][gc] GC(1057) Concurrent weak roots 3.270ms
[2021-02-07T17:36:58.278+0300][600.590s][info][gc] GC(1057) Concurrent cleanup 239M->239M(256M) 0.012ms
[2021-02-07T17:36:58.283+0300][600.595s][info][gc] GC(1057) Concurrent class unloading 5.095ms
[2021-02-07T17:36:58.283+0300][600.595s][info][gc] GC(1057) Concurrent strong roots 0.164ms
[2021-02-07T17:36:58.291+0300][600.603s][info][gc] GC(1057) Concurrent evacuation 8.119ms
[2021-02-07T17:36:58.292+0300][600.604s][info][gc] GC(1057) Pause Init Update Refs 0.010ms
[2021-02-07T17:36:58.435+0300][600.747s][info][gc] GC(1057) Concurrent update references 143.087ms
[2021-02-07T17:36:58.438+0300][600.750s][info][gc] GC(1057) Pause Final Update Refs 0.145ms
[2021-02-07T17:36:58.438+0300][600.750s][info][gc] GC(1057) Concurrent cleanup 248M->238M(256M) 0.018ms
[2021-02-07T17:36:58.450+0300][600.762s][info][gc] Trigger: Free (4937K) is below minimum threshold (26214K)
[2021-02-07T17:36:58.450+0300][600.762s][info][gc] GC(1058) Concurrent reset 0.434ms
[2021-02-07T17:36:58.451+0300][600.763s][info][gc] GC(1058) Pause Init Mark (unload classes) 0.142ms
[2021-02-07T17:36:58.790+0300][601.102s][info][gc] GC(1058) Concurrent marking (unload classes) 339.555ms
[2021-02-07T17:36:58.802+0300][601.114s][info][gc] GC(1058) Pause Final Mark (unload classes) 0.306ms
[2021-02-07T17:36:58.806+0300][601.118s][info][gc] GC(1058) Concurrent weak roots 3.414ms
[2021-02-07T17:36:58.806+0300][601.118s][info][gc] GC(1058) Concurrent cleanup 240M->240M(256M) 0.011ms
[2021-02-07T17:36:58.811+0300][601.123s][info][gc] GC(1058) Concurrent class unloading 5.064ms
[2021-02-07T17:36:58.811+0300][601.123s][info][gc] GC(1058) Concurrent strong roots 0.132ms
[2021-02-07T17:36:58.818+0300][601.131s][info][gc] GC(1058) Concurrent evacuation 7.577ms
[2021-02-07T17:36:58.819+0300][601.132s][info][gc] GC(1058) Pause Init Update Refs 0.009ms
[2021-02-07T17:36:58.963+0300][601.275s][info][gc] GC(1058) Concurrent update references 143.684ms
[2021-02-07T17:36:58.963+0300][601.276s][info][gc] GC(1058) Pause Final Update Refs 0.134ms
[2021-02-07T17:36:58.964+0300][601.276s][info][gc] GC(1058) Concurrent cleanup 249M->238M(256M) 0.018ms
[2021-02-07T17:36:58.966+0300][601.278s][info][gc] Trigger: Free (4785K) is below minimum threshold (26214K)
[2021-02-07T17:36:58.966+0300][601.278s][info][gc] GC(1059) Concurrent reset 0.354ms
[2021-02-07T17:36:58.966+0300][601.279s][info][gc] GC(1059) Pause Init Mark (unload classes) 0.093ms
[2021-02-07T17:36:59.292+0300][601.604s][info][gc] GC(1059) Concurrent marking (unload classes) 325.542ms
[2021-02-07T17:36:59.295+0300][601.607s][info][gc] GC(1059) Pause Final Mark (unload classes) 0.472ms
[2021-02-07T17:36:59.301+0300][601.613s][info][gc] GC(1059) Concurrent weak roots 5.277ms
[2021-02-07T17:36:59.301+0300][601.613s][info][gc] GC(1059) Concurrent cleanup 241M->241M(256M) 0.012ms
[2021-02-07T17:36:59.306+0300][601.618s][info][gc] GC(1059) Concurrent class unloading 5.123ms
[2021-02-07T17:36:59.306+0300][601.618s][info][gc] GC(1059) Concurrent strong roots 0.138ms
[2021-02-07T17:36:59.313+0300][601.625s][info][gc] GC(1059) Concurrent evacuation 7.168ms
[2021-02-07T17:36:59.314+0300][601.626s][info][gc] GC(1059) Pause Init Update Refs 0.009ms
[2021-02-07T17:36:59.456+0300][601.768s][info][gc] GC(1059) Concurrent update references 141.787ms
[2021-02-07T17:36:59.456+0300][601.769s][info][gc] GC(1059) Pause Final Update Refs 0.141ms
[2021-02-07T17:36:59.457+0300][601.769s][info][gc] GC(1059) Concurrent cleanup 249M->238M(256M) 0.015ms
[2021-02-07T17:36:59.459+0300][601.771s][info][gc] Trigger: Free (4934K) is below minimum threshold (26214K)
[2021-02-07T17:36:59.459+0300][601.771s][info][gc] GC(1060) Concurrent reset 0.348ms
[2021-02-07T17:36:59.459+0300][601.772s][info][gc] GC(1060) Pause Init Mark (process weakrefs) (unload classes) 0.117ms
[2021-02-07T17:36:59.783+0300][602.095s][info][gc] GC(1060) Concurrent marking (process weakrefs) (unload classes) 323.671ms
[2021-02-07T17:36:59.783+0300][602.096s][info][gc] GC(1060) Concurrent precleaning 0.153ms
[2021-02-07T17:36:59.786+0300][602.099s][info][gc] GC(1060) Pause Final Mark (process weakrefs) (unload classes) 0.577ms
[2021-02-07T17:36:59.792+0300][602.104s][info][gc] GC(1060) Concurrent weak roots 5.098ms
[2021-02-07T17:36:59.792+0300][602.104s][info][gc] GC(1060) Concurrent cleanup 240M->240M(256M) 0.010ms
[2021-02-07T17:36:59.798+0300][602.110s][info][gc] GC(1060) Concurrent class unloading 6.124ms
[2021-02-07T17:36:59.798+0300][602.110s][info][gc] GC(1060) Concurrent strong roots 0.163ms
[2021-02-07T17:36:59.805+0300][602.118s][info][gc] GC(1060) Concurrent evacuation 7.529ms
[2021-02-07T17:36:59.806+0300][602.119s][info][gc] GC(1060) Pause Init Update Refs 0.009ms
[2021-02-07T17:36:59.946+0300][602.259s][info][gc] GC(1060) Concurrent update references 140.045ms
[2021-02-07T17:36:59.950+0300][602.262s][info][gc] GC(1060) Pause Final Update Refs 0.148ms
[2021-02-07T17:36:59.950+0300][602.262s][info][gc] GC(1060) Concurrent cleanup 249M->238M(256M) 0.016ms
[2021-02-07T17:36:59.952+0300][602.264s][info][gc] Trigger: Free (5042K) is below minimum threshold (26214K)
[2021-02-07T17:36:59.952+0300][602.264s][info][gc] GC(1061) Concurrent reset 0.369ms
[2021-02-07T17:36:59.952+0300][602.265s][info][gc] GC(1061) Pause Init Mark (unload classes) 0.116ms
[2021-02-07T17:37:00.293+0300][602.606s][info][gc] GC(1061) Concurrent marking (unload classes) 340.724ms
[2021-02-07T17:37:00.298+0300][602.610s][info][gc] GC(1061) Pause Final Mark (unload classes) 0.433ms
[2021-02-07T17:37:00.304+0300][602.616s][info][gc] GC(1061) Concurrent weak roots 5.295ms
[2021-02-07T17:37:00.304+0300][602.616s][info][gc] GC(1061) Concurrent cleanup 241M->241M(256M) 0.010ms
[2021-02-07T17:37:00.307+0300][602.619s][info][gc] GC(1061) Concurrent class unloading 2.913ms
[2021-02-07T17:37:00.307+0300][602.619s][info][gc] GC(1061) Concurrent strong roots 0.160ms
[2021-02-07T17:37:00.314+0300][602.626s][info][gc] GC(1061) Concurrent evacuation 6.973ms
[2021-02-07T17:37:00.317+0300][602.629s][info][gc] GC(1061) Pause Init Update Refs 0.009ms
[2021-02-07T17:37:00.460+0300][602.772s][info][gc] GC(1061) Concurrent update references 143.006ms
[2021-02-07T17:37:00.463+0300][602.775s][info][gc] GC(1061) Pause Final Update Refs 0.126ms
[2021-02-07T17:37:00.463+0300][602.775s][info][gc] GC(1061) Concurrent cleanup 249M->238M(256M) 0.018ms
[2021-02-07T17:37:00.467+0300][602.779s][info][gc] Trigger: Free (4665K) is below minimum threshold (26214K)
[2021-02-07T17:37:00.467+0300][602.779s][info][gc] GC(1062) Concurrent reset 0.390ms
[2021-02-07T17:37:00.467+0300][602.780s][info][gc] GC(1062) Pause Init Mark (unload classes) 0.116ms
[2021-02-07T17:37:00.791+0300][603.104s][info][gc] GC(1062) Concurrent marking (unload classes) 324.077ms
[2021-02-07T17:37:00.795+0300][603.107s][info][gc] GC(1062) Pause Final Mark (unload classes) 0.428ms
[2021-02-07T17:37:00.801+0300][603.113s][info][gc] GC(1062) Concurrent weak roots 5.335ms
[2021-02-07T17:37:00.801+0300][603.113s][info][gc] GC(1062) Concurrent cleanup 241M->241M(256M) 0.010ms
[2021-02-07T17:37:00.804+0300][603.116s][info][gc] GC(1062) Concurrent class unloading 2.977ms
[2021-02-07T17:37:00.804+0300][603.116s][info][gc] GC(1062) Concurrent strong roots 0.167ms
[2021-02-07T17:37:00.811+0300][603.123s][info][gc] GC(1062) Concurrent evacuation 7.008ms
[2021-02-07T17:37:00.814+0300][603.126s][info][gc] GC(1062) Pause Init Update Refs 0.009ms
[2021-02-07T17:37:00.953+0300][603.265s][info][gc] GC(1062) Concurrent update references 138.732ms
[2021-02-07T17:37:00.956+0300][603.268s][info][gc] GC(1062) Pause Final Update Refs 0.122ms
[2021-02-07T17:37:00.956+0300][603.268s][info][gc] GC(1062) Concurrent cleanup 249M->238M(256M) 0.018ms
[2021-02-07T17:37:00.960+0300][603.272s][info][gc] Trigger: Free (4785K) is below minimum threshold (26214K)
[2021-02-07T17:37:00.960+0300][603.272s][info][gc] GC(1063) Concurrent reset 0.321ms
[2021-02-07T17:37:00.960+0300][603.273s][info][gc] GC(1063) Pause Init Mark (unload classes) 0.123ms
[2021-02-07T17:37:01.283+0300][603.596s][info][gc] GC(1063) Concurrent marking (unload classes) 322.978ms
[2021-02-07T17:37:01.284+0300][603.597s][info][gc] GC(1063) Pause Final Mark (unload classes) 0.396ms
[2021-02-07T17:37:01.290+0300][603.602s][info][gc] GC(1063) Concurrent weak roots 5.057ms
[2021-02-07T17:37:01.290+0300][603.602s][info][gc] GC(1063) Concurrent cleanup 240M->240M(256M) 0.010ms
[2021-02-07T17:37:01.293+0300][603.605s][info][gc] GC(1063) Concurrent class unloading 3.180ms
[2021-02-07T17:37:01.293+0300][603.605s][info][gc] GC(1063) Concurrent strong roots 0.170ms
[2021-02-07T17:37:01.301+0300][603.613s][info][gc] GC(1063) Concurrent evacuation 7.501ms
[2021-02-07T17:37:01.304+0300][603.616s][info][gc] GC(1063) Pause Init Update Refs 0.010ms
[2021-02-07T17:37:01.446+0300][603.758s][info][gc] GC(1063) Concurrent update references 142.029ms
[2021-02-07T17:37:01.449+0300][603.761s][info][gc] GC(1063) Pause Final Update Refs 0.153ms
[2021-02-07T17:37:01.449+0300][603.761s][info][gc] GC(1063) Concurrent cleanup 249M->238M(256M) 0.017ms
[2021-02-07T17:37:01.451+0300][603.763s][info][gc] Trigger: Free (4679K) is below minimum threshold (26214K)
[2021-02-07T17:37:01.451+0300][603.763s][info][gc] GC(1064) Concurrent reset 0.324ms
[2021-02-07T17:37:01.451+0300][603.764s][info][gc] GC(1064) Pause Init Mark (unload classes) 0.116ms
[2021-02-07T17:37:01.773+0300][604.086s][info][gc] GC(1064) Concurrent marking (unload classes) 321.814ms
[2021-02-07T17:37:01.776+0300][604.088s][info][gc] GC(1064) Pause Final Mark (unload classes) 0.434ms
[2021-02-07T17:37:01.782+0300][604.094s][info][gc] GC(1064) Concurrent weak roots 5.254ms
[2021-02-07T17:37:01.782+0300][604.094s][info][gc] GC(1064) Concurrent cleanup 241M->241M(256M) 0.010ms
[2021-02-07T17:37:01.785+0300][604.097s][info][gc] GC(1064) Concurrent class unloading 3.272ms
[2021-02-07T17:37:01.785+0300][604.097s][info][gc] GC(1064) Concurrent strong roots 0.162ms
[2021-02-07T17:37:01.792+0300][604.104s][info][gc] GC(1064) Concurrent evacuation 6.842ms
[2021-02-07T17:37:01.795+0300][604.107s][info][gc] GC(1064) Pause Init Update Refs 0.009ms
[2021-02-07T17:37:01.938+0300][604.250s][info][gc] GC(1064) Concurrent update references 143.096ms
[2021-02-07T17:37:01.941+0300][604.253s][info][gc] GC(1064) Pause Final Update Refs 0.091ms
[2021-02-07T17:37:01.941+0300][604.253s][info][gc] GC(1064) Concurrent cleanup 249M->237M(256M) 0.019ms
[2021-02-07T17:37:01.943+0300][604.255s][info][gc] Trigger: Free (5041K) is below minimum threshold (26214K)
[2021-02-07T17:37:01.943+0300][604.255s][info][gc] GC(1065) Concurrent reset 0.397ms
[2021-02-07T17:37:01.944+0300][604.256s][info][gc] GC(1065) Pause Init Mark (process weakrefs) (unload classes) 0.107ms
[2021-02-07T17:37:02.285+0300][604.597s][info][gc] GC(1065) Concurrent marking (process weakrefs) (unload classes) 341.087ms
[2021-02-07T17:37:02.285+0300][604.597s][info][gc] GC(1065) Concurrent precleaning 0.121ms
[2021-02-07T17:37:02.289+0300][604.601s][info][gc] GC(1065) Pause Final Mark (process weakrefs) (unload classes) 0.445ms
[2021-02-07T17:37:02.295+0300][604.607s][info][gc] GC(1065) Concurrent weak roots 5.302ms
[2021-02-07T17:37:02.295+0300][604.607s][info][gc] GC(1065) Concurrent cleanup 241M->241M(256M) 0.011ms
[2021-02-07T17:37:02.300+0300][604.612s][info][gc] GC(1065) Concurrent class unloading 5.056ms
[2021-02-07T17:37:02.300+0300][604.612s][info][gc] GC(1065) Concurrent strong roots 0.132ms
[2021-02-07T17:37:02.307+0300][604.619s][info][gc] GC(1065) Concurrent evacuation 6.801ms
[2021-02-07T17:37:02.307+0300][604.619s][info][gc] GC(1065) Pause Init Update Refs 0.009ms
[2021-02-07T17:37:02.448+0300][604.760s][info][gc] GC(1065) Concurrent update references 140.419ms
[2021-02-07T17:37:02.448+0300][604.761s][info][gc] GC(1065) Pause Final Update Refs 0.140ms
[2021-02-07T17:37:02.448+0300][604.761s][info][gc] GC(1065) Concurrent cleanup 249M->238M(256M) 0.017ms
[2021-02-07T17:37:02.450+0300][604.762s][info][gc] Trigger: Free (4680K) is below minimum threshold (26214K)
[2021-02-07T17:37:02.450+0300][604.762s][info][gc] GC(1066) Concurrent reset 0.342ms
[2021-02-07T17:37:02.450+0300][604.763s][info][gc] GC(1066) Pause Init Mark (unload classes) 0.135ms
[2021-02-07T17:37:02.775+0300][605.088s][info][gc] GC(1066) Concurrent marking (unload classes) 325.070ms
[2021-02-07T17:37:02.779+0300][605.091s][info][gc] GC(1066) Pause Final Mark (unload classes) 0.306ms
[2021-02-07T17:37:02.785+0300][605.097s][info][gc] GC(1066) Concurrent weak roots 5.446ms
[2021-02-07T17:37:02.785+0300][605.097s][info][gc] GC(1066) Concurrent cleanup 242M->242M(256M) 0.010ms
[2021-02-07T17:37:02.790+0300][605.102s][info][gc] GC(1066) Concurrent class unloading 5.083ms
[2021-02-07T17:37:02.790+0300][605.102s][info][gc] GC(1066) Concurrent strong roots 0.138ms
[2021-02-07T17:37:02.796+0300][605.108s][info][gc] GC(1066) Concurrent evacuation 6.034ms
[2021-02-07T17:37:02.799+0300][605.111s][info][gc] GC(1066) Pause Init Update Refs 0.009ms
[2021-02-07T17:37:02.938+0300][605.250s][info][gc] GC(1066) Concurrent update references 138.872ms
[2021-02-07T17:37:02.941+0300][605.253s][info][gc] GC(1066) Pause Final Update Refs 0.140ms
[2021-02-07T17:37:02.941+0300][605.253s][info][gc] GC(1066) Concurrent cleanup 249M->238M(256M) 0.016ms
[2021-02-07T17:37:02.943+0300][605.255s][info][gc] Trigger: Free (5040K) is below minimum threshold (26214K)
[2021-02-07T17:37:02.943+0300][605.255s][info][gc] GC(1067) Concurrent reset 0.349ms
[2021-02-07T17:37:02.943+0300][605.256s][info][gc] GC(1067) Pause Init Mark (unload classes) 0.147ms
[2021-02-07T17:37:03.267+0300][605.579s][info][gc] GC(1067) Concurrent marking (unload classes) 323.687ms
[2021-02-07T17:37:03.269+0300][605.581s][info][gc] GC(1067) Pause Final Mark (unload classes) 0.429ms
[2021-02-07T17:37:03.274+0300][605.586s][info][gc] GC(1067) Concurrent weak roots 4.968ms
[2021-02-07T17:37:03.274+0300][605.586s][info][gc] GC(1067) Concurrent cleanup 241M->241M(256M) 0.010ms
[2021-02-07T17:37:03.279+0300][605.591s][info][gc] GC(1067) Concurrent class unloading 5.102ms
[2021-02-07T17:37:03.279+0300][605.591s][info][gc] GC(1067) Concurrent strong roots 0.163ms
[2021-02-07T17:37:03.285+0300][605.598s][info][gc] GC(1067) Concurrent evacuation 6.527ms
[2021-02-07T17:37:03.289+0300][605.601s][info][gc] GC(1067) Pause Init Update Refs 0.011ms
[2021-02-07T17:37:03.431+0300][605.743s][info][gc] GC(1067) Concurrent update references 142.199ms
[2021-02-07T17:37:03.434+0300][605.746s][info][gc] GC(1067) Pause Final Update Refs 0.126ms
[2021-02-07T17:37:03.434+0300][605.746s][info][gc] GC(1067) Concurrent cleanup 249M->238M(256M) 0.018ms
[2021-02-07T17:37:03.436+0300][605.748s][info][gc] Trigger: Free (4936K) is below minimum threshold (26214K)
[2021-02-07T17:37:03.436+0300][605.748s][info][gc] GC(1068) Concurrent reset 0.318ms
[2021-02-07T17:37:03.436+0300][605.749s][info][gc] GC(1068) Pause Init Mark (unload classes) 0.093ms
[2021-02-07T17:37:03.759+0300][606.071s][info][gc] GC(1068) Concurrent marking (unload classes) 322.819ms
[2021-02-07T17:37:03.760+0300][606.072s][info][gc] GC(1068) Pause Final Mark (unload classes) 0.428ms
[2021-02-07T17:37:03.778+0300][606.090s][info][gc] GC(1068) Concurrent weak roots 17.263ms
[2021-02-07T17:37:03.778+0300][606.090s][info][gc] GC(1068) Concurrent cleanup 242M->242M(256M) 0.013ms
[2021-02-07T17:37:03.780+0300][606.093s][info][gc] GC(1068) Concurrent class unloading 2.722ms
[2021-02-07T17:37:03.781+0300][606.093s][info][gc] GC(1068) Concurrent strong roots 0.150ms
[2021-02-07T17:37:03.787+0300][606.099s][info][gc] GC(1068) Concurrent evacuation 6.300ms
[2021-02-07T17:37:03.787+0300][606.099s][info][gc] GC(1068) Pause Init Update Refs 0.009ms
[2021-02-07T17:37:03.927+0300][606.239s][info][gc] GC(1068) Concurrent update references 139.844ms
[2021-02-07T17:37:03.930+0300][606.242s][info][gc] GC(1068) Pause Final Update Refs 0.140ms
[2021-02-07T17:37:03.930+0300][606.242s][info][gc] GC(1068) Concurrent cleanup 248M->237M(256M) 0.016ms
[2021-02-07T17:37:03.932+0300][606.244s][info][gc] Trigger: Free (5297K) is below minimum threshold (26214K)
[2021-02-07T17:37:03.932+0300][606.244s][info][gc] GC(1069) Concurrent reset 0.348ms
[2021-02-07T17:37:03.932+0300][606.245s][info][gc] GC(1069) Pause Init Mark (unload classes) 0.137ms
[2021-02-07T17:37:04.256+0300][606.569s][info][gc] GC(1069) Concurrent marking (unload classes) 323.854ms
[2021-02-07T17:37:04.260+0300][606.572s][info][gc] GC(1069) Pause Final Mark (unload classes) 0.422ms
[2021-02-07T17:37:04.267+0300][606.579s][info][gc] GC(1069) Concurrent weak roots 6.319ms
[2021-02-07T17:37:04.267+0300][606.579s][info][gc] GC(1069) Concurrent cleanup 242M->242M(256M) 0.019ms
[2021-02-07T17:37:04.269+0300][606.582s][info][gc] GC(1069) Concurrent class unloading 2.759ms
[2021-02-07T17:37:04.270+0300][606.582s][info][gc] GC(1069) Concurrent strong roots 0.168ms
[2021-02-07T17:37:04.276+0300][606.588s][info][gc] GC(1069) Concurrent evacuation 5.919ms
[2021-02-07T17:37:04.276+0300][606.588s][info][gc] GC(1069) Pause Init Update Refs 0.009ms
[2021-02-07T17:37:04.418+0300][606.730s][info][gc] GC(1069) Concurrent update references 141.709ms
[2021-02-07T17:37:04.419+0300][606.731s][info][gc] GC(1069) Pause Final Update Refs 0.123ms
[2021-02-07T17:37:04.419+0300][606.731s][info][gc] GC(1069) Concurrent cleanup 248M->237M(256M) 0.016ms
[2021-02-07T17:37:04.421+0300][606.733s][info][gc] Trigger: Free (5189K) is below minimum threshold (26214K)
[2021-02-07T17:37:04.421+0300][606.733s][info][gc] GC(1070) Concurrent reset 0.348ms
[2021-02-07T17:37:04.421+0300][606.734s][info][gc] GC(1070) Pause Init Mark (process weakrefs) (unload classes) 0.091ms
[2021-02-07T17:37:04.746+0300][607.058s][info][gc] GC(1070) Concurrent marking (process weakrefs) (unload classes) 324.468ms
[2021-02-07T17:37:04.746+0300][607.058s][info][gc] GC(1070) Concurrent precleaning 0.151ms
[2021-02-07T17:37:04.749+0300][607.061s][info][gc] GC(1070) Pause Final Mark (process weakrefs) (unload classes) 0.455ms
[2021-02-07T17:37:04.753+0300][607.065s][info][gc] GC(1070) Concurrent weak roots 3.384ms
[2021-02-07T17:37:04.753+0300][607.065s][info][gc] GC(1070) Concurrent cleanup 240M->240M(256M) 0.010ms
[2021-02-07T17:37:04.755+0300][607.067s][info][gc] GC(1070) Concurrent class unloading 2.426ms
[2021-02-07T17:37:04.755+0300][607.067s][info][gc] GC(1070) Concurrent strong roots 0.159ms
[2021-02-07T17:37:04.762+0300][607.075s][info][gc] GC(1070) Concurrent evacuation 7.176ms
[2021-02-07T17:37:04.765+0300][607.077s][info][gc] GC(1070) Pause Init Update Refs 0.009ms
[2021-02-07T17:37:04.903+0300][607.216s][info][gc] GC(1070) Concurrent update references 138.658ms
[2021-02-07T17:37:04.907+0300][607.219s][info][gc] GC(1070) Pause Final Update Refs 0.146ms
[2021-02-07T17:37:04.907+0300][607.219s][info][gc] GC(1070) Concurrent cleanup 248M->237M(256M) 0.016ms
[2021-02-07T17:37:04.909+0300][607.221s][info][gc] Trigger: Free (5299K) is below minimum threshold (26214K)
[2021-02-07T17:37:04.909+0300][607.221s][info][gc] GC(1071) Concurrent reset 0.347ms
[2021-02-07T17:37:04.909+0300][607.222s][info][gc] GC(1071) Pause Init Mark (unload classes) 0.135ms
[2021-02-07T17:37:05.248+0300][607.560s][info][gc] GC(1071) Concurrent marking (unload classes) 338.756ms
[2021-02-07T17:37:05.249+0300][607.562s][info][gc] GC(1071) Pause Final Mark (unload classes) 0.393ms
[2021-02-07T17:37:05.255+0300][607.567s][info][gc] GC(1071) Concurrent weak roots 4.971ms
[2021-02-07T17:37:05.255+0300][607.567s][info][gc] GC(1071) Concurrent cleanup 243M->243M(256M) 0.011ms
[2021-02-07T17:37:05.260+0300][607.572s][info][gc] GC(1071) Concurrent class unloading 5.104ms
[2021-02-07T17:37:05.260+0300][607.572s][info][gc] GC(1071) Concurrent strong roots 0.166ms
[2021-02-07T17:37:05.265+0300][607.578s][info][gc] GC(1071) Concurrent evacuation 5.448ms
[2021-02-07T17:37:05.266+0300][607.578s][info][gc] GC(1071) Pause Init Update Refs 0.009ms
[2021-02-07T17:37:05.407+0300][607.719s][info][gc] GC(1071) Concurrent update references 140.725ms
[2021-02-07T17:37:05.410+0300][607.722s][info][gc] GC(1071) Pause Final Update Refs 0.120ms
[2021-02-07T17:37:05.410+0300][607.722s][info][gc] GC(1071) Concurrent cleanup 248M->237M(256M) 0.018ms
[2021-02-07T17:37:05.412+0300][607.724s][info][gc] Trigger: Free (5190K) is below minimum threshold (26214K)
[2021-02-07T17:37:05.412+0300][607.724s][info][gc] GC(1072) Concurrent reset 0.319ms
[2021-02-07T17:37:05.412+0300][607.725s][info][gc] GC(1072) Pause Init Mark (unload classes) 0.119ms
[2021-02-07T17:37:05.734+0300][608.046s][info][gc] GC(1072) Concurrent marking (unload classes) 321.600ms
[2021-02-07T17:37:05.736+0300][608.048s][info][gc] GC(1072) Pause Final Mark (unload classes) 0.412ms
[2021-02-07T17:37:05.741+0300][608.053s][info][gc] GC(1072) Concurrent weak roots 4.917ms
[2021-02-07T17:37:05.741+0300][608.053s][info][gc] GC(1072) Concurrent cleanup 241M->241M(256M) 0.011ms
[2021-02-07T17:37:05.746+0300][608.058s][info][gc] GC(1072) Concurrent class unloading 5.140ms
[2021-02-07T17:37:05.746+0300][608.058s][info][gc] GC(1072) Concurrent strong roots 0.168ms
[2021-02-07T17:37:05.752+0300][608.065s][info][gc] GC(1072) Concurrent evacuation 6.478ms
[2021-02-07T17:37:05.756+0300][608.068s][info][gc] GC(1072) Pause Init Update Refs 0.013ms
[2021-02-07T17:37:05.896+0300][608.208s][info][gc] GC(1072) Concurrent update references 140.007ms
[2021-02-07T17:37:05.899+0300][608.211s][info][gc] GC(1072) Pause Final Update Refs 0.140ms
[2021-02-07T17:37:05.899+0300][608.211s][info][gc] GC(1072) Concurrent cleanup 248M->237M(256M) 0.016ms
[2021-02-07T17:37:05.901+0300][608.213s][info][gc] Trigger: Free (5555K) is below minimum threshold (26214K)
[2021-02-07T17:37:05.901+0300][608.213s][info][gc] GC(1073) Concurrent reset 0.320ms
[2021-02-07T17:37:05.901+0300][608.214s][info][gc] GC(1073) Pause Init Mark (unload classes) 0.140ms
[2021-02-07T17:37:06.225+0300][608.537s][info][gc] GC(1073) Concurrent marking (unload classes) 323.691ms
[2021-02-07T17:37:06.229+0300][608.541s][info][gc] GC(1073) Pause Final Mark (unload classes) 0.358ms
[2021-02-07T17:37:06.233+0300][608.545s][info][gc] GC(1073) Concurrent weak roots 3.394ms
[2021-02-07T17:37:06.233+0300][608.545s][info][gc] GC(1073) Concurrent cleanup 239M->239M(256M) 0.011ms
[2021-02-07T17:37:06.238+0300][608.550s][info][gc] GC(1073) Concurrent class unloading 5.122ms
[2021-02-07T17:37:06.238+0300][608.550s][info][gc] GC(1073) Concurrent strong roots 0.167ms
[2021-02-07T17:37:06.246+0300][608.558s][info][gc] GC(1073) Concurrent evacuation 7.592ms
[2021-02-07T17:37:06.246+0300][608.559s][info][gc] GC(1073) Pause Init Update Refs 0.009ms
[2021-02-07T17:37:06.388+0300][608.700s][info][gc] GC(1073) Concurrent update references 141.729ms
[2021-02-07T17:37:06.391+0300][608.703s][info][gc] GC(1073) Pause Final Update Refs 0.144ms
[2021-02-07T17:37:06.391+0300][608.703s][info][gc] GC(1073) Concurrent cleanup 248M->237M(256M) 0.017ms
[2021-02-07T17:37:06.393+0300][608.705s][info][gc] Trigger: Free (5194K) is below minimum threshold (26214K)
[2021-02-07T17:37:06.393+0300][608.705s][info][gc] GC(1074) Concurrent reset 0.345ms
[2021-02-07T17:37:06.393+0300][608.706s][info][gc] GC(1074) Pause Init Mark (unload classes) 0.157ms
[2021-02-07T17:37:06.720+0300][609.032s][info][gc] GC(1074) Concurrent marking (unload classes) 326.372ms
[2021-02-07T17:37:06.723+0300][609.035s][info][gc] GC(1074) Pause Final Mark (unload classes) 0.334ms
[2021-02-07T17:37:06.727+0300][609.039s][info][gc] GC(1074) Concurrent weak roots 3.417ms
[2021-02-07T17:37:06.727+0300][609.039s][info][gc] GC(1074) Concurrent cleanup 239M->239M(256M) 0.010ms
[2021-02-07T17:37:06.732+0300][609.044s][info][gc] GC(1074) Concurrent class unloading 5.111ms
[2021-02-07T17:37:06.732+0300][609.044s][info][gc] GC(1074) Concurrent strong roots 0.162ms
[2021-02-07T17:37:06.740+0300][609.052s][info][gc] GC(1074) Concurrent evacuation 7.763ms
[2021-02-07T17:37:06.740+0300][609.052s][info][gc] GC(1074) Pause Init Update Refs 0.010ms
[2021-02-07T17:37:06.880+0300][609.192s][info][gc] GC(1074) Concurrent update references 139.617ms
[2021-02-07T17:37:06.881+0300][609.193s][info][gc] GC(1074) Pause Final Update Refs 0.125ms
[2021-02-07T17:37:06.881+0300][609.193s][info][gc] GC(1074) Concurrent cleanup 248M->237M(256M) 0.019ms
[2021-02-07T17:37:06.897+0300][609.209s][info][gc] Trigger: Free (5555K) is below minimum threshold (26214K)
[2021-02-07T17:37:06.897+0300][609.209s][info][gc] GC(1075) Concurrent reset 0.413ms
[2021-02-07T17:37:06.898+0300][609.210s][info][gc] GC(1075) Pause Init Mark (process weakrefs) (unload classes) 0.140ms
[2021-02-07T17:37:07.225+0300][609.537s][info][gc] GC(1075) Concurrent marking (process weakrefs) (unload classes) 327.172ms
[2021-02-07T17:37:07.225+0300][609.537s][info][gc] GC(1075) Concurrent precleaning 0.121ms
[2021-02-07T17:37:07.226+0300][609.539s][info][gc] GC(1075) Pause Final Mark (process weakrefs) (unload classes) 0.444ms
[2021-02-07T17:37:07.232+0300][609.544s][info][gc] GC(1075) Concurrent weak roots 5.098ms
[2021-02-07T17:37:07.232+0300][609.544s][info][gc] GC(1075) Concurrent cleanup 239M->239M(256M) 0.009ms
[2021-02-07T17:37:07.234+0300][609.547s][info][gc] GC(1075) Concurrent class unloading 2.759ms
[2021-02-07T17:37:07.234+0300][609.547s][info][gc] GC(1075) Concurrent strong roots 0.134ms
[2021-02-07T17:37:07.242+0300][609.555s][info][gc] GC(1075) Concurrent evacuation 7.808ms
[2021-02-07T17:37:07.245+0300][609.557s][info][gc] GC(1075) Pause Init Update Refs 0.010ms
[2021-02-07T17:37:07.385+0300][609.697s][info][gc] GC(1075) Concurrent update references 139.982ms
[2021-02-07T17:37:07.388+0300][609.700s][info][gc] GC(1075) Pause Final Update Refs 0.126ms
[2021-02-07T17:37:07.388+0300][609.700s][info][gc] GC(1075) Concurrent cleanup 248M->237M(256M) 0.021ms
[2021-02-07T17:37:07.390+0300][609.702s][info][gc] Trigger: Free (5194K) is below minimum threshold (26214K)
[2021-02-07T17:37:07.390+0300][609.702s][info][gc] GC(1076) Concurrent reset 0.351ms
[2021-02-07T17:37:07.390+0300][609.703s][info][gc] GC(1076) Pause Init Mark (unload classes) 0.121ms
[2021-02-07T17:37:07.714+0300][610.026s][info][gc] GC(1076) Concurrent marking (unload classes) 323.048ms
[2021-02-07T17:37:07.715+0300][610.027s][info][gc] GC(1076) Pause Final Mark (unload classes) 0.352ms
[2021-02-07T17:37:07.720+0300][610.032s][info][gc] GC(1076) Concurrent weak roots 4.794ms
[2021-02-07T17:37:07.720+0300][610.032s][info][gc] GC(1076) Concurrent cleanup 240M->240M(256M) 0.010ms
[2021-02-07T17:37:07.725+0300][610.037s][info][gc] GC(1076) Concurrent class unloading 5.143ms
[2021-02-07T17:37:07.725+0300][610.037s][info][gc] GC(1076) Concurrent strong roots 0.168ms
[2021-02-07T17:37:07.732+0300][610.044s][info][gc] GC(1076) Concurrent evacuation 7.027ms
[2021-02-07T17:37:07.735+0300][610.047s][info][gc] GC(1076) Pause Init Update Refs 0.009ms
[2021-02-07T17:37:07.875+0300][610.187s][info][gc] GC(1076) Concurrent update references 140.096ms
[2021-02-07T17:37:07.878+0300][610.190s][info][gc] GC(1076) Pause Final Update Refs 0.123ms
[2021-02-07T17:37:07.878+0300][610.190s][info][gc] GC(1076) Concurrent cleanup 248M->237M(256M) 0.017ms
[2021-02-07T17:37:07.880+0300][610.192s][info][gc] Trigger: Free (5555K) is below minimum threshold (26214K)
[2021-02-07T17:37:07.880+0300][610.192s][info][gc] GC(1077) Concurrent reset 0.351ms
[2021-02-07T17:37:07.880+0300][610.193s][info][gc] GC(1077) Pause Init Mark (unload classes) 0.114ms
[2021-02-07T17:37:08.203+0300][610.515s][info][gc] GC(1077) Concurrent marking (unload classes) 322.075ms
[2021-02-07T17:37:08.209+0300][610.521s][info][gc] GC(1077) Pause Final Mark (unload classes) 0.231ms
[2021-02-07T17:37:08.215+0300][610.527s][info][gc] GC(1077) Concurrent weak roots 5.560ms
[2021-02-07T17:37:08.215+0300][610.527s][info][gc] GC(1077) Concurrent cleanup 241M->241M(256M) 0.011ms
[2021-02-07T17:37:08.220+0300][610.532s][info][gc] GC(1077) Concurrent class unloading 5.029ms
[2021-02-07T17:37:08.220+0300][610.532s][info][gc] GC(1077) Concurrent strong roots 0.105ms
[2021-02-07T17:37:08.226+0300][610.538s][info][gc] GC(1077) Concurrent evacuation 6.365ms
[2021-02-07T17:37:08.229+0300][610.541s][info][gc] GC(1077) Pause Init Update Refs 0.010ms
[2021-02-07T17:37:08.371+0300][610.683s][info][gc] GC(1077) Concurrent update references 141.763ms
[2021-02-07T17:37:08.374+0300][610.686s][info][gc] GC(1077) Pause Final Update Refs 0.072ms
[2021-02-07T17:37:08.374+0300][610.686s][info][gc] GC(1077) Concurrent cleanup 248M->237M(256M) 0.022ms
[2021-02-07T17:37:08.376+0300][610.688s][info][gc] Trigger: Free (5300K) is below minimum threshold (26214K)
[2021-02-07T17:37:08.376+0300][610.688s][info][gc] GC(1078) Concurrent reset 0.447ms
[2021-02-07T17:37:08.376+0300][610.689s][info][gc] GC(1078) Pause Init Mark (unload classes) 0.075ms
[2021-02-07T17:37:08.706+0300][611.018s][info][gc] GC(1078) Concurrent marking (unload classes) 329.275ms
[2021-02-07T17:37:08.707+0300][611.019s][info][gc] GC(1078) Pause Final Mark (unload classes) 0.338ms
[2021-02-07T17:37:08.711+0300][611.023s][info][gc] GC(1078) Concurrent weak roots 3.186ms
[2021-02-07T17:37:08.711+0300][611.023s][info][gc] GC(1078) Concurrent cleanup 239M->239M(256M) 0.013ms
[2021-02-07T17:37:08.713+0300][611.025s][info][gc] GC(1078) Concurrent class unloading 2.404ms
[2021-02-07T17:37:08.713+0300][611.025s][info][gc] GC(1078) Concurrent strong roots 0.136ms
[2021-02-07T17:37:08.721+0300][611.033s][info][gc] GC(1078) Concurrent evacuation 7.837ms
[2021-02-07T17:37:08.724+0300][611.036s][info][gc] GC(1078) Pause Init Update Refs 0.012ms
[2021-02-07T17:37:08.864+0300][611.176s][info][gc] GC(1078) Concurrent update references 140.125ms
[2021-02-07T17:37:08.867+0300][611.179s][info][gc] GC(1078) Pause Final Update Refs 0.102ms
[2021-02-07T17:37:08.867+0300][611.179s][info][gc] GC(1078) Concurrent cleanup 249M->237M(256M) 0.018ms
[2021-02-07T17:37:08.869+0300][611.181s][info][gc] Trigger: Free (5041K) is below minimum threshold (26214K)
[2021-02-07T17:37:08.869+0300][611.181s][info][gc] GC(1079) Concurrent reset 0.352ms
[2021-02-07T17:37:08.869+0300][611.182s][info][gc] GC(1079) Pause Init Mark (unload classes) 0.120ms
[2021-02-07T17:37:09.209+0300][611.522s][info][gc] GC(1079) Concurrent marking (unload classes) 339.882ms
[2021-02-07T17:37:09.211+0300][611.523s][info][gc] GC(1079) Pause Final Mark (unload classes) 0.254ms
[2021-02-07T17:37:09.217+0300][611.529s][info][gc] GC(1079) Concurrent weak roots 5.223ms
[2021-02-07T17:37:09.217+0300][611.529s][info][gc] GC(1079) Concurrent cleanup 240M->240M(256M) 0.011ms
[2021-02-07T17:37:09.222+0300][611.534s][info][gc] GC(1079) Concurrent class unloading 5.093ms
[2021-02-07T17:37:09.222+0300][611.534s][info][gc] GC(1079) Concurrent strong roots 0.150ms
[2021-02-07T17:37:09.230+0300][611.542s][info][gc] GC(1079) Concurrent evacuation 7.799ms
[2021-02-07T17:37:09.230+0300][611.543s][info][gc] GC(1079) Pause Init Update Refs 0.010ms
[2021-02-07T17:37:09.373+0300][611.685s][info][gc] GC(1079) Concurrent update references 141.952ms
[2021-02-07T17:37:09.376+0300][611.688s][info][gc] GC(1079) Pause Final Update Refs 0.084ms
[2021-02-07T17:37:09.376+0300][611.688s][info][gc] GC(1079) Concurrent cleanup 249M->237M(256M) 0.015ms
[2021-02-07T17:37:09.378+0300][611.690s][info][gc] Trigger: Free (5301K) is below minimum threshold (26214K)
[2021-02-07T17:37:09.378+0300][611.690s][info][gc] GC(1080) Concurrent reset 0.291ms
[2021-02-07T17:37:09.378+0300][611.690s][info][gc] GC(1080) Pause Init Mark (process weakrefs) (unload classes) 0.076ms
[2021-02-07T17:37:09.705+0300][612.018s][info][gc] GC(1080) Concurrent marking (process weakrefs) (unload classes) 327.302ms
[2021-02-07T17:37:09.706+0300][612.018s][info][gc] GC(1080) Concurrent precleaning 0.152ms
[2021-02-07T17:37:09.709+0300][612.021s][info][gc] GC(1080) Pause Final Mark (process weakrefs) (unload classes) 0.441ms
[2021-02-07T17:37:09.713+0300][612.025s][info][gc] GC(1080) Concurrent weak roots 3.309ms
[2021-02-07T17:37:09.713+0300][612.025s][info][gc] GC(1080) Concurrent cleanup 239M->239M(256M) 0.010ms
[2021-02-07T17:37:09.718+0300][612.030s][info][gc] GC(1080) Concurrent class unloading 5.104ms
[2021-02-07T17:37:09.718+0300][612.030s][info][gc] GC(1080) Concurrent strong roots 0.135ms
[2021-02-07T17:37:09.726+0300][612.038s][info][gc] GC(1080) Concurrent evacuation 8.087ms
[2021-02-07T17:37:09.729+0300][612.041s][info][gc] GC(1080) Pause Init Update Refs 0.010ms
[2021-02-07T17:37:09.868+0300][612.180s][info][gc] GC(1080) Concurrent update references 138.963ms
[2021-02-07T17:37:09.868+0300][612.180s][info][gc] GC(1080) Pause Final Update Refs 0.142ms
[2021-02-07T17:37:09.868+0300][612.181s][info][gc] GC(1080) Concurrent cleanup 248M->237M(256M) 0.016ms
[2021-02-07T17:37:09.870+0300][612.182s][info][gc] Trigger: Free (5297K) is below minimum threshold (26214K)
[2021-02-07T17:37:09.870+0300][612.182s][info][gc] GC(1081) Concurrent reset 0.524ms
[2021-02-07T17:37:09.871+0300][612.183s][info][gc] GC(1081) Pause Init Mark (unload classes) 0.158ms
[2021-02-07T17:37:10.197+0300][612.509s][info][gc] GC(1081) Concurrent marking (unload classes) 326.110ms
[2021-02-07T17:37:10.205+0300][612.517s][info][gc] GC(1081) Pause Final Mark (unload classes) 0.244ms
[2021-02-07T17:37:10.210+0300][612.522s][info][gc] GC(1081) Concurrent weak roots 4.652ms
[2021-02-07T17:37:10.210+0300][612.522s][info][gc] GC(1081) Concurrent cleanup 239M->239M(256M) 0.010ms
[2021-02-07T17:37:10.215+0300][612.527s][info][gc] GC(1081) Concurrent class unloading 5.083ms
[2021-02-07T17:37:10.215+0300][612.527s][info][gc] GC(1081) Concurrent strong roots 0.167ms
[2021-02-07T17:37:10.223+0300][612.535s][info][gc] GC(1081) Concurrent evacuation 7.807ms
[2021-02-07T17:37:10.226+0300][612.538s][info][gc] GC(1081) Pause Init Update Refs 0.010ms
[2021-02-07T17:37:10.365+0300][612.677s][info][gc] GC(1081) Concurrent update references 138.813ms
[2021-02-07T17:37:10.368+0300][612.680s][info][gc] GC(1081) Pause Final Update Refs 0.143ms
[2021-02-07T17:37:10.368+0300][612.680s][info][gc] GC(1081) Concurrent cleanup 249M->238M(256M) 0.016ms
[2021-02-07T17:37:10.381+0300][612.693s][info][gc] Trigger: Free (5041K) is below minimum threshold (26214K)
[2021-02-07T17:37:10.381+0300][612.693s][info][gc] GC(1082) Concurrent reset 0.444ms
[2021-02-07T17:37:10.382+0300][612.694s][info][gc] GC(1082) Pause Init Mark (unload classes) 0.123ms
[2021-02-07T17:37:10.714+0300][613.026s][info][gc] GC(1082) Concurrent marking (unload classes) 332.583ms
[2021-02-07T17:37:10.717+0300][613.029s][info][gc] GC(1082) Pause Final Mark (unload classes) 0.390ms
[2021-02-07T17:37:10.721+0300][613.033s][info][gc] GC(1082) Concurrent weak roots 3.329ms
[2021-02-07T17:37:10.721+0300][613.033s][info][gc] GC(1082) Concurrent cleanup 239M->239M(256M) 0.010ms
[2021-02-07T17:37:10.726+0300][613.038s][info][gc] GC(1082) Concurrent class unloading 5.084ms
[2021-02-07T17:37:10.726+0300][613.038s][info][gc] GC(1082) Concurrent strong roots 0.134ms
[2021-02-07T17:37:10.734+0300][613.046s][info][gc] GC(1082) Concurrent evacuation 8.132ms
[2021-02-07T17:37:10.737+0300][613.049s][info][gc] GC(1082) Pause Init Update Refs 0.010ms
[2021-02-07T17:37:10.878+0300][613.191s][info][gc] GC(1082) Concurrent update references 141.818ms
[2021-02-07T17:37:10.879+0300][613.191s][info][gc] GC(1082) Pause Final Update Refs 0.121ms
[2021-02-07T17:37:10.879+0300][613.191s][info][gc] GC(1082) Concurrent cleanup 249M->237M(256M) 0.017ms
[2021-02-07T17:37:10.881+0300][613.193s][info][gc] Trigger: Free (5301K) is below minimum threshold (26214K)
[2021-02-07T17:37:10.881+0300][613.193s][info][gc] GC(1083) Concurrent reset 0.348ms
[2021-02-07T17:37:10.881+0300][613.194s][info][gc] GC(1083) Pause Init Mark (unload classes) 0.091ms
[2021-02-07T17:37:11.205+0300][613.518s][info][gc] GC(1083) Concurrent marking (unload classes) 323.966ms
[2021-02-07T17:37:11.211+0300][613.523s][info][gc] GC(1083) Pause Final Mark (unload classes) 0.315ms
[2021-02-07T17:37:11.215+0300][613.527s][info][gc] GC(1083) Concurrent weak roots 3.371ms
[2021-02-07T17:37:11.215+0300][613.527s][info][gc] GC(1083) Concurrent cleanup 239M->239M(256M) 0.012ms
[2021-02-07T17:37:11.217+0300][613.529s][info][gc] GC(1083) Concurrent class unloading 2.334ms
[2021-02-07T17:37:11.217+0300][613.529s][info][gc] GC(1083) Concurrent strong roots 0.161ms
[2021-02-07T17:37:11.226+0300][613.538s][info][gc] GC(1083) Concurrent evacuation 8.453ms
[2021-02-07T17:37:11.226+0300][613.538s][info][gc] GC(1083) Pause Init Update Refs 0.010ms
[2021-02-07T17:37:11.368+0300][613.680s][info][gc] GC(1083) Concurrent update references 141.198ms
[2021-02-07T17:37:11.369+0300][613.681s][info][gc] GC(1083) Pause Final Update Refs 0.099ms
[2021-02-07T17:37:11.369+0300][613.681s][info][gc] GC(1083) Concurrent cleanup 249M->237M(256M) 0.021ms
[2021-02-07T17:37:11.371+0300][613.683s][info][gc] Trigger: Free (5297K) is below minimum threshold (26214K)
[2021-02-07T17:37:11.371+0300][613.683s][info][gc] GC(1084) Concurrent reset 0.351ms
[2021-02-07T17:37:11.371+0300][613.684s][info][gc] GC(1084) Pause Init Mark (unload classes) 0.151ms
[2021-02-07T17:37:11.722+0300][614.034s][info][gc] GC(1084) Concurrent marking (unload classes) 350.317ms
[2021-02-07T17:37:11.726+0300][614.038s][info][gc] GC(1084) Pause Final Mark (unload classes) 0.329ms
[2021-02-07T17:37:11.730+0300][614.042s][info][gc] GC(1084) Concurrent weak roots 3.474ms
[2021-02-07T17:37:11.730+0300][614.042s][info][gc] GC(1084) Concurrent cleanup 240M->240M(256M) 0.011ms
[2021-02-07T17:37:11.735+0300][614.047s][info][gc] GC(1084) Concurrent class unloading 5.114ms
[2021-02-07T17:37:11.735+0300][614.047s][info][gc] GC(1084) Concurrent strong roots 0.163ms
[2021-02-07T17:37:11.742+0300][614.055s][info][gc] GC(1084) Concurrent evacuation 7.411ms
[2021-02-07T17:37:11.743+0300][614.055s][info][gc] GC(1084) Pause Init Update Refs 0.011ms
[2021-02-07T17:37:11.885+0300][614.197s][info][gc] GC(1084) Concurrent update references 141.843ms
[2021-02-07T17:37:11.888+0300][614.200s][info][gc] GC(1084) Pause Final Update Refs 0.122ms
[2021-02-07T17:37:11.888+0300][614.200s][info][gc] GC(1084) Concurrent cleanup 248M->237M(256M) 0.019ms
[2021-02-07T17:37:11.902+0300][614.214s][info][gc] Trigger: Free (5553K) is below minimum threshold (26214K)
[2021-02-07T17:37:11.902+0300][614.214s][info][gc] GC(1085) Concurrent reset 0.437ms
[2021-02-07T17:37:11.903+0300][614.215s][info][gc] GC(1085) Pause Init Mark (process weakrefs) (unload classes) 0.080ms
[2021-02-07T17:37:12.226+0300][614.538s][info][gc] GC(1085) Concurrent marking (process weakrefs) (unload classes) 323.392ms
[2021-02-07T17:37:12.226+0300][614.538s][info][gc] GC(1085) Concurrent precleaning 0.146ms
[2021-02-07T17:37:12.229+0300][614.541s][info][gc] GC(1085) Pause Final Mark (process weakrefs) (unload classes) 0.443ms
[2021-02-07T17:37:12.233+0300][614.545s][info][gc] GC(1085) Concurrent weak roots 3.297ms
[2021-02-07T17:37:12.233+0300][614.545s][info][gc] GC(1085) Concurrent cleanup 239M->239M(256M) 0.011ms
[2021-02-07T17:37:12.235+0300][614.547s][info][gc] GC(1085) Concurrent class unloading 2.350ms
[2021-02-07T17:37:12.235+0300][614.547s][info][gc] GC(1085) Concurrent strong roots 0.159ms
[2021-02-07T17:37:12.243+0300][614.555s][info][gc] GC(1085) Concurrent evacuation 7.595ms
[2021-02-07T17:37:12.246+0300][614.558s][info][gc] GC(1085) Pause Init Update Refs 0.010ms
[2021-02-07T17:37:12.389+0300][614.702s][info][gc] GC(1085) Concurrent update references 143.532ms
[2021-02-07T17:37:12.392+0300][614.704s][info][gc] GC(1085) Pause Final Update Refs 0.123ms
[2021-02-07T17:37:12.392+0300][614.704s][info][gc] GC(1085) Concurrent cleanup 248M->237M(256M) 0.017ms
[2021-02-07T17:37:12.394+0300][614.706s][info][gc] Trigger: Free (5454K) is below minimum threshold (26214K)
[2021-02-07T17:37:12.394+0300][614.706s][info][gc] GC(1086) Concurrent reset 0.354ms
[2021-02-07T17:37:12.394+0300][614.707s][info][gc] GC(1086) Pause Init Mark (unload classes) 0.119ms
[2021-02-07T17:37:12.719+0300][615.031s][info][gc] GC(1086) Concurrent marking (unload classes) 324.478ms
[2021-02-07T17:37:12.720+0300][615.032s][info][gc] GC(1086) Pause Final Mark (unload classes) 0.365ms
[2021-02-07T17:37:12.724+0300][615.036s][info][gc] GC(1086) Concurrent weak roots 3.431ms
[2021-02-07T17:37:12.724+0300][615.036s][info][gc] GC(1086) Concurrent cleanup 239M->239M(256M) 0.011ms
[2021-02-07T17:37:12.729+0300][615.041s][info][gc] GC(1086) Concurrent class unloading 5.124ms
[2021-02-07T17:37:12.729+0300][615.041s][info][gc] GC(1086) Concurrent strong roots 0.168ms
[2021-02-07T17:37:12.737+0300][615.049s][info][gc] GC(1086) Concurrent evacuation 7.855ms
[2021-02-07T17:37:12.740+0300][615.052s][info][gc] GC(1086) Pause Init Update Refs 0.009ms
[2021-02-07T17:37:12.879+0300][615.191s][info][gc] GC(1086) Concurrent update references 138.774ms
[2021-02-07T17:37:12.882+0300][615.194s][info][gc] GC(1086) Pause Final Update Refs 0.120ms
[2021-02-07T17:37:12.882+0300][615.194s][info][gc] GC(1086) Concurrent cleanup 248M->237M(256M) 0.015ms
[2021-02-07T17:37:12.884+0300][615.196s][info][gc] Trigger: Free (5557K) is below minimum threshold (26214K)
[2021-02-07T17:37:12.884+0300][615.196s][info][gc] GC(1087) Concurrent reset 0.347ms
[2021-02-07T17:37:12.884+0300][615.197s][info][gc] GC(1087) Pause Init Mark (unload classes) 0.095ms
[2021-02-07T17:37:13.226+0300][615.538s][info][gc] GC(1087) Concurrent marking (unload classes) 341.490ms
[2021-02-07T17:37:13.229+0300][615.541s][info][gc] GC(1087) Pause Final Mark (unload classes) 0.430ms
[2021-02-07T17:37:13.235+0300][615.547s][info][gc] GC(1087) Concurrent weak roots 5.296ms
[2021-02-07T17:37:13.235+0300][615.547s][info][gc] GC(1087) Concurrent cleanup 240M->240M(256M) 0.011ms
[2021-02-07T17:37:13.237+0300][615.550s][info][gc] GC(1087) Concurrent class unloading 2.714ms
[2021-02-07T17:37:13.238+0300][615.550s][info][gc] GC(1087) Concurrent strong roots 0.171ms
[2021-02-07T17:37:13.245+0300][615.557s][info][gc] GC(1087) Concurrent evacuation 7.271ms
[2021-02-07T17:37:13.248+0300][615.560s][info][gc] GC(1087) Pause Init Update Refs 0.009ms
[2021-02-07T17:37:13.390+0300][615.702s][info][gc] GC(1087) Concurrent update references 142.235ms
[2021-02-07T17:37:13.391+0300][615.704s][info][gc] GC(1087) Pause Final Update Refs 0.140ms
[2021-02-07T17:37:13.392+0300][615.704s][info][gc] GC(1087) Concurrent cleanup 248M->237M(256M) 0.018ms
[2021-02-07T17:37:13.394+0300][615.706s][info][gc] Trigger: Free (5710K) is below minimum threshold (26214K)
[2021-02-07T17:37:13.394+0300][615.706s][info][gc] GC(1088) Concurrent reset 0.366ms
[2021-02-07T17:37:13.394+0300][615.707s][info][gc] GC(1088) Pause Init Mark (unload classes) 0.147ms
[2021-02-07T17:37:13.735+0300][616.047s][info][gc] GC(1088) Concurrent marking (unload classes) 340.661ms
[2021-02-07T17:37:13.737+0300][616.049s][info][gc] GC(1088) Pause Final Mark (unload classes) 0.446ms
[2021-02-07T17:37:13.742+0300][616.054s][info][gc] GC(1088) Concurrent weak roots 4.923ms
[2021-02-07T17:37:13.742+0300][616.054s][info][gc] GC(1088) Concurrent cleanup 240M->240M(256M) 0.010ms
[2021-02-07T17:37:13.747+0300][616.059s][info][gc] GC(1088) Concurrent class unloading 5.108ms
[2021-02-07T17:37:13.747+0300][616.059s][info][gc] GC(1088) Concurrent strong roots 0.166ms
[2021-02-07T17:37:13.754+0300][616.066s][info][gc] GC(1088) Concurrent evacuation 7.019ms
[2021-02-07T17:37:13.754+0300][616.066s][info][gc] GC(1088) Pause Init Update Refs 0.009ms
[2021-02-07T17:37:13.896+0300][616.208s][info][gc] GC(1088) Concurrent update references 141.433ms
[2021-02-07T17:37:13.899+0300][616.211s][info][gc] GC(1088) Pause Final Update Refs 0.119ms
[2021-02-07T17:37:13.899+0300][616.211s][info][gc] GC(1088) Concurrent cleanup 248M->237M(256M) 0.018ms
[2021-02-07T17:37:13.905+0300][616.217s][info][gc] Trigger: Free (5809K) is below minimum threshold (26214K)
[2021-02-07T17:37:13.905+0300][616.217s][info][gc] GC(1089) Concurrent reset 0.375ms
[2021-02-07T17:37:13.905+0300][616.218s][info][gc] GC(1089) Pause Init Mark (unload classes) 0.122ms
[2021-02-07T17:37:14.230+0300][616.542s][info][gc] GC(1089) Concurrent marking (unload classes) 324.425ms
[2021-02-07T17:37:14.231+0300][616.543s][info][gc] GC(1089) Pause Final Mark (unload classes) 0.305ms
[2021-02-07T17:37:14.241+0300][616.553s][info][gc] GC(1089) Concurrent weak roots 9.804ms
[2021-02-07T17:37:14.241+0300][616.553s][info][gc] GC(1089) Concurrent cleanup 241M->241M(256M) 0.012ms
[2021-02-07T17:37:14.257+0300][616.569s][info][gc] GC(1089) Concurrent class unloading 16.114ms
[2021-02-07T17:37:14.257+0300][616.569s][info][gc] GC(1089) Concurrent strong roots 0.120ms
[2021-02-07T17:37:14.263+0300][616.575s][info][gc] GC(1089) Concurrent evacuation 6.115ms
[2021-02-07T17:37:14.273+0300][616.585s][info][gc] GC(1089) Pause Init Update Refs 0.011ms
[2021-02-07T17:37:14.414+0300][616.726s][info][gc] GC(1089) Concurrent update references 140.703ms
[2021-02-07T17:37:14.417+0300][616.729s][info][gc] GC(1089) Pause Final Update Refs 0.140ms
[2021-02-07T17:37:14.417+0300][616.729s][info][gc] GC(1089) Concurrent cleanup 248M->237M(256M) 0.017ms
[2021-02-07T17:37:14.419+0300][616.731s][info][gc] Trigger: Free (5459K) is below minimum threshold (26214K)
[2021-02-07T17:37:14.419+0300][616.731s][info][gc] GC(1090) Concurrent reset 0.369ms
[2021-02-07T17:37:14.420+0300][616.732s][info][gc] GC(1090) Pause Init Mark (process weakrefs) (unload classes) 0.103ms
[2021-02-07T17:37:14.760+0300][617.072s][info][gc] GC(1090) Concurrent marking (process weakrefs) (unload classes) 340.452ms
[2021-02-07T17:37:14.760+0300][617.072s][info][gc] GC(1090) Concurrent precleaning 0.151ms
[2021-02-07T17:37:14.764+0300][617.076s][info][gc] GC(1090) Pause Final Mark (process weakrefs) (unload classes) 0.453ms
[2021-02-07T17:37:14.770+0300][617.082s][info][gc] GC(1090) Concurrent weak roots 5.296ms
[2021-02-07T17:37:14.770+0300][617.082s][info][gc] GC(1090) Concurrent cleanup 241M->241M(256M) 0.011ms
[2021-02-07T17:37:14.775+0300][617.087s][info][gc] GC(1090) Concurrent class unloading 5.096ms
[2021-02-07T17:37:14.775+0300][617.087s][info][gc] GC(1090) Concurrent strong roots 0.162ms
[2021-02-07T17:37:14.781+0300][617.093s][info][gc] GC(1090) Concurrent evacuation 6.065ms
[2021-02-07T17:37:14.784+0300][617.096s][info][gc] GC(1090) Pause Init Update Refs 0.008ms
[2021-02-07T17:37:14.922+0300][617.234s][info][gc] GC(1090) Concurrent update references 138.286ms
[2021-02-07T17:37:14.925+0300][617.237s][info][gc] GC(1090) Pause Final Update Refs 0.117ms
[2021-02-07T17:37:14.925+0300][617.237s][info][gc] GC(1090) Concurrent cleanup 248M->237M(256M) 0.017ms
[2021-02-07T17:37:14.927+0300][617.239s][info][gc] Trigger: Free (5557K) is below minimum threshold (26214K)
[2021-02-07T17:37:14.927+0300][617.239s][info][gc] GC(1091) Concurrent reset 0.344ms
[2021-02-07T17:37:14.927+0300][617.240s][info][gc] GC(1091) Pause Init Mark (unload classes) 0.090ms
[2021-02-07T17:37:15.268+0300][617.580s][info][gc] GC(1091) Concurrent marking (unload classes) 340.500ms
[2021-02-07T17:37:15.273+0300][617.585s][info][gc] GC(1091) Pause Final Mark (unload classes) 0.448ms
[2021-02-07T17:37:15.279+0300][617.591s][info][gc] GC(1091) Concurrent weak roots 5.269ms
[2021-02-07T17:37:15.279+0300][617.591s][info][gc] GC(1091) Concurrent cleanup 242M->242M(256M) 0.011ms
[2021-02-07T17:37:15.284+0300][617.596s][info][gc] GC(1091) Concurrent class unloading 5.107ms
[2021-02-07T17:37:15.284+0300][617.596s][info][gc] GC(1091) Concurrent strong roots 0.167ms
[2021-02-07T17:37:15.290+0300][617.602s][info][gc] GC(1091) Concurrent evacuation 6.000ms
[2021-02-07T17:37:15.293+0300][617.605s][info][gc] GC(1091) Pause Init Update Refs 0.009ms
[2021-02-07T17:37:15.433+0300][617.746s][info][gc] GC(1091) Concurrent update references 140.611ms
[2021-02-07T17:37:15.435+0300][617.747s][info][gc] GC(1091) Pause Final Update Refs 0.105ms
[2021-02-07T17:37:15.435+0300][617.747s][info][gc] GC(1091) Concurrent cleanup 248M->237M(256M) 0.022ms
[2021-02-07T17:37:15.437+0300][617.749s][info][gc] Trigger: Free (5710K) is below minimum threshold (26214K)
[2021-02-07T17:37:15.437+0300][617.749s][info][gc] GC(1092) Concurrent reset 0.377ms
[2021-02-07T17:37:15.437+0300][617.750s][info][gc] GC(1092) Pause Init Mark (unload classes) 0.116ms
[2021-02-07T17:37:15.776+0300][618.088s][info][gc] GC(1092) Concurrent marking (unload classes) 338.465ms
[2021-02-07T17:37:15.779+0300][618.091s][info][gc] GC(1092) Pause Final Mark (unload classes) 0.432ms
[2021-02-07T17:37:15.785+0300][618.097s][info][gc] GC(1092) Concurrent weak roots 5.320ms
[2021-02-07T17:37:15.785+0300][618.097s][info][gc] GC(1092) Concurrent cleanup 242M->242M(256M) 0.015ms
[2021-02-07T17:37:15.790+0300][618.102s][info][gc] GC(1092) Concurrent class unloading 5.080ms
[2021-02-07T17:37:15.790+0300][618.102s][info][gc] GC(1092) Concurrent strong roots 0.159ms
[2021-02-07T17:37:15.796+0300][618.108s][info][gc] GC(1092) Concurrent evacuation 5.614ms
[2021-02-07T17:37:15.799+0300][618.111s][info][gc] GC(1092) Pause Init Update Refs 0.009ms
[2021-02-07T17:37:15.937+0300][618.249s][info][gc] GC(1092) Concurrent update references 137.983ms
[2021-02-07T17:37:15.940+0300][618.252s][info][gc] GC(1092) Pause Final Update Refs 0.139ms
[2021-02-07T17:37:15.940+0300][618.252s][info][gc] GC(1092) Concurrent cleanup 248M->237M(256M) 0.017ms
[2021-02-07T17:37:15.942+0300][618.254s][info][gc] Trigger: Free (5809K) is below minimum threshold (26214K)
[2021-02-07T17:37:15.942+0300][618.254s][info][gc] GC(1093) Concurrent reset 0.348ms
[2021-02-07T17:37:15.942+0300][618.255s][info][gc] GC(1093) Pause Init Mark (unload classes) 0.151ms
[2021-02-07T17:37:16.264+0300][618.577s][info][gc] GC(1093) Concurrent marking (unload classes) 321.992ms
[2021-02-07T17:37:16.268+0300][618.580s][info][gc] GC(1093) Pause Final Mark (unload classes) 0.427ms
[2021-02-07T17:37:16.274+0300][618.586s][info][gc] GC(1093) Concurrent weak roots 5.280ms
[2021-02-07T17:37:16.274+0300][618.586s][info][gc] GC(1093) Concurrent cleanup 240M->240M(256M) 0.010ms
[2021-02-07T17:37:16.277+0300][618.589s][info][gc] GC(1093) Concurrent class unloading 2.953ms
[2021-02-07T17:37:16.277+0300][618.589s][info][gc] GC(1093) Concurrent strong roots 0.137ms
[2021-02-07T17:37:16.284+0300][618.596s][info][gc] GC(1093) Concurrent evacuation 7.062ms
[2021-02-07T17:37:16.287+0300][618.599s][info][gc] GC(1093) Pause Init Update Refs 0.010ms
[2021-02-07T17:37:16.429+0300][618.741s][info][gc] GC(1093) Concurrent update references 141.868ms
[2021-02-07T17:37:16.430+0300][618.742s][info][gc] GC(1093) Pause Final Update Refs 0.105ms
[2021-02-07T17:37:16.430+0300][618.742s][info][gc] GC(1093) Concurrent cleanup 248M->237M(256M) 0.015ms
[2021-02-07T17:37:16.432+0300][618.744s][info][gc] Trigger: Free (5715K) is below minimum threshold (26214K)
[2021-02-07T17:37:16.432+0300][618.744s][info][gc] GC(1094) Concurrent reset 0.346ms
[2021-02-07T17:37:16.432+0300][618.745s][info][gc] GC(1094) Pause Init Mark (unload classes) 0.119ms
[2021-02-07T17:37:16.772+0300][619.084s][info][gc] GC(1094) Concurrent marking (unload classes) 339.806ms
[2021-02-07T17:37:16.775+0300][619.087s][info][gc] GC(1094) Pause Final Mark (unload classes) 0.331ms
[2021-02-07T17:37:16.781+0300][619.093s][info][gc] GC(1094) Concurrent weak roots 5.439ms
[2021-02-07T17:37:16.781+0300][619.093s][info][gc] GC(1094) Concurrent cleanup 240M->240M(256M) 0.010ms
[2021-02-07T17:37:16.784+0300][619.096s][info][gc] GC(1094) Concurrent class unloading 2.916ms
[2021-02-07T17:37:16.784+0300][619.096s][info][gc] GC(1094) Concurrent strong roots 0.164ms
[2021-02-07T17:37:16.790+0300][619.103s][info][gc] GC(1094) Concurrent evacuation 6.734ms
[2021-02-07T17:37:16.794+0300][619.106s][info][gc] GC(1094) Pause Init Update Refs 0.009ms
[2021-02-07T17:37:16.933+0300][619.245s][info][gc] GC(1094) Concurrent update references 139.447ms
[2021-02-07T17:37:16.936+0300][619.248s][info][gc] GC(1094) Pause Final Update Refs 0.115ms
[2021-02-07T17:37:16.936+0300][619.248s][info][gc] GC(1094) Concurrent cleanup 248M->237M(256M) 0.015ms
[2021-02-07T17:37:16.938+0300][619.250s][info][gc] Trigger: Free (5809K) is below minimum threshold (26214K)
[2021-02-07T17:37:16.938+0300][619.250s][info][gc] GC(1095) Concurrent reset 0.352ms
[2021-02-07T17:37:16.938+0300][619.251s][info][gc] GC(1095) Pause Init Mark (process weakrefs) (unload classes) 0.109ms
[2021-02-07T17:37:17.262+0300][619.574s][info][gc] GC(1095) Concurrent marking (process weakrefs) (unload classes) 323.467ms
[2021-02-07T17:37:17.262+0300][619.574s][info][gc] GC(1095) Concurrent precleaning 0.141ms
[2021-02-07T17:37:17.265+0300][619.577s][info][gc] GC(1095) Pause Final Mark (process weakrefs) (unload classes) 0.448ms
[2021-02-07T17:37:17.271+0300][619.583s][info][gc] GC(1095) Concurrent weak roots 5.318ms
[2021-02-07T17:37:17.271+0300][619.583s][info][gc] GC(1095) Concurrent cleanup 240M->240M(256M) 0.010ms
[2021-02-07T17:37:17.274+0300][619.586s][info][gc] GC(1095) Concurrent class unloading 3.051ms
[2021-02-07T17:37:17.274+0300][619.586s][info][gc] GC(1095) Concurrent strong roots 0.162ms
[2021-02-07T17:37:17.281+0300][619.593s][info][gc] GC(1095) Concurrent evacuation 6.797ms
[2021-02-07T17:37:17.284+0300][619.596s][info][gc] GC(1095) Pause Init Update Refs 0.009ms
[2021-02-07T17:37:17.425+0300][619.737s][info][gc] GC(1095) Concurrent update references 140.995ms
[2021-02-07T17:37:17.428+0300][619.740s][info][gc] GC(1095) Pause Final Update Refs 0.141ms
[2021-02-07T17:37:17.428+0300][619.740s][info][gc] GC(1095) Concurrent cleanup 248M->237M(256M) 0.016ms
[2021-02-07T17:37:17.430+0300][619.742s][info][gc] Trigger: Free (5715K) is below minimum threshold (26214K)
[2021-02-07T17:37:17.430+0300][619.742s][info][gc] GC(1096) Concurrent reset 0.349ms
[2021-02-07T17:37:17.430+0300][619.743s][info][gc] GC(1096) Pause Init Mark (unload classes) 0.146ms
[2021-02-07T17:37:17.768+0300][620.081s][info][gc] GC(1096) Concurrent marking (unload classes) 337.849ms
[2021-02-07T17:37:17.784+0300][620.096s][info][gc] GC(1096) Pause Final Mark (unload classes) 0.427ms
[2021-02-07T17:37:17.790+0300][620.102s][info][gc] GC(1096) Concurrent weak roots 5.261ms
[2021-02-07T17:37:17.790+0300][620.102s][info][gc] GC(1096) Concurrent cleanup 241M->241M(256M) 0.010ms
[2021-02-07T17:37:17.793+0300][620.105s][info][gc] GC(1096) Concurrent class unloading 3.285ms
[2021-02-07T17:37:17.793+0300][620.105s][info][gc] GC(1096) Concurrent strong roots 0.161ms
[2021-02-07T17:37:17.800+0300][620.112s][info][gc] GC(1096) Concurrent evacuation 6.526ms
[2021-02-07T17:37:17.803+0300][620.115s][info][gc] GC(1096) Pause Init Update Refs 0.009ms
[2021-02-07T17:37:17.941+0300][620.253s][info][gc] GC(1096) Concurrent update references 137.835ms
[2021-02-07T17:37:17.942+0300][620.254s][info][gc] GC(1096) Pause Final Update Refs 0.135ms
[2021-02-07T17:37:17.942+0300][620.254s][info][gc] GC(1096) Concurrent cleanup 248M->237M(256M) 0.015ms
[2021-02-07T17:37:17.944+0300][620.256s][info][gc] Trigger: Free (6065K) is below minimum threshold (26214K)
[2021-02-07T17:37:17.944+0300][620.256s][info][gc] GC(1097) Concurrent reset 0.352ms
[2021-02-07T17:37:17.944+0300][620.257s][info][gc] GC(1097) Pause Init Mark (unload classes) 0.146ms
[2021-02-07T17:37:18.268+0300][620.581s][info][gc] GC(1097) Concurrent marking (unload classes) 323.962ms
[2021-02-07T17:37:18.271+0300][620.583s][info][gc] GC(1097) Pause Final Mark (unload classes) 0.431ms
[2021-02-07T17:37:18.277+0300][620.589s][info][gc] GC(1097) Concurrent weak roots 5.297ms
[2021-02-07T17:37:18.277+0300][620.589s][info][gc] GC(1097) Concurrent cleanup 240M->240M(256M) 0.011ms
[2021-02-07T17:37:18.280+0300][620.592s][info][gc] GC(1097) Concurrent class unloading 3.189ms
[2021-02-07T17:37:18.280+0300][620.592s][info][gc] GC(1097) Concurrent strong roots 0.162ms
[2021-02-07T17:37:18.287+0300][620.599s][info][gc] GC(1097) Concurrent evacuation 6.869ms
[2021-02-07T17:37:18.290+0300][620.602s][info][gc] GC(1097) Pause Init Update Refs 0.009ms
[2021-02-07T17:37:18.432+0300][620.744s][info][gc] GC(1097) Concurrent update references 142.096ms
[2021-02-07T17:37:18.435+0300][620.747s][info][gc] GC(1097) Pause Final Update Refs 0.164ms
[2021-02-07T17:37:18.435+0300][620.747s][info][gc] GC(1097) Concurrent cleanup 247M->237M(256M) 0.018ms
[2021-02-07T17:37:18.437+0300][620.749s][info][gc] Trigger: Free (5967K) is below minimum threshold (26214K)
[2021-02-07T17:37:18.437+0300][620.749s][info][gc] GC(1098) Concurrent reset 0.399ms
[2021-02-07T17:37:18.438+0300][620.750s][info][gc] GC(1098) Pause Init Mark (unload classes) 0.168ms
[2021-02-07T17:37:18.776+0300][621.088s][info][gc] GC(1098) Concurrent marking (unload classes) 338.502ms
[2021-02-07T17:37:18.781+0300][621.093s][info][gc] GC(1098) Pause Final Mark (unload classes) 0.443ms
[2021-02-07T17:37:18.787+0300][621.099s][info][gc] GC(1098) Concurrent weak roots 5.356ms
[2021-02-07T17:37:18.787+0300][621.099s][info][gc] GC(1098) Concurrent cleanup 241M->241M(256M) 0.014ms
[2021-02-07T17:37:18.790+0300][621.102s][info][gc] GC(1098) Concurrent class unloading 3.385ms
[2021-02-07T17:37:18.790+0300][621.103s][info][gc] GC(1098) Concurrent strong roots 0.167ms
[2021-02-07T17:37:18.797+0300][621.109s][info][gc] GC(1098) Concurrent evacuation 6.338ms
[2021-02-07T17:37:18.797+0300][621.109s][info][gc] GC(1098) Pause Init Update Refs 0.009ms
[2021-02-07T17:37:18.935+0300][621.247s][info][gc] GC(1098) Concurrent update references 138.089ms
[2021-02-07T17:37:18.938+0300][621.250s][info][gc] GC(1098) Pause Final Update Refs 0.141ms
[2021-02-07T17:37:18.938+0300][621.250s][info][gc] GC(1098) Concurrent cleanup 247M->236M(256M) 0.016ms
[2021-02-07T17:37:18.940+0300][621.252s][info][gc] Trigger: Free (6068K) is below minimum threshold (26214K)
[2021-02-07T17:37:18.940+0300][621.252s][info][gc] GC(1099) Concurrent reset 0.327ms
[2021-02-07T17:37:18.940+0300][621.253s][info][gc] GC(1099) Pause Init Mark (unload classes) 0.137ms
[2021-02-07T17:37:19.264+0300][621.576s][info][gc] GC(1099) Concurrent marking (unload classes) 323.529ms
[2021-02-07T17:37:19.267+0300][621.579s][info][gc] GC(1099) Pause Final Mark (unload classes) 0.219ms
[2021-02-07T17:37:19.272+0300][621.584s][info][gc] GC(1099) Concurrent weak roots 4.681ms
[2021-02-07T17:37:19.272+0300][621.584s][info][gc] GC(1099) Concurrent cleanup 240M->240M(256M) 0.011ms
[2021-02-07T17:37:19.277+0300][621.589s][info][gc] GC(1099) Concurrent class unloading 5.060ms
[2021-02-07T17:37:19.277+0300][621.589s][info][gc] GC(1099) Concurrent strong roots 0.135ms
[2021-02-07T17:37:19.284+0300][621.596s][info][gc] GC(1099) Concurrent evacuation 6.949ms
[2021-02-07T17:37:19.285+0300][621.597s][info][gc] GC(1099) Pause Init Update Refs 0.010ms
[2021-02-07T17:37:19.436+0300][621.749s][info][gc] GC(1099) Concurrent update references 151.643ms
[2021-02-07T17:37:19.439+0300][621.751s][info][gc] GC(1099) Pause Final Update Refs 0.078ms
[2021-02-07T17:37:19.439+0300][621.751s][info][gc] GC(1099) Concurrent cleanup 247M->237M(256M) 0.018ms
[2021-02-07T17:37:19.441+0300][621.753s][info][gc] Trigger: Free (5967K) is below minimum threshold (26214K)
[2021-02-07T17:37:19.441+0300][621.753s][info][gc] GC(1100) Concurrent reset 0.303ms
[2021-02-07T17:37:19.441+0300][621.753s][info][gc] GC(1100) Pause Init Mark (process weakrefs) (unload classes) 0.074ms
[2021-02-07T17:37:19.764+0300][622.076s][info][gc] GC(1100) Concurrent marking (process weakrefs) (unload classes) 322.549ms
[2021-02-07T17:37:19.764+0300][622.076s][info][gc] GC(1100) Concurrent precleaning 0.112ms
[2021-02-07T17:37:19.767+0300][622.079s][info][gc] GC(1100) Pause Final Mark (process weakrefs) (unload classes) 0.446ms
[2021-02-07T17:37:19.773+0300][622.085s][info][gc] GC(1100) Concurrent weak roots 5.387ms
[2021-02-07T17:37:19.773+0300][622.085s][info][gc] GC(1100) Concurrent cleanup 242M->242M(256M) 0.011ms
[2021-02-07T17:37:19.778+0300][622.090s][info][gc] GC(1100) Concurrent class unloading 5.061ms
[2021-02-07T17:37:19.778+0300][622.090s][info][gc] GC(1100) Concurrent strong roots 0.132ms
[2021-02-07T17:37:19.783+0300][622.096s][info][gc] GC(1100) Concurrent evacuation 5.458ms
[2021-02-07T17:37:19.786+0300][622.098s][info][gc] GC(1100) Pause Init Update Refs 0.009ms
[2021-02-07T17:37:19.924+0300][622.236s][info][gc] GC(1100) Concurrent update references 138.147ms
[2021-02-07T17:37:19.927+0300][622.239s][info][gc] GC(1100) Pause Final Update Refs 0.139ms
[2021-02-07T17:37:19.927+0300][622.239s][info][gc] GC(1100) Concurrent cleanup 248M->237M(256M) 0.016ms
[2021-02-07T17:37:19.929+0300][622.241s][info][gc] Trigger: Free (5812K) is below minimum threshold (26214K)
[2021-02-07T17:37:19.929+0300][622.241s][info][gc] GC(1101) Concurrent reset 0.347ms
[2021-02-07T17:37:19.929+0300][622.242s][info][gc] GC(1101) Pause Init Mark (unload classes) 0.116ms
[2021-02-07T17:37:20.254+0300][622.566s][info][gc] GC(1101) Concurrent marking (unload classes) 324.029ms
[2021-02-07T17:37:20.255+0300][622.567s][info][gc] GC(1101) Pause Final Mark (unload classes) 0.432ms
[2021-02-07T17:37:20.261+0300][622.573s][info][gc] GC(1101) Concurrent weak roots 5.488ms
[2021-02-07T17:37:20.261+0300][622.573s][info][gc] GC(1101) Concurrent cleanup 242M->242M(256M) 0.010ms
[2021-02-07T17:37:20.266+0300][622.578s][info][gc] GC(1101) Concurrent class unloading 5.104ms
[2021-02-07T17:37:20.266+0300][622.578s][info][gc] GC(1101) Concurrent strong roots 0.159ms
[2021-02-07T17:37:20.271+0300][622.584s][info][gc] GC(1101) Concurrent evacuation 5.525ms
[2021-02-07T17:37:20.274+0300][622.586s][info][gc] GC(1101) Pause Init Update Refs 0.009ms
[2021-02-07T17:37:20.417+0300][622.730s][info][gc] GC(1101) Concurrent update references 143.523ms
[2021-02-07T17:37:20.418+0300][622.731s][info][gc] GC(1101) Pause Final Update Refs 0.118ms
[2021-02-07T17:37:20.418+0300][622.731s][info][gc] GC(1101) Concurrent cleanup 248M->237M(256M) 0.016ms
[2021-02-07T17:37:20.420+0300][622.732s][info][gc] Trigger: Free (5954K) is below minimum threshold (26214K)
[2021-02-07T17:37:20.420+0300][622.732s][info][gc] GC(1102) Concurrent reset 0.473ms
[2021-02-07T17:37:20.421+0300][622.733s][info][gc] GC(1102) Pause Init Mark (unload classes) 0.098ms
[2021-02-07T17:37:20.744+0300][623.057s][info][gc] GC(1102) Concurrent marking (unload classes) 323.739ms
[2021-02-07T17:37:20.753+0300][623.065s][info][gc] GC(1102) Pause Final Mark (unload classes) 0.426ms
[2021-02-07T17:37:20.757+0300][623.069s][info][gc] GC(1102) Concurrent weak roots 3.410ms
[2021-02-07T17:37:20.757+0300][623.069s][info][gc] GC(1102) Concurrent cleanup 239M->239M(256M) 0.011ms
[2021-02-07T17:37:20.759+0300][623.071s][info][gc] GC(1102) Concurrent class unloading 2.329ms
[2021-02-07T17:37:20.759+0300][623.071s][info][gc] GC(1102) Concurrent strong roots 0.159ms
[2021-02-07T17:37:20.767+0300][623.079s][info][gc] GC(1102) Concurrent evacuation 7.467ms
[2021-02-07T17:37:20.770+0300][623.082s][info][gc] GC(1102) Pause Init Update Refs 0.009ms
[2021-02-07T17:37:20.908+0300][623.220s][info][gc] GC(1102) Concurrent update references 138.234ms
[2021-02-07T17:37:20.909+0300][623.221s][info][gc] GC(1102) Pause Final Update Refs 0.122ms
[2021-02-07T17:37:20.909+0300][623.221s][info][gc] GC(1102) Concurrent cleanup 248M->237M(256M) 0.017ms
[2021-02-07T17:37:20.911+0300][623.223s][info][gc] Trigger: Free (6068K) is below minimum threshold (26214K)
[2021-02-07T17:37:20.911+0300][623.223s][info][gc] GC(1103) Concurrent reset 0.358ms
[2021-02-07T17:37:20.911+0300][623.224s][info][gc] GC(1103) Pause Init Mark (unload classes) 0.128ms
[2021-02-07T17:37:21.252+0300][623.564s][info][gc] GC(1103) Concurrent marking (unload classes) 340.205ms
[2021-02-07T17:37:21.253+0300][623.565s][info][gc] GC(1103) Pause Final Mark (unload classes) 0.438ms
[2021-02-07T17:37:21.259+0300][623.571s][info][gc] GC(1103) Concurrent weak roots 5.220ms
[2021-02-07T17:37:21.259+0300][623.571s][info][gc] GC(1103) Concurrent cleanup 240M->240M(256M) 0.010ms
[2021-02-07T17:37:21.262+0300][623.574s][info][gc] GC(1103) Concurrent class unloading 3.121ms
[2021-02-07T17:37:21.262+0300][623.574s][info][gc] GC(1103) Concurrent strong roots 0.160ms
[2021-02-07T17:37:21.269+0300][623.581s][info][gc] GC(1103) Concurrent evacuation 7.020ms
[2021-02-07T17:37:21.272+0300][623.584s][info][gc] GC(1103) Pause Init Update Refs 0.010ms
[2021-02-07T17:37:21.413+0300][623.725s][info][gc] GC(1103) Concurrent update references 140.901ms
[2021-02-07T17:37:21.413+0300][623.726s][info][gc] GC(1103) Pause Final Update Refs 0.149ms
[2021-02-07T17:37:21.414+0300][623.726s][info][gc] GC(1103) Concurrent cleanup 248M->237M(256M) 0.018ms
[2021-02-07T17:37:21.416+0300][623.728s][info][gc] Trigger: Free (5967K) is below minimum threshold (26214K)
[2021-02-07T17:37:21.416+0300][623.728s][info][gc] GC(1104) Concurrent reset 0.387ms
[2021-02-07T17:37:21.416+0300][623.729s][info][gc] GC(1104) Pause Init Mark (unload classes) 0.118ms
[2021-02-07T17:37:21.756+0300][624.068s][info][gc] GC(1104) Concurrent marking (unload classes) 339.202ms
[2021-02-07T17:37:21.759+0300][624.071s][info][gc] GC(1104) Pause Final Mark (unload classes) 0.428ms
[2021-02-07T17:37:21.765+0300][624.077s][info][gc] GC(1104) Concurrent weak roots 5.261ms
[2021-02-07T17:37:21.765+0300][624.077s][info][gc] GC(1104) Concurrent cleanup 240M->240M(256M) 0.010ms
[2021-02-07T17:37:21.768+0300][624.080s][info][gc] GC(1104) Concurrent class unloading 3.167ms
[2021-02-07T17:37:21.768+0300][624.080s][info][gc] GC(1104) Concurrent strong roots 0.164ms
[2021-02-07T17:37:21.775+0300][624.087s][info][gc] GC(1104) Concurrent evacuation 6.659ms
[2021-02-07T17:37:21.778+0300][624.090s][info][gc] GC(1104) Pause Init Update Refs 0.009ms
[2021-02-07T17:37:21.917+0300][624.229s][info][gc] GC(1104) Concurrent update references 138.695ms
[2021-02-07T17:37:21.920+0300][624.232s][info][gc] GC(1104) Pause Final Update Refs 0.140ms
[2021-02-07T17:37:21.920+0300][624.232s][info][gc] GC(1104) Concurrent cleanup 248M->237M(256M) 0.019ms
[2021-02-07T17:37:21.922+0300][624.234s][info][gc] Trigger: Free (5812K) is below minimum threshold (26214K)
[2021-02-07T17:37:21.922+0300][624.234s][info][gc] GC(1105) Concurrent reset 0.317ms
[2021-02-07T17:37:21.922+0300][624.235s][info][gc] GC(1105) Pause Init Mark (process weakrefs) (unload classes) 0.122ms
[2021-02-07T17:37:22.261+0300][624.574s][info][gc] GC(1105) Concurrent marking (process weakrefs) (unload classes) 338.855ms
[2021-02-07T17:37:22.262+0300][624.574s][info][gc] GC(1105) Concurrent precleaning 0.155ms
[2021-02-07T17:37:22.265+0300][624.577s][info][gc] GC(1105) Pause Final Mark (process weakrefs) (unload classes) 0.443ms
[2021-02-07T17:37:22.271+0300][624.583s][info][gc] GC(1105) Concurrent weak roots 5.301ms
[2021-02-07T17:37:22.271+0300][624.583s][info][gc] GC(1105) Concurrent cleanup 240M->240M(256M) 0.010ms
[2021-02-07T17:37:22.274+0300][624.586s][info][gc] GC(1105) Concurrent class unloading 3.011ms
[2021-02-07T17:37:22.274+0300][624.586s][info][gc] GC(1105) Concurrent strong roots 0.162ms
[2021-02-07T17:37:22.281+0300][624.593s][info][gc] GC(1105) Concurrent evacuation 6.832ms
[2021-02-07T17:37:22.284+0300][624.596s][info][gc] GC(1105) Pause Init Update Refs 0.009ms
[2021-02-07T17:37:22.424+0300][624.736s][info][gc] GC(1105) Concurrent update references 140.053ms
[2021-02-07T17:37:22.425+0300][624.737s][info][gc] GC(1105) Pause Final Update Refs 0.135ms
[2021-02-07T17:37:22.425+0300][624.737s][info][gc] GC(1105) Concurrent cleanup 248M->237M(256M) 0.017ms
[2021-02-07T17:37:22.427+0300][624.739s][info][gc] Trigger: Free (5971K) is below minimum threshold (26214K)
[2021-02-07T17:37:22.427+0300][624.739s][info][gc] GC(1106) Concurrent reset 0.345ms
[2021-02-07T17:37:22.428+0300][624.740s][info][gc] GC(1106) Pause Init Mark (unload classes) 0.105ms
[2021-02-07T17:37:22.752+0300][625.064s][info][gc] GC(1106) Concurrent marking (unload classes) 324.032ms
[2021-02-07T17:37:22.753+0300][625.065s][info][gc] GC(1106) Pause Final Mark (unload classes) 0.418ms
[2021-02-07T17:37:22.758+0300][625.070s][info][gc] GC(1106) Concurrent weak roots 4.800ms
[2021-02-07T17:37:22.758+0300][625.070s][info][gc] GC(1106) Concurrent cleanup 240M->240M(256M) 0.010ms
[2021-02-07T17:37:22.763+0300][625.075s][info][gc] GC(1106) Concurrent class unloading 5.064ms
[2021-02-07T17:37:22.763+0300][625.075s][info][gc] GC(1106) Concurrent strong roots 0.131ms
[2021-02-07T17:37:22.769+0300][625.082s][info][gc] GC(1106) Concurrent evacuation 6.557ms
[2021-02-07T17:37:22.770+0300][625.083s][info][gc] GC(1106) Pause Init Update Refs 0.010ms
[2021-02-07T17:37:22.910+0300][625.222s][info][gc] GC(1106) Concurrent update references 139.412ms
[2021-02-07T17:37:22.927+0300][625.239s][info][gc] GC(1106) Pause Final Update Refs 0.115ms
[2021-02-07T17:37:22.927+0300][625.239s][info][gc] GC(1106) Concurrent cleanup 248M->237M(256M) 0.018ms
[2021-02-07T17:37:22.943+0300][625.255s][info][gc] Trigger: Free (6068K) is below minimum threshold (26214K)
[2021-02-07T17:37:22.943+0300][625.255s][info][gc] GC(1107) Concurrent reset 0.362ms
[2021-02-07T17:37:22.944+0300][625.256s][info][gc] GC(1107) Pause Init Mark (unload classes) 0.124ms
[2021-02-07T17:37:23.281+0300][625.593s][info][gc] GC(1107) Concurrent marking (unload classes) 337.477ms
[2021-02-07T17:37:23.285+0300][625.597s][info][gc] GC(1107) Pause Final Mark (unload classes) 0.434ms
[2021-02-07T17:37:23.289+0300][625.601s][info][gc] GC(1107) Concurrent weak roots 3.291ms
[2021-02-07T17:37:23.289+0300][625.601s][info][gc] GC(1107) Concurrent cleanup 238M->238M(256M) 0.011ms
[2021-02-07T17:37:23.294+0300][625.606s][info][gc] GC(1107) Concurrent class unloading 5.117ms
[2021-02-07T17:37:23.294+0300][625.606s][info][gc] GC(1107) Concurrent strong roots 0.163ms
[2021-02-07T17:37:23.302+0300][625.614s][info][gc] GC(1107) Concurrent evacuation 7.830ms
[2021-02-07T17:37:23.302+0300][625.614s][info][gc] GC(1107) Pause Init Update Refs 0.009ms
[2021-02-07T17:37:23.446+0300][625.758s][info][gc] GC(1107) Concurrent update references 143.433ms
[2021-02-07T17:37:23.449+0300][625.761s][info][gc] GC(1107) Pause Final Update Refs 0.139ms
[2021-02-07T17:37:23.449+0300][625.761s][info][gc] GC(1107) Concurrent cleanup 248M->237M(256M) 0.016ms
[2021-02-07T17:37:23.451+0300][625.763s][info][gc] Trigger: Free (5967K) is below minimum threshold (26214K)
[2021-02-07T17:37:23.451+0300][625.763s][info][gc] GC(1108) Concurrent reset 0.312ms
[2021-02-07T17:37:23.451+0300][625.764s][info][gc] GC(1108) Pause Init Mark (unload classes) 0.112ms
[2021-02-07T17:37:23.776+0300][626.088s][info][gc] GC(1108) Concurrent marking (unload classes) 324.615ms
[2021-02-07T17:37:23.780+0300][626.092s][info][gc] GC(1108) Pause Final Mark (unload classes) 0.445ms
[2021-02-07T17:37:23.795+0300][626.107s][info][gc] GC(1108) Concurrent weak roots 14.279ms
[2021-02-07T17:37:23.795+0300][626.107s][info][gc] GC(1108) Concurrent cleanup 239M->239M(256M) 0.016ms
[2021-02-07T17:37:23.797+0300][626.109s][info][gc] GC(1108) Concurrent class unloading 2.608ms
[2021-02-07T17:37:23.797+0300][626.110s][info][gc] GC(1108) Concurrent strong roots 0.165ms
[2021-02-07T17:37:23.805+0300][626.117s][info][gc] GC(1108) Concurrent evacuation 7.292ms
[2021-02-07T17:37:23.811+0300][626.123s][info][gc] GC(1108) Pause Init Update Refs 0.011ms
[2021-02-07T17:37:23.952+0300][626.264s][info][gc] GC(1108) Concurrent update references 140.840ms
[2021-02-07T17:37:23.955+0300][626.267s][info][gc] GC(1108) Pause Final Update Refs 0.086ms
[2021-02-07T17:37:23.955+0300][626.267s][info][gc] GC(1108) Concurrent cleanup 248M->236M(256M) 0.023ms
[2021-02-07T17:37:23.971+0300][626.283s][info][gc] Trigger: Free (6068K) is below minimum threshold (26214K)
[2021-02-07T17:37:23.971+0300][626.283s][info][gc] GC(1109) Concurrent reset 0.400ms
[2021-02-07T17:37:23.972+0300][626.284s][info][gc] GC(1109) Pause Init Mark (unload classes) 0.130ms
[2021-02-07T17:37:24.294+0300][626.606s][info][gc] GC(1109) Concurrent marking (unload classes) 322.439ms
[2021-02-07T17:37:24.296+0300][626.607s][info][gc] GC(1109) Pause Final Mark (unload classes) 0.423ms
[2021-02-07T17:37:24.296+0300][626.608s][info][gc] GC(1109) Concurrent weak roots 0.579ms
[2021-02-07T17:37:24.296+0300][626.608s][info][gc] GC(1109) Concurrent cleanup 238M->238M(256M) 0.009ms
[2021-02-07T17:37:24.298+0300][626.610s][info][gc] GC(1109) Concurrent class unloading 2.211ms
[2021-02-07T17:37:24.299+0300][626.610s][info][gc] GC(1109) Concurrent strong roots 0.173ms
[2021-02-07T17:37:24.306+0300][626.618s][info][gc] GC(1109) Concurrent evacuation 7.570ms
[2021-02-07T17:37:24.306+0300][626.618s][info][gc] GC(1109) Pause Init Update Refs 0.009ms
[2021-02-07T17:37:24.446+0300][626.758s][info][gc] GC(1109) Concurrent update references 139.620ms
[2021-02-07T17:37:24.446+0300][626.758s][info][gc] GC(1109) Pause Final Update Refs 0.116ms
[2021-02-07T17:37:24.447+0300][626.758s][info][gc] GC(1109) Concurrent cleanup 253M->242M(256M) 0.014ms
[2021-02-07T17:37:24.449+0300][626.760s][info][gc] Trigger: Free (569K) is below minimum threshold (26214K)
[2021-02-07T17:37:24.449+0300][626.760s][info][gc] GC(1110) Concurrent reset 0.314ms
[2021-02-07T17:37:24.449+0300][626.761s][info][gc] GC(1110) Pause Init Mark (process weakrefs) (unload classes) 0.135ms
[2021-02-07T17:37:24.791+0300][627.103s][info][gc] GC(1110) Concurrent marking (process weakrefs) (unload classes) 341.666ms
[2021-02-07T17:37:24.791+0300][627.103s][info][gc] GC(1110) Concurrent precleaning 0.130ms
[2021-02-07T17:37:24.792+0300][627.103s][info][gc] GC(1110) Pause Final Mark (process weakrefs) (unload classes) 0.422ms
[2021-02-07T17:37:24.793+0300][627.104s][info][gc] GC(1110) Concurrent weak roots 0.563ms
[2021-02-07T17:37:24.793+0300][627.104s][info][gc] GC(1110) Concurrent cleanup 242M->242M(256M) 0.008ms
[2021-02-07T17:37:24.795+0300][627.106s][info][gc] GC(1110) Concurrent class unloading 2.138ms
[2021-02-07T17:37:24.795+0300][627.106s][info][gc] GC(1110) Concurrent strong roots 0.158ms
[2021-02-07T17:37:24.802+0300][627.114s][info][gc] GC(1110) Concurrent evacuation 7.619ms
[2021-02-07T17:37:24.803+0300][627.114s][info][gc] GC(1110) Pause Init Update Refs 0.008ms
[2021-02-07T17:37:24.945+0300][627.256s][info][gc] GC(1110) Concurrent update references 141.783ms
[2021-02-07T17:37:24.945+0300][627.256s][info][gc] GC(1110) Pause Final Update Refs 0.145ms
[2021-02-07T17:37:24.945+0300][627.257s][info][gc] GC(1110) Concurrent cleanup 253M->242M(256M) 0.013ms
[2021-02-07T17:37:24.947+0300][627.258s][info][gc] Trigger: Free (522K) is below minimum threshold (26214K)
[2021-02-07T17:37:24.947+0300][627.258s][info][gc] GC(1111) Concurrent reset 0.320ms
[2021-02-07T17:37:24.947+0300][627.259s][info][gc] GC(1111) Pause Init Mark (unload classes) 0.126ms
[2021-02-07T17:37:25.265+0300][627.577s][info][gc] GC(1111) Concurrent marking (unload classes) 317.887ms
[2021-02-07T17:37:25.266+0300][627.577s][info][gc] GC(1111) Pause Final Mark (unload classes) 0.382ms
[2021-02-07T17:37:25.266+0300][627.578s][info][gc] GC(1111) Concurrent weak roots 0.570ms
[2021-02-07T17:37:25.267+0300][627.578s][info][gc] GC(1111) Concurrent cleanup 242M->242M(256M) 0.007ms
[2021-02-07T17:37:25.269+0300][627.580s][info][gc] GC(1111) Concurrent class unloading 2.317ms
[2021-02-07T17:37:25.269+0300][627.580s][info][gc] GC(1111) Concurrent strong roots 0.168ms
[2021-02-07T17:37:25.277+0300][627.588s][info][gc] GC(1111) Concurrent evacuation 7.636ms
[2021-02-07T17:37:25.277+0300][627.588s][info][gc] GC(1111) Pause Init Update Refs 0.009ms
[2021-02-07T17:37:25.420+0300][627.732s][info][gc] GC(1111) Concurrent update references 143.341ms
[2021-02-07T17:37:25.421+0300][627.732s][info][gc] GC(1111) Pause Final Update Refs 0.110ms
[2021-02-07T17:37:25.421+0300][627.732s][info][gc] GC(1111) Concurrent cleanup 253M->242M(256M) 0.014ms
[2021-02-07T17:37:25.423+0300][627.734s][info][gc] Trigger: Free (18712B) is below minimum threshold (26214K)
[2021-02-07T17:37:25.423+0300][627.734s][info][gc] GC(1112) Concurrent reset 0.321ms
[2021-02-07T17:37:25.423+0300][627.735s][info][gc] GC(1112) Pause Init Mark (unload classes) 0.138ms
[2021-02-07T17:37:25.443+0300][627.754s][info][gc] Failed to allocate Shared, 1040B
[2021-02-07T17:37:25.443+0300][627.754s][info][gc] Cancelling GC: Allocation Failure
[2021-02-07T17:37:25.443+0300][627.754s][info][gc] GC(1112) Concurrent marking (unload classes) 19.313ms
[2021-02-07T17:37:25.446+0300][627.757s][info][gc] Trigger: Handle Allocation Failure
[2021-02-07T17:37:25.598+0300][627.910s][info][gc] GC(1113) Cancelling GC: Upgrade To Full GC
[2021-02-07T17:37:25.851+0300][628.163s][info][gc] GC(1113) Pause Degenerated GC (Mark) 242M->242M(256M) 405.382ms
[2021-02-07T17:37:25.853+0300][628.164s][info][gc] Trigger: Free (362K) is below minimum threshold (26214K)
[2021-02-07T17:37:25.853+0300][628.164s][info][gc] GC(1114) Concurrent reset 0.060ms
[2021-02-07T17:37:25.853+0300][628.164s][info][gc] Failed to allocate TLAB, 2648B
[2021-02-07T17:37:25.853+0300][628.164s][info][gc] Cancelling GC: Allocation Failure
[2021-02-07T17:37:25.853+0300][628.164s][info][gc] GC(1114) Pause Init Mark (unload classes) 0.126ms
[2021-02-07T17:37:25.853+0300][628.165s][info][gc] GC(1114) Concurrent marking (unload classes) 0.177ms
[2021-02-07T17:37:25.855+0300][628.166s][info][gc] Trigger: Handle Allocation Failure
[2021-02-07T17:37:26.018+0300][628.329s][info][gc] GC(1115) Cancelling GC: Upgrade To Full GC
[2021-02-07T17:37:26.271+0300][628.582s][info][gc] GC(1115) Pause Degenerated GC (Mark) 242M->242M(256M) 416.005ms
[2021-02-07T17:37:26.273+0300][628.584s][info][gc] Trigger: Free (217K) is below minimum threshold (26214K)
[2021-02-07T17:37:26.273+0300][628.584s][info][gc] GC(1116) Concurrent reset 0.100ms
[2021-02-07T17:37:26.273+0300][628.584s][info][gc] GC(1116) Pause Init Mark (unload classes) 0.096ms
[2021-02-07T17:37:26.430+0300][628.741s][info][gc] Failed to allocate TLAB, 2648B
[2021-02-07T17:37:26.430+0300][628.741s][info][gc] Cancelling GC: Allocation Failure
[2021-02-07T17:37:26.430+0300][628.741s][info][gc] GC(1116) Concurrent marking (unload classes) 156.687ms
[2021-02-07T17:37:26.432+0300][628.743s][info][gc] Trigger: Handle Allocation Failure
[2021-02-07T17:37:26.546+0300][628.857s][info][gc] GC(1117) Cancelling GC: Upgrade To Full GC
[2021-02-07T17:37:26.804+0300][629.116s][info][gc] GC(1117) Pause Degenerated GC (Mark) 242M->242M(256M) 372.528ms
[2021-02-07T17:37:26.806+0300][629.117s][info][gc] Trigger: Free (99936B) is below minimum threshold (26214K)
[2021-02-07T17:37:26.806+0300][629.117s][info][gc] GC(1118) Concurrent reset 0.057ms
[2021-02-07T17:37:26.806+0300][629.117s][info][gc] GC(1118) Pause Init Mark (unload classes) 0.130ms
[2021-02-07T17:37:26.892+0300][629.203s][info][gc] Failed to allocate TLAB, 3848B
[2021-02-07T17:37:26.892+0300][629.203s][info][gc] Cancelling GC: Allocation Failure
[2021-02-07T17:37:26.892+0300][629.203s][info][gc] GC(1118) Concurrent marking (unload classes) 85.667ms
[2021-02-07T17:37:26.894+0300][629.205s][info][gc] Trigger: Handle Allocation Failure
[2021-02-07T17:37:27.028+0300][629.339s][info][gc] GC(1119) Cancelling GC: Upgrade To Full GC
[2021-02-07T17:37:27.282+0300][629.593s][info][gc] GC(1119) Pause Degenerated GC (Mark) 242M->242M(256M) 387.857ms
[2021-02-07T17:37:27.282+0300][629.593s][info][gc] Failed to allocate TLAB, 2664B
[2021-02-07T17:37:27.282+0300][629.593s][info][gc] Cancelling GC: Allocation Failure
[2021-02-07T17:37:27.284+0300][629.595s][info][gc] Trigger: Handle Allocation Failure
[2021-02-07T17:37:27.537+0300][629.849s][info][gc] GC(1120) Pause Full 242M->242M(256M) 253.609ms
[2021-02-07T17:37:27.538+0300][629.849s][info][gc] Failed to allocate TLAB, 3560B
[2021-02-07T17:37:27.538+0300][629.849s][info][gc] Cancelling GC: Allocation Failure
[2021-02-07T17:37:27.541+0300][629.852s][info][gc] Trigger: Handle Allocation Failure
[2021-02-07T17:37:27.707+0300][630.018s][info][gc] GC(1121) Cancelling GC: Upgrade To Full GC
[2021-02-07T17:37:27.965+0300][630.276s][info][gc] GC(1121) Pause Degenerated GC (Outside of Cycle) 242M->242M(256M) 423.932ms
[2021-02-07T17:37:27.965+0300][630.276s][info][gc] Failed to allocate TLAB, 2640B
[2021-02-07T17:37:27.965+0300][630.276s][info][gc] Cancelling GC: Allocation Failure
[2021-02-07T17:37:27.967+0300][630.278s][info][gc] Trigger: Handle Allocation Failure
[2021-02-07T17:37:28.132+0300][630.443s][info][gc] GC(1122) Cancelling GC: Upgrade To Full GC
[2021-02-07T17:37:28.386+0300][630.698s][info][gc] GC(1122) Pause Degenerated GC (Outside of Cycle) 242M->242M(256M) 419.647ms
[2021-02-07T17:37:28.387+0300][630.698s][info][gc] Failed to allocate TLAB, 2648B
[2021-02-07T17:37:28.387+0300][630.698s][info][gc] Cancelling GC: Allocation Failure
[2021-02-07T17:37:28.389+0300][630.700s][info][gc] Trigger: Handle Allocation Failure
[2021-02-07T17:37:28.553+0300][630.865s][info][gc] GC(1123) Cancelling GC: Upgrade To Full GC
[2021-02-07T17:37:28.813+0300][631.124s][info][gc] GC(1123) Pause Degenerated GC (Outside of Cycle) 243M->243M(256M) 423.913ms
[2021-02-07T17:37:28.813+0300][631.124s][info][gc] Failed to allocate TLAB, 2648B
[2021-02-07T17:37:28.813+0300][631.124s][info][gc] Cancelling GC: Allocation Failure
[2021-02-07T17:37:28.815+0300][631.126s][info][gc] Trigger: Handle Allocation Failure
[2021-02-07T17:37:28.976+0300][631.288s][info][gc] GC(1124) Cancelling GC: Upgrade To Full GC
[2021-02-07T17:37:29.232+0300][631.544s][info][gc] GC(1124) Pause Degenerated GC (Outside of Cycle) 243M->243M(256M) 417.665ms
[2021-02-07T17:37:29.233+0300][631.544s][info][gc] Failed to allocate TLAB, 2648B
[2021-02-07T17:37:29.233+0300][631.544s][info][gc] Cancelling GC: Allocation Failure
[2021-02-07T17:37:29.248+0300][631.559s][info][gc] Trigger: Handle Allocation Failure
[2021-02-07T17:37:29.507+0300][631.819s][info][gc] GC(1125) Pause Full 243M->243M(256M) 259.488ms
[2021-02-07T17:37:29.508+0300][631.819s][info][gc] Failed to allocate TLAB, 2648B
[2021-02-07T17:37:29.508+0300][631.819s][info][gc] Cancelling GC: Allocation Failure
[2021-02-07T17:37:29.511+0300][631.822s][info][gc] Trigger: Handle Allocation Failure
[2021-02-07T17:37:29.673+0300][631.984s][info][gc] GC(1126) Cancelling GC: Upgrade To Full GC
[2021-02-07T17:37:29.932+0300][632.243s][info][gc] GC(1126) Pause Degenerated GC (Outside of Cycle) 243M->243M(256M) 421.029ms
[2021-02-07T17:37:29.932+0300][632.244s][info][gc] Failed to allocate TLAB, 2664B
[2021-02-07T17:37:29.932+0300][632.244s][info][gc] Cancelling GC: Allocation Failure
[2021-02-07T17:37:29.934+0300][632.245s][info][gc] Trigger: Handle Allocation Failure
[2021-02-07T17:37:30.098+0300][632.409s][info][gc] GC(1127) Cancelling GC: Upgrade To Full GC
[2021-02-07T17:37:30.354+0300][632.666s][info][gc] GC(1127) Pause Degenerated GC (Outside of Cycle) 243M->243M(256M) 420.365ms
[2021-02-07T17:37:30.354+0300][632.666s][info][gc] Failed to allocate TLAB, 2648B
[2021-02-07T17:37:30.354+0300][632.666s][info][gc] Cancelling GC: Allocation Failure
[2021-02-07T17:37:30.356+0300][632.667s][info][gc] Trigger: Handle Allocation Failure
[2021-02-07T17:37:30.522+0300][632.833s][info][gc] GC(1128) Cancelling GC: Upgrade To Full GC
[2021-02-07T17:37:30.780+0300][633.092s][info][gc] GC(1128) Pause Degenerated GC (Outside of Cycle) 243M->243M(256M) 424.518ms
[2021-02-07T17:37:30.781+0300][633.092s][info][gc] Failed to allocate TLAB, 2648B
[2021-02-07T17:37:30.781+0300][633.092s][info][gc] Cancelling GC: Allocation Failure
[2021-02-07T17:37:30.782+0300][633.093s][info][gc] Trigger: Handle Allocation Failure
[2021-02-07T17:37:30.945+0300][633.256s][info][gc] GC(1129) Cancelling GC: Upgrade To Full GC
[2021-02-07T17:37:31.199+0300][633.510s][info][gc] GC(1129) Pause Degenerated GC (Outside of Cycle) 244M->244M(256M) 417.016ms
[2021-02-07T17:37:31.199+0300][633.510s][info][gc] Failed to allocate TLAB, 2648B
[2021-02-07T17:37:31.199+0300][633.511s][info][gc] Cancelling GC: Allocation Failure
[2021-02-07T17:37:31.201+0300][633.512s][info][gc] Trigger: Handle Allocation Failure
[2021-02-07T17:37:31.459+0300][633.770s][info][gc] GC(1130) Pause Full 244M->244M(256M) 257.771ms
[2021-02-07T17:37:31.459+0300][633.770s][info][gc] Failed to allocate TLAB, 5272B
[2021-02-07T17:37:31.459+0300][633.770s][info][gc] Cancelling GC: Allocation Failure
[2021-02-07T17:37:31.464+0300][633.775s][info][gc] Trigger: Handle Allocation Failure
[2021-02-07T17:37:31.628+0300][633.939s][info][gc] GC(1131) Cancelling GC: Upgrade To Full GC
[2021-02-07T17:37:31.886+0300][634.198s][info][gc] GC(1131) Pause Degenerated GC (Outside of Cycle) 244M->244M(256M) 422.339ms
[2021-02-07T17:37:31.886+0300][634.198s][info][gc] Failed to allocate TLAB, 2648B
[2021-02-07T17:37:31.886+0300][634.198s][info][gc] Cancelling GC: Allocation Failure
[2021-02-07T17:37:31.888+0300][634.199s][info][gc] Trigger: Handle Allocation Failure
[2021-02-07T17:37:32.052+0300][634.364s][info][gc] GC(1132) Cancelling GC: Upgrade To Full GC
[2021-02-07T17:37:32.308+0300][634.619s][info][gc] GC(1132) Pause Degenerated GC (Outside of Cycle) 244M->244M(256M) 420.086ms
[2021-02-07T17:37:32.308+0300][634.619s][info][gc] Failed to allocate TLAB, 2648B
[2021-02-07T17:37:32.308+0300][634.619s][info][gc] Cancelling GC: Allocation Failure
[2021-02-07T17:37:32.310+0300][634.621s][info][gc] Trigger: Handle Allocation Failure
[2021-02-07T17:37:32.475+0300][634.786s][info][gc] GC(1133) Cancelling GC: Upgrade To Full GC
[2021-02-07T17:37:32.730+0300][635.041s][info][gc] GC(1133) Pause Degenerated GC (Outside of Cycle) 244M->244M(256M) 420.034ms
[2021-02-07T17:37:32.730+0300][635.041s][info][gc] Failed to allocate TLAB, 2648B
[2021-02-07T17:37:32.730+0300][635.041s][info][gc] Cancelling GC: Allocation Failure
[2021-02-07T17:37:32.734+0300][635.045s][info][gc] Trigger: Handle Allocation Failure
[2021-02-07T17:37:32.897+0300][635.209s][info][gc] GC(1134) Cancelling GC: Upgrade To Full GC
[2021-02-07T17:37:33.155+0300][635.466s][info][gc] GC(1134) Pause Degenerated GC (Outside of Cycle) 244M->244M(256M) 420.978ms
[2021-02-07T17:37:33.155+0300][635.466s][info][gc] Failed to allocate TLAB, 2664B
[2021-02-07T17:37:33.155+0300][635.466s][info][gc] Cancelling GC: Allocation Failure
[2021-02-07T17:37:33.157+0300][635.468s][info][gc] Trigger: Handle Allocation Failure
[2021-02-07T17:37:33.410+0300][635.722s][info][gc] GC(1135) Pause Full 245M->245M(256M) 253.428ms
[2021-02-07T17:37:33.410+0300][635.722s][info][gc] Failed to allocate TLAB, 4176B
[2021-02-07T17:37:33.410+0300][635.722s][info][gc] Cancelling GC: Allocation Failure
[2021-02-07T17:37:33.413+0300][635.724s][info][gc] Trigger: Handle Allocation Failure
[2021-02-07T17:37:33.578+0300][635.890s][info][gc] GC(1136) Cancelling GC: Upgrade To Full GC
[2021-02-07T17:37:33.835+0300][636.147s][info][gc] GC(1136) Pause Degenerated GC (Outside of Cycle) 245M->245M(256M) 422.351ms
[2021-02-07T17:37:33.835+0300][636.147s][info][gc] Failed to allocate TLAB, 2664B
[2021-02-07T17:37:33.835+0300][636.147s][info][gc] Cancelling GC: Allocation Failure
[2021-02-07T17:37:33.837+0300][636.148s][info][gc] Trigger: Handle Allocation Failure
[2021-02-07T17:37:33.950+0300][636.262s][info][gc] GC(1137) Cancelling GC: Allocation Failure During Evacuation
[2021-02-07T17:37:33.951+0300][636.262s][info][gc] GC(1137) Cannot finish degeneration, upgrading to Full GC
[2021-02-07T17:37:34.216+0300][636.527s][info][gc] GC(1137) Pause Degenerated GC (Outside of Cycle) 245M->245M(256M) 379.201ms
[2021-02-07T17:37:34.216+0300][636.528s][info][gc] Failed to allocate TLAB, 2648B
[2021-02-07T17:37:34.216+0300][636.528s][info][gc] Cancelling GC: Allocation Failure
[2021-02-07T17:37:34.220+0300][636.531s][info][gc] Trigger: Handle Allocation Failure
[2021-02-07T17:37:34.335+0300][636.646s][info][gc] GC(1138) Cancelling GC: Allocation Failure During Evacuation
[2021-02-07T17:37:34.337+0300][636.648s][info][gc] GC(1138) Cannot finish degeneration, upgrading to Full GC
[2021-02-07T17:37:34.605+0300][636.916s][info][gc] GC(1138) Pause Degenerated GC (Outside of Cycle) 245M->245M(256M) 384.851ms
[2021-02-07T17:37:34.605+0300][636.916s][info][gc] Failed to allocate TLAB, 2648B
[2021-02-07T17:37:34.605+0300][636.916s][info][gc] Cancelling GC: Allocation Failure
[2021-02-07T17:37:34.607+0300][636.918s][info][gc] Trigger: Handle Allocation Failure
[2021-02-07T17:37:34.720+0300][637.032s][info][gc] GC(1139) Cancelling GC: Allocation Failure During Evacuation
[2021-02-07T17:37:34.722+0300][637.033s][info][gc] GC(1139) Cannot finish degeneration, upgrading to Full GC
[2021-02-07T17:37:34.990+0300][637.301s][info][gc] GC(1139) Pause Degenerated GC (Outside of Cycle) 245M->245M(256M) 382.678ms
[2021-02-07T17:37:34.990+0300][637.301s][info][gc] Failed to allocate TLAB, 2648B
[2021-02-07T17:37:34.990+0300][637.301s][info][gc] Cancelling GC: Allocation Failure
[2021-02-07T17:37:34.992+0300][637.303s][info][gc] Trigger: Handle Allocation Failure
[2021-02-07T17:37:35.248+0300][637.559s][info][gc] GC(1140) Pause Full 245M->245M(256M) 256.206ms
[2021-02-07T17:37:35.248+0300][637.560s][info][gc] Failed to allocate TLAB, 2664B
[2021-02-07T17:37:35.248+0300][637.560s][info][gc] Cancelling GC: Allocation Failure
[2021-02-07T17:37:35.251+0300][637.562s][info][gc] Trigger: Handle Allocation Failure
[2021-02-07T17:37:35.364+0300][637.676s][info][gc] GC(1141) Cancelling GC: Allocation Failure During Evacuation
[2021-02-07T17:37:35.366+0300][637.677s][info][gc] GC(1141) Cannot finish degeneration, upgrading to Full GC
[2021-02-07T17:37:35.635+0300][637.946s][info][gc] GC(1141) Pause Degenerated GC (Outside of Cycle) 245M->245M(256M) 383.683ms
[2021-02-07T17:37:35.635+0300][637.946s][info][gc] Failed to allocate TLAB, 2648B
[2021-02-07T17:37:35.635+0300][637.946s][info][gc] Cancelling GC: Allocation Failure
[2021-02-07T17:37:35.637+0300][637.948s][info][gc] Trigger: Handle Allocation Failure
[2021-02-07T17:37:35.751+0300][638.063s][info][gc] GC(1142) Cancelling GC: Allocation Failure During Evacuation
[2021-02-07T17:37:35.753+0300][638.064s][info][gc] GC(1142) Cannot finish degeneration, upgrading to Full GC
[2021-02-07T17:37:36.023+0300][638.334s][info][gc] GC(1142) Pause Degenerated GC (Outside of Cycle) 245M->245M(256M) 385.798ms
[2021-02-07T17:37:36.023+0300][638.334s][info][gc] Failed to allocate TLAB, 2648B
[2021-02-07T17:37:36.023+0300][638.334s][info][gc] Cancelling GC: Allocation Failure
[2021-02-07T17:37:36.025+0300][638.336s][info][gc] Trigger: Handle Allocation Failure
[2021-02-07T17:37:36.140+0300][638.452s][info][gc] GC(1143) Cancelling GC: Allocation Failure During Evacuation
[2021-02-07T17:37:36.151+0300][638.462s][info][gc] GC(1143) Cannot finish degeneration, upgrading to Full GC
[2021-02-07T17:37:36.417+0300][638.728s][info][gc] GC(1143) Pause Degenerated GC (Outside of Cycle) 245M->245M(256M) 391.742ms
[2021-02-07T17:37:36.417+0300][638.728s][info][gc] Failed to allocate TLAB, 2648B
[2021-02-07T17:37:36.417+0300][638.728s][info][gc] Cancelling GC: Allocation Failure
[2021-02-07T17:37:36.420+0300][638.731s][info][gc] Trigger: Handle Allocation Failure
[2021-02-07T17:37:36.539+0300][638.850s][info][gc] GC(1144) Cancelling GC: Allocation Failure During Evacuation
[2021-02-07T17:37:36.548+0300][638.859s][info][gc] GC(1144) Cannot finish degeneration, upgrading to Full GC
[2021-02-07T17:37:36.820+0300][639.131s][info][gc] GC(1144) Pause Degenerated GC (Outside of Cycle) 245M->245M(256M) 400.126ms
[2021-02-07T17:37:36.820+0300][639.131s][info][gc] Failed to allocate TLAB, 2664B
[2021-02-07T17:37:36.820+0300][639.131s][info][gc] Cancelling GC: Allocation Failure
[2021-02-07T17:37:36.836+0300][639.147s][info][gc] Trigger: Handle Allocation Failure
[2021-02-07T17:37:37.092+0300][639.404s][info][gc] GC(1145) Pause Full 246M->246M(256M) 256.664ms
[2021-02-07T17:37:37.093+0300][639.404s][info][gc] Failed to allocate TLAB, 3664B
[2021-02-07T17:37:37.093+0300][639.404s][info][gc] Cancelling GC: Allocation Failure
[2021-02-07T17:37:37.096+0300][639.407s][info][gc] Trigger: Handle Allocation Failure
[2021-02-07T17:37:37.213+0300][639.524s][info][gc] GC(1146) Cancelling GC: Allocation Failure During Evacuation
[2021-02-07T17:37:37.215+0300][639.526s][info][gc] GC(1146) Cannot finish degeneration, upgrading to Full GC
[2021-02-07T17:37:37.490+0300][639.801s][info][gc] GC(1146) Pause Degenerated GC (Outside of Cycle) 246M->246M(256M) 393.762ms
[2021-02-07T17:37:37.490+0300][639.801s][info][gc] Failed to allocate TLAB, 2648B
[2021-02-07T17:37:37.490+0300][639.801s][info][gc] Cancelling GC: Allocation Failure
[2021-02-07T17:37:37.492+0300][639.803s][info][gc] Trigger: Handle Allocation Failure
[2021-02-07T17:37:37.609+0300][639.920s][info][gc] GC(1147) Cancelling GC: Allocation Failure During Evacuation
[2021-02-07T17:37:37.611+0300][639.922s][info][gc] GC(1147) Cannot finish degeneration, upgrading to Full GC
[2021-02-07T17:37:37.890+0300][640.202s][info][gc] GC(1147) Pause Degenerated GC (Outside of Cycle) 246M->246M(256M) 398.586ms
[2021-02-07T17:37:37.891+0300][640.202s][info][gc] Failed to allocate TLAB, 2648B
[2021-02-07T17:37:37.891+0300][640.202s][info][gc] Cancelling GC: Allocation Failure
[2021-02-07T17:37:37.893+0300][640.204s][info][gc] Trigger: Handle Allocation Failure
[2021-02-07T17:37:38.011+0300][640.323s][info][gc] GC(1148) Cancelling GC: Allocation Failure During Evacuation
[2021-02-07T17:37:38.013+0300][640.324s][info][gc] GC(1148) Cannot finish degeneration, upgrading to Full GC
[2021-02-07T17:37:38.281+0300][640.592s][info][gc] GC(1148) Pause Degenerated GC (Outside of Cycle) 246M->246M(256M) 388.282ms
[2021-02-07T17:37:38.281+0300][640.593s][info][gc] Failed to allocate TLAB, 2640B
[2021-02-07T17:37:38.281+0300][640.593s][info][gc] Cancelling GC: Allocation Failure
[2021-02-07T17:37:38.283+0300][640.594s][info][gc] Trigger: Handle Allocation Failure
[2021-02-07T17:37:38.401+0300][640.712s][info][gc] GC(1149) Cancelling GC: Allocation Failure During Evacuation
[2021-02-07T17:37:38.403+0300][640.714s][info][gc] GC(1149) Cannot finish degeneration, upgrading to Full GC
[2021-02-07T17:37:38.676+0300][640.988s][info][gc] GC(1149) Pause Degenerated GC (Outside of Cycle) 246M->246M(256M) 393.506ms
[2021-02-07T17:37:38.676+0300][640.988s][info][gc] Failed to allocate TLAB, 2664B
[2021-02-07T17:37:38.676+0300][640.988s][info][gc] Cancelling GC: Allocation Failure
[2021-02-07T17:37:38.678+0300][640.989s][info][gc] Trigger: Handle Allocation Failure
[2021-02-07T17:37:38.940+0300][641.252s][info][gc] GC(1150) Pause Full 246M->246M(256M) 262.497ms
[2021-02-07T17:37:38.940+0300][641.252s][info][gc] Failed to allocate TLAB, 2648B
[2021-02-07T17:37:38.940+0300][641.252s][info][gc] Cancelling GC: Allocation Failure
[2021-02-07T17:37:38.943+0300][641.254s][info][gc] Trigger: Handle Allocation Failure
[2021-02-07T17:37:39.059+0300][641.370s][info][gc] GC(1151) Cancelling GC: Allocation Failure During Evacuation
[2021-02-07T17:37:39.061+0300][641.372s][info][gc] GC(1151) Cannot finish degeneration, upgrading to Full GC
[2021-02-07T17:37:39.335+0300][641.647s][info][gc] GC(1151) Pause Degenerated GC (Outside of Cycle) 246M->246M(256M) 392.723ms
[2021-02-07T17:37:39.336+0300][641.647s][info][gc] Failed to allocate TLAB, 2648B
[2021-02-07T17:37:39.336+0300][641.647s][info][gc] Cancelling GC: Allocation Failure
[2021-02-07T17:37:39.338+0300][641.649s][info][gc] Trigger: Handle Allocation Failure
[2021-02-07T17:37:39.452+0300][641.763s][info][gc] GC(1152) Cancelling GC: Allocation Failure During Evacuation
[2021-02-07T17:37:39.454+0300][641.765s][info][gc] GC(1152) Cannot finish degeneration, upgrading to Full GC
[2021-02-07T17:37:39.722+0300][642.034s][info][gc] GC(1152) Pause Degenerated GC (Outside of Cycle) 246M->246M(256M) 384.530ms
[2021-02-07T17:37:39.722+0300][642.034s][info][gc] Failed to allocate TLAB, 2648B
[2021-02-07T17:37:39.722+0300][642.034s][info][gc] Cancelling GC: Allocation Failure
[2021-02-07T17:37:39.724+0300][642.035s][info][gc] Trigger: Handle Allocation Failure
[2021-02-07T17:37:39.839+0300][642.151s][info][gc] GC(1153) Cancelling GC: Allocation Failure During Evacuation
[2021-02-07T17:37:39.841+0300][642.152s][info][gc] GC(1153) Cannot finish degeneration, upgrading to Full GC
[2021-02-07T17:37:40.109+0300][642.420s][info][gc] GC(1153) Pause Degenerated GC (Outside of Cycle) 246M->246M(256M) 385.240ms
[2021-02-07T17:37:40.109+0300][642.421s][info][gc] Failed to allocate TLAB, 2640B
[2021-02-07T17:37:40.109+0300][642.421s][info][gc] Cancelling GC: Allocation Failure
[2021-02-07T17:37:40.117+0300][642.428s][info][gc] Trigger: Handle Allocation Failure
[2021-02-07T17:37:40.236+0300][642.547s][info][gc] GC(1154) Cancelling GC: Allocation Failure During Evacuation
[2021-02-07T17:37:40.244+0300][642.555s][info][gc] GC(1154) Cannot finish degeneration, upgrading to Full GC
[2021-02-07T17:37:40.516+0300][642.827s][info][gc] GC(1154) Pause Degenerated GC (Outside of Cycle) 246M->246M(256M) 399.071ms
[2021-02-07T17:37:40.516+0300][642.827s][info][gc] Failed to allocate TLAB, 2664B
[2021-02-07T17:37:40.516+0300][642.828s][info][gc] Cancelling GC: Allocation Failure
[2021-02-07T17:37:40.530+0300][642.841s][info][gc] Trigger: Handle Allocation Failure
[2021-02-07T17:37:40.790+0300][643.101s][info][gc] GC(1155) Pause Full 246M->246M(256M) 260.189ms
[2021-02-07T17:37:40.790+0300][643.102s][info][gc] Failed to allocate TLAB, 2648B
[2021-02-07T17:37:40.790+0300][643.102s][info][gc] Cancelling GC: Allocation Failure
[2021-02-07T17:37:40.802+0300][643.113s][info][gc] Trigger: Handle Allocation Failure
[2021-02-07T17:37:40.916+0300][643.228s][info][gc] GC(1156) Cancelling GC: Allocation Failure During Evacuation
[2021-02-07T17:37:40.916+0300][643.228s][info][gc] GC(1156) Cannot finish degeneration, upgrading to Full GC
[2021-02-07T17:37:41.181+0300][643.492s][info][gc] GC(1156) Pause Degenerated GC (Outside of Cycle) 246M->246M(256M) 378.962ms
[2021-02-07T17:37:41.181+0300][643.492s][info][gc] Failed to allocate TLAB, 2696B
[2021-02-07T17:37:41.181+0300][643.492s][info][gc] Cancelling GC: Allocation Failure
[2021-02-07T17:37:41.184+0300][643.495s][info][gc] Trigger: Handle Allocation Failure
[2021-02-07T17:37:41.299+0300][643.610s][info][gc] GC(1157) Cancelling GC: Allocation Failure During Evacuation
[2021-02-07T17:37:41.301+0300][643.612s][info][gc] GC(1157) Cannot finish degeneration, upgrading to Full GC
[2021-02-07T17:37:41.574+0300][643.886s][info][gc] GC(1157) Pause Degenerated GC (Outside of Cycle) 246M->246M(256M) 390.676ms
[2021-02-07T17:37:41.574+0300][643.886s][info][gc] Failed to allocate TLAB, 2648B
[2021-02-07T17:37:41.574+0300][643.886s][info][gc] Cancelling GC: Allocation Failure
[2021-02-07T17:37:41.576+0300][643.887s][info][gc] Trigger: Handle Allocation Failure
[2021-02-07T17:37:41.689+0300][644.001s][info][gc] GC(1158) Cancelling GC: Allocation Failure During Evacuation
[2021-02-07T17:37:41.691+0300][644.002s][info][gc] GC(1158) Cannot finish degeneration, upgrading to Full GC
[2021-02-07T17:37:41.963+0300][644.274s][info][gc] GC(1158) Pause Degenerated GC (Outside of Cycle) 246M->246M(256M) 387.248ms
[2021-02-07T17:37:41.963+0300][644.275s][info][gc] Failed to allocate TLAB, 2664B
[2021-02-07T17:37:41.963+0300][644.275s][info][gc] Cancelling GC: Allocation Failure
[2021-02-07T17:37:41.965+0300][644.276s][info][gc] Trigger: Handle Allocation Failure
[2021-02-07T17:37:42.084+0300][644.395s][info][gc] GC(1159) Cancelling GC: Allocation Failure During Evacuation
[2021-02-07T17:37:42.086+0300][644.397s][info][gc] GC(1159) Cannot finish degeneration, upgrading to Full GC
[2021-02-07T17:37:42.358+0300][644.669s][info][gc] GC(1159) Pause Degenerated GC (Outside of Cycle) 246M->246M(256M) 392.975ms
[2021-02-07T17:37:42.358+0300][644.669s][info][gc] Failed to allocate TLAB, 2664B
[2021-02-07T17:37:42.358+0300][644.669s][info][gc] Cancelling GC: Allocation Failure
[2021-02-07T17:37:42.360+0300][644.671s][info][gc] Trigger: Handle Allocation Failure
[2021-02-07T17:37:42.623+0300][644.934s][info][gc] GC(1160) Pause Full 246M->246M(256M) 263.308ms
[2021-02-07T17:37:42.623+0300][644.935s][info][gc] Failed to allocate TLAB, 2712B
[2021-02-07T17:37:42.623+0300][644.935s][info][gc] Cancelling GC: Allocation Failure
[2021-02-07T17:37:42.626+0300][644.937s][info][gc] Trigger: Handle Allocation Failure
[2021-02-07T17:37:42.742+0300][645.053s][info][gc] GC(1161) Cancelling GC: Allocation Failure During Evacuation
[2021-02-07T17:37:42.744+0300][645.055s][info][gc] GC(1161) Cannot finish degeneration, upgrading to Full GC
[2021-02-07T17:37:43.017+0300][645.328s][info][gc] GC(1161) Pause Degenerated GC (Outside of Cycle) 246M->246M(256M) 390.764ms
[2021-02-07T17:37:43.017+0300][645.328s][info][gc] Failed to allocate TLAB, 2664B
[2021-02-07T17:37:43.017+0300][645.328s][info][gc] Cancelling GC: Allocation Failure
[2021-02-07T17:37:43.019+0300][645.330s][info][gc] Trigger: Handle Allocation Failure
[2021-02-07T17:37:43.136+0300][645.447s][info][gc] GC(1162) Cancelling GC: Allocation Failure During Evacuation
[2021-02-07T17:37:43.138+0300][645.449s][info][gc] GC(1162) Cannot finish degeneration, upgrading to Full GC
[2021-02-07T17:37:43.411+0300][645.722s][info][gc] GC(1162) Pause Degenerated GC (Outside of Cycle) 246M->246M(256M) 391.859ms
[2021-02-07T17:37:43.411+0300][645.722s][info][gc] Failed to allocate TLAB, 2712B
[2021-02-07T17:37:43.411+0300][645.722s][info][gc] Cancelling GC: Allocation Failure
[2021-02-07T17:37:43.413+0300][645.724s][info][gc] Trigger: Handle Allocation Failure
[2021-02-07T17:37:43.531+0300][645.843s][info][gc] GC(1163) Cancelling GC: Allocation Failure During Evacuation
[2021-02-07T17:37:43.533+0300][645.844s][info][gc] GC(1163) Cannot finish degeneration, upgrading to Full GC
[2021-02-07T17:37:43.801+0300][646.113s][info][gc] GC(1163) Pause Degenerated GC (Outside of Cycle) 246M->246M(256M) 388.558ms
[2021-02-07T17:37:43.801+0300][646.113s][info][gc] Failed to allocate TLAB, 2648B
[2021-02-07T17:37:43.801+0300][646.113s][info][gc] Cancelling GC: Allocation Failure
[2021-02-07T17:37:43.803+0300][646.114s][info][gc] Trigger: Handle Allocation Failure
[2021-02-07T17:37:43.921+0300][646.232s][info][gc] GC(1164) Cancelling GC: Allocation Failure During Evacuation
[2021-02-07T17:37:43.923+0300][646.234s][info][gc] GC(1164) Cannot finish degeneration, upgrading to Full GC
[2021-02-07T17:37:44.193+0300][646.504s][info][gc] GC(1164) Pause Degenerated GC (Outside of Cycle) 246M->246M(256M) 390.269ms
[2021-02-07T17:37:44.193+0300][646.505s][info][gc] Failed to allocate TLAB, 2648B
[2021-02-07T17:37:44.193+0300][646.505s][info][gc] Cancelling GC: Allocation Failure
[2021-02-07T17:37:44.195+0300][646.506s][info][gc] Trigger: Handle Allocation Failure
[2021-02-07T17:37:44.453+0300][646.764s][info][gc] GC(1165) Pause Full 247M->247M(256M) 257.762ms
[2021-02-07T17:37:44.453+0300][646.764s][info][gc] Failed to allocate TLAB, 3536B
[2021-02-07T17:37:44.453+0300][646.764s][info][gc] Cancelling GC: Allocation Failure
[2021-02-07T17:37:44.456+0300][646.767s][info][gc] Trigger: Handle Allocation Failure
[2021-02-07T17:37:44.571+0300][646.882s][info][gc] GC(1166) Cancelling GC: Allocation Failure During Evacuation
[2021-02-07T17:37:44.573+0300][646.884s][info][gc] GC(1166) Cannot finish degeneration, upgrading to Full GC
[2021-02-07T17:37:44.845+0300][647.156s][info][gc] GC(1166) Pause Degenerated GC (Outside of Cycle) 247M->247M(256M) 389.088ms
[2021-02-07T17:37:44.845+0300][647.157s][info][gc] Failed to allocate TLAB, 2640B
[2021-02-07T17:37:44.845+0300][647.157s][info][gc] Cancelling GC: Allocation Failure
[2021-02-07T17:37:44.847+0300][647.158s][info][gc] Trigger: Handle Allocation Failure
[2021-02-07T17:37:44.962+0300][647.274s][info][gc] GC(1167) Cancelling GC: Allocation Failure During Evacuation
[2021-02-07T17:37:44.964+0300][647.275s][info][gc] GC(1167) Cannot finish degeneration, upgrading to Full GC
[2021-02-07T17:37:45.233+0300][647.545s][info][gc] GC(1167) Pause Degenerated GC (Outside of Cycle) 247M->247M(256M) 386.301ms
[2021-02-07T17:37:45.233+0300][647.545s][info][gc] Failed to allocate Shared, 8208B
[2021-02-07T17:37:45.233+0300][647.545s][info][gc] Cancelling GC: Allocation Failure
[2021-02-07T17:37:45.235+0300][647.546s][info][gc] Trigger: Handle Allocation Failure
[2021-02-07T17:37:45.352+0300][647.663s][info][gc] GC(1168) Cancelling GC: Allocation Failure During Evacuation
[2021-02-07T17:37:45.354+0300][647.665s][info][gc] GC(1168) Cannot finish degeneration, upgrading to Full GC
[2021-02-07T17:37:45.624+0300][647.935s][info][gc] GC(1168) Pause Degenerated GC (Outside of Cycle) 247M->247M(256M) 388.981ms
[2021-02-07T17:37:45.624+0300][647.935s][info][gc] Failed to allocate TLAB, 2648B
[2021-02-07T17:37:45.624+0300][647.935s][info][gc] Cancelling GC: Allocation Failure
[2021-02-07T17:37:45.626+0300][647.937s][info][gc] Trigger: Handle Allocation Failure
[2021-02-07T17:37:45.741+0300][648.053s][info][gc] GC(1169) Cancelling GC: Allocation Failure During Evacuation
[2021-02-07T17:37:45.743+0300][648.054s][info][gc] GC(1169) Cannot finish degeneration, upgrading to Full GC
[2021-02-07T17:37:46.013+0300][648.324s][info][gc] GC(1169) Pause Degenerated GC (Outside of Cycle) 247M->247M(256M) 387.140ms
[2021-02-07T17:37:46.013+0300][648.324s][info][gc] Failed to allocate TLAB, 2664B
[2021-02-07T17:37:46.013+0300][648.324s][info][gc] Cancelling GC: Allocation Failure
[2021-02-07T17:37:46.015+0300][648.326s][info][gc] Trigger: Handle Allocation Failure
[2021-02-07T17:37:46.274+0300][648.585s][info][gc] GC(1170) Pause Full 247M->247M(256M) 258.768ms
[2021-02-07T17:37:46.274+0300][648.585s][info][gc] Failed to allocate TLAB, 2664B
[2021-02-07T17:37:46.274+0300][648.585s][info][gc] Cancelling GC: Allocation Failure
[2021-02-07T17:37:46.277+0300][648.588s][info][gc] Trigger: Handle Allocation Failure
[2021-02-07T17:37:46.396+0300][648.707s][info][gc] GC(1171) Cancelling GC: Allocation Failure During Evacuation
[2021-02-07T17:37:46.400+0300][648.711s][info][gc] GC(1171) Cannot finish degeneration, upgrading to Full GC
[2021-02-07T17:37:46.670+0300][648.981s][info][gc] GC(1171) Pause Degenerated GC (Outside of Cycle) 247M->247M(256M) 392.885ms
[2021-02-07T17:37:46.670+0300][648.981s][info][gc] Failed to allocate TLAB, 2696B
[2021-02-07T17:37:46.670+0300][648.981s][info][gc] Cancelling GC: Allocation Failure
[2021-02-07T17:37:46.672+0300][648.983s][info][gc] Trigger: Handle Allocation Failure
[2021-02-07T17:37:46.787+0300][649.099s][info][gc] GC(1172) Cancelling GC: Allocation Failure During Evacuation
[2021-02-07T17:37:46.798+0300][649.109s][info][gc] GC(1172) Cannot finish degeneration, upgrading to Full GC
[2021-02-07T17:37:47.064+0300][649.376s][info][gc] GC(1172) Pause Degenerated GC (Outside of Cycle) 247M->247M(256M) 392.529ms
[2021-02-07T17:37:47.065+0300][649.376s][info][gc] Failed to allocate TLAB, 2664B
[2021-02-07T17:37:47.065+0300][649.376s][info][gc] Cancelling GC: Allocation Failure
[2021-02-07T17:37:47.068+0300][649.379s][info][gc] Trigger: Handle Allocation Failure
[2021-02-07T17:37:47.185+0300][649.497s][info][gc] GC(1173) Cancelling GC: Allocation Failure During Evacuation
[2021-02-07T17:37:47.196+0300][649.507s][info][gc] GC(1173) Cannot finish degeneration, upgrading to Full GC
[2021-02-07T17:37:47.463+0300][649.775s][info][gc] GC(1173) Pause Degenerated GC (Outside of Cycle) 247M->247M(256M) 395.492ms
[2021-02-07T17:37:47.464+0300][649.775s][info][gc] Failed to allocate TLAB, 2648B
[2021-02-07T17:37:47.464+0300][649.775s][info][gc] Cancelling GC: Allocation Failure
[2021-02-07T17:37:47.467+0300][649.778s][info][gc] Trigger: Handle Allocation Failure
[2021-02-07T17:37:47.583+0300][649.894s][info][gc] GC(1174) Cancelling GC: Allocation Failure During Evacuation
[2021-02-07T17:37:47.585+0300][649.896s][info][gc] GC(1174) Cannot finish degeneration, upgrading to Full GC
[2021-02-07T17:37:47.854+0300][650.166s][info][gc] GC(1174) Pause Degenerated GC (Outside of Cycle) 247M->247M(256M) 387.658ms
[2021-02-07T17:37:47.855+0300][650.166s][info][gc] Failed to allocate TLAB, 2640B
[2021-02-07T17:37:47.855+0300][650.166s][info][gc] Cancelling GC: Allocation Failure
[2021-02-07T17:37:47.857+0300][650.168s][info][gc] Trigger: Handle Allocation Failure
[2021-02-07T17:37:48.117+0300][650.429s][info][gc] GC(1175) Pause Full 247M->247M(256M) 260.556ms
[2021-02-07T17:37:48.118+0300][650.429s][info][gc] Failed to allocate TLAB, 3440B
[2021-02-07T17:37:48.118+0300][650.429s][info][gc] Cancelling GC: Allocation Failure
[2021-02-07T17:37:48.120+0300][650.431s][info][gc] Trigger: Handle Allocation Failure
[2021-02-07T17:37:48.236+0300][650.547s][info][gc] GC(1176) Cancelling GC: Allocation Failure During Evacuation
[2021-02-07T17:37:48.238+0300][650.549s][info][gc] GC(1176) Cannot finish degeneration, upgrading to Full GC
[2021-02-07T17:37:48.508+0300][650.819s][info][gc] GC(1176) Pause Degenerated GC (Outside of Cycle) 247M->247M(256M) 388.052ms
[2021-02-07T17:37:48.508+0300][650.819s][info][gc] Failed to allocate TLAB, 2640B
[2021-02-07T17:37:48.508+0300][650.819s][info][gc] Cancelling GC: Allocation Failure
[2021-02-07T17:37:48.510+0300][650.821s][info][gc] Trigger: Handle Allocation Failure
[2021-02-07T17:37:48.625+0300][650.937s][info][gc] GC(1177) Cancelling GC: Allocation Failure During Evacuation
[2021-02-07T17:37:48.627+0300][650.938s][info][gc] GC(1177) Cannot finish degeneration, upgrading to Full GC
[2021-02-07T17:37:48.899+0300][651.210s][info][gc] GC(1177) Pause Degenerated GC (Outside of Cycle) 247M->247M(256M) 389.029ms
[2021-02-07T17:37:48.899+0300][651.211s][info][gc] Failed to allocate TLAB, 2648B
[2021-02-07T17:37:48.899+0300][651.211s][info][gc] Cancelling GC: Allocation Failure
[2021-02-07T17:37:48.901+0300][651.212s][info][gc] Trigger: Handle Allocation Failure
[2021-02-07T17:37:49.017+0300][651.328s][info][gc] GC(1178) Cancelling GC: Allocation Failure During Evacuation
[2021-02-07T17:37:49.019+0300][651.330s][info][gc] GC(1178) Cannot finish degeneration, upgrading to Full GC
[2021-02-07T17:37:49.290+0300][651.602s][info][gc] GC(1178) Pause Degenerated GC (Outside of Cycle) 247M->247M(256M) 389.451ms
[2021-02-07T17:37:49.290+0300][651.602s][info][gc] Failed to allocate TLAB, 2648B
[2021-02-07T17:37:49.291+0300][651.602s][info][gc] Cancelling GC: Allocation Failure
[2021-02-07T17:37:49.292+0300][651.603s][info][gc] Trigger: Handle Allocation Failure
[2021-02-07T17:37:49.409+0300][651.721s][info][gc] GC(1179) Cancelling GC: Allocation Failure During Evacuation
[2021-02-07T17:37:49.411+0300][651.722s][info][gc] GC(1179) Cannot finish degeneration, upgrading to Full GC
[2021-02-07T17:37:49.682+0300][651.993s][info][gc] GC(1179) Pause Degenerated GC (Outside of Cycle) 247M->247M(256M) 389.723ms
[2021-02-07T17:37:49.682+0300][651.993s][info][gc] Failed to allocate TLAB, 2648B
[2021-02-07T17:37:49.682+0300][651.993s][info][gc] Cancelling GC: Allocation Failure
[2021-02-07T17:37:49.684+0300][651.995s][info][gc] Trigger: Handle Allocation Failure
[2021-02-07T17:37:49.945+0300][652.257s][info][gc] GC(1180) Pause Full 247M->247M(256M) 261.314ms
[2021-02-07T17:37:49.945+0300][652.257s][info][gc] Failed to allocate TLAB, 2664B
[2021-02-07T17:37:49.945+0300][652.257s][info][gc] Cancelling GC: Allocation Failure
[2021-02-07T17:37:49.948+0300][652.259s][info][gc] Trigger: Handle Allocation Failure
[2021-02-07T17:37:50.066+0300][652.377s][info][gc] GC(1181) Cancelling GC: Allocation Failure During Evacuation
[2021-02-07T17:37:50.068+0300][652.379s][info][gc] GC(1181) Cannot finish degeneration, upgrading to Full GC
[2021-02-07T17:37:50.340+0300][652.651s][info][gc] GC(1181) Pause Degenerated GC (Outside of Cycle) 247M->247M(256M) 391.783ms
[2021-02-07T17:37:50.340+0300][652.651s][info][gc] Failed to allocate TLAB, 2664B
[2021-02-07T17:37:50.340+0300][652.651s][info][gc] Cancelling GC: Allocation Failure
[2021-02-07T17:37:50.342+0300][652.653s][info][gc] Trigger: Handle Allocation Failure
[2021-02-07T17:37:50.456+0300][652.768s][info][gc] GC(1182) Cancelling GC: Allocation Failure During Evacuation
[2021-02-07T17:37:50.458+0300][652.769s][info][gc] GC(1182) Cannot finish degeneration, upgrading to Full GC
[2021-02-07T17:37:50.732+0300][653.043s][info][gc] GC(1182) Pause Degenerated GC (Outside of Cycle) 248M->248M(256M) 389.857ms
[2021-02-07T17:37:50.732+0300][653.043s][info][gc] Failed to allocate TLAB, 2648B
[2021-02-07T17:37:50.732+0300][653.043s][info][gc] Cancelling GC: Allocation Failure
[2021-02-07T17:37:50.734+0300][653.045s][info][gc] Trigger: Handle Allocation Failure
[2021-02-07T17:37:50.851+0300][653.162s][info][gc] GC(1183) Cancelling GC: Allocation Failure During Evacuation
[2021-02-07T17:37:50.853+0300][653.164s][info][gc] GC(1183) Cannot finish degeneration, upgrading to Full GC
[2021-02-07T17:37:51.123+0300][653.434s][info][gc] GC(1183) Pause Degenerated GC (Outside of Cycle) 248M->248M(256M) 388.829ms
[2021-02-07T17:37:51.123+0300][653.434s][info][gc] Failed to allocate TLAB, 2648B
[2021-02-07T17:37:51.123+0300][653.434s][info][gc] Cancelling GC: Allocation Failure
[2021-02-07T17:37:51.125+0300][653.436s][info][gc] Trigger: Handle Allocation Failure
[2021-02-07T17:37:51.242+0300][653.553s][info][gc] GC(1184) Cancelling GC: Allocation Failure During Evacuation
[2021-02-07T17:37:51.244+0300][653.555s][info][gc] GC(1184) Cannot finish degeneration, upgrading to Full GC
[2021-02-07T17:37:51.514+0300][653.825s][info][gc] GC(1184) Pause Degenerated GC (Outside of Cycle) 248M->248M(256M) 388.998ms
[2021-02-07T17:37:51.514+0300][653.825s][info][gc] Failed to allocate TLAB, 2664B
[2021-02-07T17:37:51.514+0300][653.825s][info][gc] Cancelling GC: Allocation Failure
[2021-02-07T17:37:51.516+0300][653.827s][info][gc] Trigger: Handle Allocation Failure
[2021-02-07T17:37:51.773+0300][654.084s][info][gc] GC(1185) Pause Full 248M->248M(256M) 256.873ms
[2021-02-07T17:37:51.773+0300][654.084s][info][gc] Failed to allocate TLAB, 2648B
[2021-02-07T17:37:51.773+0300][654.084s][info][gc] Cancelling GC: Allocation Failure
[2021-02-07T17:37:51.776+0300][654.087s][info][gc] Trigger: Handle Allocation Failure
[2021-02-07T17:37:51.890+0300][654.202s][info][gc] GC(1186) Cancelling GC: Allocation Failure During Evacuation
[2021-02-07T17:37:51.892+0300][654.203s][info][gc] GC(1186) Cannot finish degeneration, upgrading to Full GC
[2021-02-07T17:37:52.162+0300][654.473s][info][gc] GC(1186) Pause Degenerated GC (Outside of Cycle) 248M->248M(256M) 386.003ms
[2021-02-07T17:37:52.162+0300][654.473s][info][gc] Failed to allocate TLAB, 2648B
[2021-02-07T17:37:52.162+0300][654.473s][info][gc] Cancelling GC: Allocation Failure
[2021-02-07T17:37:52.164+0300][654.475s][info][gc] Trigger: Handle Allocation Failure
[2021-02-07T17:37:52.280+0300][654.591s][info][gc] GC(1187) Cancelling GC: Allocation Failure During Evacuation
[2021-02-07T17:37:52.282+0300][654.593s][info][gc] GC(1187) Cannot finish degeneration, upgrading to Full GC
[2021-02-07T17:37:52.553+0300][654.865s][info][gc] GC(1187) Pause Degenerated GC (Outside of Cycle) 248M->248M(256M) 389.433ms
[2021-02-07T17:37:52.553+0300][654.865s][info][gc] Failed to allocate TLAB, 2664B
[2021-02-07T17:37:52.553+0300][654.865s][info][gc] Cancelling GC: Allocation Failure
[2021-02-07T17:37:52.555+0300][654.866s][info][gc] Trigger: Handle Allocation Failure
[2021-02-07T17:37:52.671+0300][654.982s][info][gc] GC(1188) Cancelling GC: Allocation Failure During Evacuation
[2021-02-07T17:37:52.673+0300][654.984s][info][gc] GC(1188) Cannot finish degeneration, upgrading to Full GC
[2021-02-07T17:37:52.946+0300][655.258s][info][gc] GC(1188) Pause Degenerated GC (Outside of Cycle) 248M->248M(256M) 391.664ms
[2021-02-07T17:37:52.947+0300][655.258s][info][gc] Failed to allocate TLAB, 2648B
[2021-02-07T17:37:52.947+0300][655.258s][info][gc] Cancelling GC: Allocation Failure
[2021-02-07T17:37:52.948+0300][655.259s][info][gc] Trigger: Handle Allocation Failure
[2021-02-07T17:37:53.066+0300][655.377s][info][gc] GC(1189) Cancelling GC: Allocation Failure During Evacuation
[2021-02-07T17:37:53.066+0300][655.377s][info][gc] GC(1189) Cannot finish degeneration, upgrading to Full GC
[2021-02-07T17:37:53.334+0300][655.645s][info][gc] GC(1189) Pause Degenerated GC (Outside of Cycle) 248M->248M(256M) 385.800ms
[2021-02-07T17:37:53.334+0300][655.645s][info][gc] Failed to allocate TLAB, 2648B
[2021-02-07T17:37:53.334+0300][655.645s][info][gc] Cancelling GC: Allocation Failure
[2021-02-07T17:37:53.336+0300][655.647s][info][gc] Trigger: Handle Allocation Failure
[2021-02-07T17:37:53.597+0300][655.909s][info][gc] GC(1190) Pause Full 249M->249M(256M) 261.444ms
[2021-02-07T17:37:53.597+0300][655.909s][info][gc] Failed to allocate TLAB, 4904B
[2021-02-07T17:37:53.597+0300][655.909s][info][gc] Cancelling GC: Allocation Failure
[2021-02-07T17:37:53.600+0300][655.911s][info][gc] Trigger: Handle Allocation Failure
[2021-02-07T17:37:53.718+0300][656.030s][info][gc] GC(1191) Cancelling GC: Allocation Failure During Evacuation
[2021-02-07T17:37:53.720+0300][656.031s][info][gc] GC(1191) Cannot finish degeneration, upgrading to Full GC
[2021-02-07T17:37:53.996+0300][656.307s][info][gc] GC(1191) Pause Degenerated GC (Outside of Cycle) 249M->249M(256M) 395.795ms
[2021-02-07T17:37:53.996+0300][656.307s][info][gc] Failed to allocate TLAB, 2664B
[2021-02-07T17:37:53.996+0300][656.307s][info][gc] Cancelling GC: Allocation Failure
[2021-02-07T17:37:53.998+0300][656.309s][info][gc] Trigger: Handle Allocation Failure
[2021-02-07T17:37:54.115+0300][656.426s][info][gc] GC(1192) Cancelling GC: Allocation Failure During Evacuation
[2021-02-07T17:37:54.117+0300][656.428s][info][gc] GC(1192) Cannot finish degeneration, upgrading to Full GC
[2021-02-07T17:37:54.388+0300][656.699s][info][gc] GC(1192) Pause Degenerated GC (Outside of Cycle) 249M->249M(256M) 390.117ms
[2021-02-07T17:37:54.388+0300][656.699s][info][gc] Failed to allocate TLAB, 2664B
[2021-02-07T17:37:54.388+0300][656.699s][info][gc] Cancelling GC: Allocation Failure
[2021-02-07T17:37:54.390+0300][656.701s][info][gc] Trigger: Handle Allocation Failure
[2021-02-07T17:37:54.505+0300][656.816s][info][gc] GC(1193) Cancelling GC: Allocation Failure During Evacuation
[2021-02-07T17:37:54.507+0300][656.818s][info][gc] GC(1193) Cannot finish degeneration, upgrading to Full GC
[2021-02-07T17:37:54.778+0300][657.089s][info][gc] GC(1193) Pause Degenerated GC (Outside of Cycle) 249M->249M(256M) 387.892ms
[2021-02-07T17:37:54.778+0300][657.089s][info][gc] Failed to allocate TLAB, 2664B
[2021-02-07T17:37:54.778+0300][657.089s][info][gc] Cancelling GC: Allocation Failure
[2021-02-07T17:37:54.780+0300][657.091s][info][gc] Trigger: Handle Allocation Failure
[2021-02-07T17:37:54.897+0300][657.209s][info][gc] GC(1194) Cancelling GC: Allocation Failure During Evacuation
[2021-02-07T17:37:54.899+0300][657.210s][info][gc] GC(1194) Cannot finish degeneration, upgrading to Full GC
[2021-02-07T17:37:55.172+0300][657.484s][info][gc] GC(1194) Pause Degenerated GC (Outside of Cycle) 249M->249M(256M) 392.536ms
[2021-02-07T17:37:55.173+0300][657.484s][info][gc] Failed to allocate TLAB, 2648B
[2021-02-07T17:37:55.173+0300][657.484s][info][gc] Cancelling GC: Allocation Failure
[2021-02-07T17:37:55.174+0300][657.485s][info][gc] Trigger: Handle Allocation Failure
[2021-02-07T17:37:55.435+0300][657.746s][info][gc] GC(1195) Pause Full 249M->249M(256M) 260.813ms
[2021-02-07T17:37:55.435+0300][657.746s][info][gc] Failed to allocate TLAB, 2648B
[2021-02-07T17:37:55.435+0300][657.746s][info][gc] Cancelling GC: Allocation Failure
[2021-02-07T17:37:55.438+0300][657.749s][info][gc] Trigger: Handle Allocation Failure
[2021-02-07T17:37:55.555+0300][657.866s][info][gc] GC(1196) Cancelling GC: Allocation Failure During Evacuation
[2021-02-07T17:37:55.557+0300][657.868s][info][gc] GC(1196) Cannot finish degeneration, upgrading to Full GC
[2021-02-07T17:37:55.832+0300][658.143s][info][gc] GC(1196) Pause Degenerated GC (Outside of Cycle) 249M->249M(256M) 394.073ms
[2021-02-07T17:37:55.832+0300][658.143s][info][gc] Failed to allocate TLAB, 2648B
[2021-02-07T17:37:55.832+0300][658.143s][info][gc] Cancelling GC: Allocation Failure
[2021-02-07T17:37:55.834+0300][658.145s][info][gc] Trigger: Handle Allocation Failure
[2021-02-07T17:37:55.951+0300][658.262s][info][gc] GC(1197) Cancelling GC: Allocation Failure During Evacuation
[2021-02-07T17:37:55.953+0300][658.264s][info][gc] GC(1197) Cannot finish degeneration, upgrading to Full GC
[2021-02-07T17:37:56.227+0300][658.538s][info][gc] GC(1197) Pause Degenerated GC (Outside of Cycle) 249M->249M(256M) 393.078ms
[2021-02-07T17:37:56.227+0300][658.538s][info][gc] Failed to allocate TLAB, 2664B
[2021-02-07T17:37:56.227+0300][658.539s][info][gc] Cancelling GC: Allocation Failure
[2021-02-07T17:37:56.229+0300][658.540s][info][gc] Trigger: Handle Allocation Failure
[2021-02-07T17:37:56.345+0300][658.656s][info][gc] GC(1198) Cancelling GC: Allocation Failure During Evacuation
[2021-02-07T17:37:56.347+0300][658.658s][info][gc] GC(1198) Cannot finish degeneration, upgrading to Full GC
[2021-02-07T17:37:56.617+0300][658.928s][info][gc] GC(1198) Pause Degenerated GC (Outside of Cycle) 249M->249M(256M) 388.080ms
[2021-02-07T17:37:56.617+0300][658.929s][info][gc] Failed to allocate TLAB, 2664B
[2021-02-07T17:37:56.617+0300][658.929s][info][gc] Cancelling GC: Allocation Failure
[2021-02-07T17:37:56.619+0300][658.930s][info][gc] Trigger: Handle Allocation Failure
[2021-02-07T17:37:56.736+0300][659.048s][info][gc] GC(1199) Cancelling GC: Allocation Failure During Evacuation
[2021-02-07T17:37:56.738+0300][659.049s][info][gc] GC(1199) Cannot finish degeneration, upgrading to Full GC
[2021-02-07T17:37:57.011+0300][659.323s][info][gc] GC(1199) Pause Degenerated GC (Outside of Cycle) 249M->249M(256M) 392.569ms
[2021-02-07T17:37:57.012+0300][659.323s][info][gc] Failed to allocate TLAB, 2664B
[2021-02-07T17:37:57.012+0300][659.323s][info][gc] Cancelling GC: Allocation Failure
[2021-02-07T17:37:57.013+0300][659.324s][info][gc] Trigger: Handle Allocation Failure
[2021-02-07T17:37:57.272+0300][659.583s][info][gc] GC(1200) Pause Full 249M->249M(256M) 259.311ms
[2021-02-07T17:37:57.272+0300][659.584s][info][gc] Failed to allocate TLAB, 2640B
[2021-02-07T17:37:57.272+0300][659.584s][info][gc] Cancelling GC: Allocation Failure
[2021-02-07T17:37:57.275+0300][659.586s][info][gc] Trigger: Handle Allocation Failure
[2021-02-07T17:37:57.392+0300][659.704s][info][gc] GC(1201) Cancelling GC: Allocation Failure During Evacuation
[2021-02-07T17:37:57.394+0300][659.705s][info][gc] GC(1201) Cannot finish degeneration, upgrading to Full GC
[2021-02-07T17:37:57.667+0300][659.979s][info][gc] GC(1201) Pause Degenerated GC (Outside of Cycle) 249M->249M(256M) 392.462ms
[2021-02-07T17:37:57.667+0300][659.979s][info][gc] Failed to allocate TLAB, 2648B
[2021-02-07T17:37:57.667+0300][659.979s][info][gc] Cancelling GC: Allocation Failure
[2021-02-07T17:37:57.669+0300][659.980s][info][gc] Trigger: Handle Allocation Failure
[2021-02-07T17:37:57.786+0300][660.097s][info][gc] GC(1202) Cancelling GC: Allocation Failure During Evacuation
[2021-02-07T17:37:57.788+0300][660.099s][info][gc] GC(1202) Cannot finish degeneration, upgrading to Full GC
[2021-02-07T17:37:58.071+0300][660.383s][info][gc] GC(1202) Pause Degenerated GC (Outside of Cycle) 249M->249M(256M) 402.308ms
[2021-02-07T17:37:58.071+0300][660.383s][info][gc] Failed to allocate TLAB, 2640B
[2021-02-07T17:37:58.071+0300][660.383s][info][gc] Cancelling GC: Allocation Failure
[2021-02-07T17:37:58.073+0300][660.384s][info][gc] Trigger: Handle Allocation Failure
[2021-02-07T17:37:58.193+0300][660.504s][info][gc] GC(1203) Cancelling GC: Allocation Failure During Evacuation
[2021-02-07T17:37:58.195+0300][660.506s][info][gc] GC(1203) Cannot finish degeneration, upgrading to Full GC
[2021-02-07T17:37:58.468+0300][660.779s][info][gc] GC(1203) Pause Degenerated GC (Outside of Cycle) 249M->249M(256M) 395.361ms
[2021-02-07T17:37:58.468+0300][660.780s][info][gc] Failed to allocate TLAB, 2696B
[2021-02-07T17:37:58.468+0300][660.780s][info][gc] Cancelling GC: Allocation Failure
[2021-02-07T17:37:58.470+0300][660.781s][info][gc] Trigger: Handle Allocation Failure
[2021-02-07T17:37:58.587+0300][660.899s][info][gc] GC(1204) Cancelling GC: Allocation Failure During Evacuation
[2021-02-07T17:37:58.590+0300][660.901s][info][gc] GC(1204) Cannot finish degeneration, upgrading to Full GC
[2021-02-07T17:37:58.873+0300][661.185s][info][gc] GC(1204) Pause Degenerated GC (Outside of Cycle) 249M->249M(256M) 403.434ms
[2021-02-07T17:37:58.873+0300][661.185s][info][gc] Failed to allocate TLAB, 2648B
[2021-02-07T17:37:58.873+0300][661.185s][info][gc] Cancelling GC: Allocation Failure
[2021-02-07T17:37:58.875+0300][661.186s][info][gc] Trigger: Handle Allocation Failure
[2021-02-07T17:37:59.145+0300][661.457s][info][gc] GC(1205) Pause Full 250M->250M(256M) 270.493ms
[2021-02-07T17:37:59.145+0300][661.457s][info][gc] Failed to allocate TLAB, 3624B
[2021-02-07T17:37:59.145+0300][661.457s][info][gc] Cancelling GC: Allocation Failure
[2021-02-07T17:37:59.148+0300][661.460s][info][gc] Trigger: Handle Allocation Failure
[2021-02-07T17:37:59.266+0300][661.578s][info][gc] GC(1206) Cancelling GC: Allocation Failure During Evacuation
[2021-02-07T17:37:59.268+0300][661.580s][info][gc] GC(1206) Cannot finish degeneration, upgrading to Full GC
[2021-02-07T17:37:59.547+0300][661.859s][info][gc] GC(1206) Pause Degenerated GC (Outside of Cycle) 250M->250M(256M) 399.467ms
[2021-02-07T17:37:59.548+0300][661.860s][info][gc] Failed to allocate TLAB, 2664B
[2021-02-07T17:37:59.548+0300][661.860s][info][gc] Cancelling GC: Allocation Failure
[2021-02-07T17:37:59.549+0300][661.861s][info][gc] Trigger: Handle Allocation Failure
[2021-02-07T17:37:59.667+0300][661.979s][info][gc] GC(1207) Cancelling GC: Allocation Failure During Evacuation
[2021-02-07T17:37:59.669+0300][661.981s][info][gc] GC(1207) Cannot finish degeneration, upgrading to Full GC
[2021-02-07T17:37:59.946+0300][662.258s][info][gc] GC(1207) Pause Degenerated GC (Outside of Cycle) 250M->250M(256M) 396.915ms
[2021-02-07T17:37:59.947+0300][662.259s][info][gc] Failed to allocate TLAB, 2672B
[2021-02-07T17:37:59.947+0300][662.259s][info][gc] Cancelling GC: Allocation Failure
[2021-02-07T17:37:59.948+0300][662.260s][info][gc] Trigger: Handle Allocation Failure
[2021-02-07T17:38:00.065+0300][662.377s][info][gc] GC(1208) Cancelling GC: Allocation Failure During Evacuation
[2021-02-07T17:38:00.067+0300][662.379s][info][gc] GC(1208) Cannot finish degeneration, upgrading to Full GC
[2021-02-07T17:38:00.344+0300][662.657s][info][gc] GC(1208) Pause Degenerated GC (Outside of Cycle) 250M->250M(256M) 396.013ms
[2021-02-07T17:38:00.345+0300][662.658s][info][gc] Failed to allocate TLAB, 2712B
[2021-02-07T17:38:00.345+0300][662.658s][info][gc] Cancelling GC: Allocation Failure
[2021-02-07T17:38:00.346+0300][662.658s][info][gc] Trigger: Handle Allocation Failure
[2021-02-07T17:38:00.463+0300][662.775s][info][gc] GC(1209) Cancelling GC: Allocation Failure During Evacuation
[2021-02-07T17:38:00.465+0300][662.777s][info][gc] GC(1209) Cannot finish degeneration, upgrading to Full GC
[2021-02-07T17:38:00.737+0300][663.050s][info][gc] GC(1209) Pause Degenerated GC (Outside of Cycle) 250M->250M(256M) 391.219ms
[2021-02-07T17:38:00.738+0300][663.050s][info][gc] Failed to allocate TLAB, 2712B
[2021-02-07T17:38:00.738+0300][663.050s][info][gc] Cancelling GC: Allocation Failure
[2021-02-07T17:38:00.739+0300][663.051s][info][gc] Trigger: Handle Allocation Failure
[2021-02-07T17:38:01.001+0300][663.314s][info][gc] GC(1210) Pause Full 250M->250M(256M) 262.417ms
[2021-02-07T17:38:01.002+0300][663.315s][info][gc] Failed to allocate TLAB, 2664B
[2021-02-07T17:38:01.002+0300][663.315s][info][gc] Cancelling GC: Allocation Failure
[2021-02-07T17:38:01.005+0300][663.317s][info][gc] Trigger: Handle Allocation Failure
[2021-02-07T17:38:01.122+0300][663.435s][info][gc] GC(1211) Cancelling GC: Allocation Failure During Evacuation
[2021-02-07T17:38:01.124+0300][663.436s][info][gc] GC(1211) Cannot finish degeneration, upgrading to Full GC
[2021-02-07T17:38:01.399+0300][663.712s][info][gc] GC(1211) Pause Degenerated GC (Outside of Cycle) 250M->250M(256M) 394.408ms
[2021-02-07T17:38:01.400+0300][663.712s][info][gc] Failed to allocate TLAB, 2648B
[2021-02-07T17:38:01.400+0300][663.712s][info][gc] Cancelling GC: Allocation Failure
[2021-02-07T17:38:01.401+0300][663.713s][info][gc] Trigger: Handle Allocation Failure
[2021-02-07T17:38:01.520+0300][663.833s][info][gc] GC(1212) Cancelling GC: Allocation Failure During Evacuation
[2021-02-07T17:38:01.522+0300][663.834s][info][gc] GC(1212) Cannot finish degeneration, upgrading to Full GC
[2021-02-07T17:38:01.802+0300][664.114s][info][gc] GC(1212) Pause Degenerated GC (Outside of Cycle) 250M->250M(256M) 401.302ms
[2021-02-07T17:38:01.803+0300][664.115s][info][gc] Failed to allocate TLAB, 2672B
[2021-02-07T17:38:01.803+0300][664.115s][info][gc] Cancelling GC: Allocation Failure
[2021-02-07T17:38:01.804+0300][664.116s][info][gc] Trigger: Handle Allocation Failure
[2021-02-07T17:38:01.922+0300][664.234s][info][gc] GC(1213) Cancelling GC: Allocation Failure During Evacuation
[2021-02-07T17:38:01.924+0300][664.236s][info][gc] GC(1213) Cannot finish degeneration, upgrading to Full GC
[2021-02-07T17:38:02.196+0300][664.508s][info][gc] GC(1213) Pause Degenerated GC (Outside of Cycle) 250M->250M(256M) 392.013ms
[2021-02-07T17:38:02.197+0300][664.509s][info][gc] Failed to allocate TLAB, 2672B
[2021-02-07T17:38:02.197+0300][664.509s][info][gc] Cancelling GC: Allocation Failure
[2021-02-07T17:38:02.198+0300][664.510s][info][gc] Trigger: Handle Allocation Failure
[2021-02-07T17:38:02.316+0300][664.629s][info][gc] GC(1214) Cancelling GC: Allocation Failure During Evacuation
[2021-02-07T17:38:02.318+0300][664.630s][info][gc] GC(1214) Cannot finish degeneration, upgrading to Full GC
[2021-02-07T17:38:02.591+0300][664.903s][info][gc] GC(1214) Pause Degenerated GC (Outside of Cycle) 250M->250M(256M) 392.580ms
[2021-02-07T17:38:02.591+0300][664.904s][info][gc] Failed to allocate TLAB, 2656B
[2021-02-07T17:38:02.591+0300][664.904s][info][gc] Cancelling GC: Allocation Failure
[2021-02-07T17:38:02.593+0300][664.905s][info][gc] Trigger: Handle Allocation Failure
[2021-02-07T17:38:02.856+0300][665.168s][info][gc] GC(1215) Pause Full 250M->250M(256M) 262.775ms
[2021-02-07T17:38:02.857+0300][665.169s][info][gc] Failed to allocate TLAB, 2648B
[2021-02-07T17:38:02.857+0300][665.169s][info][gc] Cancelling GC: Allocation Failure
[2021-02-07T17:38:02.859+0300][665.171s][info][gc] Trigger: Handle Allocation Failure
[2021-02-07T17:38:02.976+0300][665.288s][info][gc] GC(1216) Cancelling GC: Allocation Failure During Evacuation
[2021-02-07T17:38:02.978+0300][665.290s][info][gc] GC(1216) Cannot finish degeneration, upgrading to Full GC
[2021-02-07T17:38:03.254+0300][665.567s][info][gc] GC(1216) Pause Degenerated GC (Outside of Cycle) 250M->250M(256M) 395.468ms
[2021-02-07T17:38:03.255+0300][665.567s][info][gc] Failed to allocate TLAB, 2696B
[2021-02-07T17:38:03.255+0300][665.567s][info][gc] Cancelling GC: Allocation Failure
[2021-02-07T17:38:03.256+0300][665.568s][info][gc] Trigger: Handle Allocation Failure
[2021-02-07T17:38:03.374+0300][665.687s][info][gc] GC(1217) Cancelling GC: Allocation Failure During Evacuation
[2021-02-07T17:38:03.377+0300][665.689s][info][gc] GC(1217) Cannot finish degeneration, upgrading to Full GC
[2021-02-07T17:38:03.653+0300][665.965s][info][gc] GC(1217) Pause Degenerated GC (Outside of Cycle) 250M->250M(256M) 397.131ms
[2021-02-07T17:38:03.655+0300][665.967s][info][gc] Trigger: Free (60768B) is below minimum threshold (26214K)
[2021-02-07T17:38:03.655+0300][665.967s][info][gc] GC(1218) Concurrent reset 0.087ms
[2021-02-07T17:38:03.655+0300][665.968s][info][gc] GC(1218) Pause Init Mark (unload classes) 0.086ms
[2021-02-07T17:38:03.667+0300][665.979s][info][gc] Failed to allocate TLAB, 3224B
[2021-02-07T17:38:03.667+0300][665.979s][info][gc] Cancelling GC: Allocation Failure
[2021-02-07T17:38:03.682+0300][665.994s][info][gc] GC(1218) Concurrent marking (unload classes) 26.637ms
[2021-02-07T17:38:03.684+0300][665.996s][info][gc] Trigger: Handle Allocation Failure
[2021-02-07T17:38:04.327+0300][666.640s][info][gc] GC(1219) Cancelling GC: Allocation Failure During Evacuation
[2021-02-07T17:38:04.329+0300][666.641s][info][gc] GC(1219) Cannot finish degeneration, upgrading to Full GC
[2021-02-07T17:38:04.605+0300][666.918s][info][gc] GC(1219) Pause Degenerated GC (Mark) 250M->250M(256M) 916.582ms
[2021-02-07T17:38:04.606+0300][666.919s][info][gc] Failed to allocate TLAB, 2648B
[2021-02-07T17:38:04.606+0300][666.919s][info][gc] Cancelling GC: Allocation Failure
[2021-02-07T17:38:04.607+0300][666.919s][info][gc] Trigger: Handle Allocation Failure
[2021-02-07T17:38:04.722+0300][667.035s][info][gc] GC(1220) Cancelling GC: Allocation Failure During Evacuation
[2021-02-07T17:38:04.724+0300][667.036s][info][gc] GC(1220) Cannot finish degeneration, upgrading to Full GC
[2021-02-07T17:38:04.999+0300][667.311s][info][gc] GC(1220) Pause Degenerated GC (Outside of Cycle) 250M->250M(256M) 392.257ms
[2021-02-07T17:38:05.000+0300][667.312s][info][gc] Failed to allocate TLAB, 2768B
[2021-02-07T17:38:05.000+0300][667.312s][info][gc] Cancelling GC: Allocation Failure
[2021-02-07T17:38:05.001+0300][667.313s][info][gc] Trigger: Handle Allocation Failure
[2021-02-07T17:38:05.265+0300][667.577s][info][gc] GC(1221) Pause Full 250M->250M(256M) 264.195ms
[2021-02-07T17:38:05.267+0300][667.579s][info][gc] Failed to allocate TLAB, 2648B
[2021-02-07T17:38:05.267+0300][667.579s][info][gc] Cancelling GC: Allocation Failure
[2021-02-07T17:38:05.268+0300][667.580s][info][gc] Trigger: Handle Allocation Failure
[2021-02-07T17:38:05.387+0300][667.699s][info][gc] GC(1222) Cancelling GC: Allocation Failure During Evacuation
[2021-02-07T17:38:05.389+0300][667.701s][info][gc] GC(1222) Cannot finish degeneration, upgrading to Full GC
[2021-02-07T17:38:05.664+0300][667.976s][info][gc] GC(1222) Pause Degenerated GC (Outside of Cycle) 250M->250M(256M) 396.145ms
[2021-02-07T17:38:05.665+0300][667.978s][info][gc] Failed to allocate TLAB, 2672B
[2021-02-07T17:38:05.665+0300][667.978s][info][gc] Cancelling GC: Allocation Failure
[2021-02-07T17:38:05.666+0300][667.978s][info][gc] Trigger: Handle Allocation Failure
[2021-02-07T17:38:05.783+0300][668.096s][info][gc] GC(1223) Cancelling GC: Allocation Failure During Evacuation
[2021-02-07T17:38:05.786+0300][668.098s][info][gc] GC(1223) Cannot finish degeneration, upgrading to Full GC
[2021-02-07T17:38:06.060+0300][668.373s][info][gc] GC(1223) Pause Degenerated GC (Outside of Cycle) 250M->250M(256M) 394.257ms
[2021-02-07T17:38:06.061+0300][668.374s][info][gc] Failed to allocate TLAB, 2664B
[2021-02-07T17:38:06.061+0300][668.374s][info][gc] Cancelling GC: Allocation Failure
[2021-02-07T17:38:06.063+0300][668.375s][info][gc] Trigger: Handle Allocation Failure
[2021-02-07T17:38:06.181+0300][668.493s][info][gc] GC(1224) Cancelling GC: Allocation Failure During Evacuation
[2021-02-07T17:38:06.183+0300][668.495s][info][gc] GC(1224) Cannot finish degeneration, upgrading to Full GC
[2021-02-07T17:38:06.459+0300][668.771s][info][gc] GC(1224) Pause Degenerated GC (Outside of Cycle) 250M->250M(256M) 395.918ms
[2021-02-07T17:38:06.460+0300][668.772s][info][gc] Failed to allocate TLAB, 2648B
[2021-02-07T17:38:06.460+0300][668.772s][info][gc] Cancelling GC: Allocation Failure
[2021-02-07T17:38:06.461+0300][668.773s][info][gc] Trigger: Handle Allocation Failure
[2021-02-07T17:38:06.578+0300][668.891s][info][gc] GC(1225) Cancelling GC: Allocation Failure During Evacuation
[2021-02-07T17:38:06.580+0300][668.892s][info][gc] GC(1225) Cannot finish degeneration, upgrading to Full GC
[2021-02-07T17:38:06.860+0300][669.172s][info][gc] GC(1225) Pause Degenerated GC (Outside of Cycle) 250M->250M(256M) 399.123ms
[2021-02-07T17:38:06.861+0300][669.173s][info][gc] Failed to allocate TLAB, 2656B
[2021-02-07T17:38:06.861+0300][669.173s][info][gc] Cancelling GC: Allocation Failure
[2021-02-07T17:38:06.862+0300][669.174s][info][gc] Trigger: Handle Allocation Failure
[2021-02-07T17:38:07.127+0300][669.440s][info][gc] GC(1226) Pause Full 250M->250M(256M) 265.447ms
[2021-02-07T17:38:07.128+0300][669.440s][info][gc] Failed to allocate TLAB, 2920B
[2021-02-07T17:38:07.128+0300][669.440s][info][gc] Cancelling GC: Allocation Failure
[2021-02-07T17:38:07.131+0300][669.443s][info][gc] Trigger: Handle Allocation Failure
[2021-02-07T17:38:07.249+0300][669.562s][info][gc] GC(1227) Cancelling GC: Allocation Failure During Evacuation
[2021-02-07T17:38:07.251+0300][669.563s][info][gc] GC(1227) Cannot finish degeneration, upgrading to Full GC
[2021-02-07T17:38:07.527+0300][669.840s][info][gc] GC(1227) Pause Degenerated GC (Outside of Cycle) 250M->250M(256M) 396.310ms
[2021-02-07T17:38:07.528+0300][669.840s][info][gc] Failed to allocate TLAB, 2656B
[2021-02-07T17:38:07.528+0300][669.841s][info][gc] Cancelling GC: Allocation Failure
[2021-02-07T17:38:07.529+0300][669.841s][info][gc] Trigger: Handle Allocation Failure
[2021-02-07T17:38:07.647+0300][669.959s][info][gc] GC(1228) Cancelling GC: Allocation Failure During Evacuation
[2021-02-07T17:38:07.649+0300][669.961s][info][gc] GC(1228) Cannot finish degeneration, upgrading to Full GC
[2021-02-07T17:38:07.924+0300][670.237s][info][gc] GC(1228) Pause Degenerated GC (Outside of Cycle) 250M->250M(256M) 395.351ms
[2021-02-07T17:38:07.925+0300][670.238s][info][gc] Failed to allocate TLAB, 2640B
[2021-02-07T17:38:07.925+0300][670.238s][info][gc] Cancelling GC: Allocation Failure
[2021-02-07T17:38:07.926+0300][670.238s][info][gc] Trigger: Handle Allocation Failure
[2021-02-07T17:38:08.043+0300][670.356s][info][gc] GC(1229) Cancelling GC: Allocation Failure During Evacuation
[2021-02-07T17:38:08.045+0300][670.357s][info][gc] GC(1229) Cannot finish degeneration, upgrading to Full GC
[2021-02-07T17:38:08.317+0300][670.629s][info][gc] GC(1229) Pause Degenerated GC (Outside of Cycle) 250M->250M(256M) 390.855ms
[2021-02-07T17:38:08.318+0300][670.630s][info][gc] Failed to allocate TLAB, 2648B
[2021-02-07T17:38:08.318+0300][670.630s][info][gc] Cancelling GC: Allocation Failure
[2021-02-07T17:38:08.319+0300][670.631s][info][gc] Trigger: Handle Allocation Failure
[2021-02-07T17:38:08.436+0300][670.748s][info][gc] GC(1230) Cancelling GC: Allocation Failure During Evacuation
[2021-02-07T17:38:08.438+0300][670.750s][info][gc] GC(1230) Cannot finish degeneration, upgrading to Full GC
[2021-02-07T17:38:08.708+0300][671.020s][info][gc] GC(1230) Pause Degenerated GC (Outside of Cycle) 250M->250M(256M) 389.214ms
[2021-02-07T17:38:08.709+0300][671.021s][info][gc] Failed to allocate TLAB, 2648B
[2021-02-07T17:38:08.709+0300][671.021s][info][gc] Cancelling GC: Allocation Failure
[2021-02-07T17:38:08.710+0300][671.022s][info][gc] Trigger: Handle Allocation Failure
[2021-02-07T17:38:08.974+0300][671.286s][info][gc] GC(1231) Pause Full 250M->250M(256M) 263.873ms
[2021-02-07T17:38:08.975+0300][671.287s][info][gc] Failed to allocate TLAB, 2664B
[2021-02-07T17:38:08.975+0300][671.287s][info][gc] Cancelling GC: Allocation Failure
[2021-02-07T17:38:08.977+0300][671.289s][info][gc] Trigger: Handle Allocation Failure
[2021-02-07T17:38:09.094+0300][671.406s][info][gc] GC(1232) Cancelling GC: Allocation Failure During Evacuation
[2021-02-07T17:38:09.096+0300][671.408s][info][gc] GC(1232) Cannot finish degeneration, upgrading to Full GC
[2021-02-07T17:38:09.371+0300][671.683s][info][gc] GC(1232) Pause Degenerated GC (Outside of Cycle) 250M->250M(256M) 393.973ms
[2021-02-07T17:38:09.372+0300][671.684s][info][gc] Failed to allocate TLAB, 2648B
[2021-02-07T17:38:09.372+0300][671.684s][info][gc] Cancelling GC: Allocation Failure
[2021-02-07T17:38:09.373+0300][671.685s][info][gc] Trigger: Handle Allocation Failure
[2021-02-07T17:38:09.490+0300][671.803s][info][gc] GC(1233) Cancelling GC: Allocation Failure During Evacuation
[2021-02-07T17:38:09.490+0300][671.803s][info][gc] GC(1233) Cannot finish degeneration, upgrading to Full GC
[2021-02-07T17:38:09.765+0300][672.077s][info][gc] GC(1233) Pause Degenerated GC (Outside of Cycle) 250M->250M(256M) 392.231ms
[2021-02-07T17:38:09.766+0300][672.078s][info][gc] Failed to allocate TLAB, 2768B
[2021-02-07T17:38:09.766+0300][672.078s][info][gc] Cancelling GC: Allocation Failure
[2021-02-07T17:38:09.767+0300][672.079s][info][gc] Trigger: Handle Allocation Failure
[2021-02-07T17:38:09.884+0300][672.196s][info][gc] GC(1234) Cancelling GC: Allocation Failure During Evacuation
[2021-02-07T17:38:09.886+0300][672.198s][info][gc] GC(1234) Cannot finish degeneration, upgrading to Full GC
[2021-02-07T17:38:10.157+0300][672.470s][info][gc] GC(1234) Pause Degenerated GC (Outside of Cycle) 250M->250M(256M) 390.460ms
[2021-02-07T17:38:10.158+0300][672.471s][info][gc] Failed to allocate TLAB, 2656B
[2021-02-07T17:38:10.158+0300][672.471s][info][gc] Cancelling GC: Allocation Failure
[2021-02-07T17:38:10.160+0300][672.472s][info][gc] Trigger: Handle Allocation Failure
[2021-02-07T17:38:10.277+0300][672.589s][info][gc] GC(1235) Cancelling GC: Allocation Failure During Evacuation
[2021-02-07T17:38:10.279+0300][672.591s][info][gc] GC(1235) Cannot finish degeneration, upgrading to Full GC
[2021-02-07T17:38:10.554+0300][672.866s][info][gc] GC(1235) Pause Degenerated GC (Outside of Cycle) 250M->250M(256M) 393.664ms
[2021-02-07T17:38:10.555+0300][672.867s][info][gc] Failed to allocate TLAB, 2648B
[2021-02-07T17:38:10.555+0300][672.867s][info][gc] Cancelling GC: Allocation Failure
[2021-02-07T17:38:10.556+0300][672.868s][info][gc] Trigger: Handle Allocation Failure
[2021-02-07T17:38:10.822+0300][673.134s][info][gc] GC(1236) Pause Full 250M->250M(256M) 265.802ms
[2021-02-07T17:38:10.822+0300][673.135s][info][gc] Failed to allocate TLAB, 3288B
[2021-02-07T17:38:10.822+0300][673.135s][info][gc] Cancelling GC: Allocation Failure
[2021-02-07T17:38:10.825+0300][673.137s][info][gc] Trigger: Handle Allocation Failure
[2021-02-07T17:38:10.942+0300][673.255s][info][gc] GC(1237) Cancelling GC: Allocation Failure During Evacuation
[2021-02-07T17:38:10.944+0300][673.256s][info][gc] GC(1237) Cannot finish degeneration, upgrading to Full GC
[2021-02-07T17:38:11.220+0300][673.533s][info][gc] GC(1237) Pause Degenerated GC (Outside of Cycle) 250M->250M(256M) 395.296ms
[2021-02-07T17:38:11.221+0300][673.534s][info][gc] Failed to allocate TLAB, 2656B
[2021-02-07T17:38:11.221+0300][673.534s][info][gc] Cancelling GC: Allocation Failure
[2021-02-07T17:38:11.223+0300][673.535s][info][gc] Trigger: Handle Allocation Failure
[2021-02-07T17:38:11.341+0300][673.654s][info][gc] GC(1238) Cancelling GC: Allocation Failure During Evacuation
[2021-02-07T17:38:11.343+0300][673.655s][info][gc] GC(1238) Cannot finish degeneration, upgrading to Full GC
[2021-02-07T17:38:11.618+0300][673.930s][info][gc] GC(1238) Pause Degenerated GC (Outside of Cycle) 250M->250M(256M) 394.998ms
[2021-02-07T17:38:11.619+0300][673.932s][info][gc] Failed to allocate TLAB, 2648B
[2021-02-07T17:38:11.619+0300][673.932s][info][gc] Cancelling GC: Allocation Failure
[2021-02-07T17:38:11.620+0300][673.932s][info][gc] Trigger: Handle Allocation Failure
[2021-02-07T17:38:11.737+0300][674.049s][info][gc] GC(1239) Cancelling GC: Allocation Failure During Evacuation
[2021-02-07T17:38:11.739+0300][674.051s][info][gc] GC(1239) Cannot finish degeneration, upgrading to Full GC
[2021-02-07T17:38:12.015+0300][674.328s][info][gc] GC(1239) Pause Degenerated GC (Outside of Cycle) 250M->250M(256M) 395.206ms
[2021-02-07T17:38:12.017+0300][674.329s][info][gc] Trigger: Free (311K) is below minimum threshold (26214K)
[2021-02-07T17:38:12.017+0300][674.329s][info][gc] GC(1240) Concurrent reset 0.132ms
[2021-02-07T17:38:12.017+0300][674.330s][info][gc] GC(1240) Pause Init Mark (process weakrefs) (unload classes) 0.134ms
[2021-02-07T17:38:12.362+0300][674.674s][info][gc] GC(1240) Concurrent marking (process weakrefs) (unload classes) 344.403ms
[2021-02-07T17:38:12.362+0300][674.674s][info][gc] GC(1240) Concurrent precleaning 0.150ms
[2021-02-07T17:38:12.367+0300][674.679s][info][gc] GC(1240) Pause Final Mark (process weakrefs) (unload classes) 0.397ms
[2021-02-07T17:38:12.373+0300][674.685s][info][gc] GC(1240) Concurrent weak roots 5.449ms
[2021-02-07T17:38:12.373+0300][674.685s][info][gc] GC(1240) Concurrent cleanup 253M->253M(256M) 0.011ms
[2021-02-07T17:38:12.378+0300][674.690s][info][gc] GC(1240) Concurrent class unloading 5.061ms
[2021-02-07T17:38:12.378+0300][674.690s][info][gc] GC(1240) Concurrent strong roots 0.049ms
[2021-02-07T17:38:12.380+0300][674.692s][info][gc] GC(1240) Failed to allocate 16B for evacuation
[2021-02-07T17:38:12.380+0300][674.692s][info][gc] GC(1240) Cancelling GC: Allocation Failure During Evacuation
[2021-02-07T17:38:12.382+0300][674.694s][info][gc] GC(1240) Concurrent evacuation 3.836ms
[2021-02-07T17:38:12.384+0300][674.696s][info][gc] Trigger: Handle Allocation Failure
[2021-02-07T17:38:12.384+0300][674.697s][info][gc] GC(1241) Cancelling GC: Allocation Failure During Evacuation
[2021-02-07T17:38:12.386+0300][674.698s][info][gc] GC(1241) Cannot finish degeneration, upgrading to Full GC
[2021-02-07T17:38:12.656+0300][674.969s][info][gc] GC(1241) Pause Degenerated GC (Evacuation) 255M->250M(256M) 272.328ms
[2021-02-07T17:38:12.659+0300][674.971s][info][gc] Failed to allocate TLAB, 2712B
[2021-02-07T17:38:12.659+0300][674.971s][info][gc] Cancelling GC: Allocation Failure
[2021-02-07T17:38:12.660+0300][674.972s][info][gc] Trigger: Handle Allocation Failure
[2021-02-07T17:38:12.923+0300][675.236s][info][gc] GC(1242) Pause Full 250M->250M(256M) 263.512ms
[2021-02-07T17:38:12.926+0300][675.239s][info][gc] Failed to allocate TLAB, 5552B
[2021-02-07T17:38:12.926+0300][675.239s][info][gc] Cancelling GC: Allocation Failure
[2021-02-07T17:38:12.927+0300][675.239s][info][gc] Trigger: Handle Allocation Failure
[2021-02-07T17:38:13.044+0300][675.356s][info][gc] GC(1243) Cancelling GC: Allocation Failure During Evacuation
[2021-02-07T17:38:13.047+0300][675.358s][info][gc] GC(1243) Cannot finish degeneration, upgrading to Full GC
[2021-02-07T17:38:13.317+0300][675.630s][info][gc] GC(1243) Pause Degenerated GC (Outside of Cycle) 250M->250M(256M) 390.366ms
[2021-02-07T17:38:13.319+0300][675.631s][info][gc] Failed to allocate TLAB, 2728B
[2021-02-07T17:38:13.319+0300][675.631s][info][gc] Cancelling GC: Allocation Failure
[2021-02-07T17:38:13.320+0300][675.632s][info][gc] Trigger: Handle Allocation Failure
[2021-02-07T17:38:13.438+0300][675.751s][info][gc] GC(1244) Cancelling GC: Allocation Failure During Evacuation
[2021-02-07T17:38:13.440+0300][675.752s][info][gc] GC(1244) Cannot finish degeneration, upgrading to Full GC
[2021-02-07T17:38:13.711+0300][676.023s][info][gc] GC(1244) Pause Degenerated GC (Outside of Cycle) 250M->250M(256M) 391.370ms
[2021-02-07T17:38:13.713+0300][676.025s][info][gc] Trigger: Free (16880B) is below minimum threshold (26214K)
[2021-02-07T17:38:13.713+0300][676.025s][info][gc] Failed to allocate TLAB, 2648B
[2021-02-07T17:38:13.713+0300][676.025s][info][gc] Cancelling GC: Allocation Failure
[2021-02-07T17:38:13.713+0300][676.025s][info][gc] GC(1245) Concurrent reset 0.134ms
[2021-02-07T17:38:13.713+0300][676.026s][info][gc] GC(1245) Pause Init Mark (process weakrefs) (unload classes) 0.147ms
[2021-02-07T17:38:13.714+0300][676.026s][info][gc] GC(1245) Concurrent marking (process weakrefs) (unload classes) 0.151ms
[2021-02-07T17:38:13.717+0300][676.029s][info][gc] Trigger: Handle Allocation Failure
[2021-02-07T17:38:13.890+0300][676.202s][info][gc] GC(1246) Cancelling GC: Allocation Failure During Evacuation
[2021-02-07T17:38:13.893+0300][676.204s][info][gc] GC(1246) Cannot finish degeneration, upgrading to Full GC
[2021-02-07T17:38:14.161+0300][676.474s][info][gc] GC(1246) Pause Degenerated GC (Mark) 250M->250M(256M) 426.579ms
[2021-02-07T17:38:14.163+0300][676.475s][info][gc] Failed to allocate TLAB, 2680B
[2021-02-07T17:38:14.163+0300][676.475s][info][gc] Cancelling GC: Allocation Failure
[2021-02-07T17:38:14.164+0300][676.476s][info][gc] Trigger: Handle Allocation Failure
[2021-02-07T17:38:14.282+0300][676.594s][info][gc] GC(1247) Cancelling GC: Allocation Failure During Evacuation
[2021-02-07T17:38:14.284+0300][676.596s][info][gc] GC(1247) Cannot finish degeneration, upgrading to Full GC
[2021-02-07T17:38:14.558+0300][676.871s][info][gc] GC(1247) Pause Degenerated GC (Outside of Cycle) 250M->250M(256M) 394.361ms
[2021-02-07T17:38:14.559+0300][676.872s][info][gc] Failed to allocate TLAB, 2712B
[2021-02-07T17:38:14.560+0300][676.872s][info][gc] Cancelling GC: Allocation Failure
[2021-02-07T17:38:14.561+0300][676.873s][info][gc] Trigger: Handle Allocation Failure
[2021-02-07T17:38:14.825+0300][677.137s][info][gc] GC(1248) Pause Full 250M->250M(256M) 264.058ms
[2021-02-07T17:38:14.826+0300][677.139s][info][gc] Failed to allocate TLAB, 2680B
[2021-02-07T17:38:14.826+0300][677.139s][info][gc] Cancelling GC: Allocation Failure
[2021-02-07T17:38:14.828+0300][677.140s][info][gc] Trigger: Handle Allocation Failure
[2021-02-07T17:38:14.945+0300][677.257s][info][gc] GC(1249) Cancelling GC: Allocation Failure During Evacuation
[2021-02-07T17:38:14.947+0300][677.259s][info][gc] GC(1249) Cannot finish degeneration, upgrading to Full GC
[2021-02-07T17:38:15.219+0300][677.532s][info][gc] GC(1249) Pause Degenerated GC (Outside of Cycle) 250M->250M(256M) 391.326ms
[2021-02-07T17:38:15.221+0300][677.533s][info][gc] Trigger: Free (362K) is below minimum threshold (26214K)
[2021-02-07T17:38:15.221+0300][677.533s][info][gc] GC(1250) Concurrent reset 0.087ms
[2021-02-07T17:38:15.221+0300][677.534s][info][gc] GC(1250) Pause Init Mark (process weakrefs) (unload classes) 0.129ms
[2021-02-07T17:38:15.566+0300][677.878s][info][gc] GC(1250) Concurrent marking (process weakrefs) (unload classes) 344.380ms
[2021-02-07T17:38:15.566+0300][677.878s][info][gc] GC(1250) Concurrent precleaning 0.149ms
[2021-02-07T17:38:15.570+0300][677.881s][info][gc] GC(1250) Pause Final Mark (process weakrefs) (unload classes) 0.400ms
[2021-02-07T17:38:15.575+0300][677.887s][info][gc] GC(1250) Concurrent weak roots 5.329ms
[2021-02-07T17:38:15.575+0300][677.887s][info][gc] GC(1250) Concurrent cleanup 253M->253M(256M) 0.011ms
[2021-02-07T17:38:15.580+0300][677.892s][info][gc] GC(1250) Concurrent class unloading 5.080ms
[2021-02-07T17:38:15.580+0300][677.892s][info][gc] GC(1250) Concurrent strong roots 0.126ms
[2021-02-07T17:38:15.582+0300][677.894s][info][gc] GC(1250) Failed to allocate 16B for evacuation
[2021-02-07T17:38:15.582+0300][677.894s][info][gc] GC(1250) Cancelling GC: Allocation Failure During Evacuation
[2021-02-07T17:38:15.584+0300][677.896s][info][gc] GC(1250) Concurrent evacuation 3.779ms
[2021-02-07T17:38:15.586+0300][677.898s][info][gc] Trigger: Handle Allocation Failure
[2021-02-07T17:38:15.586+0300][677.899s][info][gc] GC(1251) Cancelling GC: Allocation Failure During Evacuation
[2021-02-07T17:38:15.589+0300][677.900s][info][gc] GC(1251) Cannot finish degeneration, upgrading to Full GC
[2021-02-07T17:38:15.862+0300][678.175s][info][gc] GC(1251) Pause Degenerated GC (Evacuation) 255M->250M(256M) 276.211ms
[2021-02-07T17:38:15.864+0300][678.177s][info][gc] Failed to allocate TLAB, 2712B
[2021-02-07T17:38:15.864+0300][678.177s][info][gc] Cancelling GC: Allocation Failure
[2021-02-07T17:38:15.865+0300][678.177s][info][gc] Trigger: Handle Allocation Failure
[2021-02-07T17:38:15.981+0300][678.294s][info][gc] GC(1252) Cancelling GC: Allocation Failure During Evacuation
[2021-02-07T17:38:15.983+0300][678.295s][info][gc] GC(1252) Cannot finish degeneration, upgrading to Full GC
[2021-02-07T17:38:16.263+0300][678.576s][info][gc] GC(1252) Pause Degenerated GC (Outside of Cycle) 250M->250M(256M) 398.363ms
[2021-02-07T17:38:16.265+0300][678.577s][info][gc] Trigger: Free (72832B) is below minimum threshold (26214K)
[2021-02-07T17:38:16.265+0300][678.577s][info][gc] GC(1253) Concurrent reset 0.137ms
[2021-02-07T17:38:16.265+0300][678.577s][info][gc] GC(1253) Pause Init Mark (unload classes) 0.158ms
[2021-02-07T17:38:16.327+0300][678.639s][info][gc] Failed to allocate TLAB, 2680B
[2021-02-07T17:38:16.327+0300][678.639s][info][gc] Cancelling GC: Allocation Failure
[2021-02-07T17:38:16.327+0300][678.639s][info][gc] GC(1253) Concurrent marking (unload classes) 61.431ms
[2021-02-07T17:38:16.329+0300][678.641s][info][gc] Trigger: Handle Allocation Failure
[2021-02-07T17:38:16.947+0300][679.260s][info][gc] GC(1254) Cancelling GC: Allocation Failure During Evacuation
[2021-02-07T17:38:16.949+0300][679.261s][info][gc] GC(1254) Cannot finish degeneration, upgrading to Full GC
[2021-02-07T17:38:17.227+0300][679.539s][info][gc] GC(1254) Pause Degenerated GC (Mark) 250M->250M(256M) 897.084ms
[2021-02-07T17:38:17.229+0300][679.541s][info][gc] Trigger: Free (92288B) is below minimum threshold (26214K)
[2021-02-07T17:38:17.229+0300][679.541s][info][gc] GC(1255) Concurrent reset 0.157ms
[2021-02-07T17:38:17.229+0300][679.542s][info][gc] GC(1255) Pause Init Mark (process weakrefs) (unload classes) 0.223ms
[2021-02-07T17:38:17.269+0300][679.581s][info][gc] Failed to allocate TLAB, 3352B
[2021-02-07T17:38:17.269+0300][679.581s][info][gc] Cancelling GC: Allocation Failure
[2021-02-07T17:38:17.269+0300][679.581s][info][gc] GC(1255) Concurrent marking (process weakrefs) (unload classes) 39.170ms
[2021-02-07T17:38:17.272+0300][679.584s][info][gc] Trigger: Handle Allocation Failure
[2021-02-07T17:38:17.549+0300][679.861s][info][gc] GC(1256) Pause Full 250M->250M(256M) 274.196ms
[2021-02-07T17:38:17.552+0300][679.864s][info][gc] Trigger: Free (297K) is below minimum threshold (26214K)
[2021-02-07T17:38:17.552+0300][679.864s][info][gc] GC(1257) Concurrent reset 0.104ms
[2021-02-07T17:38:17.552+0300][679.864s][info][gc] GC(1257) Pause Init Mark (unload classes) 0.122ms
[2021-02-07T17:38:17.894+0300][680.207s][info][gc] GC(1257) Concurrent marking (unload classes) 342.134ms
[2021-02-07T17:38:17.899+0300][680.211s][info][gc] GC(1257) Pause Final Mark (unload classes) 0.383ms
[2021-02-07T17:38:17.899+0300][680.211s][info][gc] Failed to allocate Shared, 1528B
[2021-02-07T17:38:17.899+0300][680.211s][info][gc] Cancelling GC: Allocation Failure
[2021-02-07T17:38:17.905+0300][680.217s][info][gc] GC(1257) Concurrent weak roots 5.485ms
[2021-02-07T17:38:17.905+0300][680.217s][info][gc] GC(1257) Concurrent cleanup 253M->253M(256M) 0.010ms
[2021-02-07T17:38:17.910+0300][680.222s][info][gc] GC(1257) Concurrent class unloading 5.121ms
[2021-02-07T17:38:17.910+0300][680.222s][info][gc] GC(1257) Concurrent strong roots 0.111ms
[2021-02-07T17:38:17.910+0300][680.222s][info][gc] GC(1257) Concurrent evacuation 0.219ms
[2021-02-07T17:38:17.912+0300][680.224s][info][gc] Trigger: Handle Allocation Failure
[2021-02-07T17:38:17.915+0300][680.228s][info][gc] GC(1258) Cancelling GC: Allocation Failure During Evacuation
[2021-02-07T17:38:17.917+0300][680.229s][info][gc] GC(1258) Cannot finish degeneration, upgrading to Full GC
[2021-02-07T17:38:18.191+0300][680.503s][info][gc] GC(1258) Pause Degenerated GC (Evacuation) 253M->250M(256M) 276.302ms
[2021-02-07T17:38:18.193+0300][680.505s][info][gc] Trigger: Free (294K) is below minimum threshold (26214K)
[2021-02-07T17:38:18.193+0300][680.505s][info][gc] GC(1259) Concurrent reset 0.113ms
[2021-02-07T17:38:18.193+0300][680.505s][info][gc] GC(1259) Pause Init Mark (unload classes) 0.111ms
[2021-02-07T17:38:18.540+0300][680.853s][info][gc] GC(1259) Concurrent marking (unload classes) 347.235ms
[2021-02-07T17:38:18.546+0300][680.858s][info][gc] GC(1259) Pause Final Mark (unload classes) 0.454ms
[2021-02-07T17:38:18.551+0300][680.863s][info][gc] GC(1259) Concurrent weak roots 5.224ms
[2021-02-07T17:38:18.551+0300][680.863s][info][gc] GC(1259) Concurrent cleanup 253M->253M(256M) 0.009ms
[2021-02-07T17:38:18.556+0300][680.868s][info][gc] GC(1259) Concurrent class unloading 5.143ms
[2021-02-07T17:38:18.556+0300][680.868s][info][gc] GC(1259) Concurrent strong roots 0.077ms
[2021-02-07T17:38:18.558+0300][680.871s][info][gc] GC(1259) Failed to allocate 24B for evacuation
[2021-02-07T17:38:18.558+0300][680.871s][info][gc] GC(1259) Cancelling GC: Allocation Failure During Evacuation
[2021-02-07T17:38:18.560+0300][680.872s][info][gc] GC(1259) Concurrent evacuation 3.729ms
[2021-02-07T17:38:18.562+0300][680.874s][info][gc] Trigger: Handle Allocation Failure
[2021-02-07T17:38:18.562+0300][680.875s][info][gc] GC(1260) Cancelling GC: Allocation Failure During Evacuation
[2021-02-07T17:38:18.564+0300][680.876s][info][gc] GC(1260) Cannot finish degeneration, upgrading to Full GC
[2021-02-07T17:38:18.845+0300][681.157s][info][gc] GC(1260) Pause Degenerated GC (Evacuation) 255M->250M(256M) 283.200ms
[2021-02-07T17:38:18.847+0300][681.159s][info][gc] Failed to allocate TLAB, 2680B
[2021-02-07T17:38:18.847+0300][681.159s][info][gc] Cancelling GC: Allocation Failure
[2021-02-07T17:38:18.848+0300][681.160s][info][gc] Trigger: Handle Allocation Failure
[2021-02-07T17:38:18.965+0300][681.276s][info][gc] GC(1261) Cancelling GC: Allocation Failure During Evacuation
[2021-02-07T17:38:18.967+0300][681.278s][info][gc] GC(1261) Cannot finish degeneration, upgrading to Full GC
[2021-02-07T17:38:19.242+0300][681.553s][info][gc] GC(1261) Pause Degenerated GC (Outside of Cycle) 250M->250M(256M) 393.111ms
[2021-02-07T17:38:19.244+0300][681.555s][info][gc] Trigger: Free (36472B) is below minimum threshold (26214K)
[2021-02-07T17:38:19.244+0300][681.555s][info][gc] GC(1262) Concurrent reset 0.124ms
[2021-02-07T17:38:19.244+0300][681.556s][info][gc] GC(1262) Pause Init Mark (unload classes) 0.129ms
[2021-02-07T17:38:19.268+0300][681.579s][info][gc] Failed to allocate TLAB, 2680B
[2021-02-07T17:38:19.268+0300][681.579s][info][gc] Cancelling GC: Allocation Failure
[2021-02-07T17:38:19.272+0300][681.583s][info][gc] GC(1262) Concurrent marking (unload classes) 27.195ms
[2021-02-07T17:38:19.274+0300][681.585s][info][gc] Trigger: Handle Allocation Failure
[2021-02-07T17:38:19.923+0300][682.235s][info][gc] GC(1263) Cancelling GC: Allocation Failure During Evacuation
[2021-02-07T17:38:19.925+0300][682.236s][info][gc] GC(1263) Cannot finish degeneration, upgrading to Full GC
[2021-02-07T17:38:20.199+0300][682.510s][info][gc] GC(1263) Pause Degenerated GC (Mark) 250M->250M(256M) 922.198ms
[2021-02-07T17:38:20.201+0300][682.512s][info][gc] Trigger: Free (31456B) is below minimum threshold (26214K)
[2021-02-07T17:38:20.201+0300][682.512s][info][gc] GC(1264) Concurrent reset 0.096ms
[2021-02-07T17:38:20.201+0300][682.512s][info][gc] Failed to allocate TLAB, 2896B
[2021-02-07T17:38:20.201+0300][682.512s][info][gc] Cancelling GC: Allocation Failure
[2021-02-07T17:38:20.202+0300][682.513s][info][gc] GC(1264) Pause Init Mark (unload classes) 0.154ms
[2021-02-07T17:38:20.202+0300][682.514s][info][gc] GC(1264) Concurrent marking (unload classes) 0.238ms
[2021-02-07T17:38:20.205+0300][682.516s][info][gc] Trigger: Handle Allocation Failure
[2021-02-07T17:38:20.476+0300][682.788s][info][gc] GC(1265) Pause Full 250M->250M(256M) 262.642ms
[2021-02-07T17:38:20.477+0300][682.788s][info][gc] Failed to allocate TLAB, 2648B
[2021-02-07T17:38:20.477+0300][682.788s][info][gc] Cancelling GC: Allocation Failure
[2021-02-07T17:38:20.480+0300][682.791s][info][gc] Trigger: Handle Allocation Failure
[2021-02-07T17:38:20.597+0300][682.909s][info][gc] GC(1266) Cancelling GC: Allocation Failure During Evacuation
[2021-02-07T17:38:20.599+0300][682.910s][info][gc] GC(1266) Cannot finish degeneration, upgrading to Full GC
[2021-02-07T17:38:20.871+0300][683.182s][info][gc] GC(1266) Pause Degenerated GC (Outside of Cycle) 250M->250M(256M) 390.950ms
[2021-02-07T17:38:20.871+0300][683.183s][info][gc] Failed to allocate TLAB, 2664B
[2021-02-07T17:38:20.871+0300][683.183s][info][gc] Cancelling GC: Allocation Failure
[2021-02-07T17:38:20.873+0300][683.184s][info][gc] Trigger: Handle Allocation Failure
[2021-02-07T17:38:20.990+0300][683.301s][info][gc] GC(1267) Cancelling GC: Allocation Failure During Evacuation
[2021-02-07T17:38:20.992+0300][683.303s][info][gc] GC(1267) Cannot finish degeneration, upgrading to Full GC
[2021-02-07T17:38:21.262+0300][683.574s][info][gc] GC(1267) Pause Degenerated GC (Outside of Cycle) 250M->250M(256M) 388.971ms
[2021-02-07T17:38:21.263+0300][683.574s][info][gc] Failed to allocate TLAB, 2736B
[2021-02-07T17:38:21.263+0300][683.574s][info][gc] Cancelling GC: Allocation Failure
[2021-02-07T17:38:21.264+0300][683.575s][info][gc] Trigger: Handle Allocation Failure
[2021-02-07T17:38:21.382+0300][683.693s][info][gc] GC(1268) Cancelling GC: Allocation Failure During Evacuation
[2021-02-07T17:38:21.384+0300][683.695s][info][gc] GC(1268) Cannot finish degeneration, upgrading to Full GC
[2021-02-07T17:38:21.657+0300][683.968s][info][gc] GC(1268) Pause Degenerated GC (Outside of Cycle) 250M->250M(256M) 392.604ms
[2021-02-07T17:38:21.657+0300][683.969s][info][gc] Failed to allocate TLAB, 2640B
[2021-02-07T17:38:21.657+0300][683.969s][info][gc] Cancelling GC: Allocation Failure
[2021-02-07T17:38:21.659+0300][683.970s][info][gc] Trigger: Handle Allocation Failure
[2021-02-07T17:38:21.777+0300][684.088s][info][gc] GC(1269) Cancelling GC: Allocation Failure During Evacuation
[2021-02-07T17:38:21.779+0300][684.090s][info][gc] GC(1269) Cannot finish degeneration, upgrading to Full GC
[2021-02-07T17:38:22.052+0300][684.363s][info][gc] GC(1269) Pause Degenerated GC (Outside of Cycle) 250M->250M(256M) 393.073ms
[2021-02-07T17:38:22.053+0300][684.365s][info][gc] Failed to allocate TLAB, 2664B
[2021-02-07T17:38:22.053+0300][684.365s][info][gc] Cancelling GC: Allocation Failure
[2021-02-07T17:38:22.054+0300][684.365s][info][gc] Trigger: Handle Allocation Failure
[2021-02-07T17:38:22.320+0300][684.632s][info][gc] GC(1270) Pause Full 250M->250M(256M) 266.108ms
[2021-02-07T17:38:22.322+0300][684.633s][info][gc] Failed to allocate TLAB, 2656B
[2021-02-07T17:38:22.322+0300][684.633s][info][gc] Cancelling GC: Allocation Failure
[2021-02-07T17:38:22.323+0300][684.634s][info][gc] Trigger: Handle Allocation Failure
[2021-02-07T17:38:22.439+0300][684.750s][info][gc] GC(1271) Cancelling GC: Allocation Failure During Evacuation
[2021-02-07T17:38:22.441+0300][684.752s][info][gc] GC(1271) Cannot finish degeneration, upgrading to Full GC
[2021-02-07T17:38:22.711+0300][685.023s][info][gc] GC(1271) Pause Degenerated GC (Outside of Cycle) 250M->250M(256M) 388.370ms
[2021-02-07T17:38:22.713+0300][685.024s][info][gc] Trigger: Free (45784B) is below minimum threshold (26214K)
[2021-02-07T17:38:22.713+0300][685.024s][info][gc] GC(1272) Concurrent reset 0.139ms
[2021-02-07T17:38:22.713+0300][685.024s][info][gc] Failed to allocate Shared, 272B
[2021-02-07T17:38:22.713+0300][685.024s][info][gc] Cancelling GC: Allocation Failure
[2021-02-07T17:38:22.713+0300][685.025s][info][gc] GC(1272) Pause Init Mark (unload classes) 0.118ms
[2021-02-07T17:38:22.713+0300][685.025s][info][gc] GC(1272) Concurrent marking (unload classes) 0.108ms
[2021-02-07T17:38:22.715+0300][685.026s][info][gc] Trigger: Handle Allocation Failure
[2021-02-07T17:38:22.895+0300][685.206s][info][gc] GC(1273) Cancelling GC: Allocation Failure During Evacuation
[2021-02-07T17:38:22.897+0300][685.208s][info][gc] GC(1273) Cannot finish degeneration, upgrading to Full GC
[2021-02-07T17:38:23.167+0300][685.479s][info][gc] GC(1273) Pause Degenerated GC (Mark) 250M->250M(256M) 433.615ms
[2021-02-07T17:38:23.169+0300][685.480s][info][gc] Failed to allocate TLAB, 2648B
[2021-02-07T17:38:23.169+0300][685.480s][info][gc] Cancelling GC: Allocation Failure
[2021-02-07T17:38:23.170+0300][685.481s][info][gc] Trigger: Handle Allocation Failure
[2021-02-07T17:38:23.287+0300][685.599s][info][gc] GC(1274) Cancelling GC: Allocation Failure During Evacuation
[2021-02-07T17:38:23.289+0300][685.600s][info][gc] GC(1274) Cannot finish degeneration, upgrading to Full GC
[2021-02-07T17:38:23.562+0300][685.873s][info][gc] GC(1274) Pause Degenerated GC (Outside of Cycle) 250M->250M(256M) 391.921ms
[2021-02-07T17:38:23.562+0300][685.874s][info][gc] Failed to allocate TLAB, 2656B
[2021-02-07T17:38:23.562+0300][685.874s][info][gc] Cancelling GC: Allocation Failure
[2021-02-07T17:38:23.564+0300][685.875s][info][gc] Trigger: Handle Allocation Failure
[2021-02-07T17:38:23.682+0300][685.994s][info][gc] GC(1275) Cancelling GC: Allocation Failure During Evacuation
[2021-02-07T17:38:23.684+0300][685.995s][info][gc] GC(1275) Cannot finish degeneration, upgrading to Full GC
[2021-02-07T17:38:23.958+0300][686.269s][info][gc] GC(1275) Pause Degenerated GC (Outside of Cycle) 250M->250M(256M) 394.052ms
[2021-02-07T17:38:23.958+0300][686.270s][info][gc] Failed to allocate TLAB, 2648B
[2021-02-07T17:38:23.958+0300][686.270s][info][gc] Cancelling GC: Allocation Failure
[2021-02-07T17:38:23.960+0300][686.271s][info][gc] Trigger: Handle Allocation Failure
[2021-02-07T17:38:24.222+0300][686.533s][info][gc] GC(1276) Pause Full 250M->250M(256M) 261.975ms
[2021-02-07T17:38:24.222+0300][686.533s][info][gc] Failed to allocate TLAB, 2640B
[2021-02-07T17:38:24.222+0300][686.533s][info][gc] Cancelling GC: Allocation Failure
[2021-02-07T17:38:24.225+0300][686.536s][info][gc] Trigger: Handle Allocation Failure
[2021-02-07T17:38:24.341+0300][686.653s][info][gc] GC(1277) Cancelling GC: Allocation Failure During Evacuation
[2021-02-07T17:38:24.343+0300][686.654s][info][gc] GC(1277) Cannot finish degeneration, upgrading to Full GC
[2021-02-07T17:38:24.612+0300][686.923s][info][gc] GC(1277) Pause Degenerated GC (Outside of Cycle) 250M->250M(256M) 386.725ms
[2021-02-07T17:38:24.612+0300][686.923s][info][gc] Failed to allocate TLAB, 2648B
[2021-02-07T17:38:24.612+0300][686.923s][info][gc] Cancelling GC: Allocation Failure
[2021-02-07T17:38:24.614+0300][686.925s][info][gc] Trigger: Handle Allocation Failure
[2021-02-07T17:38:24.729+0300][687.041s][info][gc] GC(1278) Cancelling GC: Allocation Failure During Evacuation
[2021-02-07T17:38:24.731+0300][687.042s][info][gc] GC(1278) Cannot finish degeneration, upgrading to Full GC
[2021-02-07T17:38:25.003+0300][687.315s][info][gc] GC(1278) Pause Degenerated GC (Outside of Cycle) 250M->250M(256M) 389.488ms
[2021-02-07T17:38:25.003+0300][687.315s][info][gc] Failed to allocate TLAB, 2656B
[2021-02-07T17:38:25.003+0300][687.315s][info][gc] Cancelling GC: Allocation Failure
[2021-02-07T17:38:25.005+0300][687.316s][info][gc] Trigger: Handle Allocation Failure
[2021-02-07T17:38:25.124+0300][687.435s][info][gc] GC(1279) Cancelling GC: Allocation Failure During Evacuation
[2021-02-07T17:38:25.126+0300][687.437s][info][gc] GC(1279) Cannot finish degeneration, upgrading to Full GC
[2021-02-07T17:38:25.399+0300][687.711s][info][gc] GC(1279) Pause Degenerated GC (Outside of Cycle) 250M->250M(256M) 394.006ms
[2021-02-07T17:38:25.399+0300][687.711s][info][gc] Failed to allocate TLAB, 2656B
[2021-02-07T17:38:25.399+0300][687.711s][info][gc] Cancelling GC: Allocation Failure
[2021-02-07T17:38:25.401+0300][687.712s][info][gc] Trigger: Handle Allocation Failure
[2021-02-07T17:38:25.519+0300][687.830s][info][gc] GC(1280) Cancelling GC: Allocation Failure During Evacuation
[2021-02-07T17:38:25.521+0300][687.832s][info][gc] GC(1280) Cannot finish degeneration, upgrading to Full GC
[2021-02-07T17:38:25.793+0300][688.104s][info][gc] GC(1280) Pause Degenerated GC (Outside of Cycle) 250M->250M(256M) 391.690ms
[2021-02-07T17:38:25.793+0300][688.104s][info][gc] Failed to allocate TLAB, 2640B
[2021-02-07T17:38:25.793+0300][688.104s][info][gc] Cancelling GC: Allocation Failure
[2021-02-07T17:38:25.795+0300][688.106s][info][gc] Trigger: Handle Allocation Failure
[2021-02-07T17:38:26.057+0300][688.369s][info][gc] GC(1281) Pause Full 250M->250M(256M) 262.579ms
[2021-02-07T17:38:26.058+0300][688.369s][info][gc] Failed to allocate TLAB, 2648B
[2021-02-07T17:38:26.058+0300][688.369s][info][gc] Cancelling GC: Allocation Failure
[2021-02-07T17:38:26.061+0300][688.372s][info][gc] Trigger: Handle Allocation Failure
[2021-02-07T17:38:26.179+0300][688.491s][info][gc] GC(1282) Cancelling GC: Allocation Failure During Evacuation
[2021-02-07T17:38:26.181+0300][688.492s][info][gc] GC(1282) Cannot finish degeneration, upgrading to Full GC
[2021-02-07T17:38:26.454+0300][688.766s][info][gc] GC(1282) Pause Degenerated GC (Outside of Cycle) 250M->250M(256M) 393.237ms
[2021-02-07T17:38:26.454+0300][688.766s][info][gc] Failed to allocate TLAB, 2656B
[2021-02-07T17:38:26.454+0300][688.766s][info][gc] Cancelling GC: Allocation Failure
[2021-02-07T17:38:26.456+0300][688.767s][info][gc] Trigger: Handle Allocation Failure
[2021-02-07T17:38:26.572+0300][688.884s][info][gc] GC(1283) Cancelling GC: Allocation Failure During Evacuation
[2021-02-07T17:38:26.574+0300][688.885s][info][gc] GC(1283) Cannot finish degeneration, upgrading to Full GC
[2021-02-07T17:38:26.844+0300][689.155s][info][gc] GC(1283) Pause Degenerated GC (Outside of Cycle) 250M->250M(256M) 387.676ms
[2021-02-07T17:38:26.844+0300][689.156s][info][gc] Failed to allocate TLAB, 2648B
[2021-02-07T17:38:26.844+0300][689.156s][info][gc] Cancelling GC: Allocation Failure
[2021-02-07T17:38:26.846+0300][689.157s][info][gc] Trigger: Handle Allocation Failure
[2021-02-07T17:38:26.962+0300][689.274s][info][gc] GC(1284) Cancelling GC: Allocation Failure During Evacuation
[2021-02-07T17:38:26.964+0300][689.275s][info][gc] GC(1284) Cannot finish degeneration, upgrading to Full GC
[2021-02-07T17:38:27.244+0300][689.555s][info][gc] GC(1284) Pause Degenerated GC (Outside of Cycle) 250M->250M(256M) 397.830ms
[2021-02-07T17:38:27.245+0300][689.556s][info][gc] Failed to allocate TLAB, 2664B
[2021-02-07T17:38:27.245+0300][689.556s][info][gc] Cancelling GC: Allocation Failure
[2021-02-07T17:38:27.246+0300][689.557s][info][gc] Trigger: Handle Allocation Failure
[2021-02-07T17:38:27.363+0300][689.675s][info][gc] GC(1285) Cancelling GC: Allocation Failure During Evacuation
[2021-02-07T17:38:27.363+0300][689.675s][info][gc] GC(1285) Cannot finish degeneration, upgrading to Full GC
[2021-02-07T17:38:27.639+0300][689.951s][info][gc] GC(1285) Pause Degenerated GC (Outside of Cycle) 250M->250M(256M) 393.148ms
[2021-02-07T17:38:27.640+0300][689.952s][info][gc] Failed to allocate TLAB, 2664B
[2021-02-07T17:38:27.640+0300][689.952s][info][gc] Cancelling GC: Allocation Failure
[2021-02-07T17:38:27.641+0300][689.952s][info][gc] Trigger: Handle Allocation Failure
[2021-02-07T17:38:27.903+0300][690.215s][info][gc] GC(1286) Pause Full 250M->250M(256M) 262.159ms
[2021-02-07T17:38:27.905+0300][690.217s][info][gc] Failed to allocate TLAB, 2648B
[2021-02-07T17:38:27.905+0300][690.217s][info][gc] Cancelling GC: Allocation Failure
[2021-02-07T17:38:27.906+0300][690.217s][info][gc] Trigger: Handle Allocation Failure
[2021-02-07T17:38:28.022+0300][690.334s][info][gc] GC(1287) Cancelling GC: Allocation Failure During Evacuation
[2021-02-07T17:38:28.024+0300][690.335s][info][gc] GC(1287) Cannot finish degeneration, upgrading to Full GC
[2021-02-07T17:38:28.295+0300][690.607s][info][gc] GC(1287) Pause Degenerated GC (Outside of Cycle) 250M->250M(256M) 389.377ms
[2021-02-07T17:38:28.298+0300][690.609s][info][gc] Trigger: Free (26640B) is below minimum threshold (26214K)
[2021-02-07T17:38:28.298+0300][690.609s][info][gc] GC(1288) Concurrent reset 0.129ms
[2021-02-07T17:38:28.298+0300][690.610s][info][gc] GC(1288) Pause Init Mark (unload classes) 0.077ms
[2021-02-07T17:38:28.484+0300][690.795s][info][gc] Failed to allocate TLAB, 2664B
[2021-02-07T17:38:28.484+0300][690.795s][info][gc] Cancelling GC: Allocation Failure
[2021-02-07T17:38:28.484+0300][690.795s][info][gc] GC(1288) Concurrent marking (unload classes) 185.620ms
[2021-02-07T17:38:28.486+0300][690.797s][info][gc] Trigger: Handle Allocation Failure
[2021-02-07T17:38:28.865+0300][691.177s][info][gc] GC(1289) Cancelling GC: Allocation Failure During Evacuation
[2021-02-07T17:38:28.867+0300][691.179s][info][gc] GC(1289) Cannot finish degeneration, upgrading to Full GC
[2021-02-07T17:38:29.140+0300][691.451s][info][gc] GC(1289) Pause Degenerated GC (Mark) 250M->250M(256M) 653.445ms
[2021-02-07T17:38:29.142+0300][691.453s][info][gc] Trigger: Free (21080B) is below minimum threshold (26214K)
[2021-02-07T17:38:29.142+0300][691.453s][info][gc] Failed to allocate TLAB, 2672B
[2021-02-07T17:38:29.142+0300][691.453s][info][gc] Cancelling GC: Allocation Failure
[2021-02-07T17:38:29.142+0300][691.453s][info][gc] GC(1290) Concurrent reset 0.094ms
[2021-02-07T17:38:29.142+0300][691.454s][info][gc] GC(1290) Pause Init Mark (process weakrefs) (unload classes) 0.110ms
[2021-02-07T17:38:29.142+0300][691.454s][info][gc] GC(1290) Concurrent marking (process weakrefs) (unload classes) 0.110ms
[2021-02-07T17:38:29.145+0300][691.456s][info][gc] Trigger: Handle Allocation Failure
[2021-02-07T17:38:29.295+0300][691.607s][info][gc] GC(1291) Cancelling GC: Allocation Failure During Evacuation
[2021-02-07T17:38:29.295+0300][691.607s][info][gc] GC(1291) Cannot finish degeneration, upgrading to Full GC
[2021-02-07T17:38:29.569+0300][691.881s][info][gc] GC(1291) Pause Degenerated GC (Mark) 250M->250M(256M) 406.283ms
[2021-02-07T17:38:29.570+0300][691.882s][info][gc] Failed to allocate TLAB, 2728B
[2021-02-07T17:38:29.571+0300][691.882s][info][gc] Cancelling GC: Allocation Failure
[2021-02-07T17:38:29.571+0300][691.882s][info][gc] Trigger: Handle Allocation Failure
[2021-02-07T17:38:29.687+0300][691.999s][info][gc] GC(1292) Cancelling GC: Allocation Failure During Evacuation
[2021-02-07T17:38:29.689+0300][692.000s][info][gc] GC(1292) Cannot finish degeneration, upgrading to Full GC
[2021-02-07T17:38:29.957+0300][692.269s][info][gc] GC(1292) Pause Degenerated GC (Outside of Cycle) 250M->250M(256M) 386.536ms
[2021-02-07T17:38:29.960+0300][692.271s][info][gc] Trigger: Free (6592B) is below minimum threshold (26214K)
[2021-02-07T17:38:29.960+0300][692.271s][info][gc] Failed to allocate TLAB, 2768B
[2021-02-07T17:38:29.960+0300][692.271s][info][gc] Cancelling GC: Allocation Failure
[2021-02-07T17:38:29.960+0300][692.271s][info][gc] GC(1293) Concurrent reset 0.127ms
[2021-02-07T17:38:29.960+0300][692.272s][info][gc] GC(1293) Pause Init Mark (unload classes) 0.135ms
[2021-02-07T17:38:29.960+0300][692.272s][info][gc] GC(1293) Concurrent marking (unload classes) 0.210ms
[2021-02-07T17:38:29.962+0300][692.273s][info][gc] Trigger: Handle Allocation Failure
[2021-02-07T17:38:30.242+0300][692.554s][info][gc] GC(1294) Pause Full 250M->250M(256M) 260.618ms
[2021-02-07T17:38:30.245+0300][692.556s][info][gc] Trigger: Free (45472B) is below minimum threshold (26214K)
[2021-02-07T17:38:30.245+0300][692.556s][info][gc] GC(1295) Concurrent reset 0.106ms
[2021-02-07T17:38:30.245+0300][692.557s][info][gc] GC(1295) Pause Init Mark (process weakrefs) (unload classes) 0.111ms
[2021-02-07T17:38:30.257+0300][692.568s][info][gc] Failed to allocate TLAB, 3440B
[2021-02-07T17:38:30.257+0300][692.568s][info][gc] Cancelling GC: Allocation Failure
[2021-02-07T17:38:30.273+0300][692.585s][info][gc] GC(1295) Concurrent marking (process weakrefs) (unload classes) 27.746ms
[2021-02-07T17:38:30.276+0300][692.587s][info][gc] Trigger: Handle Allocation Failure
[2021-02-07T17:38:30.920+0300][693.231s][info][gc] GC(1296) Cancelling GC: Allocation Failure During Evacuation
[2021-02-07T17:38:30.922+0300][693.233s][info][gc] GC(1296) Cannot finish degeneration, upgrading to Full GC
[2021-02-07T17:38:31.196+0300][693.508s][info][gc] GC(1296) Pause Degenerated GC (Mark) 250M->250M(256M) 919.552ms
[2021-02-07T17:38:31.198+0300][693.509s][info][gc] Failed to allocate TLAB, 2768B
[2021-02-07T17:38:31.198+0300][693.509s][info][gc] Cancelling GC: Allocation Failure
[2021-02-07T17:38:31.198+0300][693.509s][info][gc] Trigger: Handle Allocation Failure
[2021-02-07T17:38:31.315+0300][693.627s][info][gc] GC(1297) Cancelling GC: Allocation Failure During Evacuation
[2021-02-07T17:38:31.317+0300][693.628s][info][gc] GC(1297) Cannot finish degeneration, upgrading to Full GC
[2021-02-07T17:38:31.589+0300][693.901s][info][gc] GC(1297) Pause Degenerated GC (Outside of Cycle) 250M->250M(256M) 391.169ms
[2021-02-07T17:38:31.591+0300][693.902s][info][gc] Trigger: Free (58856B) is below minimum threshold (26214K)
[2021-02-07T17:38:31.591+0300][693.902s][info][gc] GC(1298) Concurrent reset 0.109ms
[2021-02-07T17:38:31.591+0300][693.903s][info][gc] GC(1298) Pause Init Mark (unload classes) 0.141ms
[2021-02-07T17:38:31.628+0300][693.939s][info][gc] Failed to allocate TLAB, 2656B
[2021-02-07T17:38:31.628+0300][693.939s][info][gc] Cancelling GC: Allocation Failure
[2021-02-07T17:38:31.628+0300][693.939s][info][gc] GC(1298) Concurrent marking (unload classes) 36.220ms
[2021-02-07T17:38:31.631+0300][693.942s][info][gc] Trigger: Handle Allocation Failure
[2021-02-07T17:38:32.270+0300][694.581s][info][gc] GC(1299) Cancelling GC: Allocation Failure During Evacuation
[2021-02-07T17:38:32.272+0300][694.584s][info][gc] GC(1299) Cannot finish degeneration, upgrading to Full GC
[2021-02-07T17:38:32.542+0300][694.854s][info][gc] GC(1299) Pause Degenerated GC (Mark) 250M->250M(256M) 906.521ms
[2021-02-07T17:38:32.544+0300][694.855s][info][gc] Trigger: Free (10088B) is below minimum threshold (26214K)
[2021-02-07T17:38:32.544+0300][694.855s][info][gc] Failed to allocate TLAB, 2688B
[2021-02-07T17:38:32.544+0300][694.855s][info][gc] Cancelling GC: Allocation Failure
[2021-02-07T17:38:32.544+0300][694.855s][info][gc] GC(1300) Concurrent reset 0.139ms
[2021-02-07T17:38:32.544+0300][694.856s][info][gc] GC(1300) Pause Init Mark (process weakrefs) (unload classes) 0.118ms
[2021-02-07T17:38:32.544+0300][694.856s][info][gc] GC(1300) Concurrent marking (process weakrefs) (unload classes) 0.148ms
[2021-02-07T17:38:32.546+0300][694.857s][info][gc] Trigger: Handle Allocation Failure
[2021-02-07T17:38:32.704+0300][695.016s][info][gc] GC(1301) Cancelling GC: Allocation Failure During Evacuation
[2021-02-07T17:38:32.706+0300][695.017s][info][gc] GC(1301) Cannot finish degeneration, upgrading to Full GC
[2021-02-07T17:38:32.977+0300][695.289s][info][gc] GC(1301) Pause Degenerated GC (Mark) 250M->250M(256M) 412.441ms
[2021-02-07T17:38:32.979+0300][695.290s][info][gc] Trigger: Free (103K) is below minimum threshold (26214K)
[2021-02-07T17:38:32.979+0300][695.290s][info][gc] GC(1302) Concurrent reset 0.087ms
[2021-02-07T17:38:32.979+0300][695.291s][info][gc] GC(1302) Pause Init Mark (unload classes) 0.115ms
[2021-02-07T17:38:33.201+0300][695.512s][info][gc] Failed to allocate TLAB, 2648B
[2021-02-07T17:38:33.201+0300][695.512s][info][gc] Cancelling GC: Allocation Failure
[2021-02-07T17:38:33.201+0300][695.512s][info][gc] GC(1302) Concurrent marking (unload classes) 221.377ms
[2021-02-07T17:38:33.204+0300][695.515s][info][gc] Trigger: Handle Allocation Failure
[2021-02-07T17:38:33.468+0300][695.780s][info][gc] GC(1303) Pause Full 250M->250M(256M) 261.213ms
[2021-02-07T17:38:33.468+0300][695.780s][info][gc] Failed to allocate TLAB, 2648B
[2021-02-07T17:38:33.468+0300][695.780s][info][gc] Cancelling GC: Allocation Failure
[2021-02-07T17:38:33.471+0300][695.782s][info][gc] Trigger: Handle Allocation Failure
[2021-02-07T17:38:33.586+0300][695.898s][info][gc] GC(1304) Cancelling GC: Allocation Failure During Evacuation
[2021-02-07T17:38:33.588+0300][695.900s][info][gc] GC(1304) Cannot finish degeneration, upgrading to Full GC
[2021-02-07T17:38:33.860+0300][696.172s][info][gc] GC(1304) Pause Degenerated GC (Outside of Cycle) 250M->250M(256M) 389.602ms
[2021-02-07T17:38:33.862+0300][696.174s][info][gc] Failed to allocate TLAB, 2704B
[2021-02-07T17:38:33.862+0300][696.174s][info][gc] Cancelling GC: Allocation Failure
[2021-02-07T17:38:33.863+0300][696.174s][info][gc] Trigger: Handle Allocation Failure
[2021-02-07T17:38:33.980+0300][696.292s][info][gc] GC(1305) Cancelling GC: Allocation Failure During Evacuation
[2021-02-07T17:38:33.982+0300][696.294s][info][gc] GC(1305) Cannot finish degeneration, upgrading to Full GC
[2021-02-07T17:38:34.257+0300][696.569s][info][gc] GC(1305) Pause Degenerated GC (Outside of Cycle) 250M->250M(256M) 394.465ms
[2021-02-07T17:38:34.260+0300][696.571s][info][gc] Trigger: Free (85624B) is below minimum threshold (26214K)
[2021-02-07T17:38:34.260+0300][696.571s][info][gc] GC(1306) Concurrent reset 0.119ms
[2021-02-07T17:38:34.260+0300][696.572s][info][gc] GC(1306) Pause Init Mark (unload classes) 0.109ms