[2021-02-07T18:28:44.767+0300][0.007s][info][gc,init] Initializing The Z Garbage Collector
[2021-02-07T18:28:44.767+0300][0.007s][info][gc,init] Version: 15.0.1+9 (release)
[2021-02-07T18:28:44.768+0300][0.007s][info][gc,init] NUMA Support: Disabled
[2021-02-07T18:28:44.768+0300][0.007s][info][gc,init] CPUs: 6 total, 6 available
[2021-02-07T18:28:44.768+0300][0.007s][info][gc,init] Memory: 16302M
[2021-02-07T18:28:44.768+0300][0.007s][info][gc,init] Large Page Support: Disabled
[2021-02-07T18:28:44.768+0300][0.007s][info][gc,init] Workers: 2 parallel, 1 concurrent
[2021-02-07T18:28:44.768+0300][0.008s][info][gc,init] Address Space Type: Contiguous/Unrestricted/Complete
[2021-02-07T18:28:44.768+0300][0.008s][info][gc,init] Address Space Size: 4096M x 3 = 12288M
[2021-02-07T18:28:44.768+0300][0.008s][info][gc,init] Min Capacity: 256M
[2021-02-07T18:28:44.769+0300][0.008s][info][gc,init] Initial Capacity: 256M
[2021-02-07T18:28:44.769+0300][0.008s][info][gc,init] Max Capacity: 256M
[2021-02-07T18:28:44.769+0300][0.008s][info][gc,init] Max Reserve: 12M
[2021-02-07T18:28:44.769+0300][0.008s][info][gc,init] Medium Page Size: 8M
[2021-02-07T18:28:44.769+0300][0.008s][info][gc,init] Pre-touch: Disabled
[2021-02-07T18:28:44.769+0300][0.008s][info][gc,init] Uncommit: Implicitly Disabled (-Xms equals -Xmx)
[2021-02-07T18:28:44.789+0300][0.028s][info][gc,init] Runtime Workers: 2 parallel
[2021-02-07T18:28:44.789+0300][0.028s][info][gc     ] Using The Z Garbage Collector
[2021-02-07T18:28:44.789+0300][0.029s][info][gc,metaspace] CDS archive(s) mapped at: [0x0000000800000000-0x0000000800b50000-0x0000000800b50000), size 11862016, SharedBaseAddress: 0x0000000800000000, ArchiveRelocationMode: 0.
[2021-02-07T18:28:44.789+0300][0.029s][info][gc,metaspace] Compressed class space mapped at: 0x0000000800b50000-0x0000000840b50000, size: 1073741824
[2021-02-07T18:28:44.789+0300][0.029s][info][gc,metaspace] Narrow klass base: 0x0000000800000000, Narrow klass shift: 3, Narrow klass range: 0x100000000
[2021-02-07T18:28:45.011+0300][0.250s][info][gc,start    ] GC(0) Garbage Collection (Warmup)
[2021-02-07T18:28:45.011+0300][0.250s][info][gc,phases   ] GC(0) Pause Mark Start 0.128ms
[2021-02-07T18:28:45.051+0300][0.290s][info][gc,phases   ] GC(0) Concurrent Mark 39.986ms
[2021-02-07T18:28:45.051+0300][0.291s][info][gc,phases   ] GC(0) Pause Mark End 0.219ms
[2021-02-07T18:28:45.053+0300][0.292s][info][gc,phases   ] GC(0) Concurrent Process Non-Strong References 1.026ms
[2021-02-07T18:28:45.053+0300][0.292s][info][gc,phases   ] GC(0) Concurrent Reset Relocation Set 0.005ms
[2021-02-07T18:28:45.060+0300][0.299s][info][gc,phases   ] GC(0) Concurrent Select Relocation Set 7.297ms
[2021-02-07T18:28:45.060+0300][0.300s][info][gc,phases   ] GC(0) Pause Relocate Start 0.147ms
[2021-02-07T18:28:45.065+0300][0.305s][info][gc,phases   ] GC(0) Concurrent Relocate 4.689ms
[2021-02-07T18:28:45.065+0300][0.305s][info][gc,load     ] GC(0) Load: 0.00/0.00/0.00
[2021-02-07T18:28:45.065+0300][0.305s][info][gc,mmu      ] GC(0) MMU: 2ms/89.0%, 5ms/95.6%, 10ms/96.3%, 20ms/98.2%, 50ms/99.0%, 100ms/99.5%
[2021-02-07T18:28:45.065+0300][0.305s][info][gc,marking  ] GC(0) Mark: 1 stripe(s), 2 proactive flush(es), 1 terminate flush(es), 1 completion(s), 0 continuation(s)
[2021-02-07T18:28:45.065+0300][0.305s][info][gc,nmethod  ] GC(0) NMethods: 553 registered, 0 unregistered
[2021-02-07T18:28:45.065+0300][0.305s][info][gc,metaspace] GC(0) Metaspace: 2M used, 4M capacity, 4M committed, 1032M reserved
[2021-02-07T18:28:45.065+0300][0.305s][info][gc,ref      ] GC(0) Soft: 269 encountered, 0 discovered, 0 enqueued
[2021-02-07T18:28:45.065+0300][0.305s][info][gc,ref      ] GC(0) Weak: 663 encountered, 440 discovered, 88 enqueued
[2021-02-07T18:28:45.065+0300][0.305s][info][gc,ref      ] GC(0) Final: 0 encountered, 0 discovered, 0 enqueued
[2021-02-07T18:28:45.065+0300][0.305s][info][gc,ref      ] GC(0) Phantom: 78 encountered, 77 discovered, 77 enqueued
[2021-02-07T18:28:45.065+0300][0.305s][info][gc,reloc    ] GC(0) Small Pages: 12 / 24M(75%), Empty: 0M(0%), Compacting: 8M(25%)->4M(13%)
[2021-02-07T18:28:45.065+0300][0.305s][info][gc,reloc    ] GC(0) Medium Pages: 1 / 8M(25%), Empty: 0M(0%), Compacting: 0M(0%)->0M(0%)
[2021-02-07T18:28:45.065+0300][0.305s][info][gc,reloc    ] GC(0) Large Pages: 0 / 0M(0%), Empty: 0M(0%), Compacting: 0M(0%)->0M(0%)
[2021-02-07T18:28:45.065+0300][0.305s][info][gc,reloc    ] GC(0) Relocation: Successful
[2021-02-07T18:28:45.065+0300][0.305s][info][gc,heap     ] GC(0) Min Capacity: 256M(100%)
[2021-02-07T18:28:45.065+0300][0.305s][info][gc,heap     ] GC(0) Max Capacity: 256M(100%)
[2021-02-07T18:28:45.065+0300][0.305s][info][gc,heap     ] GC(0) Soft Max Capacity: 256M(100%)
[2021-02-07T18:28:45.065+0300][0.305s][info][gc,heap     ] GC(0)                Mark Start          Mark End        Relocate Start      Relocate End           High               Low
[2021-02-07T18:28:45.065+0300][0.305s][info][gc,heap     ] GC(0)  Capacity:      256M (100%)        256M (100%)        256M (100%)        256M (100%)        256M (100%)        256M (100%)
[2021-02-07T18:28:45.065+0300][0.305s][info][gc,heap     ] GC(0)   Reserve:       12M (5%)           12M (5%)           12M (5%)           12M (5%)           12M (5%)           12M (5%)
[2021-02-07T18:28:45.065+0300][0.305s][info][gc,heap     ] GC(0)      Free:      212M (83%)         212M (83%)         212M (83%)         212M (83%)         212M (83%)         206M (80%)
[2021-02-07T18:28:45.065+0300][0.305s][info][gc,heap     ] GC(0)      Used:       32M (13%)          32M (13%)          32M (13%)          32M (13%)          38M (15%)          32M (13%)
[2021-02-07T18:28:45.065+0300][0.305s][info][gc,heap     ] GC(0)      Live:         -                19M (8%)           19M (8%)           19M (8%)             -                  -
[2021-02-07T18:28:45.065+0300][0.305s][info][gc,heap     ] GC(0) Allocated:         -                 0M (0%)            0M (0%)            8M (3%)             -                  -
[2021-02-07T18:28:45.065+0300][0.305s][info][gc,heap     ] GC(0)   Garbage:         -                12M (5%)           12M (5%)           12M (5%)             -                  -
[2021-02-07T18:28:45.065+0300][0.305s][info][gc,heap     ] GC(0) Reclaimed:         -                  -                 0M (0%)            0M (0%)             -                  -
[2021-02-07T18:28:45.065+0300][0.305s][info][gc          ] GC(0) Garbage Collection (Warmup) 32M(13%)->32M(13%)
[2021-02-07T18:28:45.106+0300][0.345s][info][gc,start    ] GC(1) Garbage Collection (Allocation Rate)
[2021-02-07T18:28:45.106+0300][0.345s][info][gc,phases   ] GC(1) Pause Mark Start 0.088ms
[2021-02-07T18:28:45.148+0300][0.387s][info][gc,phases   ] GC(1) Concurrent Mark 41.890ms
[2021-02-07T18:28:45.148+0300][0.388s][info][gc,phases   ] GC(1) Pause Mark End 0.367ms
[2021-02-07T18:28:45.150+0300][0.389s][info][gc,phases   ] GC(1) Concurrent Process Non-Strong References 1.109ms
[2021-02-07T18:28:45.150+0300][0.389s][info][gc,phases   ] GC(1) Concurrent Reset Relocation Set 0.127ms
[2021-02-07T18:28:45.151+0300][0.391s][info][gc,phases   ] GC(1) Concurrent Select Relocation Set 1.381ms
[2021-02-07T18:28:45.152+0300][0.391s][info][gc,phases   ] GC(1) Pause Relocate Start 0.101ms
[2021-02-07T18:28:45.153+0300][0.393s][info][gc,phases   ] GC(1) Concurrent Relocate 1.418ms
[2021-02-07T18:28:45.153+0300][0.393s][info][gc,load     ] GC(1) Load: 0.00/0.00/0.00
[2021-02-07T18:28:45.153+0300][0.393s][info][gc,mmu      ] GC(1) MMU: 2ms/81.7%, 5ms/90.7%, 10ms/95.3%, 20ms/97.7%, 50ms/98.9%, 100ms/99.2%
[2021-02-07T18:28:45.153+0300][0.393s][info][gc,marking  ] GC(1) Mark: 1 stripe(s), 2 proactive flush(es), 1 terminate flush(es), 1 completion(s), 0 continuation(s)
[2021-02-07T18:28:45.153+0300][0.393s][info][gc,nmethod  ] GC(1) NMethods: 631 registered, 0 unregistered
[2021-02-07T18:28:45.153+0300][0.393s][info][gc,metaspace] GC(1) Metaspace: 3M used, 4M capacity, 4M committed, 1032M reserved
[2021-02-07T18:28:45.153+0300][0.393s][info][gc,ref      ] GC(1) Soft: 313 encountered, 0 discovered, 0 enqueued
[2021-02-07T18:28:45.153+0300][0.393s][info][gc,ref      ] GC(1) Weak: 700 encountered, 437 discovered, 26 enqueued
[2021-02-07T18:28:45.153+0300][0.393s][info][gc,ref      ] GC(1) Final: 0 encountered, 0 discovered, 0 enqueued
[2021-02-07T18:28:45.153+0300][0.393s][info][gc,ref      ] GC(1) Phantom: 9 encountered, 8 discovered, 8 enqueued
[2021-02-07T18:28:45.153+0300][0.393s][info][gc,reloc    ] GC(1) Small Pages: 12 / 24M(75%), Empty: 0M(0%), Compacting: 6M(19%)->2M(6%)
[2021-02-07T18:28:45.153+0300][0.393s][info][gc,reloc    ] GC(1) Medium Pages: 1 / 8M(25%), Empty: 0M(0%), Compacting: 0M(0%)->0M(0%)
[2021-02-07T18:28:45.153+0300][0.393s][info][gc,reloc    ] GC(1) Large Pages: 0 / 0M(0%), Empty: 0M(0%), Compacting: 0M(0%)->0M(0%)
[2021-02-07T18:28:45.153+0300][0.393s][info][gc,reloc    ] GC(1) Relocation: Successful
[2021-02-07T18:28:45.153+0300][0.393s][info][gc,heap     ] GC(1) Min Capacity: 256M(100%)
[2021-02-07T18:28:45.153+0300][0.393s][info][gc,heap     ] GC(1) Max Capacity: 256M(100%)
[2021-02-07T18:28:45.153+0300][0.393s][info][gc,heap     ] GC(1) Soft Max Capacity: 256M(100%)
[2021-02-07T18:28:45.153+0300][0.393s][info][gc,heap     ] GC(1)                Mark Start          Mark End        Relocate Start      Relocate End           High               Low
[2021-02-07T18:28:45.153+0300][0.393s][info][gc,heap     ] GC(1)  Capacity:      256M (100%)        256M (100%)        256M (100%)        256M (100%)        256M (100%)        256M (100%)
[2021-02-07T18:28:45.153+0300][0.393s][info][gc,heap     ] GC(1)   Reserve:       12M (5%)           12M (5%)           12M (5%)           12M (5%)           12M (5%)           12M (5%)
[2021-02-07T18:28:45.153+0300][0.393s][info][gc,heap     ] GC(1)      Free:      212M (83%)         212M (83%)         212M (83%)         214M (84%)         214M (84%)         208M (81%)
[2021-02-07T18:28:45.153+0300][0.393s][info][gc,heap     ] GC(1)      Used:       32M (13%)          32M (13%)          32M (13%)          30M (12%)          36M (14%)          30M (12%)
[2021-02-07T18:28:45.153+0300][0.393s][info][gc,heap     ] GC(1)      Live:         -                19M (7%)           19M (7%)           19M (7%)             -                  -
[2021-02-07T18:28:45.153+0300][0.393s][info][gc,heap     ] GC(1) Allocated:         -                 0M (0%)            0M (0%)            4M (2%)             -                  -
[2021-02-07T18:28:45.153+0300][0.393s][info][gc,heap     ] GC(1)   Garbage:         -                12M (5%)           12M (5%)           10M (4%)             -                  -
[2021-02-07T18:28:45.153+0300][0.393s][info][gc,heap     ] GC(1) Reclaimed:         -                  -                 0M (0%)            2M (1%)             -                  -
[2021-02-07T18:28:45.153+0300][0.393s][info][gc          ] GC(1) Garbage Collection (Allocation Rate) 32M(13%)->30M(12%)
[2021-02-07T18:28:45.215+0300][0.454s][info][gc,start    ] GC(2) Garbage Collection (Allocation Rate)
[2021-02-07T18:28:45.215+0300][0.454s][info][gc,phases   ] GC(2) Pause Mark Start 0.046ms
[2021-02-07T18:28:45.245+0300][0.485s][info][gc,phases   ] GC(2) Concurrent Mark 30.410ms
[2021-02-07T18:28:45.246+0300][0.485s][info][gc,phases   ] GC(2) Pause Mark End 0.298ms
[2021-02-07T18:28:45.247+0300][0.486s][info][gc,phases   ] GC(2) Concurrent Process Non-Strong References 1.014ms
[2021-02-07T18:28:45.247+0300][0.487s][info][gc,phases   ] GC(2) Concurrent Reset Relocation Set 0.062ms
[2021-02-07T18:28:45.248+0300][0.488s][info][gc,phases   ] GC(2) Concurrent Select Relocation Set 1.443ms
[2021-02-07T18:28:45.249+0300][0.488s][info][gc,phases   ] GC(2) Pause Relocate Start 0.115ms
[2021-02-07T18:28:45.250+0300][0.489s][info][gc,phases   ] GC(2) Concurrent Relocate 0.994ms
[2021-02-07T18:28:45.250+0300][0.489s][info][gc,load     ] GC(2) Load: 0.00/0.00/0.00
[2021-02-07T18:28:45.250+0300][0.489s][info][gc,mmu      ] GC(2) MMU: 2ms/81.7%, 5ms/90.7%, 10ms/95.3%, 20ms/97.7%, 50ms/98.9%, 100ms/99.2%
[2021-02-07T18:28:45.250+0300][0.489s][info][gc,marking  ] GC(2) Mark: 1 stripe(s), 2 proactive flush(es), 1 terminate flush(es), 1 completion(s), 0 continuation(s)
[2021-02-07T18:28:45.250+0300][0.489s][info][gc,nmethod  ] GC(2) NMethods: 638 registered, 0 unregistered
[2021-02-07T18:28:45.250+0300][0.490s][info][gc,metaspace] GC(2) Metaspace: 3M used, 4M capacity, 4M committed, 1032M reserved
[2021-02-07T18:28:45.250+0300][0.490s][info][gc,ref      ] GC(2) Soft: 314 encountered, 0 discovered, 0 enqueued
[2021-02-07T18:28:45.250+0300][0.490s][info][gc,ref      ] GC(2) Weak: 675 encountered, 412 discovered, 0 enqueued
[2021-02-07T18:28:45.250+0300][0.490s][info][gc,ref      ] GC(2) Final: 0 encountered, 0 discovered, 0 enqueued
[2021-02-07T18:28:45.250+0300][0.490s][info][gc,ref      ] GC(2) Phantom: 1 encountered, 0 discovered, 0 enqueued
[2021-02-07T18:28:45.250+0300][0.490s][info][gc,reloc    ] GC(2) Small Pages: 11 / 22M(73%), Empty: 0M(0%), Compacting: 4M(13%)->2M(7%)
[2021-02-07T18:28:45.250+0300][0.490s][info][gc,reloc    ] GC(2) Medium Pages: 1 / 8M(27%), Empty: 0M(0%), Compacting: 0M(0%)->0M(0%)
[2021-02-07T18:28:45.250+0300][0.490s][info][gc,reloc    ] GC(2) Large Pages: 0 / 0M(0%), Empty: 0M(0%), Compacting: 0M(0%)->0M(0%)
[2021-02-07T18:28:45.250+0300][0.490s][info][gc,reloc    ] GC(2) Relocation: Successful
[2021-02-07T18:28:45.250+0300][0.490s][info][gc,heap     ] GC(2) Min Capacity: 256M(100%)
[2021-02-07T18:28:45.250+0300][0.490s][info][gc,heap     ] GC(2) Max Capacity: 256M(100%)
[2021-02-07T18:28:45.250+0300][0.490s][info][gc,heap     ] GC(2) Soft Max Capacity: 256M(100%)
[2021-02-07T18:28:45.250+0300][0.490s][info][gc,heap     ] GC(2)                Mark Start          Mark End        Relocate Start      Relocate End           High               Low
[2021-02-07T18:28:45.250+0300][0.490s][info][gc,heap     ] GC(2)  Capacity:      256M (100%)        256M (100%)        256M (100%)        256M (100%)        256M (100%)        256M (100%)
[2021-02-07T18:28:45.250+0300][0.490s][info][gc,heap     ] GC(2)   Reserve:       12M (5%)           12M (5%)           12M (5%)           12M (5%)           12M (5%)           12M (5%)
[2021-02-07T18:28:45.250+0300][0.490s][info][gc,heap     ] GC(2)      Free:      214M (84%)         214M (84%)         214M (84%)         212M (83%)         214M (84%)         208M (81%)
[2021-02-07T18:28:45.250+0300][0.490s][info][gc,heap     ] GC(2)      Used:       30M (12%)          30M (12%)          30M (12%)          32M (13%)          36M (14%)          30M (12%)
[2021-02-07T18:28:45.250+0300][0.490s][info][gc,heap     ] GC(2)      Live:         -                18M (7%)           18M (7%)           18M (7%)             -                  -
[2021-02-07T18:28:45.250+0300][0.490s][info][gc,heap     ] GC(2) Allocated:         -                 0M (0%)            0M (0%)            6M (2%)             -                  -
[2021-02-07T18:28:45.250+0300][0.490s][info][gc,heap     ] GC(2)   Garbage:         -                11M (4%)           11M (4%)           11M (4%)             -                  -
[2021-02-07T18:28:45.250+0300][0.490s][info][gc,heap     ] GC(2) Reclaimed:         -                  -                 0M (0%)            0M (0%)             -                  -
[2021-02-07T18:28:45.250+0300][0.490s][info][gc          ] GC(2) Garbage Collection (Allocation Rate) 30M(12%)->32M(13%)
[2021-02-07T18:28:45.311+0300][0.550s][info][gc,start    ] GC(3) Garbage Collection (Allocation Rate)
[2021-02-07T18:28:45.311+0300][0.550s][info][gc,phases   ] GC(3) Pause Mark Start 0.108ms
[2021-02-07T18:28:45.339+0300][0.579s][info][gc,phases   ] GC(3) Concurrent Mark 28.404ms
[2021-02-07T18:28:45.340+0300][0.579s][info][gc,phases   ] GC(3) Pause Mark End 0.285ms
[2021-02-07T18:28:45.341+0300][0.581s][info][gc,phases   ] GC(3) Concurrent Process Non-Strong References 1.022ms
[2021-02-07T18:28:45.341+0300][0.581s][info][gc,phases   ] GC(3) Concurrent Reset Relocation Set 0.062ms
[2021-02-07T18:28:45.343+0300][0.582s][info][gc,phases   ] GC(3) Concurrent Select Relocation Set 1.430ms
[2021-02-07T18:28:45.343+0300][0.582s][info][gc,phases   ] GC(3) Pause Relocate Start 0.106ms
[2021-02-07T18:28:45.344+0300][0.584s][info][gc,phases   ] GC(3) Concurrent Relocate 0.984ms
[2021-02-07T18:28:45.344+0300][0.584s][info][gc,load     ] GC(3) Load: 0.00/0.00/0.00
[2021-02-07T18:28:45.344+0300][0.584s][info][gc,mmu      ] GC(3) MMU: 2ms/81.7%, 5ms/90.7%, 10ms/95.3%, 20ms/97.7%, 50ms/98.9%, 100ms/99.1%
[2021-02-07T18:28:45.344+0300][0.584s][info][gc,marking  ] GC(3) Mark: 1 stripe(s), 2 proactive flush(es), 1 terminate flush(es), 1 completion(s), 0 continuation(s)
[2021-02-07T18:28:45.344+0300][0.584s][info][gc,nmethod  ] GC(3) NMethods: 647 registered, 0 unregistered
[2021-02-07T18:28:45.344+0300][0.584s][info][gc,metaspace] GC(3) Metaspace: 3M used, 4M capacity, 4M committed, 1032M reserved
[2021-02-07T18:28:45.344+0300][0.584s][info][gc,ref      ] GC(3) Soft: 314 encountered, 0 discovered, 0 enqueued
[2021-02-07T18:28:45.344+0300][0.584s][info][gc,ref      ] GC(3) Weak: 675 encountered, 412 discovered, 0 enqueued
[2021-02-07T18:28:45.344+0300][0.584s][info][gc,ref      ] GC(3) Final: 0 encountered, 0 discovered, 0 enqueued
[2021-02-07T18:28:45.344+0300][0.584s][info][gc,ref      ] GC(3) Phantom: 1 encountered, 0 discovered, 0 enqueued
[2021-02-07T18:28:45.344+0300][0.584s][info][gc,reloc    ] GC(3) Small Pages: 12 / 24M(75%), Empty: 0M(0%), Compacting: 6M(19%)->2M(6%)
[2021-02-07T18:28:45.344+0300][0.584s][info][gc,reloc    ] GC(3) Medium Pages: 1 / 8M(25%), Empty: 0M(0%), Compacting: 0M(0%)->0M(0%)
[2021-02-07T18:28:45.344+0300][0.584s][info][gc,reloc    ] GC(3) Large Pages: 0 / 0M(0%), Empty: 0M(0%), Compacting: 0M(0%)->0M(0%)
[2021-02-07T18:28:45.344+0300][0.584s][info][gc,reloc    ] GC(3) Relocation: Successful
[2021-02-07T18:28:45.344+0300][0.584s][info][gc,heap     ] GC(3) Min Capacity: 256M(100%)
[2021-02-07T18:28:45.344+0300][0.584s][info][gc,heap     ] GC(3) Max Capacity: 256M(100%)
[2021-02-07T18:28:45.344+0300][0.584s][info][gc,heap     ] GC(3) Soft Max Capacity: 256M(100%)
[2021-02-07T18:28:45.344+0300][0.584s][info][gc,heap     ] GC(3)                Mark Start          Mark End        Relocate Start      Relocate End           High               Low
[2021-02-07T18:28:45.344+0300][0.584s][info][gc,heap     ] GC(3)  Capacity:      256M (100%)        256M (100%)        256M (100%)        256M (100%)        256M (100%)        256M (100%)
[2021-02-07T18:28:45.344+0300][0.584s][info][gc,heap     ] GC(3)   Reserve:       12M (5%)           12M (5%)           12M (5%)           12M (5%)           12M (5%)           12M (5%)
[2021-02-07T18:28:45.344+0300][0.584s][info][gc,heap     ] GC(3)      Free:      212M (83%)         212M (83%)         212M (83%)         212M (83%)         212M (83%)         206M (80%)
[2021-02-07T18:28:45.344+0300][0.584s][info][gc,heap     ] GC(3)      Used:       32M (13%)          32M (13%)          32M (13%)          32M (13%)          38M (15%)          32M (13%)
[2021-02-07T18:28:45.344+0300][0.584s][info][gc,heap     ] GC(3)      Live:         -                18M (7%)           18M (7%)           18M (7%)             -                  -
[2021-02-07T18:28:45.344+0300][0.584s][info][gc,heap     ] GC(3) Allocated:         -                 0M (0%)            0M (0%)            6M (2%)             -                  -
[2021-02-07T18:28:45.344+0300][0.584s][info][gc,heap     ] GC(3)   Garbage:         -                13M (5%)           13M (5%)           13M (5%)             -                  -
[2021-02-07T18:28:45.344+0300][0.584s][info][gc,heap     ] GC(3) Reclaimed:         -                  -                 0M (0%)            0M (0%)             -                  -
[2021-02-07T18:28:45.344+0300][0.584s][info][gc          ] GC(3) Garbage Collection (Allocation Rate) 32M(13%)->32M(13%)
[2021-02-07T18:28:45.406+0300][0.645s][info][gc,start    ] GC(4) Garbage Collection (Allocation Rate)
[2021-02-07T18:28:45.406+0300][0.645s][info][gc,phases   ] GC(4) Pause Mark Start 0.106ms
[2021-02-07T18:28:45.434+0300][0.673s][info][gc,phases   ] GC(4) Concurrent Mark 27.897ms
[2021-02-07T18:28:45.434+0300][0.674s][info][gc,phases   ] GC(4) Pause Mark End 0.304ms
[2021-02-07T18:28:45.435+0300][0.675s][info][gc,phases   ] GC(4) Concurrent Process Non-Strong References 1.008ms
[2021-02-07T18:28:45.436+0300][0.675s][info][gc,phases   ] GC(4) Concurrent Reset Relocation Set 0.043ms
[2021-02-07T18:28:45.437+0300][0.677s][info][gc,phases   ] GC(4) Concurrent Select Relocation Set 1.875ms
[2021-02-07T18:28:45.438+0300][0.677s][info][gc,phases   ] GC(4) Pause Relocate Start 0.153ms
[2021-02-07T18:28:45.439+0300][0.678s][info][gc,phases   ] GC(4) Concurrent Relocate 0.953ms
[2021-02-07T18:28:45.439+0300][0.679s][info][gc,load     ] GC(4) Load: 0.00/0.00/0.00
[2021-02-07T18:28:45.439+0300][0.679s][info][gc,mmu      ] GC(4) MMU: 2ms/81.7%, 5ms/90.7%, 10ms/95.3%, 20ms/97.7%, 50ms/98.9%, 100ms/99.0%
[2021-02-07T18:28:45.439+0300][0.679s][info][gc,marking  ] GC(4) Mark: 1 stripe(s), 2 proactive flush(es), 1 terminate flush(es), 1 completion(s), 0 continuation(s)
[2021-02-07T18:28:45.439+0300][0.679s][info][gc,nmethod  ] GC(4) NMethods: 651 registered, 0 unregistered
[2021-02-07T18:28:45.439+0300][0.679s][info][gc,metaspace] GC(4) Metaspace: 3M used, 4M capacity, 4M committed, 1032M reserved
[2021-02-07T18:28:45.439+0300][0.679s][info][gc,ref      ] GC(4) Soft: 314 encountered, 0 discovered, 0 enqueued
[2021-02-07T18:28:45.439+0300][0.679s][info][gc,ref      ] GC(4) Weak: 675 encountered, 412 discovered, 0 enqueued
[2021-02-07T18:28:45.439+0300][0.679s][info][gc,ref      ] GC(4) Final: 0 encountered, 0 discovered, 0 enqueued
[2021-02-07T18:28:45.439+0300][0.679s][info][gc,ref      ] GC(4) Phantom: 1 encountered, 0 discovered, 0 enqueued
[2021-02-07T18:28:45.439+0300][0.679s][info][gc,reloc    ] GC(4) Small Pages: 12 / 24M(75%), Empty: 0M(0%), Compacting: 6M(19%)->2M(6%)
[2021-02-07T18:28:45.439+0300][0.679s][info][gc,reloc    ] GC(4) Medium Pages: 1 / 8M(25%), Empty: 0M(0%), Compacting: 0M(0%)->0M(0%)
[2021-02-07T18:28:45.439+0300][0.679s][info][gc,reloc    ] GC(4) Large Pages: 0 / 0M(0%), Empty: 0M(0%), Compacting: 0M(0%)->0M(0%)
[2021-02-07T18:28:45.439+0300][0.679s][info][gc,reloc    ] GC(4) Relocation: Successful
[2021-02-07T18:28:45.439+0300][0.679s][info][gc,heap     ] GC(4) Min Capacity: 256M(100%)
[2021-02-07T18:28:45.439+0300][0.679s][info][gc,heap     ] GC(4) Max Capacity: 256M(100%)
[2021-02-07T18:28:45.439+0300][0.679s][info][gc,heap     ] GC(4) Soft Max Capacity: 256M(100%)
[2021-02-07T18:28:45.439+0300][0.679s][info][gc,heap     ] GC(4)                Mark Start          Mark End        Relocate Start      Relocate End           High               Low
[2021-02-07T18:28:45.439+0300][0.679s][info][gc,heap     ] GC(4)  Capacity:      256M (100%)        256M (100%)        256M (100%)        256M (100%)        256M (100%)        256M (100%)
[2021-02-07T18:28:45.439+0300][0.679s][info][gc,heap     ] GC(4)   Reserve:       12M (5%)           12M (5%)           12M (5%)           12M (5%)           12M (5%)           12M (5%)
[2021-02-07T18:28:45.439+0300][0.679s][info][gc,heap     ] GC(4)      Free:      212M (83%)         212M (83%)         212M (83%)         212M (83%)         212M (83%)         206M (80%)
[2021-02-07T18:28:45.439+0300][0.679s][info][gc,heap     ] GC(4)      Used:       32M (13%)          32M (13%)          32M (13%)          32M (13%)          38M (15%)          32M (13%)
[2021-02-07T18:28:45.439+0300][0.679s][info][gc,heap     ] GC(4)      Live:         -                18M (7%)           18M (7%)           18M (7%)             -                  -
[2021-02-07T18:28:45.439+0300][0.679s][info][gc,heap     ] GC(4) Allocated:         -                 0M (0%)            0M (0%)            6M (2%)             -                  -
[2021-02-07T18:28:45.439+0300][0.679s][info][gc,heap     ] GC(4)   Garbage:         -                13M (5%)           13M (5%)           13M (5%)             -                  -
[2021-02-07T18:28:45.439+0300][0.679s][info][gc,heap     ] GC(4) Reclaimed:         -                  -                 0M (0%)            0M (0%)             -                  -
[2021-02-07T18:28:45.439+0300][0.679s][info][gc          ] GC(4) Garbage Collection (Allocation Rate) 32M(13%)->32M(13%)
[2021-02-07T18:28:45.516+0300][0.756s][info][gc,start    ] GC(5) Garbage Collection (Allocation Rate)
[2021-02-07T18:28:45.516+0300][0.756s][info][gc,phases   ] GC(5) Pause Mark Start 0.043ms
[2021-02-07T18:28:45.543+0300][0.783s][info][gc,phases   ] GC(5) Concurrent Mark 27.196ms
[2021-02-07T18:28:45.544+0300][0.783s][info][gc,phases   ] GC(5) Pause Mark End 0.301ms
[2021-02-07T18:28:45.545+0300][0.785s][info][gc,phases   ] GC(5) Concurrent Process Non-Strong References 1.019ms
[2021-02-07T18:28:45.545+0300][0.785s][info][gc,phases   ] GC(5) Concurrent Reset Relocation Set 0.076ms
[2021-02-07T18:28:45.546+0300][0.786s][info][gc,phases   ] GC(5) Concurrent Select Relocation Set 1.640ms
[2021-02-07T18:28:45.547+0300][0.787s][info][gc,phases   ] GC(5) Pause Relocate Start 0.103ms
[2021-02-07T18:28:45.549+0300][0.789s][info][gc,phases   ] GC(5) Concurrent Relocate 2.144ms
[2021-02-07T18:28:45.549+0300][0.789s][info][gc,load     ] GC(5) Load: 0.00/0.00/0.00
[2021-02-07T18:28:45.549+0300][0.789s][info][gc,mmu      ] GC(5) MMU: 2ms/81.7%, 5ms/90.7%, 10ms/95.3%, 20ms/97.7%, 50ms/98.9%, 100ms/99.0%
[2021-02-07T18:28:45.549+0300][0.789s][info][gc,marking  ] GC(5) Mark: 1 stripe(s), 2 proactive flush(es), 1 terminate flush(es), 1 completion(s), 0 continuation(s)
[2021-02-07T18:28:45.549+0300][0.789s][info][gc,nmethod  ] GC(5) NMethods: 654 registered, 0 unregistered
[2021-02-07T18:28:45.549+0300][0.789s][info][gc,metaspace] GC(5) Metaspace: 3M used, 4M capacity, 4M committed, 1032M reserved
[2021-02-07T18:28:45.549+0300][0.789s][info][gc,ref      ] GC(5) Soft: 314 encountered, 0 discovered, 0 enqueued
[2021-02-07T18:28:45.549+0300][0.789s][info][gc,ref      ] GC(5) Weak: 675 encountered, 412 discovered, 0 enqueued
[2021-02-07T18:28:45.549+0300][0.789s][info][gc,ref      ] GC(5) Final: 0 encountered, 0 discovered, 0 enqueued
[2021-02-07T18:28:45.549+0300][0.789s][info][gc,ref      ] GC(5) Phantom: 1 encountered, 0 discovered, 0 enqueued
[2021-02-07T18:28:45.549+0300][0.789s][info][gc,reloc    ] GC(5) Small Pages: 12 / 24M(75%), Empty: 0M(0%), Compacting: 8M(25%)->2M(6%)
[2021-02-07T18:28:45.549+0300][0.789s][info][gc,reloc    ] GC(5) Medium Pages: 1 / 8M(25%), Empty: 0M(0%), Compacting: 0M(0%)->0M(0%)
[2021-02-07T18:28:45.549+0300][0.789s][info][gc,reloc    ] GC(5) Large Pages: 0 / 0M(0%), Empty: 0M(0%), Compacting: 0M(0%)->0M(0%)
[2021-02-07T18:28:45.549+0300][0.789s][info][gc,reloc    ] GC(5) Relocation: Successful
[2021-02-07T18:28:45.549+0300][0.789s][info][gc,heap     ] GC(5) Min Capacity: 256M(100%)
[2021-02-07T18:28:45.549+0300][0.789s][info][gc,heap     ] GC(5) Max Capacity: 256M(100%)
[2021-02-07T18:28:45.549+0300][0.789s][info][gc,heap     ] GC(5) Soft Max Capacity: 256M(100%)
[2021-02-07T18:28:45.549+0300][0.789s][info][gc,heap     ] GC(5)                Mark Start          Mark End        Relocate Start      Relocate End           High               Low
[2021-02-07T18:28:45.549+0300][0.789s][info][gc,heap     ] GC(5)  Capacity:      256M (100%)        256M (100%)        256M (100%)        256M (100%)        256M (100%)        256M (100%)
[2021-02-07T18:28:45.549+0300][0.789s][info][gc,heap     ] GC(5)   Reserve:       12M (5%)           12M (5%)           12M (5%)           12M (5%)           12M (5%)           12M (5%)
[2021-02-07T18:28:45.549+0300][0.789s][info][gc,heap     ] GC(5)      Free:      212M (83%)         212M (83%)         212M (83%)         214M (84%)         214M (84%)         206M (80%)
[2021-02-07T18:28:45.549+0300][0.789s][info][gc,heap     ] GC(5)      Used:       32M (13%)          32M (13%)          32M (13%)          30M (12%)          38M (15%)          30M (12%)
[2021-02-07T18:28:45.549+0300][0.789s][info][gc,heap     ] GC(5)      Live:         -                18M (7%)           18M (7%)           18M (7%)             -                  -
[2021-02-07T18:28:45.549+0300][0.789s][info][gc,heap     ] GC(5) Allocated:         -                 0M (0%)            0M (0%)            6M (2%)             -                  -
[2021-02-07T18:28:45.549+0300][0.789s][info][gc,heap     ] GC(5)   Garbage:         -                13M (5%)           13M (5%)           11M (5%)             -                  -
[2021-02-07T18:28:45.549+0300][0.789s][info][gc,heap     ] GC(5) Reclaimed:         -                  -                 0M (0%)            2M (1%)             -                  -
[2021-02-07T18:28:45.549+0300][0.789s][info][gc          ] GC(5) Garbage Collection (Allocation Rate) 32M(13%)->30M(12%)
[2021-02-07T18:28:45.612+0300][0.851s][info][gc,start    ] GC(6) Garbage Collection (Allocation Rate)
[2021-02-07T18:28:45.612+0300][0.852s][info][gc,phases   ] GC(6) Pause Mark Start 0.067ms
[2021-02-07T18:28:45.639+0300][0.879s][info][gc,phases   ] GC(6) Concurrent Mark 27.578ms
[2021-02-07T18:28:45.640+0300][0.880s][info][gc,phases   ] GC(6) Pause Mark End 0.280ms
[2021-02-07T18:28:45.641+0300][0.881s][info][gc,phases   ] GC(6) Concurrent Process Non-Strong References 1.023ms
[2021-02-07T18:28:45.641+0300][0.881s][info][gc,phases   ] GC(6) Concurrent Reset Relocation Set 0.056ms
[2021-02-07T18:28:45.643+0300][0.883s][info][gc,phases   ] GC(6) Concurrent Select Relocation Set 1.446ms
[2021-02-07T18:28:45.643+0300][0.883s][info][gc,phases   ] GC(6) Pause Relocate Start 0.102ms
[2021-02-07T18:28:45.645+0300][0.885s][info][gc,phases   ] GC(6) Concurrent Relocate 2.250ms
[2021-02-07T18:28:45.645+0300][0.885s][info][gc,load     ] GC(6) Load: 0.00/0.00/0.00
[2021-02-07T18:28:45.645+0300][0.885s][info][gc,mmu      ] GC(6) MMU: 2ms/81.7%, 5ms/90.7%, 10ms/95.3%, 20ms/97.7%, 50ms/98.9%, 100ms/99.0%
[2021-02-07T18:28:45.645+0300][0.885s][info][gc,marking  ] GC(6) Mark: 1 stripe(s), 2 proactive flush(es), 1 terminate flush(es), 1 completion(s), 0 continuation(s)
[2021-02-07T18:28:45.645+0300][0.885s][info][gc,nmethod  ] GC(6) NMethods: 660 registered, 0 unregistered
[2021-02-07T18:28:45.645+0300][0.885s][info][gc,metaspace] GC(6) Metaspace: 3M used, 4M capacity, 4M committed, 1032M reserved
[2021-02-07T18:28:45.645+0300][0.885s][info][gc,ref      ] GC(6) Soft: 314 encountered, 0 discovered, 0 enqueued
[2021-02-07T18:28:45.645+0300][0.885s][info][gc,ref      ] GC(6) Weak: 675 encountered, 412 discovered, 0 enqueued
[2021-02-07T18:28:45.645+0300][0.885s][info][gc,ref      ] GC(6) Final: 0 encountered, 0 discovered, 0 enqueued
[2021-02-07T18:28:45.646+0300][0.885s][info][gc,ref      ] GC(6) Phantom: 1 encountered, 0 discovered, 0 enqueued
[2021-02-07T18:28:45.646+0300][0.885s][info][gc,reloc    ] GC(6) Small Pages: 11 / 22M(73%), Empty: 0M(0%), Compacting: 6M(20%)->2M(7%)
[2021-02-07T18:28:45.646+0300][0.885s][info][gc,reloc    ] GC(6) Medium Pages: 1 / 8M(27%), Empty: 0M(0%), Compacting: 0M(0%)->0M(0%)
[2021-02-07T18:28:45.646+0300][0.885s][info][gc,reloc    ] GC(6) Large Pages: 0 / 0M(0%), Empty: 0M(0%), Compacting: 0M(0%)->0M(0%)
[2021-02-07T18:28:45.646+0300][0.885s][info][gc,reloc    ] GC(6) Relocation: Successful
[2021-02-07T18:28:45.646+0300][0.885s][info][gc,heap     ] GC(6) Min Capacity: 256M(100%)
[2021-02-07T18:28:45.646+0300][0.885s][info][gc,heap     ] GC(6) Max Capacity: 256M(100%)
[2021-02-07T18:28:45.646+0300][0.885s][info][gc,heap     ] GC(6) Soft Max Capacity: 256M(100%)
[2021-02-07T18:28:45.646+0300][0.885s][info][gc,heap     ] GC(6)                Mark Start          Mark End        Relocate Start      Relocate End           High               Low
[2021-02-07T18:28:45.646+0300][0.886s][info][gc,heap     ] GC(6)  Capacity:      256M (100%)        256M (100%)        256M (100%)        256M (100%)        256M (100%)        256M (100%)
[2021-02-07T18:28:45.646+0300][0.886s][info][gc,heap     ] GC(6)   Reserve:       12M (5%)           12M (5%)           12M (5%)           12M (5%)           12M (5%)           12M (5%)
[2021-02-07T18:28:45.646+0300][0.886s][info][gc,heap     ] GC(6)      Free:      214M (84%)         214M (84%)         214M (84%)         214M (84%)         214M (84%)         208M (81%)
[2021-02-07T18:28:45.646+0300][0.886s][info][gc,heap     ] GC(6)      Used:       30M (12%)          30M (12%)          30M (12%)          30M (12%)          36M (14%)          30M (12%)
[2021-02-07T18:28:45.646+0300][0.886s][info][gc,heap     ] GC(6)      Live:         -                17M (7%)           17M (7%)           17M (7%)             -                  -
[2021-02-07T18:28:45.646+0300][0.886s][info][gc,heap     ] GC(6) Allocated:         -                 0M (0%)            0M (0%)            6M (2%)             -                  -
[2021-02-07T18:28:45.646+0300][0.886s][info][gc,heap     ] GC(6)   Garbage:         -                12M (5%)           12M (5%)           12M (5%)             -                  -
[2021-02-07T18:28:45.646+0300][0.886s][info][gc,heap     ] GC(6) Reclaimed:         -                  -                 0M (0%)            0M (0%)             -                  -
[2021-02-07T18:28:45.646+0300][0.886s][info][gc          ] GC(6) Garbage Collection (Allocation Rate) 30M(12%)->30M(12%)
[2021-02-07T18:28:45.708+0300][0.948s][info][gc,start    ] GC(7) Garbage Collection (Allocation Rate)
[2021-02-07T18:28:45.708+0300][0.948s][info][gc,phases   ] GC(7) Pause Mark Start 0.068ms
[2021-02-07T18:28:45.736+0300][0.976s][info][gc,phases   ] GC(7) Concurrent Mark 28.147ms
[2021-02-07T18:28:45.737+0300][0.977s][info][gc,phases   ] GC(7) Pause Mark End 0.297ms
[2021-02-07T18:28:45.738+0300][0.978s][info][gc,phases   ] GC(7) Concurrent Process Non-Strong References 0.989ms
[2021-02-07T18:28:45.738+0300][0.978s][info][gc,phases   ] GC(7) Concurrent Reset Relocation Set 0.075ms
[2021-02-07T18:28:45.739+0300][0.979s][info][gc,phases   ] GC(7) Concurrent Select Relocation Set 1.431ms
[2021-02-07T18:28:45.740+0300][0.979s][info][gc,phases   ] GC(7) Pause Relocate Start 0.044ms
[2021-02-07T18:28:45.741+0300][0.981s][info][gc,phases   ] GC(7) Concurrent Relocate 1.603ms
[2021-02-07T18:28:45.741+0300][0.981s][info][gc,load     ] GC(7) Load: 0.00/0.00/0.00
[2021-02-07T18:28:45.741+0300][0.981s][info][gc,mmu      ] GC(7) MMU: 2ms/81.7%, 5ms/90.7%, 10ms/95.3%, 20ms/97.7%, 50ms/98.9%, 100ms/99.0%
[2021-02-07T18:28:45.741+0300][0.981s][info][gc,marking  ] GC(7) Mark: 1 stripe(s), 2 proactive flush(es), 1 terminate flush(es), 1 completion(s), 0 continuation(s)
[2021-02-07T18:28:45.741+0300][0.981s][info][gc,nmethod  ] GC(7) NMethods: 663 registered, 0 unregistered
[2021-02-07T18:28:45.741+0300][0.981s][info][gc,metaspace] GC(7) Metaspace: 3M used, 4M capacity, 4M committed, 1032M reserved
[2021-02-07T18:28:45.741+0300][0.981s][info][gc,ref      ] GC(7) Soft: 314 encountered, 0 discovered, 0 enqueued
[2021-02-07T18:28:45.741+0300][0.981s][info][gc,ref      ] GC(7) Weak: 675 encountered, 412 discovered, 0 enqueued
[2021-02-07T18:28:45.741+0300][0.981s][info][gc,ref      ] GC(7) Final: 0 encountered, 0 discovered, 0 enqueued
[2021-02-07T18:28:45.741+0300][0.981s][info][gc,ref      ] GC(7) Phantom: 1 encountered, 0 discovered, 0 enqueued
[2021-02-07T18:28:45.741+0300][0.981s][info][gc,reloc    ] GC(7) Small Pages: 11 / 22M(73%), Empty: 0M(0%), Compacting: 6M(20%)->2M(7%)
[2021-02-07T18:28:45.741+0300][0.981s][info][gc,reloc    ] GC(7) Medium Pages: 1 / 8M(27%), Empty: 0M(0%), Compacting: 0M(0%)->0M(0%)
[2021-02-07T18:28:45.741+0300][0.981s][info][gc,reloc    ] GC(7) Large Pages: 0 / 0M(0%), Empty: 0M(0%), Compacting: 0M(0%)->0M(0%)
[2021-02-07T18:28:45.741+0300][0.981s][info][gc,reloc    ] GC(7) Relocation: Successful
[2021-02-07T18:28:45.741+0300][0.981s][info][gc,heap     ] GC(7) Min Capacity: 256M(100%)
[2021-02-07T18:28:45.741+0300][0.981s][info][gc,heap     ] GC(7) Max Capacity: 256M(100%)
[2021-02-07T18:28:45.741+0300][0.981s][info][gc,heap     ] GC(7) Soft Max Capacity: 256M(100%)
[2021-02-07T18:28:45.741+0300][0.981s][info][gc,heap     ] GC(7)                Mark Start          Mark End        Relocate Start      Relocate End           High               Low
[2021-02-07T18:28:45.741+0300][0.981s][info][gc,heap     ] GC(7)  Capacity:      256M (100%)        256M (100%)        256M (100%)        256M (100%)        256M (100%)        256M (100%)
[2021-02-07T18:28:45.741+0300][0.981s][info][gc,heap     ] GC(7)   Reserve:       12M (5%)           12M (5%)           12M (5%)           12M (5%)           12M (5%)           12M (5%)
[2021-02-07T18:28:45.741+0300][0.981s][info][gc,heap     ] GC(7)      Free:      214M (84%)         214M (84%)         214M (84%)         214M (84%)         214M (84%)         208M (81%)
[2021-02-07T18:28:45.742+0300][0.981s][info][gc,heap     ] GC(7)      Used:       30M (12%)          30M (12%)          30M (12%)          30M (12%)          36M (14%)          30M (12%)
[2021-02-07T18:28:45.742+0300][0.981s][info][gc,heap     ] GC(7)      Live:         -                17M (7%)           17M (7%)           17M (7%)             -                  -
[2021-02-07T18:28:45.742+0300][0.981s][info][gc,heap     ] GC(7) Allocated:         -                 0M (0%)            0M (0%)            6M (2%)             -                  -
[2021-02-07T18:28:45.742+0300][0.981s][info][gc,heap     ] GC(7)   Garbage:         -                12M (5%)           12M (5%)           12M (5%)             -                  -
[2021-02-07T18:28:45.742+0300][0.981s][info][gc,heap     ] GC(7) Reclaimed:         -                  -                 0M (0%)            0M (0%)             -                  -
[2021-02-07T18:28:45.742+0300][0.981s][info][gc          ] GC(7) Garbage Collection (Allocation Rate) 30M(12%)->30M(12%)
[2021-02-07T18:28:45.818+0300][1.057s][info][gc,start    ] GC(8) Garbage Collection (Allocation Rate)
[2021-02-07T18:28:45.818+0300][1.058s][info][gc,phases   ] GC(8) Pause Mark Start 0.083ms
[2021-02-07T18:28:45.844+0300][1.084s][info][gc,phases   ] GC(8) Concurrent Mark 25.950ms
[2021-02-07T18:28:45.845+0300][1.084s][info][gc,phases   ] GC(8) Pause Mark End 0.283ms
[2021-02-07T18:28:45.846+0300][1.085s][info][gc,phases   ] GC(8) Concurrent Process Non-Strong References 0.993ms
[2021-02-07T18:28:45.846+0300][1.086s][info][gc,phases   ] GC(8) Concurrent Reset Relocation Set 0.076ms
[2021-02-07T18:28:45.847+0300][1.087s][info][gc,phases   ] GC(8) Concurrent Select Relocation Set 1.410ms
[2021-02-07T18:28:45.848+0300][1.087s][info][gc,phases   ] GC(8) Pause Relocate Start 0.092ms
[2021-02-07T18:28:45.849+0300][1.089s][info][gc,phases   ] GC(8) Concurrent Relocate 1.252ms
[2021-02-07T18:28:45.849+0300][1.089s][info][gc,load     ] GC(8) Load: 0.00/0.00/0.00
[2021-02-07T18:28:45.849+0300][1.089s][info][gc,mmu      ] GC(8) MMU: 2ms/81.7%, 5ms/90.7%, 10ms/95.3%, 20ms/97.7%, 50ms/98.9%, 100ms/99.0%
[2021-02-07T18:28:45.849+0300][1.089s][info][gc,marking  ] GC(8) Mark: 1 stripe(s), 2 proactive flush(es), 1 terminate flush(es), 1 completion(s), 0 continuation(s)
[2021-02-07T18:28:45.849+0300][1.089s][info][gc,nmethod  ] GC(8) NMethods: 666 registered, 0 unregistered
[2021-02-07T18:28:45.849+0300][1.089s][info][gc,metaspace] GC(8) Metaspace: 3M used, 4M capacity, 4M committed, 1032M reserved
[2021-02-07T18:28:45.849+0300][1.089s][info][gc,ref      ] GC(8) Soft: 314 encountered, 0 discovered, 0 enqueued
[2021-02-07T18:28:45.849+0300][1.089s][info][gc,ref      ] GC(8) Weak: 675 encountered, 412 discovered, 0 enqueued
[2021-02-07T18:28:45.849+0300][1.089s][info][gc,ref      ] GC(8) Final: 0 encountered, 0 discovered, 0 enqueued
[2021-02-07T18:28:45.849+0300][1.089s][info][gc,ref      ] GC(8) Phantom: 1 encountered, 0 discovered, 0 enqueued
[2021-02-07T18:28:45.849+0300][1.089s][info][gc,reloc    ] GC(8) Small Pages: 11 / 22M(73%), Empty: 0M(0%), Compacting: 6M(20%)->2M(7%)
[2021-02-07T18:28:45.849+0300][1.089s][info][gc,reloc    ] GC(8) Medium Pages: 1 / 8M(27%), Empty: 0M(0%), Compacting: 0M(0%)->0M(0%)
[2021-02-07T18:28:45.849+0300][1.089s][info][gc,reloc    ] GC(8) Large Pages: 0 / 0M(0%), Empty: 0M(0%), Compacting: 0M(0%)->0M(0%)
[2021-02-07T18:28:45.849+0300][1.089s][info][gc,reloc    ] GC(8) Relocation: Successful
[2021-02-07T18:28:45.849+0300][1.089s][info][gc,heap     ] GC(8) Min Capacity: 256M(100%)
[2021-02-07T18:28:45.849+0300][1.089s][info][gc,heap     ] GC(8) Max Capacity: 256M(100%)
[2021-02-07T18:28:45.849+0300][1.089s][info][gc,heap     ] GC(8) Soft Max Capacity: 256M(100%)
[2021-02-07T18:28:45.849+0300][1.089s][info][gc,heap     ] GC(8)                Mark Start          Mark End        Relocate Start      Relocate End           High               Low
[2021-02-07T18:28:45.849+0300][1.089s][info][gc,heap     ] GC(8)  Capacity:      256M (100%)        256M (100%)        256M (100%)        256M (100%)        256M (100%)        256M (100%)
[2021-02-07T18:28:45.849+0300][1.089s][info][gc,heap     ] GC(8)   Reserve:       12M (5%)           12M (5%)           12M (5%)           12M (5%)           12M (5%)           12M (5%)
[2021-02-07T18:28:45.849+0300][1.089s][info][gc,heap     ] GC(8)      Free:      214M (84%)         214M (84%)         214M (84%)         214M (84%)         214M (84%)         208M (81%)
[2021-02-07T18:28:45.849+0300][1.089s][info][gc,heap     ] GC(8)      Used:       30M (12%)          30M (12%)          30M (12%)          30M (12%)          36M (14%)          30M (12%)
[2021-02-07T18:28:45.849+0300][1.089s][info][gc,heap     ] GC(8)      Live:         -                17M (7%)           17M (7%)           17M (7%)             -                  -
[2021-02-07T18:28:45.849+0300][1.089s][info][gc,heap     ] GC(8) Allocated:         -                 0M (0%)            0M (0%)            6M (2%)             -                  -
[2021-02-07T18:28:45.849+0300][1.089s][info][gc,heap     ] GC(8)   Garbage:         -                12M (5%)           12M (5%)           12M (5%)             -                  -
[2021-02-07T18:28:45.849+0300][1.089s][info][gc,heap     ] GC(8) Reclaimed:         -                  -                 0M (0%)            0M (0%)             -                  -
[2021-02-07T18:28:45.849+0300][1.089s][info][gc          ] GC(8) Garbage Collection (Allocation Rate) 30M(12%)->30M(12%)
[2021-02-07T18:28:50.212+0300][5.451s][info][gc,start    ] GC(9) Garbage Collection (Warmup)
[2021-02-07T18:28:50.212+0300][5.452s][info][gc,phases   ] GC(9) Pause Mark Start 0.043ms
[2021-02-07T18:28:50.285+0300][5.525s][info][gc,phases   ] GC(9) Concurrent Mark 73.301ms
[2021-02-07T18:28:50.286+0300][5.525s][info][gc,phases   ] GC(9) Pause Mark End 0.319ms
[2021-02-07T18:28:50.287+0300][5.527s][info][gc,phases   ] GC(9) Concurrent Process Non-Strong References 1.216ms
[2021-02-07T18:28:50.287+0300][5.527s][info][gc,phases   ] GC(9) Concurrent Reset Relocation Set 0.107ms
[2021-02-07T18:28:50.291+0300][5.530s][info][gc,phases   ] GC(9) Concurrent Select Relocation Set 3.471ms
[2021-02-07T18:28:50.291+0300][5.531s][info][gc,phases   ] GC(9) Pause Relocate Start 0.129ms
[2021-02-07T18:28:50.304+0300][5.544s][info][gc,phases   ] GC(9) Concurrent Relocate 13.186ms
[2021-02-07T18:28:50.304+0300][5.544s][info][gc,load     ] GC(9) Load: 0.00/0.00/0.00
[2021-02-07T18:28:50.304+0300][5.544s][info][gc,mmu      ] GC(9) MMU: 2ms/81.7%, 5ms/90.7%, 10ms/95.3%, 20ms/97.7%, 50ms/98.9%, 100ms/99.0%
[2021-02-07T18:28:50.304+0300][5.544s][info][gc,marking  ] GC(9) Mark: 1 stripe(s), 2 proactive flush(es), 1 terminate flush(es), 1 completion(s), 0 continuation(s)
[2021-02-07T18:28:50.304+0300][5.544s][info][gc,nmethod  ] GC(9) NMethods: 677 registered, 0 unregistered
[2021-02-07T18:28:50.304+0300][5.544s][info][gc,metaspace] GC(9) Metaspace: 3M used, 4M capacity, 4M committed, 1032M reserved
[2021-02-07T18:28:50.304+0300][5.544s][info][gc,ref      ] GC(9) Soft: 314 encountered, 0 discovered, 0 enqueued
[2021-02-07T18:28:50.304+0300][5.544s][info][gc,ref      ] GC(9) Weak: 675 encountered, 412 discovered, 0 enqueued
[2021-02-07T18:28:50.304+0300][5.544s][info][gc,ref      ] GC(9) Final: 0 encountered, 0 discovered, 0 enqueued
[2021-02-07T18:28:50.304+0300][5.544s][info][gc,ref      ] GC(9) Phantom: 1 encountered, 0 discovered, 0 enqueued
[2021-02-07T18:28:50.304+0300][5.544s][info][gc,reloc    ] GC(9) Small Pages: 27 / 54M(82%), Empty: 0M(0%), Compacting: 26M(39%)->10M(15%)
[2021-02-07T18:28:50.304+0300][5.544s][info][gc,reloc    ] GC(9) Medium Pages: 1 / 8M(12%), Empty: 8M(12%), Compacting: 0M(0%)->0M(0%)
[2021-02-07T18:28:50.304+0300][5.544s][info][gc,reloc    ] GC(9) Large Pages: 2 / 4M(6%), Empty: 2M(3%), Compacting: 0M(0%)->0M(0%)
[2021-02-07T18:28:50.304+0300][5.544s][info][gc,reloc    ] GC(9) Relocation: Successful
[2021-02-07T18:28:50.305+0300][5.544s][info][gc,heap     ] GC(9) Min Capacity: 256M(100%)
[2021-02-07T18:28:50.305+0300][5.544s][info][gc,heap     ] GC(9) Max Capacity: 256M(100%)
[2021-02-07T18:28:50.305+0300][5.544s][info][gc,heap     ] GC(9) Soft Max Capacity: 256M(100%)
[2021-02-07T18:28:50.305+0300][5.544s][info][gc,heap     ] GC(9)                Mark Start          Mark End        Relocate Start      Relocate End           High               Low
[2021-02-07T18:28:50.305+0300][5.544s][info][gc,heap     ] GC(9)  Capacity:      256M (100%)        256M (100%)        256M (100%)        256M (100%)        256M (100%)        256M (100%)
[2021-02-07T18:28:50.305+0300][5.544s][info][gc,heap     ] GC(9)   Reserve:       12M (5%)           12M (5%)           12M (5%)           12M (5%)           12M (5%)           12M (5%)
[2021-02-07T18:28:50.305+0300][5.544s][info][gc,heap     ] GC(9)      Free:      178M (70%)         178M (70%)         188M (73%)         202M (79%)         202M (79%)         178M (70%)
[2021-02-07T18:28:50.305+0300][5.544s][info][gc,heap     ] GC(9)      Used:       66M (26%)          66M (26%)          56M (22%)          42M (16%)          66M (26%)          42M (16%)
[2021-02-07T18:28:50.305+0300][5.544s][info][gc,heap     ] GC(9)      Live:         -                37M (15%)          37M (15%)          37M (15%)            -                  -
[2021-02-07T18:28:50.305+0300][5.544s][info][gc,heap     ] GC(9) Allocated:         -                 0M (0%)            0M (0%)           12M (5%)             -                  -
[2021-02-07T18:28:50.305+0300][5.544s][info][gc,heap     ] GC(9)   Garbage:         -                28M (11%)          18M (7%)            4M (2%)             -                  -
[2021-02-07T18:28:50.305+0300][5.544s][info][gc,heap     ] GC(9) Reclaimed:         -                  -                10M (4%)           24M (9%)             -                  -
[2021-02-07T18:28:50.305+0300][5.544s][info][gc          ] GC(9) Garbage Collection (Warmup) 66M(26%)->42M(16%)
[2021-02-07T18:28:54.803+0300][10.042s][info][gc,stats    ] === Garbage Collection Statistics =======================================================================================================================
[2021-02-07T18:28:54.803+0300][10.042s][info][gc,stats    ]                                                              Last 10s              Last 10m              Last 10h                Total
[2021-02-07T18:28:54.803+0300][10.042s][info][gc,stats    ]                                                              Avg / Max             Avg / Max             Avg / Max             Avg / Max
[2021-02-07T18:28:54.803+0300][10.042s][info][gc,stats    ]   Collector: Garbage Collection Cycle                     42.924 / 92.770       42.924 / 92.770       42.924 / 92.770       42.924 / 92.770      ms
[2021-02-07T18:28:54.803+0300][10.042s][info][gc,stats    ]  Contention: Mark Segment Reset Contention                     0 / 0                 0 / 0                 0 / 0                 0 / 0           ops/s
[2021-02-07T18:28:54.803+0300][10.042s][info][gc,stats    ]  Contention: Mark SeqNum Reset Contention                      0 / 0                 0 / 0                 0 / 0                 0 / 0           ops/s
[2021-02-07T18:28:54.803+0300][10.042s][info][gc,stats    ]  Contention: Relocation Contention                             0 / 2                 0 / 2                 0 / 2                 0 / 2           ops/s
[2021-02-07T18:28:54.803+0300][10.043s][info][gc,stats    ]    Critical: Allocation Stall                              0.000 / 0.000         0.000 / 0.000         0.000 / 0.000         0.000 / 0.000       ms
[2021-02-07T18:28:54.803+0300][10.043s][info][gc,stats    ]    Critical: Allocation Stall                                  0 / 0                 0 / 0                 0 / 0                 0 / 0           ops/s
[2021-02-07T18:28:54.803+0300][10.043s][info][gc,stats    ]    Critical: GC Locker Stall                               0.000 / 0.000         0.000 / 0.000         0.000 / 0.000         0.000 / 0.000       ms
[2021-02-07T18:28:54.803+0300][10.043s][info][gc,stats    ]    Critical: GC Locker Stall                                   0 / 0                 0 / 0                 0 / 0                 0 / 0           ops/s
[2021-02-07T18:28:54.803+0300][10.043s][info][gc,stats    ]      Memory: Allocation Rate                                  34 / 304              34 / 304              34 / 304              34 / 304         MB/s
[2021-02-07T18:28:54.803+0300][10.043s][info][gc,stats    ]      Memory: Heap Used After Mark                             34 / 66               34 / 66               34 / 66               34 / 66          MB
[2021-02-07T18:28:54.803+0300][10.043s][info][gc,stats    ]      Memory: Heap Used After Relocation                       32 / 42               32 / 42               32 / 42               32 / 42          MB
[2021-02-07T18:28:54.803+0300][10.043s][info][gc,stats    ]      Memory: Heap Used Before Mark                            34 / 66               34 / 66               34 / 66               34 / 66          MB
[2021-02-07T18:28:54.803+0300][10.043s][info][gc,stats    ]      Memory: Heap Used Before Relocation                      33 / 56               33 / 56               33 / 56               33 / 56          MB
[2021-02-07T18:28:54.803+0300][10.043s][info][gc,stats    ]      Memory: Out Of Memory                                     0 / 0                 0 / 0                 0 / 0                 0 / 0           ops/s
[2021-02-07T18:28:54.803+0300][10.043s][info][gc,stats    ]      Memory: Page Cache Flush                                  0 / 0                 0 / 0                 0 / 0                 0 / 0           MB/s
[2021-02-07T18:28:54.803+0300][10.043s][info][gc,stats    ]      Memory: Page Cache Hit L1                                 3 / 21                3 / 21                3 / 21                3 / 21          ops/s
[2021-02-07T18:28:54.803+0300][10.043s][info][gc,stats    ]      Memory: Page Cache Hit L2                                 0 / 0                 0 / 0                 0 / 0                 0 / 0           ops/s
[2021-02-07T18:28:54.803+0300][10.043s][info][gc,stats    ]      Memory: Page Cache Hit L3                                 3 / 16                3 / 16                3 / 16                3 / 16          ops/s
[2021-02-07T18:28:54.803+0300][10.043s][info][gc,stats    ]      Memory: Page Cache Miss                                   0 / 0                 0 / 0                 0 / 0                 0 / 0           ops/s
[2021-02-07T18:28:54.803+0300][10.043s][info][gc,stats    ]      Memory: Uncommit                                          0 / 0                 0 / 0                 0 / 0                 0 / 0           MB/s
[2021-02-07T18:28:54.803+0300][10.043s][info][gc,stats    ]      Memory: Undo Object Allocation Failed                     0 / 0                 0 / 0                 0 / 0                 0 / 0           ops/s
[2021-02-07T18:28:54.803+0300][10.043s][info][gc,stats    ]      Memory: Undo Object Allocation Succeeded                  0 / 2                 0 / 2                 0 / 2                 0 / 2           ops/s
[2021-02-07T18:28:54.803+0300][10.043s][info][gc,stats    ]      Memory: Undo Page Allocation                              0 / 0                 0 / 0                 0 / 0                 0 / 0           ops/s
[2021-02-07T18:28:54.803+0300][10.043s][info][gc,stats    ]       Phase: Concurrent Mark                              35.076 / 73.301       35.076 / 73.301       35.076 / 73.301       35.076 / 73.301      ms
[2021-02-07T18:28:54.803+0300][10.043s][info][gc,stats    ]       Phase: Concurrent Mark Continue                      0.000 / 0.000         0.000 / 0.000         0.000 / 0.000         0.000 / 0.000       ms
[2021-02-07T18:28:54.803+0300][10.043s][info][gc,stats    ]       Phase: Concurrent Process Non-Strong References      1.042 / 1.216         1.042 / 1.216         1.042 / 1.216         1.042 / 1.216       ms
[2021-02-07T18:28:54.803+0300][10.043s][info][gc,stats    ]       Phase: Concurrent Relocate                           2.947 / 13.186        2.947 / 13.186        2.947 / 13.186        2.947 / 13.186      ms
[2021-02-07T18:28:54.803+0300][10.043s][info][gc,stats    ]       Phase: Concurrent Reset Relocation Set               0.069 / 0.127         0.069 / 0.127         0.069 / 0.127         0.069 / 0.127       ms
[2021-02-07T18:28:54.803+0300][10.043s][info][gc,stats    ]       Phase: Concurrent Select Relocation Set              2.282 / 7.297         2.282 / 7.297         2.282 / 7.297         2.282 / 7.297       ms
[2021-02-07T18:28:54.803+0300][10.043s][info][gc,stats    ]       Phase: Pause Mark End                                0.295 / 0.367         0.295 / 0.367         0.295 / 0.367         0.295 / 0.367       ms
[2021-02-07T18:28:54.803+0300][10.043s][info][gc,stats    ]       Phase: Pause Mark Start                              0.078 / 0.128         0.078 / 0.128         0.078 / 0.128         0.078 / 0.128       ms
[2021-02-07T18:28:54.803+0300][10.043s][info][gc,stats    ]       Phase: Pause Relocate Start                          0.109 / 0.153         0.109 / 0.153         0.109 / 0.153         0.109 / 0.153       ms
[2021-02-07T18:28:54.803+0300][10.043s][info][gc,stats    ]    Subphase: Concurrent Classes Purge                      0.088 / 0.101         0.088 / 0.101         0.088 / 0.101         0.088 / 0.101       ms
[2021-02-07T18:28:54.803+0300][10.043s][info][gc,stats    ]    Subphase: Concurrent Classes Unlink                     0.522 / 0.691         0.522 / 0.691         0.522 / 0.691         0.522 / 0.691       ms
[2021-02-07T18:28:54.803+0300][10.043s][info][gc,stats    ]    Subphase: Concurrent Mark                              34.886 / 73.206       34.886 / 73.206       34.886 / 73.206       34.886 / 73.206      ms
[2021-02-07T18:28:54.803+0300][10.043s][info][gc,stats    ]    Subphase: Concurrent Mark Idle                          0.000 / 0.000         0.000 / 0.000         0.000 / 0.000         0.000 / 0.000       ms
[2021-02-07T18:28:54.803+0300][10.043s][info][gc,stats    ]    Subphase: Concurrent Mark Try Flush                     0.133 / 0.236         0.133 / 0.236         0.133 / 0.236         0.133 / 0.236       ms
[2021-02-07T18:28:54.803+0300][10.043s][info][gc,stats    ]    Subphase: Concurrent Mark Try Terminate                 0.062 / 0.143         0.062 / 0.143         0.062 / 0.143         0.062 / 0.143       ms
[2021-02-07T18:28:54.803+0300][10.043s][info][gc,stats    ]    Subphase: Concurrent References Enqueue                 0.001 / 0.004         0.001 / 0.004         0.001 / 0.004         0.001 / 0.004       ms
[2021-02-07T18:28:54.803+0300][10.043s][info][gc,stats    ]    Subphase: Concurrent References Process                 0.103 / 0.111         0.103 / 0.111         0.103 / 0.111         0.103 / 0.111       ms
[2021-02-07T18:28:54.803+0300][10.043s][info][gc,stats    ]    Subphase: Concurrent Roots                              0.049 / 0.114         0.049 / 0.114         0.049 / 0.114         0.049 / 0.114       ms
[2021-02-07T18:28:54.803+0300][10.043s][info][gc,stats    ]    Subphase: Concurrent Roots ClassLoaderDataGraph         0.044 / 0.107         0.044 / 0.107         0.044 / 0.107         0.044 / 0.107       ms
[2021-02-07T18:28:54.803+0300][10.043s][info][gc,stats    ]    Subphase: Concurrent Roots JNIHandles                   0.002 / 0.003         0.002 / 0.003         0.002 / 0.003         0.002 / 0.003       ms
[2021-02-07T18:28:54.803+0300][10.043s][info][gc,stats    ]    Subphase: Concurrent Roots Setup                        0.003 / 0.004         0.003 / 0.004         0.003 / 0.004         0.003 / 0.004       ms
[2021-02-07T18:28:54.803+0300][10.043s][info][gc,stats    ]    Subphase: Concurrent Roots Teardown                     0.000 / 0.000         0.000 / 0.000         0.000 / 0.000         0.000 / 0.000       ms
[2021-02-07T18:28:54.803+0300][10.043s][info][gc,stats    ]    Subphase: Concurrent Roots VMHandles                    0.002 / 0.003         0.002 / 0.003         0.002 / 0.003         0.002 / 0.003       ms
[2021-02-07T18:28:54.803+0300][10.043s][info][gc,stats    ]    Subphase: Concurrent Weak Roots                         0.108 / 0.191         0.108 / 0.191         0.108 / 0.191         0.108 / 0.191       ms
[2021-02-07T18:28:54.803+0300][10.043s][info][gc,stats    ]    Subphase: Concurrent Weak Roots JNIWeakHandles          0.000 / 0.000         0.000 / 0.000         0.000 / 0.000         0.000 / 0.000       ms
[2021-02-07T18:28:54.803+0300][10.043s][info][gc,stats    ]    Subphase: Concurrent Weak Roots ResolvedMethodTable     0.013 / 0.028         0.013 / 0.028         0.013 / 0.028         0.013 / 0.028       ms
[2021-02-07T18:28:54.803+0300][10.043s][info][gc,stats    ]    Subphase: Concurrent Weak Roots StringTable             0.091 / 0.166         0.091 / 0.166         0.091 / 0.166         0.091 / 0.166       ms
[2021-02-07T18:28:54.803+0300][10.043s][info][gc,stats    ]    Subphase: Concurrent Weak Roots VMWeakHandles           0.003 / 0.004         0.003 / 0.004         0.003 / 0.004         0.003 / 0.004       ms
[2021-02-07T18:28:54.803+0300][10.043s][info][gc,stats    ]    Subphase: Pause Mark Try Complete                       0.108 / 0.189         0.108 / 0.189         0.108 / 0.189         0.108 / 0.189       ms
[2021-02-07T18:28:54.803+0300][10.043s][info][gc,stats    ]    Subphase: Pause Roots                                   0.025 / 0.091         0.025 / 0.091         0.025 / 0.091         0.025 / 0.091       ms
[2021-02-07T18:28:54.803+0300][10.043s][info][gc,stats    ]    Subphase: Pause Roots CodeCache                         0.000 / 0.000         0.000 / 0.000         0.000 / 0.000         0.000 / 0.000       ms
[2021-02-07T18:28:54.803+0300][10.043s][info][gc,stats    ]    Subphase: Pause Roots JVMTIExport                       0.000 / 0.002         0.000 / 0.002         0.000 / 0.002         0.000 / 0.002       ms
[2021-02-07T18:28:54.803+0300][10.043s][info][gc,stats    ]    Subphase: Pause Roots JVMTIWeakExport                   0.000 / 0.000         0.000 / 0.000         0.000 / 0.000         0.000 / 0.000       ms
[2021-02-07T18:28:54.803+0300][10.043s][info][gc,stats    ]    Subphase: Pause Roots Java Threads                      0.021 / 0.089         0.021 / 0.089         0.021 / 0.089         0.021 / 0.089       ms
[2021-02-07T18:28:54.803+0300][10.043s][info][gc,stats    ]    Subphase: Pause Roots Management                        0.006 / 0.031         0.006 / 0.031         0.006 / 0.031         0.006 / 0.031       ms
[2021-02-07T18:28:54.803+0300][10.043s][info][gc,stats    ]    Subphase: Pause Roots ObjectSynchronizer                0.000 / 0.000         0.000 / 0.000         0.000 / 0.000         0.000 / 0.000       ms
[2021-02-07T18:28:54.803+0300][10.043s][info][gc,stats    ]    Subphase: Pause Roots Setup                             0.000 / 0.001         0.000 / 0.001         0.000 / 0.001         0.000 / 0.001       ms
[2021-02-07T18:28:54.804+0300][10.043s][info][gc,stats    ]    Subphase: Pause Roots Teardown                          0.001 / 0.001         0.001 / 0.001         0.001 / 0.001         0.001 / 0.001       ms
[2021-02-07T18:28:54.804+0300][10.043s][info][gc,stats    ]    Subphase: Pause Roots Universe                          0.003 / 0.027         0.003 / 0.027         0.003 / 0.027         0.003 / 0.027       ms
[2021-02-07T18:28:54.804+0300][10.043s][info][gc,stats    ]    Subphase: Pause Roots VM Thread                         0.001 / 0.001         0.001 / 0.001         0.001 / 0.001         0.001 / 0.001       ms
[2021-02-07T18:28:54.804+0300][10.043s][info][gc,stats    ]    Subphase: Pause Weak Roots                              0.002 / 0.014         0.002 / 0.014         0.002 / 0.014         0.002 / 0.014       ms
[2021-02-07T18:28:54.804+0300][10.043s][info][gc,stats    ]    Subphase: Pause Weak Roots JFRWeak                      0.002 / 0.013         0.002 / 0.013         0.002 / 0.013         0.002 / 0.013       ms
[2021-02-07T18:28:54.804+0300][10.043s][info][gc,stats    ]    Subphase: Pause Weak Roots JVMTIWeakExport              0.002 / 0.013         0.002 / 0.013         0.002 / 0.013         0.002 / 0.013       ms
[2021-02-07T18:28:54.804+0300][10.043s][info][gc,stats    ]    Subphase: Pause Weak Roots Setup                        0.000 / 0.000         0.000 / 0.000         0.000 / 0.000         0.000 / 0.000       ms
[2021-02-07T18:28:54.804+0300][10.043s][info][gc,stats    ]    Subphase: Pause Weak Roots Teardown                     0.000 / 0.000         0.000 / 0.000         0.000 / 0.000         0.000 / 0.000       ms
[2021-02-07T18:28:54.804+0300][10.043s][info][gc,stats    ]      System: Java Threads                                     11 / 12               11 / 12               11 / 12               11 / 12          threads
[2021-02-07T18:28:54.804+0300][10.043s][info][gc,stats    ] =========================================================================================================================================================
[2021-02-07T18:29:02.506+0300][17.745s][info][gc,start    ] GC(10) Garbage Collection (Warmup)
[2021-02-07T18:29:02.506+0300][17.746s][info][gc,phases   ] GC(10) Pause Mark Start 0.048ms
[2021-02-07T18:29:02.617+0300][17.857s][info][gc,phases   ] GC(10) Concurrent Mark 111.245ms
[2021-02-07T18:29:02.618+0300][17.858s][info][gc,phases   ] GC(10) Pause Mark End 0.293ms
[2021-02-07T18:29:02.619+0300][17.859s][info][gc,phases   ] GC(10) Concurrent Process Non-Strong References 1.250ms
[2021-02-07T18:29:02.620+0300][17.860s][info][gc,phases   ] GC(10) Concurrent Reset Relocation Set 0.490ms
[2021-02-07T18:29:02.623+0300][17.863s][info][gc,phases   ] GC(10) Concurrent Select Relocation Set 3.585ms
[2021-02-07T18:29:02.624+0300][17.864s][info][gc,phases   ] GC(10) Pause Relocate Start 0.118ms
[2021-02-07T18:29:02.637+0300][17.877s][info][gc,phases   ] GC(10) Concurrent Relocate 13.119ms
[2021-02-07T18:29:02.637+0300][17.877s][info][gc,load     ] GC(10) Load: 0.00/0.00/0.00
[2021-02-07T18:29:02.637+0300][17.877s][info][gc,mmu      ] GC(10) MMU: 2ms/81.7%, 5ms/90.7%, 10ms/95.3%, 20ms/97.7%, 50ms/98.9%, 100ms/99.0%
[2021-02-07T18:29:02.637+0300][17.877s][info][gc,marking  ] GC(10) Mark: 1 stripe(s), 2 proactive flush(es), 1 terminate flush(es), 1 completion(s), 0 continuation(s)
[2021-02-07T18:29:02.637+0300][17.877s][info][gc,nmethod  ] GC(10) NMethods: 679 registered, 0 unregistered
[2021-02-07T18:29:02.637+0300][17.877s][info][gc,metaspace] GC(10) Metaspace: 3M used, 4M capacity, 4M committed, 1032M reserved
[2021-02-07T18:29:02.637+0300][17.877s][info][gc,ref      ] GC(10) Soft: 314 encountered, 0 discovered, 0 enqueued
[2021-02-07T18:29:02.637+0300][17.877s][info][gc,ref      ] GC(10) Weak: 675 encountered, 412 discovered, 0 enqueued
[2021-02-07T18:29:02.637+0300][17.877s][info][gc,ref      ] GC(10) Final: 0 encountered, 0 discovered, 0 enqueued
[2021-02-07T18:29:02.637+0300][17.877s][info][gc,ref      ] GC(10) Phantom: 1 encountered, 0 discovered, 0 enqueued
[2021-02-07T18:29:02.637+0300][17.877s][info][gc,reloc    ] GC(10) Small Pages: 37 / 74M(93%), Empty: 0M(0%), Compacting: 28M(35%)->10M(13%)
[2021-02-07T18:29:02.637+0300][17.877s][info][gc,reloc    ] GC(10) Medium Pages: 0 / 0M(0%), Empty: 0M(0%), Compacting: 0M(0%)->0M(0%)
[2021-02-07T18:29:02.637+0300][17.877s][info][gc,reloc    ] GC(10) Large Pages: 2 / 6M(8%), Empty: 2M(3%), Compacting: 0M(0%)->0M(0%)
[2021-02-07T18:29:02.637+0300][17.877s][info][gc,reloc    ] GC(10) Relocation: Successful
[2021-02-07T18:29:02.637+0300][17.877s][info][gc,heap     ] GC(10) Min Capacity: 256M(100%)
[2021-02-07T18:29:02.637+0300][17.877s][info][gc,heap     ] GC(10) Max Capacity: 256M(100%)
[2021-02-07T18:29:02.637+0300][17.877s][info][gc,heap     ] GC(10) Soft Max Capacity: 256M(100%)
[2021-02-07T18:29:02.637+0300][17.877s][info][gc,heap     ] GC(10)                Mark Start          Mark End        Relocate Start      Relocate End           High               Low
[2021-02-07T18:29:02.637+0300][17.877s][info][gc,heap     ] GC(10)  Capacity:      256M (100%)        256M (100%)        256M (100%)        256M (100%)        256M (100%)        256M (100%)
[2021-02-07T18:29:02.637+0300][17.877s][info][gc,heap     ] GC(10)   Reserve:       12M (5%)           12M (5%)           12M (5%)           12M (5%)           12M (5%)           12M (5%)
[2021-02-07T18:29:02.637+0300][17.877s][info][gc,heap     ] GC(10)      Free:      164M (64%)         164M (64%)         166M (65%)         182M (71%)         182M (71%)         160M (63%)
[2021-02-07T18:29:02.637+0300][17.877s][info][gc,heap     ] GC(10)      Used:       80M (31%)          80M (31%)          78M (30%)          62M (24%)          84M (33%)          62M (24%)
[2021-02-07T18:29:02.637+0300][17.877s][info][gc,heap     ] GC(10)      Live:         -                56M (22%)          56M (22%)          56M (22%)            -                  -
[2021-02-07T18:29:02.637+0300][17.877s][info][gc,heap     ] GC(10) Allocated:         -                 0M (0%)            0M (0%)           12M (5%)             -                  -
[2021-02-07T18:29:02.637+0300][17.877s][info][gc,heap     ] GC(10)   Garbage:         -                23M (9%)           21M (9%)            5M (2%)             -                  -
[2021-02-07T18:29:02.637+0300][17.877s][info][gc,heap     ] GC(10) Reclaimed:         -                  -                 2M (1%)           18M (7%)             -                  -
[2021-02-07T18:29:02.637+0300][17.877s][info][gc          ] GC(10) Garbage Collection (Warmup) 80M(31%)->62M(24%)
[2021-02-07T18:29:04.810+0300][20.049s][info][gc,stats    ] === Garbage Collection Statistics =======================================================================================================================
[2021-02-07T18:29:04.810+0300][20.049s][info][gc,stats    ]                                                              Last 10s              Last 10m              Last 10h                Total
[2021-02-07T18:29:04.810+0300][20.049s][info][gc,stats    ]                                                              Avg / Max             Avg / Max             Avg / Max             Avg / Max
[2021-02-07T18:29:04.810+0300][20.050s][info][gc,stats    ]   Collector: Garbage Collection Cycle                    131.321 / 131.321      50.960 / 131.321      50.960 / 131.321      50.960 / 131.321     ms
[2021-02-07T18:29:04.810+0300][20.050s][info][gc,stats    ]  Contention: Mark Segment Reset Contention                     0 / 0                 0 / 0                 0 / 0                 0 / 0           ops/s
[2021-02-07T18:29:04.810+0300][20.050s][info][gc,stats    ]  Contention: Mark SeqNum Reset Contention                      0 / 0                 0 / 0                 0 / 0                 0 / 0           ops/s
[2021-02-07T18:29:04.810+0300][20.050s][info][gc,stats    ]  Contention: Relocation Contention                             0 / 1                 0 / 2                 0 / 2                 0 / 2           ops/s
[2021-02-07T18:29:04.810+0300][20.050s][info][gc,stats    ]    Critical: Allocation Stall                              0.000 / 0.000         0.000 / 0.000         0.000 / 0.000         0.000 / 0.000       ms
[2021-02-07T18:29:04.810+0300][20.050s][info][gc,stats    ]    Critical: Allocation Stall                                  0 / 0                 0 / 0                 0 / 0                 0 / 0           ops/s
[2021-02-07T18:29:04.810+0300][20.050s][info][gc,stats    ]    Critical: GC Locker Stall                               0.000 / 0.000         0.000 / 0.000         0.000 / 0.000         0.000 / 0.000       ms
[2021-02-07T18:29:04.810+0300][20.050s][info][gc,stats    ]    Critical: GC Locker Stall                                   0 / 0                 0 / 0                 0 / 0                 0 / 0           ops/s
[2021-02-07T18:29:04.810+0300][20.050s][info][gc,stats    ]      Memory: Allocation Rate                                   4 / 22               19 / 304              19 / 304              19 / 304         MB/s
[2021-02-07T18:29:04.810+0300][20.050s][info][gc,stats    ]      Memory: Heap Used After Mark                             80 / 80               38 / 80               38 / 80               38 / 80          MB
[2021-02-07T18:29:04.810+0300][20.050s][info][gc,stats    ]      Memory: Heap Used After Relocation                       62 / 62               34 / 62               34 / 62               34 / 62          MB
[2021-02-07T18:29:04.810+0300][20.050s][info][gc,stats    ]      Memory: Heap Used Before Mark                            80 / 80               38 / 80               38 / 80               38 / 80          MB
[2021-02-07T18:29:04.810+0300][20.050s][info][gc,stats    ]      Memory: Heap Used Before Relocation                      78 / 78               37 / 78               37 / 78               37 / 78          MB
[2021-02-07T18:29:04.810+0300][20.050s][info][gc,stats    ]      Memory: Out Of Memory                                     0 / 0                 0 / 0                 0 / 0                 0 / 0           ops/s
[2021-02-07T18:29:04.810+0300][20.050s][info][gc,stats    ]      Memory: Page Cache Flush                                  0 / 0                 0 / 0                 0 / 0                 0 / 0           MB/s
[2021-02-07T18:29:04.810+0300][20.050s][info][gc,stats    ]      Memory: Page Cache Hit L1                                 1 / 9                 2 / 21                2 / 21                2 / 21          ops/s
[2021-02-07T18:29:04.810+0300][20.050s][info][gc,stats    ]      Memory: Page Cache Hit L2                                 0 / 0                 0 / 0                 0 / 0                 0 / 0           ops/s
[2021-02-07T18:29:04.810+0300][20.050s][info][gc,stats    ]      Memory: Page Cache Hit L3                                 1 / 10                2 / 16                2 / 16                2 / 16          ops/s
[2021-02-07T18:29:04.810+0300][20.050s][info][gc,stats    ]      Memory: Page Cache Miss                                   0 / 0                 0 / 0                 0 / 0                 0 / 0           ops/s
[2021-02-07T18:29:04.810+0300][20.050s][info][gc,stats    ]      Memory: Uncommit                                          0 / 0                 0 / 0                 0 / 0                 0 / 0           MB/s
[2021-02-07T18:29:04.810+0300][20.050s][info][gc,stats    ]      Memory: Undo Object Allocation Failed                     0 / 0                 0 / 0                 0 / 0                 0 / 0           ops/s
[2021-02-07T18:29:04.810+0300][20.050s][info][gc,stats    ]      Memory: Undo Object Allocation Succeeded                  0 / 1                 0 / 2                 0 / 2                 0 / 2           ops/s
[2021-02-07T18:29:04.810+0300][20.050s][info][gc,stats    ]      Memory: Undo Page Allocation                              0 / 0                 0 / 0                 0 / 0                 0 / 0           ops/s
[2021-02-07T18:29:04.810+0300][20.050s][info][gc,stats    ]       Phase: Concurrent Mark                             111.245 / 111.245      42.000 / 111.245      42.000 / 111.245      42.000 / 111.245     ms
[2021-02-07T18:29:04.810+0300][20.050s][info][gc,stats    ]       Phase: Concurrent Mark Continue                      0.000 / 0.000         0.000 / 0.000         0.000 / 0.000         0.000 / 0.000       ms
[2021-02-07T18:29:04.810+0300][20.050s][info][gc,stats    ]       Phase: Concurrent Process Non-Strong References      1.250 / 1.250         1.061 / 1.250         1.061 / 1.250         1.061 / 1.250       ms
[2021-02-07T18:29:04.810+0300][20.050s][info][gc,stats    ]       Phase: Concurrent Relocate                          13.119 / 13.119        3.872 / 13.186        3.872 / 13.186        3.872 / 13.186      ms
[2021-02-07T18:29:04.810+0300][20.050s][info][gc,stats    ]       Phase: Concurrent Reset Relocation Set               0.490 / 0.490         0.107 / 0.490         0.107 / 0.490         0.107 / 0.490       ms
[2021-02-07T18:29:04.810+0300][20.050s][info][gc,stats    ]       Phase: Concurrent Select Relocation Set              3.585 / 3.585         2.401 / 7.297         2.401 / 7.297         2.401 / 7.297       ms
[2021-02-07T18:29:04.810+0300][20.050s][info][gc,stats    ]       Phase: Pause Mark End                                0.293 / 0.293         0.295 / 0.367         0.295 / 0.367         0.295 / 0.367       ms
[2021-02-07T18:29:04.810+0300][20.050s][info][gc,stats    ]       Phase: Pause Mark Start                              0.048 / 0.048         0.075 / 0.128         0.075 / 0.128         0.075 / 0.128       ms
[2021-02-07T18:29:04.810+0300][20.050s][info][gc,stats    ]       Phase: Pause Relocate Start                          0.118 / 0.118         0.110 / 0.153         0.110 / 0.153         0.110 / 0.153       ms
[2021-02-07T18:29:04.810+0300][20.050s][info][gc,stats    ]    Subphase: Concurrent Classes Purge                      0.092 / 0.092         0.089 / 0.101         0.089 / 0.101         0.089 / 0.101       ms
[2021-02-07T18:29:04.810+0300][20.050s][info][gc,stats    ]    Subphase: Concurrent Classes Unlink                     0.693 / 0.693         0.537 / 0.693         0.537 / 0.693         0.537 / 0.693       ms
[2021-02-07T18:29:04.811+0300][20.050s][info][gc,stats    ]    Subphase: Concurrent Mark                             110.994 / 110.994      41.805 / 110.994      41.805 / 110.994      41.805 / 110.994     ms
[2021-02-07T18:29:04.811+0300][20.050s][info][gc,stats    ]    Subphase: Concurrent Mark Idle                          0.000 / 0.000         0.000 / 0.000         0.000 / 0.000         0.000 / 0.000       ms
[2021-02-07T18:29:04.811+0300][20.050s][info][gc,stats    ]    Subphase: Concurrent Mark Try Flush                     0.232 / 0.289         0.142 / 0.289         0.142 / 0.289         0.142 / 0.289       ms
[2021-02-07T18:29:04.811+0300][20.050s][info][gc,stats    ]    Subphase: Concurrent Mark Try Terminate                 0.105 / 0.210         0.066 / 0.210         0.066 / 0.210         0.066 / 0.210       ms
[2021-02-07T18:29:04.811+0300][20.050s][info][gc,stats    ]    Subphase: Concurrent References Enqueue                 0.000 / 0.000         0.001 / 0.004         0.001 / 0.004         0.001 / 0.004       ms
[2021-02-07T18:29:04.811+0300][20.051s][info][gc,stats    ]    Subphase: Concurrent References Process                 0.099 / 0.099         0.102 / 0.111         0.102 / 0.111         0.102 / 0.111       ms
[2021-02-07T18:29:04.811+0300][20.051s][info][gc,stats    ]    Subphase: Concurrent Roots                              0.076 / 0.076         0.051 / 0.114         0.051 / 0.114         0.051 / 0.114       ms
[2021-02-07T18:29:04.811+0300][20.051s][info][gc,stats    ]    Subphase: Concurrent Roots ClassLoaderDataGraph         0.071 / 0.071         0.047 / 0.107         0.047 / 0.107         0.047 / 0.107       ms
[2021-02-07T18:29:04.811+0300][20.051s][info][gc,stats    ]    Subphase: Concurrent Roots JNIHandles                   0.002 / 0.002         0.002 / 0.003         0.002 / 0.003         0.002 / 0.003       ms
[2021-02-07T18:29:04.811+0300][20.051s][info][gc,stats    ]    Subphase: Concurrent Roots Setup                        0.004 / 0.004         0.003 / 0.004         0.003 / 0.004         0.003 / 0.004       ms
[2021-02-07T18:29:04.811+0300][20.051s][info][gc,stats    ]    Subphase: Concurrent Roots Teardown                     0.000 / 0.000         0.000 / 0.000         0.000 / 0.000         0.000 / 0.000       ms
[2021-02-07T18:29:04.811+0300][20.051s][info][gc,stats    ]    Subphase: Concurrent Roots VMHandles                    0.003 / 0.003         0.002 / 0.003         0.002 / 0.003         0.002 / 0.003       ms
[2021-02-07T18:29:04.811+0300][20.051s][info][gc,stats    ]    Subphase: Concurrent Weak Roots                         0.102 / 0.102         0.108 / 0.191         0.108 / 0.191         0.108 / 0.191       ms
[2021-02-07T18:29:04.811+0300][20.051s][info][gc,stats    ]    Subphase: Concurrent Weak Roots JNIWeakHandles          0.000 / 0.000         0.000 / 0.000         0.000 / 0.000         0.000 / 0.000       ms
[2021-02-07T18:29:04.811+0300][20.051s][info][gc,stats    ]    Subphase: Concurrent Weak Roots ResolvedMethodTable     0.013 / 0.013         0.013 / 0.028         0.013 / 0.028         0.013 / 0.028       ms
[2021-02-07T18:29:04.811+0300][20.051s][info][gc,stats    ]    Subphase: Concurrent Weak Roots StringTable             0.084 / 0.084         0.090 / 0.166         0.090 / 0.166         0.090 / 0.166       ms
[2021-02-07T18:29:04.811+0300][20.051s][info][gc,stats    ]    Subphase: Concurrent Weak Roots VMWeakHandles           0.004 / 0.004         0.003 / 0.004         0.003 / 0.004         0.003 / 0.004       ms
[2021-02-07T18:29:04.811+0300][20.051s][info][gc,stats    ]    Subphase: Pause Mark Try Complete                       0.106 / 0.106         0.108 / 0.189         0.108 / 0.189         0.108 / 0.189       ms
[2021-02-07T18:29:04.811+0300][20.051s][info][gc,stats    ]    Subphase: Pause Roots                                   0.029 / 0.039         0.026 / 0.091         0.026 / 0.091         0.026 / 0.091       ms
[2021-02-07T18:29:04.811+0300][20.051s][info][gc,stats    ]    Subphase: Pause Roots CodeCache                         0.000 / 0.000         0.000 / 0.000         0.000 / 0.000         0.000 / 0.000       ms
[2021-02-07T18:29:04.811+0300][20.051s][info][gc,stats    ]    Subphase: Pause Roots JVMTIExport                       0.000 / 0.000         0.000 / 0.002         0.000 / 0.002         0.000 / 0.002       ms
[2021-02-07T18:29:04.811+0300][20.051s][info][gc,stats    ]    Subphase: Pause Roots JVMTIWeakExport                   0.000 / 0.000         0.000 / 0.000         0.000 / 0.000         0.000 / 0.000       ms
[2021-02-07T18:29:04.811+0300][20.051s][info][gc,stats    ]    Subphase: Pause Roots Java Threads                      0.021 / 0.032         0.021 / 0.089         0.021 / 0.089         0.021 / 0.089       ms
[2021-02-07T18:29:04.811+0300][20.051s][info][gc,stats    ]    Subphase: Pause Roots Management                        0.011 / 0.022         0.007 / 0.031         0.007 / 0.031         0.007 / 0.031       ms
[2021-02-07T18:29:04.811+0300][20.051s][info][gc,stats    ]    Subphase: Pause Roots ObjectSynchronizer                0.000 / 0.000         0.000 / 0.000         0.000 / 0.000         0.000 / 0.000       ms
[2021-02-07T18:29:04.811+0300][20.051s][info][gc,stats    ]    Subphase: Pause Roots Setup                             0.000 / 0.000         0.000 / 0.001         0.000 / 0.001         0.000 / 0.001       ms
[2021-02-07T18:29:04.811+0300][20.051s][info][gc,stats    ]    Subphase: Pause Roots Teardown                          0.001 / 0.001         0.001 / 0.001         0.001 / 0.001         0.001 / 0.001       ms
[2021-02-07T18:29:04.811+0300][20.051s][info][gc,stats    ]    Subphase: Pause Roots Universe                          0.001 / 0.002         0.002 / 0.027         0.002 / 0.027         0.002 / 0.027       ms
[2021-02-07T18:29:04.811+0300][20.051s][info][gc,stats    ]    Subphase: Pause Roots VM Thread                         0.001 / 0.001         0.001 / 0.001         0.001 / 0.001         0.001 / 0.001       ms
[2021-02-07T18:29:04.811+0300][20.051s][info][gc,stats    ]    Subphase: Pause Weak Roots                              0.001 / 0.001         0.002 / 0.014         0.002 / 0.014         0.002 / 0.014       ms
[2021-02-07T18:29:04.811+0300][20.051s][info][gc,stats    ]    Subphase: Pause Weak Roots JFRWeak                      0.000 / 0.000         0.002 / 0.013         0.002 / 0.013         0.002 / 0.013       ms
[2021-02-07T18:29:04.811+0300][20.051s][info][gc,stats    ]    Subphase: Pause Weak Roots JVMTIWeakExport              0.000 / 0.000         0.002 / 0.013         0.002 / 0.013         0.002 / 0.013       ms
[2021-02-07T18:29:04.811+0300][20.051s][info][gc,stats    ]    Subphase: Pause Weak Roots Setup                        0.000 / 0.000         0.000 / 0.000         0.000 / 0.000         0.000 / 0.000       ms
[2021-02-07T18:29:04.811+0300][20.051s][info][gc,stats    ]    Subphase: Pause Weak Roots Teardown                     0.000 / 0.000         0.000 / 0.000         0.000 / 0.000         0.000 / 0.000       ms
[2021-02-07T18:29:04.811+0300][20.051s][info][gc,stats    ]      System: Java Threads                                     11 / 11               11 / 12               11 / 12               11 / 12          threads
[2021-02-07T18:29:04.811+0300][20.051s][info][gc,stats    ] =========================================================================================================================================================
[2021-02-07T18:29:14.812+0300][30.051s][info][gc,stats    ] === Garbage Collection Statistics =======================================================================================================================
[2021-02-07T18:29:14.812+0300][30.052s][info][gc,stats    ]                                                              Last 10s              Last 10m              Last 10h                Total
[2021-02-07T18:29:14.812+0300][30.052s][info][gc,stats    ]                                                              Avg / Max             Avg / Max             Avg / Max             Avg / Max
[2021-02-07T18:29:14.812+0300][30.052s][info][gc,stats    ]   Collector: Garbage Collection Cycle                      0.000 / 0.000        50.960 / 131.321      50.960 / 131.321      50.960 / 131.321     ms
[2021-02-07T18:29:14.812+0300][30.052s][info][gc,stats    ]  Contention: Mark Segment Reset Contention                     0 / 0                 0 / 0                 0 / 0                 0 / 0           ops/s
[2021-02-07T18:29:14.812+0300][30.052s][info][gc,stats    ]  Contention: Mark SeqNum Reset Contention                      0 / 0                 0 / 0                 0 / 0                 0 / 0           ops/s
[2021-02-07T18:29:14.812+0300][30.052s][info][gc,stats    ]  Contention: Relocation Contention                             0 / 0                 0 / 2                 0 / 2                 0 / 2           ops/s
[2021-02-07T18:29:14.812+0300][30.052s][info][gc,stats    ]    Critical: Allocation Stall                              0.000 / 0.000         0.000 / 0.000         0.000 / 0.000         0.000 / 0.000       ms
[2021-02-07T18:29:14.812+0300][30.052s][info][gc,stats    ]    Critical: Allocation Stall                                  0 / 0                 0 / 0                 0 / 0                 0 / 0           ops/s
[2021-02-07T18:29:14.812+0300][30.052s][info][gc,stats    ]    Critical: GC Locker Stall                               0.000 / 0.000         0.000 / 0.000         0.000 / 0.000         0.000 / 0.000       ms
[2021-02-07T18:29:14.812+0300][30.052s][info][gc,stats    ]    Critical: GC Locker Stall                                   0 / 0                 0 / 0                 0 / 0                 0 / 0           ops/s
[2021-02-07T18:29:14.812+0300][30.052s][info][gc,stats    ]      Memory: Allocation Rate                                   1 / 16               13 / 304              13 / 304              13 / 304         MB/s
[2021-02-07T18:29:14.812+0300][30.052s][info][gc,stats    ]      Memory: Heap Used After Mark                              0 / 0                38 / 80               38 / 80               38 / 80          MB
[2021-02-07T18:29:14.812+0300][30.052s][info][gc,stats    ]      Memory: Heap Used After Relocation                        0 / 0                34 / 62               34 / 62               34 / 62          MB
[2021-02-07T18:29:14.812+0300][30.052s][info][gc,stats    ]      Memory: Heap Used Before Mark                             0 / 0                38 / 80               38 / 80               38 / 80          MB
[2021-02-07T18:29:14.812+0300][30.052s][info][gc,stats    ]      Memory: Heap Used Before Relocation                       0 / 0                37 / 78               37 / 78               37 / 78          MB
[2021-02-07T18:29:14.812+0300][30.052s][info][gc,stats    ]      Memory: Out Of Memory                                     0 / 0                 0 / 0                 0 / 0                 0 / 0           ops/s
[2021-02-07T18:29:14.812+0300][30.052s][info][gc,stats    ]      Memory: Page Cache Flush                                  0 / 0                 0 / 0                 0 / 0                 0 / 0           MB/s
[2021-02-07T18:29:14.812+0300][30.052s][info][gc,stats    ]      Memory: Page Cache Hit L1                                 0 / 8                 1 / 21                1 / 21                1 / 21          ops/s
[2021-02-07T18:29:14.812+0300][30.052s][info][gc,stats    ]      Memory: Page Cache Hit L2                                 0 / 0                 0 / 0                 0 / 0                 0 / 0           ops/s
[2021-02-07T18:29:14.812+0300][30.052s][info][gc,stats    ]      Memory: Page Cache Hit L3                                 0 / 0                 1 / 16                1 / 16                1 / 16          ops/s
[2021-02-07T18:29:14.812+0300][30.052s][info][gc,stats    ]      Memory: Page Cache Miss                                   0 / 0                 0 / 0                 0 / 0                 0 / 0           ops/s
[2021-02-07T18:29:14.812+0300][30.052s][info][gc,stats    ]      Memory: Uncommit                                          0 / 0                 0 / 0                 0 / 0                 0 / 0           MB/s
[2021-02-07T18:29:14.812+0300][30.052s][info][gc,stats    ]      Memory: Undo Object Allocation Failed                     0 / 0                 0 / 0                 0 / 0                 0 / 0           ops/s
[2021-02-07T18:29:14.812+0300][30.052s][info][gc,stats    ]      Memory: Undo Object Allocation Succeeded                  0 / 0                 0 / 2                 0 / 2                 0 / 2           ops/s
[2021-02-07T18:29:14.812+0300][30.052s][info][gc,stats    ]      Memory: Undo Page Allocation                              0 / 0                 0 / 0                 0 / 0                 0 / 0           ops/s
[2021-02-07T18:29:14.812+0300][30.052s][info][gc,stats    ]       Phase: Concurrent Mark                               0.000 / 0.000        42.000 / 111.245      42.000 / 111.245      42.000 / 111.245     ms
[2021-02-07T18:29:14.812+0300][30.052s][info][gc,stats    ]       Phase: Concurrent Mark Continue                      0.000 / 0.000         0.000 / 0.000         0.000 / 0.000         0.000 / 0.000       ms
[2021-02-07T18:29:14.812+0300][30.052s][info][gc,stats    ]       Phase: Concurrent Process Non-Strong References      0.000 / 0.000         1.061 / 1.250         1.061 / 1.250         1.061 / 1.250       ms
[2021-02-07T18:29:14.812+0300][30.052s][info][gc,stats    ]       Phase: Concurrent Relocate                           0.000 / 0.000         3.872 / 13.186        3.872 / 13.186        3.872 / 13.186      ms
[2021-02-07T18:29:14.812+0300][30.052s][info][gc,stats    ]       Phase: Concurrent Reset Relocation Set               0.000 / 0.000         0.107 / 0.490         0.107 / 0.490         0.107 / 0.490       ms
[2021-02-07T18:29:14.812+0300][30.052s][info][gc,stats    ]       Phase: Concurrent Select Relocation Set              0.000 / 0.000         2.401 / 7.297         2.401 / 7.297         2.401 / 7.297       ms
[2021-02-07T18:29:14.812+0300][30.052s][info][gc,stats    ]       Phase: Pause Mark End                                0.000 / 0.000         0.295 / 0.367         0.295 / 0.367         0.295 / 0.367       ms
[2021-02-07T18:29:14.812+0300][30.052s][info][gc,stats    ]       Phase: Pause Mark Start                              0.000 / 0.000         0.075 / 0.128         0.075 / 0.128         0.075 / 0.128       ms
[2021-02-07T18:29:14.812+0300][30.052s][info][gc,stats    ]       Phase: Pause Relocate Start                          0.000 / 0.000         0.110 / 0.153         0.110 / 0.153         0.110 / 0.153       ms
[2021-02-07T18:29:14.812+0300][30.052s][info][gc,stats    ]    Subphase: Concurrent Classes Purge                      0.000 / 0.000         0.089 / 0.101         0.089 / 0.101         0.089 / 0.101       ms
[2021-02-07T18:29:14.812+0300][30.052s][info][gc,stats    ]    Subphase: Concurrent Classes Unlink                     0.000 / 0.000         0.537 / 0.693         0.537 / 0.693         0.537 / 0.693       ms
[2021-02-07T18:29:14.812+0300][30.052s][info][gc,stats    ]    Subphase: Concurrent Mark                               0.000 / 0.000        41.805 / 110.994      41.805 / 110.994      41.805 / 110.994     ms
[2021-02-07T18:29:14.812+0300][30.052s][info][gc,stats    ]    Subphase: Concurrent Mark Idle                          0.000 / 0.000         0.000 / 0.000         0.000 / 0.000         0.000 / 0.000       ms
[2021-02-07T18:29:14.812+0300][30.052s][info][gc,stats    ]    Subphase: Concurrent Mark Try Flush                     0.000 / 0.000         0.142 / 0.289         0.142 / 0.289         0.142 / 0.289       ms
[2021-02-07T18:29:14.812+0300][30.052s][info][gc,stats    ]    Subphase: Concurrent Mark Try Terminate                 0.000 / 0.000         0.066 / 0.210         0.066 / 0.210         0.066 / 0.210       ms
[2021-02-07T18:29:14.812+0300][30.052s][info][gc,stats    ]    Subphase: Concurrent References Enqueue                 0.000 / 0.000         0.001 / 0.004         0.001 / 0.004         0.001 / 0.004       ms
[2021-02-07T18:29:14.812+0300][30.052s][info][gc,stats    ]    Subphase: Concurrent References Process                 0.000 / 0.000         0.102 / 0.111         0.102 / 0.111         0.102 / 0.111       ms
[2021-02-07T18:29:14.812+0300][30.052s][info][gc,stats    ]    Subphase: Concurrent Roots                              0.000 / 0.000         0.051 / 0.114         0.051 / 0.114         0.051 / 0.114       ms
[2021-02-07T18:29:14.812+0300][30.052s][info][gc,stats    ]    Subphase: Concurrent Roots ClassLoaderDataGraph         0.000 / 0.000         0.047 / 0.107         0.047 / 0.107         0.047 / 0.107       ms
[2021-02-07T18:29:14.812+0300][30.052s][info][gc,stats    ]    Subphase: Concurrent Roots JNIHandles                   0.000 / 0.000         0.002 / 0.003         0.002 / 0.003         0.002 / 0.003       ms
[2021-02-07T18:29:14.812+0300][30.052s][info][gc,stats    ]    Subphase: Concurrent Roots Setup                        0.000 / 0.000         0.003 / 0.004         0.003 / 0.004         0.003 / 0.004       ms
[2021-02-07T18:29:14.812+0300][30.052s][info][gc,stats    ]    Subphase: Concurrent Roots Teardown                     0.000 / 0.000         0.000 / 0.000         0.000 / 0.000         0.000 / 0.000       ms
[2021-02-07T18:29:14.812+0300][30.052s][info][gc,stats    ]    Subphase: Concurrent Roots VMHandles                    0.000 / 0.000         0.002 / 0.003         0.002 / 0.003         0.002 / 0.003       ms
[2021-02-07T18:29:14.812+0300][30.052s][info][gc,stats    ]    Subphase: Concurrent Weak Roots                         0.000 / 0.000         0.108 / 0.191         0.108 / 0.191         0.108 / 0.191       ms
[2021-02-07T18:29:14.812+0300][30.052s][info][gc,stats    ]    Subphase: Concurrent Weak Roots JNIWeakHandles          0.000 / 0.000         0.000 / 0.000         0.000 / 0.000         0.000 / 0.000       ms
[2021-02-07T18:29:14.812+0300][30.052s][info][gc,stats    ]    Subphase: Concurrent Weak Roots ResolvedMethodTable     0.000 / 0.000         0.013 / 0.028         0.013 / 0.028         0.013 / 0.028       ms
[2021-02-07T18:29:14.812+0300][30.052s][info][gc,stats    ]    Subphase: Concurrent Weak Roots StringTable             0.000 / 0.000         0.090 / 0.166         0.090 / 0.166         0.090 / 0.166       ms
[2021-02-07T18:29:14.812+0300][30.052s][info][gc,stats    ]    Subphase: Concurrent Weak Roots VMWeakHandles           0.000 / 0.000         0.003 / 0.004         0.003 / 0.004         0.003 / 0.004       ms
[2021-02-07T18:29:14.812+0300][30.052s][info][gc,stats    ]    Subphase: Pause Mark Try Complete                       0.000 / 0.000         0.108 / 0.189         0.108 / 0.189         0.108 / 0.189       ms
[2021-02-07T18:29:14.812+0300][30.052s][info][gc,stats    ]    Subphase: Pause Roots                                   0.000 / 0.000         0.026 / 0.091         0.026 / 0.091         0.026 / 0.091       ms
[2021-02-07T18:29:14.812+0300][30.052s][info][gc,stats    ]    Subphase: Pause Roots CodeCache                         0.000 / 0.000         0.000 / 0.000         0.000 / 0.000         0.000 / 0.000       ms
[2021-02-07T18:29:14.812+0300][30.052s][info][gc,stats    ]    Subphase: Pause Roots JVMTIExport                       0.000 / 0.000         0.000 / 0.002         0.000 / 0.002         0.000 / 0.002       ms
[2021-02-07T18:29:14.812+0300][30.052s][info][gc,stats    ]    Subphase: Pause Roots JVMTIWeakExport                   0.000 / 0.000         0.000 / 0.000         0.000 / 0.000         0.000 / 0.000       ms
[2021-02-07T18:29:14.812+0300][30.052s][info][gc,stats    ]    Subphase: Pause Roots Java Threads                      0.000 / 0.000         0.021 / 0.089         0.021 / 0.089         0.021 / 0.089       ms
[2021-02-07T18:29:14.812+0300][30.052s][info][gc,stats    ]    Subphase: Pause Roots Management                        0.000 / 0.000         0.007 / 0.031         0.007 / 0.031         0.007 / 0.031       ms
[2021-02-07T18:29:14.812+0300][30.052s][info][gc,stats    ]    Subphase: Pause Roots ObjectSynchronizer                0.000 / 0.000         0.000 / 0.000         0.000 / 0.000         0.000 / 0.000       ms
[2021-02-07T18:29:14.812+0300][30.052s][info][gc,stats    ]    Subphase: Pause Roots Setup                             0.000 / 0.000         0.000 / 0.001         0.000 / 0.001         0.000 / 0.001       ms
[2021-02-07T18:29:14.812+0300][30.052s][info][gc,stats    ]    Subphase: Pause Roots Teardown                          0.000 / 0.000         0.001 / 0.001         0.001 / 0.001         0.001 / 0.001       ms
[2021-02-07T18:29:14.812+0300][30.052s][info][gc,stats    ]    Subphase: Pause Roots Universe                          0.000 / 0.000         0.002 / 0.027         0.002 / 0.027         0.002 / 0.027       ms
[2021-02-07T18:29:14.812+0300][30.052s][info][gc,stats    ]    Subphase: Pause Roots VM Thread                         0.000 / 0.000         0.001 / 0.001         0.001 / 0.001         0.001 / 0.001       ms
[2021-02-07T18:29:14.812+0300][30.052s][info][gc,stats    ]    Subphase: Pause Weak Roots                              0.000 / 0.000         0.002 / 0.014         0.002 / 0.014         0.002 / 0.014       ms
[2021-02-07T18:29:14.812+0300][30.052s][info][gc,stats    ]    Subphase: Pause Weak Roots JFRWeak                      0.000 / 0.000         0.002 / 0.013         0.002 / 0.013         0.002 / 0.013       ms
[2021-02-07T18:29:14.812+0300][30.052s][info][gc,stats    ]    Subphase: Pause Weak Roots JVMTIWeakExport              0.000 / 0.000         0.002 / 0.013         0.002 / 0.013         0.002 / 0.013       ms
[2021-02-07T18:29:14.812+0300][30.052s][info][gc,stats    ]    Subphase: Pause Weak Roots Setup                        0.000 / 0.000         0.000 / 0.000         0.000 / 0.000         0.000 / 0.000       ms
[2021-02-07T18:29:14.812+0300][30.052s][info][gc,stats    ]    Subphase: Pause Weak Roots Teardown                     0.000 / 0.000         0.000 / 0.000         0.000 / 0.000         0.000 / 0.000       ms
[2021-02-07T18:29:14.813+0300][30.052s][info][gc,stats    ]      System: Java Threads                                      0 / 0                11 / 12               11 / 12               11 / 12          threads
[2021-02-07T18:29:14.813+0300][30.052s][info][gc,stats    ] =========================================================================================================================================================
[2021-02-07T18:29:22.315+0300][37.555s][info][gc,start    ] GC(11) Garbage Collection (Proactive)
[2021-02-07T18:29:22.315+0300][37.555s][info][gc,phases   ] GC(11) Pause Mark Start 0.079ms
[2021-02-07T18:29:22.446+0300][37.686s][info][gc,phases   ] GC(11) Concurrent Mark 130.783ms
[2021-02-07T18:29:22.446+0300][37.686s][info][gc,phases   ] GC(11) Pause Mark End 0.265ms
[2021-02-07T18:29:22.448+0300][37.688s][info][gc,phases   ] GC(11) Concurrent Process Non-Strong References 1.235ms
[2021-02-07T18:29:22.448+0300][37.688s][info][gc,phases   ] GC(11) Concurrent Reset Relocation Set 0.432ms
[2021-02-07T18:29:22.453+0300][37.693s][info][gc,phases   ] GC(11) Concurrent Select Relocation Set 4.590ms
[2021-02-07T18:29:22.453+0300][37.693s][info][gc,phases   ] GC(11) Pause Relocate Start 0.125ms
[2021-02-07T18:29:22.471+0300][37.711s][info][gc,phases   ] GC(11) Concurrent Relocate 17.622ms
[2021-02-07T18:29:22.471+0300][37.711s][info][gc,load     ] GC(11) Load: 0.00/0.00/0.00
[2021-02-07T18:29:22.471+0300][37.711s][info][gc,mmu      ] GC(11) MMU: 2ms/81.7%, 5ms/90.7%, 10ms/95.3%, 20ms/97.7%, 50ms/98.9%, 100ms/99.0%
[2021-02-07T18:29:22.471+0300][37.711s][info][gc,marking  ] GC(11) Mark: 1 stripe(s), 2 proactive flush(es), 1 terminate flush(es), 1 completion(s), 0 continuation(s)
[2021-02-07T18:29:22.471+0300][37.711s][info][gc,nmethod  ] GC(11) NMethods: 685 registered, 0 unregistered
[2021-02-07T18:29:22.471+0300][37.711s][info][gc,metaspace] GC(11) Metaspace: 3M used, 4M capacity, 4M committed, 1032M reserved
[2021-02-07T18:29:22.471+0300][37.711s][info][gc,ref      ] GC(11) Soft: 314 encountered, 0 discovered, 0 enqueued
[2021-02-07T18:29:22.471+0300][37.711s][info][gc,ref      ] GC(11) Weak: 675 encountered, 412 discovered, 0 enqueued
[2021-02-07T18:29:22.471+0300][37.711s][info][gc,ref      ] GC(11) Final: 0 encountered, 0 discovered, 0 enqueued
[2021-02-07T18:29:22.471+0300][37.711s][info][gc,ref      ] GC(11) Phantom: 1 encountered, 0 discovered, 0 enqueued
[2021-02-07T18:29:22.471+0300][37.711s][info][gc,reloc    ] GC(11) Small Pages: 46 / 92M(90%), Empty: 0M(0%), Compacting: 32M(31%)->12M(12%)
[2021-02-07T18:29:22.471+0300][37.711s][info][gc,reloc    ] GC(11) Medium Pages: 0 / 0M(0%), Empty: 0M(0%), Compacting: 0M(0%)->0M(0%)
[2021-02-07T18:29:22.471+0300][37.711s][info][gc,reloc    ] GC(11) Large Pages: 2 / 10M(10%), Empty: 4M(4%), Compacting: 0M(0%)->0M(0%)
[2021-02-07T18:29:22.471+0300][37.711s][info][gc,reloc    ] GC(11) Relocation: Successful
[2021-02-07T18:29:22.471+0300][37.711s][info][gc,heap     ] GC(11) Min Capacity: 256M(100%)
[2021-02-07T18:29:22.471+0300][37.711s][info][gc,heap     ] GC(11) Max Capacity: 256M(100%)
[2021-02-07T18:29:22.471+0300][37.711s][info][gc,heap     ] GC(11) Soft Max Capacity: 256M(100%)
[2021-02-07T18:29:22.471+0300][37.711s][info][gc,heap     ] GC(11)                Mark Start          Mark End        Relocate Start      Relocate End           High               Low
[2021-02-07T18:29:22.472+0300][37.711s][info][gc,heap     ] GC(11)  Capacity:      256M (100%)        256M (100%)        256M (100%)        256M (100%)        256M (100%)        256M (100%)
[2021-02-07T18:29:22.472+0300][37.711s][info][gc,heap     ] GC(11)   Reserve:       12M (5%)           12M (5%)           12M (5%)           12M (5%)           12M (5%)           12M (5%)
[2021-02-07T18:29:22.472+0300][37.711s][info][gc,heap     ] GC(11)      Free:      142M (55%)         142M (55%)         146M (57%)         164M (64%)         164M (64%)         140M (55%)
[2021-02-07T18:29:22.472+0300][37.711s][info][gc,heap     ] GC(11)      Used:      102M (40%)         102M (40%)          98M (38%)          80M (31%)         104M (41%)          80M (31%)
[2021-02-07T18:29:22.472+0300][37.711s][info][gc,heap     ] GC(11)      Live:         -                74M (29%)          74M (29%)          74M (29%)            -                  -
[2021-02-07T18:29:22.472+0300][37.711s][info][gc,heap     ] GC(11) Allocated:         -                 0M (0%)            0M (0%)           14M (5%)             -                  -
[2021-02-07T18:29:22.472+0300][37.711s][info][gc,heap     ] GC(11)   Garbage:         -                27M (11%)          23M (9%)            5M (2%)             -                  -
[2021-02-07T18:29:22.472+0300][37.711s][info][gc,heap     ] GC(11) Reclaimed:         -                  -                 4M (2%)           22M (9%)             -                  -
[2021-02-07T18:29:22.472+0300][37.711s][info][gc          ] GC(11) Garbage Collection (Proactive) 102M(40%)->80M(31%)
[2021-02-07T18:29:24.803+0300][40.042s][info][gc,stats    ] === Garbage Collection Statistics =======================================================================================================================
[2021-02-07T18:29:24.803+0300][40.043s][info][gc,stats    ]                                                              Last 10s              Last 10m              Last 10h                Total
[2021-02-07T18:29:24.803+0300][40.043s][info][gc,stats    ]                                                              Avg / Max             Avg / Max             Avg / Max             Avg / Max
[2021-02-07T18:29:24.803+0300][40.043s][info][gc,stats    ]   Collector: Garbage Collection Cycle                    156.562 / 156.562      59.761 / 156.562      59.761 / 156.562      59.761 / 156.562     ms
[2021-02-07T18:29:24.803+0300][40.043s][info][gc,stats    ]  Contention: Mark Segment Reset Contention                     0 / 0                 0 / 0                 0 / 0                 0 / 0           ops/s
[2021-02-07T18:29:24.803+0300][40.043s][info][gc,stats    ]  Contention: Mark SeqNum Reset Contention                      0 / 0                 0 / 0                 0 / 0                 0 / 0           ops/s
[2021-02-07T18:29:24.803+0300][40.043s][info][gc,stats    ]  Contention: Relocation Contention                             0 / 1                 0 / 2                 0 / 2                 0 / 2           ops/s
[2021-02-07T18:29:24.803+0300][40.043s][info][gc,stats    ]    Critical: Allocation Stall                              0.000 / 0.000         0.000 / 0.000         0.000 / 0.000         0.000 / 0.000       ms
[2021-02-07T18:29:24.803+0300][40.043s][info][gc,stats    ]    Critical: Allocation Stall                                  0 / 0                 0 / 0                 0 / 0                 0 / 0           ops/s
[2021-02-07T18:29:24.803+0300][40.043s][info][gc,stats    ]    Critical: GC Locker Stall                               0.000 / 0.000         0.000 / 0.000         0.000 / 0.000         0.000 / 0.000       ms
[2021-02-07T18:29:24.803+0300][40.043s][info][gc,stats    ]    Critical: GC Locker Stall                                   0 / 0                 0 / 0                 0 / 0                 0 / 0           ops/s
[2021-02-07T18:29:24.803+0300][40.043s][info][gc,stats    ]      Memory: Allocation Rate                                   2 / 28               10 / 304              10 / 304              10 / 304         MB/s
[2021-02-07T18:29:24.803+0300][40.043s][info][gc,stats    ]      Memory: Heap Used After Mark                            102 / 102              44 / 102              44 / 102              44 / 102         MB
[2021-02-07T18:29:24.803+0300][40.043s][info][gc,stats    ]      Memory: Heap Used After Relocation                       80 / 80               38 / 80               38 / 80               38 / 80          MB
[2021-02-07T18:29:24.803+0300][40.043s][info][gc,stats    ]      Memory: Heap Used Before Mark                           102 / 102              44 / 102              44 / 102              44 / 102         MB
[2021-02-07T18:29:24.803+0300][40.043s][info][gc,stats    ]      Memory: Heap Used Before Relocation                      98 / 98               42 / 98               42 / 98               42 / 98          MB
[2021-02-07T18:29:24.803+0300][40.043s][info][gc,stats    ]      Memory: Out Of Memory                                     0 / 0                 0 / 0                 0 / 0                 0 / 0           ops/s
[2021-02-07T18:29:24.803+0300][40.043s][info][gc,stats    ]      Memory: Page Cache Flush                                  0 / 0                 0 / 0                 0 / 0                 0 / 0           MB/s
[2021-02-07T18:29:24.803+0300][40.043s][info][gc,stats    ]      Memory: Page Cache Hit L1                                 0 / 8                 1 / 21                1 / 21                1 / 21          ops/s
[2021-02-07T18:29:24.803+0300][40.043s][info][gc,stats    ]      Memory: Page Cache Hit L2                                 0 / 0                 0 / 0                 0 / 0                 0 / 0           ops/s
[2021-02-07T18:29:24.803+0300][40.043s][info][gc,stats    ]      Memory: Page Cache Hit L3                                 0 / 9                 1 / 16                1 / 16                1 / 16          ops/s
[2021-02-07T18:29:24.803+0300][40.043s][info][gc,stats    ]      Memory: Page Cache Miss                                   0 / 0                 0 / 0                 0 / 0                 0 / 0           ops/s
[2021-02-07T18:29:24.803+0300][40.043s][info][gc,stats    ]      Memory: Uncommit                                          0 / 0                 0 / 0                 0 / 0                 0 / 0           MB/s
[2021-02-07T18:29:24.803+0300][40.043s][info][gc,stats    ]      Memory: Undo Object Allocation Failed                     0 / 0                 0 / 0                 0 / 0                 0 / 0           ops/s
[2021-02-07T18:29:24.803+0300][40.043s][info][gc,stats    ]      Memory: Undo Object Allocation Succeeded                  0 / 1                 0 / 2                 0 / 2                 0 / 2           ops/s
[2021-02-07T18:29:24.803+0300][40.043s][info][gc,stats    ]      Memory: Undo Page Allocation                              0 / 0                 0 / 0                 0 / 0                 0 / 0           ops/s
[2021-02-07T18:29:24.803+0300][40.043s][info][gc,stats    ]       Phase: Concurrent Mark                             130.783 / 130.783      49.399 / 130.783      49.399 / 130.783      49.399 / 130.783     ms
[2021-02-07T18:29:24.803+0300][40.043s][info][gc,stats    ]       Phase: Concurrent Mark Continue                      0.000 / 0.000         0.000 / 0.000         0.000 / 0.000         0.000 / 0.000       ms
[2021-02-07T18:29:24.803+0300][40.043s][info][gc,stats    ]       Phase: Concurrent Process Non-Strong References      1.235 / 1.235         1.075 / 1.250         1.075 / 1.250         1.075 / 1.250       ms
[2021-02-07T18:29:24.803+0300][40.043s][info][gc,stats    ]       Phase: Concurrent Relocate                          17.622 / 17.622        5.018 / 17.622        5.018 / 17.622        5.018 / 17.622      ms
[2021-02-07T18:29:24.803+0300][40.043s][info][gc,stats    ]       Phase: Concurrent Reset Relocation Set               0.432 / 0.432         0.134 / 0.490         0.134 / 0.490         0.134 / 0.490       ms
[2021-02-07T18:29:24.803+0300][40.043s][info][gc,stats    ]       Phase: Concurrent Select Relocation Set              4.590 / 4.590         2.583 / 7.297         2.583 / 7.297         2.583 / 7.297       ms
[2021-02-07T18:29:24.803+0300][40.043s][info][gc,stats    ]       Phase: Pause Mark End                                0.265 / 0.265         0.293 / 0.367         0.293 / 0.367         0.293 / 0.367       ms
[2021-02-07T18:29:24.803+0300][40.043s][info][gc,stats    ]       Phase: Pause Mark Start                              0.079 / 0.079         0.076 / 0.128         0.076 / 0.128         0.076 / 0.128       ms
[2021-02-07T18:29:24.803+0300][40.043s][info][gc,stats    ]       Phase: Pause Relocate Start                          0.125 / 0.125         0.111 / 0.153         0.111 / 0.153         0.111 / 0.153       ms
[2021-02-07T18:29:24.803+0300][40.043s][info][gc,stats    ]    Subphase: Concurrent Classes Purge                      0.093 / 0.093         0.089 / 0.101         0.089 / 0.101         0.089 / 0.101       ms
[2021-02-07T18:29:24.803+0300][40.043s][info][gc,stats    ]    Subphase: Concurrent Classes Unlink                     0.547 / 0.547         0.538 / 0.693         0.538 / 0.693         0.538 / 0.693       ms
[2021-02-07T18:29:24.803+0300][40.043s][info][gc,stats    ]    Subphase: Concurrent Mark                             130.615 / 130.615      49.206 / 130.615      49.206 / 130.615      49.206 / 130.615     ms
[2021-02-07T18:29:24.803+0300][40.043s][info][gc,stats    ]    Subphase: Concurrent Mark Idle                          0.000 / 0.000         0.000 / 0.000         0.000 / 0.000         0.000 / 0.000       ms
[2021-02-07T18:29:24.803+0300][40.043s][info][gc,stats    ]    Subphase: Concurrent Mark Try Flush                     0.273 / 0.292         0.153 / 0.292         0.153 / 0.292         0.153 / 0.292       ms
[2021-02-07T18:29:24.803+0300][40.043s][info][gc,stats    ]    Subphase: Concurrent Mark Try Terminate                 0.145 / 0.290         0.073 / 0.290         0.073 / 0.290         0.073 / 0.290       ms
[2021-02-07T18:29:24.803+0300][40.043s][info][gc,stats    ]    Subphase: Concurrent References Enqueue                 0.000 / 0.000         0.001 / 0.004         0.001 / 0.004         0.001 / 0.004       ms
[2021-02-07T18:29:24.803+0300][40.043s][info][gc,stats    ]    Subphase: Concurrent References Process                 0.104 / 0.104         0.103 / 0.111         0.103 / 0.111         0.103 / 0.111       ms
[2021-02-07T18:29:24.803+0300][40.043s][info][gc,stats    ]    Subphase: Concurrent Roots                              0.048 / 0.048         0.051 / 0.114         0.051 / 0.114         0.051 / 0.114       ms
[2021-02-07T18:29:24.803+0300][40.043s][info][gc,stats    ]    Subphase: Concurrent Roots ClassLoaderDataGraph         0.043 / 0.043         0.046 / 0.107         0.046 / 0.107         0.046 / 0.107       ms
[2021-02-07T18:29:24.803+0300][40.043s][info][gc,stats    ]    Subphase: Concurrent Roots JNIHandles                   0.002 / 0.002         0.002 / 0.003         0.002 / 0.003         0.002 / 0.003       ms
[2021-02-07T18:29:24.803+0300][40.043s][info][gc,stats    ]    Subphase: Concurrent Roots Setup                        0.004 / 0.004         0.003 / 0.004         0.003 / 0.004         0.003 / 0.004       ms
[2021-02-07T18:29:24.803+0300][40.043s][info][gc,stats    ]    Subphase: Concurrent Roots Teardown                     0.000 / 0.000         0.000 / 0.000         0.000 / 0.000         0.000 / 0.000       ms
[2021-02-07T18:29:24.803+0300][40.043s][info][gc,stats    ]    Subphase: Concurrent Roots VMHandles                    0.002 / 0.002         0.002 / 0.003         0.002 / 0.003         0.002 / 0.003       ms
[2021-02-07T18:29:24.803+0300][40.043s][info][gc,stats    ]    Subphase: Concurrent Weak Roots                         0.113 / 0.113         0.108 / 0.191         0.108 / 0.191         0.108 / 0.191       ms
[2021-02-07T18:29:24.803+0300][40.043s][info][gc,stats    ]    Subphase: Concurrent Weak Roots JNIWeakHandles          0.000 / 0.000         0.000 / 0.000         0.000 / 0.000         0.000 / 0.000       ms
[2021-02-07T18:29:24.803+0300][40.043s][info][gc,stats    ]    Subphase: Concurrent Weak Roots ResolvedMethodTable     0.015 / 0.015         0.014 / 0.028         0.014 / 0.028         0.014 / 0.028       ms
[2021-02-07T18:29:24.803+0300][40.043s][info][gc,stats    ]    Subphase: Concurrent Weak Roots StringTable             0.093 / 0.093         0.091 / 0.166         0.091 / 0.166         0.091 / 0.166       ms
[2021-02-07T18:29:24.803+0300][40.043s][info][gc,stats    ]    Subphase: Concurrent Weak Roots VMWeakHandles           0.004 / 0.004         0.003 / 0.004         0.003 / 0.004         0.003 / 0.004       ms
[2021-02-07T18:29:24.803+0300][40.043s][info][gc,stats    ]    Subphase: Pause Mark Try Complete                       0.112 / 0.112         0.108 / 0.189         0.108 / 0.189         0.108 / 0.189       ms
[2021-02-07T18:29:24.803+0300][40.043s][info][gc,stats    ]    Subphase: Pause Roots                                   0.027 / 0.042         0.026 / 0.091         0.026 / 0.091         0.026 / 0.091       ms
[2021-02-07T18:29:24.803+0300][40.043s][info][gc,stats    ]    Subphase: Pause Roots CodeCache                         0.000 / 0.000         0.000 / 0.000         0.000 / 0.000         0.000 / 0.000       ms
[2021-02-07T18:29:24.803+0300][40.043s][info][gc,stats    ]    Subphase: Pause Roots JVMTIExport                       0.000 / 0.000         0.000 / 0.002         0.000 / 0.002         0.000 / 0.002       ms
[2021-02-07T18:29:24.803+0300][40.043s][info][gc,stats    ]    Subphase: Pause Roots JVMTIWeakExport                   0.000 / 0.000         0.000 / 0.000         0.000 / 0.000         0.000 / 0.000       ms
[2021-02-07T18:29:24.803+0300][40.043s][info][gc,stats    ]    Subphase: Pause Roots Java Threads                      0.022 / 0.030         0.021 / 0.089         0.021 / 0.089         0.021 / 0.089       ms
[2021-02-07T18:29:24.803+0300][40.043s][info][gc,stats    ]    Subphase: Pause Roots Management                        0.015 / 0.030         0.008 / 0.031         0.008 / 0.031         0.008 / 0.031       ms
[2021-02-07T18:29:24.803+0300][40.043s][info][gc,stats    ]    Subphase: Pause Roots ObjectSynchronizer                0.000 / 0.000         0.000 / 0.000         0.000 / 0.000         0.000 / 0.000       ms
[2021-02-07T18:29:24.803+0300][40.043s][info][gc,stats    ]    Subphase: Pause Roots Setup                             0.001 / 0.001         0.000 / 0.001         0.000 / 0.001         0.000 / 0.001       ms
[2021-02-07T18:29:24.803+0300][40.043s][info][gc,stats    ]    Subphase: Pause Roots Teardown                          0.001 / 0.001         0.001 / 0.001         0.001 / 0.001         0.001 / 0.001       ms
[2021-02-07T18:29:24.803+0300][40.043s][info][gc,stats    ]    Subphase: Pause Roots Universe                          0.001 / 0.002         0.002 / 0.027         0.002 / 0.027         0.002 / 0.027       ms
[2021-02-07T18:29:24.803+0300][40.043s][info][gc,stats    ]    Subphase: Pause Roots VM Thread                         0.001 / 0.001         0.001 / 0.001         0.001 / 0.001         0.001 / 0.001       ms
[2021-02-07T18:29:24.803+0300][40.043s][info][gc,stats    ]    Subphase: Pause Weak Roots                              0.001 / 0.001         0.002 / 0.014         0.002 / 0.014         0.002 / 0.014       ms
[2021-02-07T18:29:24.804+0300][40.043s][info][gc,stats    ]    Subphase: Pause Weak Roots JFRWeak                      0.001 / 0.001         0.001 / 0.013         0.001 / 0.013         0.001 / 0.013       ms
[2021-02-07T18:29:24.804+0300][40.043s][info][gc,stats    ]    Subphase: Pause Weak Roots JVMTIWeakExport              0.000 / 0.000         0.002 / 0.013         0.002 / 0.013         0.002 / 0.013       ms
[2021-02-07T18:29:24.804+0300][40.043s][info][gc,stats    ]    Subphase: Pause Weak Roots Setup                        0.000 / 0.000         0.000 / 0.000         0.000 / 0.000         0.000 / 0.000       ms
[2021-02-07T18:29:24.804+0300][40.043s][info][gc,stats    ]    Subphase: Pause Weak Roots Teardown                     0.000 / 0.000         0.000 / 0.000         0.000 / 0.000         0.000 / 0.000       ms
[2021-02-07T18:29:24.804+0300][40.043s][info][gc,stats    ]      System: Java Threads                                     11 / 11               11 / 12               11 / 12               11 / 12          threads
[2021-02-07T18:29:24.804+0300][40.043s][info][gc,stats    ] =========================================================================================================================================================
[2021-02-07T18:29:34.815+0300][50.055s][info][gc,stats    ] === Garbage Collection Statistics =======================================================================================================================
[2021-02-07T18:29:34.815+0300][50.055s][info][gc,stats    ]                                                              Last 10s              Last 10m              Last 10h                Total
[2021-02-07T18:29:34.815+0300][50.055s][info][gc,stats    ]                                                              Avg / Max             Avg / Max             Avg / Max             Avg / Max
[2021-02-07T18:29:34.815+0300][50.055s][info][gc,stats    ]   Collector: Garbage Collection Cycle                      0.000 / 0.000        59.761 / 156.562      59.761 / 156.562      59.761 / 156.562     ms
[2021-02-07T18:29:34.815+0300][50.055s][info][gc,stats    ]  Contention: Mark Segment Reset Contention                     0 / 0                 0 / 0                 0 / 0                 0 / 0           ops/s
[2021-02-07T18:29:34.815+0300][50.055s][info][gc,stats    ]  Contention: Mark SeqNum Reset Contention                      0 / 0                 0 / 0                 0 / 0                 0 / 0           ops/s
[2021-02-07T18:29:34.815+0300][50.055s][info][gc,stats    ]  Contention: Relocation Contention                             0 / 0                 0 / 2                 0 / 2                 0 / 2           ops/s
[2021-02-07T18:29:34.815+0300][50.055s][info][gc,stats    ]    Critical: Allocation Stall                              0.000 / 0.000         0.000 / 0.000         0.000 / 0.000         0.000 / 0.000       ms
[2021-02-07T18:29:34.815+0300][50.055s][info][gc,stats    ]    Critical: Allocation Stall                                  0 / 0                 0 / 0                 0 / 0                 0 / 0           ops/s
[2021-02-07T18:29:34.815+0300][50.055s][info][gc,stats    ]    Critical: GC Locker Stall                               0.000 / 0.000         0.000 / 0.000         0.000 / 0.000         0.000 / 0.000       ms
[2021-02-07T18:29:34.815+0300][50.055s][info][gc,stats    ]    Critical: GC Locker Stall                                   0 / 0                 0 / 0                 0 / 0                 0 / 0           ops/s
[2021-02-07T18:29:34.815+0300][50.055s][info][gc,stats    ]      Memory: Allocation Rate                                   0 / 0                 8 / 304               8 / 304               8 / 304         MB/s
[2021-02-07T18:29:34.815+0300][50.055s][info][gc,stats    ]      Memory: Heap Used After Mark                              0 / 0                44 / 102              44 / 102              44 / 102         MB
[2021-02-07T18:29:34.815+0300][50.055s][info][gc,stats    ]      Memory: Heap Used After Relocation                        0 / 0                38 / 80               38 / 80               38 / 80          MB
[2021-02-07T18:29:34.815+0300][50.055s][info][gc,stats    ]      Memory: Heap Used Before Mark                             0 / 0                44 / 102              44 / 102              44 / 102         MB
[2021-02-07T18:29:34.815+0300][50.055s][info][gc,stats    ]      Memory: Heap Used Before Relocation                       0 / 0                42 / 98               42 / 98               42 / 98          MB
[2021-02-07T18:29:34.815+0300][50.055s][info][gc,stats    ]      Memory: Out Of Memory                                     0 / 0                 0 / 0                 0 / 0                 0 / 0           ops/s
[2021-02-07T18:29:34.815+0300][50.055s][info][gc,stats    ]      Memory: Page Cache Flush                                  0 / 0                 0 / 0                 0 / 0                 0 / 0           MB/s
[2021-02-07T18:29:34.815+0300][50.055s][info][gc,stats    ]      Memory: Page Cache Hit L1                                 0 / 0                 1 / 21                1 / 21                1 / 21          ops/s
[2021-02-07T18:29:34.815+0300][50.055s][info][gc,stats    ]      Memory: Page Cache Hit L2                                 0 / 0                 0 / 0                 0 / 0                 0 / 0           ops/s
[2021-02-07T18:29:34.815+0300][50.055s][info][gc,stats    ]      Memory: Page Cache Hit L3                                 0 / 0                 1 / 16                1 / 16                1 / 16          ops/s
[2021-02-07T18:29:34.815+0300][50.055s][info][gc,stats    ]      Memory: Page Cache Miss                                   0 / 0                 0 / 0                 0 / 0                 0 / 0           ops/s
[2021-02-07T18:29:34.815+0300][50.055s][info][gc,stats    ]      Memory: Uncommit                                          0 / 0                 0 / 0                 0 / 0                 0 / 0           MB/s
[2021-02-07T18:29:34.815+0300][50.055s][info][gc,stats    ]      Memory: Undo Object Allocation Failed                     0 / 0                 0 / 0                 0 / 0                 0 / 0           ops/s
[2021-02-07T18:29:34.815+0300][50.055s][info][gc,stats    ]      Memory: Undo Object Allocation Succeeded                  0 / 0                 0 / 2                 0 / 2                 0 / 2           ops/s
[2021-02-07T18:29:34.815+0300][50.055s][info][gc,stats    ]      Memory: Undo Page Allocation                              0 / 0                 0 / 0                 0 / 0                 0 / 0           ops/s
[2021-02-07T18:29:34.815+0300][50.055s][info][gc,stats    ]       Phase: Concurrent Mark                               0.000 / 0.000        49.399 / 130.783      49.399 / 130.783      49.399 / 130.783     ms
[2021-02-07T18:29:34.815+0300][50.055s][info][gc,stats    ]       Phase: Concurrent Mark Continue                      0.000 / 0.000         0.000 / 0.000         0.000 / 0.000         0.000 / 0.000       ms
[2021-02-07T18:29:34.815+0300][50.055s][info][gc,stats    ]       Phase: Concurrent Process Non-Strong References      0.000 / 0.000         1.075 / 1.250         1.075 / 1.250         1.075 / 1.250       ms
[2021-02-07T18:29:34.815+0300][50.055s][info][gc,stats    ]       Phase: Concurrent Relocate                           0.000 / 0.000         5.018 / 17.622        5.018 / 17.622        5.018 / 17.622      ms
[2021-02-07T18:29:34.815+0300][50.055s][info][gc,stats    ]       Phase: Concurrent Reset Relocation Set               0.000 / 0.000         0.134 / 0.490         0.134 / 0.490         0.134 / 0.490       ms
[2021-02-07T18:29:34.815+0300][50.055s][info][gc,stats    ]       Phase: Concurrent Select Relocation Set              0.000 / 0.000         2.583 / 7.297         2.583 / 7.297         2.583 / 7.297       ms
[2021-02-07T18:29:34.815+0300][50.055s][info][gc,stats    ]       Phase: Pause Mark End                                0.000 / 0.000         0.293 / 0.367         0.293 / 0.367         0.293 / 0.367       ms
[2021-02-07T18:29:34.815+0300][50.055s][info][gc,stats    ]       Phase: Pause Mark Start                              0.000 / 0.000         0.076 / 0.128         0.076 / 0.128         0.076 / 0.128       ms
[2021-02-07T18:29:34.815+0300][50.055s][info][gc,stats    ]       Phase: Pause Relocate Start                          0.000 / 0.000         0.111 / 0.153         0.111 / 0.153         0.111 / 0.153       ms
[2021-02-07T18:29:34.815+0300][50.056s][info][gc,stats    ]    Subphase: Concurrent Classes Purge                      0.000 / 0.000         0.089 / 0.101         0.089 / 0.101         0.089 / 0.101       ms
[2021-02-07T18:29:34.815+0300][50.056s][info][gc,stats    ]    Subphase: Concurrent Classes Unlink                     0.000 / 0.000         0.538 / 0.693         0.538 / 0.693         0.538 / 0.693       ms
[2021-02-07T18:29:34.815+0300][50.056s][info][gc,stats    ]    Subphase: Concurrent Mark                               0.000 / 0.000        49.206 / 130.615      49.206 / 130.615      49.206 / 130.615     ms
[2021-02-07T18:29:34.815+0300][50.056s][info][gc,stats    ]    Subphase: Concurrent Mark Idle                          0.000 / 0.000         0.000 / 0.000         0.000 / 0.000         0.000 / 0.000       ms
[2021-02-07T18:29:34.815+0300][50.056s][info][gc,stats    ]    Subphase: Concurrent Mark Try Flush                     0.000 / 0.000         0.153 / 0.292         0.153 / 0.292         0.153 / 0.292       ms
[2021-02-07T18:29:34.815+0300][50.056s][info][gc,stats    ]    Subphase: Concurrent Mark Try Terminate                 0.000 / 0.000         0.073 / 0.290         0.073 / 0.290         0.073 / 0.290       ms
[2021-02-07T18:29:34.815+0300][50.056s][info][gc,stats    ]    Subphase: Concurrent References Enqueue                 0.000 / 0.000         0.001 / 0.004         0.001 / 0.004         0.001 / 0.004       ms
[2021-02-07T18:29:34.815+0300][50.056s][info][gc,stats    ]    Subphase: Concurrent References Process                 0.000 / 0.000         0.103 / 0.111         0.103 / 0.111         0.103 / 0.111       ms
[2021-02-07T18:29:34.815+0300][50.056s][info][gc,stats    ]    Subphase: Concurrent Roots                              0.000 / 0.000         0.051 / 0.114         0.051 / 0.114         0.051 / 0.114       ms
[2021-02-07T18:29:34.815+0300][50.056s][info][gc,stats    ]    Subphase: Concurrent Roots ClassLoaderDataGraph         0.000 / 0.000         0.046 / 0.107         0.046 / 0.107         0.046 / 0.107       ms
[2021-02-07T18:29:34.815+0300][50.056s][info][gc,stats    ]    Subphase: Concurrent Roots JNIHandles                   0.000 / 0.000         0.002 / 0.003         0.002 / 0.003         0.002 / 0.003       ms
[2021-02-07T18:29:34.815+0300][50.056s][info][gc,stats    ]    Subphase: Concurrent Roots Setup                        0.000 / 0.000         0.003 / 0.004         0.003 / 0.004         0.003 / 0.004       ms
[2021-02-07T18:29:34.815+0300][50.056s][info][gc,stats    ]    Subphase: Concurrent Roots Teardown                     0.000 / 0.000         0.000 / 0.000         0.000 / 0.000         0.000 / 0.000       ms
[2021-02-07T18:29:34.815+0300][50.056s][info][gc,stats    ]    Subphase: Concurrent Roots VMHandles                    0.000 / 0.000         0.002 / 0.003         0.002 / 0.003         0.002 / 0.003       ms
[2021-02-07T18:29:34.815+0300][50.056s][info][gc,stats    ]    Subphase: Concurrent Weak Roots                         0.000 / 0.000         0.108 / 0.191         0.108 / 0.191         0.108 / 0.191       ms
[2021-02-07T18:29:34.815+0300][50.056s][info][gc,stats    ]    Subphase: Concurrent Weak Roots JNIWeakHandles          0.000 / 0.000         0.000 / 0.000         0.000 / 0.000         0.000 / 0.000       ms
[2021-02-07T18:29:34.815+0300][50.056s][info][gc,stats    ]    Subphase: Concurrent Weak Roots ResolvedMethodTable     0.000 / 0.000         0.014 / 0.028         0.014 / 0.028         0.014 / 0.028       ms
[2021-02-07T18:29:34.815+0300][50.056s][info][gc,stats    ]    Subphase: Concurrent Weak Roots StringTable             0.000 / 0.000         0.091 / 0.166         0.091 / 0.166         0.091 / 0.166       ms
[2021-02-07T18:29:34.815+0300][50.056s][info][gc,stats    ]    Subphase: Concurrent Weak Roots VMWeakHandles           0.000 / 0.000         0.003 / 0.004         0.003 / 0.004         0.003 / 0.004       ms
[2021-02-07T18:29:34.815+0300][50.056s][info][gc,stats    ]    Subphase: Pause Mark Try Complete                       0.000 / 0.000         0.108 / 0.189         0.108 / 0.189         0.108 / 0.189       ms
[2021-02-07T18:29:34.815+0300][50.056s][info][gc,stats    ]    Subphase: Pause Roots                                   0.000 / 0.000         0.026 / 0.091         0.026 / 0.091         0.026 / 0.091       ms
[2021-02-07T18:29:34.815+0300][50.056s][info][gc,stats    ]    Subphase: Pause Roots CodeCache                         0.000 / 0.000         0.000 / 0.000         0.000 / 0.000         0.000 / 0.000       ms
[2021-02-07T18:29:34.815+0300][50.056s][info][gc,stats    ]    Subphase: Pause Roots JVMTIExport                       0.000 / 0.000         0.000 / 0.002         0.000 / 0.002         0.000 / 0.002       ms
[2021-02-07T18:29:34.815+0300][50.056s][info][gc,stats    ]    Subphase: Pause Roots JVMTIWeakExport                   0.000 / 0.000         0.000 / 0.000         0.000 / 0.000         0.000 / 0.000       ms
[2021-02-07T18:29:34.815+0300][50.056s][info][gc,stats    ]    Subphase: Pause Roots Java Threads                      0.000 / 0.000         0.021 / 0.089         0.021 / 0.089         0.021 / 0.089       ms
[2021-02-07T18:29:34.815+0300][50.056s][info][gc,stats    ]    Subphase: Pause Roots Management                        0.000 / 0.000         0.008 / 0.031         0.008 / 0.031         0.008 / 0.031       ms
[2021-02-07T18:29:34.815+0300][50.056s][info][gc,stats    ]    Subphase: Pause Roots ObjectSynchronizer                0.000 / 0.000         0.000 / 0.000         0.000 / 0.000         0.000 / 0.000       ms
[2021-02-07T18:29:34.815+0300][50.056s][info][gc,stats    ]    Subphase: Pause Roots Setup                             0.000 / 0.000         0.000 / 0.001         0.000 / 0.001         0.000 / 0.001       ms
[2021-02-07T18:29:34.815+0300][50.056s][info][gc,stats    ]    Subphase: Pause Roots Teardown                          0.000 / 0.000         0.001 / 0.001         0.001 / 0.001         0.001 / 0.001       ms
[2021-02-07T18:29:34.815+0300][50.056s][info][gc,stats    ]    Subphase: Pause Roots Universe                          0.000 / 0.000         0.002 / 0.027         0.002 / 0.027         0.002 / 0.027       ms
[2021-02-07T18:29:34.815+0300][50.056s][info][gc,stats    ]    Subphase: Pause Roots VM Thread                         0.000 / 0.000         0.001 / 0.001         0.001 / 0.001         0.001 / 0.001       ms
[2021-02-07T18:29:34.816+0300][50.056s][info][gc,stats    ]    Subphase: Pause Weak Roots                              0.000 / 0.000         0.002 / 0.014         0.002 / 0.014         0.002 / 0.014       ms
[2021-02-07T18:29:34.816+0300][50.056s][info][gc,stats    ]    Subphase: Pause Weak Roots JFRWeak                      0.000 / 0.000         0.001 / 0.013         0.001 / 0.013         0.001 / 0.013       ms
[2021-02-07T18:29:34.816+0300][50.056s][info][gc,stats    ]    Subphase: Pause Weak Roots JVMTIWeakExport              0.000 / 0.000         0.002 / 0.013         0.002 / 0.013         0.002 / 0.013       ms
[2021-02-07T18:29:34.816+0300][50.056s][info][gc,stats    ]    Subphase: Pause Weak Roots Setup                        0.000 / 0.000         0.000 / 0.000         0.000 / 0.000         0.000 / 0.000       ms
[2021-02-07T18:29:34.816+0300][50.056s][info][gc,stats    ]    Subphase: Pause Weak Roots Teardown                     0.000 / 0.000         0.000 / 0.000         0.000 / 0.000         0.000 / 0.000       ms
[2021-02-07T18:29:34.816+0300][50.056s][info][gc,stats    ]      System: Java Threads                                      0 / 0                11 / 12               11 / 12               11 / 12          threads
[2021-02-07T18:29:34.816+0300][50.056s][info][gc,stats    ] =========================================================================================================================================================
[2021-02-07T18:29:44.813+0300][60.052s][info][gc,stats    ] === Garbage Collection Statistics =======================================================================================================================
[2021-02-07T18:29:44.813+0300][60.052s][info][gc,stats    ]                                                              Last 10s              Last 10m              Last 10h                Total
[2021-02-07T18:29:44.813+0300][60.052s][info][gc,stats    ]                                                              Avg / Max             Avg / Max             Avg / Max             Avg / Max
[2021-02-07T18:29:44.813+0300][60.052s][info][gc,stats    ]   Collector: Garbage Collection Cycle                      0.000 / 0.000        59.761 / 156.562      59.761 / 156.562      59.761 / 156.562     ms
[2021-02-07T18:29:44.813+0300][60.052s][info][gc,stats    ]  Contention: Mark Segment Reset Contention                     0 / 0                 0 / 0                 0 / 0                 0 / 0           ops/s
[2021-02-07T18:29:44.813+0300][60.052s][info][gc,stats    ]  Contention: Mark SeqNum Reset Contention                      0 / 0                 0 / 0                 0 / 0                 0 / 0           ops/s
[2021-02-07T18:29:44.813+0300][60.052s][info][gc,stats    ]  Contention: Relocation Contention                             0 / 0                 0 / 2                 0 / 2                 0 / 2           ops/s
[2021-02-07T18:29:44.813+0300][60.052s][info][gc,stats    ]    Critical: Allocation Stall                              0.000 / 0.000         0.000 / 0.000         0.000 / 0.000         0.000 / 0.000       ms
[2021-02-07T18:29:44.813+0300][60.052s][info][gc,stats    ]    Critical: Allocation Stall                                  0 / 0                 0 / 0                 0 / 0                 0 / 0           ops/s
[2021-02-07T18:29:44.813+0300][60.052s][info][gc,stats    ]    Critical: GC Locker Stall                               0.000 / 0.000         0.000 / 0.000         0.000 / 0.000         0.000 / 0.000       ms
[2021-02-07T18:29:44.813+0300][60.052s][info][gc,stats    ]    Critical: GC Locker Stall                                   0 / 0                 0 / 0                 0 / 0                 0 / 0           ops/s
[2021-02-07T18:29:44.813+0300][60.052s][info][gc,stats    ]      Memory: Allocation Rate                                   1 / 16                7 / 304               7 / 304               7 / 304         MB/s
[2021-02-07T18:29:44.813+0300][60.052s][info][gc,stats    ]      Memory: Heap Used After Mark                              0 / 0                44 / 102              44 / 102              44 / 102         MB
[2021-02-07T18:29:44.813+0300][60.052s][info][gc,stats    ]      Memory: Heap Used After Relocation                        0 / 0                38 / 80               38 / 80               38 / 80          MB
[2021-02-07T18:29:44.813+0300][60.052s][info][gc,stats    ]      Memory: Heap Used Before Mark                             0 / 0                44 / 102              44 / 102              44 / 102         MB
[2021-02-07T18:29:44.813+0300][60.053s][info][gc,stats    ]      Memory: Heap Used Before Relocation                       0 / 0                42 / 98               42 / 98               42 / 98          MB
[2021-02-07T18:29:44.813+0300][60.053s][info][gc,stats    ]      Memory: Out Of Memory                                     0 / 0                 0 / 0                 0 / 0                 0 / 0           ops/s
[2021-02-07T18:29:44.813+0300][60.053s][info][gc,stats    ]      Memory: Page Cache Flush                                  0 / 0                 0 / 0                 0 / 0                 0 / 0           MB/s
[2021-02-07T18:29:44.813+0300][60.053s][info][gc,stats    ]      Memory: Page Cache Hit L1                                 0 / 8                 1 / 21                1 / 21                1 / 21          ops/s
[2021-02-07T18:29:44.813+0300][60.053s][info][gc,stats    ]      Memory: Page Cache Hit L2                                 0 / 0                 0 / 0                 0 / 0                 0 / 0           ops/s
[2021-02-07T18:29:44.813+0300][60.053s][info][gc,stats    ]      Memory: Page Cache Hit L3                                 0 / 0                 0 / 16                0 / 16                0 / 16          ops/s
[2021-02-07T18:29:44.813+0300][60.053s][info][gc,stats    ]      Memory: Page Cache Miss                                   0 / 0                 0 / 0                 0 / 0                 0 / 0           ops/s
[2021-02-07T18:29:44.813+0300][60.053s][info][gc,stats    ]      Memory: Uncommit                                          0 / 0                 0 / 0                 0 / 0                 0 / 0           MB/s
[2021-02-07T18:29:44.813+0300][60.053s][info][gc,stats    ]      Memory: Undo Object Allocation Failed                     0 / 0                 0 / 0                 0 / 0                 0 / 0           ops/s
[2021-02-07T18:29:44.813+0300][60.053s][info][gc,stats    ]      Memory: Undo Object Allocation Succeeded                  0 / 0                 0 / 2                 0 / 2                 0 / 2           ops/s
[2021-02-07T18:29:44.813+0300][60.053s][info][gc,stats    ]      Memory: Undo Page Allocation                              0 / 0                 0 / 0                 0 / 0                 0 / 0           ops/s
[2021-02-07T18:29:44.813+0300][60.053s][info][gc,stats    ]       Phase: Concurrent Mark                               0.000 / 0.000        49.399 / 130.783      49.399 / 130.783      49.399 / 130.783     ms
[2021-02-07T18:29:44.813+0300][60.053s][info][gc,stats    ]       Phase: Concurrent Mark Continue                      0.000 / 0.000         0.000 / 0.000         0.000 / 0.000         0.000 / 0.000       ms
[2021-02-07T18:29:44.813+0300][60.053s][info][gc,stats    ]       Phase: Concurrent Process Non-Strong References      0.000 / 0.000         1.075 / 1.250         1.075 / 1.250         1.075 / 1.250       ms
[2021-02-07T18:29:44.813+0300][60.053s][info][gc,stats    ]       Phase: Concurrent Relocate                           0.000 / 0.000         5.018 / 17.622        5.018 / 17.622        5.018 / 17.622      ms
[2021-02-07T18:29:44.813+0300][60.053s][info][gc,stats    ]       Phase: Concurrent Reset Relocation Set               0.000 / 0.000         0.134 / 0.490         0.134 / 0.490         0.134 / 0.490       ms
[2021-02-07T18:29:44.813+0300][60.053s][info][gc,stats    ]       Phase: Concurrent Select Relocation Set              0.000 / 0.000         2.583 / 7.297         2.583 / 7.297         2.583 / 7.297       ms
[2021-02-07T18:29:44.813+0300][60.053s][info][gc,stats    ]       Phase: Pause Mark End                                0.000 / 0.000         0.293 / 0.367         0.293 / 0.367         0.293 / 0.367       ms
[2021-02-07T18:29:44.813+0300][60.053s][info][gc,stats    ]       Phase: Pause Mark Start                              0.000 / 0.000         0.076 / 0.128         0.076 / 0.128         0.076 / 0.128       ms
[2021-02-07T18:29:44.813+0300][60.053s][info][gc,stats    ]       Phase: Pause Relocate Start                          0.000 / 0.000         0.111 / 0.153         0.111 / 0.153         0.111 / 0.153       ms
[2021-02-07T18:29:44.813+0300][60.053s][info][gc,stats    ]    Subphase: Concurrent Classes Purge                      0.000 / 0.000         0.089 / 0.101         0.089 / 0.101         0.089 / 0.101       ms
[2021-02-07T18:29:44.813+0300][60.053s][info][gc,stats    ]    Subphase: Concurrent Classes Unlink                     0.000 / 0.000         0.538 / 0.693         0.538 / 0.693         0.538 / 0.693       ms
[2021-02-07T18:29:44.813+0300][60.053s][info][gc,stats    ]    Subphase: Concurrent Mark                               0.000 / 0.000        49.206 / 130.615      49.206 / 130.615      49.206 / 130.615     ms
[2021-02-07T18:29:44.813+0300][60.053s][info][gc,stats    ]    Subphase: Concurrent Mark Idle                          0.000 / 0.000         0.000 / 0.000         0.000 / 0.000         0.000 / 0.000       ms
[2021-02-07T18:29:44.813+0300][60.053s][info][gc,stats    ]    Subphase: Concurrent Mark Try Flush                     0.000 / 0.000         0.153 / 0.292         0.153 / 0.292         0.153 / 0.292       ms
[2021-02-07T18:29:44.813+0300][60.053s][info][gc,stats    ]    Subphase: Concurrent Mark Try Terminate                 0.000 / 0.000         0.073 / 0.290         0.073 / 0.290         0.073 / 0.290       ms
[2021-02-07T18:29:44.813+0300][60.053s][info][gc,stats    ]    Subphase: Concurrent References Enqueue                 0.000 / 0.000         0.001 / 0.004         0.001 / 0.004         0.001 / 0.004       ms
[2021-02-07T18:29:44.813+0300][60.053s][info][gc,stats    ]    Subphase: Concurrent References Process                 0.000 / 0.000         0.103 / 0.111         0.103 / 0.111         0.103 / 0.111       ms
[2021-02-07T18:29:44.813+0300][60.053s][info][gc,stats    ]    Subphase: Concurrent Roots                              0.000 / 0.000         0.051 / 0.114         0.051 / 0.114         0.051 / 0.114       ms
[2021-02-07T18:29:44.813+0300][60.053s][info][gc,stats    ]    Subphase: Concurrent Roots ClassLoaderDataGraph         0.000 / 0.000         0.046 / 0.107         0.046 / 0.107         0.046 / 0.107       ms
[2021-02-07T18:29:44.813+0300][60.053s][info][gc,stats    ]    Subphase: Concurrent Roots JNIHandles                   0.000 / 0.000         0.002 / 0.003         0.002 / 0.003         0.002 / 0.003       ms
[2021-02-07T18:29:44.813+0300][60.053s][info][gc,stats    ]    Subphase: Concurrent Roots Setup                        0.000 / 0.000         0.003 / 0.004         0.003 / 0.004         0.003 / 0.004       ms
[2021-02-07T18:29:44.813+0300][60.053s][info][gc,stats    ]    Subphase: Concurrent Roots Teardown                     0.000 / 0.000         0.000 / 0.000         0.000 / 0.000         0.000 / 0.000       ms
[2021-02-07T18:29:44.813+0300][60.053s][info][gc,stats    ]    Subphase: Concurrent Roots VMHandles                    0.000 / 0.000         0.002 / 0.003         0.002 / 0.003         0.002 / 0.003       ms
[2021-02-07T18:29:44.813+0300][60.053s][info][gc,stats    ]    Subphase: Concurrent Weak Roots                         0.000 / 0.000         0.108 / 0.191         0.108 / 0.191         0.108 / 0.191       ms
[2021-02-07T18:29:44.813+0300][60.053s][info][gc,stats    ]    Subphase: Concurrent Weak Roots JNIWeakHandles          0.000 / 0.000         0.000 / 0.000         0.000 / 0.000         0.000 / 0.000       ms
[2021-02-07T18:29:44.813+0300][60.053s][info][gc,stats    ]    Subphase: Concurrent Weak Roots ResolvedMethodTable     0.000 / 0.000         0.014 / 0.028         0.014 / 0.028         0.014 / 0.028       ms
[2021-02-07T18:29:44.813+0300][60.053s][info][gc,stats    ]    Subphase: Concurrent Weak Roots StringTable             0.000 / 0.000         0.091 / 0.166         0.091 / 0.166         0.091 / 0.166       ms
[2021-02-07T18:29:44.813+0300][60.053s][info][gc,stats    ]    Subphase: Concurrent Weak Roots VMWeakHandles           0.000 / 0.000         0.003 / 0.004         0.003 / 0.004         0.003 / 0.004       ms
[2021-02-07T18:29:44.813+0300][60.053s][info][gc,stats    ]    Subphase: Pause Mark Try Complete                       0.000 / 0.000         0.108 / 0.189         0.108 / 0.189         0.108 / 0.189       ms
[2021-02-07T18:29:44.813+0300][60.053s][info][gc,stats    ]    Subphase: Pause Roots                                   0.000 / 0.000         0.026 / 0.091         0.026 / 0.091         0.026 / 0.091       ms
[2021-02-07T18:29:44.813+0300][60.053s][info][gc,stats    ]    Subphase: Pause Roots CodeCache                         0.000 / 0.000         0.000 / 0.000         0.000 / 0.000         0.000 / 0.000       ms
[2021-02-07T18:29:44.813+0300][60.053s][info][gc,stats    ]    Subphase: Pause Roots JVMTIExport                       0.000 / 0.000         0.000 / 0.002         0.000 / 0.002         0.000 / 0.002       ms
[2021-02-07T18:29:44.813+0300][60.053s][info][gc,stats    ]    Subphase: Pause Roots JVMTIWeakExport                   0.000 / 0.000         0.000 / 0.000         0.000 / 0.000         0.000 / 0.000       ms
[2021-02-07T18:29:44.813+0300][60.053s][info][gc,stats    ]    Subphase: Pause Roots Java Threads                      0.000 / 0.000         0.021 / 0.089         0.021 / 0.089         0.021 / 0.089       ms
[2021-02-07T18:29:44.813+0300][60.053s][info][gc,stats    ]    Subphase: Pause Roots Management                        0.000 / 0.000         0.008 / 0.031         0.008 / 0.031         0.008 / 0.031       ms
[2021-02-07T18:29:44.813+0300][60.053s][info][gc,stats    ]    Subphase: Pause Roots ObjectSynchronizer                0.000 / 0.000         0.000 / 0.000         0.000 / 0.000         0.000 / 0.000       ms
[2021-02-07T18:29:44.813+0300][60.053s][info][gc,stats    ]    Subphase: Pause Roots Setup                             0.000 / 0.000         0.000 / 0.001         0.000 / 0.001         0.000 / 0.001       ms
[2021-02-07T18:29:44.813+0300][60.053s][info][gc,stats    ]    Subphase: Pause Roots Teardown                          0.000 / 0.000         0.001 / 0.001         0.001 / 0.001         0.001 / 0.001       ms
[2021-02-07T18:29:44.813+0300][60.053s][info][gc,stats    ]    Subphase: Pause Roots Universe                          0.000 / 0.000         0.002 / 0.027         0.002 / 0.027         0.002 / 0.027       ms
[2021-02-07T18:29:44.813+0300][60.053s][info][gc,stats    ]    Subphase: Pause Roots VM Thread                         0.000 / 0.000         0.001 / 0.001         0.001 / 0.001         0.001 / 0.001       ms
[2021-02-07T18:29:44.813+0300][60.053s][info][gc,stats    ]    Subphase: Pause Weak Roots                              0.000 / 0.000         0.002 / 0.014         0.002 / 0.014         0.002 / 0.014       ms
[2021-02-07T18:29:44.814+0300][60.053s][info][gc,stats    ]    Subphase: Pause Weak Roots JFRWeak                      0.000 / 0.000         0.001 / 0.013         0.001 / 0.013         0.001 / 0.013       ms
[2021-02-07T18:29:44.814+0300][60.053s][info][gc,stats    ]    Subphase: Pause Weak Roots JVMTIWeakExport              0.000 / 0.000         0.002 / 0.013         0.002 / 0.013         0.002 / 0.013       ms
[2021-02-07T18:29:44.814+0300][60.053s][info][gc,stats    ]    Subphase: Pause Weak Roots Setup                        0.000 / 0.000         0.000 / 0.000         0.000 / 0.000         0.000 / 0.000       ms
[2021-02-07T18:29:44.814+0300][60.053s][info][gc,stats    ]    Subphase: Pause Weak Roots Teardown                     0.000 / 0.000         0.000 / 0.000         0.000 / 0.000         0.000 / 0.000       ms
[2021-02-07T18:29:44.814+0300][60.053s][info][gc,stats    ]      System: Java Threads                                      0 / 0                11 / 12               11 / 12               11 / 12          threads
[2021-02-07T18:29:44.814+0300][60.053s][info][gc,stats    ] =========================================================================================================================================================
[2021-02-07T18:29:50.110+0300][65.349s][info][gc,start    ] GC(12) Garbage Collection (Proactive)
[2021-02-07T18:29:50.110+0300][65.350s][info][gc,phases   ] GC(12) Pause Mark Start 0.124ms
[2021-02-07T18:29:50.267+0300][65.507s][info][gc,phases   ] GC(12) Concurrent Mark 156.862ms
[2021-02-07T18:29:50.268+0300][65.507s][info][gc,phases   ] GC(12) Pause Mark End 0.186ms
[2021-02-07T18:29:50.269+0300][65.508s][info][gc,phases   ] GC(12) Concurrent Process Non-Strong References 0.929ms
[2021-02-07T18:29:50.269+0300][65.509s][info][gc,phases   ] GC(12) Concurrent Reset Relocation Set 0.618ms
[2021-02-07T18:29:50.274+0300][65.514s][info][gc,phases   ] GC(12) Concurrent Select Relocation Set 5.212ms
[2021-02-07T18:29:50.275+0300][65.515s][info][gc,phases   ] GC(12) Pause Relocate Start 0.160ms
[2021-02-07T18:29:50.293+0300][65.533s][info][gc,phases   ] GC(12) Concurrent Relocate 18.095ms
[2021-02-07T18:29:50.293+0300][65.533s][info][gc,load     ] GC(12) Load: 0.00/0.00/0.00
[2021-02-07T18:29:50.293+0300][65.533s][info][gc,mmu      ] GC(12) MMU: 2ms/81.7%, 5ms/90.7%, 10ms/95.3%, 20ms/97.7%, 50ms/98.9%, 100ms/99.0%
[2021-02-07T18:29:50.293+0300][65.533s][info][gc,marking  ] GC(12) Mark: 1 stripe(s), 2 proactive flush(es), 1 terminate flush(es), 1 completion(s), 0 continuation(s)
[2021-02-07T18:29:50.293+0300][65.533s][info][gc,nmethod  ] GC(12) NMethods: 688 registered, 0 unregistered
[2021-02-07T18:29:50.293+0300][65.533s][info][gc,metaspace] GC(12) Metaspace: 3M used, 4M capacity, 4M committed, 1032M reserved
[2021-02-07T18:29:50.293+0300][65.533s][info][gc,ref      ] GC(12) Soft: 314 encountered, 0 discovered, 0 enqueued
[2021-02-07T18:29:50.293+0300][65.533s][info][gc,ref      ] GC(12) Weak: 675 encountered, 412 discovered, 0 enqueued
[2021-02-07T18:29:50.293+0300][65.533s][info][gc,ref      ] GC(12) Final: 0 encountered, 0 discovered, 0 enqueued
[2021-02-07T18:29:50.293+0300][65.533s][info][gc,ref      ] GC(12) Phantom: 1 encountered, 0 discovered, 0 enqueued
[2021-02-07T18:29:50.293+0300][65.533s][info][gc,reloc    ] GC(12) Small Pages: 54 / 108M(95%), Empty: 0M(0%), Compacting: 30M(26%)->12M(11%)
[2021-02-07T18:29:50.293+0300][65.533s][info][gc,reloc    ] GC(12) Medium Pages: 0 / 0M(0%), Empty: 0M(0%), Compacting: 0M(0%)->0M(0%)
[2021-02-07T18:29:50.293+0300][65.533s][info][gc,reloc    ] GC(12) Large Pages: 1 / 6M(5%), Empty: 0M(0%), Compacting: 0M(0%)->0M(0%)
[2021-02-07T18:29:50.293+0300][65.533s][info][gc,reloc    ] GC(12) Relocation: Successful
[2021-02-07T18:29:50.293+0300][65.533s][info][gc,heap     ] GC(12) Min Capacity: 256M(100%)
[2021-02-07T18:29:50.293+0300][65.533s][info][gc,heap     ] GC(12) Max Capacity: 256M(100%)
[2021-02-07T18:29:50.293+0300][65.533s][info][gc,heap     ] GC(12) Soft Max Capacity: 256M(100%)
[2021-02-07T18:29:50.293+0300][65.533s][info][gc,heap     ] GC(12)                Mark Start          Mark End        Relocate Start      Relocate End           High               Low
[2021-02-07T18:29:50.293+0300][65.533s][info][gc,heap     ] GC(12)  Capacity:      256M (100%)        256M (100%)        256M (100%)        256M (100%)        256M (100%)        256M (100%)
[2021-02-07T18:29:50.293+0300][65.533s][info][gc,heap     ] GC(12)   Reserve:       12M (5%)           12M (5%)           12M (5%)           12M (5%)           12M (5%)           12M (5%)
[2021-02-07T18:29:50.293+0300][65.533s][info][gc,heap     ] GC(12)      Free:      130M (51%)         130M (51%)         130M (51%)         146M (57%)         146M (57%)         124M (48%)
[2021-02-07T18:29:50.293+0300][65.533s][info][gc,heap     ] GC(12)      Used:      114M (45%)         114M (45%)         114M (45%)          98M (38%)         120M (47%)          98M (38%)
[2021-02-07T18:29:50.293+0300][65.533s][info][gc,heap     ] GC(12)      Live:         -                91M (36%)          91M (36%)          91M (36%)            -                  -
[2021-02-07T18:29:50.293+0300][65.533s][info][gc,heap     ] GC(12) Allocated:         -                 0M (0%)            0M (0%)           14M (5%)             -                  -
[2021-02-07T18:29:50.293+0300][65.533s][info][gc,heap     ] GC(12)   Garbage:         -                22M (9%)           22M (9%)            6M (2%)             -                  -
[2021-02-07T18:29:50.293+0300][65.533s][info][gc,heap     ] GC(12) Reclaimed:         -                  -                 0M (0%)           16M (6%)             -                  -
[2021-02-07T18:29:50.293+0300][65.533s][info][gc          ] GC(12) Garbage Collection (Proactive) 114M(45%)->98M(38%)
[2021-02-07T18:29:54.815+0300][70.055s][info][gc,stats    ] === Garbage Collection Statistics =======================================================================================================================
[2021-02-07T18:29:54.815+0300][70.055s][info][gc,stats    ]                                                              Last 10s              Last 10m              Last 10h                Total
[2021-02-07T18:29:54.815+0300][70.055s][info][gc,stats    ]                                                              Avg / Max             Avg / Max             Avg / Max             Avg / Max
[2021-02-07T18:29:54.815+0300][70.055s][info][gc,stats    ]   Collector: Garbage Collection Cycle                    183.855 / 183.855      69.306 / 183.855      69.306 / 183.855      69.306 / 183.855     ms
[2021-02-07T18:29:54.815+0300][70.055s][info][gc,stats    ]  Contention: Mark Segment Reset Contention                     0 / 0                 0 / 0                 0 / 0                 0 / 0           ops/s
[2021-02-07T18:29:54.815+0300][70.055s][info][gc,stats    ]  Contention: Mark SeqNum Reset Contention                      0 / 0                 0 / 0                 0 / 0                 0 / 0           ops/s
[2021-02-07T18:29:54.815+0300][70.055s][info][gc,stats    ]  Contention: Relocation Contention                             0 / 4                 0 / 4                 0 / 4                 0 / 4           ops/s
[2021-02-07T18:29:54.815+0300][70.055s][info][gc,stats    ]    Critical: Allocation Stall                              0.000 / 0.000         0.000 / 0.000         0.000 / 0.000         0.000 / 0.000       ms
[2021-02-07T18:29:54.815+0300][70.055s][info][gc,stats    ]    Critical: Allocation Stall                                  0 / 0                 0 / 0                 0 / 0                 0 / 0           ops/s
[2021-02-07T18:29:54.815+0300][70.055s][info][gc,stats    ]    Critical: GC Locker Stall                               0.000 / 0.000         0.000 / 0.000         0.000 / 0.000         0.000 / 0.000       ms
[2021-02-07T18:29:54.815+0300][70.055s][info][gc,stats    ]    Critical: GC Locker Stall                                   0 / 0                 0 / 0                 0 / 0                 0 / 0           ops/s
[2021-02-07T18:29:54.815+0300][70.055s][info][gc,stats    ]      Memory: Allocation Rate                                   2 / 22                6 / 304               6 / 304               6 / 304         MB/s
[2021-02-07T18:29:54.815+0300][70.055s][info][gc,stats    ]      Memory: Heap Used After Mark                            114 / 114              49 / 114              49 / 114              49 / 114         MB
[2021-02-07T18:29:54.815+0300][70.055s][info][gc,stats    ]      Memory: Heap Used After Relocation                       98 / 98               43 / 98               43 / 98               43 / 98          MB
[2021-02-07T18:29:54.815+0300][70.055s][info][gc,stats    ]      Memory: Heap Used Before Mark                           114 / 114              49 / 114              49 / 114              49 / 114         MB
[2021-02-07T18:29:54.815+0300][70.055s][info][gc,stats    ]      Memory: Heap Used Before Relocation                     114 / 114              48 / 114              48 / 114              48 / 114         MB
[2021-02-07T18:29:54.815+0300][70.055s][info][gc,stats    ]      Memory: Out Of Memory                                     0 / 0                 0 / 0                 0 / 0                 0 / 0           ops/s
[2021-02-07T18:29:54.815+0300][70.055s][info][gc,stats    ]      Memory: Page Cache Flush                                  0 / 0                 0 / 0                 0 / 0                 0 / 0           MB/s
[2021-02-07T18:29:54.815+0300][70.055s][info][gc,stats    ]      Memory: Page Cache Hit L1                                 0 / 8                 1 / 21                1 / 21                1 / 21          ops/s
[2021-02-07T18:29:54.815+0300][70.055s][info][gc,stats    ]      Memory: Page Cache Hit L2                                 0 / 0                 0 / 0                 0 / 0                 0 / 0           ops/s
[2021-02-07T18:29:54.815+0300][70.055s][info][gc,stats    ]      Memory: Page Cache Hit L3                                 0 / 8                 0 / 16                0 / 16                0 / 16          ops/s
[2021-02-07T18:29:54.815+0300][70.055s][info][gc,stats    ]      Memory: Page Cache Miss                                   0 / 0                 0 / 0                 0 / 0                 0 / 0           ops/s
[2021-02-07T18:29:54.815+0300][70.055s][info][gc,stats    ]      Memory: Uncommit                                          0 / 0                 0 / 0                 0 / 0                 0 / 0           MB/s
[2021-02-07T18:29:54.815+0300][70.055s][info][gc,stats    ]      Memory: Undo Object Allocation Failed                     0 / 0                 0 / 0                 0 / 0                 0 / 0           ops/s
[2021-02-07T18:29:54.815+0300][70.055s][info][gc,stats    ]      Memory: Undo Object Allocation Succeeded                  0 / 4                 0 / 4                 0 / 4                 0 / 4           ops/s
[2021-02-07T18:29:54.815+0300][70.055s][info][gc,stats    ]      Memory: Undo Page Allocation                              0 / 0                 0 / 0                 0 / 0                 0 / 0           ops/s
[2021-02-07T18:29:54.815+0300][70.056s][info][gc,stats    ]       Phase: Concurrent Mark                             156.862 / 156.862      57.665 / 156.862      57.665 / 156.862      57.665 / 156.862     ms
[2021-02-07T18:29:54.815+0300][70.056s][info][gc,stats    ]       Phase: Concurrent Mark Continue                      0.000 / 0.000         0.000 / 0.000         0.000 / 0.000         0.000 / 0.000       ms
[2021-02-07T18:29:54.815+0300][70.056s][info][gc,stats    ]       Phase: Concurrent Process Non-Strong References      0.929 / 0.929         1.064 / 1.250         1.064 / 1.250         1.064 / 1.250       ms
[2021-02-07T18:29:54.815+0300][70.056s][info][gc,stats    ]       Phase: Concurrent Relocate                          18.095 / 18.095        6.024 / 18.095        6.024 / 18.095        6.024 / 18.095      ms
[2021-02-07T18:29:54.815+0300][70.056s][info][gc,stats    ]       Phase: Concurrent Reset Relocation Set               0.618 / 0.618         0.171 / 0.618         0.171 / 0.618         0.171 / 0.618       ms
[2021-02-07T18:29:54.815+0300][70.056s][info][gc,stats    ]       Phase: Concurrent Select Relocation Set              5.212 / 5.212         2.785 / 7.297         2.785 / 7.297         2.785 / 7.297       ms
[2021-02-07T18:29:54.815+0300][70.056s][info][gc,stats    ]       Phase: Pause Mark End                                0.186 / 0.186         0.284 / 0.367         0.284 / 0.367         0.284 / 0.367       ms
[2021-02-07T18:29:54.815+0300][70.056s][info][gc,stats    ]       Phase: Pause Mark Start                              0.124 / 0.124         0.079 / 0.128         0.079 / 0.128         0.079 / 0.128       ms
[2021-02-07T18:29:54.815+0300][70.056s][info][gc,stats    ]       Phase: Pause Relocate Start                          0.160 / 0.160         0.115 / 0.160         0.115 / 0.160         0.115 / 0.160       ms
[2021-02-07T18:29:54.815+0300][70.056s][info][gc,stats    ]    Subphase: Concurrent Classes Purge                      0.096 / 0.096         0.089 / 0.101         0.089 / 0.101         0.089 / 0.101       ms
[2021-02-07T18:29:54.815+0300][70.056s][info][gc,stats    ]    Subphase: Concurrent Classes Unlink                     0.552 / 0.552         0.539 / 0.693         0.539 / 0.693         0.539 / 0.693       ms
[2021-02-07T18:29:54.815+0300][70.056s][info][gc,stats    ]    Subphase: Concurrent Mark                             156.653 / 156.653      57.471 / 156.653      57.471 / 156.653      57.471 / 156.653     ms
[2021-02-07T18:29:54.815+0300][70.056s][info][gc,stats    ]    Subphase: Concurrent Mark Idle                          0.000 / 0.000         0.000 / 0.000         0.000 / 0.000         0.000 / 0.000       ms
[2021-02-07T18:29:54.815+0300][70.056s][info][gc,stats    ]    Subphase: Concurrent Mark Try Flush                     0.389 / 0.438         0.171 / 0.438         0.171 / 0.438         0.171 / 0.438       ms
[2021-02-07T18:29:54.816+0300][70.056s][info][gc,stats    ]    Subphase: Concurrent Mark Try Terminate                 0.180 / 0.361         0.081 / 0.361         0.081 / 0.361         0.081 / 0.361       ms
[2021-02-07T18:29:54.816+0300][70.056s][info][gc,stats    ]    Subphase: Concurrent References Enqueue                 0.000 / 0.000         0.001 / 0.004         0.001 / 0.004         0.001 / 0.004       ms
[2021-02-07T18:29:54.816+0300][70.056s][info][gc,stats    ]    Subphase: Concurrent References Process                 0.046 / 0.046         0.098 / 0.111         0.098 / 0.111         0.098 / 0.111       ms
[2021-02-07T18:29:54.816+0300][70.056s][info][gc,stats    ]    Subphase: Concurrent Roots                              0.045 / 0.045         0.051 / 0.114         0.051 / 0.114         0.051 / 0.114       ms
[2021-02-07T18:29:54.816+0300][70.056s][info][gc,stats    ]    Subphase: Concurrent Roots ClassLoaderDataGraph         0.041 / 0.041         0.046 / 0.107         0.046 / 0.107         0.046 / 0.107       ms
[2021-02-07T18:29:54.816+0300][70.056s][info][gc,stats    ]    Subphase: Concurrent Roots JNIHandles                   0.002 / 0.002         0.002 / 0.003         0.002 / 0.003         0.002 / 0.003       ms
[2021-02-07T18:29:54.816+0300][70.056s][info][gc,stats    ]    Subphase: Concurrent Roots Setup                        0.003 / 0.003         0.003 / 0.004         0.003 / 0.004         0.003 / 0.004       ms
[2021-02-07T18:29:54.816+0300][70.056s][info][gc,stats    ]    Subphase: Concurrent Roots Teardown                     0.000 / 0.000         0.000 / 0.000         0.000 / 0.000         0.000 / 0.000       ms
[2021-02-07T18:29:54.816+0300][70.056s][info][gc,stats    ]    Subphase: Concurrent Roots VMHandles                    0.002 / 0.002         0.002 / 0.003         0.002 / 0.003         0.002 / 0.003       ms
[2021-02-07T18:29:54.816+0300][70.056s][info][gc,stats    ]    Subphase: Concurrent Weak Roots                         0.108 / 0.108         0.108 / 0.191         0.108 / 0.191         0.108 / 0.191       ms
[2021-02-07T18:29:54.816+0300][70.056s][info][gc,stats    ]    Subphase: Concurrent Weak Roots JNIWeakHandles          0.000 / 0.000         0.000 / 0.000         0.000 / 0.000         0.000 / 0.000       ms
[2021-02-07T18:29:54.816+0300][70.056s][info][gc,stats    ]    Subphase: Concurrent Weak Roots ResolvedMethodTable     0.015 / 0.015         0.014 / 0.028         0.014 / 0.028         0.014 / 0.028       ms
[2021-02-07T18:29:54.816+0300][70.056s][info][gc,stats    ]    Subphase: Concurrent Weak Roots StringTable             0.090 / 0.090         0.091 / 0.166         0.091 / 0.166         0.091 / 0.166       ms
[2021-02-07T18:29:54.816+0300][70.056s][info][gc,stats    ]    Subphase: Concurrent Weak Roots VMWeakHandles           0.003 / 0.003         0.003 / 0.004         0.003 / 0.004         0.003 / 0.004       ms
[2021-02-07T18:29:54.816+0300][70.056s][info][gc,stats    ]    Subphase: Pause Mark Try Complete                       0.113 / 0.113         0.109 / 0.189         0.109 / 0.189         0.109 / 0.189       ms
[2021-02-07T18:29:54.816+0300][70.056s][info][gc,stats    ]    Subphase: Pause Roots                                   0.036 / 0.053         0.027 / 0.091         0.027 / 0.091         0.027 / 0.091       ms
[2021-02-07T18:29:54.816+0300][70.056s][info][gc,stats    ]    Subphase: Pause Roots CodeCache                         0.000 / 0.000         0.000 / 0.000         0.000 / 0.000         0.000 / 0.000       ms
[2021-02-07T18:29:54.816+0300][70.056s][info][gc,stats    ]    Subphase: Pause Roots JVMTIExport                       0.000 / 0.000         0.000 / 0.002         0.000 / 0.002         0.000 / 0.002       ms
[2021-02-07T18:29:54.816+0300][70.056s][info][gc,stats    ]    Subphase: Pause Roots JVMTIWeakExport                   0.000 / 0.000         0.000 / 0.000         0.000 / 0.000         0.000 / 0.000       ms
[2021-02-07T18:29:54.816+0300][70.056s][info][gc,stats    ]    Subphase: Pause Roots Java Threads                      0.025 / 0.051         0.021 / 0.089         0.021 / 0.089         0.021 / 0.089       ms
[2021-02-07T18:29:54.816+0300][70.056s][info][gc,stats    ]    Subphase: Pause Roots Management                        0.017 / 0.033         0.008 / 0.033         0.008 / 0.033         0.008 / 0.033       ms
[2021-02-07T18:29:54.816+0300][70.056s][info][gc,stats    ]    Subphase: Pause Roots ObjectSynchronizer                0.000 / 0.000         0.000 / 0.000         0.000 / 0.000         0.000 / 0.000       ms
[2021-02-07T18:29:54.816+0300][70.056s][info][gc,stats    ]    Subphase: Pause Roots Setup                             0.000 / 0.000         0.000 / 0.001         0.000 / 0.001         0.000 / 0.001       ms
[2021-02-07T18:29:54.816+0300][70.056s][info][gc,stats    ]    Subphase: Pause Roots Teardown                          0.001 / 0.001         0.001 / 0.001         0.001 / 0.001         0.001 / 0.001       ms
[2021-02-07T18:29:54.816+0300][70.056s][info][gc,stats    ]    Subphase: Pause Roots Universe                          0.001 / 0.002         0.002 / 0.027         0.002 / 0.027         0.002 / 0.027       ms
[2021-02-07T18:29:54.816+0300][70.056s][info][gc,stats    ]    Subphase: Pause Roots VM Thread                         0.001 / 0.001         0.001 / 0.001         0.001 / 0.001         0.001 / 0.001       ms
[2021-02-07T18:29:54.816+0300][70.056s][info][gc,stats    ]    Subphase: Pause Weak Roots                              0.001 / 0.001         0.002 / 0.014         0.002 / 0.014         0.002 / 0.014       ms
[2021-02-07T18:29:54.816+0300][70.056s][info][gc,stats    ]    Subphase: Pause Weak Roots JFRWeak                      0.000 / 0.000         0.001 / 0.013         0.001 / 0.013         0.001 / 0.013       ms
[2021-02-07T18:29:54.816+0300][70.056s][info][gc,stats    ]    Subphase: Pause Weak Roots JVMTIWeakExport              0.000 / 0.000         0.002 / 0.013         0.002 / 0.013         0.002 / 0.013       ms
[2021-02-07T18:29:54.816+0300][70.056s][info][gc,stats    ]    Subphase: Pause Weak Roots Setup                        0.000 / 0.000         0.000 / 0.000         0.000 / 0.000         0.000 / 0.000       ms
[2021-02-07T18:29:54.816+0300][70.056s][info][gc,stats    ]    Subphase: Pause Weak Roots Teardown                     0.000 / 0.000         0.000 / 0.000         0.000 / 0.000         0.000 / 0.000       ms
[2021-02-07T18:29:54.816+0300][70.056s][info][gc,stats    ]      System: Java Threads                                     11 / 11               11 / 12               11 / 12               11 / 12          threads
[2021-02-07T18:29:54.816+0300][70.056s][info][gc,stats    ] =========================================================================================================================================================
[2021-02-07T18:30:04.805+0300][80.045s][info][gc,stats    ] === Garbage Collection Statistics =======================================================================================================================
[2021-02-07T18:30:04.805+0300][80.045s][info][gc,stats    ]                                                              Last 10s              Last 10m              Last 10h                Total
[2021-02-07T18:30:04.805+0300][80.045s][info][gc,stats    ]                                                              Avg / Max             Avg / Max             Avg / Max             Avg / Max
[2021-02-07T18:30:04.805+0300][80.045s][info][gc,stats    ]   Collector: Garbage Collection Cycle                      0.000 / 0.000        69.306 / 183.855      69.306 / 183.855      69.306 / 183.855     ms
[2021-02-07T18:30:04.805+0300][80.045s][info][gc,stats    ]  Contention: Mark Segment Reset Contention                     0 / 0                 0 / 0                 0 / 0                 0 / 0           ops/s
[2021-02-07T18:30:04.805+0300][80.045s][info][gc,stats    ]  Contention: Mark SeqNum Reset Contention                      0 / 0                 0 / 0                 0 / 0                 0 / 0           ops/s
[2021-02-07T18:30:04.805+0300][80.045s][info][gc,stats    ]  Contention: Relocation Contention                             0 / 0                 0 / 4                 0 / 4                 0 / 4           ops/s
[2021-02-07T18:30:04.805+0300][80.045s][info][gc,stats    ]    Critical: Allocation Stall                              0.000 / 0.000         0.000 / 0.000         0.000 / 0.000         0.000 / 0.000       ms
[2021-02-07T18:30:04.805+0300][80.045s][info][gc,stats    ]    Critical: Allocation Stall                                  0 / 0                 0 / 0                 0 / 0                 0 / 0           ops/s
[2021-02-07T18:30:04.805+0300][80.045s][info][gc,stats    ]    Critical: GC Locker Stall                               0.000 / 0.000         0.000 / 0.000         0.000 / 0.000         0.000 / 0.000       ms
[2021-02-07T18:30:04.805+0300][80.045s][info][gc,stats    ]    Critical: GC Locker Stall                                   0 / 0                 0 / 0                 0 / 0                 0 / 0           ops/s
[2021-02-07T18:30:04.805+0300][80.045s][info][gc,stats    ]      Memory: Allocation Rate                                   0 / 6                 5 / 304               5 / 304               5 / 304         MB/s
[2021-02-07T18:30:04.805+0300][80.045s][info][gc,stats    ]      Memory: Heap Used After Mark                              0 / 0                49 / 114              49 / 114              49 / 114         MB
[2021-02-07T18:30:04.805+0300][80.045s][info][gc,stats    ]      Memory: Heap Used After Relocation                        0 / 0                43 / 98               43 / 98               43 / 98          MB
[2021-02-07T18:30:04.805+0300][80.045s][info][gc,stats    ]      Memory: Heap Used Before Mark                             0 / 0                49 / 114              49 / 114              49 / 114         MB
[2021-02-07T18:30:04.805+0300][80.045s][info][gc,stats    ]      Memory: Heap Used Before Relocation                       0 / 0                48 / 114              48 / 114              48 / 114         MB
[2021-02-07T18:30:04.805+0300][80.045s][info][gc,stats    ]      Memory: Out Of Memory                                     0 / 0                 0 / 0                 0 / 0                 0 / 0           ops/s
[2021-02-07T18:30:04.805+0300][80.045s][info][gc,stats    ]      Memory: Page Cache Flush                                  0 / 0                 0 / 0                 0 / 0                 0 / 0           MB/s
[2021-02-07T18:30:04.805+0300][80.045s][info][gc,stats    ]      Memory: Page Cache Hit L1                                 0 / 3                 1 / 21                1 / 21                1 / 21          ops/s
[2021-02-07T18:30:04.805+0300][80.045s][info][gc,stats    ]      Memory: Page Cache Hit L2                                 0 / 0                 0 / 0                 0 / 0                 0 / 0           ops/s
[2021-02-07T18:30:04.805+0300][80.045s][info][gc,stats    ]      Memory: Page Cache Hit L3                                 0 / 0                 0 / 16                0 / 16                0 / 16          ops/s
[2021-02-07T18:30:04.805+0300][80.045s][info][gc,stats    ]      Memory: Page Cache Miss                                   0 / 0                 0 / 0                 0 / 0                 0 / 0           ops/s
[2021-02-07T18:30:04.805+0300][80.045s][info][gc,stats    ]      Memory: Uncommit                                          0 / 0                 0 / 0                 0 / 0                 0 / 0           MB/s
[2021-02-07T18:30:04.805+0300][80.045s][info][gc,stats    ]      Memory: Undo Object Allocation Failed                     0 / 0                 0 / 0                 0 / 0                 0 / 0           ops/s
[2021-02-07T18:30:04.805+0300][80.045s][info][gc,stats    ]      Memory: Undo Object Allocation Succeeded                  0 / 0                 0 / 4                 0 / 4                 0 / 4           ops/s
[2021-02-07T18:30:04.805+0300][80.045s][info][gc,stats    ]      Memory: Undo Page Allocation                              0 / 0                 0 / 0                 0 / 0                 0 / 0           ops/s
[2021-02-07T18:30:04.805+0300][80.045s][info][gc,stats    ]       Phase: Concurrent Mark                               0.000 / 0.000        57.665 / 156.862      57.665 / 156.862      57.665 / 156.862     ms
[2021-02-07T18:30:04.805+0300][80.045s][info][gc,stats    ]       Phase: Concurrent Mark Continue                      0.000 / 0.000         0.000 / 0.000         0.000 / 0.000         0.000 / 0.000       ms
[2021-02-07T18:30:04.805+0300][80.045s][info][gc,stats    ]       Phase: Concurrent Process Non-Strong References      0.000 / 0.000         1.064 / 1.250         1.064 / 1.250         1.064 / 1.250       ms
[2021-02-07T18:30:04.805+0300][80.045s][info][gc,stats    ]       Phase: Concurrent Relocate                           0.000 / 0.000         6.024 / 18.095        6.024 / 18.095        6.024 / 18.095      ms
[2021-02-07T18:30:04.805+0300][80.045s][info][gc,stats    ]       Phase: Concurrent Reset Relocation Set               0.000 / 0.000         0.171 / 0.618         0.171 / 0.618         0.171 / 0.618       ms
[2021-02-07T18:30:04.805+0300][80.045s][info][gc,stats    ]       Phase: Concurrent Select Relocation Set              0.000 / 0.000         2.785 / 7.297         2.785 / 7.297         2.785 / 7.297       ms
[2021-02-07T18:30:04.805+0300][80.046s][info][gc,stats    ]       Phase: Pause Mark End                                0.000 / 0.000         0.284 / 0.367         0.284 / 0.367         0.284 / 0.367       ms
[2021-02-07T18:30:04.805+0300][80.046s][info][gc,stats    ]       Phase: Pause Mark Start                              0.000 / 0.000         0.079 / 0.128         0.079 / 0.128         0.079 / 0.128       ms
[2021-02-07T18:30:04.805+0300][80.046s][info][gc,stats    ]       Phase: Pause Relocate Start                          0.000 / 0.000         0.115 / 0.160         0.115 / 0.160         0.115 / 0.160       ms
[2021-02-07T18:30:04.805+0300][80.046s][info][gc,stats    ]    Subphase: Concurrent Classes Purge                      0.000 / 0.000         0.089 / 0.101         0.089 / 0.101         0.089 / 0.101       ms
[2021-02-07T18:30:04.805+0300][80.046s][info][gc,stats    ]    Subphase: Concurrent Classes Unlink                     0.000 / 0.000         0.539 / 0.693         0.539 / 0.693         0.539 / 0.693       ms
[2021-02-07T18:30:04.806+0300][80.046s][info][gc,stats    ]    Subphase: Concurrent Mark                               0.000 / 0.000        57.471 / 156.653      57.471 / 156.653      57.471 / 156.653     ms
[2021-02-07T18:30:04.806+0300][80.046s][info][gc,stats    ]    Subphase: Concurrent Mark Idle                          0.000 / 0.000         0.000 / 0.000         0.000 / 0.000         0.000 / 0.000       ms
[2021-02-07T18:30:04.806+0300][80.046s][info][gc,stats    ]    Subphase: Concurrent Mark Try Flush                     0.000 / 0.000         0.171 / 0.438         0.171 / 0.438         0.171 / 0.438       ms
[2021-02-07T18:30:04.806+0300][80.046s][info][gc,stats    ]    Subphase: Concurrent Mark Try Terminate                 0.000 / 0.000         0.081 / 0.361         0.081 / 0.361         0.081 / 0.361       ms
[2021-02-07T18:30:04.806+0300][80.046s][info][gc,stats    ]    Subphase: Concurrent References Enqueue                 0.000 / 0.000         0.001 / 0.004         0.001 / 0.004         0.001 / 0.004       ms
[2021-02-07T18:30:04.806+0300][80.046s][info][gc,stats    ]    Subphase: Concurrent References Process                 0.000 / 0.000         0.098 / 0.111         0.098 / 0.111         0.098 / 0.111       ms
[2021-02-07T18:30:04.806+0300][80.046s][info][gc,stats    ]    Subphase: Concurrent Roots                              0.000 / 0.000         0.051 / 0.114         0.051 / 0.114         0.051 / 0.114       ms
[2021-02-07T18:30:04.806+0300][80.046s][info][gc,stats    ]    Subphase: Concurrent Roots ClassLoaderDataGraph         0.000 / 0.000         0.046 / 0.107         0.046 / 0.107         0.046 / 0.107       ms
[2021-02-07T18:30:04.806+0300][80.046s][info][gc,stats    ]    Subphase: Concurrent Roots JNIHandles                   0.000 / 0.000         0.002 / 0.003         0.002 / 0.003         0.002 / 0.003       ms
[2021-02-07T18:30:04.806+0300][80.046s][info][gc,stats    ]    Subphase: Concurrent Roots Setup                        0.000 / 0.000         0.003 / 0.004         0.003 / 0.004         0.003 / 0.004       ms
[2021-02-07T18:30:04.806+0300][80.046s][info][gc,stats    ]    Subphase: Concurrent Roots Teardown                     0.000 / 0.000         0.000 / 0.000         0.000 / 0.000         0.000 / 0.000       ms
[2021-02-07T18:30:04.806+0300][80.046s][info][gc,stats    ]    Subphase: Concurrent Roots VMHandles                    0.000 / 0.000         0.002 / 0.003         0.002 / 0.003         0.002 / 0.003       ms
[2021-02-07T18:30:04.806+0300][80.046s][info][gc,stats    ]    Subphase: Concurrent Weak Roots                         0.000 / 0.000         0.108 / 0.191         0.108 / 0.191         0.108 / 0.191       ms
[2021-02-07T18:30:04.806+0300][80.046s][info][gc,stats    ]    Subphase: Concurrent Weak Roots JNIWeakHandles          0.000 / 0.000         0.000 / 0.000         0.000 / 0.000         0.000 / 0.000       ms
[2021-02-07T18:30:04.806+0300][80.046s][info][gc,stats    ]    Subphase: Concurrent Weak Roots ResolvedMethodTable     0.000 / 0.000         0.014 / 0.028         0.014 / 0.028         0.014 / 0.028       ms
[2021-02-07T18:30:04.806+0300][80.046s][info][gc,stats    ]    Subphase: Concurrent Weak Roots StringTable             0.000 / 0.000         0.091 / 0.166         0.091 / 0.166         0.091 / 0.166       ms
[2021-02-07T18:30:04.806+0300][80.046s][info][gc,stats    ]    Subphase: Concurrent Weak Roots VMWeakHandles           0.000 / 0.000         0.003 / 0.004         0.003 / 0.004         0.003 / 0.004       ms
[2021-02-07T18:30:04.806+0300][80.046s][info][gc,stats    ]    Subphase: Pause Mark Try Complete                       0.000 / 0.000         0.109 / 0.189         0.109 / 0.189         0.109 / 0.189       ms
[2021-02-07T18:30:04.806+0300][80.046s][info][gc,stats    ]    Subphase: Pause Roots                                   0.000 / 0.000         0.027 / 0.091         0.027 / 0.091         0.027 / 0.091       ms
[2021-02-07T18:30:04.806+0300][80.046s][info][gc,stats    ]    Subphase: Pause Roots CodeCache                         0.000 / 0.000         0.000 / 0.000         0.000 / 0.000         0.000 / 0.000       ms
[2021-02-07T18:30:04.806+0300][80.046s][info][gc,stats    ]    Subphase: Pause Roots JVMTIExport                       0.000 / 0.000         0.000 / 0.002         0.000 / 0.002         0.000 / 0.002       ms
[2021-02-07T18:30:04.806+0300][80.046s][info][gc,stats    ]    Subphase: Pause Roots JVMTIWeakExport                   0.000 / 0.000         0.000 / 0.000         0.000 / 0.000         0.000 / 0.000       ms
[2021-02-07T18:30:04.806+0300][80.046s][info][gc,stats    ]    Subphase: Pause Roots Java Threads                      0.000 / 0.000         0.021 / 0.089         0.021 / 0.089         0.021 / 0.089       ms
[2021-02-07T18:30:04.806+0300][80.046s][info][gc,stats    ]    Subphase: Pause Roots Management                        0.000 / 0.000         0.008 / 0.033         0.008 / 0.033         0.008 / 0.033       ms
[2021-02-07T18:30:04.806+0300][80.046s][info][gc,stats    ]    Subphase: Pause Roots ObjectSynchronizer                0.000 / 0.000         0.000 / 0.000         0.000 / 0.000         0.000 / 0.000       ms
[2021-02-07T18:30:04.806+0300][80.046s][info][gc,stats    ]    Subphase: Pause Roots Setup                             0.000 / 0.000         0.000 / 0.001         0.000 / 0.001         0.000 / 0.001       ms
[2021-02-07T18:30:04.806+0300][80.046s][info][gc,stats    ]    Subphase: Pause Roots Teardown                          0.000 / 0.000         0.001 / 0.001         0.001 / 0.001         0.001 / 0.001       ms
[2021-02-07T18:30:04.806+0300][80.046s][info][gc,stats    ]    Subphase: Pause Roots Universe                          0.000 / 0.000         0.002 / 0.027         0.002 / 0.027         0.002 / 0.027       ms
[2021-02-07T18:30:04.806+0300][80.046s][info][gc,stats    ]    Subphase: Pause Roots VM Thread                         0.000 / 0.000         0.001 / 0.001         0.001 / 0.001         0.001 / 0.001       ms
[2021-02-07T18:30:04.806+0300][80.046s][info][gc,stats    ]    Subphase: Pause Weak Roots                              0.000 / 0.000         0.002 / 0.014         0.002 / 0.014         0.002 / 0.014       ms
[2021-02-07T18:30:04.806+0300][80.046s][info][gc,stats    ]    Subphase: Pause Weak Roots JFRWeak                      0.000 / 0.000         0.001 / 0.013         0.001 / 0.013         0.001 / 0.013       ms
[2021-02-07T18:30:04.806+0300][80.046s][info][gc,stats    ]    Subphase: Pause Weak Roots JVMTIWeakExport              0.000 / 0.000         0.002 / 0.013         0.002 / 0.013         0.002 / 0.013       ms
[2021-02-07T18:30:04.806+0300][80.046s][info][gc,stats    ]    Subphase: Pause Weak Roots Setup                        0.000 / 0.000         0.000 / 0.000         0.000 / 0.000         0.000 / 0.000       ms
[2021-02-07T18:30:04.806+0300][80.046s][info][gc,stats    ]    Subphase: Pause Weak Roots Teardown                     0.000 / 0.000         0.000 / 0.000         0.000 / 0.000         0.000 / 0.000       ms
[2021-02-07T18:30:04.806+0300][80.046s][info][gc,stats    ]      System: Java Threads                                      0 / 0                11 / 12               11 / 12               11 / 12          threads
[2021-02-07T18:30:04.806+0300][80.046s][info][gc,stats    ] =========================================================================================================================================================
[2021-02-07T18:30:06.414+0300][81.654s][info][gc,start    ] GC(13) Garbage Collection (Proactive)
[2021-02-07T18:30:06.414+0300][81.654s][info][gc,phases   ] GC(13) Pause Mark Start 0.463ms
[2021-02-07T18:30:06.583+0300][81.823s][info][gc,phases   ] GC(13) Concurrent Mark 168.972ms
[2021-02-07T18:30:06.584+0300][81.824s][info][gc,phases   ] GC(13) Pause Mark End 0.196ms
[2021-02-07T18:30:06.586+0300][81.827s][info][gc,phases   ] GC(13) Concurrent Process Non-Strong References 2.219ms
[2021-02-07T18:30:06.587+0300][81.827s][info][gc,phases   ] GC(13) Concurrent Reset Relocation Set 0.614ms
[2021-02-07T18:30:06.591+0300][81.831s][info][gc,phases   ] GC(13) Concurrent Select Relocation Set 4.175ms
[2021-02-07T18:30:06.592+0300][81.832s][info][gc,phases   ] GC(13) Pause Relocate Start 0.172ms
[2021-02-07T18:30:06.610+0300][81.850s][info][gc,phases   ] GC(13) Concurrent Relocate 17.555ms
[2021-02-07T18:30:06.610+0300][81.850s][info][gc,load     ] GC(13) Load: 0.00/0.00/0.00
[2021-02-07T18:30:06.610+0300][81.850s][info][gc,mmu      ] GC(13) MMU: 2ms/76.9%, 5ms/90.7%, 10ms/95.3%, 20ms/97.7%, 50ms/98.9%, 100ms/99.0%
[2021-02-07T18:30:06.610+0300][81.850s][info][gc,marking  ] GC(13) Mark: 1 stripe(s), 2 proactive flush(es), 1 terminate flush(es), 1 completion(s), 0 continuation(s)
[2021-02-07T18:30:06.610+0300][81.850s][info][gc,nmethod  ] GC(13) NMethods: 1226 registered, 0 unregistered
[2021-02-07T18:30:06.610+0300][81.850s][info][gc,metaspace] GC(13) Metaspace: 6M used, 6M capacity, 7M committed, 1032M reserved
[2021-02-07T18:30:06.610+0300][81.850s][info][gc,ref      ] GC(13) Soft: 641 encountered, 0 discovered, 0 enqueued
[2021-02-07T18:30:06.610+0300][81.850s][info][gc,ref      ] GC(13) Weak: 1136 encountered, 705 discovered, 67 enqueued
[2021-02-07T18:30:06.610+0300][81.850s][info][gc,ref      ] GC(13) Final: 0 encountered, 0 discovered, 0 enqueued
[2021-02-07T18:30:06.610+0300][81.850s][info][gc,ref      ] GC(13) Phantom: 82 encountered, 81 discovered, 75 enqueued
[2021-02-07T18:30:06.610+0300][81.850s][info][gc,reloc    ] GC(13) Small Pages: 58 / 116M(89%), Empty: 0M(0%), Compacting: 32M(25%)->14M(11%)
[2021-02-07T18:30:06.610+0300][81.850s][info][gc,reloc    ] GC(13) Medium Pages: 0 / 0M(0%), Empty: 0M(0%), Compacting: 0M(0%)->0M(0%)
[2021-02-07T18:30:06.610+0300][81.850s][info][gc,reloc    ] GC(13) Large Pages: 2 / 14M(11%), Empty: 0M(0%), Compacting: 0M(0%)->0M(0%)
[2021-02-07T18:30:06.610+0300][81.850s][info][gc,reloc    ] GC(13) Relocation: Successful
[2021-02-07T18:30:06.610+0300][81.850s][info][gc,heap     ] GC(13) Min Capacity: 256M(100%)
[2021-02-07T18:30:06.610+0300][81.850s][info][gc,heap     ] GC(13) Max Capacity: 256M(100%)
[2021-02-07T18:30:06.610+0300][81.850s][info][gc,heap     ] GC(13) Soft Max Capacity: 256M(100%)
[2021-02-07T18:30:06.610+0300][81.850s][info][gc,heap     ] GC(13)                Mark Start          Mark End        Relocate Start      Relocate End           High               Low
[2021-02-07T18:30:06.610+0300][81.850s][info][gc,heap     ] GC(13)  Capacity:      256M (100%)        256M (100%)        256M (100%)        256M (100%)        256M (100%)        256M (100%)
[2021-02-07T18:30:06.610+0300][81.850s][info][gc,heap     ] GC(13)   Reserve:       12M (5%)           12M (5%)           12M (5%)           12M (5%)           12M (5%)           12M (5%)
[2021-02-07T18:30:06.610+0300][81.850s][info][gc,heap     ] GC(13)      Free:      114M (45%)         112M (44%)         112M (44%)         128M (50%)         128M (50%)         108M (42%)
[2021-02-07T18:30:06.610+0300][81.850s][info][gc,heap     ] GC(13)      Used:      130M (51%)         132M (52%)         132M (52%)         116M (45%)         136M (53%)         116M (45%)
[2021-02-07T18:30:06.610+0300][81.850s][info][gc,heap     ] GC(13)      Live:         -               108M (42%)         108M (42%)         108M (42%)            -                  -
[2021-02-07T18:30:06.610+0300][81.850s][info][gc,heap     ] GC(13) Allocated:         -                 2M (1%)            2M (1%)           18M (7%)             -                  -
[2021-02-07T18:30:06.610+0300][81.850s][info][gc,heap     ] GC(13)   Garbage:         -                21M (9%)           21M (9%)            5M (2%)             -                  -
[2021-02-07T18:30:06.610+0300][81.850s][info][gc,heap     ] GC(13) Reclaimed:         -                  -                 0M (0%)           16M (6%)             -                  -
[2021-02-07T18:30:06.610+0300][81.850s][info][gc          ] GC(13) Garbage Collection (Proactive) 130M(51%)->116M(45%)
[2021-02-07T18:30:14.803+0300][90.043s][info][gc,stats    ] === Garbage Collection Statistics =======================================================================================================================
[2021-02-07T18:30:14.803+0300][90.043s][info][gc,stats    ]                                                              Last 10s              Last 10m              Last 10h                Total
[2021-02-07T18:30:14.803+0300][90.043s][info][gc,stats    ]                                                              Avg / Max             Avg / Max             Avg / Max             Avg / Max
[2021-02-07T18:30:14.803+0300][90.043s][info][gc,stats    ]   Collector: Garbage Collection Cycle                    196.020 / 196.020      78.357 / 196.020      78.357 / 196.020      78.357 / 196.020     ms
[2021-02-07T18:30:14.803+0300][90.043s][info][gc,stats    ]  Contention: Mark Segment Reset Contention                     0 / 0                 0 / 0                 0 / 0                 0 / 0           ops/s
[2021-02-07T18:30:14.803+0300][90.043s][info][gc,stats    ]  Contention: Mark SeqNum Reset Contention                      0 / 0                 0 / 0                 0 / 0                 0 / 0           ops/s
[2021-02-07T18:30:14.803+0300][90.043s][info][gc,stats    ]  Contention: Relocation Contention                             0 / 0                 0 / 4                 0 / 4                 0 / 4           ops/s
[2021-02-07T18:30:14.803+0300][90.043s][info][gc,stats    ]    Critical: Allocation Stall                              0.000 / 0.000         0.000 / 0.000         0.000 / 0.000         0.000 / 0.000       ms
[2021-02-07T18:30:14.803+0300][90.043s][info][gc,stats    ]    Critical: Allocation Stall                                  0 / 0                 0 / 0                 0 / 0                 0 / 0           ops/s
[2021-02-07T18:30:14.803+0300][90.043s][info][gc,stats    ]    Critical: GC Locker Stall                               0.000 / 0.000         0.000 / 0.000         0.000 / 0.000         0.000 / 0.000       ms
[2021-02-07T18:30:14.803+0300][90.043s][info][gc,stats    ]    Critical: GC Locker Stall                                   0 / 0                 0 / 0                 0 / 0                 0 / 0           ops/s
[2021-02-07T18:30:14.803+0300][90.043s][info][gc,stats    ]      Memory: Allocation Rate                                   3 / 32                5 / 304               5 / 304               5 / 304         MB/s
[2021-02-07T18:30:14.803+0300][90.043s][info][gc,stats    ]      Memory: Heap Used After Mark                            132 / 132              55 / 132              55 / 132              55 / 132         MB
[2021-02-07T18:30:14.803+0300][90.043s][info][gc,stats    ]      Memory: Heap Used After Relocation                      116 / 116              48 / 116              48 / 116              48 / 116         MB
[2021-02-07T18:30:14.803+0300][90.043s][info][gc,stats    ]      Memory: Heap Used Before Mark                           130 / 130              55 / 130              55 / 130              55 / 130         MB
[2021-02-07T18:30:14.803+0300][90.043s][info][gc,stats    ]      Memory: Heap Used Before Relocation                     132 / 132              54 / 132              54 / 132              54 / 132         MB
[2021-02-07T18:30:14.803+0300][90.043s][info][gc,stats    ]      Memory: Out Of Memory                                     0 / 0                 0 / 0                 0 / 0                 0 / 0           ops/s
[2021-02-07T18:30:14.803+0300][90.043s][info][gc,stats    ]      Memory: Page Cache Flush                                  0 / 0                 0 / 0                 0 / 0                 0 / 0           MB/s
[2021-02-07T18:30:14.803+0300][90.043s][info][gc,stats    ]      Memory: Page Cache Hit L1                                 1 / 13                1 / 21                1 / 21                1 / 21          ops/s
[2021-02-07T18:30:14.803+0300][90.043s][info][gc,stats    ]      Memory: Page Cache Hit L2                                 0 / 0                 0 / 0                 0 / 0                 0 / 0           ops/s
[2021-02-07T18:30:14.803+0300][90.043s][info][gc,stats    ]      Memory: Page Cache Hit L3                                 0 / 5                 0 / 16                0 / 16                0 / 16          ops/s
[2021-02-07T18:30:14.803+0300][90.043s][info][gc,stats    ]      Memory: Page Cache Miss                                   0 / 0                 0 / 0                 0 / 0                 0 / 0           ops/s
[2021-02-07T18:30:14.803+0300][90.043s][info][gc,stats    ]      Memory: Uncommit                                          0 / 0                 0 / 0                 0 / 0                 0 / 0           MB/s
[2021-02-07T18:30:14.803+0300][90.043s][info][gc,stats    ]      Memory: Undo Object Allocation Failed                     0 / 0                 0 / 0                 0 / 0                 0 / 0           ops/s
[2021-02-07T18:30:14.803+0300][90.043s][info][gc,stats    ]      Memory: Undo Object Allocation Succeeded                  0 / 0                 0 / 4                 0 / 4                 0 / 4           ops/s
[2021-02-07T18:30:14.803+0300][90.043s][info][gc,stats    ]      Memory: Undo Page Allocation                              0 / 0                 0 / 0                 0 / 0                 0 / 0           ops/s
[2021-02-07T18:30:14.803+0300][90.043s][info][gc,stats    ]       Phase: Concurrent Mark                             168.972 / 168.972      65.616 / 168.972      65.616 / 168.972      65.616 / 168.972     ms
[2021-02-07T18:30:14.803+0300][90.043s][info][gc,stats    ]       Phase: Concurrent Mark Continue                      0.000 / 0.000         0.000 / 0.000         0.000 / 0.000         0.000 / 0.000       ms
[2021-02-07T18:30:14.803+0300][90.043s][info][gc,stats    ]       Phase: Concurrent Process Non-Strong References      2.219 / 2.219         1.146 / 2.219         1.146 / 2.219         1.146 / 2.219       ms
[2021-02-07T18:30:14.803+0300][90.043s][info][gc,stats    ]       Phase: Concurrent Relocate                          17.555 / 17.555        6.847 / 18.095        6.847 / 18.095        6.847 / 18.095      ms
[2021-02-07T18:30:14.803+0300][90.043s][info][gc,stats    ]       Phase: Concurrent Reset Relocation Set               0.614 / 0.614         0.203 / 0.618         0.203 / 0.618         0.203 / 0.618       ms
[2021-02-07T18:30:14.803+0300][90.043s][info][gc,stats    ]       Phase: Concurrent Select Relocation Set              4.175 / 4.175         2.885 / 7.297         2.885 / 7.297         2.885 / 7.297       ms
[2021-02-07T18:30:14.803+0300][90.043s][info][gc,stats    ]       Phase: Pause Mark End                                0.196 / 0.196         0.278 / 0.367         0.278 / 0.367         0.278 / 0.367       ms
[2021-02-07T18:30:14.803+0300][90.043s][info][gc,stats    ]       Phase: Pause Mark Start                              0.463 / 0.463         0.107 / 0.463         0.107 / 0.463         0.107 / 0.463       ms
[2021-02-07T18:30:14.803+0300][90.043s][info][gc,stats    ]       Phase: Pause Relocate Start                          0.172 / 0.172         0.119 / 0.172         0.119 / 0.172         0.119 / 0.172       ms
[2021-02-07T18:30:14.803+0300][90.043s][info][gc,stats    ]    Subphase: Concurrent Classes Purge                      0.131 / 0.131         0.092 / 0.131         0.092 / 0.131         0.092 / 0.131       ms
[2021-02-07T18:30:14.803+0300][90.043s][info][gc,stats    ]    Subphase: Concurrent Classes Unlink                     1.129 / 1.129         0.581 / 1.129         0.581 / 1.129         0.581 / 1.129       ms
[2021-02-07T18:30:14.803+0300][90.043s][info][gc,stats    ]    Subphase: Concurrent Mark                             168.794 / 168.794      65.422 / 168.794      65.422 / 168.794      65.422 / 168.794     ms
[2021-02-07T18:30:14.803+0300][90.043s][info][gc,stats    ]    Subphase: Concurrent Mark Idle                          0.000 / 0.000         0.000 / 0.000         0.000 / 0.000         0.000 / 0.000       ms
[2021-02-07T18:30:14.803+0300][90.043s][info][gc,stats    ]    Subphase: Concurrent Mark Try Flush                     0.375 / 0.400         0.186 / 0.438         0.186 / 0.438         0.186 / 0.438       ms
[2021-02-07T18:30:14.803+0300][90.043s][info][gc,stats    ]    Subphase: Concurrent Mark Try Terminate                 0.198 / 0.396         0.089 / 0.396         0.089 / 0.396         0.089 / 0.396       ms
[2021-02-07T18:30:14.803+0300][90.043s][info][gc,stats    ]    Subphase: Concurrent References Enqueue                 0.004 / 0.004         0.001 / 0.004         0.001 / 0.004         0.001 / 0.004       ms
[2021-02-07T18:30:14.803+0300][90.043s][info][gc,stats    ]    Subphase: Concurrent References Process                 0.114 / 0.114         0.099 / 0.114         0.099 / 0.114         0.099 / 0.114       ms
[2021-02-07T18:30:14.803+0300][90.043s][info][gc,stats    ]    Subphase: Concurrent Roots                              0.057 / 0.057         0.051 / 0.114         0.051 / 0.114         0.051 / 0.114       ms
[2021-02-07T18:30:14.803+0300][90.043s][info][gc,stats    ]    Subphase: Concurrent Roots ClassLoaderDataGraph         0.050 / 0.050         0.046 / 0.107         0.046 / 0.107         0.046 / 0.107       ms
[2021-02-07T18:30:14.803+0300][90.043s][info][gc,stats    ]    Subphase: Concurrent Roots JNIHandles                   0.004 / 0.004         0.002 / 0.004         0.002 / 0.004         0.002 / 0.004       ms
[2021-02-07T18:30:14.803+0300][90.043s][info][gc,stats    ]    Subphase: Concurrent Roots Setup                        0.009 / 0.009         0.004 / 0.009         0.004 / 0.009         0.004 / 0.009       ms
[2021-02-07T18:30:14.803+0300][90.043s][info][gc,stats    ]    Subphase: Concurrent Roots Teardown                     0.000 / 0.000         0.000 / 0.000         0.000 / 0.000         0.000 / 0.000       ms
[2021-02-07T18:30:14.803+0300][90.043s][info][gc,stats    ]    Subphase: Concurrent Roots VMHandles                    0.003 / 0.003         0.002 / 0.003         0.002 / 0.003         0.002 / 0.003       ms
[2021-02-07T18:30:14.803+0300][90.043s][info][gc,stats    ]    Subphase: Concurrent Weak Roots                         0.220 / 0.220         0.116 / 0.220         0.116 / 0.220         0.116 / 0.220       ms
[2021-02-07T18:30:14.803+0300][90.043s][info][gc,stats    ]    Subphase: Concurrent Weak Roots JNIWeakHandles          0.000 / 0.000         0.000 / 0.000         0.000 / 0.000         0.000 / 0.000       ms
[2021-02-07T18:30:14.803+0300][90.043s][info][gc,stats    ]    Subphase: Concurrent Weak Roots ResolvedMethodTable     0.023 / 0.023         0.014 / 0.028         0.014 / 0.028         0.014 / 0.028       ms
[2021-02-07T18:30:14.803+0300][90.043s][info][gc,stats    ]    Subphase: Concurrent Weak Roots StringTable             0.188 / 0.188         0.098 / 0.188         0.098 / 0.188         0.098 / 0.188       ms
[2021-02-07T18:30:14.803+0300][90.043s][info][gc,stats    ]    Subphase: Concurrent Weak Roots VMWeakHandles           0.009 / 0.009         0.003 / 0.009         0.003 / 0.009         0.003 / 0.009       ms
[2021-02-07T18:30:14.803+0300][90.043s][info][gc,stats    ]    Subphase: Pause Mark Try Complete                       0.026 / 0.026         0.103 / 0.189         0.103 / 0.189         0.103 / 0.189       ms
[2021-02-07T18:30:14.803+0300][90.043s][info][gc,stats    ]    Subphase: Pause Roots                                   0.234 / 0.408         0.042 / 0.408         0.042 / 0.408         0.042 / 0.408       ms
[2021-02-07T18:30:14.803+0300][90.043s][info][gc,stats    ]    Subphase: Pause Roots CodeCache                         0.000 / 0.000         0.000 / 0.000         0.000 / 0.000         0.000 / 0.000       ms
[2021-02-07T18:30:14.803+0300][90.043s][info][gc,stats    ]    Subphase: Pause Roots JVMTIExport                       0.000 / 0.000         0.000 / 0.002         0.000 / 0.002         0.000 / 0.002       ms
[2021-02-07T18:30:14.803+0300][90.043s][info][gc,stats    ]    Subphase: Pause Roots JVMTIWeakExport                   0.001 / 0.001         0.000 / 0.001         0.000 / 0.001         0.000 / 0.001       ms
[2021-02-07T18:30:14.803+0300][90.043s][info][gc,stats    ]    Subphase: Pause Roots Java Threads                      0.224 / 0.404         0.036 / 0.404         0.036 / 0.404         0.036 / 0.404       ms
[2021-02-07T18:30:14.803+0300][90.043s][info][gc,stats    ]    Subphase: Pause Roots Management                        0.016 / 0.029         0.009 / 0.033         0.009 / 0.033         0.009 / 0.033       ms
[2021-02-07T18:30:14.803+0300][90.043s][info][gc,stats    ]    Subphase: Pause Roots ObjectSynchronizer                0.000 / 0.001         0.000 / 0.001         0.000 / 0.001         0.000 / 0.001       ms
[2021-02-07T18:30:14.803+0300][90.043s][info][gc,stats    ]    Subphase: Pause Roots Setup                             0.000 / 0.000         0.000 / 0.001         0.000 / 0.001         0.000 / 0.001       ms
[2021-02-07T18:30:14.803+0300][90.043s][info][gc,stats    ]    Subphase: Pause Roots Teardown                          0.001 / 0.001         0.001 / 0.001         0.001 / 0.001         0.001 / 0.001       ms
[2021-02-07T18:30:14.803+0300][90.043s][info][gc,stats    ]    Subphase: Pause Roots Universe                          0.002 / 0.003         0.002 / 0.027         0.002 / 0.027         0.002 / 0.027       ms
[2021-02-07T18:30:14.803+0300][90.043s][info][gc,stats    ]    Subphase: Pause Roots VM Thread                         0.001 / 0.001         0.001 / 0.001         0.001 / 0.001         0.001 / 0.001       ms
[2021-02-07T18:30:14.803+0300][90.043s][info][gc,stats    ]    Subphase: Pause Weak Roots                              0.001 / 0.001         0.002 / 0.014         0.002 / 0.014         0.002 / 0.014       ms
[2021-02-07T18:30:14.803+0300][90.043s][info][gc,stats    ]    Subphase: Pause Weak Roots JFRWeak                      0.000 / 0.000         0.001 / 0.013         0.001 / 0.013         0.001 / 0.013       ms
[2021-02-07T18:30:14.803+0300][90.043s][info][gc,stats    ]    Subphase: Pause Weak Roots JVMTIWeakExport              0.000 / 0.000         0.002 / 0.013         0.002 / 0.013         0.002 / 0.013       ms
[2021-02-07T18:30:14.803+0300][90.043s][info][gc,stats    ]    Subphase: Pause Weak Roots Setup                        0.000 / 0.000         0.000 / 0.000         0.000 / 0.000         0.000 / 0.000       ms
[2021-02-07T18:30:14.803+0300][90.043s][info][gc,stats    ]    Subphase: Pause Weak Roots Teardown                     0.000 / 0.000         0.000 / 0.000         0.000 / 0.000         0.000 / 0.000       ms
[2021-02-07T18:30:14.803+0300][90.043s][info][gc,stats    ]      System: Java Threads                                     16 / 16               11 / 16               11 / 16               11 / 16          threads
[2021-02-07T18:30:14.804+0300][90.043s][info][gc,stats    ] =========================================================================================================================================================
[2021-02-07T18:30:24.803+0300][100.043s][info][gc,stats    ] === Garbage Collection Statistics =======================================================================================================================
[2021-02-07T18:30:24.803+0300][100.043s][info][gc,stats    ]                                                              Last 10s              Last 10m              Last 10h                Total
[2021-02-07T18:30:24.803+0300][100.043s][info][gc,stats    ]                                                              Avg / Max             Avg / Max             Avg / Max             Avg / Max
[2021-02-07T18:30:24.803+0300][100.043s][info][gc,stats    ]   Collector: Garbage Collection Cycle                      0.000 / 0.000        78.357 / 196.020      78.357 / 196.020      78.357 / 196.020     ms
[2021-02-07T18:30:24.803+0300][100.043s][info][gc,stats    ]  Contention: Mark Segment Reset Contention                     0 / 0                 0 / 0                 0 / 0                 0 / 0           ops/s
[2021-02-07T18:30:24.803+0300][100.043s][info][gc,stats    ]  Contention: Mark SeqNum Reset Contention                      0 / 0                 0 / 0                 0 / 0                 0 / 0           ops/s
[2021-02-07T18:30:24.803+0300][100.043s][info][gc,stats    ]  Contention: Relocation Contention                             0 / 0                 0 / 4                 0 / 4                 0 / 4           ops/s
[2021-02-07T18:30:24.803+0300][100.043s][info][gc,stats    ]    Critical: Allocation Stall                              0.000 / 0.000         0.000 / 0.000         0.000 / 0.000         0.000 / 0.000       ms
[2021-02-07T18:30:24.803+0300][100.043s][info][gc,stats    ]    Critical: Allocation Stall                                  0 / 0                 0 / 0                 0 / 0                 0 / 0           ops/s
[2021-02-07T18:30:24.803+0300][100.043s][info][gc,stats    ]    Critical: GC Locker Stall                               0.000 / 0.000         0.000 / 0.000         0.000 / 0.000         0.000 / 0.000       ms
[2021-02-07T18:30:24.803+0300][100.043s][info][gc,stats    ]    Critical: GC Locker Stall                                   0 / 0                 0 / 0                 0 / 0                 0 / 0           ops/s
[2021-02-07T18:30:24.803+0300][100.043s][info][gc,stats    ]      Memory: Allocation Rate                                   1 / 16                5 / 304               5 / 304               5 / 304         MB/s
[2021-02-07T18:30:24.803+0300][100.043s][info][gc,stats    ]      Memory: Heap Used After Mark                              0 / 0                55 / 132              55 / 132              55 / 132         MB
[2021-02-07T18:30:24.803+0300][100.043s][info][gc,stats    ]      Memory: Heap Used After Relocation                        0 / 0                48 / 116              48 / 116              48 / 116         MB
[2021-02-07T18:30:24.803+0300][100.043s][info][gc,stats    ]      Memory: Heap Used Before Mark                             0 / 0                55 / 130              55 / 130              55 / 130         MB
[2021-02-07T18:30:24.803+0300][100.043s][info][gc,stats    ]      Memory: Heap Used Before Relocation                       0 / 0                54 / 132              54 / 132              54 / 132         MB
[2021-02-07T18:30:24.803+0300][100.043s][info][gc,stats    ]      Memory: Out Of Memory                                     0 / 0                 0 / 0                 0 / 0                 0 / 0           ops/s
[2021-02-07T18:30:24.803+0300][100.043s][info][gc,stats    ]      Memory: Page Cache Flush                                  0 / 0                 0 / 0                 0 / 0                 0 / 0           MB/s
[2021-02-07T18:30:24.803+0300][100.043s][info][gc,stats    ]      Memory: Page Cache Hit L1                                 0 / 8                 1 / 21                1 / 21                1 / 21          ops/s
[2021-02-07T18:30:24.803+0300][100.043s][info][gc,stats    ]      Memory: Page Cache Hit L2                                 0 / 0                 0 / 0                 0 / 0                 0 / 0           ops/s
[2021-02-07T18:30:24.803+0300][100.043s][info][gc,stats    ]      Memory: Page Cache Hit L3                                 0 / 0                 0 / 16                0 / 16                0 / 16          ops/s
[2021-02-07T18:30:24.803+0300][100.043s][info][gc,stats    ]      Memory: Page Cache Miss                                   0 / 0                 0 / 0                 0 / 0                 0 / 0           ops/s
[2021-02-07T18:30:24.803+0300][100.043s][info][gc,stats    ]      Memory: Uncommit                                          0 / 0                 0 / 0                 0 / 0                 0 / 0           MB/s
[2021-02-07T18:30:24.803+0300][100.043s][info][gc,stats    ]      Memory: Undo Object Allocation Failed                     0 / 0                 0 / 0                 0 / 0                 0 / 0           ops/s
[2021-02-07T18:30:24.803+0300][100.043s][info][gc,stats    ]      Memory: Undo Object Allocation Succeeded                  0 / 0                 0 / 4                 0 / 4                 0 / 4           ops/s
[2021-02-07T18:30:24.803+0300][100.043s][info][gc,stats    ]      Memory: Undo Page Allocation                              0 / 0                 0 / 0                 0 / 0                 0 / 0           ops/s
[2021-02-07T18:30:24.803+0300][100.043s][info][gc,stats    ]       Phase: Concurrent Mark                               0.000 / 0.000        65.616 / 168.972      65.616 / 168.972      65.616 / 168.972     ms
[2021-02-07T18:30:24.803+0300][100.043s][info][gc,stats    ]       Phase: Concurrent Mark Continue                      0.000 / 0.000         0.000 / 0.000         0.000 / 0.000         0.000 / 0.000       ms
[2021-02-07T18:30:24.803+0300][100.043s][info][gc,stats    ]       Phase: Concurrent Process Non-Strong References      0.000 / 0.000         1.146 / 2.219         1.146 / 2.219         1.146 / 2.219       ms
[2021-02-07T18:30:24.803+0300][100.043s][info][gc,stats    ]       Phase: Concurrent Relocate                           0.000 / 0.000         6.847 / 18.095        6.847 / 18.095        6.847 / 18.095      ms
[2021-02-07T18:30:24.803+0300][100.043s][info][gc,stats    ]       Phase: Concurrent Reset Relocation Set               0.000 / 0.000         0.203 / 0.618         0.203 / 0.618         0.203 / 0.618       ms
[2021-02-07T18:30:24.803+0300][100.043s][info][gc,stats    ]       Phase: Concurrent Select Relocation Set              0.000 / 0.000         2.885 / 7.297         2.885 / 7.297         2.885 / 7.297       ms
[2021-02-07T18:30:24.803+0300][100.043s][info][gc,stats    ]       Phase: Pause Mark End                                0.000 / 0.000         0.278 / 0.367         0.278 / 0.367         0.278 / 0.367       ms
[2021-02-07T18:30:24.803+0300][100.043s][info][gc,stats    ]       Phase: Pause Mark Start                              0.000 / 0.000         0.107 / 0.463         0.107 / 0.463         0.107 / 0.463       ms
[2021-02-07T18:30:24.803+0300][100.043s][info][gc,stats    ]       Phase: Pause Relocate Start                          0.000 / 0.000         0.119 / 0.172         0.119 / 0.172         0.119 / 0.172       ms
[2021-02-07T18:30:24.803+0300][100.043s][info][gc,stats    ]    Subphase: Concurrent Classes Purge                      0.000 / 0.000         0.092 / 0.131         0.092 / 0.131         0.092 / 0.131       ms
[2021-02-07T18:30:24.803+0300][100.043s][info][gc,stats    ]    Subphase: Concurrent Classes Unlink                     0.000 / 0.000         0.581 / 1.129         0.581 / 1.129         0.581 / 1.129       ms
[2021-02-07T18:30:24.803+0300][100.043s][info][gc,stats    ]    Subphase: Concurrent Mark                               0.000 / 0.000        65.422 / 168.794      65.422 / 168.794      65.422 / 168.794     ms
[2021-02-07T18:30:24.803+0300][100.043s][info][gc,stats    ]    Subphase: Concurrent Mark Idle                          0.000 / 0.000         0.000 / 0.000         0.000 / 0.000         0.000 / 0.000       ms
[2021-02-07T18:30:24.803+0300][100.043s][info][gc,stats    ]    Subphase: Concurrent Mark Try Flush                     0.000 / 0.000         0.186 / 0.438         0.186 / 0.438         0.186 / 0.438       ms
[2021-02-07T18:30:24.803+0300][100.044s][info][gc,stats    ]    Subphase: Concurrent Mark Try Terminate                 0.000 / 0.000         0.089 / 0.396         0.089 / 0.396         0.089 / 0.396       ms
[2021-02-07T18:30:24.803+0300][100.044s][info][gc,stats    ]    Subphase: Concurrent References Enqueue                 0.000 / 0.000         0.001 / 0.004         0.001 / 0.004         0.001 / 0.004       ms
[2021-02-07T18:30:24.803+0300][100.044s][info][gc,stats    ]    Subphase: Concurrent References Process                 0.000 / 0.000         0.099 / 0.114         0.099 / 0.114         0.099 / 0.114       ms
[2021-02-07T18:30:24.803+0300][100.044s][info][gc,stats    ]    Subphase: Concurrent Roots                              0.000 / 0.000         0.051 / 0.114         0.051 / 0.114         0.051 / 0.114       ms
[2021-02-07T18:30:24.803+0300][100.044s][info][gc,stats    ]    Subphase: Concurrent Roots ClassLoaderDataGraph         0.000 / 0.000         0.046 / 0.107         0.046 / 0.107         0.046 / 0.107       ms
[2021-02-07T18:30:24.803+0300][100.044s][info][gc,stats    ]    Subphase: Concurrent Roots JNIHandles                   0.000 / 0.000         0.002 / 0.004         0.002 / 0.004         0.002 / 0.004       ms
[2021-02-07T18:30:24.803+0300][100.044s][info][gc,stats    ]    Subphase: Concurrent Roots Setup                        0.000 / 0.000         0.004 / 0.009         0.004 / 0.009         0.004 / 0.009       ms
[2021-02-07T18:30:24.803+0300][100.044s][info][gc,stats    ]    Subphase: Concurrent Roots Teardown                     0.000 / 0.000         0.000 / 0.000         0.000 / 0.000         0.000 / 0.000       ms
[2021-02-07T18:30:24.803+0300][100.044s][info][gc,stats    ]    Subphase: Concurrent Roots VMHandles                    0.000 / 0.000         0.002 / 0.003         0.002 / 0.003         0.002 / 0.003       ms
[2021-02-07T18:30:24.803+0300][100.044s][info][gc,stats    ]    Subphase: Concurrent Weak Roots                         0.000 / 0.000         0.116 / 0.220         0.116 / 0.220         0.116 / 0.220       ms
[2021-02-07T18:30:24.803+0300][100.044s][info][gc,stats    ]    Subphase: Concurrent Weak Roots JNIWeakHandles          0.000 / 0.000         0.000 / 0.000         0.000 / 0.000         0.000 / 0.000       ms
[2021-02-07T18:30:24.803+0300][100.044s][info][gc,stats    ]    Subphase: Concurrent Weak Roots ResolvedMethodTable     0.000 / 0.000         0.014 / 0.028         0.014 / 0.028         0.014 / 0.028       ms
[2021-02-07T18:30:24.803+0300][100.044s][info][gc,stats    ]    Subphase: Concurrent Weak Roots StringTable             0.000 / 0.000         0.098 / 0.188         0.098 / 0.188         0.098 / 0.188       ms
[2021-02-07T18:30:24.803+0300][100.044s][info][gc,stats    ]    Subphase: Concurrent Weak Roots VMWeakHandles           0.000 / 0.000         0.003 / 0.009         0.003 / 0.009         0.003 / 0.009       ms
[2021-02-07T18:30:24.803+0300][100.044s][info][gc,stats    ]    Subphase: Pause Mark Try Complete                       0.000 / 0.000         0.103 / 0.189         0.103 / 0.189         0.103 / 0.189       ms
[2021-02-07T18:30:24.803+0300][100.044s][info][gc,stats    ]    Subphase: Pause Roots                                   0.000 / 0.000         0.042 / 0.408         0.042 / 0.408         0.042 / 0.408       ms
[2021-02-07T18:30:24.803+0300][100.044s][info][gc,stats    ]    Subphase: Pause Roots CodeCache                         0.000 / 0.000         0.000 / 0.000         0.000 / 0.000         0.000 / 0.000       ms
[2021-02-07T18:30:24.803+0300][100.044s][info][gc,stats    ]    Subphase: Pause Roots JVMTIExport                       0.000 / 0.000         0.000 / 0.002         0.000 / 0.002         0.000 / 0.002       ms
[2021-02-07T18:30:24.803+0300][100.044s][info][gc,stats    ]    Subphase: Pause Roots JVMTIWeakExport                   0.000 / 0.000         0.000 / 0.001         0.000 / 0.001         0.000 / 0.001       ms
[2021-02-07T18:30:24.803+0300][100.044s][info][gc,stats    ]    Subphase: Pause Roots Java Threads                      0.000 / 0.000         0.036 / 0.404         0.036 / 0.404         0.036 / 0.404       ms
[2021-02-07T18:30:24.803+0300][100.044s][info][gc,stats    ]    Subphase: Pause Roots Management                        0.000 / 0.000         0.009 / 0.033         0.009 / 0.033         0.009 / 0.033       ms
[2021-02-07T18:30:24.803+0300][100.044s][info][gc,stats    ]    Subphase: Pause Roots ObjectSynchronizer                0.000 / 0.000         0.000 / 0.001         0.000 / 0.001         0.000 / 0.001       ms
[2021-02-07T18:30:24.803+0300][100.044s][info][gc,stats    ]    Subphase: Pause Roots Setup                             0.000 / 0.000         0.000 / 0.001         0.000 / 0.001         0.000 / 0.001       ms
[2021-02-07T18:30:24.803+0300][100.044s][info][gc,stats    ]    Subphase: Pause Roots Teardown                          0.000 / 0.000         0.001 / 0.001         0.001 / 0.001         0.001 / 0.001       ms
[2021-02-07T18:30:24.803+0300][100.044s][info][gc,stats    ]    Subphase: Pause Roots Universe                          0.000 / 0.000         0.002 / 0.027         0.002 / 0.027         0.002 / 0.027       ms
[2021-02-07T18:30:24.803+0300][100.044s][info][gc,stats    ]    Subphase: Pause Roots VM Thread                         0.000 / 0.000         0.001 / 0.001         0.001 / 0.001         0.001 / 0.001       ms
[2021-02-07T18:30:24.803+0300][100.044s][info][gc,stats    ]    Subphase: Pause Weak Roots                              0.000 / 0.000         0.002 / 0.014         0.002 / 0.014         0.002 / 0.014       ms
[2021-02-07T18:30:24.803+0300][100.044s][info][gc,stats    ]    Subphase: Pause Weak Roots JFRWeak                      0.000 / 0.000         0.001 / 0.013         0.001 / 0.013         0.001 / 0.013       ms
[2021-02-07T18:30:24.803+0300][100.044s][info][gc,stats    ]    Subphase: Pause Weak Roots JVMTIWeakExport              0.000 / 0.000         0.002 / 0.013         0.002 / 0.013         0.002 / 0.013       ms
[2021-02-07T18:30:24.804+0300][100.044s][info][gc,stats    ]    Subphase: Pause Weak Roots Setup                        0.000 / 0.000         0.000 / 0.000         0.000 / 0.000         0.000 / 0.000       ms
[2021-02-07T18:30:24.804+0300][100.044s][info][gc,stats    ]    Subphase: Pause Weak Roots Teardown                     0.000 / 0.000         0.000 / 0.000         0.000 / 0.000         0.000 / 0.000       ms
[2021-02-07T18:30:24.804+0300][100.044s][info][gc,stats    ]      System: Java Threads                                      0 / 0                11 / 16               11 / 16               11 / 16          threads
[2021-02-07T18:30:24.804+0300][100.044s][info][gc,stats    ] =========================================================================================================================================================
[2021-02-07T18:30:34.803+0300][110.042s][info][gc,stats    ] === Garbage Collection Statistics =======================================================================================================================
[2021-02-07T18:30:34.803+0300][110.042s][info][gc,stats    ]                                                              Last 10s              Last 10m              Last 10h                Total
[2021-02-07T18:30:34.803+0300][110.042s][info][gc,stats    ]                                                              Avg / Max             Avg / Max             Avg / Max             Avg / Max
[2021-02-07T18:30:34.803+0300][110.042s][info][gc,stats    ]   Collector: Garbage Collection Cycle                      0.000 / 0.000        78.357 / 196.020      78.357 / 196.020      78.357 / 196.020     ms
[2021-02-07T18:30:34.803+0300][110.042s][info][gc,stats    ]  Contention: Mark Segment Reset Contention                     0 / 0                 0 / 0                 0 / 0                 0 / 0           ops/s
[2021-02-07T18:30:34.803+0300][110.042s][info][gc,stats    ]  Contention: Mark SeqNum Reset Contention                      0 / 0                 0 / 0                 0 / 0                 0 / 0           ops/s
[2021-02-07T18:30:34.803+0300][110.042s][info][gc,stats    ]  Contention: Relocation Contention                             0 / 0                 0 / 4                 0 / 4                 0 / 4           ops/s
[2021-02-07T18:30:34.803+0300][110.042s][info][gc,stats    ]    Critical: Allocation Stall                              0.000 / 0.000         0.000 / 0.000         0.000 / 0.000         0.000 / 0.000       ms
[2021-02-07T18:30:34.803+0300][110.042s][info][gc,stats    ]    Critical: Allocation Stall                                  0 / 0                 0 / 0                 0 / 0                 0 / 0           ops/s
[2021-02-07T18:30:34.803+0300][110.042s][info][gc,stats    ]    Critical: GC Locker Stall                               0.000 / 0.000         0.000 / 0.000         0.000 / 0.000         0.000 / 0.000       ms
[2021-02-07T18:30:34.803+0300][110.042s][info][gc,stats    ]    Critical: GC Locker Stall                                   0 / 0                 0 / 0                 0 / 0                 0 / 0           ops/s
[2021-02-07T18:30:34.803+0300][110.042s][info][gc,stats    ]      Memory: Allocation Rate                                   0 / 2                 4 / 304               4 / 304               4 / 304         MB/s
[2021-02-07T18:30:34.803+0300][110.042s][info][gc,stats    ]      Memory: Heap Used After Mark                              0 / 0                55 / 132              55 / 132              55 / 132         MB
[2021-02-07T18:30:34.803+0300][110.043s][info][gc,stats    ]      Memory: Heap Used After Relocation                        0 / 0                48 / 116              48 / 116              48 / 116         MB
[2021-02-07T18:30:34.803+0300][110.043s][info][gc,stats    ]      Memory: Heap Used Before Mark                             0 / 0                55 / 130              55 / 130              55 / 130         MB
[2021-02-07T18:30:34.803+0300][110.043s][info][gc,stats    ]      Memory: Heap Used Before Relocation                       0 / 0                54 / 132              54 / 132              54 / 132         MB
[2021-02-07T18:30:34.803+0300][110.043s][info][gc,stats    ]      Memory: Out Of Memory                                     0 / 0                 0 / 0                 0 / 0                 0 / 0           ops/s
[2021-02-07T18:30:34.803+0300][110.043s][info][gc,stats    ]      Memory: Page Cache Flush                                  0 / 0                 0 / 0                 0 / 0                 0 / 0           MB/s
[2021-02-07T18:30:34.803+0300][110.043s][info][gc,stats    ]      Memory: Page Cache Hit L1                                 0 / 1                 0 / 21                0 / 21                0 / 21          ops/s
[2021-02-07T18:30:34.803+0300][110.043s][info][gc,stats    ]      Memory: Page Cache Hit L2                                 0 / 0                 0 / 0                 0 / 0                 0 / 0           ops/s
[2021-02-07T18:30:34.803+0300][110.043s][info][gc,stats    ]      Memory: Page Cache Hit L3                                 0 / 0                 0 / 16                0 / 16                0 / 16          ops/s
[2021-02-07T18:30:34.803+0300][110.043s][info][gc,stats    ]      Memory: Page Cache Miss                                   0 / 0                 0 / 0                 0 / 0                 0 / 0           ops/s
[2021-02-07T18:30:34.803+0300][110.043s][info][gc,stats    ]      Memory: Uncommit                                          0 / 0                 0 / 0                 0 / 0                 0 / 0           MB/s
[2021-02-07T18:30:34.803+0300][110.043s][info][gc,stats    ]      Memory: Undo Object Allocation Failed                     0 / 0                 0 / 0                 0 / 0                 0 / 0           ops/s
[2021-02-07T18:30:34.803+0300][110.043s][info][gc,stats    ]      Memory: Undo Object Allocation Succeeded                  0 / 0                 0 / 4                 0 / 4                 0 / 4           ops/s
[2021-02-07T18:30:34.803+0300][110.043s][info][gc,stats    ]      Memory: Undo Page Allocation                              0 / 0                 0 / 0                 0 / 0                 0 / 0           ops/s
[2021-02-07T18:30:34.803+0300][110.043s][info][gc,stats    ]       Phase: Concurrent Mark                               0.000 / 0.000        65.616 / 168.972      65.616 / 168.972      65.616 / 168.972     ms
[2021-02-07T18:30:34.803+0300][110.043s][info][gc,stats    ]       Phase: Concurrent Mark Continue                      0.000 / 0.000         0.000 / 0.000         0.000 / 0.000         0.000 / 0.000       ms
[2021-02-07T18:30:34.803+0300][110.043s][info][gc,stats    ]       Phase: Concurrent Process Non-Strong References      0.000 / 0.000         1.146 / 2.219         1.146 / 2.219         1.146 / 2.219       ms
[2021-02-07T18:30:34.803+0300][110.043s][info][gc,stats    ]       Phase: Concurrent Relocate                           0.000 / 0.000         6.847 / 18.095        6.847 / 18.095        6.847 / 18.095      ms
[2021-02-07T18:30:34.803+0300][110.043s][info][gc,stats    ]       Phase: Concurrent Reset Relocation Set               0.000 / 0.000         0.203 / 0.618         0.203 / 0.618         0.203 / 0.618       ms
[2021-02-07T18:30:34.803+0300][110.043s][info][gc,stats    ]       Phase: Concurrent Select Relocation Set              0.000 / 0.000         2.885 / 7.297         2.885 / 7.297         2.885 / 7.297       ms
[2021-02-07T18:30:34.803+0300][110.043s][info][gc,stats    ]       Phase: Pause Mark End                                0.000 / 0.000         0.278 / 0.367         0.278 / 0.367         0.278 / 0.367       ms
[2021-02-07T18:30:34.803+0300][110.043s][info][gc,stats    ]       Phase: Pause Mark Start                              0.000 / 0.000         0.107 / 0.463         0.107 / 0.463         0.107 / 0.463       ms
[2021-02-07T18:30:34.803+0300][110.043s][info][gc,stats    ]       Phase: Pause Relocate Start                          0.000 / 0.000         0.119 / 0.172         0.119 / 0.172         0.119 / 0.172       ms
[2021-02-07T18:30:34.803+0300][110.043s][info][gc,stats    ]    Subphase: Concurrent Classes Purge                      0.000 / 0.000         0.092 / 0.131         0.092 / 0.131         0.092 / 0.131       ms
[2021-02-07T18:30:34.803+0300][110.043s][info][gc,stats    ]    Subphase: Concurrent Classes Unlink                     0.000 / 0.000         0.581 / 1.129         0.581 / 1.129         0.581 / 1.129       ms
[2021-02-07T18:30:34.803+0300][110.043s][info][gc,stats    ]    Subphase: Concurrent Mark                               0.000 / 0.000        65.422 / 168.794      65.422 / 168.794      65.422 / 168.794     ms
[2021-02-07T18:30:34.803+0300][110.043s][info][gc,stats    ]    Subphase: Concurrent Mark Idle                          0.000 / 0.000         0.000 / 0.000         0.000 / 0.000         0.000 / 0.000       ms
[2021-02-07T18:30:34.803+0300][110.043s][info][gc,stats    ]    Subphase: Concurrent Mark Try Flush                     0.000 / 0.000         0.186 / 0.438         0.186 / 0.438         0.186 / 0.438       ms
[2021-02-07T18:30:34.803+0300][110.043s][info][gc,stats    ]    Subphase: Concurrent Mark Try Terminate                 0.000 / 0.000         0.089 / 0.396         0.089 / 0.396         0.089 / 0.396       ms
[2021-02-07T18:30:34.803+0300][110.043s][info][gc,stats    ]    Subphase: Concurrent References Enqueue                 0.000 / 0.000         0.001 / 0.004         0.001 / 0.004         0.001 / 0.004       ms
[2021-02-07T18:30:34.803+0300][110.043s][info][gc,stats    ]    Subphase: Concurrent References Process                 0.000 / 0.000         0.099 / 0.114         0.099 / 0.114         0.099 / 0.114       ms
[2021-02-07T18:30:34.803+0300][110.043s][info][gc,stats    ]    Subphase: Concurrent Roots                              0.000 / 0.000         0.051 / 0.114         0.051 / 0.114         0.051 / 0.114       ms
[2021-02-07T18:30:34.803+0300][110.043s][info][gc,stats    ]    Subphase: Concurrent Roots ClassLoaderDataGraph         0.000 / 0.000         0.046 / 0.107         0.046 / 0.107         0.046 / 0.107       ms
[2021-02-07T18:30:34.803+0300][110.043s][info][gc,stats    ]    Subphase: Concurrent Roots JNIHandles                   0.000 / 0.000         0.002 / 0.004         0.002 / 0.004         0.002 / 0.004       ms
[2021-02-07T18:30:34.803+0300][110.043s][info][gc,stats    ]    Subphase: Concurrent Roots Setup                        0.000 / 0.000         0.004 / 0.009         0.004 / 0.009         0.004 / 0.009       ms
[2021-02-07T18:30:34.803+0300][110.043s][info][gc,stats    ]    Subphase: Concurrent Roots Teardown                     0.000 / 0.000         0.000 / 0.000         0.000 / 0.000         0.000 / 0.000       ms
[2021-02-07T18:30:34.803+0300][110.043s][info][gc,stats    ]    Subphase: Concurrent Roots VMHandles                    0.000 / 0.000         0.002 / 0.003         0.002 / 0.003         0.002 / 0.003       ms
[2021-02-07T18:30:34.803+0300][110.043s][info][gc,stats    ]    Subphase: Concurrent Weak Roots                         0.000 / 0.000         0.116 / 0.220         0.116 / 0.220         0.116 / 0.220       ms
[2021-02-07T18:30:34.803+0300][110.043s][info][gc,stats    ]    Subphase: Concurrent Weak Roots JNIWeakHandles          0.000 / 0.000         0.000 / 0.000         0.000 / 0.000         0.000 / 0.000       ms
[2021-02-07T18:30:34.803+0300][110.043s][info][gc,stats    ]    Subphase: Concurrent Weak Roots ResolvedMethodTable     0.000 / 0.000         0.014 / 0.028         0.014 / 0.028         0.014 / 0.028       ms
[2021-02-07T18:30:34.803+0300][110.043s][info][gc,stats    ]    Subphase: Concurrent Weak Roots StringTable             0.000 / 0.000         0.098 / 0.188         0.098 / 0.188         0.098 / 0.188       ms
[2021-02-07T18:30:34.803+0300][110.043s][info][gc,stats    ]    Subphase: Concurrent Weak Roots VMWeakHandles           0.000 / 0.000         0.003 / 0.009         0.003 / 0.009         0.003 / 0.009       ms
[2021-02-07T18:30:34.803+0300][110.043s][info][gc,stats    ]    Subphase: Pause Mark Try Complete                       0.000 / 0.000         0.103 / 0.189         0.103 / 0.189         0.103 / 0.189       ms
[2021-02-07T18:30:34.803+0300][110.043s][info][gc,stats    ]    Subphase: Pause Roots                                   0.000 / 0.000         0.042 / 0.408         0.042 / 0.408         0.042 / 0.408       ms
[2021-02-07T18:30:34.803+0300][110.043s][info][gc,stats    ]    Subphase: Pause Roots CodeCache                         0.000 / 0.000         0.000 / 0.000         0.000 / 0.000         0.000 / 0.000       ms
[2021-02-07T18:30:34.803+0300][110.043s][info][gc,stats    ]    Subphase: Pause Roots JVMTIExport                       0.000 / 0.000         0.000 / 0.002         0.000 / 0.002         0.000 / 0.002       ms
[2021-02-07T18:30:34.803+0300][110.043s][info][gc,stats    ]    Subphase: Pause Roots JVMTIWeakExport                   0.000 / 0.000         0.000 / 0.001         0.000 / 0.001         0.000 / 0.001       ms
[2021-02-07T18:30:34.803+0300][110.043s][info][gc,stats    ]    Subphase: Pause Roots Java Threads                      0.000 / 0.000         0.036 / 0.404         0.036 / 0.404         0.036 / 0.404       ms
[2021-02-07T18:30:34.803+0300][110.043s][info][gc,stats    ]    Subphase: Pause Roots Management                        0.000 / 0.000         0.009 / 0.033         0.009 / 0.033         0.009 / 0.033       ms
[2021-02-07T18:30:34.803+0300][110.043s][info][gc,stats    ]    Subphase: Pause Roots ObjectSynchronizer                0.000 / 0.000         0.000 / 0.001         0.000 / 0.001         0.000 / 0.001       ms
[2021-02-07T18:30:34.803+0300][110.043s][info][gc,stats    ]    Subphase: Pause Roots Setup                             0.000 / 0.000         0.000 / 0.001         0.000 / 0.001         0.000 / 0.001       ms
[2021-02-07T18:30:34.803+0300][110.043s][info][gc,stats    ]    Subphase: Pause Roots Teardown                          0.000 / 0.000         0.001 / 0.001         0.001 / 0.001         0.001 / 0.001       ms
[2021-02-07T18:30:34.803+0300][110.043s][info][gc,stats    ]    Subphase: Pause Roots Universe                          0.000 / 0.000         0.002 / 0.027         0.002 / 0.027         0.002 / 0.027       ms
[2021-02-07T18:30:34.803+0300][110.043s][info][gc,stats    ]    Subphase: Pause Roots VM Thread                         0.000 / 0.000         0.001 / 0.001         0.001 / 0.001         0.001 / 0.001       ms
[2021-02-07T18:30:34.803+0300][110.043s][info][gc,stats    ]    Subphase: Pause Weak Roots                              0.000 / 0.000         0.002 / 0.014         0.002 / 0.014         0.002 / 0.014       ms
[2021-02-07T18:30:34.803+0300][110.043s][info][gc,stats    ]    Subphase: Pause Weak Roots JFRWeak                      0.000 / 0.000         0.001 / 0.013         0.001 / 0.013         0.001 / 0.013       ms
[2021-02-07T18:30:34.804+0300][110.043s][info][gc,stats    ]    Subphase: Pause Weak Roots JVMTIWeakExport              0.000 / 0.000         0.002 / 0.013         0.002 / 0.013         0.002 / 0.013       ms
[2021-02-07T18:30:34.804+0300][110.043s][info][gc,stats    ]    Subphase: Pause Weak Roots Setup                        0.000 / 0.000         0.000 / 0.000         0.000 / 0.000         0.000 / 0.000       ms
[2021-02-07T18:30:34.804+0300][110.043s][info][gc,stats    ]    Subphase: Pause Weak Roots Teardown                     0.000 / 0.000         0.000 / 0.000         0.000 / 0.000         0.000 / 0.000       ms
[2021-02-07T18:30:34.804+0300][110.043s][info][gc,stats    ]      System: Java Threads                                      0 / 0                11 / 16               11 / 16               11 / 16          threads
[2021-02-07T18:30:34.804+0300][110.043s][info][gc,stats    ] =========================================================================================================================================================
[2021-02-07T18:30:44.804+0300][120.044s][info][gc,stats    ] === Garbage Collection Statistics =======================================================================================================================
[2021-02-07T18:30:44.804+0300][120.044s][info][gc,stats    ]                                                              Last 10s              Last 10m              Last 10h                Total
[2021-02-07T18:30:44.804+0300][120.044s][info][gc,stats    ]                                                              Avg / Max             Avg / Max             Avg / Max             Avg / Max
[2021-02-07T18:30:44.804+0300][120.044s][info][gc,stats    ]   Collector: Garbage Collection Cycle                      0.000 / 0.000        78.357 / 196.020      78.357 / 196.020      78.357 / 196.020     ms
[2021-02-07T18:30:44.804+0300][120.044s][info][gc,stats    ]  Contention: Mark Segment Reset Contention                     0 / 0                 0 / 0                 0 / 0                 0 / 0           ops/s
[2021-02-07T18:30:44.804+0300][120.044s][info][gc,stats    ]  Contention: Mark SeqNum Reset Contention                      0 / 0                 0 / 0                 0 / 0                 0 / 0           ops/s
[2021-02-07T18:30:44.804+0300][120.044s][info][gc,stats    ]  Contention: Relocation Contention                             0 / 0                 0 / 4                 0 / 4                 0 / 4           ops/s
[2021-02-07T18:30:44.804+0300][120.044s][info][gc,stats    ]    Critical: Allocation Stall                              0.000 / 0.000         0.000 / 0.000         0.000 / 0.000         0.000 / 0.000       ms
[2021-02-07T18:30:44.804+0300][120.044s][info][gc,stats    ]    Critical: Allocation Stall                                  0 / 0                 0 / 0                 0 / 0                 0 / 0           ops/s
[2021-02-07T18:30:44.804+0300][120.044s][info][gc,stats    ]    Critical: GC Locker Stall                               0.000 / 0.000         0.000 / 0.000         0.000 / 0.000         0.000 / 0.000       ms
[2021-02-07T18:30:44.804+0300][120.044s][info][gc,stats    ]    Critical: GC Locker Stall                                   0 / 0                 0 / 0                 0 / 0                 0 / 0           ops/s
[2021-02-07T18:30:44.804+0300][120.044s][info][gc,stats    ]      Memory: Allocation Rate                                   0 / 2                 4 / 304               4 / 304               4 / 304         MB/s
[2021-02-07T18:30:44.804+0300][120.044s][info][gc,stats    ]      Memory: Heap Used After Mark                              0 / 0                55 / 132              55 / 132              55 / 132         MB
[2021-02-07T18:30:44.804+0300][120.044s][info][gc,stats    ]      Memory: Heap Used After Relocation                        0 / 0                48 / 116              48 / 116              48 / 116         MB
[2021-02-07T18:30:44.804+0300][120.044s][info][gc,stats    ]      Memory: Heap Used Before Mark                             0 / 0                55 / 130              55 / 130              55 / 130         MB
[2021-02-07T18:30:44.804+0300][120.044s][info][gc,stats    ]      Memory: Heap Used Before Relocation                       0 / 0                54 / 132              54 / 132              54 / 132         MB
[2021-02-07T18:30:44.804+0300][120.044s][info][gc,stats    ]      Memory: Out Of Memory                                     0 / 0                 0 / 0                 0 / 0                 0 / 0           ops/s
[2021-02-07T18:30:44.804+0300][120.044s][info][gc,stats    ]      Memory: Page Cache Flush                                  0 / 0                 0 / 0                 0 / 0                 0 / 0           MB/s
[2021-02-07T18:30:44.804+0300][120.044s][info][gc,stats    ]      Memory: Page Cache Hit L1                                 0 / 0                 0 / 21                0 / 21                0 / 21          ops/s
[2021-02-07T18:30:44.804+0300][120.044s][info][gc,stats    ]      Memory: Page Cache Hit L2                                 0 / 0                 0 / 0                 0 / 0                 0 / 0           ops/s
[2021-02-07T18:30:44.804+0300][120.044s][info][gc,stats    ]      Memory: Page Cache Hit L3                                 0 / 1                 0 / 16                0 / 16                0 / 16          ops/s
[2021-02-07T18:30:44.804+0300][120.044s][info][gc,stats    ]      Memory: Page Cache Miss                                   0 / 0                 0 / 0                 0 / 0                 0 / 0           ops/s
[2021-02-07T18:30:44.804+0300][120.044s][info][gc,stats    ]      Memory: Uncommit                                          0 / 0                 0 / 0                 0 / 0                 0 / 0           MB/s
[2021-02-07T18:30:44.804+0300][120.044s][info][gc,stats    ]      Memory: Undo Object Allocation Failed                     0 / 0                 0 / 0                 0 / 0                 0 / 0           ops/s
[2021-02-07T18:30:44.804+0300][120.044s][info][gc,stats    ]      Memory: Undo Object Allocation Succeeded                  0 / 0                 0 / 4                 0 / 4                 0 / 4           ops/s
[2021-02-07T18:30:44.804+0300][120.044s][info][gc,stats    ]      Memory: Undo Page Allocation                              0 / 0                 0 / 0                 0 / 0                 0 / 0           ops/s
[2021-02-07T18:30:44.804+0300][120.044s][info][gc,stats    ]       Phase: Concurrent Mark                               0.000 / 0.000        65.616 / 168.972      65.616 / 168.972      65.616 / 168.972     ms
[2021-02-07T18:30:44.804+0300][120.044s][info][gc,stats    ]       Phase: Concurrent Mark Continue                      0.000 / 0.000         0.000 / 0.000         0.000 / 0.000         0.000 / 0.000       ms
[2021-02-07T18:30:44.804+0300][120.044s][info][gc,stats    ]       Phase: Concurrent Process Non-Strong References      0.000 / 0.000         1.146 / 2.219         1.146 / 2.219         1.146 / 2.219       ms
[2021-02-07T18:30:44.804+0300][120.044s][info][gc,stats    ]       Phase: Concurrent Relocate                           0.000 / 0.000         6.847 / 18.095        6.847 / 18.095        6.847 / 18.095      ms
[2021-02-07T18:30:44.804+0300][120.044s][info][gc,stats    ]       Phase: Concurrent Reset Relocation Set               0.000 / 0.000         0.203 / 0.618         0.203 / 0.618         0.203 / 0.618       ms
[2021-02-07T18:30:44.804+0300][120.044s][info][gc,stats    ]       Phase: Concurrent Select Relocation Set              0.000 / 0.000         2.885 / 7.297         2.885 / 7.297         2.885 / 7.297       ms
[2021-02-07T18:30:44.804+0300][120.044s][info][gc,stats    ]       Phase: Pause Mark End                                0.000 / 0.000         0.278 / 0.367         0.278 / 0.367         0.278 / 0.367       ms
[2021-02-07T18:30:44.804+0300][120.044s][info][gc,stats    ]       Phase: Pause Mark Start                              0.000 / 0.000         0.107 / 0.463         0.107 / 0.463         0.107 / 0.463       ms
[2021-02-07T18:30:44.804+0300][120.044s][info][gc,stats    ]       Phase: Pause Relocate Start                          0.000 / 0.000         0.119 / 0.172         0.119 / 0.172         0.119 / 0.172       ms
[2021-02-07T18:30:44.804+0300][120.044s][info][gc,stats    ]    Subphase: Concurrent Classes Purge                      0.000 / 0.000         0.092 / 0.131         0.092 / 0.131         0.092 / 0.131       ms
[2021-02-07T18:30:44.804+0300][120.044s][info][gc,stats    ]    Subphase: Concurrent Classes Unlink                     0.000 / 0.000         0.581 / 1.129         0.581 / 1.129         0.581 / 1.129       ms
[2021-02-07T18:30:44.804+0300][120.044s][info][gc,stats    ]    Subphase: Concurrent Mark                               0.000 / 0.000        65.422 / 168.794      65.422 / 168.794      65.422 / 168.794     ms
[2021-02-07T18:30:44.804+0300][120.044s][info][gc,stats    ]    Subphase: Concurrent Mark Idle                          0.000 / 0.000         0.000 / 0.000         0.000 / 0.000         0.000 / 0.000       ms
[2021-02-07T18:30:44.804+0300][120.044s][info][gc,stats    ]    Subphase: Concurrent Mark Try Flush                     0.000 / 0.000         0.186 / 0.438         0.186 / 0.438         0.186 / 0.438       ms
[2021-02-07T18:30:44.804+0300][120.044s][info][gc,stats    ]    Subphase: Concurrent Mark Try Terminate                 0.000 / 0.000         0.089 / 0.396         0.089 / 0.396         0.089 / 0.396       ms
[2021-02-07T18:30:44.804+0300][120.044s][info][gc,stats    ]    Subphase: Concurrent References Enqueue                 0.000 / 0.000         0.001 / 0.004         0.001 / 0.004         0.001 / 0.004       ms
[2021-02-07T18:30:44.804+0300][120.044s][info][gc,stats    ]    Subphase: Concurrent References Process                 0.000 / 0.000         0.099 / 0.114         0.099 / 0.114         0.099 / 0.114       ms
[2021-02-07T18:30:44.804+0300][120.044s][info][gc,stats    ]    Subphase: Concurrent Roots                              0.000 / 0.000         0.051 / 0.114         0.051 / 0.114         0.051 / 0.114       ms
[2021-02-07T18:30:44.804+0300][120.044s][info][gc,stats    ]    Subphase: Concurrent Roots ClassLoaderDataGraph         0.000 / 0.000         0.046 / 0.107         0.046 / 0.107         0.046 / 0.107       ms
[2021-02-07T18:30:44.804+0300][120.044s][info][gc,stats    ]    Subphase: Concurrent Roots JNIHandles                   0.000 / 0.000         0.002 / 0.004         0.002 / 0.004         0.002 / 0.004       ms
[2021-02-07T18:30:44.804+0300][120.044s][info][gc,stats    ]    Subphase: Concurrent Roots Setup                        0.000 / 0.000         0.004 / 0.009         0.004 / 0.009         0.004 / 0.009       ms
[2021-02-07T18:30:44.804+0300][120.044s][info][gc,stats    ]    Subphase: Concurrent Roots Teardown                     0.000 / 0.000         0.000 / 0.000         0.000 / 0.000         0.000 / 0.000       ms
[2021-02-07T18:30:44.804+0300][120.044s][info][gc,stats    ]    Subphase: Concurrent Roots VMHandles                    0.000 / 0.000         0.002 / 0.003         0.002 / 0.003         0.002 / 0.003       ms
[2021-02-07T18:30:44.804+0300][120.044s][info][gc,stats    ]    Subphase: Concurrent Weak Roots                         0.000 / 0.000         0.116 / 0.220         0.116 / 0.220         0.116 / 0.220       ms
[2021-02-07T18:30:44.804+0300][120.044s][info][gc,stats    ]    Subphase: Concurrent Weak Roots JNIWeakHandles          0.000 / 0.000         0.000 / 0.000         0.000 / 0.000         0.000 / 0.000       ms
[2021-02-07T18:30:44.804+0300][120.044s][info][gc,stats    ]    Subphase: Concurrent Weak Roots ResolvedMethodTable     0.000 / 0.000         0.014 / 0.028         0.014 / 0.028         0.014 / 0.028       ms
[2021-02-07T18:30:44.804+0300][120.044s][info][gc,stats    ]    Subphase: Concurrent Weak Roots StringTable             0.000 / 0.000         0.098 / 0.188         0.098 / 0.188         0.098 / 0.188       ms
[2021-02-07T18:30:44.804+0300][120.044s][info][gc,stats    ]    Subphase: Concurrent Weak Roots VMWeakHandles           0.000 / 0.000         0.003 / 0.009         0.003 / 0.009         0.003 / 0.009       ms
[2021-02-07T18:30:44.804+0300][120.044s][info][gc,stats    ]    Subphase: Pause Mark Try Complete                       0.000 / 0.000         0.103 / 0.189         0.103 / 0.189         0.103 / 0.189       ms
[2021-02-07T18:30:44.804+0300][120.044s][info][gc,stats    ]    Subphase: Pause Roots                                   0.000 / 0.000         0.042 / 0.408         0.042 / 0.408         0.042 / 0.408       ms
[2021-02-07T18:30:44.804+0300][120.044s][info][gc,stats    ]    Subphase: Pause Roots CodeCache                         0.000 / 0.000         0.000 / 0.000         0.000 / 0.000         0.000 / 0.000       ms
[2021-02-07T18:30:44.804+0300][120.044s][info][gc,stats    ]    Subphase: Pause Roots JVMTIExport                       0.000 / 0.000         0.000 / 0.002         0.000 / 0.002         0.000 / 0.002       ms
[2021-02-07T18:30:44.804+0300][120.044s][info][gc,stats    ]    Subphase: Pause Roots JVMTIWeakExport                   0.000 / 0.000         0.000 / 0.001         0.000 / 0.001         0.000 / 0.001       ms
[2021-02-07T18:30:44.804+0300][120.044s][info][gc,stats    ]    Subphase: Pause Roots Java Threads                      0.000 / 0.000         0.036 / 0.404         0.036 / 0.404         0.036 / 0.404       ms
[2021-02-07T18:30:44.804+0300][120.044s][info][gc,stats    ]    Subphase: Pause Roots Management                        0.000 / 0.000         0.009 / 0.033         0.009 / 0.033         0.009 / 0.033       ms
[2021-02-07T18:30:44.804+0300][120.044s][info][gc,stats    ]    Subphase: Pause Roots ObjectSynchronizer                0.000 / 0.000         0.000 / 0.001         0.000 / 0.001         0.000 / 0.001       ms
[2021-02-07T18:30:44.804+0300][120.044s][info][gc,stats    ]    Subphase: Pause Roots Setup                             0.000 / 0.000         0.000 / 0.001         0.000 / 0.001         0.000 / 0.001       ms
[2021-02-07T18:30:44.804+0300][120.044s][info][gc,stats    ]    Subphase: Pause Roots Teardown                          0.000 / 0.000         0.001 / 0.001         0.001 / 0.001         0.001 / 0.001       ms
[2021-02-07T18:30:44.804+0300][120.045s][info][gc,stats    ]    Subphase: Pause Roots Universe                          0.000 / 0.000         0.002 / 0.027         0.002 / 0.027         0.002 / 0.027       ms
[2021-02-07T18:30:44.804+0300][120.045s][info][gc,stats    ]    Subphase: Pause Roots VM Thread                         0.000 / 0.000         0.001 / 0.001         0.001 / 0.001         0.001 / 0.001       ms
[2021-02-07T18:30:44.804+0300][120.045s][info][gc,stats    ]    Subphase: Pause Weak Roots                              0.000 / 0.000         0.002 / 0.014         0.002 / 0.014         0.002 / 0.014       ms
[2021-02-07T18:30:44.804+0300][120.045s][info][gc,stats    ]    Subphase: Pause Weak Roots JFRWeak                      0.000 / 0.000         0.001 / 0.013         0.001 / 0.013         0.001 / 0.013       ms
[2021-02-07T18:30:44.804+0300][120.045s][info][gc,stats    ]    Subphase: Pause Weak Roots JVMTIWeakExport              0.000 / 0.000         0.002 / 0.013         0.002 / 0.013         0.002 / 0.013       ms
[2021-02-07T18:30:44.804+0300][120.045s][info][gc,stats    ]    Subphase: Pause Weak Roots Setup                        0.000 / 0.000         0.000 / 0.000         0.000 / 0.000         0.000 / 0.000       ms
[2021-02-07T18:30:44.804+0300][120.045s][info][gc,stats    ]    Subphase: Pause Weak Roots Teardown                     0.000 / 0.000         0.000 / 0.000         0.000 / 0.000         0.000 / 0.000       ms
[2021-02-07T18:30:44.804+0300][120.045s][info][gc,stats    ]      System: Java Threads                                      0 / 0                11 / 16               11 / 16               11 / 16          threads
[2021-02-07T18:30:44.804+0300][120.045s][info][gc,stats    ] =========================================================================================================================================================
[2021-02-07T18:30:45.104+0300][120.344s][info][gc,start    ] GC(14) Garbage Collection (Proactive)
[2021-02-07T18:30:45.104+0300][120.344s][info][gc,phases   ] GC(14) Pause Mark Start 0.127ms
[2021-02-07T18:30:45.302+0300][120.542s][info][gc,phases   ] GC(14) Concurrent Mark 197.385ms
[2021-02-07T18:30:45.302+0300][120.542s][info][gc,phases   ] GC(14) Pause Mark End 0.219ms
[2021-02-07T18:30:45.305+0300][120.545s][info][gc,phases   ] GC(14) Concurrent Process Non-Strong References 2.453ms
[2021-02-07T18:30:45.305+0300][120.546s][info][gc,phases   ] GC(14) Concurrent Reset Relocation Set 0.538ms
[2021-02-07T18:30:45.310+0300][120.550s][info][gc,phases   ] GC(14) Concurrent Select Relocation Set 4.668ms
[2021-02-07T18:30:45.311+0300][120.551s][info][gc,phases   ] GC(14) Pause Relocate Start 0.156ms
[2021-02-07T18:30:45.331+0300][120.571s][info][gc,phases   ] GC(14) Concurrent Relocate 19.942ms
[2021-02-07T18:30:45.331+0300][120.571s][info][gc,load     ] GC(14) Load: 0.00/0.00/0.00
[2021-02-07T18:30:45.331+0300][120.571s][info][gc,mmu      ] GC(14) MMU: 2ms/76.9%, 5ms/90.7%, 10ms/95.3%, 20ms/97.7%, 50ms/98.9%, 100ms/99.0%
[2021-02-07T18:30:45.331+0300][120.571s][info][gc,marking  ] GC(14) Mark: 1 stripe(s), 2 proactive flush(es), 1 terminate flush(es), 1 completion(s), 0 continuation(s)
[2021-02-07T18:30:45.331+0300][120.571s][info][gc,nmethod  ] GC(14) NMethods: 1519 registered, 0 unregistered
[2021-02-07T18:30:45.331+0300][120.571s][info][gc,metaspace] GC(14) Metaspace: 6M used, 7M capacity, 7M committed, 1032M reserved
[2021-02-07T18:30:45.331+0300][120.571s][info][gc,ref      ] GC(14) Soft: 652 encountered, 0 discovered, 0 enqueued
[2021-02-07T18:30:45.331+0300][120.571s][info][gc,ref      ] GC(14) Weak: 1080 encountered, 652 discovered, 0 enqueued
[2021-02-07T18:30:45.331+0300][120.571s][info][gc,ref      ] GC(14) Final: 0 encountered, 0 discovered, 0 enqueued
[2021-02-07T18:30:45.331+0300][120.571s][info][gc,ref      ] GC(14) Phantom: 7 encountered, 6 discovered, 0 enqueued
[2021-02-07T18:30:45.331+0300][120.571s][info][gc,reloc    ] GC(14) Small Pages: 70 / 140M(91%), Empty: 0M(0%), Compacting: 36M(23%)->14M(9%)
[2021-02-07T18:30:45.331+0300][120.571s][info][gc,reloc    ] GC(14) Medium Pages: 0 / 0M(0%), Empty: 0M(0%), Compacting: 0M(0%)->0M(0%)
[2021-02-07T18:30:45.331+0300][120.571s][info][gc,reloc    ] GC(14) Large Pages: 2 / 14M(9%), Empty: 6M(4%), Compacting: 0M(0%)->0M(0%)
[2021-02-07T18:30:45.331+0300][120.571s][info][gc,reloc    ] GC(14) Relocation: Successful
[2021-02-07T18:30:45.331+0300][120.571s][info][gc,heap     ] GC(14) Min Capacity: 256M(100%)
[2021-02-07T18:30:45.331+0300][120.571s][info][gc,heap     ] GC(14) Max Capacity: 256M(100%)
[2021-02-07T18:30:45.331+0300][120.571s][info][gc,heap     ] GC(14) Soft Max Capacity: 256M(100%)
[2021-02-07T18:30:45.331+0300][120.571s][info][gc,heap     ] GC(14)                Mark Start          Mark End        Relocate Start      Relocate End           High               Low
[2021-02-07T18:30:45.331+0300][120.571s][info][gc,heap     ] GC(14)  Capacity:      256M (100%)        256M (100%)        256M (100%)        256M (100%)        256M (100%)        256M (100%)
[2021-02-07T18:30:45.331+0300][120.571s][info][gc,heap     ] GC(14)   Reserve:       12M (5%)           12M (5%)           12M (5%)           12M (5%)           12M (5%)           12M (5%)
[2021-02-07T18:30:45.331+0300][120.571s][info][gc,heap     ] GC(14)      Free:       90M (35%)          90M (35%)          96M (38%)         116M (45%)         116M (45%)          90M (35%)
[2021-02-07T18:30:45.331+0300][120.571s][info][gc,heap     ] GC(14)      Used:      154M (60%)         154M (60%)         148M (58%)         128M (50%)         154M (60%)         128M (50%)
[2021-02-07T18:30:45.331+0300][120.571s][info][gc,heap     ] GC(14)      Live:         -               120M (47%)         120M (47%)         120M (47%)            -                  -
[2021-02-07T18:30:45.331+0300][120.571s][info][gc,heap     ] GC(14) Allocated:         -                 0M (0%)            0M (0%)           16M (6%)             -                  -
[2021-02-07T18:30:45.331+0300][120.571s][info][gc,heap     ] GC(14)   Garbage:         -                33M (13%)          27M (11%)           7M (3%)             -                  -
[2021-02-07T18:30:45.331+0300][120.571s][info][gc,heap     ] GC(14) Reclaimed:         -                  -                 6M (2%)           26M (10%)            -                  -
[2021-02-07T18:30:45.331+0300][120.571s][info][gc          ] GC(14) Garbage Collection (Proactive) 154M(60%)->128M(50%)
[2021-02-07T18:30:54.804+0300][130.044s][info][gc,stats    ] === Garbage Collection Statistics =======================================================================================================================
[2021-02-07T18:30:54.804+0300][130.044s][info][gc,stats    ]                                                              Last 10s              Last 10m              Last 10h                Total
[2021-02-07T18:30:54.804+0300][130.044s][info][gc,stats    ]                                                              Avg / Max             Avg / Max             Avg / Max             Avg / Max
[2021-02-07T18:30:54.804+0300][130.044s][info][gc,stats    ]   Collector: Garbage Collection Cycle                    227.085 / 227.085      88.272 / 227.085      88.272 / 227.085      88.272 / 227.085     ms
[2021-02-07T18:30:54.804+0300][130.044s][info][gc,stats    ]  Contention: Mark Segment Reset Contention                     0 / 0                 0 / 0                 0 / 0                 0 / 0           ops/s
[2021-02-07T18:30:54.804+0300][130.044s][info][gc,stats    ]  Contention: Mark SeqNum Reset Contention                      0 / 0                 0 / 0                 0 / 0                 0 / 0           ops/s
[2021-02-07T18:30:54.804+0300][130.044s][info][gc,stats    ]  Contention: Relocation Contention                             0 / 1                 0 / 4                 0 / 4                 0 / 4           ops/s
[2021-02-07T18:30:54.804+0300][130.044s][info][gc,stats    ]    Critical: Allocation Stall                              0.000 / 0.000         0.000 / 0.000         0.000 / 0.000         0.000 / 0.000       ms
[2021-02-07T18:30:54.804+0300][130.044s][info][gc,stats    ]    Critical: Allocation Stall                                  0 / 0                 0 / 0                 0 / 0                 0 / 0           ops/s
[2021-02-07T18:30:54.804+0300][130.044s][info][gc,stats    ]    Critical: GC Locker Stall                               0.000 / 0.000         0.000 / 0.000         0.000 / 0.000         0.000 / 0.000       ms
[2021-02-07T18:30:54.804+0300][130.044s][info][gc,stats    ]    Critical: GC Locker Stall                                   0 / 0                 0 / 0                 0 / 0                 0 / 0           ops/s
[2021-02-07T18:30:54.804+0300][130.044s][info][gc,stats    ]      Memory: Allocation Rate                                   2 / 20                4 / 304               4 / 304               4 / 304         MB/s
[2021-02-07T18:30:54.804+0300][130.044s][info][gc,stats    ]      Memory: Heap Used After Mark                            154 / 154              61 / 154              61 / 154              61 / 154         MB
[2021-02-07T18:30:54.804+0300][130.044s][info][gc,stats    ]      Memory: Heap Used After Relocation                      128 / 128              53 / 128              53 / 128              53 / 128         MB
[2021-02-07T18:30:54.804+0300][130.044s][info][gc,stats    ]      Memory: Heap Used Before Mark                           154 / 154              61 / 154              61 / 154              61 / 154         MB
[2021-02-07T18:30:54.804+0300][130.044s][info][gc,stats    ]      Memory: Heap Used Before Relocation                     148 / 148              60 / 148              60 / 148              60 / 148         MB
[2021-02-07T18:30:54.804+0300][130.044s][info][gc,stats    ]      Memory: Out Of Memory                                     0 / 0                 0 / 0                 0 / 0                 0 / 0           ops/s
[2021-02-07T18:30:54.804+0300][130.044s][info][gc,stats    ]      Memory: Page Cache Flush                                  0 / 0                 0 / 0                 0 / 0                 0 / 0           MB/s
[2021-02-07T18:30:54.804+0300][130.044s][info][gc,stats    ]      Memory: Page Cache Hit L1                                 0 / 6                 0 / 21                0 / 21                0 / 21          ops/s
[2021-02-07T18:30:54.804+0300][130.044s][info][gc,stats    ]      Memory: Page Cache Hit L2                                 0 / 0                 0 / 0                 0 / 0                 0 / 0           ops/s
[2021-02-07T18:30:54.804+0300][130.044s][info][gc,stats    ]      Memory: Page Cache Hit L3                                 1 / 10                0 / 16                0 / 16                0 / 16          ops/s
[2021-02-07T18:30:54.804+0300][130.044s][info][gc,stats    ]      Memory: Page Cache Miss                                   0 / 0                 0 / 0                 0 / 0                 0 / 0           ops/s
[2021-02-07T18:30:54.804+0300][130.044s][info][gc,stats    ]      Memory: Uncommit                                          0 / 0                 0 / 0                 0 / 0                 0 / 0           MB/s
[2021-02-07T18:30:54.804+0300][130.044s][info][gc,stats    ]      Memory: Undo Object Allocation Failed                     0 / 0                 0 / 0                 0 / 0                 0 / 0           ops/s
[2021-02-07T18:30:54.804+0300][130.044s][info][gc,stats    ]      Memory: Undo Object Allocation Succeeded                  0 / 1                 0 / 4                 0 / 4                 0 / 4           ops/s
[2021-02-07T18:30:54.804+0300][130.044s][info][gc,stats    ]      Memory: Undo Page Allocation                              0 / 0                 0 / 0                 0 / 0                 0 / 0           ops/s
[2021-02-07T18:30:54.804+0300][130.044s][info][gc,stats    ]       Phase: Concurrent Mark                             197.385 / 197.385      74.400 / 197.385      74.400 / 197.385      74.400 / 197.385     ms
[2021-02-07T18:30:54.804+0300][130.044s][info][gc,stats    ]       Phase: Concurrent Mark Continue                      0.000 / 0.000         0.000 / 0.000         0.000 / 0.000         0.000 / 0.000       ms
[2021-02-07T18:30:54.804+0300][130.044s][info][gc,stats    ]       Phase: Concurrent Process Non-Strong References      2.453 / 2.453         1.234 / 2.453         1.234 / 2.453         1.234 / 2.453       ms
[2021-02-07T18:30:54.804+0300][130.044s][info][gc,stats    ]       Phase: Concurrent Relocate                          19.942 / 19.942        7.720 / 19.942        7.720 / 19.942        7.720 / 19.942      ms
[2021-02-07T18:30:54.804+0300][130.044s][info][gc,stats    ]       Phase: Concurrent Reset Relocation Set               0.538 / 0.538         0.225 / 0.618         0.225 / 0.618         0.225 / 0.618       ms
[2021-02-07T18:30:54.804+0300][130.044s][info][gc,stats    ]       Phase: Concurrent Select Relocation Set              4.668 / 4.668         3.003 / 7.297         3.003 / 7.297         3.003 / 7.297       ms
[2021-02-07T18:30:54.804+0300][130.044s][info][gc,stats    ]       Phase: Pause Mark End                                0.219 / 0.219         0.274 / 0.367         0.274 / 0.367         0.274 / 0.367       ms
[2021-02-07T18:30:54.804+0300][130.044s][info][gc,stats    ]       Phase: Pause Mark Start                              0.127 / 0.127         0.108 / 0.463         0.108 / 0.463         0.108 / 0.463       ms
[2021-02-07T18:30:54.804+0300][130.044s][info][gc,stats    ]       Phase: Pause Relocate Start                          0.156 / 0.156         0.121 / 0.172         0.121 / 0.172         0.121 / 0.172       ms
[2021-02-07T18:30:54.804+0300][130.044s][info][gc,stats    ]    Subphase: Concurrent Classes Purge                      0.134 / 0.134         0.095 / 0.134         0.095 / 0.134         0.095 / 0.134       ms
[2021-02-07T18:30:54.804+0300][130.044s][info][gc,stats    ]    Subphase: Concurrent Classes Unlink                     1.420 / 1.420         0.637 / 1.420         0.637 / 1.420         0.637 / 1.420       ms
[2021-02-07T18:30:54.804+0300][130.044s][info][gc,stats    ]    Subphase: Concurrent Mark                             197.124 / 197.124      74.203 / 197.124      74.203 / 197.124      74.203 / 197.124     ms
[2021-02-07T18:30:54.804+0300][130.044s][info][gc,stats    ]    Subphase: Concurrent Mark Idle                          0.000 / 0.000         0.000 / 0.000         0.000 / 0.000         0.000 / 0.000       ms
[2021-02-07T18:30:54.804+0300][130.044s][info][gc,stats    ]    Subphase: Concurrent Mark Try Flush                     0.406 / 0.501         0.201 / 0.501         0.201 / 0.501         0.201 / 0.501       ms
[2021-02-07T18:30:54.804+0300][130.044s][info][gc,stats    ]    Subphase: Concurrent Mark Try Terminate                 0.239 / 0.478         0.099 / 0.478         0.099 / 0.478         0.099 / 0.478       ms
[2021-02-07T18:30:54.804+0300][130.044s][info][gc,stats    ]    Subphase: Concurrent References Enqueue                 0.000 / 0.000         0.001 / 0.004         0.001 / 0.004         0.001 / 0.004       ms
[2021-02-07T18:30:54.804+0300][130.044s][info][gc,stats    ]    Subphase: Concurrent References Process                 0.211 / 0.211         0.107 / 0.211         0.107 / 0.211         0.107 / 0.211       ms
[2021-02-07T18:30:54.804+0300][130.045s][info][gc,stats    ]    Subphase: Concurrent Roots                              0.088 / 0.088         0.053 / 0.114         0.053 / 0.114         0.053 / 0.114       ms
[2021-02-07T18:30:54.804+0300][130.045s][info][gc,stats    ]    Subphase: Concurrent Roots ClassLoaderDataGraph         0.081 / 0.081         0.049 / 0.107         0.049 / 0.107         0.049 / 0.107       ms
[2021-02-07T18:30:54.804+0300][130.045s][info][gc,stats    ]    Subphase: Concurrent Roots JNIHandles                   0.004 / 0.004         0.002 / 0.004         0.002 / 0.004         0.002 / 0.004       ms
[2021-02-07T18:30:54.804+0300][130.045s][info][gc,stats    ]    Subphase: Concurrent Roots Setup                        0.007 / 0.007         0.004 / 0.009         0.004 / 0.009         0.004 / 0.009       ms
[2021-02-07T18:30:54.804+0300][130.045s][info][gc,stats    ]    Subphase: Concurrent Roots Teardown                     0.000 / 0.000         0.000 / 0.000         0.000 / 0.000         0.000 / 0.000       ms
[2021-02-07T18:30:54.804+0300][130.045s][info][gc,stats    ]    Subphase: Concurrent Roots VMHandles                    0.003 / 0.003         0.002 / 0.003         0.002 / 0.003         0.002 / 0.003       ms
[2021-02-07T18:30:54.804+0300][130.045s][info][gc,stats    ]    Subphase: Concurrent Weak Roots                         0.414 / 0.414         0.136 / 0.414         0.136 / 0.414         0.136 / 0.414       ms
[2021-02-07T18:30:54.804+0300][130.045s][info][gc,stats    ]    Subphase: Concurrent Weak Roots JNIWeakHandles          0.000 / 0.000         0.000 / 0.000         0.000 / 0.000         0.000 / 0.000       ms
[2021-02-07T18:30:54.804+0300][130.045s][info][gc,stats    ]    Subphase: Concurrent Weak Roots ResolvedMethodTable     0.020 / 0.020         0.015 / 0.028         0.015 / 0.028         0.015 / 0.028       ms
[2021-02-07T18:30:54.804+0300][130.045s][info][gc,stats    ]    Subphase: Concurrent Weak Roots StringTable             0.383 / 0.383         0.116 / 0.383         0.116 / 0.383         0.116 / 0.383       ms
[2021-02-07T18:30:54.805+0300][130.045s][info][gc,stats    ]    Subphase: Concurrent Weak Roots VMWeakHandles           0.010 / 0.010         0.004 / 0.010         0.004 / 0.010         0.004 / 0.010       ms
[2021-02-07T18:30:54.805+0300][130.045s][info][gc,stats    ]    Subphase: Pause Mark Try Complete                       0.042 / 0.042         0.099 / 0.189         0.099 / 0.189         0.099 / 0.189       ms
[2021-02-07T18:30:54.805+0300][130.045s][info][gc,stats    ]    Subphase: Pause Roots                                   0.065 / 0.094         0.043 / 0.408         0.043 / 0.408         0.043 / 0.408       ms
[2021-02-07T18:30:54.805+0300][130.045s][info][gc,stats    ]    Subphase: Pause Roots CodeCache                         0.000 / 0.000         0.000 / 0.000         0.000 / 0.000         0.000 / 0.000       ms
[2021-02-07T18:30:54.805+0300][130.045s][info][gc,stats    ]    Subphase: Pause Roots JVMTIExport                       0.000 / 0.000         0.000 / 0.002         0.000 / 0.002         0.000 / 0.002       ms
[2021-02-07T18:30:54.805+0300][130.045s][info][gc,stats    ]    Subphase: Pause Roots JVMTIWeakExport                   0.001 / 0.001         0.000 / 0.001         0.000 / 0.001         0.000 / 0.001       ms
[2021-02-07T18:30:54.805+0300][130.045s][info][gc,stats    ]    Subphase: Pause Roots Java Threads                      0.063 / 0.089         0.038 / 0.404         0.038 / 0.404         0.038 / 0.404       ms
[2021-02-07T18:30:54.805+0300][130.045s][info][gc,stats    ]    Subphase: Pause Roots Management                        0.001 / 0.001         0.008 / 0.033         0.008 / 0.033         0.008 / 0.033       ms
[2021-02-07T18:30:54.805+0300][130.045s][info][gc,stats    ]    Subphase: Pause Roots ObjectSynchronizer                0.000 / 0.000         0.000 / 0.001         0.000 / 0.001         0.000 / 0.001       ms
[2021-02-07T18:30:54.805+0300][130.045s][info][gc,stats    ]    Subphase: Pause Roots Setup                             0.000 / 0.000         0.000 / 0.001         0.000 / 0.001         0.000 / 0.001       ms
[2021-02-07T18:30:54.805+0300][130.045s][info][gc,stats    ]    Subphase: Pause Roots Teardown                          0.001 / 0.001         0.001 / 0.001         0.001 / 0.001         0.001 / 0.001       ms
[2021-02-07T18:30:54.805+0300][130.045s][info][gc,stats    ]    Subphase: Pause Roots Universe                          0.001 / 0.002         0.002 / 0.027         0.002 / 0.027         0.002 / 0.027       ms
[2021-02-07T18:30:54.805+0300][130.045s][info][gc,stats    ]    Subphase: Pause Roots VM Thread                         0.001 / 0.001         0.001 / 0.001         0.001 / 0.001         0.001 / 0.001       ms
[2021-02-07T18:30:54.805+0300][130.045s][info][gc,stats    ]    Subphase: Pause Weak Roots                              0.001 / 0.001         0.002 / 0.014         0.002 / 0.014         0.002 / 0.014       ms
[2021-02-07T18:30:54.805+0300][130.045s][info][gc,stats    ]    Subphase: Pause Weak Roots JFRWeak                      0.000 / 0.000         0.001 / 0.013         0.001 / 0.013         0.001 / 0.013       ms
[2021-02-07T18:30:54.805+0300][130.045s][info][gc,stats    ]    Subphase: Pause Weak Roots JVMTIWeakExport              0.000 / 0.000         0.001 / 0.013         0.001 / 0.013         0.001 / 0.013       ms
[2021-02-07T18:30:54.805+0300][130.045s][info][gc,stats    ]    Subphase: Pause Weak Roots Setup                        0.000 / 0.000         0.000 / 0.000         0.000 / 0.000         0.000 / 0.000       ms
[2021-02-07T18:30:54.805+0300][130.045s][info][gc,stats    ]    Subphase: Pause Weak Roots Teardown                     0.000 / 0.000         0.000 / 0.000         0.000 / 0.000         0.000 / 0.000       ms
[2021-02-07T18:30:54.805+0300][130.045s][info][gc,stats    ]      System: Java Threads                                     16 / 16               11 / 16               11 / 16               11 / 16          threads
[2021-02-07T18:30:54.805+0300][130.045s][info][gc,stats    ] =========================================================================================================================================================
[2021-02-07T18:31:04.812+0300][140.052s][info][gc,stats    ] === Garbage Collection Statistics =======================================================================================================================
[2021-02-07T18:31:04.812+0300][140.052s][info][gc,stats    ]                                                              Last 10s              Last 10m              Last 10h                Total
[2021-02-07T18:31:04.812+0300][140.052s][info][gc,stats    ]                                                              Avg / Max             Avg / Max             Avg / Max             Avg / Max
[2021-02-07T18:31:04.812+0300][140.052s][info][gc,stats    ]   Collector: Garbage Collection Cycle                      0.000 / 0.000        88.272 / 227.085      88.272 / 227.085      88.272 / 227.085     ms
[2021-02-07T18:31:04.812+0300][140.052s][info][gc,stats    ]  Contention: Mark Segment Reset Contention                     0 / 0                 0 / 0                 0 / 0                 0 / 0           ops/s
[2021-02-07T18:31:04.812+0300][140.052s][info][gc,stats    ]  Contention: Mark SeqNum Reset Contention                      0 / 0                 0 / 0                 0 / 0                 0 / 0           ops/s
[2021-02-07T18:31:04.812+0300][140.052s][info][gc,stats    ]  Contention: Relocation Contention                             0 / 0                 0 / 4                 0 / 4                 0 / 4           ops/s
[2021-02-07T18:31:04.812+0300][140.052s][info][gc,stats    ]    Critical: Allocation Stall                              0.000 / 0.000         0.000 / 0.000         0.000 / 0.000         0.000 / 0.000       ms
[2021-02-07T18:31:04.812+0300][140.052s][info][gc,stats    ]    Critical: Allocation Stall                                  0 / 0                 0 / 0                 0 / 0                 0 / 0           ops/s
[2021-02-07T18:31:04.812+0300][140.052s][info][gc,stats    ]    Critical: GC Locker Stall                               0.000 / 0.000         0.000 / 0.000         0.000 / 0.000         0.000 / 0.000       ms
[2021-02-07T18:31:04.812+0300][140.052s][info][gc,stats    ]    Critical: GC Locker Stall                                   0 / 0                 0 / 0                 0 / 0                 0 / 0           ops/s
[2021-02-07T18:31:04.812+0300][140.052s][info][gc,stats    ]      Memory: Allocation Rate                                   0 / 2                 3 / 304               3 / 304               3 / 304         MB/s
[2021-02-07T18:31:04.812+0300][140.052s][info][gc,stats    ]      Memory: Heap Used After Mark                              0 / 0                61 / 154              61 / 154              61 / 154         MB
[2021-02-07T18:31:04.812+0300][140.052s][info][gc,stats    ]      Memory: Heap Used After Relocation                        0 / 0                53 / 128              53 / 128              53 / 128         MB
[2021-02-07T18:31:04.812+0300][140.052s][info][gc,stats    ]      Memory: Heap Used Before Mark                             0 / 0                61 / 154              61 / 154              61 / 154         MB
[2021-02-07T18:31:04.812+0300][140.052s][info][gc,stats    ]      Memory: Heap Used Before Relocation                       0 / 0                60 / 148              60 / 148              60 / 148         MB
[2021-02-07T18:31:04.812+0300][140.052s][info][gc,stats    ]      Memory: Out Of Memory                                     0 / 0                 0 / 0                 0 / 0                 0 / 0           ops/s
[2021-02-07T18:31:04.812+0300][140.052s][info][gc,stats    ]      Memory: Page Cache Flush                                  0 / 0                 0 / 0                 0 / 0                 0 / 0           MB/s
[2021-02-07T18:31:04.812+0300][140.052s][info][gc,stats    ]      Memory: Page Cache Hit L1                                 0 / 1                 0 / 21                0 / 21                0 / 21          ops/s
[2021-02-07T18:31:04.812+0300][140.052s][info][gc,stats    ]      Memory: Page Cache Hit L2                                 0 / 0                 0 / 0                 0 / 0                 0 / 0           ops/s
[2021-02-07T18:31:04.812+0300][140.052s][info][gc,stats    ]      Memory: Page Cache Hit L3                                 0 / 0                 0 / 16                0 / 16                0 / 16          ops/s
[2021-02-07T18:31:04.812+0300][140.052s][info][gc,stats    ]      Memory: Page Cache Miss                                   0 / 0                 0 / 0                 0 / 0                 0 / 0           ops/s
[2021-02-07T18:31:04.812+0300][140.052s][info][gc,stats    ]      Memory: Uncommit                                          0 / 0                 0 / 0                 0 / 0                 0 / 0           MB/s
[2021-02-07T18:31:04.812+0300][140.052s][info][gc,stats    ]      Memory: Undo Object Allocation Failed                     0 / 0                 0 / 0                 0 / 0                 0 / 0           ops/s
[2021-02-07T18:31:04.812+0300][140.052s][info][gc,stats    ]      Memory: Undo Object Allocation Succeeded                  0 / 0                 0 / 4                 0 / 4                 0 / 4           ops/s
[2021-02-07T18:31:04.812+0300][140.052s][info][gc,stats    ]      Memory: Undo Page Allocation                              0 / 0                 0 / 0                 0 / 0                 0 / 0           ops/s
[2021-02-07T18:31:04.812+0300][140.052s][info][gc,stats    ]       Phase: Concurrent Mark                               0.000 / 0.000        74.400 / 197.385      74.400 / 197.385      74.400 / 197.385     ms
[2021-02-07T18:31:04.812+0300][140.052s][info][gc,stats    ]       Phase: Concurrent Mark Continue                      0.000 / 0.000         0.000 / 0.000         0.000 / 0.000         0.000 / 0.000       ms
[2021-02-07T18:31:04.812+0300][140.052s][info][gc,stats    ]       Phase: Concurrent Process Non-Strong References      0.000 / 0.000         1.234 / 2.453         1.234 / 2.453         1.234 / 2.453       ms
[2021-02-07T18:31:04.812+0300][140.052s][info][gc,stats    ]       Phase: Concurrent Relocate                           0.000 / 0.000         7.720 / 19.942        7.720 / 19.942        7.720 / 19.942      ms
[2021-02-07T18:31:04.812+0300][140.052s][info][gc,stats    ]       Phase: Concurrent Reset Relocation Set               0.000 / 0.000         0.225 / 0.618         0.225 / 0.618         0.225 / 0.618       ms
[2021-02-07T18:31:04.812+0300][140.052s][info][gc,stats    ]       Phase: Concurrent Select Relocation Set              0.000 / 0.000         3.003 / 7.297         3.003 / 7.297         3.003 / 7.297       ms
[2021-02-07T18:31:04.812+0300][140.052s][info][gc,stats    ]       Phase: Pause Mark End                                0.000 / 0.000         0.274 / 0.367         0.274 / 0.367         0.274 / 0.367       ms
[2021-02-07T18:31:04.812+0300][140.052s][info][gc,stats    ]       Phase: Pause Mark Start                              0.000 / 0.000         0.108 / 0.463         0.108 / 0.463         0.108 / 0.463       ms
[2021-02-07T18:31:04.812+0300][140.052s][info][gc,stats    ]       Phase: Pause Relocate Start                          0.000 / 0.000         0.121 / 0.172         0.121 / 0.172         0.121 / 0.172       ms
[2021-02-07T18:31:04.812+0300][140.052s][info][gc,stats    ]    Subphase: Concurrent Classes Purge                      0.000 / 0.000         0.095 / 0.134         0.095 / 0.134         0.095 / 0.134       ms
[2021-02-07T18:31:04.812+0300][140.052s][info][gc,stats    ]    Subphase: Concurrent Classes Unlink                     0.000 / 0.000         0.637 / 1.420         0.637 / 1.420         0.637 / 1.420       ms
[2021-02-07T18:31:04.812+0300][140.052s][info][gc,stats    ]    Subphase: Concurrent Mark                               0.000 / 0.000        74.203 / 197.124      74.203 / 197.124      74.203 / 197.124     ms
[2021-02-07T18:31:04.812+0300][140.052s][info][gc,stats    ]    Subphase: Concurrent Mark Idle                          0.000 / 0.000         0.000 / 0.000         0.000 / 0.000         0.000 / 0.000       ms
[2021-02-07T18:31:04.812+0300][140.052s][info][gc,stats    ]    Subphase: Concurrent Mark Try Flush                     0.000 / 0.000         0.201 / 0.501         0.201 / 0.501         0.201 / 0.501       ms
[2021-02-07T18:31:04.812+0300][140.052s][info][gc,stats    ]    Subphase: Concurrent Mark Try Terminate                 0.000 / 0.000         0.099 / 0.478         0.099 / 0.478         0.099 / 0.478       ms
[2021-02-07T18:31:04.812+0300][140.052s][info][gc,stats    ]    Subphase: Concurrent References Enqueue                 0.000 / 0.000         0.001 / 0.004         0.001 / 0.004         0.001 / 0.004       ms
[2021-02-07T18:31:04.812+0300][140.052s][info][gc,stats    ]    Subphase: Concurrent References Process                 0.000 / 0.000         0.107 / 0.211         0.107 / 0.211         0.107 / 0.211       ms
[2021-02-07T18:31:04.812+0300][140.052s][info][gc,stats    ]    Subphase: Concurrent Roots                              0.000 / 0.000         0.053 / 0.114         0.053 / 0.114         0.053 / 0.114       ms
[2021-02-07T18:31:04.812+0300][140.052s][info][gc,stats    ]    Subphase: Concurrent Roots ClassLoaderDataGraph         0.000 / 0.000         0.049 / 0.107         0.049 / 0.107         0.049 / 0.107       ms
[2021-02-07T18:31:04.812+0300][140.052s][info][gc,stats    ]    Subphase: Concurrent Roots JNIHandles                   0.000 / 0.000         0.002 / 0.004         0.002 / 0.004         0.002 / 0.004       ms
[2021-02-07T18:31:04.812+0300][140.052s][info][gc,stats    ]    Subphase: Concurrent Roots Setup                        0.000 / 0.000         0.004 / 0.009         0.004 / 0.009         0.004 / 0.009       ms
[2021-02-07T18:31:04.812+0300][140.052s][info][gc,stats    ]    Subphase: Concurrent Roots Teardown                     0.000 / 0.000         0.000 / 0.000         0.000 / 0.000         0.000 / 0.000       ms
[2021-02-07T18:31:04.812+0300][140.052s][info][gc,stats    ]    Subphase: Concurrent Roots VMHandles                    0.000 / 0.000         0.002 / 0.003         0.002 / 0.003         0.002 / 0.003       ms
[2021-02-07T18:31:04.812+0300][140.052s][info][gc,stats    ]    Subphase: Concurrent Weak Roots                         0.000 / 0.000         0.136 / 0.414         0.136 / 0.414         0.136 / 0.414       ms
[2021-02-07T18:31:04.812+0300][140.052s][info][gc,stats    ]    Subphase: Concurrent Weak Roots JNIWeakHandles          0.000 / 0.000         0.000 / 0.000         0.000 / 0.000         0.000 / 0.000       ms
[2021-02-07T18:31:04.812+0300][140.052s][info][gc,stats    ]    Subphase: Concurrent Weak Roots ResolvedMethodTable     0.000 / 0.000         0.015 / 0.028         0.015 / 0.028         0.015 / 0.028       ms
[2021-02-07T18:31:04.812+0300][140.052s][info][gc,stats    ]    Subphase: Concurrent Weak Roots StringTable             0.000 / 0.000         0.116 / 0.383         0.116 / 0.383         0.116 / 0.383       ms
[2021-02-07T18:31:04.812+0300][140.052s][info][gc,stats    ]    Subphase: Concurrent Weak Roots VMWeakHandles           0.000 / 0.000         0.004 / 0.010         0.004 / 0.010         0.004 / 0.010       ms
[2021-02-07T18:31:04.812+0300][140.052s][info][gc,stats    ]    Subphase: Pause Mark Try Complete                       0.000 / 0.000         0.099 / 0.189         0.099 / 0.189         0.099 / 0.189       ms
[2021-02-07T18:31:04.812+0300][140.052s][info][gc,stats    ]    Subphase: Pause Roots                                   0.000 / 0.000         0.043 / 0.408         0.043 / 0.408         0.043 / 0.408       ms
[2021-02-07T18:31:04.812+0300][140.052s][info][gc,stats    ]    Subphase: Pause Roots CodeCache                         0.000 / 0.000         0.000 / 0.000         0.000 / 0.000         0.000 / 0.000       ms
[2021-02-07T18:31:04.812+0300][140.052s][info][gc,stats    ]    Subphase: Pause Roots JVMTIExport                       0.000 / 0.000         0.000 / 0.002         0.000 / 0.002         0.000 / 0.002       ms
[2021-02-07T18:31:04.812+0300][140.052s][info][gc,stats    ]    Subphase: Pause Roots JVMTIWeakExport                   0.000 / 0.000         0.000 / 0.001         0.000 / 0.001         0.000 / 0.001       ms
[2021-02-07T18:31:04.812+0300][140.052s][info][gc,stats    ]    Subphase: Pause Roots Java Threads                      0.000 / 0.000         0.038 / 0.404         0.038 / 0.404         0.038 / 0.404       ms
[2021-02-07T18:31:04.812+0300][140.053s][info][gc,stats    ]    Subphase: Pause Roots Management                        0.000 / 0.000         0.008 / 0.033         0.008 / 0.033         0.008 / 0.033       ms
[2021-02-07T18:31:04.812+0300][140.053s][info][gc,stats    ]    Subphase: Pause Roots ObjectSynchronizer                0.000 / 0.000         0.000 / 0.001         0.000 / 0.001         0.000 / 0.001       ms
[2021-02-07T18:31:04.812+0300][140.053s][info][gc,stats    ]    Subphase: Pause Roots Setup                             0.000 / 0.000         0.000 / 0.001         0.000 / 0.001         0.000 / 0.001       ms
[2021-02-07T18:31:04.812+0300][140.053s][info][gc,stats    ]    Subphase: Pause Roots Teardown                          0.000 / 0.000         0.001 / 0.001         0.001 / 0.001         0.001 / 0.001       ms
[2021-02-07T18:31:04.812+0300][140.053s][info][gc,stats    ]    Subphase: Pause Roots Universe                          0.000 / 0.000         0.002 / 0.027         0.002 / 0.027         0.002 / 0.027       ms
[2021-02-07T18:31:04.812+0300][140.053s][info][gc,stats    ]    Subphase: Pause Roots VM Thread                         0.000 / 0.000         0.001 / 0.001         0.001 / 0.001         0.001 / 0.001       ms
[2021-02-07T18:31:04.812+0300][140.053s][info][gc,stats    ]    Subphase: Pause Weak Roots                              0.000 / 0.000         0.002 / 0.014         0.002 / 0.014         0.002 / 0.014       ms
[2021-02-07T18:31:04.812+0300][140.053s][info][gc,stats    ]    Subphase: Pause Weak Roots JFRWeak                      0.000 / 0.000         0.001 / 0.013         0.001 / 0.013         0.001 / 0.013       ms
[2021-02-07T18:31:04.812+0300][140.053s][info][gc,stats    ]    Subphase: Pause Weak Roots JVMTIWeakExport              0.000 / 0.000         0.001 / 0.013         0.001 / 0.013         0.001 / 0.013       ms
[2021-02-07T18:31:04.812+0300][140.053s][info][gc,stats    ]    Subphase: Pause Weak Roots Setup                        0.000 / 0.000         0.000 / 0.000         0.000 / 0.000         0.000 / 0.000       ms
[2021-02-07T18:31:04.812+0300][140.053s][info][gc,stats    ]    Subphase: Pause Weak Roots Teardown                     0.000 / 0.000         0.000 / 0.000         0.000 / 0.000         0.000 / 0.000       ms
[2021-02-07T18:31:04.813+0300][140.053s][info][gc,stats    ]      System: Java Threads                                      0 / 0                11 / 16               11 / 16               11 / 16          threads
[2021-02-07T18:31:04.813+0300][140.053s][info][gc,stats    ] =========================================================================================================================================================
[2021-02-07T18:31:14.812+0300][150.052s][info][gc,stats    ] === Garbage Collection Statistics =======================================================================================================================
[2021-02-07T18:31:14.812+0300][150.052s][info][gc,stats    ]                                                              Last 10s              Last 10m              Last 10h                Total
[2021-02-07T18:31:14.812+0300][150.052s][info][gc,stats    ]                                                              Avg / Max             Avg / Max             Avg / Max             Avg / Max
[2021-02-07T18:31:14.812+0300][150.052s][info][gc,stats    ]   Collector: Garbage Collection Cycle                      0.000 / 0.000        88.272 / 227.085      88.272 / 227.085      88.272 / 227.085     ms
[2021-02-07T18:31:14.812+0300][150.052s][info][gc,stats    ]  Contention: Mark Segment Reset Contention                     0 / 0                 0 / 0                 0 / 0                 0 / 0           ops/s
[2021-02-07T18:31:14.812+0300][150.052s][info][gc,stats    ]  Contention: Mark SeqNum Reset Contention                      0 / 0                 0 / 0                 0 / 0                 0 / 0           ops/s
[2021-02-07T18:31:14.812+0300][150.052s][info][gc,stats    ]  Contention: Relocation Contention                             0 / 0                 0 / 4                 0 / 4                 0 / 4           ops/s
[2021-02-07T18:31:14.812+0300][150.052s][info][gc,stats    ]    Critical: Allocation Stall                              0.000 / 0.000         0.000 / 0.000         0.000 / 0.000         0.000 / 0.000       ms
[2021-02-07T18:31:14.812+0300][150.052s][info][gc,stats    ]    Critical: Allocation Stall                                  0 / 0                 0 / 0                 0 / 0                 0 / 0           ops/s
[2021-02-07T18:31:14.812+0300][150.052s][info][gc,stats    ]    Critical: GC Locker Stall                               0.000 / 0.000         0.000 / 0.000         0.000 / 0.000         0.000 / 0.000       ms
[2021-02-07T18:31:14.812+0300][150.052s][info][gc,stats    ]    Critical: GC Locker Stall                                   0 / 0                 0 / 0                 0 / 0                 0 / 0           ops/s
[2021-02-07T18:31:14.812+0300][150.052s][info][gc,stats    ]      Memory: Allocation Rate                                   1 / 16                3 / 304               3 / 304               3 / 304         MB/s
[2021-02-07T18:31:14.812+0300][150.052s][info][gc,stats    ]      Memory: Heap Used After Mark                              0 / 0                61 / 154              61 / 154              61 / 154         MB
[2021-02-07T18:31:14.812+0300][150.052s][info][gc,stats    ]      Memory: Heap Used After Relocation                        0 / 0                53 / 128              53 / 128              53 / 128         MB
[2021-02-07T18:31:14.812+0300][150.052s][info][gc,stats    ]      Memory: Heap Used Before Mark                             0 / 0                61 / 154              61 / 154              61 / 154         MB
[2021-02-07T18:31:14.812+0300][150.052s][info][gc,stats    ]      Memory: Heap Used Before Relocation                       0 / 0                60 / 148              60 / 148              60 / 148         MB
[2021-02-07T18:31:14.812+0300][150.052s][info][gc,stats    ]      Memory: Out Of Memory                                     0 / 0                 0 / 0                 0 / 0                 0 / 0           ops/s
[2021-02-07T18:31:14.812+0300][150.052s][info][gc,stats    ]      Memory: Page Cache Flush                                  0 / 0                 0 / 0                 0 / 0                 0 / 0           MB/s
[2021-02-07T18:31:14.812+0300][150.052s][info][gc,stats    ]      Memory: Page Cache Hit L1                                 0 / 8                 0 / 21                0 / 21                0 / 21          ops/s
[2021-02-07T18:31:14.812+0300][150.052s][info][gc,stats    ]      Memory: Page Cache Hit L2                                 0 / 0                 0 / 0                 0 / 0                 0 / 0           ops/s
[2021-02-07T18:31:14.812+0300][150.052s][info][gc,stats    ]      Memory: Page Cache Hit L3                                 0 / 0                 0 / 16                0 / 16                0 / 16          ops/s
[2021-02-07T18:31:14.812+0300][150.052s][info][gc,stats    ]      Memory: Page Cache Miss                                   0 / 0                 0 / 0                 0 / 0                 0 / 0           ops/s
[2021-02-07T18:31:14.812+0300][150.052s][info][gc,stats    ]      Memory: Uncommit                                          0 / 0                 0 / 0                 0 / 0                 0 / 0           MB/s
[2021-02-07T18:31:14.812+0300][150.052s][info][gc,stats    ]      Memory: Undo Object Allocation Failed                     0 / 0                 0 / 0                 0 / 0                 0 / 0           ops/s
[2021-02-07T18:31:14.812+0300][150.052s][info][gc,stats    ]      Memory: Undo Object Allocation Succeeded                  0 / 0                 0 / 4                 0 / 4                 0 / 4           ops/s
[2021-02-07T18:31:14.812+0300][150.052s][info][gc,stats    ]      Memory: Undo Page Allocation                              0 / 0                 0 / 0                 0 / 0                 0 / 0           ops/s
[2021-02-07T18:31:14.812+0300][150.052s][info][gc,stats    ]       Phase: Concurrent Mark                               0.000 / 0.000        74.400 / 197.385      74.400 / 197.385      74.400 / 197.385     ms
[2021-02-07T18:31:14.812+0300][150.052s][info][gc,stats    ]       Phase: Concurrent Mark Continue                      0.000 / 0.000         0.000 / 0.000         0.000 / 0.000         0.000 / 0.000       ms
[2021-02-07T18:31:14.812+0300][150.052s][info][gc,stats    ]       Phase: Concurrent Process Non-Strong References      0.000 / 0.000         1.234 / 2.453         1.234 / 2.453         1.234 / 2.453       ms
[2021-02-07T18:31:14.812+0300][150.052s][info][gc,stats    ]       Phase: Concurrent Relocate                           0.000 / 0.000         7.720 / 19.942        7.720 / 19.942        7.720 / 19.942      ms
[2021-02-07T18:31:14.812+0300][150.052s][info][gc,stats    ]       Phase: Concurrent Reset Relocation Set               0.000 / 0.000         0.225 / 0.618         0.225 / 0.618         0.225 / 0.618       ms
[2021-02-07T18:31:14.812+0300][150.052s][info][gc,stats    ]       Phase: Concurrent Select Relocation Set              0.000 / 0.000         3.003 / 7.297         3.003 / 7.297         3.003 / 7.297       ms
[2021-02-07T18:31:14.812+0300][150.052s][info][gc,stats    ]       Phase: Pause Mark End                                0.000 / 0.000         0.274 / 0.367         0.274 / 0.367         0.274 / 0.367       ms
[2021-02-07T18:31:14.812+0300][150.052s][info][gc,stats    ]       Phase: Pause Mark Start                              0.000 / 0.000         0.108 / 0.463         0.108 / 0.463         0.108 / 0.463       ms
[2021-02-07T18:31:14.812+0300][150.052s][info][gc,stats    ]       Phase: Pause Relocate Start                          0.000 / 0.000         0.121 / 0.172         0.121 / 0.172         0.121 / 0.172       ms
[2021-02-07T18:31:14.812+0300][150.052s][info][gc,stats    ]    Subphase: Concurrent Classes Purge                      0.000 / 0.000         0.095 / 0.134         0.095 / 0.134         0.095 / 0.134       ms
[2021-02-07T18:31:14.812+0300][150.052s][info][gc,stats    ]    Subphase: Concurrent Classes Unlink                     0.000 / 0.000         0.637 / 1.420         0.637 / 1.420         0.637 / 1.420       ms
[2021-02-07T18:31:14.812+0300][150.052s][info][gc,stats    ]    Subphase: Concurrent Mark                               0.000 / 0.000        74.203 / 197.124      74.203 / 197.124      74.203 / 197.124     ms
[2021-02-07T18:31:14.812+0300][150.052s][info][gc,stats    ]    Subphase: Concurrent Mark Idle                          0.000 / 0.000         0.000 / 0.000         0.000 / 0.000         0.000 / 0.000       ms
[2021-02-07T18:31:14.812+0300][150.052s][info][gc,stats    ]    Subphase: Concurrent Mark Try Flush                     0.000 / 0.000         0.201 / 0.501         0.201 / 0.501         0.201 / 0.501       ms
[2021-02-07T18:31:14.812+0300][150.052s][info][gc,stats    ]    Subphase: Concurrent Mark Try Terminate                 0.000 / 0.000         0.099 / 0.478         0.099 / 0.478         0.099 / 0.478       ms
[2021-02-07T18:31:14.812+0300][150.052s][info][gc,stats    ]    Subphase: Concurrent References Enqueue                 0.000 / 0.000         0.001 / 0.004         0.001 / 0.004         0.001 / 0.004       ms
[2021-02-07T18:31:14.812+0300][150.052s][info][gc,stats    ]    Subphase: Concurrent References Process                 0.000 / 0.000         0.107 / 0.211         0.107 / 0.211         0.107 / 0.211       ms
[2021-02-07T18:31:14.812+0300][150.052s][info][gc,stats    ]    Subphase: Concurrent Roots                              0.000 / 0.000         0.053 / 0.114         0.053 / 0.114         0.053 / 0.114       ms
[2021-02-07T18:31:14.812+0300][150.052s][info][gc,stats    ]    Subphase: Concurrent Roots ClassLoaderDataGraph         0.000 / 0.000         0.049 / 0.107         0.049 / 0.107         0.049 / 0.107       ms
[2021-02-07T18:31:14.812+0300][150.052s][info][gc,stats    ]    Subphase: Concurrent Roots JNIHandles                   0.000 / 0.000         0.002 / 0.004         0.002 / 0.004         0.002 / 0.004       ms
[2021-02-07T18:31:14.812+0300][150.052s][info][gc,stats    ]    Subphase: Concurrent Roots Setup                        0.000 / 0.000         0.004 / 0.009         0.004 / 0.009         0.004 / 0.009       ms
[2021-02-07T18:31:14.812+0300][150.052s][info][gc,stats    ]    Subphase: Concurrent Roots Teardown                     0.000 / 0.000         0.000 / 0.000         0.000 / 0.000         0.000 / 0.000       ms
[2021-02-07T18:31:14.812+0300][150.052s][info][gc,stats    ]    Subphase: Concurrent Roots VMHandles                    0.000 / 0.000         0.002 / 0.003         0.002 / 0.003         0.002 / 0.003       ms
[2021-02-07T18:31:14.812+0300][150.052s][info][gc,stats    ]    Subphase: Concurrent Weak Roots                         0.000 / 0.000         0.136 / 0.414         0.136 / 0.414         0.136 / 0.414       ms
[2021-02-07T18:31:14.812+0300][150.052s][info][gc,stats    ]    Subphase: Concurrent Weak Roots JNIWeakHandles          0.000 / 0.000         0.000 / 0.000         0.000 / 0.000         0.000 / 0.000       ms
[2021-02-07T18:31:14.812+0300][150.052s][info][gc,stats    ]    Subphase: Concurrent Weak Roots ResolvedMethodTable     0.000 / 0.000         0.015 / 0.028         0.015 / 0.028         0.015 / 0.028       ms
[2021-02-07T18:31:14.812+0300][150.052s][info][gc,stats    ]    Subphase: Concurrent Weak Roots StringTable             0.000 / 0.000         0.116 / 0.383         0.116 / 0.383         0.116 / 0.383       ms
[2021-02-07T18:31:14.812+0300][150.052s][info][gc,stats    ]    Subphase: Concurrent Weak Roots VMWeakHandles           0.000 / 0.000         0.004 / 0.010         0.004 / 0.010         0.004 / 0.010       ms
[2021-02-07T18:31:14.812+0300][150.052s][info][gc,stats    ]    Subphase: Pause Mark Try Complete                       0.000 / 0.000         0.099 / 0.189         0.099 / 0.189         0.099 / 0.189       ms
[2021-02-07T18:31:14.812+0300][150.052s][info][gc,stats    ]    Subphase: Pause Roots                                   0.000 / 0.000         0.043 / 0.408         0.043 / 0.408         0.043 / 0.408       ms
[2021-02-07T18:31:14.812+0300][150.052s][info][gc,stats    ]    Subphase: Pause Roots CodeCache                         0.000 / 0.000         0.000 / 0.000         0.000 / 0.000         0.000 / 0.000       ms
[2021-02-07T18:31:14.812+0300][150.052s][info][gc,stats    ]    Subphase: Pause Roots JVMTIExport                       0.000 / 0.000         0.000 / 0.002         0.000 / 0.002         0.000 / 0.002       ms
[2021-02-07T18:31:14.812+0300][150.052s][info][gc,stats    ]    Subphase: Pause Roots JVMTIWeakExport                   0.000 / 0.000         0.000 / 0.001         0.000 / 0.001         0.000 / 0.001       ms
[2021-02-07T18:31:14.812+0300][150.052s][info][gc,stats    ]    Subphase: Pause Roots Java Threads                      0.000 / 0.000         0.038 / 0.404         0.038 / 0.404         0.038 / 0.404       ms
[2021-02-07T18:31:14.812+0300][150.052s][info][gc,stats    ]    Subphase: Pause Roots Management                        0.000 / 0.000         0.008 / 0.033         0.008 / 0.033         0.008 / 0.033       ms
[2021-02-07T18:31:14.812+0300][150.053s][info][gc,stats    ]    Subphase: Pause Roots ObjectSynchronizer                0.000 / 0.000         0.000 / 0.001         0.000 / 0.001         0.000 / 0.001       ms
[2021-02-07T18:31:14.812+0300][150.053s][info][gc,stats    ]    Subphase: Pause Roots Setup                             0.000 / 0.000         0.000 / 0.001         0.000 / 0.001         0.000 / 0.001       ms
[2021-02-07T18:31:14.812+0300][150.053s][info][gc,stats    ]    Subphase: Pause Roots Teardown                          0.000 / 0.000         0.001 / 0.001         0.001 / 0.001         0.001 / 0.001       ms
[2021-02-07T18:31:14.812+0300][150.053s][info][gc,stats    ]    Subphase: Pause Roots Universe                          0.000 / 0.000         0.002 / 0.027         0.002 / 0.027         0.002 / 0.027       ms
[2021-02-07T18:31:14.812+0300][150.053s][info][gc,stats    ]    Subphase: Pause Roots VM Thread                         0.000 / 0.000         0.001 / 0.001         0.001 / 0.001         0.001 / 0.001       ms
[2021-02-07T18:31:14.812+0300][150.053s][info][gc,stats    ]    Subphase: Pause Weak Roots                              0.000 / 0.000         0.002 / 0.014         0.002 / 0.014         0.002 / 0.014       ms
[2021-02-07T18:31:14.812+0300][150.053s][info][gc,stats    ]    Subphase: Pause Weak Roots JFRWeak                      0.000 / 0.000         0.001 / 0.013         0.001 / 0.013         0.001 / 0.013       ms
[2021-02-07T18:31:14.812+0300][150.053s][info][gc,stats    ]    Subphase: Pause Weak Roots JVMTIWeakExport              0.000 / 0.000         0.001 / 0.013         0.001 / 0.013         0.001 / 0.013       ms
[2021-02-07T18:31:14.812+0300][150.053s][info][gc,stats    ]    Subphase: Pause Weak Roots Setup                        0.000 / 0.000         0.000 / 0.000         0.000 / 0.000         0.000 / 0.000       ms
[2021-02-07T18:31:14.812+0300][150.053s][info][gc,stats    ]    Subphase: Pause Weak Roots Teardown                     0.000 / 0.000         0.000 / 0.000         0.000 / 0.000         0.000 / 0.000       ms
[2021-02-07T18:31:14.812+0300][150.053s][info][gc,stats    ]      System: Java Threads                                      0 / 0                11 / 16               11 / 16               11 / 16          threads
[2021-02-07T18:31:14.812+0300][150.053s][info][gc,stats    ] =========================================================================================================================================================
[2021-02-07T18:31:24.817+0300][160.056s][info][gc,stats    ] === Garbage Collection Statistics =======================================================================================================================
[2021-02-07T18:31:24.817+0300][160.057s][info][gc,stats    ]                                                              Last 10s              Last 10m              Last 10h                Total
[2021-02-07T18:31:24.817+0300][160.057s][info][gc,stats    ]                                                              Avg / Max             Avg / Max             Avg / Max             Avg / Max
[2021-02-07T18:31:24.817+0300][160.057s][info][gc,stats    ]   Collector: Garbage Collection Cycle                      0.000 / 0.000        88.272 / 227.085      88.272 / 227.085      88.272 / 227.085     ms
[2021-02-07T18:31:24.817+0300][160.057s][info][gc,stats    ]  Contention: Mark Segment Reset Contention                     0 / 0                 0 / 0                 0 / 0                 0 / 0           ops/s
[2021-02-07T18:31:24.817+0300][160.057s][info][gc,stats    ]  Contention: Mark SeqNum Reset Contention                      0 / 0                 0 / 0                 0 / 0                 0 / 0           ops/s
[2021-02-07T18:31:24.817+0300][160.057s][info][gc,stats    ]  Contention: Relocation Contention                             0 / 0                 0 / 4                 0 / 4                 0 / 4           ops/s
[2021-02-07T18:31:24.817+0300][160.057s][info][gc,stats    ]    Critical: Allocation Stall                              0.000 / 0.000         0.000 / 0.000         0.000 / 0.000         0.000 / 0.000       ms
[2021-02-07T18:31:24.817+0300][160.057s][info][gc,stats    ]    Critical: Allocation Stall                                  0 / 0                 0 / 0                 0 / 0                 0 / 0           ops/s
[2021-02-07T18:31:24.817+0300][160.057s][info][gc,stats    ]    Critical: GC Locker Stall                               0.000 / 0.000         0.000 / 0.000         0.000 / 0.000         0.000 / 0.000       ms
[2021-02-07T18:31:24.817+0300][160.057s][info][gc,stats    ]    Critical: GC Locker Stall                                   0 / 0                 0 / 0                 0 / 0                 0 / 0           ops/s
[2021-02-07T18:31:24.817+0300][160.057s][info][gc,stats    ]      Memory: Allocation Rate                                   0 / 0                 3 / 304               3 / 304               3 / 304         MB/s
[2021-02-07T18:31:24.817+0300][160.057s][info][gc,stats    ]      Memory: Heap Used After Mark                              0 / 0                61 / 154              61 / 154              61 / 154         MB
[2021-02-07T18:31:24.817+0300][160.057s][info][gc,stats    ]      Memory: Heap Used After Relocation                        0 / 0                53 / 128              53 / 128              53 / 128         MB
[2021-02-07T18:31:24.817+0300][160.057s][info][gc,stats    ]      Memory: Heap Used Before Mark                             0 / 0                61 / 154              61 / 154              61 / 154         MB
[2021-02-07T18:31:24.817+0300][160.057s][info][gc,stats    ]      Memory: Heap Used Before Relocation                       0 / 0                60 / 148              60 / 148              60 / 148         MB
[2021-02-07T18:31:24.817+0300][160.057s][info][gc,stats    ]      Memory: Out Of Memory                                     0 / 0                 0 / 0                 0 / 0                 0 / 0           ops/s
[2021-02-07T18:31:24.817+0300][160.057s][info][gc,stats    ]      Memory: Page Cache Flush                                  0 / 0                 0 / 0                 0 / 0                 0 / 0           MB/s
[2021-02-07T18:31:24.817+0300][160.057s][info][gc,stats    ]      Memory: Page Cache Hit L1                                 0 / 0                 0 / 21                0 / 21                0 / 21          ops/s
[2021-02-07T18:31:24.817+0300][160.057s][info][gc,stats    ]      Memory: Page Cache Hit L2                                 0 / 0                 0 / 0                 0 / 0                 0 / 0           ops/s
[2021-02-07T18:31:24.817+0300][160.057s][info][gc,stats    ]      Memory: Page Cache Hit L3                                 0 / 0                 0 / 16                0 / 16                0 / 16          ops/s
[2021-02-07T18:31:24.817+0300][160.057s][info][gc,stats    ]      Memory: Page Cache Miss                                   0 / 0                 0 / 0                 0 / 0                 0 / 0           ops/s
[2021-02-07T18:31:24.817+0300][160.057s][info][gc,stats    ]      Memory: Uncommit                                          0 / 0                 0 / 0                 0 / 0                 0 / 0           MB/s
[2021-02-07T18:31:24.817+0300][160.057s][info][gc,stats    ]      Memory: Undo Object Allocation Failed                     0 / 0                 0 / 0                 0 / 0                 0 / 0           ops/s
[2021-02-07T18:31:24.817+0300][160.057s][info][gc,stats    ]      Memory: Undo Object Allocation Succeeded                  0 / 0                 0 / 4                 0 / 4                 0 / 4           ops/s
[2021-02-07T18:31:24.817+0300][160.057s][info][gc,stats    ]      Memory: Undo Page Allocation                              0 / 0                 0 / 0                 0 / 0                 0 / 0           ops/s
[2021-02-07T18:31:24.817+0300][160.057s][info][gc,stats    ]       Phase: Concurrent Mark                               0.000 / 0.000        74.400 / 197.385      74.400 / 197.385      74.400 / 197.385     ms
[2021-02-07T18:31:24.817+0300][160.057s][info][gc,stats    ]       Phase: Concurrent Mark Continue                      0.000 / 0.000         0.000 / 0.000         0.000 / 0.000         0.000 / 0.000       ms
[2021-02-07T18:31:24.817+0300][160.057s][info][gc,stats    ]       Phase: Concurrent Process Non-Strong References      0.000 / 0.000         1.234 / 2.453         1.234 / 2.453         1.234 / 2.453       ms
[2021-02-07T18:31:24.817+0300][160.057s][info][gc,stats    ]       Phase: Concurrent Relocate                           0.000 / 0.000         7.720 / 19.942        7.720 / 19.942        7.720 / 19.942      ms
[2021-02-07T18:31:24.817+0300][160.057s][info][gc,stats    ]       Phase: Concurrent Reset Relocation Set               0.000 / 0.000         0.225 / 0.618         0.225 / 0.618         0.225 / 0.618       ms
[2021-02-07T18:31:24.817+0300][160.057s][info][gc,stats    ]       Phase: Concurrent Select Relocation Set              0.000 / 0.000         3.003 / 7.297         3.003 / 7.297         3.003 / 7.297       ms
[2021-02-07T18:31:24.817+0300][160.057s][info][gc,stats    ]       Phase: Pause Mark End                                0.000 / 0.000         0.274 / 0.367         0.274 / 0.367         0.274 / 0.367       ms
[2021-02-07T18:31:24.817+0300][160.057s][info][gc,stats    ]       Phase: Pause Mark Start                              0.000 / 0.000         0.108 / 0.463         0.108 / 0.463         0.108 / 0.463       ms
[2021-02-07T18:31:24.817+0300][160.057s][info][gc,stats    ]       Phase: Pause Relocate Start                          0.000 / 0.000         0.121 / 0.172         0.121 / 0.172         0.121 / 0.172       ms
[2021-02-07T18:31:24.817+0300][160.057s][info][gc,stats    ]    Subphase: Concurrent Classes Purge                      0.000 / 0.000         0.095 / 0.134         0.095 / 0.134         0.095 / 0.134       ms
[2021-02-07T18:31:24.817+0300][160.057s][info][gc,stats    ]    Subphase: Concurrent Classes Unlink                     0.000 / 0.000         0.637 / 1.420         0.637 / 1.420         0.637 / 1.420       ms
[2021-02-07T18:31:24.817+0300][160.057s][info][gc,stats    ]    Subphase: Concurrent Mark                               0.000 / 0.000        74.203 / 197.124      74.203 / 197.124      74.203 / 197.124     ms
[2021-02-07T18:31:24.817+0300][160.057s][info][gc,stats    ]    Subphase: Concurrent Mark Idle                          0.000 / 0.000         0.000 / 0.000         0.000 / 0.000         0.000 / 0.000       ms
[2021-02-07T18:31:24.817+0300][160.057s][info][gc,stats    ]    Subphase: Concurrent Mark Try Flush                     0.000 / 0.000         0.201 / 0.501         0.201 / 0.501         0.201 / 0.501       ms
[2021-02-07T18:31:24.817+0300][160.057s][info][gc,stats    ]    Subphase: Concurrent Mark Try Terminate                 0.000 / 0.000         0.099 / 0.478         0.099 / 0.478         0.099 / 0.478       ms
[2021-02-07T18:31:24.817+0300][160.057s][info][gc,stats    ]    Subphase: Concurrent References Enqueue                 0.000 / 0.000         0.001 / 0.004         0.001 / 0.004         0.001 / 0.004       ms
[2021-02-07T18:31:24.817+0300][160.057s][info][gc,stats    ]    Subphase: Concurrent References Process                 0.000 / 0.000         0.107 / 0.211         0.107 / 0.211         0.107 / 0.211       ms
[2021-02-07T18:31:24.817+0300][160.057s][info][gc,stats    ]    Subphase: Concurrent Roots                              0.000 / 0.000         0.053 / 0.114         0.053 / 0.114         0.053 / 0.114       ms
[2021-02-07T18:31:24.817+0300][160.057s][info][gc,stats    ]    Subphase: Concurrent Roots ClassLoaderDataGraph         0.000 / 0.000         0.049 / 0.107         0.049 / 0.107         0.049 / 0.107       ms
[2021-02-07T18:31:24.817+0300][160.057s][info][gc,stats    ]    Subphase: Concurrent Roots JNIHandles                   0.000 / 0.000         0.002 / 0.004         0.002 / 0.004         0.002 / 0.004       ms
[2021-02-07T18:31:24.817+0300][160.057s][info][gc,stats    ]    Subphase: Concurrent Roots Setup                        0.000 / 0.000         0.004 / 0.009         0.004 / 0.009         0.004 / 0.009       ms
[2021-02-07T18:31:24.817+0300][160.057s][info][gc,stats    ]    Subphase: Concurrent Roots Teardown                     0.000 / 0.000         0.000 / 0.000         0.000 / 0.000         0.000 / 0.000       ms
[2021-02-07T18:31:24.817+0300][160.057s][info][gc,stats    ]    Subphase: Concurrent Roots VMHandles                    0.000 / 0.000         0.002 / 0.003         0.002 / 0.003         0.002 / 0.003       ms
[2021-02-07T18:31:24.817+0300][160.057s][info][gc,stats    ]    Subphase: Concurrent Weak Roots                         0.000 / 0.000         0.136 / 0.414         0.136 / 0.414         0.136 / 0.414       ms
[2021-02-07T18:31:24.817+0300][160.057s][info][gc,stats    ]    Subphase: Concurrent Weak Roots JNIWeakHandles          0.000 / 0.000         0.000 / 0.000         0.000 / 0.000         0.000 / 0.000       ms
[2021-02-07T18:31:24.817+0300][160.057s][info][gc,stats    ]    Subphase: Concurrent Weak Roots ResolvedMethodTable     0.000 / 0.000         0.015 / 0.028         0.015 / 0.028         0.015 / 0.028       ms
[2021-02-07T18:31:24.817+0300][160.057s][info][gc,stats    ]    Subphase: Concurrent Weak Roots StringTable             0.000 / 0.000         0.116 / 0.383         0.116 / 0.383         0.116 / 0.383       ms
[2021-02-07T18:31:24.817+0300][160.057s][info][gc,stats    ]    Subphase: Concurrent Weak Roots VMWeakHandles           0.000 / 0.000         0.004 / 0.010         0.004 / 0.010         0.004 / 0.010       ms
[2021-02-07T18:31:24.817+0300][160.057s][info][gc,stats    ]    Subphase: Pause Mark Try Complete                       0.000 / 0.000         0.099 / 0.189         0.099 / 0.189         0.099 / 0.189       ms
[2021-02-07T18:31:24.817+0300][160.057s][info][gc,stats    ]    Subphase: Pause Roots                                   0.000 / 0.000         0.043 / 0.408         0.043 / 0.408         0.043 / 0.408       ms
[2021-02-07T18:31:24.817+0300][160.057s][info][gc,stats    ]    Subphase: Pause Roots CodeCache                         0.000 / 0.000         0.000 / 0.000         0.000 / 0.000         0.000 / 0.000       ms
[2021-02-07T18:31:24.817+0300][160.057s][info][gc,stats    ]    Subphase: Pause Roots JVMTIExport                       0.000 / 0.000         0.000 / 0.002         0.000 / 0.002         0.000 / 0.002       ms
[2021-02-07T18:31:24.817+0300][160.057s][info][gc,stats    ]    Subphase: Pause Roots JVMTIWeakExport                   0.000 / 0.000         0.000 / 0.001         0.000 / 0.001         0.000 / 0.001       ms
[2021-02-07T18:31:24.817+0300][160.057s][info][gc,stats    ]    Subphase: Pause Roots Java Threads                      0.000 / 0.000         0.038 / 0.404         0.038 / 0.404         0.038 / 0.404       ms
[2021-02-07T18:31:24.817+0300][160.057s][info][gc,stats    ]    Subphase: Pause Roots Management                        0.000 / 0.000         0.008 / 0.033         0.008 / 0.033         0.008 / 0.033       ms
[2021-02-07T18:31:24.817+0300][160.057s][info][gc,stats    ]    Subphase: Pause Roots ObjectSynchronizer                0.000 / 0.000         0.000 / 0.001         0.000 / 0.001         0.000 / 0.001       ms
[2021-02-07T18:31:24.817+0300][160.057s][info][gc,stats    ]    Subphase: Pause Roots Setup                             0.000 / 0.000         0.000 / 0.001         0.000 / 0.001         0.000 / 0.001       ms
[2021-02-07T18:31:24.817+0300][160.057s][info][gc,stats    ]    Subphase: Pause Roots Teardown                          0.000 / 0.000         0.001 / 0.001         0.001 / 0.001         0.001 / 0.001       ms
[2021-02-07T18:31:24.817+0300][160.057s][info][gc,stats    ]    Subphase: Pause Roots Universe                          0.000 / 0.000         0.002 / 0.027         0.002 / 0.027         0.002 / 0.027       ms
[2021-02-07T18:31:24.818+0300][160.057s][info][gc,stats    ]    Subphase: Pause Roots VM Thread                         0.000 / 0.000         0.001 / 0.001         0.001 / 0.001         0.001 / 0.001       ms
[2021-02-07T18:31:24.818+0300][160.057s][info][gc,stats    ]    Subphase: Pause Weak Roots                              0.000 / 0.000         0.002 / 0.014         0.002 / 0.014         0.002 / 0.014       ms
[2021-02-07T18:31:24.818+0300][160.057s][info][gc,stats    ]    Subphase: Pause Weak Roots JFRWeak                      0.000 / 0.000         0.001 / 0.013         0.001 / 0.013         0.001 / 0.013       ms
[2021-02-07T18:31:24.818+0300][160.057s][info][gc,stats    ]    Subphase: Pause Weak Roots JVMTIWeakExport              0.000 / 0.000         0.001 / 0.013         0.001 / 0.013         0.001 / 0.013       ms
[2021-02-07T18:31:24.818+0300][160.057s][info][gc,stats    ]    Subphase: Pause Weak Roots Setup                        0.000 / 0.000         0.000 / 0.000         0.000 / 0.000         0.000 / 0.000       ms
[2021-02-07T18:31:24.818+0300][160.057s][info][gc,stats    ]    Subphase: Pause Weak Roots Teardown                     0.000 / 0.000         0.000 / 0.000         0.000 / 0.000         0.000 / 0.000       ms
[2021-02-07T18:31:24.818+0300][160.057s][info][gc,stats    ]      System: Java Threads                                      0 / 0                11 / 16               11 / 16               11 / 16          threads
[2021-02-07T18:31:24.818+0300][160.057s][info][gc,stats    ] =========================================================================================================================================================
[2021-02-07T18:31:33.406+0300][168.645s][info][gc,start    ] GC(15) Garbage Collection (Proactive)
[2021-02-07T18:31:33.406+0300][168.646s][info][gc,phases   ] GC(15) Pause Mark Start 0.151ms
[2021-02-07T18:31:33.644+0300][168.884s][info][gc,phases   ] GC(15) Concurrent Mark 238.013ms
[2021-02-07T18:31:33.645+0300][168.885s][info][gc,phases   ] GC(15) Pause Mark End 0.211ms
[2021-02-07T18:31:33.648+0300][168.888s][info][gc,phases   ] GC(15) Concurrent Process Non-Strong References 2.554ms
[2021-02-07T18:31:33.649+0300][168.889s][info][gc,phases   ] GC(15) Concurrent Reset Relocation Set 0.801ms
[2021-02-07T18:31:33.653+0300][168.893s][info][gc,phases   ] GC(15) Concurrent Select Relocation Set 4.379ms
[2021-02-07T18:31:33.654+0300][168.894s][info][gc,phases   ] GC(15) Pause Relocate Start 0.287ms
[2021-02-07T18:31:33.673+0300][168.913s][info][gc,phases   ] GC(15) Concurrent Relocate 18.151ms
[2021-02-07T18:31:33.673+0300][168.913s][info][gc,load     ] GC(15) Load: 0.00/0.00/0.00
[2021-02-07T18:31:33.673+0300][168.913s][info][gc,mmu      ] GC(15) MMU: 2ms/76.9%, 5ms/90.7%, 10ms/95.0%, 20ms/97.5%, 50ms/98.9%, 100ms/99.0%
[2021-02-07T18:31:33.673+0300][168.913s][info][gc,marking  ] GC(15) Mark: 1 stripe(s), 2 proactive flush(es), 1 terminate flush(es), 1 completion(s), 0 continuation(s)
[2021-02-07T18:31:33.673+0300][168.913s][info][gc,nmethod  ] GC(15) NMethods: 1634 registered, 0 unregistered
[2021-02-07T18:31:33.673+0300][168.913s][info][gc,metaspace] GC(15) Metaspace: 6M used, 7M capacity, 7M committed, 1032M reserved
[2021-02-07T18:31:33.673+0300][168.913s][info][gc,ref      ] GC(15) Soft: 652 encountered, 0 discovered, 0 enqueued
[2021-02-07T18:31:33.673+0300][168.913s][info][gc,ref      ] GC(15) Weak: 1080 encountered, 652 discovered, 0 enqueued
[2021-02-07T18:31:33.673+0300][168.913s][info][gc,ref      ] GC(15) Final: 0 encountered, 0 discovered, 0 enqueued
[2021-02-07T18:31:33.673+0300][168.913s][info][gc,ref      ] GC(15) Phantom: 7 encountered, 6 discovered, 0 enqueued
[2021-02-07T18:31:33.673+0300][168.913s][info][gc,reloc    ] GC(15) Small Pages: 80 / 160M(95%), Empty: 0M(0%), Compacting: 38M(23%)->14M(8%)
[2021-02-07T18:31:33.673+0300][168.913s][info][gc,reloc    ] GC(15) Medium Pages: 0 / 0M(0%), Empty: 0M(0%), Compacting: 0M(0%)->0M(0%)
[2021-02-07T18:31:33.673+0300][168.913s][info][gc,reloc    ] GC(15) Large Pages: 1 / 8M(5%), Empty: 0M(0%), Compacting: 0M(0%)->0M(0%)
[2021-02-07T18:31:33.673+0300][168.913s][info][gc,reloc    ] GC(15) Relocation: Successful
[2021-02-07T18:31:33.673+0300][168.913s][info][gc,heap     ] GC(15) Min Capacity: 256M(100%)
[2021-02-07T18:31:33.673+0300][168.913s][info][gc,heap     ] GC(15) Max Capacity: 256M(100%)
[2021-02-07T18:31:33.673+0300][168.913s][info][gc,heap     ] GC(15) Soft Max Capacity: 256M(100%)
[2021-02-07T18:31:33.673+0300][168.913s][info][gc,heap     ] GC(15)                Mark Start          Mark End        Relocate Start      Relocate End           High               Low
[2021-02-07T18:31:33.673+0300][168.913s][info][gc,heap     ] GC(15)  Capacity:      256M (100%)        256M (100%)        256M (100%)        256M (100%)        256M (100%)        256M (100%)
[2021-02-07T18:31:33.673+0300][168.913s][info][gc,heap     ] GC(15)   Reserve:       12M (5%)           12M (5%)           12M (5%)           12M (5%)           12M (5%)           12M (5%)
[2021-02-07T18:31:33.673+0300][168.913s][info][gc,heap     ] GC(15)      Free:       76M (30%)          74M (29%)          74M (29%)          98M (38%)          98M (38%)          70M (27%)
[2021-02-07T18:31:33.673+0300][168.913s][info][gc,heap     ] GC(15)      Used:      168M (66%)         170M (66%)         170M (66%)         146M (57%)         174M (68%)         146M (57%)
[2021-02-07T18:31:33.673+0300][168.913s][info][gc,heap     ] GC(15)      Live:         -               137M (54%)         137M (54%)         137M (54%)            -                  -
[2021-02-07T18:31:33.673+0300][168.913s][info][gc,heap     ] GC(15) Allocated:         -                 2M (1%)            2M (1%)           16M (6%)             -                  -
[2021-02-07T18:31:33.673+0300][168.913s][info][gc,heap     ] GC(15)   Garbage:         -                30M (12%)          30M (12%)           6M (3%)             -                  -
[2021-02-07T18:31:33.673+0300][168.913s][info][gc,heap     ] GC(15) Reclaimed:         -                  -                 0M (0%)           24M (9%)             -                  -
[2021-02-07T18:31:33.673+0300][168.913s][info][gc          ] GC(15) Garbage Collection (Proactive) 168M(66%)->146M(57%)
[2021-02-07T18:31:34.804+0300][170.044s][info][gc,stats    ] === Garbage Collection Statistics =======================================================================================================================
[2021-02-07T18:31:34.804+0300][170.044s][info][gc,stats    ]                                                              Last 10s              Last 10m              Last 10h                Total
[2021-02-07T18:31:34.804+0300][170.044s][info][gc,stats    ]                                                              Avg / Max             Avg / Max             Avg / Max             Avg / Max
[2021-02-07T18:31:34.804+0300][170.044s][info][gc,stats    ]   Collector: Garbage Collection Cycle                    267.305 / 267.305      99.462 / 267.305      99.462 / 267.305      99.462 / 267.305     ms
[2021-02-07T18:31:34.804+0300][170.044s][info][gc,stats    ]  Contention: Mark Segment Reset Contention                     0 / 0                 0 / 0                 0 / 0                 0 / 0           ops/s
[2021-02-07T18:31:34.804+0300][170.044s][info][gc,stats    ]  Contention: Mark SeqNum Reset Contention                      0 / 0                 0 / 0                 0 / 0                 0 / 0           ops/s
[2021-02-07T18:31:34.804+0300][170.044s][info][gc,stats    ]  Contention: Relocation Contention                             0 / 0                 0 / 4                 0 / 4                 0 / 4           ops/s
[2021-02-07T18:31:34.804+0300][170.044s][info][gc,stats    ]    Critical: Allocation Stall                              0.000 / 0.000         0.000 / 0.000         0.000 / 0.000         0.000 / 0.000       ms
[2021-02-07T18:31:34.804+0300][170.044s][info][gc,stats    ]    Critical: Allocation Stall                                  0 / 0                 0 / 0                 0 / 0                 0 / 0           ops/s
[2021-02-07T18:31:34.804+0300][170.044s][info][gc,stats    ]    Critical: GC Locker Stall                               0.000 / 0.000         0.000 / 0.000         0.000 / 0.000         0.000 / 0.000       ms
[2021-02-07T18:31:34.804+0300][170.044s][info][gc,stats    ]    Critical: GC Locker Stall                                   0 / 0                 0 / 0                 0 / 0                 0 / 0           ops/s
[2021-02-07T18:31:34.804+0300][170.044s][info][gc,stats    ]      Memory: Allocation Rate                                   2 / 22                3 / 304               3 / 304               3 / 304         MB/s
[2021-02-07T18:31:34.804+0300][170.044s][info][gc,stats    ]      Memory: Heap Used After Mark                            170 / 170              68 / 170              68 / 170              68 / 170         MB
[2021-02-07T18:31:34.804+0300][170.044s][info][gc,stats    ]      Memory: Heap Used After Relocation                      146 / 146              59 / 146              59 / 146              59 / 146         MB
[2021-02-07T18:31:34.804+0300][170.044s][info][gc,stats    ]      Memory: Heap Used Before Mark                           168 / 168              68 / 168              68 / 168              68 / 168         MB
[2021-02-07T18:31:34.804+0300][170.044s][info][gc,stats    ]      Memory: Heap Used Before Relocation                     170 / 170              67 / 170              67 / 170              67 / 170         MB
[2021-02-07T18:31:34.804+0300][170.044s][info][gc,stats    ]      Memory: Out Of Memory                                     0 / 0                 0 / 0                 0 / 0                 0 / 0           ops/s
[2021-02-07T18:31:34.804+0300][170.044s][info][gc,stats    ]      Memory: Page Cache Flush                                  0 / 0                 0 / 0                 0 / 0                 0 / 0           MB/s
[2021-02-07T18:31:34.804+0300][170.044s][info][gc,stats    ]      Memory: Page Cache Hit L1                                 0 / 6                 0 / 21                0 / 21                0 / 21          ops/s
[2021-02-07T18:31:34.804+0300][170.044s][info][gc,stats    ]      Memory: Page Cache Hit L2                                 0 / 0                 0 / 0                 0 / 0                 0 / 0           ops/s
[2021-02-07T18:31:34.804+0300][170.044s][info][gc,stats    ]      Memory: Page Cache Hit L3                                 1 / 10                0 / 16                0 / 16                0 / 16          ops/s
[2021-02-07T18:31:34.804+0300][170.044s][info][gc,stats    ]      Memory: Page Cache Miss                                   0 / 0                 0 / 0                 0 / 0                 0 / 0           ops/s
[2021-02-07T18:31:34.804+0300][170.044s][info][gc,stats    ]      Memory: Uncommit                                          0 / 0                 0 / 0                 0 / 0                 0 / 0           MB/s
[2021-02-07T18:31:34.804+0300][170.044s][info][gc,stats    ]      Memory: Undo Object Allocation Failed                     0 / 0                 0 / 0                 0 / 0                 0 / 0           ops/s
[2021-02-07T18:31:34.804+0300][170.044s][info][gc,stats    ]      Memory: Undo Object Allocation Succeeded                  0 / 0                 0 / 4                 0 / 4                 0 / 4           ops/s
[2021-02-07T18:31:34.804+0300][170.044s][info][gc,stats    ]      Memory: Undo Page Allocation                              0 / 0                 0 / 0                 0 / 0                 0 / 0           ops/s
[2021-02-07T18:31:34.804+0300][170.044s][info][gc,stats    ]       Phase: Concurrent Mark                             238.013 / 238.013      84.626 / 238.013      84.626 / 238.013      84.626 / 238.013     ms
[2021-02-07T18:31:34.804+0300][170.044s][info][gc,stats    ]       Phase: Concurrent Mark Continue                      0.000 / 0.000         0.000 / 0.000         0.000 / 0.000         0.000 / 0.000       ms
[2021-02-07T18:31:34.804+0300][170.044s][info][gc,stats    ]       Phase: Concurrent Process Non-Strong References      2.554 / 2.554         1.316 / 2.554         1.316 / 2.554         1.316 / 2.554       ms
[2021-02-07T18:31:34.804+0300][170.044s][info][gc,stats    ]       Phase: Concurrent Relocate                          18.151 / 18.151        8.372 / 19.942        8.372 / 19.942        8.372 / 19.942      ms
[2021-02-07T18:31:34.804+0300][170.044s][info][gc,stats    ]       Phase: Concurrent Reset Relocation Set               0.801 / 0.801         0.261 / 0.801         0.261 / 0.801         0.261 / 0.801       ms
[2021-02-07T18:31:34.804+0300][170.044s][info][gc,stats    ]       Phase: Concurrent Select Relocation Set              4.379 / 4.379         3.089 / 7.297         3.089 / 7.297         3.089 / 7.297       ms
[2021-02-07T18:31:34.804+0300][170.044s][info][gc,stats    ]       Phase: Pause Mark End                                0.211 / 0.211         0.270 / 0.367         0.270 / 0.367         0.270 / 0.367       ms
[2021-02-07T18:31:34.804+0300][170.044s][info][gc,stats    ]       Phase: Pause Mark Start                              0.151 / 0.151         0.111 / 0.463         0.111 / 0.463         0.111 / 0.463       ms
[2021-02-07T18:31:34.804+0300][170.044s][info][gc,stats    ]       Phase: Pause Relocate Start                          0.287 / 0.287         0.132 / 0.287         0.132 / 0.287         0.132 / 0.287       ms
[2021-02-07T18:31:34.804+0300][170.044s][info][gc,stats    ]    Subphase: Concurrent Classes Purge                      0.141 / 0.141         0.098 / 0.141         0.098 / 0.141         0.098 / 0.141       ms
[2021-02-07T18:31:34.804+0300][170.044s][info][gc,stats    ]    Subphase: Concurrent Classes Unlink                     1.395 / 1.395         0.685 / 1.420         0.685 / 1.420         0.685 / 1.420       ms
[2021-02-07T18:31:34.804+0300][170.044s][info][gc,stats    ]    Subphase: Concurrent Mark                             237.740 / 237.740      84.424 / 237.740      84.424 / 237.740      84.424 / 237.740     ms
[2021-02-07T18:31:34.804+0300][170.044s][info][gc,stats    ]    Subphase: Concurrent Mark Idle                          0.000 / 0.000         0.000 / 0.000         0.000 / 0.000         0.000 / 0.000       ms
[2021-02-07T18:31:34.804+0300][170.044s][info][gc,stats    ]    Subphase: Concurrent Mark Try Flush                     0.475 / 0.606         0.218 / 0.606         0.218 / 0.606         0.218 / 0.606       ms
[2021-02-07T18:31:34.804+0300][170.044s][info][gc,stats    ]    Subphase: Concurrent Mark Try Terminate                 0.297 / 0.595         0.112 / 0.595         0.112 / 0.595         0.112 / 0.595       ms
[2021-02-07T18:31:34.804+0300][170.044s][info][gc,stats    ]    Subphase: Concurrent References Enqueue                 0.000 / 0.000         0.001 / 0.004         0.001 / 0.004         0.001 / 0.004       ms
[2021-02-07T18:31:34.804+0300][170.044s][info][gc,stats    ]    Subphase: Concurrent References Process                 0.119 / 0.119         0.107 / 0.211         0.107 / 0.211         0.107 / 0.211       ms
[2021-02-07T18:31:34.804+0300][170.044s][info][gc,stats    ]    Subphase: Concurrent Roots                              0.069 / 0.069         0.055 / 0.114         0.055 / 0.114         0.055 / 0.114       ms
[2021-02-07T18:31:34.804+0300][170.044s][info][gc,stats    ]    Subphase: Concurrent Roots ClassLoaderDataGraph         0.064 / 0.064         0.050 / 0.107         0.050 / 0.107         0.050 / 0.107       ms
[2021-02-07T18:31:34.804+0300][170.044s][info][gc,stats    ]    Subphase: Concurrent Roots JNIHandles                   0.002 / 0.002         0.002 / 0.004         0.002 / 0.004         0.002 / 0.004       ms
[2021-02-07T18:31:34.804+0300][170.044s][info][gc,stats    ]    Subphase: Concurrent Roots Setup                        0.007 / 0.007         0.004 / 0.009         0.004 / 0.009         0.004 / 0.009       ms
[2021-02-07T18:31:34.804+0300][170.044s][info][gc,stats    ]    Subphase: Concurrent Roots Teardown                     0.000 / 0.000         0.000 / 0.000         0.000 / 0.000         0.000 / 0.000       ms
[2021-02-07T18:31:34.804+0300][170.044s][info][gc,stats    ]    Subphase: Concurrent Roots VMHandles                    0.003 / 0.003         0.002 / 0.003         0.002 / 0.003         0.002 / 0.003       ms
[2021-02-07T18:31:34.804+0300][170.044s][info][gc,stats    ]    Subphase: Concurrent Weak Roots                         0.357 / 0.357         0.150 / 0.414         0.150 / 0.414         0.150 / 0.414       ms
[2021-02-07T18:31:34.804+0300][170.044s][info][gc,stats    ]    Subphase: Concurrent Weak Roots JNIWeakHandles          0.000 / 0.000         0.000 / 0.000         0.000 / 0.000         0.000 / 0.000       ms
[2021-02-07T18:31:34.804+0300][170.044s][info][gc,stats    ]    Subphase: Concurrent Weak Roots ResolvedMethodTable     0.019 / 0.019         0.015 / 0.028         0.015 / 0.028         0.015 / 0.028       ms
[2021-02-07T18:31:34.804+0300][170.044s][info][gc,stats    ]    Subphase: Concurrent Weak Roots StringTable             0.329 / 0.329         0.130 / 0.383         0.130 / 0.383         0.130 / 0.383       ms
[2021-02-07T18:31:34.804+0300][170.044s][info][gc,stats    ]    Subphase: Concurrent Weak Roots VMWeakHandles           0.008 / 0.008         0.004 / 0.010         0.004 / 0.010         0.004 / 0.010       ms
[2021-02-07T18:31:34.804+0300][170.044s][info][gc,stats    ]    Subphase: Pause Mark Try Complete                       0.032 / 0.032         0.094 / 0.189         0.094 / 0.189         0.094 / 0.189       ms
[2021-02-07T18:31:34.804+0300][170.044s][info][gc,stats    ]    Subphase: Pause Roots                                   0.146 / 0.251         0.049 / 0.408         0.049 / 0.408         0.049 / 0.408       ms
[2021-02-07T18:31:34.804+0300][170.044s][info][gc,stats    ]    Subphase: Pause Roots CodeCache                         0.000 / 0.000         0.000 / 0.000         0.000 / 0.000         0.000 / 0.000       ms
[2021-02-07T18:31:34.804+0300][170.044s][info][gc,stats    ]    Subphase: Pause Roots JVMTIExport                       0.000 / 0.001         0.000 / 0.002         0.000 / 0.002         0.000 / 0.002       ms
[2021-02-07T18:31:34.804+0300][170.044s][info][gc,stats    ]    Subphase: Pause Roots JVMTIWeakExport                   0.000 / 0.000         0.000 / 0.001         0.000 / 0.001         0.000 / 0.001       ms
[2021-02-07T18:31:34.804+0300][170.044s][info][gc,stats    ]    Subphase: Pause Roots Java Threads                      0.132 / 0.219         0.044 / 0.404         0.044 / 0.404         0.044 / 0.404       ms
[2021-02-07T18:31:34.804+0300][170.044s][info][gc,stats    ]    Subphase: Pause Roots Management                        0.007 / 0.014         0.008 / 0.033         0.008 / 0.033         0.008 / 0.033       ms
[2021-02-07T18:31:34.804+0300][170.044s][info][gc,stats    ]    Subphase: Pause Roots ObjectSynchronizer                0.002 / 0.004         0.000 / 0.004         0.000 / 0.004         0.000 / 0.004       ms
[2021-02-07T18:31:34.804+0300][170.044s][info][gc,stats    ]    Subphase: Pause Roots Setup                             0.000 / 0.000         0.000 / 0.001         0.000 / 0.001         0.000 / 0.001       ms
[2021-02-07T18:31:34.804+0300][170.044s][info][gc,stats    ]    Subphase: Pause Roots Teardown                          0.001 / 0.001         0.001 / 0.001         0.001 / 0.001         0.001 / 0.001       ms
[2021-02-07T18:31:34.804+0300][170.044s][info][gc,stats    ]    Subphase: Pause Roots Universe                          0.007 / 0.012         0.002 / 0.027         0.002 / 0.027         0.002 / 0.027       ms
[2021-02-07T18:31:34.804+0300][170.045s][info][gc,stats    ]    Subphase: Pause Roots VM Thread                         0.005 / 0.010         0.001 / 0.010         0.001 / 0.010         0.001 / 0.010       ms
[2021-02-07T18:31:34.804+0300][170.045s][info][gc,stats    ]    Subphase: Pause Weak Roots                              0.001 / 0.001         0.002 / 0.014         0.002 / 0.014         0.002 / 0.014       ms
[2021-02-07T18:31:34.805+0300][170.045s][info][gc,stats    ]    Subphase: Pause Weak Roots JFRWeak                      0.000 / 0.000         0.001 / 0.013         0.001 / 0.013         0.001 / 0.013       ms
[2021-02-07T18:31:34.805+0300][170.045s][info][gc,stats    ]    Subphase: Pause Weak Roots JVMTIWeakExport              0.000 / 0.000         0.001 / 0.013         0.001 / 0.013         0.001 / 0.013       ms
[2021-02-07T18:31:34.805+0300][170.045s][info][gc,stats    ]    Subphase: Pause Weak Roots Setup                        0.000 / 0.000         0.000 / 0.000         0.000 / 0.000         0.000 / 0.000       ms
[2021-02-07T18:31:34.805+0300][170.045s][info][gc,stats    ]    Subphase: Pause Weak Roots Teardown                     0.000 / 0.000         0.000 / 0.000         0.000 / 0.000         0.000 / 0.000       ms
[2021-02-07T18:31:34.805+0300][170.045s][info][gc,stats    ]      System: Java Threads                                     16 / 16               12 / 16               12 / 16               12 / 16          threads
[2021-02-07T18:31:34.805+0300][170.045s][info][gc,stats    ] =========================================================================================================================================================
[2021-02-07T18:31:44.803+0300][180.043s][info][gc,stats    ] === Garbage Collection Statistics =======================================================================================================================
[2021-02-07T18:31:44.803+0300][180.043s][info][gc,stats    ]                                                              Last 10s              Last 10m              Last 10h                Total
[2021-02-07T18:31:44.803+0300][180.043s][info][gc,stats    ]                                                              Avg / Max             Avg / Max             Avg / Max             Avg / Max
[2021-02-07T18:31:44.803+0300][180.043s][info][gc,stats    ]   Collector: Garbage Collection Cycle                      0.000 / 0.000        99.462 / 267.305      99.462 / 267.305      99.462 / 267.305     ms
[2021-02-07T18:31:44.803+0300][180.043s][info][gc,stats    ]  Contention: Mark Segment Reset Contention                     0 / 0                 0 / 0                 0 / 0                 0 / 0           ops/s
[2021-02-07T18:31:44.803+0300][180.043s][info][gc,stats    ]  Contention: Mark SeqNum Reset Contention                      0 / 0                 0 / 0                 0 / 0                 0 / 0           ops/s
[2021-02-07T18:31:44.803+0300][180.043s][info][gc,stats    ]  Contention: Relocation Contention                             0 / 0                 0 / 4                 0 / 4                 0 / 4           ops/s
[2021-02-07T18:31:44.803+0300][180.043s][info][gc,stats    ]    Critical: Allocation Stall                              0.000 / 0.000         0.000 / 0.000         0.000 / 0.000         0.000 / 0.000       ms
[2021-02-07T18:31:44.803+0300][180.043s][info][gc,stats    ]    Critical: Allocation Stall                                  0 / 0                 0 / 0                 0 / 0                 0 / 0           ops/s
[2021-02-07T18:31:44.803+0300][180.043s][info][gc,stats    ]    Critical: GC Locker Stall                               0.000 / 0.000         0.000 / 0.000         0.000 / 0.000         0.000 / 0.000       ms
[2021-02-07T18:31:44.803+0300][180.043s][info][gc,stats    ]    Critical: GC Locker Stall                                   0 / 0                 0 / 0                 0 / 0                 0 / 0           ops/s
[2021-02-07T18:31:44.803+0300][180.043s][info][gc,stats    ]      Memory: Allocation Rate                                   0 / 2                 3 / 304               3 / 304               3 / 304         MB/s
[2021-02-07T18:31:44.803+0300][180.043s][info][gc,stats    ]      Memory: Heap Used After Mark                              0 / 0                68 / 170              68 / 170              68 / 170         MB
[2021-02-07T18:31:44.803+0300][180.043s][info][gc,stats    ]      Memory: Heap Used After Relocation                        0 / 0                59 / 146              59 / 146              59 / 146         MB
[2021-02-07T18:31:44.803+0300][180.043s][info][gc,stats    ]      Memory: Heap Used Before Mark                             0 / 0                68 / 168              68 / 168              68 / 168         MB
[2021-02-07T18:31:44.803+0300][180.043s][info][gc,stats    ]      Memory: Heap Used Before Relocation                       0 / 0                67 / 170              67 / 170              67 / 170         MB
[2021-02-07T18:31:44.803+0300][180.043s][info][gc,stats    ]      Memory: Out Of Memory                                     0 / 0                 0 / 0                 0 / 0                 0 / 0           ops/s
[2021-02-07T18:31:44.803+0300][180.043s][info][gc,stats    ]      Memory: Page Cache Flush                                  0 / 0                 0 / 0                 0 / 0                 0 / 0           MB/s
[2021-02-07T18:31:44.803+0300][180.043s][info][gc,stats    ]      Memory: Page Cache Hit L1                                 0 / 1                 0 / 21                0 / 21                0 / 21          ops/s
[2021-02-07T18:31:44.803+0300][180.043s][info][gc,stats    ]      Memory: Page Cache Hit L2                                 0 / 0                 0 / 0                 0 / 0                 0 / 0           ops/s
[2021-02-07T18:31:44.803+0300][180.043s][info][gc,stats    ]      Memory: Page Cache Hit L3                                 0 / 0                 0 / 16                0 / 16                0 / 16          ops/s
[2021-02-07T18:31:44.803+0300][180.043s][info][gc,stats    ]      Memory: Page Cache Miss                                   0 / 0                 0 / 0                 0 / 0                 0 / 0           ops/s
[2021-02-07T18:31:44.803+0300][180.043s][info][gc,stats    ]      Memory: Uncommit                                          0 / 0                 0 / 0                 0 / 0                 0 / 0           MB/s
[2021-02-07T18:31:44.803+0300][180.043s][info][gc,stats    ]      Memory: Undo Object Allocation Failed                     0 / 0                 0 / 0                 0 / 0                 0 / 0           ops/s
[2021-02-07T18:31:44.803+0300][180.043s][info][gc,stats    ]      Memory: Undo Object Allocation Succeeded                  0 / 0                 0 / 4                 0 / 4                 0 / 4           ops/s
[2021-02-07T18:31:44.803+0300][180.043s][info][gc,stats    ]      Memory: Undo Page Allocation                              0 / 0                 0 / 0                 0 / 0                 0 / 0           ops/s
[2021-02-07T18:31:44.803+0300][180.043s][info][gc,stats    ]       Phase: Concurrent Mark                               0.000 / 0.000        84.626 / 238.013      84.626 / 238.013      84.626 / 238.013     ms
[2021-02-07T18:31:44.803+0300][180.043s][info][gc,stats    ]       Phase: Concurrent Mark Continue                      0.000 / 0.000         0.000 / 0.000         0.000 / 0.000         0.000 / 0.000       ms
[2021-02-07T18:31:44.803+0300][180.043s][info][gc,stats    ]       Phase: Concurrent Process Non-Strong References      0.000 / 0.000         1.316 / 2.554         1.316 / 2.554         1.316 / 2.554       ms
[2021-02-07T18:31:44.803+0300][180.043s][info][gc,stats    ]       Phase: Concurrent Relocate                           0.000 / 0.000         8.372 / 19.942        8.372 / 19.942        8.372 / 19.942      ms
[2021-02-07T18:31:44.803+0300][180.043s][info][gc,stats    ]       Phase: Concurrent Reset Relocation Set               0.000 / 0.000         0.261 / 0.801         0.261 / 0.801         0.261 / 0.801       ms
[2021-02-07T18:31:44.803+0300][180.043s][info][gc,stats    ]       Phase: Concurrent Select Relocation Set              0.000 / 0.000         3.089 / 7.297         3.089 / 7.297         3.089 / 7.297       ms
[2021-02-07T18:31:44.803+0300][180.043s][info][gc,stats    ]       Phase: Pause Mark End                                0.000 / 0.000         0.270 / 0.367         0.270 / 0.367         0.270 / 0.367       ms
[2021-02-07T18:31:44.803+0300][180.043s][info][gc,stats    ]       Phase: Pause Mark Start                              0.000 / 0.000         0.111 / 0.463         0.111 / 0.463         0.111 / 0.463       ms
[2021-02-07T18:31:44.803+0300][180.043s][info][gc,stats    ]       Phase: Pause Relocate Start                          0.000 / 0.000         0.132 / 0.287         0.132 / 0.287         0.132 / 0.287       ms
[2021-02-07T18:31:44.803+0300][180.043s][info][gc,stats    ]    Subphase: Concurrent Classes Purge                      0.000 / 0.000         0.098 / 0.141         0.098 / 0.141         0.098 / 0.141       ms
[2021-02-07T18:31:44.803+0300][180.043s][info][gc,stats    ]    Subphase: Concurrent Classes Unlink                     0.000 / 0.000         0.685 / 1.420         0.685 / 1.420         0.685 / 1.420       ms
[2021-02-07T18:31:44.803+0300][180.043s][info][gc,stats    ]    Subphase: Concurrent Mark                               0.000 / 0.000        84.424 / 237.740      84.424 / 237.740      84.424 / 237.740     ms
[2021-02-07T18:31:44.803+0300][180.043s][info][gc,stats    ]    Subphase: Concurrent Mark Idle                          0.000 / 0.000         0.000 / 0.000         0.000 / 0.000         0.000 / 0.000       ms
[2021-02-07T18:31:44.803+0300][180.043s][info][gc,stats    ]    Subphase: Concurrent Mark Try Flush                     0.000 / 0.000         0.218 / 0.606         0.218 / 0.606         0.218 / 0.606       ms
[2021-02-07T18:31:44.803+0300][180.043s][info][gc,stats    ]    Subphase: Concurrent Mark Try Terminate                 0.000 / 0.000         0.112 / 0.595         0.112 / 0.595         0.112 / 0.595       ms
[2021-02-07T18:31:44.803+0300][180.043s][info][gc,stats    ]    Subphase: Concurrent References Enqueue                 0.000 / 0.000         0.001 / 0.004         0.001 / 0.004         0.001 / 0.004       ms
[2021-02-07T18:31:44.803+0300][180.043s][info][gc,stats    ]    Subphase: Concurrent References Process                 0.000 / 0.000         0.107 / 0.211         0.107 / 0.211         0.107 / 0.211       ms
[2021-02-07T18:31:44.803+0300][180.043s][info][gc,stats    ]    Subphase: Concurrent Roots                              0.000 / 0.000         0.055 / 0.114         0.055 / 0.114         0.055 / 0.114       ms
[2021-02-07T18:31:44.803+0300][180.043s][info][gc,stats    ]    Subphase: Concurrent Roots ClassLoaderDataGraph         0.000 / 0.000         0.050 / 0.107         0.050 / 0.107         0.050 / 0.107       ms
[2021-02-07T18:31:44.803+0300][180.043s][info][gc,stats    ]    Subphase: Concurrent Roots JNIHandles                   0.000 / 0.000         0.002 / 0.004         0.002 / 0.004         0.002 / 0.004       ms
[2021-02-07T18:31:44.803+0300][180.043s][info][gc,stats    ]    Subphase: Concurrent Roots Setup                        0.000 / 0.000         0.004 / 0.009         0.004 / 0.009         0.004 / 0.009       ms
[2021-02-07T18:31:44.803+0300][180.043s][info][gc,stats    ]    Subphase: Concurrent Roots Teardown                     0.000 / 0.000         0.000 / 0.000         0.000 / 0.000         0.000 / 0.000       ms
[2021-02-07T18:31:44.803+0300][180.043s][info][gc,stats    ]    Subphase: Concurrent Roots VMHandles                    0.000 / 0.000         0.002 / 0.003         0.002 / 0.003         0.002 / 0.003       ms
[2021-02-07T18:31:44.803+0300][180.043s][info][gc,stats    ]    Subphase: Concurrent Weak Roots                         0.000 / 0.000         0.150 / 0.414         0.150 / 0.414         0.150 / 0.414       ms
[2021-02-07T18:31:44.803+0300][180.044s][info][gc,stats    ]    Subphase: Concurrent Weak Roots JNIWeakHandles          0.000 / 0.000         0.000 / 0.000         0.000 / 0.000         0.000 / 0.000       ms
[2021-02-07T18:31:44.803+0300][180.044s][info][gc,stats    ]    Subphase: Concurrent Weak Roots ResolvedMethodTable     0.000 / 0.000         0.015 / 0.028         0.015 / 0.028         0.015 / 0.028       ms
[2021-02-07T18:31:44.803+0300][180.044s][info][gc,stats    ]    Subphase: Concurrent Weak Roots StringTable             0.000 / 0.000         0.130 / 0.383         0.130 / 0.383         0.130 / 0.383       ms
[2021-02-07T18:31:44.803+0300][180.044s][info][gc,stats    ]    Subphase: Concurrent Weak Roots VMWeakHandles           0.000 / 0.000         0.004 / 0.010         0.004 / 0.010         0.004 / 0.010       ms
[2021-02-07T18:31:44.803+0300][180.044s][info][gc,stats    ]    Subphase: Pause Mark Try Complete                       0.000 / 0.000         0.094 / 0.189         0.094 / 0.189         0.094 / 0.189       ms
[2021-02-07T18:31:44.803+0300][180.044s][info][gc,stats    ]    Subphase: Pause Roots                                   0.000 / 0.000         0.049 / 0.408         0.049 / 0.408         0.049 / 0.408       ms
[2021-02-07T18:31:44.803+0300][180.044s][info][gc,stats    ]    Subphase: Pause Roots CodeCache                         0.000 / 0.000         0.000 / 0.000         0.000 / 0.000         0.000 / 0.000       ms
[2021-02-07T18:31:44.803+0300][180.044s][info][gc,stats    ]    Subphase: Pause Roots JVMTIExport                       0.000 / 0.000         0.000 / 0.002         0.000 / 0.002         0.000 / 0.002       ms
[2021-02-07T18:31:44.803+0300][180.044s][info][gc,stats    ]    Subphase: Pause Roots JVMTIWeakExport                   0.000 / 0.000         0.000 / 0.001         0.000 / 0.001         0.000 / 0.001       ms
[2021-02-07T18:31:44.803+0300][180.044s][info][gc,stats    ]    Subphase: Pause Roots Java Threads                      0.000 / 0.000         0.044 / 0.404         0.044 / 0.404         0.044 / 0.404       ms
[2021-02-07T18:31:44.803+0300][180.044s][info][gc,stats    ]    Subphase: Pause Roots Management                        0.000 / 0.000         0.008 / 0.033         0.008 / 0.033         0.008 / 0.033       ms
[2021-02-07T18:31:44.803+0300][180.044s][info][gc,stats    ]    Subphase: Pause Roots ObjectSynchronizer                0.000 / 0.000         0.000 / 0.004         0.000 / 0.004         0.000 / 0.004       ms
[2021-02-07T18:31:44.803+0300][180.044s][info][gc,stats    ]    Subphase: Pause Roots Setup                             0.000 / 0.000         0.000 / 0.001         0.000 / 0.001         0.000 / 0.001       ms
[2021-02-07T18:31:44.803+0300][180.044s][info][gc,stats    ]    Subphase: Pause Roots Teardown                          0.000 / 0.000         0.001 / 0.001         0.001 / 0.001         0.001 / 0.001       ms
[2021-02-07T18:31:44.803+0300][180.044s][info][gc,stats    ]    Subphase: Pause Roots Universe                          0.000 / 0.000         0.002 / 0.027         0.002 / 0.027         0.002 / 0.027       ms
[2021-02-07T18:31:44.803+0300][180.044s][info][gc,stats    ]    Subphase: Pause Roots VM Thread                         0.000 / 0.000         0.001 / 0.010         0.001 / 0.010         0.001 / 0.010       ms
[2021-02-07T18:31:44.803+0300][180.044s][info][gc,stats    ]    Subphase: Pause Weak Roots                              0.000 / 0.000         0.002 / 0.014         0.002 / 0.014         0.002 / 0.014       ms
[2021-02-07T18:31:44.803+0300][180.044s][info][gc,stats    ]    Subphase: Pause Weak Roots JFRWeak                      0.000 / 0.000         0.001 / 0.013         0.001 / 0.013         0.001 / 0.013       ms
[2021-02-07T18:31:44.804+0300][180.044s][info][gc,stats    ]    Subphase: Pause Weak Roots JVMTIWeakExport              0.000 / 0.000         0.001 / 0.013         0.001 / 0.013         0.001 / 0.013       ms
[2021-02-07T18:31:44.804+0300][180.044s][info][gc,stats    ]    Subphase: Pause Weak Roots Setup                        0.000 / 0.000         0.000 / 0.000         0.000 / 0.000         0.000 / 0.000       ms
[2021-02-07T18:31:44.804+0300][180.044s][info][gc,stats    ]    Subphase: Pause Weak Roots Teardown                     0.000 / 0.000         0.000 / 0.000         0.000 / 0.000         0.000 / 0.000       ms
[2021-02-07T18:31:44.804+0300][180.044s][info][gc,stats    ]      System: Java Threads                                      0 / 0                12 / 16               12 / 16               12 / 16          threads
[2021-02-07T18:31:44.804+0300][180.044s][info][gc,stats    ] =========================================================================================================================================================
[2021-02-07T18:31:54.804+0300][190.044s][info][gc,stats    ] === Garbage Collection Statistics =======================================================================================================================
[2021-02-07T18:31:54.804+0300][190.044s][info][gc,stats    ]                                                              Last 10s              Last 10m              Last 10h                Total
[2021-02-07T18:31:54.804+0300][190.044s][info][gc,stats    ]                                                              Avg / Max             Avg / Max             Avg / Max             Avg / Max
[2021-02-07T18:31:54.804+0300][190.044s][info][gc,stats    ]   Collector: Garbage Collection Cycle                      0.000 / 0.000        99.462 / 267.305      99.462 / 267.305      99.462 / 267.305     ms
[2021-02-07T18:31:54.804+0300][190.044s][info][gc,stats    ]  Contention: Mark Segment Reset Contention                     0 / 0                 0 / 0                 0 / 0                 0 / 0           ops/s
[2021-02-07T18:31:54.804+0300][190.044s][info][gc,stats    ]  Contention: Mark SeqNum Reset Contention                      0 / 0                 0 / 0                 0 / 0                 0 / 0           ops/s
[2021-02-07T18:31:54.804+0300][190.044s][info][gc,stats    ]  Contention: Relocation Contention                             0 / 0                 0 / 4                 0 / 4                 0 / 4           ops/s
[2021-02-07T18:31:54.804+0300][190.044s][info][gc,stats    ]    Critical: Allocation Stall                              0.000 / 0.000         0.000 / 0.000         0.000 / 0.000         0.000 / 0.000       ms
[2021-02-07T18:31:54.804+0300][190.044s][info][gc,stats    ]    Critical: Allocation Stall                                  0 / 0                 0 / 0                 0 / 0                 0 / 0           ops/s
[2021-02-07T18:31:54.804+0300][190.044s][info][gc,stats    ]    Critical: GC Locker Stall                               0.000 / 0.000         0.000 / 0.000         0.000 / 0.000         0.000 / 0.000       ms
[2021-02-07T18:31:54.804+0300][190.044s][info][gc,stats    ]    Critical: GC Locker Stall                                   0 / 0                 0 / 0                 0 / 0                 0 / 0           ops/s
[2021-02-07T18:31:54.804+0300][190.044s][info][gc,stats    ]      Memory: Allocation Rate                                   0 / 0                 3 / 304               3 / 304               3 / 304         MB/s
[2021-02-07T18:31:54.804+0300][190.044s][info][gc,stats    ]      Memory: Heap Used After Mark                              0 / 0                68 / 170              68 / 170              68 / 170         MB
[2021-02-07T18:31:54.804+0300][190.044s][info][gc,stats    ]      Memory: Heap Used After Relocation                        0 / 0                59 / 146              59 / 146              59 / 146         MB
[2021-02-07T18:31:54.804+0300][190.044s][info][gc,stats    ]      Memory: Heap Used Before Mark                             0 / 0                68 / 168              68 / 168              68 / 168         MB
[2021-02-07T18:31:54.804+0300][190.044s][info][gc,stats    ]      Memory: Heap Used Before Relocation                       0 / 0                67 / 170              67 / 170              67 / 170         MB
[2021-02-07T18:31:54.804+0300][190.044s][info][gc,stats    ]      Memory: Out Of Memory                                     0 / 0                 0 / 0                 0 / 0                 0 / 0           ops/s
[2021-02-07T18:31:54.804+0300][190.044s][info][gc,stats    ]      Memory: Page Cache Flush                                  0 / 0                 0 / 0                 0 / 0                 0 / 0           MB/s
[2021-02-07T18:31:54.804+0300][190.044s][info][gc,stats    ]      Memory: Page Cache Hit L1                                 0 / 0                 0 / 21                0 / 21                0 / 21          ops/s
[2021-02-07T18:31:54.804+0300][190.044s][info][gc,stats    ]      Memory: Page Cache Hit L2                                 0 / 0                 0 / 0                 0 / 0                 0 / 0           ops/s
[2021-02-07T18:31:54.804+0300][190.044s][info][gc,stats    ]      Memory: Page Cache Hit L3                                 0 / 0                 0 / 16                0 / 16                0 / 16          ops/s
[2021-02-07T18:31:54.804+0300][190.044s][info][gc,stats    ]      Memory: Page Cache Miss                                   0 / 0                 0 / 0                 0 / 0                 0 / 0           ops/s
[2021-02-07T18:31:54.804+0300][190.044s][info][gc,stats    ]      Memory: Uncommit                                          0 / 0                 0 / 0                 0 / 0                 0 / 0           MB/s
[2021-02-07T18:31:54.804+0300][190.044s][info][gc,stats    ]      Memory: Undo Object Allocation Failed                     0 / 0                 0 / 0                 0 / 0                 0 / 0           ops/s
[2021-02-07T18:31:54.804+0300][190.044s][info][gc,stats    ]      Memory: Undo Object Allocation Succeeded                  0 / 0                 0 / 4                 0 / 4                 0 / 4           ops/s
[2021-02-07T18:31:54.804+0300][190.044s][info][gc,stats    ]      Memory: Undo Page Allocation                              0 / 0                 0 / 0                 0 / 0                 0 / 0           ops/s
[2021-02-07T18:31:54.804+0300][190.044s][info][gc,stats    ]       Phase: Concurrent Mark                               0.000 / 0.000        84.626 / 238.013      84.626 / 238.013      84.626 / 238.013     ms
[2021-02-07T18:31:54.804+0300][190.044s][info][gc,stats    ]       Phase: Concurrent Mark Continue                      0.000 / 0.000         0.000 / 0.000         0.000 / 0.000         0.000 / 0.000       ms
[2021-02-07T18:31:54.804+0300][190.044s][info][gc,stats    ]       Phase: Concurrent Process Non-Strong References      0.000 / 0.000         1.316 / 2.554         1.316 / 2.554         1.316 / 2.554       ms
[2021-02-07T18:31:54.804+0300][190.044s][info][gc,stats    ]       Phase: Concurrent Relocate                           0.000 / 0.000         8.372 / 19.942        8.372 / 19.942        8.372 / 19.942      ms
[2021-02-07T18:31:54.804+0300][190.044s][info][gc,stats    ]       Phase: Concurrent Reset Relocation Set               0.000 / 0.000         0.261 / 0.801         0.261 / 0.801         0.261 / 0.801       ms
[2021-02-07T18:31:54.804+0300][190.044s][info][gc,stats    ]       Phase: Concurrent Select Relocation Set              0.000 / 0.000         3.089 / 7.297         3.089 / 7.297         3.089 / 7.297       ms
[2021-02-07T18:31:54.804+0300][190.044s][info][gc,stats    ]       Phase: Pause Mark End                                0.000 / 0.000         0.270 / 0.367         0.270 / 0.367         0.270 / 0.367       ms
[2021-02-07T18:31:54.804+0300][190.044s][info][gc,stats    ]       Phase: Pause Mark Start                              0.000 / 0.000         0.111 / 0.463         0.111 / 0.463         0.111 / 0.463       ms
[2021-02-07T18:31:54.804+0300][190.044s][info][gc,stats    ]       Phase: Pause Relocate Start                          0.000 / 0.000         0.132 / 0.287         0.132 / 0.287         0.132 / 0.287       ms
[2021-02-07T18:31:54.804+0300][190.044s][info][gc,stats    ]    Subphase: Concurrent Classes Purge                      0.000 / 0.000         0.098 / 0.141         0.098 / 0.141         0.098 / 0.141       ms
[2021-02-07T18:31:54.804+0300][190.044s][info][gc,stats    ]    Subphase: Concurrent Classes Unlink                     0.000 / 0.000         0.685 / 1.420         0.685 / 1.420         0.685 / 1.420       ms
[2021-02-07T18:31:54.804+0300][190.044s][info][gc,stats    ]    Subphase: Concurrent Mark                               0.000 / 0.000        84.424 / 237.740      84.424 / 237.740      84.424 / 237.740     ms
[2021-02-07T18:31:54.804+0300][190.044s][info][gc,stats    ]    Subphase: Concurrent Mark Idle                          0.000 / 0.000         0.000 / 0.000         0.000 / 0.000         0.000 / 0.000       ms
[2021-02-07T18:31:54.804+0300][190.044s][info][gc,stats    ]    Subphase: Concurrent Mark Try Flush                     0.000 / 0.000         0.218 / 0.606         0.218 / 0.606         0.218 / 0.606       ms
[2021-02-07T18:31:54.804+0300][190.044s][info][gc,stats    ]    Subphase: Concurrent Mark Try Terminate                 0.000 / 0.000         0.112 / 0.595         0.112 / 0.595         0.112 / 0.595       ms
[2021-02-07T18:31:54.804+0300][190.045s][info][gc,stats    ]    Subphase: Concurrent References Enqueue                 0.000 / 0.000         0.001 / 0.004         0.001 / 0.004         0.001 / 0.004       ms
[2021-02-07T18:31:54.804+0300][190.045s][info][gc,stats    ]    Subphase: Concurrent References Process                 0.000 / 0.000         0.107 / 0.211         0.107 / 0.211         0.107 / 0.211       ms
[2021-02-07T18:31:54.804+0300][190.045s][info][gc,stats    ]    Subphase: Concurrent Roots                              0.000 / 0.000         0.055 / 0.114         0.055 / 0.114         0.055 / 0.114       ms
[2021-02-07T18:31:54.804+0300][190.045s][info][gc,stats    ]    Subphase: Concurrent Roots ClassLoaderDataGraph         0.000 / 0.000         0.050 / 0.107         0.050 / 0.107         0.050 / 0.107       ms
[2021-02-07T18:31:54.804+0300][190.045s][info][gc,stats    ]    Subphase: Concurrent Roots JNIHandles                   0.000 / 0.000         0.002 / 0.004         0.002 / 0.004         0.002 / 0.004       ms
[2021-02-07T18:31:54.804+0300][190.045s][info][gc,stats    ]    Subphase: Concurrent Roots Setup                        0.000 / 0.000         0.004 / 0.009         0.004 / 0.009         0.004 / 0.009       ms
[2021-02-07T18:31:54.804+0300][190.045s][info][gc,stats    ]    Subphase: Concurrent Roots Teardown                     0.000 / 0.000         0.000 / 0.000         0.000 / 0.000         0.000 / 0.000       ms
[2021-02-07T18:31:54.804+0300][190.045s][info][gc,stats    ]    Subphase: Concurrent Roots VMHandles                    0.000 / 0.000         0.002 / 0.003         0.002 / 0.003         0.002 / 0.003       ms
[2021-02-07T18:31:54.804+0300][190.045s][info][gc,stats    ]    Subphase: Concurrent Weak Roots                         0.000 / 0.000         0.150 / 0.414         0.150 / 0.414         0.150 / 0.414       ms
[2021-02-07T18:31:54.804+0300][190.045s][info][gc,stats    ]    Subphase: Concurrent Weak Roots JNIWeakHandles          0.000 / 0.000         0.000 / 0.000         0.000 / 0.000         0.000 / 0.000       ms
[2021-02-07T18:31:54.804+0300][190.045s][info][gc,stats    ]    Subphase: Concurrent Weak Roots ResolvedMethodTable     0.000 / 0.000         0.015 / 0.028         0.015 / 0.028         0.015 / 0.028       ms
[2021-02-07T18:31:54.804+0300][190.045s][info][gc,stats    ]    Subphase: Concurrent Weak Roots StringTable             0.000 / 0.000         0.130 / 0.383         0.130 / 0.383         0.130 / 0.383       ms
[2021-02-07T18:31:54.804+0300][190.045s][info][gc,stats    ]    Subphase: Concurrent Weak Roots VMWeakHandles           0.000 / 0.000         0.004 / 0.010         0.004 / 0.010         0.004 / 0.010       ms
[2021-02-07T18:31:54.804+0300][190.045s][info][gc,stats    ]    Subphase: Pause Mark Try Complete                       0.000 / 0.000         0.094 / 0.189         0.094 / 0.189         0.094 / 0.189       ms
[2021-02-07T18:31:54.804+0300][190.045s][info][gc,stats    ]    Subphase: Pause Roots                                   0.000 / 0.000         0.049 / 0.408         0.049 / 0.408         0.049 / 0.408       ms
[2021-02-07T18:31:54.804+0300][190.045s][info][gc,stats    ]    Subphase: Pause Roots CodeCache                         0.000 / 0.000         0.000 / 0.000         0.000 / 0.000         0.000 / 0.000       ms
[2021-02-07T18:31:54.804+0300][190.045s][info][gc,stats    ]    Subphase: Pause Roots JVMTIExport                       0.000 / 0.000         0.000 / 0.002         0.000 / 0.002         0.000 / 0.002       ms
[2021-02-07T18:31:54.804+0300][190.045s][info][gc,stats    ]    Subphase: Pause Roots JVMTIWeakExport                   0.000 / 0.000         0.000 / 0.001         0.000 / 0.001         0.000 / 0.001       ms
[2021-02-07T18:31:54.804+0300][190.045s][info][gc,stats    ]    Subphase: Pause Roots Java Threads                      0.000 / 0.000         0.044 / 0.404         0.044 / 0.404         0.044 / 0.404       ms
[2021-02-07T18:31:54.804+0300][190.045s][info][gc,stats    ]    Subphase: Pause Roots Management                        0.000 / 0.000         0.008 / 0.033         0.008 / 0.033         0.008 / 0.033       ms
[2021-02-07T18:31:54.804+0300][190.045s][info][gc,stats    ]    Subphase: Pause Roots ObjectSynchronizer                0.000 / 0.000         0.000 / 0.004         0.000 / 0.004         0.000 / 0.004       ms
[2021-02-07T18:31:54.804+0300][190.045s][info][gc,stats    ]    Subphase: Pause Roots Setup                             0.000 / 0.000         0.000 / 0.001         0.000 / 0.001         0.000 / 0.001       ms
[2021-02-07T18:31:54.804+0300][190.045s][info][gc,stats    ]    Subphase: Pause Roots Teardown                          0.000 / 0.000         0.001 / 0.001         0.001 / 0.001         0.001 / 0.001       ms
[2021-02-07T18:31:54.804+0300][190.045s][info][gc,stats    ]    Subphase: Pause Roots Universe                          0.000 / 0.000         0.002 / 0.027         0.002 / 0.027         0.002 / 0.027       ms
[2021-02-07T18:31:54.804+0300][190.045s][info][gc,stats    ]    Subphase: Pause Roots VM Thread                         0.000 / 0.000         0.001 / 0.010         0.001 / 0.010         0.001 / 0.010       ms
[2021-02-07T18:31:54.804+0300][190.045s][info][gc,stats    ]    Subphase: Pause Weak Roots                              0.000 / 0.000         0.002 / 0.014         0.002 / 0.014         0.002 / 0.014       ms
[2021-02-07T18:31:54.804+0300][190.045s][info][gc,stats    ]    Subphase: Pause Weak Roots JFRWeak                      0.000 / 0.000         0.001 / 0.013         0.001 / 0.013         0.001 / 0.013       ms
[2021-02-07T18:31:54.804+0300][190.045s][info][gc,stats    ]    Subphase: Pause Weak Roots JVMTIWeakExport              0.000 / 0.000         0.001 / 0.013         0.001 / 0.013         0.001 / 0.013       ms
[2021-02-07T18:31:54.804+0300][190.045s][info][gc,stats    ]    Subphase: Pause Weak Roots Setup                        0.000 / 0.000         0.000 / 0.000         0.000 / 0.000         0.000 / 0.000       ms
[2021-02-07T18:31:54.804+0300][190.045s][info][gc,stats    ]    Subphase: Pause Weak Roots Teardown                     0.000 / 0.000         0.000 / 0.000         0.000 / 0.000         0.000 / 0.000       ms
[2021-02-07T18:31:54.804+0300][190.045s][info][gc,stats    ]      System: Java Threads                                      0 / 0                12 / 16               12 / 16               12 / 16          threads
[2021-02-07T18:31:54.804+0300][190.045s][info][gc,stats    ] =========================================================================================================================================================
[2021-02-07T18:32:04.813+0300][200.052s][info][gc,stats    ] === Garbage Collection Statistics =======================================================================================================================
[2021-02-07T18:32:04.813+0300][200.052s][info][gc,stats    ]                                                              Last 10s              Last 10m              Last 10h                Total
[2021-02-07T18:32:04.813+0300][200.052s][info][gc,stats    ]                                                              Avg / Max             Avg / Max             Avg / Max             Avg / Max
[2021-02-07T18:32:04.813+0300][200.052s][info][gc,stats    ]   Collector: Garbage Collection Cycle                      0.000 / 0.000        99.462 / 267.305      99.462 / 267.305      99.462 / 267.305     ms
[2021-02-07T18:32:04.813+0300][200.052s][info][gc,stats    ]  Contention: Mark Segment Reset Contention                     0 / 0                 0 / 0                 0 / 0                 0 / 0           ops/s
[2021-02-07T18:32:04.813+0300][200.052s][info][gc,stats    ]  Contention: Mark SeqNum Reset Contention                      0 / 0                 0 / 0                 0 / 0                 0 / 0           ops/s
[2021-02-07T18:32:04.813+0300][200.053s][info][gc,stats    ]  Contention: Relocation Contention                             0 / 0                 0 / 4                 0 / 4                 0 / 4           ops/s
[2021-02-07T18:32:04.813+0300][200.053s][info][gc,stats    ]    Critical: Allocation Stall                              0.000 / 0.000         0.000 / 0.000         0.000 / 0.000         0.000 / 0.000       ms
[2021-02-07T18:32:04.813+0300][200.053s][info][gc,stats    ]    Critical: Allocation Stall                                  0 / 0                 0 / 0                 0 / 0                 0 / 0           ops/s
[2021-02-07T18:32:04.813+0300][200.053s][info][gc,stats    ]    Critical: GC Locker Stall                               0.000 / 0.000         0.000 / 0.000         0.000 / 0.000         0.000 / 0.000       ms
[2021-02-07T18:32:04.813+0300][200.053s][info][gc,stats    ]    Critical: GC Locker Stall                                   0 / 0                 0 / 0                 0 / 0                 0 / 0           ops/s
[2021-02-07T18:32:04.813+0300][200.053s][info][gc,stats    ]      Memory: Allocation Rate                                   2 / 16                3 / 304               3 / 304               3 / 304         MB/s
[2021-02-07T18:32:04.813+0300][200.053s][info][gc,stats    ]      Memory: Heap Used After Mark                              0 / 0                68 / 170              68 / 170              68 / 170         MB
[2021-02-07T18:32:04.813+0300][200.053s][info][gc,stats    ]      Memory: Heap Used After Relocation                        0 / 0                59 / 146              59 / 146              59 / 146         MB
[2021-02-07T18:32:04.813+0300][200.053s][info][gc,stats    ]      Memory: Heap Used Before Mark                             0 / 0                68 / 168              68 / 168              68 / 168         MB
[2021-02-07T18:32:04.813+0300][200.053s][info][gc,stats    ]      Memory: Heap Used Before Relocation                       0 / 0                67 / 170              67 / 170              67 / 170         MB
[2021-02-07T18:32:04.813+0300][200.053s][info][gc,stats    ]      Memory: Out Of Memory                                     0 / 0                 0 / 0                 0 / 0                 0 / 0           ops/s
[2021-02-07T18:32:04.813+0300][200.053s][info][gc,stats    ]      Memory: Page Cache Flush                                  0 / 0                 0 / 0                 0 / 0                 0 / 0           MB/s
[2021-02-07T18:32:04.813+0300][200.053s][info][gc,stats    ]      Memory: Page Cache Hit L1                                 1 / 8                 0 / 21                0 / 21                0 / 21          ops/s
[2021-02-07T18:32:04.813+0300][200.053s][info][gc,stats    ]      Memory: Page Cache Hit L2                                 0 / 0                 0 / 0                 0 / 0                 0 / 0           ops/s
[2021-02-07T18:32:04.813+0300][200.053s][info][gc,stats    ]      Memory: Page Cache Hit L3                                 0 / 0                 0 / 16                0 / 16                0 / 16          ops/s
[2021-02-07T18:32:04.813+0300][200.053s][info][gc,stats    ]      Memory: Page Cache Miss                                   0 / 0                 0 / 0                 0 / 0                 0 / 0           ops/s
[2021-02-07T18:32:04.813+0300][200.053s][info][gc,stats    ]      Memory: Uncommit                                          0 / 0                 0 / 0                 0 / 0                 0 / 0           MB/s
[2021-02-07T18:32:04.813+0300][200.053s][info][gc,stats    ]      Memory: Undo Object Allocation Failed                     0 / 0                 0 / 0                 0 / 0                 0 / 0           ops/s
[2021-02-07T18:32:04.813+0300][200.053s][info][gc,stats    ]      Memory: Undo Object Allocation Succeeded                  0 / 0                 0 / 4                 0 / 4                 0 / 4           ops/s
[2021-02-07T18:32:04.813+0300][200.053s][info][gc,stats    ]      Memory: Undo Page Allocation                              0 / 0                 0 / 0                 0 / 0                 0 / 0           ops/s
[2021-02-07T18:32:04.813+0300][200.053s][info][gc,stats    ]       Phase: Concurrent Mark                               0.000 / 0.000        84.626 / 238.013      84.626 / 238.013      84.626 / 238.013     ms
[2021-02-07T18:32:04.813+0300][200.053s][info][gc,stats    ]       Phase: Concurrent Mark Continue                      0.000 / 0.000         0.000 / 0.000         0.000 / 0.000         0.000 / 0.000       ms
[2021-02-07T18:32:04.813+0300][200.053s][info][gc,stats    ]       Phase: Concurrent Process Non-Strong References      0.000 / 0.000         1.316 / 2.554         1.316 / 2.554         1.316 / 2.554       ms
[2021-02-07T18:32:04.813+0300][200.053s][info][gc,stats    ]       Phase: Concurrent Relocate                           0.000 / 0.000         8.372 / 19.942        8.372 / 19.942        8.372 / 19.942      ms
[2021-02-07T18:32:04.813+0300][200.053s][info][gc,stats    ]       Phase: Concurrent Reset Relocation Set               0.000 / 0.000         0.261 / 0.801         0.261 / 0.801         0.261 / 0.801       ms
[2021-02-07T18:32:04.813+0300][200.053s][info][gc,stats    ]       Phase: Concurrent Select Relocation Set              0.000 / 0.000         3.089 / 7.297         3.089 / 7.297         3.089 / 7.297       ms
[2021-02-07T18:32:04.813+0300][200.053s][info][gc,stats    ]       Phase: Pause Mark End                                0.000 / 0.000         0.270 / 0.367         0.270 / 0.367         0.270 / 0.367       ms
[2021-02-07T18:32:04.813+0300][200.053s][info][gc,stats    ]       Phase: Pause Mark Start                              0.000 / 0.000         0.111 / 0.463         0.111 / 0.463         0.111 / 0.463       ms
[2021-02-07T18:32:04.813+0300][200.053s][info][gc,stats    ]       Phase: Pause Relocate Start                          0.000 / 0.000         0.132 / 0.287         0.132 / 0.287         0.132 / 0.287       ms
[2021-02-07T18:32:04.813+0300][200.053s][info][gc,stats    ]    Subphase: Concurrent Classes Purge                      0.000 / 0.000         0.098 / 0.141         0.098 / 0.141         0.098 / 0.141       ms
[2021-02-07T18:32:04.813+0300][200.053s][info][gc,stats    ]    Subphase: Concurrent Classes Unlink                     0.000 / 0.000         0.685 / 1.420         0.685 / 1.420         0.685 / 1.420       ms
[2021-02-07T18:32:04.813+0300][200.053s][info][gc,stats    ]    Subphase: Concurrent Mark                               0.000 / 0.000        84.424 / 237.740      84.424 / 237.740      84.424 / 237.740     ms
[2021-02-07T18:32:04.813+0300][200.053s][info][gc,stats    ]    Subphase: Concurrent Mark Idle                          0.000 / 0.000         0.000 / 0.000         0.000 / 0.000         0.000 / 0.000       ms
[2021-02-07T18:32:04.813+0300][200.053s][info][gc,stats    ]    Subphase: Concurrent Mark Try Flush                     0.000 / 0.000         0.218 / 0.606         0.218 / 0.606         0.218 / 0.606       ms
[2021-02-07T18:32:04.813+0300][200.053s][info][gc,stats    ]    Subphase: Concurrent Mark Try Terminate                 0.000 / 0.000         0.112 / 0.595         0.112 / 0.595         0.112 / 0.595       ms
[2021-02-07T18:32:04.813+0300][200.053s][info][gc,stats    ]    Subphase: Concurrent References Enqueue                 0.000 / 0.000         0.001 / 0.004         0.001 / 0.004         0.001 / 0.004       ms
[2021-02-07T18:32:04.813+0300][200.053s][info][gc,stats    ]    Subphase: Concurrent References Process                 0.000 / 0.000         0.107 / 0.211         0.107 / 0.211         0.107 / 0.211       ms
[2021-02-07T18:32:04.813+0300][200.053s][info][gc,stats    ]    Subphase: Concurrent Roots                              0.000 / 0.000         0.055 / 0.114         0.055 / 0.114         0.055 / 0.114       ms
[2021-02-07T18:32:04.813+0300][200.053s][info][gc,stats    ]    Subphase: Concurrent Roots ClassLoaderDataGraph         0.000 / 0.000         0.050 / 0.107         0.050 / 0.107         0.050 / 0.107       ms
[2021-02-07T18:32:04.813+0300][200.053s][info][gc,stats    ]    Subphase: Concurrent Roots JNIHandles                   0.000 / 0.000         0.002 / 0.004         0.002 / 0.004         0.002 / 0.004       ms
[2021-02-07T18:32:04.813+0300][200.053s][info][gc,stats    ]    Subphase: Concurrent Roots Setup                        0.000 / 0.000         0.004 / 0.009         0.004 / 0.009         0.004 / 0.009       ms
[2021-02-07T18:32:04.813+0300][200.053s][info][gc,stats    ]    Subphase: Concurrent Roots Teardown                     0.000 / 0.000         0.000 / 0.000         0.000 / 0.000         0.000 / 0.000       ms
[2021-02-07T18:32:04.813+0300][200.053s][info][gc,stats    ]    Subphase: Concurrent Roots VMHandles                    0.000 / 0.000         0.002 / 0.003         0.002 / 0.003         0.002 / 0.003       ms
[2021-02-07T18:32:04.813+0300][200.053s][info][gc,stats    ]    Subphase: Concurrent Weak Roots                         0.000 / 0.000         0.150 / 0.414         0.150 / 0.414         0.150 / 0.414       ms
[2021-02-07T18:32:04.813+0300][200.053s][info][gc,stats    ]    Subphase: Concurrent Weak Roots JNIWeakHandles          0.000 / 0.000         0.000 / 0.000         0.000 / 0.000         0.000 / 0.000       ms
[2021-02-07T18:32:04.813+0300][200.053s][info][gc,stats    ]    Subphase: Concurrent Weak Roots ResolvedMethodTable     0.000 / 0.000         0.015 / 0.028         0.015 / 0.028         0.015 / 0.028       ms
[2021-02-07T18:32:04.813+0300][200.053s][info][gc,stats    ]    Subphase: Concurrent Weak Roots StringTable             0.000 / 0.000         0.130 / 0.383         0.130 / 0.383         0.130 / 0.383       ms
[2021-02-07T18:32:04.813+0300][200.053s][info][gc,stats    ]    Subphase: Concurrent Weak Roots VMWeakHandles           0.000 / 0.000         0.004 / 0.010         0.004 / 0.010         0.004 / 0.010       ms
[2021-02-07T18:32:04.813+0300][200.053s][info][gc,stats    ]    Subphase: Pause Mark Try Complete                       0.000 / 0.000         0.094 / 0.189         0.094 / 0.189         0.094 / 0.189       ms
[2021-02-07T18:32:04.813+0300][200.053s][info][gc,stats    ]    Subphase: Pause Roots                                   0.000 / 0.000         0.049 / 0.408         0.049 / 0.408         0.049 / 0.408       ms
[2021-02-07T18:32:04.813+0300][200.053s][info][gc,stats    ]    Subphase: Pause Roots CodeCache                         0.000 / 0.000         0.000 / 0.000         0.000 / 0.000         0.000 / 0.000       ms
[2021-02-07T18:32:04.813+0300][200.053s][info][gc,stats    ]    Subphase: Pause Roots JVMTIExport                       0.000 / 0.000         0.000 / 0.002         0.000 / 0.002         0.000 / 0.002       ms
[2021-02-07T18:32:04.813+0300][200.053s][info][gc,stats    ]    Subphase: Pause Roots JVMTIWeakExport                   0.000 / 0.000         0.000 / 0.001         0.000 / 0.001         0.000 / 0.001       ms
[2021-02-07T18:32:04.813+0300][200.053s][info][gc,stats    ]    Subphase: Pause Roots Java Threads                      0.000 / 0.000         0.044 / 0.404         0.044 / 0.404         0.044 / 0.404       ms
[2021-02-07T18:32:04.813+0300][200.053s][info][gc,stats    ]    Subphase: Pause Roots Management                        0.000 / 0.000         0.008 / 0.033         0.008 / 0.033         0.008 / 0.033       ms
[2021-02-07T18:32:04.813+0300][200.053s][info][gc,stats    ]    Subphase: Pause Roots ObjectSynchronizer                0.000 / 0.000         0.000 / 0.004         0.000 / 0.004         0.000 / 0.004       ms
[2021-02-07T18:32:04.813+0300][200.053s][info][gc,stats    ]    Subphase: Pause Roots Setup                             0.000 / 0.000         0.000 / 0.001         0.000 / 0.001         0.000 / 0.001       ms
[2021-02-07T18:32:04.813+0300][200.053s][info][gc,stats    ]    Subphase: Pause Roots Teardown                          0.000 / 0.000         0.001 / 0.001         0.001 / 0.001         0.001 / 0.001       ms
[2021-02-07T18:32:04.813+0300][200.053s][info][gc,stats    ]    Subphase: Pause Roots Universe                          0.000 / 0.000         0.002 / 0.027         0.002 / 0.027         0.002 / 0.027       ms
[2021-02-07T18:32:04.813+0300][200.053s][info][gc,stats    ]    Subphase: Pause Roots VM Thread                         0.000 / 0.000         0.001 / 0.010         0.001 / 0.010         0.001 / 0.010       ms
[2021-02-07T18:32:04.813+0300][200.053s][info][gc,stats    ]    Subphase: Pause Weak Roots                              0.000 / 0.000         0.002 / 0.014         0.002 / 0.014         0.002 / 0.014       ms
[2021-02-07T18:32:04.813+0300][200.053s][info][gc,stats    ]    Subphase: Pause Weak Roots JFRWeak                      0.000 / 0.000         0.001 / 0.013         0.001 / 0.013         0.001 / 0.013       ms
[2021-02-07T18:32:04.814+0300][200.053s][info][gc,stats    ]    Subphase: Pause Weak Roots JVMTIWeakExport              0.000 / 0.000         0.001 / 0.013         0.001 / 0.013         0.001 / 0.013       ms
[2021-02-07T18:32:04.814+0300][200.053s][info][gc,stats    ]    Subphase: Pause Weak Roots Setup                        0.000 / 0.000         0.000 / 0.000         0.000 / 0.000         0.000 / 0.000       ms
[2021-02-07T18:32:04.814+0300][200.053s][info][gc,stats    ]    Subphase: Pause Weak Roots Teardown                     0.000 / 0.000         0.000 / 0.000         0.000 / 0.000         0.000 / 0.000       ms
[2021-02-07T18:32:04.814+0300][200.053s][info][gc,stats    ]      System: Java Threads                                      0 / 0                12 / 16               12 / 16               12 / 16          threads
[2021-02-07T18:32:04.814+0300][200.053s][info][gc,stats    ] =========================================================================================================================================================
[2021-02-07T18:32:14.808+0300][210.047s][info][gc,stats    ] === Garbage Collection Statistics =======================================================================================================================
[2021-02-07T18:32:14.808+0300][210.047s][info][gc,stats    ]                                                              Last 10s              Last 10m              Last 10h                Total
[2021-02-07T18:32:14.808+0300][210.047s][info][gc,stats    ]                                                              Avg / Max             Avg / Max             Avg / Max             Avg / Max
[2021-02-07T18:32:14.808+0300][210.047s][info][gc,stats    ]   Collector: Garbage Collection Cycle                      0.000 / 0.000        99.462 / 267.305      99.462 / 267.305      99.462 / 267.305     ms
[2021-02-07T18:32:14.808+0300][210.047s][info][gc,stats    ]  Contention: Mark Segment Reset Contention                     0 / 0                 0 / 0                 0 / 0                 0 / 0           ops/s
[2021-02-07T18:32:14.808+0300][210.047s][info][gc,stats    ]  Contention: Mark SeqNum Reset Contention                      0 / 0                 0 / 0                 0 / 0                 0 / 0           ops/s
[2021-02-07T18:32:14.808+0300][210.047s][info][gc,stats    ]  Contention: Relocation Contention                             0 / 0                 0 / 4                 0 / 4                 0 / 4           ops/s
[2021-02-07T18:32:14.808+0300][210.047s][info][gc,stats    ]    Critical: Allocation Stall                              0.000 / 0.000         0.000 / 0.000         0.000 / 0.000         0.000 / 0.000       ms
[2021-02-07T18:32:14.808+0300][210.047s][info][gc,stats    ]    Critical: Allocation Stall                                  0 / 0                 0 / 0                 0 / 0                 0 / 0           ops/s
[2021-02-07T18:32:14.808+0300][210.048s][info][gc,stats    ]    Critical: GC Locker Stall                               0.000 / 0.000         0.000 / 0.000         0.000 / 0.000         0.000 / 0.000       ms
[2021-02-07T18:32:14.808+0300][210.048s][info][gc,stats    ]    Critical: GC Locker Stall                                   0 / 0                 0 / 0                 0 / 0                 0 / 0           ops/s
[2021-02-07T18:32:14.808+0300][210.048s][info][gc,stats    ]      Memory: Allocation Rate                                   0 / 0                 2 / 304               2 / 304               2 / 304         MB/s
[2021-02-07T18:32:14.808+0300][210.048s][info][gc,stats    ]      Memory: Heap Used After Mark                              0 / 0                68 / 170              68 / 170              68 / 170         MB
[2021-02-07T18:32:14.808+0300][210.048s][info][gc,stats    ]      Memory: Heap Used After Relocation                        0 / 0                59 / 146              59 / 146              59 / 146         MB
[2021-02-07T18:32:14.808+0300][210.048s][info][gc,stats    ]      Memory: Heap Used Before Mark                             0 / 0                68 / 168              68 / 168              68 / 168         MB
[2021-02-07T18:32:14.808+0300][210.048s][info][gc,stats    ]      Memory: Heap Used Before Relocation                       0 / 0                67 / 170              67 / 170              67 / 170         MB
[2021-02-07T18:32:14.808+0300][210.048s][info][gc,stats    ]      Memory: Out Of Memory                                     0 / 0                 0 / 0                 0 / 0                 0 / 0           ops/s
[2021-02-07T18:32:14.808+0300][210.048s][info][gc,stats    ]      Memory: Page Cache Flush                                  0 / 0                 0 / 0                 0 / 0                 0 / 0           MB/s
[2021-02-07T18:32:14.808+0300][210.048s][info][gc,stats    ]      Memory: Page Cache Hit L1                                 0 / 0                 0 / 21                0 / 21                0 / 21          ops/s
[2021-02-07T18:32:14.808+0300][210.048s][info][gc,stats    ]      Memory: Page Cache Hit L2                                 0 / 0                 0 / 0                 0 / 0                 0 / 0           ops/s
[2021-02-07T18:32:14.808+0300][210.048s][info][gc,stats    ]      Memory: Page Cache Hit L3                                 0 / 0                 0 / 16                0 / 16                0 / 16          ops/s
[2021-02-07T18:32:14.808+0300][210.048s][info][gc,stats    ]      Memory: Page Cache Miss                                   0 / 0                 0 / 0                 0 / 0                 0 / 0           ops/s
[2021-02-07T18:32:14.808+0300][210.048s][info][gc,stats    ]      Memory: Uncommit                                          0 / 0                 0 / 0                 0 / 0                 0 / 0           MB/s
[2021-02-07T18:32:14.808+0300][210.048s][info][gc,stats    ]      Memory: Undo Object Allocation Failed                     0 / 0                 0 / 0                 0 / 0                 0 / 0           ops/s
[2021-02-07T18:32:14.808+0300][210.048s][info][gc,stats    ]      Memory: Undo Object Allocation Succeeded                  0 / 0                 0 / 4                 0 / 4                 0 / 4           ops/s
[2021-02-07T18:32:14.808+0300][210.048s][info][gc,stats    ]      Memory: Undo Page Allocation                              0 / 0                 0 / 0                 0 / 0                 0 / 0           ops/s
[2021-02-07T18:32:14.808+0300][210.048s][info][gc,stats    ]       Phase: Concurrent Mark                               0.000 / 0.000        84.626 / 238.013      84.626 / 238.013      84.626 / 238.013     ms
[2021-02-07T18:32:14.808+0300][210.048s][info][gc,stats    ]       Phase: Concurrent Mark Continue                      0.000 / 0.000         0.000 / 0.000         0.000 / 0.000         0.000 / 0.000       ms
[2021-02-07T18:32:14.808+0300][210.048s][info][gc,stats    ]       Phase: Concurrent Process Non-Strong References      0.000 / 0.000         1.316 / 2.554         1.316 / 2.554         1.316 / 2.554       ms
[2021-02-07T18:32:14.808+0300][210.048s][info][gc,stats    ]       Phase: Concurrent Relocate                           0.000 / 0.000         8.372 / 19.942        8.372 / 19.942        8.372 / 19.942      ms
[2021-02-07T18:32:14.808+0300][210.048s][info][gc,stats    ]       Phase: Concurrent Reset Relocation Set               0.000 / 0.000         0.261 / 0.801         0.261 / 0.801         0.261 / 0.801       ms
[2021-02-07T18:32:14.808+0300][210.048s][info][gc,stats    ]       Phase: Concurrent Select Relocation Set              0.000 / 0.000         3.089 / 7.297         3.089 / 7.297         3.089 / 7.297       ms
[2021-02-07T18:32:14.808+0300][210.048s][info][gc,stats    ]       Phase: Pause Mark End                                0.000 / 0.000         0.270 / 0.367         0.270 / 0.367         0.270 / 0.367       ms
[2021-02-07T18:32:14.808+0300][210.048s][info][gc,stats    ]       Phase: Pause Mark Start                              0.000 / 0.000         0.111 / 0.463         0.111 / 0.463         0.111 / 0.463       ms
[2021-02-07T18:32:14.808+0300][210.048s][info][gc,stats    ]       Phase: Pause Relocate Start                          0.000 / 0.000         0.132 / 0.287         0.132 / 0.287         0.132 / 0.287       ms
[2021-02-07T18:32:14.808+0300][210.048s][info][gc,stats    ]    Subphase: Concurrent Classes Purge                      0.000 / 0.000         0.098 / 0.141         0.098 / 0.141         0.098 / 0.141       ms
[2021-02-07T18:32:14.808+0300][210.048s][info][gc,stats    ]    Subphase: Concurrent Classes Unlink                     0.000 / 0.000         0.685 / 1.420         0.685 / 1.420         0.685 / 1.420       ms
[2021-02-07T18:32:14.808+0300][210.048s][info][gc,stats    ]    Subphase: Concurrent Mark                               0.000 / 0.000        84.424 / 237.740      84.424 / 237.740      84.424 / 237.740     ms
[2021-02-07T18:32:14.808+0300][210.048s][info][gc,stats    ]    Subphase: Concurrent Mark Idle                          0.000 / 0.000         0.000 / 0.000         0.000 / 0.000         0.000 / 0.000       ms
[2021-02-07T18:32:14.808+0300][210.048s][info][gc,stats    ]    Subphase: Concurrent Mark Try Flush                     0.000 / 0.000         0.218 / 0.606         0.218 / 0.606         0.218 / 0.606       ms
[2021-02-07T18:32:14.808+0300][210.048s][info][gc,stats    ]    Subphase: Concurrent Mark Try Terminate                 0.000 / 0.000         0.112 / 0.595         0.112 / 0.595         0.112 / 0.595       ms
[2021-02-07T18:32:14.808+0300][210.048s][info][gc,stats    ]    Subphase: Concurrent References Enqueue                 0.000 / 0.000         0.001 / 0.004         0.001 / 0.004         0.001 / 0.004       ms
[2021-02-07T18:32:14.808+0300][210.048s][info][gc,stats    ]    Subphase: Concurrent References Process                 0.000 / 0.000         0.107 / 0.211         0.107 / 0.211         0.107 / 0.211       ms
[2021-02-07T18:32:14.808+0300][210.048s][info][gc,stats    ]    Subphase: Concurrent Roots                              0.000 / 0.000         0.055 / 0.114         0.055 / 0.114         0.055 / 0.114       ms
[2021-02-07T18:32:14.808+0300][210.048s][info][gc,stats    ]    Subphase: Concurrent Roots ClassLoaderDataGraph         0.000 / 0.000         0.050 / 0.107         0.050 / 0.107         0.050 / 0.107       ms
[2021-02-07T18:32:14.808+0300][210.048s][info][gc,stats    ]    Subphase: Concurrent Roots JNIHandles                   0.000 / 0.000         0.002 / 0.004         0.002 / 0.004         0.002 / 0.004       ms
[2021-02-07T18:32:14.808+0300][210.048s][info][gc,stats    ]    Subphase: Concurrent Roots Setup                        0.000 / 0.000         0.004 / 0.009         0.004 / 0.009         0.004 / 0.009       ms
[2021-02-07T18:32:14.808+0300][210.048s][info][gc,stats    ]    Subphase: Concurrent Roots Teardown                     0.000 / 0.000         0.000 / 0.000         0.000 / 0.000         0.000 / 0.000       ms
[2021-02-07T18:32:14.808+0300][210.048s][info][gc,stats    ]    Subphase: Concurrent Roots VMHandles                    0.000 / 0.000         0.002 / 0.003         0.002 / 0.003         0.002 / 0.003       ms
[2021-02-07T18:32:14.808+0300][210.048s][info][gc,stats    ]    Subphase: Concurrent Weak Roots                         0.000 / 0.000         0.150 / 0.414         0.150 / 0.414         0.150 / 0.414       ms
[2021-02-07T18:32:14.808+0300][210.048s][info][gc,stats    ]    Subphase: Concurrent Weak Roots JNIWeakHandles          0.000 / 0.000         0.000 / 0.000         0.000 / 0.000         0.000 / 0.000       ms
[2021-02-07T18:32:14.808+0300][210.048s][info][gc,stats    ]    Subphase: Concurrent Weak Roots ResolvedMethodTable     0.000 / 0.000         0.015 / 0.028         0.015 / 0.028         0.015 / 0.028       ms
[2021-02-07T18:32:14.808+0300][210.048s][info][gc,stats    ]    Subphase: Concurrent Weak Roots StringTable             0.000 / 0.000         0.130 / 0.383         0.130 / 0.383         0.130 / 0.383       ms
[2021-02-07T18:32:14.808+0300][210.048s][info][gc,stats    ]    Subphase: Concurrent Weak Roots VMWeakHandles           0.000 / 0.000         0.004 / 0.010         0.004 / 0.010         0.004 / 0.010       ms
[2021-02-07T18:32:14.808+0300][210.048s][info][gc,stats    ]    Subphase: Pause Mark Try Complete                       0.000 / 0.000         0.094 / 0.189         0.094 / 0.189         0.094 / 0.189       ms
[2021-02-07T18:32:14.808+0300][210.048s][info][gc,stats    ]    Subphase: Pause Roots                                   0.000 / 0.000         0.049 / 0.408         0.049 / 0.408         0.049 / 0.408       ms
[2021-02-07T18:32:14.808+0300][210.048s][info][gc,stats    ]    Subphase: Pause Roots CodeCache                         0.000 / 0.000         0.000 / 0.000         0.000 / 0.000         0.000 / 0.000       ms
[2021-02-07T18:32:14.808+0300][210.048s][info][gc,stats    ]    Subphase: Pause Roots JVMTIExport                       0.000 / 0.000         0.000 / 0.002         0.000 / 0.002         0.000 / 0.002       ms
[2021-02-07T18:32:14.808+0300][210.048s][info][gc,stats    ]    Subphase: Pause Roots JVMTIWeakExport                   0.000 / 0.000         0.000 / 0.001         0.000 / 0.001         0.000 / 0.001       ms
[2021-02-07T18:32:14.808+0300][210.048s][info][gc,stats    ]    Subphase: Pause Roots Java Threads                      0.000 / 0.000         0.044 / 0.404         0.044 / 0.404         0.044 / 0.404       ms
[2021-02-07T18:32:14.808+0300][210.048s][info][gc,stats    ]    Subphase: Pause Roots Management                        0.000 / 0.000         0.008 / 0.033         0.008 / 0.033         0.008 / 0.033       ms
[2021-02-07T18:32:14.808+0300][210.048s][info][gc,stats    ]    Subphase: Pause Roots ObjectSynchronizer                0.000 / 0.000         0.000 / 0.004         0.000 / 0.004         0.000 / 0.004       ms
[2021-02-07T18:32:14.809+0300][210.048s][info][gc,stats    ]    Subphase: Pause Roots Setup                             0.000 / 0.000         0.000 / 0.001         0.000 / 0.001         0.000 / 0.001       ms
[2021-02-07T18:32:14.809+0300][210.048s][info][gc,stats    ]    Subphase: Pause Roots Teardown                          0.000 / 0.000         0.001 / 0.001         0.001 / 0.001         0.001 / 0.001       ms
[2021-02-07T18:32:14.809+0300][210.048s][info][gc,stats    ]    Subphase: Pause Roots Universe                          0.000 / 0.000         0.002 / 0.027         0.002 / 0.027         0.002 / 0.027       ms
[2021-02-07T18:32:14.809+0300][210.048s][info][gc,stats    ]    Subphase: Pause Roots VM Thread                         0.000 / 0.000         0.001 / 0.010         0.001 / 0.010         0.001 / 0.010       ms
[2021-02-07T18:32:14.809+0300][210.048s][info][gc,stats    ]    Subphase: Pause Weak Roots                              0.000 / 0.000         0.002 / 0.014         0.002 / 0.014         0.002 / 0.014       ms
[2021-02-07T18:32:14.809+0300][210.048s][info][gc,stats    ]    Subphase: Pause Weak Roots JFRWeak                      0.000 / 0.000         0.001 / 0.013         0.001 / 0.013         0.001 / 0.013       ms
[2021-02-07T18:32:14.809+0300][210.048s][info][gc,stats    ]    Subphase: Pause Weak Roots JVMTIWeakExport              0.000 / 0.000         0.001 / 0.013         0.001 / 0.013         0.001 / 0.013       ms
[2021-02-07T18:32:14.809+0300][210.048s][info][gc,stats    ]    Subphase: Pause Weak Roots Setup                        0.000 / 0.000         0.000 / 0.000         0.000 / 0.000         0.000 / 0.000       ms
[2021-02-07T18:32:14.809+0300][210.048s][info][gc,stats    ]    Subphase: Pause Weak Roots Teardown                     0.000 / 0.000         0.000 / 0.000         0.000 / 0.000         0.000 / 0.000       ms
[2021-02-07T18:32:14.809+0300][210.048s][info][gc,stats    ]      System: Java Threads                                      0 / 0                12 / 16               12 / 16               12 / 16          threads
[2021-02-07T18:32:14.809+0300][210.048s][info][gc,stats    ] =========================================================================================================================================================
[2021-02-07T18:32:24.808+0300][220.047s][info][gc,stats    ] === Garbage Collection Statistics =======================================================================================================================
[2021-02-07T18:32:24.808+0300][220.048s][info][gc,stats    ]                                                              Last 10s              Last 10m              Last 10h                Total
[2021-02-07T18:32:24.808+0300][220.048s][info][gc,stats    ]                                                              Avg / Max             Avg / Max             Avg / Max             Avg / Max
[2021-02-07T18:32:24.808+0300][220.048s][info][gc,stats    ]   Collector: Garbage Collection Cycle                      0.000 / 0.000        99.462 / 267.305      99.462 / 267.305      99.462 / 267.305     ms
[2021-02-07T18:32:24.808+0300][220.048s][info][gc,stats    ]  Contention: Mark Segment Reset Contention                     0 / 0                 0 / 0                 0 / 0                 0 / 0           ops/s
[2021-02-07T18:32:24.808+0300][220.048s][info][gc,stats    ]  Contention: Mark SeqNum Reset Contention                      0 / 0                 0 / 0                 0 / 0                 0 / 0           ops/s
[2021-02-07T18:32:24.808+0300][220.048s][info][gc,stats    ]  Contention: Relocation Contention                             0 / 0                 0 / 4                 0 / 4                 0 / 4           ops/s
[2021-02-07T18:32:24.808+0300][220.048s][info][gc,stats    ]    Critical: Allocation Stall                              0.000 / 0.000         0.000 / 0.000         0.000 / 0.000         0.000 / 0.000       ms
[2021-02-07T18:32:24.808+0300][220.048s][info][gc,stats    ]    Critical: Allocation Stall                                  0 / 0                 0 / 0                 0 / 0                 0 / 0           ops/s
[2021-02-07T18:32:24.808+0300][220.048s][info][gc,stats    ]    Critical: GC Locker Stall                               0.000 / 0.000         0.000 / 0.000         0.000 / 0.000         0.000 / 0.000       ms
[2021-02-07T18:32:24.808+0300][220.048s][info][gc,stats    ]    Critical: GC Locker Stall                                   0 / 0                 0 / 0                 0 / 0                 0 / 0           ops/s
[2021-02-07T18:32:24.808+0300][220.048s][info][gc,stats    ]      Memory: Allocation Rate                                   0 / 2                 2 / 304               2 / 304               2 / 304         MB/s
[2021-02-07T18:32:24.808+0300][220.048s][info][gc,stats    ]      Memory: Heap Used After Mark                              0 / 0                68 / 170              68 / 170              68 / 170         MB
[2021-02-07T18:32:24.808+0300][220.048s][info][gc,stats    ]      Memory: Heap Used After Relocation                        0 / 0                59 / 146              59 / 146              59 / 146         MB
[2021-02-07T18:32:24.808+0300][220.048s][info][gc,stats    ]      Memory: Heap Used Before Mark                             0 / 0                68 / 168              68 / 168              68 / 168         MB
[2021-02-07T18:32:24.808+0300][220.048s][info][gc,stats    ]      Memory: Heap Used Before Relocation                       0 / 0                67 / 170              67 / 170              67 / 170         MB
[2021-02-07T18:32:24.808+0300][220.048s][info][gc,stats    ]      Memory: Out Of Memory                                     0 / 0                 0 / 0                 0 / 0                 0 / 0           ops/s
[2021-02-07T18:32:24.808+0300][220.048s][info][gc,stats    ]      Memory: Page Cache Flush                                  0 / 0                 0 / 0                 0 / 0                 0 / 0           MB/s
[2021-02-07T18:32:24.808+0300][220.048s][info][gc,stats    ]      Memory: Page Cache Hit L1                                 0 / 1                 0 / 21                0 / 21                0 / 21          ops/s
[2021-02-07T18:32:24.808+0300][220.048s][info][gc,stats    ]      Memory: Page Cache Hit L2                                 0 / 0                 0 / 0                 0 / 0                 0 / 0           ops/s
[2021-02-07T18:32:24.808+0300][220.048s][info][gc,stats    ]      Memory: Page Cache Hit L3                                 0 / 0                 0 / 16                0 / 16                0 / 16          ops/s
[2021-02-07T18:32:24.808+0300][220.048s][info][gc,stats    ]      Memory: Page Cache Miss                                   0 / 0                 0 / 0                 0 / 0                 0 / 0           ops/s
[2021-02-07T18:32:24.808+0300][220.048s][info][gc,stats    ]      Memory: Uncommit                                          0 / 0                 0 / 0                 0 / 0                 0 / 0           MB/s
[2021-02-07T18:32:24.808+0300][220.048s][info][gc,stats    ]      Memory: Undo Object Allocation Failed                     0 / 0                 0 / 0                 0 / 0                 0 / 0           ops/s
[2021-02-07T18:32:24.808+0300][220.048s][info][gc,stats    ]      Memory: Undo Object Allocation Succeeded                  0 / 0                 0 / 4                 0 / 4                 0 / 4           ops/s
[2021-02-07T18:32:24.808+0300][220.048s][info][gc,stats    ]      Memory: Undo Page Allocation                              0 / 0                 0 / 0                 0 / 0                 0 / 0           ops/s
[2021-02-07T18:32:24.808+0300][220.048s][info][gc,stats    ]       Phase: Concurrent Mark                               0.000 / 0.000        84.626 / 238.013      84.626 / 238.013      84.626 / 238.013     ms
[2021-02-07T18:32:24.808+0300][220.048s][info][gc,stats    ]       Phase: Concurrent Mark Continue                      0.000 / 0.000         0.000 / 0.000         0.000 / 0.000         0.000 / 0.000       ms
[2021-02-07T18:32:24.808+0300][220.048s][info][gc,stats    ]       Phase: Concurrent Process Non-Strong References      0.000 / 0.000         1.316 / 2.554         1.316 / 2.554         1.316 / 2.554       ms
[2021-02-07T18:32:24.808+0300][220.048s][info][gc,stats    ]       Phase: Concurrent Relocate                           0.000 / 0.000         8.372 / 19.942        8.372 / 19.942        8.372 / 19.942      ms
[2021-02-07T18:32:24.808+0300][220.048s][info][gc,stats    ]       Phase: Concurrent Reset Relocation Set               0.000 / 0.000         0.261 / 0.801         0.261 / 0.801         0.261 / 0.801       ms
[2021-02-07T18:32:24.808+0300][220.048s][info][gc,stats    ]       Phase: Concurrent Select Relocation Set              0.000 / 0.000         3.089 / 7.297         3.089 / 7.297         3.089 / 7.297       ms
[2021-02-07T18:32:24.808+0300][220.048s][info][gc,stats    ]       Phase: Pause Mark End                                0.000 / 0.000         0.270 / 0.367         0.270 / 0.367         0.270 / 0.367       ms
[2021-02-07T18:32:24.808+0300][220.048s][info][gc,stats    ]       Phase: Pause Mark Start                              0.000 / 0.000         0.111 / 0.463         0.111 / 0.463         0.111 / 0.463       ms
[2021-02-07T18:32:24.808+0300][220.048s][info][gc,stats    ]       Phase: Pause Relocate Start                          0.000 / 0.000         0.132 / 0.287         0.132 / 0.287         0.132 / 0.287       ms
[2021-02-07T18:32:24.808+0300][220.048s][info][gc,stats    ]    Subphase: Concurrent Classes Purge                      0.000 / 0.000         0.098 / 0.141         0.098 / 0.141         0.098 / 0.141       ms
[2021-02-07T18:32:24.808+0300][220.048s][info][gc,stats    ]    Subphase: Concurrent Classes Unlink                     0.000 / 0.000         0.685 / 1.420         0.685 / 1.420         0.685 / 1.420       ms
[2021-02-07T18:32:24.808+0300][220.048s][info][gc,stats    ]    Subphase: Concurrent Mark                               0.000 / 0.000        84.424 / 237.740      84.424 / 237.740      84.424 / 237.740     ms
[2021-02-07T18:32:24.808+0300][220.048s][info][gc,stats    ]    Subphase: Concurrent Mark Idle                          0.000 / 0.000         0.000 / 0.000         0.000 / 0.000         0.000 / 0.000       ms
[2021-02-07T18:32:24.808+0300][220.048s][info][gc,stats    ]    Subphase: Concurrent Mark Try Flush                     0.000 / 0.000         0.218 / 0.606         0.218 / 0.606         0.218 / 0.606       ms
[2021-02-07T18:32:24.808+0300][220.048s][info][gc,stats    ]    Subphase: Concurrent Mark Try Terminate                 0.000 / 0.000         0.112 / 0.595         0.112 / 0.595         0.112 / 0.595       ms
[2021-02-07T18:32:24.808+0300][220.048s][info][gc,stats    ]    Subphase: Concurrent References Enqueue                 0.000 / 0.000         0.001 / 0.004         0.001 / 0.004         0.001 / 0.004       ms
[2021-02-07T18:32:24.808+0300][220.048s][info][gc,stats    ]    Subphase: Concurrent References Process                 0.000 / 0.000         0.107 / 0.211         0.107 / 0.211         0.107 / 0.211       ms
[2021-02-07T18:32:24.808+0300][220.048s][info][gc,stats    ]    Subphase: Concurrent Roots                              0.000 / 0.000         0.055 / 0.114         0.055 / 0.114         0.055 / 0.114       ms
[2021-02-07T18:32:24.808+0300][220.048s][info][gc,stats    ]    Subphase: Concurrent Roots ClassLoaderDataGraph         0.000 / 0.000         0.050 / 0.107         0.050 / 0.107         0.050 / 0.107       ms
[2021-02-07T18:32:24.808+0300][220.048s][info][gc,stats    ]    Subphase: Concurrent Roots JNIHandles                   0.000 / 0.000         0.002 / 0.004         0.002 / 0.004         0.002 / 0.004       ms
[2021-02-07T18:32:24.808+0300][220.048s][info][gc,stats    ]    Subphase: Concurrent Roots Setup                        0.000 / 0.000         0.004 / 0.009         0.004 / 0.009         0.004 / 0.009       ms
[2021-02-07T18:32:24.808+0300][220.048s][info][gc,stats    ]    Subphase: Concurrent Roots Teardown                     0.000 / 0.000         0.000 / 0.000         0.000 / 0.000         0.000 / 0.000       ms
[2021-02-07T18:32:24.808+0300][220.048s][info][gc,stats    ]    Subphase: Concurrent Roots VMHandles                    0.000 / 0.000         0.002 / 0.003         0.002 / 0.003         0.002 / 0.003       ms
[2021-02-07T18:32:24.808+0300][220.048s][info][gc,stats    ]    Subphase: Concurrent Weak Roots                         0.000 / 0.000         0.150 / 0.414         0.150 / 0.414         0.150 / 0.414       ms
[2021-02-07T18:32:24.808+0300][220.048s][info][gc,stats    ]    Subphase: Concurrent Weak Roots JNIWeakHandles          0.000 / 0.000         0.000 / 0.000         0.000 / 0.000         0.000 / 0.000       ms
[2021-02-07T18:32:24.808+0300][220.048s][info][gc,stats    ]    Subphase: Concurrent Weak Roots ResolvedMethodTable     0.000 / 0.000         0.015 / 0.028         0.015 / 0.028         0.015 / 0.028       ms
[2021-02-07T18:32:24.808+0300][220.048s][info][gc,stats    ]    Subphase: Concurrent Weak Roots StringTable             0.000 / 0.000         0.130 / 0.383         0.130 / 0.383         0.130 / 0.383       ms
[2021-02-07T18:32:24.808+0300][220.048s][info][gc,stats    ]    Subphase: Concurrent Weak Roots VMWeakHandles           0.000 / 0.000         0.004 / 0.010         0.004 / 0.010         0.004 / 0.010       ms
[2021-02-07T18:32:24.808+0300][220.048s][info][gc,stats    ]    Subphase: Pause Mark Try Complete                       0.000 / 0.000         0.094 / 0.189         0.094 / 0.189         0.094 / 0.189       ms
[2021-02-07T18:32:24.808+0300][220.048s][info][gc,stats    ]    Subphase: Pause Roots                                   0.000 / 0.000         0.049 / 0.408         0.049 / 0.408         0.049 / 0.408       ms
[2021-02-07T18:32:24.808+0300][220.048s][info][gc,stats    ]    Subphase: Pause Roots CodeCache                         0.000 / 0.000         0.000 / 0.000         0.000 / 0.000         0.000 / 0.000       ms
[2021-02-07T18:32:24.808+0300][220.048s][info][gc,stats    ]    Subphase: Pause Roots JVMTIExport                       0.000 / 0.000         0.000 / 0.002         0.000 / 0.002         0.000 / 0.002       ms
[2021-02-07T18:32:24.808+0300][220.048s][info][gc,stats    ]    Subphase: Pause Roots JVMTIWeakExport                   0.000 / 0.000         0.000 / 0.001         0.000 / 0.001         0.000 / 0.001       ms
[2021-02-07T18:32:24.808+0300][220.048s][info][gc,stats    ]    Subphase: Pause Roots Java Threads                      0.000 / 0.000         0.044 / 0.404         0.044 / 0.404         0.044 / 0.404       ms
[2021-02-07T18:32:24.808+0300][220.048s][info][gc,stats    ]    Subphase: Pause Roots Management                        0.000 / 0.000         0.008 / 0.033         0.008 / 0.033         0.008 / 0.033       ms
[2021-02-07T18:32:24.809+0300][220.048s][info][gc,stats    ]    Subphase: Pause Roots ObjectSynchronizer                0.000 / 0.000         0.000 / 0.004         0.000 / 0.004         0.000 / 0.004       ms
[2021-02-07T18:32:24.809+0300][220.048s][info][gc,stats    ]    Subphase: Pause Roots Setup                             0.000 / 0.000         0.000 / 0.001         0.000 / 0.001         0.000 / 0.001       ms
[2021-02-07T18:32:24.809+0300][220.048s][info][gc,stats    ]    Subphase: Pause Roots Teardown                          0.000 / 0.000         0.001 / 0.001         0.001 / 0.001         0.001 / 0.001       ms
[2021-02-07T18:32:24.809+0300][220.048s][info][gc,stats    ]    Subphase: Pause Roots Universe                          0.000 / 0.000         0.002 / 0.027         0.002 / 0.027         0.002 / 0.027       ms
[2021-02-07T18:32:24.809+0300][220.048s][info][gc,stats    ]    Subphase: Pause Roots VM Thread                         0.000 / 0.000         0.001 / 0.010         0.001 / 0.010         0.001 / 0.010       ms
[2021-02-07T18:32:24.809+0300][220.048s][info][gc,stats    ]    Subphase: Pause Weak Roots                              0.000 / 0.000         0.002 / 0.014         0.002 / 0.014         0.002 / 0.014       ms
[2021-02-07T18:32:24.809+0300][220.048s][info][gc,stats    ]    Subphase: Pause Weak Roots JFRWeak                      0.000 / 0.000         0.001 / 0.013         0.001 / 0.013         0.001 / 0.013       ms
[2021-02-07T18:32:24.809+0300][220.048s][info][gc,stats    ]    Subphase: Pause Weak Roots JVMTIWeakExport              0.000 / 0.000         0.001 / 0.013         0.001 / 0.013         0.001 / 0.013       ms
[2021-02-07T18:32:24.809+0300][220.049s][info][gc,stats    ]    Subphase: Pause Weak Roots Setup                        0.000 / 0.000         0.000 / 0.000         0.000 / 0.000         0.000 / 0.000       ms
[2021-02-07T18:32:24.809+0300][220.049s][info][gc,stats    ]    Subphase: Pause Weak Roots Teardown                     0.000 / 0.000         0.000 / 0.000         0.000 / 0.000         0.000 / 0.000       ms
[2021-02-07T18:32:24.809+0300][220.049s][info][gc,stats    ]      System: Java Threads                                      0 / 0                12 / 16               12 / 16               12 / 16          threads
[2021-02-07T18:32:24.809+0300][220.049s][info][gc,stats    ] =========================================================================================================================================================
[2021-02-07T18:32:31.517+0300][226.757s][info][gc,start    ] GC(16) Garbage Collection (Proactive)
[2021-02-07T18:32:31.517+0300][226.757s][info][gc,phases   ] GC(16) Pause Mark Start 0.079ms
[2021-02-07T18:32:31.764+0300][227.004s][info][gc,phases   ] GC(16) Concurrent Mark 246.405ms
[2021-02-07T18:32:31.765+0300][227.005s][info][gc,phases   ] GC(16) Pause Mark End 0.208ms
[2021-02-07T18:32:31.769+0300][227.008s][info][gc,phases   ] GC(16) Concurrent Process Non-Strong References 3.887ms
[2021-02-07T18:32:31.769+0300][227.009s][info][gc,phases   ] GC(16) Concurrent Reset Relocation Set 0.687ms
[2021-02-07T18:32:31.775+0300][227.015s][info][gc,phases   ] GC(16) Concurrent Select Relocation Set 5.989ms
[2021-02-07T18:32:31.776+0300][227.016s][info][gc,phases   ] GC(16) Pause Relocate Start 0.118ms
[2021-02-07T18:32:31.794+0300][227.034s][info][gc,phases   ] GC(16) Concurrent Relocate 17.670ms
[2021-02-07T18:32:31.794+0300][227.034s][info][gc,load     ] GC(16) Load: 0.00/0.00/0.00
[2021-02-07T18:32:31.794+0300][227.034s][info][gc,mmu      ] GC(16) MMU: 2ms/76.9%, 5ms/90.7%, 10ms/95.0%, 20ms/97.5%, 50ms/98.9%, 100ms/99.0%
[2021-02-07T18:32:31.794+0300][227.034s][info][gc,marking  ] GC(16) Mark: 1 stripe(s), 2 proactive flush(es), 1 terminate flush(es), 1 completion(s), 0 continuation(s)
[2021-02-07T18:32:31.794+0300][227.034s][info][gc,nmethod  ] GC(16) NMethods: 1671 registered, 0 unregistered
[2021-02-07T18:32:31.794+0300][227.034s][info][gc,metaspace] GC(16) Metaspace: 6M used, 7M capacity, 7M committed, 1032M reserved
[2021-02-07T18:32:31.794+0300][227.034s][info][gc,ref      ] GC(16) Soft: 639 encountered, 201 discovered, 141 enqueued
[2021-02-07T18:32:31.794+0300][227.034s][info][gc,ref      ] GC(16) Weak: 1081 encountered, 635 discovered, 2 enqueued
[2021-02-07T18:32:31.794+0300][227.034s][info][gc,ref      ] GC(16) Final: 0 encountered, 0 discovered, 0 enqueued
[2021-02-07T18:32:31.794+0300][227.034s][info][gc,ref      ] GC(16) Phantom: 7 encountered, 6 discovered, 0 enqueued
[2021-02-07T18:32:31.794+0300][227.034s][info][gc,reloc    ] GC(16) Small Pages: 86 / 172M(96%), Empty: 2M(1%), Compacting: 38M(21%)->14M(8%)
[2021-02-07T18:32:31.794+0300][227.034s][info][gc,reloc    ] GC(16) Medium Pages: 0 / 0M(0%), Empty: 0M(0%), Compacting: 0M(0%)->0M(0%)
[2021-02-07T18:32:31.794+0300][227.034s][info][gc,reloc    ] GC(16) Large Pages: 1 / 8M(4%), Empty: 0M(0%), Compacting: 0M(0%)->0M(0%)
[2021-02-07T18:32:31.794+0300][227.034s][info][gc,reloc    ] GC(16) Relocation: Successful
[2021-02-07T18:32:31.794+0300][227.034s][info][gc,heap     ] GC(16) Min Capacity: 256M(100%)
[2021-02-07T18:32:31.794+0300][227.034s][info][gc,heap     ] GC(16) Max Capacity: 256M(100%)
[2021-02-07T18:32:31.794+0300][227.034s][info][gc,heap     ] GC(16) Soft Max Capacity: 256M(100%)
[2021-02-07T18:32:31.794+0300][227.034s][info][gc,heap     ] GC(16)                Mark Start          Mark End        Relocate Start      Relocate End           High               Low
[2021-02-07T18:32:31.794+0300][227.034s][info][gc,heap     ] GC(16)  Capacity:      256M (100%)        256M (100%)        256M (100%)        256M (100%)        256M (100%)        256M (100%)
[2021-02-07T18:32:31.794+0300][227.034s][info][gc,heap     ] GC(16)   Reserve:       12M (5%)           12M (5%)           12M (5%)           12M (5%)           12M (5%)           12M (5%)
[2021-02-07T18:32:31.794+0300][227.034s][info][gc,heap     ] GC(16)      Free:       64M (25%)          46M (18%)          48M (19%)          70M (27%)          70M (27%)          42M (16%)
[2021-02-07T18:32:31.794+0300][227.034s][info][gc,heap     ] GC(16)      Used:      180M (70%)         198M (77%)         196M (77%)         174M (68%)         202M (79%)         174M (68%)
[2021-02-07T18:32:31.794+0300][227.034s][info][gc,heap     ] GC(16)      Live:         -               146M (57%)         146M (57%)         146M (57%)            -                  -
[2021-02-07T18:32:31.794+0300][227.034s][info][gc,heap     ] GC(16) Allocated:         -                18M (7%)           18M (7%)           34M (13%)            -                  -
[2021-02-07T18:32:31.794+0300][227.034s][info][gc,heap     ] GC(16)   Garbage:         -                33M (13%)          31M (12%)           9M (4%)             -                  -
[2021-02-07T18:32:31.794+0300][227.034s][info][gc,heap     ] GC(16) Reclaimed:         -                  -                 2M (1%)           24M (9%)             -                  -
[2021-02-07T18:32:31.794+0300][227.034s][info][gc          ] GC(16) Garbage Collection (Proactive) 180M(70%)->174M(68%)
[2021-02-07T18:32:34.803+0300][230.042s][info][gc,stats    ] === Garbage Collection Statistics =======================================================================================================================
[2021-02-07T18:32:34.803+0300][230.042s][info][gc,stats    ]                                                              Last 10s              Last 10m              Last 10h                Total
[2021-02-07T18:32:34.803+0300][230.042s][info][gc,stats    ]                                                              Avg / Max             Avg / Max             Avg / Max             Avg / Max
[2021-02-07T18:32:34.803+0300][230.042s][info][gc,stats    ]   Collector: Garbage Collection Cycle                    276.799 / 276.799     109.894 / 276.799     109.894 / 276.799     109.894 / 276.799     ms
[2021-02-07T18:32:34.803+0300][230.042s][info][gc,stats    ]  Contention: Mark Segment Reset Contention                     0 / 0                 0 / 0                 0 / 0                 0 / 0           ops/s
[2021-02-07T18:32:34.803+0300][230.042s][info][gc,stats    ]  Contention: Mark SeqNum Reset Contention                      0 / 0                 0 / 0                 0 / 0                 0 / 0           ops/s
[2021-02-07T18:32:34.803+0300][230.042s][info][gc,stats    ]  Contention: Relocation Contention                            16 / 167               0 / 167               0 / 167               0 / 167         ops/s
[2021-02-07T18:32:34.803+0300][230.042s][info][gc,stats    ]    Critical: Allocation Stall                              0.000 / 0.000         0.000 / 0.000         0.000 / 0.000         0.000 / 0.000       ms
[2021-02-07T18:32:34.803+0300][230.042s][info][gc,stats    ]    Critical: Allocation Stall                                  0 / 0                 0 / 0                 0 / 0                 0 / 0           ops/s
[2021-02-07T18:32:34.803+0300][230.042s][info][gc,stats    ]    Critical: GC Locker Stall                               0.000 / 0.000         0.000 / 0.000         0.000 / 0.000         0.000 / 0.000       ms
[2021-02-07T18:32:34.803+0300][230.042s][info][gc,stats    ]    Critical: GC Locker Stall                                   0 / 0                 0 / 0                 0 / 0                 0 / 0           ops/s
[2021-02-07T18:32:34.803+0300][230.042s][info][gc,stats    ]      Memory: Allocation Rate                                   3 / 32                2 / 304               2 / 304               2 / 304         MB/s
[2021-02-07T18:32:34.803+0300][230.042s][info][gc,stats    ]      Memory: Heap Used After Mark                            198 / 198              76 / 198              76 / 198              76 / 198         MB
[2021-02-07T18:32:34.803+0300][230.042s][info][gc,stats    ]      Memory: Heap Used After Relocation                      174 / 174              66 / 174              66 / 174              66 / 174         MB
[2021-02-07T18:32:34.803+0300][230.042s][info][gc,stats    ]      Memory: Heap Used Before Mark                           180 / 180              74 / 180              74 / 180              74 / 180         MB
[2021-02-07T18:32:34.803+0300][230.042s][info][gc,stats    ]      Memory: Heap Used Before Relocation                     196 / 196              74 / 196              74 / 196              74 / 196         MB
[2021-02-07T18:32:34.803+0300][230.042s][info][gc,stats    ]      Memory: Out Of Memory                                     0 / 0                 0 / 0                 0 / 0                 0 / 0           ops/s
[2021-02-07T18:32:34.803+0300][230.042s][info][gc,stats    ]      Memory: Page Cache Flush                                  0 / 0                 0 / 0                 0 / 0                 0 / 0           MB/s
[2021-02-07T18:32:34.803+0300][230.042s][info][gc,stats    ]      Memory: Page Cache Hit L1                                 0 / 8                 0 / 21                0 / 21                0 / 21          ops/s
[2021-02-07T18:32:34.803+0300][230.042s][info][gc,stats    ]      Memory: Page Cache Hit L2                                 0 / 0                 0 / 0                 0 / 0                 0 / 0           ops/s
[2021-02-07T18:32:34.803+0300][230.042s][info][gc,stats    ]      Memory: Page Cache Hit L3                                 1 / 10                0 / 16                0 / 16                0 / 16          ops/s
[2021-02-07T18:32:34.803+0300][230.042s][info][gc,stats    ]      Memory: Page Cache Miss                                   0 / 0                 0 / 0                 0 / 0                 0 / 0           ops/s
[2021-02-07T18:32:34.803+0300][230.042s][info][gc,stats    ]      Memory: Uncommit                                          0 / 0                 0 / 0                 0 / 0                 0 / 0           MB/s
[2021-02-07T18:32:34.803+0300][230.042s][info][gc,stats    ]      Memory: Undo Object Allocation Failed                     0 / 0                 0 / 0                 0 / 0                 0 / 0           ops/s
[2021-02-07T18:32:34.803+0300][230.042s][info][gc,stats    ]      Memory: Undo Object Allocation Succeeded                 16 / 167               0 / 167               0 / 167               0 / 167         ops/s
[2021-02-07T18:32:34.803+0300][230.042s][info][gc,stats    ]      Memory: Undo Page Allocation                              0 / 0                 0 / 0                 0 / 0                 0 / 0           ops/s
[2021-02-07T18:32:34.803+0300][230.042s][info][gc,stats    ]       Phase: Concurrent Mark                             246.405 / 246.405      94.142 / 246.405      94.142 / 246.405      94.142 / 246.405     ms
[2021-02-07T18:32:34.803+0300][230.042s][info][gc,stats    ]       Phase: Concurrent Mark Continue                      0.000 / 0.000         0.000 / 0.000         0.000 / 0.000         0.000 / 0.000       ms
[2021-02-07T18:32:34.803+0300][230.042s][info][gc,stats    ]       Phase: Concurrent Process Non-Strong References      3.887 / 3.887         1.467 / 3.887         1.467 / 3.887         1.467 / 3.887       ms
[2021-02-07T18:32:34.803+0300][230.043s][info][gc,stats    ]       Phase: Concurrent Relocate                          17.670 / 17.670        8.919 / 19.942        8.919 / 19.942        8.919 / 19.942      ms
[2021-02-07T18:32:34.803+0300][230.043s][info][gc,stats    ]       Phase: Concurrent Reset Relocation Set               0.687 / 0.687         0.286 / 0.801         0.286 / 0.801         0.286 / 0.801       ms
[2021-02-07T18:32:34.803+0300][230.043s][info][gc,stats    ]       Phase: Concurrent Select Relocation Set              5.989 / 5.989         3.260 / 7.297         3.260 / 7.297         3.260 / 7.297       ms
[2021-02-07T18:32:34.803+0300][230.043s][info][gc,stats    ]       Phase: Pause Mark End                                0.208 / 0.208         0.267 / 0.367         0.267 / 0.367         0.267 / 0.367       ms
[2021-02-07T18:32:34.803+0300][230.043s][info][gc,stats    ]       Phase: Pause Mark Start                              0.079 / 0.079         0.109 / 0.463         0.109 / 0.463         0.109 / 0.463       ms
[2021-02-07T18:32:34.803+0300][230.043s][info][gc,stats    ]       Phase: Pause Relocate Start                          0.118 / 0.118         0.131 / 0.287         0.131 / 0.287         0.131 / 0.287       ms
[2021-02-07T18:32:34.803+0300][230.043s][info][gc,stats    ]    Subphase: Concurrent Classes Purge                      0.128 / 0.128         0.100 / 0.141         0.100 / 0.141         0.100 / 0.141       ms
[2021-02-07T18:32:34.803+0300][230.043s][info][gc,stats    ]    Subphase: Concurrent Classes Unlink                     2.613 / 2.613         0.798 / 2.613         0.798 / 2.613         0.798 / 2.613       ms
[2021-02-07T18:32:34.803+0300][230.043s][info][gc,stats    ]    Subphase: Concurrent Mark                             246.230 / 246.230      93.942 / 246.230      93.942 / 246.230      93.942 / 246.230     ms
[2021-02-07T18:32:34.803+0300][230.043s][info][gc,stats    ]    Subphase: Concurrent Mark Idle                          0.000 / 0.000         0.000 / 0.000         0.000 / 0.000         0.000 / 0.000       ms
[2021-02-07T18:32:34.803+0300][230.043s][info][gc,stats    ]    Subphase: Concurrent Mark Try Flush                     0.720 / 0.740         0.247 / 0.740         0.247 / 0.740         0.247 / 0.740       ms
[2021-02-07T18:32:34.803+0300][230.043s][info][gc,stats    ]    Subphase: Concurrent Mark Try Terminate                 0.358 / 0.717         0.126 / 0.717         0.126 / 0.717         0.126 / 0.717       ms
[2021-02-07T18:32:34.803+0300][230.043s][info][gc,stats    ]    Subphase: Concurrent References Enqueue                 0.004 / 0.004         0.001 / 0.004         0.001 / 0.004         0.001 / 0.004       ms
[2021-02-07T18:32:34.803+0300][230.043s][info][gc,stats    ]    Subphase: Concurrent References Process                 0.103 / 0.103         0.107 / 0.211         0.107 / 0.211         0.107 / 0.211       ms
[2021-02-07T18:32:34.803+0300][230.043s][info][gc,stats    ]    Subphase: Concurrent Roots                              0.065 / 0.065         0.055 / 0.114         0.055 / 0.114         0.055 / 0.114       ms
[2021-02-07T18:32:34.803+0300][230.043s][info][gc,stats    ]    Subphase: Concurrent Roots ClassLoaderDataGraph         0.061 / 0.061         0.050 / 0.107         0.050 / 0.107         0.050 / 0.107       ms
[2021-02-07T18:32:34.803+0300][230.043s][info][gc,stats    ]    Subphase: Concurrent Roots JNIHandles                   0.002 / 0.002         0.002 / 0.004         0.002 / 0.004         0.002 / 0.004       ms
[2021-02-07T18:32:34.803+0300][230.043s][info][gc,stats    ]    Subphase: Concurrent Roots Setup                        0.007 / 0.007         0.004 / 0.009         0.004 / 0.009         0.004 / 0.009       ms
[2021-02-07T18:32:34.803+0300][230.043s][info][gc,stats    ]    Subphase: Concurrent Roots Teardown                     0.000 / 0.000         0.000 / 0.000         0.000 / 0.000         0.000 / 0.000       ms
[2021-02-07T18:32:34.803+0300][230.043s][info][gc,stats    ]    Subphase: Concurrent Roots VMHandles                    0.002 / 0.002         0.002 / 0.003         0.002 / 0.003         0.002 / 0.003       ms
[2021-02-07T18:32:34.803+0300][230.043s][info][gc,stats    ]    Subphase: Concurrent Weak Roots                         0.319 / 0.319         0.160 / 0.414         0.160 / 0.414         0.160 / 0.414       ms
[2021-02-07T18:32:34.803+0300][230.043s][info][gc,stats    ]    Subphase: Concurrent Weak Roots JNIWeakHandles          0.000 / 0.000         0.000 / 0.000         0.000 / 0.000         0.000 / 0.000       ms
[2021-02-07T18:32:34.803+0300][230.043s][info][gc,stats    ]    Subphase: Concurrent Weak Roots ResolvedMethodTable     0.013 / 0.013         0.015 / 0.028         0.015 / 0.028         0.015 / 0.028       ms
[2021-02-07T18:32:34.803+0300][230.043s][info][gc,stats    ]    Subphase: Concurrent Weak Roots StringTable             0.298 / 0.298         0.140 / 0.383         0.140 / 0.383         0.140 / 0.383       ms
[2021-02-07T18:32:34.803+0300][230.043s][info][gc,stats    ]    Subphase: Concurrent Weak Roots VMWeakHandles           0.006 / 0.006         0.004 / 0.010         0.004 / 0.010         0.004 / 0.010       ms
[2021-02-07T18:32:34.803+0300][230.043s][info][gc,stats    ]    Subphase: Pause Mark Try Complete                       0.029 / 0.029         0.091 / 0.189         0.091 / 0.189         0.091 / 0.189       ms
[2021-02-07T18:32:34.803+0300][230.043s][info][gc,stats    ]    Subphase: Pause Roots                                   0.047 / 0.073         0.049 / 0.408         0.049 / 0.408         0.049 / 0.408       ms
[2021-02-07T18:32:34.803+0300][230.043s][info][gc,stats    ]    Subphase: Pause Roots CodeCache                         0.000 / 0.000         0.000 / 0.000         0.000 / 0.000         0.000 / 0.000       ms
[2021-02-07T18:32:34.803+0300][230.043s][info][gc,stats    ]    Subphase: Pause Roots JVMTIExport                       0.000 / 0.000         0.000 / 0.002         0.000 / 0.002         0.000 / 0.002       ms
[2021-02-07T18:32:34.803+0300][230.043s][info][gc,stats    ]    Subphase: Pause Roots JVMTIWeakExport                   0.000 / 0.000         0.000 / 0.001         0.000 / 0.001         0.000 / 0.001       ms
[2021-02-07T18:32:34.803+0300][230.043s][info][gc,stats    ]    Subphase: Pause Roots Java Threads                      0.044 / 0.069         0.044 / 0.404         0.044 / 0.404         0.044 / 0.404       ms
[2021-02-07T18:32:34.803+0300][230.043s][info][gc,stats    ]    Subphase: Pause Roots Management                        0.001 / 0.001         0.008 / 0.033         0.008 / 0.033         0.008 / 0.033       ms
[2021-02-07T18:32:34.803+0300][230.043s][info][gc,stats    ]    Subphase: Pause Roots ObjectSynchronizer                0.000 / 0.000         0.000 / 0.004         0.000 / 0.004         0.000 / 0.004       ms
[2021-02-07T18:32:34.803+0300][230.043s][info][gc,stats    ]    Subphase: Pause Roots Setup                             0.000 / 0.000         0.000 / 0.001         0.000 / 0.001         0.000 / 0.001       ms
[2021-02-07T18:32:34.803+0300][230.043s][info][gc,stats    ]    Subphase: Pause Roots Teardown                          0.001 / 0.002         0.001 / 0.002         0.001 / 0.002         0.001 / 0.002       ms
[2021-02-07T18:32:34.803+0300][230.043s][info][gc,stats    ]    Subphase: Pause Roots Universe                          0.002 / 0.002         0.002 / 0.027         0.002 / 0.027         0.002 / 0.027       ms
[2021-02-07T18:32:34.803+0300][230.043s][info][gc,stats    ]    Subphase: Pause Roots VM Thread                         0.001 / 0.001         0.001 / 0.010         0.001 / 0.010         0.001 / 0.010       ms
[2021-02-07T18:32:34.803+0300][230.043s][info][gc,stats    ]    Subphase: Pause Weak Roots                              0.001 / 0.001         0.002 / 0.014         0.002 / 0.014         0.002 / 0.014       ms
[2021-02-07T18:32:34.803+0300][230.043s][info][gc,stats    ]    Subphase: Pause Weak Roots JFRWeak                      0.000 / 0.000         0.001 / 0.013         0.001 / 0.013         0.001 / 0.013       ms
[2021-02-07T18:32:34.803+0300][230.043s][info][gc,stats    ]    Subphase: Pause Weak Roots JVMTIWeakExport              0.000 / 0.000         0.001 / 0.013         0.001 / 0.013         0.001 / 0.013       ms
[2021-02-07T18:32:34.803+0300][230.043s][info][gc,stats    ]    Subphase: Pause Weak Roots Setup                        0.000 / 0.000         0.000 / 0.000         0.000 / 0.000         0.000 / 0.000       ms
[2021-02-07T18:32:34.803+0300][230.043s][info][gc,stats    ]    Subphase: Pause Weak Roots Teardown                     0.000 / 0.000         0.000 / 0.000         0.000 / 0.000         0.000 / 0.000       ms
[2021-02-07T18:32:34.803+0300][230.043s][info][gc,stats    ]      System: Java Threads                                     16 / 16               12 / 16               12 / 16               12 / 16          threads
[2021-02-07T18:32:34.804+0300][230.043s][info][gc,stats    ] =========================================================================================================================================================
[2021-02-07T18:32:44.804+0300][240.043s][info][gc,stats    ] === Garbage Collection Statistics =======================================================================================================================
[2021-02-07T18:32:44.804+0300][240.043s][info][gc,stats    ]                                                              Last 10s              Last 10m              Last 10h                Total
[2021-02-07T18:32:44.804+0300][240.043s][info][gc,stats    ]                                                              Avg / Max             Avg / Max             Avg / Max             Avg / Max
[2021-02-07T18:32:44.804+0300][240.043s][info][gc,stats    ]   Collector: Garbage Collection Cycle                      0.000 / 0.000       109.894 / 276.799     109.894 / 276.799     109.894 / 276.799     ms
[2021-02-07T18:32:44.804+0300][240.043s][info][gc,stats    ]  Contention: Mark Segment Reset Contention                     0 / 0                 0 / 0                 0 / 0                 0 / 0           ops/s
[2021-02-07T18:32:44.804+0300][240.043s][info][gc,stats    ]  Contention: Mark SeqNum Reset Contention                      0 / 0                 0 / 0                 0 / 0                 0 / 0           ops/s
[2021-02-07T18:32:44.804+0300][240.043s][info][gc,stats    ]  Contention: Relocation Contention                             0 / 0                 0 / 167               0 / 167               0 / 167         ops/s
[2021-02-07T18:32:44.804+0300][240.043s][info][gc,stats    ]    Critical: Allocation Stall                              0.000 / 0.000         0.000 / 0.000         0.000 / 0.000         0.000 / 0.000       ms
[2021-02-07T18:32:44.804+0300][240.043s][info][gc,stats    ]    Critical: Allocation Stall                                  0 / 0                 0 / 0                 0 / 0                 0 / 0           ops/s
[2021-02-07T18:32:44.804+0300][240.043s][info][gc,stats    ]    Critical: GC Locker Stall                               0.000 / 0.000         0.000 / 0.000         0.000 / 0.000         0.000 / 0.000       ms
[2021-02-07T18:32:44.804+0300][240.043s][info][gc,stats    ]    Critical: GC Locker Stall                                   0 / 0                 0 / 0                 0 / 0                 0 / 0           ops/s
[2021-02-07T18:32:44.804+0300][240.043s][info][gc,stats    ]      Memory: Allocation Rate                                   0 / 0                 2 / 304               2 / 304               2 / 304         MB/s
[2021-02-07T18:32:44.804+0300][240.043s][info][gc,stats    ]      Memory: Heap Used After Mark                              0 / 0                76 / 198              76 / 198              76 / 198         MB
[2021-02-07T18:32:44.804+0300][240.043s][info][gc,stats    ]      Memory: Heap Used After Relocation                        0 / 0                66 / 174              66 / 174              66 / 174         MB
[2021-02-07T18:32:44.804+0300][240.044s][info][gc,stats    ]      Memory: Heap Used Before Mark                             0 / 0                74 / 180              74 / 180              74 / 180         MB
[2021-02-07T18:32:44.804+0300][240.044s][info][gc,stats    ]      Memory: Heap Used Before Relocation                       0 / 0                74 / 196              74 / 196              74 / 196         MB
[2021-02-07T18:32:44.804+0300][240.044s][info][gc,stats    ]      Memory: Out Of Memory                                     0 / 0                 0 / 0                 0 / 0                 0 / 0           ops/s
[2021-02-07T18:32:44.804+0300][240.044s][info][gc,stats    ]      Memory: Page Cache Flush                                  0 / 0                 0 / 0                 0 / 0                 0 / 0           MB/s
[2021-02-07T18:32:44.804+0300][240.044s][info][gc,stats    ]      Memory: Page Cache Hit L1                                 0 / 0                 0 / 21                0 / 21                0 / 21          ops/s
[2021-02-07T18:32:44.804+0300][240.044s][info][gc,stats    ]      Memory: Page Cache Hit L2                                 0 / 0                 0 / 0                 0 / 0                 0 / 0           ops/s
[2021-02-07T18:32:44.804+0300][240.044s][info][gc,stats    ]      Memory: Page Cache Hit L3                                 0 / 0                 0 / 16                0 / 16                0 / 16          ops/s
[2021-02-07T18:32:44.804+0300][240.044s][info][gc,stats    ]      Memory: Page Cache Miss                                   0 / 0                 0 / 0                 0 / 0                 0 / 0           ops/s
[2021-02-07T18:32:44.804+0300][240.044s][info][gc,stats    ]      Memory: Uncommit                                          0 / 0                 0 / 0                 0 / 0                 0 / 0           MB/s
[2021-02-07T18:32:44.804+0300][240.044s][info][gc,stats    ]      Memory: Undo Object Allocation Failed                     0 / 0                 0 / 0                 0 / 0                 0 / 0           ops/s
[2021-02-07T18:32:44.804+0300][240.044s][info][gc,stats    ]      Memory: Undo Object Allocation Succeeded                  0 / 0                 0 / 167               0 / 167               0 / 167         ops/s
[2021-02-07T18:32:44.804+0300][240.044s][info][gc,stats    ]      Memory: Undo Page Allocation                              0 / 0                 0 / 0                 0 / 0                 0 / 0           ops/s
[2021-02-07T18:32:44.804+0300][240.044s][info][gc,stats    ]       Phase: Concurrent Mark                               0.000 / 0.000        94.142 / 246.405      94.142 / 246.405      94.142 / 246.405     ms
[2021-02-07T18:32:44.804+0300][240.044s][info][gc,stats    ]       Phase: Concurrent Mark Continue                      0.000 / 0.000         0.000 / 0.000         0.000 / 0.000         0.000 / 0.000       ms
[2021-02-07T18:32:44.804+0300][240.044s][info][gc,stats    ]       Phase: Concurrent Process Non-Strong References      0.000 / 0.000         1.467 / 3.887         1.467 / 3.887         1.467 / 3.887       ms
[2021-02-07T18:32:44.804+0300][240.044s][info][gc,stats    ]       Phase: Concurrent Relocate                           0.000 / 0.000         8.919 / 19.942        8.919 / 19.942        8.919 / 19.942      ms
[2021-02-07T18:32:44.804+0300][240.044s][info][gc,stats    ]       Phase: Concurrent Reset Relocation Set               0.000 / 0.000         0.286 / 0.801         0.286 / 0.801         0.286 / 0.801       ms
[2021-02-07T18:32:44.804+0300][240.044s][info][gc,stats    ]       Phase: Concurrent Select Relocation Set              0.000 / 0.000         3.260 / 7.297         3.260 / 7.297         3.260 / 7.297       ms
[2021-02-07T18:32:44.804+0300][240.044s][info][gc,stats    ]       Phase: Pause Mark End                                0.000 / 0.000         0.267 / 0.367         0.267 / 0.367         0.267 / 0.367       ms
[2021-02-07T18:32:44.804+0300][240.044s][info][gc,stats    ]       Phase: Pause Mark Start                              0.000 / 0.000         0.109 / 0.463         0.109 / 0.463         0.109 / 0.463       ms
[2021-02-07T18:32:44.804+0300][240.044s][info][gc,stats    ]       Phase: Pause Relocate Start                          0.000 / 0.000         0.131 / 0.287         0.131 / 0.287         0.131 / 0.287       ms
[2021-02-07T18:32:44.804+0300][240.044s][info][gc,stats    ]    Subphase: Concurrent Classes Purge                      0.000 / 0.000         0.100 / 0.141         0.100 / 0.141         0.100 / 0.141       ms
[2021-02-07T18:32:44.804+0300][240.044s][info][gc,stats    ]    Subphase: Concurrent Classes Unlink                     0.000 / 0.000         0.798 / 2.613         0.798 / 2.613         0.798 / 2.613       ms
[2021-02-07T18:32:44.804+0300][240.044s][info][gc,stats    ]    Subphase: Concurrent Mark                               0.000 / 0.000        93.942 / 246.230      93.942 / 246.230      93.942 / 246.230     ms
[2021-02-07T18:32:44.804+0300][240.044s][info][gc,stats    ]    Subphase: Concurrent Mark Idle                          0.000 / 0.000         0.000 / 0.000         0.000 / 0.000         0.000 / 0.000       ms
[2021-02-07T18:32:44.804+0300][240.044s][info][gc,stats    ]    Subphase: Concurrent Mark Try Flush                     0.000 / 0.000         0.247 / 0.740         0.247 / 0.740         0.247 / 0.740       ms
[2021-02-07T18:32:44.804+0300][240.044s][info][gc,stats    ]    Subphase: Concurrent Mark Try Terminate                 0.000 / 0.000         0.126 / 0.717         0.126 / 0.717         0.126 / 0.717       ms
[2021-02-07T18:32:44.804+0300][240.044s][info][gc,stats    ]    Subphase: Concurrent References Enqueue                 0.000 / 0.000         0.001 / 0.004         0.001 / 0.004         0.001 / 0.004       ms
[2021-02-07T18:32:44.804+0300][240.044s][info][gc,stats    ]    Subphase: Concurrent References Process                 0.000 / 0.000         0.107 / 0.211         0.107 / 0.211         0.107 / 0.211       ms
[2021-02-07T18:32:44.804+0300][240.044s][info][gc,stats    ]    Subphase: Concurrent Roots                              0.000 / 0.000         0.055 / 0.114         0.055 / 0.114         0.055 / 0.114       ms
[2021-02-07T18:32:44.804+0300][240.044s][info][gc,stats    ]    Subphase: Concurrent Roots ClassLoaderDataGraph         0.000 / 0.000         0.050 / 0.107         0.050 / 0.107         0.050 / 0.107       ms
[2021-02-07T18:32:44.804+0300][240.044s][info][gc,stats    ]    Subphase: Concurrent Roots JNIHandles                   0.000 / 0.000         0.002 / 0.004         0.002 / 0.004         0.002 / 0.004       ms
[2021-02-07T18:32:44.804+0300][240.044s][info][gc,stats    ]    Subphase: Concurrent Roots Setup                        0.000 / 0.000         0.004 / 0.009         0.004 / 0.009         0.004 / 0.009       ms
[2021-02-07T18:32:44.804+0300][240.044s][info][gc,stats    ]    Subphase: Concurrent Roots Teardown                     0.000 / 0.000         0.000 / 0.000         0.000 / 0.000         0.000 / 0.000       ms
[2021-02-07T18:32:44.804+0300][240.044s][info][gc,stats    ]    Subphase: Concurrent Roots VMHandles                    0.000 / 0.000         0.002 / 0.003         0.002 / 0.003         0.002 / 0.003       ms
[2021-02-07T18:32:44.804+0300][240.044s][info][gc,stats    ]    Subphase: Concurrent Weak Roots                         0.000 / 0.000         0.160 / 0.414         0.160 / 0.414         0.160 / 0.414       ms
[2021-02-07T18:32:44.804+0300][240.044s][info][gc,stats    ]    Subphase: Concurrent Weak Roots JNIWeakHandles          0.000 / 0.000         0.000 / 0.000         0.000 / 0.000         0.000 / 0.000       ms
[2021-02-07T18:32:44.804+0300][240.044s][info][gc,stats    ]    Subphase: Concurrent Weak Roots ResolvedMethodTable     0.000 / 0.000         0.015 / 0.028         0.015 / 0.028         0.015 / 0.028       ms
[2021-02-07T18:32:44.804+0300][240.044s][info][gc,stats    ]    Subphase: Concurrent Weak Roots StringTable             0.000 / 0.000         0.140 / 0.383         0.140 / 0.383         0.140 / 0.383       ms
[2021-02-07T18:32:44.804+0300][240.044s][info][gc,stats    ]    Subphase: Concurrent Weak Roots VMWeakHandles           0.000 / 0.000         0.004 / 0.010         0.004 / 0.010         0.004 / 0.010       ms
[2021-02-07T18:32:44.804+0300][240.044s][info][gc,stats    ]    Subphase: Pause Mark Try Complete                       0.000 / 0.000         0.091 / 0.189         0.091 / 0.189         0.091 / 0.189       ms
[2021-02-07T18:32:44.804+0300][240.044s][info][gc,stats    ]    Subphase: Pause Roots                                   0.000 / 0.000         0.049 / 0.408         0.049 / 0.408         0.049 / 0.408       ms
[2021-02-07T18:32:44.804+0300][240.044s][info][gc,stats    ]    Subphase: Pause Roots CodeCache                         0.000 / 0.000         0.000 / 0.000         0.000 / 0.000         0.000 / 0.000       ms
[2021-02-07T18:32:44.804+0300][240.044s][info][gc,stats    ]    Subphase: Pause Roots JVMTIExport                       0.000 / 0.000         0.000 / 0.002         0.000 / 0.002         0.000 / 0.002       ms
[2021-02-07T18:32:44.804+0300][240.044s][info][gc,stats    ]    Subphase: Pause Roots JVMTIWeakExport                   0.000 / 0.000         0.000 / 0.001         0.000 / 0.001         0.000 / 0.001       ms
[2021-02-07T18:32:44.805+0300][240.044s][info][gc,stats    ]    Subphase: Pause Roots Java Threads                      0.000 / 0.000         0.044 / 0.404         0.044 / 0.404         0.044 / 0.404       ms
[2021-02-07T18:32:44.805+0300][240.044s][info][gc,stats    ]    Subphase: Pause Roots Management                        0.000 / 0.000         0.008 / 0.033         0.008 / 0.033         0.008 / 0.033       ms
[2021-02-07T18:32:44.805+0300][240.044s][info][gc,stats    ]    Subphase: Pause Roots ObjectSynchronizer                0.000 / 0.000         0.000 / 0.004         0.000 / 0.004         0.000 / 0.004       ms
[2021-02-07T18:32:44.805+0300][240.044s][info][gc,stats    ]    Subphase: Pause Roots Setup                             0.000 / 0.000         0.000 / 0.001         0.000 / 0.001         0.000 / 0.001       ms
[2021-02-07T18:32:44.805+0300][240.044s][info][gc,stats    ]    Subphase: Pause Roots Teardown                          0.000 / 0.000         0.001 / 0.002         0.001 / 0.002         0.001 / 0.002       ms
[2021-02-07T18:32:44.805+0300][240.044s][info][gc,stats    ]    Subphase: Pause Roots Universe                          0.000 / 0.000         0.002 / 0.027         0.002 / 0.027         0.002 / 0.027       ms
[2021-02-07T18:32:44.805+0300][240.044s][info][gc,stats    ]    Subphase: Pause Roots VM Thread                         0.000 / 0.000         0.001 / 0.010         0.001 / 0.010         0.001 / 0.010       ms
[2021-02-07T18:32:44.805+0300][240.044s][info][gc,stats    ]    Subphase: Pause Weak Roots                              0.000 / 0.000         0.002 / 0.014         0.002 / 0.014         0.002 / 0.014       ms
[2021-02-07T18:32:44.805+0300][240.044s][info][gc,stats    ]    Subphase: Pause Weak Roots JFRWeak                      0.000 / 0.000         0.001 / 0.013         0.001 / 0.013         0.001 / 0.013       ms
[2021-02-07T18:32:44.805+0300][240.044s][info][gc,stats    ]    Subphase: Pause Weak Roots JVMTIWeakExport              0.000 / 0.000         0.001 / 0.013         0.001 / 0.013         0.001 / 0.013       ms
[2021-02-07T18:32:44.805+0300][240.044s][info][gc,stats    ]    Subphase: Pause Weak Roots Setup                        0.000 / 0.000         0.000 / 0.000         0.000 / 0.000         0.000 / 0.000       ms
[2021-02-07T18:32:44.805+0300][240.044s][info][gc,stats    ]    Subphase: Pause Weak Roots Teardown                     0.000 / 0.000         0.000 / 0.000         0.000 / 0.000         0.000 / 0.000       ms
[2021-02-07T18:32:44.805+0300][240.044s][info][gc,stats    ]      System: Java Threads                                      0 / 0                12 / 16               12 / 16               12 / 16          threads
[2021-02-07T18:32:44.805+0300][240.044s][info][gc,stats    ] =========================================================================================================================================================
[2021-02-07T18:32:54.803+0300][250.042s][info][gc,stats    ] === Garbage Collection Statistics =======================================================================================================================
[2021-02-07T18:32:54.803+0300][250.042s][info][gc,stats    ]                                                              Last 10s              Last 10m              Last 10h                Total
[2021-02-07T18:32:54.803+0300][250.042s][info][gc,stats    ]                                                              Avg / Max             Avg / Max             Avg / Max             Avg / Max
[2021-02-07T18:32:54.803+0300][250.042s][info][gc,stats    ]   Collector: Garbage Collection Cycle                      0.000 / 0.000       109.894 / 276.799     109.894 / 276.799     109.894 / 276.799     ms
[2021-02-07T18:32:54.803+0300][250.042s][info][gc,stats    ]  Contention: Mark Segment Reset Contention                     0 / 0                 0 / 0                 0 / 0                 0 / 0           ops/s
[2021-02-07T18:32:54.803+0300][250.042s][info][gc,stats    ]  Contention: Mark SeqNum Reset Contention                      0 / 0                 0 / 0                 0 / 0                 0 / 0           ops/s
[2021-02-07T18:32:54.803+0300][250.042s][info][gc,stats    ]  Contention: Relocation Contention                             0 / 0                 0 / 167               0 / 167               0 / 167         ops/s
[2021-02-07T18:32:54.803+0300][250.042s][info][gc,stats    ]    Critical: Allocation Stall                              0.000 / 0.000         0.000 / 0.000         0.000 / 0.000         0.000 / 0.000       ms
[2021-02-07T18:32:54.803+0300][250.042s][info][gc,stats    ]    Critical: Allocation Stall                                  0 / 0                 0 / 0                 0 / 0                 0 / 0           ops/s
[2021-02-07T18:32:54.803+0300][250.042s][info][gc,stats    ]    Critical: GC Locker Stall                               0.000 / 0.000         0.000 / 0.000         0.000 / 0.000         0.000 / 0.000       ms
[2021-02-07T18:32:54.803+0300][250.042s][info][gc,stats    ]    Critical: GC Locker Stall                                   0 / 0                 0 / 0                 0 / 0                 0 / 0           ops/s
[2021-02-07T18:32:54.803+0300][250.042s][info][gc,stats    ]      Memory: Allocation Rate                                   0 / 2                 2 / 304               2 / 304               2 / 304         MB/s
[2021-02-07T18:32:54.803+0300][250.042s][info][gc,stats    ]      Memory: Heap Used After Mark                              0 / 0                76 / 198              76 / 198              76 / 198         MB
[2021-02-07T18:32:54.803+0300][250.042s][info][gc,stats    ]      Memory: Heap Used After Relocation                        0 / 0                66 / 174              66 / 174              66 / 174         MB
[2021-02-07T18:32:54.803+0300][250.042s][info][gc,stats    ]      Memory: Heap Used Before Mark                             0 / 0                74 / 180              74 / 180              74 / 180         MB
[2021-02-07T18:32:54.803+0300][250.042s][info][gc,stats    ]      Memory: Heap Used Before Relocation                       0 / 0                74 / 196              74 / 196              74 / 196         MB
[2021-02-07T18:32:54.803+0300][250.042s][info][gc,stats    ]      Memory: Out Of Memory                                     0 / 0                 0 / 0                 0 / 0                 0 / 0           ops/s
[2021-02-07T18:32:54.803+0300][250.042s][info][gc,stats    ]      Memory: Page Cache Flush                                  0 / 0                 0 / 0                 0 / 0                 0 / 0           MB/s
[2021-02-07T18:32:54.803+0300][250.042s][info][gc,stats    ]      Memory: Page Cache Hit L1                                 0 / 1                 0 / 21                0 / 21                0 / 21          ops/s
[2021-02-07T18:32:54.803+0300][250.042s][info][gc,stats    ]      Memory: Page Cache Hit L2                                 0 / 0                 0 / 0                 0 / 0                 0 / 0           ops/s
[2021-02-07T18:32:54.803+0300][250.043s][info][gc,stats    ]      Memory: Page Cache Hit L3                                 0 / 0                 0 / 16                0 / 16                0 / 16          ops/s
[2021-02-07T18:32:54.803+0300][250.043s][info][gc,stats    ]      Memory: Page Cache Miss                                   0 / 0                 0 / 0                 0 / 0                 0 / 0           ops/s
[2021-02-07T18:32:54.803+0300][250.043s][info][gc,stats    ]      Memory: Uncommit                                          0 / 0                 0 / 0                 0 / 0                 0 / 0           MB/s
[2021-02-07T18:32:54.803+0300][250.043s][info][gc,stats    ]      Memory: Undo Object Allocation Failed                     0 / 0                 0 / 0                 0 / 0                 0 / 0           ops/s
[2021-02-07T18:32:54.803+0300][250.043s][info][gc,stats    ]      Memory: Undo Object Allocation Succeeded                  0 / 0                 0 / 167               0 / 167               0 / 167         ops/s
[2021-02-07T18:32:54.803+0300][250.043s][info][gc,stats    ]      Memory: Undo Page Allocation                              0 / 0                 0 / 0                 0 / 0                 0 / 0           ops/s
[2021-02-07T18:32:54.803+0300][250.043s][info][gc,stats    ]       Phase: Concurrent Mark                               0.000 / 0.000        94.142 / 246.405      94.142 / 246.405      94.142 / 246.405     ms
[2021-02-07T18:32:54.803+0300][250.043s][info][gc,stats    ]       Phase: Concurrent Mark Continue                      0.000 / 0.000         0.000 / 0.000         0.000 / 0.000         0.000 / 0.000       ms
[2021-02-07T18:32:54.803+0300][250.043s][info][gc,stats    ]       Phase: Concurrent Process Non-Strong References      0.000 / 0.000         1.467 / 3.887         1.467 / 3.887         1.467 / 3.887       ms
[2021-02-07T18:32:54.803+0300][250.043s][info][gc,stats    ]       Phase: Concurrent Relocate                           0.000 / 0.000         8.919 / 19.942        8.919 / 19.942        8.919 / 19.942      ms
[2021-02-07T18:32:54.803+0300][250.043s][info][gc,stats    ]       Phase: Concurrent Reset Relocation Set               0.000 / 0.000         0.286 / 0.801         0.286 / 0.801         0.286 / 0.801       ms
[2021-02-07T18:32:54.803+0300][250.043s][info][gc,stats    ]       Phase: Concurrent Select Relocation Set              0.000 / 0.000         3.260 / 7.297         3.260 / 7.297         3.260 / 7.297       ms
[2021-02-07T18:32:54.803+0300][250.043s][info][gc,stats    ]       Phase: Pause Mark End                                0.000 / 0.000         0.267 / 0.367         0.267 / 0.367         0.267 / 0.367       ms
[2021-02-07T18:32:54.803+0300][250.043s][info][gc,stats    ]       Phase: Pause Mark Start                              0.000 / 0.000         0.109 / 0.463         0.109 / 0.463         0.109 / 0.463       ms
[2021-02-07T18:32:54.803+0300][250.043s][info][gc,stats    ]       Phase: Pause Relocate Start                          0.000 / 0.000         0.131 / 0.287         0.131 / 0.287         0.131 / 0.287       ms
[2021-02-07T18:32:54.803+0300][250.043s][info][gc,stats    ]    Subphase: Concurrent Classes Purge                      0.000 / 0.000         0.100 / 0.141         0.100 / 0.141         0.100 / 0.141       ms
[2021-02-07T18:32:54.803+0300][250.043s][info][gc,stats    ]    Subphase: Concurrent Classes Unlink                     0.000 / 0.000         0.798 / 2.613         0.798 / 2.613         0.798 / 2.613       ms
[2021-02-07T18:32:54.803+0300][250.043s][info][gc,stats    ]    Subphase: Concurrent Mark                               0.000 / 0.000        93.942 / 246.230      93.942 / 246.230      93.942 / 246.230     ms
[2021-02-07T18:32:54.803+0300][250.043s][info][gc,stats    ]    Subphase: Concurrent Mark Idle                          0.000 / 0.000         0.000 / 0.000         0.000 / 0.000         0.000 / 0.000       ms
[2021-02-07T18:32:54.803+0300][250.043s][info][gc,stats    ]    Subphase: Concurrent Mark Try Flush                     0.000 / 0.000         0.247 / 0.740         0.247 / 0.740         0.247 / 0.740       ms
[2021-02-07T18:32:54.803+0300][250.043s][info][gc,stats    ]    Subphase: Concurrent Mark Try Terminate                 0.000 / 0.000         0.126 / 0.717         0.126 / 0.717         0.126 / 0.717       ms
[2021-02-07T18:32:54.803+0300][250.043s][info][gc,stats    ]    Subphase: Concurrent References Enqueue                 0.000 / 0.000         0.001 / 0.004         0.001 / 0.004         0.001 / 0.004       ms
[2021-02-07T18:32:54.803+0300][250.043s][info][gc,stats    ]    Subphase: Concurrent References Process                 0.000 / 0.000         0.107 / 0.211         0.107 / 0.211         0.107 / 0.211       ms
[2021-02-07T18:32:54.803+0300][250.043s][info][gc,stats    ]    Subphase: Concurrent Roots                              0.000 / 0.000         0.055 / 0.114         0.055 / 0.114         0.055 / 0.114       ms
[2021-02-07T18:32:54.803+0300][250.043s][info][gc,stats    ]    Subphase: Concurrent Roots ClassLoaderDataGraph         0.000 / 0.000         0.050 / 0.107         0.050 / 0.107         0.050 / 0.107       ms
[2021-02-07T18:32:54.803+0300][250.043s][info][gc,stats    ]    Subphase: Concurrent Roots JNIHandles                   0.000 / 0.000         0.002 / 0.004         0.002 / 0.004         0.002 / 0.004       ms
[2021-02-07T18:32:54.803+0300][250.043s][info][gc,stats    ]    Subphase: Concurrent Roots Setup                        0.000 / 0.000         0.004 / 0.009         0.004 / 0.009         0.004 / 0.009       ms
[2021-02-07T18:32:54.803+0300][250.043s][info][gc,stats    ]    Subphase: Concurrent Roots Teardown                     0.000 / 0.000         0.000 / 0.000         0.000 / 0.000         0.000 / 0.000       ms
[2021-02-07T18:32:54.803+0300][250.043s][info][gc,stats    ]    Subphase: Concurrent Roots VMHandles                    0.000 / 0.000         0.002 / 0.003         0.002 / 0.003         0.002 / 0.003       ms
[2021-02-07T18:32:54.803+0300][250.043s][info][gc,stats    ]    Subphase: Concurrent Weak Roots                         0.000 / 0.000         0.160 / 0.414         0.160 / 0.414         0.160 / 0.414       ms
[2021-02-07T18:32:54.803+0300][250.043s][info][gc,stats    ]    Subphase: Concurrent Weak Roots JNIWeakHandles          0.000 / 0.000         0.000 / 0.000         0.000 / 0.000         0.000 / 0.000       ms
[2021-02-07T18:32:54.803+0300][250.043s][info][gc,stats    ]    Subphase: Concurrent Weak Roots ResolvedMethodTable     0.000 / 0.000         0.015 / 0.028         0.015 / 0.028         0.015 / 0.028       ms
[2021-02-07T18:32:54.803+0300][250.043s][info][gc,stats    ]    Subphase: Concurrent Weak Roots StringTable             0.000 / 0.000         0.140 / 0.383         0.140 / 0.383         0.140 / 0.383       ms
[2021-02-07T18:32:54.803+0300][250.043s][info][gc,stats    ]    Subphase: Concurrent Weak Roots VMWeakHandles           0.000 / 0.000         0.004 / 0.010         0.004 / 0.010         0.004 / 0.010       ms
[2021-02-07T18:32:54.803+0300][250.043s][info][gc,stats    ]    Subphase: Pause Mark Try Complete                       0.000 / 0.000         0.091 / 0.189         0.091 / 0.189         0.091 / 0.189       ms
[2021-02-07T18:32:54.803+0300][250.043s][info][gc,stats    ]    Subphase: Pause Roots                                   0.000 / 0.000         0.049 / 0.408         0.049 / 0.408         0.049 / 0.408       ms
[2021-02-07T18:32:54.803+0300][250.043s][info][gc,stats    ]    Subphase: Pause Roots CodeCache                         0.000 / 0.000         0.000 / 0.000         0.000 / 0.000         0.000 / 0.000       ms
[2021-02-07T18:32:54.803+0300][250.043s][info][gc,stats    ]    Subphase: Pause Roots JVMTIExport                       0.000 / 0.000         0.000 / 0.002         0.000 / 0.002         0.000 / 0.002       ms
[2021-02-07T18:32:54.803+0300][250.043s][info][gc,stats    ]    Subphase: Pause Roots JVMTIWeakExport                   0.000 / 0.000         0.000 / 0.001         0.000 / 0.001         0.000 / 0.001       ms
[2021-02-07T18:32:54.803+0300][250.043s][info][gc,stats    ]    Subphase: Pause Roots Java Threads                      0.000 / 0.000         0.044 / 0.404         0.044 / 0.404         0.044 / 0.404       ms
[2021-02-07T18:32:54.803+0300][250.043s][info][gc,stats    ]    Subphase: Pause Roots Management                        0.000 / 0.000         0.008 / 0.033         0.008 / 0.033         0.008 / 0.033       ms
[2021-02-07T18:32:54.803+0300][250.043s][info][gc,stats    ]    Subphase: Pause Roots ObjectSynchronizer                0.000 / 0.000         0.000 / 0.004         0.000 / 0.004         0.000 / 0.004       ms
[2021-02-07T18:32:54.803+0300][250.043s][info][gc,stats    ]    Subphase: Pause Roots Setup                             0.000 / 0.000         0.000 / 0.001         0.000 / 0.001         0.000 / 0.001       ms
[2021-02-07T18:32:54.803+0300][250.043s][info][gc,stats    ]    Subphase: Pause Roots Teardown                          0.000 / 0.000         0.001 / 0.002         0.001 / 0.002         0.001 / 0.002       ms
[2021-02-07T18:32:54.803+0300][250.043s][info][gc,stats    ]    Subphase: Pause Roots Universe                          0.000 / 0.000         0.002 / 0.027         0.002 / 0.027         0.002 / 0.027       ms
[2021-02-07T18:32:54.803+0300][250.043s][info][gc,stats    ]    Subphase: Pause Roots VM Thread                         0.000 / 0.000         0.001 / 0.010         0.001 / 0.010         0.001 / 0.010       ms
[2021-02-07T18:32:54.803+0300][250.043s][info][gc,stats    ]    Subphase: Pause Weak Roots                              0.000 / 0.000         0.002 / 0.014         0.002 / 0.014         0.002 / 0.014       ms
[2021-02-07T18:32:54.804+0300][250.043s][info][gc,stats    ]    Subphase: Pause Weak Roots JFRWeak                      0.000 / 0.000         0.001 / 0.013         0.001 / 0.013         0.001 / 0.013       ms
[2021-02-07T18:32:54.804+0300][250.043s][info][gc,stats    ]    Subphase: Pause Weak Roots JVMTIWeakExport              0.000 / 0.000         0.001 / 0.013         0.001 / 0.013         0.001 / 0.013       ms
[2021-02-07T18:32:54.804+0300][250.043s][info][gc,stats    ]    Subphase: Pause Weak Roots Setup                        0.000 / 0.000         0.000 / 0.000         0.000 / 0.000         0.000 / 0.000       ms
[2021-02-07T18:32:54.804+0300][250.043s][info][gc,stats    ]    Subphase: Pause Weak Roots Teardown                     0.000 / 0.000         0.000 / 0.000         0.000 / 0.000         0.000 / 0.000       ms
[2021-02-07T18:32:54.804+0300][250.043s][info][gc,stats    ]      System: Java Threads                                      0 / 0                12 / 16               12 / 16               12 / 16          threads
[2021-02-07T18:32:54.804+0300][250.043s][info][gc,stats    ] =========================================================================================================================================================
[2021-02-07T18:33:04.812+0300][260.052s][info][gc,stats    ] === Garbage Collection Statistics =======================================================================================================================
[2021-02-07T18:33:04.812+0300][260.052s][info][gc,stats    ]                                                              Last 10s              Last 10m              Last 10h                Total
[2021-02-07T18:33:04.812+0300][260.052s][info][gc,stats    ]                                                              Avg / Max             Avg / Max             Avg / Max             Avg / Max
[2021-02-07T18:33:04.812+0300][260.052s][info][gc,stats    ]   Collector: Garbage Collection Cycle                      0.000 / 0.000       109.894 / 276.799     109.894 / 276.799     109.894 / 276.799     ms
[2021-02-07T18:33:04.812+0300][260.052s][info][gc,stats    ]  Contention: Mark Segment Reset Contention                     0 / 0                 0 / 0                 0 / 0                 0 / 0           ops/s
[2021-02-07T18:33:04.812+0300][260.052s][info][gc,stats    ]  Contention: Mark SeqNum Reset Contention                      0 / 0                 0 / 0                 0 / 0                 0 / 0           ops/s
[2021-02-07T18:33:04.812+0300][260.052s][info][gc,stats    ]  Contention: Relocation Contention                             0 / 0                 0 / 167               0 / 167               0 / 167         ops/s
[2021-02-07T18:33:04.812+0300][260.052s][info][gc,stats    ]    Critical: Allocation Stall                              0.000 / 0.000         0.000 / 0.000         0.000 / 0.000         0.000 / 0.000       ms
[2021-02-07T18:33:04.812+0300][260.052s][info][gc,stats    ]    Critical: Allocation Stall                                  0 / 0                 0 / 0                 0 / 0                 0 / 0           ops/s
[2021-02-07T18:33:04.812+0300][260.052s][info][gc,stats    ]    Critical: GC Locker Stall                               0.000 / 0.000         0.000 / 0.000         0.000 / 0.000         0.000 / 0.000       ms
[2021-02-07T18:33:04.812+0300][260.052s][info][gc,stats    ]    Critical: GC Locker Stall                                   0 / 0                 0 / 0                 0 / 0                 0 / 0           ops/s
[2021-02-07T18:33:04.812+0300][260.052s][info][gc,stats    ]      Memory: Allocation Rate                                   0 / 2                 2 / 304               2 / 304               2 / 304         MB/s
[2021-02-07T18:33:04.812+0300][260.052s][info][gc,stats    ]      Memory: Heap Used After Mark                              0 / 0                76 / 198              76 / 198              76 / 198         MB
[2021-02-07T18:33:04.812+0300][260.052s][info][gc,stats    ]      Memory: Heap Used After Relocation                        0 / 0                66 / 174              66 / 174              66 / 174         MB
[2021-02-07T18:33:04.812+0300][260.052s][info][gc,stats    ]      Memory: Heap Used Before Mark                             0 / 0                74 / 180              74 / 180              74 / 180         MB
[2021-02-07T18:33:04.812+0300][260.052s][info][gc,stats    ]      Memory: Heap Used Before Relocation                       0 / 0                74 / 196              74 / 196              74 / 196         MB
[2021-02-07T18:33:04.812+0300][260.052s][info][gc,stats    ]      Memory: Out Of Memory                                     0 / 0                 0 / 0                 0 / 0                 0 / 0           ops/s
[2021-02-07T18:33:04.812+0300][260.052s][info][gc,stats    ]      Memory: Page Cache Flush                                  0 / 0                 0 / 0                 0 / 0                 0 / 0           MB/s
[2021-02-07T18:33:04.812+0300][260.052s][info][gc,stats    ]      Memory: Page Cache Hit L1                                 0 / 1                 0 / 21                0 / 21                0 / 21          ops/s
[2021-02-07T18:33:04.812+0300][260.052s][info][gc,stats    ]      Memory: Page Cache Hit L2                                 0 / 0                 0 / 0                 0 / 0                 0 / 0           ops/s
[2021-02-07T18:33:04.812+0300][260.052s][info][gc,stats    ]      Memory: Page Cache Hit L3                                 0 / 0                 0 / 16                0 / 16                0 / 16          ops/s
[2021-02-07T18:33:04.812+0300][260.052s][info][gc,stats    ]      Memory: Page Cache Miss                                   0 / 0                 0 / 0                 0 / 0                 0 / 0           ops/s
[2021-02-07T18:33:04.812+0300][260.052s][info][gc,stats    ]      Memory: Uncommit                                          0 / 0                 0 / 0                 0 / 0                 0 / 0           MB/s
[2021-02-07T18:33:04.812+0300][260.052s][info][gc,stats    ]      Memory: Undo Object Allocation Failed                     0 / 0                 0 / 0                 0 / 0                 0 / 0           ops/s
[2021-02-07T18:33:04.812+0300][260.052s][info][gc,stats    ]      Memory: Undo Object Allocation Succeeded                  0 / 0                 0 / 167               0 / 167               0 / 167         ops/s
[2021-02-07T18:33:04.812+0300][260.052s][info][gc,stats    ]      Memory: Undo Page Allocation                              0 / 0                 0 / 0                 0 / 0                 0 / 0           ops/s
[2021-02-07T18:33:04.812+0300][260.052s][info][gc,stats    ]       Phase: Concurrent Mark                               0.000 / 0.000        94.142 / 246.405      94.142 / 246.405      94.142 / 246.405     ms
[2021-02-07T18:33:04.812+0300][260.052s][info][gc,stats    ]       Phase: Concurrent Mark Continue                      0.000 / 0.000         0.000 / 0.000         0.000 / 0.000         0.000 / 0.000       ms
[2021-02-07T18:33:04.812+0300][260.052s][info][gc,stats    ]       Phase: Concurrent Process Non-Strong References      0.000 / 0.000         1.467 / 3.887         1.467 / 3.887         1.467 / 3.887       ms
[2021-02-07T18:33:04.812+0300][260.052s][info][gc,stats    ]       Phase: Concurrent Relocate                           0.000 / 0.000         8.919 / 19.942        8.919 / 19.942        8.919 / 19.942      ms
[2021-02-07T18:33:04.812+0300][260.052s][info][gc,stats    ]       Phase: Concurrent Reset Relocation Set               0.000 / 0.000         0.286 / 0.801         0.286 / 0.801         0.286 / 0.801       ms
[2021-02-07T18:33:04.812+0300][260.053s][info][gc,stats    ]       Phase: Concurrent Select Relocation Set              0.000 / 0.000         3.260 / 7.297         3.260 / 7.297         3.260 / 7.297       ms
[2021-02-07T18:33:04.812+0300][260.053s][info][gc,stats    ]       Phase: Pause Mark End                                0.000 / 0.000         0.267 / 0.367         0.267 / 0.367         0.267 / 0.367       ms
[2021-02-07T18:33:04.812+0300][260.053s][info][gc,stats    ]       Phase: Pause Mark Start                              0.000 / 0.000         0.109 / 0.463         0.109 / 0.463         0.109 / 0.463       ms
[2021-02-07T18:33:04.812+0300][260.053s][info][gc,stats    ]       Phase: Pause Relocate Start                          0.000 / 0.000         0.131 / 0.287         0.131 / 0.287         0.131 / 0.287       ms
[2021-02-07T18:33:04.812+0300][260.053s][info][gc,stats    ]    Subphase: Concurrent Classes Purge                      0.000 / 0.000         0.100 / 0.141         0.100 / 0.141         0.100 / 0.141       ms
[2021-02-07T18:33:04.812+0300][260.053s][info][gc,stats    ]    Subphase: Concurrent Classes Unlink                     0.000 / 0.000         0.798 / 2.613         0.798 / 2.613         0.798 / 2.613       ms
[2021-02-07T18:33:04.812+0300][260.053s][info][gc,stats    ]    Subphase: Concurrent Mark                               0.000 / 0.000        93.942 / 246.230      93.942 / 246.230      93.942 / 246.230     ms
[2021-02-07T18:33:04.812+0300][260.053s][info][gc,stats    ]    Subphase: Concurrent Mark Idle                          0.000 / 0.000         0.000 / 0.000         0.000 / 0.000         0.000 / 0.000       ms
[2021-02-07T18:33:04.812+0300][260.053s][info][gc,stats    ]    Subphase: Concurrent Mark Try Flush                     0.000 / 0.000         0.247 / 0.740         0.247 / 0.740         0.247 / 0.740       ms
[2021-02-07T18:33:04.812+0300][260.053s][info][gc,stats    ]    Subphase: Concurrent Mark Try Terminate                 0.000 / 0.000         0.126 / 0.717         0.126 / 0.717         0.126 / 0.717       ms
[2021-02-07T18:33:04.812+0300][260.053s][info][gc,stats    ]    Subphase: Concurrent References Enqueue                 0.000 / 0.000         0.001 / 0.004         0.001 / 0.004         0.001 / 0.004       ms
[2021-02-07T18:33:04.812+0300][260.053s][info][gc,stats    ]    Subphase: Concurrent References Process                 0.000 / 0.000         0.107 / 0.211         0.107 / 0.211         0.107 / 0.211       ms
[2021-02-07T18:33:04.812+0300][260.053s][info][gc,stats    ]    Subphase: Concurrent Roots                              0.000 / 0.000         0.055 / 0.114         0.055 / 0.114         0.055 / 0.114       ms
[2021-02-07T18:33:04.812+0300][260.053s][info][gc,stats    ]    Subphase: Concurrent Roots ClassLoaderDataGraph         0.000 / 0.000         0.050 / 0.107         0.050 / 0.107         0.050 / 0.107       ms
[2021-02-07T18:33:04.812+0300][260.053s][info][gc,stats    ]    Subphase: Concurrent Roots JNIHandles                   0.000 / 0.000         0.002 / 0.004         0.002 / 0.004         0.002 / 0.004       ms
[2021-02-07T18:33:04.812+0300][260.053s][info][gc,stats    ]    Subphase: Concurrent Roots Setup                        0.000 / 0.000         0.004 / 0.009         0.004 / 0.009         0.004 / 0.009       ms
[2021-02-07T18:33:04.812+0300][260.053s][info][gc,stats    ]    Subphase: Concurrent Roots Teardown                     0.000 / 0.000         0.000 / 0.000         0.000 / 0.000         0.000 / 0.000       ms
[2021-02-07T18:33:04.812+0300][260.053s][info][gc,stats    ]    Subphase: Concurrent Roots VMHandles                    0.000 / 0.000         0.002 / 0.003         0.002 / 0.003         0.002 / 0.003       ms
[2021-02-07T18:33:04.812+0300][260.053s][info][gc,stats    ]    Subphase: Concurrent Weak Roots                         0.000 / 0.000         0.160 / 0.414         0.160 / 0.414         0.160 / 0.414       ms
[2021-02-07T18:33:04.812+0300][260.053s][info][gc,stats    ]    Subphase: Concurrent Weak Roots JNIWeakHandles          0.000 / 0.000         0.000 / 0.000         0.000 / 0.000         0.000 / 0.000       ms
[2021-02-07T18:33:04.812+0300][260.053s][info][gc,stats    ]    Subphase: Concurrent Weak Roots ResolvedMethodTable     0.000 / 0.000         0.015 / 0.028         0.015 / 0.028         0.015 / 0.028       ms
[2021-02-07T18:33:04.812+0300][260.053s][info][gc,stats    ]    Subphase: Concurrent Weak Roots StringTable             0.000 / 0.000         0.140 / 0.383         0.140 / 0.383         0.140 / 0.383       ms
[2021-02-07T18:33:04.812+0300][260.053s][info][gc,stats    ]    Subphase: Concurrent Weak Roots VMWeakHandles           0.000 / 0.000         0.004 / 0.010         0.004 / 0.010         0.004 / 0.010       ms
[2021-02-07T18:33:04.812+0300][260.053s][info][gc,stats    ]    Subphase: Pause Mark Try Complete                       0.000 / 0.000         0.091 / 0.189         0.091 / 0.189         0.091 / 0.189       ms
[2021-02-07T18:33:04.812+0300][260.053s][info][gc,stats    ]    Subphase: Pause Roots                                   0.000 / 0.000         0.049 / 0.408         0.049 / 0.408         0.049 / 0.408       ms
[2021-02-07T18:33:04.812+0300][260.053s][info][gc,stats    ]    Subphase: Pause Roots CodeCache                         0.000 / 0.000         0.000 / 0.000         0.000 / 0.000         0.000 / 0.000       ms
[2021-02-07T18:33:04.812+0300][260.053s][info][gc,stats    ]    Subphase: Pause Roots JVMTIExport                       0.000 / 0.000         0.000 / 0.002         0.000 / 0.002         0.000 / 0.002       ms
[2021-02-07T18:33:04.813+0300][260.053s][info][gc,stats    ]    Subphase: Pause Roots JVMTIWeakExport                   0.000 / 0.000         0.000 / 0.001         0.000 / 0.001         0.000 / 0.001       ms
[2021-02-07T18:33:04.813+0300][260.053s][info][gc,stats    ]    Subphase: Pause Roots Java Threads                      0.000 / 0.000         0.044 / 0.404         0.044 / 0.404         0.044 / 0.404       ms
[2021-02-07T18:33:04.813+0300][260.053s][info][gc,stats    ]    Subphase: Pause Roots Management                        0.000 / 0.000         0.008 / 0.033         0.008 / 0.033         0.008 / 0.033       ms
[2021-02-07T18:33:04.813+0300][260.053s][info][gc,stats    ]    Subphase: Pause Roots ObjectSynchronizer                0.000 / 0.000         0.000 / 0.004         0.000 / 0.004         0.000 / 0.004       ms
[2021-02-07T18:33:04.813+0300][260.053s][info][gc,stats    ]    Subphase: Pause Roots Setup                             0.000 / 0.000         0.000 / 0.001         0.000 / 0.001         0.000 / 0.001       ms
[2021-02-07T18:33:04.813+0300][260.053s][info][gc,stats    ]    Subphase: Pause Roots Teardown                          0.000 / 0.000         0.001 / 0.002         0.001 / 0.002         0.001 / 0.002       ms
[2021-02-07T18:33:04.813+0300][260.053s][info][gc,stats    ]    Subphase: Pause Roots Universe                          0.000 / 0.000         0.002 / 0.027         0.002 / 0.027         0.002 / 0.027       ms
[2021-02-07T18:33:04.813+0300][260.053s][info][gc,stats    ]    Subphase: Pause Roots VM Thread                         0.000 / 0.000         0.001 / 0.010         0.001 / 0.010         0.001 / 0.010       ms
[2021-02-07T18:33:04.813+0300][260.053s][info][gc,stats    ]    Subphase: Pause Weak Roots                              0.000 / 0.000         0.002 / 0.014         0.002 / 0.014         0.002 / 0.014       ms
[2021-02-07T18:33:04.813+0300][260.053s][info][gc,stats    ]    Subphase: Pause Weak Roots JFRWeak                      0.000 / 0.000         0.001 / 0.013         0.001 / 0.013         0.001 / 0.013       ms
[2021-02-07T18:33:04.813+0300][260.053s][info][gc,stats    ]    Subphase: Pause Weak Roots JVMTIWeakExport              0.000 / 0.000         0.001 / 0.013         0.001 / 0.013         0.001 / 0.013       ms
[2021-02-07T18:33:04.813+0300][260.053s][info][gc,stats    ]    Subphase: Pause Weak Roots Setup                        0.000 / 0.000         0.000 / 0.000         0.000 / 0.000         0.000 / 0.000       ms
[2021-02-07T18:33:04.813+0300][260.053s][info][gc,stats    ]    Subphase: Pause Weak Roots Teardown                     0.000 / 0.000         0.000 / 0.000         0.000 / 0.000         0.000 / 0.000       ms
[2021-02-07T18:33:04.813+0300][260.053s][info][gc,stats    ]      System: Java Threads                                      0 / 0                12 / 16               12 / 16               12 / 16          threads
[2021-02-07T18:33:04.813+0300][260.053s][info][gc,stats    ] =========================================================================================================================================================
[2021-02-07T18:33:14.813+0300][270.052s][info][gc,stats    ] === Garbage Collection Statistics =======================================================================================================================
[2021-02-07T18:33:14.813+0300][270.052s][info][gc,stats    ]                                                              Last 10s              Last 10m              Last 10h                Total
[2021-02-07T18:33:14.813+0300][270.052s][info][gc,stats    ]                                                              Avg / Max             Avg / Max             Avg / Max             Avg / Max
[2021-02-07T18:33:14.813+0300][270.052s][info][gc,stats    ]   Collector: Garbage Collection Cycle                      0.000 / 0.000       109.894 / 276.799     109.894 / 276.799     109.894 / 276.799     ms
[2021-02-07T18:33:14.813+0300][270.052s][info][gc,stats    ]  Contention: Mark Segment Reset Contention                     0 / 0                 0 / 0                 0 / 0                 0 / 0           ops/s
[2021-02-07T18:33:14.813+0300][270.052s][info][gc,stats    ]  Contention: Mark SeqNum Reset Contention                      0 / 0                 0 / 0                 0 / 0                 0 / 0           ops/s
[2021-02-07T18:33:14.813+0300][270.052s][info][gc,stats    ]  Contention: Relocation Contention                             0 / 0                 0 / 167               0 / 167               0 / 167         ops/s
[2021-02-07T18:33:14.813+0300][270.052s][info][gc,stats    ]    Critical: Allocation Stall                              0.000 / 0.000         0.000 / 0.000         0.000 / 0.000         0.000 / 0.000       ms
[2021-02-07T18:33:14.813+0300][270.052s][info][gc,stats    ]    Critical: Allocation Stall                                  0 / 0                 0 / 0                 0 / 0                 0 / 0           ops/s
[2021-02-07T18:33:14.813+0300][270.052s][info][gc,stats    ]    Critical: GC Locker Stall                               0.000 / 0.000         0.000 / 0.000         0.000 / 0.000         0.000 / 0.000       ms
[2021-02-07T18:33:14.813+0300][270.052s][info][gc,stats    ]    Critical: GC Locker Stall                                   0 / 0                 0 / 0                 0 / 0                 0 / 0           ops/s
[2021-02-07T18:33:14.813+0300][270.053s][info][gc,stats    ]      Memory: Allocation Rate                                   1 / 16                2 / 304               2 / 304               2 / 304         MB/s
[2021-02-07T18:33:14.813+0300][270.053s][info][gc,stats    ]      Memory: Heap Used After Mark                              0 / 0                76 / 198              76 / 198              76 / 198         MB
[2021-02-07T18:33:14.813+0300][270.053s][info][gc,stats    ]      Memory: Heap Used After Relocation                        0 / 0                66 / 174              66 / 174              66 / 174         MB
[2021-02-07T18:33:14.813+0300][270.053s][info][gc,stats    ]      Memory: Heap Used Before Mark                             0 / 0                74 / 180              74 / 180              74 / 180         MB
[2021-02-07T18:33:14.813+0300][270.053s][info][gc,stats    ]      Memory: Heap Used Before Relocation                       0 / 0                74 / 196              74 / 196              74 / 196         MB
[2021-02-07T18:33:14.813+0300][270.053s][info][gc,stats    ]      Memory: Out Of Memory                                     0 / 0                 0 / 0                 0 / 0                 0 / 0           ops/s
[2021-02-07T18:33:14.813+0300][270.053s][info][gc,stats    ]      Memory: Page Cache Flush                                  0 / 0                 0 / 0                 0 / 0                 0 / 0           MB/s
[2021-02-07T18:33:14.813+0300][270.053s][info][gc,stats    ]      Memory: Page Cache Hit L1                                 0 / 8                 0 / 21                0 / 21                0 / 21          ops/s
[2021-02-07T18:33:14.813+0300][270.053s][info][gc,stats    ]      Memory: Page Cache Hit L2                                 0 / 0                 0 / 0                 0 / 0                 0 / 0           ops/s
[2021-02-07T18:33:14.813+0300][270.053s][info][gc,stats    ]      Memory: Page Cache Hit L3                                 0 / 0                 0 / 16                0 / 16                0 / 16          ops/s
[2021-02-07T18:33:14.813+0300][270.053s][info][gc,stats    ]      Memory: Page Cache Miss                                   0 / 0                 0 / 0                 0 / 0                 0 / 0           ops/s
[2021-02-07T18:33:14.813+0300][270.053s][info][gc,stats    ]      Memory: Uncommit                                          0 / 0                 0 / 0                 0 / 0                 0 / 0           MB/s
[2021-02-07T18:33:14.813+0300][270.053s][info][gc,stats    ]      Memory: Undo Object Allocation Failed                     0 / 0                 0 / 0                 0 / 0                 0 / 0           ops/s
[2021-02-07T18:33:14.813+0300][270.053s][info][gc,stats    ]      Memory: Undo Object Allocation Succeeded                  0 / 0                 0 / 167               0 / 167               0 / 167         ops/s
[2021-02-07T18:33:14.813+0300][270.053s][info][gc,stats    ]      Memory: Undo Page Allocation                              0 / 0                 0 / 0                 0 / 0                 0 / 0           ops/s
[2021-02-07T18:33:14.813+0300][270.053s][info][gc,stats    ]       Phase: Concurrent Mark                               0.000 / 0.000        94.142 / 246.405      94.142 / 246.405      94.142 / 246.405     ms
[2021-02-07T18:33:14.813+0300][270.053s][info][gc,stats    ]       Phase: Concurrent Mark Continue                      0.000 / 0.000         0.000 / 0.000         0.000 / 0.000         0.000 / 0.000       ms
[2021-02-07T18:33:14.813+0300][270.053s][info][gc,stats    ]       Phase: Concurrent Process Non-Strong References      0.000 / 0.000         1.467 / 3.887         1.467 / 3.887         1.467 / 3.887       ms
[2021-02-07T18:33:14.813+0300][270.053s][info][gc,stats    ]       Phase: Concurrent Relocate                           0.000 / 0.000         8.919 / 19.942        8.919 / 19.942        8.919 / 19.942      ms
[2021-02-07T18:33:14.813+0300][270.053s][info][gc,stats    ]       Phase: Concurrent Reset Relocation Set               0.000 / 0.000         0.286 / 0.801         0.286 / 0.801         0.286 / 0.801       ms
[2021-02-07T18:33:14.813+0300][270.053s][info][gc,stats    ]       Phase: Concurrent Select Relocation Set              0.000 / 0.000         3.260 / 7.297         3.260 / 7.297         3.260 / 7.297       ms
[2021-02-07T18:33:14.813+0300][270.053s][info][gc,stats    ]       Phase: Pause Mark End                                0.000 / 0.000         0.267 / 0.367         0.267 / 0.367         0.267 / 0.367       ms
[2021-02-07T18:33:14.813+0300][270.053s][info][gc,stats    ]       Phase: Pause Mark Start                              0.000 / 0.000         0.109 / 0.463         0.109 / 0.463         0.109 / 0.463       ms
[2021-02-07T18:33:14.813+0300][270.053s][info][gc,stats    ]       Phase: Pause Relocate Start                          0.000 / 0.000         0.131 / 0.287         0.131 / 0.287         0.131 / 0.287       ms
[2021-02-07T18:33:14.813+0300][270.053s][info][gc,stats    ]    Subphase: Concurrent Classes Purge                      0.000 / 0.000         0.100 / 0.141         0.100 / 0.141         0.100 / 0.141       ms
[2021-02-07T18:33:14.814+0300][270.053s][info][gc,stats    ]    Subphase: Concurrent Classes Unlink                     0.000 / 0.000         0.798 / 2.613         0.798 / 2.613         0.798 / 2.613       ms
[2021-02-07T18:33:14.814+0300][270.053s][info][gc,stats    ]    Subphase: Concurrent Mark                               0.000 / 0.000        93.942 / 246.230      93.942 / 246.230      93.942 / 246.230     ms
[2021-02-07T18:33:14.814+0300][270.053s][info][gc,stats    ]    Subphase: Concurrent Mark Idle                          0.000 / 0.000         0.000 / 0.000         0.000 / 0.000         0.000 / 0.000       ms
[2021-02-07T18:33:14.814+0300][270.053s][info][gc,stats    ]    Subphase: Concurrent Mark Try Flush                     0.000 / 0.000         0.247 / 0.740         0.247 / 0.740         0.247 / 0.740       ms
[2021-02-07T18:33:14.814+0300][270.053s][info][gc,stats    ]    Subphase: Concurrent Mark Try Terminate                 0.000 / 0.000         0.126 / 0.717         0.126 / 0.717         0.126 / 0.717       ms
[2021-02-07T18:33:14.814+0300][270.053s][info][gc,stats    ]    Subphase: Concurrent References Enqueue                 0.000 / 0.000         0.001 / 0.004         0.001 / 0.004         0.001 / 0.004       ms
[2021-02-07T18:33:14.814+0300][270.053s][info][gc,stats    ]    Subphase: Concurrent References Process                 0.000 / 0.000         0.107 / 0.211         0.107 / 0.211         0.107 / 0.211       ms
[2021-02-07T18:33:14.814+0300][270.053s][info][gc,stats    ]    Subphase: Concurrent Roots                              0.000 / 0.000         0.055 / 0.114         0.055 / 0.114         0.055 / 0.114       ms
[2021-02-07T18:33:14.814+0300][270.053s][info][gc,stats    ]    Subphase: Concurrent Roots ClassLoaderDataGraph         0.000 / 0.000         0.050 / 0.107         0.050 / 0.107         0.050 / 0.107       ms
[2021-02-07T18:33:14.814+0300][270.053s][info][gc,stats    ]    Subphase: Concurrent Roots JNIHandles                   0.000 / 0.000         0.002 / 0.004         0.002 / 0.004         0.002 / 0.004       ms
[2021-02-07T18:33:14.814+0300][270.053s][info][gc,stats    ]    Subphase: Concurrent Roots Setup                        0.000 / 0.000         0.004 / 0.009         0.004 / 0.009         0.004 / 0.009       ms
[2021-02-07T18:33:14.814+0300][270.053s][info][gc,stats    ]    Subphase: Concurrent Roots Teardown                     0.000 / 0.000         0.000 / 0.000         0.000 / 0.000         0.000 / 0.000       ms
[2021-02-07T18:33:14.814+0300][270.053s][info][gc,stats    ]    Subphase: Concurrent Roots VMHandles                    0.000 / 0.000         0.002 / 0.003         0.002 / 0.003         0.002 / 0.003       ms
[2021-02-07T18:33:14.814+0300][270.054s][info][gc,stats    ]    Subphase: Concurrent Weak Roots                         0.000 / 0.000         0.160 / 0.414         0.160 / 0.414         0.160 / 0.414       ms
[2021-02-07T18:33:14.814+0300][270.054s][info][gc,stats    ]    Subphase: Concurrent Weak Roots JNIWeakHandles          0.000 / 0.000         0.000 / 0.000         0.000 / 0.000         0.000 / 0.000       ms
[2021-02-07T18:33:14.814+0300][270.054s][info][gc,stats    ]    Subphase: Concurrent Weak Roots ResolvedMethodTable     0.000 / 0.000         0.015 / 0.028         0.015 / 0.028         0.015 / 0.028       ms
[2021-02-07T18:33:14.814+0300][270.054s][info][gc,stats    ]    Subphase: Concurrent Weak Roots StringTable             0.000 / 0.000         0.140 / 0.383         0.140 / 0.383         0.140 / 0.383       ms
[2021-02-07T18:33:14.814+0300][270.054s][info][gc,stats    ]    Subphase: Concurrent Weak Roots VMWeakHandles           0.000 / 0.000         0.004 / 0.010         0.004 / 0.010         0.004 / 0.010       ms
[2021-02-07T18:33:14.814+0300][270.054s][info][gc,stats    ]    Subphase: Pause Mark Try Complete                       0.000 / 0.000         0.091 / 0.189         0.091 / 0.189         0.091 / 0.189       ms
[2021-02-07T18:33:14.814+0300][270.054s][info][gc,stats    ]    Subphase: Pause Roots                                   0.000 / 0.000         0.049 / 0.408         0.049 / 0.408         0.049 / 0.408       ms
[2021-02-07T18:33:14.814+0300][270.054s][info][gc,stats    ]    Subphase: Pause Roots CodeCache                         0.000 / 0.000         0.000 / 0.000         0.000 / 0.000         0.000 / 0.000       ms
[2021-02-07T18:33:14.814+0300][270.054s][info][gc,stats    ]    Subphase: Pause Roots JVMTIExport                       0.000 / 0.000         0.000 / 0.002         0.000 / 0.002         0.000 / 0.002       ms
[2021-02-07T18:33:14.814+0300][270.054s][info][gc,stats    ]    Subphase: Pause Roots JVMTIWeakExport                   0.000 / 0.000         0.000 / 0.001         0.000 / 0.001         0.000 / 0.001       ms
[2021-02-07T18:33:14.814+0300][270.054s][info][gc,stats    ]    Subphase: Pause Roots Java Threads                      0.000 / 0.000         0.044 / 0.404         0.044 / 0.404         0.044 / 0.404       ms
[2021-02-07T18:33:14.814+0300][270.054s][info][gc,stats    ]    Subphase: Pause Roots Management                        0.000 / 0.000         0.008 / 0.033         0.008 / 0.033         0.008 / 0.033       ms
[2021-02-07T18:33:14.814+0300][270.054s][info][gc,stats    ]    Subphase: Pause Roots ObjectSynchronizer                0.000 / 0.000         0.000 / 0.004         0.000 / 0.004         0.000 / 0.004       ms
[2021-02-07T18:33:14.814+0300][270.054s][info][gc,stats    ]    Subphase: Pause Roots Setup                             0.000 / 0.000         0.000 / 0.001         0.000 / 0.001         0.000 / 0.001       ms
[2021-02-07T18:33:14.814+0300][270.054s][info][gc,stats    ]    Subphase: Pause Roots Teardown                          0.000 / 0.000         0.001 / 0.002         0.001 / 0.002         0.001 / 0.002       ms
[2021-02-07T18:33:14.814+0300][270.054s][info][gc,stats    ]    Subphase: Pause Roots Universe                          0.000 / 0.000         0.002 / 0.027         0.002 / 0.027         0.002 / 0.027       ms
[2021-02-07T18:33:14.814+0300][270.054s][info][gc,stats    ]    Subphase: Pause Roots VM Thread                         0.000 / 0.000         0.001 / 0.010         0.001 / 0.010         0.001 / 0.010       ms
[2021-02-07T18:33:14.814+0300][270.054s][info][gc,stats    ]    Subphase: Pause Weak Roots                              0.000 / 0.000         0.002 / 0.014         0.002 / 0.014         0.002 / 0.014       ms
[2021-02-07T18:33:14.814+0300][270.054s][info][gc,stats    ]    Subphase: Pause Weak Roots JFRWeak                      0.000 / 0.000         0.001 / 0.013         0.001 / 0.013         0.001 / 0.013       ms
[2021-02-07T18:33:14.814+0300][270.054s][info][gc,stats    ]    Subphase: Pause Weak Roots JVMTIWeakExport              0.000 / 0.000         0.001 / 0.013         0.001 / 0.013         0.001 / 0.013       ms
[2021-02-07T18:33:14.814+0300][270.054s][info][gc,stats    ]    Subphase: Pause Weak Roots Setup                        0.000 / 0.000         0.000 / 0.000         0.000 / 0.000         0.000 / 0.000       ms
[2021-02-07T18:33:14.814+0300][270.054s][info][gc,stats    ]    Subphase: Pause Weak Roots Teardown                     0.000 / 0.000         0.000 / 0.000         0.000 / 0.000         0.000 / 0.000       ms
[2021-02-07T18:33:14.814+0300][270.054s][info][gc,stats    ]      System: Java Threads                                      0 / 0                12 / 16               12 / 16               12 / 16          threads
[2021-02-07T18:33:14.814+0300][270.054s][info][gc,stats    ] =========================================================================================================================================================
[2021-02-07T18:33:24.814+0300][280.054s][info][gc,stats    ] === Garbage Collection Statistics =======================================================================================================================
[2021-02-07T18:33:24.814+0300][280.054s][info][gc,stats    ]                                                              Last 10s              Last 10m              Last 10h                Total
[2021-02-07T18:33:24.814+0300][280.054s][info][gc,stats    ]                                                              Avg / Max             Avg / Max             Avg / Max             Avg / Max
[2021-02-07T18:33:24.814+0300][280.054s][info][gc,stats    ]   Collector: Garbage Collection Cycle                      0.000 / 0.000       109.894 / 276.799     109.894 / 276.799     109.894 / 276.799     ms
[2021-02-07T18:33:24.814+0300][280.054s][info][gc,stats    ]  Contention: Mark Segment Reset Contention                     0 / 0                 0 / 0                 0 / 0                 0 / 0           ops/s
[2021-02-07T18:33:24.814+0300][280.054s][info][gc,stats    ]  Contention: Mark SeqNum Reset Contention                      0 / 0                 0 / 0                 0 / 0                 0 / 0           ops/s
[2021-02-07T18:33:24.814+0300][280.054s][info][gc,stats    ]  Contention: Relocation Contention                             0 / 0                 0 / 167               0 / 167               0 / 167         ops/s
[2021-02-07T18:33:24.814+0300][280.054s][info][gc,stats    ]    Critical: Allocation Stall                              0.000 / 0.000         0.000 / 0.000         0.000 / 0.000         0.000 / 0.000       ms
[2021-02-07T18:33:24.814+0300][280.054s][info][gc,stats    ]    Critical: Allocation Stall                                  0 / 0                 0 / 0                 0 / 0                 0 / 0           ops/s
[2021-02-07T18:33:24.814+0300][280.054s][info][gc,stats    ]    Critical: GC Locker Stall                               0.000 / 0.000         0.000 / 0.000         0.000 / 0.000         0.000 / 0.000       ms
[2021-02-07T18:33:24.814+0300][280.054s][info][gc,stats    ]    Critical: GC Locker Stall                                   0 / 0                 0 / 0                 0 / 0                 0 / 0           ops/s
[2021-02-07T18:33:24.814+0300][280.054s][info][gc,stats    ]      Memory: Allocation Rate                                   0 / 0                 2 / 304               2 / 304               2 / 304         MB/s
[2021-02-07T18:33:24.814+0300][280.054s][info][gc,stats    ]      Memory: Heap Used After Mark                              0 / 0                76 / 198              76 / 198              76 / 198         MB
[2021-02-07T18:33:24.814+0300][280.054s][info][gc,stats    ]      Memory: Heap Used After Relocation                        0 / 0                66 / 174              66 / 174              66 / 174         MB
[2021-02-07T18:33:24.814+0300][280.054s][info][gc,stats    ]      Memory: Heap Used Before Mark                             0 / 0                74 / 180              74 / 180              74 / 180         MB
[2021-02-07T18:33:24.814+0300][280.054s][info][gc,stats    ]      Memory: Heap Used Before Relocation                       0 / 0                74 / 196              74 / 196              74 / 196         MB
[2021-02-07T18:33:24.814+0300][280.054s][info][gc,stats    ]      Memory: Out Of Memory                                     0 / 0                 0 / 0                 0 / 0                 0 / 0           ops/s
[2021-02-07T18:33:24.814+0300][280.054s][info][gc,stats    ]      Memory: Page Cache Flush                                  0 / 0                 0 / 0                 0 / 0                 0 / 0           MB/s
[2021-02-07T18:33:24.814+0300][280.054s][info][gc,stats    ]      Memory: Page Cache Hit L1                                 0 / 0                 0 / 21                0 / 21                0 / 21          ops/s
[2021-02-07T18:33:24.814+0300][280.054s][info][gc,stats    ]      Memory: Page Cache Hit L2                                 0 / 0                 0 / 0                 0 / 0                 0 / 0           ops/s
[2021-02-07T18:33:24.814+0300][280.054s][info][gc,stats    ]      Memory: Page Cache Hit L3                                 0 / 0                 0 / 16                0 / 16                0 / 16          ops/s
[2021-02-07T18:33:24.814+0300][280.054s][info][gc,stats    ]      Memory: Page Cache Miss                                   0 / 0                 0 / 0                 0 / 0                 0 / 0           ops/s
[2021-02-07T18:33:24.814+0300][280.054s][info][gc,stats    ]      Memory: Uncommit                                          0 / 0                 0 / 0                 0 / 0                 0 / 0           MB/s
[2021-02-07T18:33:24.814+0300][280.054s][info][gc,stats    ]      Memory: Undo Object Allocation Failed                     0 / 0                 0 / 0                 0 / 0                 0 / 0           ops/s
[2021-02-07T18:33:24.814+0300][280.054s][info][gc,stats    ]      Memory: Undo Object Allocation Succeeded                  0 / 0                 0 / 167               0 / 167               0 / 167         ops/s
[2021-02-07T18:33:24.814+0300][280.054s][info][gc,stats    ]      Memory: Undo Page Allocation                              0 / 0                 0 / 0                 0 / 0                 0 / 0           ops/s
[2021-02-07T18:33:24.814+0300][280.054s][info][gc,stats    ]       Phase: Concurrent Mark                               0.000 / 0.000        94.142 / 246.405      94.142 / 246.405      94.142 / 246.405     ms
[2021-02-07T18:33:24.814+0300][280.054s][info][gc,stats    ]       Phase: Concurrent Mark Continue                      0.000 / 0.000         0.000 / 0.000         0.000 / 0.000         0.000 / 0.000       ms
[2021-02-07T18:33:24.814+0300][280.054s][info][gc,stats    ]       Phase: Concurrent Process Non-Strong References      0.000 / 0.000         1.467 / 3.887         1.467 / 3.887         1.467 / 3.887       ms
[2021-02-07T18:33:24.814+0300][280.054s][info][gc,stats    ]       Phase: Concurrent Relocate                           0.000 / 0.000         8.919 / 19.942        8.919 / 19.942        8.919 / 19.942      ms
[2021-02-07T18:33:24.814+0300][280.054s][info][gc,stats    ]       Phase: Concurrent Reset Relocation Set               0.000 / 0.000         0.286 / 0.801         0.286 / 0.801         0.286 / 0.801       ms
[2021-02-07T18:33:24.814+0300][280.054s][info][gc,stats    ]       Phase: Concurrent Select Relocation Set              0.000 / 0.000         3.260 / 7.297         3.260 / 7.297         3.260 / 7.297       ms
[2021-02-07T18:33:24.814+0300][280.054s][info][gc,stats    ]       Phase: Pause Mark End                                0.000 / 0.000         0.267 / 0.367         0.267 / 0.367         0.267 / 0.367       ms
[2021-02-07T18:33:24.814+0300][280.054s][info][gc,stats    ]       Phase: Pause Mark Start                              0.000 / 0.000         0.109 / 0.463         0.109 / 0.463         0.109 / 0.463       ms
[2021-02-07T18:33:24.814+0300][280.054s][info][gc,stats    ]       Phase: Pause Relocate Start                          0.000 / 0.000         0.131 / 0.287         0.131 / 0.287         0.131 / 0.287       ms
[2021-02-07T18:33:24.814+0300][280.054s][info][gc,stats    ]    Subphase: Concurrent Classes Purge                      0.000 / 0.000         0.100 / 0.141         0.100 / 0.141         0.100 / 0.141       ms
[2021-02-07T18:33:24.814+0300][280.054s][info][gc,stats    ]    Subphase: Concurrent Classes Unlink                     0.000 / 0.000         0.798 / 2.613         0.798 / 2.613         0.798 / 2.613       ms
[2021-02-07T18:33:24.814+0300][280.054s][info][gc,stats    ]    Subphase: Concurrent Mark                               0.000 / 0.000        93.942 / 246.230      93.942 / 246.230      93.942 / 246.230     ms
[2021-02-07T18:33:24.814+0300][280.055s][info][gc,stats    ]    Subphase: Concurrent Mark Idle                          0.000 / 0.000         0.000 / 0.000         0.000 / 0.000         0.000 / 0.000       ms
[2021-02-07T18:33:24.814+0300][280.055s][info][gc,stats    ]    Subphase: Concurrent Mark Try Flush                     0.000 / 0.000         0.247 / 0.740         0.247 / 0.740         0.247 / 0.740       ms
[2021-02-07T18:33:24.814+0300][280.055s][info][gc,stats    ]    Subphase: Concurrent Mark Try Terminate                 0.000 / 0.000         0.126 / 0.717         0.126 / 0.717         0.126 / 0.717       ms
[2021-02-07T18:33:24.814+0300][280.055s][info][gc,stats    ]    Subphase: Concurrent References Enqueue                 0.000 / 0.000         0.001 / 0.004         0.001 / 0.004         0.001 / 0.004       ms
[2021-02-07T18:33:24.814+0300][280.055s][info][gc,stats    ]    Subphase: Concurrent References Process                 0.000 / 0.000         0.107 / 0.211         0.107 / 0.211         0.107 / 0.211       ms
[2021-02-07T18:33:24.814+0300][280.055s][info][gc,stats    ]    Subphase: Concurrent Roots                              0.000 / 0.000         0.055 / 0.114         0.055 / 0.114         0.055 / 0.114       ms
[2021-02-07T18:33:24.814+0300][280.055s][info][gc,stats    ]    Subphase: Concurrent Roots ClassLoaderDataGraph         0.000 / 0.000         0.050 / 0.107         0.050 / 0.107         0.050 / 0.107       ms
[2021-02-07T18:33:24.814+0300][280.055s][info][gc,stats    ]    Subphase: Concurrent Roots JNIHandles                   0.000 / 0.000         0.002 / 0.004         0.002 / 0.004         0.002 / 0.004       ms
[2021-02-07T18:33:24.814+0300][280.055s][info][gc,stats    ]    Subphase: Concurrent Roots Setup                        0.000 / 0.000         0.004 / 0.009         0.004 / 0.009         0.004 / 0.009       ms
[2021-02-07T18:33:24.814+0300][280.055s][info][gc,stats    ]    Subphase: Concurrent Roots Teardown                     0.000 / 0.000         0.000 / 0.000         0.000 / 0.000         0.000 / 0.000       ms
[2021-02-07T18:33:24.814+0300][280.055s][info][gc,stats    ]    Subphase: Concurrent Roots VMHandles                    0.000 / 0.000         0.002 / 0.003         0.002 / 0.003         0.002 / 0.003       ms
[2021-02-07T18:33:24.814+0300][280.055s][info][gc,stats    ]    Subphase: Concurrent Weak Roots                         0.000 / 0.000         0.160 / 0.414         0.160 / 0.414         0.160 / 0.414       ms
[2021-02-07T18:33:24.814+0300][280.055s][info][gc,stats    ]    Subphase: Concurrent Weak Roots JNIWeakHandles          0.000 / 0.000         0.000 / 0.000         0.000 / 0.000         0.000 / 0.000       ms
[2021-02-07T18:33:24.814+0300][280.055s][info][gc,stats    ]    Subphase: Concurrent Weak Roots ResolvedMethodTable     0.000 / 0.000         0.015 / 0.028         0.015 / 0.028         0.015 / 0.028       ms
[2021-02-07T18:33:24.814+0300][280.055s][info][gc,stats    ]    Subphase: Concurrent Weak Roots StringTable             0.000 / 0.000         0.140 / 0.383         0.140 / 0.383         0.140 / 0.383       ms
[2021-02-07T18:33:24.814+0300][280.055s][info][gc,stats    ]    Subphase: Concurrent Weak Roots VMWeakHandles           0.000 / 0.000         0.004 / 0.010         0.004 / 0.010         0.004 / 0.010       ms
[2021-02-07T18:33:24.814+0300][280.055s][info][gc,stats    ]    Subphase: Pause Mark Try Complete                       0.000 / 0.000         0.091 / 0.189         0.091 / 0.189         0.091 / 0.189       ms
[2021-02-07T18:33:24.814+0300][280.055s][info][gc,stats    ]    Subphase: Pause Roots                                   0.000 / 0.000         0.049 / 0.408         0.049 / 0.408         0.049 / 0.408       ms
[2021-02-07T18:33:24.814+0300][280.055s][info][gc,stats    ]    Subphase: Pause Roots CodeCache                         0.000 / 0.000         0.000 / 0.000         0.000 / 0.000         0.000 / 0.000       ms
[2021-02-07T18:33:24.814+0300][280.055s][info][gc,stats    ]    Subphase: Pause Roots JVMTIExport                       0.000 / 0.000         0.000 / 0.002         0.000 / 0.002         0.000 / 0.002       ms
[2021-02-07T18:33:24.814+0300][280.055s][info][gc,stats    ]    Subphase: Pause Roots JVMTIWeakExport                   0.000 / 0.000         0.000 / 0.001         0.000 / 0.001         0.000 / 0.001       ms
[2021-02-07T18:33:24.814+0300][280.055s][info][gc,stats    ]    Subphase: Pause Roots Java Threads                      0.000 / 0.000         0.044 / 0.404         0.044 / 0.404         0.044 / 0.404       ms
[2021-02-07T18:33:24.814+0300][280.055s][info][gc,stats    ]    Subphase: Pause Roots Management                        0.000 / 0.000         0.008 / 0.033         0.008 / 0.033         0.008 / 0.033       ms
[2021-02-07T18:33:24.814+0300][280.055s][info][gc,stats    ]    Subphase: Pause Roots ObjectSynchronizer                0.000 / 0.000         0.000 / 0.004         0.000 / 0.004         0.000 / 0.004       ms
[2021-02-07T18:33:24.815+0300][280.055s][info][gc,stats    ]    Subphase: Pause Roots Setup                             0.000 / 0.000         0.000 / 0.001         0.000 / 0.001         0.000 / 0.001       ms
[2021-02-07T18:33:24.815+0300][280.055s][info][gc,stats    ]    Subphase: Pause Roots Teardown                          0.000 / 0.000         0.001 / 0.002         0.001 / 0.002         0.001 / 0.002       ms
[2021-02-07T18:33:24.815+0300][280.055s][info][gc,stats    ]    Subphase: Pause Roots Universe                          0.000 / 0.000         0.002 / 0.027         0.002 / 0.027         0.002 / 0.027       ms
[2021-02-07T18:33:24.815+0300][280.055s][info][gc,stats    ]    Subphase: Pause Roots VM Thread                         0.000 / 0.000         0.001 / 0.010         0.001 / 0.010         0.001 / 0.010       ms
[2021-02-07T18:33:24.815+0300][280.055s][info][gc,stats    ]    Subphase: Pause Weak Roots                              0.000 / 0.000         0.002 / 0.014         0.002 / 0.014         0.002 / 0.014       ms
[2021-02-07T18:33:24.815+0300][280.055s][info][gc,stats    ]    Subphase: Pause Weak Roots JFRWeak                      0.000 / 0.000         0.001 / 0.013         0.001 / 0.013         0.001 / 0.013       ms
[2021-02-07T18:33:24.815+0300][280.055s][info][gc,stats    ]    Subphase: Pause Weak Roots JVMTIWeakExport              0.000 / 0.000         0.001 / 0.013         0.001 / 0.013         0.001 / 0.013       ms
[2021-02-07T18:33:24.815+0300][280.055s][info][gc,stats    ]    Subphase: Pause Weak Roots Setup                        0.000 / 0.000         0.000 / 0.000         0.000 / 0.000         0.000 / 0.000       ms
[2021-02-07T18:33:24.815+0300][280.055s][info][gc,stats    ]    Subphase: Pause Weak Roots Teardown                     0.000 / 0.000         0.000 / 0.000         0.000 / 0.000         0.000 / 0.000       ms
[2021-02-07T18:33:24.815+0300][280.055s][info][gc,stats    ]      System: Java Threads                                      0 / 0                12 / 16               12 / 16               12 / 16          threads
[2021-02-07T18:33:24.815+0300][280.055s][info][gc,stats    ] =========================================================================================================================================================
[2021-02-07T18:33:27.610+0300][282.849s][info][gc,start    ] GC(17) Garbage Collection (Proactive)
[2021-02-07T18:33:27.610+0300][282.850s][info][gc,phases   ] GC(17) Pause Mark Start 0.140ms
[2021-02-07T18:33:27.859+0300][283.099s][info][gc,phases   ] GC(17) Concurrent Mark 248.794ms
[2021-02-07T18:33:27.860+0300][283.100s][info][gc,phases   ] GC(17) Pause Mark End 0.168ms
[2021-02-07T18:33:27.864+0300][283.104s][info][gc,phases   ] GC(17) Concurrent Process Non-Strong References 3.878ms
[2021-02-07T18:33:27.865+0300][283.105s][info][gc,phases   ] GC(17) Concurrent Reset Relocation Set 0.806ms
[2021-02-07T18:33:27.869+0300][283.109s][info][gc,phases   ] GC(17) Concurrent Select Relocation Set 3.976ms
[2021-02-07T18:33:27.869+0300][283.109s][info][gc,phases   ] GC(17) Pause Relocate Start 0.100ms
[2021-02-07T18:33:27.886+0300][283.125s][info][gc,phases   ] GC(17) Concurrent Relocate 16.115ms
[2021-02-07T18:33:27.886+0300][283.125s][info][gc,load     ] GC(17) Load: 0.00/0.00/0.00
[2021-02-07T18:33:27.886+0300][283.125s][info][gc,mmu      ] GC(17) MMU: 2ms/76.9%, 5ms/90.7%, 10ms/95.0%, 20ms/97.5%, 50ms/98.9%, 100ms/99.0%
[2021-02-07T18:33:27.886+0300][283.125s][info][gc,marking  ] GC(17) Mark: 1 stripe(s), 2 proactive flush(es), 1 terminate flush(es), 1 completion(s), 0 continuation(s)
[2021-02-07T18:33:27.886+0300][283.125s][info][gc,nmethod  ] GC(17) NMethods: 1702 registered, 0 unregistered
[2021-02-07T18:33:27.886+0300][283.125s][info][gc,metaspace] GC(17) Metaspace: 6M used, 6M capacity, 7M committed, 1032M reserved
[2021-02-07T18:33:27.886+0300][283.125s][info][gc,ref      ] GC(17) Soft: 441 encountered, 369 discovered, 262 enqueued
[2021-02-07T18:33:27.886+0300][283.125s][info][gc,ref      ] GC(17) Weak: 1053 encountered, 653 discovered, 11 enqueued
[2021-02-07T18:33:27.886+0300][283.125s][info][gc,ref      ] GC(17) Final: 0 encountered, 0 discovered, 0 enqueued
[2021-02-07T18:33:27.886+0300][283.125s][info][gc,ref      ] GC(17) Phantom: 7 encountered, 6 discovered, 0 enqueued
[2021-02-07T18:33:27.886+0300][283.125s][info][gc,reloc    ] GC(17) Small Pages: 91 / 182M(91%), Empty: 6M(3%), Compacting: 32M(16%)->12M(6%)
[2021-02-07T18:33:27.886+0300][283.125s][info][gc,reloc    ] GC(17) Medium Pages: 0 / 0M(0%), Empty: 0M(0%), Compacting: 0M(0%)->0M(0%)
[2021-02-07T18:33:27.886+0300][283.125s][info][gc,reloc    ] GC(17) Large Pages: 2 / 18M(9%), Empty: 8M(4%), Compacting: 0M(0%)->0M(0%)
[2021-02-07T18:33:27.886+0300][283.125s][info][gc,reloc    ] GC(17) Relocation: Successful
[2021-02-07T18:33:27.886+0300][283.126s][info][gc,heap     ] GC(17) Min Capacity: 256M(100%)
[2021-02-07T18:33:27.886+0300][283.126s][info][gc,heap     ] GC(17) Max Capacity: 256M(100%)
[2021-02-07T18:33:27.886+0300][283.126s][info][gc,heap     ] GC(17) Soft Max Capacity: 256M(100%)
[2021-02-07T18:33:27.886+0300][283.126s][info][gc,heap     ] GC(17)                Mark Start          Mark End        Relocate Start      Relocate End           High               Low
[2021-02-07T18:33:27.886+0300][283.126s][info][gc,heap     ] GC(17)  Capacity:      256M (100%)        256M (100%)        256M (100%)        256M (100%)        256M (100%)        256M (100%)
[2021-02-07T18:33:27.886+0300][283.126s][info][gc,heap     ] GC(17)   Reserve:       12M (5%)           12M (5%)           12M (5%)           12M (5%)           12M (5%)           12M (5%)
[2021-02-07T18:33:27.886+0300][283.126s][info][gc,heap     ] GC(17)      Free:       44M (17%)          44M (17%)          58M (23%)          76M (30%)          76M (30%)          44M (17%)
[2021-02-07T18:33:27.886+0300][283.126s][info][gc,heap     ] GC(17)      Used:      200M (78%)         200M (78%)         186M (73%)         168M (66%)         200M (78%)         168M (66%)
[2021-02-07T18:33:27.886+0300][283.126s][info][gc,heap     ] GC(17)      Live:         -               158M (62%)         158M (62%)         158M (62%)            -                  -
[2021-02-07T18:33:27.886+0300][283.126s][info][gc,heap     ] GC(17) Allocated:         -                 0M (0%)            0M (0%)           14M (5%)             -                  -
[2021-02-07T18:33:27.886+0300][283.126s][info][gc,heap     ] GC(17)   Garbage:         -                41M (16%)          27M (11%)           9M (4%)             -                  -
[2021-02-07T18:33:27.886+0300][283.126s][info][gc,heap     ] GC(17) Reclaimed:         -                  -                14M (5%)           32M (13%)            -                  -
[2021-02-07T18:33:27.886+0300][283.126s][info][gc          ] GC(17) Garbage Collection (Proactive) 200M(78%)->168M(66%)
[2021-02-07T18:33:34.804+0300][290.043s][info][gc,stats    ] === Garbage Collection Statistics =======================================================================================================================
[2021-02-07T18:33:34.804+0300][290.043s][info][gc,stats    ]                                                              Last 10s              Last 10m              Last 10h                Total
[2021-02-07T18:33:34.804+0300][290.043s][info][gc,stats    ]                                                              Avg / Max             Avg / Max             Avg / Max             Avg / Max
[2021-02-07T18:33:34.804+0300][290.043s][info][gc,stats    ]   Collector: Garbage Collection Cycle                    276.130 / 276.130     119.129 / 276.799     119.129 / 276.799     119.129 / 276.799     ms
[2021-02-07T18:33:34.804+0300][290.044s][info][gc,stats    ]  Contention: Mark Segment Reset Contention                     0 / 0                 0 / 0                 0 / 0                 0 / 0           ops/s
[2021-02-07T18:33:34.804+0300][290.044s][info][gc,stats    ]  Contention: Mark SeqNum Reset Contention                      0 / 0                 0 / 0                 0 / 0                 0 / 0           ops/s
[2021-02-07T18:33:34.804+0300][290.044s][info][gc,stats    ]  Contention: Relocation Contention                             0 / 0                 0 / 167               0 / 167               0 / 167         ops/s
[2021-02-07T18:33:34.804+0300][290.044s][info][gc,stats    ]    Critical: Allocation Stall                              0.000 / 0.000         0.000 / 0.000         0.000 / 0.000         0.000 / 0.000       ms
[2021-02-07T18:33:34.804+0300][290.044s][info][gc,stats    ]    Critical: Allocation Stall                                  0 / 0                 0 / 0                 0 / 0                 0 / 0           ops/s
[2021-02-07T18:33:34.804+0300][290.044s][info][gc,stats    ]    Critical: GC Locker Stall                               0.000 / 0.000         0.000 / 0.000         0.000 / 0.000         0.000 / 0.000       ms
[2021-02-07T18:33:34.804+0300][290.044s][info][gc,stats    ]    Critical: GC Locker Stall                                   0 / 0                 0 / 0                 0 / 0                 0 / 0           ops/s
[2021-02-07T18:33:34.804+0300][290.044s][info][gc,stats    ]      Memory: Allocation Rate                                   0 / 4                 2 / 304               2 / 304               2 / 304         MB/s
[2021-02-07T18:33:34.804+0300][290.044s][info][gc,stats    ]      Memory: Heap Used After Mark                            200 / 200              83 / 200              83 / 200              83 / 200         MB
[2021-02-07T18:33:34.804+0300][290.044s][info][gc,stats    ]      Memory: Heap Used After Relocation                      168 / 168              71 / 174              71 / 174              71 / 174         MB
[2021-02-07T18:33:34.804+0300][290.044s][info][gc,stats    ]      Memory: Heap Used Before Mark                           200 / 200              81 / 200              81 / 200              81 / 200         MB
[2021-02-07T18:33:34.804+0300][290.044s][info][gc,stats    ]      Memory: Heap Used Before Relocation                     186 / 186              81 / 196              81 / 196              81 / 196         MB
[2021-02-07T18:33:34.804+0300][290.044s][info][gc,stats    ]      Memory: Out Of Memory                                     0 / 0                 0 / 0                 0 / 0                 0 / 0           ops/s
[2021-02-07T18:33:34.804+0300][290.044s][info][gc,stats    ]      Memory: Page Cache Flush                                  0 / 0                 0 / 0                 0 / 0                 0 / 0           MB/s
[2021-02-07T18:33:34.804+0300][290.044s][info][gc,stats    ]      Memory: Page Cache Hit L1                                 0 / 8                 0 / 21                0 / 21                0 / 21          ops/s
[2021-02-07T18:33:34.804+0300][290.044s][info][gc,stats    ]      Memory: Page Cache Hit L2                                 0 / 0                 0 / 0                 0 / 0                 0 / 0           ops/s
[2021-02-07T18:33:34.804+0300][290.044s][info][gc,stats    ]      Memory: Page Cache Hit L3                                 0 / 0                 0 / 16                0 / 16                0 / 16          ops/s
[2021-02-07T18:33:34.804+0300][290.044s][info][gc,stats    ]      Memory: Page Cache Miss                                   0 / 0                 0 / 0                 0 / 0                 0 / 0           ops/s
[2021-02-07T18:33:34.804+0300][290.044s][info][gc,stats    ]      Memory: Uncommit                                          0 / 0                 0 / 0                 0 / 0                 0 / 0           MB/s
[2021-02-07T18:33:34.804+0300][290.044s][info][gc,stats    ]      Memory: Undo Object Allocation Failed                     0 / 0                 0 / 0                 0 / 0                 0 / 0           ops/s
[2021-02-07T18:33:34.804+0300][290.044s][info][gc,stats    ]      Memory: Undo Object Allocation Succeeded                  0 / 0                 0 / 167               0 / 167               0 / 167         ops/s
[2021-02-07T18:33:34.804+0300][290.044s][info][gc,stats    ]      Memory: Undo Page Allocation                              0 / 0                 0 / 0                 0 / 0                 0 / 0           ops/s
[2021-02-07T18:33:34.804+0300][290.044s][info][gc,stats    ]       Phase: Concurrent Mark                             248.794 / 248.794     102.734 / 248.794     102.734 / 248.794     102.734 / 248.794     ms
[2021-02-07T18:33:34.804+0300][290.044s][info][gc,stats    ]       Phase: Concurrent Mark Continue                      0.000 / 0.000         0.000 / 0.000         0.000 / 0.000         0.000 / 0.000       ms
[2021-02-07T18:33:34.804+0300][290.044s][info][gc,stats    ]       Phase: Concurrent Process Non-Strong References      3.878 / 3.878         1.601 / 3.887         1.601 / 3.887         1.601 / 3.887       ms
[2021-02-07T18:33:34.804+0300][290.044s][info][gc,stats    ]       Phase: Concurrent Relocate                          16.115 / 16.115        9.319 / 19.942        9.319 / 19.942        9.319 / 19.942      ms
[2021-02-07T18:33:34.804+0300][290.044s][info][gc,stats    ]       Phase: Concurrent Reset Relocation Set               0.806 / 0.806         0.315 / 0.806         0.315 / 0.806         0.315 / 0.806       ms
[2021-02-07T18:33:34.804+0300][290.044s][info][gc,stats    ]       Phase: Concurrent Select Relocation Set              3.976 / 3.976         3.300 / 7.297         3.300 / 7.297         3.300 / 7.297       ms
[2021-02-07T18:33:34.804+0300][290.044s][info][gc,stats    ]       Phase: Pause Mark End                                0.168 / 0.168         0.261 / 0.367         0.261 / 0.367         0.261 / 0.367       ms
[2021-02-07T18:33:34.804+0300][290.044s][info][gc,stats    ]       Phase: Pause Mark Start                              0.140 / 0.140         0.111 / 0.463         0.111 / 0.463         0.111 / 0.463       ms
[2021-02-07T18:33:34.804+0300][290.044s][info][gc,stats    ]       Phase: Pause Relocate Start                          0.100 / 0.100         0.129 / 0.287         0.129 / 0.287         0.129 / 0.287       ms
[2021-02-07T18:33:34.804+0300][290.044s][info][gc,stats    ]    Subphase: Concurrent Classes Purge                      0.244 / 0.244         0.108 / 0.244         0.108 / 0.244         0.108 / 0.244       ms
[2021-02-07T18:33:34.804+0300][290.044s][info][gc,stats    ]    Subphase: Concurrent Classes Unlink                     2.750 / 2.750         0.906 / 2.750         0.906 / 2.750         0.906 / 2.750       ms
[2021-02-07T18:33:34.804+0300][290.044s][info][gc,stats    ]    Subphase: Concurrent Mark                             248.566 / 248.566     102.532 / 248.566     102.532 / 248.566     102.532 / 248.566     ms
[2021-02-07T18:33:34.804+0300][290.044s][info][gc,stats    ]    Subphase: Concurrent Mark Idle                          0.000 / 0.000         0.000 / 0.000         0.000 / 0.000         0.000 / 0.000       ms
[2021-02-07T18:33:34.804+0300][290.044s][info][gc,stats    ]    Subphase: Concurrent Mark Try Flush                     0.562 / 0.669         0.265 / 0.740         0.265 / 0.740         0.265 / 0.740       ms
[2021-02-07T18:33:34.804+0300][290.044s][info][gc,stats    ]    Subphase: Concurrent Mark Try Terminate                 0.330 / 0.661         0.138 / 0.717         0.138 / 0.717         0.138 / 0.717       ms
[2021-02-07T18:33:34.804+0300][290.044s][info][gc,stats    ]    Subphase: Concurrent References Enqueue                 0.004 / 0.004         0.001 / 0.004         0.001 / 0.004         0.001 / 0.004       ms
[2021-02-07T18:33:34.804+0300][290.044s][info][gc,stats    ]    Subphase: Concurrent References Process                 0.117 / 0.117         0.108 / 0.211         0.108 / 0.211         0.108 / 0.211       ms
[2021-02-07T18:33:34.804+0300][290.044s][info][gc,stats    ]    Subphase: Concurrent Roots                              0.063 / 0.063         0.056 / 0.114         0.056 / 0.114         0.056 / 0.114       ms
[2021-02-07T18:33:34.804+0300][290.044s][info][gc,stats    ]    Subphase: Concurrent Roots ClassLoaderDataGraph         0.059 / 0.059         0.051 / 0.107         0.051 / 0.107         0.051 / 0.107       ms
[2021-02-07T18:33:34.804+0300][290.044s][info][gc,stats    ]    Subphase: Concurrent Roots JNIHandles                   0.002 / 0.002         0.002 / 0.004         0.002 / 0.004         0.002 / 0.004       ms
[2021-02-07T18:33:34.804+0300][290.044s][info][gc,stats    ]    Subphase: Concurrent Roots Setup                        0.007 / 0.007         0.004 / 0.009         0.004 / 0.009         0.004 / 0.009       ms
[2021-02-07T18:33:34.804+0300][290.044s][info][gc,stats    ]    Subphase: Concurrent Roots Teardown                     0.000 / 0.000         0.000 / 0.000         0.000 / 0.000         0.000 / 0.000       ms
[2021-02-07T18:33:34.804+0300][290.044s][info][gc,stats    ]    Subphase: Concurrent Roots VMHandles                    0.002 / 0.002         0.002 / 0.003         0.002 / 0.003         0.002 / 0.003       ms
[2021-02-07T18:33:34.804+0300][290.044s][info][gc,stats    ]    Subphase: Concurrent Weak Roots                         0.333 / 0.333         0.169 / 0.414         0.169 / 0.414         0.169 / 0.414       ms
[2021-02-07T18:33:34.804+0300][290.044s][info][gc,stats    ]    Subphase: Concurrent Weak Roots JNIWeakHandles          0.000 / 0.000         0.000 / 0.000         0.000 / 0.000         0.000 / 0.000       ms
[2021-02-07T18:33:34.804+0300][290.044s][info][gc,stats    ]    Subphase: Concurrent Weak Roots ResolvedMethodTable     0.013 / 0.013         0.015 / 0.028         0.015 / 0.028         0.015 / 0.028       ms
[2021-02-07T18:33:34.804+0300][290.044s][info][gc,stats    ]    Subphase: Concurrent Weak Roots StringTable             0.313 / 0.313         0.149 / 0.383         0.149 / 0.383         0.149 / 0.383       ms
[2021-02-07T18:33:34.804+0300][290.044s][info][gc,stats    ]    Subphase: Concurrent Weak Roots VMWeakHandles           0.006 / 0.006         0.004 / 0.010         0.004 / 0.010         0.004 / 0.010       ms
[2021-02-07T18:33:34.804+0300][290.044s][info][gc,stats    ]    Subphase: Pause Mark Try Complete                       0.031 / 0.031         0.087 / 0.189         0.087 / 0.189         0.087 / 0.189       ms
[2021-02-07T18:33:34.804+0300][290.044s][info][gc,stats    ]    Subphase: Pause Roots                                   0.051 / 0.075         0.049 / 0.408         0.049 / 0.408         0.049 / 0.408       ms
[2021-02-07T18:33:34.804+0300][290.044s][info][gc,stats    ]    Subphase: Pause Roots CodeCache                         0.000 / 0.000         0.000 / 0.000         0.000 / 0.000         0.000 / 0.000       ms
[2021-02-07T18:33:34.804+0300][290.044s][info][gc,stats    ]    Subphase: Pause Roots JVMTIExport                       0.000 / 0.000         0.000 / 0.002         0.000 / 0.002         0.000 / 0.002       ms
[2021-02-07T18:33:34.804+0300][290.044s][info][gc,stats    ]    Subphase: Pause Roots JVMTIWeakExport                   0.000 / 0.000         0.000 / 0.001         0.000 / 0.001         0.000 / 0.001       ms
[2021-02-07T18:33:34.804+0300][290.044s][info][gc,stats    ]    Subphase: Pause Roots Java Threads                      0.046 / 0.060         0.044 / 0.404         0.044 / 0.404         0.044 / 0.404       ms
[2021-02-07T18:33:34.804+0300][290.044s][info][gc,stats    ]    Subphase: Pause Roots Management                        0.006 / 0.011         0.008 / 0.033         0.008 / 0.033         0.008 / 0.033       ms
[2021-02-07T18:33:34.804+0300][290.044s][info][gc,stats    ]    Subphase: Pause Roots ObjectSynchronizer                0.000 / 0.000         0.000 / 0.004         0.000 / 0.004         0.000 / 0.004       ms
[2021-02-07T18:33:34.804+0300][290.044s][info][gc,stats    ]    Subphase: Pause Roots Setup                             0.000 / 0.000         0.000 / 0.001         0.000 / 0.001         0.000 / 0.001       ms
[2021-02-07T18:33:34.804+0300][290.044s][info][gc,stats    ]    Subphase: Pause Roots Teardown                          0.001 / 0.001         0.001 / 0.002         0.001 / 0.002         0.001 / 0.002       ms
[2021-02-07T18:33:34.804+0300][290.044s][info][gc,stats    ]    Subphase: Pause Roots Universe                          0.001 / 0.002         0.002 / 0.027         0.002 / 0.027         0.002 / 0.027       ms
[2021-02-07T18:33:34.804+0300][290.044s][info][gc,stats    ]    Subphase: Pause Roots VM Thread                         0.001 / 0.001         0.001 / 0.010         0.001 / 0.010         0.001 / 0.010       ms
[2021-02-07T18:33:34.804+0300][290.044s][info][gc,stats    ]    Subphase: Pause Weak Roots                              0.001 / 0.001         0.002 / 0.014         0.002 / 0.014         0.002 / 0.014       ms
[2021-02-07T18:33:34.804+0300][290.044s][info][gc,stats    ]    Subphase: Pause Weak Roots JFRWeak                      0.000 / 0.000         0.001 / 0.013         0.001 / 0.013         0.001 / 0.013       ms
[2021-02-07T18:33:34.804+0300][290.044s][info][gc,stats    ]    Subphase: Pause Weak Roots JVMTIWeakExport              0.000 / 0.000         0.001 / 0.013         0.001 / 0.013         0.001 / 0.013       ms
[2021-02-07T18:33:34.805+0300][290.044s][info][gc,stats    ]    Subphase: Pause Weak Roots Setup                        0.000 / 0.000         0.000 / 0.000         0.000 / 0.000         0.000 / 0.000       ms
[2021-02-07T18:33:34.805+0300][290.044s][info][gc,stats    ]    Subphase: Pause Weak Roots Teardown                     0.000 / 0.000         0.000 / 0.000         0.000 / 0.000         0.000 / 0.000       ms
[2021-02-07T18:33:34.805+0300][290.044s][info][gc,stats    ]      System: Java Threads                                     16 / 16               12 / 16               12 / 16               12 / 16          threads
[2021-02-07T18:33:34.805+0300][290.044s][info][gc,stats    ] =========================================================================================================================================================
[2021-02-07T18:33:44.804+0300][300.044s][info][gc,stats    ] === Garbage Collection Statistics =======================================================================================================================
[2021-02-07T18:33:44.804+0300][300.044s][info][gc,stats    ]                                                              Last 10s              Last 10m              Last 10h                Total
[2021-02-07T18:33:44.804+0300][300.044s][info][gc,stats    ]                                                              Avg / Max             Avg / Max             Avg / Max             Avg / Max
[2021-02-07T18:33:44.804+0300][300.044s][info][gc,stats    ]   Collector: Garbage Collection Cycle                      0.000 / 0.000       119.129 / 276.799     119.129 / 276.799     119.129 / 276.799     ms
[2021-02-07T18:33:44.804+0300][300.044s][info][gc,stats    ]  Contention: Mark Segment Reset Contention                     0 / 0                 0 / 0                 0 / 0                 0 / 0           ops/s
[2021-02-07T18:33:44.804+0300][300.044s][info][gc,stats    ]  Contention: Mark SeqNum Reset Contention                      0 / 0                 0 / 0                 0 / 0                 0 / 0           ops/s
[2021-02-07T18:33:44.804+0300][300.044s][info][gc,stats    ]  Contention: Relocation Contention                             0 / 0                 0 / 167               0 / 167               0 / 167         ops/s
[2021-02-07T18:33:44.804+0300][300.044s][info][gc,stats    ]    Critical: Allocation Stall                              0.000 / 0.000         0.000 / 0.000         0.000 / 0.000         0.000 / 0.000       ms
[2021-02-07T18:33:44.804+0300][300.044s][info][gc,stats    ]    Critical: Allocation Stall                                  0 / 0                 0 / 0                 0 / 0                 0 / 0           ops/s
[2021-02-07T18:33:44.804+0300][300.044s][info][gc,stats    ]    Critical: GC Locker Stall                               0.000 / 0.000         0.000 / 0.000         0.000 / 0.000         0.000 / 0.000       ms
[2021-02-07T18:33:44.804+0300][300.044s][info][gc,stats    ]    Critical: GC Locker Stall                                   0 / 0                 0 / 0                 0 / 0                 0 / 0           ops/s
[2021-02-07T18:33:44.804+0300][300.044s][info][gc,stats    ]      Memory: Allocation Rate                                   1 / 18                2 / 304               2 / 304               2 / 304         MB/s
[2021-02-07T18:33:44.804+0300][300.044s][info][gc,stats    ]      Memory: Heap Used After Mark                              0 / 0                83 / 200              83 / 200              83 / 200         MB
[2021-02-07T18:33:44.804+0300][300.044s][info][gc,stats    ]      Memory: Heap Used After Relocation                        0 / 0                71 / 174              71 / 174              71 / 174         MB
[2021-02-07T18:33:44.804+0300][300.044s][info][gc,stats    ]      Memory: Heap Used Before Mark                             0 / 0                81 / 200              81 / 200              81 / 200         MB
[2021-02-07T18:33:44.804+0300][300.044s][info][gc,stats    ]      Memory: Heap Used Before Relocation                       0 / 0                81 / 196              81 / 196              81 / 196         MB
[2021-02-07T18:33:44.804+0300][300.044s][info][gc,stats    ]      Memory: Out Of Memory                                     0 / 0                 0 / 0                 0 / 0                 0 / 0           ops/s
[2021-02-07T18:33:44.804+0300][300.044s][info][gc,stats    ]      Memory: Page Cache Flush                                  0 / 0                 0 / 0                 0 / 0                 0 / 0           MB/s
[2021-02-07T18:33:44.804+0300][300.044s][info][gc,stats    ]      Memory: Page Cache Hit L1                                 0 / 9                 0 / 21                0 / 21                0 / 21          ops/s
[2021-02-07T18:33:44.804+0300][300.044s][info][gc,stats    ]      Memory: Page Cache Hit L2                                 0 / 0                 0 / 0                 0 / 0                 0 / 0           ops/s
[2021-02-07T18:33:44.804+0300][300.044s][info][gc,stats    ]      Memory: Page Cache Hit L3                                 0 / 0                 0 / 16                0 / 16                0 / 16          ops/s
[2021-02-07T18:33:44.804+0300][300.044s][info][gc,stats    ]      Memory: Page Cache Miss                                   0 / 0                 0 / 0                 0 / 0                 0 / 0           ops/s
[2021-02-07T18:33:44.804+0300][300.044s][info][gc,stats    ]      Memory: Uncommit                                          0 / 0                 0 / 0                 0 / 0                 0 / 0           MB/s
[2021-02-07T18:33:44.804+0300][300.044s][info][gc,stats    ]      Memory: Undo Object Allocation Failed                     0 / 0                 0 / 0                 0 / 0                 0 / 0           ops/s
[2021-02-07T18:33:44.804+0300][300.044s][info][gc,stats    ]      Memory: Undo Object Allocation Succeeded                  0 / 0                 0 / 167               0 / 167               0 / 167         ops/s
[2021-02-07T18:33:44.804+0300][300.044s][info][gc,stats    ]      Memory: Undo Page Allocation                              0 / 0                 0 / 0                 0 / 0                 0 / 0           ops/s
[2021-02-07T18:33:44.804+0300][300.044s][info][gc,stats    ]       Phase: Concurrent Mark                               0.000 / 0.000       102.734 / 248.794     102.734 / 248.794     102.734 / 248.794     ms
[2021-02-07T18:33:44.804+0300][300.044s][info][gc,stats    ]       Phase: Concurrent Mark Continue                      0.000 / 0.000         0.000 / 0.000         0.000 / 0.000         0.000 / 0.000       ms
[2021-02-07T18:33:44.804+0300][300.044s][info][gc,stats    ]       Phase: Concurrent Process Non-Strong References      0.000 / 0.000         1.601 / 3.887         1.601 / 3.887         1.601 / 3.887       ms
[2021-02-07T18:33:44.804+0300][300.044s][info][gc,stats    ]       Phase: Concurrent Relocate                           0.000 / 0.000         9.319 / 19.942        9.319 / 19.942        9.319 / 19.942      ms
[2021-02-07T18:33:44.804+0300][300.044s][info][gc,stats    ]       Phase: Concurrent Reset Relocation Set               0.000 / 0.000         0.315 / 0.806         0.315 / 0.806         0.315 / 0.806       ms
[2021-02-07T18:33:44.804+0300][300.044s][info][gc,stats    ]       Phase: Concurrent Select Relocation Set              0.000 / 0.000         3.300 / 7.297         3.300 / 7.297         3.300 / 7.297       ms
[2021-02-07T18:33:44.804+0300][300.044s][info][gc,stats    ]       Phase: Pause Mark End                                0.000 / 0.000         0.261 / 0.367         0.261 / 0.367         0.261 / 0.367       ms
[2021-02-07T18:33:44.804+0300][300.044s][info][gc,stats    ]       Phase: Pause Mark Start                              0.000 / 0.000         0.111 / 0.463         0.111 / 0.463         0.111 / 0.463       ms
[2021-02-07T18:33:44.804+0300][300.044s][info][gc,stats    ]       Phase: Pause Relocate Start                          0.000 / 0.000         0.129 / 0.287         0.129 / 0.287         0.129 / 0.287       ms
[2021-02-07T18:33:44.804+0300][300.044s][info][gc,stats    ]    Subphase: Concurrent Classes Purge                      0.000 / 0.000         0.108 / 0.244         0.108 / 0.244         0.108 / 0.244       ms
[2021-02-07T18:33:44.804+0300][300.044s][info][gc,stats    ]    Subphase: Concurrent Classes Unlink                     0.000 / 0.000         0.906 / 2.750         0.906 / 2.750         0.906 / 2.750       ms
[2021-02-07T18:33:44.804+0300][300.044s][info][gc,stats    ]    Subphase: Concurrent Mark                               0.000 / 0.000       102.532 / 248.566     102.532 / 248.566     102.532 / 248.566     ms
[2021-02-07T18:33:44.804+0300][300.044s][info][gc,stats    ]    Subphase: Concurrent Mark Idle                          0.000 / 0.000         0.000 / 0.000         0.000 / 0.000         0.000 / 0.000       ms
[2021-02-07T18:33:44.804+0300][300.044s][info][gc,stats    ]    Subphase: Concurrent Mark Try Flush                     0.000 / 0.000         0.265 / 0.740         0.265 / 0.740         0.265 / 0.740       ms
[2021-02-07T18:33:44.804+0300][300.044s][info][gc,stats    ]    Subphase: Concurrent Mark Try Terminate                 0.000 / 0.000         0.138 / 0.717         0.138 / 0.717         0.138 / 0.717       ms
[2021-02-07T18:33:44.804+0300][300.044s][info][gc,stats    ]    Subphase: Concurrent References Enqueue                 0.000 / 0.000         0.001 / 0.004         0.001 / 0.004         0.001 / 0.004       ms
[2021-02-07T18:33:44.804+0300][300.044s][info][gc,stats    ]    Subphase: Concurrent References Process                 0.000 / 0.000         0.108 / 0.211         0.108 / 0.211         0.108 / 0.211       ms
[2021-02-07T18:33:44.804+0300][300.044s][info][gc,stats    ]    Subphase: Concurrent Roots                              0.000 / 0.000         0.056 / 0.114         0.056 / 0.114         0.056 / 0.114       ms
[2021-02-07T18:33:44.804+0300][300.044s][info][gc,stats    ]    Subphase: Concurrent Roots ClassLoaderDataGraph         0.000 / 0.000         0.051 / 0.107         0.051 / 0.107         0.051 / 0.107       ms
[2021-02-07T18:33:44.804+0300][300.044s][info][gc,stats    ]    Subphase: Concurrent Roots JNIHandles                   0.000 / 0.000         0.002 / 0.004         0.002 / 0.004         0.002 / 0.004       ms
[2021-02-07T18:33:44.804+0300][300.044s][info][gc,stats    ]    Subphase: Concurrent Roots Setup                        0.000 / 0.000         0.004 / 0.009         0.004 / 0.009         0.004 / 0.009       ms
[2021-02-07T18:33:44.804+0300][300.044s][info][gc,stats    ]    Subphase: Concurrent Roots Teardown                     0.000 / 0.000         0.000 / 0.000         0.000 / 0.000         0.000 / 0.000       ms
[2021-02-07T18:33:44.804+0300][300.044s][info][gc,stats    ]    Subphase: Concurrent Roots VMHandles                    0.000 / 0.000         0.002 / 0.003         0.002 / 0.003         0.002 / 0.003       ms
[2021-02-07T18:33:44.804+0300][300.044s][info][gc,stats    ]    Subphase: Concurrent Weak Roots                         0.000 / 0.000         0.169 / 0.414         0.169 / 0.414         0.169 / 0.414       ms
[2021-02-07T18:33:44.804+0300][300.044s][info][gc,stats    ]    Subphase: Concurrent Weak Roots JNIWeakHandles          0.000 / 0.000         0.000 / 0.000         0.000 / 0.000         0.000 / 0.000       ms
[2021-02-07T18:33:44.804+0300][300.044s][info][gc,stats    ]    Subphase: Concurrent Weak Roots ResolvedMethodTable     0.000 / 0.000         0.015 / 0.028         0.015 / 0.028         0.015 / 0.028       ms
[2021-02-07T18:33:44.804+0300][300.044s][info][gc,stats    ]    Subphase: Concurrent Weak Roots StringTable             0.000 / 0.000         0.149 / 0.383         0.149 / 0.383         0.149 / 0.383       ms
[2021-02-07T18:33:44.804+0300][300.044s][info][gc,stats    ]    Subphase: Concurrent Weak Roots VMWeakHandles           0.000 / 0.000         0.004 / 0.010         0.004 / 0.010         0.004 / 0.010       ms
[2021-02-07T18:33:44.804+0300][300.044s][info][gc,stats    ]    Subphase: Pause Mark Try Complete                       0.000 / 0.000         0.087 / 0.189         0.087 / 0.189         0.087 / 0.189       ms
[2021-02-07T18:33:44.804+0300][300.045s][info][gc,stats    ]    Subphase: Pause Roots                                   0.000 / 0.000         0.049 / 0.408         0.049 / 0.408         0.049 / 0.408       ms
[2021-02-07T18:33:44.804+0300][300.045s][info][gc,stats    ]    Subphase: Pause Roots CodeCache                         0.000 / 0.000         0.000 / 0.000         0.000 / 0.000         0.000 / 0.000       ms
[2021-02-07T18:33:44.804+0300][300.045s][info][gc,stats    ]    Subphase: Pause Roots JVMTIExport                       0.000 / 0.000         0.000 / 0.002         0.000 / 0.002         0.000 / 0.002       ms
[2021-02-07T18:33:44.804+0300][300.045s][info][gc,stats    ]    Subphase: Pause Roots JVMTIWeakExport                   0.000 / 0.000         0.000 / 0.001         0.000 / 0.001         0.000 / 0.001       ms
[2021-02-07T18:33:44.804+0300][300.045s][info][gc,stats    ]    Subphase: Pause Roots Java Threads                      0.000 / 0.000         0.044 / 0.404         0.044 / 0.404         0.044 / 0.404       ms
[2021-02-07T18:33:44.804+0300][300.045s][info][gc,stats    ]    Subphase: Pause Roots Management                        0.000 / 0.000         0.008 / 0.033         0.008 / 0.033         0.008 / 0.033       ms
[2021-02-07T18:33:44.804+0300][300.045s][info][gc,stats    ]    Subphase: Pause Roots ObjectSynchronizer                0.000 / 0.000         0.000 / 0.004         0.000 / 0.004         0.000 / 0.004       ms
[2021-02-07T18:33:44.804+0300][300.045s][info][gc,stats    ]    Subphase: Pause Roots Setup                             0.000 / 0.000         0.000 / 0.001         0.000 / 0.001         0.000 / 0.001       ms
[2021-02-07T18:33:44.804+0300][300.045s][info][gc,stats    ]    Subphase: Pause Roots Teardown                          0.000 / 0.000         0.001 / 0.002         0.001 / 0.002         0.001 / 0.002       ms
[2021-02-07T18:33:44.805+0300][300.045s][info][gc,stats    ]    Subphase: Pause Roots Universe                          0.000 / 0.000         0.002 / 0.027         0.002 / 0.027         0.002 / 0.027       ms
[2021-02-07T18:33:44.805+0300][300.045s][info][gc,stats    ]    Subphase: Pause Roots VM Thread                         0.000 / 0.000         0.001 / 0.010         0.001 / 0.010         0.001 / 0.010       ms
[2021-02-07T18:33:44.805+0300][300.045s][info][gc,stats    ]    Subphase: Pause Weak Roots                              0.000 / 0.000         0.002 / 0.014         0.002 / 0.014         0.002 / 0.014       ms
[2021-02-07T18:33:44.805+0300][300.045s][info][gc,stats    ]    Subphase: Pause Weak Roots JFRWeak                      0.000 / 0.000         0.001 / 0.013         0.001 / 0.013         0.001 / 0.013       ms
[2021-02-07T18:33:44.805+0300][300.045s][info][gc,stats    ]    Subphase: Pause Weak Roots JVMTIWeakExport              0.000 / 0.000         0.001 / 0.013         0.001 / 0.013         0.001 / 0.013       ms
[2021-02-07T18:33:44.805+0300][300.045s][info][gc,stats    ]    Subphase: Pause Weak Roots Setup                        0.000 / 0.000         0.000 / 0.000         0.000 / 0.000         0.000 / 0.000       ms
[2021-02-07T18:33:44.805+0300][300.045s][info][gc,stats    ]    Subphase: Pause Weak Roots Teardown                     0.000 / 0.000         0.000 / 0.000         0.000 / 0.000         0.000 / 0.000       ms
[2021-02-07T18:33:44.805+0300][300.045s][info][gc,stats    ]      System: Java Threads                                      0 / 0                12 / 16               12 / 16               12 / 16          threads
[2021-02-07T18:33:44.805+0300][300.045s][info][gc,stats    ] =========================================================================================================================================================
[2021-02-07T18:33:54.803+0300][310.043s][info][gc,stats    ] === Garbage Collection Statistics =======================================================================================================================
[2021-02-07T18:33:54.803+0300][310.043s][info][gc,stats    ]                                                              Last 10s              Last 10m              Last 10h                Total
[2021-02-07T18:33:54.803+0300][310.043s][info][gc,stats    ]                                                              Avg / Max             Avg / Max             Avg / Max             Avg / Max
[2021-02-07T18:33:54.803+0300][310.043s][info][gc,stats    ]   Collector: Garbage Collection Cycle                      0.000 / 0.000       119.129 / 276.799     119.129 / 276.799     119.129 / 276.799     ms
[2021-02-07T18:33:54.803+0300][310.043s][info][gc,stats    ]  Contention: Mark Segment Reset Contention                     0 / 0                 0 / 0                 0 / 0                 0 / 0           ops/s
[2021-02-07T18:33:54.803+0300][310.043s][info][gc,stats    ]  Contention: Mark SeqNum Reset Contention                      0 / 0                 0 / 0                 0 / 0                 0 / 0           ops/s
[2021-02-07T18:33:54.803+0300][310.043s][info][gc,stats    ]  Contention: Relocation Contention                             0 / 0                 0 / 167               0 / 167               0 / 167         ops/s
[2021-02-07T18:33:54.803+0300][310.043s][info][gc,stats    ]    Critical: Allocation Stall                              0.000 / 0.000         0.000 / 0.000         0.000 / 0.000         0.000 / 0.000       ms
[2021-02-07T18:33:54.803+0300][310.043s][info][gc,stats    ]    Critical: Allocation Stall                                  0 / 0                 0 / 0                 0 / 0                 0 / 0           ops/s
[2021-02-07T18:33:54.803+0300][310.043s][info][gc,stats    ]    Critical: GC Locker Stall                               0.000 / 0.000         0.000 / 0.000         0.000 / 0.000         0.000 / 0.000       ms
[2021-02-07T18:33:54.803+0300][310.043s][info][gc,stats    ]    Critical: GC Locker Stall                                   0 / 0                 0 / 0                 0 / 0                 0 / 0           ops/s
[2021-02-07T18:33:54.803+0300][310.043s][info][gc,stats    ]      Memory: Allocation Rate                                   0 / 2                 2 / 304               2 / 304               2 / 304         MB/s
[2021-02-07T18:33:54.803+0300][310.043s][info][gc,stats    ]      Memory: Heap Used After Mark                              0 / 0                83 / 200              83 / 200              83 / 200         MB
[2021-02-07T18:33:54.803+0300][310.043s][info][gc,stats    ]      Memory: Heap Used After Relocation                        0 / 0                71 / 174              71 / 174              71 / 174         MB
[2021-02-07T18:33:54.803+0300][310.043s][info][gc,stats    ]      Memory: Heap Used Before Mark                             0 / 0                81 / 200              81 / 200              81 / 200         MB
[2021-02-07T18:33:54.803+0300][310.043s][info][gc,stats    ]      Memory: Heap Used Before Relocation                       0 / 0                81 / 196              81 / 196              81 / 196         MB
[2021-02-07T18:33:54.803+0300][310.043s][info][gc,stats    ]      Memory: Out Of Memory                                     0 / 0                 0 / 0                 0 / 0                 0 / 0           ops/s
[2021-02-07T18:33:54.803+0300][310.043s][info][gc,stats    ]      Memory: Page Cache Flush                                  0 / 0                 0 / 0                 0 / 0                 0 / 0           MB/s
[2021-02-07T18:33:54.803+0300][310.043s][info][gc,stats    ]      Memory: Page Cache Hit L1                                 0 / 1                 0 / 21                0 / 21                0 / 21          ops/s
[2021-02-07T18:33:54.803+0300][310.043s][info][gc,stats    ]      Memory: Page Cache Hit L2                                 0 / 0                 0 / 0                 0 / 0                 0 / 0           ops/s
[2021-02-07T18:33:54.803+0300][310.043s][info][gc,stats    ]      Memory: Page Cache Hit L3                                 0 / 0                 0 / 16                0 / 16                0 / 16          ops/s
[2021-02-07T18:33:54.803+0300][310.043s][info][gc,stats    ]      Memory: Page Cache Miss                                   0 / 0                 0 / 0                 0 / 0                 0 / 0           ops/s
[2021-02-07T18:33:54.803+0300][310.043s][info][gc,stats    ]      Memory: Uncommit                                          0 / 0                 0 / 0                 0 / 0                 0 / 0           MB/s
[2021-02-07T18:33:54.803+0300][310.043s][info][gc,stats    ]      Memory: Undo Object Allocation Failed                     0 / 0                 0 / 0                 0 / 0                 0 / 0           ops/s
[2021-02-07T18:33:54.803+0300][310.043s][info][gc,stats    ]      Memory: Undo Object Allocation Succeeded                  0 / 0                 0 / 167               0 / 167               0 / 167         ops/s
[2021-02-07T18:33:54.803+0300][310.043s][info][gc,stats    ]      Memory: Undo Page Allocation                              0 / 0                 0 / 0                 0 / 0                 0 / 0           ops/s
[2021-02-07T18:33:54.803+0300][310.043s][info][gc,stats    ]       Phase: Concurrent Mark                               0.000 / 0.000       102.734 / 248.794     102.734 / 248.794     102.734 / 248.794     ms
[2021-02-07T18:33:54.803+0300][310.043s][info][gc,stats    ]       Phase: Concurrent Mark Continue                      0.000 / 0.000         0.000 / 0.000         0.000 / 0.000         0.000 / 0.000       ms
[2021-02-07T18:33:54.803+0300][310.043s][info][gc,stats    ]       Phase: Concurrent Process Non-Strong References      0.000 / 0.000         1.601 / 3.887         1.601 / 3.887         1.601 / 3.887       ms
[2021-02-07T18:33:54.803+0300][310.043s][info][gc,stats    ]       Phase: Concurrent Relocate                           0.000 / 0.000         9.319 / 19.942        9.319 / 19.942        9.319 / 19.942      ms
[2021-02-07T18:33:54.803+0300][310.043s][info][gc,stats    ]       Phase: Concurrent Reset Relocation Set               0.000 / 0.000         0.315 / 0.806         0.315 / 0.806         0.315 / 0.806       ms
[2021-02-07T18:33:54.803+0300][310.043s][info][gc,stats    ]       Phase: Concurrent Select Relocation Set              0.000 / 0.000         3.300 / 7.297         3.300 / 7.297         3.300 / 7.297       ms
[2021-02-07T18:33:54.803+0300][310.043s][info][gc,stats    ]       Phase: Pause Mark End                                0.000 / 0.000         0.261 / 0.367         0.261 / 0.367         0.261 / 0.367       ms
[2021-02-07T18:33:54.803+0300][310.043s][info][gc,stats    ]       Phase: Pause Mark Start                              0.000 / 0.000         0.111 / 0.463         0.111 / 0.463         0.111 / 0.463       ms
[2021-02-07T18:33:54.803+0300][310.043s][info][gc,stats    ]       Phase: Pause Relocate Start                          0.000 / 0.000         0.129 / 0.287         0.129 / 0.287         0.129 / 0.287       ms
[2021-02-07T18:33:54.803+0300][310.043s][info][gc,stats    ]    Subphase: Concurrent Classes Purge                      0.000 / 0.000         0.108 / 0.244         0.108 / 0.244         0.108 / 0.244       ms
[2021-02-07T18:33:54.803+0300][310.043s][info][gc,stats    ]    Subphase: Concurrent Classes Unlink                     0.000 / 0.000         0.906 / 2.750         0.906 / 2.750         0.906 / 2.750       ms
[2021-02-07T18:33:54.803+0300][310.043s][info][gc,stats    ]    Subphase: Concurrent Mark                               0.000 / 0.000       102.532 / 248.566     102.532 / 248.566     102.532 / 248.566     ms
[2021-02-07T18:33:54.803+0300][310.043s][info][gc,stats    ]    Subphase: Concurrent Mark Idle                          0.000 / 0.000         0.000 / 0.000         0.000 / 0.000         0.000 / 0.000       ms
[2021-02-07T18:33:54.803+0300][310.044s][info][gc,stats    ]    Subphase: Concurrent Mark Try Flush                     0.000 / 0.000         0.265 / 0.740         0.265 / 0.740         0.265 / 0.740       ms
[2021-02-07T18:33:54.803+0300][310.044s][info][gc,stats    ]    Subphase: Concurrent Mark Try Terminate                 0.000 / 0.000         0.138 / 0.717         0.138 / 0.717         0.138 / 0.717       ms
[2021-02-07T18:33:54.803+0300][310.044s][info][gc,stats    ]    Subphase: Concurrent References Enqueue                 0.000 / 0.000         0.001 / 0.004         0.001 / 0.004         0.001 / 0.004       ms
[2021-02-07T18:33:54.803+0300][310.044s][info][gc,stats    ]    Subphase: Concurrent References Process                 0.000 / 0.000         0.108 / 0.211         0.108 / 0.211         0.108 / 0.211       ms
[2021-02-07T18:33:54.803+0300][310.044s][info][gc,stats    ]    Subphase: Concurrent Roots                              0.000 / 0.000         0.056 / 0.114         0.056 / 0.114         0.056 / 0.114       ms
[2021-02-07T18:33:54.803+0300][310.044s][info][gc,stats    ]    Subphase: Concurrent Roots ClassLoaderDataGraph         0.000 / 0.000         0.051 / 0.107         0.051 / 0.107         0.051 / 0.107       ms
[2021-02-07T18:33:54.803+0300][310.044s][info][gc,stats    ]    Subphase: Concurrent Roots JNIHandles                   0.000 / 0.000         0.002 / 0.004         0.002 / 0.004         0.002 / 0.004       ms
[2021-02-07T18:33:54.803+0300][310.044s][info][gc,stats    ]    Subphase: Concurrent Roots Setup                        0.000 / 0.000         0.004 / 0.009         0.004 / 0.009         0.004 / 0.009       ms
[2021-02-07T18:33:54.803+0300][310.044s][info][gc,stats    ]    Subphase: Concurrent Roots Teardown                     0.000 / 0.000         0.000 / 0.000         0.000 / 0.000         0.000 / 0.000       ms
[2021-02-07T18:33:54.803+0300][310.044s][info][gc,stats    ]    Subphase: Concurrent Roots VMHandles                    0.000 / 0.000         0.002 / 0.003         0.002 / 0.003         0.002 / 0.003       ms
[2021-02-07T18:33:54.803+0300][310.044s][info][gc,stats    ]    Subphase: Concurrent Weak Roots                         0.000 / 0.000         0.169 / 0.414         0.169 / 0.414         0.169 / 0.414       ms
[2021-02-07T18:33:54.803+0300][310.044s][info][gc,stats    ]    Subphase: Concurrent Weak Roots JNIWeakHandles          0.000 / 0.000         0.000 / 0.000         0.000 / 0.000         0.000 / 0.000       ms
[2021-02-07T18:33:54.803+0300][310.044s][info][gc,stats    ]    Subphase: Concurrent Weak Roots ResolvedMethodTable     0.000 / 0.000         0.015 / 0.028         0.015 / 0.028         0.015 / 0.028       ms
[2021-02-07T18:33:54.803+0300][310.044s][info][gc,stats    ]    Subphase: Concurrent Weak Roots StringTable             0.000 / 0.000         0.149 / 0.383         0.149 / 0.383         0.149 / 0.383       ms
[2021-02-07T18:33:54.803+0300][310.044s][info][gc,stats    ]    Subphase: Concurrent Weak Roots VMWeakHandles           0.000 / 0.000         0.004 / 0.010         0.004 / 0.010         0.004 / 0.010       ms
[2021-02-07T18:33:54.803+0300][310.044s][info][gc,stats    ]    Subphase: Pause Mark Try Complete                       0.000 / 0.000         0.087 / 0.189         0.087 / 0.189         0.087 / 0.189       ms
[2021-02-07T18:33:54.803+0300][310.044s][info][gc,stats    ]    Subphase: Pause Roots                                   0.000 / 0.000         0.049 / 0.408         0.049 / 0.408         0.049 / 0.408       ms
[2021-02-07T18:33:54.803+0300][310.044s][info][gc,stats    ]    Subphase: Pause Roots CodeCache                         0.000 / 0.000         0.000 / 0.000         0.000 / 0.000         0.000 / 0.000       ms
[2021-02-07T18:33:54.803+0300][310.044s][info][gc,stats    ]    Subphase: Pause Roots JVMTIExport                       0.000 / 0.000         0.000 / 0.002         0.000 / 0.002         0.000 / 0.002       ms
[2021-02-07T18:33:54.803+0300][310.044s][info][gc,stats    ]    Subphase: Pause Roots JVMTIWeakExport                   0.000 / 0.000         0.000 / 0.001         0.000 / 0.001         0.000 / 0.001       ms
[2021-02-07T18:33:54.803+0300][310.044s][info][gc,stats    ]    Subphase: Pause Roots Java Threads                      0.000 / 0.000         0.044 / 0.404         0.044 / 0.404         0.044 / 0.404       ms
[2021-02-07T18:33:54.803+0300][310.044s][info][gc,stats    ]    Subphase: Pause Roots Management                        0.000 / 0.000         0.008 / 0.033         0.008 / 0.033         0.008 / 0.033       ms
[2021-02-07T18:33:54.803+0300][310.044s][info][gc,stats    ]    Subphase: Pause Roots ObjectSynchronizer                0.000 / 0.000         0.000 / 0.004         0.000 / 0.004         0.000 / 0.004       ms
[2021-02-07T18:33:54.803+0300][310.044s][info][gc,stats    ]    Subphase: Pause Roots Setup                             0.000 / 0.000         0.000 / 0.001         0.000 / 0.001         0.000 / 0.001       ms
[2021-02-07T18:33:54.803+0300][310.044s][info][gc,stats    ]    Subphase: Pause Roots Teardown                          0.000 / 0.000         0.001 / 0.002         0.001 / 0.002         0.001 / 0.002       ms
[2021-02-07T18:33:54.803+0300][310.044s][info][gc,stats    ]    Subphase: Pause Roots Universe                          0.000 / 0.000         0.002 / 0.027         0.002 / 0.027         0.002 / 0.027       ms
[2021-02-07T18:33:54.803+0300][310.044s][info][gc,stats    ]    Subphase: Pause Roots VM Thread                         0.000 / 0.000         0.001 / 0.010         0.001 / 0.010         0.001 / 0.010       ms
[2021-02-07T18:33:54.803+0300][310.044s][info][gc,stats    ]    Subphase: Pause Weak Roots                              0.000 / 0.000         0.002 / 0.014         0.002 / 0.014         0.002 / 0.014       ms
[2021-02-07T18:33:54.803+0300][310.044s][info][gc,stats    ]    Subphase: Pause Weak Roots JFRWeak                      0.000 / 0.000         0.001 / 0.013         0.001 / 0.013         0.001 / 0.013       ms
[2021-02-07T18:33:54.803+0300][310.044s][info][gc,stats    ]    Subphase: Pause Weak Roots JVMTIWeakExport              0.000 / 0.000         0.001 / 0.013         0.001 / 0.013         0.001 / 0.013       ms
[2021-02-07T18:33:54.804+0300][310.044s][info][gc,stats    ]    Subphase: Pause Weak Roots Setup                        0.000 / 0.000         0.000 / 0.000         0.000 / 0.000         0.000 / 0.000       ms
[2021-02-07T18:33:54.804+0300][310.044s][info][gc,stats    ]    Subphase: Pause Weak Roots Teardown                     0.000 / 0.000         0.000 / 0.000         0.000 / 0.000         0.000 / 0.000       ms
[2021-02-07T18:33:54.804+0300][310.044s][info][gc,stats    ]      System: Java Threads                                      0 / 0                12 / 16               12 / 16               12 / 16          threads
[2021-02-07T18:33:54.804+0300][310.044s][info][gc,stats    ] =========================================================================================================================================================
[2021-02-07T18:34:04.810+0300][320.050s][info][gc,stats    ] === Garbage Collection Statistics =======================================================================================================================
[2021-02-07T18:34:04.810+0300][320.050s][info][gc,stats    ]                                                              Last 10s              Last 10m              Last 10h                Total
[2021-02-07T18:34:04.810+0300][320.050s][info][gc,stats    ]                                                              Avg / Max             Avg / Max             Avg / Max             Avg / Max
[2021-02-07T18:34:04.810+0300][320.050s][info][gc,stats    ]   Collector: Garbage Collection Cycle                      0.000 / 0.000       119.129 / 276.799     119.129 / 276.799     119.129 / 276.799     ms
[2021-02-07T18:34:04.810+0300][320.050s][info][gc,stats    ]  Contention: Mark Segment Reset Contention                     0 / 0                 0 / 0                 0 / 0                 0 / 0           ops/s
[2021-02-07T18:34:04.810+0300][320.050s][info][gc,stats    ]  Contention: Mark SeqNum Reset Contention                      0 / 0                 0 / 0                 0 / 0                 0 / 0           ops/s
[2021-02-07T18:34:04.810+0300][320.050s][info][gc,stats    ]  Contention: Relocation Contention                             0 / 0                 0 / 167               0 / 167               0 / 167         ops/s
[2021-02-07T18:34:04.810+0300][320.050s][info][gc,stats    ]    Critical: Allocation Stall                              0.000 / 0.000         0.000 / 0.000         0.000 / 0.000         0.000 / 0.000       ms
[2021-02-07T18:34:04.810+0300][320.050s][info][gc,stats    ]    Critical: Allocation Stall                                  0 / 0                 0 / 0                 0 / 0                 0 / 0           ops/s
[2021-02-07T18:34:04.810+0300][320.050s][info][gc,stats    ]    Critical: GC Locker Stall                               0.000 / 0.000         0.000 / 0.000         0.000 / 0.000         0.000 / 0.000       ms
[2021-02-07T18:34:04.810+0300][320.050s][info][gc,stats    ]    Critical: GC Locker Stall                                   0 / 0                 0 / 0                 0 / 0                 0 / 0           ops/s
[2021-02-07T18:34:04.810+0300][320.050s][info][gc,stats    ]      Memory: Allocation Rate                                   0 / 2                 2 / 304               2 / 304               2 / 304         MB/s
[2021-02-07T18:34:04.810+0300][320.050s][info][gc,stats    ]      Memory: Heap Used After Mark                              0 / 0                83 / 200              83 / 200              83 / 200         MB
[2021-02-07T18:34:04.810+0300][320.050s][info][gc,stats    ]      Memory: Heap Used After Relocation                        0 / 0                71 / 174              71 / 174              71 / 174         MB
[2021-02-07T18:34:04.810+0300][320.050s][info][gc,stats    ]      Memory: Heap Used Before Mark                             0 / 0                81 / 200              81 / 200              81 / 200         MB
[2021-02-07T18:34:04.810+0300][320.050s][info][gc,stats    ]      Memory: Heap Used Before Relocation                       0 / 0                81 / 196              81 / 196              81 / 196         MB
[2021-02-07T18:34:04.810+0300][320.050s][info][gc,stats    ]      Memory: Out Of Memory                                     0 / 0                 0 / 0                 0 / 0                 0 / 0           ops/s
[2021-02-07T18:34:04.810+0300][320.050s][info][gc,stats    ]      Memory: Page Cache Flush                                  0 / 0                 0 / 0                 0 / 0                 0 / 0           MB/s
[2021-02-07T18:34:04.810+0300][320.050s][info][gc,stats    ]      Memory: Page Cache Hit L1                                 0 / 1                 0 / 21                0 / 21                0 / 21          ops/s
[2021-02-07T18:34:04.810+0300][320.050s][info][gc,stats    ]      Memory: Page Cache Hit L2                                 0 / 0                 0 / 0                 0 / 0                 0 / 0           ops/s
[2021-02-07T18:34:04.810+0300][320.050s][info][gc,stats    ]      Memory: Page Cache Hit L3                                 0 / 0                 0 / 16                0 / 16                0 / 16          ops/s
[2021-02-07T18:34:04.810+0300][320.050s][info][gc,stats    ]      Memory: Page Cache Miss                                   0 / 0                 0 / 0                 0 / 0                 0 / 0           ops/s
[2021-02-07T18:34:04.810+0300][320.050s][info][gc,stats    ]      Memory: Uncommit                                          0 / 0                 0 / 0                 0 / 0                 0 / 0           MB/s
[2021-02-07T18:34:04.810+0300][320.050s][info][gc,stats    ]      Memory: Undo Object Allocation Failed                     0 / 0                 0 / 0                 0 / 0                 0 / 0           ops/s
[2021-02-07T18:34:04.810+0300][320.050s][info][gc,stats    ]      Memory: Undo Object Allocation Succeeded                  0 / 0                 0 / 167               0 / 167               0 / 167         ops/s
[2021-02-07T18:34:04.810+0300][320.050s][info][gc,stats    ]      Memory: Undo Page Allocation                              0 / 0                 0 / 0                 0 / 0                 0 / 0           ops/s
[2021-02-07T18:34:04.810+0300][320.050s][info][gc,stats    ]       Phase: Concurrent Mark                               0.000 / 0.000       102.734 / 248.794     102.734 / 248.794     102.734 / 248.794     ms
[2021-02-07T18:34:04.810+0300][320.050s][info][gc,stats    ]       Phase: Concurrent Mark Continue                      0.000 / 0.000         0.000 / 0.000         0.000 / 0.000         0.000 / 0.000       ms
[2021-02-07T18:34:04.810+0300][320.050s][info][gc,stats    ]       Phase: Concurrent Process Non-Strong References      0.000 / 0.000         1.601 / 3.887         1.601 / 3.887         1.601 / 3.887       ms
[2021-02-07T18:34:04.810+0300][320.050s][info][gc,stats    ]       Phase: Concurrent Relocate                           0.000 / 0.000         9.319 / 19.942        9.319 / 19.942        9.319 / 19.942      ms
[2021-02-07T18:34:04.810+0300][320.050s][info][gc,stats    ]       Phase: Concurrent Reset Relocation Set               0.000 / 0.000         0.315 / 0.806         0.315 / 0.806         0.315 / 0.806       ms
[2021-02-07T18:34:04.810+0300][320.050s][info][gc,stats    ]       Phase: Concurrent Select Relocation Set              0.000 / 0.000         3.300 / 7.297         3.300 / 7.297         3.300 / 7.297       ms
[2021-02-07T18:34:04.810+0300][320.050s][info][gc,stats    ]       Phase: Pause Mark End                                0.000 / 0.000         0.261 / 0.367         0.261 / 0.367         0.261 / 0.367       ms
[2021-02-07T18:34:04.810+0300][320.050s][info][gc,stats    ]       Phase: Pause Mark Start                              0.000 / 0.000         0.111 / 0.463         0.111 / 0.463         0.111 / 0.463       ms
[2021-02-07T18:34:04.810+0300][320.050s][info][gc,stats    ]       Phase: Pause Relocate Start                          0.000 / 0.000         0.129 / 0.287         0.129 / 0.287         0.129 / 0.287       ms
[2021-02-07T18:34:04.810+0300][320.050s][info][gc,stats    ]    Subphase: Concurrent Classes Purge                      0.000 / 0.000         0.108 / 0.244         0.108 / 0.244         0.108 / 0.244       ms
[2021-02-07T18:34:04.810+0300][320.050s][info][gc,stats    ]    Subphase: Concurrent Classes Unlink                     0.000 / 0.000         0.906 / 2.750         0.906 / 2.750         0.906 / 2.750       ms
[2021-02-07T18:34:04.810+0300][320.050s][info][gc,stats    ]    Subphase: Concurrent Mark                               0.000 / 0.000       102.532 / 248.566     102.532 / 248.566     102.532 / 248.566     ms
[2021-02-07T18:34:04.810+0300][320.050s][info][gc,stats    ]    Subphase: Concurrent Mark Idle                          0.000 / 0.000         0.000 / 0.000         0.000 / 0.000         0.000 / 0.000       ms
[2021-02-07T18:34:04.810+0300][320.050s][info][gc,stats    ]    Subphase: Concurrent Mark Try Flush                     0.000 / 0.000         0.265 / 0.740         0.265 / 0.740         0.265 / 0.740       ms
[2021-02-07T18:34:04.810+0300][320.050s][info][gc,stats    ]    Subphase: Concurrent Mark Try Terminate                 0.000 / 0.000         0.138 / 0.717         0.138 / 0.717         0.138 / 0.717       ms
[2021-02-07T18:34:04.810+0300][320.050s][info][gc,stats    ]    Subphase: Concurrent References Enqueue                 0.000 / 0.000         0.001 / 0.004         0.001 / 0.004         0.001 / 0.004       ms
[2021-02-07T18:34:04.810+0300][320.050s][info][gc,stats    ]    Subphase: Concurrent References Process                 0.000 / 0.000         0.108 / 0.211         0.108 / 0.211         0.108 / 0.211       ms
[2021-02-07T18:34:04.810+0300][320.050s][info][gc,stats    ]    Subphase: Concurrent Roots                              0.000 / 0.000         0.056 / 0.114         0.056 / 0.114         0.056 / 0.114       ms
[2021-02-07T18:34:04.810+0300][320.050s][info][gc,stats    ]    Subphase: Concurrent Roots ClassLoaderDataGraph         0.000 / 0.000         0.051 / 0.107         0.051 / 0.107         0.051 / 0.107       ms
[2021-02-07T18:34:04.810+0300][320.050s][info][gc,stats    ]    Subphase: Concurrent Roots JNIHandles                   0.000 / 0.000         0.002 / 0.004         0.002 / 0.004         0.002 / 0.004       ms
[2021-02-07T18:34:04.810+0300][320.050s][info][gc,stats    ]    Subphase: Concurrent Roots Setup                        0.000 / 0.000         0.004 / 0.009         0.004 / 0.009         0.004 / 0.009       ms
[2021-02-07T18:34:04.810+0300][320.050s][info][gc,stats    ]    Subphase: Concurrent Roots Teardown                     0.000 / 0.000         0.000 / 0.000         0.000 / 0.000         0.000 / 0.000       ms
[2021-02-07T18:34:04.810+0300][320.050s][info][gc,stats    ]    Subphase: Concurrent Roots VMHandles                    0.000 / 0.000         0.002 / 0.003         0.002 / 0.003         0.002 / 0.003       ms
[2021-02-07T18:34:04.810+0300][320.050s][info][gc,stats    ]    Subphase: Concurrent Weak Roots                         0.000 / 0.000         0.169 / 0.414         0.169 / 0.414         0.169 / 0.414       ms
[2021-02-07T18:34:04.810+0300][320.050s][info][gc,stats    ]    Subphase: Concurrent Weak Roots JNIWeakHandles          0.000 / 0.000         0.000 / 0.000         0.000 / 0.000         0.000 / 0.000       ms
[2021-02-07T18:34:04.810+0300][320.050s][info][gc,stats    ]    Subphase: Concurrent Weak Roots ResolvedMethodTable     0.000 / 0.000         0.015 / 0.028         0.015 / 0.028         0.015 / 0.028       ms
[2021-02-07T18:34:04.810+0300][320.050s][info][gc,stats    ]    Subphase: Concurrent Weak Roots StringTable             0.000 / 0.000         0.149 / 0.383         0.149 / 0.383         0.149 / 0.383       ms
[2021-02-07T18:34:04.810+0300][320.050s][info][gc,stats    ]    Subphase: Concurrent Weak Roots VMWeakHandles           0.000 / 0.000         0.004 / 0.010         0.004 / 0.010         0.004 / 0.010       ms
[2021-02-07T18:34:04.810+0300][320.050s][info][gc,stats    ]    Subphase: Pause Mark Try Complete                       0.000 / 0.000         0.087 / 0.189         0.087 / 0.189         0.087 / 0.189       ms
[2021-02-07T18:34:04.810+0300][320.050s][info][gc,stats    ]    Subphase: Pause Roots                                   0.000 / 0.000         0.049 / 0.408         0.049 / 0.408         0.049 / 0.408       ms
[2021-02-07T18:34:04.810+0300][320.050s][info][gc,stats    ]    Subphase: Pause Roots CodeCache                         0.000 / 0.000         0.000 / 0.000         0.000 / 0.000         0.000 / 0.000       ms
[2021-02-07T18:34:04.810+0300][320.050s][info][gc,stats    ]    Subphase: Pause Roots JVMTIExport                       0.000 / 0.000         0.000 / 0.002         0.000 / 0.002         0.000 / 0.002       ms
[2021-02-07T18:34:04.810+0300][320.050s][info][gc,stats    ]    Subphase: Pause Roots JVMTIWeakExport                   0.000 / 0.000         0.000 / 0.001         0.000 / 0.001         0.000 / 0.001       ms
[2021-02-07T18:34:04.810+0300][320.050s][info][gc,stats    ]    Subphase: Pause Roots Java Threads                      0.000 / 0.000         0.044 / 0.404         0.044 / 0.404         0.044 / 0.404       ms
[2021-02-07T18:34:04.810+0300][320.050s][info][gc,stats    ]    Subphase: Pause Roots Management                        0.000 / 0.000         0.008 / 0.033         0.008 / 0.033         0.008 / 0.033       ms
[2021-02-07T18:34:04.810+0300][320.051s][info][gc,stats    ]    Subphase: Pause Roots ObjectSynchronizer                0.000 / 0.000         0.000 / 0.004         0.000 / 0.004         0.000 / 0.004       ms
[2021-02-07T18:34:04.810+0300][320.051s][info][gc,stats    ]    Subphase: Pause Roots Setup                             0.000 / 0.000         0.000 / 0.001         0.000 / 0.001         0.000 / 0.001       ms
[2021-02-07T18:34:04.810+0300][320.051s][info][gc,stats    ]    Subphase: Pause Roots Teardown                          0.000 / 0.000         0.001 / 0.002         0.001 / 0.002         0.001 / 0.002       ms
[2021-02-07T18:34:04.810+0300][320.051s][info][gc,stats    ]    Subphase: Pause Roots Universe                          0.000 / 0.000         0.002 / 0.027         0.002 / 0.027         0.002 / 0.027       ms
[2021-02-07T18:34:04.810+0300][320.051s][info][gc,stats    ]    Subphase: Pause Roots VM Thread                         0.000 / 0.000         0.001 / 0.010         0.001 / 0.010         0.001 / 0.010       ms
[2021-02-07T18:34:04.810+0300][320.051s][info][gc,stats    ]    Subphase: Pause Weak Roots                              0.000 / 0.000         0.002 / 0.014         0.002 / 0.014         0.002 / 0.014       ms
[2021-02-07T18:34:04.811+0300][320.051s][info][gc,stats    ]    Subphase: Pause Weak Roots JFRWeak                      0.000 / 0.000         0.001 / 0.013         0.001 / 0.013         0.001 / 0.013       ms
[2021-02-07T18:34:04.811+0300][320.051s][info][gc,stats    ]    Subphase: Pause Weak Roots JVMTIWeakExport              0.000 / 0.000         0.001 / 0.013         0.001 / 0.013         0.001 / 0.013       ms
[2021-02-07T18:34:04.811+0300][320.051s][info][gc,stats    ]    Subphase: Pause Weak Roots Setup                        0.000 / 0.000         0.000 / 0.000         0.000 / 0.000         0.000 / 0.000       ms
[2021-02-07T18:34:04.811+0300][320.051s][info][gc,stats    ]    Subphase: Pause Weak Roots Teardown                     0.000 / 0.000         0.000 / 0.000         0.000 / 0.000         0.000 / 0.000       ms
[2021-02-07T18:34:04.811+0300][320.051s][info][gc,stats    ]      System: Java Threads                                      0 / 0                12 / 16               12 / 16               12 / 16          threads
[2021-02-07T18:34:04.811+0300][320.051s][info][gc,stats    ] =========================================================================================================================================================
[2021-02-07T18:34:14.807+0300][330.047s][info][gc,stats    ] === Garbage Collection Statistics =======================================================================================================================
[2021-02-07T18:34:14.807+0300][330.047s][info][gc,stats    ]                                                              Last 10s              Last 10m              Last 10h                Total
[2021-02-07T18:34:14.807+0300][330.047s][info][gc,stats    ]                                                              Avg / Max             Avg / Max             Avg / Max             Avg / Max
[2021-02-07T18:34:14.807+0300][330.047s][info][gc,stats    ]   Collector: Garbage Collection Cycle                      0.000 / 0.000       119.129 / 276.799     119.129 / 276.799     119.129 / 276.799     ms
[2021-02-07T18:34:14.807+0300][330.047s][info][gc,stats    ]  Contention: Mark Segment Reset Contention                     0 / 0                 0 / 0                 0 / 0                 0 / 0           ops/s
[2021-02-07T18:34:14.807+0300][330.047s][info][gc,stats    ]  Contention: Mark SeqNum Reset Contention                      0 / 0                 0 / 0                 0 / 0                 0 / 0           ops/s
[2021-02-07T18:34:14.807+0300][330.047s][info][gc,stats    ]  Contention: Relocation Contention                             0 / 0                 0 / 167               0 / 167               0 / 167         ops/s
[2021-02-07T18:34:14.807+0300][330.047s][info][gc,stats    ]    Critical: Allocation Stall                              0.000 / 0.000         0.000 / 0.000         0.000 / 0.000         0.000 / 0.000       ms
[2021-02-07T18:34:14.807+0300][330.047s][info][gc,stats    ]    Critical: Allocation Stall                                  0 / 0                 0 / 0                 0 / 0                 0 / 0           ops/s
[2021-02-07T18:34:14.807+0300][330.047s][info][gc,stats    ]    Critical: GC Locker Stall                               0.000 / 0.000         0.000 / 0.000         0.000 / 0.000         0.000 / 0.000       ms
[2021-02-07T18:34:14.807+0300][330.047s][info][gc,stats    ]    Critical: GC Locker Stall                                   0 / 0                 0 / 0                 0 / 0                 0 / 0           ops/s
[2021-02-07T18:34:14.807+0300][330.047s][info][gc,stats    ]      Memory: Allocation Rate                                   0 / 0                 2 / 304               2 / 304               2 / 304         MB/s
[2021-02-07T18:34:14.807+0300][330.047s][info][gc,stats    ]      Memory: Heap Used After Mark                              0 / 0                83 / 200              83 / 200              83 / 200         MB
[2021-02-07T18:34:14.807+0300][330.047s][info][gc,stats    ]      Memory: Heap Used After Relocation                        0 / 0                71 / 174              71 / 174              71 / 174         MB
[2021-02-07T18:34:14.807+0300][330.047s][info][gc,stats    ]      Memory: Heap Used Before Mark                             0 / 0                81 / 200              81 / 200              81 / 200         MB
[2021-02-07T18:34:14.807+0300][330.047s][info][gc,stats    ]      Memory: Heap Used Before Relocation                       0 / 0                81 / 196              81 / 196              81 / 196         MB
[2021-02-07T18:34:14.807+0300][330.047s][info][gc,stats    ]      Memory: Out Of Memory                                     0 / 0                 0 / 0                 0 / 0                 0 / 0           ops/s
[2021-02-07T18:34:14.807+0300][330.047s][info][gc,stats    ]      Memory: Page Cache Flush                                  0 / 0                 0 / 0                 0 / 0                 0 / 0           MB/s
[2021-02-07T18:34:14.807+0300][330.047s][info][gc,stats    ]      Memory: Page Cache Hit L1                                 0 / 0                 0 / 21                0 / 21                0 / 21          ops/s
[2021-02-07T18:34:14.807+0300][330.047s][info][gc,stats    ]      Memory: Page Cache Hit L2                                 0 / 0                 0 / 0                 0 / 0                 0 / 0           ops/s
[2021-02-07T18:34:14.807+0300][330.047s][info][gc,stats    ]      Memory: Page Cache Hit L3                                 0 / 0                 0 / 16                0 / 16                0 / 16          ops/s
[2021-02-07T18:34:14.807+0300][330.047s][info][gc,stats    ]      Memory: Page Cache Miss                                   0 / 0                 0 / 0                 0 / 0                 0 / 0           ops/s
[2021-02-07T18:34:14.807+0300][330.047s][info][gc,stats    ]      Memory: Uncommit                                          0 / 0                 0 / 0                 0 / 0                 0 / 0           MB/s
[2021-02-07T18:34:14.807+0300][330.047s][info][gc,stats    ]      Memory: Undo Object Allocation Failed                     0 / 0                 0 / 0                 0 / 0                 0 / 0           ops/s
[2021-02-07T18:34:14.807+0300][330.047s][info][gc,stats    ]      Memory: Undo Object Allocation Succeeded                  0 / 0                 0 / 167               0 / 167               0 / 167         ops/s
[2021-02-07T18:34:14.807+0300][330.047s][info][gc,stats    ]      Memory: Undo Page Allocation                              0 / 0                 0 / 0                 0 / 0                 0 / 0           ops/s
[2021-02-07T18:34:14.807+0300][330.047s][info][gc,stats    ]       Phase: Concurrent Mark                               0.000 / 0.000       102.734 / 248.794     102.734 / 248.794     102.734 / 248.794     ms
[2021-02-07T18:34:14.807+0300][330.047s][info][gc,stats    ]       Phase: Concurrent Mark Continue                      0.000 / 0.000         0.000 / 0.000         0.000 / 0.000         0.000 / 0.000       ms
[2021-02-07T18:34:14.807+0300][330.047s][info][gc,stats    ]       Phase: Concurrent Process Non-Strong References      0.000 / 0.000         1.601 / 3.887         1.601 / 3.887         1.601 / 3.887       ms
[2021-02-07T18:34:14.807+0300][330.047s][info][gc,stats    ]       Phase: Concurrent Relocate                           0.000 / 0.000         9.319 / 19.942        9.319 / 19.942        9.319 / 19.942      ms
[2021-02-07T18:34:14.807+0300][330.047s][info][gc,stats    ]       Phase: Concurrent Reset Relocation Set               0.000 / 0.000         0.315 / 0.806         0.315 / 0.806         0.315 / 0.806       ms
[2021-02-07T18:34:14.807+0300][330.047s][info][gc,stats    ]       Phase: Concurrent Select Relocation Set              0.000 / 0.000         3.300 / 7.297         3.300 / 7.297         3.300 / 7.297       ms
[2021-02-07T18:34:14.807+0300][330.047s][info][gc,stats    ]       Phase: Pause Mark End                                0.000 / 0.000         0.261 / 0.367         0.261 / 0.367         0.261 / 0.367       ms
[2021-02-07T18:34:14.807+0300][330.047s][info][gc,stats    ]       Phase: Pause Mark Start                              0.000 / 0.000         0.111 / 0.463         0.111 / 0.463         0.111 / 0.463       ms
[2021-02-07T18:34:14.807+0300][330.047s][info][gc,stats    ]       Phase: Pause Relocate Start                          0.000 / 0.000         0.129 / 0.287         0.129 / 0.287         0.129 / 0.287       ms
[2021-02-07T18:34:14.807+0300][330.047s][info][gc,stats    ]    Subphase: Concurrent Classes Purge                      0.000 / 0.000         0.108 / 0.244         0.108 / 0.244         0.108 / 0.244       ms
[2021-02-07T18:34:14.807+0300][330.047s][info][gc,stats    ]    Subphase: Concurrent Classes Unlink                     0.000 / 0.000         0.906 / 2.750         0.906 / 2.750         0.906 / 2.750       ms
[2021-02-07T18:34:14.807+0300][330.047s][info][gc,stats    ]    Subphase: Concurrent Mark                               0.000 / 0.000       102.532 / 248.566     102.532 / 248.566     102.532 / 248.566     ms
[2021-02-07T18:34:14.807+0300][330.047s][info][gc,stats    ]    Subphase: Concurrent Mark Idle                          0.000 / 0.000         0.000 / 0.000         0.000 / 0.000         0.000 / 0.000       ms
[2021-02-07T18:34:14.807+0300][330.048s][info][gc,stats    ]    Subphase: Concurrent Mark Try Flush                     0.000 / 0.000         0.265 / 0.740         0.265 / 0.740         0.265 / 0.740       ms
[2021-02-07T18:34:14.807+0300][330.048s][info][gc,stats    ]    Subphase: Concurrent Mark Try Terminate                 0.000 / 0.000         0.138 / 0.717         0.138 / 0.717         0.138 / 0.717       ms
[2021-02-07T18:34:14.807+0300][330.048s][info][gc,stats    ]    Subphase: Concurrent References Enqueue                 0.000 / 0.000         0.001 / 0.004         0.001 / 0.004         0.001 / 0.004       ms
[2021-02-07T18:34:14.807+0300][330.048s][info][gc,stats    ]    Subphase: Concurrent References Process                 0.000 / 0.000         0.108 / 0.211         0.108 / 0.211         0.108 / 0.211       ms
[2021-02-07T18:34:14.807+0300][330.048s][info][gc,stats    ]    Subphase: Concurrent Roots                              0.000 / 0.000         0.056 / 0.114         0.056 / 0.114         0.056 / 0.114       ms
[2021-02-07T18:34:14.807+0300][330.048s][info][gc,stats    ]    Subphase: Concurrent Roots ClassLoaderDataGraph         0.000 / 0.000         0.051 / 0.107         0.051 / 0.107         0.051 / 0.107       ms
[2021-02-07T18:34:14.807+0300][330.048s][info][gc,stats    ]    Subphase: Concurrent Roots JNIHandles                   0.000 / 0.000         0.002 / 0.004         0.002 / 0.004         0.002 / 0.004       ms
[2021-02-07T18:34:14.807+0300][330.048s][info][gc,stats    ]    Subphase: Concurrent Roots Setup                        0.000 / 0.000         0.004 / 0.009         0.004 / 0.009         0.004 / 0.009       ms
[2021-02-07T18:34:14.807+0300][330.048s][info][gc,stats    ]    Subphase: Concurrent Roots Teardown                     0.000 / 0.000         0.000 / 0.000         0.000 / 0.000         0.000 / 0.000       ms
[2021-02-07T18:34:14.807+0300][330.048s][info][gc,stats    ]    Subphase: Concurrent Roots VMHandles                    0.000 / 0.000         0.002 / 0.003         0.002 / 0.003         0.002 / 0.003       ms
[2021-02-07T18:34:14.808+0300][330.048s][info][gc,stats    ]    Subphase: Concurrent Weak Roots                         0.000 / 0.000         0.169 / 0.414         0.169 / 0.414         0.169 / 0.414       ms
[2021-02-07T18:34:14.808+0300][330.048s][info][gc,stats    ]    Subphase: Concurrent Weak Roots JNIWeakHandles          0.000 / 0.000         0.000 / 0.000         0.000 / 0.000         0.000 / 0.000       ms
[2021-02-07T18:34:14.808+0300][330.048s][info][gc,stats    ]    Subphase: Concurrent Weak Roots ResolvedMethodTable     0.000 / 0.000         0.015 / 0.028         0.015 / 0.028         0.015 / 0.028       ms
[2021-02-07T18:34:14.808+0300][330.048s][info][gc,stats    ]    Subphase: Concurrent Weak Roots StringTable             0.000 / 0.000         0.149 / 0.383         0.149 / 0.383         0.149 / 0.383       ms
[2021-02-07T18:34:14.808+0300][330.048s][info][gc,stats    ]    Subphase: Concurrent Weak Roots VMWeakHandles           0.000 / 0.000         0.004 / 0.010         0.004 / 0.010         0.004 / 0.010       ms
[2021-02-07T18:34:14.808+0300][330.048s][info][gc,stats    ]    Subphase: Pause Mark Try Complete                       0.000 / 0.000         0.087 / 0.189         0.087 / 0.189         0.087 / 0.189       ms
[2021-02-07T18:34:14.808+0300][330.048s][info][gc,stats    ]    Subphase: Pause Roots                                   0.000 / 0.000         0.049 / 0.408         0.049 / 0.408         0.049 / 0.408       ms
[2021-02-07T18:34:14.808+0300][330.048s][info][gc,stats    ]    Subphase: Pause Roots CodeCache                         0.000 / 0.000         0.000 / 0.000         0.000 / 0.000         0.000 / 0.000       ms
[2021-02-07T18:34:14.808+0300][330.048s][info][gc,stats    ]    Subphase: Pause Roots JVMTIExport                       0.000 / 0.000         0.000 / 0.002         0.000 / 0.002         0.000 / 0.002       ms
[2021-02-07T18:34:14.808+0300][330.048s][info][gc,stats    ]    Subphase: Pause Roots JVMTIWeakExport                   0.000 / 0.000         0.000 / 0.001         0.000 / 0.001         0.000 / 0.001       ms
[2021-02-07T18:34:14.808+0300][330.048s][info][gc,stats    ]    Subphase: Pause Roots Java Threads                      0.000 / 0.000         0.044 / 0.404         0.044 / 0.404         0.044 / 0.404       ms
[2021-02-07T18:34:14.808+0300][330.048s][info][gc,stats    ]    Subphase: Pause Roots Management                        0.000 / 0.000         0.008 / 0.033         0.008 / 0.033         0.008 / 0.033       ms
[2021-02-07T18:34:14.808+0300][330.048s][info][gc,stats    ]    Subphase: Pause Roots ObjectSynchronizer                0.000 / 0.000         0.000 / 0.004         0.000 / 0.004         0.000 / 0.004       ms
[2021-02-07T18:34:14.808+0300][330.048s][info][gc,stats    ]    Subphase: Pause Roots Setup                             0.000 / 0.000         0.000 / 0.001         0.000 / 0.001         0.000 / 0.001       ms
[2021-02-07T18:34:14.808+0300][330.048s][info][gc,stats    ]    Subphase: Pause Roots Teardown                          0.000 / 0.000         0.001 / 0.002         0.001 / 0.002         0.001 / 0.002       ms
[2021-02-07T18:34:14.808+0300][330.048s][info][gc,stats    ]    Subphase: Pause Roots Universe                          0.000 / 0.000         0.002 / 0.027         0.002 / 0.027         0.002 / 0.027       ms
[2021-02-07T18:34:14.808+0300][330.048s][info][gc,stats    ]    Subphase: Pause Roots VM Thread                         0.000 / 0.000         0.001 / 0.010         0.001 / 0.010         0.001 / 0.010       ms
[2021-02-07T18:34:14.808+0300][330.048s][info][gc,stats    ]    Subphase: Pause Weak Roots                              0.000 / 0.000         0.002 / 0.014         0.002 / 0.014         0.002 / 0.014       ms
[2021-02-07T18:34:14.808+0300][330.048s][info][gc,stats    ]    Subphase: Pause Weak Roots JFRWeak                      0.000 / 0.000         0.001 / 0.013         0.001 / 0.013         0.001 / 0.013       ms
[2021-02-07T18:34:14.808+0300][330.048s][info][gc,stats    ]    Subphase: Pause Weak Roots JVMTIWeakExport              0.000 / 0.000         0.001 / 0.013         0.001 / 0.013         0.001 / 0.013       ms
[2021-02-07T18:34:14.808+0300][330.048s][info][gc,stats    ]    Subphase: Pause Weak Roots Setup                        0.000 / 0.000         0.000 / 0.000         0.000 / 0.000         0.000 / 0.000       ms
[2021-02-07T18:34:14.808+0300][330.048s][info][gc,stats    ]    Subphase: Pause Weak Roots Teardown                     0.000 / 0.000         0.000 / 0.000         0.000 / 0.000         0.000 / 0.000       ms
[2021-02-07T18:34:14.808+0300][330.048s][info][gc,stats    ]      System: Java Threads                                      0 / 0                12 / 16               12 / 16               12 / 16          threads
[2021-02-07T18:34:14.808+0300][330.048s][info][gc,stats    ] =========================================================================================================================================================
[2021-02-07T18:34:18.714+0300][333.954s][info][gc,start    ] GC(18) Garbage Collection (Proactive)
[2021-02-07T18:34:18.715+0300][333.955s][info][gc,phases   ] GC(18) Pause Mark Start 0.116ms
[2021-02-07T18:34:18.967+0300][334.207s][info][gc,phases   ] GC(18) Concurrent Mark 252.473ms
[2021-02-07T18:34:18.968+0300][334.208s][info][gc,phases   ] GC(18) Pause Mark End 0.170ms
[2021-02-07T18:34:18.971+0300][334.211s][info][gc,phases   ] GC(18) Concurrent Process Non-Strong References 2.264ms
[2021-02-07T18:34:18.971+0300][334.211s][info][gc,phases   ] GC(18) Concurrent Reset Relocation Set 0.559ms
[2021-02-07T18:34:18.975+0300][334.215s][info][gc,phases   ] GC(18) Concurrent Select Relocation Set 3.676ms
[2021-02-07T18:34:18.976+0300][334.216s][info][gc,phases   ] GC(18) Pause Relocate Start 0.160ms
[2021-02-07T18:34:18.989+0300][334.229s][info][gc,phases   ] GC(18) Concurrent Relocate 13.454ms
[2021-02-07T18:34:18.989+0300][334.229s][info][gc,load     ] GC(18) Load: 0.00/0.00/0.00
[2021-02-07T18:34:18.989+0300][334.229s][info][gc,mmu      ] GC(18) MMU: 2ms/76.9%, 5ms/90.7%, 10ms/95.0%, 20ms/97.5%, 50ms/98.9%, 100ms/99.0%
[2021-02-07T18:34:18.989+0300][334.229s][info][gc,marking  ] GC(18) Mark: 1 stripe(s), 2 proactive flush(es), 1 terminate flush(es), 1 completion(s), 0 continuation(s)
[2021-02-07T18:34:18.989+0300][334.229s][info][gc,nmethod  ] GC(18) NMethods: 1761 registered, 0 unregistered
[2021-02-07T18:34:18.989+0300][334.229s][info][gc,metaspace] GC(18) Metaspace: 6M used, 7M capacity, 7M committed, 1032M reserved
[2021-02-07T18:34:18.989+0300][334.229s][info][gc,ref      ] GC(18) Soft: 179 encountered, 108 discovered, 1 enqueued
[2021-02-07T18:34:18.989+0300][334.229s][info][gc,ref      ] GC(18) Weak: 1042 encountered, 642 discovered, 0 enqueued
[2021-02-07T18:34:18.989+0300][334.229s][info][gc,ref      ] GC(18) Final: 0 encountered, 0 discovered, 0 enqueued
[2021-02-07T18:34:18.989+0300][334.229s][info][gc,ref      ] GC(18) Phantom: 7 encountered, 6 discovered, 0 enqueued
[2021-02-07T18:34:18.989+0300][334.230s][info][gc,reloc    ] GC(18) Small Pages: 92 / 184M(95%), Empty: 6M(3%), Compacting: 26M(13%)->10M(5%)
[2021-02-07T18:34:18.989+0300][334.230s][info][gc,reloc    ] GC(18) Medium Pages: 0 / 0M(0%), Empty: 0M(0%), Compacting: 0M(0%)->0M(0%)
[2021-02-07T18:34:18.989+0300][334.230s][info][gc,reloc    ] GC(18) Large Pages: 1 / 10M(5%), Empty: 0M(0%), Compacting: 0M(0%)->0M(0%)
[2021-02-07T18:34:18.989+0300][334.230s][info][gc,reloc    ] GC(18) Relocation: Successful
[2021-02-07T18:34:18.989+0300][334.230s][info][gc,heap     ] GC(18) Min Capacity: 256M(100%)
[2021-02-07T18:34:18.989+0300][334.230s][info][gc,heap     ] GC(18) Max Capacity: 256M(100%)
[2021-02-07T18:34:18.989+0300][334.230s][info][gc,heap     ] GC(18) Soft Max Capacity: 256M(100%)
[2021-02-07T18:34:18.989+0300][334.230s][info][gc,heap     ] GC(18)                Mark Start          Mark End        Relocate Start      Relocate End           High               Low
[2021-02-07T18:34:18.989+0300][334.230s][info][gc,heap     ] GC(18)  Capacity:      256M (100%)        256M (100%)        256M (100%)        256M (100%)        256M (100%)        256M (100%)
[2021-02-07T18:34:18.989+0300][334.230s][info][gc,heap     ] GC(18)   Reserve:       12M (5%)           12M (5%)           12M (5%)           12M (5%)           12M (5%)           12M (5%)
[2021-02-07T18:34:18.990+0300][334.230s][info][gc,heap     ] GC(18)      Free:       50M (20%)          50M (20%)          56M (22%)          70M (27%)          70M (27%)          50M (20%)
[2021-02-07T18:34:18.990+0300][334.230s][info][gc,heap     ] GC(18)      Used:      194M (76%)         194M (76%)         188M (73%)         174M (68%)         194M (76%)         174M (68%)
[2021-02-07T18:34:18.990+0300][334.230s][info][gc,heap     ] GC(18)      Live:         -               164M (64%)         164M (64%)         164M (64%)            -                  -
[2021-02-07T18:34:18.990+0300][334.230s][info][gc,heap     ] GC(18) Allocated:         -                 0M (0%)            0M (0%)           12M (5%)             -                  -
[2021-02-07T18:34:18.990+0300][334.230s][info][gc,heap     ] GC(18)   Garbage:         -                29M (12%)          23M (9%)            9M (4%)             -                  -
[2021-02-07T18:34:18.990+0300][334.230s][info][gc,heap     ] GC(18) Reclaimed:         -                  -                 6M (2%)           20M (8%)             -                  -
[2021-02-07T18:34:18.990+0300][334.230s][info][gc          ] GC(18) Garbage Collection (Proactive) 194M(76%)->174M(68%)
[2021-02-07T18:34:24.803+0300][340.042s][info][gc,stats    ] === Garbage Collection Statistics =======================================================================================================================
[2021-02-07T18:34:24.803+0300][340.042s][info][gc,stats    ]                                                              Last 10s              Last 10m              Last 10h                Total
[2021-02-07T18:34:24.803+0300][340.042s][info][gc,stats    ]                                                              Avg / Max             Avg / Max             Avg / Max             Avg / Max
[2021-02-07T18:34:24.803+0300][340.042s][info][gc,stats    ]   Collector: Garbage Collection Cycle                    275.613 / 275.613     127.365 / 276.799     127.365 / 276.799     127.365 / 276.799     ms
[2021-02-07T18:34:24.803+0300][340.042s][info][gc,stats    ]  Contention: Mark Segment Reset Contention                     0 / 0                 0 / 0                 0 / 0                 0 / 0           ops/s
[2021-02-07T18:34:24.803+0300][340.042s][info][gc,stats    ]  Contention: Mark SeqNum Reset Contention                      0 / 0                 0 / 0                 0 / 0                 0 / 0           ops/s
[2021-02-07T18:34:24.803+0300][340.042s][info][gc,stats    ]  Contention: Relocation Contention                             0 / 0                 0 / 167               0 / 167               0 / 167         ops/s
[2021-02-07T18:34:24.803+0300][340.043s][info][gc,stats    ]    Critical: Allocation Stall                              0.000 / 0.000         0.000 / 0.000         0.000 / 0.000         0.000 / 0.000       ms
[2021-02-07T18:34:24.803+0300][340.043s][info][gc,stats    ]    Critical: Allocation Stall                                  0 / 0                 0 / 0                 0 / 0                 0 / 0           ops/s
[2021-02-07T18:34:24.803+0300][340.043s][info][gc,stats    ]    Critical: GC Locker Stall                               0.000 / 0.000         0.000 / 0.000         0.000 / 0.000         0.000 / 0.000       ms
[2021-02-07T18:34:24.803+0300][340.043s][info][gc,stats    ]    Critical: GC Locker Stall                                   0 / 0                 0 / 0                 0 / 0                 0 / 0           ops/s
[2021-02-07T18:34:24.803+0300][340.043s][info][gc,stats    ]      Memory: Allocation Rate                                   2 / 20                2 / 304               2 / 304               2 / 304         MB/s
[2021-02-07T18:34:24.803+0300][340.043s][info][gc,stats    ]      Memory: Heap Used After Mark                            194 / 194              88 / 200              88 / 200              88 / 200         MB
[2021-02-07T18:34:24.803+0300][340.043s][info][gc,stats    ]      Memory: Heap Used After Relocation                      174 / 174              77 / 174              77 / 174              77 / 174         MB
[2021-02-07T18:34:24.803+0300][340.043s][info][gc,stats    ]      Memory: Heap Used Before Mark                           194 / 194              87 / 200              87 / 200              87 / 200         MB
[2021-02-07T18:34:24.803+0300][340.043s][info][gc,stats    ]      Memory: Heap Used Before Relocation                     188 / 188              86 / 196              86 / 196              86 / 196         MB
[2021-02-07T18:34:24.803+0300][340.043s][info][gc,stats    ]      Memory: Out Of Memory                                     0 / 0                 0 / 0                 0 / 0                 0 / 0           ops/s
[2021-02-07T18:34:24.803+0300][340.043s][info][gc,stats    ]      Memory: Page Cache Flush                                  0 / 0                 0 / 0                 0 / 0                 0 / 0           MB/s
[2021-02-07T18:34:24.803+0300][340.043s][info][gc,stats    ]      Memory: Page Cache Hit L1                                 1 / 15                0 / 21                0 / 21                0 / 21          ops/s
[2021-02-07T18:34:24.803+0300][340.043s][info][gc,stats    ]      Memory: Page Cache Hit L2                                 0 / 0                 0 / 0                 0 / 0                 0 / 0           ops/s
[2021-02-07T18:34:24.803+0300][340.043s][info][gc,stats    ]      Memory: Page Cache Hit L3                                 0 / 0                 0 / 16                0 / 16                0 / 16          ops/s
[2021-02-07T18:34:24.803+0300][340.043s][info][gc,stats    ]      Memory: Page Cache Miss                                   0 / 0                 0 / 0                 0 / 0                 0 / 0           ops/s
[2021-02-07T18:34:24.803+0300][340.043s][info][gc,stats    ]      Memory: Uncommit                                          0 / 0                 0 / 0                 0 / 0                 0 / 0           MB/s
[2021-02-07T18:34:24.803+0300][340.043s][info][gc,stats    ]      Memory: Undo Object Allocation Failed                     0 / 0                 0 / 0                 0 / 0                 0 / 0           ops/s
[2021-02-07T18:34:24.803+0300][340.043s][info][gc,stats    ]      Memory: Undo Object Allocation Succeeded                  0 / 0                 0 / 167               0 / 167               0 / 167         ops/s
[2021-02-07T18:34:24.803+0300][340.043s][info][gc,stats    ]      Memory: Undo Page Allocation                              0 / 0                 0 / 0                 0 / 0                 0 / 0           ops/s
[2021-02-07T18:34:24.803+0300][340.043s][info][gc,stats    ]       Phase: Concurrent Mark                             252.473 / 252.473     110.615 / 252.473     110.615 / 252.473     110.615 / 252.473     ms
[2021-02-07T18:34:24.803+0300][340.043s][info][gc,stats    ]       Phase: Concurrent Mark Continue                      0.000 / 0.000         0.000 / 0.000         0.000 / 0.000         0.000 / 0.000       ms
[2021-02-07T18:34:24.803+0300][340.043s][info][gc,stats    ]       Phase: Concurrent Process Non-Strong References      2.264 / 2.264         1.636 / 3.887         1.636 / 3.887         1.636 / 3.887       ms
[2021-02-07T18:34:24.803+0300][340.043s][info][gc,stats    ]       Phase: Concurrent Relocate                          13.454 / 13.454        9.537 / 19.942        9.537 / 19.942        9.537 / 19.942      ms
[2021-02-07T18:34:24.803+0300][340.043s][info][gc,stats    ]       Phase: Concurrent Reset Relocation Set               0.559 / 0.559         0.328 / 0.806         0.328 / 0.806         0.328 / 0.806       ms
[2021-02-07T18:34:24.803+0300][340.043s][info][gc,stats    ]       Phase: Concurrent Select Relocation Set              3.676 / 3.676         3.320 / 7.297         3.320 / 7.297         3.320 / 7.297       ms
[2021-02-07T18:34:24.803+0300][340.043s][info][gc,stats    ]       Phase: Pause Mark End                                0.170 / 0.170         0.256 / 0.367         0.256 / 0.367         0.256 / 0.367       ms
[2021-02-07T18:34:24.803+0300][340.043s][info][gc,stats    ]       Phase: Pause Mark Start                              0.116 / 0.116         0.111 / 0.463         0.111 / 0.463         0.111 / 0.463       ms
[2021-02-07T18:34:24.803+0300][340.043s][info][gc,stats    ]       Phase: Pause Relocate Start                          0.160 / 0.160         0.131 / 0.287         0.131 / 0.287         0.131 / 0.287       ms
[2021-02-07T18:34:24.803+0300][340.043s][info][gc,stats    ]    Subphase: Concurrent Classes Purge                      0.111 / 0.111         0.108 / 0.244         0.108 / 0.244         0.108 / 0.244       ms
[2021-02-07T18:34:24.803+0300][340.043s][info][gc,stats    ]    Subphase: Concurrent Classes Unlink                     1.581 / 1.581         0.942 / 2.750         0.942 / 2.750         0.942 / 2.750       ms
[2021-02-07T18:34:24.803+0300][340.043s][info][gc,stats    ]    Subphase: Concurrent Mark                             252.286 / 252.286     110.414 / 252.286     110.414 / 252.286     110.414 / 252.286     ms
[2021-02-07T18:34:24.803+0300][340.043s][info][gc,stats    ]    Subphase: Concurrent Mark Idle                          0.000 / 0.000         0.000 / 0.000         0.000 / 0.000         0.000 / 0.000       ms
[2021-02-07T18:34:24.803+0300][340.043s][info][gc,stats    ]    Subphase: Concurrent Mark Try Flush                     0.547 / 0.668         0.280 / 0.740         0.280 / 0.740         0.280 / 0.740       ms
[2021-02-07T18:34:24.803+0300][340.043s][info][gc,stats    ]    Subphase: Concurrent Mark Try Terminate                 0.334 / 0.669         0.148 / 0.717         0.148 / 0.717         0.148 / 0.717       ms
[2021-02-07T18:34:24.803+0300][340.043s][info][gc,stats    ]    Subphase: Concurrent References Enqueue                 0.004 / 0.004         0.001 / 0.004         0.001 / 0.004         0.001 / 0.004       ms
[2021-02-07T18:34:24.803+0300][340.043s][info][gc,stats    ]    Subphase: Concurrent References Process                 0.098 / 0.098         0.107 / 0.211         0.107 / 0.211         0.107 / 0.211       ms
[2021-02-07T18:34:24.803+0300][340.043s][info][gc,stats    ]    Subphase: Concurrent Roots                              0.081 / 0.081         0.057 / 0.114         0.057 / 0.114         0.057 / 0.114       ms
[2021-02-07T18:34:24.803+0300][340.043s][info][gc,stats    ]    Subphase: Concurrent Roots ClassLoaderDataGraph         0.074 / 0.074         0.052 / 0.107         0.052 / 0.107         0.052 / 0.107       ms
[2021-02-07T18:34:24.803+0300][340.043s][info][gc,stats    ]    Subphase: Concurrent Roots JNIHandles                   0.004 / 0.004         0.002 / 0.004         0.002 / 0.004         0.002 / 0.004       ms
[2021-02-07T18:34:24.803+0300][340.043s][info][gc,stats    ]    Subphase: Concurrent Roots Setup                        0.005 / 0.005         0.004 / 0.009         0.004 / 0.009         0.004 / 0.009       ms
[2021-02-07T18:34:24.803+0300][340.043s][info][gc,stats    ]    Subphase: Concurrent Roots Teardown                     0.000 / 0.000         0.000 / 0.000         0.000 / 0.000         0.000 / 0.000       ms
[2021-02-07T18:34:24.803+0300][340.043s][info][gc,stats    ]    Subphase: Concurrent Roots VMHandles                    0.002 / 0.002         0.002 / 0.003         0.002 / 0.003         0.002 / 0.003       ms
[2021-02-07T18:34:24.803+0300][340.043s][info][gc,stats    ]    Subphase: Concurrent Weak Roots                         0.278 / 0.278         0.175 / 0.414         0.175 / 0.414         0.175 / 0.414       ms
[2021-02-07T18:34:24.803+0300][340.043s][info][gc,stats    ]    Subphase: Concurrent Weak Roots JNIWeakHandles          0.000 / 0.000         0.000 / 0.000         0.000 / 0.000         0.000 / 0.000       ms
[2021-02-07T18:34:24.803+0300][340.043s][info][gc,stats    ]    Subphase: Concurrent Weak Roots ResolvedMethodTable     0.016 / 0.016         0.015 / 0.028         0.015 / 0.028         0.015 / 0.028       ms
[2021-02-07T18:34:24.803+0300][340.043s][info][gc,stats    ]    Subphase: Concurrent Weak Roots StringTable             0.253 / 0.253         0.155 / 0.383         0.155 / 0.383         0.155 / 0.383       ms
[2021-02-07T18:34:24.803+0300][340.043s][info][gc,stats    ]    Subphase: Concurrent Weak Roots VMWeakHandles           0.007 / 0.007         0.005 / 0.010         0.005 / 0.010         0.005 / 0.010       ms
[2021-02-07T18:34:24.803+0300][340.043s][info][gc,stats    ]    Subphase: Pause Mark Try Complete                       0.034 / 0.034         0.084 / 0.189         0.084 / 0.189         0.084 / 0.189       ms
[2021-02-07T18:34:24.803+0300][340.043s][info][gc,stats    ]    Subphase: Pause Roots                                   0.049 / 0.060         0.049 / 0.408         0.049 / 0.408         0.049 / 0.408       ms
[2021-02-07T18:34:24.803+0300][340.043s][info][gc,stats    ]    Subphase: Pause Roots CodeCache                         0.000 / 0.000         0.000 / 0.000         0.000 / 0.000         0.000 / 0.000       ms
[2021-02-07T18:34:24.803+0300][340.043s][info][gc,stats    ]    Subphase: Pause Roots JVMTIExport                       0.000 / 0.000         0.000 / 0.002         0.000 / 0.002         0.000 / 0.002       ms
[2021-02-07T18:34:24.803+0300][340.043s][info][gc,stats    ]    Subphase: Pause Roots JVMTIWeakExport                   0.000 / 0.000         0.000 / 0.001         0.000 / 0.001         0.000 / 0.001       ms
[2021-02-07T18:34:24.803+0300][340.043s][info][gc,stats    ]    Subphase: Pause Roots Java Threads                      0.043 / 0.049         0.044 / 0.404         0.044 / 0.404         0.044 / 0.404       ms
[2021-02-07T18:34:24.803+0300][340.043s][info][gc,stats    ]    Subphase: Pause Roots Management                        0.006 / 0.012         0.008 / 0.033         0.008 / 0.033         0.008 / 0.033       ms
[2021-02-07T18:34:24.803+0300][340.043s][info][gc,stats    ]    Subphase: Pause Roots ObjectSynchronizer                0.000 / 0.000         0.000 / 0.004         0.000 / 0.004         0.000 / 0.004       ms
[2021-02-07T18:34:24.803+0300][340.043s][info][gc,stats    ]    Subphase: Pause Roots Setup                             0.000 / 0.000         0.000 / 0.001         0.000 / 0.001         0.000 / 0.001       ms
[2021-02-07T18:34:24.803+0300][340.043s][info][gc,stats    ]    Subphase: Pause Roots Teardown                          0.001 / 0.001         0.001 / 0.002         0.001 / 0.002         0.001 / 0.002       ms
[2021-02-07T18:34:24.803+0300][340.043s][info][gc,stats    ]    Subphase: Pause Roots Universe                          0.001 / 0.002         0.002 / 0.027         0.002 / 0.027         0.002 / 0.027       ms
[2021-02-07T18:34:24.803+0300][340.043s][info][gc,stats    ]    Subphase: Pause Roots VM Thread                         0.001 / 0.001         0.001 / 0.010         0.001 / 0.010         0.001 / 0.010       ms
[2021-02-07T18:34:24.803+0300][340.043s][info][gc,stats    ]    Subphase: Pause Weak Roots                              0.001 / 0.001         0.002 / 0.014         0.002 / 0.014         0.002 / 0.014       ms
[2021-02-07T18:34:24.803+0300][340.043s][info][gc,stats    ]    Subphase: Pause Weak Roots JFRWeak                      0.000 / 0.000         0.001 / 0.013         0.001 / 0.013         0.001 / 0.013       ms
[2021-02-07T18:34:24.804+0300][340.043s][info][gc,stats    ]    Subphase: Pause Weak Roots JVMTIWeakExport              0.000 / 0.000         0.001 / 0.013         0.001 / 0.013         0.001 / 0.013       ms
[2021-02-07T18:34:24.804+0300][340.043s][info][gc,stats    ]    Subphase: Pause Weak Roots Setup                        0.000 / 0.000         0.000 / 0.000         0.000 / 0.000         0.000 / 0.000       ms
[2021-02-07T18:34:24.804+0300][340.043s][info][gc,stats    ]    Subphase: Pause Weak Roots Teardown                     0.000 / 0.000         0.000 / 0.000         0.000 / 0.000         0.000 / 0.000       ms
[2021-02-07T18:34:24.804+0300][340.043s][info][gc,stats    ]      System: Java Threads                                     16 / 16               12 / 16               12 / 16               12 / 16          threads
[2021-02-07T18:34:24.804+0300][340.043s][info][gc,stats    ] =========================================================================================================================================================
[2021-02-07T18:34:34.804+0300][350.043s][info][gc,stats    ] === Garbage Collection Statistics =======================================================================================================================
[2021-02-07T18:34:34.804+0300][350.043s][info][gc,stats    ]                                                              Last 10s              Last 10m              Last 10h                Total
[2021-02-07T18:34:34.804+0300][350.044s][info][gc,stats    ]                                                              Avg / Max             Avg / Max             Avg / Max             Avg / Max
[2021-02-07T18:34:34.804+0300][350.044s][info][gc,stats    ]   Collector: Garbage Collection Cycle                      0.000 / 0.000       127.365 / 276.799     127.365 / 276.799     127.365 / 276.799     ms
[2021-02-07T18:34:34.804+0300][350.044s][info][gc,stats    ]  Contention: Mark Segment Reset Contention                     0 / 0                 0 / 0                 0 / 0                 0 / 0           ops/s
[2021-02-07T18:34:34.804+0300][350.044s][info][gc,stats    ]  Contention: Mark SeqNum Reset Contention                      0 / 0                 0 / 0                 0 / 0                 0 / 0           ops/s
[2021-02-07T18:34:34.804+0300][350.044s][info][gc,stats    ]  Contention: Relocation Contention                             0 / 0                 0 / 167               0 / 167               0 / 167         ops/s
[2021-02-07T18:34:34.804+0300][350.044s][info][gc,stats    ]    Critical: Allocation Stall                              0.000 / 0.000         0.000 / 0.000         0.000 / 0.000         0.000 / 0.000       ms
[2021-02-07T18:34:34.804+0300][350.044s][info][gc,stats    ]    Critical: Allocation Stall                                  0 / 0                 0 / 0                 0 / 0                 0 / 0           ops/s
[2021-02-07T18:34:34.804+0300][350.044s][info][gc,stats    ]    Critical: GC Locker Stall                               0.000 / 0.000         0.000 / 0.000         0.000 / 0.000         0.000 / 0.000       ms
[2021-02-07T18:34:34.804+0300][350.044s][info][gc,stats    ]    Critical: GC Locker Stall                                   0 / 0                 0 / 0                 0 / 0                 0 / 0           ops/s
[2021-02-07T18:34:34.804+0300][350.044s][info][gc,stats    ]      Memory: Allocation Rate                                   0 / 2                 2 / 304               2 / 304               2 / 304         MB/s
[2021-02-07T18:34:34.804+0300][350.044s][info][gc,stats    ]      Memory: Heap Used After Mark                              0 / 0                88 / 200              88 / 200              88 / 200         MB
[2021-02-07T18:34:34.804+0300][350.044s][info][gc,stats    ]      Memory: Heap Used After Relocation                        0 / 0                77 / 174              77 / 174              77 / 174         MB
[2021-02-07T18:34:34.804+0300][350.044s][info][gc,stats    ]      Memory: Heap Used Before Mark                             0 / 0                87 / 200              87 / 200              87 / 200         MB
[2021-02-07T18:34:34.804+0300][350.044s][info][gc,stats    ]      Memory: Heap Used Before Relocation                       0 / 0                86 / 196              86 / 196              86 / 196         MB
[2021-02-07T18:34:34.804+0300][350.044s][info][gc,stats    ]      Memory: Out Of Memory                                     0 / 0                 0 / 0                 0 / 0                 0 / 0           ops/s
[2021-02-07T18:34:34.804+0300][350.044s][info][gc,stats    ]      Memory: Page Cache Flush                                  0 / 0                 0 / 0                 0 / 0                 0 / 0           MB/s
[2021-02-07T18:34:34.804+0300][350.044s][info][gc,stats    ]      Memory: Page Cache Hit L1                                 0 / 1                 0 / 21                0 / 21                0 / 21          ops/s
[2021-02-07T18:34:34.804+0300][350.044s][info][gc,stats    ]      Memory: Page Cache Hit L2                                 0 / 0                 0 / 0                 0 / 0                 0 / 0           ops/s
[2021-02-07T18:34:34.804+0300][350.044s][info][gc,stats    ]      Memory: Page Cache Hit L3                                 0 / 0                 0 / 16                0 / 16                0 / 16          ops/s
[2021-02-07T18:34:34.804+0300][350.044s][info][gc,stats    ]      Memory: Page Cache Miss                                   0 / 0                 0 / 0                 0 / 0                 0 / 0           ops/s
[2021-02-07T18:34:34.804+0300][350.044s][info][gc,stats    ]      Memory: Uncommit                                          0 / 0                 0 / 0                 0 / 0                 0 / 0           MB/s
[2021-02-07T18:34:34.804+0300][350.044s][info][gc,stats    ]      Memory: Undo Object Allocation Failed                     0 / 0                 0 / 0                 0 / 0                 0 / 0           ops/s
[2021-02-07T18:34:34.804+0300][350.044s][info][gc,stats    ]      Memory: Undo Object Allocation Succeeded                  0 / 0                 0 / 167               0 / 167               0 / 167         ops/s
[2021-02-07T18:34:34.804+0300][350.044s][info][gc,stats    ]      Memory: Undo Page Allocation                              0 / 0                 0 / 0                 0 / 0                 0 / 0           ops/s
[2021-02-07T18:34:34.804+0300][350.044s][info][gc,stats    ]       Phase: Concurrent Mark                               0.000 / 0.000       110.615 / 252.473     110.615 / 252.473     110.615 / 252.473     ms
[2021-02-07T18:34:34.804+0300][350.044s][info][gc,stats    ]       Phase: Concurrent Mark Continue                      0.000 / 0.000         0.000 / 0.000         0.000 / 0.000         0.000 / 0.000       ms
[2021-02-07T18:34:34.804+0300][350.044s][info][gc,stats    ]       Phase: Concurrent Process Non-Strong References      0.000 / 0.000         1.636 / 3.887         1.636 / 3.887         1.636 / 3.887       ms
[2021-02-07T18:34:34.804+0300][350.044s][info][gc,stats    ]       Phase: Concurrent Relocate                           0.000 / 0.000         9.537 / 19.942        9.537 / 19.942        9.537 / 19.942      ms
[2021-02-07T18:34:34.804+0300][350.044s][info][gc,stats    ]       Phase: Concurrent Reset Relocation Set               0.000 / 0.000         0.328 / 0.806         0.328 / 0.806         0.328 / 0.806       ms
[2021-02-07T18:34:34.804+0300][350.044s][info][gc,stats    ]       Phase: Concurrent Select Relocation Set              0.000 / 0.000         3.320 / 7.297         3.320 / 7.297         3.320 / 7.297       ms
[2021-02-07T18:34:34.804+0300][350.044s][info][gc,stats    ]       Phase: Pause Mark End                                0.000 / 0.000         0.256 / 0.367         0.256 / 0.367         0.256 / 0.367       ms
[2021-02-07T18:34:34.804+0300][350.044s][info][gc,stats    ]       Phase: Pause Mark Start                              0.000 / 0.000         0.111 / 0.463         0.111 / 0.463         0.111 / 0.463       ms
[2021-02-07T18:34:34.804+0300][350.044s][info][gc,stats    ]       Phase: Pause Relocate Start                          0.000 / 0.000         0.131 / 0.287         0.131 / 0.287         0.131 / 0.287       ms
[2021-02-07T18:34:34.804+0300][350.044s][info][gc,stats    ]    Subphase: Concurrent Classes Purge                      0.000 / 0.000         0.108 / 0.244         0.108 / 0.244         0.108 / 0.244       ms
[2021-02-07T18:34:34.804+0300][350.044s][info][gc,stats    ]    Subphase: Concurrent Classes Unlink                     0.000 / 0.000         0.942 / 2.750         0.942 / 2.750         0.942 / 2.750       ms
[2021-02-07T18:34:34.804+0300][350.044s][info][gc,stats    ]    Subphase: Concurrent Mark                               0.000 / 0.000       110.414 / 252.286     110.414 / 252.286     110.414 / 252.286     ms
[2021-02-07T18:34:34.804+0300][350.044s][info][gc,stats    ]    Subphase: Concurrent Mark Idle                          0.000 / 0.000         0.000 / 0.000         0.000 / 0.000         0.000 / 0.000       ms
[2021-02-07T18:34:34.804+0300][350.044s][info][gc,stats    ]    Subphase: Concurrent Mark Try Flush                     0.000 / 0.000         0.280 / 0.740         0.280 / 0.740         0.280 / 0.740       ms
[2021-02-07T18:34:34.804+0300][350.044s][info][gc,stats    ]    Subphase: Concurrent Mark Try Terminate                 0.000 / 0.000         0.148 / 0.717         0.148 / 0.717         0.148 / 0.717       ms
[2021-02-07T18:34:34.804+0300][350.044s][info][gc,stats    ]    Subphase: Concurrent References Enqueue                 0.000 / 0.000         0.001 / 0.004         0.001 / 0.004         0.001 / 0.004       ms
[2021-02-07T18:34:34.804+0300][350.044s][info][gc,stats    ]    Subphase: Concurrent References Process                 0.000 / 0.000         0.107 / 0.211         0.107 / 0.211         0.107 / 0.211       ms
[2021-02-07T18:34:34.804+0300][350.044s][info][gc,stats    ]    Subphase: Concurrent Roots                              0.000 / 0.000         0.057 / 0.114         0.057 / 0.114         0.057 / 0.114       ms
[2021-02-07T18:34:34.804+0300][350.044s][info][gc,stats    ]    Subphase: Concurrent Roots ClassLoaderDataGraph         0.000 / 0.000         0.052 / 0.107         0.052 / 0.107         0.052 / 0.107       ms
[2021-02-07T18:34:34.804+0300][350.044s][info][gc,stats    ]    Subphase: Concurrent Roots JNIHandles                   0.000 / 0.000         0.002 / 0.004         0.002 / 0.004         0.002 / 0.004       ms
[2021-02-07T18:34:34.804+0300][350.044s][info][gc,stats    ]    Subphase: Concurrent Roots Setup                        0.000 / 0.000         0.004 / 0.009         0.004 / 0.009         0.004 / 0.009       ms
[2021-02-07T18:34:34.804+0300][350.044s][info][gc,stats    ]    Subphase: Concurrent Roots Teardown                     0.000 / 0.000         0.000 / 0.000         0.000 / 0.000         0.000 / 0.000       ms
[2021-02-07T18:34:34.804+0300][350.044s][info][gc,stats    ]    Subphase: Concurrent Roots VMHandles                    0.000 / 0.000         0.002 / 0.003         0.002 / 0.003         0.002 / 0.003       ms
[2021-02-07T18:34:34.804+0300][350.044s][info][gc,stats    ]    Subphase: Concurrent Weak Roots                         0.000 / 0.000         0.175 / 0.414         0.175 / 0.414         0.175 / 0.414       ms
[2021-02-07T18:34:34.804+0300][350.044s][info][gc,stats    ]    Subphase: Concurrent Weak Roots JNIWeakHandles          0.000 / 0.000         0.000 / 0.000         0.000 / 0.000         0.000 / 0.000       ms
[2021-02-07T18:34:34.804+0300][350.044s][info][gc,stats    ]    Subphase: Concurrent Weak Roots ResolvedMethodTable     0.000 / 0.000         0.015 / 0.028         0.015 / 0.028         0.015 / 0.028       ms
[2021-02-07T18:34:34.804+0300][350.044s][info][gc,stats    ]    Subphase: Concurrent Weak Roots StringTable             0.000 / 0.000         0.155 / 0.383         0.155 / 0.383         0.155 / 0.383       ms
[2021-02-07T18:34:34.804+0300][350.044s][info][gc,stats    ]    Subphase: Concurrent Weak Roots VMWeakHandles           0.000 / 0.000         0.005 / 0.010         0.005 / 0.010         0.005 / 0.010       ms
[2021-02-07T18:34:34.804+0300][350.044s][info][gc,stats    ]    Subphase: Pause Mark Try Complete                       0.000 / 0.000         0.084 / 0.189         0.084 / 0.189         0.084 / 0.189       ms
[2021-02-07T18:34:34.804+0300][350.044s][info][gc,stats    ]    Subphase: Pause Roots                                   0.000 / 0.000         0.049 / 0.408         0.049 / 0.408         0.049 / 0.408       ms
[2021-02-07T18:34:34.804+0300][350.044s][info][gc,stats    ]    Subphase: Pause Roots CodeCache                         0.000 / 0.000         0.000 / 0.000         0.000 / 0.000         0.000 / 0.000       ms
[2021-02-07T18:34:34.804+0300][350.044s][info][gc,stats    ]    Subphase: Pause Roots JVMTIExport                       0.000 / 0.000         0.000 / 0.002         0.000 / 0.002         0.000 / 0.002       ms
[2021-02-07T18:34:34.804+0300][350.044s][info][gc,stats    ]    Subphase: Pause Roots JVMTIWeakExport                   0.000 / 0.000         0.000 / 0.001         0.000 / 0.001         0.000 / 0.001       ms
[2021-02-07T18:34:34.804+0300][350.044s][info][gc,stats    ]    Subphase: Pause Roots Java Threads                      0.000 / 0.000         0.044 / 0.404         0.044 / 0.404         0.044 / 0.404       ms
[2021-02-07T18:34:34.804+0300][350.044s][info][gc,stats    ]    Subphase: Pause Roots Management                        0.000 / 0.000         0.008 / 0.033         0.008 / 0.033         0.008 / 0.033       ms
[2021-02-07T18:34:34.804+0300][350.044s][info][gc,stats    ]    Subphase: Pause Roots ObjectSynchronizer                0.000 / 0.000         0.000 / 0.004         0.000 / 0.004         0.000 / 0.004       ms
[2021-02-07T18:34:34.804+0300][350.044s][info][gc,stats    ]    Subphase: Pause Roots Setup                             0.000 / 0.000         0.000 / 0.001         0.000 / 0.001         0.000 / 0.001       ms
[2021-02-07T18:34:34.804+0300][350.044s][info][gc,stats    ]    Subphase: Pause Roots Teardown                          0.000 / 0.000         0.001 / 0.002         0.001 / 0.002         0.001 / 0.002       ms
[2021-02-07T18:34:34.804+0300][350.044s][info][gc,stats    ]    Subphase: Pause Roots Universe                          0.000 / 0.000         0.002 / 0.027         0.002 / 0.027         0.002 / 0.027       ms
[2021-02-07T18:34:34.804+0300][350.044s][info][gc,stats    ]    Subphase: Pause Roots VM Thread                         0.000 / 0.000         0.001 / 0.010         0.001 / 0.010         0.001 / 0.010       ms
[2021-02-07T18:34:34.804+0300][350.044s][info][gc,stats    ]    Subphase: Pause Weak Roots                              0.000 / 0.000         0.002 / 0.014         0.002 / 0.014         0.002 / 0.014       ms
[2021-02-07T18:34:34.804+0300][350.044s][info][gc,stats    ]    Subphase: Pause Weak Roots JFRWeak                      0.000 / 0.000         0.001 / 0.013         0.001 / 0.013         0.001 / 0.013       ms
[2021-02-07T18:34:34.804+0300][350.044s][info][gc,stats    ]    Subphase: Pause Weak Roots JVMTIWeakExport              0.000 / 0.000         0.001 / 0.013         0.001 / 0.013         0.001 / 0.013       ms
[2021-02-07T18:34:34.804+0300][350.044s][info][gc,stats    ]    Subphase: Pause Weak Roots Setup                        0.000 / 0.000         0.000 / 0.000         0.000 / 0.000         0.000 / 0.000       ms
[2021-02-07T18:34:34.805+0300][350.044s][info][gc,stats    ]    Subphase: Pause Weak Roots Teardown                     0.000 / 0.000         0.000 / 0.000         0.000 / 0.000         0.000 / 0.000       ms
[2021-02-07T18:34:34.805+0300][350.044s][info][gc,stats    ]      System: Java Threads                                      0 / 0                12 / 16               12 / 16               12 / 16          threads
[2021-02-07T18:34:34.805+0300][350.044s][info][gc,stats    ] =========================================================================================================================================================
[2021-02-07T18:34:44.804+0300][360.044s][info][gc,stats    ] === Garbage Collection Statistics =======================================================================================================================
[2021-02-07T18:34:44.804+0300][360.044s][info][gc,stats    ]                                                              Last 10s              Last 10m              Last 10h                Total
[2021-02-07T18:34:44.804+0300][360.044s][info][gc,stats    ]                                                              Avg / Max             Avg / Max             Avg / Max             Avg / Max
[2021-02-07T18:34:44.804+0300][360.044s][info][gc,stats    ]   Collector: Garbage Collection Cycle                      0.000 / 0.000       127.365 / 276.799     127.365 / 276.799     127.365 / 276.799     ms
[2021-02-07T18:34:44.804+0300][360.044s][info][gc,stats    ]  Contention: Mark Segment Reset Contention                     0 / 0                 0 / 0                 0 / 0                 0 / 0           ops/s
[2021-02-07T18:34:44.804+0300][360.044s][info][gc,stats    ]  Contention: Mark SeqNum Reset Contention                      0 / 0                 0 / 0                 0 / 0                 0 / 0           ops/s
[2021-02-07T18:34:44.804+0300][360.044s][info][gc,stats    ]  Contention: Relocation Contention                             0 / 0                 0 / 167               0 / 167               0 / 167         ops/s
[2021-02-07T18:34:44.804+0300][360.044s][info][gc,stats    ]    Critical: Allocation Stall                              0.000 / 0.000         0.000 / 0.000         0.000 / 0.000         0.000 / 0.000       ms
[2021-02-07T18:34:44.804+0300][360.044s][info][gc,stats    ]    Critical: Allocation Stall                                  0 / 0                 0 / 0                 0 / 0                 0 / 0           ops/s
[2021-02-07T18:34:44.804+0300][360.044s][info][gc,stats    ]    Critical: GC Locker Stall                               0.000 / 0.000         0.000 / 0.000         0.000 / 0.000         0.000 / 0.000       ms
[2021-02-07T18:34:44.804+0300][360.044s][info][gc,stats    ]    Critical: GC Locker Stall                                   0 / 0                 0 / 0                 0 / 0                 0 / 0           ops/s
[2021-02-07T18:34:44.804+0300][360.044s][info][gc,stats    ]      Memory: Allocation Rate                                   0 / 0                 2 / 304               2 / 304               2 / 304         MB/s
[2021-02-07T18:34:44.804+0300][360.044s][info][gc,stats    ]      Memory: Heap Used After Mark                              0 / 0                88 / 200              88 / 200              88 / 200         MB
[2021-02-07T18:34:44.804+0300][360.044s][info][gc,stats    ]      Memory: Heap Used After Relocation                        0 / 0                77 / 174              77 / 174              77 / 174         MB
[2021-02-07T18:34:44.804+0300][360.044s][info][gc,stats    ]      Memory: Heap Used Before Mark                             0 / 0                87 / 200              87 / 200              87 / 200         MB
[2021-02-07T18:34:44.804+0300][360.044s][info][gc,stats    ]      Memory: Heap Used Before Relocation                       0 / 0                86 / 196              86 / 196              86 / 196         MB
[2021-02-07T18:34:44.804+0300][360.044s][info][gc,stats    ]      Memory: Out Of Memory                                     0 / 0                 0 / 0                 0 / 0                 0 / 0           ops/s
[2021-02-07T18:34:44.804+0300][360.044s][info][gc,stats    ]      Memory: Page Cache Flush                                  0 / 0                 0 / 0                 0 / 0                 0 / 0           MB/s
[2021-02-07T18:34:44.804+0300][360.044s][info][gc,stats    ]      Memory: Page Cache Hit L1                                 0 / 0                 0 / 21                0 / 21                0 / 21          ops/s
[2021-02-07T18:34:44.804+0300][360.044s][info][gc,stats    ]      Memory: Page Cache Hit L2                                 0 / 0                 0 / 0                 0 / 0                 0 / 0           ops/s
[2021-02-07T18:34:44.804+0300][360.044s][info][gc,stats    ]      Memory: Page Cache Hit L3                                 0 / 0                 0 / 16                0 / 16                0 / 16          ops/s
[2021-02-07T18:34:44.804+0300][360.044s][info][gc,stats    ]      Memory: Page Cache Miss                                   0 / 0                 0 / 0                 0 / 0                 0 / 0           ops/s
[2021-02-07T18:34:44.804+0300][360.044s][info][gc,stats    ]      Memory: Uncommit                                          0 / 0                 0 / 0                 0 / 0                 0 / 0           MB/s
[2021-02-07T18:34:44.804+0300][360.044s][info][gc,stats    ]      Memory: Undo Object Allocation Failed                     0 / 0                 0 / 0                 0 / 0                 0 / 0           ops/s
[2021-02-07T18:34:44.804+0300][360.044s][info][gc,stats    ]      Memory: Undo Object Allocation Succeeded                  0 / 0                 0 / 167               0 / 167               0 / 167         ops/s
[2021-02-07T18:34:44.804+0300][360.044s][info][gc,stats    ]      Memory: Undo Page Allocation                              0 / 0                 0 / 0                 0 / 0                 0 / 0           ops/s
[2021-02-07T18:34:44.804+0300][360.044s][info][gc,stats    ]       Phase: Concurrent Mark                               0.000 / 0.000       110.615 / 252.473     110.615 / 252.473     110.615 / 252.473     ms
[2021-02-07T18:34:44.804+0300][360.044s][info][gc,stats    ]       Phase: Concurrent Mark Continue                      0.000 / 0.000         0.000 / 0.000         0.000 / 0.000         0.000 / 0.000       ms
[2021-02-07T18:34:44.804+0300][360.044s][info][gc,stats    ]       Phase: Concurrent Process Non-Strong References      0.000 / 0.000         1.636 / 3.887         1.636 / 3.887         1.636 / 3.887       ms
[2021-02-07T18:34:44.804+0300][360.044s][info][gc,stats    ]       Phase: Concurrent Relocate                           0.000 / 0.000         9.537 / 19.942        9.537 / 19.942        9.537 / 19.942      ms
[2021-02-07T18:34:44.804+0300][360.044s][info][gc,stats    ]       Phase: Concurrent Reset Relocation Set               0.000 / 0.000         0.328 / 0.806         0.328 / 0.806         0.328 / 0.806       ms
[2021-02-07T18:34:44.804+0300][360.044s][info][gc,stats    ]       Phase: Concurrent Select Relocation Set              0.000 / 0.000         3.320 / 7.297         3.320 / 7.297         3.320 / 7.297       ms
[2021-02-07T18:34:44.804+0300][360.044s][info][gc,stats    ]       Phase: Pause Mark End                                0.000 / 0.000         0.256 / 0.367         0.256 / 0.367         0.256 / 0.367       ms
[2021-02-07T18:34:44.804+0300][360.044s][info][gc,stats    ]       Phase: Pause Mark Start                              0.000 / 0.000         0.111 / 0.463         0.111 / 0.463         0.111 / 0.463       ms
[2021-02-07T18:34:44.804+0300][360.044s][info][gc,stats    ]       Phase: Pause Relocate Start                          0.000 / 0.000         0.131 / 0.287         0.131 / 0.287         0.131 / 0.287       ms
[2021-02-07T18:34:44.804+0300][360.044s][info][gc,stats    ]    Subphase: Concurrent Classes Purge                      0.000 / 0.000         0.108 / 0.244         0.108 / 0.244         0.108 / 0.244       ms
[2021-02-07T18:34:44.804+0300][360.044s][info][gc,stats    ]    Subphase: Concurrent Classes Unlink                     0.000 / 0.000         0.942 / 2.750         0.942 / 2.750         0.942 / 2.750       ms
[2021-02-07T18:34:44.804+0300][360.044s][info][gc,stats    ]    Subphase: Concurrent Mark                               0.000 / 0.000       110.414 / 252.286     110.414 / 252.286     110.414 / 252.286     ms
[2021-02-07T18:34:44.804+0300][360.044s][info][gc,stats    ]    Subphase: Concurrent Mark Idle                          0.000 / 0.000         0.000 / 0.000         0.000 / 0.000         0.000 / 0.000       ms
[2021-02-07T18:34:44.804+0300][360.044s][info][gc,stats    ]    Subphase: Concurrent Mark Try Flush                     0.000 / 0.000         0.280 / 0.740         0.280 / 0.740         0.280 / 0.740       ms
[2021-02-07T18:34:44.804+0300][360.044s][info][gc,stats    ]    Subphase: Concurrent Mark Try Terminate                 0.000 / 0.000         0.148 / 0.717         0.148 / 0.717         0.148 / 0.717       ms
[2021-02-07T18:34:44.804+0300][360.045s][info][gc,stats    ]    Subphase: Concurrent References Enqueue                 0.000 / 0.000         0.001 / 0.004         0.001 / 0.004         0.001 / 0.004       ms
[2021-02-07T18:34:44.804+0300][360.045s][info][gc,stats    ]    Subphase: Concurrent References Process                 0.000 / 0.000         0.107 / 0.211         0.107 / 0.211         0.107 / 0.211       ms
[2021-02-07T18:34:44.804+0300][360.045s][info][gc,stats    ]    Subphase: Concurrent Roots                              0.000 / 0.000         0.057 / 0.114         0.057 / 0.114         0.057 / 0.114       ms
[2021-02-07T18:34:44.804+0300][360.045s][info][gc,stats    ]    Subphase: Concurrent Roots ClassLoaderDataGraph         0.000 / 0.000         0.052 / 0.107         0.052 / 0.107         0.052 / 0.107       ms
[2021-02-07T18:34:44.804+0300][360.045s][info][gc,stats    ]    Subphase: Concurrent Roots JNIHandles                   0.000 / 0.000         0.002 / 0.004         0.002 / 0.004         0.002 / 0.004       ms
[2021-02-07T18:34:44.804+0300][360.045s][info][gc,stats    ]    Subphase: Concurrent Roots Setup                        0.000 / 0.000         0.004 / 0.009         0.004 / 0.009         0.004 / 0.009       ms
[2021-02-07T18:34:44.804+0300][360.045s][info][gc,stats    ]    Subphase: Concurrent Roots Teardown                     0.000 / 0.000         0.000 / 0.000         0.000 / 0.000         0.000 / 0.000       ms
[2021-02-07T18:34:44.804+0300][360.045s][info][gc,stats    ]    Subphase: Concurrent Roots VMHandles                    0.000 / 0.000         0.002 / 0.003         0.002 / 0.003         0.002 / 0.003       ms
[2021-02-07T18:34:44.804+0300][360.045s][info][gc,stats    ]    Subphase: Concurrent Weak Roots                         0.000 / 0.000         0.175 / 0.414         0.175 / 0.414         0.175 / 0.414       ms
[2021-02-07T18:34:44.804+0300][360.045s][info][gc,stats    ]    Subphase: Concurrent Weak Roots JNIWeakHandles          0.000 / 0.000         0.000 / 0.000         0.000 / 0.000         0.000 / 0.000       ms
[2021-02-07T18:34:44.804+0300][360.045s][info][gc,stats    ]    Subphase: Concurrent Weak Roots ResolvedMethodTable     0.000 / 0.000         0.015 / 0.028         0.015 / 0.028         0.015 / 0.028       ms
[2021-02-07T18:34:44.804+0300][360.045s][info][gc,stats    ]    Subphase: Concurrent Weak Roots StringTable             0.000 / 0.000         0.155 / 0.383         0.155 / 0.383         0.155 / 0.383       ms
[2021-02-07T18:34:44.804+0300][360.045s][info][gc,stats    ]    Subphase: Concurrent Weak Roots VMWeakHandles           0.000 / 0.000         0.005 / 0.010         0.005 / 0.010         0.005 / 0.010       ms
[2021-02-07T18:34:44.804+0300][360.045s][info][gc,stats    ]    Subphase: Pause Mark Try Complete                       0.000 / 0.000         0.084 / 0.189         0.084 / 0.189         0.084 / 0.189       ms
[2021-02-07T18:34:44.804+0300][360.045s][info][gc,stats    ]    Subphase: Pause Roots                                   0.000 / 0.000         0.049 / 0.408         0.049 / 0.408         0.049 / 0.408       ms
[2021-02-07T18:34:44.804+0300][360.045s][info][gc,stats    ]    Subphase: Pause Roots CodeCache                         0.000 / 0.000         0.000 / 0.000         0.000 / 0.000         0.000 / 0.000       ms
[2021-02-07T18:34:44.804+0300][360.045s][info][gc,stats    ]    Subphase: Pause Roots JVMTIExport                       0.000 / 0.000         0.000 / 0.002         0.000 / 0.002         0.000 / 0.002       ms
[2021-02-07T18:34:44.804+0300][360.045s][info][gc,stats    ]    Subphase: Pause Roots JVMTIWeakExport                   0.000 / 0.000         0.000 / 0.001         0.000 / 0.001         0.000 / 0.001       ms
[2021-02-07T18:34:44.804+0300][360.045s][info][gc,stats    ]    Subphase: Pause Roots Java Threads                      0.000 / 0.000         0.044 / 0.404         0.044 / 0.404         0.044 / 0.404       ms
[2021-02-07T18:34:44.804+0300][360.045s][info][gc,stats    ]    Subphase: Pause Roots Management                        0.000 / 0.000         0.008 / 0.033         0.008 / 0.033         0.008 / 0.033       ms
[2021-02-07T18:34:44.804+0300][360.045s][info][gc,stats    ]    Subphase: Pause Roots ObjectSynchronizer                0.000 / 0.000         0.000 / 0.004         0.000 / 0.004         0.000 / 0.004       ms
[2021-02-07T18:34:44.804+0300][360.045s][info][gc,stats    ]    Subphase: Pause Roots Setup                             0.000 / 0.000         0.000 / 0.001         0.000 / 0.001         0.000 / 0.001       ms
[2021-02-07T18:34:44.804+0300][360.045s][info][gc,stats    ]    Subphase: Pause Roots Teardown                          0.000 / 0.000         0.001 / 0.002         0.001 / 0.002         0.001 / 0.002       ms
[2021-02-07T18:34:44.804+0300][360.045s][info][gc,stats    ]    Subphase: Pause Roots Universe                          0.000 / 0.000         0.002 / 0.027         0.002 / 0.027         0.002 / 0.027       ms
[2021-02-07T18:34:44.804+0300][360.045s][info][gc,stats    ]    Subphase: Pause Roots VM Thread                         0.000 / 0.000         0.001 / 0.010         0.001 / 0.010         0.001 / 0.010       ms
[2021-02-07T18:34:44.804+0300][360.045s][info][gc,stats    ]    Subphase: Pause Weak Roots                              0.000 / 0.000         0.002 / 0.014         0.002 / 0.014         0.002 / 0.014       ms
[2021-02-07T18:34:44.804+0300][360.045s][info][gc,stats    ]    Subphase: Pause Weak Roots JFRWeak                      0.000 / 0.000         0.001 / 0.013         0.001 / 0.013         0.001 / 0.013       ms
[2021-02-07T18:34:44.804+0300][360.045s][info][gc,stats    ]    Subphase: Pause Weak Roots JVMTIWeakExport              0.000 / 0.000         0.001 / 0.013         0.001 / 0.013         0.001 / 0.013       ms
[2021-02-07T18:34:44.804+0300][360.045s][info][gc,stats    ]    Subphase: Pause Weak Roots Setup                        0.000 / 0.000         0.000 / 0.000         0.000 / 0.000         0.000 / 0.000       ms
[2021-02-07T18:34:44.805+0300][360.045s][info][gc,stats    ]    Subphase: Pause Weak Roots Teardown                     0.000 / 0.000         0.000 / 0.000         0.000 / 0.000         0.000 / 0.000       ms
[2021-02-07T18:34:44.805+0300][360.045s][info][gc,stats    ]      System: Java Threads                                      0 / 0                12 / 16               12 / 16               12 / 16          threads
[2021-02-07T18:34:44.805+0300][360.045s][info][gc,stats    ] =========================================================================================================================================================
[2021-02-07T18:34:54.804+0300][370.043s][info][gc,stats    ] === Garbage Collection Statistics =======================================================================================================================
[2021-02-07T18:34:54.804+0300][370.043s][info][gc,stats    ]                                                              Last 10s              Last 10m              Last 10h                Total
[2021-02-07T18:34:54.804+0300][370.043s][info][gc,stats    ]                                                              Avg / Max             Avg / Max             Avg / Max             Avg / Max
[2021-02-07T18:34:54.804+0300][370.043s][info][gc,stats    ]   Collector: Garbage Collection Cycle                      0.000 / 0.000       127.365 / 276.799     127.365 / 276.799     127.365 / 276.799     ms
[2021-02-07T18:34:54.804+0300][370.043s][info][gc,stats    ]  Contention: Mark Segment Reset Contention                     0 / 0                 0 / 0                 0 / 0                 0 / 0           ops/s
[2021-02-07T18:34:54.804+0300][370.043s][info][gc,stats    ]  Contention: Mark SeqNum Reset Contention                      0 / 0                 0 / 0                 0 / 0                 0 / 0           ops/s
[2021-02-07T18:34:54.804+0300][370.043s][info][gc,stats    ]  Contention: Relocation Contention                             0 / 0                 0 / 167               0 / 167               0 / 167         ops/s
[2021-02-07T18:34:54.804+0300][370.043s][info][gc,stats    ]    Critical: Allocation Stall                              0.000 / 0.000         0.000 / 0.000         0.000 / 0.000         0.000 / 0.000       ms
[2021-02-07T18:34:54.804+0300][370.043s][info][gc,stats    ]    Critical: Allocation Stall                                  0 / 0                 0 / 0                 0 / 0                 0 / 0           ops/s
[2021-02-07T18:34:54.804+0300][370.043s][info][gc,stats    ]    Critical: GC Locker Stall                               0.000 / 0.000         0.000 / 0.000         0.000 / 0.000         0.000 / 0.000       ms
[2021-02-07T18:34:54.804+0300][370.043s][info][gc,stats    ]    Critical: GC Locker Stall                                   0 / 0                 0 / 0                 0 / 0                 0 / 0           ops/s
[2021-02-07T18:34:54.804+0300][370.043s][info][gc,stats    ]      Memory: Allocation Rate                                   0 / 2                 1 / 304               1 / 304               1 / 304         MB/s
[2021-02-07T18:34:54.804+0300][370.043s][info][gc,stats    ]      Memory: Heap Used After Mark                              0 / 0                88 / 200              88 / 200              88 / 200         MB
[2021-02-07T18:34:54.804+0300][370.043s][info][gc,stats    ]      Memory: Heap Used After Relocation                        0 / 0                77 / 174              77 / 174              77 / 174         MB
[2021-02-07T18:34:54.804+0300][370.043s][info][gc,stats    ]      Memory: Heap Used Before Mark                             0 / 0                87 / 200              87 / 200              87 / 200         MB
[2021-02-07T18:34:54.804+0300][370.043s][info][gc,stats    ]      Memory: Heap Used Before Relocation                       0 / 0                86 / 196              86 / 196              86 / 196         MB
[2021-02-07T18:34:54.804+0300][370.043s][info][gc,stats    ]      Memory: Out Of Memory                                     0 / 0                 0 / 0                 0 / 0                 0 / 0           ops/s
[2021-02-07T18:34:54.804+0300][370.043s][info][gc,stats    ]      Memory: Page Cache Flush                                  0 / 0                 0 / 0                 0 / 0                 0 / 0           MB/s
[2021-02-07T18:34:54.804+0300][370.043s][info][gc,stats    ]      Memory: Page Cache Hit L1                                 0 / 0                 0 / 21                0 / 21                0 / 21          ops/s
[2021-02-07T18:34:54.804+0300][370.043s][info][gc,stats    ]      Memory: Page Cache Hit L2                                 0 / 0                 0 / 0                 0 / 0                 0 / 0           ops/s
[2021-02-07T18:34:54.804+0300][370.043s][info][gc,stats    ]      Memory: Page Cache Hit L3                                 0 / 1                 0 / 16                0 / 16                0 / 16          ops/s
[2021-02-07T18:34:54.804+0300][370.043s][info][gc,stats    ]      Memory: Page Cache Miss                                   0 / 0                 0 / 0                 0 / 0                 0 / 0           ops/s
[2021-02-07T18:34:54.804+0300][370.043s][info][gc,stats    ]      Memory: Uncommit                                          0 / 0                 0 / 0                 0 / 0                 0 / 0           MB/s
[2021-02-07T18:34:54.804+0300][370.043s][info][gc,stats    ]      Memory: Undo Object Allocation Failed                     0 / 0                 0 / 0                 0 / 0                 0 / 0           ops/s
[2021-02-07T18:34:54.804+0300][370.043s][info][gc,stats    ]      Memory: Undo Object Allocation Succeeded                  0 / 0                 0 / 167               0 / 167               0 / 167         ops/s
[2021-02-07T18:34:54.804+0300][370.043s][info][gc,stats    ]      Memory: Undo Page Allocation                              0 / 0                 0 / 0                 0 / 0                 0 / 0           ops/s
[2021-02-07T18:34:54.804+0300][370.043s][info][gc,stats    ]       Phase: Concurrent Mark                               0.000 / 0.000       110.615 / 252.473     110.615 / 252.473     110.615 / 252.473     ms
[2021-02-07T18:34:54.804+0300][370.043s][info][gc,stats    ]       Phase: Concurrent Mark Continue                      0.000 / 0.000         0.000 / 0.000         0.000 / 0.000         0.000 / 0.000       ms
[2021-02-07T18:34:54.804+0300][370.044s][info][gc,stats    ]       Phase: Concurrent Process Non-Strong References      0.000 / 0.000         1.636 / 3.887         1.636 / 3.887         1.636 / 3.887       ms
[2021-02-07T18:34:54.804+0300][370.044s][info][gc,stats    ]       Phase: Concurrent Relocate                           0.000 / 0.000         9.537 / 19.942        9.537 / 19.942        9.537 / 19.942      ms
[2021-02-07T18:34:54.804+0300][370.044s][info][gc,stats    ]       Phase: Concurrent Reset Relocation Set               0.000 / 0.000         0.328 / 0.806         0.328 / 0.806         0.328 / 0.806       ms
[2021-02-07T18:34:54.804+0300][370.044s][info][gc,stats    ]       Phase: Concurrent Select Relocation Set              0.000 / 0.000         3.320 / 7.297         3.320 / 7.297         3.320 / 7.297       ms
[2021-02-07T18:34:54.804+0300][370.044s][info][gc,stats    ]       Phase: Pause Mark End                                0.000 / 0.000         0.256 / 0.367         0.256 / 0.367         0.256 / 0.367       ms
[2021-02-07T18:34:54.804+0300][370.044s][info][gc,stats    ]       Phase: Pause Mark Start                              0.000 / 0.000         0.111 / 0.463         0.111 / 0.463         0.111 / 0.463       ms
[2021-02-07T18:34:54.804+0300][370.044s][info][gc,stats    ]       Phase: Pause Relocate Start                          0.000 / 0.000         0.131 / 0.287         0.131 / 0.287         0.131 / 0.287       ms
[2021-02-07T18:34:54.804+0300][370.044s][info][gc,stats    ]    Subphase: Concurrent Classes Purge                      0.000 / 0.000         0.108 / 0.244         0.108 / 0.244         0.108 / 0.244       ms
[2021-02-07T18:34:54.804+0300][370.044s][info][gc,stats    ]    Subphase: Concurrent Classes Unlink                     0.000 / 0.000         0.942 / 2.750         0.942 / 2.750         0.942 / 2.750       ms
[2021-02-07T18:34:54.804+0300][370.044s][info][gc,stats    ]    Subphase: Concurrent Mark                               0.000 / 0.000       110.414 / 252.286     110.414 / 252.286     110.414 / 252.286     ms
[2021-02-07T18:34:54.804+0300][370.044s][info][gc,stats    ]    Subphase: Concurrent Mark Idle                          0.000 / 0.000         0.000 / 0.000         0.000 / 0.000         0.000 / 0.000       ms
[2021-02-07T18:34:54.804+0300][370.044s][info][gc,stats    ]    Subphase: Concurrent Mark Try Flush                     0.000 / 0.000         0.280 / 0.740         0.280 / 0.740         0.280 / 0.740       ms
[2021-02-07T18:34:54.804+0300][370.044s][info][gc,stats    ]    Subphase: Concurrent Mark Try Terminate                 0.000 / 0.000         0.148 / 0.717         0.148 / 0.717         0.148 / 0.717       ms
[2021-02-07T18:34:54.804+0300][370.044s][info][gc,stats    ]    Subphase: Concurrent References Enqueue                 0.000 / 0.000         0.001 / 0.004         0.001 / 0.004         0.001 / 0.004       ms
[2021-02-07T18:34:54.804+0300][370.044s][info][gc,stats    ]    Subphase: Concurrent References Process                 0.000 / 0.000         0.107 / 0.211         0.107 / 0.211         0.107 / 0.211       ms
[2021-02-07T18:34:54.804+0300][370.044s][info][gc,stats    ]    Subphase: Concurrent Roots                              0.000 / 0.000         0.057 / 0.114         0.057 / 0.114         0.057 / 0.114       ms
[2021-02-07T18:34:54.804+0300][370.044s][info][gc,stats    ]    Subphase: Concurrent Roots ClassLoaderDataGraph         0.000 / 0.000         0.052 / 0.107         0.052 / 0.107         0.052 / 0.107       ms
[2021-02-07T18:34:54.804+0300][370.044s][info][gc,stats    ]    Subphase: Concurrent Roots JNIHandles                   0.000 / 0.000         0.002 / 0.004         0.002 / 0.004         0.002 / 0.004       ms
[2021-02-07T18:34:54.804+0300][370.044s][info][gc,stats    ]    Subphase: Concurrent Roots Setup                        0.000 / 0.000         0.004 / 0.009         0.004 / 0.009         0.004 / 0.009       ms
[2021-02-07T18:34:54.804+0300][370.044s][info][gc,stats    ]    Subphase: Concurrent Roots Teardown                     0.000 / 0.000         0.000 / 0.000         0.000 / 0.000         0.000 / 0.000       ms
[2021-02-07T18:34:54.804+0300][370.044s][info][gc,stats    ]    Subphase: Concurrent Roots VMHandles                    0.000 / 0.000         0.002 / 0.003         0.002 / 0.003         0.002 / 0.003       ms
[2021-02-07T18:34:54.804+0300][370.044s][info][gc,stats    ]    Subphase: Concurrent Weak Roots                         0.000 / 0.000         0.175 / 0.414         0.175 / 0.414         0.175 / 0.414       ms
[2021-02-07T18:34:54.804+0300][370.044s][info][gc,stats    ]    Subphase: Concurrent Weak Roots JNIWeakHandles          0.000 / 0.000         0.000 / 0.000         0.000 / 0.000         0.000 / 0.000       ms
[2021-02-07T18:34:54.804+0300][370.044s][info][gc,stats    ]    Subphase: Concurrent Weak Roots ResolvedMethodTable     0.000 / 0.000         0.015 / 0.028         0.015 / 0.028         0.015 / 0.028       ms
[2021-02-07T18:34:54.804+0300][370.044s][info][gc,stats    ]    Subphase: Concurrent Weak Roots StringTable             0.000 / 0.000         0.155 / 0.383         0.155 / 0.383         0.155 / 0.383       ms
[2021-02-07T18:34:54.804+0300][370.044s][info][gc,stats    ]    Subphase: Concurrent Weak Roots VMWeakHandles           0.000 / 0.000         0.005 / 0.010         0.005 / 0.010         0.005 / 0.010       ms
[2021-02-07T18:34:54.804+0300][370.044s][info][gc,stats    ]    Subphase: Pause Mark Try Complete                       0.000 / 0.000         0.084 / 0.189         0.084 / 0.189         0.084 / 0.189       ms
[2021-02-07T18:34:54.804+0300][370.044s][info][gc,stats    ]    Subphase: Pause Roots                                   0.000 / 0.000         0.049 / 0.408         0.049 / 0.408         0.049 / 0.408       ms
[2021-02-07T18:34:54.804+0300][370.044s][info][gc,stats    ]    Subphase: Pause Roots CodeCache                         0.000 / 0.000         0.000 / 0.000         0.000 / 0.000         0.000 / 0.000       ms
[2021-02-07T18:34:54.804+0300][370.044s][info][gc,stats    ]    Subphase: Pause Roots JVMTIExport                       0.000 / 0.000         0.000 / 0.002         0.000 / 0.002         0.000 / 0.002       ms
[2021-02-07T18:34:54.804+0300][370.044s][info][gc,stats    ]    Subphase: Pause Roots JVMTIWeakExport                   0.000 / 0.000         0.000 / 0.001         0.000 / 0.001         0.000 / 0.001       ms
[2021-02-07T18:34:54.804+0300][370.044s][info][gc,stats    ]    Subphase: Pause Roots Java Threads                      0.000 / 0.000         0.044 / 0.404         0.044 / 0.404         0.044 / 0.404       ms
[2021-02-07T18:34:54.804+0300][370.044s][info][gc,stats    ]    Subphase: Pause Roots Management                        0.000 / 0.000         0.008 / 0.033         0.008 / 0.033         0.008 / 0.033       ms
[2021-02-07T18:34:54.804+0300][370.044s][info][gc,stats    ]    Subphase: Pause Roots ObjectSynchronizer                0.000 / 0.000         0.000 / 0.004         0.000 / 0.004         0.000 / 0.004       ms
[2021-02-07T18:34:54.804+0300][370.044s][info][gc,stats    ]    Subphase: Pause Roots Setup                             0.000 / 0.000         0.000 / 0.001         0.000 / 0.001         0.000 / 0.001       ms
[2021-02-07T18:34:54.804+0300][370.044s][info][gc,stats    ]    Subphase: Pause Roots Teardown                          0.000 / 0.000         0.001 / 0.002         0.001 / 0.002         0.001 / 0.002       ms
[2021-02-07T18:34:54.804+0300][370.044s][info][gc,stats    ]    Subphase: Pause Roots Universe                          0.000 / 0.000         0.002 / 0.027         0.002 / 0.027         0.002 / 0.027       ms
[2021-02-07T18:34:54.804+0300][370.044s][info][gc,stats    ]    Subphase: Pause Roots VM Thread                         0.000 / 0.000         0.001 / 0.010         0.001 / 0.010         0.001 / 0.010       ms
[2021-02-07T18:34:54.804+0300][370.044s][info][gc,stats    ]    Subphase: Pause Weak Roots                              0.000 / 0.000         0.002 / 0.014         0.002 / 0.014         0.002 / 0.014       ms
[2021-02-07T18:34:54.804+0300][370.044s][info][gc,stats    ]    Subphase: Pause Weak Roots JFRWeak                      0.000 / 0.000         0.001 / 0.013         0.001 / 0.013         0.001 / 0.013       ms
[2021-02-07T18:34:54.804+0300][370.044s][info][gc,stats    ]    Subphase: Pause Weak Roots JVMTIWeakExport              0.000 / 0.000         0.001 / 0.013         0.001 / 0.013         0.001 / 0.013       ms
[2021-02-07T18:34:54.804+0300][370.044s][info][gc,stats    ]    Subphase: Pause Weak Roots Setup                        0.000 / 0.000         0.000 / 0.000         0.000 / 0.000         0.000 / 0.000       ms
[2021-02-07T18:34:54.804+0300][370.044s][info][gc,stats    ]    Subphase: Pause Weak Roots Teardown                     0.000 / 0.000         0.000 / 0.000         0.000 / 0.000         0.000 / 0.000       ms
[2021-02-07T18:34:54.804+0300][370.044s][info][gc,stats    ]      System: Java Threads                                      0 / 0                12 / 16               12 / 16               12 / 16          threads
[2021-02-07T18:34:54.804+0300][370.044s][info][gc,stats    ] =========================================================================================================================================================
[2021-02-07T18:34:59.515+0300][374.754s][info][gc,start    ] GC(19) Garbage Collection (Proactive)
[2021-02-07T18:34:59.515+0300][374.755s][info][gc,phases   ] GC(19) Pause Mark Start 0.103ms
[2021-02-07T18:34:59.808+0300][375.048s][info][gc,phases   ] GC(19) Concurrent Mark 292.581ms
[2021-02-07T18:34:59.809+0300][375.049s][info][gc,phases   ] GC(19) Pause Mark End 0.204ms
[2021-02-07T18:34:59.812+0300][375.052s][info][gc,phases   ] GC(19) Concurrent Process Non-Strong References 2.868ms
[2021-02-07T18:34:59.813+0300][375.052s][info][gc,phases   ] GC(19) Concurrent Reset Relocation Set 0.570ms
[2021-02-07T18:34:59.817+0300][375.057s][info][gc,phases   ] GC(19) Concurrent Select Relocation Set 4.048ms
[2021-02-07T18:34:59.817+0300][375.057s][info][gc,phases   ] GC(19) Pause Relocate Start 0.172ms
[2021-02-07T18:34:59.838+0300][375.078s][info][gc,phases   ] GC(19) Concurrent Relocate 20.674ms
[2021-02-07T18:34:59.838+0300][375.078s][info][gc,load     ] GC(19) Load: 0.00/0.00/0.00
[2021-02-07T18:34:59.838+0300][375.078s][info][gc,mmu      ] GC(19) MMU: 2ms/76.9%, 5ms/90.7%, 10ms/95.0%, 20ms/97.5%, 50ms/98.9%, 100ms/99.0%
[2021-02-07T18:34:59.838+0300][375.078s][info][gc,marking  ] GC(19) Mark: 1 stripe(s), 2 proactive flush(es), 1 terminate flush(es), 1 completion(s), 0 continuation(s)
[2021-02-07T18:34:59.838+0300][375.078s][info][gc,nmethod  ] GC(19) NMethods: 1790 registered, 0 unregistered
[2021-02-07T18:34:59.838+0300][375.078s][info][gc,metaspace] GC(19) Metaspace: 6M used, 7M capacity, 7M committed, 1032M reserved
[2021-02-07T18:34:59.838+0300][375.078s][info][gc,ref      ] GC(19) Soft: 192 encountered, 107 discovered, 0 enqueued
[2021-02-07T18:34:59.838+0300][375.078s][info][gc,ref      ] GC(19) Weak: 1050 encountered, 641 discovered, 4 enqueued
[2021-02-07T18:34:59.838+0300][375.078s][info][gc,ref      ] GC(19) Final: 0 encountered, 0 discovered, 0 enqueued
[2021-02-07T18:34:59.838+0300][375.078s][info][gc,ref      ] GC(19) Phantom: 7 encountered, 6 discovered, 0 enqueued
[2021-02-07T18:34:59.838+0300][375.078s][info][gc,reloc    ] GC(19) Small Pages: 102 / 204M(95%), Empty: 0M(0%), Compacting: 32M(15%)->14M(7%)
[2021-02-07T18:34:59.838+0300][375.078s][info][gc,reloc    ] GC(19) Medium Pages: 0 / 0M(0%), Empty: 0M(0%), Compacting: 0M(0%)->0M(0%)
[2021-02-07T18:34:59.838+0300][375.078s][info][gc,reloc    ] GC(19) Large Pages: 1 / 10M(5%), Empty: 0M(0%), Compacting: 0M(0%)->0M(0%)
[2021-02-07T18:34:59.838+0300][375.078s][info][gc,reloc    ] GC(19) Relocation: Successful
[2021-02-07T18:34:59.838+0300][375.078s][info][gc,heap     ] GC(19) Min Capacity: 256M(100%)
[2021-02-07T18:34:59.838+0300][375.078s][info][gc,heap     ] GC(19) Max Capacity: 256M(100%)
[2021-02-07T18:34:59.838+0300][375.078s][info][gc,heap     ] GC(19) Soft Max Capacity: 256M(100%)
[2021-02-07T18:34:59.838+0300][375.078s][info][gc,heap     ] GC(19)                Mark Start          Mark End        Relocate Start      Relocate End           High               Low
[2021-02-07T18:34:59.838+0300][375.078s][info][gc,heap     ] GC(19)  Capacity:      256M (100%)        256M (100%)        256M (100%)        256M (100%)        256M (100%)        256M (100%)
[2021-02-07T18:34:59.838+0300][375.078s][info][gc,heap     ] GC(19)   Reserve:       12M (5%)           12M (5%)           12M (5%)           12M (5%)           12M (5%)           12M (5%)
[2021-02-07T18:34:59.838+0300][375.078s][info][gc,heap     ] GC(19)      Free:       30M (12%)          28M (11%)          28M (11%)          44M (17%)          44M (17%)          24M (9%)
[2021-02-07T18:34:59.838+0300][375.078s][info][gc,heap     ] GC(19)      Used:      214M (84%)         216M (84%)         216M (84%)         200M (78%)         220M (86%)         200M (78%)
[2021-02-07T18:34:59.839+0300][375.078s][info][gc,heap     ] GC(19)      Live:         -               189M (74%)         189M (74%)         189M (74%)            -                  -
[2021-02-07T18:34:59.839+0300][375.078s][info][gc,heap     ] GC(19) Allocated:         -                 2M (1%)            2M (1%)           18M (7%)             -                  -
[2021-02-07T18:34:59.839+0300][375.078s][info][gc,heap     ] GC(19)   Garbage:         -                24M (10%)          24M (10%)           8M (3%)             -                  -
[2021-02-07T18:34:59.839+0300][375.078s][info][gc,heap     ] GC(19) Reclaimed:         -                  -                 0M (0%)           16M (6%)             -                  -
[2021-02-07T18:34:59.839+0300][375.078s][info][gc          ] GC(19) Garbage Collection (Proactive) 214M(84%)->200M(78%)
[2021-02-07T18:35:04.803+0300][380.042s][info][gc,stats    ] === Garbage Collection Statistics =======================================================================================================================
[2021-02-07T18:35:04.803+0300][380.042s][info][gc,stats    ]                                                              Last 10s              Last 10m              Last 10h                Total
[2021-02-07T18:35:04.803+0300][380.042s][info][gc,stats    ]                                                              Avg / Max             Avg / Max             Avg / Max             Avg / Max
[2021-02-07T18:35:04.803+0300][380.042s][info][gc,stats    ]   Collector: Garbage Collection Cycle                    323.645 / 323.645     137.179 / 323.645     137.179 / 323.645     137.179 / 323.645     ms
[2021-02-07T18:35:04.803+0300][380.042s][info][gc,stats    ]  Contention: Mark Segment Reset Contention                     0 / 0                 0 / 0                 0 / 0                 0 / 0           ops/s
[2021-02-07T18:35:04.803+0300][380.042s][info][gc,stats    ]  Contention: Mark SeqNum Reset Contention                      0 / 0                 0 / 0                 0 / 0                 0 / 0           ops/s
[2021-02-07T18:35:04.803+0300][380.042s][info][gc,stats    ]  Contention: Relocation Contention                             0 / 1                 0 / 167               0 / 167               0 / 167         ops/s
[2021-02-07T18:35:04.803+0300][380.042s][info][gc,stats    ]    Critical: Allocation Stall                              0.000 / 0.000         0.000 / 0.000         0.000 / 0.000         0.000 / 0.000       ms
[2021-02-07T18:35:04.803+0300][380.042s][info][gc,stats    ]    Critical: Allocation Stall                                  0 / 0                 0 / 0                 0 / 0                 0 / 0           ops/s
[2021-02-07T18:35:04.803+0300][380.042s][info][gc,stats    ]    Critical: GC Locker Stall                               0.000 / 0.000         0.000 / 0.000         0.000 / 0.000         0.000 / 0.000       ms
[2021-02-07T18:35:04.803+0300][380.042s][info][gc,stats    ]    Critical: GC Locker Stall                                   0 / 0                 0 / 0                 0 / 0                 0 / 0           ops/s
[2021-02-07T18:35:04.803+0300][380.042s][info][gc,stats    ]      Memory: Allocation Rate                                   2 / 20                1 / 304               1 / 304               1 / 304         MB/s
[2021-02-07T18:35:04.803+0300][380.042s][info][gc,stats    ]      Memory: Heap Used After Mark                            216 / 216              95 / 216              95 / 216              95 / 216         MB
[2021-02-07T18:35:04.803+0300][380.042s][info][gc,stats    ]      Memory: Heap Used After Relocation                      200 / 200              83 / 200              83 / 200              83 / 200         MB
[2021-02-07T18:35:04.803+0300][380.042s][info][gc,stats    ]      Memory: Heap Used Before Mark                           214 / 214              94 / 214              94 / 214              94 / 214         MB
[2021-02-07T18:35:04.803+0300][380.042s][info][gc,stats    ]      Memory: Heap Used Before Relocation                     216 / 216              93 / 216              93 / 216              93 / 216         MB
[2021-02-07T18:35:04.803+0300][380.042s][info][gc,stats    ]      Memory: Out Of Memory                                     0 / 0                 0 / 0                 0 / 0                 0 / 0           ops/s
[2021-02-07T18:35:04.803+0300][380.042s][info][gc,stats    ]      Memory: Page Cache Flush                                  0 / 0                 0 / 0                 0 / 0                 0 / 0           MB/s
[2021-02-07T18:35:04.803+0300][380.042s][info][gc,stats    ]      Memory: Page Cache Hit L1                                 0 / 6                 0 / 21                0 / 21                0 / 21          ops/s
[2021-02-07T18:35:04.803+0300][380.042s][info][gc,stats    ]      Memory: Page Cache Hit L2                                 0 / 0                 0 / 0                 0 / 0                 0 / 0           ops/s
[2021-02-07T18:35:04.803+0300][380.042s][info][gc,stats    ]      Memory: Page Cache Hit L3                                 1 / 9                 0 / 16                0 / 16                0 / 16          ops/s
[2021-02-07T18:35:04.803+0300][380.042s][info][gc,stats    ]      Memory: Page Cache Miss                                   0 / 0                 0 / 0                 0 / 0                 0 / 0           ops/s
[2021-02-07T18:35:04.803+0300][380.043s][info][gc,stats    ]      Memory: Uncommit                                          0 / 0                 0 / 0                 0 / 0                 0 / 0           MB/s
[2021-02-07T18:35:04.803+0300][380.043s][info][gc,stats    ]      Memory: Undo Object Allocation Failed                     0 / 0                 0 / 0                 0 / 0                 0 / 0           ops/s
[2021-02-07T18:35:04.803+0300][380.043s][info][gc,stats    ]      Memory: Undo Object Allocation Succeeded                  0 / 1                 0 / 167               0 / 167               0 / 167         ops/s
[2021-02-07T18:35:04.803+0300][380.043s][info][gc,stats    ]      Memory: Undo Page Allocation                              0 / 0                 0 / 0                 0 / 0                 0 / 0           ops/s
[2021-02-07T18:35:04.803+0300][380.043s][info][gc,stats    ]       Phase: Concurrent Mark                             292.581 / 292.581     119.713 / 292.581     119.713 / 292.581     119.713 / 292.581     ms
[2021-02-07T18:35:04.803+0300][380.043s][info][gc,stats    ]       Phase: Concurrent Mark Continue                      0.000 / 0.000         0.000 / 0.000         0.000 / 0.000         0.000 / 0.000       ms
[2021-02-07T18:35:04.803+0300][380.043s][info][gc,stats    ]       Phase: Concurrent Process Non-Strong References      2.868 / 2.868         1.698 / 3.887         1.698 / 3.887         1.698 / 3.887       ms
[2021-02-07T18:35:04.803+0300][380.043s][info][gc,stats    ]       Phase: Concurrent Relocate                          20.674 / 20.674       10.094 / 20.674       10.094 / 20.674       10.094 / 20.674      ms
[2021-02-07T18:35:04.803+0300][380.043s][info][gc,stats    ]       Phase: Concurrent Reset Relocation Set               0.570 / 0.570         0.340 / 0.806         0.340 / 0.806         0.340 / 0.806       ms
[2021-02-07T18:35:04.803+0300][380.043s][info][gc,stats    ]       Phase: Concurrent Select Relocation Set              4.048 / 4.048         3.356 / 7.297         3.356 / 7.297         3.356 / 7.297       ms
[2021-02-07T18:35:04.803+0300][380.043s][info][gc,stats    ]       Phase: Pause Mark End                                0.204 / 0.204         0.254 / 0.367         0.254 / 0.367         0.254 / 0.367       ms
[2021-02-07T18:35:04.803+0300][380.043s][info][gc,stats    ]       Phase: Pause Mark Start                              0.103 / 0.103         0.110 / 0.463         0.110 / 0.463         0.110 / 0.463       ms
[2021-02-07T18:35:04.803+0300][380.043s][info][gc,stats    ]       Phase: Pause Relocate Start                          0.172 / 0.172         0.133 / 0.287         0.133 / 0.287         0.133 / 0.287       ms
[2021-02-07T18:35:04.803+0300][380.043s][info][gc,stats    ]    Subphase: Concurrent Classes Purge                      0.139 / 0.139         0.110 / 0.244         0.110 / 0.244         0.110 / 0.244       ms
[2021-02-07T18:35:04.803+0300][380.043s][info][gc,stats    ]    Subphase: Concurrent Classes Unlink                     1.615 / 1.615         0.976 / 2.750         0.976 / 2.750         0.976 / 2.750       ms
[2021-02-07T18:35:04.803+0300][380.043s][info][gc,stats    ]    Subphase: Concurrent Mark                             292.346 / 292.346     119.510 / 292.346     119.510 / 292.346     119.510 / 292.346     ms
[2021-02-07T18:35:04.803+0300][380.043s][info][gc,stats    ]    Subphase: Concurrent Mark Idle                          0.000 / 0.000         0.000 / 0.000         0.000 / 0.000         0.000 / 0.000       ms
[2021-02-07T18:35:04.803+0300][380.043s][info][gc,stats    ]    Subphase: Concurrent Mark Try Flush                     0.762 / 0.905         0.304 / 0.905         0.304 / 0.905         0.304 / 0.905       ms
[2021-02-07T18:35:04.803+0300][380.043s][info][gc,stats    ]    Subphase: Concurrent Mark Try Terminate                 0.448 / 0.896         0.163 / 0.896         0.163 / 0.896         0.163 / 0.896       ms
[2021-02-07T18:35:04.803+0300][380.043s][info][gc,stats    ]    Subphase: Concurrent References Enqueue                 0.004 / 0.004         0.001 / 0.004         0.001 / 0.004         0.001 / 0.004       ms
[2021-02-07T18:35:04.803+0300][380.043s][info][gc,stats    ]    Subphase: Concurrent References Process                 0.129 / 0.129         0.108 / 0.211         0.108 / 0.211         0.108 / 0.211       ms
[2021-02-07T18:35:04.803+0300][380.043s][info][gc,stats    ]    Subphase: Concurrent Roots                              0.062 / 0.062         0.057 / 0.114         0.057 / 0.114         0.057 / 0.114       ms
[2021-02-07T18:35:04.803+0300][380.043s][info][gc,stats    ]    Subphase: Concurrent Roots ClassLoaderDataGraph         0.057 / 0.057         0.052 / 0.107         0.052 / 0.107         0.052 / 0.107       ms
[2021-02-07T18:35:04.803+0300][380.043s][info][gc,stats    ]    Subphase: Concurrent Roots JNIHandles                   0.002 / 0.002         0.002 / 0.004         0.002 / 0.004         0.002 / 0.004       ms
[2021-02-07T18:35:04.803+0300][380.043s][info][gc,stats    ]    Subphase: Concurrent Roots Setup                        0.005 / 0.005         0.005 / 0.009         0.005 / 0.009         0.005 / 0.009       ms
[2021-02-07T18:35:04.803+0300][380.043s][info][gc,stats    ]    Subphase: Concurrent Roots Teardown                     0.000 / 0.000         0.000 / 0.000         0.000 / 0.000         0.000 / 0.000       ms
[2021-02-07T18:35:04.803+0300][380.043s][info][gc,stats    ]    Subphase: Concurrent Roots VMHandles                    0.002 / 0.002         0.002 / 0.003         0.002 / 0.003         0.002 / 0.003       ms
[2021-02-07T18:35:04.803+0300][380.043s][info][gc,stats    ]    Subphase: Concurrent Weak Roots                         0.305 / 0.305         0.182 / 0.414         0.182 / 0.414         0.182 / 0.414       ms
[2021-02-07T18:35:04.803+0300][380.043s][info][gc,stats    ]    Subphase: Concurrent Weak Roots JNIWeakHandles          0.000 / 0.000         0.000 / 0.000         0.000 / 0.000         0.000 / 0.000       ms
[2021-02-07T18:35:04.803+0300][380.043s][info][gc,stats    ]    Subphase: Concurrent Weak Roots ResolvedMethodTable     0.013 / 0.013         0.015 / 0.028         0.015 / 0.028         0.015 / 0.028       ms
[2021-02-07T18:35:04.803+0300][380.043s][info][gc,stats    ]    Subphase: Concurrent Weak Roots StringTable             0.286 / 0.286         0.161 / 0.383         0.161 / 0.383         0.161 / 0.383       ms
[2021-02-07T18:35:04.803+0300][380.043s][info][gc,stats    ]    Subphase: Concurrent Weak Roots VMWeakHandles           0.005 / 0.005         0.005 / 0.010         0.005 / 0.010         0.005 / 0.010       ms
[2021-02-07T18:35:04.803+0300][380.043s][info][gc,stats    ]    Subphase: Pause Mark Try Complete                       0.030 / 0.030         0.082 / 0.189         0.082 / 0.189         0.082 / 0.189       ms
[2021-02-07T18:35:04.803+0300][380.043s][info][gc,stats    ]    Subphase: Pause Roots                                   0.056 / 0.083         0.050 / 0.408         0.050 / 0.408         0.050 / 0.408       ms
[2021-02-07T18:35:04.803+0300][380.043s][info][gc,stats    ]    Subphase: Pause Roots CodeCache                         0.000 / 0.000         0.000 / 0.000         0.000 / 0.000         0.000 / 0.000       ms
[2021-02-07T18:35:04.803+0300][380.043s][info][gc,stats    ]    Subphase: Pause Roots JVMTIExport                       0.000 / 0.000         0.000 / 0.002         0.000 / 0.002         0.000 / 0.002       ms
[2021-02-07T18:35:04.803+0300][380.043s][info][gc,stats    ]    Subphase: Pause Roots JVMTIWeakExport                   0.000 / 0.000         0.000 / 0.001         0.000 / 0.001         0.000 / 0.001       ms
[2021-02-07T18:35:04.803+0300][380.043s][info][gc,stats    ]    Subphase: Pause Roots Java Threads                      0.047 / 0.060         0.044 / 0.404         0.044 / 0.404         0.044 / 0.404       ms
[2021-02-07T18:35:04.803+0300][380.043s][info][gc,stats    ]    Subphase: Pause Roots Management                        0.014 / 0.028         0.008 / 0.033         0.008 / 0.033         0.008 / 0.033       ms
[2021-02-07T18:35:04.803+0300][380.043s][info][gc,stats    ]    Subphase: Pause Roots ObjectSynchronizer                0.000 / 0.000         0.000 / 0.004         0.000 / 0.004         0.000 / 0.004       ms
[2021-02-07T18:35:04.803+0300][380.043s][info][gc,stats    ]    Subphase: Pause Roots Setup                             0.000 / 0.000         0.000 / 0.001         0.000 / 0.001         0.000 / 0.001       ms
[2021-02-07T18:35:04.803+0300][380.043s][info][gc,stats    ]    Subphase: Pause Roots Teardown                          0.001 / 0.001         0.001 / 0.002         0.001 / 0.002         0.001 / 0.002       ms
[2021-02-07T18:35:04.803+0300][380.043s][info][gc,stats    ]    Subphase: Pause Roots Universe                          0.001 / 0.002         0.002 / 0.027         0.002 / 0.027         0.002 / 0.027       ms
[2021-02-07T18:35:04.803+0300][380.043s][info][gc,stats    ]    Subphase: Pause Roots VM Thread                         0.001 / 0.001         0.001 / 0.010         0.001 / 0.010         0.001 / 0.010       ms
[2021-02-07T18:35:04.803+0300][380.043s][info][gc,stats    ]    Subphase: Pause Weak Roots                              0.001 / 0.001         0.002 / 0.014         0.002 / 0.014         0.002 / 0.014       ms
[2021-02-07T18:35:04.803+0300][380.043s][info][gc,stats    ]    Subphase: Pause Weak Roots JFRWeak                      0.000 / 0.000         0.001 / 0.013         0.001 / 0.013         0.001 / 0.013       ms
[2021-02-07T18:35:04.803+0300][380.043s][info][gc,stats    ]    Subphase: Pause Weak Roots JVMTIWeakExport              0.000 / 0.000         0.001 / 0.013         0.001 / 0.013         0.001 / 0.013       ms
[2021-02-07T18:35:04.803+0300][380.043s][info][gc,stats    ]    Subphase: Pause Weak Roots Setup                        0.000 / 0.000         0.000 / 0.000         0.000 / 0.000         0.000 / 0.000       ms
[2021-02-07T18:35:04.803+0300][380.043s][info][gc,stats    ]    Subphase: Pause Weak Roots Teardown                     0.000 / 0.000         0.000 / 0.000         0.000 / 0.000         0.000 / 0.000       ms
[2021-02-07T18:35:04.803+0300][380.043s][info][gc,stats    ]      System: Java Threads                                     16 / 16               12 / 16               12 / 16               12 / 16          threads
[2021-02-07T18:35:04.804+0300][380.043s][info][gc,stats    ] =========================================================================================================================================================
[2021-02-07T18:35:14.803+0300][390.042s][info][gc,stats    ] === Garbage Collection Statistics =======================================================================================================================
[2021-02-07T18:35:14.803+0300][390.042s][info][gc,stats    ]                                                              Last 10s              Last 10m              Last 10h                Total
[2021-02-07T18:35:14.803+0300][390.042s][info][gc,stats    ]                                                              Avg / Max             Avg / Max             Avg / Max             Avg / Max
[2021-02-07T18:35:14.803+0300][390.042s][info][gc,stats    ]   Collector: Garbage Collection Cycle                      0.000 / 0.000       137.179 / 323.645     137.179 / 323.645     137.179 / 323.645     ms
[2021-02-07T18:35:14.803+0300][390.042s][info][gc,stats    ]  Contention: Mark Segment Reset Contention                     0 / 0                 0 / 0                 0 / 0                 0 / 0           ops/s
[2021-02-07T18:35:14.803+0300][390.042s][info][gc,stats    ]  Contention: Mark SeqNum Reset Contention                      0 / 0                 0 / 0                 0 / 0                 0 / 0           ops/s
[2021-02-07T18:35:14.803+0300][390.042s][info][gc,stats    ]  Contention: Relocation Contention                             0 / 0                 0 / 167               0 / 167               0 / 167         ops/s
[2021-02-07T18:35:14.803+0300][390.042s][info][gc,stats    ]    Critical: Allocation Stall                              0.000 / 0.000         0.000 / 0.000         0.000 / 0.000         0.000 / 0.000       ms
[2021-02-07T18:35:14.803+0300][390.042s][info][gc,stats    ]    Critical: Allocation Stall                                  0 / 0                 0 / 0                 0 / 0                 0 / 0           ops/s
[2021-02-07T18:35:14.803+0300][390.042s][info][gc,stats    ]    Critical: GC Locker Stall                               0.000 / 0.000         0.000 / 0.000         0.000 / 0.000         0.000 / 0.000       ms
[2021-02-07T18:35:14.803+0300][390.042s][info][gc,stats    ]    Critical: GC Locker Stall                                   0 / 0                 0 / 0                 0 / 0                 0 / 0           ops/s
[2021-02-07T18:35:14.803+0300][390.042s][info][gc,stats    ]      Memory: Allocation Rate                                   0 / 2                 1 / 304               1 / 304               1 / 304         MB/s
[2021-02-07T18:35:14.803+0300][390.042s][info][gc,stats    ]      Memory: Heap Used After Mark                              0 / 0                95 / 216              95 / 216              95 / 216         MB
[2021-02-07T18:35:14.803+0300][390.042s][info][gc,stats    ]      Memory: Heap Used After Relocation                        0 / 0                83 / 200              83 / 200              83 / 200         MB
[2021-02-07T18:35:14.803+0300][390.042s][info][gc,stats    ]      Memory: Heap Used Before Mark                             0 / 0                94 / 214              94 / 214              94 / 214         MB
[2021-02-07T18:35:14.803+0300][390.042s][info][gc,stats    ]      Memory: Heap Used Before Relocation                       0 / 0                93 / 216              93 / 216              93 / 216         MB
[2021-02-07T18:35:14.803+0300][390.042s][info][gc,stats    ]      Memory: Out Of Memory                                     0 / 0                 0 / 0                 0 / 0                 0 / 0           ops/s
[2021-02-07T18:35:14.803+0300][390.042s][info][gc,stats    ]      Memory: Page Cache Flush                                  0 / 0                 0 / 0                 0 / 0                 0 / 0           MB/s
[2021-02-07T18:35:14.803+0300][390.042s][info][gc,stats    ]      Memory: Page Cache Hit L1                                 0 / 1                 0 / 21                0 / 21                0 / 21          ops/s
[2021-02-07T18:35:14.803+0300][390.042s][info][gc,stats    ]      Memory: Page Cache Hit L2                                 0 / 0                 0 / 0                 0 / 0                 0 / 0           ops/s
[2021-02-07T18:35:14.803+0300][390.042s][info][gc,stats    ]      Memory: Page Cache Hit L3                                 0 / 0                 0 / 16                0 / 16                0 / 16          ops/s
[2021-02-07T18:35:14.803+0300][390.042s][info][gc,stats    ]      Memory: Page Cache Miss                                   0 / 0                 0 / 0                 0 / 0                 0 / 0           ops/s
[2021-02-07T18:35:14.803+0300][390.043s][info][gc,stats    ]      Memory: Uncommit                                          0 / 0                 0 / 0                 0 / 0                 0 / 0           MB/s
[2021-02-07T18:35:14.803+0300][390.043s][info][gc,stats    ]      Memory: Undo Object Allocation Failed                     0 / 0                 0 / 0                 0 / 0                 0 / 0           ops/s
[2021-02-07T18:35:14.803+0300][390.043s][info][gc,stats    ]      Memory: Undo Object Allocation Succeeded                  0 / 0                 0 / 167               0 / 167               0 / 167         ops/s
[2021-02-07T18:35:14.803+0300][390.043s][info][gc,stats    ]      Memory: Undo Page Allocation                              0 / 0                 0 / 0                 0 / 0                 0 / 0           ops/s
[2021-02-07T18:35:14.803+0300][390.043s][info][gc,stats    ]       Phase: Concurrent Mark                               0.000 / 0.000       119.713 / 292.581     119.713 / 292.581     119.713 / 292.581     ms
[2021-02-07T18:35:14.803+0300][390.043s][info][gc,stats    ]       Phase: Concurrent Mark Continue                      0.000 / 0.000         0.000 / 0.000         0.000 / 0.000         0.000 / 0.000       ms
[2021-02-07T18:35:14.803+0300][390.043s][info][gc,stats    ]       Phase: Concurrent Process Non-Strong References      0.000 / 0.000         1.698 / 3.887         1.698 / 3.887         1.698 / 3.887       ms
[2021-02-07T18:35:14.803+0300][390.043s][info][gc,stats    ]       Phase: Concurrent Relocate                           0.000 / 0.000        10.094 / 20.674       10.094 / 20.674       10.094 / 20.674      ms
[2021-02-07T18:35:14.803+0300][390.043s][info][gc,stats    ]       Phase: Concurrent Reset Relocation Set               0.000 / 0.000         0.340 / 0.806         0.340 / 0.806         0.340 / 0.806       ms
[2021-02-07T18:35:14.803+0300][390.043s][info][gc,stats    ]       Phase: Concurrent Select Relocation Set              0.000 / 0.000         3.356 / 7.297         3.356 / 7.297         3.356 / 7.297       ms
[2021-02-07T18:35:14.803+0300][390.043s][info][gc,stats    ]       Phase: Pause Mark End                                0.000 / 0.000         0.254 / 0.367         0.254 / 0.367         0.254 / 0.367       ms
[2021-02-07T18:35:14.803+0300][390.043s][info][gc,stats    ]       Phase: Pause Mark Start                              0.000 / 0.000         0.110 / 0.463         0.110 / 0.463         0.110 / 0.463       ms
[2021-02-07T18:35:14.803+0300][390.043s][info][gc,stats    ]       Phase: Pause Relocate Start                          0.000 / 0.000         0.133 / 0.287         0.133 / 0.287         0.133 / 0.287       ms
[2021-02-07T18:35:14.803+0300][390.043s][info][gc,stats    ]    Subphase: Concurrent Classes Purge                      0.000 / 0.000         0.110 / 0.244         0.110 / 0.244         0.110 / 0.244       ms
[2021-02-07T18:35:14.803+0300][390.043s][info][gc,stats    ]    Subphase: Concurrent Classes Unlink                     0.000 / 0.000         0.976 / 2.750         0.976 / 2.750         0.976 / 2.750       ms
[2021-02-07T18:35:14.803+0300][390.043s][info][gc,stats    ]    Subphase: Concurrent Mark                               0.000 / 0.000       119.510 / 292.346     119.510 / 292.346     119.510 / 292.346     ms
[2021-02-07T18:35:14.803+0300][390.043s][info][gc,stats    ]    Subphase: Concurrent Mark Idle                          0.000 / 0.000         0.000 / 0.000         0.000 / 0.000         0.000 / 0.000       ms
[2021-02-07T18:35:14.803+0300][390.043s][info][gc,stats    ]    Subphase: Concurrent Mark Try Flush                     0.000 / 0.000         0.304 / 0.905         0.304 / 0.905         0.304 / 0.905       ms
[2021-02-07T18:35:14.803+0300][390.043s][info][gc,stats    ]    Subphase: Concurrent Mark Try Terminate                 0.000 / 0.000         0.163 / 0.896         0.163 / 0.896         0.163 / 0.896       ms
[2021-02-07T18:35:14.803+0300][390.043s][info][gc,stats    ]    Subphase: Concurrent References Enqueue                 0.000 / 0.000         0.001 / 0.004         0.001 / 0.004         0.001 / 0.004       ms
[2021-02-07T18:35:14.803+0300][390.043s][info][gc,stats    ]    Subphase: Concurrent References Process                 0.000 / 0.000         0.108 / 0.211         0.108 / 0.211         0.108 / 0.211       ms
[2021-02-07T18:35:14.803+0300][390.043s][info][gc,stats    ]    Subphase: Concurrent Roots                              0.000 / 0.000         0.057 / 0.114         0.057 / 0.114         0.057 / 0.114       ms
[2021-02-07T18:35:14.803+0300][390.043s][info][gc,stats    ]    Subphase: Concurrent Roots ClassLoaderDataGraph         0.000 / 0.000         0.052 / 0.107         0.052 / 0.107         0.052 / 0.107       ms
[2021-02-07T18:35:14.803+0300][390.043s][info][gc,stats    ]    Subphase: Concurrent Roots JNIHandles                   0.000 / 0.000         0.002 / 0.004         0.002 / 0.004         0.002 / 0.004       ms
[2021-02-07T18:35:14.803+0300][390.043s][info][gc,stats    ]    Subphase: Concurrent Roots Setup                        0.000 / 0.000         0.005 / 0.009         0.005 / 0.009         0.005 / 0.009       ms
[2021-02-07T18:35:14.803+0300][390.043s][info][gc,stats    ]    Subphase: Concurrent Roots Teardown                     0.000 / 0.000         0.000 / 0.000         0.000 / 0.000         0.000 / 0.000       ms
[2021-02-07T18:35:14.803+0300][390.043s][info][gc,stats    ]    Subphase: Concurrent Roots VMHandles                    0.000 / 0.000         0.002 / 0.003         0.002 / 0.003         0.002 / 0.003       ms
[2021-02-07T18:35:14.803+0300][390.043s][info][gc,stats    ]    Subphase: Concurrent Weak Roots                         0.000 / 0.000         0.182 / 0.414         0.182 / 0.414         0.182 / 0.414       ms
[2021-02-07T18:35:14.803+0300][390.043s][info][gc,stats    ]    Subphase: Concurrent Weak Roots JNIWeakHandles          0.000 / 0.000         0.000 / 0.000         0.000 / 0.000         0.000 / 0.000       ms
[2021-02-07T18:35:14.803+0300][390.043s][info][gc,stats    ]    Subphase: Concurrent Weak Roots ResolvedMethodTable     0.000 / 0.000         0.015 / 0.028         0.015 / 0.028         0.015 / 0.028       ms
[2021-02-07T18:35:14.803+0300][390.043s][info][gc,stats    ]    Subphase: Concurrent Weak Roots StringTable             0.000 / 0.000         0.161 / 0.383         0.161 / 0.383         0.161 / 0.383       ms
[2021-02-07T18:35:14.803+0300][390.043s][info][gc,stats    ]    Subphase: Concurrent Weak Roots VMWeakHandles           0.000 / 0.000         0.005 / 0.010         0.005 / 0.010         0.005 / 0.010       ms
[2021-02-07T18:35:14.803+0300][390.043s][info][gc,stats    ]    Subphase: Pause Mark Try Complete                       0.000 / 0.000         0.082 / 0.189         0.082 / 0.189         0.082 / 0.189       ms
[2021-02-07T18:35:14.803+0300][390.043s][info][gc,stats    ]    Subphase: Pause Roots                                   0.000 / 0.000         0.050 / 0.408         0.050 / 0.408         0.050 / 0.408       ms
[2021-02-07T18:35:14.803+0300][390.043s][info][gc,stats    ]    Subphase: Pause Roots CodeCache                         0.000 / 0.000         0.000 / 0.000         0.000 / 0.000         0.000 / 0.000       ms
[2021-02-07T18:35:14.803+0300][390.043s][info][gc,stats    ]    Subphase: Pause Roots JVMTIExport                       0.000 / 0.000         0.000 / 0.002         0.000 / 0.002         0.000 / 0.002       ms
[2021-02-07T18:35:14.803+0300][390.043s][info][gc,stats    ]    Subphase: Pause Roots JVMTIWeakExport                   0.000 / 0.000         0.000 / 0.001         0.000 / 0.001         0.000 / 0.001       ms
[2021-02-07T18:35:14.803+0300][390.043s][info][gc,stats    ]    Subphase: Pause Roots Java Threads                      0.000 / 0.000         0.044 / 0.404         0.044 / 0.404         0.044 / 0.404       ms
[2021-02-07T18:35:14.803+0300][390.043s][info][gc,stats    ]    Subphase: Pause Roots Management                        0.000 / 0.000         0.008 / 0.033         0.008 / 0.033         0.008 / 0.033       ms
[2021-02-07T18:35:14.803+0300][390.043s][info][gc,stats    ]    Subphase: Pause Roots ObjectSynchronizer                0.000 / 0.000         0.000 / 0.004         0.000 / 0.004         0.000 / 0.004       ms
[2021-02-07T18:35:14.803+0300][390.043s][info][gc,stats    ]    Subphase: Pause Roots Setup                             0.000 / 0.000         0.000 / 0.001         0.000 / 0.001         0.000 / 0.001       ms
[2021-02-07T18:35:14.803+0300][390.043s][info][gc,stats    ]    Subphase: Pause Roots Teardown                          0.000 / 0.000         0.001 / 0.002         0.001 / 0.002         0.001 / 0.002       ms
[2021-02-07T18:35:14.803+0300][390.043s][info][gc,stats    ]    Subphase: Pause Roots Universe                          0.000 / 0.000         0.002 / 0.027         0.002 / 0.027         0.002 / 0.027       ms
[2021-02-07T18:35:14.803+0300][390.043s][info][gc,stats    ]    Subphase: Pause Roots VM Thread                         0.000 / 0.000         0.001 / 0.010         0.001 / 0.010         0.001 / 0.010       ms
[2021-02-07T18:35:14.803+0300][390.043s][info][gc,stats    ]    Subphase: Pause Weak Roots                              0.000 / 0.000         0.002 / 0.014         0.002 / 0.014         0.002 / 0.014       ms
[2021-02-07T18:35:14.803+0300][390.043s][info][gc,stats    ]    Subphase: Pause Weak Roots JFRWeak                      0.000 / 0.000         0.001 / 0.013         0.001 / 0.013         0.001 / 0.013       ms
[2021-02-07T18:35:14.803+0300][390.043s][info][gc,stats    ]    Subphase: Pause Weak Roots JVMTIWeakExport              0.000 / 0.000         0.001 / 0.013         0.001 / 0.013         0.001 / 0.013       ms
[2021-02-07T18:35:14.803+0300][390.043s][info][gc,stats    ]    Subphase: Pause Weak Roots Setup                        0.000 / 0.000         0.000 / 0.000         0.000 / 0.000         0.000 / 0.000       ms
[2021-02-07T18:35:14.803+0300][390.043s][info][gc,stats    ]    Subphase: Pause Weak Roots Teardown                     0.000 / 0.000         0.000 / 0.000         0.000 / 0.000         0.000 / 0.000       ms
[2021-02-07T18:35:14.804+0300][390.043s][info][gc,stats    ]      System: Java Threads                                      0 / 0                12 / 16               12 / 16               12 / 16          threads
[2021-02-07T18:35:14.804+0300][390.043s][info][gc,stats    ] =========================================================================================================================================================
[2021-02-07T18:35:24.804+0300][400.044s][info][gc,stats    ] === Garbage Collection Statistics =======================================================================================================================
[2021-02-07T18:35:24.804+0300][400.044s][info][gc,stats    ]                                                              Last 10s              Last 10m              Last 10h                Total
[2021-02-07T18:35:24.804+0300][400.044s][info][gc,stats    ]                                                              Avg / Max             Avg / Max             Avg / Max             Avg / Max
[2021-02-07T18:35:24.804+0300][400.044s][info][gc,stats    ]   Collector: Garbage Collection Cycle                      0.000 / 0.000       137.179 / 323.645     137.179 / 323.645     137.179 / 323.645     ms
[2021-02-07T18:35:24.804+0300][400.044s][info][gc,stats    ]  Contention: Mark Segment Reset Contention                     0 / 0                 0 / 0                 0 / 0                 0 / 0           ops/s
[2021-02-07T18:35:24.804+0300][400.044s][info][gc,stats    ]  Contention: Mark SeqNum Reset Contention                      0 / 0                 0 / 0                 0 / 0                 0 / 0           ops/s
[2021-02-07T18:35:24.804+0300][400.044s][info][gc,stats    ]  Contention: Relocation Contention                             0 / 0                 0 / 167               0 / 167               0 / 167         ops/s
[2021-02-07T18:35:24.804+0300][400.044s][info][gc,stats    ]    Critical: Allocation Stall                              0.000 / 0.000         0.000 / 0.000         0.000 / 0.000         0.000 / 0.000       ms
[2021-02-07T18:35:24.804+0300][400.044s][info][gc,stats    ]    Critical: Allocation Stall                                  0 / 0                 0 / 0                 0 / 0                 0 / 0           ops/s
[2021-02-07T18:35:24.804+0300][400.044s][info][gc,stats    ]    Critical: GC Locker Stall                               0.000 / 0.000         0.000 / 0.000         0.000 / 0.000         0.000 / 0.000       ms
[2021-02-07T18:35:24.804+0300][400.044s][info][gc,stats    ]    Critical: GC Locker Stall                                   0 / 0                 0 / 0                 0 / 0                 0 / 0           ops/s
[2021-02-07T18:35:24.804+0300][400.044s][info][gc,stats    ]      Memory: Allocation Rate                                   0 / 0                 1 / 304               1 / 304               1 / 304         MB/s
[2021-02-07T18:35:24.804+0300][400.044s][info][gc,stats    ]      Memory: Heap Used After Mark                              0 / 0                95 / 216              95 / 216              95 / 216         MB
[2021-02-07T18:35:24.804+0300][400.044s][info][gc,stats    ]      Memory: Heap Used After Relocation                        0 / 0                83 / 200              83 / 200              83 / 200         MB
[2021-02-07T18:35:24.804+0300][400.044s][info][gc,stats    ]      Memory: Heap Used Before Mark                             0 / 0                94 / 214              94 / 214              94 / 214         MB
[2021-02-07T18:35:24.804+0300][400.044s][info][gc,stats    ]      Memory: Heap Used Before Relocation                       0 / 0                93 / 216              93 / 216              93 / 216         MB
[2021-02-07T18:35:24.804+0300][400.044s][info][gc,stats    ]      Memory: Out Of Memory                                     0 / 0                 0 / 0                 0 / 0                 0 / 0           ops/s
[2021-02-07T18:35:24.804+0300][400.044s][info][gc,stats    ]      Memory: Page Cache Flush                                  0 / 0                 0 / 0                 0 / 0                 0 / 0           MB/s
[2021-02-07T18:35:24.804+0300][400.044s][info][gc,stats    ]      Memory: Page Cache Hit L1                                 0 / 0                 0 / 21                0 / 21                0 / 21          ops/s
[2021-02-07T18:35:24.804+0300][400.044s][info][gc,stats    ]      Memory: Page Cache Hit L2                                 0 / 0                 0 / 0                 0 / 0                 0 / 0           ops/s
[2021-02-07T18:35:24.804+0300][400.044s][info][gc,stats    ]      Memory: Page Cache Hit L3                                 0 / 0                 0 / 16                0 / 16                0 / 16          ops/s
[2021-02-07T18:35:24.804+0300][400.044s][info][gc,stats    ]      Memory: Page Cache Miss                                   0 / 0                 0 / 0                 0 / 0                 0 / 0           ops/s
[2021-02-07T18:35:24.804+0300][400.044s][info][gc,stats    ]      Memory: Uncommit                                          0 / 0                 0 / 0                 0 / 0                 0 / 0           MB/s
[2021-02-07T18:35:24.804+0300][400.044s][info][gc,stats    ]      Memory: Undo Object Allocation Failed                     0 / 0                 0 / 0                 0 / 0                 0 / 0           ops/s
[2021-02-07T18:35:24.804+0300][400.044s][info][gc,stats    ]      Memory: Undo Object Allocation Succeeded                  0 / 0                 0 / 167               0 / 167               0 / 167         ops/s
[2021-02-07T18:35:24.804+0300][400.044s][info][gc,stats    ]      Memory: Undo Page Allocation                              0 / 0                 0 / 0                 0 / 0                 0 / 0           ops/s
[2021-02-07T18:35:24.804+0300][400.044s][info][gc,stats    ]       Phase: Concurrent Mark                               0.000 / 0.000       119.713 / 292.581     119.713 / 292.581     119.713 / 292.581     ms
[2021-02-07T18:35:24.804+0300][400.044s][info][gc,stats    ]       Phase: Concurrent Mark Continue                      0.000 / 0.000         0.000 / 0.000         0.000 / 0.000         0.000 / 0.000       ms
[2021-02-07T18:35:24.804+0300][400.044s][info][gc,stats    ]       Phase: Concurrent Process Non-Strong References      0.000 / 0.000         1.698 / 3.887         1.698 / 3.887         1.698 / 3.887       ms
[2021-02-07T18:35:24.804+0300][400.044s][info][gc,stats    ]       Phase: Concurrent Relocate                           0.000 / 0.000        10.094 / 20.674       10.094 / 20.674       10.094 / 20.674      ms
[2021-02-07T18:35:24.804+0300][400.044s][info][gc,stats    ]       Phase: Concurrent Reset Relocation Set               0.000 / 0.000         0.340 / 0.806         0.340 / 0.806         0.340 / 0.806       ms
[2021-02-07T18:35:24.804+0300][400.044s][info][gc,stats    ]       Phase: Concurrent Select Relocation Set              0.000 / 0.000         3.356 / 7.297         3.356 / 7.297         3.356 / 7.297       ms
[2021-02-07T18:35:24.804+0300][400.044s][info][gc,stats    ]       Phase: Pause Mark End                                0.000 / 0.000         0.254 / 0.367         0.254 / 0.367         0.254 / 0.367       ms
[2021-02-07T18:35:24.804+0300][400.044s][info][gc,stats    ]       Phase: Pause Mark Start                              0.000 / 0.000         0.110 / 0.463         0.110 / 0.463         0.110 / 0.463       ms
[2021-02-07T18:35:24.804+0300][400.044s][info][gc,stats    ]       Phase: Pause Relocate Start                          0.000 / 0.000         0.133 / 0.287         0.133 / 0.287         0.133 / 0.287       ms
[2021-02-07T18:35:24.804+0300][400.044s][info][gc,stats    ]    Subphase: Concurrent Classes Purge                      0.000 / 0.000         0.110 / 0.244         0.110 / 0.244         0.110 / 0.244       ms
[2021-02-07T18:35:24.804+0300][400.044s][info][gc,stats    ]    Subphase: Concurrent Classes Unlink                     0.000 / 0.000         0.976 / 2.750         0.976 / 2.750         0.976 / 2.750       ms
[2021-02-07T18:35:24.804+0300][400.044s][info][gc,stats    ]    Subphase: Concurrent Mark                               0.000 / 0.000       119.510 / 292.346     119.510 / 292.346     119.510 / 292.346     ms
[2021-02-07T18:35:24.804+0300][400.044s][info][gc,stats    ]    Subphase: Concurrent Mark Idle                          0.000 / 0.000         0.000 / 0.000         0.000 / 0.000         0.000 / 0.000       ms
[2021-02-07T18:35:24.804+0300][400.044s][info][gc,stats    ]    Subphase: Concurrent Mark Try Flush                     0.000 / 0.000         0.304 / 0.905         0.304 / 0.905         0.304 / 0.905       ms
[2021-02-07T18:35:24.804+0300][400.044s][info][gc,stats    ]    Subphase: Concurrent Mark Try Terminate                 0.000 / 0.000         0.163 / 0.896         0.163 / 0.896         0.163 / 0.896       ms
[2021-02-07T18:35:24.804+0300][400.044s][info][gc,stats    ]    Subphase: Concurrent References Enqueue                 0.000 / 0.000         0.001 / 0.004         0.001 / 0.004         0.001 / 0.004       ms
[2021-02-07T18:35:24.804+0300][400.044s][info][gc,stats    ]    Subphase: Concurrent References Process                 0.000 / 0.000         0.108 / 0.211         0.108 / 0.211         0.108 / 0.211       ms
[2021-02-07T18:35:24.804+0300][400.044s][info][gc,stats    ]    Subphase: Concurrent Roots                              0.000 / 0.000         0.057 / 0.114         0.057 / 0.114         0.057 / 0.114       ms
[2021-02-07T18:35:24.804+0300][400.044s][info][gc,stats    ]    Subphase: Concurrent Roots ClassLoaderDataGraph         0.000 / 0.000         0.052 / 0.107         0.052 / 0.107         0.052 / 0.107       ms
[2021-02-07T18:35:24.804+0300][400.044s][info][gc,stats    ]    Subphase: Concurrent Roots JNIHandles                   0.000 / 0.000         0.002 / 0.004         0.002 / 0.004         0.002 / 0.004       ms
[2021-02-07T18:35:24.804+0300][400.044s][info][gc,stats    ]    Subphase: Concurrent Roots Setup                        0.000 / 0.000         0.005 / 0.009         0.005 / 0.009         0.005 / 0.009       ms
[2021-02-07T18:35:24.804+0300][400.044s][info][gc,stats    ]    Subphase: Concurrent Roots Teardown                     0.000 / 0.000         0.000 / 0.000         0.000 / 0.000         0.000 / 0.000       ms
[2021-02-07T18:35:24.804+0300][400.044s][info][gc,stats    ]    Subphase: Concurrent Roots VMHandles                    0.000 / 0.000         0.002 / 0.003         0.002 / 0.003         0.002 / 0.003       ms
[2021-02-07T18:35:24.804+0300][400.044s][info][gc,stats    ]    Subphase: Concurrent Weak Roots                         0.000 / 0.000         0.182 / 0.414         0.182 / 0.414         0.182 / 0.414       ms
[2021-02-07T18:35:24.804+0300][400.044s][info][gc,stats    ]    Subphase: Concurrent Weak Roots JNIWeakHandles          0.000 / 0.000         0.000 / 0.000         0.000 / 0.000         0.000 / 0.000       ms
[2021-02-07T18:35:24.804+0300][400.044s][info][gc,stats    ]    Subphase: Concurrent Weak Roots ResolvedMethodTable     0.000 / 0.000         0.015 / 0.028         0.015 / 0.028         0.015 / 0.028       ms
[2021-02-07T18:35:24.804+0300][400.044s][info][gc,stats    ]    Subphase: Concurrent Weak Roots StringTable             0.000 / 0.000         0.161 / 0.383         0.161 / 0.383         0.161 / 0.383       ms
[2021-02-07T18:35:24.804+0300][400.044s][info][gc,stats    ]    Subphase: Concurrent Weak Roots VMWeakHandles           0.000 / 0.000         0.005 / 0.010         0.005 / 0.010         0.005 / 0.010       ms
[2021-02-07T18:35:24.804+0300][400.044s][info][gc,stats    ]    Subphase: Pause Mark Try Complete                       0.000 / 0.000         0.082 / 0.189         0.082 / 0.189         0.082 / 0.189       ms
[2021-02-07T18:35:24.804+0300][400.044s][info][gc,stats    ]    Subphase: Pause Roots                                   0.000 / 0.000         0.050 / 0.408         0.050 / 0.408         0.050 / 0.408       ms
[2021-02-07T18:35:24.804+0300][400.044s][info][gc,stats    ]    Subphase: Pause Roots CodeCache                         0.000 / 0.000         0.000 / 0.000         0.000 / 0.000         0.000 / 0.000       ms
[2021-02-07T18:35:24.804+0300][400.044s][info][gc,stats    ]    Subphase: Pause Roots JVMTIExport                       0.000 / 0.000         0.000 / 0.002         0.000 / 0.002         0.000 / 0.002       ms
[2021-02-07T18:35:24.804+0300][400.044s][info][gc,stats    ]    Subphase: Pause Roots JVMTIWeakExport                   0.000 / 0.000         0.000 / 0.001         0.000 / 0.001         0.000 / 0.001       ms
[2021-02-07T18:35:24.804+0300][400.045s][info][gc,stats    ]    Subphase: Pause Roots Java Threads                      0.000 / 0.000         0.044 / 0.404         0.044 / 0.404         0.044 / 0.404       ms
[2021-02-07T18:35:24.804+0300][400.045s][info][gc,stats    ]    Subphase: Pause Roots Management                        0.000 / 0.000         0.008 / 0.033         0.008 / 0.033         0.008 / 0.033       ms
[2021-02-07T18:35:24.804+0300][400.045s][info][gc,stats    ]    Subphase: Pause Roots ObjectSynchronizer                0.000 / 0.000         0.000 / 0.004         0.000 / 0.004         0.000 / 0.004       ms
[2021-02-07T18:35:24.804+0300][400.045s][info][gc,stats    ]    Subphase: Pause Roots Setup                             0.000 / 0.000         0.000 / 0.001         0.000 / 0.001         0.000 / 0.001       ms
[2021-02-07T18:35:24.804+0300][400.045s][info][gc,stats    ]    Subphase: Pause Roots Teardown                          0.000 / 0.000         0.001 / 0.002         0.001 / 0.002         0.001 / 0.002       ms
[2021-02-07T18:35:24.804+0300][400.045s][info][gc,stats    ]    Subphase: Pause Roots Universe                          0.000 / 0.000         0.002 / 0.027         0.002 / 0.027         0.002 / 0.027       ms
[2021-02-07T18:35:24.804+0300][400.045s][info][gc,stats    ]    Subphase: Pause Roots VM Thread                         0.000 / 0.000         0.001 / 0.010         0.001 / 0.010         0.001 / 0.010       ms
[2021-02-07T18:35:24.804+0300][400.045s][info][gc,stats    ]    Subphase: Pause Weak Roots                              0.000 / 0.000         0.002 / 0.014         0.002 / 0.014         0.002 / 0.014       ms
[2021-02-07T18:35:24.804+0300][400.045s][info][gc,stats    ]    Subphase: Pause Weak Roots JFRWeak                      0.000 / 0.000         0.001 / 0.013         0.001 / 0.013         0.001 / 0.013       ms
[2021-02-07T18:35:24.804+0300][400.045s][info][gc,stats    ]    Subphase: Pause Weak Roots JVMTIWeakExport              0.000 / 0.000         0.001 / 0.013         0.001 / 0.013         0.001 / 0.013       ms
[2021-02-07T18:35:24.804+0300][400.045s][info][gc,stats    ]    Subphase: Pause Weak Roots Setup                        0.000 / 0.000         0.000 / 0.000         0.000 / 0.000         0.000 / 0.000       ms
[2021-02-07T18:35:24.804+0300][400.045s][info][gc,stats    ]    Subphase: Pause Weak Roots Teardown                     0.000 / 0.000         0.000 / 0.000         0.000 / 0.000         0.000 / 0.000       ms
[2021-02-07T18:35:24.804+0300][400.045s][info][gc,stats    ]      System: Java Threads                                      0 / 0                12 / 16               12 / 16               12 / 16          threads
[2021-02-07T18:35:24.804+0300][400.045s][info][gc,stats    ] =========================================================================================================================================================
[2021-02-07T18:35:34.804+0300][410.044s][info][gc,stats    ] === Garbage Collection Statistics =======================================================================================================================
[2021-02-07T18:35:34.804+0300][410.044s][info][gc,stats    ]                                                              Last 10s              Last 10m              Last 10h                Total
[2021-02-07T18:35:34.804+0300][410.044s][info][gc,stats    ]                                                              Avg / Max             Avg / Max             Avg / Max             Avg / Max
[2021-02-07T18:35:34.804+0300][410.044s][info][gc,stats    ]   Collector: Garbage Collection Cycle                      0.000 / 0.000       137.179 / 323.645     137.179 / 323.645     137.179 / 323.645     ms
[2021-02-07T18:35:34.804+0300][410.044s][info][gc,stats    ]  Contention: Mark Segment Reset Contention                     0 / 0                 0 / 0                 0 / 0                 0 / 0           ops/s
[2021-02-07T18:35:34.804+0300][410.044s][info][gc,stats    ]  Contention: Mark SeqNum Reset Contention                      0 / 0                 0 / 0                 0 / 0                 0 / 0           ops/s
[2021-02-07T18:35:34.804+0300][410.044s][info][gc,stats    ]  Contention: Relocation Contention                             0 / 0                 0 / 167               0 / 167               0 / 167         ops/s
[2021-02-07T18:35:34.804+0300][410.044s][info][gc,stats    ]    Critical: Allocation Stall                              0.000 / 0.000         0.000 / 0.000         0.000 / 0.000         0.000 / 0.000       ms
[2021-02-07T18:35:34.804+0300][410.044s][info][gc,stats    ]    Critical: Allocation Stall                                  0 / 0                 0 / 0                 0 / 0                 0 / 0           ops/s
[2021-02-07T18:35:34.804+0300][410.044s][info][gc,stats    ]    Critical: GC Locker Stall                               0.000 / 0.000         0.000 / 0.000         0.000 / 0.000         0.000 / 0.000       ms
[2021-02-07T18:35:34.804+0300][410.044s][info][gc,stats    ]    Critical: GC Locker Stall                                   0 / 0                 0 / 0                 0 / 0                 0 / 0           ops/s
[2021-02-07T18:35:34.804+0300][410.044s][info][gc,stats    ]      Memory: Allocation Rate                                   0 / 2                 1 / 304               1 / 304               1 / 304         MB/s
[2021-02-07T18:35:34.804+0300][410.044s][info][gc,stats    ]      Memory: Heap Used After Mark                              0 / 0                95 / 216              95 / 216              95 / 216         MB
[2021-02-07T18:35:34.804+0300][410.044s][info][gc,stats    ]      Memory: Heap Used After Relocation                        0 / 0                83 / 200              83 / 200              83 / 200         MB
[2021-02-07T18:35:34.804+0300][410.044s][info][gc,stats    ]      Memory: Heap Used Before Mark                             0 / 0                94 / 214              94 / 214              94 / 214         MB
[2021-02-07T18:35:34.804+0300][410.044s][info][gc,stats    ]      Memory: Heap Used Before Relocation                       0 / 0                93 / 216              93 / 216              93 / 216         MB
[2021-02-07T18:35:34.804+0300][410.044s][info][gc,stats    ]      Memory: Out Of Memory                                     0 / 0                 0 / 0                 0 / 0                 0 / 0           ops/s
[2021-02-07T18:35:34.804+0300][410.044s][info][gc,stats    ]      Memory: Page Cache Flush                                  0 / 0                 0 / 0                 0 / 0                 0 / 0           MB/s
[2021-02-07T18:35:34.804+0300][410.044s][info][gc,stats    ]      Memory: Page Cache Hit L1                                 0 / 1                 0 / 21                0 / 21                0 / 21          ops/s
[2021-02-07T18:35:34.804+0300][410.044s][info][gc,stats    ]      Memory: Page Cache Hit L2                                 0 / 0                 0 / 0                 0 / 0                 0 / 0           ops/s
[2021-02-07T18:35:34.804+0300][410.044s][info][gc,stats    ]      Memory: Page Cache Hit L3                                 0 / 0                 0 / 16                0 / 16                0 / 16          ops/s
[2021-02-07T18:35:34.804+0300][410.044s][info][gc,stats    ]      Memory: Page Cache Miss                                   0 / 0                 0 / 0                 0 / 0                 0 / 0           ops/s
[2021-02-07T18:35:34.804+0300][410.044s][info][gc,stats    ]      Memory: Uncommit                                          0 / 0                 0 / 0                 0 / 0                 0 / 0           MB/s
[2021-02-07T18:35:34.804+0300][410.044s][info][gc,stats    ]      Memory: Undo Object Allocation Failed                     0 / 0                 0 / 0                 0 / 0                 0 / 0           ops/s
[2021-02-07T18:35:34.804+0300][410.044s][info][gc,stats    ]      Memory: Undo Object Allocation Succeeded                  0 / 0                 0 / 167               0 / 167               0 / 167         ops/s
[2021-02-07T18:35:34.804+0300][410.044s][info][gc,stats    ]      Memory: Undo Page Allocation                              0 / 0                 0 / 0                 0 / 0                 0 / 0           ops/s
[2021-02-07T18:35:34.804+0300][410.044s][info][gc,stats    ]       Phase: Concurrent Mark                               0.000 / 0.000       119.713 / 292.581     119.713 / 292.581     119.713 / 292.581     ms
[2021-02-07T18:35:34.804+0300][410.044s][info][gc,stats    ]       Phase: Concurrent Mark Continue                      0.000 / 0.000         0.000 / 0.000         0.000 / 0.000         0.000 / 0.000       ms
[2021-02-07T18:35:34.804+0300][410.044s][info][gc,stats    ]       Phase: Concurrent Process Non-Strong References      0.000 / 0.000         1.698 / 3.887         1.698 / 3.887         1.698 / 3.887       ms
[2021-02-07T18:35:34.804+0300][410.044s][info][gc,stats    ]       Phase: Concurrent Relocate                           0.000 / 0.000        10.094 / 20.674       10.094 / 20.674       10.094 / 20.674      ms
[2021-02-07T18:35:34.804+0300][410.044s][info][gc,stats    ]       Phase: Concurrent Reset Relocation Set               0.000 / 0.000         0.340 / 0.806         0.340 / 0.806         0.340 / 0.806       ms
[2021-02-07T18:35:34.804+0300][410.044s][info][gc,stats    ]       Phase: Concurrent Select Relocation Set              0.000 / 0.000         3.356 / 7.297         3.356 / 7.297         3.356 / 7.297       ms
[2021-02-07T18:35:34.804+0300][410.044s][info][gc,stats    ]       Phase: Pause Mark End                                0.000 / 0.000         0.254 / 0.367         0.254 / 0.367         0.254 / 0.367       ms
[2021-02-07T18:35:34.804+0300][410.044s][info][gc,stats    ]       Phase: Pause Mark Start                              0.000 / 0.000         0.110 / 0.463         0.110 / 0.463         0.110 / 0.463       ms
[2021-02-07T18:35:34.804+0300][410.044s][info][gc,stats    ]       Phase: Pause Relocate Start                          0.000 / 0.000         0.133 / 0.287         0.133 / 0.287         0.133 / 0.287       ms
[2021-02-07T18:35:34.804+0300][410.044s][info][gc,stats    ]    Subphase: Concurrent Classes Purge                      0.000 / 0.000         0.110 / 0.244         0.110 / 0.244         0.110 / 0.244       ms
[2021-02-07T18:35:34.804+0300][410.044s][info][gc,stats    ]    Subphase: Concurrent Classes Unlink                     0.000 / 0.000         0.976 / 2.750         0.976 / 2.750         0.976 / 2.750       ms
[2021-02-07T18:35:34.804+0300][410.044s][info][gc,stats    ]    Subphase: Concurrent Mark                               0.000 / 0.000       119.510 / 292.346     119.510 / 292.346     119.510 / 292.346     ms
[2021-02-07T18:35:34.804+0300][410.044s][info][gc,stats    ]    Subphase: Concurrent Mark Idle                          0.000 / 0.000         0.000 / 0.000         0.000 / 0.000         0.000 / 0.000       ms
[2021-02-07T18:35:34.804+0300][410.044s][info][gc,stats    ]    Subphase: Concurrent Mark Try Flush                     0.000 / 0.000         0.304 / 0.905         0.304 / 0.905         0.304 / 0.905       ms
[2021-02-07T18:35:34.804+0300][410.044s][info][gc,stats    ]    Subphase: Concurrent Mark Try Terminate                 0.000 / 0.000         0.163 / 0.896         0.163 / 0.896         0.163 / 0.896       ms
[2021-02-07T18:35:34.804+0300][410.044s][info][gc,stats    ]    Subphase: Concurrent References Enqueue                 0.000 / 0.000         0.001 / 0.004         0.001 / 0.004         0.001 / 0.004       ms
[2021-02-07T18:35:34.804+0300][410.044s][info][gc,stats    ]    Subphase: Concurrent References Process                 0.000 / 0.000         0.108 / 0.211         0.108 / 0.211         0.108 / 0.211       ms
[2021-02-07T18:35:34.804+0300][410.044s][info][gc,stats    ]    Subphase: Concurrent Roots                              0.000 / 0.000         0.057 / 0.114         0.057 / 0.114         0.057 / 0.114       ms
[2021-02-07T18:35:34.804+0300][410.044s][info][gc,stats    ]    Subphase: Concurrent Roots ClassLoaderDataGraph         0.000 / 0.000         0.052 / 0.107         0.052 / 0.107         0.052 / 0.107       ms
[2021-02-07T18:35:34.804+0300][410.044s][info][gc,stats    ]    Subphase: Concurrent Roots JNIHandles                   0.000 / 0.000         0.002 / 0.004         0.002 / 0.004         0.002 / 0.004       ms
[2021-02-07T18:35:34.804+0300][410.044s][info][gc,stats    ]    Subphase: Concurrent Roots Setup                        0.000 / 0.000         0.005 / 0.009         0.005 / 0.009         0.005 / 0.009       ms
[2021-02-07T18:35:34.804+0300][410.044s][info][gc,stats    ]    Subphase: Concurrent Roots Teardown                     0.000 / 0.000         0.000 / 0.000         0.000 / 0.000         0.000 / 0.000       ms
[2021-02-07T18:35:34.804+0300][410.044s][info][gc,stats    ]    Subphase: Concurrent Roots VMHandles                    0.000 / 0.000         0.002 / 0.003         0.002 / 0.003         0.002 / 0.003       ms
[2021-02-07T18:35:34.804+0300][410.044s][info][gc,stats    ]    Subphase: Concurrent Weak Roots                         0.000 / 0.000         0.182 / 0.414         0.182 / 0.414         0.182 / 0.414       ms
[2021-02-07T18:35:34.804+0300][410.044s][info][gc,stats    ]    Subphase: Concurrent Weak Roots JNIWeakHandles          0.000 / 0.000         0.000 / 0.000         0.000 / 0.000         0.000 / 0.000       ms
[2021-02-07T18:35:34.804+0300][410.044s][info][gc,stats    ]    Subphase: Concurrent Weak Roots ResolvedMethodTable     0.000 / 0.000         0.015 / 0.028         0.015 / 0.028         0.015 / 0.028       ms
[2021-02-07T18:35:34.804+0300][410.044s][info][gc,stats    ]    Subphase: Concurrent Weak Roots StringTable             0.000 / 0.000         0.161 / 0.383         0.161 / 0.383         0.161 / 0.383       ms
[2021-02-07T18:35:34.804+0300][410.044s][info][gc,stats    ]    Subphase: Concurrent Weak Roots VMWeakHandles           0.000 / 0.000         0.005 / 0.010         0.005 / 0.010         0.005 / 0.010       ms
[2021-02-07T18:35:34.804+0300][410.044s][info][gc,stats    ]    Subphase: Pause Mark Try Complete                       0.000 / 0.000         0.082 / 0.189         0.082 / 0.189         0.082 / 0.189       ms
[2021-02-07T18:35:34.804+0300][410.044s][info][gc,stats    ]    Subphase: Pause Roots                                   0.000 / 0.000         0.050 / 0.408         0.050 / 0.408         0.050 / 0.408       ms
[2021-02-07T18:35:34.804+0300][410.044s][info][gc,stats    ]    Subphase: Pause Roots CodeCache                         0.000 / 0.000         0.000 / 0.000         0.000 / 0.000         0.000 / 0.000       ms
[2021-02-07T18:35:34.804+0300][410.045s][info][gc,stats    ]    Subphase: Pause Roots JVMTIExport                       0.000 / 0.000         0.000 / 0.002         0.000 / 0.002         0.000 / 0.002       ms
[2021-02-07T18:35:34.804+0300][410.045s][info][gc,stats    ]    Subphase: Pause Roots JVMTIWeakExport                   0.000 / 0.000         0.000 / 0.001         0.000 / 0.001         0.000 / 0.001       ms
[2021-02-07T18:35:34.804+0300][410.045s][info][gc,stats    ]    Subphase: Pause Roots Java Threads                      0.000 / 0.000         0.044 / 0.404         0.044 / 0.404         0.044 / 0.404       ms
[2021-02-07T18:35:34.804+0300][410.045s][info][gc,stats    ]    Subphase: Pause Roots Management                        0.000 / 0.000         0.008 / 0.033         0.008 / 0.033         0.008 / 0.033       ms
[2021-02-07T18:35:34.804+0300][410.045s][info][gc,stats    ]    Subphase: Pause Roots ObjectSynchronizer                0.000 / 0.000         0.000 / 0.004         0.000 / 0.004         0.000 / 0.004       ms
[2021-02-07T18:35:34.804+0300][410.045s][info][gc,stats    ]    Subphase: Pause Roots Setup                             0.000 / 0.000         0.000 / 0.001         0.000 / 0.001         0.000 / 0.001       ms
[2021-02-07T18:35:34.804+0300][410.045s][info][gc,stats    ]    Subphase: Pause Roots Teardown                          0.000 / 0.000         0.001 / 0.002         0.001 / 0.002         0.001 / 0.002       ms
[2021-02-07T18:35:34.804+0300][410.045s][info][gc,stats    ]    Subphase: Pause Roots Universe                          0.000 / 0.000         0.002 / 0.027         0.002 / 0.027         0.002 / 0.027       ms
[2021-02-07T18:35:34.804+0300][410.045s][info][gc,stats    ]    Subphase: Pause Roots VM Thread                         0.000 / 0.000         0.001 / 0.010         0.001 / 0.010         0.001 / 0.010       ms
[2021-02-07T18:35:34.804+0300][410.045s][info][gc,stats    ]    Subphase: Pause Weak Roots                              0.000 / 0.000         0.002 / 0.014         0.002 / 0.014         0.002 / 0.014       ms
[2021-02-07T18:35:34.804+0300][410.045s][info][gc,stats    ]    Subphase: Pause Weak Roots JFRWeak                      0.000 / 0.000         0.001 / 0.013         0.001 / 0.013         0.001 / 0.013       ms
[2021-02-07T18:35:34.805+0300][410.045s][info][gc,stats    ]    Subphase: Pause Weak Roots JVMTIWeakExport              0.000 / 0.000         0.001 / 0.013         0.001 / 0.013         0.001 / 0.013       ms
[2021-02-07T18:35:34.805+0300][410.045s][info][gc,stats    ]    Subphase: Pause Weak Roots Setup                        0.000 / 0.000         0.000 / 0.000         0.000 / 0.000         0.000 / 0.000       ms
[2021-02-07T18:35:34.805+0300][410.045s][info][gc,stats    ]    Subphase: Pause Weak Roots Teardown                     0.000 / 0.000         0.000 / 0.000         0.000 / 0.000         0.000 / 0.000       ms
[2021-02-07T18:35:34.805+0300][410.045s][info][gc,stats    ]      System: Java Threads                                      0 / 0                12 / 16               12 / 16               12 / 16          threads
[2021-02-07T18:35:34.805+0300][410.045s][info][gc,stats    ] =========================================================================================================================================================
[2021-02-07T18:35:41.903+0300][417.143s][info][gc,start    ] GC(20) Garbage Collection (Allocation Rate)
[2021-02-07T18:35:41.904+0300][417.144s][info][gc,phases   ] GC(20) Pause Mark Start 0.125ms
[2021-02-07T18:35:42.219+0300][417.460s][info][gc,phases   ] GC(20) Concurrent Mark 315.513ms
[2021-02-07T18:35:42.222+0300][417.462s][info][gc,phases   ] GC(20) Pause Mark End 0.226ms
[2021-02-07T18:35:42.225+0300][417.466s][info][gc,phases   ] GC(20) Concurrent Process Non-Strong References 3.281ms
[2021-02-07T18:35:42.226+0300][417.466s][info][gc,phases   ] GC(20) Concurrent Reset Relocation Set 0.679ms
[2021-02-07T18:35:42.230+0300][417.470s][info][gc,phases   ] GC(20) Concurrent Select Relocation Set 4.076ms
[2021-02-07T18:35:42.231+0300][417.471s][info][gc,phases   ] GC(20) Pause Relocate Start 0.173ms
[2021-02-07T18:35:42.245+0300][417.485s][info][gc,phases   ] GC(20) Concurrent Relocate 13.333ms
[2021-02-07T18:35:42.245+0300][417.485s][info][gc,load     ] GC(20) Load: 0.00/0.00/0.00
[2021-02-07T18:35:42.245+0300][417.485s][info][gc,mmu      ] GC(20) MMU: 2ms/76.9%, 5ms/90.7%, 10ms/95.0%, 20ms/97.5%, 50ms/98.9%, 100ms/99.0%
[2021-02-07T18:35:42.245+0300][417.485s][info][gc,marking  ] GC(20) Mark: 1 stripe(s), 2 proactive flush(es), 1 terminate flush(es), 1 completion(s), 0 continuation(s)
[2021-02-07T18:35:42.245+0300][417.485s][info][gc,nmethod  ] GC(20) NMethods: 1809 registered, 0 unregistered
[2021-02-07T18:35:42.245+0300][417.485s][info][gc,metaspace] GC(20) Metaspace: 6M used, 7M capacity, 7M committed, 1032M reserved
[2021-02-07T18:35:42.245+0300][417.485s][info][gc,ref      ] GC(20) Soft: 192 encountered, 107 discovered, 0 enqueued
[2021-02-07T18:35:42.245+0300][417.485s][info][gc,ref      ] GC(20) Weak: 1046 encountered, 637 discovered, 0 enqueued
[2021-02-07T18:35:42.245+0300][417.485s][info][gc,ref      ] GC(20) Final: 0 encountered, 0 discovered, 0 enqueued
[2021-02-07T18:35:42.245+0300][417.485s][info][gc,ref      ] GC(20) Phantom: 7 encountered, 6 discovered, 0 enqueued
[2021-02-07T18:35:42.245+0300][417.485s][info][gc,reloc    ] GC(20) Small Pages: 106 / 212M(95%), Empty: 0M(0%), Compacting: 26M(12%)->10M(5%)
[2021-02-07T18:35:42.245+0300][417.485s][info][gc,reloc    ] GC(20) Medium Pages: 0 / 0M(0%), Empty: 0M(0%), Compacting: 0M(0%)->0M(0%)
[2021-02-07T18:35:42.245+0300][417.485s][info][gc,reloc    ] GC(20) Large Pages: 1 / 10M(5%), Empty: 0M(0%), Compacting: 0M(0%)->0M(0%)
[2021-02-07T18:35:42.245+0300][417.485s][info][gc,reloc    ] GC(20) Relocation: Successful
[2021-02-07T18:35:42.245+0300][417.485s][info][gc,heap     ] GC(20) Min Capacity: 256M(100%)
[2021-02-07T18:35:42.245+0300][417.485s][info][gc,heap     ] GC(20) Max Capacity: 256M(100%)
[2021-02-07T18:35:42.245+0300][417.485s][info][gc,heap     ] GC(20) Soft Max Capacity: 256M(100%)
[2021-02-07T18:35:42.245+0300][417.485s][info][gc,heap     ] GC(20)                Mark Start          Mark End        Relocate Start      Relocate End           High               Low
[2021-02-07T18:35:42.245+0300][417.485s][info][gc,heap     ] GC(20)  Capacity:      256M (100%)        256M (100%)        256M (100%)        256M (100%)        256M (100%)        256M (100%)
[2021-02-07T18:35:42.245+0300][417.485s][info][gc,heap     ] GC(20)   Reserve:       12M (5%)           12M (5%)           12M (5%)           12M (5%)           12M (5%)           12M (5%)
[2021-02-07T18:35:42.245+0300][417.485s][info][gc,heap     ] GC(20)      Free:       22M (9%)           22M (9%)           22M (9%)           34M (13%)          34M (13%)          16M (6%)
[2021-02-07T18:35:42.245+0300][417.485s][info][gc,heap     ] GC(20)      Used:      222M (87%)         222M (87%)         222M (87%)         210M (82%)         228M (89%)         210M (82%)
[2021-02-07T18:35:42.245+0300][417.485s][info][gc,heap     ] GC(20)      Live:         -               197M (77%)         197M (77%)         197M (77%)            -                  -
[2021-02-07T18:35:42.245+0300][417.485s][info][gc,heap     ] GC(20) Allocated:         -                 0M (0%)            0M (0%)           14M (5%)             -                  -
[2021-02-07T18:35:42.245+0300][417.485s][info][gc,heap     ] GC(20)   Garbage:         -                24M (10%)          24M (10%)          12M (5%)             -                  -
[2021-02-07T18:35:42.245+0300][417.485s][info][gc,heap     ] GC(20) Reclaimed:         -                  -                 0M (0%)           12M (5%)             -                  -
[2021-02-07T18:35:42.245+0300][417.485s][info][gc          ] GC(20) Garbage Collection (Allocation Rate) 222M(87%)->210M(82%)
[2021-02-07T18:35:42.303+0300][417.543s][info][gc,start    ] GC(21) Garbage Collection (Allocation Rate)
[2021-02-07T18:35:42.304+0300][417.544s][info][gc,phases   ] GC(21) Pause Mark Start 0.143ms
[2021-02-07T18:35:42.607+0300][417.847s][info][gc,phases   ] GC(21) Concurrent Mark 303.146ms
[2021-02-07T18:35:42.608+0300][417.848s][info][gc,phases   ] GC(21) Pause Mark End 0.216ms
[2021-02-07T18:35:42.612+0300][417.852s][info][gc,phases   ] GC(21) Concurrent Process Non-Strong References 4.228ms
[2021-02-07T18:35:42.613+0300][417.853s][info][gc,phases   ] GC(21) Concurrent Reset Relocation Set 0.433ms
[2021-02-07T18:35:42.615+0300][417.855s][info][gc,phases   ] GC(21) Concurrent Select Relocation Set 2.201ms
[2021-02-07T18:35:42.616+0300][417.856s][info][gc,phases   ] GC(21) Pause Relocate Start 0.143ms
[2021-02-07T18:35:42.622+0300][417.863s][info][gc,phases   ] GC(21) Concurrent Relocate 6.306ms
[2021-02-07T18:35:42.622+0300][417.863s][info][gc,load     ] GC(21) Load: 0.00/0.00/0.00
[2021-02-07T18:35:42.623+0300][417.863s][info][gc,mmu      ] GC(21) MMU: 2ms/76.9%, 5ms/90.7%, 10ms/95.0%, 20ms/97.5%, 50ms/98.9%, 100ms/99.0%
[2021-02-07T18:35:42.623+0300][417.863s][info][gc,marking  ] GC(21) Mark: 1 stripe(s), 2 proactive flush(es), 1 terminate flush(es), 1 completion(s), 0 continuation(s)
[2021-02-07T18:35:42.623+0300][417.863s][info][gc,nmethod  ] GC(21) NMethods: 1811 registered, 0 unregistered
[2021-02-07T18:35:42.623+0300][417.863s][info][gc,metaspace] GC(21) Metaspace: 6M used, 7M capacity, 7M committed, 1032M reserved
[2021-02-07T18:35:42.623+0300][417.863s][info][gc,ref      ] GC(21) Soft: 189 encountered, 120 discovered, 14 enqueued
[2021-02-07T18:35:42.623+0300][417.863s][info][gc,ref      ] GC(21) Weak: 1042 encountered, 644 discovered, 0 enqueued
[2021-02-07T18:35:42.623+0300][417.863s][info][gc,ref      ] GC(21) Final: 0 encountered, 0 discovered, 0 enqueued
[2021-02-07T18:35:42.623+0300][417.863s][info][gc,ref      ] GC(21) Phantom: 7 encountered, 6 discovered, 0 enqueued
[2021-02-07T18:35:42.623+0300][417.863s][info][gc,reloc    ] GC(21) Small Pages: 100 / 200M(95%), Empty: 0M(0%), Compacting: 10M(5%)->4M(2%)
[2021-02-07T18:35:42.623+0300][417.863s][info][gc,reloc    ] GC(21) Medium Pages: 0 / 0M(0%), Empty: 0M(0%), Compacting: 0M(0%)->0M(0%)
[2021-02-07T18:35:42.623+0300][417.863s][info][gc,reloc    ] GC(21) Large Pages: 1 / 10M(5%), Empty: 0M(0%), Compacting: 0M(0%)->0M(0%)
[2021-02-07T18:35:42.623+0300][417.863s][info][gc,reloc    ] GC(21) Relocation: Successful
[2021-02-07T18:35:42.623+0300][417.863s][info][gc,heap     ] GC(21) Min Capacity: 256M(100%)
[2021-02-07T18:35:42.623+0300][417.863s][info][gc,heap     ] GC(21) Max Capacity: 256M(100%)
[2021-02-07T18:35:42.623+0300][417.863s][info][gc,heap     ] GC(21) Soft Max Capacity: 256M(100%)
[2021-02-07T18:35:42.623+0300][417.863s][info][gc,heap     ] GC(21)                Mark Start          Mark End        Relocate Start      Relocate End           High               Low
[2021-02-07T18:35:42.623+0300][417.863s][info][gc,heap     ] GC(21)  Capacity:      256M (100%)        256M (100%)        256M (100%)        256M (100%)        256M (100%)        256M (100%)
[2021-02-07T18:35:42.623+0300][417.863s][info][gc,heap     ] GC(21)   Reserve:       12M (5%)           12M (5%)           12M (5%)           12M (5%)           12M (5%)           12M (5%)
[2021-02-07T18:35:42.623+0300][417.863s][info][gc,heap     ] GC(21)      Free:       34M (13%)          32M (13%)          32M (13%)          36M (14%)          36M (14%)          30M (12%)
[2021-02-07T18:35:42.623+0300][417.863s][info][gc,heap     ] GC(21)      Used:      210M (82%)         212M (83%)         212M (83%)         208M (81%)         214M (84%)         208M (81%)
[2021-02-07T18:35:42.623+0300][417.863s][info][gc,heap     ] GC(21)      Live:         -               197M (77%)         197M (77%)         197M (77%)            -                  -
[2021-02-07T18:35:42.623+0300][417.863s][info][gc,heap     ] GC(21) Allocated:         -                 2M (1%)            2M (1%)            8M (3%)             -                  -
[2021-02-07T18:35:42.623+0300][417.863s][info][gc,heap     ] GC(21)   Garbage:         -                12M (5%)           12M (5%)            8M (3%)             -                  -
[2021-02-07T18:35:42.623+0300][417.863s][info][gc,heap     ] GC(21) Reclaimed:         -                  -                 0M (0%)            4M (2%)             -                  -
[2021-02-07T18:35:42.623+0300][417.863s][info][gc          ] GC(21) Garbage Collection (Allocation Rate) 210M(82%)->208M(81%)
[2021-02-07T18:35:44.804+0300][420.044s][info][gc,stats    ] === Garbage Collection Statistics =======================================================================================================================
[2021-02-07T18:35:44.804+0300][420.044s][info][gc,stats    ]                                                              Last 10s              Last 10m              Last 10h                Total
[2021-02-07T18:35:44.804+0300][420.044s][info][gc,stats    ]                                                              Avg / Max             Avg / Max             Avg / Max             Avg / Max
[2021-02-07T18:35:44.804+0300][420.044s][info][gc,stats    ]   Collector: Garbage Collection Cycle                    330.960 / 342.061     154.795 / 342.061     154.795 / 342.061     154.795 / 342.061     ms
[2021-02-07T18:35:44.804+0300][420.044s][info][gc,stats    ]  Contention: Mark Segment Reset Contention                     0 / 0                 0 / 0                 0 / 0                 0 / 0           ops/s
[2021-02-07T18:35:44.804+0300][420.044s][info][gc,stats    ]  Contention: Mark SeqNum Reset Contention                      0 / 0                 0 / 0                 0 / 0                 0 / 0           ops/s
[2021-02-07T18:35:44.804+0300][420.044s][info][gc,stats    ]  Contention: Relocation Contention                            11 / 117               0 / 167               0 / 167               0 / 167         ops/s
[2021-02-07T18:35:44.804+0300][420.044s][info][gc,stats    ]    Critical: Allocation Stall                              0.000 / 0.000         0.000 / 0.000         0.000 / 0.000         0.000 / 0.000       ms
[2021-02-07T18:35:44.804+0300][420.044s][info][gc,stats    ]    Critical: Allocation Stall                                  0 / 0                 0 / 0                 0 / 0                 0 / 0           ops/s
[2021-02-07T18:35:44.804+0300][420.044s][info][gc,stats    ]    Critical: GC Locker Stall                               0.000 / 0.000         0.000 / 0.000         0.000 / 0.000         0.000 / 0.000       ms
[2021-02-07T18:35:44.804+0300][420.044s][info][gc,stats    ]    Critical: GC Locker Stall                                   0 / 0                 0 / 0                 0 / 0                 0 / 0           ops/s
[2021-02-07T18:35:44.804+0300][420.044s][info][gc,stats    ]      Memory: Allocation Rate                                   2 / 24                1 / 304               1 / 304               1 / 304         MB/s
[2021-02-07T18:35:44.804+0300][420.044s][info][gc,stats    ]      Memory: Heap Used After Mark                            217 / 222             106 / 222             106 / 222             106 / 222         MB
[2021-02-07T18:35:44.804+0300][420.044s][info][gc,stats    ]      Memory: Heap Used After Relocation                      209 / 210              94 / 210              94 / 210              94 / 210         MB
[2021-02-07T18:35:44.804+0300][420.044s][info][gc,stats    ]      Memory: Heap Used Before Mark                           216 / 222             105 / 222             105 / 222             105 / 222         MB
[2021-02-07T18:35:44.804+0300][420.044s][info][gc,stats    ]      Memory: Heap Used Before Relocation                     217 / 222             104 / 222             104 / 222             104 / 222         MB
[2021-02-07T18:35:44.804+0300][420.044s][info][gc,stats    ]      Memory: Out Of Memory                                     0 / 0                 0 / 0                 0 / 0                 0 / 0           ops/s
[2021-02-07T18:35:44.804+0300][420.044s][info][gc,stats    ]      Memory: Page Cache Flush                                  0 / 0                 0 / 0                 0 / 0                 0 / 0           MB/s
[2021-02-07T18:35:44.804+0300][420.044s][info][gc,stats    ]      Memory: Page Cache Hit L1                                 1 / 16                0 / 21                0 / 21                0 / 21          ops/s
[2021-02-07T18:35:44.804+0300][420.044s][info][gc,stats    ]      Memory: Page Cache Hit L2                                 0 / 0                 0 / 0                 0 / 0                 0 / 0           ops/s
[2021-02-07T18:35:44.804+0300][420.044s][info][gc,stats    ]      Memory: Page Cache Hit L3                                 0 / 4                 0 / 16                0 / 16                0 / 16          ops/s
[2021-02-07T18:35:44.804+0300][420.044s][info][gc,stats    ]      Memory: Page Cache Miss                                   0 / 0                 0 / 0                 0 / 0                 0 / 0           ops/s
[2021-02-07T18:35:44.804+0300][420.044s][info][gc,stats    ]      Memory: Uncommit                                          0 / 0                 0 / 0                 0 / 0                 0 / 0           MB/s
[2021-02-07T18:35:44.804+0300][420.044s][info][gc,stats    ]      Memory: Undo Object Allocation Failed                     0 / 0                 0 / 0                 0 / 0                 0 / 0           ops/s
[2021-02-07T18:35:44.804+0300][420.044s][info][gc,stats    ]      Memory: Undo Object Allocation Succeeded                 11 / 117               0 / 167               0 / 167               0 / 167         ops/s
[2021-02-07T18:35:44.804+0300][420.044s][info][gc,stats    ]      Memory: Undo Page Allocation                              0 / 0                 0 / 0                 0 / 0                 0 / 0           ops/s
[2021-02-07T18:35:44.804+0300][420.044s][info][gc,stats    ]       Phase: Concurrent Mark                             309.329 / 315.513     136.951 / 315.513     136.951 / 315.513     136.951 / 315.513     ms
[2021-02-07T18:35:44.804+0300][420.044s][info][gc,stats    ]       Phase: Concurrent Mark Continue                      0.000 / 0.000         0.000 / 0.000         0.000 / 0.000         0.000 / 0.000       ms
[2021-02-07T18:35:44.804+0300][420.044s][info][gc,stats    ]       Phase: Concurrent Process Non-Strong References      3.755 / 4.228         1.885 / 4.228         1.885 / 4.228         1.885 / 4.228       ms
[2021-02-07T18:35:44.804+0300][420.044s][info][gc,stats    ]       Phase: Concurrent Relocate                           9.819 / 13.333       10.069 / 20.674       10.069 / 20.674       10.069 / 20.674      ms
[2021-02-07T18:35:44.804+0300][420.044s][info][gc,stats    ]       Phase: Concurrent Reset Relocation Set               0.556 / 0.679         0.360 / 0.806         0.360 / 0.806         0.360 / 0.806       ms
[2021-02-07T18:35:44.804+0300][420.044s][info][gc,stats    ]       Phase: Concurrent Select Relocation Set              3.139 / 4.076         3.336 / 7.297         3.336 / 7.297         3.336 / 7.297       ms
[2021-02-07T18:35:44.804+0300][420.044s][info][gc,stats    ]       Phase: Pause Mark End                                0.221 / 0.226         0.251 / 0.367         0.251 / 0.367         0.251 / 0.367       ms
[2021-02-07T18:35:44.804+0300][420.044s][info][gc,stats    ]       Phase: Pause Mark Start                              0.134 / 0.143         0.113 / 0.463         0.113 / 0.463         0.113 / 0.463       ms
[2021-02-07T18:35:44.804+0300][420.044s][info][gc,stats    ]       Phase: Pause Relocate Start                          0.158 / 0.173         0.135 / 0.287         0.135 / 0.287         0.135 / 0.287       ms
[2021-02-07T18:35:44.804+0300][420.044s][info][gc,stats    ]    Subphase: Concurrent Classes Purge                      0.147 / 0.155         0.113 / 0.244         0.113 / 0.244         0.113 / 0.244       ms
[2021-02-07T18:35:44.804+0300][420.044s][info][gc,stats    ]    Subphase: Concurrent Classes Unlink                     2.422 / 2.906         1.107 / 2.906         1.107 / 2.906         1.107 / 2.906       ms
[2021-02-07T18:35:44.804+0300][420.044s][info][gc,stats    ]    Subphase: Concurrent Mark                             309.101 / 315.311     136.746 / 315.311     136.746 / 315.311     136.746 / 315.311     ms
[2021-02-07T18:35:44.804+0300][420.044s][info][gc,stats    ]    Subphase: Concurrent Mark Idle                          0.000 / 0.000         0.000 / 0.000         0.000 / 0.000         0.000 / 0.000       ms
[2021-02-07T18:35:44.804+0300][420.044s][info][gc,stats    ]    Subphase: Concurrent Mark Try Flush                     1.143 / 2.365         0.380 / 2.365         0.380 / 2.365         0.380 / 2.365       ms
[2021-02-07T18:35:44.804+0300][420.044s][info][gc,stats    ]    Subphase: Concurrent Mark Try Terminate                 0.444 / 0.946         0.189 / 0.946         0.189 / 0.946         0.189 / 0.946       ms
[2021-02-07T18:35:44.804+0300][420.044s][info][gc,stats    ]    Subphase: Concurrent References Enqueue                 0.002 / 0.005         0.002 / 0.005         0.002 / 0.005         0.002 / 0.005       ms
[2021-02-07T18:35:44.804+0300][420.044s][info][gc,stats    ]    Subphase: Concurrent References Process                 0.139 / 0.144         0.111 / 0.211         0.111 / 0.211         0.111 / 0.211       ms
[2021-02-07T18:35:44.804+0300][420.044s][info][gc,stats    ]    Subphase: Concurrent Roots                              0.075 / 0.088         0.059 / 0.114         0.059 / 0.114         0.059 / 0.114       ms
[2021-02-07T18:35:44.804+0300][420.044s][info][gc,stats    ]    Subphase: Concurrent Roots ClassLoaderDataGraph         0.069 / 0.080         0.054 / 0.107         0.054 / 0.107         0.054 / 0.107       ms
[2021-02-07T18:35:44.804+0300][420.044s][info][gc,stats    ]    Subphase: Concurrent Roots JNIHandles                   0.003 / 0.004         0.002 / 0.004         0.002 / 0.004         0.002 / 0.004       ms
[2021-02-07T18:35:44.804+0300][420.044s][info][gc,stats    ]    Subphase: Concurrent Roots Setup                        0.006 / 0.006         0.005 / 0.009         0.005 / 0.009         0.005 / 0.009       ms
[2021-02-07T18:35:44.804+0300][420.044s][info][gc,stats    ]    Subphase: Concurrent Roots Teardown                     0.000 / 0.000         0.000 / 0.000         0.000 / 0.000         0.000 / 0.000       ms
[2021-02-07T18:35:44.804+0300][420.044s][info][gc,stats    ]    Subphase: Concurrent Roots VMHandles                    0.002 / 0.003         0.002 / 0.003         0.002 / 0.003         0.002 / 0.003       ms
[2021-02-07T18:35:44.804+0300][420.044s][info][gc,stats    ]    Subphase: Concurrent Weak Roots                         0.262 / 0.294         0.189 / 0.414         0.189 / 0.414         0.189 / 0.414       ms
[2021-02-07T18:35:44.804+0300][420.044s][info][gc,stats    ]    Subphase: Concurrent Weak Roots JNIWeakHandles          0.000 / 0.000         0.000 / 0.000         0.000 / 0.000         0.000 / 0.000       ms
[2021-02-07T18:35:44.804+0300][420.044s][info][gc,stats    ]    Subphase: Concurrent Weak Roots ResolvedMethodTable     0.017 / 0.017         0.015 / 0.028         0.015 / 0.028         0.015 / 0.028       ms
[2021-02-07T18:35:44.804+0300][420.044s][info][gc,stats    ]    Subphase: Concurrent Weak Roots StringTable             0.237 / 0.268         0.168 / 0.383         0.168 / 0.383         0.168 / 0.383       ms
[2021-02-07T18:35:44.804+0300][420.044s][info][gc,stats    ]    Subphase: Concurrent Weak Roots VMWeakHandles           0.007 / 0.009         0.005 / 0.010         0.005 / 0.010         0.005 / 0.010       ms
[2021-02-07T18:35:44.804+0300][420.044s][info][gc,stats    ]    Subphase: Pause Mark Try Complete                       0.037 / 0.038         0.078 / 0.189         0.078 / 0.189         0.078 / 0.189       ms
[2021-02-07T18:35:44.804+0300][420.044s][info][gc,stats    ]    Subphase: Pause Roots                                   0.047 / 0.065         0.050 / 0.408         0.050 / 0.408         0.050 / 0.408       ms
[2021-02-07T18:35:44.804+0300][420.044s][info][gc,stats    ]    Subphase: Pause Roots CodeCache                         0.000 / 0.000         0.000 / 0.000         0.000 / 0.000         0.000 / 0.000       ms
[2021-02-07T18:35:44.804+0300][420.044s][info][gc,stats    ]    Subphase: Pause Roots JVMTIExport                       0.000 / 0.000         0.000 / 0.002         0.000 / 0.002         0.000 / 0.002       ms
[2021-02-07T18:35:44.804+0300][420.044s][info][gc,stats    ]    Subphase: Pause Roots JVMTIWeakExport                   0.000 / 0.000         0.000 / 0.001         0.000 / 0.001         0.000 / 0.001       ms
[2021-02-07T18:35:44.804+0300][420.044s][info][gc,stats    ]    Subphase: Pause Roots Java Threads                      0.045 / 0.063         0.044 / 0.404         0.044 / 0.404         0.044 / 0.404       ms
[2021-02-07T18:35:44.804+0300][420.045s][info][gc,stats    ]    Subphase: Pause Roots Management                        0.001 / 0.001         0.007 / 0.033         0.007 / 0.033         0.007 / 0.033       ms
[2021-02-07T18:35:44.804+0300][420.045s][info][gc,stats    ]    Subphase: Pause Roots ObjectSynchronizer                0.000 / 0.000         0.000 / 0.004         0.000 / 0.004         0.000 / 0.004       ms
[2021-02-07T18:35:44.804+0300][420.045s][info][gc,stats    ]    Subphase: Pause Roots Setup                             0.000 / 0.000         0.000 / 0.001         0.000 / 0.001         0.000 / 0.001       ms
[2021-02-07T18:35:44.804+0300][420.045s][info][gc,stats    ]    Subphase: Pause Roots Teardown                          0.001 / 0.001         0.001 / 0.002         0.001 / 0.002         0.001 / 0.002       ms
[2021-02-07T18:35:44.804+0300][420.045s][info][gc,stats    ]    Subphase: Pause Roots Universe                          0.001 / 0.002         0.002 / 0.027         0.002 / 0.027         0.002 / 0.027       ms
[2021-02-07T18:35:44.804+0300][420.045s][info][gc,stats    ]    Subphase: Pause Roots VM Thread                         0.001 / 0.001         0.001 / 0.010         0.001 / 0.010         0.001 / 0.010       ms
[2021-02-07T18:35:44.804+0300][420.045s][info][gc,stats    ]    Subphase: Pause Weak Roots                              0.001 / 0.001         0.001 / 0.014         0.001 / 0.014         0.001 / 0.014       ms
[2021-02-07T18:35:44.804+0300][420.045s][info][gc,stats    ]    Subphase: Pause Weak Roots JFRWeak                      0.000 / 0.000         0.001 / 0.013         0.001 / 0.013         0.001 / 0.013       ms
[2021-02-07T18:35:44.804+0300][420.045s][info][gc,stats    ]    Subphase: Pause Weak Roots JVMTIWeakExport              0.000 / 0.001         0.001 / 0.013         0.001 / 0.013         0.001 / 0.013       ms
[2021-02-07T18:35:44.804+0300][420.045s][info][gc,stats    ]    Subphase: Pause Weak Roots Setup                        0.000 / 0.000         0.000 / 0.000         0.000 / 0.000         0.000 / 0.000       ms
[2021-02-07T18:35:44.804+0300][420.045s][info][gc,stats    ]    Subphase: Pause Weak Roots Teardown                     0.000 / 0.000         0.000 / 0.000         0.000 / 0.000         0.000 / 0.000       ms
[2021-02-07T18:35:44.804+0300][420.045s][info][gc,stats    ]      System: Java Threads                                     16 / 16               13 / 16               13 / 16               13 / 16          threads
[2021-02-07T18:35:44.804+0300][420.045s][info][gc,stats    ] =========================================================================================================================================================
[2021-02-07T18:35:54.804+0300][430.044s][info][gc,stats    ] === Garbage Collection Statistics =======================================================================================================================
[2021-02-07T18:35:54.804+0300][430.044s][info][gc,stats    ]                                                              Last 10s              Last 10m              Last 10h                Total
[2021-02-07T18:35:54.804+0300][430.044s][info][gc,stats    ]                                                              Avg / Max             Avg / Max             Avg / Max             Avg / Max
[2021-02-07T18:35:54.804+0300][430.044s][info][gc,stats    ]   Collector: Garbage Collection Cycle                      0.000 / 0.000       154.795 / 342.061     154.795 / 342.061     154.795 / 342.061     ms
[2021-02-07T18:35:54.804+0300][430.044s][info][gc,stats    ]  Contention: Mark Segment Reset Contention                     0 / 0                 0 / 0                 0 / 0                 0 / 0           ops/s
[2021-02-07T18:35:54.804+0300][430.044s][info][gc,stats    ]  Contention: Mark SeqNum Reset Contention                      0 / 0                 0 / 0                 0 / 0                 0 / 0           ops/s
[2021-02-07T18:35:54.804+0300][430.044s][info][gc,stats    ]  Contention: Relocation Contention                             0 / 0                 0 / 167               0 / 167               0 / 167         ops/s
[2021-02-07T18:35:54.804+0300][430.044s][info][gc,stats    ]    Critical: Allocation Stall                              0.000 / 0.000         0.000 / 0.000         0.000 / 0.000         0.000 / 0.000       ms
[2021-02-07T18:35:54.804+0300][430.044s][info][gc,stats    ]    Critical: Allocation Stall                                  0 / 0                 0 / 0                 0 / 0                 0 / 0           ops/s
[2021-02-07T18:35:54.804+0300][430.044s][info][gc,stats    ]    Critical: GC Locker Stall                               0.000 / 0.000         0.000 / 0.000         0.000 / 0.000         0.000 / 0.000       ms
[2021-02-07T18:35:54.804+0300][430.044s][info][gc,stats    ]    Critical: GC Locker Stall                                   0 / 0                 0 / 0                 0 / 0                 0 / 0           ops/s
[2021-02-07T18:35:54.804+0300][430.044s][info][gc,stats    ]      Memory: Allocation Rate                                   0 / 2                 1 / 304               1 / 304               1 / 304         MB/s
[2021-02-07T18:35:54.804+0300][430.044s][info][gc,stats    ]      Memory: Heap Used After Mark                              0 / 0               106 / 222             106 / 222             106 / 222         MB
[2021-02-07T18:35:54.804+0300][430.044s][info][gc,stats    ]      Memory: Heap Used After Relocation                        0 / 0                94 / 210              94 / 210              94 / 210         MB
[2021-02-07T18:35:54.804+0300][430.044s][info][gc,stats    ]      Memory: Heap Used Before Mark                             0 / 0               105 / 222             105 / 222             105 / 222         MB
[2021-02-07T18:35:54.804+0300][430.044s][info][gc,stats    ]      Memory: Heap Used Before Relocation                       0 / 0               104 / 222             104 / 222             104 / 222         MB
[2021-02-07T18:35:54.804+0300][430.044s][info][gc,stats    ]      Memory: Out Of Memory                                     0 / 0                 0 / 0                 0 / 0                 0 / 0           ops/s
[2021-02-07T18:35:54.804+0300][430.044s][info][gc,stats    ]      Memory: Page Cache Flush                                  0 / 0                 0 / 0                 0 / 0                 0 / 0           MB/s
[2021-02-07T18:35:54.804+0300][430.044s][info][gc,stats    ]      Memory: Page Cache Hit L1                                 0 / 1                 0 / 21                0 / 21                0 / 21          ops/s
[2021-02-07T18:35:54.804+0300][430.044s][info][gc,stats    ]      Memory: Page Cache Hit L2                                 0 / 0                 0 / 0                 0 / 0                 0 / 0           ops/s
[2021-02-07T18:35:54.804+0300][430.044s][info][gc,stats    ]      Memory: Page Cache Hit L3                                 0 / 0                 0 / 16                0 / 16                0 / 16          ops/s
[2021-02-07T18:35:54.804+0300][430.044s][info][gc,stats    ]      Memory: Page Cache Miss                                   0 / 0                 0 / 0                 0 / 0                 0 / 0           ops/s
[2021-02-07T18:35:54.804+0300][430.044s][info][gc,stats    ]      Memory: Uncommit                                          0 / 0                 0 / 0                 0 / 0                 0 / 0           MB/s
[2021-02-07T18:35:54.804+0300][430.044s][info][gc,stats    ]      Memory: Undo Object Allocation Failed                     0 / 0                 0 / 0                 0 / 0                 0 / 0           ops/s
[2021-02-07T18:35:54.804+0300][430.044s][info][gc,stats    ]      Memory: Undo Object Allocation Succeeded                  0 / 0                 0 / 167               0 / 167               0 / 167         ops/s
[2021-02-07T18:35:54.804+0300][430.044s][info][gc,stats    ]      Memory: Undo Page Allocation                              0 / 0                 0 / 0                 0 / 0                 0 / 0           ops/s
[2021-02-07T18:35:54.804+0300][430.044s][info][gc,stats    ]       Phase: Concurrent Mark                               0.000 / 0.000       136.951 / 315.513     136.951 / 315.513     136.951 / 315.513     ms
[2021-02-07T18:35:54.804+0300][430.044s][info][gc,stats    ]       Phase: Concurrent Mark Continue                      0.000 / 0.000         0.000 / 0.000         0.000 / 0.000         0.000 / 0.000       ms
[2021-02-07T18:35:54.804+0300][430.044s][info][gc,stats    ]       Phase: Concurrent Process Non-Strong References      0.000 / 0.000         1.885 / 4.228         1.885 / 4.228         1.885 / 4.228       ms
[2021-02-07T18:35:54.804+0300][430.044s][info][gc,stats    ]       Phase: Concurrent Relocate                           0.000 / 0.000        10.069 / 20.674       10.069 / 20.674       10.069 / 20.674      ms
[2021-02-07T18:35:54.804+0300][430.044s][info][gc,stats    ]       Phase: Concurrent Reset Relocation Set               0.000 / 0.000         0.360 / 0.806         0.360 / 0.806         0.360 / 0.806       ms
[2021-02-07T18:35:54.804+0300][430.044s][info][gc,stats    ]       Phase: Concurrent Select Relocation Set              0.000 / 0.000         3.336 / 7.297         3.336 / 7.297         3.336 / 7.297       ms
[2021-02-07T18:35:54.804+0300][430.044s][info][gc,stats    ]       Phase: Pause Mark End                                0.000 / 0.000         0.251 / 0.367         0.251 / 0.367         0.251 / 0.367       ms
[2021-02-07T18:35:54.804+0300][430.044s][info][gc,stats    ]       Phase: Pause Mark Start                              0.000 / 0.000         0.113 / 0.463         0.113 / 0.463         0.113 / 0.463       ms
[2021-02-07T18:35:54.804+0300][430.044s][info][gc,stats    ]       Phase: Pause Relocate Start                          0.000 / 0.000         0.135 / 0.287         0.135 / 0.287         0.135 / 0.287       ms
[2021-02-07T18:35:54.804+0300][430.044s][info][gc,stats    ]    Subphase: Concurrent Classes Purge                      0.000 / 0.000         0.113 / 0.244         0.113 / 0.244         0.113 / 0.244       ms
[2021-02-07T18:35:54.804+0300][430.044s][info][gc,stats    ]    Subphase: Concurrent Classes Unlink                     0.000 / 0.000         1.107 / 2.906         1.107 / 2.906         1.107 / 2.906       ms
[2021-02-07T18:35:54.804+0300][430.044s][info][gc,stats    ]    Subphase: Concurrent Mark                               0.000 / 0.000       136.746 / 315.311     136.746 / 315.311     136.746 / 315.311     ms
[2021-02-07T18:35:54.804+0300][430.044s][info][gc,stats    ]    Subphase: Concurrent Mark Idle                          0.000 / 0.000         0.000 / 0.000         0.000 / 0.000         0.000 / 0.000       ms
[2021-02-07T18:35:54.804+0300][430.044s][info][gc,stats    ]    Subphase: Concurrent Mark Try Flush                     0.000 / 0.000         0.380 / 2.365         0.380 / 2.365         0.380 / 2.365       ms
[2021-02-07T18:35:54.804+0300][430.044s][info][gc,stats    ]    Subphase: Concurrent Mark Try Terminate                 0.000 / 0.000         0.189 / 0.946         0.189 / 0.946         0.189 / 0.946       ms
[2021-02-07T18:35:54.804+0300][430.044s][info][gc,stats    ]    Subphase: Concurrent References Enqueue                 0.000 / 0.000         0.002 / 0.005         0.002 / 0.005         0.002 / 0.005       ms
[2021-02-07T18:35:54.804+0300][430.044s][info][gc,stats    ]    Subphase: Concurrent References Process                 0.000 / 0.000         0.111 / 0.211         0.111 / 0.211         0.111 / 0.211       ms
[2021-02-07T18:35:54.804+0300][430.044s][info][gc,stats    ]    Subphase: Concurrent Roots                              0.000 / 0.000         0.059 / 0.114         0.059 / 0.114         0.059 / 0.114       ms
[2021-02-07T18:35:54.804+0300][430.044s][info][gc,stats    ]    Subphase: Concurrent Roots ClassLoaderDataGraph         0.000 / 0.000         0.054 / 0.107         0.054 / 0.107         0.054 / 0.107       ms
[2021-02-07T18:35:54.804+0300][430.044s][info][gc,stats    ]    Subphase: Concurrent Roots JNIHandles                   0.000 / 0.000         0.002 / 0.004         0.002 / 0.004         0.002 / 0.004       ms
[2021-02-07T18:35:54.804+0300][430.045s][info][gc,stats    ]    Subphase: Concurrent Roots Setup                        0.000 / 0.000         0.005 / 0.009         0.005 / 0.009         0.005 / 0.009       ms
[2021-02-07T18:35:54.804+0300][430.045s][info][gc,stats    ]    Subphase: Concurrent Roots Teardown                     0.000 / 0.000         0.000 / 0.000         0.000 / 0.000         0.000 / 0.000       ms
[2021-02-07T18:35:54.804+0300][430.045s][info][gc,stats    ]    Subphase: Concurrent Roots VMHandles                    0.000 / 0.000         0.002 / 0.003         0.002 / 0.003         0.002 / 0.003       ms
[2021-02-07T18:35:54.804+0300][430.045s][info][gc,stats    ]    Subphase: Concurrent Weak Roots                         0.000 / 0.000         0.189 / 0.414         0.189 / 0.414         0.189 / 0.414       ms
[2021-02-07T18:35:54.804+0300][430.045s][info][gc,stats    ]    Subphase: Concurrent Weak Roots JNIWeakHandles          0.000 / 0.000         0.000 / 0.000         0.000 / 0.000         0.000 / 0.000       ms
[2021-02-07T18:35:54.804+0300][430.045s][info][gc,stats    ]    Subphase: Concurrent Weak Roots ResolvedMethodTable     0.000 / 0.000         0.015 / 0.028         0.015 / 0.028         0.015 / 0.028       ms
[2021-02-07T18:35:54.804+0300][430.045s][info][gc,stats    ]    Subphase: Concurrent Weak Roots StringTable             0.000 / 0.000         0.168 / 0.383         0.168 / 0.383         0.168 / 0.383       ms
[2021-02-07T18:35:54.804+0300][430.045s][info][gc,stats    ]    Subphase: Concurrent Weak Roots VMWeakHandles           0.000 / 0.000         0.005 / 0.010         0.005 / 0.010         0.005 / 0.010       ms
[2021-02-07T18:35:54.804+0300][430.045s][info][gc,stats    ]    Subphase: Pause Mark Try Complete                       0.000 / 0.000         0.078 / 0.189         0.078 / 0.189         0.078 / 0.189       ms
[2021-02-07T18:35:54.804+0300][430.045s][info][gc,stats    ]    Subphase: Pause Roots                                   0.000 / 0.000         0.050 / 0.408         0.050 / 0.408         0.050 / 0.408       ms
[2021-02-07T18:35:54.804+0300][430.045s][info][gc,stats    ]    Subphase: Pause Roots CodeCache                         0.000 / 0.000         0.000 / 0.000         0.000 / 0.000         0.000 / 0.000       ms
[2021-02-07T18:35:54.805+0300][430.045s][info][gc,stats    ]    Subphase: Pause Roots JVMTIExport                       0.000 / 0.000         0.000 / 0.002         0.000 / 0.002         0.000 / 0.002       ms
[2021-02-07T18:35:54.805+0300][430.045s][info][gc,stats    ]    Subphase: Pause Roots JVMTIWeakExport                   0.000 / 0.000         0.000 / 0.001         0.000 / 0.001         0.000 / 0.001       ms
[2021-02-07T18:35:54.805+0300][430.045s][info][gc,stats    ]    Subphase: Pause Roots Java Threads                      0.000 / 0.000         0.044 / 0.404         0.044 / 0.404         0.044 / 0.404       ms
[2021-02-07T18:35:54.805+0300][430.045s][info][gc,stats    ]    Subphase: Pause Roots Management                        0.000 / 0.000         0.007 / 0.033         0.007 / 0.033         0.007 / 0.033       ms
[2021-02-07T18:35:54.805+0300][430.045s][info][gc,stats    ]    Subphase: Pause Roots ObjectSynchronizer                0.000 / 0.000         0.000 / 0.004         0.000 / 0.004         0.000 / 0.004       ms
[2021-02-07T18:35:54.805+0300][430.045s][info][gc,stats    ]    Subphase: Pause Roots Setup                             0.000 / 0.000         0.000 / 0.001         0.000 / 0.001         0.000 / 0.001       ms
[2021-02-07T18:35:54.805+0300][430.045s][info][gc,stats    ]    Subphase: Pause Roots Teardown                          0.000 / 0.000         0.001 / 0.002         0.001 / 0.002         0.001 / 0.002       ms
[2021-02-07T18:35:54.805+0300][430.045s][info][gc,stats    ]    Subphase: Pause Roots Universe                          0.000 / 0.000         0.002 / 0.027         0.002 / 0.027         0.002 / 0.027       ms
[2021-02-07T18:35:54.805+0300][430.045s][info][gc,stats    ]    Subphase: Pause Roots VM Thread                         0.000 / 0.000         0.001 / 0.010         0.001 / 0.010         0.001 / 0.010       ms
[2021-02-07T18:35:54.805+0300][430.045s][info][gc,stats    ]    Subphase: Pause Weak Roots                              0.000 / 0.000         0.001 / 0.014         0.001 / 0.014         0.001 / 0.014       ms
[2021-02-07T18:35:54.805+0300][430.045s][info][gc,stats    ]    Subphase: Pause Weak Roots JFRWeak                      0.000 / 0.000         0.001 / 0.013         0.001 / 0.013         0.001 / 0.013       ms
[2021-02-07T18:35:54.805+0300][430.045s][info][gc,stats    ]    Subphase: Pause Weak Roots JVMTIWeakExport              0.000 / 0.000         0.001 / 0.013         0.001 / 0.013         0.001 / 0.013       ms
[2021-02-07T18:35:54.805+0300][430.045s][info][gc,stats    ]    Subphase: Pause Weak Roots Setup                        0.000 / 0.000         0.000 / 0.000         0.000 / 0.000         0.000 / 0.000       ms
[2021-02-07T18:35:54.805+0300][430.045s][info][gc,stats    ]    Subphase: Pause Weak Roots Teardown                     0.000 / 0.000         0.000 / 0.000         0.000 / 0.000         0.000 / 0.000       ms
[2021-02-07T18:35:54.805+0300][430.045s][info][gc,stats    ]      System: Java Threads                                      0 / 0                13 / 16               13 / 16               13 / 16          threads
[2021-02-07T18:35:54.805+0300][430.045s][info][gc,stats    ] =========================================================================================================================================================
[2021-02-07T18:36:04.810+0300][440.050s][info][gc,stats    ] === Garbage Collection Statistics =======================================================================================================================
[2021-02-07T18:36:04.810+0300][440.050s][info][gc,stats    ]                                                              Last 10s              Last 10m              Last 10h                Total
[2021-02-07T18:36:04.810+0300][440.050s][info][gc,stats    ]                                                              Avg / Max             Avg / Max             Avg / Max             Avg / Max
[2021-02-07T18:36:04.810+0300][440.050s][info][gc,stats    ]   Collector: Garbage Collection Cycle                      0.000 / 0.000       154.795 / 342.061     154.795 / 342.061     154.795 / 342.061     ms
[2021-02-07T18:36:04.810+0300][440.050s][info][gc,stats    ]  Contention: Mark Segment Reset Contention                     0 / 0                 0 / 0                 0 / 0                 0 / 0           ops/s
[2021-02-07T18:36:04.810+0300][440.050s][info][gc,stats    ]  Contention: Mark SeqNum Reset Contention                      0 / 0                 0 / 0                 0 / 0                 0 / 0           ops/s
[2021-02-07T18:36:04.810+0300][440.050s][info][gc,stats    ]  Contention: Relocation Contention                             0 / 0                 0 / 167               0 / 167               0 / 167         ops/s
[2021-02-07T18:36:04.810+0300][440.050s][info][gc,stats    ]    Critical: Allocation Stall                              0.000 / 0.000         0.000 / 0.000         0.000 / 0.000         0.000 / 0.000       ms
[2021-02-07T18:36:04.810+0300][440.050s][info][gc,stats    ]    Critical: Allocation Stall                                  0 / 0                 0 / 0                 0 / 0                 0 / 0           ops/s
[2021-02-07T18:36:04.810+0300][440.050s][info][gc,stats    ]    Critical: GC Locker Stall                               0.000 / 0.000         0.000 / 0.000         0.000 / 0.000         0.000 / 0.000       ms
[2021-02-07T18:36:04.810+0300][440.050s][info][gc,stats    ]    Critical: GC Locker Stall                                   0 / 0                 0 / 0                 0 / 0                 0 / 0           ops/s
[2021-02-07T18:36:04.810+0300][440.050s][info][gc,stats    ]      Memory: Allocation Rate                                   0 / 0                 1 / 304               1 / 304               1 / 304         MB/s
[2021-02-07T18:36:04.810+0300][440.050s][info][gc,stats    ]      Memory: Heap Used After Mark                              0 / 0               106 / 222             106 / 222             106 / 222         MB
[2021-02-07T18:36:04.810+0300][440.050s][info][gc,stats    ]      Memory: Heap Used After Relocation                        0 / 0                94 / 210              94 / 210              94 / 210         MB
[2021-02-07T18:36:04.810+0300][440.050s][info][gc,stats    ]      Memory: Heap Used Before Mark                             0 / 0               105 / 222             105 / 222             105 / 222         MB
[2021-02-07T18:36:04.810+0300][440.050s][info][gc,stats    ]      Memory: Heap Used Before Relocation                       0 / 0               104 / 222             104 / 222             104 / 222         MB
[2021-02-07T18:36:04.810+0300][440.050s][info][gc,stats    ]      Memory: Out Of Memory                                     0 / 0                 0 / 0                 0 / 0                 0 / 0           ops/s
[2021-02-07T18:36:04.810+0300][440.050s][info][gc,stats    ]      Memory: Page Cache Flush                                  0 / 0                 0 / 0                 0 / 0                 0 / 0           MB/s
[2021-02-07T18:36:04.810+0300][440.050s][info][gc,stats    ]      Memory: Page Cache Hit L1                                 0 / 0                 0 / 21                0 / 21                0 / 21          ops/s
[2021-02-07T18:36:04.810+0300][440.050s][info][gc,stats    ]      Memory: Page Cache Hit L2                                 0 / 0                 0 / 0                 0 / 0                 0 / 0           ops/s
[2021-02-07T18:36:04.810+0300][440.050s][info][gc,stats    ]      Memory: Page Cache Hit L3                                 0 / 0                 0 / 16                0 / 16                0 / 16          ops/s
[2021-02-07T18:36:04.810+0300][440.050s][info][gc,stats    ]      Memory: Page Cache Miss                                   0 / 0                 0 / 0                 0 / 0                 0 / 0           ops/s
[2021-02-07T18:36:04.810+0300][440.050s][info][gc,stats    ]      Memory: Uncommit                                          0 / 0                 0 / 0                 0 / 0                 0 / 0           MB/s
[2021-02-07T18:36:04.810+0300][440.050s][info][gc,stats    ]      Memory: Undo Object Allocation Failed                     0 / 0                 0 / 0                 0 / 0                 0 / 0           ops/s
[2021-02-07T18:36:04.810+0300][440.050s][info][gc,stats    ]      Memory: Undo Object Allocation Succeeded                  0 / 0                 0 / 167               0 / 167               0 / 167         ops/s
[2021-02-07T18:36:04.810+0300][440.050s][info][gc,stats    ]      Memory: Undo Page Allocation                              0 / 0                 0 / 0                 0 / 0                 0 / 0           ops/s
[2021-02-07T18:36:04.810+0300][440.050s][info][gc,stats    ]       Phase: Concurrent Mark                               0.000 / 0.000       136.951 / 315.513     136.951 / 315.513     136.951 / 315.513     ms
[2021-02-07T18:36:04.810+0300][440.050s][info][gc,stats    ]       Phase: Concurrent Mark Continue                      0.000 / 0.000         0.000 / 0.000         0.000 / 0.000         0.000 / 0.000       ms
[2021-02-07T18:36:04.810+0300][440.050s][info][gc,stats    ]       Phase: Concurrent Process Non-Strong References      0.000 / 0.000         1.885 / 4.228         1.885 / 4.228         1.885 / 4.228       ms
[2021-02-07T18:36:04.810+0300][440.050s][info][gc,stats    ]       Phase: Concurrent Relocate                           0.000 / 0.000        10.069 / 20.674       10.069 / 20.674       10.069 / 20.674      ms
[2021-02-07T18:36:04.810+0300][440.050s][info][gc,stats    ]       Phase: Concurrent Reset Relocation Set               0.000 / 0.000         0.360 / 0.806         0.360 / 0.806         0.360 / 0.806       ms
[2021-02-07T18:36:04.810+0300][440.050s][info][gc,stats    ]       Phase: Concurrent Select Relocation Set              0.000 / 0.000         3.336 / 7.297         3.336 / 7.297         3.336 / 7.297       ms
[2021-02-07T18:36:04.810+0300][440.050s][info][gc,stats    ]       Phase: Pause Mark End                                0.000 / 0.000         0.251 / 0.367         0.251 / 0.367         0.251 / 0.367       ms
[2021-02-07T18:36:04.810+0300][440.050s][info][gc,stats    ]       Phase: Pause Mark Start                              0.000 / 0.000         0.113 / 0.463         0.113 / 0.463         0.113 / 0.463       ms
[2021-02-07T18:36:04.810+0300][440.050s][info][gc,stats    ]       Phase: Pause Relocate Start                          0.000 / 0.000         0.135 / 0.287         0.135 / 0.287         0.135 / 0.287       ms
[2021-02-07T18:36:04.810+0300][440.050s][info][gc,stats    ]    Subphase: Concurrent Classes Purge                      0.000 / 0.000         0.113 / 0.244         0.113 / 0.244         0.113 / 0.244       ms
[2021-02-07T18:36:04.810+0300][440.050s][info][gc,stats    ]    Subphase: Concurrent Classes Unlink                     0.000 / 0.000         1.107 / 2.906         1.107 / 2.906         1.107 / 2.906       ms
[2021-02-07T18:36:04.810+0300][440.050s][info][gc,stats    ]    Subphase: Concurrent Mark                               0.000 / 0.000       136.746 / 315.311     136.746 / 315.311     136.746 / 315.311     ms
[2021-02-07T18:36:04.810+0300][440.050s][info][gc,stats    ]    Subphase: Concurrent Mark Idle                          0.000 / 0.000         0.000 / 0.000         0.000 / 0.000         0.000 / 0.000       ms
[2021-02-07T18:36:04.810+0300][440.050s][info][gc,stats    ]    Subphase: Concurrent Mark Try Flush                     0.000 / 0.000         0.380 / 2.365         0.380 / 2.365         0.380 / 2.365       ms
[2021-02-07T18:36:04.810+0300][440.050s][info][gc,stats    ]    Subphase: Concurrent Mark Try Terminate                 0.000 / 0.000         0.189 / 0.946         0.189 / 0.946         0.189 / 0.946       ms
[2021-02-07T18:36:04.810+0300][440.050s][info][gc,stats    ]    Subphase: Concurrent References Enqueue                 0.000 / 0.000         0.002 / 0.005         0.002 / 0.005         0.002 / 0.005       ms
[2021-02-07T18:36:04.810+0300][440.050s][info][gc,stats    ]    Subphase: Concurrent References Process                 0.000 / 0.000         0.111 / 0.211         0.111 / 0.211         0.111 / 0.211       ms
[2021-02-07T18:36:04.810+0300][440.050s][info][gc,stats    ]    Subphase: Concurrent Roots                              0.000 / 0.000         0.059 / 0.114         0.059 / 0.114         0.059 / 0.114       ms
[2021-02-07T18:36:04.810+0300][440.050s][info][gc,stats    ]    Subphase: Concurrent Roots ClassLoaderDataGraph         0.000 / 0.000         0.054 / 0.107         0.054 / 0.107         0.054 / 0.107       ms
[2021-02-07T18:36:04.810+0300][440.050s][info][gc,stats    ]    Subphase: Concurrent Roots JNIHandles                   0.000 / 0.000         0.002 / 0.004         0.002 / 0.004         0.002 / 0.004       ms
[2021-02-07T18:36:04.810+0300][440.050s][info][gc,stats    ]    Subphase: Concurrent Roots Setup                        0.000 / 0.000         0.005 / 0.009         0.005 / 0.009         0.005 / 0.009       ms
[2021-02-07T18:36:04.810+0300][440.050s][info][gc,stats    ]    Subphase: Concurrent Roots Teardown                     0.000 / 0.000         0.000 / 0.000         0.000 / 0.000         0.000 / 0.000       ms
[2021-02-07T18:36:04.810+0300][440.050s][info][gc,stats    ]    Subphase: Concurrent Roots VMHandles                    0.000 / 0.000         0.002 / 0.003         0.002 / 0.003         0.002 / 0.003       ms
[2021-02-07T18:36:04.810+0300][440.050s][info][gc,stats    ]    Subphase: Concurrent Weak Roots                         0.000 / 0.000         0.189 / 0.414         0.189 / 0.414         0.189 / 0.414       ms
[2021-02-07T18:36:04.810+0300][440.050s][info][gc,stats    ]    Subphase: Concurrent Weak Roots JNIWeakHandles          0.000 / 0.000         0.000 / 0.000         0.000 / 0.000         0.000 / 0.000       ms
[2021-02-07T18:36:04.810+0300][440.050s][info][gc,stats    ]    Subphase: Concurrent Weak Roots ResolvedMethodTable     0.000 / 0.000         0.015 / 0.028         0.015 / 0.028         0.015 / 0.028       ms
[2021-02-07T18:36:04.810+0300][440.050s][info][gc,stats    ]    Subphase: Concurrent Weak Roots StringTable             0.000 / 0.000         0.168 / 0.383         0.168 / 0.383         0.168 / 0.383       ms
[2021-02-07T18:36:04.810+0300][440.050s][info][gc,stats    ]    Subphase: Concurrent Weak Roots VMWeakHandles           0.000 / 0.000         0.005 / 0.010         0.005 / 0.010         0.005 / 0.010       ms
[2021-02-07T18:36:04.810+0300][440.050s][info][gc,stats    ]    Subphase: Pause Mark Try Complete                       0.000 / 0.000         0.078 / 0.189         0.078 / 0.189         0.078 / 0.189       ms
[2021-02-07T18:36:04.810+0300][440.051s][info][gc,stats    ]    Subphase: Pause Roots                                   0.000 / 0.000         0.050 / 0.408         0.050 / 0.408         0.050 / 0.408       ms
[2021-02-07T18:36:04.810+0300][440.051s][info][gc,stats    ]    Subphase: Pause Roots CodeCache                         0.000 / 0.000         0.000 / 0.000         0.000 / 0.000         0.000 / 0.000       ms
[2021-02-07T18:36:04.810+0300][440.051s][info][gc,stats    ]    Subphase: Pause Roots JVMTIExport                       0.000 / 0.000         0.000 / 0.002         0.000 / 0.002         0.000 / 0.002       ms
[2021-02-07T18:36:04.810+0300][440.051s][info][gc,stats    ]    Subphase: Pause Roots JVMTIWeakExport                   0.000 / 0.000         0.000 / 0.001         0.000 / 0.001         0.000 / 0.001       ms
[2021-02-07T18:36:04.810+0300][440.051s][info][gc,stats    ]    Subphase: Pause Roots Java Threads                      0.000 / 0.000         0.044 / 0.404         0.044 / 0.404         0.044 / 0.404       ms
[2021-02-07T18:36:04.810+0300][440.051s][info][gc,stats    ]    Subphase: Pause Roots Management                        0.000 / 0.000         0.007 / 0.033         0.007 / 0.033         0.007 / 0.033       ms
[2021-02-07T18:36:04.810+0300][440.051s][info][gc,stats    ]    Subphase: Pause Roots ObjectSynchronizer                0.000 / 0.000         0.000 / 0.004         0.000 / 0.004         0.000 / 0.004       ms
[2021-02-07T18:36:04.810+0300][440.051s][info][gc,stats    ]    Subphase: Pause Roots Setup                             0.000 / 0.000         0.000 / 0.001         0.000 / 0.001         0.000 / 0.001       ms
[2021-02-07T18:36:04.810+0300][440.051s][info][gc,stats    ]    Subphase: Pause Roots Teardown                          0.000 / 0.000         0.001 / 0.002         0.001 / 0.002         0.001 / 0.002       ms
[2021-02-07T18:36:04.810+0300][440.051s][info][gc,stats    ]    Subphase: Pause Roots Universe                          0.000 / 0.000         0.002 / 0.027         0.002 / 0.027         0.002 / 0.027       ms
[2021-02-07T18:36:04.810+0300][440.051s][info][gc,stats    ]    Subphase: Pause Roots VM Thread                         0.000 / 0.000         0.001 / 0.010         0.001 / 0.010         0.001 / 0.010       ms
[2021-02-07T18:36:04.810+0300][440.051s][info][gc,stats    ]    Subphase: Pause Weak Roots                              0.000 / 0.000         0.001 / 0.014         0.001 / 0.014         0.001 / 0.014       ms
[2021-02-07T18:36:04.811+0300][440.051s][info][gc,stats    ]    Subphase: Pause Weak Roots JFRWeak                      0.000 / 0.000         0.001 / 0.013         0.001 / 0.013         0.001 / 0.013       ms
[2021-02-07T18:36:04.811+0300][440.051s][info][gc,stats    ]    Subphase: Pause Weak Roots JVMTIWeakExport              0.000 / 0.000         0.001 / 0.013         0.001 / 0.013         0.001 / 0.013       ms
[2021-02-07T18:36:04.811+0300][440.051s][info][gc,stats    ]    Subphase: Pause Weak Roots Setup                        0.000 / 0.000         0.000 / 0.000         0.000 / 0.000         0.000 / 0.000       ms
[2021-02-07T18:36:04.811+0300][440.051s][info][gc,stats    ]    Subphase: Pause Weak Roots Teardown                     0.000 / 0.000         0.000 / 0.000         0.000 / 0.000         0.000 / 0.000       ms
[2021-02-07T18:36:04.811+0300][440.051s][info][gc,stats    ]      System: Java Threads                                      0 / 0                13 / 16               13 / 16               13 / 16          threads
[2021-02-07T18:36:04.811+0300][440.051s][info][gc,stats    ] =========================================================================================================================================================
[2021-02-07T18:36:14.815+0300][450.055s][info][gc,stats    ] === Garbage Collection Statistics =======================================================================================================================
[2021-02-07T18:36:14.815+0300][450.055s][info][gc,stats    ]                                                              Last 10s              Last 10m              Last 10h                Total
[2021-02-07T18:36:14.815+0300][450.055s][info][gc,stats    ]                                                              Avg / Max             Avg / Max             Avg / Max             Avg / Max
[2021-02-07T18:36:14.815+0300][450.055s][info][gc,stats    ]   Collector: Garbage Collection Cycle                      0.000 / 0.000       154.795 / 342.061     154.795 / 342.061     154.795 / 342.061     ms
[2021-02-07T18:36:14.815+0300][450.055s][info][gc,stats    ]  Contention: Mark Segment Reset Contention                     0 / 0                 0 / 0                 0 / 0                 0 / 0           ops/s
[2021-02-07T18:36:14.815+0300][450.055s][info][gc,stats    ]  Contention: Mark SeqNum Reset Contention                      0 / 0                 0 / 0                 0 / 0                 0 / 0           ops/s
[2021-02-07T18:36:14.815+0300][450.055s][info][gc,stats    ]  Contention: Relocation Contention                             0 / 0                 0 / 167               0 / 167               0 / 167         ops/s
[2021-02-07T18:36:14.815+0300][450.055s][info][gc,stats    ]    Critical: Allocation Stall                              0.000 / 0.000         0.000 / 0.000         0.000 / 0.000         0.000 / 0.000       ms
[2021-02-07T18:36:14.815+0300][450.055s][info][gc,stats    ]    Critical: Allocation Stall                                  0 / 0                 0 / 0                 0 / 0                 0 / 0           ops/s
[2021-02-07T18:36:14.815+0300][450.055s][info][gc,stats    ]    Critical: GC Locker Stall                               0.000 / 0.000         0.000 / 0.000         0.000 / 0.000         0.000 / 0.000       ms
[2021-02-07T18:36:14.815+0300][450.055s][info][gc,stats    ]    Critical: GC Locker Stall                                   0 / 0                 0 / 0                 0 / 0                 0 / 0           ops/s
[2021-02-07T18:36:14.815+0300][450.055s][info][gc,stats    ]      Memory: Allocation Rate                                   0 / 2                 1 / 304               1 / 304               1 / 304         MB/s
[2021-02-07T18:36:14.815+0300][450.055s][info][gc,stats    ]      Memory: Heap Used After Mark                              0 / 0               106 / 222             106 / 222             106 / 222         MB
[2021-02-07T18:36:14.815+0300][450.055s][info][gc,stats    ]      Memory: Heap Used After Relocation                        0 / 0                94 / 210              94 / 210              94 / 210         MB
[2021-02-07T18:36:14.815+0300][450.055s][info][gc,stats    ]      Memory: Heap Used Before Mark                             0 / 0               105 / 222             105 / 222             105 / 222         MB
[2021-02-07T18:36:14.815+0300][450.055s][info][gc,stats    ]      Memory: Heap Used Before Relocation                       0 / 0               104 / 222             104 / 222             104 / 222         MB
[2021-02-07T18:36:14.815+0300][450.055s][info][gc,stats    ]      Memory: Out Of Memory                                     0 / 0                 0 / 0                 0 / 0                 0 / 0           ops/s
[2021-02-07T18:36:14.815+0300][450.055s][info][gc,stats    ]      Memory: Page Cache Flush                                  0 / 0                 0 / 0                 0 / 0                 0 / 0           MB/s
[2021-02-07T18:36:14.815+0300][450.055s][info][gc,stats    ]      Memory: Page Cache Hit L1                                 0 / 1                 0 / 21                0 / 21                0 / 21          ops/s
[2021-02-07T18:36:14.815+0300][450.055s][info][gc,stats    ]      Memory: Page Cache Hit L2                                 0 / 0                 0 / 0                 0 / 0                 0 / 0           ops/s
[2021-02-07T18:36:14.815+0300][450.055s][info][gc,stats    ]      Memory: Page Cache Hit L3                                 0 / 0                 0 / 16                0 / 16                0 / 16          ops/s
[2021-02-07T18:36:14.815+0300][450.055s][info][gc,stats    ]      Memory: Page Cache Miss                                   0 / 0                 0 / 0                 0 / 0                 0 / 0           ops/s
[2021-02-07T18:36:14.815+0300][450.055s][info][gc,stats    ]      Memory: Uncommit                                          0 / 0                 0 / 0                 0 / 0                 0 / 0           MB/s
[2021-02-07T18:36:14.815+0300][450.055s][info][gc,stats    ]      Memory: Undo Object Allocation Failed                     0 / 0                 0 / 0                 0 / 0                 0 / 0           ops/s
[2021-02-07T18:36:14.815+0300][450.055s][info][gc,stats    ]      Memory: Undo Object Allocation Succeeded                  0 / 0                 0 / 167               0 / 167               0 / 167         ops/s
[2021-02-07T18:36:14.815+0300][450.055s][info][gc,stats    ]      Memory: Undo Page Allocation                              0 / 0                 0 / 0                 0 / 0                 0 / 0           ops/s
[2021-02-07T18:36:14.815+0300][450.055s][info][gc,stats    ]       Phase: Concurrent Mark                               0.000 / 0.000       136.951 / 315.513     136.951 / 315.513     136.951 / 315.513     ms
[2021-02-07T18:36:14.815+0300][450.055s][info][gc,stats    ]       Phase: Concurrent Mark Continue                      0.000 / 0.000         0.000 / 0.000         0.000 / 0.000         0.000 / 0.000       ms
[2021-02-07T18:36:14.815+0300][450.055s][info][gc,stats    ]       Phase: Concurrent Process Non-Strong References      0.000 / 0.000         1.885 / 4.228         1.885 / 4.228         1.885 / 4.228       ms
[2021-02-07T18:36:14.815+0300][450.055s][info][gc,stats    ]       Phase: Concurrent Relocate                           0.000 / 0.000        10.069 / 20.674       10.069 / 20.674       10.069 / 20.674      ms
[2021-02-07T18:36:14.815+0300][450.055s][info][gc,stats    ]       Phase: Concurrent Reset Relocation Set               0.000 / 0.000         0.360 / 0.806         0.360 / 0.806         0.360 / 0.806       ms
[2021-02-07T18:36:14.815+0300][450.055s][info][gc,stats    ]       Phase: Concurrent Select Relocation Set              0.000 / 0.000         3.336 / 7.297         3.336 / 7.297         3.336 / 7.297       ms
[2021-02-07T18:36:14.815+0300][450.055s][info][gc,stats    ]       Phase: Pause Mark End                                0.000 / 0.000         0.251 / 0.367         0.251 / 0.367         0.251 / 0.367       ms
[2021-02-07T18:36:14.815+0300][450.055s][info][gc,stats    ]       Phase: Pause Mark Start                              0.000 / 0.000         0.113 / 0.463         0.113 / 0.463         0.113 / 0.463       ms
[2021-02-07T18:36:14.815+0300][450.055s][info][gc,stats    ]       Phase: Pause Relocate Start                          0.000 / 0.000         0.135 / 0.287         0.135 / 0.287         0.135 / 0.287       ms
[2021-02-07T18:36:14.815+0300][450.055s][info][gc,stats    ]    Subphase: Concurrent Classes Purge                      0.000 / 0.000         0.113 / 0.244         0.113 / 0.244         0.113 / 0.244       ms
[2021-02-07T18:36:14.815+0300][450.055s][info][gc,stats    ]    Subphase: Concurrent Classes Unlink                     0.000 / 0.000         1.107 / 2.906         1.107 / 2.906         1.107 / 2.906       ms
[2021-02-07T18:36:14.815+0300][450.055s][info][gc,stats    ]    Subphase: Concurrent Mark                               0.000 / 0.000       136.746 / 315.311     136.746 / 315.311     136.746 / 315.311     ms
[2021-02-07T18:36:14.815+0300][450.055s][info][gc,stats    ]    Subphase: Concurrent Mark Idle                          0.000 / 0.000         0.000 / 0.000         0.000 / 0.000         0.000 / 0.000       ms
[2021-02-07T18:36:14.815+0300][450.055s][info][gc,stats    ]    Subphase: Concurrent Mark Try Flush                     0.000 / 0.000         0.380 / 2.365         0.380 / 2.365         0.380 / 2.365       ms
[2021-02-07T18:36:14.815+0300][450.055s][info][gc,stats    ]    Subphase: Concurrent Mark Try Terminate                 0.000 / 0.000         0.189 / 0.946         0.189 / 0.946         0.189 / 0.946       ms
[2021-02-07T18:36:14.815+0300][450.055s][info][gc,stats    ]    Subphase: Concurrent References Enqueue                 0.000 / 0.000         0.002 / 0.005         0.002 / 0.005         0.002 / 0.005       ms
[2021-02-07T18:36:14.815+0300][450.055s][info][gc,stats    ]    Subphase: Concurrent References Process                 0.000 / 0.000         0.111 / 0.211         0.111 / 0.211         0.111 / 0.211       ms
[2021-02-07T18:36:14.815+0300][450.055s][info][gc,stats    ]    Subphase: Concurrent Roots                              0.000 / 0.000         0.059 / 0.114         0.059 / 0.114         0.059 / 0.114       ms
[2021-02-07T18:36:14.815+0300][450.055s][info][gc,stats    ]    Subphase: Concurrent Roots ClassLoaderDataGraph         0.000 / 0.000         0.054 / 0.107         0.054 / 0.107         0.054 / 0.107       ms
[2021-02-07T18:36:14.815+0300][450.055s][info][gc,stats    ]    Subphase: Concurrent Roots JNIHandles                   0.000 / 0.000         0.002 / 0.004         0.002 / 0.004         0.002 / 0.004       ms
[2021-02-07T18:36:14.815+0300][450.055s][info][gc,stats    ]    Subphase: Concurrent Roots Setup                        0.000 / 0.000         0.005 / 0.009         0.005 / 0.009         0.005 / 0.009       ms
[2021-02-07T18:36:14.815+0300][450.055s][info][gc,stats    ]    Subphase: Concurrent Roots Teardown                     0.000 / 0.000         0.000 / 0.000         0.000 / 0.000         0.000 / 0.000       ms
[2021-02-07T18:36:14.815+0300][450.055s][info][gc,stats    ]    Subphase: Concurrent Roots VMHandles                    0.000 / 0.000         0.002 / 0.003         0.002 / 0.003         0.002 / 0.003       ms
[2021-02-07T18:36:14.815+0300][450.055s][info][gc,stats    ]    Subphase: Concurrent Weak Roots                         0.000 / 0.000         0.189 / 0.414         0.189 / 0.414         0.189 / 0.414       ms
[2021-02-07T18:36:14.815+0300][450.055s][info][gc,stats    ]    Subphase: Concurrent Weak Roots JNIWeakHandles          0.000 / 0.000         0.000 / 0.000         0.000 / 0.000         0.000 / 0.000       ms
[2021-02-07T18:36:14.815+0300][450.055s][info][gc,stats    ]    Subphase: Concurrent Weak Roots ResolvedMethodTable     0.000 / 0.000         0.015 / 0.028         0.015 / 0.028         0.015 / 0.028       ms
[2021-02-07T18:36:14.815+0300][450.055s][info][gc,stats    ]    Subphase: Concurrent Weak Roots StringTable             0.000 / 0.000         0.168 / 0.383         0.168 / 0.383         0.168 / 0.383       ms
[2021-02-07T18:36:14.815+0300][450.056s][info][gc,stats    ]    Subphase: Concurrent Weak Roots VMWeakHandles           0.000 / 0.000         0.005 / 0.010         0.005 / 0.010         0.005 / 0.010       ms
[2021-02-07T18:36:14.815+0300][450.056s][info][gc,stats    ]    Subphase: Pause Mark Try Complete                       0.000 / 0.000         0.078 / 0.189         0.078 / 0.189         0.078 / 0.189       ms
[2021-02-07T18:36:14.815+0300][450.056s][info][gc,stats    ]    Subphase: Pause Roots                                   0.000 / 0.000         0.050 / 0.408         0.050 / 0.408         0.050 / 0.408       ms
[2021-02-07T18:36:14.815+0300][450.056s][info][gc,stats    ]    Subphase: Pause Roots CodeCache                         0.000 / 0.000         0.000 / 0.000         0.000 / 0.000         0.000 / 0.000       ms
[2021-02-07T18:36:14.815+0300][450.056s][info][gc,stats    ]    Subphase: Pause Roots JVMTIExport                       0.000 / 0.000         0.000 / 0.002         0.000 / 0.002         0.000 / 0.002       ms
[2021-02-07T18:36:14.815+0300][450.056s][info][gc,stats    ]    Subphase: Pause Roots JVMTIWeakExport                   0.000 / 0.000         0.000 / 0.001         0.000 / 0.001         0.000 / 0.001       ms
[2021-02-07T18:36:14.815+0300][450.056s][info][gc,stats    ]    Subphase: Pause Roots Java Threads                      0.000 / 0.000         0.044 / 0.404         0.044 / 0.404         0.044 / 0.404       ms
[2021-02-07T18:36:14.815+0300][450.056s][info][gc,stats    ]    Subphase: Pause Roots Management                        0.000 / 0.000         0.007 / 0.033         0.007 / 0.033         0.007 / 0.033       ms
[2021-02-07T18:36:14.815+0300][450.056s][info][gc,stats    ]    Subphase: Pause Roots ObjectSynchronizer                0.000 / 0.000         0.000 / 0.004         0.000 / 0.004         0.000 / 0.004       ms
[2021-02-07T18:36:14.815+0300][450.056s][info][gc,stats    ]    Subphase: Pause Roots Setup                             0.000 / 0.000         0.000 / 0.001         0.000 / 0.001         0.000 / 0.001       ms
[2021-02-07T18:36:14.815+0300][450.056s][info][gc,stats    ]    Subphase: Pause Roots Teardown                          0.000 / 0.000         0.001 / 0.002         0.001 / 0.002         0.001 / 0.002       ms
[2021-02-07T18:36:14.815+0300][450.056s][info][gc,stats    ]    Subphase: Pause Roots Universe                          0.000 / 0.000         0.002 / 0.027         0.002 / 0.027         0.002 / 0.027       ms
[2021-02-07T18:36:14.815+0300][450.056s][info][gc,stats    ]    Subphase: Pause Roots VM Thread                         0.000 / 0.000         0.001 / 0.010         0.001 / 0.010         0.001 / 0.010       ms
[2021-02-07T18:36:14.815+0300][450.056s][info][gc,stats    ]    Subphase: Pause Weak Roots                              0.000 / 0.000         0.001 / 0.014         0.001 / 0.014         0.001 / 0.014       ms
[2021-02-07T18:36:14.816+0300][450.056s][info][gc,stats    ]    Subphase: Pause Weak Roots JFRWeak                      0.000 / 0.000         0.001 / 0.013         0.001 / 0.013         0.001 / 0.013       ms
[2021-02-07T18:36:14.816+0300][450.056s][info][gc,stats    ]    Subphase: Pause Weak Roots JVMTIWeakExport              0.000 / 0.000         0.001 / 0.013         0.001 / 0.013         0.001 / 0.013       ms
[2021-02-07T18:36:14.816+0300][450.056s][info][gc,stats    ]    Subphase: Pause Weak Roots Setup                        0.000 / 0.000         0.000 / 0.000         0.000 / 0.000         0.000 / 0.000       ms
[2021-02-07T18:36:14.816+0300][450.056s][info][gc,stats    ]    Subphase: Pause Weak Roots Teardown                     0.000 / 0.000         0.000 / 0.000         0.000 / 0.000         0.000 / 0.000       ms
[2021-02-07T18:36:14.816+0300][450.056s][info][gc,stats    ]      System: Java Threads                                      0 / 0                13 / 16               13 / 16               13 / 16          threads
[2021-02-07T18:36:14.816+0300][450.056s][info][gc,stats    ] =========================================================================================================================================================
[2021-02-07T18:36:24.817+0300][460.057s][info][gc,stats    ] === Garbage Collection Statistics =======================================================================================================================
[2021-02-07T18:36:24.817+0300][460.057s][info][gc,stats    ]                                                              Last 10s              Last 10m              Last 10h                Total
[2021-02-07T18:36:24.817+0300][460.057s][info][gc,stats    ]                                                              Avg / Max             Avg / Max             Avg / Max             Avg / Max
[2021-02-07T18:36:24.817+0300][460.057s][info][gc,stats    ]   Collector: Garbage Collection Cycle                      0.000 / 0.000       154.795 / 342.061     154.795 / 342.061     154.795 / 342.061     ms
[2021-02-07T18:36:24.817+0300][460.057s][info][gc,stats    ]  Contention: Mark Segment Reset Contention                     0 / 0                 0 / 0                 0 / 0                 0 / 0           ops/s
[2021-02-07T18:36:24.817+0300][460.057s][info][gc,stats    ]  Contention: Mark SeqNum Reset Contention                      0 / 0                 0 / 0                 0 / 0                 0 / 0           ops/s
[2021-02-07T18:36:24.817+0300][460.057s][info][gc,stats    ]  Contention: Relocation Contention                             0 / 0                 0 / 167               0 / 167               0 / 167         ops/s
[2021-02-07T18:36:24.817+0300][460.057s][info][gc,stats    ]    Critical: Allocation Stall                              0.000 / 0.000         0.000 / 0.000         0.000 / 0.000         0.000 / 0.000       ms
[2021-02-07T18:36:24.817+0300][460.057s][info][gc,stats    ]    Critical: Allocation Stall                                  0 / 0                 0 / 0                 0 / 0                 0 / 0           ops/s
[2021-02-07T18:36:24.817+0300][460.057s][info][gc,stats    ]    Critical: GC Locker Stall                               0.000 / 0.000         0.000 / 0.000         0.000 / 0.000         0.000 / 0.000       ms
[2021-02-07T18:36:24.817+0300][460.057s][info][gc,stats    ]    Critical: GC Locker Stall                                   0 / 0                 0 / 0                 0 / 0                 0 / 0           ops/s
[2021-02-07T18:36:24.817+0300][460.057s][info][gc,stats    ]      Memory: Allocation Rate                                   0 / 2                 1 / 304               1 / 304               1 / 304         MB/s
[2021-02-07T18:36:24.817+0300][460.057s][info][gc,stats    ]      Memory: Heap Used After Mark                              0 / 0               106 / 222             106 / 222             106 / 222         MB
[2021-02-07T18:36:24.817+0300][460.057s][info][gc,stats    ]      Memory: Heap Used After Relocation                        0 / 0                94 / 210              94 / 210              94 / 210         MB
[2021-02-07T18:36:24.817+0300][460.057s][info][gc,stats    ]      Memory: Heap Used Before Mark                             0 / 0               105 / 222             105 / 222             105 / 222         MB
[2021-02-07T18:36:24.817+0300][460.057s][info][gc,stats    ]      Memory: Heap Used Before Relocation                       0 / 0               104 / 222             104 / 222             104 / 222         MB
[2021-02-07T18:36:24.817+0300][460.057s][info][gc,stats    ]      Memory: Out Of Memory                                     0 / 0                 0 / 0                 0 / 0                 0 / 0           ops/s
[2021-02-07T18:36:24.817+0300][460.057s][info][gc,stats    ]      Memory: Page Cache Flush                                  0 / 0                 0 / 0                 0 / 0                 0 / 0           MB/s
[2021-02-07T18:36:24.817+0300][460.057s][info][gc,stats    ]      Memory: Page Cache Hit L1                                 0 / 1                 0 / 21                0 / 21                0 / 21          ops/s
[2021-02-07T18:36:24.817+0300][460.057s][info][gc,stats    ]      Memory: Page Cache Hit L2                                 0 / 0                 0 / 0                 0 / 0                 0 / 0           ops/s
[2021-02-07T18:36:24.817+0300][460.057s][info][gc,stats    ]      Memory: Page Cache Hit L3                                 0 / 0                 0 / 16                0 / 16                0 / 16          ops/s
[2021-02-07T18:36:24.817+0300][460.057s][info][gc,stats    ]      Memory: Page Cache Miss                                   0 / 0                 0 / 0                 0 / 0                 0 / 0           ops/s
[2021-02-07T18:36:24.817+0300][460.057s][info][gc,stats    ]      Memory: Uncommit                                          0 / 0                 0 / 0                 0 / 0                 0 / 0           MB/s
[2021-02-07T18:36:24.817+0300][460.057s][info][gc,stats    ]      Memory: Undo Object Allocation Failed                     0 / 0                 0 / 0                 0 / 0                 0 / 0           ops/s
[2021-02-07T18:36:24.817+0300][460.057s][info][gc,stats    ]      Memory: Undo Object Allocation Succeeded                  0 / 0                 0 / 167               0 / 167               0 / 167         ops/s
[2021-02-07T18:36:24.817+0300][460.057s][info][gc,stats    ]      Memory: Undo Page Allocation                              0 / 0                 0 / 0                 0 / 0                 0 / 0           ops/s
[2021-02-07T18:36:24.817+0300][460.057s][info][gc,stats    ]       Phase: Concurrent Mark                               0.000 / 0.000       136.951 / 315.513     136.951 / 315.513     136.951 / 315.513     ms
[2021-02-07T18:36:24.817+0300][460.057s][info][gc,stats    ]       Phase: Concurrent Mark Continue                      0.000 / 0.000         0.000 / 0.000         0.000 / 0.000         0.000 / 0.000       ms
[2021-02-07T18:36:24.817+0300][460.057s][info][gc,stats    ]       Phase: Concurrent Process Non-Strong References      0.000 / 0.000         1.885 / 4.228         1.885 / 4.228         1.885 / 4.228       ms
[2021-02-07T18:36:24.817+0300][460.057s][info][gc,stats    ]       Phase: Concurrent Relocate                           0.000 / 0.000        10.069 / 20.674       10.069 / 20.674       10.069 / 20.674      ms
[2021-02-07T18:36:24.817+0300][460.057s][info][gc,stats    ]       Phase: Concurrent Reset Relocation Set               0.000 / 0.000         0.360 / 0.806         0.360 / 0.806         0.360 / 0.806       ms
[2021-02-07T18:36:24.817+0300][460.057s][info][gc,stats    ]       Phase: Concurrent Select Relocation Set              0.000 / 0.000         3.336 / 7.297         3.336 / 7.297         3.336 / 7.297       ms
[2021-02-07T18:36:24.817+0300][460.057s][info][gc,stats    ]       Phase: Pause Mark End                                0.000 / 0.000         0.251 / 0.367         0.251 / 0.367         0.251 / 0.367       ms
[2021-02-07T18:36:24.817+0300][460.057s][info][gc,stats    ]       Phase: Pause Mark Start                              0.000 / 0.000         0.113 / 0.463         0.113 / 0.463         0.113 / 0.463       ms
[2021-02-07T18:36:24.817+0300][460.057s][info][gc,stats    ]       Phase: Pause Relocate Start                          0.000 / 0.000         0.135 / 0.287         0.135 / 0.287         0.135 / 0.287       ms
[2021-02-07T18:36:24.817+0300][460.057s][info][gc,stats    ]    Subphase: Concurrent Classes Purge                      0.000 / 0.000         0.113 / 0.244         0.113 / 0.244         0.113 / 0.244       ms
[2021-02-07T18:36:24.817+0300][460.057s][info][gc,stats    ]    Subphase: Concurrent Classes Unlink                     0.000 / 0.000         1.107 / 2.906         1.107 / 2.906         1.107 / 2.906       ms
[2021-02-07T18:36:24.817+0300][460.057s][info][gc,stats    ]    Subphase: Concurrent Mark                               0.000 / 0.000       136.746 / 315.311     136.746 / 315.311     136.746 / 315.311     ms
[2021-02-07T18:36:24.817+0300][460.057s][info][gc,stats    ]    Subphase: Concurrent Mark Idle                          0.000 / 0.000         0.000 / 0.000         0.000 / 0.000         0.000 / 0.000       ms
[2021-02-07T18:36:24.817+0300][460.057s][info][gc,stats    ]    Subphase: Concurrent Mark Try Flush                     0.000 / 0.000         0.380 / 2.365         0.380 / 2.365         0.380 / 2.365       ms
[2021-02-07T18:36:24.817+0300][460.057s][info][gc,stats    ]    Subphase: Concurrent Mark Try Terminate                 0.000 / 0.000         0.189 / 0.946         0.189 / 0.946         0.189 / 0.946       ms
[2021-02-07T18:36:24.817+0300][460.057s][info][gc,stats    ]    Subphase: Concurrent References Enqueue                 0.000 / 0.000         0.002 / 0.005         0.002 / 0.005         0.002 / 0.005       ms
[2021-02-07T18:36:24.817+0300][460.057s][info][gc,stats    ]    Subphase: Concurrent References Process                 0.000 / 0.000         0.111 / 0.211         0.111 / 0.211         0.111 / 0.211       ms
[2021-02-07T18:36:24.817+0300][460.057s][info][gc,stats    ]    Subphase: Concurrent Roots                              0.000 / 0.000         0.059 / 0.114         0.059 / 0.114         0.059 / 0.114       ms
[2021-02-07T18:36:24.817+0300][460.057s][info][gc,stats    ]    Subphase: Concurrent Roots ClassLoaderDataGraph         0.000 / 0.000         0.054 / 0.107         0.054 / 0.107         0.054 / 0.107       ms
[2021-02-07T18:36:24.817+0300][460.057s][info][gc,stats    ]    Subphase: Concurrent Roots JNIHandles                   0.000 / 0.000         0.002 / 0.004         0.002 / 0.004         0.002 / 0.004       ms
[2021-02-07T18:36:24.817+0300][460.057s][info][gc,stats    ]    Subphase: Concurrent Roots Setup                        0.000 / 0.000         0.005 / 0.009         0.005 / 0.009         0.005 / 0.009       ms
[2021-02-07T18:36:24.817+0300][460.057s][info][gc,stats    ]    Subphase: Concurrent Roots Teardown                     0.000 / 0.000         0.000 / 0.000         0.000 / 0.000         0.000 / 0.000       ms
[2021-02-07T18:36:24.817+0300][460.057s][info][gc,stats    ]    Subphase: Concurrent Roots VMHandles                    0.000 / 0.000         0.002 / 0.003         0.002 / 0.003         0.002 / 0.003       ms
[2021-02-07T18:36:24.817+0300][460.057s][info][gc,stats    ]    Subphase: Concurrent Weak Roots                         0.000 / 0.000         0.189 / 0.414         0.189 / 0.414         0.189 / 0.414       ms
[2021-02-07T18:36:24.817+0300][460.057s][info][gc,stats    ]    Subphase: Concurrent Weak Roots JNIWeakHandles          0.000 / 0.000         0.000 / 0.000         0.000 / 0.000         0.000 / 0.000       ms
[2021-02-07T18:36:24.817+0300][460.057s][info][gc,stats    ]    Subphase: Concurrent Weak Roots ResolvedMethodTable     0.000 / 0.000         0.015 / 0.028         0.015 / 0.028         0.015 / 0.028       ms
[2021-02-07T18:36:24.817+0300][460.058s][info][gc,stats    ]    Subphase: Concurrent Weak Roots StringTable             0.000 / 0.000         0.168 / 0.383         0.168 / 0.383         0.168 / 0.383       ms
[2021-02-07T18:36:24.817+0300][460.058s][info][gc,stats    ]    Subphase: Concurrent Weak Roots VMWeakHandles           0.000 / 0.000         0.005 / 0.010         0.005 / 0.010         0.005 / 0.010       ms
[2021-02-07T18:36:24.817+0300][460.058s][info][gc,stats    ]    Subphase: Pause Mark Try Complete                       0.000 / 0.000         0.078 / 0.189         0.078 / 0.189         0.078 / 0.189       ms
[2021-02-07T18:36:24.817+0300][460.058s][info][gc,stats    ]    Subphase: Pause Roots                                   0.000 / 0.000         0.050 / 0.408         0.050 / 0.408         0.050 / 0.408       ms
[2021-02-07T18:36:24.817+0300][460.058s][info][gc,stats    ]    Subphase: Pause Roots CodeCache                         0.000 / 0.000         0.000 / 0.000         0.000 / 0.000         0.000 / 0.000       ms
[2021-02-07T18:36:24.817+0300][460.058s][info][gc,stats    ]    Subphase: Pause Roots JVMTIExport                       0.000 / 0.000         0.000 / 0.002         0.000 / 0.002         0.000 / 0.002       ms
[2021-02-07T18:36:24.817+0300][460.058s][info][gc,stats    ]    Subphase: Pause Roots JVMTIWeakExport                   0.000 / 0.000         0.000 / 0.001         0.000 / 0.001         0.000 / 0.001       ms
[2021-02-07T18:36:24.817+0300][460.058s][info][gc,stats    ]    Subphase: Pause Roots Java Threads                      0.000 / 0.000         0.044 / 0.404         0.044 / 0.404         0.044 / 0.404       ms
[2021-02-07T18:36:24.817+0300][460.058s][info][gc,stats    ]    Subphase: Pause Roots Management                        0.000 / 0.000         0.007 / 0.033         0.007 / 0.033         0.007 / 0.033       ms
[2021-02-07T18:36:24.817+0300][460.058s][info][gc,stats    ]    Subphase: Pause Roots ObjectSynchronizer                0.000 / 0.000         0.000 / 0.004         0.000 / 0.004         0.000 / 0.004       ms
[2021-02-07T18:36:24.817+0300][460.058s][info][gc,stats    ]    Subphase: Pause Roots Setup                             0.000 / 0.000         0.000 / 0.001         0.000 / 0.001         0.000 / 0.001       ms
[2021-02-07T18:36:24.817+0300][460.058s][info][gc,stats    ]    Subphase: Pause Roots Teardown                          0.000 / 0.000         0.001 / 0.002         0.001 / 0.002         0.001 / 0.002       ms
[2021-02-07T18:36:24.818+0300][460.058s][info][gc,stats    ]    Subphase: Pause Roots Universe                          0.000 / 0.000         0.002 / 0.027         0.002 / 0.027         0.002 / 0.027       ms
[2021-02-07T18:36:24.818+0300][460.058s][info][gc,stats    ]    Subphase: Pause Roots VM Thread                         0.000 / 0.000         0.001 / 0.010         0.001 / 0.010         0.001 / 0.010       ms
[2021-02-07T18:36:24.818+0300][460.058s][info][gc,stats    ]    Subphase: Pause Weak Roots                              0.000 / 0.000         0.001 / 0.014         0.001 / 0.014         0.001 / 0.014       ms
[2021-02-07T18:36:24.818+0300][460.058s][info][gc,stats    ]    Subphase: Pause Weak Roots JFRWeak                      0.000 / 0.000         0.001 / 0.013         0.001 / 0.013         0.001 / 0.013       ms
[2021-02-07T18:36:24.818+0300][460.058s][info][gc,stats    ]    Subphase: Pause Weak Roots JVMTIWeakExport              0.000 / 0.000         0.001 / 0.013         0.001 / 0.013         0.001 / 0.013       ms
[2021-02-07T18:36:24.818+0300][460.058s][info][gc,stats    ]    Subphase: Pause Weak Roots Setup                        0.000 / 0.000         0.000 / 0.000         0.000 / 0.000         0.000 / 0.000       ms
[2021-02-07T18:36:24.818+0300][460.058s][info][gc,stats    ]    Subphase: Pause Weak Roots Teardown                     0.000 / 0.000         0.000 / 0.000         0.000 / 0.000         0.000 / 0.000       ms
[2021-02-07T18:36:24.818+0300][460.058s][info][gc,stats    ]      System: Java Threads                                      0 / 0                13 / 16               13 / 16               13 / 16          threads
[2021-02-07T18:36:24.818+0300][460.058s][info][gc,stats    ] =========================================================================================================================================================
[2021-02-07T18:36:27.209+0300][462.449s][info][gc,start    ] GC(22) Garbage Collection (Allocation Rate)
[2021-02-07T18:36:27.209+0300][462.449s][info][gc,phases   ] GC(22) Pause Mark Start 0.091ms
[2021-02-07T18:36:27.528+0300][462.768s][info][gc,phases   ] GC(22) Concurrent Mark 318.945ms
[2021-02-07T18:36:27.529+0300][462.770s][info][gc,phases   ] GC(22) Pause Mark End 0.221ms
[2021-02-07T18:36:27.533+0300][462.773s][info][gc,phases   ] GC(22) Concurrent Process Non-Strong References 3.260ms
[2021-02-07T18:36:27.533+0300][462.773s][info][gc,phases   ] GC(22) Concurrent Reset Relocation Set 0.116ms
[2021-02-07T18:36:27.536+0300][462.776s][info][gc,phases   ] GC(22) Concurrent Select Relocation Set 2.690ms
[2021-02-07T18:36:27.536+0300][462.776s][info][gc,phases   ] GC(22) Pause Relocate Start 0.128ms
[2021-02-07T18:36:27.547+0300][462.788s][info][gc,phases   ] GC(22) Concurrent Relocate 10.960ms
[2021-02-07T18:36:27.547+0300][462.788s][info][gc,load     ] GC(22) Load: 0.00/0.00/0.00
[2021-02-07T18:36:27.547+0300][462.788s][info][gc,mmu      ] GC(22) MMU: 2ms/76.9%, 5ms/90.7%, 10ms/95.0%, 20ms/97.5%, 50ms/98.9%, 100ms/99.0%
[2021-02-07T18:36:27.547+0300][462.788s][info][gc,marking  ] GC(22) Mark: 1 stripe(s), 2 proactive flush(es), 1 terminate flush(es), 1 completion(s), 0 continuation(s)
[2021-02-07T18:36:27.547+0300][462.788s][info][gc,nmethod  ] GC(22) NMethods: 1849 registered, 0 unregistered
[2021-02-07T18:36:27.547+0300][462.788s][info][gc,metaspace] GC(22) Metaspace: 6M used, 7M capacity, 7M committed, 1032M reserved
[2021-02-07T18:36:27.547+0300][462.788s][info][gc,ref      ] GC(22) Soft: 183 encountered, 106 discovered, 0 enqueued
[2021-02-07T18:36:27.547+0300][462.788s][info][gc,ref      ] GC(22) Weak: 1043 encountered, 642 discovered, 0 enqueued
[2021-02-07T18:36:27.547+0300][462.788s][info][gc,ref      ] GC(22) Final: 0 encountered, 0 discovered, 0 enqueued
[2021-02-07T18:36:27.547+0300][462.788s][info][gc,ref      ] GC(22) Phantom: 7 encountered, 6 discovered, 0 enqueued
[2021-02-07T18:36:27.548+0300][462.788s][info][gc,reloc    ] GC(22) Small Pages: 110 / 220M(96%), Empty: 4M(2%), Compacting: 18M(8%)->8M(3%)
[2021-02-07T18:36:27.548+0300][462.788s][info][gc,reloc    ] GC(22) Medium Pages: 0 / 0M(0%), Empty: 0M(0%), Compacting: 0M(0%)->0M(0%)
[2021-02-07T18:36:27.548+0300][462.788s][info][gc,reloc    ] GC(22) Large Pages: 1 / 10M(4%), Empty: 0M(0%), Compacting: 0M(0%)->0M(0%)
[2021-02-07T18:36:27.548+0300][462.788s][info][gc,reloc    ] GC(22) Relocation: Successful
[2021-02-07T18:36:27.548+0300][462.788s][info][gc,heap     ] GC(22) Min Capacity: 256M(100%)
[2021-02-07T18:36:27.548+0300][462.788s][info][gc,heap     ] GC(22) Max Capacity: 256M(100%)
[2021-02-07T18:36:27.548+0300][462.788s][info][gc,heap     ] GC(22) Soft Max Capacity: 256M(100%)
[2021-02-07T18:36:27.548+0300][462.788s][info][gc,heap     ] GC(22)                Mark Start          Mark End        Relocate Start      Relocate End           High               Low
[2021-02-07T18:36:27.548+0300][462.788s][info][gc,heap     ] GC(22)  Capacity:      256M (100%)        256M (100%)        256M (100%)        256M (100%)        256M (100%)        256M (100%)
[2021-02-07T18:36:27.548+0300][462.788s][info][gc,heap     ] GC(22)   Reserve:       12M (5%)           12M (5%)           12M (5%)           12M (5%)           12M (5%)           12M (5%)
[2021-02-07T18:36:27.548+0300][462.788s][info][gc,heap     ] GC(22)      Free:       14M (5%)           14M (5%)           18M (7%)           26M (10%)          26M (10%)          14M (5%)
[2021-02-07T18:36:27.548+0300][462.788s][info][gc,heap     ] GC(22)      Used:      230M (90%)         230M (90%)         226M (88%)         218M (85%)         230M (90%)         218M (85%)
[2021-02-07T18:36:27.548+0300][462.788s][info][gc,heap     ] GC(22)      Live:         -               205M (80%)         205M (80%)         205M (80%)            -                  -
[2021-02-07T18:36:27.548+0300][462.788s][info][gc,heap     ] GC(22) Allocated:         -                 0M (0%)            0M (0%)           10M (4%)             -                  -
[2021-02-07T18:36:27.548+0300][462.788s][info][gc,heap     ] GC(22)   Garbage:         -                24M (9%)           20M (8%)           12M (5%)             -                  -
[2021-02-07T18:36:27.548+0300][462.788s][info][gc,heap     ] GC(22) Reclaimed:         -                  -                 4M (2%)           12M (5%)             -                  -
[2021-02-07T18:36:27.548+0300][462.788s][info][gc          ] GC(22) Garbage Collection (Allocation Rate) 230M(90%)->218M(85%)
[2021-02-07T18:36:27.617+0300][462.857s][info][gc,start    ] GC(23) Garbage Collection (Allocation Rate)
[2021-02-07T18:36:27.617+0300][462.857s][info][gc,phases   ] GC(23) Pause Mark Start 0.126ms
[2021-02-07T18:36:27.937+0300][463.177s][info][gc,phases   ] GC(23) Concurrent Mark 319.465ms
[2021-02-07T18:36:27.938+0300][463.178s][info][gc,phases   ] GC(23) Pause Mark End 0.198ms
[2021-02-07T18:36:27.942+0300][463.182s][info][gc,phases   ] GC(23) Concurrent Process Non-Strong References 3.730ms
[2021-02-07T18:36:27.942+0300][463.182s][info][gc,phases   ] GC(23) Concurrent Reset Relocation Set 0.364ms
[2021-02-07T18:36:27.945+0300][463.185s][info][gc,phases   ] GC(23) Concurrent Select Relocation Set 2.236ms
[2021-02-07T18:36:27.946+0300][463.186s][info][gc,phases   ] GC(23) Pause Relocate Start 0.109ms
[2021-02-07T18:36:27.953+0300][463.193s][info][gc,phases   ] GC(23) Concurrent Relocate 6.847ms
[2021-02-07T18:36:27.953+0300][463.193s][info][gc,load     ] GC(23) Load: 0.00/0.00/0.00
[2021-02-07T18:36:27.953+0300][463.193s][info][gc,mmu      ] GC(23) MMU: 2ms/76.9%, 5ms/90.7%, 10ms/95.0%, 20ms/97.5%, 50ms/98.9%, 100ms/99.0%
[2021-02-07T18:36:27.953+0300][463.193s][info][gc,marking  ] GC(23) Mark: 1 stripe(s), 2 proactive flush(es), 1 terminate flush(es), 1 completion(s), 0 continuation(s)
[2021-02-07T18:36:27.953+0300][463.193s][info][gc,nmethod  ] GC(23) NMethods: 1850 registered, 0 unregistered
[2021-02-07T18:36:27.953+0300][463.193s][info][gc,metaspace] GC(23) Metaspace: 6M used, 7M capacity, 7M committed, 1032M reserved
[2021-02-07T18:36:27.953+0300][463.193s][info][gc,ref      ] GC(23) Soft: 182 encountered, 113 discovered, 7 enqueued
[2021-02-07T18:36:27.953+0300][463.193s][info][gc,ref      ] GC(23) Weak: 1042 encountered, 644 discovered, 0 enqueued
[2021-02-07T18:36:27.953+0300][463.193s][info][gc,ref      ] GC(23) Final: 0 encountered, 0 discovered, 0 enqueued
[2021-02-07T18:36:27.953+0300][463.193s][info][gc,ref      ] GC(23) Phantom: 7 encountered, 6 discovered, 0 enqueued
[2021-02-07T18:36:27.953+0300][463.193s][info][gc,reloc    ] GC(23) Small Pages: 104 / 208M(95%), Empty: 0M(0%), Compacting: 10M(5%)->6M(3%)
[2021-02-07T18:36:27.953+0300][463.193s][info][gc,reloc    ] GC(23) Medium Pages: 0 / 0M(0%), Empty: 0M(0%), Compacting: 0M(0%)->0M(0%)
[2021-02-07T18:36:27.953+0300][463.193s][info][gc,reloc    ] GC(23) Large Pages: 1 / 10M(5%), Empty: 0M(0%), Compacting: 0M(0%)->0M(0%)
[2021-02-07T18:36:27.953+0300][463.193s][info][gc,reloc    ] GC(23) Relocation: Successful
[2021-02-07T18:36:27.953+0300][463.193s][info][gc,heap     ] GC(23) Min Capacity: 256M(100%)
[2021-02-07T18:36:27.953+0300][463.193s][info][gc,heap     ] GC(23) Max Capacity: 256M(100%)
[2021-02-07T18:36:27.953+0300][463.193s][info][gc,heap     ] GC(23) Soft Max Capacity: 256M(100%)
[2021-02-07T18:36:27.953+0300][463.193s][info][gc,heap     ] GC(23)                Mark Start          Mark End        Relocate Start      Relocate End           High               Low
[2021-02-07T18:36:27.953+0300][463.193s][info][gc,heap     ] GC(23)  Capacity:      256M (100%)        256M (100%)        256M (100%)        256M (100%)        256M (100%)        256M (100%)
[2021-02-07T18:36:27.953+0300][463.193s][info][gc,heap     ] GC(23)   Reserve:       12M (5%)           12M (5%)           12M (5%)           12M (5%)           12M (5%)           12M (5%)
[2021-02-07T18:36:27.953+0300][463.193s][info][gc,heap     ] GC(23)      Free:       26M (10%)          24M (9%)           24M (9%)           28M (11%)          28M (11%)          22M (9%)
[2021-02-07T18:36:27.953+0300][463.193s][info][gc,heap     ] GC(23)      Used:      218M (85%)         220M (86%)         220M (86%)         216M (84%)         222M (87%)         216M (84%)
[2021-02-07T18:36:27.953+0300][463.193s][info][gc,heap     ] GC(23)      Live:         -               205M (80%)         205M (80%)         205M (80%)            -                  -
[2021-02-07T18:36:27.953+0300][463.193s][info][gc,heap     ] GC(23) Allocated:         -                 2M (1%)            2M (1%)            8M (3%)             -                  -
[2021-02-07T18:36:27.953+0300][463.193s][info][gc,heap     ] GC(23)   Garbage:         -                12M (5%)           12M (5%)            8M (3%)             -                  -
[2021-02-07T18:36:27.953+0300][463.193s][info][gc,heap     ] GC(23) Reclaimed:         -                  -                 0M (0%)            4M (2%)             -                  -
[2021-02-07T18:36:27.953+0300][463.193s][info][gc          ] GC(23) Garbage Collection (Allocation Rate) 218M(85%)->216M(84%)
[2021-02-07T18:36:28.003+0300][463.243s][info][gc,start    ] GC(24) Garbage Collection (Allocation Rate)
[2021-02-07T18:36:28.003+0300][463.243s][info][gc,phases   ] GC(24) Pause Mark Start 0.130ms
[2021-02-07T18:36:28.331+0300][463.571s][info][gc,phases   ] GC(24) Concurrent Mark 327.300ms
[2021-02-07T18:36:28.332+0300][463.572s][info][gc,phases   ] GC(24) Pause Mark End 0.229ms
[2021-02-07T18:36:28.347+0300][463.587s][info][gc,phases   ] GC(24) Concurrent Process Non-Strong References 14.693ms
[2021-02-07T18:36:28.347+0300][463.587s][info][gc,phases   ] GC(24) Concurrent Reset Relocation Set 0.120ms
[2021-02-07T18:36:28.350+0300][463.589s][info][gc,phases   ] GC(24) Concurrent Select Relocation Set 2.597ms
[2021-02-07T18:36:28.351+0300][463.590s][info][gc,phases   ] GC(24) Pause Relocate Start 0.149ms
[2021-02-07T18:36:28.358+0300][463.598s][info][gc,phases   ] GC(24) Concurrent Relocate 7.528ms
[2021-02-07T18:36:28.358+0300][463.598s][info][gc,load     ] GC(24) Load: 0.00/0.00/0.00
[2021-02-07T18:36:28.358+0300][463.598s][info][gc,mmu      ] GC(24) MMU: 2ms/76.9%, 5ms/90.7%, 10ms/95.0%, 20ms/97.5%, 50ms/98.9%, 100ms/99.0%
[2021-02-07T18:36:28.358+0300][463.598s][info][gc,marking  ] GC(24) Mark: 1 stripe(s), 2 proactive flush(es), 1 terminate flush(es), 1 completion(s), 0 continuation(s)
[2021-02-07T18:36:28.358+0300][463.598s][info][gc,nmethod  ] GC(24) NMethods: 1851 registered, 0 unregistered
[2021-02-07T18:36:28.358+0300][463.598s][info][gc,metaspace] GC(24) Metaspace: 6M used, 7M capacity, 7M committed, 1032M reserved
[2021-02-07T18:36:28.358+0300][463.598s][info][gc,ref      ] GC(24) Soft: 175 encountered, 106 discovered, 0 enqueued
[2021-02-07T18:36:28.358+0300][463.598s][info][gc,ref      ] GC(24) Weak: 1042 encountered, 644 discovered, 0 enqueued
[2021-02-07T18:36:28.358+0300][463.598s][info][gc,ref      ] GC(24) Final: 0 encountered, 0 discovered, 0 enqueued
[2021-02-07T18:36:28.358+0300][463.598s][info][gc,ref      ] GC(24) Phantom: 7 encountered, 6 discovered, 0 enqueued
[2021-02-07T18:36:28.358+0300][463.598s][info][gc,reloc    ] GC(24) Small Pages: 103 / 206M(95%), Empty: 0M(0%), Compacting: 10M(5%)->6M(3%)
[2021-02-07T18:36:28.358+0300][463.598s][info][gc,reloc    ] GC(24) Medium Pages: 0 / 0M(0%), Empty: 0M(0%), Compacting: 0M(0%)->0M(0%)
[2021-02-07T18:36:28.358+0300][463.598s][info][gc,reloc    ] GC(24) Large Pages: 1 / 10M(5%), Empty: 0M(0%), Compacting: 0M(0%)->0M(0%)
[2021-02-07T18:36:28.358+0300][463.598s][info][gc,reloc    ] GC(24) Relocation: Successful
[2021-02-07T18:36:28.358+0300][463.598s][info][gc,heap     ] GC(24) Min Capacity: 256M(100%)
[2021-02-07T18:36:28.358+0300][463.598s][info][gc,heap     ] GC(24) Max Capacity: 256M(100%)
[2021-02-07T18:36:28.358+0300][463.598s][info][gc,heap     ] GC(24) Soft Max Capacity: 256M(100%)
[2021-02-07T18:36:28.358+0300][463.598s][info][gc,heap     ] GC(24)                Mark Start          Mark End        Relocate Start      Relocate End           High               Low
[2021-02-07T18:36:28.358+0300][463.598s][info][gc,heap     ] GC(24)  Capacity:      256M (100%)        256M (100%)        256M (100%)        256M (100%)        256M (100%)        256M (100%)
[2021-02-07T18:36:28.359+0300][463.598s][info][gc,heap     ] GC(24)   Reserve:       12M (5%)           12M (5%)           12M (5%)           12M (5%)           12M (5%)           12M (5%)
[2021-02-07T18:36:28.359+0300][463.598s][info][gc,heap     ] GC(24)      Free:       28M (11%)          28M (11%)          28M (11%)          28M (11%)          28M (11%)          22M (9%)
[2021-02-07T18:36:28.359+0300][463.598s][info][gc,heap     ] GC(24)      Used:      216M (84%)         216M (84%)         216M (84%)         216M (84%)         222M (87%)         216M (84%)
[2021-02-07T18:36:28.359+0300][463.598s][info][gc,heap     ] GC(24)      Live:         -               205M (80%)         205M (80%)         205M (80%)            -                  -
[2021-02-07T18:36:28.359+0300][463.599s][info][gc,heap     ] GC(24) Allocated:         -                 0M (0%)            0M (0%)           10M (4%)             -                  -
[2021-02-07T18:36:28.359+0300][463.599s][info][gc,heap     ] GC(24)   Garbage:         -                10M (4%)           10M (4%)           10M (4%)             -                  -
[2021-02-07T18:36:28.359+0300][463.599s][info][gc,heap     ] GC(24) Reclaimed:         -                  -                 0M (0%)            0M (0%)             -                  -
[2021-02-07T18:36:28.359+0300][463.599s][info][gc          ] GC(24) Garbage Collection (Allocation Rate) 216M(84%)->216M(84%)
[2021-02-07T18:36:34.804+0300][470.043s][info][gc,stats    ] === Garbage Collection Statistics =======================================================================================================================
[2021-02-07T18:36:34.804+0300][470.043s][info][gc,stats    ]                                                              Last 10s              Last 10m              Last 10h                Total
[2021-02-07T18:36:34.804+0300][470.043s][info][gc,stats    ]                                                              Avg / Max             Avg / Max             Avg / Max             Avg / Max
[2021-02-07T18:36:34.804+0300][470.044s][info][gc,stats    ]   Collector: Garbage Collection Cycle                    343.463 / 355.580     177.435 / 355.580     177.435 / 355.580     177.435 / 355.580     ms
[2021-02-07T18:36:34.804+0300][470.044s][info][gc,stats    ]  Contention: Mark Segment Reset Contention                     0 / 0                 0 / 0                 0 / 0                 0 / 0           ops/s
[2021-02-07T18:36:34.804+0300][470.044s][info][gc,stats    ]  Contention: Mark SeqNum Reset Contention                      0 / 0                 0 / 0                 0 / 0                 0 / 0           ops/s
[2021-02-07T18:36:34.804+0300][470.044s][info][gc,stats    ]  Contention: Relocation Contention                           128 / 1284              3 / 1284              3 / 1284              3 / 1284        ops/s
[2021-02-07T18:36:34.804+0300][470.044s][info][gc,stats    ]    Critical: Allocation Stall                              0.000 / 0.000         0.000 / 0.000         0.000 / 0.000         0.000 / 0.000       ms
[2021-02-07T18:36:34.804+0300][470.044s][info][gc,stats    ]    Critical: Allocation Stall                                  0 / 0                 0 / 0                 0 / 0                 0 / 0           ops/s
[2021-02-07T18:36:34.804+0300][470.044s][info][gc,stats    ]    Critical: GC Locker Stall                               0.000 / 0.000         0.000 / 0.000         0.000 / 0.000         0.000 / 0.000       ms
[2021-02-07T18:36:34.804+0300][470.044s][info][gc,stats    ]    Critical: GC Locker Stall                                   0 / 0                 0 / 0                 0 / 0                 0 / 0           ops/s
[2021-02-07T18:36:34.804+0300][470.044s][info][gc,stats    ]      Memory: Allocation Rate                                   2 / 22                1 / 304               1 / 304               1 / 304         MB/s
[2021-02-07T18:36:34.804+0300][470.044s][info][gc,stats    ]      Memory: Heap Used After Mark                            222 / 230             120 / 230             120 / 230             120 / 230         MB
[2021-02-07T18:36:34.804+0300][470.044s][info][gc,stats    ]      Memory: Heap Used After Relocation                      216 / 218             109 / 218             109 / 218             109 / 218         MB
[2021-02-07T18:36:34.804+0300][470.044s][info][gc,stats    ]      Memory: Heap Used Before Mark                           221 / 230             119 / 230             119 / 230             119 / 230         MB
[2021-02-07T18:36:34.804+0300][470.044s][info][gc,stats    ]      Memory: Heap Used Before Relocation                     220 / 226             118 / 226             118 / 226             118 / 226         MB
[2021-02-07T18:36:34.804+0300][470.044s][info][gc,stats    ]      Memory: Out Of Memory                                     0 / 0                 0 / 0                 0 / 0                 0 / 0           ops/s
[2021-02-07T18:36:34.804+0300][470.044s][info][gc,stats    ]      Memory: Page Cache Flush                                  0 / 0                 0 / 0                 0 / 0                 0 / 0           MB/s
[2021-02-07T18:36:34.804+0300][470.044s][info][gc,stats    ]      Memory: Page Cache Hit L1                                 2 / 13                0 / 21                0 / 21                0 / 21          ops/s
[2021-02-07T18:36:34.804+0300][470.044s][info][gc,stats    ]      Memory: Page Cache Hit L2                                 0 / 0                 0 / 0                 0 / 0                 0 / 0           ops/s
[2021-02-07T18:36:34.804+0300][470.044s][info][gc,stats    ]      Memory: Page Cache Hit L3                                 0 / 1                 0 / 16                0 / 16                0 / 16          ops/s
[2021-02-07T18:36:34.804+0300][470.044s][info][gc,stats    ]      Memory: Page Cache Miss                                   0 / 0                 0 / 0                 0 / 0                 0 / 0           ops/s
[2021-02-07T18:36:34.804+0300][470.044s][info][gc,stats    ]      Memory: Uncommit                                          0 / 0                 0 / 0                 0 / 0                 0 / 0           MB/s
[2021-02-07T18:36:34.804+0300][470.044s][info][gc,stats    ]      Memory: Undo Object Allocation Failed                     0 / 0                 0 / 0                 0 / 0                 0 / 0           ops/s
[2021-02-07T18:36:34.804+0300][470.044s][info][gc,stats    ]      Memory: Undo Object Allocation Succeeded                128 / 1284              3 / 1284              3 / 1284              3 / 1284        ops/s
[2021-02-07T18:36:34.804+0300][470.044s][info][gc,stats    ]      Memory: Undo Page Allocation                              0 / 0                 0 / 0                 0 / 0                 0 / 0           ops/s
[2021-02-07T18:36:34.804+0300][470.044s][info][gc,stats    ]       Phase: Concurrent Mark                             321.903 / 327.300     159.145 / 327.300     159.145 / 327.300     159.145 / 327.300     ms
[2021-02-07T18:36:34.804+0300][470.044s][info][gc,stats    ]       Phase: Concurrent Mark Continue                      0.000 / 0.000         0.000 / 0.000         0.000 / 0.000         0.000 / 0.000       ms
[2021-02-07T18:36:34.804+0300][470.044s][info][gc,stats    ]       Phase: Concurrent Process Non-Strong References      7.228 / 14.693        2.526 / 14.693        2.526 / 14.693        2.526 / 14.693      ms
[2021-02-07T18:36:34.804+0300][470.044s][info][gc,stats    ]       Phase: Concurrent Relocate                           8.445 / 10.960        9.874 / 20.674        9.874 / 20.674        9.874 / 20.674      ms
[2021-02-07T18:36:34.804+0300][470.044s][info][gc,stats    ]       Phase: Concurrent Reset Relocation Set               0.200 / 0.364         0.341 / 0.806         0.341 / 0.806         0.341 / 0.806       ms
[2021-02-07T18:36:34.804+0300][470.044s][info][gc,stats    ]       Phase: Concurrent Select Relocation Set              2.508 / 2.690         3.237 / 7.297         3.237 / 7.297         3.237 / 7.297       ms
[2021-02-07T18:36:34.804+0300][470.044s][info][gc,stats    ]       Phase: Pause Mark End                                0.216 / 0.229         0.246 / 0.367         0.246 / 0.367         0.246 / 0.367       ms
[2021-02-07T18:36:34.804+0300][470.044s][info][gc,stats    ]       Phase: Pause Mark Start                              0.116 / 0.130         0.113 / 0.463         0.113 / 0.463         0.113 / 0.463       ms
[2021-02-07T18:36:34.804+0300][470.044s][info][gc,stats    ]       Phase: Pause Relocate Start                          0.129 / 0.149         0.134 / 0.287         0.134 / 0.287         0.134 / 0.287       ms
[2021-02-07T18:36:34.804+0300][470.044s][info][gc,stats    ]    Subphase: Concurrent Classes Purge                      0.138 / 0.164         0.116 / 0.244         0.116 / 0.244         0.116 / 0.244       ms
[2021-02-07T18:36:34.804+0300][470.044s][info][gc,stats    ]    Subphase: Concurrent Classes Unlink                     2.273 / 3.066         1.247 / 3.066         1.247 / 3.066         1.247 / 3.066       ms
[2021-02-07T18:36:34.804+0300][470.044s][info][gc,stats    ]    Subphase: Concurrent Mark                             321.721 / 327.100     158.943 / 327.100     158.943 / 327.100     158.943 / 327.100     ms
[2021-02-07T18:36:34.804+0300][470.044s][info][gc,stats    ]    Subphase: Concurrent Mark Idle                          0.000 / 0.000         0.000 / 0.000         0.000 / 0.000         0.000 / 0.000       ms
[2021-02-07T18:36:34.804+0300][470.044s][info][gc,stats    ]    Subphase: Concurrent Mark Try Flush                     2.748 / 16.307        0.664 / 16.307        0.664 / 16.307        0.664 / 16.307      ms
[2021-02-07T18:36:34.804+0300][470.044s][info][gc,stats    ]    Subphase: Concurrent Mark Try Terminate                 2.936 / 16.308        0.518 / 16.308        0.518 / 16.308        0.518 / 16.308      ms
[2021-02-07T18:36:34.804+0300][470.044s][info][gc,stats    ]    Subphase: Concurrent References Enqueue                 0.001 / 0.003         0.002 / 0.005         0.002 / 0.005         0.002 / 0.005       ms
[2021-02-07T18:36:34.804+0300][470.044s][info][gc,stats    ]    Subphase: Concurrent References Process                 0.133 / 0.134         0.114 / 0.211         0.114 / 0.211         0.114 / 0.211       ms
[2021-02-07T18:36:34.804+0300][470.044s][info][gc,stats    ]    Subphase: Concurrent Roots                              0.061 / 0.070         0.059 / 0.114         0.059 / 0.114         0.059 / 0.114       ms
[2021-02-07T18:36:34.804+0300][470.044s][info][gc,stats    ]    Subphase: Concurrent Roots ClassLoaderDataGraph         0.056 / 0.063         0.054 / 0.107         0.054 / 0.107         0.054 / 0.107       ms
[2021-02-07T18:36:34.804+0300][470.044s][info][gc,stats    ]    Subphase: Concurrent Roots JNIHandles                   0.002 / 0.003         0.002 / 0.004         0.002 / 0.004         0.002 / 0.004       ms
[2021-02-07T18:36:34.804+0300][470.044s][info][gc,stats    ]    Subphase: Concurrent Roots Setup                        0.008 / 0.010         0.005 / 0.010         0.005 / 0.010         0.005 / 0.010       ms
[2021-02-07T18:36:34.804+0300][470.044s][info][gc,stats    ]    Subphase: Concurrent Roots Teardown                     0.000 / 0.000         0.000 / 0.000         0.000 / 0.000         0.000 / 0.000       ms
[2021-02-07T18:36:34.804+0300][470.044s][info][gc,stats    ]    Subphase: Concurrent Roots VMHandles                    0.002 / 0.003         0.002 / 0.003         0.002 / 0.003         0.002 / 0.003       ms
[2021-02-07T18:36:34.804+0300][470.044s][info][gc,stats    ]    Subphase: Concurrent Weak Roots                         0.212 / 0.223         0.192 / 0.414         0.192 / 0.414         0.192 / 0.414       ms
[2021-02-07T18:36:34.804+0300][470.044s][info][gc,stats    ]    Subphase: Concurrent Weak Roots JNIWeakHandles          0.000 / 0.000         0.000 / 0.000         0.000 / 0.000         0.000 / 0.000       ms
[2021-02-07T18:36:34.804+0300][470.044s][info][gc,stats    ]    Subphase: Concurrent Weak Roots ResolvedMethodTable     0.015 / 0.017         0.015 / 0.028         0.015 / 0.028         0.015 / 0.028       ms
[2021-02-07T18:36:34.804+0300][470.044s][info][gc,stats    ]    Subphase: Concurrent Weak Roots StringTable             0.192 / 0.201         0.171 / 0.383         0.171 / 0.383         0.171 / 0.383       ms
[2021-02-07T18:36:34.804+0300][470.044s][info][gc,stats    ]    Subphase: Concurrent Weak Roots VMWeakHandles           0.005 / 0.005         0.005 / 0.010         0.005 / 0.010         0.005 / 0.010       ms
[2021-02-07T18:36:34.804+0300][470.044s][info][gc,stats    ]    Subphase: Pause Mark Try Complete                       0.037 / 0.043         0.073 / 0.189         0.073 / 0.189         0.073 / 0.189       ms
[2021-02-07T18:36:34.804+0300][470.044s][info][gc,stats    ]    Subphase: Pause Roots                                   0.042 / 0.061         0.049 / 0.408         0.049 / 0.408         0.049 / 0.408       ms
[2021-02-07T18:36:34.804+0300][470.044s][info][gc,stats    ]    Subphase: Pause Roots CodeCache                         0.000 / 0.000         0.000 / 0.000         0.000 / 0.000         0.000 / 0.000       ms
[2021-02-07T18:36:34.804+0300][470.044s][info][gc,stats    ]    Subphase: Pause Roots JVMTIExport                       0.000 / 0.000         0.000 / 0.002         0.000 / 0.002         0.000 / 0.002       ms
[2021-02-07T18:36:34.804+0300][470.044s][info][gc,stats    ]    Subphase: Pause Roots JVMTIWeakExport                   0.000 / 0.000         0.000 / 0.001         0.000 / 0.001         0.000 / 0.001       ms
[2021-02-07T18:36:34.804+0300][470.044s][info][gc,stats    ]    Subphase: Pause Roots Java Threads                      0.038 / 0.056         0.044 / 0.404         0.044 / 0.404         0.044 / 0.404       ms
[2021-02-07T18:36:34.804+0300][470.044s][info][gc,stats    ]    Subphase: Pause Roots Management                        0.003 / 0.011         0.007 / 0.033         0.007 / 0.033         0.007 / 0.033       ms
[2021-02-07T18:36:34.804+0300][470.044s][info][gc,stats    ]    Subphase: Pause Roots ObjectSynchronizer                0.000 / 0.001         0.000 / 0.004         0.000 / 0.004         0.000 / 0.004       ms
[2021-02-07T18:36:34.804+0300][470.044s][info][gc,stats    ]    Subphase: Pause Roots Setup                             0.000 / 0.001         0.000 / 0.001         0.000 / 0.001         0.000 / 0.001       ms
[2021-02-07T18:36:34.804+0300][470.044s][info][gc,stats    ]    Subphase: Pause Roots Teardown                          0.001 / 0.002         0.001 / 0.002         0.001 / 0.002         0.001 / 0.002       ms
[2021-02-07T18:36:34.804+0300][470.044s][info][gc,stats    ]    Subphase: Pause Roots Universe                          0.002 / 0.003         0.002 / 0.027         0.002 / 0.027         0.002 / 0.027       ms
[2021-02-07T18:36:34.804+0300][470.044s][info][gc,stats    ]    Subphase: Pause Roots VM Thread                         0.001 / 0.001         0.001 / 0.010         0.001 / 0.010         0.001 / 0.010       ms
[2021-02-07T18:36:34.804+0300][470.044s][info][gc,stats    ]    Subphase: Pause Weak Roots                              0.001 / 0.002         0.001 / 0.014         0.001 / 0.014         0.001 / 0.014       ms
[2021-02-07T18:36:34.804+0300][470.044s][info][gc,stats    ]    Subphase: Pause Weak Roots JFRWeak                      0.000 / 0.000         0.001 / 0.013         0.001 / 0.013         0.001 / 0.013       ms
[2021-02-07T18:36:34.804+0300][470.044s][info][gc,stats    ]    Subphase: Pause Weak Roots JVMTIWeakExport              0.000 / 0.000         0.001 / 0.013         0.001 / 0.013         0.001 / 0.013       ms
[2021-02-07T18:36:34.804+0300][470.044s][info][gc,stats    ]    Subphase: Pause Weak Roots Setup                        0.000 / 0.000         0.000 / 0.000         0.000 / 0.000         0.000 / 0.000       ms
[2021-02-07T18:36:34.804+0300][470.044s][info][gc,stats    ]    Subphase: Pause Weak Roots Teardown                     0.000 / 0.000         0.000 / 0.000         0.000 / 0.000         0.000 / 0.000       ms
[2021-02-07T18:36:34.805+0300][470.044s][info][gc,stats    ]      System: Java Threads                                     16 / 16               13 / 16               13 / 16               13 / 16          threads
[2021-02-07T18:36:34.805+0300][470.044s][info][gc,stats    ] =========================================================================================================================================================
[2021-02-07T18:36:44.803+0300][480.043s][info][gc,stats    ] === Garbage Collection Statistics =======================================================================================================================
[2021-02-07T18:36:44.803+0300][480.043s][info][gc,stats    ]                                                              Last 10s              Last 10m              Last 10h                Total
[2021-02-07T18:36:44.803+0300][480.043s][info][gc,stats    ]                                                              Avg / Max             Avg / Max             Avg / Max             Avg / Max
[2021-02-07T18:36:44.803+0300][480.043s][info][gc,stats    ]   Collector: Garbage Collection Cycle                      0.000 / 0.000       177.435 / 355.580     177.435 / 355.580     177.435 / 355.580     ms
[2021-02-07T18:36:44.803+0300][480.043s][info][gc,stats    ]  Contention: Mark Segment Reset Contention                     0 / 0                 0 / 0                 0 / 0                 0 / 0           ops/s
[2021-02-07T18:36:44.803+0300][480.043s][info][gc,stats    ]  Contention: Mark SeqNum Reset Contention                      0 / 0                 0 / 0                 0 / 0                 0 / 0           ops/s
[2021-02-07T18:36:44.803+0300][480.043s][info][gc,stats    ]  Contention: Relocation Contention                             0 / 0                 3 / 1284              3 / 1284              3 / 1284        ops/s
[2021-02-07T18:36:44.803+0300][480.043s][info][gc,stats    ]    Critical: Allocation Stall                              0.000 / 0.000         0.000 / 0.000         0.000 / 0.000         0.000 / 0.000       ms
[2021-02-07T18:36:44.803+0300][480.043s][info][gc,stats    ]    Critical: Allocation Stall                                  0 / 0                 0 / 0                 0 / 0                 0 / 0           ops/s
[2021-02-07T18:36:44.803+0300][480.043s][info][gc,stats    ]    Critical: GC Locker Stall                               0.000 / 0.000         0.000 / 0.000         0.000 / 0.000         0.000 / 0.000       ms
[2021-02-07T18:36:44.803+0300][480.043s][info][gc,stats    ]    Critical: GC Locker Stall                                   0 / 0                 0 / 0                 0 / 0                 0 / 0           ops/s
[2021-02-07T18:36:44.803+0300][480.043s][info][gc,stats    ]      Memory: Allocation Rate                                   0 / 0                 1 / 304               1 / 304               1 / 304         MB/s
[2021-02-07T18:36:44.803+0300][480.043s][info][gc,stats    ]      Memory: Heap Used After Mark                              0 / 0               120 / 230             120 / 230             120 / 230         MB
[2021-02-07T18:36:44.803+0300][480.043s][info][gc,stats    ]      Memory: Heap Used After Relocation                        0 / 0               109 / 218             109 / 218             109 / 218         MB
[2021-02-07T18:36:44.803+0300][480.043s][info][gc,stats    ]      Memory: Heap Used Before Mark                             0 / 0               119 / 230             119 / 230             119 / 230         MB
[2021-02-07T18:36:44.803+0300][480.043s][info][gc,stats    ]      Memory: Heap Used Before Relocation                       0 / 0               118 / 226             118 / 226             118 / 226         MB
[2021-02-07T18:36:44.803+0300][480.043s][info][gc,stats    ]      Memory: Out Of Memory                                     0 / 0                 0 / 0                 0 / 0                 0 / 0           ops/s
[2021-02-07T18:36:44.803+0300][480.043s][info][gc,stats    ]      Memory: Page Cache Flush                                  0 / 0                 0 / 0                 0 / 0                 0 / 0           MB/s
[2021-02-07T18:36:44.803+0300][480.043s][info][gc,stats    ]      Memory: Page Cache Hit L1                                 0 / 0                 0 / 21                0 / 21                0 / 21          ops/s
[2021-02-07T18:36:44.803+0300][480.043s][info][gc,stats    ]      Memory: Page Cache Hit L2                                 0 / 0                 0 / 0                 0 / 0                 0 / 0           ops/s
[2021-02-07T18:36:44.803+0300][480.043s][info][gc,stats    ]      Memory: Page Cache Hit L3                                 0 / 0                 0 / 16                0 / 16                0 / 16          ops/s
[2021-02-07T18:36:44.803+0300][480.043s][info][gc,stats    ]      Memory: Page Cache Miss                                   0 / 0                 0 / 0                 0 / 0                 0 / 0           ops/s
[2021-02-07T18:36:44.803+0300][480.043s][info][gc,stats    ]      Memory: Uncommit                                          0 / 0                 0 / 0                 0 / 0                 0 / 0           MB/s
[2021-02-07T18:36:44.803+0300][480.043s][info][gc,stats    ]      Memory: Undo Object Allocation Failed                     0 / 0                 0 / 0                 0 / 0                 0 / 0           ops/s
[2021-02-07T18:36:44.803+0300][480.043s][info][gc,stats    ]      Memory: Undo Object Allocation Succeeded                  0 / 0                 3 / 1284              3 / 1284              3 / 1284        ops/s
[2021-02-07T18:36:44.803+0300][480.043s][info][gc,stats    ]      Memory: Undo Page Allocation                              0 / 0                 0 / 0                 0 / 0                 0 / 0           ops/s
[2021-02-07T18:36:44.803+0300][480.043s][info][gc,stats    ]       Phase: Concurrent Mark                               0.000 / 0.000       159.145 / 327.300     159.145 / 327.300     159.145 / 327.300     ms
[2021-02-07T18:36:44.803+0300][480.043s][info][gc,stats    ]       Phase: Concurrent Mark Continue                      0.000 / 0.000         0.000 / 0.000         0.000 / 0.000         0.000 / 0.000       ms
[2021-02-07T18:36:44.803+0300][480.043s][info][gc,stats    ]       Phase: Concurrent Process Non-Strong References      0.000 / 0.000         2.526 / 14.693        2.526 / 14.693        2.526 / 14.693      ms
[2021-02-07T18:36:44.803+0300][480.043s][info][gc,stats    ]       Phase: Concurrent Relocate                           0.000 / 0.000         9.874 / 20.674        9.874 / 20.674        9.874 / 20.674      ms
[2021-02-07T18:36:44.803+0300][480.043s][info][gc,stats    ]       Phase: Concurrent Reset Relocation Set               0.000 / 0.000         0.341 / 0.806         0.341 / 0.806         0.341 / 0.806       ms
[2021-02-07T18:36:44.803+0300][480.043s][info][gc,stats    ]       Phase: Concurrent Select Relocation Set              0.000 / 0.000         3.237 / 7.297         3.237 / 7.297         3.237 / 7.297       ms
[2021-02-07T18:36:44.803+0300][480.043s][info][gc,stats    ]       Phase: Pause Mark End                                0.000 / 0.000         0.246 / 0.367         0.246 / 0.367         0.246 / 0.367       ms
[2021-02-07T18:36:44.803+0300][480.043s][info][gc,stats    ]       Phase: Pause Mark Start                              0.000 / 0.000         0.113 / 0.463         0.113 / 0.463         0.113 / 0.463       ms
[2021-02-07T18:36:44.803+0300][480.043s][info][gc,stats    ]       Phase: Pause Relocate Start                          0.000 / 0.000         0.134 / 0.287         0.134 / 0.287         0.134 / 0.287       ms
[2021-02-07T18:36:44.803+0300][480.043s][info][gc,stats    ]    Subphase: Concurrent Classes Purge                      0.000 / 0.000         0.116 / 0.244         0.116 / 0.244         0.116 / 0.244       ms
[2021-02-07T18:36:44.803+0300][480.043s][info][gc,stats    ]    Subphase: Concurrent Classes Unlink                     0.000 / 0.000         1.247 / 3.066         1.247 / 3.066         1.247 / 3.066       ms
[2021-02-07T18:36:44.803+0300][480.043s][info][gc,stats    ]    Subphase: Concurrent Mark                               0.000 / 0.000       158.943 / 327.100     158.943 / 327.100     158.943 / 327.100     ms
[2021-02-07T18:36:44.803+0300][480.043s][info][gc,stats    ]    Subphase: Concurrent Mark Idle                          0.000 / 0.000         0.000 / 0.000         0.000 / 0.000         0.000 / 0.000       ms
[2021-02-07T18:36:44.803+0300][480.043s][info][gc,stats    ]    Subphase: Concurrent Mark Try Flush                     0.000 / 0.000         0.664 / 16.307        0.664 / 16.307        0.664 / 16.307      ms
[2021-02-07T18:36:44.803+0300][480.043s][info][gc,stats    ]    Subphase: Concurrent Mark Try Terminate                 0.000 / 0.000         0.518 / 16.308        0.518 / 16.308        0.518 / 16.308      ms
[2021-02-07T18:36:44.803+0300][480.043s][info][gc,stats    ]    Subphase: Concurrent References Enqueue                 0.000 / 0.000         0.002 / 0.005         0.002 / 0.005         0.002 / 0.005       ms
[2021-02-07T18:36:44.803+0300][480.043s][info][gc,stats    ]    Subphase: Concurrent References Process                 0.000 / 0.000         0.114 / 0.211         0.114 / 0.211         0.114 / 0.211       ms
[2021-02-07T18:36:44.803+0300][480.043s][info][gc,stats    ]    Subphase: Concurrent Roots                              0.000 / 0.000         0.059 / 0.114         0.059 / 0.114         0.059 / 0.114       ms
[2021-02-07T18:36:44.803+0300][480.043s][info][gc,stats    ]    Subphase: Concurrent Roots ClassLoaderDataGraph         0.000 / 0.000         0.054 / 0.107         0.054 / 0.107         0.054 / 0.107       ms
[2021-02-07T18:36:44.803+0300][480.043s][info][gc,stats    ]    Subphase: Concurrent Roots JNIHandles                   0.000 / 0.000         0.002 / 0.004         0.002 / 0.004         0.002 / 0.004       ms
[2021-02-07T18:36:44.803+0300][480.043s][info][gc,stats    ]    Subphase: Concurrent Roots Setup                        0.000 / 0.000         0.005 / 0.010         0.005 / 0.010         0.005 / 0.010       ms
[2021-02-07T18:36:44.803+0300][480.043s][info][gc,stats    ]    Subphase: Concurrent Roots Teardown                     0.000 / 0.000         0.000 / 0.000         0.000 / 0.000         0.000 / 0.000       ms
[2021-02-07T18:36:44.803+0300][480.043s][info][gc,stats    ]    Subphase: Concurrent Roots VMHandles                    0.000 / 0.000         0.002 / 0.003         0.002 / 0.003         0.002 / 0.003       ms
[2021-02-07T18:36:44.803+0300][480.043s][info][gc,stats    ]    Subphase: Concurrent Weak Roots                         0.000 / 0.000         0.192 / 0.414         0.192 / 0.414         0.192 / 0.414       ms
[2021-02-07T18:36:44.803+0300][480.043s][info][gc,stats    ]    Subphase: Concurrent Weak Roots JNIWeakHandles          0.000 / 0.000         0.000 / 0.000         0.000 / 0.000         0.000 / 0.000       ms
[2021-02-07T18:36:44.803+0300][480.043s][info][gc,stats    ]    Subphase: Concurrent Weak Roots ResolvedMethodTable     0.000 / 0.000         0.015 / 0.028         0.015 / 0.028         0.015 / 0.028       ms
[2021-02-07T18:36:44.803+0300][480.043s][info][gc,stats    ]    Subphase: Concurrent Weak Roots StringTable             0.000 / 0.000         0.171 / 0.383         0.171 / 0.383         0.171 / 0.383       ms
[2021-02-07T18:36:44.803+0300][480.043s][info][gc,stats    ]    Subphase: Concurrent Weak Roots VMWeakHandles           0.000 / 0.000         0.005 / 0.010         0.005 / 0.010         0.005 / 0.010       ms
[2021-02-07T18:36:44.803+0300][480.043s][info][gc,stats    ]    Subphase: Pause Mark Try Complete                       0.000 / 0.000         0.073 / 0.189         0.073 / 0.189         0.073 / 0.189       ms
[2021-02-07T18:36:44.803+0300][480.043s][info][gc,stats    ]    Subphase: Pause Roots                                   0.000 / 0.000         0.049 / 0.408         0.049 / 0.408         0.049 / 0.408       ms
[2021-02-07T18:36:44.803+0300][480.043s][info][gc,stats    ]    Subphase: Pause Roots CodeCache                         0.000 / 0.000         0.000 / 0.000         0.000 / 0.000         0.000 / 0.000       ms
[2021-02-07T18:36:44.803+0300][480.043s][info][gc,stats    ]    Subphase: Pause Roots JVMTIExport                       0.000 / 0.000         0.000 / 0.002         0.000 / 0.002         0.000 / 0.002       ms
[2021-02-07T18:36:44.803+0300][480.043s][info][gc,stats    ]    Subphase: Pause Roots JVMTIWeakExport                   0.000 / 0.000         0.000 / 0.001         0.000 / 0.001         0.000 / 0.001       ms
[2021-02-07T18:36:44.803+0300][480.043s][info][gc,stats    ]    Subphase: Pause Roots Java Threads                      0.000 / 0.000         0.044 / 0.404         0.044 / 0.404         0.044 / 0.404       ms
[2021-02-07T18:36:44.803+0300][480.043s][info][gc,stats    ]    Subphase: Pause Roots Management                        0.000 / 0.000         0.007 / 0.033         0.007 / 0.033         0.007 / 0.033       ms
[2021-02-07T18:36:44.803+0300][480.043s][info][gc,stats    ]    Subphase: Pause Roots ObjectSynchronizer                0.000 / 0.000         0.000 / 0.004         0.000 / 0.004         0.000 / 0.004       ms
[2021-02-07T18:36:44.803+0300][480.043s][info][gc,stats    ]    Subphase: Pause Roots Setup                             0.000 / 0.000         0.000 / 0.001         0.000 / 0.001         0.000 / 0.001       ms
[2021-02-07T18:36:44.803+0300][480.043s][info][gc,stats    ]    Subphase: Pause Roots Teardown                          0.000 / 0.000         0.001 / 0.002         0.001 / 0.002         0.001 / 0.002       ms
[2021-02-07T18:36:44.803+0300][480.043s][info][gc,stats    ]    Subphase: Pause Roots Universe                          0.000 / 0.000         0.002 / 0.027         0.002 / 0.027         0.002 / 0.027       ms
[2021-02-07T18:36:44.803+0300][480.043s][info][gc,stats    ]    Subphase: Pause Roots VM Thread                         0.000 / 0.000         0.001 / 0.010         0.001 / 0.010         0.001 / 0.010       ms
[2021-02-07T18:36:44.803+0300][480.043s][info][gc,stats    ]    Subphase: Pause Weak Roots                              0.000 / 0.000         0.001 / 0.014         0.001 / 0.014         0.001 / 0.014       ms
[2021-02-07T18:36:44.803+0300][480.043s][info][gc,stats    ]    Subphase: Pause Weak Roots JFRWeak                      0.000 / 0.000         0.001 / 0.013         0.001 / 0.013         0.001 / 0.013       ms
[2021-02-07T18:36:44.803+0300][480.043s][info][gc,stats    ]    Subphase: Pause Weak Roots JVMTIWeakExport              0.000 / 0.000         0.001 / 0.013         0.001 / 0.013         0.001 / 0.013       ms
[2021-02-07T18:36:44.804+0300][480.043s][info][gc,stats    ]    Subphase: Pause Weak Roots Setup                        0.000 / 0.000         0.000 / 0.000         0.000 / 0.000         0.000 / 0.000       ms
[2021-02-07T18:36:44.804+0300][480.043s][info][gc,stats    ]    Subphase: Pause Weak Roots Teardown                     0.000 / 0.000         0.000 / 0.000         0.000 / 0.000         0.000 / 0.000       ms
[2021-02-07T18:36:44.804+0300][480.043s][info][gc,stats    ]      System: Java Threads                                      0 / 0                13 / 16               13 / 16               13 / 16          threads
[2021-02-07T18:36:44.804+0300][480.043s][info][gc,stats    ] =========================================================================================================================================================
[2021-02-07T18:36:54.804+0300][490.043s][info][gc,stats    ] === Garbage Collection Statistics =======================================================================================================================
[2021-02-07T18:36:54.804+0300][490.043s][info][gc,stats    ]                                                              Last 10s              Last 10m              Last 10h                Total
[2021-02-07T18:36:54.804+0300][490.043s][info][gc,stats    ]                                                              Avg / Max             Avg / Max             Avg / Max             Avg / Max
[2021-02-07T18:36:54.804+0300][490.043s][info][gc,stats    ]   Collector: Garbage Collection Cycle                      0.000 / 0.000       177.435 / 355.580     177.435 / 355.580     177.435 / 355.580     ms
[2021-02-07T18:36:54.804+0300][490.043s][info][gc,stats    ]  Contention: Mark Segment Reset Contention                     0 / 0                 0 / 0                 0 / 0                 0 / 0           ops/s
[2021-02-07T18:36:54.804+0300][490.043s][info][gc,stats    ]  Contention: Mark SeqNum Reset Contention                      0 / 0                 0 / 0                 0 / 0                 0 / 0           ops/s
[2021-02-07T18:36:54.804+0300][490.043s][info][gc,stats    ]  Contention: Relocation Contention                             0 / 0                 3 / 1284              3 / 1284              3 / 1284        ops/s
[2021-02-07T18:36:54.804+0300][490.043s][info][gc,stats    ]    Critical: Allocation Stall                              0.000 / 0.000         0.000 / 0.000         0.000 / 0.000         0.000 / 0.000       ms
[2021-02-07T18:36:54.804+0300][490.043s][info][gc,stats    ]    Critical: Allocation Stall                                  0 / 0                 0 / 0                 0 / 0                 0 / 0           ops/s
[2021-02-07T18:36:54.804+0300][490.043s][info][gc,stats    ]    Critical: GC Locker Stall                               0.000 / 0.000         0.000 / 0.000         0.000 / 0.000         0.000 / 0.000       ms
[2021-02-07T18:36:54.804+0300][490.043s][info][gc,stats    ]    Critical: GC Locker Stall                                   0 / 0                 0 / 0                 0 / 0                 0 / 0           ops/s
[2021-02-07T18:36:54.804+0300][490.043s][info][gc,stats    ]      Memory: Allocation Rate                                   0 / 2                 1 / 304               1 / 304               1 / 304         MB/s
[2021-02-07T18:36:54.804+0300][490.043s][info][gc,stats    ]      Memory: Heap Used After Mark                              0 / 0               120 / 230             120 / 230             120 / 230         MB
[2021-02-07T18:36:54.804+0300][490.043s][info][gc,stats    ]      Memory: Heap Used After Relocation                        0 / 0               109 / 218             109 / 218             109 / 218         MB
[2021-02-07T18:36:54.804+0300][490.043s][info][gc,stats    ]      Memory: Heap Used Before Mark                             0 / 0               119 / 230             119 / 230             119 / 230         MB
[2021-02-07T18:36:54.804+0300][490.043s][info][gc,stats    ]      Memory: Heap Used Before Relocation                       0 / 0               118 / 226             118 / 226             118 / 226         MB
[2021-02-07T18:36:54.804+0300][490.044s][info][gc,stats    ]      Memory: Out Of Memory                                     0 / 0                 0 / 0                 0 / 0                 0 / 0           ops/s
[2021-02-07T18:36:54.804+0300][490.044s][info][gc,stats    ]      Memory: Page Cache Flush                                  0 / 0                 0 / 0                 0 / 0                 0 / 0           MB/s
[2021-02-07T18:36:54.804+0300][490.044s][info][gc,stats    ]      Memory: Page Cache Hit L1                                 0 / 1                 0 / 21                0 / 21                0 / 21          ops/s
[2021-02-07T18:36:54.804+0300][490.044s][info][gc,stats    ]      Memory: Page Cache Hit L2                                 0 / 0                 0 / 0                 0 / 0                 0 / 0           ops/s
[2021-02-07T18:36:54.804+0300][490.044s][info][gc,stats    ]      Memory: Page Cache Hit L3                                 0 / 0                 0 / 16                0 / 16                0 / 16          ops/s
[2021-02-07T18:36:54.804+0300][490.044s][info][gc,stats    ]      Memory: Page Cache Miss                                   0 / 0                 0 / 0                 0 / 0                 0 / 0           ops/s
[2021-02-07T18:36:54.804+0300][490.044s][info][gc,stats    ]      Memory: Uncommit                                          0 / 0                 0 / 0                 0 / 0                 0 / 0           MB/s
[2021-02-07T18:36:54.804+0300][490.044s][info][gc,stats    ]      Memory: Undo Object Allocation Failed                     0 / 0                 0 / 0                 0 / 0                 0 / 0           ops/s
[2021-02-07T18:36:54.804+0300][490.044s][info][gc,stats    ]      Memory: Undo Object Allocation Succeeded                  0 / 0                 3 / 1284              3 / 1284              3 / 1284        ops/s
[2021-02-07T18:36:54.804+0300][490.044s][info][gc,stats    ]      Memory: Undo Page Allocation                              0 / 0                 0 / 0                 0 / 0                 0 / 0           ops/s
[2021-02-07T18:36:54.804+0300][490.044s][info][gc,stats    ]       Phase: Concurrent Mark                               0.000 / 0.000       159.145 / 327.300     159.145 / 327.300     159.145 / 327.300     ms
[2021-02-07T18:36:54.804+0300][490.044s][info][gc,stats    ]       Phase: Concurrent Mark Continue                      0.000 / 0.000         0.000 / 0.000         0.000 / 0.000         0.000 / 0.000       ms
[2021-02-07T18:36:54.804+0300][490.044s][info][gc,stats    ]       Phase: Concurrent Process Non-Strong References      0.000 / 0.000         2.526 / 14.693        2.526 / 14.693        2.526 / 14.693      ms
[2021-02-07T18:36:54.804+0300][490.044s][info][gc,stats    ]       Phase: Concurrent Relocate                           0.000 / 0.000         9.874 / 20.674        9.874 / 20.674        9.874 / 20.674      ms
[2021-02-07T18:36:54.804+0300][490.044s][info][gc,stats    ]       Phase: Concurrent Reset Relocation Set               0.000 / 0.000         0.341 / 0.806         0.341 / 0.806         0.341 / 0.806       ms
[2021-02-07T18:36:54.804+0300][490.044s][info][gc,stats    ]       Phase: Concurrent Select Relocation Set              0.000 / 0.000         3.237 / 7.297         3.237 / 7.297         3.237 / 7.297       ms
[2021-02-07T18:36:54.804+0300][490.044s][info][gc,stats    ]       Phase: Pause Mark End                                0.000 / 0.000         0.246 / 0.367         0.246 / 0.367         0.246 / 0.367       ms
[2021-02-07T18:36:54.804+0300][490.044s][info][gc,stats    ]       Phase: Pause Mark Start                              0.000 / 0.000         0.113 / 0.463         0.113 / 0.463         0.113 / 0.463       ms
[2021-02-07T18:36:54.804+0300][490.044s][info][gc,stats    ]       Phase: Pause Relocate Start                          0.000 / 0.000         0.134 / 0.287         0.134 / 0.287         0.134 / 0.287       ms
[2021-02-07T18:36:54.804+0300][490.044s][info][gc,stats    ]    Subphase: Concurrent Classes Purge                      0.000 / 0.000         0.116 / 0.244         0.116 / 0.244         0.116 / 0.244       ms
[2021-02-07T18:36:54.804+0300][490.044s][info][gc,stats    ]    Subphase: Concurrent Classes Unlink                     0.000 / 0.000         1.247 / 3.066         1.247 / 3.066         1.247 / 3.066       ms
[2021-02-07T18:36:54.804+0300][490.044s][info][gc,stats    ]    Subphase: Concurrent Mark                               0.000 / 0.000       158.943 / 327.100     158.943 / 327.100     158.943 / 327.100     ms
[2021-02-07T18:36:54.804+0300][490.044s][info][gc,stats    ]    Subphase: Concurrent Mark Idle                          0.000 / 0.000         0.000 / 0.000         0.000 / 0.000         0.000 / 0.000       ms
[2021-02-07T18:36:54.804+0300][490.044s][info][gc,stats    ]    Subphase: Concurrent Mark Try Flush                     0.000 / 0.000         0.664 / 16.307        0.664 / 16.307        0.664 / 16.307      ms
[2021-02-07T18:36:54.804+0300][490.044s][info][gc,stats    ]    Subphase: Concurrent Mark Try Terminate                 0.000 / 0.000         0.518 / 16.308        0.518 / 16.308        0.518 / 16.308      ms
[2021-02-07T18:36:54.804+0300][490.044s][info][gc,stats    ]    Subphase: Concurrent References Enqueue                 0.000 / 0.000         0.002 / 0.005         0.002 / 0.005         0.002 / 0.005       ms
[2021-02-07T18:36:54.804+0300][490.044s][info][gc,stats    ]    Subphase: Concurrent References Process                 0.000 / 0.000         0.114 / 0.211         0.114 / 0.211         0.114 / 0.211       ms
[2021-02-07T18:36:54.804+0300][490.044s][info][gc,stats    ]    Subphase: Concurrent Roots                              0.000 / 0.000         0.059 / 0.114         0.059 / 0.114         0.059 / 0.114       ms
[2021-02-07T18:36:54.804+0300][490.044s][info][gc,stats    ]    Subphase: Concurrent Roots ClassLoaderDataGraph         0.000 / 0.000         0.054 / 0.107         0.054 / 0.107         0.054 / 0.107       ms
[2021-02-07T18:36:54.804+0300][490.044s][info][gc,stats    ]    Subphase: Concurrent Roots JNIHandles                   0.000 / 0.000         0.002 / 0.004         0.002 / 0.004         0.002 / 0.004       ms
[2021-02-07T18:36:54.804+0300][490.044s][info][gc,stats    ]    Subphase: Concurrent Roots Setup                        0.000 / 0.000         0.005 / 0.010         0.005 / 0.010         0.005 / 0.010       ms
[2021-02-07T18:36:54.804+0300][490.044s][info][gc,stats    ]    Subphase: Concurrent Roots Teardown                     0.000 / 0.000         0.000 / 0.000         0.000 / 0.000         0.000 / 0.000       ms
[2021-02-07T18:36:54.804+0300][490.044s][info][gc,stats    ]    Subphase: Concurrent Roots VMHandles                    0.000 / 0.000         0.002 / 0.003         0.002 / 0.003         0.002 / 0.003       ms
[2021-02-07T18:36:54.804+0300][490.044s][info][gc,stats    ]    Subphase: Concurrent Weak Roots                         0.000 / 0.000         0.192 / 0.414         0.192 / 0.414         0.192 / 0.414       ms
[2021-02-07T18:36:54.804+0300][490.044s][info][gc,stats    ]    Subphase: Concurrent Weak Roots JNIWeakHandles          0.000 / 0.000         0.000 / 0.000         0.000 / 0.000         0.000 / 0.000       ms
[2021-02-07T18:36:54.804+0300][490.044s][info][gc,stats    ]    Subphase: Concurrent Weak Roots ResolvedMethodTable     0.000 / 0.000         0.015 / 0.028         0.015 / 0.028         0.015 / 0.028       ms
[2021-02-07T18:36:54.804+0300][490.044s][info][gc,stats    ]    Subphase: Concurrent Weak Roots StringTable             0.000 / 0.000         0.171 / 0.383         0.171 / 0.383         0.171 / 0.383       ms
[2021-02-07T18:36:54.804+0300][490.044s][info][gc,stats    ]    Subphase: Concurrent Weak Roots VMWeakHandles           0.000 / 0.000         0.005 / 0.010         0.005 / 0.010         0.005 / 0.010       ms
[2021-02-07T18:36:54.804+0300][490.044s][info][gc,stats    ]    Subphase: Pause Mark Try Complete                       0.000 / 0.000         0.073 / 0.189         0.073 / 0.189         0.073 / 0.189       ms
[2021-02-07T18:36:54.804+0300][490.044s][info][gc,stats    ]    Subphase: Pause Roots                                   0.000 / 0.000         0.049 / 0.408         0.049 / 0.408         0.049 / 0.408       ms
[2021-02-07T18:36:54.804+0300][490.044s][info][gc,stats    ]    Subphase: Pause Roots CodeCache                         0.000 / 0.000         0.000 / 0.000         0.000 / 0.000         0.000 / 0.000       ms
[2021-02-07T18:36:54.804+0300][490.044s][info][gc,stats    ]    Subphase: Pause Roots JVMTIExport                       0.000 / 0.000         0.000 / 0.002         0.000 / 0.002         0.000 / 0.002       ms
[2021-02-07T18:36:54.804+0300][490.044s][info][gc,stats    ]    Subphase: Pause Roots JVMTIWeakExport                   0.000 / 0.000         0.000 / 0.001         0.000 / 0.001         0.000 / 0.001       ms
[2021-02-07T18:36:54.804+0300][490.044s][info][gc,stats    ]    Subphase: Pause Roots Java Threads                      0.000 / 0.000         0.044 / 0.404         0.044 / 0.404         0.044 / 0.404       ms
[2021-02-07T18:36:54.804+0300][490.044s][info][gc,stats    ]    Subphase: Pause Roots Management                        0.000 / 0.000         0.007 / 0.033         0.007 / 0.033         0.007 / 0.033       ms
[2021-02-07T18:36:54.804+0300][490.044s][info][gc,stats    ]    Subphase: Pause Roots ObjectSynchronizer                0.000 / 0.000         0.000 / 0.004         0.000 / 0.004         0.000 / 0.004       ms
[2021-02-07T18:36:54.804+0300][490.044s][info][gc,stats    ]    Subphase: Pause Roots Setup                             0.000 / 0.000         0.000 / 0.001         0.000 / 0.001         0.000 / 0.001       ms
[2021-02-07T18:36:54.804+0300][490.044s][info][gc,stats    ]    Subphase: Pause Roots Teardown                          0.000 / 0.000         0.001 / 0.002         0.001 / 0.002         0.001 / 0.002       ms
[2021-02-07T18:36:54.804+0300][490.044s][info][gc,stats    ]    Subphase: Pause Roots Universe                          0.000 / 0.000         0.002 / 0.027         0.002 / 0.027         0.002 / 0.027       ms
[2021-02-07T18:36:54.804+0300][490.044s][info][gc,stats    ]    Subphase: Pause Roots VM Thread                         0.000 / 0.000         0.001 / 0.010         0.001 / 0.010         0.001 / 0.010       ms
[2021-02-07T18:36:54.804+0300][490.044s][info][gc,stats    ]    Subphase: Pause Weak Roots                              0.000 / 0.000         0.001 / 0.014         0.001 / 0.014         0.001 / 0.014       ms
[2021-02-07T18:36:54.805+0300][490.044s][info][gc,stats    ]    Subphase: Pause Weak Roots JFRWeak                      0.000 / 0.000         0.001 / 0.013         0.001 / 0.013         0.001 / 0.013       ms
[2021-02-07T18:36:54.805+0300][490.044s][info][gc,stats    ]    Subphase: Pause Weak Roots JVMTIWeakExport              0.000 / 0.000         0.001 / 0.013         0.001 / 0.013         0.001 / 0.013       ms
[2021-02-07T18:36:54.805+0300][490.044s][info][gc,stats    ]    Subphase: Pause Weak Roots Setup                        0.000 / 0.000         0.000 / 0.000         0.000 / 0.000         0.000 / 0.000       ms
[2021-02-07T18:36:54.805+0300][490.044s][info][gc,stats    ]    Subphase: Pause Weak Roots Teardown                     0.000 / 0.000         0.000 / 0.000         0.000 / 0.000         0.000 / 0.000       ms
[2021-02-07T18:36:54.805+0300][490.044s][info][gc,stats    ]      System: Java Threads                                      0 / 0                13 / 16               13 / 16               13 / 16          threads
[2021-02-07T18:36:54.805+0300][490.044s][info][gc,stats    ] =========================================================================================================================================================
[2021-02-07T18:37:04.818+0300][500.058s][info][gc,stats    ] === Garbage Collection Statistics =======================================================================================================================
[2021-02-07T18:37:04.818+0300][500.058s][info][gc,stats    ]                                                              Last 10s              Last 10m              Last 10h                Total
[2021-02-07T18:37:04.818+0300][500.058s][info][gc,stats    ]                                                              Avg / Max             Avg / Max             Avg / Max             Avg / Max
[2021-02-07T18:37:04.818+0300][500.058s][info][gc,stats    ]   Collector: Garbage Collection Cycle                      0.000 / 0.000       177.435 / 355.580     177.435 / 355.580     177.435 / 355.580     ms
[2021-02-07T18:37:04.818+0300][500.058s][info][gc,stats    ]  Contention: Mark Segment Reset Contention                     0 / 0                 0 / 0                 0 / 0                 0 / 0           ops/s
[2021-02-07T18:37:04.818+0300][500.058s][info][gc,stats    ]  Contention: Mark SeqNum Reset Contention                      0 / 0                 0 / 0                 0 / 0                 0 / 0           ops/s
[2021-02-07T18:37:04.818+0300][500.058s][info][gc,stats    ]  Contention: Relocation Contention                             0 / 0                 3 / 1284              3 / 1284              3 / 1284        ops/s
[2021-02-07T18:37:04.818+0300][500.058s][info][gc,stats    ]    Critical: Allocation Stall                              0.000 / 0.000         0.000 / 0.000         0.000 / 0.000         0.000 / 0.000       ms
[2021-02-07T18:37:04.818+0300][500.058s][info][gc,stats    ]    Critical: Allocation Stall                                  0 / 0                 0 / 0                 0 / 0                 0 / 0           ops/s
[2021-02-07T18:37:04.818+0300][500.058s][info][gc,stats    ]    Critical: GC Locker Stall                               0.000 / 0.000         0.000 / 0.000         0.000 / 0.000         0.000 / 0.000       ms
[2021-02-07T18:37:04.818+0300][500.058s][info][gc,stats    ]    Critical: GC Locker Stall                                   0 / 0                 0 / 0                 0 / 0                 0 / 0           ops/s
[2021-02-07T18:37:04.818+0300][500.058s][info][gc,stats    ]      Memory: Allocation Rate                                   0 / 2                 1 / 304               1 / 304               1 / 304         MB/s
[2021-02-07T18:37:04.818+0300][500.058s][info][gc,stats    ]      Memory: Heap Used After Mark                              0 / 0               120 / 230             120 / 230             120 / 230         MB
[2021-02-07T18:37:04.818+0300][500.058s][info][gc,stats    ]      Memory: Heap Used After Relocation                        0 / 0               109 / 218             109 / 218             109 / 218         MB
[2021-02-07T18:37:04.818+0300][500.058s][info][gc,stats    ]      Memory: Heap Used Before Mark                             0 / 0               119 / 230             119 / 230             119 / 230         MB
[2021-02-07T18:37:04.818+0300][500.058s][info][gc,stats    ]      Memory: Heap Used Before Relocation                       0 / 0               118 / 226             118 / 226             118 / 226         MB
[2021-02-07T18:37:04.818+0300][500.058s][info][gc,stats    ]      Memory: Out Of Memory                                     0 / 0                 0 / 0                 0 / 0                 0 / 0           ops/s
[2021-02-07T18:37:04.818+0300][500.058s][info][gc,stats    ]      Memory: Page Cache Flush                                  0 / 0                 0 / 0                 0 / 0                 0 / 0           MB/s
[2021-02-07T18:37:04.818+0300][500.058s][info][gc,stats    ]      Memory: Page Cache Hit L1                                 0 / 1                 0 / 21                0 / 21                0 / 21          ops/s
[2021-02-07T18:37:04.818+0300][500.058s][info][gc,stats    ]      Memory: Page Cache Hit L2                                 0 / 0                 0 / 0                 0 / 0                 0 / 0           ops/s
[2021-02-07T18:37:04.818+0300][500.058s][info][gc,stats    ]      Memory: Page Cache Hit L3                                 0 / 0                 0 / 16                0 / 16                0 / 16          ops/s
[2021-02-07T18:37:04.818+0300][500.058s][info][gc,stats    ]      Memory: Page Cache Miss                                   0 / 0                 0 / 0                 0 / 0                 0 / 0           ops/s
[2021-02-07T18:37:04.818+0300][500.058s][info][gc,stats    ]      Memory: Uncommit                                          0 / 0                 0 / 0                 0 / 0                 0 / 0           MB/s
[2021-02-07T18:37:04.818+0300][500.058s][info][gc,stats    ]      Memory: Undo Object Allocation Failed                     0 / 0                 0 / 0                 0 / 0                 0 / 0           ops/s
[2021-02-07T18:37:04.818+0300][500.058s][info][gc,stats    ]      Memory: Undo Object Allocation Succeeded                  0 / 0                 3 / 1284              3 / 1284              3 / 1284        ops/s
[2021-02-07T18:37:04.818+0300][500.058s][info][gc,stats    ]      Memory: Undo Page Allocation                              0 / 0                 0 / 0                 0 / 0                 0 / 0           ops/s
[2021-02-07T18:37:04.818+0300][500.058s][info][gc,stats    ]       Phase: Concurrent Mark                               0.000 / 0.000       159.145 / 327.300     159.145 / 327.300     159.145 / 327.300     ms
[2021-02-07T18:37:04.818+0300][500.058s][info][gc,stats    ]       Phase: Concurrent Mark Continue                      0.000 / 0.000         0.000 / 0.000         0.000 / 0.000         0.000 / 0.000       ms
[2021-02-07T18:37:04.818+0300][500.058s][info][gc,stats    ]       Phase: Concurrent Process Non-Strong References      0.000 / 0.000         2.526 / 14.693        2.526 / 14.693        2.526 / 14.693      ms
[2021-02-07T18:37:04.818+0300][500.058s][info][gc,stats    ]       Phase: Concurrent Relocate                           0.000 / 0.000         9.874 / 20.674        9.874 / 20.674        9.874 / 20.674      ms
[2021-02-07T18:37:04.818+0300][500.058s][info][gc,stats    ]       Phase: Concurrent Reset Relocation Set               0.000 / 0.000         0.341 / 0.806         0.341 / 0.806         0.341 / 0.806       ms
[2021-02-07T18:37:04.818+0300][500.058s][info][gc,stats    ]       Phase: Concurrent Select Relocation Set              0.000 / 0.000         3.237 / 7.297         3.237 / 7.297         3.237 / 7.297       ms
[2021-02-07T18:37:04.818+0300][500.058s][info][gc,stats    ]       Phase: Pause Mark End                                0.000 / 0.000         0.246 / 0.367         0.246 / 0.367         0.246 / 0.367       ms
[2021-02-07T18:37:04.818+0300][500.058s][info][gc,stats    ]       Phase: Pause Mark Start                              0.000 / 0.000         0.113 / 0.463         0.113 / 0.463         0.113 / 0.463       ms
[2021-02-07T18:37:04.818+0300][500.058s][info][gc,stats    ]       Phase: Pause Relocate Start                          0.000 / 0.000         0.134 / 0.287         0.134 / 0.287         0.134 / 0.287       ms
[2021-02-07T18:37:04.818+0300][500.058s][info][gc,stats    ]    Subphase: Concurrent Classes Purge                      0.000 / 0.000         0.116 / 0.244         0.116 / 0.244         0.116 / 0.244       ms
[2021-02-07T18:37:04.818+0300][500.058s][info][gc,stats    ]    Subphase: Concurrent Classes Unlink                     0.000 / 0.000         1.247 / 3.066         1.247 / 3.066         1.247 / 3.066       ms
[2021-02-07T18:37:04.818+0300][500.058s][info][gc,stats    ]    Subphase: Concurrent Mark                               0.000 / 0.000       158.943 / 327.100     158.943 / 327.100     158.943 / 327.100     ms
[2021-02-07T18:37:04.818+0300][500.058s][info][gc,stats    ]    Subphase: Concurrent Mark Idle                          0.000 / 0.000         0.000 / 0.000         0.000 / 0.000         0.000 / 0.000       ms
[2021-02-07T18:37:04.818+0300][500.058s][info][gc,stats    ]    Subphase: Concurrent Mark Try Flush                     0.000 / 0.000         0.664 / 16.307        0.664 / 16.307        0.664 / 16.307      ms
[2021-02-07T18:37:04.818+0300][500.058s][info][gc,stats    ]    Subphase: Concurrent Mark Try Terminate                 0.000 / 0.000         0.518 / 16.308        0.518 / 16.308        0.518 / 16.308      ms
[2021-02-07T18:37:04.818+0300][500.058s][info][gc,stats    ]    Subphase: Concurrent References Enqueue                 0.000 / 0.000         0.002 / 0.005         0.002 / 0.005         0.002 / 0.005       ms
[2021-02-07T18:37:04.818+0300][500.058s][info][gc,stats    ]    Subphase: Concurrent References Process                 0.000 / 0.000         0.114 / 0.211         0.114 / 0.211         0.114 / 0.211       ms
[2021-02-07T18:37:04.818+0300][500.058s][info][gc,stats    ]    Subphase: Concurrent Roots                              0.000 / 0.000         0.059 / 0.114         0.059 / 0.114         0.059 / 0.114       ms
[2021-02-07T18:37:04.818+0300][500.058s][info][gc,stats    ]    Subphase: Concurrent Roots ClassLoaderDataGraph         0.000 / 0.000         0.054 / 0.107         0.054 / 0.107         0.054 / 0.107       ms
[2021-02-07T18:37:04.818+0300][500.058s][info][gc,stats    ]    Subphase: Concurrent Roots JNIHandles                   0.000 / 0.000         0.002 / 0.004         0.002 / 0.004         0.002 / 0.004       ms
[2021-02-07T18:37:04.818+0300][500.058s][info][gc,stats    ]    Subphase: Concurrent Roots Setup                        0.000 / 0.000         0.005 / 0.010         0.005 / 0.010         0.005 / 0.010       ms
[2021-02-07T18:37:04.818+0300][500.058s][info][gc,stats    ]    Subphase: Concurrent Roots Teardown                     0.000 / 0.000         0.000 / 0.000         0.000 / 0.000         0.000 / 0.000       ms
[2021-02-07T18:37:04.818+0300][500.058s][info][gc,stats    ]    Subphase: Concurrent Roots VMHandles                    0.000 / 0.000         0.002 / 0.003         0.002 / 0.003         0.002 / 0.003       ms
[2021-02-07T18:37:04.818+0300][500.058s][info][gc,stats    ]    Subphase: Concurrent Weak Roots                         0.000 / 0.000         0.192 / 0.414         0.192 / 0.414         0.192 / 0.414       ms
[2021-02-07T18:37:04.818+0300][500.058s][info][gc,stats    ]    Subphase: Concurrent Weak Roots JNIWeakHandles          0.000 / 0.000         0.000 / 0.000         0.000 / 0.000         0.000 / 0.000       ms
[2021-02-07T18:37:04.818+0300][500.058s][info][gc,stats    ]    Subphase: Concurrent Weak Roots ResolvedMethodTable     0.000 / 0.000         0.015 / 0.028         0.015 / 0.028         0.015 / 0.028       ms
[2021-02-07T18:37:04.818+0300][500.058s][info][gc,stats    ]    Subphase: Concurrent Weak Roots StringTable             0.000 / 0.000         0.171 / 0.383         0.171 / 0.383         0.171 / 0.383       ms
[2021-02-07T18:37:04.818+0300][500.058s][info][gc,stats    ]    Subphase: Concurrent Weak Roots VMWeakHandles           0.000 / 0.000         0.005 / 0.010         0.005 / 0.010         0.005 / 0.010       ms
[2021-02-07T18:37:04.818+0300][500.058s][info][gc,stats    ]    Subphase: Pause Mark Try Complete                       0.000 / 0.000         0.073 / 0.189         0.073 / 0.189         0.073 / 0.189       ms
[2021-02-07T18:37:04.818+0300][500.058s][info][gc,stats    ]    Subphase: Pause Roots                                   0.000 / 0.000         0.049 / 0.408         0.049 / 0.408         0.049 / 0.408       ms
[2021-02-07T18:37:04.818+0300][500.058s][info][gc,stats    ]    Subphase: Pause Roots CodeCache                         0.000 / 0.000         0.000 / 0.000         0.000 / 0.000         0.000 / 0.000       ms
[2021-02-07T18:37:04.818+0300][500.058s][info][gc,stats    ]    Subphase: Pause Roots JVMTIExport                       0.000 / 0.000         0.000 / 0.002         0.000 / 0.002         0.000 / 0.002       ms
[2021-02-07T18:37:04.818+0300][500.059s][info][gc,stats    ]    Subphase: Pause Roots JVMTIWeakExport                   0.000 / 0.000         0.000 / 0.001         0.000 / 0.001         0.000 / 0.001       ms
[2021-02-07T18:37:04.818+0300][500.059s][info][gc,stats    ]    Subphase: Pause Roots Java Threads                      0.000 / 0.000         0.044 / 0.404         0.044 / 0.404         0.044 / 0.404       ms
[2021-02-07T18:37:04.818+0300][500.059s][info][gc,stats    ]    Subphase: Pause Roots Management                        0.000 / 0.000         0.007 / 0.033         0.007 / 0.033         0.007 / 0.033       ms
[2021-02-07T18:37:04.819+0300][500.059s][info][gc,stats    ]    Subphase: Pause Roots ObjectSynchronizer                0.000 / 0.000         0.000 / 0.004         0.000 / 0.004         0.000 / 0.004       ms
[2021-02-07T18:37:04.819+0300][500.059s][info][gc,stats    ]    Subphase: Pause Roots Setup                             0.000 / 0.000         0.000 / 0.001         0.000 / 0.001         0.000 / 0.001       ms
[2021-02-07T18:37:04.819+0300][500.059s][info][gc,stats    ]    Subphase: Pause Roots Teardown                          0.000 / 0.000         0.001 / 0.002         0.001 / 0.002         0.001 / 0.002       ms
[2021-02-07T18:37:04.819+0300][500.059s][info][gc,stats    ]    Subphase: Pause Roots Universe                          0.000 / 0.000         0.002 / 0.027         0.002 / 0.027         0.002 / 0.027       ms
[2021-02-07T18:37:04.819+0300][500.059s][info][gc,stats    ]    Subphase: Pause Roots VM Thread                         0.000 / 0.000         0.001 / 0.010         0.001 / 0.010         0.001 / 0.010       ms
[2021-02-07T18:37:04.819+0300][500.059s][info][gc,stats    ]    Subphase: Pause Weak Roots                              0.000 / 0.000         0.001 / 0.014         0.001 / 0.014         0.001 / 0.014       ms
[2021-02-07T18:37:04.819+0300][500.059s][info][gc,stats    ]    Subphase: Pause Weak Roots JFRWeak                      0.000 / 0.000         0.001 / 0.013         0.001 / 0.013         0.001 / 0.013       ms
[2021-02-07T18:37:04.819+0300][500.059s][info][gc,stats    ]    Subphase: Pause Weak Roots JVMTIWeakExport              0.000 / 0.000         0.001 / 0.013         0.001 / 0.013         0.001 / 0.013       ms
[2021-02-07T18:37:04.819+0300][500.059s][info][gc,stats    ]    Subphase: Pause Weak Roots Setup                        0.000 / 0.000         0.000 / 0.000         0.000 / 0.000         0.000 / 0.000       ms
[2021-02-07T18:37:04.819+0300][500.059s][info][gc,stats    ]    Subphase: Pause Weak Roots Teardown                     0.000 / 0.000         0.000 / 0.000         0.000 / 0.000         0.000 / 0.000       ms
[2021-02-07T18:37:04.819+0300][500.059s][info][gc,stats    ]      System: Java Threads                                      0 / 0                13 / 16               13 / 16               13 / 16          threads
[2021-02-07T18:37:04.819+0300][500.059s][info][gc,stats    ] =========================================================================================================================================================
[2021-02-07T18:37:14.812+0300][510.052s][info][gc,stats    ] === Garbage Collection Statistics =======================================================================================================================
[2021-02-07T18:37:14.812+0300][510.052s][info][gc,stats    ]                                                              Last 10s              Last 10m              Last 10h                Total
[2021-02-07T18:37:14.812+0300][510.052s][info][gc,stats    ]                                                              Avg / Max             Avg / Max             Avg / Max             Avg / Max
[2021-02-07T18:37:14.812+0300][510.052s][info][gc,stats    ]   Collector: Garbage Collection Cycle                      0.000 / 0.000       177.435 / 355.580     177.435 / 355.580     177.435 / 355.580     ms
[2021-02-07T18:37:14.812+0300][510.052s][info][gc,stats    ]  Contention: Mark Segment Reset Contention                     0 / 0                 0 / 0                 0 / 0                 0 / 0           ops/s
[2021-02-07T18:37:14.812+0300][510.052s][info][gc,stats    ]  Contention: Mark SeqNum Reset Contention                      0 / 0                 0 / 0                 0 / 0                 0 / 0           ops/s
[2021-02-07T18:37:14.812+0300][510.052s][info][gc,stats    ]  Contention: Relocation Contention                             0 / 0                 3 / 1284              3 / 1284              3 / 1284        ops/s
[2021-02-07T18:37:14.812+0300][510.052s][info][gc,stats    ]    Critical: Allocation Stall                              0.000 / 0.000         0.000 / 0.000         0.000 / 0.000         0.000 / 0.000       ms
[2021-02-07T18:37:14.812+0300][510.052s][info][gc,stats    ]    Critical: Allocation Stall                                  0 / 0                 0 / 0                 0 / 0                 0 / 0           ops/s
[2021-02-07T18:37:14.812+0300][510.052s][info][gc,stats    ]    Critical: GC Locker Stall                               0.000 / 0.000         0.000 / 0.000         0.000 / 0.000         0.000 / 0.000       ms
[2021-02-07T18:37:14.812+0300][510.052s][info][gc,stats    ]    Critical: GC Locker Stall                                   0 / 0                 0 / 0                 0 / 0                 0 / 0           ops/s
[2021-02-07T18:37:14.812+0300][510.052s][info][gc,stats    ]      Memory: Allocation Rate                                   0 / 0                 1 / 304               1 / 304               1 / 304         MB/s
[2021-02-07T18:37:14.812+0300][510.052s][info][gc,stats    ]      Memory: Heap Used After Mark                              0 / 0               120 / 230             120 / 230             120 / 230         MB
[2021-02-07T18:37:14.812+0300][510.052s][info][gc,stats    ]      Memory: Heap Used After Relocation                        0 / 0               109 / 218             109 / 218             109 / 218         MB
[2021-02-07T18:37:14.812+0300][510.052s][info][gc,stats    ]      Memory: Heap Used Before Mark                             0 / 0               119 / 230             119 / 230             119 / 230         MB
[2021-02-07T18:37:14.812+0300][510.052s][info][gc,stats    ]      Memory: Heap Used Before Relocation                       0 / 0               118 / 226             118 / 226             118 / 226         MB
[2021-02-07T18:37:14.812+0300][510.052s][info][gc,stats    ]      Memory: Out Of Memory                                     0 / 0                 0 / 0                 0 / 0                 0 / 0           ops/s
[2021-02-07T18:37:14.812+0300][510.052s][info][gc,stats    ]      Memory: Page Cache Flush                                  0 / 0                 0 / 0                 0 / 0                 0 / 0           MB/s
[2021-02-07T18:37:14.812+0300][510.052s][info][gc,stats    ]      Memory: Page Cache Hit L1                                 0 / 0                 0 / 21                0 / 21                0 / 21          ops/s
[2021-02-07T18:37:14.812+0300][510.052s][info][gc,stats    ]      Memory: Page Cache Hit L2                                 0 / 0                 0 / 0                 0 / 0                 0 / 0           ops/s
[2021-02-07T18:37:14.812+0300][510.052s][info][gc,stats    ]      Memory: Page Cache Hit L3                                 0 / 0                 0 / 16                0 / 16                0 / 16          ops/s
[2021-02-07T18:37:14.812+0300][510.052s][info][gc,stats    ]      Memory: Page Cache Miss                                   0 / 0                 0 / 0                 0 / 0                 0 / 0           ops/s
[2021-02-07T18:37:14.812+0300][510.052s][info][gc,stats    ]      Memory: Uncommit                                          0 / 0                 0 / 0                 0 / 0                 0 / 0           MB/s
[2021-02-07T18:37:14.812+0300][510.052s][info][gc,stats    ]      Memory: Undo Object Allocation Failed                     0 / 0                 0 / 0                 0 / 0                 0 / 0           ops/s
[2021-02-07T18:37:14.812+0300][510.052s][info][gc,stats    ]      Memory: Undo Object Allocation Succeeded                  0 / 0                 3 / 1284              3 / 1284              3 / 1284        ops/s
[2021-02-07T18:37:14.812+0300][510.052s][info][gc,stats    ]      Memory: Undo Page Allocation                              0 / 0                 0 / 0                 0 / 0                 0 / 0           ops/s
[2021-02-07T18:37:14.812+0300][510.052s][info][gc,stats    ]       Phase: Concurrent Mark                               0.000 / 0.000       159.145 / 327.300     159.145 / 327.300     159.145 / 327.300     ms
[2021-02-07T18:37:14.812+0300][510.052s][info][gc,stats    ]       Phase: Concurrent Mark Continue                      0.000 / 0.000         0.000 / 0.000         0.000 / 0.000         0.000 / 0.000       ms
[2021-02-07T18:37:14.812+0300][510.052s][info][gc,stats    ]       Phase: Concurrent Process Non-Strong References      0.000 / 0.000         2.526 / 14.693        2.526 / 14.693        2.526 / 14.693      ms
[2021-02-07T18:37:14.812+0300][510.052s][info][gc,stats    ]       Phase: Concurrent Relocate                           0.000 / 0.000         9.874 / 20.674        9.874 / 20.674        9.874 / 20.674      ms
[2021-02-07T18:37:14.812+0300][510.052s][info][gc,stats    ]       Phase: Concurrent Reset Relocation Set               0.000 / 0.000         0.341 / 0.806         0.341 / 0.806         0.341 / 0.806       ms
[2021-02-07T18:37:14.812+0300][510.052s][info][gc,stats    ]       Phase: Concurrent Select Relocation Set              0.000 / 0.000         3.237 / 7.297         3.237 / 7.297         3.237 / 7.297       ms
[2021-02-07T18:37:14.812+0300][510.052s][info][gc,stats    ]       Phase: Pause Mark End                                0.000 / 0.000         0.246 / 0.367         0.246 / 0.367         0.246 / 0.367       ms
[2021-02-07T18:37:14.812+0300][510.052s][info][gc,stats    ]       Phase: Pause Mark Start                              0.000 / 0.000         0.113 / 0.463         0.113 / 0.463         0.113 / 0.463       ms
[2021-02-07T18:37:14.812+0300][510.052s][info][gc,stats    ]       Phase: Pause Relocate Start                          0.000 / 0.000         0.134 / 0.287         0.134 / 0.287         0.134 / 0.287       ms
[2021-02-07T18:37:14.812+0300][510.052s][info][gc,stats    ]    Subphase: Concurrent Classes Purge                      0.000 / 0.000         0.116 / 0.244         0.116 / 0.244         0.116 / 0.244       ms
[2021-02-07T18:37:14.812+0300][510.052s][info][gc,stats    ]    Subphase: Concurrent Classes Unlink                     0.000 / 0.000         1.247 / 3.066         1.247 / 3.066         1.247 / 3.066       ms
[2021-02-07T18:37:14.812+0300][510.052s][info][gc,stats    ]    Subphase: Concurrent Mark                               0.000 / 0.000       158.943 / 327.100     158.943 / 327.100     158.943 / 327.100     ms
[2021-02-07T18:37:14.812+0300][510.052s][info][gc,stats    ]    Subphase: Concurrent Mark Idle                          0.000 / 0.000         0.000 / 0.000         0.000 / 0.000         0.000 / 0.000       ms
[2021-02-07T18:37:14.812+0300][510.052s][info][gc,stats    ]    Subphase: Concurrent Mark Try Flush                     0.000 / 0.000         0.664 / 16.307        0.664 / 16.307        0.664 / 16.307      ms
[2021-02-07T18:37:14.812+0300][510.052s][info][gc,stats    ]    Subphase: Concurrent Mark Try Terminate                 0.000 / 0.000         0.518 / 16.308        0.518 / 16.308        0.518 / 16.308      ms
[2021-02-07T18:37:14.812+0300][510.052s][info][gc,stats    ]    Subphase: Concurrent References Enqueue                 0.000 / 0.000         0.002 / 0.005         0.002 / 0.005         0.002 / 0.005       ms
[2021-02-07T18:37:14.812+0300][510.052s][info][gc,stats    ]    Subphase: Concurrent References Process                 0.000 / 0.000         0.114 / 0.211         0.114 / 0.211         0.114 / 0.211       ms
[2021-02-07T18:37:14.812+0300][510.052s][info][gc,stats    ]    Subphase: Concurrent Roots                              0.000 / 0.000         0.059 / 0.114         0.059 / 0.114         0.059 / 0.114       ms
[2021-02-07T18:37:14.812+0300][510.052s][info][gc,stats    ]    Subphase: Concurrent Roots ClassLoaderDataGraph         0.000 / 0.000         0.054 / 0.107         0.054 / 0.107         0.054 / 0.107       ms
[2021-02-07T18:37:14.812+0300][510.052s][info][gc,stats    ]    Subphase: Concurrent Roots JNIHandles                   0.000 / 0.000         0.002 / 0.004         0.002 / 0.004         0.002 / 0.004       ms
[2021-02-07T18:37:14.812+0300][510.052s][info][gc,stats    ]    Subphase: Concurrent Roots Setup                        0.000 / 0.000         0.005 / 0.010         0.005 / 0.010         0.005 / 0.010       ms
[2021-02-07T18:37:14.812+0300][510.052s][info][gc,stats    ]    Subphase: Concurrent Roots Teardown                     0.000 / 0.000         0.000 / 0.000         0.000 / 0.000         0.000 / 0.000       ms
[2021-02-07T18:37:14.812+0300][510.052s][info][gc,stats    ]    Subphase: Concurrent Roots VMHandles                    0.000 / 0.000         0.002 / 0.003         0.002 / 0.003         0.002 / 0.003       ms
[2021-02-07T18:37:14.812+0300][510.052s][info][gc,stats    ]    Subphase: Concurrent Weak Roots                         0.000 / 0.000         0.192 / 0.414         0.192 / 0.414         0.192 / 0.414       ms
[2021-02-07T18:37:14.812+0300][510.052s][info][gc,stats    ]    Subphase: Concurrent Weak Roots JNIWeakHandles          0.000 / 0.000         0.000 / 0.000         0.000 / 0.000         0.000 / 0.000       ms
[2021-02-07T18:37:14.812+0300][510.052s][info][gc,stats    ]    Subphase: Concurrent Weak Roots ResolvedMethodTable     0.000 / 0.000         0.015 / 0.028         0.015 / 0.028         0.015 / 0.028       ms
[2021-02-07T18:37:14.812+0300][510.052s][info][gc,stats    ]    Subphase: Concurrent Weak Roots StringTable             0.000 / 0.000         0.171 / 0.383         0.171 / 0.383         0.171 / 0.383       ms
[2021-02-07T18:37:14.812+0300][510.052s][info][gc,stats    ]    Subphase: Concurrent Weak Roots VMWeakHandles           0.000 / 0.000         0.005 / 0.010         0.005 / 0.010         0.005 / 0.010       ms
[2021-02-07T18:37:14.812+0300][510.052s][info][gc,stats    ]    Subphase: Pause Mark Try Complete                       0.000 / 0.000         0.073 / 0.189         0.073 / 0.189         0.073 / 0.189       ms
[2021-02-07T18:37:14.812+0300][510.052s][info][gc,stats    ]    Subphase: Pause Roots                                   0.000 / 0.000         0.049 / 0.408         0.049 / 0.408         0.049 / 0.408       ms
[2021-02-07T18:37:14.812+0300][510.052s][info][gc,stats    ]    Subphase: Pause Roots CodeCache                         0.000 / 0.000         0.000 / 0.000         0.000 / 0.000         0.000 / 0.000       ms
[2021-02-07T18:37:14.812+0300][510.052s][info][gc,stats    ]    Subphase: Pause Roots JVMTIExport                       0.000 / 0.000         0.000 / 0.002         0.000 / 0.002         0.000 / 0.002       ms
[2021-02-07T18:37:14.812+0300][510.052s][info][gc,stats    ]    Subphase: Pause Roots JVMTIWeakExport                   0.000 / 0.000         0.000 / 0.001         0.000 / 0.001         0.000 / 0.001       ms
[2021-02-07T18:37:14.812+0300][510.053s][info][gc,stats    ]    Subphase: Pause Roots Java Threads                      0.000 / 0.000         0.044 / 0.404         0.044 / 0.404         0.044 / 0.404       ms
[2021-02-07T18:37:14.812+0300][510.053s][info][gc,stats    ]    Subphase: Pause Roots Management                        0.000 / 0.000         0.007 / 0.033         0.007 / 0.033         0.007 / 0.033       ms
[2021-02-07T18:37:14.812+0300][510.053s][info][gc,stats    ]    Subphase: Pause Roots ObjectSynchronizer                0.000 / 0.000         0.000 / 0.004         0.000 / 0.004         0.000 / 0.004       ms
[2021-02-07T18:37:14.812+0300][510.053s][info][gc,stats    ]    Subphase: Pause Roots Setup                             0.000 / 0.000         0.000 / 0.001         0.000 / 0.001         0.000 / 0.001       ms
[2021-02-07T18:37:14.812+0300][510.053s][info][gc,stats    ]    Subphase: Pause Roots Teardown                          0.000 / 0.000         0.001 / 0.002         0.001 / 0.002         0.001 / 0.002       ms
[2021-02-07T18:37:14.812+0300][510.053s][info][gc,stats    ]    Subphase: Pause Roots Universe                          0.000 / 0.000         0.002 / 0.027         0.002 / 0.027         0.002 / 0.027       ms
[2021-02-07T18:37:14.812+0300][510.053s][info][gc,stats    ]    Subphase: Pause Roots VM Thread                         0.000 / 0.000         0.001 / 0.010         0.001 / 0.010         0.001 / 0.010       ms
[2021-02-07T18:37:14.812+0300][510.053s][info][gc,stats    ]    Subphase: Pause Weak Roots                              0.000 / 0.000         0.001 / 0.014         0.001 / 0.014         0.001 / 0.014       ms
[2021-02-07T18:37:14.812+0300][510.053s][info][gc,stats    ]    Subphase: Pause Weak Roots JFRWeak                      0.000 / 0.000         0.001 / 0.013         0.001 / 0.013         0.001 / 0.013       ms
[2021-02-07T18:37:14.812+0300][510.053s][info][gc,stats    ]    Subphase: Pause Weak Roots JVMTIWeakExport              0.000 / 0.000         0.001 / 0.013         0.001 / 0.013         0.001 / 0.013       ms
[2021-02-07T18:37:14.812+0300][510.053s][info][gc,stats    ]    Subphase: Pause Weak Roots Setup                        0.000 / 0.000         0.000 / 0.000         0.000 / 0.000         0.000 / 0.000       ms
[2021-02-07T18:37:14.812+0300][510.053s][info][gc,stats    ]    Subphase: Pause Weak Roots Teardown                     0.000 / 0.000         0.000 / 0.000         0.000 / 0.000         0.000 / 0.000       ms
[2021-02-07T18:37:14.813+0300][510.053s][info][gc,stats    ]      System: Java Threads                                      0 / 0                13 / 16               13 / 16               13 / 16          threads
[2021-02-07T18:37:14.813+0300][510.053s][info][gc,stats    ] =========================================================================================================================================================
[2021-02-07T18:37:16.616+0300][511.856s][info][gc,start    ] GC(25) Garbage Collection (Allocation Rate)
[2021-02-07T18:37:16.616+0300][511.856s][info][gc,phases   ] GC(25) Pause Mark Start 0.141ms
[2021-02-07T18:37:16.960+0300][512.200s][info][gc,phases   ] GC(25) Concurrent Mark 343.629ms
[2021-02-07T18:37:16.962+0300][512.201s][info][gc,phases   ] GC(25) Pause Mark End 0.217ms
[2021-02-07T18:37:16.965+0300][512.205s][info][gc,phases   ] GC(25) Concurrent Process Non-Strong References 3.346ms
[2021-02-07T18:37:16.965+0300][512.205s][info][gc,phases   ] GC(25) Concurrent Reset Relocation Set 0.175ms
[2021-02-07T18:37:16.968+0300][512.208s][info][gc,phases   ] GC(25) Concurrent Select Relocation Set 2.949ms
[2021-02-07T18:37:16.969+0300][512.209s][info][gc,phases   ] GC(25) Pause Relocate Start 0.163ms
[2021-02-07T18:37:16.980+0300][512.220s][info][gc,phases   ] GC(25) Concurrent Relocate 11.395ms
[2021-02-07T18:37:16.980+0300][512.220s][info][gc,load     ] GC(25) Load: 0.00/0.00/0.00
[2021-02-07T18:37:16.980+0300][512.220s][info][gc,mmu      ] GC(25) MMU: 2ms/76.9%, 5ms/90.7%, 10ms/95.0%, 20ms/97.5%, 50ms/98.9%, 100ms/99.0%
[2021-02-07T18:37:16.980+0300][512.220s][info][gc,marking  ] GC(25) Mark: 1 stripe(s), 2 proactive flush(es), 1 terminate flush(es), 1 completion(s), 0 continuation(s)
[2021-02-07T18:37:16.980+0300][512.220s][info][gc,nmethod  ] GC(25) NMethods: 1863 registered, 0 unregistered
[2021-02-07T18:37:16.980+0300][512.220s][info][gc,metaspace] GC(25) Metaspace: 6M used, 7M capacity, 7M committed, 1032M reserved
[2021-02-07T18:37:16.980+0300][512.220s][info][gc,ref      ] GC(25) Soft: 183 encountered, 106 discovered, 0 enqueued
[2021-02-07T18:37:16.980+0300][512.220s][info][gc,ref      ] GC(25) Weak: 1043 encountered, 642 discovered, 0 enqueued
[2021-02-07T18:37:16.980+0300][512.220s][info][gc,ref      ] GC(25) Final: 0 encountered, 0 discovered, 0 enqueued
[2021-02-07T18:37:16.980+0300][512.220s][info][gc,ref      ] GC(25) Phantom: 7 encountered, 6 discovered, 0 enqueued
[2021-02-07T18:37:16.980+0300][512.220s][info][gc,reloc    ] GC(25) Small Pages: 115 / 230M(96%), Empty: 2M(1%), Compacting: 26M(11%)->10M(4%)
[2021-02-07T18:37:16.980+0300][512.220s][info][gc,reloc    ] GC(25) Medium Pages: 0 / 0M(0%), Empty: 0M(0%), Compacting: 0M(0%)->0M(0%)
[2021-02-07T18:37:16.980+0300][512.220s][info][gc,reloc    ] GC(25) Large Pages: 1 / 10M(4%), Empty: 0M(0%), Compacting: 0M(0%)->0M(0%)
[2021-02-07T18:37:16.980+0300][512.220s][info][gc,reloc    ] GC(25) Relocation: Successful
[2021-02-07T18:37:16.980+0300][512.220s][info][gc,heap     ] GC(25) Min Capacity: 256M(100%)
[2021-02-07T18:37:16.980+0300][512.220s][info][gc,heap     ] GC(25) Max Capacity: 256M(100%)
[2021-02-07T18:37:16.980+0300][512.220s][info][gc,heap     ] GC(25) Soft Max Capacity: 256M(100%)
[2021-02-07T18:37:16.980+0300][512.220s][info][gc,heap     ] GC(25)                Mark Start          Mark End        Relocate Start      Relocate End           High               Low
[2021-02-07T18:37:16.980+0300][512.220s][info][gc,heap     ] GC(25)  Capacity:      256M (100%)        256M (100%)        256M (100%)        256M (100%)        256M (100%)        256M (100%)
[2021-02-07T18:37:16.980+0300][512.220s][info][gc,heap     ] GC(25)   Reserve:       12M (5%)           12M (5%)           12M (5%)           12M (5%)           12M (5%)           12M (5%)
[2021-02-07T18:37:16.980+0300][512.220s][info][gc,heap     ] GC(25)      Free:        4M (2%)            2M (1%)            4M (2%)           18M (7%)           18M (7%)            0M (0%)
[2021-02-07T18:37:16.980+0300][512.220s][info][gc,heap     ] GC(25)      Used:      240M (94%)         242M (95%)         240M (94%)         226M (88%)         244M (95%)         226M (88%)
[2021-02-07T18:37:16.980+0300][512.220s][info][gc,heap     ] GC(25)      Live:         -               214M (84%)         214M (84%)         214M (84%)            -                  -
[2021-02-07T18:37:16.981+0300][512.220s][info][gc,heap     ] GC(25) Allocated:         -                 2M (1%)            2M (1%)           14M (5%)             -                  -
[2021-02-07T18:37:16.981+0300][512.220s][info][gc,heap     ] GC(25)   Garbage:         -                25M (10%)          23M (9%)            9M (4%)             -                  -
[2021-02-07T18:37:16.981+0300][512.220s][info][gc,heap     ] GC(25) Reclaimed:         -                  -                 2M (1%)           16M (6%)             -                  -
[2021-02-07T18:37:16.981+0300][512.220s][info][gc          ] GC(25) Garbage Collection (Allocation Rate) 240M(94%)->226M(88%)
[2021-02-07T18:37:17.007+0300][512.247s][info][gc,start    ] GC(26) Garbage Collection (Allocation Rate)
[2021-02-07T18:37:17.010+0300][512.250s][info][gc,phases   ] GC(26) Pause Mark Start 0.153ms
[2021-02-07T18:37:17.337+0300][512.577s][info][gc,phases   ] GC(26) Concurrent Mark 326.722ms
[2021-02-07T18:37:17.338+0300][512.578s][info][gc,phases   ] GC(26) Pause Mark End 0.220ms
[2021-02-07T18:37:17.345+0300][512.585s][info][gc,phases   ] GC(26) Concurrent Process Non-Strong References 7.005ms
[2021-02-07T18:37:17.345+0300][512.586s][info][gc,phases   ] GC(26) Concurrent Reset Relocation Set 0.431ms
[2021-02-07T18:37:17.347+0300][512.588s][info][gc,phases   ] GC(26) Concurrent Select Relocation Set 1.972ms
[2021-02-07T18:37:17.348+0300][512.588s][info][gc,phases   ] GC(26) Pause Relocate Start 0.145ms
[2021-02-07T18:37:17.354+0300][512.594s][info][gc,phases   ] GC(26) Concurrent Relocate 5.717ms
[2021-02-07T18:37:17.354+0300][512.594s][info][gc,load     ] GC(26) Load: 0.00/0.00/0.00
[2021-02-07T18:37:17.354+0300][512.594s][info][gc,mmu      ] GC(26) MMU: 2ms/76.9%, 5ms/90.7%, 10ms/95.0%, 20ms/97.5%, 50ms/98.9%, 100ms/99.0%
[2021-02-07T18:37:17.354+0300][512.594s][info][gc,marking  ] GC(26) Mark: 1 stripe(s), 2 proactive flush(es), 1 terminate flush(es), 1 completion(s), 0 continuation(s)
[2021-02-07T18:37:17.354+0300][512.594s][info][gc,nmethod  ] GC(26) NMethods: 1855 registered, 9 unregistered
[2021-02-07T18:37:17.354+0300][512.594s][info][gc,metaspace] GC(26) Metaspace: 6M used, 6M capacity, 7M committed, 1032M reserved
[2021-02-07T18:37:17.354+0300][512.594s][info][gc,ref      ] GC(26) Soft: 182 encountered, 136 discovered, 40 enqueued
[2021-02-07T18:37:17.354+0300][512.594s][info][gc,ref      ] GC(26) Weak: 1020 encountered, 646 discovered, 0 enqueued
[2021-02-07T18:37:17.354+0300][512.594s][info][gc,ref      ] GC(26) Final: 0 encountered, 0 discovered, 0 enqueued
[2021-02-07T18:37:17.354+0300][512.594s][info][gc,ref      ] GC(26) Phantom: 7 encountered, 6 discovered, 0 enqueued
[2021-02-07T18:37:17.354+0300][512.594s][info][gc,reloc    ] GC(26) Small Pages: 108 / 216M(96%), Empty: 0M(0%), Compacting: 10M(4%)->4M(2%)
[2021-02-07T18:37:17.354+0300][512.594s][info][gc,reloc    ] GC(26) Medium Pages: 0 / 0M(0%), Empty: 0M(0%), Compacting: 0M(0%)->0M(0%)
[2021-02-07T18:37:17.354+0300][512.594s][info][gc,reloc    ] GC(26) Large Pages: 1 / 10M(4%), Empty: 0M(0%), Compacting: 0M(0%)->0M(0%)
[2021-02-07T18:37:17.354+0300][512.594s][info][gc,reloc    ] GC(26) Relocation: Successful
[2021-02-07T18:37:17.354+0300][512.594s][info][gc,heap     ] GC(26) Min Capacity: 256M(100%)
[2021-02-07T18:37:17.354+0300][512.594s][info][gc,heap     ] GC(26) Max Capacity: 256M(100%)
[2021-02-07T18:37:17.354+0300][512.594s][info][gc,heap     ] GC(26) Soft Max Capacity: 256M(100%)
[2021-02-07T18:37:17.354+0300][512.594s][info][gc,heap     ] GC(26)                Mark Start          Mark End        Relocate Start      Relocate End           High               Low
[2021-02-07T18:37:17.354+0300][512.594s][info][gc,heap     ] GC(26)  Capacity:      256M (100%)        256M (100%)        256M (100%)        256M (100%)        256M (100%)        256M (100%)
[2021-02-07T18:37:17.354+0300][512.594s][info][gc,heap     ] GC(26)   Reserve:       12M (5%)           12M (5%)           12M (5%)           12M (5%)           12M (5%)           12M (5%)
[2021-02-07T18:37:17.354+0300][512.594s][info][gc,heap     ] GC(26)      Free:       18M (7%)           18M (7%)           18M (7%)           20M (8%)           20M (8%)           12M (5%)
[2021-02-07T18:37:17.354+0300][512.594s][info][gc,heap     ] GC(26)      Used:      226M (88%)         226M (88%)         226M (88%)         224M (88%)         232M (91%)         224M (88%)
[2021-02-07T18:37:17.354+0300][512.594s][info][gc,heap     ] GC(26)      Live:         -               214M (84%)         214M (84%)         214M (84%)            -                  -
[2021-02-07T18:37:17.354+0300][512.594s][info][gc,heap     ] GC(26) Allocated:         -                 0M (0%)            0M (0%)            8M (3%)             -                  -
[2021-02-07T18:37:17.354+0300][512.594s][info][gc,heap     ] GC(26)   Garbage:         -                11M (5%)           11M (5%)            9M (4%)             -                  -
[2021-02-07T18:37:17.354+0300][512.594s][info][gc,heap     ] GC(26) Reclaimed:         -                  -                 0M (0%)            2M (1%)             -                  -
[2021-02-07T18:37:17.354+0300][512.594s][info][gc          ] GC(26) Garbage Collection (Allocation Rate) 226M(88%)->224M(88%)
[2021-02-07T18:37:17.404+0300][512.644s][info][gc,start    ] GC(27) Garbage Collection (Allocation Rate)
[2021-02-07T18:37:17.404+0300][512.645s][info][gc,phases   ] GC(27) Pause Mark Start 0.131ms
[2021-02-07T18:37:17.726+0300][512.966s][info][gc,phases   ] GC(27) Concurrent Mark 321.526ms
[2021-02-07T18:37:17.727+0300][512.968s][info][gc,phases   ] GC(27) Pause Mark End 0.192ms
[2021-02-07T18:37:17.731+0300][512.971s][info][gc,phases   ] GC(27) Concurrent Process Non-Strong References 3.365ms
[2021-02-07T18:37:17.731+0300][512.971s][info][gc,phases   ] GC(27) Concurrent Reset Relocation Set 0.117ms
[2021-02-07T18:37:17.732+0300][512.973s][info][gc,phases   ] GC(27) Concurrent Select Relocation Set 1.542ms
[2021-02-07T18:37:17.733+0300][512.973s][info][gc,phases   ] GC(27) Pause Relocate Start 0.130ms
[2021-02-07T18:37:17.735+0300][512.976s][info][gc,phases   ] GC(27) Concurrent Relocate 2.156ms
[2021-02-07T18:37:17.735+0300][512.976s][info][gc,load     ] GC(27) Load: 0.00/0.00/0.00
[2021-02-07T18:37:17.735+0300][512.976s][info][gc,mmu      ] GC(27) MMU: 2ms/76.9%, 5ms/90.7%, 10ms/95.0%, 20ms/97.5%, 50ms/98.9%, 100ms/99.0%
[2021-02-07T18:37:17.735+0300][512.976s][info][gc,marking  ] GC(27) Mark: 1 stripe(s), 2 proactive flush(es), 1 terminate flush(es), 1 completion(s), 0 continuation(s)
[2021-02-07T18:37:17.735+0300][512.976s][info][gc,nmethod  ] GC(27) NMethods: 1861 registered, 9 unregistered
[2021-02-07T18:37:17.735+0300][512.976s][info][gc,metaspace] GC(27) Metaspace: 6M used, 6M capacity, 7M committed, 1032M reserved
[2021-02-07T18:37:17.735+0300][512.976s][info][gc,ref      ] GC(27) Soft: 142 encountered, 96 discovered, 0 enqueued
[2021-02-07T18:37:17.735+0300][512.976s][info][gc,ref      ] GC(27) Weak: 1020 encountered, 646 discovered, 0 enqueued
[2021-02-07T18:37:17.735+0300][512.976s][info][gc,ref      ] GC(27) Final: 0 encountered, 0 discovered, 0 enqueued
[2021-02-07T18:37:17.735+0300][512.976s][info][gc,ref      ] GC(27) Phantom: 7 encountered, 6 discovered, 0 enqueued
[2021-02-07T18:37:17.735+0300][512.976s][info][gc,reloc    ] GC(27) Small Pages: 107 / 214M(96%), Empty: 0M(0%), Compacting: 6M(3%)->2M(1%)
[2021-02-07T18:37:17.735+0300][512.976s][info][gc,reloc    ] GC(27) Medium Pages: 0 / 0M(0%), Empty: 0M(0%), Compacting: 0M(0%)->0M(0%)
[2021-02-07T18:37:17.735+0300][512.976s][info][gc,reloc    ] GC(27) Large Pages: 1 / 10M(4%), Empty: 0M(0%), Compacting: 0M(0%)->0M(0%)
[2021-02-07T18:37:17.736+0300][512.976s][info][gc,reloc    ] GC(27) Relocation: Successful
[2021-02-07T18:37:17.736+0300][512.976s][info][gc,heap     ] GC(27) Min Capacity: 256M(100%)
[2021-02-07T18:37:17.736+0300][512.976s][info][gc,heap     ] GC(27) Max Capacity: 256M(100%)
[2021-02-07T18:37:17.736+0300][512.976s][info][gc,heap     ] GC(27) Soft Max Capacity: 256M(100%)
[2021-02-07T18:37:17.736+0300][512.976s][info][gc,heap     ] GC(27)                Mark Start          Mark End        Relocate Start      Relocate End           High               Low
[2021-02-07T18:37:17.736+0300][512.976s][info][gc,heap     ] GC(27)  Capacity:      256M (100%)        256M (100%)        256M (100%)        256M (100%)        256M (100%)        256M (100%)
[2021-02-07T18:37:17.736+0300][512.976s][info][gc,heap     ] GC(27)   Reserve:       12M (5%)           12M (5%)           12M (5%)           12M (5%)           12M (5%)           12M (5%)
[2021-02-07T18:37:17.736+0300][512.976s][info][gc,heap     ] GC(27)      Free:       20M (8%)           18M (7%)           18M (7%)           20M (8%)           20M (8%)           14M (5%)
[2021-02-07T18:37:17.736+0300][512.976s][info][gc,heap     ] GC(27)      Used:      224M (88%)         226M (88%)         226M (88%)         224M (88%)         230M (90%)         224M (88%)
[2021-02-07T18:37:17.736+0300][512.976s][info][gc,heap     ] GC(27)      Live:         -               214M (84%)         214M (84%)         214M (84%)            -                  -
[2021-02-07T18:37:17.736+0300][512.976s][info][gc,heap     ] GC(27) Allocated:         -                 2M (1%)            2M (1%)            6M (2%)             -                  -
[2021-02-07T18:37:17.736+0300][512.976s][info][gc,heap     ] GC(27)   Garbage:         -                 9M (4%)            9M (4%)            7M (3%)             -                  -
[2021-02-07T18:37:17.736+0300][512.976s][info][gc,heap     ] GC(27) Reclaimed:         -                  -                 0M (0%)            2M (1%)             -                  -
[2021-02-07T18:37:17.736+0300][512.976s][info][gc          ] GC(27) Garbage Collection (Allocation Rate) 224M(88%)->224M(88%)
[2021-02-07T18:37:24.803+0300][520.043s][info][gc,stats    ] === Garbage Collection Statistics =======================================================================================================================
[2021-02-07T18:37:24.803+0300][520.043s][info][gc,stats    ]                                                              Last 10s              Last 10m              Last 10h                Total
[2021-02-07T18:37:24.803+0300][520.043s][info][gc,stats    ]                                                              Avg / Max             Avg / Max             Avg / Max             Avg / Max
[2021-02-07T18:37:24.803+0300][520.043s][info][gc,stats    ]   Collector: Garbage Collection Cycle                    347.808 / 364.433     195.690 / 364.433     195.690 / 364.433     195.690 / 364.433     ms
[2021-02-07T18:37:24.803+0300][520.043s][info][gc,stats    ]  Contention: Mark Segment Reset Contention                     0 / 0                 0 / 0                 0 / 0                 0 / 0           ops/s
[2021-02-07T18:37:24.803+0300][520.043s][info][gc,stats    ]  Contention: Mark SeqNum Reset Contention                      0 / 0                 0 / 0                 0 / 0                 0 / 0           ops/s
[2021-02-07T18:37:24.803+0300][520.043s][info][gc,stats    ]  Contention: Relocation Contention                             0 / 3                 3 / 1284              3 / 1284              3 / 1284        ops/s
[2021-02-07T18:37:24.803+0300][520.043s][info][gc,stats    ]    Critical: Allocation Stall                              0.000 / 0.000         0.000 / 0.000         0.000 / 0.000         0.000 / 0.000       ms
[2021-02-07T18:37:24.803+0300][520.043s][info][gc,stats    ]    Critical: Allocation Stall                                  0 / 0                 0 / 0                 0 / 0                 0 / 0           ops/s
[2021-02-07T18:37:24.803+0300][520.043s][info][gc,stats    ]    Critical: GC Locker Stall                               0.000 / 0.000         0.000 / 0.000         0.000 / 0.000         0.000 / 0.000       ms
[2021-02-07T18:37:24.803+0300][520.043s][info][gc,stats    ]    Critical: GC Locker Stall                                   0 / 0                 0 / 0                 0 / 0                 0 / 0           ops/s
[2021-02-07T18:37:24.803+0300][520.043s][info][gc,stats    ]      Memory: Allocation Rate                                   2 / 18                1 / 304               1 / 304               1 / 304         MB/s
[2021-02-07T18:37:24.803+0300][520.043s][info][gc,stats    ]      Memory: Heap Used After Mark                            231 / 242             132 / 242             132 / 242             132 / 242         MB
[2021-02-07T18:37:24.803+0300][520.043s][info][gc,stats    ]      Memory: Heap Used After Relocation                      224 / 226             121 / 226             121 / 226             121 / 226         MB
[2021-02-07T18:37:24.803+0300][520.043s][info][gc,stats    ]      Memory: Heap Used Before Mark                           230 / 240             131 / 240             131 / 240             131 / 240         MB
[2021-02-07T18:37:24.803+0300][520.043s][info][gc,stats    ]      Memory: Heap Used Before Relocation                     230 / 240             130 / 240             130 / 240             130 / 240         MB
[2021-02-07T18:37:24.803+0300][520.043s][info][gc,stats    ]      Memory: Out Of Memory                                     0 / 0                 0 / 0                 0 / 0                 0 / 0           ops/s
[2021-02-07T18:37:24.803+0300][520.043s][info][gc,stats    ]      Memory: Page Cache Flush                                  0 / 0                 0 / 0                 0 / 0                 0 / 0           MB/s
[2021-02-07T18:37:24.803+0300][520.043s][info][gc,stats    ]      Memory: Page Cache Hit L1                                 1 / 12                0 / 21                0 / 21                0 / 21          ops/s
[2021-02-07T18:37:24.803+0300][520.043s][info][gc,stats    ]      Memory: Page Cache Hit L2                                 0 / 0                 0 / 0                 0 / 0                 0 / 0           ops/s
[2021-02-07T18:37:24.803+0300][520.043s][info][gc,stats    ]      Memory: Page Cache Hit L3                                 0 / 5                 0 / 16                0 / 16                0 / 16          ops/s
[2021-02-07T18:37:24.803+0300][520.043s][info][gc,stats    ]      Memory: Page Cache Miss                                   0 / 0                 0 / 0                 0 / 0                 0 / 0           ops/s
[2021-02-07T18:37:24.803+0300][520.043s][info][gc,stats    ]      Memory: Uncommit                                          0 / 0                 0 / 0                 0 / 0                 0 / 0           MB/s
[2021-02-07T18:37:24.803+0300][520.043s][info][gc,stats    ]      Memory: Undo Object Allocation Failed                     0 / 0                 0 / 0                 0 / 0                 0 / 0           ops/s
[2021-02-07T18:37:24.803+0300][520.043s][info][gc,stats    ]      Memory: Undo Object Allocation Succeeded                  0 / 3                 3 / 1284              3 / 1284              3 / 1284        ops/s
[2021-02-07T18:37:24.803+0300][520.043s][info][gc,stats    ]      Memory: Undo Page Allocation                              0 / 0                 0 / 0                 0 / 0                 0 / 0           ops/s
[2021-02-07T18:37:24.803+0300][520.043s][info][gc,stats    ]       Phase: Concurrent Mark                             330.625 / 343.629     177.518 / 343.629     177.518 / 343.629     177.518 / 343.629     ms
[2021-02-07T18:37:24.803+0300][520.043s][info][gc,stats    ]       Phase: Concurrent Mark Continue                      0.000 / 0.000         0.000 / 0.000         0.000 / 0.000         0.000 / 0.000       ms
[2021-02-07T18:37:24.803+0300][520.043s][info][gc,stats    ]       Phase: Concurrent Process Non-Strong References      4.572 / 7.005         2.745 / 14.693        2.745 / 14.693        2.745 / 14.693      ms
[2021-02-07T18:37:24.803+0300][520.043s][info][gc,stats    ]       Phase: Concurrent Relocate                           6.423 / 11.395        9.504 / 20.674        9.504 / 20.674        9.504 / 20.674      ms
[2021-02-07T18:37:24.803+0300][520.043s][info][gc,stats    ]       Phase: Concurrent Reset Relocation Set               0.241 / 0.431         0.330 / 0.806         0.330 / 0.806         0.330 / 0.806       ms
[2021-02-07T18:37:24.803+0300][520.043s][info][gc,stats    ]       Phase: Concurrent Select Relocation Set              2.154 / 2.949         3.121 / 7.297         3.121 / 7.297         3.121 / 7.297       ms
[2021-02-07T18:37:24.803+0300][520.043s][info][gc,stats    ]       Phase: Pause Mark End                                0.210 / 0.220         0.243 / 0.367         0.243 / 0.367         0.243 / 0.367       ms
[2021-02-07T18:37:24.803+0300][520.043s][info][gc,stats    ]       Phase: Pause Mark Start                              0.141 / 0.153         0.116 / 0.463         0.116 / 0.463         0.116 / 0.463       ms
[2021-02-07T18:37:24.803+0300][520.043s][info][gc,stats    ]       Phase: Pause Relocate Start                          0.146 / 0.163         0.136 / 0.287         0.136 / 0.287         0.136 / 0.287       ms
[2021-02-07T18:37:24.803+0300][520.043s][info][gc,stats    ]    Subphase: Concurrent Classes Purge                      0.174 / 0.243         0.122 / 0.244         0.122 / 0.244         0.122 / 0.244       ms
[2021-02-07T18:37:24.803+0300][520.043s][info][gc,stats    ]    Subphase: Concurrent Classes Unlink                     2.275 / 3.341         1.357 / 3.341         1.357 / 3.341         1.357 / 3.341       ms
[2021-02-07T18:37:24.803+0300][520.043s][info][gc,stats    ]    Subphase: Concurrent Mark                             330.387 / 343.383     177.312 / 343.383     177.312 / 343.383     177.312 / 343.383     ms
[2021-02-07T18:37:24.803+0300][520.043s][info][gc,stats    ]    Subphase: Concurrent Mark Idle                          0.000 / 0.000         0.000 / 0.000         0.000 / 0.000         0.000 / 0.000       ms
[2021-02-07T18:37:24.803+0300][520.043s][info][gc,stats    ]    Subphase: Concurrent Mark Try Flush                     2.529 / 16.507        0.864 / 16.507        0.864 / 16.507        0.864 / 16.507      ms
[2021-02-07T18:37:24.803+0300][520.043s][info][gc,stats    ]    Subphase: Concurrent Mark Try Terminate                 0.406 / 1.038         0.506 / 16.308        0.506 / 16.308        0.506 / 16.308      ms
[2021-02-07T18:37:24.803+0300][520.043s][info][gc,stats    ]    Subphase: Concurrent References Enqueue                 0.002 / 0.005         0.002 / 0.005         0.002 / 0.005         0.002 / 0.005       ms
[2021-02-07T18:37:24.803+0300][520.043s][info][gc,stats    ]    Subphase: Concurrent References Process                 0.133 / 0.135         0.116 / 0.211         0.116 / 0.211         0.116 / 0.211       ms
[2021-02-07T18:37:24.803+0300][520.043s][info][gc,stats    ]    Subphase: Concurrent Roots                              0.072 / 0.093         0.060 / 0.114         0.060 / 0.114         0.060 / 0.114       ms
[2021-02-07T18:37:24.803+0300][520.043s][info][gc,stats    ]    Subphase: Concurrent Roots ClassLoaderDataGraph         0.066 / 0.085         0.055 / 0.107         0.055 / 0.107         0.055 / 0.107       ms
[2021-02-07T18:37:24.803+0300][520.043s][info][gc,stats    ]    Subphase: Concurrent Roots JNIHandles                   0.003 / 0.004         0.002 / 0.004         0.002 / 0.004         0.002 / 0.004       ms
[2021-02-07T18:37:24.803+0300][520.043s][info][gc,stats    ]    Subphase: Concurrent Roots Setup                        0.006 / 0.007         0.005 / 0.010         0.005 / 0.010         0.005 / 0.010       ms
[2021-02-07T18:37:24.803+0300][520.043s][info][gc,stats    ]    Subphase: Concurrent Roots Teardown                     0.000 / 0.000         0.000 / 0.000         0.000 / 0.000         0.000 / 0.000       ms
[2021-02-07T18:37:24.803+0300][520.043s][info][gc,stats    ]    Subphase: Concurrent Roots VMHandles                    0.002 / 0.003         0.002 / 0.003         0.002 / 0.003         0.002 / 0.003       ms
[2021-02-07T18:37:24.803+0300][520.043s][info][gc,stats    ]    Subphase: Concurrent Weak Roots                         0.276 / 0.339         0.201 / 0.414         0.201 / 0.414         0.201 / 0.414       ms
[2021-02-07T18:37:24.803+0300][520.043s][info][gc,stats    ]    Subphase: Concurrent Weak Roots JNIWeakHandles          0.000 / 0.000         0.000 / 0.000         0.000 / 0.000         0.000 / 0.000       ms
[2021-02-07T18:37:24.803+0300][520.043s][info][gc,stats    ]    Subphase: Concurrent Weak Roots ResolvedMethodTable     0.014 / 0.017         0.015 / 0.028         0.015 / 0.028         0.015 / 0.028       ms
[2021-02-07T18:37:24.803+0300][520.043s][info][gc,stats    ]    Subphase: Concurrent Weak Roots StringTable             0.255 / 0.318         0.180 / 0.383         0.180 / 0.383         0.180 / 0.383       ms
[2021-02-07T18:37:24.803+0300][520.043s][info][gc,stats    ]    Subphase: Concurrent Weak Roots VMWeakHandles           0.006 / 0.008         0.005 / 0.010         0.005 / 0.010         0.005 / 0.010       ms
[2021-02-07T18:37:24.803+0300][520.043s][info][gc,stats    ]    Subphase: Pause Mark Try Complete                       0.036 / 0.039         0.069 / 0.189         0.069 / 0.189         0.069 / 0.189       ms
[2021-02-07T18:37:24.803+0300][520.043s][info][gc,stats    ]    Subphase: Pause Roots                                   0.044 / 0.072         0.048 / 0.408         0.048 / 0.408         0.048 / 0.408       ms
[2021-02-07T18:37:24.803+0300][520.044s][info][gc,stats    ]    Subphase: Pause Roots CodeCache                         0.000 / 0.000         0.000 / 0.000         0.000 / 0.000         0.000 / 0.000       ms
[2021-02-07T18:37:24.803+0300][520.044s][info][gc,stats    ]    Subphase: Pause Roots JVMTIExport                       0.000 / 0.000         0.000 / 0.002         0.000 / 0.002         0.000 / 0.002       ms
[2021-02-07T18:37:24.803+0300][520.044s][info][gc,stats    ]    Subphase: Pause Roots JVMTIWeakExport                   0.000 / 0.000         0.000 / 0.001         0.000 / 0.001         0.000 / 0.001       ms
[2021-02-07T18:37:24.803+0300][520.044s][info][gc,stats    ]    Subphase: Pause Roots Java Threads                      0.041 / 0.068         0.043 / 0.404         0.043 / 0.404         0.043 / 0.404       ms
[2021-02-07T18:37:24.803+0300][520.044s][info][gc,stats    ]    Subphase: Pause Roots Management                        0.001 / 0.001         0.006 / 0.033         0.006 / 0.033         0.006 / 0.033       ms
[2021-02-07T18:37:24.803+0300][520.044s][info][gc,stats    ]    Subphase: Pause Roots ObjectSynchronizer                0.000 / 0.000         0.000 / 0.004         0.000 / 0.004         0.000 / 0.004       ms
[2021-02-07T18:37:24.803+0300][520.044s][info][gc,stats    ]    Subphase: Pause Roots Setup                             0.000 / 0.000         0.000 / 0.001         0.000 / 0.001         0.000 / 0.001       ms
[2021-02-07T18:37:24.803+0300][520.044s][info][gc,stats    ]    Subphase: Pause Roots Teardown                          0.001 / 0.001         0.001 / 0.002         0.001 / 0.002         0.001 / 0.002       ms
[2021-02-07T18:37:24.803+0300][520.044s][info][gc,stats    ]    Subphase: Pause Roots Universe                          0.002 / 0.007         0.002 / 0.027         0.002 / 0.027         0.002 / 0.027       ms
[2021-02-07T18:37:24.803+0300][520.044s][info][gc,stats    ]    Subphase: Pause Roots VM Thread                         0.001 / 0.001         0.001 / 0.010         0.001 / 0.010         0.001 / 0.010       ms
[2021-02-07T18:37:24.803+0300][520.044s][info][gc,stats    ]    Subphase: Pause Weak Roots                              0.001 / 0.001         0.001 / 0.014         0.001 / 0.014         0.001 / 0.014       ms
[2021-02-07T18:37:24.803+0300][520.044s][info][gc,stats    ]    Subphase: Pause Weak Roots JFRWeak                      0.000 / 0.000         0.001 / 0.013         0.001 / 0.013         0.001 / 0.013       ms
[2021-02-07T18:37:24.803+0300][520.044s][info][gc,stats    ]    Subphase: Pause Weak Roots JVMTIWeakExport              0.000 / 0.000         0.001 / 0.013         0.001 / 0.013         0.001 / 0.013       ms
[2021-02-07T18:37:24.803+0300][520.044s][info][gc,stats    ]    Subphase: Pause Weak Roots Setup                        0.000 / 0.000         0.000 / 0.000         0.000 / 0.000         0.000 / 0.000       ms
[2021-02-07T18:37:24.803+0300][520.044s][info][gc,stats    ]    Subphase: Pause Weak Roots Teardown                     0.000 / 0.000         0.000 / 0.000         0.000 / 0.000         0.000 / 0.000       ms
[2021-02-07T18:37:24.803+0300][520.044s][info][gc,stats    ]      System: Java Threads                                     16 / 16               13 / 16               13 / 16               13 / 16          threads
[2021-02-07T18:37:24.803+0300][520.044s][info][gc,stats    ] =========================================================================================================================================================
[2021-02-07T18:37:34.803+0300][530.043s][info][gc,stats    ] === Garbage Collection Statistics =======================================================================================================================
[2021-02-07T18:37:34.803+0300][530.043s][info][gc,stats    ]                                                              Last 10s              Last 10m              Last 10h                Total
[2021-02-07T18:37:34.803+0300][530.043s][info][gc,stats    ]                                                              Avg / Max             Avg / Max             Avg / Max             Avg / Max
[2021-02-07T18:37:34.803+0300][530.043s][info][gc,stats    ]   Collector: Garbage Collection Cycle                      0.000 / 0.000       195.690 / 364.433     195.690 / 364.433     195.690 / 364.433     ms
[2021-02-07T18:37:34.803+0300][530.043s][info][gc,stats    ]  Contention: Mark Segment Reset Contention                     0 / 0                 0 / 0                 0 / 0                 0 / 0           ops/s
[2021-02-07T18:37:34.803+0300][530.043s][info][gc,stats    ]  Contention: Mark SeqNum Reset Contention                      0 / 0                 0 / 0                 0 / 0                 0 / 0           ops/s
[2021-02-07T18:37:34.803+0300][530.043s][info][gc,stats    ]  Contention: Relocation Contention                             0 / 0                 2 / 1284              2 / 1284              2 / 1284        ops/s
[2021-02-07T18:37:34.803+0300][530.043s][info][gc,stats    ]    Critical: Allocation Stall                              0.000 / 0.000         0.000 / 0.000         0.000 / 0.000         0.000 / 0.000       ms
[2021-02-07T18:37:34.803+0300][530.043s][info][gc,stats    ]    Critical: Allocation Stall                                  0 / 0                 0 / 0                 0 / 0                 0 / 0           ops/s
[2021-02-07T18:37:34.803+0300][530.043s][info][gc,stats    ]    Critical: GC Locker Stall                               0.000 / 0.000         0.000 / 0.000         0.000 / 0.000         0.000 / 0.000       ms
[2021-02-07T18:37:34.803+0300][530.043s][info][gc,stats    ]    Critical: GC Locker Stall                                   0 / 0                 0 / 0                 0 / 0                 0 / 0           ops/s
[2021-02-07T18:37:34.803+0300][530.043s][info][gc,stats    ]      Memory: Allocation Rate                                   0 / 0                 1 / 304               1 / 304               1 / 304         MB/s
[2021-02-07T18:37:34.803+0300][530.043s][info][gc,stats    ]      Memory: Heap Used After Mark                              0 / 0               132 / 242             132 / 242             132 / 242         MB
[2021-02-07T18:37:34.803+0300][530.043s][info][gc,stats    ]      Memory: Heap Used After Relocation                        0 / 0               121 / 226             121 / 226             121 / 226         MB
[2021-02-07T18:37:34.803+0300][530.043s][info][gc,stats    ]      Memory: Heap Used Before Mark                             0 / 0               131 / 240             131 / 240             131 / 240         MB
[2021-02-07T18:37:34.803+0300][530.043s][info][gc,stats    ]      Memory: Heap Used Before Relocation                       0 / 0               130 / 240             130 / 240             130 / 240         MB
[2021-02-07T18:37:34.803+0300][530.043s][info][gc,stats    ]      Memory: Out Of Memory                                     0 / 0                 0 / 0                 0 / 0                 0 / 0           ops/s
[2021-02-07T18:37:34.803+0300][530.043s][info][gc,stats    ]      Memory: Page Cache Flush                                  0 / 0                 0 / 0                 0 / 0                 0 / 0           MB/s
[2021-02-07T18:37:34.803+0300][530.043s][info][gc,stats    ]      Memory: Page Cache Hit L1                                 0 / 0                 0 / 21                0 / 21                0 / 21          ops/s
[2021-02-07T18:37:34.803+0300][530.043s][info][gc,stats    ]      Memory: Page Cache Hit L2                                 0 / 0                 0 / 0                 0 / 0                 0 / 0           ops/s
[2021-02-07T18:37:34.803+0300][530.043s][info][gc,stats    ]      Memory: Page Cache Hit L3                                 0 / 0                 0 / 16                0 / 16                0 / 16          ops/s
[2021-02-07T18:37:34.803+0300][530.043s][info][gc,stats    ]      Memory: Page Cache Miss                                   0 / 0                 0 / 0                 0 / 0                 0 / 0           ops/s
[2021-02-07T18:37:34.803+0300][530.043s][info][gc,stats    ]      Memory: Uncommit                                          0 / 0                 0 / 0                 0 / 0                 0 / 0           MB/s
[2021-02-07T18:37:34.803+0300][530.043s][info][gc,stats    ]      Memory: Undo Object Allocation Failed                     0 / 0                 0 / 0                 0 / 0                 0 / 0           ops/s
[2021-02-07T18:37:34.803+0300][530.043s][info][gc,stats    ]      Memory: Undo Object Allocation Succeeded                  0 / 0                 2 / 1284              2 / 1284              2 / 1284        ops/s
[2021-02-07T18:37:34.803+0300][530.043s][info][gc,stats    ]      Memory: Undo Page Allocation                              0 / 0                 0 / 0                 0 / 0                 0 / 0           ops/s
[2021-02-07T18:37:34.803+0300][530.043s][info][gc,stats    ]       Phase: Concurrent Mark                               0.000 / 0.000       177.518 / 343.629     177.518 / 343.629     177.518 / 343.629     ms
[2021-02-07T18:37:34.803+0300][530.043s][info][gc,stats    ]       Phase: Concurrent Mark Continue                      0.000 / 0.000         0.000 / 0.000         0.000 / 0.000         0.000 / 0.000       ms
[2021-02-07T18:37:34.803+0300][530.043s][info][gc,stats    ]       Phase: Concurrent Process Non-Strong References      0.000 / 0.000         2.745 / 14.693        2.745 / 14.693        2.745 / 14.693      ms
[2021-02-07T18:37:34.803+0300][530.043s][info][gc,stats    ]       Phase: Concurrent Relocate                           0.000 / 0.000         9.504 / 20.674        9.504 / 20.674        9.504 / 20.674      ms
[2021-02-07T18:37:34.803+0300][530.043s][info][gc,stats    ]       Phase: Concurrent Reset Relocation Set               0.000 / 0.000         0.330 / 0.806         0.330 / 0.806         0.330 / 0.806       ms
[2021-02-07T18:37:34.803+0300][530.043s][info][gc,stats    ]       Phase: Concurrent Select Relocation Set              0.000 / 0.000         3.121 / 7.297         3.121 / 7.297         3.121 / 7.297       ms
[2021-02-07T18:37:34.803+0300][530.043s][info][gc,stats    ]       Phase: Pause Mark End                                0.000 / 0.000         0.243 / 0.367         0.243 / 0.367         0.243 / 0.367       ms
[2021-02-07T18:37:34.803+0300][530.043s][info][gc,stats    ]       Phase: Pause Mark Start                              0.000 / 0.000         0.116 / 0.463         0.116 / 0.463         0.116 / 0.463       ms
[2021-02-07T18:37:34.803+0300][530.043s][info][gc,stats    ]       Phase: Pause Relocate Start                          0.000 / 0.000         0.136 / 0.287         0.136 / 0.287         0.136 / 0.287       ms
[2021-02-07T18:37:34.803+0300][530.043s][info][gc,stats    ]    Subphase: Concurrent Classes Purge                      0.000 / 0.000         0.122 / 0.244         0.122 / 0.244         0.122 / 0.244       ms
[2021-02-07T18:37:34.803+0300][530.043s][info][gc,stats    ]    Subphase: Concurrent Classes Unlink                     0.000 / 0.000         1.357 / 3.341         1.357 / 3.341         1.357 / 3.341       ms
[2021-02-07T18:37:34.803+0300][530.043s][info][gc,stats    ]    Subphase: Concurrent Mark                               0.000 / 0.000       177.312 / 343.383     177.312 / 343.383     177.312 / 343.383     ms
[2021-02-07T18:37:34.803+0300][530.043s][info][gc,stats    ]    Subphase: Concurrent Mark Idle                          0.000 / 0.000         0.000 / 0.000         0.000 / 0.000         0.000 / 0.000       ms
[2021-02-07T18:37:34.803+0300][530.043s][info][gc,stats    ]    Subphase: Concurrent Mark Try Flush                     0.000 / 0.000         0.864 / 16.507        0.864 / 16.507        0.864 / 16.507      ms
[2021-02-07T18:37:34.803+0300][530.043s][info][gc,stats    ]    Subphase: Concurrent Mark Try Terminate                 0.000 / 0.000         0.506 / 16.308        0.506 / 16.308        0.506 / 16.308      ms
[2021-02-07T18:37:34.803+0300][530.043s][info][gc,stats    ]    Subphase: Concurrent References Enqueue                 0.000 / 0.000         0.002 / 0.005         0.002 / 0.005         0.002 / 0.005       ms
[2021-02-07T18:37:34.803+0300][530.043s][info][gc,stats    ]    Subphase: Concurrent References Process                 0.000 / 0.000         0.116 / 0.211         0.116 / 0.211         0.116 / 0.211       ms
[2021-02-07T18:37:34.803+0300][530.043s][info][gc,stats    ]    Subphase: Concurrent Roots                              0.000 / 0.000         0.060 / 0.114         0.060 / 0.114         0.060 / 0.114       ms
[2021-02-07T18:37:34.803+0300][530.043s][info][gc,stats    ]    Subphase: Concurrent Roots ClassLoaderDataGraph         0.000 / 0.000         0.055 / 0.107         0.055 / 0.107         0.055 / 0.107       ms
[2021-02-07T18:37:34.803+0300][530.043s][info][gc,stats    ]    Subphase: Concurrent Roots JNIHandles                   0.000 / 0.000         0.002 / 0.004         0.002 / 0.004         0.002 / 0.004       ms
[2021-02-07T18:37:34.803+0300][530.043s][info][gc,stats    ]    Subphase: Concurrent Roots Setup                        0.000 / 0.000         0.005 / 0.010         0.005 / 0.010         0.005 / 0.010       ms
[2021-02-07T18:37:34.803+0300][530.043s][info][gc,stats    ]    Subphase: Concurrent Roots Teardown                     0.000 / 0.000         0.000 / 0.000         0.000 / 0.000         0.000 / 0.000       ms
[2021-02-07T18:37:34.803+0300][530.043s][info][gc,stats    ]    Subphase: Concurrent Roots VMHandles                    0.000 / 0.000         0.002 / 0.003         0.002 / 0.003         0.002 / 0.003       ms
[2021-02-07T18:37:34.803+0300][530.043s][info][gc,stats    ]    Subphase: Concurrent Weak Roots                         0.000 / 0.000         0.201 / 0.414         0.201 / 0.414         0.201 / 0.414       ms
[2021-02-07T18:37:34.803+0300][530.043s][info][gc,stats    ]    Subphase: Concurrent Weak Roots JNIWeakHandles          0.000 / 0.000         0.000 / 0.000         0.000 / 0.000         0.000 / 0.000       ms
[2021-02-07T18:37:34.803+0300][530.043s][info][gc,stats    ]    Subphase: Concurrent Weak Roots ResolvedMethodTable     0.000 / 0.000         0.015 / 0.028         0.015 / 0.028         0.015 / 0.028       ms
[2021-02-07T18:37:34.803+0300][530.043s][info][gc,stats    ]    Subphase: Concurrent Weak Roots StringTable             0.000 / 0.000         0.180 / 0.383         0.180 / 0.383         0.180 / 0.383       ms
[2021-02-07T18:37:34.803+0300][530.043s][info][gc,stats    ]    Subphase: Concurrent Weak Roots VMWeakHandles           0.000 / 0.000         0.005 / 0.010         0.005 / 0.010         0.005 / 0.010       ms
[2021-02-07T18:37:34.803+0300][530.043s][info][gc,stats    ]    Subphase: Pause Mark Try Complete                       0.000 / 0.000         0.069 / 0.189         0.069 / 0.189         0.069 / 0.189       ms
[2021-02-07T18:37:34.803+0300][530.043s][info][gc,stats    ]    Subphase: Pause Roots                                   0.000 / 0.000         0.048 / 0.408         0.048 / 0.408         0.048 / 0.408       ms
[2021-02-07T18:37:34.803+0300][530.043s][info][gc,stats    ]    Subphase: Pause Roots CodeCache                         0.000 / 0.000         0.000 / 0.000         0.000 / 0.000         0.000 / 0.000       ms
[2021-02-07T18:37:34.803+0300][530.044s][info][gc,stats    ]    Subphase: Pause Roots JVMTIExport                       0.000 / 0.000         0.000 / 0.002         0.000 / 0.002         0.000 / 0.002       ms
[2021-02-07T18:37:34.803+0300][530.044s][info][gc,stats    ]    Subphase: Pause Roots JVMTIWeakExport                   0.000 / 0.000         0.000 / 0.001         0.000 / 0.001         0.000 / 0.001       ms
[2021-02-07T18:37:34.803+0300][530.044s][info][gc,stats    ]    Subphase: Pause Roots Java Threads                      0.000 / 0.000         0.043 / 0.404         0.043 / 0.404         0.043 / 0.404       ms
[2021-02-07T18:37:34.803+0300][530.044s][info][gc,stats    ]    Subphase: Pause Roots Management                        0.000 / 0.000         0.006 / 0.033         0.006 / 0.033         0.006 / 0.033       ms
[2021-02-07T18:37:34.803+0300][530.044s][info][gc,stats    ]    Subphase: Pause Roots ObjectSynchronizer                0.000 / 0.000         0.000 / 0.004         0.000 / 0.004         0.000 / 0.004       ms
[2021-02-07T18:37:34.803+0300][530.044s][info][gc,stats    ]    Subphase: Pause Roots Setup                             0.000 / 0.000         0.000 / 0.001         0.000 / 0.001         0.000 / 0.001       ms
[2021-02-07T18:37:34.803+0300][530.044s][info][gc,stats    ]    Subphase: Pause Roots Teardown                          0.000 / 0.000         0.001 / 0.002         0.001 / 0.002         0.001 / 0.002       ms
[2021-02-07T18:37:34.803+0300][530.044s][info][gc,stats    ]    Subphase: Pause Roots Universe                          0.000 / 0.000         0.002 / 0.027         0.002 / 0.027         0.002 / 0.027       ms
[2021-02-07T18:37:34.803+0300][530.044s][info][gc,stats    ]    Subphase: Pause Roots VM Thread                         0.000 / 0.000         0.001 / 0.010         0.001 / 0.010         0.001 / 0.010       ms
[2021-02-07T18:37:34.803+0300][530.044s][info][gc,stats    ]    Subphase: Pause Weak Roots                              0.000 / 0.000         0.001 / 0.014         0.001 / 0.014         0.001 / 0.014       ms
[2021-02-07T18:37:34.803+0300][530.044s][info][gc,stats    ]    Subphase: Pause Weak Roots JFRWeak                      0.000 / 0.000         0.001 / 0.013         0.001 / 0.013         0.001 / 0.013       ms
[2021-02-07T18:37:34.803+0300][530.044s][info][gc,stats    ]    Subphase: Pause Weak Roots JVMTIWeakExport              0.000 / 0.000         0.001 / 0.013         0.001 / 0.013         0.001 / 0.013       ms
[2021-02-07T18:37:34.803+0300][530.044s][info][gc,stats    ]    Subphase: Pause Weak Roots Setup                        0.000 / 0.000         0.000 / 0.000         0.000 / 0.000         0.000 / 0.000       ms
[2021-02-07T18:37:34.803+0300][530.044s][info][gc,stats    ]    Subphase: Pause Weak Roots Teardown                     0.000 / 0.000         0.000 / 0.000         0.000 / 0.000         0.000 / 0.000       ms
[2021-02-07T18:37:34.803+0300][530.044s][info][gc,stats    ]      System: Java Threads                                      0 / 0                13 / 16               13 / 16               13 / 16          threads
[2021-02-07T18:37:34.803+0300][530.044s][info][gc,stats    ] =========================================================================================================================================================
[2021-02-07T18:37:44.804+0300][540.044s][info][gc,stats    ] === Garbage Collection Statistics =======================================================================================================================
[2021-02-07T18:37:44.804+0300][540.044s][info][gc,stats    ]                                                              Last 10s              Last 10m              Last 10h                Total
[2021-02-07T18:37:44.804+0300][540.044s][info][gc,stats    ]                                                              Avg / Max             Avg / Max             Avg / Max             Avg / Max
[2021-02-07T18:37:44.804+0300][540.044s][info][gc,stats    ]   Collector: Garbage Collection Cycle                      0.000 / 0.000       195.690 / 364.433     195.690 / 364.433     195.690 / 364.433     ms
[2021-02-07T18:37:44.804+0300][540.044s][info][gc,stats    ]  Contention: Mark Segment Reset Contention                     0 / 0                 0 / 0                 0 / 0                 0 / 0           ops/s
[2021-02-07T18:37:44.804+0300][540.044s][info][gc,stats    ]  Contention: Mark SeqNum Reset Contention                      0 / 0                 0 / 0                 0 / 0                 0 / 0           ops/s
[2021-02-07T18:37:44.804+0300][540.044s][info][gc,stats    ]  Contention: Relocation Contention                             0 / 0                 2 / 1284              2 / 1284              2 / 1284        ops/s
[2021-02-07T18:37:44.804+0300][540.044s][info][gc,stats    ]    Critical: Allocation Stall                              0.000 / 0.000         0.000 / 0.000         0.000 / 0.000         0.000 / 0.000       ms
[2021-02-07T18:37:44.804+0300][540.044s][info][gc,stats    ]    Critical: Allocation Stall                                  0 / 0                 0 / 0                 0 / 0                 0 / 0           ops/s
[2021-02-07T18:37:44.804+0300][540.044s][info][gc,stats    ]    Critical: GC Locker Stall                               0.000 / 0.000         0.000 / 0.000         0.000 / 0.000         0.000 / 0.000       ms
[2021-02-07T18:37:44.804+0300][540.044s][info][gc,stats    ]    Critical: GC Locker Stall                                   0 / 0                 0 / 0                 0 / 0                 0 / 0           ops/s
[2021-02-07T18:37:44.804+0300][540.044s][info][gc,stats    ]      Memory: Allocation Rate                                   0 / 2                 1 / 304               1 / 304               1 / 304         MB/s
[2021-02-07T18:37:44.804+0300][540.044s][info][gc,stats    ]      Memory: Heap Used After Mark                              0 / 0               132 / 242             132 / 242             132 / 242         MB
[2021-02-07T18:37:44.804+0300][540.044s][info][gc,stats    ]      Memory: Heap Used After Relocation                        0 / 0               121 / 226             121 / 226             121 / 226         MB
[2021-02-07T18:37:44.804+0300][540.044s][info][gc,stats    ]      Memory: Heap Used Before Mark                             0 / 0               131 / 240             131 / 240             131 / 240         MB
[2021-02-07T18:37:44.804+0300][540.044s][info][gc,stats    ]      Memory: Heap Used Before Relocation                       0 / 0               130 / 240             130 / 240             130 / 240         MB
[2021-02-07T18:37:44.804+0300][540.044s][info][gc,stats    ]      Memory: Out Of Memory                                     0 / 0                 0 / 0                 0 / 0                 0 / 0           ops/s
[2021-02-07T18:37:44.804+0300][540.044s][info][gc,stats    ]      Memory: Page Cache Flush                                  0 / 0                 0 / 0                 0 / 0                 0 / 0           MB/s
[2021-02-07T18:37:44.804+0300][540.044s][info][gc,stats    ]      Memory: Page Cache Hit L1                                 0 / 1                 0 / 21                0 / 21                0 / 21          ops/s
[2021-02-07T18:37:44.804+0300][540.044s][info][gc,stats    ]      Memory: Page Cache Hit L2                                 0 / 0                 0 / 0                 0 / 0                 0 / 0           ops/s
[2021-02-07T18:37:44.804+0300][540.044s][info][gc,stats    ]      Memory: Page Cache Hit L3                                 0 / 0                 0 / 16                0 / 16                0 / 16          ops/s
[2021-02-07T18:37:44.804+0300][540.044s][info][gc,stats    ]      Memory: Page Cache Miss                                   0 / 0                 0 / 0                 0 / 0                 0 / 0           ops/s
[2021-02-07T18:37:44.804+0300][540.044s][info][gc,stats    ]      Memory: Uncommit                                          0 / 0                 0 / 0                 0 / 0                 0 / 0           MB/s
[2021-02-07T18:37:44.804+0300][540.044s][info][gc,stats    ]      Memory: Undo Object Allocation Failed                     0 / 0                 0 / 0                 0 / 0                 0 / 0           ops/s
[2021-02-07T18:37:44.804+0300][540.044s][info][gc,stats    ]      Memory: Undo Object Allocation Succeeded                  0 / 0                 2 / 1284              2 / 1284              2 / 1284        ops/s
[2021-02-07T18:37:44.804+0300][540.044s][info][gc,stats    ]      Memory: Undo Page Allocation                              0 / 0                 0 / 0                 0 / 0                 0 / 0           ops/s
[2021-02-07T18:37:44.804+0300][540.044s][info][gc,stats    ]       Phase: Concurrent Mark                               0.000 / 0.000       177.518 / 343.629     177.518 / 343.629     177.518 / 343.629     ms
[2021-02-07T18:37:44.804+0300][540.044s][info][gc,stats    ]       Phase: Concurrent Mark Continue                      0.000 / 0.000         0.000 / 0.000         0.000 / 0.000         0.000 / 0.000       ms
[2021-02-07T18:37:44.804+0300][540.044s][info][gc,stats    ]       Phase: Concurrent Process Non-Strong References      0.000 / 0.000         2.745 / 14.693        2.745 / 14.693        2.745 / 14.693      ms
[2021-02-07T18:37:44.804+0300][540.044s][info][gc,stats    ]       Phase: Concurrent Relocate                           0.000 / 0.000         9.504 / 20.674        9.504 / 20.674        9.504 / 20.674      ms
[2021-02-07T18:37:44.804+0300][540.044s][info][gc,stats    ]       Phase: Concurrent Reset Relocation Set               0.000 / 0.000         0.330 / 0.806         0.330 / 0.806         0.330 / 0.806       ms
[2021-02-07T18:37:44.804+0300][540.044s][info][gc,stats    ]       Phase: Concurrent Select Relocation Set              0.000 / 0.000         3.121 / 7.297         3.121 / 7.297         3.121 / 7.297       ms
[2021-02-07T18:37:44.804+0300][540.044s][info][gc,stats    ]       Phase: Pause Mark End                                0.000 / 0.000         0.243 / 0.367         0.243 / 0.367         0.243 / 0.367       ms
[2021-02-07T18:37:44.804+0300][540.044s][info][gc,stats    ]       Phase: Pause Mark Start                              0.000 / 0.000         0.116 / 0.463         0.116 / 0.463         0.116 / 0.463       ms
[2021-02-07T18:37:44.804+0300][540.044s][info][gc,stats    ]       Phase: Pause Relocate Start                          0.000 / 0.000         0.136 / 0.287         0.136 / 0.287         0.136 / 0.287       ms
[2021-02-07T18:37:44.804+0300][540.044s][info][gc,stats    ]    Subphase: Concurrent Classes Purge                      0.000 / 0.000         0.122 / 0.244         0.122 / 0.244         0.122 / 0.244       ms
[2021-02-07T18:37:44.804+0300][540.044s][info][gc,stats    ]    Subphase: Concurrent Classes Unlink                     0.000 / 0.000         1.357 / 3.341         1.357 / 3.341         1.357 / 3.341       ms
[2021-02-07T18:37:44.804+0300][540.044s][info][gc,stats    ]    Subphase: Concurrent Mark                               0.000 / 0.000       177.312 / 343.383     177.312 / 343.383     177.312 / 343.383     ms
[2021-02-07T18:37:44.804+0300][540.044s][info][gc,stats    ]    Subphase: Concurrent Mark Idle                          0.000 / 0.000         0.000 / 0.000         0.000 / 0.000         0.000 / 0.000       ms
[2021-02-07T18:37:44.804+0300][540.044s][info][gc,stats    ]    Subphase: Concurrent Mark Try Flush                     0.000 / 0.000         0.864 / 16.507        0.864 / 16.507        0.864 / 16.507      ms
[2021-02-07T18:37:44.804+0300][540.045s][info][gc,stats    ]    Subphase: Concurrent Mark Try Terminate                 0.000 / 0.000         0.506 / 16.308        0.506 / 16.308        0.506 / 16.308      ms
[2021-02-07T18:37:44.804+0300][540.045s][info][gc,stats    ]    Subphase: Concurrent References Enqueue                 0.000 / 0.000         0.002 / 0.005         0.002 / 0.005         0.002 / 0.005       ms
[2021-02-07T18:37:44.804+0300][540.045s][info][gc,stats    ]    Subphase: Concurrent References Process                 0.000 / 0.000         0.116 / 0.211         0.116 / 0.211         0.116 / 0.211       ms
[2021-02-07T18:37:44.804+0300][540.045s][info][gc,stats    ]    Subphase: Concurrent Roots                              0.000 / 0.000         0.060 / 0.114         0.060 / 0.114         0.060 / 0.114       ms
[2021-02-07T18:37:44.804+0300][540.045s][info][gc,stats    ]    Subphase: Concurrent Roots ClassLoaderDataGraph         0.000 / 0.000         0.055 / 0.107         0.055 / 0.107         0.055 / 0.107       ms
[2021-02-07T18:37:44.804+0300][540.045s][info][gc,stats    ]    Subphase: Concurrent Roots JNIHandles                   0.000 / 0.000         0.002 / 0.004         0.002 / 0.004         0.002 / 0.004       ms
[2021-02-07T18:37:44.804+0300][540.045s][info][gc,stats    ]    Subphase: Concurrent Roots Setup                        0.000 / 0.000         0.005 / 0.010         0.005 / 0.010         0.005 / 0.010       ms
[2021-02-07T18:37:44.804+0300][540.045s][info][gc,stats    ]    Subphase: Concurrent Roots Teardown                     0.000 / 0.000         0.000 / 0.000         0.000 / 0.000         0.000 / 0.000       ms
[2021-02-07T18:37:44.804+0300][540.045s][info][gc,stats    ]    Subphase: Concurrent Roots VMHandles                    0.000 / 0.000         0.002 / 0.003         0.002 / 0.003         0.002 / 0.003       ms
[2021-02-07T18:37:44.804+0300][540.045s][info][gc,stats    ]    Subphase: Concurrent Weak Roots                         0.000 / 0.000         0.201 / 0.414         0.201 / 0.414         0.201 / 0.414       ms
[2021-02-07T18:37:44.804+0300][540.045s][info][gc,stats    ]    Subphase: Concurrent Weak Roots JNIWeakHandles          0.000 / 0.000         0.000 / 0.000         0.000 / 0.000         0.000 / 0.000       ms
[2021-02-07T18:37:44.804+0300][540.045s][info][gc,stats    ]    Subphase: Concurrent Weak Roots ResolvedMethodTable     0.000 / 0.000         0.015 / 0.028         0.015 / 0.028         0.015 / 0.028       ms
[2021-02-07T18:37:44.804+0300][540.045s][info][gc,stats    ]    Subphase: Concurrent Weak Roots StringTable             0.000 / 0.000         0.180 / 0.383         0.180 / 0.383         0.180 / 0.383       ms
[2021-02-07T18:37:44.804+0300][540.045s][info][gc,stats    ]    Subphase: Concurrent Weak Roots VMWeakHandles           0.000 / 0.000         0.005 / 0.010         0.005 / 0.010         0.005 / 0.010       ms
[2021-02-07T18:37:44.804+0300][540.045s][info][gc,stats    ]    Subphase: Pause Mark Try Complete                       0.000 / 0.000         0.069 / 0.189         0.069 / 0.189         0.069 / 0.189       ms
[2021-02-07T18:37:44.804+0300][540.045s][info][gc,stats    ]    Subphase: Pause Roots                                   0.000 / 0.000         0.048 / 0.408         0.048 / 0.408         0.048 / 0.408       ms
[2021-02-07T18:37:44.804+0300][540.045s][info][gc,stats    ]    Subphase: Pause Roots CodeCache                         0.000 / 0.000         0.000 / 0.000         0.000 / 0.000         0.000 / 0.000       ms
[2021-02-07T18:37:44.804+0300][540.045s][info][gc,stats    ]    Subphase: Pause Roots JVMTIExport                       0.000 / 0.000         0.000 / 0.002         0.000 / 0.002         0.000 / 0.002       ms
[2021-02-07T18:37:44.804+0300][540.045s][info][gc,stats    ]    Subphase: Pause Roots JVMTIWeakExport                   0.000 / 0.000         0.000 / 0.001         0.000 / 0.001         0.000 / 0.001       ms
[2021-02-07T18:37:44.804+0300][540.045s][info][gc,stats    ]    Subphase: Pause Roots Java Threads                      0.000 / 0.000         0.043 / 0.404         0.043 / 0.404         0.043 / 0.404       ms
[2021-02-07T18:37:44.804+0300][540.045s][info][gc,stats    ]    Subphase: Pause Roots Management                        0.000 / 0.000         0.006 / 0.033         0.006 / 0.033         0.006 / 0.033       ms
[2021-02-07T18:37:44.804+0300][540.045s][info][gc,stats    ]    Subphase: Pause Roots ObjectSynchronizer                0.000 / 0.000         0.000 / 0.004         0.000 / 0.004         0.000 / 0.004       ms
[2021-02-07T18:37:44.804+0300][540.045s][info][gc,stats    ]    Subphase: Pause Roots Setup                             0.000 / 0.000         0.000 / 0.001         0.000 / 0.001         0.000 / 0.001       ms
[2021-02-07T18:37:44.804+0300][540.045s][info][gc,stats    ]    Subphase: Pause Roots Teardown                          0.000 / 0.000         0.001 / 0.002         0.001 / 0.002         0.001 / 0.002       ms
[2021-02-07T18:37:44.804+0300][540.045s][info][gc,stats    ]    Subphase: Pause Roots Universe                          0.000 / 0.000         0.002 / 0.027         0.002 / 0.027         0.002 / 0.027       ms
[2021-02-07T18:37:44.804+0300][540.045s][info][gc,stats    ]    Subphase: Pause Roots VM Thread                         0.000 / 0.000         0.001 / 0.010         0.001 / 0.010         0.001 / 0.010       ms
[2021-02-07T18:37:44.804+0300][540.045s][info][gc,stats    ]    Subphase: Pause Weak Roots                              0.000 / 0.000         0.001 / 0.014         0.001 / 0.014         0.001 / 0.014       ms
[2021-02-07T18:37:44.804+0300][540.045s][info][gc,stats    ]    Subphase: Pause Weak Roots JFRWeak                      0.000 / 0.000         0.001 / 0.013         0.001 / 0.013         0.001 / 0.013       ms
[2021-02-07T18:37:44.804+0300][540.045s][info][gc,stats    ]    Subphase: Pause Weak Roots JVMTIWeakExport              0.000 / 0.000         0.001 / 0.013         0.001 / 0.013         0.001 / 0.013       ms
[2021-02-07T18:37:44.804+0300][540.045s][info][gc,stats    ]    Subphase: Pause Weak Roots Setup                        0.000 / 0.000         0.000 / 0.000         0.000 / 0.000         0.000 / 0.000       ms
[2021-02-07T18:37:44.804+0300][540.045s][info][gc,stats    ]    Subphase: Pause Weak Roots Teardown                     0.000 / 0.000         0.000 / 0.000         0.000 / 0.000         0.000 / 0.000       ms
[2021-02-07T18:37:44.804+0300][540.045s][info][gc,stats    ]      System: Java Threads                                      0 / 0                13 / 16               13 / 16               13 / 16          threads
[2021-02-07T18:37:44.804+0300][540.045s][info][gc,stats    ] =========================================================================================================================================================
[2021-02-07T18:37:54.803+0300][550.043s][info][gc,stats    ] === Garbage Collection Statistics =======================================================================================================================
[2021-02-07T18:37:54.803+0300][550.043s][info][gc,stats    ]                                                              Last 10s              Last 10m              Last 10h                Total
[2021-02-07T18:37:54.803+0300][550.043s][info][gc,stats    ]                                                              Avg / Max             Avg / Max             Avg / Max             Avg / Max
[2021-02-07T18:37:54.803+0300][550.043s][info][gc,stats    ]   Collector: Garbage Collection Cycle                      0.000 / 0.000       195.690 / 364.433     195.690 / 364.433     195.690 / 364.433     ms
[2021-02-07T18:37:54.803+0300][550.043s][info][gc,stats    ]  Contention: Mark Segment Reset Contention                     0 / 0                 0 / 0                 0 / 0                 0 / 0           ops/s
[2021-02-07T18:37:54.803+0300][550.043s][info][gc,stats    ]  Contention: Mark SeqNum Reset Contention                      0 / 0                 0 / 0                 0 / 0                 0 / 0           ops/s
[2021-02-07T18:37:54.803+0300][550.043s][info][gc,stats    ]  Contention: Relocation Contention                             0 / 0                 2 / 1284              2 / 1284              2 / 1284        ops/s
[2021-02-07T18:37:54.803+0300][550.043s][info][gc,stats    ]    Critical: Allocation Stall                              0.000 / 0.000         0.000 / 0.000         0.000 / 0.000         0.000 / 0.000       ms
[2021-02-07T18:37:54.803+0300][550.043s][info][gc,stats    ]    Critical: Allocation Stall                                  0 / 0                 0 / 0                 0 / 0                 0 / 0           ops/s
[2021-02-07T18:37:54.803+0300][550.043s][info][gc,stats    ]    Critical: GC Locker Stall                               0.000 / 0.000         0.000 / 0.000         0.000 / 0.000         0.000 / 0.000       ms
[2021-02-07T18:37:54.803+0300][550.043s][info][gc,stats    ]    Critical: GC Locker Stall                                   0 / 0                 0 / 0                 0 / 0                 0 / 0           ops/s
[2021-02-07T18:37:54.803+0300][550.043s][info][gc,stats    ]      Memory: Allocation Rate                                   0 / 0                 1 / 304               1 / 304               1 / 304         MB/s
[2021-02-07T18:37:54.803+0300][550.043s][info][gc,stats    ]      Memory: Heap Used After Mark                              0 / 0               132 / 242             132 / 242             132 / 242         MB
[2021-02-07T18:37:54.803+0300][550.043s][info][gc,stats    ]      Memory: Heap Used After Relocation                        0 / 0               121 / 226             121 / 226             121 / 226         MB
[2021-02-07T18:37:54.803+0300][550.043s][info][gc,stats    ]      Memory: Heap Used Before Mark                             0 / 0               131 / 240             131 / 240             131 / 240         MB
[2021-02-07T18:37:54.803+0300][550.043s][info][gc,stats    ]      Memory: Heap Used Before Relocation                       0 / 0               130 / 240             130 / 240             130 / 240         MB
[2021-02-07T18:37:54.803+0300][550.043s][info][gc,stats    ]      Memory: Out Of Memory                                     0 / 0                 0 / 0                 0 / 0                 0 / 0           ops/s
[2021-02-07T18:37:54.803+0300][550.043s][info][gc,stats    ]      Memory: Page Cache Flush                                  0 / 0                 0 / 0                 0 / 0                 0 / 0           MB/s
[2021-02-07T18:37:54.803+0300][550.043s][info][gc,stats    ]      Memory: Page Cache Hit L1                                 0 / 0                 0 / 21                0 / 21                0 / 21          ops/s
[2021-02-07T18:37:54.803+0300][550.043s][info][gc,stats    ]      Memory: Page Cache Hit L2                                 0 / 0                 0 / 0                 0 / 0                 0 / 0           ops/s
[2021-02-07T18:37:54.803+0300][550.043s][info][gc,stats    ]      Memory: Page Cache Hit L3                                 0 / 0                 0 / 16                0 / 16                0 / 16          ops/s
[2021-02-07T18:37:54.803+0300][550.043s][info][gc,stats    ]      Memory: Page Cache Miss                                   0 / 0                 0 / 0                 0 / 0                 0 / 0           ops/s
[2021-02-07T18:37:54.803+0300][550.043s][info][gc,stats    ]      Memory: Uncommit                                          0 / 0                 0 / 0                 0 / 0                 0 / 0           MB/s
[2021-02-07T18:37:54.803+0300][550.043s][info][gc,stats    ]      Memory: Undo Object Allocation Failed                     0 / 0                 0 / 0                 0 / 0                 0 / 0           ops/s
[2021-02-07T18:37:54.803+0300][550.043s][info][gc,stats    ]      Memory: Undo Object Allocation Succeeded                  0 / 0                 2 / 1284              2 / 1284              2 / 1284        ops/s
[2021-02-07T18:37:54.803+0300][550.043s][info][gc,stats    ]      Memory: Undo Page Allocation                              0 / 0                 0 / 0                 0 / 0                 0 / 0           ops/s
[2021-02-07T18:37:54.803+0300][550.043s][info][gc,stats    ]       Phase: Concurrent Mark                               0.000 / 0.000       177.518 / 343.629     177.518 / 343.629     177.518 / 343.629     ms
[2021-02-07T18:37:54.803+0300][550.043s][info][gc,stats    ]       Phase: Concurrent Mark Continue                      0.000 / 0.000         0.000 / 0.000         0.000 / 0.000         0.000 / 0.000       ms
[2021-02-07T18:37:54.803+0300][550.043s][info][gc,stats    ]       Phase: Concurrent Process Non-Strong References      0.000 / 0.000         2.745 / 14.693        2.745 / 14.693        2.745 / 14.693      ms
[2021-02-07T18:37:54.803+0300][550.043s][info][gc,stats    ]       Phase: Concurrent Relocate                           0.000 / 0.000         9.504 / 20.674        9.504 / 20.674        9.504 / 20.674      ms
[2021-02-07T18:37:54.803+0300][550.043s][info][gc,stats    ]       Phase: Concurrent Reset Relocation Set               0.000 / 0.000         0.330 / 0.806         0.330 / 0.806         0.330 / 0.806       ms
[2021-02-07T18:37:54.803+0300][550.043s][info][gc,stats    ]       Phase: Concurrent Select Relocation Set              0.000 / 0.000         3.121 / 7.297         3.121 / 7.297         3.121 / 7.297       ms
[2021-02-07T18:37:54.803+0300][550.043s][info][gc,stats    ]       Phase: Pause Mark End                                0.000 / 0.000         0.243 / 0.367         0.243 / 0.367         0.243 / 0.367       ms
[2021-02-07T18:37:54.803+0300][550.043s][info][gc,stats    ]       Phase: Pause Mark Start                              0.000 / 0.000         0.116 / 0.463         0.116 / 0.463         0.116 / 0.463       ms
[2021-02-07T18:37:54.803+0300][550.043s][info][gc,stats    ]       Phase: Pause Relocate Start                          0.000 / 0.000         0.136 / 0.287         0.136 / 0.287         0.136 / 0.287       ms
[2021-02-07T18:37:54.803+0300][550.043s][info][gc,stats    ]    Subphase: Concurrent Classes Purge                      0.000 / 0.000         0.122 / 0.244         0.122 / 0.244         0.122 / 0.244       ms
[2021-02-07T18:37:54.803+0300][550.043s][info][gc,stats    ]    Subphase: Concurrent Classes Unlink                     0.000 / 0.000         1.357 / 3.341         1.357 / 3.341         1.357 / 3.341       ms
[2021-02-07T18:37:54.803+0300][550.043s][info][gc,stats    ]    Subphase: Concurrent Mark                               0.000 / 0.000       177.312 / 343.383     177.312 / 343.383     177.312 / 343.383     ms
[2021-02-07T18:37:54.803+0300][550.043s][info][gc,stats    ]    Subphase: Concurrent Mark Idle                          0.000 / 0.000         0.000 / 0.000         0.000 / 0.000         0.000 / 0.000       ms
[2021-02-07T18:37:54.803+0300][550.043s][info][gc,stats    ]    Subphase: Concurrent Mark Try Flush                     0.000 / 0.000         0.864 / 16.507        0.864 / 16.507        0.864 / 16.507      ms
[2021-02-07T18:37:54.803+0300][550.043s][info][gc,stats    ]    Subphase: Concurrent Mark Try Terminate                 0.000 / 0.000         0.506 / 16.308        0.506 / 16.308        0.506 / 16.308      ms
[2021-02-07T18:37:54.803+0300][550.043s][info][gc,stats    ]    Subphase: Concurrent References Enqueue                 0.000 / 0.000         0.002 / 0.005         0.002 / 0.005         0.002 / 0.005       ms
[2021-02-07T18:37:54.803+0300][550.043s][info][gc,stats    ]    Subphase: Concurrent References Process                 0.000 / 0.000         0.116 / 0.211         0.116 / 0.211         0.116 / 0.211       ms
[2021-02-07T18:37:54.803+0300][550.043s][info][gc,stats    ]    Subphase: Concurrent Roots                              0.000 / 0.000         0.060 / 0.114         0.060 / 0.114         0.060 / 0.114       ms
[2021-02-07T18:37:54.803+0300][550.043s][info][gc,stats    ]    Subphase: Concurrent Roots ClassLoaderDataGraph         0.000 / 0.000         0.055 / 0.107         0.055 / 0.107         0.055 / 0.107       ms
[2021-02-07T18:37:54.803+0300][550.043s][info][gc,stats    ]    Subphase: Concurrent Roots JNIHandles                   0.000 / 0.000         0.002 / 0.004         0.002 / 0.004         0.002 / 0.004       ms
[2021-02-07T18:37:54.803+0300][550.043s][info][gc,stats    ]    Subphase: Concurrent Roots Setup                        0.000 / 0.000         0.005 / 0.010         0.005 / 0.010         0.005 / 0.010       ms
[2021-02-07T18:37:54.803+0300][550.043s][info][gc,stats    ]    Subphase: Concurrent Roots Teardown                     0.000 / 0.000         0.000 / 0.000         0.000 / 0.000         0.000 / 0.000       ms
[2021-02-07T18:37:54.803+0300][550.043s][info][gc,stats    ]    Subphase: Concurrent Roots VMHandles                    0.000 / 0.000         0.002 / 0.003         0.002 / 0.003         0.002 / 0.003       ms
[2021-02-07T18:37:54.803+0300][550.043s][info][gc,stats    ]    Subphase: Concurrent Weak Roots                         0.000 / 0.000         0.201 / 0.414         0.201 / 0.414         0.201 / 0.414       ms
[2021-02-07T18:37:54.803+0300][550.043s][info][gc,stats    ]    Subphase: Concurrent Weak Roots JNIWeakHandles          0.000 / 0.000         0.000 / 0.000         0.000 / 0.000         0.000 / 0.000       ms
[2021-02-07T18:37:54.803+0300][550.043s][info][gc,stats    ]    Subphase: Concurrent Weak Roots ResolvedMethodTable     0.000 / 0.000         0.015 / 0.028         0.015 / 0.028         0.015 / 0.028       ms
[2021-02-07T18:37:54.803+0300][550.043s][info][gc,stats    ]    Subphase: Concurrent Weak Roots StringTable             0.000 / 0.000         0.180 / 0.383         0.180 / 0.383         0.180 / 0.383       ms
[2021-02-07T18:37:54.803+0300][550.043s][info][gc,stats    ]    Subphase: Concurrent Weak Roots VMWeakHandles           0.000 / 0.000         0.005 / 0.010         0.005 / 0.010         0.005 / 0.010       ms
[2021-02-07T18:37:54.803+0300][550.043s][info][gc,stats    ]    Subphase: Pause Mark Try Complete                       0.000 / 0.000         0.069 / 0.189         0.069 / 0.189         0.069 / 0.189       ms
[2021-02-07T18:37:54.803+0300][550.043s][info][gc,stats    ]    Subphase: Pause Roots                                   0.000 / 0.000         0.048 / 0.408         0.048 / 0.408         0.048 / 0.408       ms
[2021-02-07T18:37:54.803+0300][550.043s][info][gc,stats    ]    Subphase: Pause Roots CodeCache                         0.000 / 0.000         0.000 / 0.000         0.000 / 0.000         0.000 / 0.000       ms
[2021-02-07T18:37:54.803+0300][550.043s][info][gc,stats    ]    Subphase: Pause Roots JVMTIExport                       0.000 / 0.000         0.000 / 0.002         0.000 / 0.002         0.000 / 0.002       ms
[2021-02-07T18:37:54.803+0300][550.043s][info][gc,stats    ]    Subphase: Pause Roots JVMTIWeakExport                   0.000 / 0.000         0.000 / 0.001         0.000 / 0.001         0.000 / 0.001       ms
[2021-02-07T18:37:54.803+0300][550.043s][info][gc,stats    ]    Subphase: Pause Roots Java Threads                      0.000 / 0.000         0.043 / 0.404         0.043 / 0.404         0.043 / 0.404       ms
[2021-02-07T18:37:54.803+0300][550.043s][info][gc,stats    ]    Subphase: Pause Roots Management                        0.000 / 0.000         0.006 / 0.033         0.006 / 0.033         0.006 / 0.033       ms
[2021-02-07T18:37:54.803+0300][550.043s][info][gc,stats    ]    Subphase: Pause Roots ObjectSynchronizer                0.000 / 0.000         0.000 / 0.004         0.000 / 0.004         0.000 / 0.004       ms
[2021-02-07T18:37:54.803+0300][550.043s][info][gc,stats    ]    Subphase: Pause Roots Setup                             0.000 / 0.000         0.000 / 0.001         0.000 / 0.001         0.000 / 0.001       ms
[2021-02-07T18:37:54.803+0300][550.043s][info][gc,stats    ]    Subphase: Pause Roots Teardown                          0.000 / 0.000         0.001 / 0.002         0.001 / 0.002         0.001 / 0.002       ms
[2021-02-07T18:37:54.803+0300][550.043s][info][gc,stats    ]    Subphase: Pause Roots Universe                          0.000 / 0.000         0.002 / 0.027         0.002 / 0.027         0.002 / 0.027       ms
[2021-02-07T18:37:54.803+0300][550.043s][info][gc,stats    ]    Subphase: Pause Roots VM Thread                         0.000 / 0.000         0.001 / 0.010         0.001 / 0.010         0.001 / 0.010       ms
[2021-02-07T18:37:54.803+0300][550.043s][info][gc,stats    ]    Subphase: Pause Weak Roots                              0.000 / 0.000         0.001 / 0.014         0.001 / 0.014         0.001 / 0.014       ms
[2021-02-07T18:37:54.803+0300][550.043s][info][gc,stats    ]    Subphase: Pause Weak Roots JFRWeak                      0.000 / 0.000         0.001 / 0.013         0.001 / 0.013         0.001 / 0.013       ms
[2021-02-07T18:37:54.803+0300][550.043s][info][gc,stats    ]    Subphase: Pause Weak Roots JVMTIWeakExport              0.000 / 0.000         0.001 / 0.013         0.001 / 0.013         0.001 / 0.013       ms
[2021-02-07T18:37:54.803+0300][550.043s][info][gc,stats    ]    Subphase: Pause Weak Roots Setup                        0.000 / 0.000         0.000 / 0.000         0.000 / 0.000         0.000 / 0.000       ms
[2021-02-07T18:37:54.803+0300][550.043s][info][gc,stats    ]    Subphase: Pause Weak Roots Teardown                     0.000 / 0.000         0.000 / 0.000         0.000 / 0.000         0.000 / 0.000       ms
[2021-02-07T18:37:54.803+0300][550.043s][info][gc,stats    ]      System: Java Threads                                      0 / 0                13 / 16               13 / 16               13 / 16          threads
[2021-02-07T18:37:54.803+0300][550.044s][info][gc,stats    ] =========================================================================================================================================================
[2021-02-07T18:38:04.815+0300][560.055s][info][gc,stats    ] === Garbage Collection Statistics =======================================================================================================================
[2021-02-07T18:38:04.815+0300][560.055s][info][gc,stats    ]                                                              Last 10s              Last 10m              Last 10h                Total
[2021-02-07T18:38:04.815+0300][560.055s][info][gc,stats    ]                                                              Avg / Max             Avg / Max             Avg / Max             Avg / Max
[2021-02-07T18:38:04.815+0300][560.055s][info][gc,stats    ]   Collector: Garbage Collection Cycle                      0.000 / 0.000       195.690 / 364.433     195.690 / 364.433     195.690 / 364.433     ms
[2021-02-07T18:38:04.815+0300][560.055s][info][gc,stats    ]  Contention: Mark Segment Reset Contention                     0 / 0                 0 / 0                 0 / 0                 0 / 0           ops/s
[2021-02-07T18:38:04.815+0300][560.055s][info][gc,stats    ]  Contention: Mark SeqNum Reset Contention                      0 / 0                 0 / 0                 0 / 0                 0 / 0           ops/s
[2021-02-07T18:38:04.815+0300][560.055s][info][gc,stats    ]  Contention: Relocation Contention                             0 / 0                 2 / 1284              2 / 1284              2 / 1284        ops/s
[2021-02-07T18:38:04.815+0300][560.055s][info][gc,stats    ]    Critical: Allocation Stall                              0.000 / 0.000         0.000 / 0.000         0.000 / 0.000         0.000 / 0.000       ms
[2021-02-07T18:38:04.815+0300][560.055s][info][gc,stats    ]    Critical: Allocation Stall                                  0 / 0                 0 / 0                 0 / 0                 0 / 0           ops/s
[2021-02-07T18:38:04.815+0300][560.055s][info][gc,stats    ]    Critical: GC Locker Stall                               0.000 / 0.000         0.000 / 0.000         0.000 / 0.000         0.000 / 0.000       ms
[2021-02-07T18:38:04.815+0300][560.055s][info][gc,stats    ]    Critical: GC Locker Stall                                   0 / 0                 0 / 0                 0 / 0                 0 / 0           ops/s
[2021-02-07T18:38:04.815+0300][560.055s][info][gc,stats    ]      Memory: Allocation Rate                                   0 / 2                 1 / 304               1 / 304               1 / 304         MB/s
[2021-02-07T18:38:04.815+0300][560.055s][info][gc,stats    ]      Memory: Heap Used After Mark                              0 / 0               132 / 242             132 / 242             132 / 242         MB
[2021-02-07T18:38:04.815+0300][560.055s][info][gc,stats    ]      Memory: Heap Used After Relocation                        0 / 0               121 / 226             121 / 226             121 / 226         MB
[2021-02-07T18:38:04.815+0300][560.055s][info][gc,stats    ]      Memory: Heap Used Before Mark                             0 / 0               131 / 240             131 / 240             131 / 240         MB
[2021-02-07T18:38:04.815+0300][560.055s][info][gc,stats    ]      Memory: Heap Used Before Relocation                       0 / 0               130 / 240             130 / 240             130 / 240         MB
[2021-02-07T18:38:04.815+0300][560.055s][info][gc,stats    ]      Memory: Out Of Memory                                     0 / 0                 0 / 0                 0 / 0                 0 / 0           ops/s
[2021-02-07T18:38:04.815+0300][560.055s][info][gc,stats    ]      Memory: Page Cache Flush                                  0 / 0                 0 / 0                 0 / 0                 0 / 0           MB/s
[2021-02-07T18:38:04.815+0300][560.055s][info][gc,stats    ]      Memory: Page Cache Hit L1                                 0 / 1                 0 / 21                0 / 21                0 / 21          ops/s
[2021-02-07T18:38:04.815+0300][560.055s][info][gc,stats    ]      Memory: Page Cache Hit L2                                 0 / 0                 0 / 0                 0 / 0                 0 / 0           ops/s
[2021-02-07T18:38:04.815+0300][560.055s][info][gc,stats    ]      Memory: Page Cache Hit L3                                 0 / 0                 0 / 16                0 / 16                0 / 16          ops/s
[2021-02-07T18:38:04.815+0300][560.055s][info][gc,stats    ]      Memory: Page Cache Miss                                   0 / 0                 0 / 0                 0 / 0                 0 / 0           ops/s
[2021-02-07T18:38:04.815+0300][560.055s][info][gc,stats    ]      Memory: Uncommit                                          0 / 0                 0 / 0                 0 / 0                 0 / 0           MB/s
[2021-02-07T18:38:04.815+0300][560.055s][info][gc,stats    ]      Memory: Undo Object Allocation Failed                     0 / 0                 0 / 0                 0 / 0                 0 / 0           ops/s
[2021-02-07T18:38:04.815+0300][560.055s][info][gc,stats    ]      Memory: Undo Object Allocation Succeeded                  0 / 0                 2 / 1284              2 / 1284              2 / 1284        ops/s
[2021-02-07T18:38:04.815+0300][560.055s][info][gc,stats    ]      Memory: Undo Page Allocation                              0 / 0                 0 / 0                 0 / 0                 0 / 0           ops/s
[2021-02-07T18:38:04.815+0300][560.055s][info][gc,stats    ]       Phase: Concurrent Mark                               0.000 / 0.000       177.518 / 343.629     177.518 / 343.629     177.518 / 343.629     ms
[2021-02-07T18:38:04.815+0300][560.055s][info][gc,stats    ]       Phase: Concurrent Mark Continue                      0.000 / 0.000         0.000 / 0.000         0.000 / 0.000         0.000 / 0.000       ms
[2021-02-07T18:38:04.815+0300][560.055s][info][gc,stats    ]       Phase: Concurrent Process Non-Strong References      0.000 / 0.000         2.745 / 14.693        2.745 / 14.693        2.745 / 14.693      ms
[2021-02-07T18:38:04.815+0300][560.055s][info][gc,stats    ]       Phase: Concurrent Relocate                           0.000 / 0.000         9.504 / 20.674        9.504 / 20.674        9.504 / 20.674      ms
[2021-02-07T18:38:04.815+0300][560.055s][info][gc,stats    ]       Phase: Concurrent Reset Relocation Set               0.000 / 0.000         0.330 / 0.806         0.330 / 0.806         0.330 / 0.806       ms
[2021-02-07T18:38:04.815+0300][560.055s][info][gc,stats    ]       Phase: Concurrent Select Relocation Set              0.000 / 0.000         3.121 / 7.297         3.121 / 7.297         3.121 / 7.297       ms
[2021-02-07T18:38:04.815+0300][560.055s][info][gc,stats    ]       Phase: Pause Mark End                                0.000 / 0.000         0.243 / 0.367         0.243 / 0.367         0.243 / 0.367       ms
[2021-02-07T18:38:04.815+0300][560.055s][info][gc,stats    ]       Phase: Pause Mark Start                              0.000 / 0.000         0.116 / 0.463         0.116 / 0.463         0.116 / 0.463       ms
[2021-02-07T18:38:04.815+0300][560.055s][info][gc,stats    ]       Phase: Pause Relocate Start                          0.000 / 0.000         0.136 / 0.287         0.136 / 0.287         0.136 / 0.287       ms
[2021-02-07T18:38:04.815+0300][560.055s][info][gc,stats    ]    Subphase: Concurrent Classes Purge                      0.000 / 0.000         0.122 / 0.244         0.122 / 0.244         0.122 / 0.244       ms
[2021-02-07T18:38:04.815+0300][560.055s][info][gc,stats    ]    Subphase: Concurrent Classes Unlink                     0.000 / 0.000         1.357 / 3.341         1.357 / 3.341         1.357 / 3.341       ms
[2021-02-07T18:38:04.815+0300][560.055s][info][gc,stats    ]    Subphase: Concurrent Mark                               0.000 / 0.000       177.312 / 343.383     177.312 / 343.383     177.312 / 343.383     ms
[2021-02-07T18:38:04.815+0300][560.055s][info][gc,stats    ]    Subphase: Concurrent Mark Idle                          0.000 / 0.000         0.000 / 0.000         0.000 / 0.000         0.000 / 0.000       ms
[2021-02-07T18:38:04.815+0300][560.055s][info][gc,stats    ]    Subphase: Concurrent Mark Try Flush                     0.000 / 0.000         0.864 / 16.507        0.864 / 16.507        0.864 / 16.507      ms
[2021-02-07T18:38:04.815+0300][560.055s][info][gc,stats    ]    Subphase: Concurrent Mark Try Terminate                 0.000 / 0.000         0.506 / 16.308        0.506 / 16.308        0.506 / 16.308      ms
[2021-02-07T18:38:04.815+0300][560.055s][info][gc,stats    ]    Subphase: Concurrent References Enqueue                 0.000 / 0.000         0.002 / 0.005         0.002 / 0.005         0.002 / 0.005       ms
[2021-02-07T18:38:04.815+0300][560.055s][info][gc,stats    ]    Subphase: Concurrent References Process                 0.000 / 0.000         0.116 / 0.211         0.116 / 0.211         0.116 / 0.211       ms
[2021-02-07T18:38:04.815+0300][560.056s][info][gc,stats    ]    Subphase: Concurrent Roots                              0.000 / 0.000         0.060 / 0.114         0.060 / 0.114         0.060 / 0.114       ms
[2021-02-07T18:38:04.815+0300][560.056s][info][gc,stats    ]    Subphase: Concurrent Roots ClassLoaderDataGraph         0.000 / 0.000         0.055 / 0.107         0.055 / 0.107         0.055 / 0.107       ms
[2021-02-07T18:38:04.815+0300][560.056s][info][gc,stats    ]    Subphase: Concurrent Roots JNIHandles                   0.000 / 0.000         0.002 / 0.004         0.002 / 0.004         0.002 / 0.004       ms
[2021-02-07T18:38:04.815+0300][560.056s][info][gc,stats    ]    Subphase: Concurrent Roots Setup                        0.000 / 0.000         0.005 / 0.010         0.005 / 0.010         0.005 / 0.010       ms
[2021-02-07T18:38:04.815+0300][560.056s][info][gc,stats    ]    Subphase: Concurrent Roots Teardown                     0.000 / 0.000         0.000 / 0.000         0.000 / 0.000         0.000 / 0.000       ms
[2021-02-07T18:38:04.815+0300][560.056s][info][gc,stats    ]    Subphase: Concurrent Roots VMHandles                    0.000 / 0.000         0.002 / 0.003         0.002 / 0.003         0.002 / 0.003       ms
[2021-02-07T18:38:04.815+0300][560.056s][info][gc,stats    ]    Subphase: Concurrent Weak Roots                         0.000 / 0.000         0.201 / 0.414         0.201 / 0.414         0.201 / 0.414       ms
[2021-02-07T18:38:04.815+0300][560.056s][info][gc,stats    ]    Subphase: Concurrent Weak Roots JNIWeakHandles          0.000 / 0.000         0.000 / 0.000         0.000 / 0.000         0.000 / 0.000       ms
[2021-02-07T18:38:04.815+0300][560.056s][info][gc,stats    ]    Subphase: Concurrent Weak Roots ResolvedMethodTable     0.000 / 0.000         0.015 / 0.028         0.015 / 0.028         0.015 / 0.028       ms
[2021-02-07T18:38:04.815+0300][560.056s][info][gc,stats    ]    Subphase: Concurrent Weak Roots StringTable             0.000 / 0.000         0.180 / 0.383         0.180 / 0.383         0.180 / 0.383       ms
[2021-02-07T18:38:04.815+0300][560.056s][info][gc,stats    ]    Subphase: Concurrent Weak Roots VMWeakHandles           0.000 / 0.000         0.005 / 0.010         0.005 / 0.010         0.005 / 0.010       ms
[2021-02-07T18:38:04.815+0300][560.056s][info][gc,stats    ]    Subphase: Pause Mark Try Complete                       0.000 / 0.000         0.069 / 0.189         0.069 / 0.189         0.069 / 0.189       ms
[2021-02-07T18:38:04.815+0300][560.056s][info][gc,stats    ]    Subphase: Pause Roots                                   0.000 / 0.000         0.048 / 0.408         0.048 / 0.408         0.048 / 0.408       ms
[2021-02-07T18:38:04.815+0300][560.056s][info][gc,stats    ]    Subphase: Pause Roots CodeCache                         0.000 / 0.000         0.000 / 0.000         0.000 / 0.000         0.000 / 0.000       ms
[2021-02-07T18:38:04.815+0300][560.056s][info][gc,stats    ]    Subphase: Pause Roots JVMTIExport                       0.000 / 0.000         0.000 / 0.002         0.000 / 0.002         0.000 / 0.002       ms
[2021-02-07T18:38:04.815+0300][560.056s][info][gc,stats    ]    Subphase: Pause Roots JVMTIWeakExport                   0.000 / 0.000         0.000 / 0.001         0.000 / 0.001         0.000 / 0.001       ms
[2021-02-07T18:38:04.816+0300][560.056s][info][gc,stats    ]    Subphase: Pause Roots Java Threads                      0.000 / 0.000         0.043 / 0.404         0.043 / 0.404         0.043 / 0.404       ms
[2021-02-07T18:38:04.816+0300][560.056s][info][gc,stats    ]    Subphase: Pause Roots Management                        0.000 / 0.000         0.006 / 0.033         0.006 / 0.033         0.006 / 0.033       ms
[2021-02-07T18:38:04.816+0300][560.056s][info][gc,stats    ]    Subphase: Pause Roots ObjectSynchronizer                0.000 / 0.000         0.000 / 0.004         0.000 / 0.004         0.000 / 0.004       ms
[2021-02-07T18:38:04.816+0300][560.056s][info][gc,stats    ]    Subphase: Pause Roots Setup                             0.000 / 0.000         0.000 / 0.001         0.000 / 0.001         0.000 / 0.001       ms
[2021-02-07T18:38:04.816+0300][560.056s][info][gc,stats    ]    Subphase: Pause Roots Teardown                          0.000 / 0.000         0.001 / 0.002         0.001 / 0.002         0.001 / 0.002       ms
[2021-02-07T18:38:04.816+0300][560.056s][info][gc,stats    ]    Subphase: Pause Roots Universe                          0.000 / 0.000         0.002 / 0.027         0.002 / 0.027         0.002 / 0.027       ms
[2021-02-07T18:38:04.816+0300][560.056s][info][gc,stats    ]    Subphase: Pause Roots VM Thread                         0.000 / 0.000         0.001 / 0.010         0.001 / 0.010         0.001 / 0.010       ms
[2021-02-07T18:38:04.816+0300][560.056s][info][gc,stats    ]    Subphase: Pause Weak Roots                              0.000 / 0.000         0.001 / 0.014         0.001 / 0.014         0.001 / 0.014       ms
[2021-02-07T18:38:04.816+0300][560.056s][info][gc,stats    ]    Subphase: Pause Weak Roots JFRWeak                      0.000 / 0.000         0.001 / 0.013         0.001 / 0.013         0.001 / 0.013       ms
[2021-02-07T18:38:04.816+0300][560.056s][info][gc,stats    ]    Subphase: Pause Weak Roots JVMTIWeakExport              0.000 / 0.000         0.001 / 0.013         0.001 / 0.013         0.001 / 0.013       ms
[2021-02-07T18:38:04.816+0300][560.056s][info][gc,stats    ]    Subphase: Pause Weak Roots Setup                        0.000 / 0.000         0.000 / 0.000         0.000 / 0.000         0.000 / 0.000       ms
[2021-02-07T18:38:04.816+0300][560.056s][info][gc,stats    ]    Subphase: Pause Weak Roots Teardown                     0.000 / 0.000         0.000 / 0.000         0.000 / 0.000         0.000 / 0.000       ms
[2021-02-07T18:38:04.816+0300][560.056s][info][gc,stats    ]      System: Java Threads                                      0 / 0                13 / 16               13 / 16               13 / 16          threads
[2021-02-07T18:38:04.816+0300][560.056s][info][gc,stats    ] =========================================================================================================================================================
[2021-02-07T18:38:08.502+0300][563.743s][info][gc,start    ] GC(28) Garbage Collection (Allocation Stall)
[2021-02-07T18:38:08.503+0300][563.743s][info][gc,ref      ] GC(28) Clearing All SoftReferences
[2021-02-07T18:38:08.503+0300][563.743s][info][gc,phases   ] GC(28) Pause Mark Start 0.134ms
[2021-02-07T18:38:08.681+0300][563.920s][info][gc,phases   ] GC(28) Concurrent Mark 177.383ms
[2021-02-07T18:38:08.681+0300][563.921s][info][gc,phases   ] GC(28) Pause Mark End 0.025ms
[2021-02-07T18:38:08.683+0300][563.923s][info][gc,phases   ] GC(28) Concurrent Process Non-Strong References 2.377ms
[2021-02-07T18:38:08.683+0300][563.923s][info][gc,phases   ] GC(28) Concurrent Reset Relocation Set 0.070ms
[2021-02-07T18:38:08.686+0300][563.926s][info][gc,phases   ] GC(28) Concurrent Select Relocation Set 3.001ms
[2021-02-07T18:38:08.687+0300][563.926s][info][gc,phases   ] GC(28) Pause Relocate Start 0.107ms
[2021-02-07T18:38:08.692+0300][563.932s][info][gc          ] Allocation Stall (main) 189.366ms
[2021-02-07T18:38:08.696+0300][563.935s][info][gc,phases   ] GC(28) Concurrent Relocate 8.891ms
[2021-02-07T18:38:08.696+0300][563.935s][info][gc,load     ] GC(28) Load: 0.00/0.00/0.00
[2021-02-07T18:38:08.696+0300][563.935s][info][gc,mmu      ] GC(28) MMU: 2ms/76.9%, 5ms/90.7%, 10ms/95.0%, 20ms/97.5%, 50ms/98.9%, 100ms/99.0%
[2021-02-07T18:38:08.696+0300][563.935s][info][gc,marking  ] GC(28) Mark: 2 stripe(s), 2 proactive flush(es), 1 terminate flush(es), 0 completion(s), 0 continuation(s)
[2021-02-07T18:38:08.696+0300][563.936s][info][gc,nmethod  ] GC(28) NMethods: 1883 registered, 10 unregistered
[2021-02-07T18:38:08.696+0300][563.936s][info][gc,metaspace] GC(28) Metaspace: 6M used, 6M capacity, 7M committed, 1032M reserved
[2021-02-07T18:38:08.696+0300][563.936s][info][gc,ref      ] GC(28) Soft: 207 encountered, 157 discovered, 61 enqueued
[2021-02-07T18:38:08.696+0300][563.936s][info][gc,ref      ] GC(28) Weak: 1024 encountered, 572 discovered, 0 enqueued
[2021-02-07T18:38:08.696+0300][563.936s][info][gc,ref      ] GC(28) Final: 0 encountered, 0 discovered, 0 enqueued
[2021-02-07T18:38:08.696+0300][563.936s][info][gc,ref      ] GC(28) Phantom: 7 encountered, 5 discovered, 0 enqueued
[2021-02-07T18:38:08.696+0300][563.936s][info][gc,reloc    ] GC(28) Small Pages: 116 / 232M(96%), Empty: 6M(2%), Compacting: 24M(10%)->12M(5%)
[2021-02-07T18:38:08.696+0300][563.936s][info][gc,reloc    ] GC(28) Medium Pages: 0 / 0M(0%), Empty: 0M(0%), Compacting: 0M(0%)->0M(0%)
[2021-02-07T18:38:08.696+0300][563.936s][info][gc,reloc    ] GC(28) Large Pages: 1 / 10M(4%), Empty: 0M(0%), Compacting: 0M(0%)->0M(0%)
[2021-02-07T18:38:08.696+0300][563.936s][info][gc,reloc    ] GC(28) Relocation: Successful
[2021-02-07T18:38:08.696+0300][563.936s][info][gc,heap     ] GC(28) Min Capacity: 256M(100%)
[2021-02-07T18:38:08.696+0300][563.936s][info][gc,heap     ] GC(28) Max Capacity: 256M(100%)
[2021-02-07T18:38:08.696+0300][563.936s][info][gc,heap     ] GC(28) Soft Max Capacity: 256M(100%)
[2021-02-07T18:38:08.696+0300][563.936s][info][gc,heap     ] GC(28)                Mark Start          Mark End        Relocate Start      Relocate End           High               Low
[2021-02-07T18:38:08.696+0300][563.936s][info][gc,heap     ] GC(28)  Capacity:      256M (100%)        256M (100%)        256M (100%)        256M (100%)        256M (100%)        256M (100%)
[2021-02-07T18:38:08.696+0300][563.936s][info][gc,heap     ] GC(28)   Reserve:       12M (5%)           12M (5%)           12M (5%)           12M (5%)           12M (5%)           12M (5%)
[2021-02-07T18:38:08.696+0300][563.936s][info][gc,heap     ] GC(28)      Free:        2M (1%)            0M (0%)            6M (2%)            4M (2%)           14M (5%)            0M (0%)
[2021-02-07T18:38:08.696+0300][563.936s][info][gc,heap     ] GC(28)      Used:      242M (95%)         244M (95%)         238M (93%)         240M (94%)         244M (95%)         230M (90%)
[2021-02-07T18:38:08.696+0300][563.936s][info][gc,heap     ] GC(28)      Live:         -               216M (85%)         216M (85%)         216M (85%)            -                  -
[2021-02-07T18:38:08.696+0300][563.936s][info][gc,heap     ] GC(28) Allocated:         -                 2M (1%)            2M (1%)           28M (11%)            -                  -
[2021-02-07T18:38:08.696+0300][563.936s][info][gc,heap     ] GC(28)   Garbage:         -                25M (10%)          19M (7%)            7M (3%)             -                  -
[2021-02-07T18:38:08.696+0300][563.936s][info][gc,heap     ] GC(28) Reclaimed:         -                  -                 6M (2%)           18M (7%)             -                  -
[2021-02-07T18:38:08.696+0300][563.936s][info][gc          ] GC(28) Garbage Collection (Allocation Stall) 242M(95%)->240M(94%)
[2021-02-07T18:38:08.711+0300][563.951s][info][gc,start    ] GC(29) Garbage Collection (Allocation Stall)
[2021-02-07T18:38:08.712+0300][563.951s][info][gc,ref      ] GC(29) Clearing All SoftReferences
[2021-02-07T18:38:08.712+0300][563.952s][info][gc,phases   ] GC(29) Pause Mark Start 0.099ms
[2021-02-07T18:38:08.889+0300][564.128s][info][gc,phases   ] GC(29) Concurrent Mark 176.765ms
[2021-02-07T18:38:08.889+0300][564.129s][info][gc,phases   ] GC(29) Pause Mark End 0.070ms
[2021-02-07T18:38:08.891+0300][564.131s][info][gc,phases   ] GC(29) Concurrent Process Non-Strong References 2.403ms
[2021-02-07T18:38:08.892+0300][564.132s][info][gc,phases   ] GC(29) Concurrent Reset Relocation Set 0.584ms
[2021-02-07T18:38:08.892+0300][564.132s][info][gc          ] Allocation Stall (main) 180.549ms
[2021-02-07T18:38:08.894+0300][564.134s][info][gc,phases   ] GC(29) Concurrent Select Relocation Set 2.317ms
[2021-02-07T18:38:08.897+0300][564.136s][info][gc,phases   ] GC(29) Pause Relocate Start 0.065ms
[2021-02-07T18:38:08.899+0300][564.138s][info][gc,phases   ] GC(29) Concurrent Relocate 1.908ms
[2021-02-07T18:38:08.899+0300][564.138s][info][gc,load     ] GC(29) Load: 0.00/0.00/0.00
[2021-02-07T18:38:08.899+0300][564.138s][info][gc,mmu      ] GC(29) MMU: 2ms/76.9%, 5ms/90.7%, 10ms/95.0%, 20ms/97.5%, 50ms/98.9%, 100ms/99.0%
[2021-02-07T18:38:08.899+0300][564.138s][info][gc,marking  ] GC(29) Mark: 2 stripe(s), 1 proactive flush(es), 1 terminate flush(es), 0 completion(s), 0 continuation(s)
[2021-02-07T18:38:08.899+0300][564.139s][info][gc,nmethod  ] GC(29) NMethods: 1883 registered, 10 unregistered
[2021-02-07T18:38:08.899+0300][564.139s][info][gc,metaspace] GC(29) Metaspace: 6M used, 6M capacity, 7M committed, 1032M reserved
[2021-02-07T18:38:08.899+0300][564.139s][info][gc,ref      ] GC(29) Soft: 147 encountered, 105 discovered, 6 enqueued
[2021-02-07T18:38:08.899+0300][564.139s][info][gc,ref      ] GC(29) Weak: 1020 encountered, 549 discovered, 0 enqueued
[2021-02-07T18:38:08.899+0300][564.139s][info][gc,ref      ] GC(29) Final: 0 encountered, 0 discovered, 0 enqueued
[2021-02-07T18:38:08.899+0300][564.139s][info][gc,ref      ] GC(29) Phantom: 7 encountered, 5 discovered, 0 enqueued
[2021-02-07T18:38:08.899+0300][564.139s][info][gc,reloc    ] GC(29) Small Pages: 110 / 220M(90%), Empty: 0M(0%), Compacting: 4M(2%)->2M(1%)
[2021-02-07T18:38:08.899+0300][564.139s][info][gc,reloc    ] GC(29) Medium Pages: 0 / 0M(0%), Empty: 0M(0%), Compacting: 0M(0%)->0M(0%)
[2021-02-07T18:38:08.899+0300][564.139s][info][gc,reloc    ] GC(29) Large Pages: 2 / 24M(10%), Empty: 10M(4%), Compacting: 0M(0%)->0M(0%)
[2021-02-07T18:38:08.899+0300][564.139s][info][gc,reloc    ] GC(29) Relocation: Successful
[2021-02-07T18:38:08.899+0300][564.139s][info][gc,heap     ] GC(29) Min Capacity: 256M(100%)
[2021-02-07T18:38:08.899+0300][564.139s][info][gc,heap     ] GC(29) Max Capacity: 256M(100%)
[2021-02-07T18:38:08.899+0300][564.139s][info][gc,heap     ] GC(29) Soft Max Capacity: 256M(100%)
[2021-02-07T18:38:08.899+0300][564.139s][info][gc,heap     ] GC(29)                Mark Start          Mark End        Relocate Start      Relocate End           High               Low
[2021-02-07T18:38:08.899+0300][564.139s][info][gc,heap     ] GC(29)  Capacity:      256M (100%)        256M (100%)        256M (100%)        256M (100%)        256M (100%)        256M (100%)
[2021-02-07T18:38:08.899+0300][564.139s][info][gc,heap     ] GC(29)   Reserve:       12M (5%)           12M (5%)           12M (5%)           12M (5%)           12M (5%)           12M (5%)
[2021-02-07T18:38:08.899+0300][564.139s][info][gc,heap     ] GC(29)      Free:        0M (0%)            0M (0%)            8M (3%)            8M (3%)           10M (4%)            0M (0%)
[2021-02-07T18:38:08.899+0300][564.139s][info][gc,heap     ] GC(29)      Used:      244M (95%)         244M (95%)         236M (92%)         236M (92%)         244M (95%)         234M (91%)
[2021-02-07T18:38:08.899+0300][564.139s][info][gc,heap     ] GC(29)      Live:         -               226M (88%)         226M (88%)         226M (88%)            -                  -
[2021-02-07T18:38:08.899+0300][564.139s][info][gc,heap     ] GC(29) Allocated:         -                 0M (0%)            2M (1%)            6M (2%)             -                  -
[2021-02-07T18:38:08.899+0300][564.139s][info][gc,heap     ] GC(29)   Garbage:         -                17M (7%)            7M (3%)            7M (3%)             -                  -
[2021-02-07T18:38:08.899+0300][564.139s][info][gc,heap     ] GC(29) Reclaimed:         -                  -                10M (4%)           10M (4%)             -                  -
[2021-02-07T18:38:08.899+0300][564.139s][info][gc          ] GC(29) Garbage Collection (Allocation Stall) 244M(95%)->236M(92%)
[2021-02-07T18:38:08.903+0300][564.142s][info][gc,start    ] GC(30) Garbage Collection (Allocation Rate)
[2021-02-07T18:38:08.908+0300][564.147s][info][gc,phases   ] GC(30) Pause Mark Start 0.070ms
[2021-02-07T18:38:09.248+0300][564.489s][info][gc,phases   ] GC(30) Concurrent Mark 341.403ms
[2021-02-07T18:38:09.250+0300][564.490s][info][gc,phases   ] GC(30) Pause Mark End 0.210ms
[2021-02-07T18:38:09.253+0300][564.493s][info][gc,phases   ] GC(30) Concurrent Process Non-Strong References 2.451ms
[2021-02-07T18:38:09.253+0300][564.493s][info][gc,phases   ] GC(30) Concurrent Reset Relocation Set 0.105ms
[2021-02-07T18:38:09.255+0300][564.495s][info][gc,phases   ] GC(30) Concurrent Select Relocation Set 2.279ms
[2021-02-07T18:38:09.255+0300][564.496s][info][gc,phases   ] GC(30) Pause Relocate Start 0.143ms
[2021-02-07T18:38:09.264+0300][564.504s][info][gc,phases   ] GC(30) Concurrent Relocate 8.024ms
[2021-02-07T18:38:09.264+0300][564.504s][info][gc,load     ] GC(30) Load: 0.00/0.00/0.00
[2021-02-07T18:38:09.264+0300][564.504s][info][gc,mmu      ] GC(30) MMU: 2ms/76.9%, 5ms/90.7%, 10ms/95.0%, 20ms/97.5%, 50ms/98.9%, 100ms/99.0%
[2021-02-07T18:38:09.264+0300][564.504s][info][gc,marking  ] GC(30) Mark: 1 stripe(s), 2 proactive flush(es), 1 terminate flush(es), 1 completion(s), 0 continuation(s)
[2021-02-07T18:38:09.264+0300][564.504s][info][gc,nmethod  ] GC(30) NMethods: 1895 registered, 10 unregistered
[2021-02-07T18:38:09.264+0300][564.504s][info][gc,metaspace] GC(30) Metaspace: 6M used, 7M capacity, 7M committed, 1032M reserved
[2021-02-07T18:38:09.264+0300][564.504s][info][gc,ref      ] GC(30) Soft: 142 encountered, 96 discovered, 0 enqueued
[2021-02-07T18:38:09.264+0300][564.504s][info][gc,ref      ] GC(30) Weak: 1020 encountered, 644 discovered, 0 enqueued
[2021-02-07T18:38:09.264+0300][564.504s][info][gc,ref      ] GC(30) Final: 0 encountered, 0 discovered, 0 enqueued
[2021-02-07T18:38:09.264+0300][564.504s][info][gc,ref      ] GC(30) Phantom: 7 encountered, 6 discovered, 0 enqueued
[2021-02-07T18:38:09.264+0300][564.504s][info][gc,reloc    ] GC(30) Small Pages: 111 / 222M(94%), Empty: 0M(0%), Compacting: 10M(4%)->6M(3%)
[2021-02-07T18:38:09.264+0300][564.504s][info][gc,reloc    ] GC(30) Medium Pages: 0 / 0M(0%), Empty: 0M(0%), Compacting: 0M(0%)->0M(0%)
[2021-02-07T18:38:09.264+0300][564.504s][info][gc,reloc    ] GC(30) Large Pages: 1 / 14M(6%), Empty: 0M(0%), Compacting: 0M(0%)->0M(0%)
[2021-02-07T18:38:09.264+0300][564.504s][info][gc,reloc    ] GC(30) Relocation: Successful
[2021-02-07T18:38:09.264+0300][564.504s][info][gc,heap     ] GC(30) Min Capacity: 256M(100%)
[2021-02-07T18:38:09.264+0300][564.504s][info][gc,heap     ] GC(30) Max Capacity: 256M(100%)
[2021-02-07T18:38:09.264+0300][564.504s][info][gc,heap     ] GC(30) Soft Max Capacity: 256M(100%)
[2021-02-07T18:38:09.264+0300][564.504s][info][gc,heap     ] GC(30)                Mark Start          Mark End        Relocate Start      Relocate End           High               Low
[2021-02-07T18:38:09.264+0300][564.504s][info][gc,heap     ] GC(30)  Capacity:      256M (100%)        256M (100%)        256M (100%)        256M (100%)        256M (100%)        256M (100%)
[2021-02-07T18:38:09.264+0300][564.504s][info][gc,heap     ] GC(30)   Reserve:       12M (5%)           12M (5%)           12M (5%)           12M (5%)           12M (5%)           12M (5%)
[2021-02-07T18:38:09.264+0300][564.504s][info][gc,heap     ] GC(30)      Free:        8M (3%)            6M (2%)            6M (2%)            8M (3%)            8M (3%)            2M (1%)
[2021-02-07T18:38:09.264+0300][564.504s][info][gc,heap     ] GC(30)      Used:      236M (92%)         238M (93%)         238M (93%)         236M (92%)         242M (95%)         236M (92%)
[2021-02-07T18:38:09.264+0300][564.504s][info][gc,heap     ] GC(30)      Live:         -               226M (89%)         226M (89%)         226M (89%)            -                  -
[2021-02-07T18:38:09.264+0300][564.504s][info][gc,heap     ] GC(30) Allocated:         -                 2M (1%)            2M (1%)           10M (4%)             -                  -
[2021-02-07T18:38:09.264+0300][564.504s][info][gc,heap     ] GC(30)   Garbage:         -                 9M (4%)            9M (4%)            7M (3%)             -                  -
[2021-02-07T18:38:09.264+0300][564.504s][info][gc,heap     ] GC(30) Reclaimed:         -                  -                 0M (0%)            2M (1%)             -                  -
[2021-02-07T18:38:09.264+0300][564.504s][info][gc          ] GC(30) Garbage Collection (Allocation Rate) 236M(92%)->236M(92%)
[2021-02-07T18:38:09.304+0300][564.543s][info][gc,start    ] GC(31) Garbage Collection (Allocation Rate)
[2021-02-07T18:38:09.304+0300][564.544s][info][gc,phases   ] GC(31) Pause Mark Start 0.133ms
[2021-02-07T18:38:09.648+0300][564.887s][info][gc,phases   ] GC(31) Concurrent Mark 343.212ms
[2021-02-07T18:38:09.651+0300][564.890s][info][gc,phases   ] GC(31) Pause Mark End 0.218ms
[2021-02-07T18:38:09.656+0300][564.895s][info][gc,phases   ] GC(31) Concurrent Process Non-Strong References 4.660ms
[2021-02-07T18:38:09.656+0300][564.895s][info][gc,phases   ] GC(31) Concurrent Reset Relocation Set 0.173ms
[2021-02-07T18:38:09.657+0300][564.897s][info][gc,phases   ] GC(31) Concurrent Select Relocation Set 1.489ms
[2021-02-07T18:38:09.658+0300][564.898s][info][gc,phases   ] GC(31) Pause Relocate Start 0.121ms
[2021-02-07T18:38:09.660+0300][564.900s][info][gc,phases   ] GC(31) Concurrent Relocate 1.474ms
[2021-02-07T18:38:09.660+0300][564.900s][info][gc,load     ] GC(31) Load: 0.00/0.00/0.00
[2021-02-07T18:38:09.660+0300][564.900s][info][gc,mmu      ] GC(31) MMU: 2ms/76.9%, 5ms/90.7%, 10ms/95.0%, 20ms/97.5%, 50ms/98.9%, 100ms/99.0%
[2021-02-07T18:38:09.660+0300][564.900s][info][gc,marking  ] GC(31) Mark: 1 stripe(s), 2 proactive flush(es), 1 terminate flush(es), 1 completion(s), 0 continuation(s)
[2021-02-07T18:38:09.660+0300][564.900s][info][gc,nmethod  ] GC(31) NMethods: 1895 registered, 10 unregistered
[2021-02-07T18:38:09.660+0300][564.900s][info][gc,metaspace] GC(31) Metaspace: 6M used, 7M capacity, 7M committed, 1032M reserved
[2021-02-07T18:38:09.660+0300][564.900s][info][gc,ref      ] GC(31) Soft: 215 encountered, 95 discovered, 0 enqueued
[2021-02-07T18:38:09.660+0300][564.900s][info][gc,ref      ] GC(31) Weak: 1037 encountered, 639 discovered, 0 enqueued
[2021-02-07T18:38:09.660+0300][564.900s][info][gc,ref      ] GC(31) Final: 0 encountered, 0 discovered, 0 enqueued
[2021-02-07T18:38:09.660+0300][564.900s][info][gc,ref      ] GC(31) Phantom: 7 encountered, 6 discovered, 0 enqueued
[2021-02-07T18:38:09.660+0300][564.900s][info][gc,reloc    ] GC(31) Small Pages: 111 / 222M(94%), Empty: 2M(1%), Compacting: 4M(2%)->2M(1%)
[2021-02-07T18:38:09.660+0300][564.900s][info][gc,reloc    ] GC(31) Medium Pages: 0 / 0M(0%), Empty: 0M(0%), Compacting: 0M(0%)->0M(0%)
[2021-02-07T18:38:09.660+0300][564.900s][info][gc,reloc    ] GC(31) Large Pages: 1 / 14M(6%), Empty: 0M(0%), Compacting: 0M(0%)->0M(0%)
[2021-02-07T18:38:09.660+0300][564.900s][info][gc,reloc    ] GC(31) Relocation: Successful
[2021-02-07T18:38:09.660+0300][564.900s][info][gc,heap     ] GC(31) Min Capacity: 256M(100%)
[2021-02-07T18:38:09.660+0300][564.900s][info][gc,heap     ] GC(31) Max Capacity: 256M(100%)
[2021-02-07T18:38:09.660+0300][564.900s][info][gc,heap     ] GC(31) Soft Max Capacity: 256M(100%)
[2021-02-07T18:38:09.660+0300][564.900s][info][gc,heap     ] GC(31)                Mark Start          Mark End        Relocate Start      Relocate End           High               Low
[2021-02-07T18:38:09.660+0300][564.900s][info][gc,heap     ] GC(31)  Capacity:      256M (100%)        256M (100%)        256M (100%)        256M (100%)        256M (100%)        256M (100%)
[2021-02-07T18:38:09.660+0300][564.900s][info][gc,heap     ] GC(31)   Reserve:       12M (5%)           12M (5%)           12M (5%)           12M (5%)           12M (5%)           12M (5%)
[2021-02-07T18:38:09.660+0300][564.900s][info][gc,heap     ] GC(31)      Free:        8M (3%)            6M (2%)            8M (3%)           10M (4%)           10M (4%)            6M (2%)
[2021-02-07T18:38:09.660+0300][564.900s][info][gc,heap     ] GC(31)      Used:      236M (92%)         238M (93%)         236M (92%)         234M (91%)         238M (93%)         234M (91%)
[2021-02-07T18:38:09.660+0300][564.900s][info][gc,heap     ] GC(31)      Live:         -               226M (89%)         226M (89%)         226M (89%)            -                  -
[2021-02-07T18:38:09.660+0300][564.900s][info][gc,heap     ] GC(31) Allocated:         -                 2M (1%)            2M (1%)            4M (2%)             -                  -
[2021-02-07T18:38:09.660+0300][564.900s][info][gc,heap     ] GC(31)   Garbage:         -                 9M (4%)            7M (3%)            5M (2%)             -                  -
[2021-02-07T18:38:09.660+0300][564.900s][info][gc,heap     ] GC(31) Reclaimed:         -                  -                 2M (1%)            4M (2%)             -                  -
[2021-02-07T18:38:09.660+0300][564.900s][info][gc          ] GC(31) Garbage Collection (Allocation Rate) 236M(92%)->234M(91%)
[2021-02-07T18:38:09.703+0300][564.942s][info][gc,start    ] GC(32) Garbage Collection (Allocation Rate)
[2021-02-07T18:38:09.703+0300][564.942s][info][gc,phases   ] GC(32) Pause Mark Start 0.097ms
[2021-02-07T18:38:10.038+0300][565.278s][info][gc,phases   ] GC(32) Concurrent Mark 335.583ms
[2021-02-07T18:38:10.038+0300][565.279s][info][gc,phases   ] GC(32) Pause Mark End 0.203ms
[2021-02-07T18:38:10.044+0300][565.284s][info][gc,phases   ] GC(32) Concurrent Process Non-Strong References 5.285ms
[2021-02-07T18:38:10.044+0300][565.284s][info][gc,phases   ] GC(32) Concurrent Reset Relocation Set 0.007ms
[2021-02-07T18:38:10.045+0300][565.286s][info][gc,phases   ] GC(32) Concurrent Select Relocation Set 1.421ms
[2021-02-07T18:38:10.046+0300][565.286s][info][gc,phases   ] GC(32) Pause Relocate Start 0.105ms
[2021-02-07T18:38:10.047+0300][565.288s][info][gc,phases   ] GC(32) Concurrent Relocate 1.215ms
[2021-02-07T18:38:10.047+0300][565.288s][info][gc,load     ] GC(32) Load: 0.00/0.00/0.00
[2021-02-07T18:38:10.047+0300][565.288s][info][gc,mmu      ] GC(32) MMU: 2ms/76.9%, 5ms/90.7%, 10ms/95.0%, 20ms/97.5%, 50ms/98.9%, 100ms/99.0%
[2021-02-07T18:38:10.047+0300][565.288s][info][gc,marking  ] GC(32) Mark: 1 stripe(s), 2 proactive flush(es), 1 terminate flush(es), 1 completion(s), 0 continuation(s)
[2021-02-07T18:38:10.047+0300][565.288s][info][gc,nmethod  ] GC(32) NMethods: 1903 registered, 10 unregistered
[2021-02-07T18:38:10.047+0300][565.288s][info][gc,metaspace] GC(32) Metaspace: 6M used, 7M capacity, 7M committed, 1032M reserved
[2021-02-07T18:38:10.047+0300][565.288s][info][gc,ref      ] GC(32) Soft: 215 encountered, 95 discovered, 0 enqueued
[2021-02-07T18:38:10.047+0300][565.288s][info][gc,ref      ] GC(32) Weak: 1037 encountered, 639 discovered, 0 enqueued
[2021-02-07T18:38:10.047+0300][565.288s][info][gc,ref      ] GC(32) Final: 0 encountered, 0 discovered, 0 enqueued
[2021-02-07T18:38:10.047+0300][565.288s][info][gc,ref      ] GC(32) Phantom: 7 encountered, 6 discovered, 0 enqueued
[2021-02-07T18:38:10.047+0300][565.288s][info][gc,reloc    ] GC(32) Small Pages: 110 / 220M(94%), Empty: 0M(0%), Compacting: 4M(2%)->2M(1%)
[2021-02-07T18:38:10.047+0300][565.288s][info][gc,reloc    ] GC(32) Medium Pages: 0 / 0M(0%), Empty: 0M(0%), Compacting: 0M(0%)->0M(0%)
[2021-02-07T18:38:10.047+0300][565.288s][info][gc,reloc    ] GC(32) Large Pages: 1 / 14M(6%), Empty: 0M(0%), Compacting: 0M(0%)->0M(0%)
[2021-02-07T18:38:10.047+0300][565.288s][info][gc,reloc    ] GC(32) Relocation: Successful
[2021-02-07T18:38:10.047+0300][565.288s][info][gc,heap     ] GC(32) Min Capacity: 256M(100%)
[2021-02-07T18:38:10.047+0300][565.288s][info][gc,heap     ] GC(32) Max Capacity: 256M(100%)
[2021-02-07T18:38:10.047+0300][565.288s][info][gc,heap     ] GC(32) Soft Max Capacity: 256M(100%)
[2021-02-07T18:38:10.047+0300][565.288s][info][gc,heap     ] GC(32)                Mark Start          Mark End        Relocate Start      Relocate End           High               Low
[2021-02-07T18:38:10.047+0300][565.288s][info][gc,heap     ] GC(32)  Capacity:      256M (100%)        256M (100%)        256M (100%)        256M (100%)        256M (100%)        256M (100%)
[2021-02-07T18:38:10.047+0300][565.288s][info][gc,heap     ] GC(32)   Reserve:       12M (5%)           12M (5%)           12M (5%)           12M (5%)           12M (5%)           12M (5%)
[2021-02-07T18:38:10.047+0300][565.288s][info][gc,heap     ] GC(32)      Free:       10M (4%)            8M (3%)            8M (3%)           10M (4%)           10M (4%)            6M (2%)
[2021-02-07T18:38:10.047+0300][565.288s][info][gc,heap     ] GC(32)      Used:      234M (91%)         236M (92%)         236M (92%)         234M (91%)         238M (93%)         234M (91%)
[2021-02-07T18:38:10.047+0300][565.288s][info][gc,heap     ] GC(32)      Live:         -               226M (89%)         226M (89%)         226M (89%)            -                  -
[2021-02-07T18:38:10.047+0300][565.288s][info][gc,heap     ] GC(32) Allocated:         -                 2M (1%)            2M (1%)            4M (2%)             -                  -
[2021-02-07T18:38:10.047+0300][565.288s][info][gc,heap     ] GC(32)   Garbage:         -                 7M (3%)            7M (3%)            5M (2%)             -                  -
[2021-02-07T18:38:10.047+0300][565.288s][info][gc,heap     ] GC(32) Reclaimed:         -                  -                 0M (0%)            2M (1%)             -                  -
[2021-02-07T18:38:10.047+0300][565.288s][info][gc          ] GC(32) Garbage Collection (Allocation Rate) 234M(91%)->234M(91%)
[2021-02-07T18:38:10.103+0300][565.343s][info][gc,start    ] GC(33) Garbage Collection (Allocation Rate)
[2021-02-07T18:38:10.107+0300][565.346s][info][gc,phases   ] GC(33) Pause Mark Start 0.108ms
[2021-02-07T18:38:10.437+0300][565.678s][info][gc,phases   ] GC(33) Concurrent Mark 331.168ms
[2021-02-07T18:38:10.439+0300][565.679s][info][gc,phases   ] GC(33) Pause Mark End 0.204ms
[2021-02-07T18:38:10.443+0300][565.683s][info][gc,phases   ] GC(33) Concurrent Process Non-Strong References 3.600ms
[2021-02-07T18:38:10.443+0300][565.683s][info][gc,phases   ] GC(33) Concurrent Reset Relocation Set 0.007ms
[2021-02-07T18:38:10.444+0300][565.684s][info][gc,phases   ] GC(33) Concurrent Select Relocation Set 1.366ms
[2021-02-07T18:38:10.446+0300][565.685s][info][gc,phases   ] GC(33) Pause Relocate Start 0.125ms
[2021-02-07T18:38:10.447+0300][565.687s][info][gc,phases   ] GC(33) Concurrent Relocate 1.536ms
[2021-02-07T18:38:10.447+0300][565.687s][info][gc,load     ] GC(33) Load: 0.00/0.00/0.00
[2021-02-07T18:38:10.447+0300][565.687s][info][gc,mmu      ] GC(33) MMU: 2ms/76.9%, 5ms/90.7%, 10ms/95.0%, 20ms/97.5%, 50ms/98.9%, 100ms/99.0%
[2021-02-07T18:38:10.447+0300][565.687s][info][gc,marking  ] GC(33) Mark: 1 stripe(s), 2 proactive flush(es), 1 terminate flush(es), 1 completion(s), 0 continuation(s)
[2021-02-07T18:38:10.447+0300][565.687s][info][gc,nmethod  ] GC(33) NMethods: 1904 registered, 10 unregistered
[2021-02-07T18:38:10.447+0300][565.687s][info][gc,metaspace] GC(33) Metaspace: 6M used, 7M capacity, 7M committed, 1032M reserved
[2021-02-07T18:38:10.447+0300][565.687s][info][gc,ref      ] GC(33) Soft: 215 encountered, 95 discovered, 0 enqueued
[2021-02-07T18:38:10.447+0300][565.687s][info][gc,ref      ] GC(33) Weak: 1037 encountered, 639 discovered, 0 enqueued
[2021-02-07T18:38:10.447+0300][565.687s][info][gc,ref      ] GC(33) Final: 0 encountered, 0 discovered, 0 enqueued
[2021-02-07T18:38:10.447+0300][565.687s][info][gc,ref      ] GC(33) Phantom: 7 encountered, 6 discovered, 0 enqueued
[2021-02-07T18:38:10.447+0300][565.687s][info][gc,reloc    ] GC(33) Small Pages: 110 / 220M(94%), Empty: 0M(0%), Compacting: 4M(2%)->2M(1%)
[2021-02-07T18:38:10.447+0300][565.687s][info][gc,reloc    ] GC(33) Medium Pages: 0 / 0M(0%), Empty: 0M(0%), Compacting: 0M(0%)->0M(0%)
[2021-02-07T18:38:10.447+0300][565.687s][info][gc,reloc    ] GC(33) Large Pages: 1 / 14M(6%), Empty: 0M(0%), Compacting: 0M(0%)->0M(0%)
[2021-02-07T18:38:10.447+0300][565.687s][info][gc,reloc    ] GC(33) Relocation: Successful
[2021-02-07T18:38:10.447+0300][565.687s][info][gc,heap     ] GC(33) Min Capacity: 256M(100%)
[2021-02-07T18:38:10.447+0300][565.687s][info][gc,heap     ] GC(33) Max Capacity: 256M(100%)
[2021-02-07T18:38:10.447+0300][565.687s][info][gc,heap     ] GC(33) Soft Max Capacity: 256M(100%)
[2021-02-07T18:38:10.447+0300][565.687s][info][gc,heap     ] GC(33)                Mark Start          Mark End        Relocate Start      Relocate End           High               Low
[2021-02-07T18:38:10.447+0300][565.687s][info][gc,heap     ] GC(33)  Capacity:      256M (100%)        256M (100%)        256M (100%)        256M (100%)        256M (100%)        256M (100%)
[2021-02-07T18:38:10.447+0300][565.687s][info][gc,heap     ] GC(33)   Reserve:       12M (5%)           12M (5%)           12M (5%)           12M (5%)           12M (5%)           12M (5%)
[2021-02-07T18:38:10.447+0300][565.687s][info][gc,heap     ] GC(33)      Free:       10M (4%)           10M (4%)           10M (4%)           10M (4%)           10M (4%)            8M (3%)
[2021-02-07T18:38:10.447+0300][565.687s][info][gc,heap     ] GC(33)      Used:      234M (91%)         234M (91%)         234M (91%)         234M (91%)         236M (92%)         234M (91%)
[2021-02-07T18:38:10.447+0300][565.687s][info][gc,heap     ] GC(33)      Live:         -               226M (89%)         226M (89%)         226M (89%)            -                  -
[2021-02-07T18:38:10.447+0300][565.687s][info][gc,heap     ] GC(33) Allocated:         -                 0M (0%)            0M (0%)            4M (2%)             -                  -
[2021-02-07T18:38:10.447+0300][565.687s][info][gc,heap     ] GC(33)   Garbage:         -                 7M (3%)            7M (3%)            7M (3%)             -                  -
[2021-02-07T18:38:10.447+0300][565.687s][info][gc,heap     ] GC(33) Reclaimed:         -                  -                 0M (0%)            0M (0%)             -                  -
[2021-02-07T18:38:10.447+0300][565.687s][info][gc          ] GC(33) Garbage Collection (Allocation Rate) 234M(91%)->234M(91%)
[2021-02-07T18:38:10.504+0300][565.743s][info][gc,start    ] GC(34) Garbage Collection (Allocation Rate)
[2021-02-07T18:38:10.505+0300][565.744s][info][gc,phases   ] GC(34) Pause Mark Start 0.131ms
[2021-02-07T18:38:10.848+0300][566.088s][info][gc,phases   ] GC(34) Concurrent Mark 343.941ms
[2021-02-07T18:38:10.864+0300][566.104s][info][gc,phases   ] GC(34) Pause Mark End 0.232ms
[2021-02-07T18:38:10.868+0300][566.107s][info][gc,phases   ] GC(34) Concurrent Process Non-Strong References 2.655ms
[2021-02-07T18:38:10.868+0300][566.107s][info][gc,phases   ] GC(34) Concurrent Reset Relocation Set 0.007ms
[2021-02-07T18:38:10.869+0300][566.109s][info][gc,phases   ] GC(34) Concurrent Select Relocation Set 1.488ms
[2021-02-07T18:38:10.870+0300][566.110s][info][gc,phases   ] GC(34) Pause Relocate Start 0.108ms
[2021-02-07T18:38:10.871+0300][566.111s][info][gc,phases   ] GC(34) Concurrent Relocate 1.195ms
[2021-02-07T18:38:10.871+0300][566.111s][info][gc,load     ] GC(34) Load: 0.00/0.00/0.00
[2021-02-07T18:38:10.871+0300][566.111s][info][gc,mmu      ] GC(34) MMU: 2ms/76.9%, 5ms/90.7%, 10ms/95.0%, 20ms/97.5%, 50ms/98.9%, 100ms/99.0%
[2021-02-07T18:38:10.871+0300][566.111s][info][gc,marking  ] GC(34) Mark: 1 stripe(s), 2 proactive flush(es), 1 terminate flush(es), 1 completion(s), 0 continuation(s)
[2021-02-07T18:38:10.871+0300][566.111s][info][gc,nmethod  ] GC(34) NMethods: 1905 registered, 10 unregistered
[2021-02-07T18:38:10.871+0300][566.111s][info][gc,metaspace] GC(34) Metaspace: 6M used, 7M capacity, 7M committed, 1032M reserved
[2021-02-07T18:38:10.871+0300][566.111s][info][gc,ref      ] GC(34) Soft: 215 encountered, 95 discovered, 0 enqueued
[2021-02-07T18:38:10.871+0300][566.111s][info][gc,ref      ] GC(34) Weak: 1037 encountered, 639 discovered, 0 enqueued
[2021-02-07T18:38:10.871+0300][566.111s][info][gc,ref      ] GC(34) Final: 0 encountered, 0 discovered, 0 enqueued
[2021-02-07T18:38:10.871+0300][566.111s][info][gc,ref      ] GC(34) Phantom: 7 encountered, 6 discovered, 0 enqueued
[2021-02-07T18:38:10.871+0300][566.111s][info][gc,reloc    ] GC(34) Small Pages: 110 / 220M(94%), Empty: 0M(0%), Compacting: 4M(2%)->2M(1%)
[2021-02-07T18:38:10.871+0300][566.111s][info][gc,reloc    ] GC(34) Medium Pages: 0 / 0M(0%), Empty: 0M(0%), Compacting: 0M(0%)->0M(0%)
[2021-02-07T18:38:10.871+0300][566.111s][info][gc,reloc    ] GC(34) Large Pages: 1 / 14M(6%), Empty: 0M(0%), Compacting: 0M(0%)->0M(0%)
[2021-02-07T18:38:10.871+0300][566.111s][info][gc,reloc    ] GC(34) Relocation: Successful
[2021-02-07T18:38:10.871+0300][566.111s][info][gc,heap     ] GC(34) Min Capacity: 256M(100%)
[2021-02-07T18:38:10.871+0300][566.111s][info][gc,heap     ] GC(34) Max Capacity: 256M(100%)
[2021-02-07T18:38:10.871+0300][566.111s][info][gc,heap     ] GC(34) Soft Max Capacity: 256M(100%)
[2021-02-07T18:38:10.871+0300][566.111s][info][gc,heap     ] GC(34)                Mark Start          Mark End        Relocate Start      Relocate End           High               Low
[2021-02-07T18:38:10.871+0300][566.111s][info][gc,heap     ] GC(34)  Capacity:      256M (100%)        256M (100%)        256M (100%)        256M (100%)        256M (100%)        256M (100%)
[2021-02-07T18:38:10.871+0300][566.111s][info][gc,heap     ] GC(34)   Reserve:       12M (5%)           12M (5%)           12M (5%)           12M (5%)           12M (5%)           12M (5%)
[2021-02-07T18:38:10.871+0300][566.111s][info][gc,heap     ] GC(34)      Free:       10M (4%)            8M (3%)            8M (3%)           10M (4%)           10M (4%)            6M (2%)
[2021-02-07T18:38:10.871+0300][566.111s][info][gc,heap     ] GC(34)      Used:      234M (91%)         236M (92%)         236M (92%)         234M (91%)         238M (93%)         234M (91%)
[2021-02-07T18:38:10.871+0300][566.111s][info][gc,heap     ] GC(34)      Live:         -               226M (89%)         226M (89%)         226M (89%)            -                  -
[2021-02-07T18:38:10.871+0300][566.111s][info][gc,heap     ] GC(34) Allocated:         -                 2M (1%)            2M (1%)            4M (2%)             -                  -
[2021-02-07T18:38:10.871+0300][566.111s][info][gc,heap     ] GC(34)   Garbage:         -                 7M (3%)            7M (3%)            5M (2%)             -                  -
[2021-02-07T18:38:10.871+0300][566.111s][info][gc,heap     ] GC(34) Reclaimed:         -                  -                 0M (0%)            2M (1%)             -                  -
[2021-02-07T18:38:10.871+0300][566.111s][info][gc          ] GC(34) Garbage Collection (Allocation Rate) 234M(91%)->234M(91%)
[2021-02-07T18:38:10.911+0300][566.151s][info][gc,start    ] GC(35) Garbage Collection (High Usage)
[2021-02-07T18:38:10.914+0300][566.154s][info][gc,phases   ] GC(35) Pause Mark Start 0.140ms
[2021-02-07T18:38:11.249+0300][566.490s][info][gc,phases   ] GC(35) Concurrent Mark 335.436ms
[2021-02-07T18:38:11.251+0300][566.491s][info][gc,phases   ] GC(35) Pause Mark End 0.142ms
[2021-02-07T18:38:11.254+0300][566.495s][info][gc,phases   ] GC(35) Concurrent Process Non-Strong References 3.501ms
[2021-02-07T18:38:11.254+0300][566.495s][info][gc,phases   ] GC(35) Concurrent Reset Relocation Set 0.007ms
[2021-02-07T18:38:11.256+0300][566.496s][info][gc,phases   ] GC(35) Concurrent Select Relocation Set 1.379ms
[2021-02-07T18:38:11.256+0300][566.497s][info][gc,phases   ] GC(35) Pause Relocate Start 0.092ms
[2021-02-07T18:38:11.258+0300][566.498s][info][gc,phases   ] GC(35) Concurrent Relocate 1.494ms
[2021-02-07T18:38:11.258+0300][566.499s][info][gc,load     ] GC(35) Load: 0.00/0.00/0.00
[2021-02-07T18:38:11.258+0300][566.499s][info][gc,mmu      ] GC(35) MMU: 2ms/76.9%, 5ms/90.7%, 10ms/95.0%, 20ms/97.5%, 50ms/98.9%, 100ms/99.0%
[2021-02-07T18:38:11.258+0300][566.499s][info][gc,marking  ] GC(35) Mark: 1 stripe(s), 2 proactive flush(es), 1 terminate flush(es), 1 completion(s), 0 continuation(s)
[2021-02-07T18:38:11.258+0300][566.499s][info][gc,nmethod  ] GC(35) NMethods: 1905 registered, 10 unregistered
[2021-02-07T18:38:11.258+0300][566.499s][info][gc,metaspace] GC(35) Metaspace: 6M used, 7M capacity, 7M committed, 1032M reserved
[2021-02-07T18:38:11.258+0300][566.499s][info][gc,ref      ] GC(35) Soft: 215 encountered, 95 discovered, 0 enqueued
[2021-02-07T18:38:11.258+0300][566.499s][info][gc,ref      ] GC(35) Weak: 1037 encountered, 639 discovered, 0 enqueued
[2021-02-07T18:38:11.258+0300][566.499s][info][gc,ref      ] GC(35) Final: 0 encountered, 0 discovered, 0 enqueued
[2021-02-07T18:38:11.258+0300][566.499s][info][gc,ref      ] GC(35) Phantom: 7 encountered, 6 discovered, 0 enqueued
[2021-02-07T18:38:11.258+0300][566.499s][info][gc,reloc    ] GC(35) Small Pages: 110 / 220M(94%), Empty: 0M(0%), Compacting: 4M(2%)->2M(1%)
[2021-02-07T18:38:11.258+0300][566.499s][info][gc,reloc    ] GC(35) Medium Pages: 0 / 0M(0%), Empty: 0M(0%), Compacting: 0M(0%)->0M(0%)
[2021-02-07T18:38:11.258+0300][566.499s][info][gc,reloc    ] GC(35) Large Pages: 1 / 14M(6%), Empty: 0M(0%), Compacting: 0M(0%)->0M(0%)
[2021-02-07T18:38:11.258+0300][566.499s][info][gc,reloc    ] GC(35) Relocation: Successful
[2021-02-07T18:38:11.258+0300][566.499s][info][gc,heap     ] GC(35) Min Capacity: 256M(100%)
[2021-02-07T18:38:11.258+0300][566.499s][info][gc,heap     ] GC(35) Max Capacity: 256M(100%)
[2021-02-07T18:38:11.258+0300][566.499s][info][gc,heap     ] GC(35) Soft Max Capacity: 256M(100%)
[2021-02-07T18:38:11.258+0300][566.499s][info][gc,heap     ] GC(35)                Mark Start          Mark End        Relocate Start      Relocate End           High               Low
[2021-02-07T18:38:11.258+0300][566.499s][info][gc,heap     ] GC(35)  Capacity:      256M (100%)        256M (100%)        256M (100%)        256M (100%)        256M (100%)        256M (100%)
[2021-02-07T18:38:11.258+0300][566.499s][info][gc,heap     ] GC(35)   Reserve:       12M (5%)           12M (5%)           12M (5%)           12M (5%)           12M (5%)           12M (5%)
[2021-02-07T18:38:11.258+0300][566.499s][info][gc,heap     ] GC(35)      Free:       10M (4%)            8M (3%)            8M (3%)           10M (4%)           10M (4%)            6M (2%)
[2021-02-07T18:38:11.258+0300][566.499s][info][gc,heap     ] GC(35)      Used:      234M (91%)         236M (92%)         236M (92%)         234M (91%)         238M (93%)         234M (91%)
[2021-02-07T18:38:11.258+0300][566.499s][info][gc,heap     ] GC(35)      Live:         -               226M (89%)         226M (89%)         226M (89%)            -                  -
[2021-02-07T18:38:11.258+0300][566.499s][info][gc,heap     ] GC(35) Allocated:         -                 2M (1%)            2M (1%)            4M (2%)             -                  -
[2021-02-07T18:38:11.258+0300][566.499s][info][gc,heap     ] GC(35)   Garbage:         -                 7M (3%)            7M (3%)            5M (2%)             -                  -
[2021-02-07T18:38:11.258+0300][566.499s][info][gc,heap     ] GC(35) Reclaimed:         -                  -                 0M (0%)            2M (1%)             -                  -
[2021-02-07T18:38:11.258+0300][566.499s][info][gc          ] GC(35) Garbage Collection (High Usage) 234M(91%)->234M(91%)
[2021-02-07T18:38:11.304+0300][566.544s][info][gc,start    ] GC(36) Garbage Collection (High Usage)
[2021-02-07T18:38:11.304+0300][566.544s][info][gc,phases   ] GC(36) Pause Mark Start 0.143ms
[2021-02-07T18:38:11.640+0300][566.880s][info][gc,phases   ] GC(36) Concurrent Mark 335.858ms
[2021-02-07T18:38:11.643+0300][566.883s][info][gc,phases   ] GC(36) Pause Mark End 0.218ms
[2021-02-07T18:38:11.646+0300][566.886s][info][gc,phases   ] GC(36) Concurrent Process Non-Strong References 2.813ms
[2021-02-07T18:38:11.646+0300][566.886s][info][gc,phases   ] GC(36) Concurrent Reset Relocation Set 0.007ms
[2021-02-07T18:38:11.647+0300][566.888s][info][gc,phases   ] GC(36) Concurrent Select Relocation Set 1.485ms
[2021-02-07T18:38:11.648+0300][566.889s][info][gc,phases   ] GC(36) Pause Relocate Start 0.122ms
[2021-02-07T18:38:11.650+0300][566.890s][info][gc,phases   ] GC(36) Concurrent Relocate 1.373ms
[2021-02-07T18:38:11.650+0300][566.890s][info][gc,load     ] GC(36) Load: 0.00/0.00/0.00
[2021-02-07T18:38:11.650+0300][566.890s][info][gc,mmu      ] GC(36) MMU: 2ms/76.9%, 5ms/90.7%, 10ms/95.0%, 20ms/97.5%, 50ms/98.9%, 100ms/99.0%
[2021-02-07T18:38:11.650+0300][566.890s][info][gc,marking  ] GC(36) Mark: 1 stripe(s), 2 proactive flush(es), 1 terminate flush(es), 1 completion(s), 0 continuation(s)
[2021-02-07T18:38:11.650+0300][566.890s][info][gc,nmethod  ] GC(36) NMethods: 1905 registered, 10 unregistered
[2021-02-07T18:38:11.650+0300][566.890s][info][gc,metaspace] GC(36) Metaspace: 6M used, 7M capacity, 7M committed, 1032M reserved
[2021-02-07T18:38:11.650+0300][566.890s][info][gc,ref      ] GC(36) Soft: 215 encountered, 95 discovered, 0 enqueued
[2021-02-07T18:38:11.650+0300][566.890s][info][gc,ref      ] GC(36) Weak: 1037 encountered, 639 discovered, 0 enqueued
[2021-02-07T18:38:11.650+0300][566.890s][info][gc,ref      ] GC(36) Final: 0 encountered, 0 discovered, 0 enqueued
[2021-02-07T18:38:11.650+0300][566.890s][info][gc,ref      ] GC(36) Phantom: 7 encountered, 6 discovered, 0 enqueued
[2021-02-07T18:38:11.650+0300][566.890s][info][gc,reloc    ] GC(36) Small Pages: 110 / 220M(94%), Empty: 0M(0%), Compacting: 4M(2%)->2M(1%)
[2021-02-07T18:38:11.650+0300][566.890s][info][gc,reloc    ] GC(36) Medium Pages: 0 / 0M(0%), Empty: 0M(0%), Compacting: 0M(0%)->0M(0%)
[2021-02-07T18:38:11.650+0300][566.891s][info][gc,reloc    ] GC(36) Large Pages: 1 / 14M(6%), Empty: 0M(0%), Compacting: 0M(0%)->0M(0%)
[2021-02-07T18:38:11.650+0300][566.891s][info][gc,reloc    ] GC(36) Relocation: Successful
[2021-02-07T18:38:11.650+0300][566.891s][info][gc,heap     ] GC(36) Min Capacity: 256M(100%)
[2021-02-07T18:38:11.650+0300][566.891s][info][gc,heap     ] GC(36) Max Capacity: 256M(100%)
[2021-02-07T18:38:11.650+0300][566.891s][info][gc,heap     ] GC(36) Soft Max Capacity: 256M(100%)
[2021-02-07T18:38:11.650+0300][566.891s][info][gc,heap     ] GC(36)                Mark Start          Mark End        Relocate Start      Relocate End           High               Low
[2021-02-07T18:38:11.650+0300][566.891s][info][gc,heap     ] GC(36)  Capacity:      256M (100%)        256M (100%)        256M (100%)        256M (100%)        256M (100%)        256M (100%)
[2021-02-07T18:38:11.650+0300][566.891s][info][gc,heap     ] GC(36)   Reserve:       12M (5%)           12M (5%)           12M (5%)           12M (5%)           12M (5%)           12M (5%)
[2021-02-07T18:38:11.650+0300][566.891s][info][gc,heap     ] GC(36)      Free:       10M (4%)            8M (3%)            8M (3%)           10M (4%)           10M (4%)            6M (2%)
[2021-02-07T18:38:11.650+0300][566.891s][info][gc,heap     ] GC(36)      Used:      234M (91%)         236M (92%)         236M (92%)         234M (91%)         238M (93%)         234M (91%)
[2021-02-07T18:38:11.650+0300][566.891s][info][gc,heap     ] GC(36)      Live:         -               226M (89%)         226M (89%)         226M (89%)            -                  -
[2021-02-07T18:38:11.650+0300][566.891s][info][gc,heap     ] GC(36) Allocated:         -                 2M (1%)            2M (1%)            4M (2%)             -                  -
[2021-02-07T18:38:11.650+0300][566.891s][info][gc,heap     ] GC(36)   Garbage:         -                 7M (3%)            7M (3%)            5M (2%)             -                  -
[2021-02-07T18:38:11.650+0300][566.891s][info][gc,heap     ] GC(36) Reclaimed:         -                  -                 0M (0%)            2M (1%)             -                  -
[2021-02-07T18:38:11.650+0300][566.891s][info][gc          ] GC(36) Garbage Collection (High Usage) 234M(91%)->234M(91%)
[2021-02-07T18:38:11.703+0300][566.943s][info][gc,start    ] GC(37) Garbage Collection (High Usage)
[2021-02-07T18:38:11.704+0300][566.944s][info][gc,phases   ] GC(37) Pause Mark Start 0.127ms
[2021-02-07T18:38:12.038+0300][567.279s][info][gc,phases   ] GC(37) Concurrent Mark 334.388ms
[2021-02-07T18:38:12.040+0300][567.280s][info][gc,phases   ] GC(37) Pause Mark End 0.207ms
[2021-02-07T18:38:12.043+0300][567.283s][info][gc,phases   ] GC(37) Concurrent Process Non-Strong References 2.699ms
[2021-02-07T18:38:12.043+0300][567.283s][info][gc,phases   ] GC(37) Concurrent Reset Relocation Set 0.353ms
[2021-02-07T18:38:12.045+0300][567.285s][info][gc,phases   ] GC(37) Concurrent Select Relocation Set 1.624ms
[2021-02-07T18:38:12.045+0300][567.286s][info][gc,phases   ] GC(37) Pause Relocate Start 0.121ms
[2021-02-07T18:38:12.047+0300][567.287s][info][gc,phases   ] GC(37) Concurrent Relocate 1.367ms
[2021-02-07T18:38:12.047+0300][567.287s][info][gc,load     ] GC(37) Load: 0.00/0.00/0.00
[2021-02-07T18:38:12.047+0300][567.287s][info][gc,mmu      ] GC(37) MMU: 2ms/76.9%, 5ms/90.7%, 10ms/95.0%, 20ms/97.5%, 50ms/98.9%, 100ms/99.0%
[2021-02-07T18:38:12.047+0300][567.287s][info][gc,marking  ] GC(37) Mark: 1 stripe(s), 2 proactive flush(es), 1 terminate flush(es), 1 completion(s), 0 continuation(s)
[2021-02-07T18:38:12.047+0300][567.287s][info][gc,nmethod  ] GC(37) NMethods: 1907 registered, 10 unregistered
[2021-02-07T18:38:12.047+0300][567.287s][info][gc,metaspace] GC(37) Metaspace: 6M used, 7M capacity, 7M committed, 1032M reserved
[2021-02-07T18:38:12.047+0300][567.287s][info][gc,ref      ] GC(37) Soft: 215 encountered, 95 discovered, 0 enqueued
[2021-02-07T18:38:12.047+0300][567.287s][info][gc,ref      ] GC(37) Weak: 1037 encountered, 639 discovered, 0 enqueued
[2021-02-07T18:38:12.047+0300][567.287s][info][gc,ref      ] GC(37) Final: 0 encountered, 0 discovered, 0 enqueued
[2021-02-07T18:38:12.047+0300][567.287s][info][gc,ref      ] GC(37) Phantom: 7 encountered, 6 discovered, 0 enqueued
[2021-02-07T18:38:12.047+0300][567.287s][info][gc,reloc    ] GC(37) Small Pages: 110 / 220M(94%), Empty: 0M(0%), Compacting: 4M(2%)->2M(1%)
[2021-02-07T18:38:12.047+0300][567.287s][info][gc,reloc    ] GC(37) Medium Pages: 0 / 0M(0%), Empty: 0M(0%), Compacting: 0M(0%)->0M(0%)
[2021-02-07T18:38:12.047+0300][567.287s][info][gc,reloc    ] GC(37) Large Pages: 1 / 14M(6%), Empty: 0M(0%), Compacting: 0M(0%)->0M(0%)
[2021-02-07T18:38:12.047+0300][567.287s][info][gc,reloc    ] GC(37) Relocation: Successful
[2021-02-07T18:38:12.047+0300][567.287s][info][gc,heap     ] GC(37) Min Capacity: 256M(100%)
[2021-02-07T18:38:12.047+0300][567.287s][info][gc,heap     ] GC(37) Max Capacity: 256M(100%)
[2021-02-07T18:38:12.047+0300][567.287s][info][gc,heap     ] GC(37) Soft Max Capacity: 256M(100%)
[2021-02-07T18:38:12.047+0300][567.287s][info][gc,heap     ] GC(37)                Mark Start          Mark End        Relocate Start      Relocate End           High               Low
[2021-02-07T18:38:12.047+0300][567.287s][info][gc,heap     ] GC(37)  Capacity:      256M (100%)        256M (100%)        256M (100%)        256M (100%)        256M (100%)        256M (100%)
[2021-02-07T18:38:12.047+0300][567.287s][info][gc,heap     ] GC(37)   Reserve:       12M (5%)           12M (5%)           12M (5%)           12M (5%)           12M (5%)           12M (5%)
[2021-02-07T18:38:12.047+0300][567.287s][info][gc,heap     ] GC(37)      Free:       10M (4%)            8M (3%)            8M (3%)           10M (4%)           10M (4%)            6M (2%)
[2021-02-07T18:38:12.047+0300][567.287s][info][gc,heap     ] GC(37)      Used:      234M (91%)         236M (92%)         236M (92%)         234M (91%)         238M (93%)         234M (91%)
[2021-02-07T18:38:12.047+0300][567.287s][info][gc,heap     ] GC(37)      Live:         -               226M (89%)         226M (89%)         226M (89%)            -                  -
[2021-02-07T18:38:12.047+0300][567.287s][info][gc,heap     ] GC(37) Allocated:         -                 2M (1%)            2M (1%)            4M (2%)             -                  -
[2021-02-07T18:38:12.047+0300][567.287s][info][gc,heap     ] GC(37)   Garbage:         -                 7M (3%)            7M (3%)            5M (2%)             -                  -
[2021-02-07T18:38:12.047+0300][567.287s][info][gc,heap     ] GC(37) Reclaimed:         -                  -                 0M (0%)            2M (1%)             -                  -
[2021-02-07T18:38:12.047+0300][567.287s][info][gc          ] GC(37) Garbage Collection (High Usage) 234M(91%)->234M(91%)
[2021-02-07T18:38:12.104+0300][567.344s][info][gc,start    ] GC(38) Garbage Collection (High Usage)
[2021-02-07T18:38:12.104+0300][567.345s][info][gc,phases   ] GC(38) Pause Mark Start 0.098ms
[2021-02-07T18:38:12.434+0300][567.675s][info][gc,phases   ] GC(38) Concurrent Mark 329.891ms
[2021-02-07T18:38:12.436+0300][567.676s][info][gc,phases   ] GC(38) Pause Mark End 0.230ms
[2021-02-07T18:38:12.439+0300][567.680s][info][gc,phases   ] GC(38) Concurrent Process Non-Strong References 3.501ms
[2021-02-07T18:38:12.439+0300][567.680s][info][gc,phases   ] GC(38) Concurrent Reset Relocation Set 0.008ms
[2021-02-07T18:38:12.441+0300][567.681s][info][gc,phases   ] GC(38) Concurrent Select Relocation Set 1.523ms
[2021-02-07T18:38:12.442+0300][567.682s][info][gc,phases   ] GC(38) Pause Relocate Start 0.132ms
[2021-02-07T18:38:12.443+0300][567.684s][info][gc,phases   ] GC(38) Concurrent Relocate 1.367ms
[2021-02-07T18:38:12.443+0300][567.684s][info][gc,load     ] GC(38) Load: 0.00/0.00/0.00
[2021-02-07T18:38:12.443+0300][567.684s][info][gc,mmu      ] GC(38) MMU: 2ms/76.9%, 5ms/90.7%, 10ms/95.0%, 20ms/97.5%, 50ms/98.9%, 100ms/99.0%
[2021-02-07T18:38:12.443+0300][567.684s][info][gc,marking  ] GC(38) Mark: 1 stripe(s), 2 proactive flush(es), 1 terminate flush(es), 1 completion(s), 0 continuation(s)
[2021-02-07T18:38:12.443+0300][567.684s][info][gc,nmethod  ] GC(38) NMethods: 1908 registered, 10 unregistered
[2021-02-07T18:38:12.443+0300][567.684s][info][gc,metaspace] GC(38) Metaspace: 6M used, 7M capacity, 7M committed, 1032M reserved
[2021-02-07T18:38:12.443+0300][567.684s][info][gc,ref      ] GC(38) Soft: 215 encountered, 95 discovered, 0 enqueued
[2021-02-07T18:38:12.443+0300][567.684s][info][gc,ref      ] GC(38) Weak: 1037 encountered, 639 discovered, 0 enqueued
[2021-02-07T18:38:12.443+0300][567.684s][info][gc,ref      ] GC(38) Final: 0 encountered, 0 discovered, 0 enqueued
[2021-02-07T18:38:12.443+0300][567.684s][info][gc,ref      ] GC(38) Phantom: 7 encountered, 6 discovered, 0 enqueued
[2021-02-07T18:38:12.443+0300][567.684s][info][gc,reloc    ] GC(38) Small Pages: 110 / 220M(94%), Empty: 0M(0%), Compacting: 4M(2%)->2M(1%)
[2021-02-07T18:38:12.443+0300][567.684s][info][gc,reloc    ] GC(38) Medium Pages: 0 / 0M(0%), Empty: 0M(0%), Compacting: 0M(0%)->0M(0%)
[2021-02-07T18:38:12.443+0300][567.684s][info][gc,reloc    ] GC(38) Large Pages: 1 / 14M(6%), Empty: 0M(0%), Compacting: 0M(0%)->0M(0%)
[2021-02-07T18:38:12.443+0300][567.684s][info][gc,reloc    ] GC(38) Relocation: Successful
[2021-02-07T18:38:12.443+0300][567.684s][info][gc,heap     ] GC(38) Min Capacity: 256M(100%)
[2021-02-07T18:38:12.443+0300][567.684s][info][gc,heap     ] GC(38) Max Capacity: 256M(100%)
[2021-02-07T18:38:12.443+0300][567.684s][info][gc,heap     ] GC(38) Soft Max Capacity: 256M(100%)
[2021-02-07T18:38:12.443+0300][567.684s][info][gc,heap     ] GC(38)                Mark Start          Mark End        Relocate Start      Relocate End           High               Low
[2021-02-07T18:38:12.443+0300][567.684s][info][gc,heap     ] GC(38)  Capacity:      256M (100%)        256M (100%)        256M (100%)        256M (100%)        256M (100%)        256M (100%)
[2021-02-07T18:38:12.443+0300][567.684s][info][gc,heap     ] GC(38)   Reserve:       12M (5%)           12M (5%)           12M (5%)           12M (5%)           12M (5%)           12M (5%)
[2021-02-07T18:38:12.443+0300][567.684s][info][gc,heap     ] GC(38)      Free:       10M (4%)           10M (4%)           10M (4%)           10M (4%)           10M (4%)            6M (2%)
[2021-02-07T18:38:12.443+0300][567.684s][info][gc,heap     ] GC(38)      Used:      234M (91%)         234M (91%)         234M (91%)         234M (91%)         238M (93%)         234M (91%)
[2021-02-07T18:38:12.443+0300][567.684s][info][gc,heap     ] GC(38)      Live:         -               226M (89%)         226M (89%)         226M (89%)            -                  -
[2021-02-07T18:38:12.443+0300][567.684s][info][gc,heap     ] GC(38) Allocated:         -                 0M (0%)            0M (0%)            4M (2%)             -                  -
[2021-02-07T18:38:12.444+0300][567.684s][info][gc,heap     ] GC(38)   Garbage:         -                 7M (3%)            7M (3%)            7M (3%)             -                  -
[2021-02-07T18:38:12.444+0300][567.684s][info][gc,heap     ] GC(38) Reclaimed:         -                  -                 0M (0%)            0M (0%)             -                  -
[2021-02-07T18:38:12.444+0300][567.684s][info][gc          ] GC(38) Garbage Collection (High Usage) 234M(91%)->234M(91%)
[2021-02-07T18:38:12.508+0300][567.748s][info][gc,start    ] GC(39) Garbage Collection (High Usage)
[2021-02-07T18:38:12.509+0300][567.749s][info][gc,phases   ] GC(39) Pause Mark Start 0.123ms
[2021-02-07T18:38:12.838+0300][568.078s][info][gc,phases   ] GC(39) Concurrent Mark 328.837ms
[2021-02-07T18:38:12.839+0300][568.079s][info][gc,phases   ] GC(39) Pause Mark End 0.213ms
[2021-02-07T18:38:12.842+0300][568.082s][info][gc,phases   ] GC(39) Concurrent Process Non-Strong References 2.662ms
[2021-02-07T18:38:12.842+0300][568.082s][info][gc,phases   ] GC(39) Concurrent Reset Relocation Set 0.009ms
[2021-02-07T18:38:12.844+0300][568.084s][info][gc,phases   ] GC(39) Concurrent Select Relocation Set 1.395ms
[2021-02-07T18:38:12.845+0300][568.085s][info][gc,phases   ] GC(39) Pause Relocate Start 0.108ms
[2021-02-07T18:38:12.846+0300][568.086s][info][gc,phases   ] GC(39) Concurrent Relocate 1.356ms
[2021-02-07T18:38:12.846+0300][568.086s][info][gc,load     ] GC(39) Load: 0.00/0.00/0.00
[2021-02-07T18:38:12.846+0300][568.086s][info][gc,mmu      ] GC(39) MMU: 2ms/76.9%, 5ms/90.7%, 10ms/95.0%, 20ms/97.5%, 50ms/98.9%, 100ms/99.0%
[2021-02-07T18:38:12.846+0300][568.086s][info][gc,marking  ] GC(39) Mark: 1 stripe(s), 2 proactive flush(es), 1 terminate flush(es), 1 completion(s), 0 continuation(s)
[2021-02-07T18:38:12.846+0300][568.086s][info][gc,nmethod  ] GC(39) NMethods: 1910 registered, 10 unregistered
[2021-02-07T18:38:12.846+0300][568.086s][info][gc,metaspace] GC(39) Metaspace: 6M used, 7M capacity, 7M committed, 1032M reserved
[2021-02-07T18:38:12.846+0300][568.086s][info][gc,ref      ] GC(39) Soft: 215 encountered, 95 discovered, 0 enqueued
[2021-02-07T18:38:12.846+0300][568.086s][info][gc,ref      ] GC(39) Weak: 1037 encountered, 639 discovered, 0 enqueued
[2021-02-07T18:38:12.846+0300][568.086s][info][gc,ref      ] GC(39) Final: 0 encountered, 0 discovered, 0 enqueued
[2021-02-07T18:38:12.846+0300][568.086s][info][gc,ref      ] GC(39) Phantom: 7 encountered, 6 discovered, 0 enqueued
[2021-02-07T18:38:12.846+0300][568.086s][info][gc,reloc    ] GC(39) Small Pages: 110 / 220M(94%), Empty: 0M(0%), Compacting: 4M(2%)->2M(1%)
[2021-02-07T18:38:12.846+0300][568.086s][info][gc,reloc    ] GC(39) Medium Pages: 0 / 0M(0%), Empty: 0M(0%), Compacting: 0M(0%)->0M(0%)
[2021-02-07T18:38:12.846+0300][568.086s][info][gc,reloc    ] GC(39) Large Pages: 1 / 14M(6%), Empty: 0M(0%), Compacting: 0M(0%)->0M(0%)
[2021-02-07T18:38:12.846+0300][568.086s][info][gc,reloc    ] GC(39) Relocation: Successful
[2021-02-07T18:38:12.846+0300][568.086s][info][gc,heap     ] GC(39) Min Capacity: 256M(100%)
[2021-02-07T18:38:12.846+0300][568.086s][info][gc,heap     ] GC(39) Max Capacity: 256M(100%)
[2021-02-07T18:38:12.846+0300][568.086s][info][gc,heap     ] GC(39) Soft Max Capacity: 256M(100%)
[2021-02-07T18:38:12.846+0300][568.086s][info][gc,heap     ] GC(39)                Mark Start          Mark End        Relocate Start      Relocate End           High               Low
[2021-02-07T18:38:12.846+0300][568.086s][info][gc,heap     ] GC(39)  Capacity:      256M (100%)        256M (100%)        256M (100%)        256M (100%)        256M (100%)        256M (100%)
[2021-02-07T18:38:12.846+0300][568.086s][info][gc,heap     ] GC(39)   Reserve:       12M (5%)           12M (5%)           12M (5%)           12M (5%)           12M (5%)           12M (5%)
[2021-02-07T18:38:12.846+0300][568.086s][info][gc,heap     ] GC(39)      Free:       10M (4%)            8M (3%)            8M (3%)           10M (4%)           10M (4%)            6M (2%)
[2021-02-07T18:38:12.846+0300][568.086s][info][gc,heap     ] GC(39)      Used:      234M (91%)         236M (92%)         236M (92%)         234M (91%)         238M (93%)         234M (91%)
[2021-02-07T18:38:12.846+0300][568.087s][info][gc,heap     ] GC(39)      Live:         -               226M (89%)         226M (89%)         226M (89%)            -                  -
[2021-02-07T18:38:12.846+0300][568.087s][info][gc,heap     ] GC(39) Allocated:         -                 2M (1%)            2M (1%)            4M (2%)             -                  -
[2021-02-07T18:38:12.846+0300][568.087s][info][gc,heap     ] GC(39)   Garbage:         -                 7M (3%)            7M (3%)            5M (2%)             -                  -
[2021-02-07T18:38:12.847+0300][568.087s][info][gc,heap     ] GC(39) Reclaimed:         -                  -                 0M (0%)            2M (1%)             -                  -
[2021-02-07T18:38:12.847+0300][568.087s][info][gc          ] GC(39) Garbage Collection (High Usage) 234M(91%)->234M(91%)
[2021-02-07T18:38:12.904+0300][568.143s][info][gc,start    ] GC(40) Garbage Collection (High Usage)
[2021-02-07T18:38:12.905+0300][568.144s][info][gc,phases   ] GC(40) Pause Mark Start 0.138ms
[2021-02-07T18:38:13.235+0300][568.474s][info][gc,phases   ] GC(40) Concurrent Mark 329.993ms
[2021-02-07T18:38:13.236+0300][568.476s][info][gc,phases   ] GC(40) Pause Mark End 0.217ms
[2021-02-07T18:38:13.240+0300][568.479s][info][gc,phases   ] GC(40) Concurrent Process Non-Strong References 3.551ms
[2021-02-07T18:38:13.240+0300][568.479s][info][gc,phases   ] GC(40) Concurrent Reset Relocation Set 0.008ms
[2021-02-07T18:38:13.241+0300][568.481s][info][gc,phases   ] GC(40) Concurrent Select Relocation Set 1.504ms
[2021-02-07T18:38:13.242+0300][568.482s][info][gc,phases   ] GC(40) Pause Relocate Start 0.126ms
[2021-02-07T18:38:13.244+0300][568.483s][info][gc,phases   ] GC(40) Concurrent Relocate 1.310ms
[2021-02-07T18:38:13.244+0300][568.483s][info][gc,load     ] GC(40) Load: 0.00/0.00/0.00
[2021-02-07T18:38:13.244+0300][568.483s][info][gc,mmu      ] GC(40) MMU: 2ms/76.9%, 5ms/90.7%, 10ms/95.0%, 20ms/97.5%, 50ms/98.9%, 100ms/99.0%
[2021-02-07T18:38:13.244+0300][568.483s][info][gc,marking  ] GC(40) Mark: 1 stripe(s), 2 proactive flush(es), 1 terminate flush(es), 1 completion(s), 0 continuation(s)
[2021-02-07T18:38:13.244+0300][568.483s][info][gc,nmethod  ] GC(40) NMethods: 1913 registered, 10 unregistered
[2021-02-07T18:38:13.244+0300][568.483s][info][gc,metaspace] GC(40) Metaspace: 6M used, 7M capacity, 7M committed, 1032M reserved
[2021-02-07T18:38:13.244+0300][568.483s][info][gc,ref      ] GC(40) Soft: 216 encountered, 95 discovered, 0 enqueued
[2021-02-07T18:38:13.244+0300][568.483s][info][gc,ref      ] GC(40) Weak: 1038 encountered, 640 discovered, 0 enqueued
[2021-02-07T18:38:13.244+0300][568.483s][info][gc,ref      ] GC(40) Final: 0 encountered, 0 discovered, 0 enqueued
[2021-02-07T18:38:13.244+0300][568.483s][info][gc,ref      ] GC(40) Phantom: 7 encountered, 6 discovered, 0 enqueued
[2021-02-07T18:38:13.244+0300][568.483s][info][gc,reloc    ] GC(40) Small Pages: 110 / 220M(94%), Empty: 0M(0%), Compacting: 4M(2%)->2M(1%)
[2021-02-07T18:38:13.244+0300][568.483s][info][gc,reloc    ] GC(40) Medium Pages: 0 / 0M(0%), Empty: 0M(0%), Compacting: 0M(0%)->0M(0%)
[2021-02-07T18:38:13.244+0300][568.483s][info][gc,reloc    ] GC(40) Large Pages: 1 / 14M(6%), Empty: 0M(0%), Compacting: 0M(0%)->0M(0%)
[2021-02-07T18:38:13.244+0300][568.483s][info][gc,reloc    ] GC(40) Relocation: Successful
[2021-02-07T18:38:13.244+0300][568.483s][info][gc,heap     ] GC(40) Min Capacity: 256M(100%)
[2021-02-07T18:38:13.244+0300][568.483s][info][gc,heap     ] GC(40) Max Capacity: 256M(100%)
[2021-02-07T18:38:13.244+0300][568.483s][info][gc,heap     ] GC(40) Soft Max Capacity: 256M(100%)
[2021-02-07T18:38:13.244+0300][568.483s][info][gc,heap     ] GC(40)                Mark Start          Mark End        Relocate Start      Relocate End           High               Low
[2021-02-07T18:38:13.244+0300][568.483s][info][gc,heap     ] GC(40)  Capacity:      256M (100%)        256M (100%)        256M (100%)        256M (100%)        256M (100%)        256M (100%)
[2021-02-07T18:38:13.244+0300][568.483s][info][gc,heap     ] GC(40)   Reserve:       12M (5%)           12M (5%)           12M (5%)           12M (5%)           12M (5%)           12M (5%)
[2021-02-07T18:38:13.244+0300][568.483s][info][gc,heap     ] GC(40)      Free:       10M (4%)            8M (3%)            8M (3%)           10M (4%)           10M (4%)            6M (2%)
[2021-02-07T18:38:13.244+0300][568.483s][info][gc,heap     ] GC(40)      Used:      234M (91%)         236M (92%)         236M (92%)         234M (91%)         238M (93%)         234M (91%)
[2021-02-07T18:38:13.244+0300][568.483s][info][gc,heap     ] GC(40)      Live:         -               226M (88%)         226M (88%)         226M (88%)            -                  -
[2021-02-07T18:38:13.244+0300][568.483s][info][gc,heap     ] GC(40) Allocated:         -                 2M (1%)            2M (1%)            4M (2%)             -                  -
[2021-02-07T18:38:13.244+0300][568.484s][info][gc,heap     ] GC(40)   Garbage:         -                 7M (3%)            7M (3%)            5M (2%)             -                  -
[2021-02-07T18:38:13.244+0300][568.484s][info][gc,heap     ] GC(40) Reclaimed:         -                  -                 0M (0%)            2M (1%)             -                  -
[2021-02-07T18:38:13.244+0300][568.484s][info][gc          ] GC(40) Garbage Collection (High Usage) 234M(91%)->234M(91%)
[2021-02-07T18:38:13.316+0300][568.555s][info][gc,start    ] GC(41) Garbage Collection (High Usage)
[2021-02-07T18:38:13.317+0300][568.556s][info][gc,phases   ] GC(41) Pause Mark Start 0.132ms
[2021-02-07T18:38:13.651+0300][568.890s][info][gc,phases   ] GC(41) Concurrent Mark 333.603ms
[2021-02-07T18:38:13.652+0300][568.891s][info][gc,phases   ] GC(41) Pause Mark End 0.136ms
[2021-02-07T18:38:13.655+0300][568.895s][info][gc,phases   ] GC(41) Concurrent Process Non-Strong References 3.541ms
[2021-02-07T18:38:13.655+0300][568.895s][info][gc,phases   ] GC(41) Concurrent Reset Relocation Set 0.008ms
[2021-02-07T18:38:13.657+0300][568.896s][info][gc,phases   ] GC(41) Concurrent Select Relocation Set 1.444ms
[2021-02-07T18:38:13.658+0300][568.897s][info][gc,phases   ] GC(41) Pause Relocate Start 0.115ms
[2021-02-07T18:38:13.659+0300][568.899s][info][gc,phases   ] GC(41) Concurrent Relocate 1.392ms
[2021-02-07T18:38:13.659+0300][568.899s][info][gc,load     ] GC(41) Load: 0.00/0.00/0.00
[2021-02-07T18:38:13.659+0300][568.899s][info][gc,mmu      ] GC(41) MMU: 2ms/76.9%, 5ms/90.7%, 10ms/95.0%, 20ms/97.5%, 50ms/98.9%, 100ms/99.0%
[2021-02-07T18:38:13.659+0300][568.899s][info][gc,marking  ] GC(41) Mark: 1 stripe(s), 2 proactive flush(es), 1 terminate flush(es), 1 completion(s), 0 continuation(s)
[2021-02-07T18:38:13.659+0300][568.899s][info][gc,nmethod  ] GC(41) NMethods: 1916 registered, 10 unregistered
[2021-02-07T18:38:13.659+0300][568.899s][info][gc,metaspace] GC(41) Metaspace: 6M used, 7M capacity, 7M committed, 1032M reserved
[2021-02-07T18:38:13.659+0300][568.899s][info][gc,ref      ] GC(41) Soft: 216 encountered, 95 discovered, 0 enqueued
[2021-02-07T18:38:13.659+0300][568.899s][info][gc,ref      ] GC(41) Weak: 1038 encountered, 640 discovered, 0 enqueued
[2021-02-07T18:38:13.659+0300][568.899s][info][gc,ref      ] GC(41) Final: 0 encountered, 0 discovered, 0 enqueued
[2021-02-07T18:38:13.659+0300][568.899s][info][gc,ref      ] GC(41) Phantom: 7 encountered, 6 discovered, 0 enqueued
[2021-02-07T18:38:13.659+0300][568.899s][info][gc,reloc    ] GC(41) Small Pages: 110 / 220M(94%), Empty: 0M(0%), Compacting: 4M(2%)->2M(1%)
[2021-02-07T18:38:13.659+0300][568.899s][info][gc,reloc    ] GC(41) Medium Pages: 0 / 0M(0%), Empty: 0M(0%), Compacting: 0M(0%)->0M(0%)
[2021-02-07T18:38:13.659+0300][568.899s][info][gc,reloc    ] GC(41) Large Pages: 1 / 14M(6%), Empty: 0M(0%), Compacting: 0M(0%)->0M(0%)
[2021-02-07T18:38:13.659+0300][568.899s][info][gc,reloc    ] GC(41) Relocation: Successful
[2021-02-07T18:38:13.659+0300][568.899s][info][gc,heap     ] GC(41) Min Capacity: 256M(100%)
[2021-02-07T18:38:13.659+0300][568.899s][info][gc,heap     ] GC(41) Max Capacity: 256M(100%)
[2021-02-07T18:38:13.659+0300][568.899s][info][gc,heap     ] GC(41) Soft Max Capacity: 256M(100%)
[2021-02-07T18:38:13.659+0300][568.899s][info][gc,heap     ] GC(41)                Mark Start          Mark End        Relocate Start      Relocate End           High               Low
[2021-02-07T18:38:13.659+0300][568.899s][info][gc,heap     ] GC(41)  Capacity:      256M (100%)        256M (100%)        256M (100%)        256M (100%)        256M (100%)        256M (100%)
[2021-02-07T18:38:13.659+0300][568.899s][info][gc,heap     ] GC(41)   Reserve:       12M (5%)           12M (5%)           12M (5%)           12M (5%)           12M (5%)           12M (5%)
[2021-02-07T18:38:13.659+0300][568.899s][info][gc,heap     ] GC(41)      Free:       10M (4%)            8M (3%)            8M (3%)           10M (4%)           10M (4%)            6M (2%)
[2021-02-07T18:38:13.659+0300][568.899s][info][gc,heap     ] GC(41)      Used:      234M (91%)         236M (92%)         236M (92%)         234M (91%)         238M (93%)         234M (91%)
[2021-02-07T18:38:13.659+0300][568.899s][info][gc,heap     ] GC(41)      Live:         -               226M (88%)         226M (88%)         226M (88%)            -                  -
[2021-02-07T18:38:13.659+0300][568.899s][info][gc,heap     ] GC(41) Allocated:         -                 2M (1%)            2M (1%)            4M (2%)             -                  -
[2021-02-07T18:38:13.659+0300][568.899s][info][gc,heap     ] GC(41)   Garbage:         -                 7M (3%)            7M (3%)            5M (2%)             -                  -
[2021-02-07T18:38:13.659+0300][568.899s][info][gc,heap     ] GC(41) Reclaimed:         -                  -                 0M (0%)            2M (1%)             -                  -
[2021-02-07T18:38:13.660+0300][568.899s][info][gc          ] GC(41) Garbage Collection (High Usage) 234M(91%)->234M(91%)
[2021-02-07T18:38:13.704+0300][568.943s][info][gc,start    ] GC(42) Garbage Collection (High Usage)
[2021-02-07T18:38:13.705+0300][568.944s][info][gc,phases   ] GC(42) Pause Mark Start 0.117ms
[2021-02-07T18:38:14.039+0300][569.278s][info][gc,phases   ] GC(42) Concurrent Mark 333.813ms
[2021-02-07T18:38:14.039+0300][569.279s][info][gc,phases   ] GC(42) Pause Mark End 0.217ms
[2021-02-07T18:38:14.045+0300][569.284s][info][gc,phases   ] GC(42) Concurrent Process Non-Strong References 5.256ms
[2021-02-07T18:38:14.045+0300][569.284s][info][gc,phases   ] GC(42) Concurrent Reset Relocation Set 0.008ms
[2021-02-07T18:38:14.046+0300][569.286s][info][gc,phases   ] GC(42) Concurrent Select Relocation Set 1.452ms
[2021-02-07T18:38:14.047+0300][569.287s][info][gc,phases   ] GC(42) Pause Relocate Start 0.130ms
[2021-02-07T18:38:14.049+0300][569.288s][info][gc,phases   ] GC(42) Concurrent Relocate 1.430ms
[2021-02-07T18:38:14.049+0300][569.288s][info][gc,load     ] GC(42) Load: 0.00/0.00/0.00
[2021-02-07T18:38:14.049+0300][569.288s][info][gc,mmu      ] GC(42) MMU: 2ms/76.9%, 5ms/90.7%, 10ms/95.0%, 20ms/97.5%, 50ms/98.9%, 100ms/99.0%
[2021-02-07T18:38:14.049+0300][569.288s][info][gc,marking  ] GC(42) Mark: 1 stripe(s), 2 proactive flush(es), 1 terminate flush(es), 1 completion(s), 0 continuation(s)
[2021-02-07T18:38:14.049+0300][569.288s][info][gc,nmethod  ] GC(42) NMethods: 1919 registered, 10 unregistered
[2021-02-07T18:38:14.049+0300][569.288s][info][gc,metaspace] GC(42) Metaspace: 6M used, 7M capacity, 7M committed, 1032M reserved
[2021-02-07T18:38:14.049+0300][569.288s][info][gc,ref      ] GC(42) Soft: 216 encountered, 95 discovered, 0 enqueued
[2021-02-07T18:38:14.049+0300][569.288s][info][gc,ref      ] GC(42) Weak: 1038 encountered, 640 discovered, 0 enqueued
[2021-02-07T18:38:14.049+0300][569.288s][info][gc,ref      ] GC(42) Final: 0 encountered, 0 discovered, 0 enqueued
[2021-02-07T18:38:14.049+0300][569.288s][info][gc,ref      ] GC(42) Phantom: 7 encountered, 6 discovered, 0 enqueued
[2021-02-07T18:38:14.049+0300][569.288s][info][gc,reloc    ] GC(42) Small Pages: 110 / 220M(94%), Empty: 0M(0%), Compacting: 4M(2%)->2M(1%)
[2021-02-07T18:38:14.049+0300][569.288s][info][gc,reloc    ] GC(42) Medium Pages: 0 / 0M(0%), Empty: 0M(0%), Compacting: 0M(0%)->0M(0%)
[2021-02-07T18:38:14.049+0300][569.288s][info][gc,reloc    ] GC(42) Large Pages: 1 / 14M(6%), Empty: 0M(0%), Compacting: 0M(0%)->0M(0%)
[2021-02-07T18:38:14.049+0300][569.288s][info][gc,reloc    ] GC(42) Relocation: Successful
[2021-02-07T18:38:14.049+0300][569.288s][info][gc,heap     ] GC(42) Min Capacity: 256M(100%)
[2021-02-07T18:38:14.049+0300][569.288s][info][gc,heap     ] GC(42) Max Capacity: 256M(100%)
[2021-02-07T18:38:14.049+0300][569.288s][info][gc,heap     ] GC(42) Soft Max Capacity: 256M(100%)
[2021-02-07T18:38:14.049+0300][569.288s][info][gc,heap     ] GC(42)                Mark Start          Mark End        Relocate Start      Relocate End           High               Low
[2021-02-07T18:38:14.049+0300][569.288s][info][gc,heap     ] GC(42)  Capacity:      256M (100%)        256M (100%)        256M (100%)        256M (100%)        256M (100%)        256M (100%)
[2021-02-07T18:38:14.049+0300][569.289s][info][gc,heap     ] GC(42)   Reserve:       12M (5%)           12M (5%)           12M (5%)           12M (5%)           12M (5%)           12M (5%)
[2021-02-07T18:38:14.049+0300][569.289s][info][gc,heap     ] GC(42)      Free:       10M (4%)            8M (3%)            8M (3%)           10M (4%)           10M (4%)            6M (2%)
[2021-02-07T18:38:14.049+0300][569.289s][info][gc,heap     ] GC(42)      Used:      234M (91%)         236M (92%)         236M (92%)         234M (91%)         238M (93%)         234M (91%)
[2021-02-07T18:38:14.049+0300][569.289s][info][gc,heap     ] GC(42)      Live:         -               226M (88%)         226M (88%)         226M (88%)            -                  -
[2021-02-07T18:38:14.049+0300][569.289s][info][gc,heap     ] GC(42) Allocated:         -                 2M (1%)            2M (1%)            4M (2%)             -                  -
[2021-02-07T18:38:14.049+0300][569.289s][info][gc,heap     ] GC(42)   Garbage:         -                 7M (3%)            7M (3%)            5M (2%)             -                  -
[2021-02-07T18:38:14.049+0300][569.289s][info][gc,heap     ] GC(42) Reclaimed:         -                  -                 0M (0%)            2M (1%)             -                  -
[2021-02-07T18:38:14.049+0300][569.289s][info][gc          ] GC(42) Garbage Collection (High Usage) 234M(91%)->234M(91%)
[2021-02-07T18:38:14.103+0300][569.342s][info][gc,start    ] GC(43) Garbage Collection (High Usage)
[2021-02-07T18:38:14.103+0300][569.343s][info][gc,phases   ] GC(43) Pause Mark Start 0.141ms
[2021-02-07T18:38:14.437+0300][569.677s][info][gc,phases   ] GC(43) Concurrent Mark 333.984ms
[2021-02-07T18:38:14.437+0300][569.677s][info][gc,phases   ] GC(43) Pause Mark End 0.171ms
[2021-02-07T18:38:14.443+0300][569.683s][info][gc,phases   ] GC(43) Concurrent Process Non-Strong References 5.274ms
[2021-02-07T18:38:14.443+0300][569.683s][info][gc,phases   ] GC(43) Concurrent Reset Relocation Set 0.008ms
[2021-02-07T18:38:14.444+0300][569.684s][info][gc,phases   ] GC(43) Concurrent Select Relocation Set 1.375ms
[2021-02-07T18:38:14.445+0300][569.685s][info][gc,phases   ] GC(43) Pause Relocate Start 0.088ms
[2021-02-07T18:38:14.446+0300][569.686s][info][gc,phases   ] GC(43) Concurrent Relocate 1.326ms
[2021-02-07T18:38:14.446+0300][569.686s][info][gc,load     ] GC(43) Load: 0.00/0.00/0.00
[2021-02-07T18:38:14.446+0300][569.686s][info][gc,mmu      ] GC(43) MMU: 2ms/76.9%, 5ms/90.7%, 10ms/95.0%, 20ms/97.5%, 50ms/98.9%, 100ms/99.0%
[2021-02-07T18:38:14.446+0300][569.686s][info][gc,marking  ] GC(43) Mark: 1 stripe(s), 2 proactive flush(es), 1 terminate flush(es), 1 completion(s), 0 continuation(s)
[2021-02-07T18:38:14.446+0300][569.686s][info][gc,nmethod  ] GC(43) NMethods: 1927 registered, 10 unregistered
[2021-02-07T18:38:14.446+0300][569.686s][info][gc,metaspace] GC(43) Metaspace: 6M used, 7M capacity, 7M committed, 1032M reserved
[2021-02-07T18:38:14.446+0300][569.686s][info][gc,ref      ] GC(43) Soft: 217 encountered, 95 discovered, 0 enqueued
[2021-02-07T18:38:14.446+0300][569.686s][info][gc,ref      ] GC(43) Weak: 1039 encountered, 641 discovered, 0 enqueued
[2021-02-07T18:38:14.446+0300][569.686s][info][gc,ref      ] GC(43) Final: 0 encountered, 0 discovered, 0 enqueued
[2021-02-07T18:38:14.446+0300][569.686s][info][gc,ref      ] GC(43) Phantom: 7 encountered, 6 discovered, 0 enqueued
[2021-02-07T18:38:14.446+0300][569.686s][info][gc,reloc    ] GC(43) Small Pages: 110 / 220M(94%), Empty: 0M(0%), Compacting: 4M(2%)->2M(1%)
[2021-02-07T18:38:14.446+0300][569.686s][info][gc,reloc    ] GC(43) Medium Pages: 0 / 0M(0%), Empty: 0M(0%), Compacting: 0M(0%)->0M(0%)
[2021-02-07T18:38:14.446+0300][569.686s][info][gc,reloc    ] GC(43) Large Pages: 1 / 14M(6%), Empty: 0M(0%), Compacting: 0M(0%)->0M(0%)
[2021-02-07T18:38:14.446+0300][569.686s][info][gc,reloc    ] GC(43) Relocation: Successful
[2021-02-07T18:38:14.446+0300][569.686s][info][gc,heap     ] GC(43) Min Capacity: 256M(100%)
[2021-02-07T18:38:14.446+0300][569.686s][info][gc,heap     ] GC(43) Max Capacity: 256M(100%)
[2021-02-07T18:38:14.446+0300][569.686s][info][gc,heap     ] GC(43) Soft Max Capacity: 256M(100%)
[2021-02-07T18:38:14.446+0300][569.686s][info][gc,heap     ] GC(43)                Mark Start          Mark End        Relocate Start      Relocate End           High               Low
[2021-02-07T18:38:14.446+0300][569.686s][info][gc,heap     ] GC(43)  Capacity:      256M (100%)        256M (100%)        256M (100%)        256M (100%)        256M (100%)        256M (100%)
[2021-02-07T18:38:14.446+0300][569.686s][info][gc,heap     ] GC(43)   Reserve:       12M (5%)           12M (5%)           12M (5%)           12M (5%)           12M (5%)           12M (5%)
[2021-02-07T18:38:14.446+0300][569.686s][info][gc,heap     ] GC(43)      Free:       10M (4%)           10M (4%)           10M (4%)           10M (4%)           10M (4%)            6M (2%)
[2021-02-07T18:38:14.446+0300][569.686s][info][gc,heap     ] GC(43)      Used:      234M (91%)         234M (91%)         234M (91%)         234M (91%)         238M (93%)         234M (91%)
[2021-02-07T18:38:14.446+0300][569.686s][info][gc,heap     ] GC(43)      Live:         -               226M (88%)         226M (88%)         226M (88%)            -                  -
[2021-02-07T18:38:14.446+0300][569.686s][info][gc,heap     ] GC(43) Allocated:         -                 0M (0%)            0M (0%)            4M (2%)             -                  -
[2021-02-07T18:38:14.446+0300][569.686s][info][gc,heap     ] GC(43)   Garbage:         -                 7M (3%)            7M (3%)            7M (3%)             -                  -
[2021-02-07T18:38:14.446+0300][569.686s][info][gc,heap     ] GC(43) Reclaimed:         -                  -                 0M (0%)            0M (0%)             -                  -
[2021-02-07T18:38:14.446+0300][569.686s][info][gc          ] GC(43) Garbage Collection (High Usage) 234M(91%)->234M(91%)
[2021-02-07T18:38:14.503+0300][569.743s][info][gc,start    ] GC(44) Garbage Collection (High Usage)
[2021-02-07T18:38:14.504+0300][569.744s][info][gc,phases   ] GC(44) Pause Mark Start 0.151ms
[2021-02-07T18:38:14.803+0300][570.043s][info][gc,stats    ] === Garbage Collection Statistics =======================================================================================================================
[2021-02-07T18:38:14.803+0300][570.043s][info][gc,stats    ]                                                              Last 10s              Last 10m              Last 10h                Total
[2021-02-07T18:38:14.803+0300][570.043s][info][gc,stats    ]                                                              Avg / Max             Avg / Max             Avg / Max             Avg / Max
[2021-02-07T18:38:14.803+0300][570.043s][info][gc,stats    ]   Collector: Garbage Collection Cycle                    327.755 / 367.968     243.713 / 367.968     243.713 / 367.968     243.713 / 367.968     ms
[2021-02-07T18:38:14.803+0300][570.043s][info][gc,stats    ]  Contention: Mark Segment Reset Contention                     0 / 2                 0 / 2                 0 / 2                 0 / 2           ops/s
[2021-02-07T18:38:14.803+0300][570.043s][info][gc,stats    ]  Contention: Mark SeqNum Reset Contention                      0 / 0                 0 / 0                 0 / 0                 0 / 0           ops/s
[2021-02-07T18:38:14.803+0300][570.043s][info][gc,stats    ]  Contention: Relocation Contention                           284 / 1730              7 / 1730              7 / 1730              7 / 1730        ops/s
[2021-02-07T18:38:14.803+0300][570.043s][info][gc,stats    ]    Critical: Allocation Stall                            184.958 / 189.366     184.958 / 189.366     184.958 / 189.366     184.958 / 189.366     ms
[2021-02-07T18:38:14.803+0300][570.043s][info][gc,stats    ]    Critical: Allocation Stall                                  0 / 1                 0 / 1                 0 / 1                 0 / 1           ops/s
[2021-02-07T18:38:14.803+0300][570.043s][info][gc,stats    ]    Critical: GC Locker Stall                               0.000 / 0.000         0.000 / 0.000         0.000 / 0.000         0.000 / 0.000       ms
[2021-02-07T18:38:14.803+0300][570.043s][info][gc,stats    ]    Critical: GC Locker Stall                                   0 / 0                 0 / 0                 0 / 0                 0 / 0           ops/s
[2021-02-07T18:38:14.803+0300][570.043s][info][gc,stats    ]      Memory: Allocation Rate                                   6 / 32                1 / 304               1 / 304               1 / 304         MB/s
[2021-02-07T18:38:14.803+0300][570.043s][info][gc,stats    ]      Memory: Heap Used After Mark                            236 / 244             170 / 244             170 / 244             170 / 244         MB
[2021-02-07T18:38:14.803+0300][570.043s][info][gc,stats    ]      Memory: Heap Used After Relocation                      234 / 240             162 / 240             162 / 240             162 / 240         MB
[2021-02-07T18:38:14.803+0300][570.043s][info][gc,stats    ]      Memory: Heap Used Before Mark                           235 / 244             170 / 244             170 / 244             170 / 244         MB
[2021-02-07T18:38:14.803+0300][570.043s][info][gc,stats    ]      Memory: Heap Used Before Relocation                     235 / 238             168 / 240             168 / 240             168 / 240         MB
[2021-02-07T18:38:14.803+0300][570.043s][info][gc,stats    ]      Memory: Out Of Memory                                     0 / 0                 0 / 0                 0 / 0                 0 / 0           ops/s
[2021-02-07T18:38:14.803+0300][570.043s][info][gc,stats    ]      Memory: Page Cache Flush                                  1 / 14                0 / 14                0 / 14                0 / 14          MB/s
[2021-02-07T18:38:14.803+0300][570.043s][info][gc,stats    ]      Memory: Page Cache Hit L1                                 5 / 15                0 / 21                0 / 21                0 / 21          ops/s
[2021-02-07T18:38:14.803+0300][570.043s][info][gc,stats    ]      Memory: Page Cache Hit L2                                 0 / 0                 0 / 0                 0 / 0                 0 / 0           ops/s
[2021-02-07T18:38:14.803+0300][570.043s][info][gc,stats    ]      Memory: Page Cache Hit L3                                 0 / 0                 0 / 16                0 / 16                0 / 16          ops/s
[2021-02-07T18:38:14.803+0300][570.043s][info][gc,stats    ]      Memory: Page Cache Miss                                   0 / 1                 0 / 1                 0 / 1                 0 / 1           ops/s
[2021-02-07T18:38:14.803+0300][570.043s][info][gc,stats    ]      Memory: Uncommit                                          0 / 0                 0 / 0                 0 / 0                 0 / 0           MB/s
[2021-02-07T18:38:14.803+0300][570.043s][info][gc,stats    ]      Memory: Undo Object Allocation Failed                     0 / 0                 0 / 0                 0 / 0                 0 / 0           ops/s
[2021-02-07T18:38:14.803+0300][570.043s][info][gc,stats    ]      Memory: Undo Object Allocation Succeeded                284 / 1730              7 / 1730              7 / 1730              7 / 1730        ops/s
[2021-02-07T18:38:14.803+0300][570.043s][info][gc,stats    ]      Memory: Undo Page Allocation                              0 / 0                 0 / 0                 0 / 0                 0 / 0           ops/s
[2021-02-07T18:38:14.803+0300][570.043s][info][gc,stats    ]       Phase: Concurrent Mark                             315.329 / 343.941     227.631 / 343.941     227.631 / 343.941     227.631 / 343.941     ms
[2021-02-07T18:38:14.803+0300][570.043s][info][gc,stats    ]       Phase: Concurrent Mark Continue                      0.000 / 0.000         0.000 / 0.000         0.000 / 0.000         0.000 / 0.000       ms
[2021-02-07T18:38:14.803+0300][570.043s][info][gc,stats    ]       Phase: Concurrent Process Non-Strong References      3.514 / 5.285         3.025 / 14.693        3.025 / 14.693        3.025 / 14.693      ms
[2021-02-07T18:38:14.803+0300][570.043s][info][gc,stats    ]       Phase: Concurrent Relocate                           2.291 / 8.891         6.881 / 20.674        6.881 / 20.674        6.881 / 20.674      ms
[2021-02-07T18:38:14.803+0300][570.043s][info][gc,stats    ]       Phase: Concurrent Reset Relocation Set               0.086 / 0.584         0.241 / 0.806         0.241 / 0.806         0.241 / 0.806       ms
[2021-02-07T18:38:14.803+0300][570.043s][info][gc,stats    ]       Phase: Concurrent Select Relocation Set              1.659 / 3.001         2.589 / 7.297         2.589 / 7.297         2.589 / 7.297       ms
[2021-02-07T18:38:14.803+0300][570.043s][info][gc,stats    ]       Phase: Pause Mark End                                0.182 / 0.232         0.221 / 0.367         0.221 / 0.367         0.221 / 0.367       ms
[2021-02-07T18:38:14.803+0300][570.043s][info][gc,stats    ]       Phase: Pause Mark Start                              0.122 / 0.151         0.118 / 0.463         0.118 / 0.463         0.118 / 0.463       ms
[2021-02-07T18:38:14.803+0300][570.043s][info][gc,stats    ]       Phase: Pause Relocate Start                          0.113 / 0.143         0.127 / 0.287         0.127 / 0.287         0.127 / 0.287       ms
[2021-02-07T18:38:14.803+0300][570.043s][info][gc,stats    ]    Subphase: Concurrent Classes Purge                      0.139 / 0.157         0.128 / 0.244         0.128 / 0.244         0.128 / 0.244       ms
[2021-02-07T18:38:14.803+0300][570.043s][info][gc,stats    ]    Subphase: Concurrent Classes Unlink                     1.905 / 2.331         1.556 / 3.341         1.556 / 3.341         1.556 / 3.341       ms
[2021-02-07T18:38:14.803+0300][570.043s][info][gc,stats    ]    Subphase: Concurrent Mark                             298.860 / 343.718     224.874 / 343.718     224.874 / 343.718     224.874 / 343.718     ms
[2021-02-07T18:38:14.803+0300][570.043s][info][gc,stats    ]    Subphase: Concurrent Mark Idle                          8.300 / 14.654        8.300 / 14.654        8.300 / 14.654        8.300 / 14.654      ms
[2021-02-07T18:38:14.803+0300][570.043s][info][gc,stats    ]    Subphase: Concurrent Mark Try Flush                     1.461 / 16.284        1.078 / 16.507        1.078 / 16.507        1.078 / 16.507      ms
[2021-02-07T18:38:14.803+0300][570.043s][info][gc,stats    ]    Subphase: Concurrent Mark Try Terminate                 1.055 / 14.657        0.714 / 16.308        0.714 / 16.308        0.714 / 16.308      ms
[2021-02-07T18:38:14.803+0300][570.043s][info][gc,stats    ]    Subphase: Concurrent References Enqueue                 0.001 / 0.005         0.001 / 0.005         0.001 / 0.005         0.001 / 0.005       ms
[2021-02-07T18:38:14.803+0300][570.043s][info][gc,stats    ]    Subphase: Concurrent References Process                 0.123 / 0.143         0.118 / 0.211         0.118 / 0.211         0.118 / 0.211       ms
[2021-02-07T18:38:14.803+0300][570.043s][info][gc,stats    ]    Subphase: Concurrent Roots                              0.072 / 0.092         0.065 / 0.114         0.065 / 0.114         0.065 / 0.114       ms
[2021-02-07T18:38:14.803+0300][570.043s][info][gc,stats    ]    Subphase: Concurrent Roots ClassLoaderDataGraph         0.066 / 0.084         0.060 / 0.107         0.060 / 0.107         0.060 / 0.107       ms
[2021-02-07T18:38:14.803+0300][570.043s][info][gc,stats    ]    Subphase: Concurrent Roots JNIHandles                   0.004 / 0.005         0.003 / 0.005         0.003 / 0.005         0.003 / 0.005       ms
[2021-02-07T18:38:14.803+0300][570.043s][info][gc,stats    ]    Subphase: Concurrent Roots Setup                        0.006 / 0.006         0.005 / 0.010         0.005 / 0.010         0.005 / 0.010       ms
[2021-02-07T18:38:14.803+0300][570.043s][info][gc,stats    ]    Subphase: Concurrent Roots Teardown                     0.000 / 0.000         0.000 / 0.000         0.000 / 0.000         0.000 / 0.000       ms
[2021-02-07T18:38:14.803+0300][570.043s][info][gc,stats    ]    Subphase: Concurrent Roots VMHandles                    0.002 / 0.003         0.002 / 0.003         0.002 / 0.003         0.002 / 0.003       ms
[2021-02-07T18:38:14.803+0300][570.043s][info][gc,stats    ]    Subphase: Concurrent Weak Roots                         0.251 / 0.316         0.220 / 0.414         0.220 / 0.414         0.220 / 0.414       ms
[2021-02-07T18:38:14.803+0300][570.043s][info][gc,stats    ]    Subphase: Concurrent Weak Roots JNIWeakHandles          0.000 / 0.000         0.000 / 0.000         0.000 / 0.000         0.000 / 0.000       ms
[2021-02-07T18:38:14.803+0300][570.043s][info][gc,stats    ]    Subphase: Concurrent Weak Roots ResolvedMethodTable     0.015 / 0.021         0.015 / 0.028         0.015 / 0.028         0.015 / 0.028       ms
[2021-02-07T18:38:14.803+0300][570.043s][info][gc,stats    ]    Subphase: Concurrent Weak Roots StringTable             0.229 / 0.289         0.199 / 0.383         0.199 / 0.383         0.199 / 0.383       ms
[2021-02-07T18:38:14.803+0300][570.043s][info][gc,stats    ]    Subphase: Concurrent Weak Roots VMWeakHandles           0.007 / 0.010         0.006 / 0.010         0.006 / 0.010         0.006 / 0.010       ms
[2021-02-07T18:38:14.803+0300][570.043s][info][gc,stats    ]    Subphase: Pause Mark Try Complete                       0.041 / 0.079         0.060 / 0.189         0.060 / 0.189         0.060 / 0.189       ms
[2021-02-07T18:38:14.803+0300][570.043s][info][gc,stats    ]    Subphase: Pause Roots                                   0.035 / 0.054         0.043 / 0.408         0.043 / 0.408         0.043 / 0.408       ms
[2021-02-07T18:38:14.803+0300][570.043s][info][gc,stats    ]    Subphase: Pause Roots CodeCache                         0.000 / 0.000         0.000 / 0.000         0.000 / 0.000         0.000 / 0.000       ms
[2021-02-07T18:38:14.803+0300][570.043s][info][gc,stats    ]    Subphase: Pause Roots JVMTIExport                       0.000 / 0.000         0.000 / 0.002         0.000 / 0.002         0.000 / 0.002       ms
[2021-02-07T18:38:14.803+0300][570.043s][info][gc,stats    ]    Subphase: Pause Roots JVMTIWeakExport                   0.000 / 0.000         0.000 / 0.001         0.000 / 0.001         0.000 / 0.001       ms
[2021-02-07T18:38:14.803+0300][570.043s][info][gc,stats    ]    Subphase: Pause Roots Java Threads                      0.032 / 0.049         0.039 / 0.404         0.039 / 0.404         0.039 / 0.404       ms
[2021-02-07T18:38:14.803+0300][570.043s][info][gc,stats    ]    Subphase: Pause Roots Management                        0.001 / 0.002         0.004 / 0.033         0.004 / 0.033         0.004 / 0.033       ms
[2021-02-07T18:38:14.803+0300][570.043s][info][gc,stats    ]    Subphase: Pause Roots ObjectSynchronizer                0.000 / 0.000         0.000 / 0.004         0.000 / 0.004         0.000 / 0.004       ms
[2021-02-07T18:38:14.803+0300][570.043s][info][gc,stats    ]    Subphase: Pause Roots Setup                             0.000 / 0.001         0.000 / 0.001         0.000 / 0.001         0.000 / 0.001       ms
[2021-02-07T18:38:14.803+0300][570.043s][info][gc,stats    ]    Subphase: Pause Roots Teardown                          0.001 / 0.002         0.001 / 0.002         0.001 / 0.002         0.001 / 0.002       ms
[2021-02-07T18:38:14.803+0300][570.043s][info][gc,stats    ]    Subphase: Pause Roots Universe                          0.001 / 0.002         0.002 / 0.027         0.002 / 0.027         0.002 / 0.027       ms
[2021-02-07T18:38:14.803+0300][570.044s][info][gc,stats    ]    Subphase: Pause Roots VM Thread                         0.001 / 0.001         0.001 / 0.010         0.001 / 0.010         0.001 / 0.010       ms
[2021-02-07T18:38:14.803+0300][570.044s][info][gc,stats    ]    Subphase: Pause Weak Roots                              0.001 / 0.002         0.001 / 0.014         0.001 / 0.014         0.001 / 0.014       ms
[2021-02-07T18:38:14.803+0300][570.044s][info][gc,stats    ]    Subphase: Pause Weak Roots JFRWeak                      0.000 / 0.001         0.001 / 0.013         0.001 / 0.013         0.001 / 0.013       ms
[2021-02-07T18:38:14.803+0300][570.044s][info][gc,stats    ]    Subphase: Pause Weak Roots JVMTIWeakExport              0.000 / 0.001         0.001 / 0.013         0.001 / 0.013         0.001 / 0.013       ms
[2021-02-07T18:38:14.803+0300][570.044s][info][gc,stats    ]    Subphase: Pause Weak Roots Setup                        0.000 / 0.001         0.000 / 0.001         0.000 / 0.001         0.000 / 0.001       ms
[2021-02-07T18:38:14.803+0300][570.044s][info][gc,stats    ]    Subphase: Pause Weak Roots Teardown                     0.000 / 0.000         0.000 / 0.000         0.000 / 0.000         0.000 / 0.000       ms
[2021-02-07T18:38:14.803+0300][570.044s][info][gc,stats    ]      System: Java Threads                                     16 / 16               14 / 16               14 / 16               14 / 16          threads
[2021-02-07T18:38:14.804+0300][570.044s][info][gc,stats    ] =========================================================================================================================================================
[2021-02-07T18:38:14.849+0300][570.089s][info][gc,phases   ] GC(44) Concurrent Mark 344.948ms
[2021-02-07T18:38:14.850+0300][570.090s][info][gc,phases   ] GC(44) Pause Mark End 0.221ms
[2021-02-07T18:38:14.854+0300][570.094s][info][gc,phases   ] GC(44) Concurrent Process Non-Strong References 3.608ms
[2021-02-07T18:38:14.854+0300][570.094s][info][gc,phases   ] GC(44) Concurrent Reset Relocation Set 0.008ms
[2021-02-07T18:38:14.855+0300][570.095s][info][gc,phases   ] GC(44) Concurrent Select Relocation Set 1.363ms
[2021-02-07T18:38:14.856+0300][570.096s][info][gc,phases   ] GC(44) Pause Relocate Start 0.113ms
[2021-02-07T18:38:14.857+0300][570.098s][info][gc,phases   ] GC(44) Concurrent Relocate 1.387ms
[2021-02-07T18:38:14.858+0300][570.098s][info][gc,load     ] GC(44) Load: 0.00/0.00/0.00
[2021-02-07T18:38:14.858+0300][570.098s][info][gc,mmu      ] GC(44) MMU: 2ms/76.9%, 5ms/90.7%, 10ms/95.0%, 20ms/97.5%, 50ms/98.9%, 100ms/99.0%
[2021-02-07T18:38:14.858+0300][570.098s][info][gc,marking  ] GC(44) Mark: 1 stripe(s), 2 proactive flush(es), 1 terminate flush(es), 1 completion(s), 0 continuation(s)
[2021-02-07T18:38:14.858+0300][570.098s][info][gc,nmethod  ] GC(44) NMethods: 1927 registered, 10 unregistered
[2021-02-07T18:38:14.858+0300][570.098s][info][gc,metaspace] GC(44) Metaspace: 6M used, 7M capacity, 7M committed, 1032M reserved
[2021-02-07T18:38:14.858+0300][570.098s][info][gc,ref      ] GC(44) Soft: 217 encountered, 95 discovered, 0 enqueued
[2021-02-07T18:38:14.858+0300][570.098s][info][gc,ref      ] GC(44) Weak: 1039 encountered, 641 discovered, 0 enqueued
[2021-02-07T18:38:14.858+0300][570.098s][info][gc,ref      ] GC(44) Final: 0 encountered, 0 discovered, 0 enqueued
[2021-02-07T18:38:14.858+0300][570.098s][info][gc,ref      ] GC(44) Phantom: 7 encountered, 6 discovered, 0 enqueued
[2021-02-07T18:38:14.858+0300][570.098s][info][gc,reloc    ] GC(44) Small Pages: 110 / 220M(94%), Empty: 0M(0%), Compacting: 4M(2%)->2M(1%)
[2021-02-07T18:38:14.858+0300][570.098s][info][gc,reloc    ] GC(44) Medium Pages: 0 / 0M(0%), Empty: 0M(0%), Compacting: 0M(0%)->0M(0%)
[2021-02-07T18:38:14.858+0300][570.098s][info][gc,reloc    ] GC(44) Large Pages: 1 / 14M(6%), Empty: 0M(0%), Compacting: 0M(0%)->0M(0%)
[2021-02-07T18:38:14.858+0300][570.098s][info][gc,reloc    ] GC(44) Relocation: Successful
[2021-02-07T18:38:14.858+0300][570.098s][info][gc,heap     ] GC(44) Min Capacity: 256M(100%)
[2021-02-07T18:38:14.858+0300][570.098s][info][gc,heap     ] GC(44) Max Capacity: 256M(100%)
[2021-02-07T18:38:14.858+0300][570.098s][info][gc,heap     ] GC(44) Soft Max Capacity: 256M(100%)
[2021-02-07T18:38:14.858+0300][570.098s][info][gc,heap     ] GC(44)                Mark Start          Mark End        Relocate Start      Relocate End           High               Low
[2021-02-07T18:38:14.858+0300][570.098s][info][gc,heap     ] GC(44)  Capacity:      256M (100%)        256M (100%)        256M (100%)        256M (100%)        256M (100%)        256M (100%)
[2021-02-07T18:38:14.858+0300][570.098s][info][gc,heap     ] GC(44)   Reserve:       12M (5%)           12M (5%)           12M (5%)           12M (5%)           12M (5%)           12M (5%)
[2021-02-07T18:38:14.858+0300][570.098s][info][gc,heap     ] GC(44)      Free:       10M (4%)            8M (3%)            8M (3%)           10M (4%)           10M (4%)            6M (2%)
[2021-02-07T18:38:14.858+0300][570.098s][info][gc,heap     ] GC(44)      Used:      234M (91%)         236M (92%)         236M (92%)         234M (91%)         238M (93%)         234M (91%)
[2021-02-07T18:38:14.858+0300][570.098s][info][gc,heap     ] GC(44)      Live:         -               226M (88%)         226M (88%)         226M (88%)            -                  -
[2021-02-07T18:38:14.858+0300][570.098s][info][gc,heap     ] GC(44) Allocated:         -                 2M (1%)            2M (1%)            4M (2%)             -                  -
[2021-02-07T18:38:14.858+0300][570.098s][info][gc,heap     ] GC(44)   Garbage:         -                 7M (3%)            7M (3%)            5M (2%)             -                  -
[2021-02-07T18:38:14.858+0300][570.098s][info][gc,heap     ] GC(44) Reclaimed:         -                  -                 0M (0%)            2M (1%)             -                  -
[2021-02-07T18:38:14.858+0300][570.098s][info][gc          ] GC(44) Garbage Collection (High Usage) 234M(91%)->234M(91%)
[2021-02-07T18:38:14.913+0300][570.153s][info][gc,start    ] GC(45) Garbage Collection (High Usage)
[2021-02-07T18:38:14.914+0300][570.154s][info][gc,phases   ] GC(45) Pause Mark Start 0.110ms
[2021-02-07T18:38:15.248+0300][570.488s][info][gc,phases   ] GC(45) Concurrent Mark 334.013ms
[2021-02-07T18:38:15.249+0300][570.489s][info][gc,phases   ] GC(45) Pause Mark End 0.216ms
[2021-02-07T18:38:15.253+0300][570.493s][info][gc,phases   ] GC(45) Concurrent Process Non-Strong References 3.556ms
[2021-02-07T18:38:15.253+0300][570.493s][info][gc,phases   ] GC(45) Concurrent Reset Relocation Set 0.008ms
[2021-02-07T18:38:15.254+0300][570.494s][info][gc,phases   ] GC(45) Concurrent Select Relocation Set 1.363ms
[2021-02-07T18:38:15.255+0300][570.495s][info][gc,phases   ] GC(45) Pause Relocate Start 0.115ms
[2021-02-07T18:38:15.256+0300][570.497s][info][gc,phases   ] GC(45) Concurrent Relocate 1.324ms
[2021-02-07T18:38:15.257+0300][570.497s][info][gc,load     ] GC(45) Load: 0.00/0.00/0.00
[2021-02-07T18:38:15.257+0300][570.497s][info][gc,mmu      ] GC(45) MMU: 2ms/76.9%, 5ms/90.7%, 10ms/95.0%, 20ms/97.5%, 50ms/98.9%, 100ms/99.0%
[2021-02-07T18:38:15.257+0300][570.497s][info][gc,marking  ] GC(45) Mark: 1 stripe(s), 2 proactive flush(es), 1 terminate flush(es), 1 completion(s), 0 continuation(s)
[2021-02-07T18:38:15.257+0300][570.497s][info][gc,nmethod  ] GC(45) NMethods: 1928 registered, 10 unregistered
[2021-02-07T18:38:15.257+0300][570.497s][info][gc,metaspace] GC(45) Metaspace: 6M used, 7M capacity, 7M committed, 1032M reserved
[2021-02-07T18:38:15.257+0300][570.497s][info][gc,ref      ] GC(45) Soft: 217 encountered, 95 discovered, 0 enqueued
[2021-02-07T18:38:15.257+0300][570.497s][info][gc,ref      ] GC(45) Weak: 1039 encountered, 641 discovered, 0 enqueued
[2021-02-07T18:38:15.257+0300][570.497s][info][gc,ref      ] GC(45) Final: 0 encountered, 0 discovered, 0 enqueued
[2021-02-07T18:38:15.257+0300][570.497s][info][gc,ref      ] GC(45) Phantom: 7 encountered, 6 discovered, 0 enqueued
[2021-02-07T18:38:15.257+0300][570.497s][info][gc,reloc    ] GC(45) Small Pages: 110 / 220M(94%), Empty: 0M(0%), Compacting: 4M(2%)->2M(1%)
[2021-02-07T18:38:15.257+0300][570.497s][info][gc,reloc    ] GC(45) Medium Pages: 0 / 0M(0%), Empty: 0M(0%), Compacting: 0M(0%)->0M(0%)
[2021-02-07T18:38:15.257+0300][570.497s][info][gc,reloc    ] GC(45) Large Pages: 1 / 14M(6%), Empty: 0M(0%), Compacting: 0M(0%)->0M(0%)
[2021-02-07T18:38:15.257+0300][570.497s][info][gc,reloc    ] GC(45) Relocation: Successful
[2021-02-07T18:38:15.257+0300][570.497s][info][gc,heap     ] GC(45) Min Capacity: 256M(100%)
[2021-02-07T18:38:15.257+0300][570.497s][info][gc,heap     ] GC(45) Max Capacity: 256M(100%)
[2021-02-07T18:38:15.257+0300][570.497s][info][gc,heap     ] GC(45) Soft Max Capacity: 256M(100%)
[2021-02-07T18:38:15.257+0300][570.497s][info][gc,heap     ] GC(45)                Mark Start          Mark End        Relocate Start      Relocate End           High               Low
[2021-02-07T18:38:15.257+0300][570.497s][info][gc,heap     ] GC(45)  Capacity:      256M (100%)        256M (100%)        256M (100%)        256M (100%)        256M (100%)        256M (100%)
[2021-02-07T18:38:15.257+0300][570.497s][info][gc,heap     ] GC(45)   Reserve:       12M (5%)           12M (5%)           12M (5%)           12M (5%)           12M (5%)           12M (5%)
[2021-02-07T18:38:15.257+0300][570.497s][info][gc,heap     ] GC(45)      Free:       10M (4%)            8M (3%)            8M (3%)           10M (4%)           10M (4%)            6M (2%)
[2021-02-07T18:38:15.257+0300][570.497s][info][gc,heap     ] GC(45)      Used:      234M (91%)         236M (92%)         236M (92%)         234M (91%)         238M (93%)         234M (91%)
[2021-02-07T18:38:15.257+0300][570.497s][info][gc,heap     ] GC(45)      Live:         -               226M (88%)         226M (88%)         226M (88%)            -                  -
[2021-02-07T18:38:15.257+0300][570.497s][info][gc,heap     ] GC(45) Allocated:         -                 2M (1%)            2M (1%)            4M (2%)             -                  -
[2021-02-07T18:38:15.257+0300][570.497s][info][gc,heap     ] GC(45)   Garbage:         -                 7M (3%)            7M (3%)            5M (2%)             -                  -
[2021-02-07T18:38:15.257+0300][570.497s][info][gc,heap     ] GC(45) Reclaimed:         -                  -                 0M (0%)            2M (1%)             -                  -
[2021-02-07T18:38:15.257+0300][570.497s][info][gc          ] GC(45) Garbage Collection (High Usage) 234M(91%)->234M(91%)
[2021-02-07T18:38:15.303+0300][570.543s][info][gc,start    ] GC(46) Garbage Collection (High Usage)
[2021-02-07T18:38:15.304+0300][570.544s][info][gc,phases   ] GC(46) Pause Mark Start 0.129ms
[2021-02-07T18:38:15.649+0300][570.889s][info][gc,phases   ] GC(46) Concurrent Mark 344.816ms
[2021-02-07T18:38:15.650+0300][570.890s][info][gc,phases   ] GC(46) Pause Mark End 0.215ms
[2021-02-07T18:38:15.654+0300][570.894s][info][gc,phases   ] GC(46) Concurrent Process Non-Strong References 3.458ms
[2021-02-07T18:38:15.654+0300][570.894s][info][gc,phases   ] GC(46) Concurrent Reset Relocation Set 0.008ms
[2021-02-07T18:38:15.655+0300][570.895s][info][gc,phases   ] GC(46) Concurrent Select Relocation Set 1.347ms
[2021-02-07T18:38:15.656+0300][570.896s][info][gc,phases   ] GC(46) Pause Relocate Start 0.129ms
[2021-02-07T18:38:15.657+0300][570.898s][info][gc,phases   ] GC(46) Concurrent Relocate 1.374ms
[2021-02-07T18:38:15.658+0300][570.898s][info][gc,load     ] GC(46) Load: 0.00/0.00/0.00
[2021-02-07T18:38:15.658+0300][570.898s][info][gc,mmu      ] GC(46) MMU: 2ms/76.9%, 5ms/90.7%, 10ms/95.0%, 20ms/97.5%, 50ms/98.9%, 100ms/99.0%
[2021-02-07T18:38:15.658+0300][570.898s][info][gc,marking  ] GC(46) Mark: 1 stripe(s), 2 proactive flush(es), 1 terminate flush(es), 1 completion(s), 0 continuation(s)
[2021-02-07T18:38:15.658+0300][570.898s][info][gc,nmethod  ] GC(46) NMethods: 1928 registered, 10 unregistered
[2021-02-07T18:38:15.658+0300][570.898s][info][gc,metaspace] GC(46) Metaspace: 6M used, 7M capacity, 7M committed, 1032M reserved
[2021-02-07T18:38:15.658+0300][570.898s][info][gc,ref      ] GC(46) Soft: 217 encountered, 95 discovered, 0 enqueued
[2021-02-07T18:38:15.658+0300][570.898s][info][gc,ref      ] GC(46) Weak: 1039 encountered, 641 discovered, 0 enqueued
[2021-02-07T18:38:15.658+0300][570.898s][info][gc,ref      ] GC(46) Final: 0 encountered, 0 discovered, 0 enqueued
[2021-02-07T18:38:15.658+0300][570.898s][info][gc,ref      ] GC(46) Phantom: 7 encountered, 6 discovered, 0 enqueued
[2021-02-07T18:38:15.658+0300][570.898s][info][gc,reloc    ] GC(46) Small Pages: 110 / 220M(94%), Empty: 0M(0%), Compacting: 4M(2%)->2M(1%)
[2021-02-07T18:38:15.658+0300][570.898s][info][gc,reloc    ] GC(46) Medium Pages: 0 / 0M(0%), Empty: 0M(0%), Compacting: 0M(0%)->0M(0%)
[2021-02-07T18:38:15.658+0300][570.898s][info][gc,reloc    ] GC(46) Large Pages: 1 / 14M(6%), Empty: 0M(0%), Compacting: 0M(0%)->0M(0%)
[2021-02-07T18:38:15.658+0300][570.898s][info][gc,reloc    ] GC(46) Relocation: Successful
[2021-02-07T18:38:15.658+0300][570.898s][info][gc,heap     ] GC(46) Min Capacity: 256M(100%)
[2021-02-07T18:38:15.658+0300][570.898s][info][gc,heap     ] GC(46) Max Capacity: 256M(100%)
[2021-02-07T18:38:15.658+0300][570.898s][info][gc,heap     ] GC(46) Soft Max Capacity: 256M(100%)
[2021-02-07T18:38:15.658+0300][570.898s][info][gc,heap     ] GC(46)                Mark Start          Mark End        Relocate Start      Relocate End           High               Low
[2021-02-07T18:38:15.658+0300][570.898s][info][gc,heap     ] GC(46)  Capacity:      256M (100%)        256M (100%)        256M (100%)        256M (100%)        256M (100%)        256M (100%)
[2021-02-07T18:38:15.658+0300][570.898s][info][gc,heap     ] GC(46)   Reserve:       12M (5%)           12M (5%)           12M (5%)           12M (5%)           12M (5%)           12M (5%)
[2021-02-07T18:38:15.658+0300][570.898s][info][gc,heap     ] GC(46)      Free:       10M (4%)            8M (3%)            8M (3%)           10M (4%)           10M (4%)            6M (2%)
[2021-02-07T18:38:15.658+0300][570.898s][info][gc,heap     ] GC(46)      Used:      234M (91%)         236M (92%)         236M (92%)         234M (91%)         238M (93%)         234M (91%)
[2021-02-07T18:38:15.658+0300][570.898s][info][gc,heap     ] GC(46)      Live:         -               226M (88%)         226M (88%)         226M (88%)            -                  -
[2021-02-07T18:38:15.658+0300][570.898s][info][gc,heap     ] GC(46) Allocated:         -                 2M (1%)            2M (1%)            4M (2%)             -                  -
[2021-02-07T18:38:15.658+0300][570.898s][info][gc,heap     ] GC(46)   Garbage:         -                 7M (3%)            7M (3%)            5M (2%)             -                  -
[2021-02-07T18:38:15.658+0300][570.898s][info][gc,heap     ] GC(46) Reclaimed:         -                  -                 0M (0%)            2M (1%)             -                  -
[2021-02-07T18:38:15.658+0300][570.898s][info][gc          ] GC(46) Garbage Collection (High Usage) 234M(91%)->234M(91%)
[2021-02-07T18:38:15.713+0300][570.953s][info][gc,start    ] GC(47) Garbage Collection (High Usage)
[2021-02-07T18:38:15.714+0300][570.954s][info][gc,phases   ] GC(47) Pause Mark Start 0.112ms
[2021-02-07T18:38:16.046+0300][571.286s][info][gc,phases   ] GC(47) Concurrent Mark 331.848ms
[2021-02-07T18:38:16.047+0300][571.287s][info][gc,phases   ] GC(47) Pause Mark End 0.172ms
[2021-02-07T18:38:16.050+0300][571.290s][info][gc,phases   ] GC(47) Concurrent Process Non-Strong References 2.587ms
[2021-02-07T18:38:16.050+0300][571.290s][info][gc,phases   ] GC(47) Concurrent Reset Relocation Set 0.008ms
[2021-02-07T18:38:16.051+0300][571.291s][info][gc,phases   ] GC(47) Concurrent Select Relocation Set 1.416ms
[2021-02-07T18:38:16.052+0300][571.292s][info][gc,phases   ] GC(47) Pause Relocate Start 0.105ms
[2021-02-07T18:38:16.054+0300][571.294s][info][gc,phases   ] GC(47) Concurrent Relocate 1.364ms
[2021-02-07T18:38:16.054+0300][571.294s][info][gc,load     ] GC(47) Load: 0.00/0.00/0.00
[2021-02-07T18:38:16.054+0300][571.294s][info][gc,mmu      ] GC(47) MMU: 2ms/76.9%, 5ms/90.7%, 10ms/95.0%, 20ms/97.5%, 50ms/98.9%, 100ms/99.0%
[2021-02-07T18:38:16.054+0300][571.294s][info][gc,marking  ] GC(47) Mark: 1 stripe(s), 2 proactive flush(es), 1 terminate flush(es), 1 completion(s), 0 continuation(s)
[2021-02-07T18:38:16.054+0300][571.294s][info][gc,nmethod  ] GC(47) NMethods: 1929 registered, 10 unregistered
[2021-02-07T18:38:16.054+0300][571.294s][info][gc,metaspace] GC(47) Metaspace: 6M used, 7M capacity, 7M committed, 1032M reserved
[2021-02-07T18:38:16.054+0300][571.294s][info][gc,ref      ] GC(47) Soft: 217 encountered, 95 discovered, 0 enqueued
[2021-02-07T18:38:16.054+0300][571.294s][info][gc,ref      ] GC(47) Weak: 1039 encountered, 641 discovered, 0 enqueued
[2021-02-07T18:38:16.054+0300][571.294s][info][gc,ref      ] GC(47) Final: 0 encountered, 0 discovered, 0 enqueued
[2021-02-07T18:38:16.054+0300][571.294s][info][gc,ref      ] GC(47) Phantom: 7 encountered, 6 discovered, 0 enqueued
[2021-02-07T18:38:16.054+0300][571.294s][info][gc,reloc    ] GC(47) Small Pages: 110 / 220M(94%), Empty: 0M(0%), Compacting: 4M(2%)->2M(1%)
[2021-02-07T18:38:16.054+0300][571.294s][info][gc,reloc    ] GC(47) Medium Pages: 0 / 0M(0%), Empty: 0M(0%), Compacting: 0M(0%)->0M(0%)
[2021-02-07T18:38:16.054+0300][571.294s][info][gc,reloc    ] GC(47) Large Pages: 1 / 14M(6%), Empty: 0M(0%), Compacting: 0M(0%)->0M(0%)
[2021-02-07T18:38:16.054+0300][571.294s][info][gc,reloc    ] GC(47) Relocation: Successful
[2021-02-07T18:38:16.054+0300][571.294s][info][gc,heap     ] GC(47) Min Capacity: 256M(100%)
[2021-02-07T18:38:16.054+0300][571.294s][info][gc,heap     ] GC(47) Max Capacity: 256M(100%)
[2021-02-07T18:38:16.054+0300][571.294s][info][gc,heap     ] GC(47) Soft Max Capacity: 256M(100%)
[2021-02-07T18:38:16.054+0300][571.294s][info][gc,heap     ] GC(47)                Mark Start          Mark End        Relocate Start      Relocate End           High               Low
[2021-02-07T18:38:16.054+0300][571.294s][info][gc,heap     ] GC(47)  Capacity:      256M (100%)        256M (100%)        256M (100%)        256M (100%)        256M (100%)        256M (100%)
[2021-02-07T18:38:16.054+0300][571.294s][info][gc,heap     ] GC(47)   Reserve:       12M (5%)           12M (5%)           12M (5%)           12M (5%)           12M (5%)           12M (5%)
[2021-02-07T18:38:16.054+0300][571.294s][info][gc,heap     ] GC(47)      Free:       10M (4%)            8M (3%)            8M (3%)           10M (4%)           10M (4%)            6M (2%)
[2021-02-07T18:38:16.054+0300][571.294s][info][gc,heap     ] GC(47)      Used:      234M (91%)         236M (92%)         236M (92%)         234M (91%)         238M (93%)         234M (91%)
[2021-02-07T18:38:16.054+0300][571.294s][info][gc,heap     ] GC(47)      Live:         -               226M (88%)         226M (88%)         226M (88%)            -                  -
[2021-02-07T18:38:16.054+0300][571.294s][info][gc,heap     ] GC(47) Allocated:         -                 2M (1%)            2M (1%)            4M (2%)             -                  -
[2021-02-07T18:38:16.054+0300][571.294s][info][gc,heap     ] GC(47)   Garbage:         -                 7M (3%)            7M (3%)            5M (2%)             -                  -
[2021-02-07T18:38:16.054+0300][571.294s][info][gc,heap     ] GC(47) Reclaimed:         -                  -                 0M (0%)            2M (1%)             -                  -
[2021-02-07T18:38:16.054+0300][571.294s][info][gc          ] GC(47) Garbage Collection (High Usage) 234M(91%)->234M(91%)
[2021-02-07T18:38:16.104+0300][571.344s][info][gc,start    ] GC(48) Garbage Collection (High Usage)
[2021-02-07T18:38:16.104+0300][571.344s][info][gc,phases   ] GC(48) Pause Mark Start 0.103ms
[2021-02-07T18:38:16.438+0300][571.678s][info][gc,phases   ] GC(48) Concurrent Mark 333.871ms
[2021-02-07T18:38:16.439+0300][571.680s][info][gc,phases   ] GC(48) Pause Mark End 0.184ms
[2021-02-07T18:38:16.443+0300][571.683s][info][gc,phases   ] GC(48) Concurrent Process Non-Strong References 3.590ms
[2021-02-07T18:38:16.443+0300][571.683s][info][gc,phases   ] GC(48) Concurrent Reset Relocation Set 0.008ms
[2021-02-07T18:38:16.445+0300][571.685s][info][gc,phases   ] GC(48) Concurrent Select Relocation Set 1.514ms
[2021-02-07T18:38:16.446+0300][571.686s][info][gc,phases   ] GC(48) Pause Relocate Start 0.126ms
[2021-02-07T18:38:16.447+0300][571.688s][info][gc,phases   ] GC(48) Concurrent Relocate 1.431ms
[2021-02-07T18:38:16.447+0300][571.688s][info][gc,load     ] GC(48) Load: 0.00/0.00/0.00
[2021-02-07T18:38:16.447+0300][571.688s][info][gc,mmu      ] GC(48) MMU: 2ms/76.9%, 5ms/90.7%, 10ms/95.0%, 20ms/97.5%, 50ms/98.9%, 100ms/99.0%
[2021-02-07T18:38:16.448+0300][571.688s][info][gc,marking  ] GC(48) Mark: 1 stripe(s), 2 proactive flush(es), 1 terminate flush(es), 1 completion(s), 0 continuation(s)
[2021-02-07T18:38:16.448+0300][571.688s][info][gc,nmethod  ] GC(48) NMethods: 1931 registered, 10 unregistered
[2021-02-07T18:38:16.448+0300][571.688s][info][gc,metaspace] GC(48) Metaspace: 6M used, 7M capacity, 7M committed, 1032M reserved
[2021-02-07T18:38:16.448+0300][571.688s][info][gc,ref      ] GC(48) Soft: 217 encountered, 95 discovered, 0 enqueued
[2021-02-07T18:38:16.448+0300][571.688s][info][gc,ref      ] GC(48) Weak: 1039 encountered, 641 discovered, 0 enqueued
[2021-02-07T18:38:16.448+0300][571.688s][info][gc,ref      ] GC(48) Final: 0 encountered, 0 discovered, 0 enqueued
[2021-02-07T18:38:16.448+0300][571.688s][info][gc,ref      ] GC(48) Phantom: 7 encountered, 6 discovered, 0 enqueued
[2021-02-07T18:38:16.448+0300][571.688s][info][gc,reloc    ] GC(48) Small Pages: 110 / 220M(94%), Empty: 0M(0%), Compacting: 4M(2%)->2M(1%)
[2021-02-07T18:38:16.448+0300][571.688s][info][gc,reloc    ] GC(48) Medium Pages: 0 / 0M(0%), Empty: 0M(0%), Compacting: 0M(0%)->0M(0%)
[2021-02-07T18:38:16.448+0300][571.688s][info][gc,reloc    ] GC(48) Large Pages: 1 / 14M(6%), Empty: 0M(0%), Compacting: 0M(0%)->0M(0%)
[2021-02-07T18:38:16.448+0300][571.688s][info][gc,reloc    ] GC(48) Relocation: Successful
[2021-02-07T18:38:16.448+0300][571.688s][info][gc,heap     ] GC(48) Min Capacity: 256M(100%)
[2021-02-07T18:38:16.448+0300][571.688s][info][gc,heap     ] GC(48) Max Capacity: 256M(100%)
[2021-02-07T18:38:16.448+0300][571.688s][info][gc,heap     ] GC(48) Soft Max Capacity: 256M(100%)
[2021-02-07T18:38:16.448+0300][571.688s][info][gc,heap     ] GC(48)                Mark Start          Mark End        Relocate Start      Relocate End           High               Low
[2021-02-07T18:38:16.448+0300][571.688s][info][gc,heap     ] GC(48)  Capacity:      256M (100%)        256M (100%)        256M (100%)        256M (100%)        256M (100%)        256M (100%)
[2021-02-07T18:38:16.448+0300][571.688s][info][gc,heap     ] GC(48)   Reserve:       12M (5%)           12M (5%)           12M (5%)           12M (5%)           12M (5%)           12M (5%)
[2021-02-07T18:38:16.448+0300][571.688s][info][gc,heap     ] GC(48)      Free:       10M (4%)           10M (4%)           10M (4%)           10M (4%)           10M (4%)            6M (2%)
[2021-02-07T18:38:16.448+0300][571.688s][info][gc,heap     ] GC(48)      Used:      234M (91%)         234M (91%)         234M (91%)         234M (91%)         238M (93%)         234M (91%)
[2021-02-07T18:38:16.448+0300][571.688s][info][gc,heap     ] GC(48)      Live:         -               226M (88%)         226M (88%)         226M (88%)            -                  -
[2021-02-07T18:38:16.448+0300][571.688s][info][gc,heap     ] GC(48) Allocated:         -                 0M (0%)            0M (0%)            4M (2%)             -                  -
[2021-02-07T18:38:16.448+0300][571.688s][info][gc,heap     ] GC(48)   Garbage:         -                 7M (3%)            7M (3%)            7M (3%)             -                  -
[2021-02-07T18:38:16.448+0300][571.688s][info][gc,heap     ] GC(48) Reclaimed:         -                  -                 0M (0%)            0M (0%)             -                  -
[2021-02-07T18:38:16.448+0300][571.688s][info][gc          ] GC(48) Garbage Collection (High Usage) 234M(91%)->234M(91%)
[2021-02-07T18:38:16.503+0300][571.743s][info][gc,start    ] GC(49) Garbage Collection (High Usage)
[2021-02-07T18:38:16.504+0300][571.744s][info][gc,phases   ] GC(49) Pause Mark Start 0.073ms
[2021-02-07T18:38:16.835+0300][572.075s][info][gc,phases   ] GC(49) Concurrent Mark 331.084ms
[2021-02-07T18:38:16.836+0300][572.076s][info][gc,phases   ] GC(49) Pause Mark End 0.214ms
[2021-02-07T18:38:16.840+0300][572.080s][info][gc,phases   ] GC(49) Concurrent Process Non-Strong References 3.592ms
[2021-02-07T18:38:16.840+0300][572.080s][info][gc,phases   ] GC(49) Concurrent Reset Relocation Set 0.008ms
[2021-02-07T18:38:16.841+0300][572.082s][info][gc,phases   ] GC(49) Concurrent Select Relocation Set 1.458ms
[2021-02-07T18:38:16.842+0300][572.083s][info][gc,phases   ] GC(49) Pause Relocate Start 0.126ms
[2021-02-07T18:38:16.844+0300][572.084s][info][gc,phases   ] GC(49) Concurrent Relocate 1.339ms
[2021-02-07T18:38:16.844+0300][572.084s][info][gc,load     ] GC(49) Load: 0.00/0.00/0.00
[2021-02-07T18:38:16.844+0300][572.084s][info][gc,mmu      ] GC(49) MMU: 2ms/76.9%, 5ms/90.7%, 10ms/95.0%, 20ms/97.5%, 50ms/98.9%, 100ms/99.0%
[2021-02-07T18:38:16.844+0300][572.084s][info][gc,marking  ] GC(49) Mark: 1 stripe(s), 2 proactive flush(es), 1 terminate flush(es), 1 completion(s), 0 continuation(s)
[2021-02-07T18:38:16.844+0300][572.084s][info][gc,nmethod  ] GC(49) NMethods: 1931 registered, 10 unregistered
[2021-02-07T18:38:16.844+0300][572.084s][info][gc,metaspace] GC(49) Metaspace: 6M used, 7M capacity, 7M committed, 1032M reserved
[2021-02-07T18:38:16.844+0300][572.084s][info][gc,ref      ] GC(49) Soft: 217 encountered, 95 discovered, 0 enqueued
[2021-02-07T18:38:16.844+0300][572.084s][info][gc,ref      ] GC(49) Weak: 1039 encountered, 641 discovered, 0 enqueued
[2021-02-07T18:38:16.844+0300][572.084s][info][gc,ref      ] GC(49) Final: 0 encountered, 0 discovered, 0 enqueued
[2021-02-07T18:38:16.844+0300][572.084s][info][gc,ref      ] GC(49) Phantom: 7 encountered, 6 discovered, 0 enqueued
[2021-02-07T18:38:16.844+0300][572.084s][info][gc,reloc    ] GC(49) Small Pages: 110 / 220M(94%), Empty: 0M(0%), Compacting: 4M(2%)->2M(1%)
[2021-02-07T18:38:16.844+0300][572.084s][info][gc,reloc    ] GC(49) Medium Pages: 0 / 0M(0%), Empty: 0M(0%), Compacting: 0M(0%)->0M(0%)
[2021-02-07T18:38:16.844+0300][572.084s][info][gc,reloc    ] GC(49) Large Pages: 1 / 14M(6%), Empty: 0M(0%), Compacting: 0M(0%)->0M(0%)
[2021-02-07T18:38:16.844+0300][572.084s][info][gc,reloc    ] GC(49) Relocation: Successful
[2021-02-07T18:38:16.844+0300][572.084s][info][gc,heap     ] GC(49) Min Capacity: 256M(100%)
[2021-02-07T18:38:16.844+0300][572.084s][info][gc,heap     ] GC(49) Max Capacity: 256M(100%)
[2021-02-07T18:38:16.844+0300][572.084s][info][gc,heap     ] GC(49) Soft Max Capacity: 256M(100%)
[2021-02-07T18:38:16.844+0300][572.084s][info][gc,heap     ] GC(49)                Mark Start          Mark End        Relocate Start      Relocate End           High               Low
[2021-02-07T18:38:16.844+0300][572.084s][info][gc,heap     ] GC(49)  Capacity:      256M (100%)        256M (100%)        256M (100%)        256M (100%)        256M (100%)        256M (100%)
[2021-02-07T18:38:16.844+0300][572.084s][info][gc,heap     ] GC(49)   Reserve:       12M (5%)           12M (5%)           12M (5%)           12M (5%)           12M (5%)           12M (5%)
[2021-02-07T18:38:16.844+0300][572.084s][info][gc,heap     ] GC(49)      Free:       10M (4%)            8M (3%)            8M (3%)           10M (4%)           10M (4%)            6M (2%)
[2021-02-07T18:38:16.844+0300][572.084s][info][gc,heap     ] GC(49)      Used:      234M (91%)         236M (92%)         236M (92%)         234M (91%)         238M (93%)         234M (91%)
[2021-02-07T18:38:16.844+0300][572.084s][info][gc,heap     ] GC(49)      Live:         -               226M (88%)         226M (88%)         226M (88%)            -                  -
[2021-02-07T18:38:16.844+0300][572.084s][info][gc,heap     ] GC(49) Allocated:         -                 2M (1%)            2M (1%)            4M (2%)             -                  -
[2021-02-07T18:38:16.844+0300][572.084s][info][gc,heap     ] GC(49)   Garbage:         -                 7M (3%)            7M (3%)            5M (2%)             -                  -
[2021-02-07T18:38:16.844+0300][572.084s][info][gc,heap     ] GC(49) Reclaimed:         -                  -                 0M (0%)            2M (1%)             -                  -
[2021-02-07T18:38:16.844+0300][572.084s][info][gc          ] GC(49) Garbage Collection (High Usage) 234M(91%)->234M(91%)
[2021-02-07T18:38:16.903+0300][572.143s][info][gc,start    ] GC(50) Garbage Collection (High Usage)
[2021-02-07T18:38:16.904+0300][572.143s][info][gc,phases   ] GC(50) Pause Mark Start 0.127ms
[2021-02-07T18:38:17.239+0300][572.479s][info][gc,phases   ] GC(50) Concurrent Mark 335.328ms
[2021-02-07T18:38:17.240+0300][572.480s][info][gc,phases   ] GC(50) Pause Mark End 0.148ms
[2021-02-07T18:38:17.243+0300][572.483s][info][gc,phases   ] GC(50) Concurrent Process Non-Strong References 2.852ms
[2021-02-07T18:38:17.243+0300][572.483s][info][gc,phases   ] GC(50) Concurrent Reset Relocation Set 0.009ms
[2021-02-07T18:38:17.244+0300][572.484s][info][gc,phases   ] GC(50) Concurrent Select Relocation Set 1.517ms
[2021-02-07T18:38:17.245+0300][572.485s][info][gc,phases   ] GC(50) Pause Relocate Start 0.106ms
[2021-02-07T18:38:17.247+0300][572.487s][info][gc,phases   ] GC(50) Concurrent Relocate 1.506ms
[2021-02-07T18:38:17.247+0300][572.487s][info][gc,load     ] GC(50) Load: 0.00/0.00/0.00
[2021-02-07T18:38:17.247+0300][572.487s][info][gc,mmu      ] GC(50) MMU: 2ms/76.9%, 5ms/90.7%, 10ms/95.0%, 20ms/97.5%, 50ms/98.9%, 100ms/99.0%
[2021-02-07T18:38:17.247+0300][572.487s][info][gc,marking  ] GC(50) Mark: 1 stripe(s), 2 proactive flush(es), 1 terminate flush(es), 1 completion(s), 0 continuation(s)
[2021-02-07T18:38:17.247+0300][572.487s][info][gc,nmethod  ] GC(50) NMethods: 1931 registered, 10 unregistered
[2021-02-07T18:38:17.247+0300][572.487s][info][gc,metaspace] GC(50) Metaspace: 6M used, 7M capacity, 7M committed, 1032M reserved
[2021-02-07T18:38:17.247+0300][572.487s][info][gc,ref      ] GC(50) Soft: 217 encountered, 95 discovered, 0 enqueued
[2021-02-07T18:38:17.247+0300][572.487s][info][gc,ref      ] GC(50) Weak: 1039 encountered, 641 discovered, 0 enqueued
[2021-02-07T18:38:17.247+0300][572.487s][info][gc,ref      ] GC(50) Final: 0 encountered, 0 discovered, 0 enqueued
[2021-02-07T18:38:17.247+0300][572.487s][info][gc,ref      ] GC(50) Phantom: 7 encountered, 6 discovered, 0 enqueued
[2021-02-07T18:38:17.247+0300][572.487s][info][gc,reloc    ] GC(50) Small Pages: 110 / 220M(94%), Empty: 0M(0%), Compacting: 4M(2%)->2M(1%)
[2021-02-07T18:38:17.247+0300][572.487s][info][gc,reloc    ] GC(50) Medium Pages: 0 / 0M(0%), Empty: 0M(0%), Compacting: 0M(0%)->0M(0%)
[2021-02-07T18:38:17.247+0300][572.487s][info][gc,reloc    ] GC(50) Large Pages: 1 / 14M(6%), Empty: 0M(0%), Compacting: 0M(0%)->0M(0%)
[2021-02-07T18:38:17.247+0300][572.487s][info][gc,reloc    ] GC(50) Relocation: Successful
[2021-02-07T18:38:17.247+0300][572.487s][info][gc,heap     ] GC(50) Min Capacity: 256M(100%)
[2021-02-07T18:38:17.247+0300][572.487s][info][gc,heap     ] GC(50) Max Capacity: 256M(100%)
[2021-02-07T18:38:17.247+0300][572.487s][info][gc,heap     ] GC(50) Soft Max Capacity: 256M(100%)
[2021-02-07T18:38:17.247+0300][572.487s][info][gc,heap     ] GC(50)                Mark Start          Mark End        Relocate Start      Relocate End           High               Low
[2021-02-07T18:38:17.247+0300][572.487s][info][gc,heap     ] GC(50)  Capacity:      256M (100%)        256M (100%)        256M (100%)        256M (100%)        256M (100%)        256M (100%)
[2021-02-07T18:38:17.247+0300][572.487s][info][gc,heap     ] GC(50)   Reserve:       12M (5%)           12M (5%)           12M (5%)           12M (5%)           12M (5%)           12M (5%)
[2021-02-07T18:38:17.247+0300][572.487s][info][gc,heap     ] GC(50)      Free:       10M (4%)            8M (3%)            8M (3%)           10M (4%)           10M (4%)            6M (2%)
[2021-02-07T18:38:17.247+0300][572.487s][info][gc,heap     ] GC(50)      Used:      234M (91%)         236M (92%)         236M (92%)         234M (91%)         238M (93%)         234M (91%)
[2021-02-07T18:38:17.247+0300][572.487s][info][gc,heap     ] GC(50)      Live:         -               226M (88%)         226M (88%)         226M (88%)            -                  -
[2021-02-07T18:38:17.247+0300][572.487s][info][gc,heap     ] GC(50) Allocated:         -                 2M (1%)            2M (1%)            4M (2%)             -                  -
[2021-02-07T18:38:17.247+0300][572.487s][info][gc,heap     ] GC(50)   Garbage:         -                 7M (3%)            7M (3%)            5M (2%)             -                  -
[2021-02-07T18:38:17.247+0300][572.487s][info][gc,heap     ] GC(50) Reclaimed:         -                  -                 0M (0%)            2M (1%)             -                  -
[2021-02-07T18:38:17.247+0300][572.487s][info][gc          ] GC(50) Garbage Collection (High Usage) 234M(91%)->234M(91%)
[2021-02-07T18:38:17.304+0300][572.544s][info][gc,start    ] GC(51) Garbage Collection (High Usage)
[2021-02-07T18:38:17.307+0300][572.547s][info][gc,phases   ] GC(51) Pause Mark Start 0.135ms
[2021-02-07T18:38:17.643+0300][572.883s][info][gc,phases   ] GC(51) Concurrent Mark 336.254ms
[2021-02-07T18:38:17.644+0300][572.885s][info][gc,phases   ] GC(51) Pause Mark End 0.216ms
[2021-02-07T18:38:17.648+0300][572.888s][info][gc,phases   ] GC(51) Concurrent Process Non-Strong References 3.425ms
[2021-02-07T18:38:17.648+0300][572.888s][info][gc,phases   ] GC(51) Concurrent Reset Relocation Set 0.009ms
[2021-02-07T18:38:17.649+0300][572.890s][info][gc,phases   ] GC(51) Concurrent Select Relocation Set 1.349ms
[2021-02-07T18:38:17.650+0300][572.891s][info][gc,phases   ] GC(51) Pause Relocate Start 0.131ms
[2021-02-07T18:38:17.652+0300][572.892s][info][gc,phases   ] GC(51) Concurrent Relocate 1.448ms
[2021-02-07T18:38:17.652+0300][572.892s][info][gc,load     ] GC(51) Load: 0.00/0.00/0.00
[2021-02-07T18:38:17.652+0300][572.892s][info][gc,mmu      ] GC(51) MMU: 2ms/76.9%, 5ms/90.7%, 10ms/95.0%, 20ms/97.5%, 50ms/98.9%, 100ms/99.0%
[2021-02-07T18:38:17.652+0300][572.892s][info][gc,marking  ] GC(51) Mark: 1 stripe(s), 2 proactive flush(es), 1 terminate flush(es), 1 completion(s), 0 continuation(s)
[2021-02-07T18:38:17.652+0300][572.892s][info][gc,nmethod  ] GC(51) NMethods: 1931 registered, 10 unregistered
[2021-02-07T18:38:17.652+0300][572.892s][info][gc,metaspace] GC(51) Metaspace: 6M used, 7M capacity, 7M committed, 1032M reserved
[2021-02-07T18:38:17.652+0300][572.892s][info][gc,ref      ] GC(51) Soft: 217 encountered, 95 discovered, 0 enqueued
[2021-02-07T18:38:17.652+0300][572.892s][info][gc,ref      ] GC(51) Weak: 1039 encountered, 641 discovered, 0 enqueued
[2021-02-07T18:38:17.652+0300][572.892s][info][gc,ref      ] GC(51) Final: 0 encountered, 0 discovered, 0 enqueued
[2021-02-07T18:38:17.652+0300][572.892s][info][gc,ref      ] GC(51) Phantom: 7 encountered, 6 discovered, 0 enqueued
[2021-02-07T18:38:17.652+0300][572.892s][info][gc,reloc    ] GC(51) Small Pages: 110 / 220M(94%), Empty: 0M(0%), Compacting: 4M(2%)->2M(1%)
[2021-02-07T18:38:17.652+0300][572.892s][info][gc,reloc    ] GC(51) Medium Pages: 0 / 0M(0%), Empty: 0M(0%), Compacting: 0M(0%)->0M(0%)
[2021-02-07T18:38:17.652+0300][572.892s][info][gc,reloc    ] GC(51) Large Pages: 1 / 14M(6%), Empty: 0M(0%), Compacting: 0M(0%)->0M(0%)
[2021-02-07T18:38:17.652+0300][572.892s][info][gc,reloc    ] GC(51) Relocation: Successful
[2021-02-07T18:38:17.652+0300][572.892s][info][gc,heap     ] GC(51) Min Capacity: 256M(100%)
[2021-02-07T18:38:17.652+0300][572.892s][info][gc,heap     ] GC(51) Max Capacity: 256M(100%)
[2021-02-07T18:38:17.652+0300][572.892s][info][gc,heap     ] GC(51) Soft Max Capacity: 256M(100%)
[2021-02-07T18:38:17.652+0300][572.892s][info][gc,heap     ] GC(51)                Mark Start          Mark End        Relocate Start      Relocate End           High               Low
[2021-02-07T18:38:17.652+0300][572.892s][info][gc,heap     ] GC(51)  Capacity:      256M (100%)        256M (100%)        256M (100%)        256M (100%)        256M (100%)        256M (100%)
[2021-02-07T18:38:17.652+0300][572.892s][info][gc,heap     ] GC(51)   Reserve:       12M (5%)           12M (5%)           12M (5%)           12M (5%)           12M (5%)           12M (5%)
[2021-02-07T18:38:17.652+0300][572.892s][info][gc,heap     ] GC(51)      Free:       10M (4%)            8M (3%)            8M (3%)           10M (4%)           10M (4%)            6M (2%)
[2021-02-07T18:38:17.652+0300][572.892s][info][gc,heap     ] GC(51)      Used:      234M (91%)         236M (92%)         236M (92%)         234M (91%)         238M (93%)         234M (91%)
[2021-02-07T18:38:17.652+0300][572.892s][info][gc,heap     ] GC(51)      Live:         -               226M (88%)         226M (88%)         226M (88%)            -                  -
[2021-02-07T18:38:17.652+0300][572.892s][info][gc,heap     ] GC(51) Allocated:         -                 2M (1%)            2M (1%)            4M (2%)             -                  -
[2021-02-07T18:38:17.652+0300][572.892s][info][gc,heap     ] GC(51)   Garbage:         -                 7M (3%)            7M (3%)            5M (2%)             -                  -
[2021-02-07T18:38:17.652+0300][572.892s][info][gc,heap     ] GC(51) Reclaimed:         -                  -                 0M (0%)            2M (1%)             -                  -
[2021-02-07T18:38:17.652+0300][572.892s][info][gc          ] GC(51) Garbage Collection (High Usage) 234M(91%)->234M(91%)
[2021-02-07T18:38:17.703+0300][572.943s][info][gc,start    ] GC(52) Garbage Collection (High Usage)
[2021-02-07T18:38:17.704+0300][572.943s][info][gc,phases   ] GC(52) Pause Mark Start 0.138ms
[2021-02-07T18:38:18.035+0300][573.276s][info][gc,phases   ] GC(52) Concurrent Mark 332.225ms
[2021-02-07T18:38:18.037+0300][573.277s][info][gc,phases   ] GC(52) Pause Mark End 0.109ms
[2021-02-07T18:38:18.042+0300][573.282s][info][gc,phases   ] GC(52) Concurrent Process Non-Strong References 5.058ms
[2021-02-07T18:38:18.042+0300][573.282s][info][gc,phases   ] GC(52) Concurrent Reset Relocation Set 0.009ms
[2021-02-07T18:38:18.043+0300][573.284s][info][gc,phases   ] GC(52) Concurrent Select Relocation Set 1.444ms
[2021-02-07T18:38:18.044+0300][573.284s][info][gc,phases   ] GC(52) Pause Relocate Start 0.105ms
[2021-02-07T18:38:18.046+0300][573.286s][info][gc,phases   ] GC(52) Concurrent Relocate 1.404ms
[2021-02-07T18:38:18.046+0300][573.286s][info][gc,load     ] GC(52) Load: 0.00/0.00/0.00
[2021-02-07T18:38:18.046+0300][573.286s][info][gc,mmu      ] GC(52) MMU: 2ms/76.9%, 5ms/90.7%, 10ms/95.0%, 20ms/97.5%, 50ms/98.9%, 100ms/99.0%
[2021-02-07T18:38:18.046+0300][573.286s][info][gc,marking  ] GC(52) Mark: 1 stripe(s), 2 proactive flush(es), 1 terminate flush(es), 1 completion(s), 0 continuation(s)
[2021-02-07T18:38:18.046+0300][573.286s][info][gc,nmethod  ] GC(52) NMethods: 1932 registered, 10 unregistered
[2021-02-07T18:38:18.046+0300][573.286s][info][gc,metaspace] GC(52) Metaspace: 6M used, 7M capacity, 7M committed, 1032M reserved
[2021-02-07T18:38:18.046+0300][573.286s][info][gc,ref      ] GC(52) Soft: 217 encountered, 95 discovered, 0 enqueued
[2021-02-07T18:38:18.046+0300][573.286s][info][gc,ref      ] GC(52) Weak: 1039 encountered, 641 discovered, 0 enqueued
[2021-02-07T18:38:18.046+0300][573.286s][info][gc,ref      ] GC(52) Final: 0 encountered, 0 discovered, 0 enqueued
[2021-02-07T18:38:18.046+0300][573.286s][info][gc,ref      ] GC(52) Phantom: 7 encountered, 6 discovered, 0 enqueued
[2021-02-07T18:38:18.046+0300][573.286s][info][gc,reloc    ] GC(52) Small Pages: 110 / 220M(94%), Empty: 0M(0%), Compacting: 4M(2%)->2M(1%)
[2021-02-07T18:38:18.046+0300][573.286s][info][gc,reloc    ] GC(52) Medium Pages: 0 / 0M(0%), Empty: 0M(0%), Compacting: 0M(0%)->0M(0%)
[2021-02-07T18:38:18.046+0300][573.286s][info][gc,reloc    ] GC(52) Large Pages: 1 / 14M(6%), Empty: 0M(0%), Compacting: 0M(0%)->0M(0%)
[2021-02-07T18:38:18.046+0300][573.286s][info][gc,reloc    ] GC(52) Relocation: Successful
[2021-02-07T18:38:18.046+0300][573.286s][info][gc,heap     ] GC(52) Min Capacity: 256M(100%)
[2021-02-07T18:38:18.046+0300][573.286s][info][gc,heap     ] GC(52) Max Capacity: 256M(100%)
[2021-02-07T18:38:18.046+0300][573.286s][info][gc,heap     ] GC(52) Soft Max Capacity: 256M(100%)
[2021-02-07T18:38:18.046+0300][573.286s][info][gc,heap     ] GC(52)                Mark Start          Mark End        Relocate Start      Relocate End           High               Low
[2021-02-07T18:38:18.046+0300][573.286s][info][gc,heap     ] GC(52)  Capacity:      256M (100%)        256M (100%)        256M (100%)        256M (100%)        256M (100%)        256M (100%)
[2021-02-07T18:38:18.046+0300][573.286s][info][gc,heap     ] GC(52)   Reserve:       12M (5%)           12M (5%)           12M (5%)           12M (5%)           12M (5%)           12M (5%)
[2021-02-07T18:38:18.046+0300][573.286s][info][gc,heap     ] GC(52)      Free:       10M (4%)            8M (3%)            8M (3%)           10M (4%)           10M (4%)            6M (2%)
[2021-02-07T18:38:18.046+0300][573.286s][info][gc,heap     ] GC(52)      Used:      234M (91%)         236M (92%)         236M (92%)         234M (91%)         238M (93%)         234M (91%)
[2021-02-07T18:38:18.046+0300][573.286s][info][gc,heap     ] GC(52)      Live:         -               226M (88%)         226M (88%)         226M (88%)            -                  -
[2021-02-07T18:38:18.046+0300][573.286s][info][gc,heap     ] GC(52) Allocated:         -                 2M (1%)            2M (1%)            4M (2%)             -                  -
[2021-02-07T18:38:18.046+0300][573.286s][info][gc,heap     ] GC(52)   Garbage:         -                 7M (3%)            7M (3%)            5M (2%)             -                  -
[2021-02-07T18:38:18.046+0300][573.286s][info][gc,heap     ] GC(52) Reclaimed:         -                  -                 0M (0%)            2M (1%)             -                  -
[2021-02-07T18:38:18.046+0300][573.286s][info][gc          ] GC(52) Garbage Collection (High Usage) 234M(91%)->234M(91%)
[2021-02-07T18:38:18.103+0300][573.343s][info][gc,start    ] GC(53) Garbage Collection (High Usage)
[2021-02-07T18:38:18.104+0300][573.344s][info][gc,phases   ] GC(53) Pause Mark Start 0.132ms
[2021-02-07T18:38:18.433+0300][573.673s][info][gc,phases   ] GC(53) Concurrent Mark 329.111ms
[2021-02-07T18:38:18.434+0300][573.675s][info][gc,phases   ] GC(53) Pause Mark End 0.214ms
[2021-02-07T18:38:18.438+0300][573.678s][info][gc,phases   ] GC(53) Concurrent Process Non-Strong References 3.493ms
[2021-02-07T18:38:18.438+0300][573.678s][info][gc,phases   ] GC(53) Concurrent Reset Relocation Set 0.009ms
[2021-02-07T18:38:18.439+0300][573.680s][info][gc,phases   ] GC(53) Concurrent Select Relocation Set 1.351ms
[2021-02-07T18:38:18.440+0300][573.681s][info][gc,phases   ] GC(53) Pause Relocate Start 0.125ms
[2021-02-07T18:38:18.442+0300][573.682s][info][gc,phases   ] GC(53) Concurrent Relocate 1.504ms
[2021-02-07T18:38:18.442+0300][573.682s][info][gc,load     ] GC(53) Load: 0.00/0.00/0.00
[2021-02-07T18:38:18.442+0300][573.682s][info][gc,mmu      ] GC(53) MMU: 2ms/76.9%, 5ms/90.7%, 10ms/95.0%, 20ms/97.5%, 50ms/98.9%, 100ms/99.0%
[2021-02-07T18:38:18.442+0300][573.682s][info][gc,marking  ] GC(53) Mark: 1 stripe(s), 2 proactive flush(es), 1 terminate flush(es), 1 completion(s), 0 continuation(s)
[2021-02-07T18:38:18.442+0300][573.682s][info][gc,nmethod  ] GC(53) NMethods: 1932 registered, 10 unregistered
[2021-02-07T18:38:18.442+0300][573.682s][info][gc,metaspace] GC(53) Metaspace: 6M used, 7M capacity, 7M committed, 1032M reserved
[2021-02-07T18:38:18.442+0300][573.682s][info][gc,ref      ] GC(53) Soft: 217 encountered, 95 discovered, 0 enqueued
[2021-02-07T18:38:18.442+0300][573.682s][info][gc,ref      ] GC(53) Weak: 1039 encountered, 641 discovered, 0 enqueued
[2021-02-07T18:38:18.442+0300][573.682s][info][gc,ref      ] GC(53) Final: 0 encountered, 0 discovered, 0 enqueued
[2021-02-07T18:38:18.442+0300][573.682s][info][gc,ref      ] GC(53) Phantom: 7 encountered, 6 discovered, 0 enqueued
[2021-02-07T18:38:18.442+0300][573.682s][info][gc,reloc    ] GC(53) Small Pages: 110 / 220M(94%), Empty: 0M(0%), Compacting: 4M(2%)->2M(1%)
[2021-02-07T18:38:18.442+0300][573.682s][info][gc,reloc    ] GC(53) Medium Pages: 0 / 0M(0%), Empty: 0M(0%), Compacting: 0M(0%)->0M(0%)
[2021-02-07T18:38:18.442+0300][573.682s][info][gc,reloc    ] GC(53) Large Pages: 1 / 14M(6%), Empty: 0M(0%), Compacting: 0M(0%)->0M(0%)
[2021-02-07T18:38:18.442+0300][573.682s][info][gc,reloc    ] GC(53) Relocation: Successful
[2021-02-07T18:38:18.442+0300][573.682s][info][gc,heap     ] GC(53) Min Capacity: 256M(100%)
[2021-02-07T18:38:18.442+0300][573.682s][info][gc,heap     ] GC(53) Max Capacity: 256M(100%)
[2021-02-07T18:38:18.442+0300][573.682s][info][gc,heap     ] GC(53) Soft Max Capacity: 256M(100%)
[2021-02-07T18:38:18.442+0300][573.682s][info][gc,heap     ] GC(53)                Mark Start          Mark End        Relocate Start      Relocate End           High               Low
[2021-02-07T18:38:18.442+0300][573.682s][info][gc,heap     ] GC(53)  Capacity:      256M (100%)        256M (100%)        256M (100%)        256M (100%)        256M (100%)        256M (100%)
[2021-02-07T18:38:18.442+0300][573.682s][info][gc,heap     ] GC(53)   Reserve:       12M (5%)           12M (5%)           12M (5%)           12M (5%)           12M (5%)           12M (5%)
[2021-02-07T18:38:18.442+0300][573.682s][info][gc,heap     ] GC(53)      Free:       10M (4%)           10M (4%)           10M (4%)           10M (4%)           10M (4%)            6M (2%)
[2021-02-07T18:38:18.442+0300][573.682s][info][gc,heap     ] GC(53)      Used:      234M (91%)         234M (91%)         234M (91%)         234M (91%)         238M (93%)         234M (91%)
[2021-02-07T18:38:18.442+0300][573.682s][info][gc,heap     ] GC(53)      Live:         -               225M (88%)         225M (88%)         225M (88%)            -                  -
[2021-02-07T18:38:18.442+0300][573.682s][info][gc,heap     ] GC(53) Allocated:         -                 0M (0%)            0M (0%)            4M (2%)             -                  -
[2021-02-07T18:38:18.442+0300][573.682s][info][gc,heap     ] GC(53)   Garbage:         -                 8M (3%)            8M (3%)            8M (3%)             -                  -
[2021-02-07T18:38:18.442+0300][573.682s][info][gc,heap     ] GC(53) Reclaimed:         -                  -                 0M (0%)            0M (0%)             -                  -
[2021-02-07T18:38:18.442+0300][573.682s][info][gc          ] GC(53) Garbage Collection (High Usage) 234M(91%)->234M(91%)
[2021-02-07T18:38:18.503+0300][573.743s][info][gc,start    ] GC(54) Garbage Collection (High Usage)
[2021-02-07T18:38:18.504+0300][573.744s][info][gc,phases   ] GC(54) Pause Mark Start 0.112ms
[2021-02-07T18:38:18.836+0300][574.077s][info][gc,phases   ] GC(54) Concurrent Mark 332.644ms
[2021-02-07T18:38:18.838+0300][574.078s][info][gc,phases   ] GC(54) Pause Mark End 0.210ms
[2021-02-07T18:38:18.841+0300][574.081s][info][gc,phases   ] GC(54) Concurrent Process Non-Strong References 3.145ms
[2021-02-07T18:38:18.841+0300][574.081s][info][gc,phases   ] GC(54) Concurrent Reset Relocation Set 0.010ms
[2021-02-07T18:38:18.843+0300][574.083s][info][gc,phases   ] GC(54) Concurrent Select Relocation Set 1.812ms
[2021-02-07T18:38:18.844+0300][574.084s][info][gc,phases   ] GC(54) Pause Relocate Start 0.138ms
[2021-02-07T18:38:18.846+0300][574.087s][info][gc,phases   ] GC(54) Concurrent Relocate 2.100ms
[2021-02-07T18:38:18.846+0300][574.087s][info][gc,load     ] GC(54) Load: 0.00/0.00/0.00
[2021-02-07T18:38:18.846+0300][574.087s][info][gc,mmu      ] GC(54) MMU: 2ms/76.9%, 5ms/90.7%, 10ms/95.0%, 20ms/97.5%, 50ms/98.9%, 100ms/99.0%
[2021-02-07T18:38:18.846+0300][574.087s][info][gc,marking  ] GC(54) Mark: 1 stripe(s), 2 proactive flush(es), 1 terminate flush(es), 1 completion(s), 0 continuation(s)
[2021-02-07T18:38:18.846+0300][574.087s][info][gc,nmethod  ] GC(54) NMethods: 1932 registered, 10 unregistered
[2021-02-07T18:38:18.846+0300][574.087s][info][gc,metaspace] GC(54) Metaspace: 6M used, 7M capacity, 7M committed, 1032M reserved
[2021-02-07T18:38:18.846+0300][574.087s][info][gc,ref      ] GC(54) Soft: 217 encountered, 95 discovered, 0 enqueued
[2021-02-07T18:38:18.846+0300][574.087s][info][gc,ref      ] GC(54) Weak: 1039 encountered, 641 discovered, 0 enqueued
[2021-02-07T18:38:18.846+0300][574.087s][info][gc,ref      ] GC(54) Final: 0 encountered, 0 discovered, 0 enqueued
[2021-02-07T18:38:18.846+0300][574.087s][info][gc,ref      ] GC(54) Phantom: 7 encountered, 6 discovered, 0 enqueued
[2021-02-07T18:38:18.846+0300][574.087s][info][gc,reloc    ] GC(54) Small Pages: 110 / 220M(94%), Empty: 0M(0%), Compacting: 4M(2%)->2M(1%)
[2021-02-07T18:38:18.846+0300][574.087s][info][gc,reloc    ] GC(54) Medium Pages: 0 / 0M(0%), Empty: 0M(0%), Compacting: 0M(0%)->0M(0%)
[2021-02-07T18:38:18.846+0300][574.087s][info][gc,reloc    ] GC(54) Large Pages: 1 / 14M(6%), Empty: 0M(0%), Compacting: 0M(0%)->0M(0%)
[2021-02-07T18:38:18.846+0300][574.087s][info][gc,reloc    ] GC(54) Relocation: Successful
[2021-02-07T18:38:18.846+0300][574.087s][info][gc,heap     ] GC(54) Min Capacity: 256M(100%)
[2021-02-07T18:38:18.846+0300][574.087s][info][gc,heap     ] GC(54) Max Capacity: 256M(100%)
[2021-02-07T18:38:18.846+0300][574.087s][info][gc,heap     ] GC(54) Soft Max Capacity: 256M(100%)
[2021-02-07T18:38:18.846+0300][574.087s][info][gc,heap     ] GC(54)                Mark Start          Mark End        Relocate Start      Relocate End           High               Low
[2021-02-07T18:38:18.847+0300][574.087s][info][gc,heap     ] GC(54)  Capacity:      256M (100%)        256M (100%)        256M (100%)        256M (100%)        256M (100%)        256M (100%)
[2021-02-07T18:38:18.847+0300][574.087s][info][gc,heap     ] GC(54)   Reserve:       12M (5%)           12M (5%)           12M (5%)           12M (5%)           12M (5%)           12M (5%)
[2021-02-07T18:38:18.847+0300][574.087s][info][gc,heap     ] GC(54)      Free:       10M (4%)            8M (3%)            8M (3%)            8M (3%)           10M (4%)            4M (2%)
[2021-02-07T18:38:18.847+0300][574.087s][info][gc,heap     ] GC(54)      Used:      234M (91%)         236M (92%)         236M (92%)         236M (92%)         240M (94%)         234M (91%)
[2021-02-07T18:38:18.847+0300][574.087s][info][gc,heap     ] GC(54)      Live:         -               225M (88%)         225M (88%)         225M (88%)            -                  -
[2021-02-07T18:38:18.847+0300][574.087s][info][gc,heap     ] GC(54) Allocated:         -                 2M (1%)            2M (1%)            6M (2%)             -                  -
[2021-02-07T18:38:18.847+0300][574.087s][info][gc,heap     ] GC(54)   Garbage:         -                 8M (3%)            8M (3%)            8M (3%)             -                  -
[2021-02-07T18:38:18.847+0300][574.087s][info][gc,heap     ] GC(54) Reclaimed:         -                  -                 0M (0%)            0M (0%)             -                  -
[2021-02-07T18:38:18.847+0300][574.087s][info][gc          ] GC(54) Garbage Collection (High Usage) 234M(91%)->236M(92%)
[2021-02-07T18:38:18.903+0300][574.143s][info][gc,start    ] GC(55) Garbage Collection (High Usage)
[2021-02-07T18:38:18.904+0300][574.144s][info][gc,phases   ] GC(55) Pause Mark Start 0.132ms
[2021-02-07T18:38:19.249+0300][574.489s][info][gc,phases   ] GC(55) Concurrent Mark 344.949ms
[2021-02-07T18:38:19.250+0300][574.490s][info][gc,phases   ] GC(55) Pause Mark End 0.217ms
[2021-02-07T18:38:19.265+0300][574.505s][info][gc,phases   ] GC(55) Concurrent Process Non-Strong References 14.887ms
[2021-02-07T18:38:19.265+0300][574.505s][info][gc,phases   ] GC(55) Concurrent Reset Relocation Set 0.122ms
[2021-02-07T18:38:19.267+0300][574.507s][info][gc,phases   ] GC(55) Concurrent Select Relocation Set 1.990ms
[2021-02-07T18:38:19.269+0300][574.509s][info][gc,phases   ] GC(55) Pause Relocate Start 0.142ms
[2021-02-07T18:38:19.271+0300][574.511s][info][gc,phases   ] GC(55) Concurrent Relocate 2.084ms
[2021-02-07T18:38:19.271+0300][574.511s][info][gc,load     ] GC(55) Load: 0.00/0.00/0.00
[2021-02-07T18:38:19.271+0300][574.511s][info][gc,mmu      ] GC(55) MMU: 2ms/76.9%, 5ms/90.7%, 10ms/95.0%, 20ms/97.5%, 50ms/98.9%, 100ms/99.0%
[2021-02-07T18:38:19.271+0300][574.511s][info][gc,marking  ] GC(55) Mark: 1 stripe(s), 2 proactive flush(es), 1 terminate flush(es), 1 completion(s), 0 continuation(s)
[2021-02-07T18:38:19.271+0300][574.511s][info][gc,nmethod  ] GC(55) NMethods: 1933 registered, 10 unregistered
[2021-02-07T18:38:19.271+0300][574.511s][info][gc,metaspace] GC(55) Metaspace: 6M used, 7M capacity, 7M committed, 1032M reserved
[2021-02-07T18:38:19.271+0300][574.511s][info][gc,ref      ] GC(55) Soft: 217 encountered, 95 discovered, 0 enqueued
[2021-02-07T18:38:19.271+0300][574.511s][info][gc,ref      ] GC(55) Weak: 1039 encountered, 641 discovered, 0 enqueued
[2021-02-07T18:38:19.271+0300][574.511s][info][gc,ref      ] GC(55) Final: 0 encountered, 0 discovered, 0 enqueued
[2021-02-07T18:38:19.271+0300][574.511s][info][gc,ref      ] GC(55) Phantom: 7 encountered, 6 discovered, 0 enqueued
[2021-02-07T18:38:19.271+0300][574.511s][info][gc,reloc    ] GC(55) Small Pages: 111 / 222M(94%), Empty: 0M(0%), Compacting: 6M(3%)->2M(1%)
[2021-02-07T18:38:19.271+0300][574.511s][info][gc,reloc    ] GC(55) Medium Pages: 0 / 0M(0%), Empty: 0M(0%), Compacting: 0M(0%)->0M(0%)
[2021-02-07T18:38:19.271+0300][574.511s][info][gc,reloc    ] GC(55) Large Pages: 1 / 14M(6%), Empty: 0M(0%), Compacting: 0M(0%)->0M(0%)
[2021-02-07T18:38:19.271+0300][574.511s][info][gc,reloc    ] GC(55) Relocation: Successful
[2021-02-07T18:38:19.271+0300][574.511s][info][gc,heap     ] GC(55) Min Capacity: 256M(100%)
[2021-02-07T18:38:19.271+0300][574.511s][info][gc,heap     ] GC(55) Max Capacity: 256M(100%)
[2021-02-07T18:38:19.271+0300][574.511s][info][gc,heap     ] GC(55) Soft Max Capacity: 256M(100%)
[2021-02-07T18:38:19.271+0300][574.511s][info][gc,heap     ] GC(55)                Mark Start          Mark End        Relocate Start      Relocate End           High               Low
[2021-02-07T18:38:19.271+0300][574.511s][info][gc,heap     ] GC(55)  Capacity:      256M (100%)        256M (100%)        256M (100%)        256M (100%)        256M (100%)        256M (100%)
[2021-02-07T18:38:19.271+0300][574.511s][info][gc,heap     ] GC(55)   Reserve:       12M (5%)           12M (5%)           12M (5%)           12M (5%)           12M (5%)           12M (5%)
[2021-02-07T18:38:19.271+0300][574.511s][info][gc,heap     ] GC(55)      Free:        8M (3%)            6M (2%)            6M (2%)           10M (4%)           10M (4%)            4M (2%)
[2021-02-07T18:38:19.271+0300][574.511s][info][gc,heap     ] GC(55)      Used:      236M (92%)         238M (93%)         238M (93%)         234M (91%)         240M (94%)         234M (91%)
[2021-02-07T18:38:19.271+0300][574.511s][info][gc,heap     ] GC(55)      Live:         -               225M (88%)         225M (88%)         225M (88%)            -                  -
[2021-02-07T18:38:19.271+0300][574.511s][info][gc,heap     ] GC(55) Allocated:         -                 2M (1%)            2M (1%)            4M (2%)             -                  -
[2021-02-07T18:38:19.271+0300][574.511s][info][gc,heap     ] GC(55)   Garbage:         -                10M (4%)           10M (4%)            6M (2%)             -                  -
[2021-02-07T18:38:19.271+0300][574.511s][info][gc,heap     ] GC(55) Reclaimed:         -                  -                 0M (0%)            4M (2%)             -                  -
[2021-02-07T18:38:19.271+0300][574.511s][info][gc          ] GC(55) Garbage Collection (High Usage) 236M(92%)->234M(91%)
[2021-02-07T18:38:19.313+0300][574.552s][info][gc,start    ] GC(56) Garbage Collection (High Usage)
[2021-02-07T18:38:19.313+0300][574.553s][info][gc,phases   ] GC(56) Pause Mark Start 0.133ms
[2021-02-07T18:38:19.646+0300][574.885s][info][gc,phases   ] GC(56) Concurrent Mark 331.915ms
[2021-02-07T18:38:19.647+0300][574.886s][info][gc,phases   ] GC(56) Pause Mark End 0.213ms
[2021-02-07T18:38:19.650+0300][574.890s][info][gc,phases   ] GC(56) Concurrent Process Non-Strong References 3.457ms
[2021-02-07T18:38:19.651+0300][574.890s][info][gc,phases   ] GC(56) Concurrent Reset Relocation Set 0.102ms
[2021-02-07T18:38:19.652+0300][574.891s][info][gc,phases   ] GC(56) Concurrent Select Relocation Set 1.354ms
[2021-02-07T18:38:19.653+0300][574.892s][info][gc,phases   ] GC(56) Pause Relocate Start 0.123ms
[2021-02-07T18:38:19.654+0300][574.894s][info][gc,phases   ] GC(56) Concurrent Relocate 1.498ms
[2021-02-07T18:38:19.654+0300][574.894s][info][gc,load     ] GC(56) Load: 0.00/0.00/0.00
[2021-02-07T18:38:19.655+0300][574.894s][info][gc,mmu      ] GC(56) MMU: 2ms/76.9%, 5ms/90.7%, 10ms/95.0%, 20ms/97.5%, 50ms/98.9%, 100ms/99.0%
[2021-02-07T18:38:19.655+0300][574.894s][info][gc,marking  ] GC(56) Mark: 1 stripe(s), 2 proactive flush(es), 1 terminate flush(es), 1 completion(s), 0 continuation(s)
[2021-02-07T18:38:19.655+0300][574.894s][info][gc,nmethod  ] GC(56) NMethods: 1934 registered, 10 unregistered
[2021-02-07T18:38:19.655+0300][574.894s][info][gc,metaspace] GC(56) Metaspace: 6M used, 7M capacity, 7M committed, 1032M reserved
[2021-02-07T18:38:19.655+0300][574.894s][info][gc,ref      ] GC(56) Soft: 217 encountered, 95 discovered, 0 enqueued
[2021-02-07T18:38:19.655+0300][574.894s][info][gc,ref      ] GC(56) Weak: 1039 encountered, 641 discovered, 0 enqueued
[2021-02-07T18:38:19.655+0300][574.894s][info][gc,ref      ] GC(56) Final: 0 encountered, 0 discovered, 0 enqueued
[2021-02-07T18:38:19.655+0300][574.894s][info][gc,ref      ] GC(56) Phantom: 7 encountered, 6 discovered, 0 enqueued
[2021-02-07T18:38:19.655+0300][574.894s][info][gc,reloc    ] GC(56) Small Pages: 110 / 220M(94%), Empty: 0M(0%), Compacting: 4M(2%)->2M(1%)
[2021-02-07T18:38:19.655+0300][574.894s][info][gc,reloc    ] GC(56) Medium Pages: 0 / 0M(0%), Empty: 0M(0%), Compacting: 0M(0%)->0M(0%)
[2021-02-07T18:38:19.655+0300][574.894s][info][gc,reloc    ] GC(56) Large Pages: 1 / 14M(6%), Empty: 0M(0%), Compacting: 0M(0%)->0M(0%)
[2021-02-07T18:38:19.655+0300][574.894s][info][gc,reloc    ] GC(56) Relocation: Successful
[2021-02-07T18:38:19.655+0300][574.894s][info][gc,heap     ] GC(56) Min Capacity: 256M(100%)
[2021-02-07T18:38:19.655+0300][574.894s][info][gc,heap     ] GC(56) Max Capacity: 256M(100%)
[2021-02-07T18:38:19.655+0300][574.894s][info][gc,heap     ] GC(56) Soft Max Capacity: 256M(100%)
[2021-02-07T18:38:19.655+0300][574.894s][info][gc,heap     ] GC(56)                Mark Start          Mark End        Relocate Start      Relocate End           High               Low
[2021-02-07T18:38:19.655+0300][574.894s][info][gc,heap     ] GC(56)  Capacity:      256M (100%)        256M (100%)        256M (100%)        256M (100%)        256M (100%)        256M (100%)
[2021-02-07T18:38:19.655+0300][574.894s][info][gc,heap     ] GC(56)   Reserve:       12M (5%)           12M (5%)           12M (5%)           12M (5%)           12M (5%)           12M (5%)
[2021-02-07T18:38:19.655+0300][574.894s][info][gc,heap     ] GC(56)      Free:       10M (4%)            8M (3%)            8M (3%)           10M (4%)           10M (4%)            6M (2%)
[2021-02-07T18:38:19.655+0300][574.894s][info][gc,heap     ] GC(56)      Used:      234M (91%)         236M (92%)         236M (92%)         234M (91%)         238M (93%)         234M (91%)
[2021-02-07T18:38:19.655+0300][574.894s][info][gc,heap     ] GC(56)      Live:         -               225M (88%)         225M (88%)         225M (88%)            -                  -
[2021-02-07T18:38:19.655+0300][574.894s][info][gc,heap     ] GC(56) Allocated:         -                 2M (1%)            2M (1%)            4M (2%)             -                  -
[2021-02-07T18:38:19.655+0300][574.894s][info][gc,heap     ] GC(56)   Garbage:         -                 8M (3%)            8M (3%)            6M (2%)             -                  -
[2021-02-07T18:38:19.655+0300][574.894s][info][gc,heap     ] GC(56) Reclaimed:         -                  -                 0M (0%)            2M (1%)             -                  -
[2021-02-07T18:38:19.655+0300][574.894s][info][gc          ] GC(56) Garbage Collection (High Usage) 234M(91%)->234M(91%)
[2021-02-07T18:38:19.703+0300][574.942s][info][gc,start    ] GC(57) Garbage Collection (High Usage)
[2021-02-07T18:38:19.706+0300][574.945s][info][gc,phases   ] GC(57) Pause Mark Start 0.130ms
[2021-02-07T18:38:20.035+0300][575.274s][info][gc,phases   ] GC(57) Concurrent Mark 328.598ms
[2021-02-07T18:38:20.036+0300][575.275s][info][gc,phases   ] GC(57) Pause Mark End 0.220ms
[2021-02-07T18:38:20.042+0300][575.281s][info][gc,phases   ] GC(57) Concurrent Process Non-Strong References 5.752ms
[2021-02-07T18:38:20.042+0300][575.281s][info][gc,phases   ] GC(57) Concurrent Reset Relocation Set 0.012ms
[2021-02-07T18:38:20.043+0300][575.283s][info][gc,phases   ] GC(57) Concurrent Select Relocation Set 1.525ms
[2021-02-07T18:38:20.046+0300][575.285s][info][gc,phases   ] GC(57) Pause Relocate Start 0.126ms
[2021-02-07T18:38:20.047+0300][575.287s][info][gc,phases   ] GC(57) Concurrent Relocate 1.414ms
[2021-02-07T18:38:20.047+0300][575.287s][info][gc,load     ] GC(57) Load: 0.00/0.00/0.00
[2021-02-07T18:38:20.047+0300][575.287s][info][gc,mmu      ] GC(57) MMU: 2ms/76.9%, 5ms/90.7%, 10ms/95.0%, 20ms/97.5%, 50ms/98.9%, 100ms/99.0%
[2021-02-07T18:38:20.047+0300][575.287s][info][gc,marking  ] GC(57) Mark: 1 stripe(s), 2 proactive flush(es), 1 terminate flush(es), 1 completion(s), 0 continuation(s)
[2021-02-07T18:38:20.047+0300][575.287s][info][gc,nmethod  ] GC(57) NMethods: 1934 registered, 10 unregistered
[2021-02-07T18:38:20.047+0300][575.287s][info][gc,metaspace] GC(57) Metaspace: 6M used, 7M capacity, 7M committed, 1032M reserved
[2021-02-07T18:38:20.047+0300][575.287s][info][gc,ref      ] GC(57) Soft: 217 encountered, 95 discovered, 0 enqueued
[2021-02-07T18:38:20.047+0300][575.287s][info][gc,ref      ] GC(57) Weak: 1039 encountered, 641 discovered, 0 enqueued
[2021-02-07T18:38:20.048+0300][575.287s][info][gc,ref      ] GC(57) Final: 0 encountered, 0 discovered, 0 enqueued
[2021-02-07T18:38:20.048+0300][575.287s][info][gc,ref      ] GC(57) Phantom: 7 encountered, 6 discovered, 0 enqueued
[2021-02-07T18:38:20.048+0300][575.287s][info][gc,reloc    ] GC(57) Small Pages: 110 / 220M(94%), Empty: 0M(0%), Compacting: 4M(2%)->2M(1%)
[2021-02-07T18:38:20.048+0300][575.287s][info][gc,reloc    ] GC(57) Medium Pages: 0 / 0M(0%), Empty: 0M(0%), Compacting: 0M(0%)->0M(0%)
[2021-02-07T18:38:20.048+0300][575.287s][info][gc,reloc    ] GC(57) Large Pages: 1 / 14M(6%), Empty: 0M(0%), Compacting: 0M(0%)->0M(0%)
[2021-02-07T18:38:20.048+0300][575.287s][info][gc,reloc    ] GC(57) Relocation: Successful
[2021-02-07T18:38:20.048+0300][575.287s][info][gc,heap     ] GC(57) Min Capacity: 256M(100%)
[2021-02-07T18:38:20.048+0300][575.287s][info][gc,heap     ] GC(57) Max Capacity: 256M(100%)
[2021-02-07T18:38:20.048+0300][575.287s][info][gc,heap     ] GC(57) Soft Max Capacity: 256M(100%)
[2021-02-07T18:38:20.048+0300][575.287s][info][gc,heap     ] GC(57)                Mark Start          Mark End        Relocate Start      Relocate End           High               Low
[2021-02-07T18:38:20.048+0300][575.287s][info][gc,heap     ] GC(57)  Capacity:      256M (100%)        256M (100%)        256M (100%)        256M (100%)        256M (100%)        256M (100%)
[2021-02-07T18:38:20.048+0300][575.287s][info][gc,heap     ] GC(57)   Reserve:       12M (5%)           12M (5%)           12M (5%)           12M (5%)           12M (5%)           12M (5%)
[2021-02-07T18:38:20.048+0300][575.287s][info][gc,heap     ] GC(57)      Free:       10M (4%)            8M (3%)            8M (3%)           10M (4%)           10M (4%)            6M (2%)
[2021-02-07T18:38:20.048+0300][575.287s][info][gc,heap     ] GC(57)      Used:      234M (91%)         236M (92%)         236M (92%)         234M (91%)         238M (93%)         234M (91%)
[2021-02-07T18:38:20.048+0300][575.287s][info][gc,heap     ] GC(57)      Live:         -               225M (88%)         225M (88%)         225M (88%)            -                  -
[2021-02-07T18:38:20.048+0300][575.287s][info][gc,heap     ] GC(57) Allocated:         -                 2M (1%)            2M (1%)            4M (2%)             -                  -
[2021-02-07T18:38:20.048+0300][575.287s][info][gc,heap     ] GC(57)   Garbage:         -                 8M (3%)            8M (3%)            6M (2%)             -                  -
[2021-02-07T18:38:20.048+0300][575.287s][info][gc,heap     ] GC(57) Reclaimed:         -                  -                 0M (0%)            2M (1%)             -                  -
[2021-02-07T18:38:20.048+0300][575.287s][info][gc          ] GC(57) Garbage Collection (High Usage) 234M(91%)->234M(91%)
[2021-02-07T18:38:20.104+0300][575.343s][info][gc,start    ] GC(58) Garbage Collection (High Usage)
[2021-02-07T18:38:20.105+0300][575.344s][info][gc,phases   ] GC(58) Pause Mark Start 0.143ms
[2021-02-07T18:38:20.435+0300][575.674s][info][gc,phases   ] GC(58) Concurrent Mark 329.557ms
[2021-02-07T18:38:20.436+0300][575.675s][info][gc,phases   ] GC(58) Pause Mark End 0.217ms
[2021-02-07T18:38:20.439+0300][575.679s][info][gc,phases   ] GC(58) Concurrent Process Non-Strong References 3.469ms
[2021-02-07T18:38:20.439+0300][575.679s][info][gc,phases   ] GC(58) Concurrent Reset Relocation Set 0.009ms
[2021-02-07T18:38:20.441+0300][575.680s][info][gc,phases   ] GC(58) Concurrent Select Relocation Set 1.393ms
[2021-02-07T18:38:20.442+0300][575.681s][info][gc,phases   ] GC(58) Pause Relocate Start 0.122ms
[2021-02-07T18:38:20.443+0300][575.683s][info][gc,phases   ] GC(58) Concurrent Relocate 1.392ms
[2021-02-07T18:38:20.443+0300][575.683s][info][gc,load     ] GC(58) Load: 0.00/0.00/0.00
[2021-02-07T18:38:20.443+0300][575.683s][info][gc,mmu      ] GC(58) MMU: 2ms/76.9%, 5ms/90.7%, 10ms/95.0%, 20ms/97.5%, 50ms/98.9%, 100ms/99.0%
[2021-02-07T18:38:20.443+0300][575.683s][info][gc,marking  ] GC(58) Mark: 1 stripe(s), 2 proactive flush(es), 1 terminate flush(es), 1 completion(s), 0 continuation(s)
[2021-02-07T18:38:20.443+0300][575.683s][info][gc,nmethod  ] GC(58) NMethods: 1936 registered, 10 unregistered
[2021-02-07T18:38:20.443+0300][575.683s][info][gc,metaspace] GC(58) Metaspace: 6M used, 7M capacity, 7M committed, 1032M reserved
[2021-02-07T18:38:20.443+0300][575.683s][info][gc,ref      ] GC(58) Soft: 217 encountered, 95 discovered, 0 enqueued
[2021-02-07T18:38:20.443+0300][575.683s][info][gc,ref      ] GC(58) Weak: 1039 encountered, 641 discovered, 0 enqueued
[2021-02-07T18:38:20.443+0300][575.683s][info][gc,ref      ] GC(58) Final: 0 encountered, 0 discovered, 0 enqueued
[2021-02-07T18:38:20.444+0300][575.683s][info][gc,ref      ] GC(58) Phantom: 7 encountered, 6 discovered, 0 enqueued
[2021-02-07T18:38:20.444+0300][575.683s][info][gc,reloc    ] GC(58) Small Pages: 110 / 220M(94%), Empty: 0M(0%), Compacting: 4M(2%)->2M(1%)
[2021-02-07T18:38:20.444+0300][575.683s][info][gc,reloc    ] GC(58) Medium Pages: 0 / 0M(0%), Empty: 0M(0%), Compacting: 0M(0%)->0M(0%)
[2021-02-07T18:38:20.444+0300][575.683s][info][gc,reloc    ] GC(58) Large Pages: 1 / 14M(6%), Empty: 0M(0%), Compacting: 0M(0%)->0M(0%)
[2021-02-07T18:38:20.444+0300][575.683s][info][gc,reloc    ] GC(58) Relocation: Successful
[2021-02-07T18:38:20.444+0300][575.683s][info][gc,heap     ] GC(58) Min Capacity: 256M(100%)
[2021-02-07T18:38:20.444+0300][575.683s][info][gc,heap     ] GC(58) Max Capacity: 256M(100%)
[2021-02-07T18:38:20.444+0300][575.683s][info][gc,heap     ] GC(58) Soft Max Capacity: 256M(100%)
[2021-02-07T18:38:20.444+0300][575.683s][info][gc,heap     ] GC(58)                Mark Start          Mark End        Relocate Start      Relocate End           High               Low
[2021-02-07T18:38:20.444+0300][575.683s][info][gc,heap     ] GC(58)  Capacity:      256M (100%)        256M (100%)        256M (100%)        256M (100%)        256M (100%)        256M (100%)
[2021-02-07T18:38:20.444+0300][575.683s][info][gc,heap     ] GC(58)   Reserve:       12M (5%)           12M (5%)           12M (5%)           12M (5%)           12M (5%)           12M (5%)
[2021-02-07T18:38:20.444+0300][575.683s][info][gc,heap     ] GC(58)      Free:       10M (4%)           10M (4%)           10M (4%)           10M (4%)           10M (4%)            6M (2%)
[2021-02-07T18:38:20.444+0300][575.683s][info][gc,heap     ] GC(58)      Used:      234M (91%)         234M (91%)         234M (91%)         234M (91%)         238M (93%)         234M (91%)
[2021-02-07T18:38:20.444+0300][575.683s][info][gc,heap     ] GC(58)      Live:         -               225M (88%)         225M (88%)         225M (88%)            -                  -
[2021-02-07T18:38:20.444+0300][575.683s][info][gc,heap     ] GC(58) Allocated:         -                 0M (0%)            0M (0%)            4M (2%)             -                  -
[2021-02-07T18:38:20.444+0300][575.683s][info][gc,heap     ] GC(58)   Garbage:         -                 8M (3%)            8M (3%)            8M (3%)             -                  -
[2021-02-07T18:38:20.444+0300][575.683s][info][gc,heap     ] GC(58) Reclaimed:         -                  -                 0M (0%)            0M (0%)             -                  -
[2021-02-07T18:38:20.444+0300][575.683s][info][gc          ] GC(58) Garbage Collection (High Usage) 234M(91%)->234M(91%)
[2021-02-07T18:38:20.503+0300][575.742s][info][gc,start    ] GC(59) Garbage Collection (High Usage)
[2021-02-07T18:38:20.504+0300][575.743s][info][gc,phases   ] GC(59) Pause Mark Start 0.135ms
[2021-02-07T18:38:20.834+0300][576.073s][info][gc,phases   ] GC(59) Concurrent Mark 329.573ms
[2021-02-07T18:38:20.834+0300][576.074s][info][gc,phases   ] GC(59) Pause Mark End 0.211ms
[2021-02-07T18:38:20.838+0300][576.077s][info][gc,phases   ] GC(59) Concurrent Process Non-Strong References 3.509ms
[2021-02-07T18:38:20.838+0300][576.077s][info][gc,phases   ] GC(59) Concurrent Reset Relocation Set 0.007ms
[2021-02-07T18:38:20.839+0300][576.079s][info][gc,phases   ] GC(59) Concurrent Select Relocation Set 1.416ms
[2021-02-07T18:38:20.840+0300][576.080s][info][gc,phases   ] GC(59) Pause Relocate Start 0.123ms
[2021-02-07T18:38:20.842+0300][576.081s][info][gc,phases   ] GC(59) Concurrent Relocate 1.415ms
[2021-02-07T18:38:20.842+0300][576.081s][info][gc,load     ] GC(59) Load: 0.00/0.00/0.00
[2021-02-07T18:38:20.842+0300][576.081s][info][gc,mmu      ] GC(59) MMU: 2ms/76.9%, 5ms/90.7%, 10ms/95.0%, 20ms/97.5%, 50ms/98.9%, 100ms/99.0%
[2021-02-07T18:38:20.842+0300][576.081s][info][gc,marking  ] GC(59) Mark: 1 stripe(s), 2 proactive flush(es), 1 terminate flush(es), 1 completion(s), 0 continuation(s)
[2021-02-07T18:38:20.842+0300][576.081s][info][gc,nmethod  ] GC(59) NMethods: 1939 registered, 10 unregistered
[2021-02-07T18:38:20.842+0300][576.081s][info][gc,metaspace] GC(59) Metaspace: 6M used, 7M capacity, 7M committed, 1032M reserved
[2021-02-07T18:38:20.842+0300][576.081s][info][gc,ref      ] GC(59) Soft: 217 encountered, 95 discovered, 0 enqueued
[2021-02-07T18:38:20.842+0300][576.081s][info][gc,ref      ] GC(59) Weak: 1039 encountered, 641 discovered, 0 enqueued
[2021-02-07T18:38:20.842+0300][576.081s][info][gc,ref      ] GC(59) Final: 0 encountered, 0 discovered, 0 enqueued
[2021-02-07T18:38:20.842+0300][576.081s][info][gc,ref      ] GC(59) Phantom: 7 encountered, 6 discovered, 0 enqueued
[2021-02-07T18:38:20.842+0300][576.081s][info][gc,reloc    ] GC(59) Small Pages: 110 / 220M(94%), Empty: 0M(0%), Compacting: 4M(2%)->2M(1%)
[2021-02-07T18:38:20.842+0300][576.081s][info][gc,reloc    ] GC(59) Medium Pages: 0 / 0M(0%), Empty: 0M(0%), Compacting: 0M(0%)->0M(0%)
[2021-02-07T18:38:20.842+0300][576.081s][info][gc,reloc    ] GC(59) Large Pages: 1 / 14M(6%), Empty: 0M(0%), Compacting: 0M(0%)->0M(0%)
[2021-02-07T18:38:20.842+0300][576.081s][info][gc,reloc    ] GC(59) Relocation: Successful
[2021-02-07T18:38:20.842+0300][576.081s][info][gc,heap     ] GC(59) Min Capacity: 256M(100%)
[2021-02-07T18:38:20.842+0300][576.081s][info][gc,heap     ] GC(59) Max Capacity: 256M(100%)
[2021-02-07T18:38:20.842+0300][576.081s][info][gc,heap     ] GC(59) Soft Max Capacity: 256M(100%)
[2021-02-07T18:38:20.842+0300][576.081s][info][gc,heap     ] GC(59)                Mark Start          Mark End        Relocate Start      Relocate End           High               Low
[2021-02-07T18:38:20.842+0300][576.081s][info][gc,heap     ] GC(59)  Capacity:      256M (100%)        256M (100%)        256M (100%)        256M (100%)        256M (100%)        256M (100%)
[2021-02-07T18:38:20.842+0300][576.081s][info][gc,heap     ] GC(59)   Reserve:       12M (5%)           12M (5%)           12M (5%)           12M (5%)           12M (5%)           12M (5%)
[2021-02-07T18:38:20.842+0300][576.081s][info][gc,heap     ] GC(59)      Free:       10M (4%)            8M (3%)            8M (3%)           10M (4%)           10M (4%)            6M (2%)
[2021-02-07T18:38:20.842+0300][576.081s][info][gc,heap     ] GC(59)      Used:      234M (91%)         236M (92%)         236M (92%)         234M (91%)         238M (93%)         234M (91%)
[2021-02-07T18:38:20.842+0300][576.081s][info][gc,heap     ] GC(59)      Live:         -               225M (88%)         225M (88%)         225M (88%)            -                  -
[2021-02-07T18:38:20.842+0300][576.081s][info][gc,heap     ] GC(59) Allocated:         -                 2M (1%)            2M (1%)            4M (2%)             -                  -
[2021-02-07T18:38:20.842+0300][576.081s][info][gc,heap     ] GC(59)   Garbage:         -                 8M (3%)            8M (3%)            6M (2%)             -                  -
[2021-02-07T18:38:20.842+0300][576.081s][info][gc,heap     ] GC(59) Reclaimed:         -                  -                 0M (0%)            2M (1%)             -                  -
[2021-02-07T18:38:20.842+0300][576.081s][info][gc          ] GC(59) Garbage Collection (High Usage) 234M(91%)->234M(91%)
[2021-02-07T18:38:20.903+0300][576.142s][info][gc,start    ] GC(60) Garbage Collection (High Usage)
[2021-02-07T18:38:20.903+0300][576.143s][info][gc,phases   ] GC(60) Pause Mark Start 0.128ms
[2021-02-07T18:38:21.235+0300][576.475s][info][gc,phases   ] GC(60) Concurrent Mark 331.952ms
[2021-02-07T18:38:21.237+0300][576.476s][info][gc,phases   ] GC(60) Pause Mark End 0.213ms
[2021-02-07T18:38:21.240+0300][576.480s][info][gc,phases   ] GC(60) Concurrent Process Non-Strong References 3.494ms
[2021-02-07T18:38:21.240+0300][576.480s][info][gc,phases   ] GC(60) Concurrent Reset Relocation Set 0.007ms
[2021-02-07T18:38:21.242+0300][576.481s][info][gc,phases   ] GC(60) Concurrent Select Relocation Set 1.471ms
[2021-02-07T18:38:21.242+0300][576.482s][info][gc,phases   ] GC(60) Pause Relocate Start 0.125ms
[2021-02-07T18:38:21.244+0300][576.483s][info][gc,phases   ] GC(60) Concurrent Relocate 1.345ms
[2021-02-07T18:38:21.244+0300][576.483s][info][gc,load     ] GC(60) Load: 0.00/0.00/0.00
[2021-02-07T18:38:21.244+0300][576.483s][info][gc,mmu      ] GC(60) MMU: 2ms/76.9%, 5ms/90.7%, 10ms/95.0%, 20ms/97.5%, 50ms/98.9%, 100ms/99.0%
[2021-02-07T18:38:21.244+0300][576.483s][info][gc,marking  ] GC(60) Mark: 1 stripe(s), 2 proactive flush(es), 1 terminate flush(es), 1 completion(s), 0 continuation(s)
[2021-02-07T18:38:21.244+0300][576.483s][info][gc,nmethod  ] GC(60) NMethods: 1939 registered, 10 unregistered
[2021-02-07T18:38:21.244+0300][576.483s][info][gc,metaspace] GC(60) Metaspace: 6M used, 7M capacity, 7M committed, 1032M reserved
[2021-02-07T18:38:21.244+0300][576.484s][info][gc,ref      ] GC(60) Soft: 217 encountered, 95 discovered, 0 enqueued
[2021-02-07T18:38:21.244+0300][576.484s][info][gc,ref      ] GC(60) Weak: 1039 encountered, 641 discovered, 0 enqueued
[2021-02-07T18:38:21.244+0300][576.484s][info][gc,ref      ] GC(60) Final: 0 encountered, 0 discovered, 0 enqueued
[2021-02-07T18:38:21.244+0300][576.484s][info][gc,ref      ] GC(60) Phantom: 7 encountered, 6 discovered, 0 enqueued
[2021-02-07T18:38:21.244+0300][576.484s][info][gc,reloc    ] GC(60) Small Pages: 110 / 220M(94%), Empty: 0M(0%), Compacting: 4M(2%)->2M(1%)
[2021-02-07T18:38:21.244+0300][576.484s][info][gc,reloc    ] GC(60) Medium Pages: 0 / 0M(0%), Empty: 0M(0%), Compacting: 0M(0%)->0M(0%)
[2021-02-07T18:38:21.244+0300][576.484s][info][gc,reloc    ] GC(60) Large Pages: 1 / 14M(6%), Empty: 0M(0%), Compacting: 0M(0%)->0M(0%)
[2021-02-07T18:38:21.244+0300][576.484s][info][gc,reloc    ] GC(60) Relocation: Successful
[2021-02-07T18:38:21.244+0300][576.484s][info][gc,heap     ] GC(60) Min Capacity: 256M(100%)
[2021-02-07T18:38:21.244+0300][576.484s][info][gc,heap     ] GC(60) Max Capacity: 256M(100%)
[2021-02-07T18:38:21.244+0300][576.484s][info][gc,heap     ] GC(60) Soft Max Capacity: 256M(100%)
[2021-02-07T18:38:21.244+0300][576.484s][info][gc,heap     ] GC(60)                Mark Start          Mark End        Relocate Start      Relocate End           High               Low
[2021-02-07T18:38:21.244+0300][576.484s][info][gc,heap     ] GC(60)  Capacity:      256M (100%)        256M (100%)        256M (100%)        256M (100%)        256M (100%)        256M (100%)
[2021-02-07T18:38:21.244+0300][576.484s][info][gc,heap     ] GC(60)   Reserve:       12M (5%)           12M (5%)           12M (5%)           12M (5%)           12M (5%)           12M (5%)
[2021-02-07T18:38:21.244+0300][576.484s][info][gc,heap     ] GC(60)      Free:       10M (4%)            8M (3%)            8M (3%)           10M (4%)           10M (4%)            6M (2%)
[2021-02-07T18:38:21.244+0300][576.484s][info][gc,heap     ] GC(60)      Used:      234M (91%)         236M (92%)         236M (92%)         234M (91%)         238M (93%)         234M (91%)
[2021-02-07T18:38:21.244+0300][576.484s][info][gc,heap     ] GC(60)      Live:         -               225M (88%)         225M (88%)         225M (88%)            -                  -
[2021-02-07T18:38:21.244+0300][576.484s][info][gc,heap     ] GC(60) Allocated:         -                 2M (1%)            2M (1%)            4M (2%)             -                  -
[2021-02-07T18:38:21.244+0300][576.484s][info][gc,heap     ] GC(60)   Garbage:         -                 8M (3%)            8M (3%)            6M (2%)             -                  -
[2021-02-07T18:38:21.244+0300][576.484s][info][gc,heap     ] GC(60) Reclaimed:         -                  -                 0M (0%)            2M (1%)             -                  -
[2021-02-07T18:38:21.244+0300][576.484s][info][gc          ] GC(60) Garbage Collection (High Usage) 234M(91%)->234M(91%)
[2021-02-07T18:38:21.305+0300][576.544s][info][gc,start    ] GC(61) Garbage Collection (High Usage)
[2021-02-07T18:38:21.306+0300][576.545s][info][gc,phases   ] GC(61) Pause Mark Start 0.131ms
[2021-02-07T18:38:21.637+0300][576.876s][info][gc,phases   ] GC(61) Concurrent Mark 330.766ms
[2021-02-07T18:38:21.638+0300][576.877s][info][gc,phases   ] GC(61) Pause Mark End 0.220ms
[2021-02-07T18:38:21.644+0300][576.883s][info][gc,phases   ] GC(61) Concurrent Process Non-Strong References 5.708ms
[2021-02-07T18:38:21.644+0300][576.883s][info][gc,phases   ] GC(61) Concurrent Reset Relocation Set 0.010ms
[2021-02-07T18:38:21.645+0300][576.885s][info][gc,phases   ] GC(61) Concurrent Select Relocation Set 1.504ms
[2021-02-07T18:38:21.646+0300][576.885s][info][gc,phases   ] GC(61) Pause Relocate Start 0.128ms
[2021-02-07T18:38:21.647+0300][576.887s][info][gc,phases   ] GC(61) Concurrent Relocate 1.308ms
[2021-02-07T18:38:21.647+0300][576.887s][info][gc,load     ] GC(61) Load: 0.00/0.00/0.00
[2021-02-07T18:38:21.647+0300][576.887s][info][gc,mmu      ] GC(61) MMU: 2ms/76.9%, 5ms/90.7%, 10ms/95.0%, 20ms/97.5%, 50ms/98.9%, 100ms/99.0%
[2021-02-07T18:38:21.647+0300][576.887s][info][gc,marking  ] GC(61) Mark: 1 stripe(s), 2 proactive flush(es), 1 terminate flush(es), 1 completion(s), 0 continuation(s)
[2021-02-07T18:38:21.647+0300][576.887s][info][gc,nmethod  ] GC(61) NMethods: 1941 registered, 10 unregistered
[2021-02-07T18:38:21.647+0300][576.887s][info][gc,metaspace] GC(61) Metaspace: 6M used, 7M capacity, 7M committed, 1032M reserved
[2021-02-07T18:38:21.647+0300][576.887s][info][gc,ref      ] GC(61) Soft: 217 encountered, 95 discovered, 0 enqueued
[2021-02-07T18:38:21.647+0300][576.887s][info][gc,ref      ] GC(61) Weak: 1039 encountered, 641 discovered, 0 enqueued
[2021-02-07T18:38:21.647+0300][576.887s][info][gc,ref      ] GC(61) Final: 0 encountered, 0 discovered, 0 enqueued
[2021-02-07T18:38:21.647+0300][576.887s][info][gc,ref      ] GC(61) Phantom: 7 encountered, 6 discovered, 0 enqueued
[2021-02-07T18:38:21.647+0300][576.887s][info][gc,reloc    ] GC(61) Small Pages: 110 / 220M(94%), Empty: 0M(0%), Compacting: 4M(2%)->2M(1%)
[2021-02-07T18:38:21.647+0300][576.887s][info][gc,reloc    ] GC(61) Medium Pages: 0 / 0M(0%), Empty: 0M(0%), Compacting: 0M(0%)->0M(0%)
[2021-02-07T18:38:21.647+0300][576.887s][info][gc,reloc    ] GC(61) Large Pages: 1 / 14M(6%), Empty: 0M(0%), Compacting: 0M(0%)->0M(0%)
[2021-02-07T18:38:21.647+0300][576.887s][info][gc,reloc    ] GC(61) Relocation: Successful
[2021-02-07T18:38:21.647+0300][576.887s][info][gc,heap     ] GC(61) Min Capacity: 256M(100%)
[2021-02-07T18:38:21.647+0300][576.887s][info][gc,heap     ] GC(61) Max Capacity: 256M(100%)
[2021-02-07T18:38:21.647+0300][576.887s][info][gc,heap     ] GC(61) Soft Max Capacity: 256M(100%)
[2021-02-07T18:38:21.647+0300][576.887s][info][gc,heap     ] GC(61)                Mark Start          Mark End        Relocate Start      Relocate End           High               Low
[2021-02-07T18:38:21.647+0300][576.887s][info][gc,heap     ] GC(61)  Capacity:      256M (100%)        256M (100%)        256M (100%)        256M (100%)        256M (100%)        256M (100%)
[2021-02-07T18:38:21.647+0300][576.887s][info][gc,heap     ] GC(61)   Reserve:       12M (5%)           12M (5%)           12M (5%)           12M (5%)           12M (5%)           12M (5%)
[2021-02-07T18:38:21.647+0300][576.887s][info][gc,heap     ] GC(61)      Free:       10M (4%)            8M (3%)            8M (3%)           10M (4%)           10M (4%)            6M (2%)
[2021-02-07T18:38:21.647+0300][576.887s][info][gc,heap     ] GC(61)      Used:      234M (91%)         236M (92%)         236M (92%)         234M (91%)         238M (93%)         234M (91%)
[2021-02-07T18:38:21.647+0300][576.887s][info][gc,heap     ] GC(61)      Live:         -               225M (88%)         225M (88%)         225M (88%)            -                  -
[2021-02-07T18:38:21.647+0300][576.887s][info][gc,heap     ] GC(61) Allocated:         -                 2M (1%)            2M (1%)            4M (2%)             -                  -
[2021-02-07T18:38:21.647+0300][576.887s][info][gc,heap     ] GC(61)   Garbage:         -                 8M (3%)            8M (3%)            6M (2%)             -                  -
[2021-02-07T18:38:21.647+0300][576.887s][info][gc,heap     ] GC(61) Reclaimed:         -                  -                 0M (0%)            2M (1%)             -                  -
[2021-02-07T18:38:21.647+0300][576.887s][info][gc          ] GC(61) Garbage Collection (High Usage) 234M(91%)->234M(91%)
[2021-02-07T18:38:21.704+0300][576.943s][info][gc,start    ] GC(62) Garbage Collection (High Usage)
[2021-02-07T18:38:21.704+0300][576.944s][info][gc,phases   ] GC(62) Pause Mark Start 0.139ms
[2021-02-07T18:38:22.041+0300][577.280s][info][gc,phases   ] GC(62) Concurrent Mark 336.311ms
[2021-02-07T18:38:22.041+0300][577.281s][info][gc,phases   ] GC(62) Pause Mark End 0.107ms
[2021-02-07T18:38:22.044+0300][577.284s][info][gc,phases   ] GC(62) Concurrent Process Non-Strong References 3.029ms
[2021-02-07T18:38:22.044+0300][577.284s][info][gc,phases   ] GC(62) Concurrent Reset Relocation Set 0.223ms
[2021-02-07T18:38:22.046+0300][577.286s][info][gc,phases   ] GC(62) Concurrent Select Relocation Set 1.631ms
[2021-02-07T18:38:22.047+0300][577.286s][info][gc,phases   ] GC(62) Pause Relocate Start 0.103ms
[2021-02-07T18:38:22.048+0300][577.288s][info][gc,phases   ] GC(62) Concurrent Relocate 1.354ms
[2021-02-07T18:38:22.048+0300][577.288s][info][gc,load     ] GC(62) Load: 0.00/0.00/0.00
[2021-02-07T18:38:22.049+0300][577.288s][info][gc,mmu      ] GC(62) MMU: 2ms/76.9%, 5ms/90.7%, 10ms/95.0%, 20ms/97.5%, 50ms/98.9%, 100ms/99.0%
[2021-02-07T18:38:22.049+0300][577.288s][info][gc,marking  ] GC(62) Mark: 1 stripe(s), 2 proactive flush(es), 1 terminate flush(es), 1 completion(s), 0 continuation(s)
[2021-02-07T18:38:22.049+0300][577.288s][info][gc,nmethod  ] GC(62) NMethods: 1942 registered, 10 unregistered
[2021-02-07T18:38:22.049+0300][577.288s][info][gc,metaspace] GC(62) Metaspace: 6M used, 7M capacity, 7M committed, 1032M reserved
[2021-02-07T18:38:22.049+0300][577.288s][info][gc,ref      ] GC(62) Soft: 217 encountered, 95 discovered, 0 enqueued
[2021-02-07T18:38:22.049+0300][577.288s][info][gc,ref      ] GC(62) Weak: 1039 encountered, 641 discovered, 0 enqueued
[2021-02-07T18:38:22.049+0300][577.288s][info][gc,ref      ] GC(62) Final: 0 encountered, 0 discovered, 0 enqueued
[2021-02-07T18:38:22.049+0300][577.288s][info][gc,ref      ] GC(62) Phantom: 7 encountered, 6 discovered, 0 enqueued
[2021-02-07T18:38:22.049+0300][577.288s][info][gc,reloc    ] GC(62) Small Pages: 110 / 220M(94%), Empty: 0M(0%), Compacting: 4M(2%)->2M(1%)
[2021-02-07T18:38:22.049+0300][577.288s][info][gc,reloc    ] GC(62) Medium Pages: 0 / 0M(0%), Empty: 0M(0%), Compacting: 0M(0%)->0M(0%)
[2021-02-07T18:38:22.049+0300][577.288s][info][gc,reloc    ] GC(62) Large Pages: 1 / 14M(6%), Empty: 0M(0%), Compacting: 0M(0%)->0M(0%)
[2021-02-07T18:38:22.049+0300][577.288s][info][gc,reloc    ] GC(62) Relocation: Successful
[2021-02-07T18:38:22.049+0300][577.288s][info][gc,heap     ] GC(62) Min Capacity: 256M(100%)
[2021-02-07T18:38:22.049+0300][577.288s][info][gc,heap     ] GC(62) Max Capacity: 256M(100%)
[2021-02-07T18:38:22.049+0300][577.288s][info][gc,heap     ] GC(62) Soft Max Capacity: 256M(100%)
[2021-02-07T18:38:22.049+0300][577.288s][info][gc,heap     ] GC(62)                Mark Start          Mark End        Relocate Start      Relocate End           High               Low
[2021-02-07T18:38:22.049+0300][577.288s][info][gc,heap     ] GC(62)  Capacity:      256M (100%)        256M (100%)        256M (100%)        256M (100%)        256M (100%)        256M (100%)
[2021-02-07T18:38:22.049+0300][577.288s][info][gc,heap     ] GC(62)   Reserve:       12M (5%)           12M (5%)           12M (5%)           12M (5%)           12M (5%)           12M (5%)
[2021-02-07T18:38:22.049+0300][577.288s][info][gc,heap     ] GC(62)      Free:       10M (4%)            8M (3%)            8M (3%)           10M (4%)           10M (4%)            6M (2%)
[2021-02-07T18:38:22.049+0300][577.288s][info][gc,heap     ] GC(62)      Used:      234M (91%)         236M (92%)         236M (92%)         234M (91%)         238M (93%)         234M (91%)
[2021-02-07T18:38:22.049+0300][577.288s][info][gc,heap     ] GC(62)      Live:         -               225M (88%)         225M (88%)         225M (88%)            -                  -
[2021-02-07T18:38:22.049+0300][577.288s][info][gc,heap     ] GC(62) Allocated:         -                 2M (1%)            2M (1%)            4M (2%)             -                  -
[2021-02-07T18:38:22.049+0300][577.288s][info][gc,heap     ] GC(62)   Garbage:         -                 8M (3%)            8M (3%)            6M (3%)             -                  -
[2021-02-07T18:38:22.049+0300][577.288s][info][gc,heap     ] GC(62) Reclaimed:         -                  -                 0M (0%)            2M (1%)             -                  -
[2021-02-07T18:38:22.049+0300][577.288s][info][gc          ] GC(62) Garbage Collection (High Usage) 234M(91%)->234M(91%)
[2021-02-07T18:38:22.104+0300][577.343s][info][gc,start    ] GC(63) Garbage Collection (High Usage)
[2021-02-07T18:38:22.107+0300][577.346s][info][gc,phases   ] GC(63) Pause Mark Start 0.131ms
[2021-02-07T18:38:22.440+0300][577.679s][info][gc,phases   ] GC(63) Concurrent Mark 332.708ms
[2021-02-07T18:38:22.441+0300][577.680s][info][gc,phases   ] GC(63) Pause Mark End 0.170ms
[2021-02-07T18:38:22.444+0300][577.684s][info][gc,phases   ] GC(63) Concurrent Process Non-Strong References 3.284ms
[2021-02-07T18:38:22.444+0300][577.684s][info][gc,phases   ] GC(63) Concurrent Reset Relocation Set 0.011ms
[2021-02-07T18:38:22.446+0300][577.685s][info][gc,phases   ] GC(63) Concurrent Select Relocation Set 1.562ms
[2021-02-07T18:38:22.447+0300][577.686s][info][gc,phases   ] GC(63) Pause Relocate Start 0.101ms
[2021-02-07T18:38:22.448+0300][577.688s][info][gc,phases   ] GC(63) Concurrent Relocate 1.292ms
[2021-02-07T18:38:22.448+0300][577.688s][info][gc,load     ] GC(63) Load: 0.00/0.00/0.00
[2021-02-07T18:38:22.448+0300][577.688s][info][gc,mmu      ] GC(63) MMU: 2ms/76.9%, 5ms/90.7%, 10ms/95.0%, 20ms/97.5%, 50ms/98.9%, 100ms/99.0%
[2021-02-07T18:38:22.448+0300][577.688s][info][gc,marking  ] GC(63) Mark: 1 stripe(s), 2 proactive flush(es), 1 terminate flush(es), 1 completion(s), 0 continuation(s)
[2021-02-07T18:38:22.448+0300][577.688s][info][gc,nmethod  ] GC(63) NMethods: 1945 registered, 10 unregistered
[2021-02-07T18:38:22.448+0300][577.688s][info][gc,metaspace] GC(63) Metaspace: 6M used, 7M capacity, 7M committed, 1032M reserved
[2021-02-07T18:38:22.448+0300][577.688s][info][gc,ref      ] GC(63) Soft: 218 encountered, 95 discovered, 0 enqueued
[2021-02-07T18:38:22.448+0300][577.688s][info][gc,ref      ] GC(63) Weak: 1040 encountered, 642 discovered, 0 enqueued
[2021-02-07T18:38:22.448+0300][577.688s][info][gc,ref      ] GC(63) Final: 0 encountered, 0 discovered, 0 enqueued
[2021-02-07T18:38:22.448+0300][577.688s][info][gc,ref      ] GC(63) Phantom: 7 encountered, 6 discovered, 0 enqueued
[2021-02-07T18:38:22.448+0300][577.688s][info][gc,reloc    ] GC(63) Small Pages: 110 / 220M(94%), Empty: 0M(0%), Compacting: 4M(2%)->2M(1%)
[2021-02-07T18:38:22.448+0300][577.688s][info][gc,reloc    ] GC(63) Medium Pages: 0 / 0M(0%), Empty: 0M(0%), Compacting: 0M(0%)->0M(0%)
[2021-02-07T18:38:22.448+0300][577.688s][info][gc,reloc    ] GC(63) Large Pages: 1 / 14M(6%), Empty: 0M(0%), Compacting: 0M(0%)->0M(0%)
[2021-02-07T18:38:22.449+0300][577.688s][info][gc,reloc    ] GC(63) Relocation: Successful
[2021-02-07T18:38:22.449+0300][577.688s][info][gc,heap     ] GC(63) Min Capacity: 256M(100%)
[2021-02-07T18:38:22.449+0300][577.688s][info][gc,heap     ] GC(63) Max Capacity: 256M(100%)
[2021-02-07T18:38:22.449+0300][577.688s][info][gc,heap     ] GC(63) Soft Max Capacity: 256M(100%)
[2021-02-07T18:38:22.449+0300][577.688s][info][gc,heap     ] GC(63)                Mark Start          Mark End        Relocate Start      Relocate End           High               Low
[2021-02-07T18:38:22.449+0300][577.688s][info][gc,heap     ] GC(63)  Capacity:      256M (100%)        256M (100%)        256M (100%)        256M (100%)        256M (100%)        256M (100%)
[2021-02-07T18:38:22.449+0300][577.688s][info][gc,heap     ] GC(63)   Reserve:       12M (5%)           12M (5%)           12M (5%)           12M (5%)           12M (5%)           12M (5%)
[2021-02-07T18:38:22.449+0300][577.688s][info][gc,heap     ] GC(63)      Free:       10M (4%)           10M (4%)           10M (4%)           10M (4%)           10M (4%)            6M (2%)
[2021-02-07T18:38:22.449+0300][577.688s][info][gc,heap     ] GC(63)      Used:      234M (91%)         234M (91%)         234M (91%)         234M (91%)         238M (93%)         234M (91%)
[2021-02-07T18:38:22.449+0300][577.688s][info][gc,heap     ] GC(63)      Live:         -               225M (88%)         225M (88%)         225M (88%)            -                  -
[2021-02-07T18:38:22.449+0300][577.688s][info][gc,heap     ] GC(63) Allocated:         -                 0M (0%)            0M (0%)            4M (2%)             -                  -
[2021-02-07T18:38:22.449+0300][577.688s][info][gc,heap     ] GC(63)   Garbage:         -                 8M (3%)            8M (3%)            8M (3%)             -                  -
[2021-02-07T18:38:22.449+0300][577.688s][info][gc,heap     ] GC(63) Reclaimed:         -                  -                 0M (0%)            0M (0%)             -                  -
[2021-02-07T18:38:22.449+0300][577.688s][info][gc          ] GC(63) Garbage Collection (High Usage) 234M(91%)->234M(91%)
[2021-02-07T18:38:22.503+0300][577.742s][info][gc,start    ] GC(64) Garbage Collection (High Usage)
[2021-02-07T18:38:22.504+0300][577.743s][info][gc,phases   ] GC(64) Pause Mark Start 0.129ms
[2021-02-07T18:38:22.836+0300][578.076s][info][gc,phases   ] GC(64) Concurrent Mark 332.572ms
[2021-02-07T18:38:22.837+0300][578.077s][info][gc,phases   ] GC(64) Pause Mark End 0.139ms
[2021-02-07T18:38:22.841+0300][578.081s][info][gc,phases   ] GC(64) Concurrent Process Non-Strong References 3.812ms
[2021-02-07T18:38:22.841+0300][578.081s][info][gc,phases   ] GC(64) Concurrent Reset Relocation Set 0.013ms
[2021-02-07T18:38:22.843+0300][578.083s][info][gc,phases   ] GC(64) Concurrent Select Relocation Set 1.756ms
[2021-02-07T18:38:22.844+0300][578.084s][info][gc,phases   ] GC(64) Pause Relocate Start 0.125ms
[2021-02-07T18:38:22.846+0300][578.085s][info][gc,phases   ] GC(64) Concurrent Relocate 1.385ms
[2021-02-07T18:38:22.846+0300][578.085s][info][gc,load     ] GC(64) Load: 0.00/0.00/0.00
[2021-02-07T18:38:22.846+0300][578.085s][info][gc,mmu      ] GC(64) MMU: 2ms/76.9%, 5ms/90.7%, 10ms/95.0%, 20ms/97.5%, 50ms/98.9%, 100ms/99.0%
[2021-02-07T18:38:22.846+0300][578.085s][info][gc,marking  ] GC(64) Mark: 1 stripe(s), 2 proactive flush(es), 1 terminate flush(es), 1 completion(s), 0 continuation(s)
[2021-02-07T18:38:22.846+0300][578.085s][info][gc,nmethod  ] GC(64) NMethods: 1954 registered, 10 unregistered
[2021-02-07T18:38:22.846+0300][578.085s][info][gc,metaspace] GC(64) Metaspace: 6M used, 7M capacity, 7M committed, 1032M reserved
[2021-02-07T18:38:22.846+0300][578.085s][info][gc,ref      ] GC(64) Soft: 218 encountered, 95 discovered, 0 enqueued
[2021-02-07T18:38:22.846+0300][578.085s][info][gc,ref      ] GC(64) Weak: 1040 encountered, 642 discovered, 0 enqueued
[2021-02-07T18:38:22.846+0300][578.085s][info][gc,ref      ] GC(64) Final: 0 encountered, 0 discovered, 0 enqueued
[2021-02-07T18:38:22.846+0300][578.085s][info][gc,ref      ] GC(64) Phantom: 7 encountered, 6 discovered, 0 enqueued
[2021-02-07T18:38:22.846+0300][578.085s][info][gc,reloc    ] GC(64) Small Pages: 110 / 220M(94%), Empty: 0M(0%), Compacting: 4M(2%)->2M(1%)
[2021-02-07T18:38:22.846+0300][578.085s][info][gc,reloc    ] GC(64) Medium Pages: 0 / 0M(0%), Empty: 0M(0%), Compacting: 0M(0%)->0M(0%)
[2021-02-07T18:38:22.846+0300][578.085s][info][gc,reloc    ] GC(64) Large Pages: 1 / 14M(6%), Empty: 0M(0%), Compacting: 0M(0%)->0M(0%)
[2021-02-07T18:38:22.846+0300][578.085s][info][gc,reloc    ] GC(64) Relocation: Successful
[2021-02-07T18:38:22.846+0300][578.085s][info][gc,heap     ] GC(64) Min Capacity: 256M(100%)
[2021-02-07T18:38:22.846+0300][578.085s][info][gc,heap     ] GC(64) Max Capacity: 256M(100%)
[2021-02-07T18:38:22.846+0300][578.085s][info][gc,heap     ] GC(64) Soft Max Capacity: 256M(100%)
[2021-02-07T18:38:22.846+0300][578.085s][info][gc,heap     ] GC(64)                Mark Start          Mark End        Relocate Start      Relocate End           High               Low
[2021-02-07T18:38:22.846+0300][578.085s][info][gc,heap     ] GC(64)  Capacity:      256M (100%)        256M (100%)        256M (100%)        256M (100%)        256M (100%)        256M (100%)
[2021-02-07T18:38:22.846+0300][578.085s][info][gc,heap     ] GC(64)   Reserve:       12M (5%)           12M (5%)           12M (5%)           12M (5%)           12M (5%)           12M (5%)
[2021-02-07T18:38:22.846+0300][578.085s][info][gc,heap     ] GC(64)      Free:       10M (4%)            8M (3%)            8M (3%)           10M (4%)           10M (4%)            6M (2%)
[2021-02-07T18:38:22.846+0300][578.085s][info][gc,heap     ] GC(64)      Used:      234M (91%)         236M (92%)         236M (92%)         234M (91%)         238M (93%)         234M (91%)
[2021-02-07T18:38:22.846+0300][578.085s][info][gc,heap     ] GC(64)      Live:         -               225M (88%)         225M (88%)         225M (88%)            -                  -
[2021-02-07T18:38:22.846+0300][578.086s][info][gc,heap     ] GC(64) Allocated:         -                 2M (1%)            2M (1%)            4M (2%)             -                  -
[2021-02-07T18:38:22.846+0300][578.086s][info][gc,heap     ] GC(64)   Garbage:         -                 8M (3%)            8M (3%)            6M (3%)             -                  -
[2021-02-07T18:38:22.846+0300][578.086s][info][gc,heap     ] GC(64) Reclaimed:         -                  -                 0M (0%)            2M (1%)             -                  -
[2021-02-07T18:38:22.846+0300][578.086s][info][gc          ] GC(64) Garbage Collection (High Usage) 234M(91%)->234M(91%)
[2021-02-07T18:38:22.904+0300][578.143s][info][gc,start    ] GC(65) Garbage Collection (High Usage)
[2021-02-07T18:38:22.904+0300][578.144s][info][gc,phases   ] GC(65) Pause Mark Start 0.141ms
[2021-02-07T18:38:23.233+0300][578.474s][info][gc,phases   ] GC(65) Concurrent Mark 329.331ms
[2021-02-07T18:38:23.234+0300][578.475s][info][gc,phases   ] GC(65) Pause Mark End 0.208ms
[2021-02-07T18:38:23.241+0300][578.480s][info][gc,phases   ] GC(65) Concurrent Process Non-Strong References 5.269ms
[2021-02-07T18:38:23.241+0300][578.480s][info][gc,phases   ] GC(65) Concurrent Reset Relocation Set 0.008ms
[2021-02-07T18:38:23.241+0300][578.482s][info][gc,phases   ] GC(65) Concurrent Select Relocation Set 1.636ms
[2021-02-07T18:38:23.245+0300][578.484s][info][gc,phases   ] GC(65) Pause Relocate Start 0.125ms
[2021-02-07T18:38:23.246+0300][578.486s][info][gc,phases   ] GC(65) Concurrent Relocate 1.364ms
[2021-02-07T18:38:23.246+0300][578.486s][info][gc,load     ] GC(65) Load: 0.00/0.00/0.00
[2021-02-07T18:38:23.246+0300][578.486s][info][gc,mmu      ] GC(65) MMU: 2ms/76.9%, 5ms/90.7%, 10ms/95.0%, 20ms/97.5%, 50ms/98.9%, 100ms/99.0%
[2021-02-07T18:38:23.246+0300][578.486s][info][gc,marking  ] GC(65) Mark: 1 stripe(s), 2 proactive flush(es), 1 terminate flush(es), 1 completion(s), 0 continuation(s)
[2021-02-07T18:38:23.246+0300][578.486s][info][gc,nmethod  ] GC(65) NMethods: 1956 registered, 10 unregistered
[2021-02-07T18:38:23.246+0300][578.486s][info][gc,metaspace] GC(65) Metaspace: 6M used, 7M capacity, 7M committed, 1032M reserved
[2021-02-07T18:38:23.246+0300][578.486s][info][gc,ref      ] GC(65) Soft: 218 encountered, 95 discovered, 0 enqueued
[2021-02-07T18:38:23.246+0300][578.486s][info][gc,ref      ] GC(65) Weak: 1040 encountered, 642 discovered, 0 enqueued
[2021-02-07T18:38:23.246+0300][578.486s][info][gc,ref      ] GC(65) Final: 0 encountered, 0 discovered, 0 enqueued
[2021-02-07T18:38:23.246+0300][578.486s][info][gc,ref      ] GC(65) Phantom: 7 encountered, 6 discovered, 0 enqueued
[2021-02-07T18:38:23.246+0300][578.486s][info][gc,reloc    ] GC(65) Small Pages: 110 / 220M(94%), Empty: 0M(0%), Compacting: 4M(2%)->2M(1%)
[2021-02-07T18:38:23.246+0300][578.486s][info][gc,reloc    ] GC(65) Medium Pages: 0 / 0M(0%), Empty: 0M(0%), Compacting: 0M(0%)->0M(0%)
[2021-02-07T18:38:23.246+0300][578.486s][info][gc,reloc    ] GC(65) Large Pages: 1 / 14M(6%), Empty: 0M(0%), Compacting: 0M(0%)->0M(0%)
[2021-02-07T18:38:23.246+0300][578.486s][info][gc,reloc    ] GC(65) Relocation: Successful
[2021-02-07T18:38:23.246+0300][578.486s][info][gc,heap     ] GC(65) Min Capacity: 256M(100%)
[2021-02-07T18:38:23.246+0300][578.486s][info][gc,heap     ] GC(65) Max Capacity: 256M(100%)
[2021-02-07T18:38:23.246+0300][578.486s][info][gc,heap     ] GC(65) Soft Max Capacity: 256M(100%)
[2021-02-07T18:38:23.246+0300][578.486s][info][gc,heap     ] GC(65)                Mark Start          Mark End        Relocate Start      Relocate End           High               Low
[2021-02-07T18:38:23.247+0300][578.486s][info][gc,heap     ] GC(65)  Capacity:      256M (100%)        256M (100%)        256M (100%)        256M (100%)        256M (100%)        256M (100%)
[2021-02-07T18:38:23.247+0300][578.486s][info][gc,heap     ] GC(65)   Reserve:       12M (5%)           12M (5%)           12M (5%)           12M (5%)           12M (5%)           12M (5%)
[2021-02-07T18:38:23.247+0300][578.486s][info][gc,heap     ] GC(65)      Free:       10M (4%)            8M (3%)            8M (3%)           10M (4%)           10M (4%)            6M (2%)
[2021-02-07T18:38:23.247+0300][578.486s][info][gc,heap     ] GC(65)      Used:      234M (91%)         236M (92%)         236M (92%)         234M (91%)         238M (93%)         234M (91%)
[2021-02-07T18:38:23.247+0300][578.486s][info][gc,heap     ] GC(65)      Live:         -               225M (88%)         225M (88%)         225M (88%)            -                  -
[2021-02-07T18:38:23.247+0300][578.486s][info][gc,heap     ] GC(65) Allocated:         -                 2M (1%)            2M (1%)            4M (2%)             -                  -
[2021-02-07T18:38:23.247+0300][578.486s][info][gc,heap     ] GC(65)   Garbage:         -                 8M (3%)            8M (3%)            6M (3%)             -                  -
[2021-02-07T18:38:23.247+0300][578.486s][info][gc,heap     ] GC(65) Reclaimed:         -                  -                 0M (0%)            2M (1%)             -                  -
[2021-02-07T18:38:23.247+0300][578.486s][info][gc          ] GC(65) Garbage Collection (High Usage) 234M(91%)->234M(91%)
[2021-02-07T18:38:23.303+0300][578.542s][info][gc,start    ] GC(66) Garbage Collection (High Usage)
[2021-02-07T18:38:23.303+0300][578.543s][info][gc,phases   ] GC(66) Pause Mark Start 0.100ms
[2021-02-07T18:38:23.650+0300][578.889s][info][gc,phases   ] GC(66) Concurrent Mark 346.160ms
[2021-02-07T18:38:23.666+0300][578.905s][info][gc,phases   ] GC(66) Pause Mark End 0.089ms
[2021-02-07T18:38:23.682+0300][578.921s][info][gc,phases   ] GC(66) Concurrent Process Non-Strong References 15.849ms
[2021-02-07T18:38:23.682+0300][578.921s][info][gc,phases   ] GC(66) Concurrent Reset Relocation Set 0.008ms
[2021-02-07T18:38:23.684+0300][578.923s][info][gc,phases   ] GC(66) Concurrent Select Relocation Set 1.844ms
[2021-02-07T18:38:23.684+0300][578.924s][info][gc,phases   ] GC(66) Pause Relocate Start 0.140ms
[2021-02-07T18:38:23.687+0300][578.926s][info][gc,phases   ] GC(66) Concurrent Relocate 2.166ms
[2021-02-07T18:38:23.687+0300][578.927s][info][gc,load     ] GC(66) Load: 0.00/0.00/0.00
[2021-02-07T18:38:23.687+0300][578.927s][info][gc,mmu      ] GC(66) MMU: 2ms/76.9%, 5ms/90.7%, 10ms/95.0%, 20ms/97.5%, 50ms/98.9%, 100ms/99.0%
[2021-02-07T18:38:23.687+0300][578.927s][info][gc,marking  ] GC(66) Mark: 1 stripe(s), 2 proactive flush(es), 1 terminate flush(es), 1 completion(s), 0 continuation(s)
[2021-02-07T18:38:23.687+0300][578.927s][info][gc,nmethod  ] GC(66) NMethods: 1956 registered, 10 unregistered
[2021-02-07T18:38:23.687+0300][578.927s][info][gc,metaspace] GC(66) Metaspace: 6M used, 7M capacity, 7M committed, 1032M reserved
[2021-02-07T18:38:23.687+0300][578.927s][info][gc,ref      ] GC(66) Soft: 218 encountered, 95 discovered, 0 enqueued
[2021-02-07T18:38:23.687+0300][578.927s][info][gc,ref      ] GC(66) Weak: 1040 encountered, 642 discovered, 0 enqueued
[2021-02-07T18:38:23.687+0300][578.927s][info][gc,ref      ] GC(66) Final: 0 encountered, 0 discovered, 0 enqueued
[2021-02-07T18:38:23.687+0300][578.927s][info][gc,ref      ] GC(66) Phantom: 7 encountered, 6 discovered, 0 enqueued
[2021-02-07T18:38:23.687+0300][578.927s][info][gc,reloc    ] GC(66) Small Pages: 110 / 220M(94%), Empty: 0M(0%), Compacting: 4M(2%)->2M(1%)
[2021-02-07T18:38:23.687+0300][578.927s][info][gc,reloc    ] GC(66) Medium Pages: 0 / 0M(0%), Empty: 0M(0%), Compacting: 0M(0%)->0M(0%)
[2021-02-07T18:38:23.687+0300][578.927s][info][gc,reloc    ] GC(66) Large Pages: 1 / 14M(6%), Empty: 0M(0%), Compacting: 0M(0%)->0M(0%)
[2021-02-07T18:38:23.687+0300][578.927s][info][gc,reloc    ] GC(66) Relocation: Successful
[2021-02-07T18:38:23.687+0300][578.927s][info][gc,heap     ] GC(66) Min Capacity: 256M(100%)
[2021-02-07T18:38:23.687+0300][578.927s][info][gc,heap     ] GC(66) Max Capacity: 256M(100%)
[2021-02-07T18:38:23.687+0300][578.927s][info][gc,heap     ] GC(66) Soft Max Capacity: 256M(100%)
[2021-02-07T18:38:23.687+0300][578.927s][info][gc,heap     ] GC(66)                Mark Start          Mark End        Relocate Start      Relocate End           High               Low
[2021-02-07T18:38:23.687+0300][578.927s][info][gc,heap     ] GC(66)  Capacity:      256M (100%)        256M (100%)        256M (100%)        256M (100%)        256M (100%)        256M (100%)
[2021-02-07T18:38:23.687+0300][578.927s][info][gc,heap     ] GC(66)   Reserve:       12M (5%)           12M (5%)           12M (5%)           12M (5%)           12M (5%)           12M (5%)
[2021-02-07T18:38:23.687+0300][578.927s][info][gc,heap     ] GC(66)      Free:       10M (4%)            8M (3%)            8M (3%)            8M (3%)           10M (4%)            4M (2%)
[2021-02-07T18:38:23.687+0300][578.927s][info][gc,heap     ] GC(66)      Used:      234M (91%)         236M (92%)         236M (92%)         236M (92%)         240M (94%)         234M (91%)
[2021-02-07T18:38:23.687+0300][578.927s][info][gc,heap     ] GC(66)      Live:         -               225M (88%)         225M (88%)         225M (88%)            -                  -
[2021-02-07T18:38:23.687+0300][578.927s][info][gc,heap     ] GC(66) Allocated:         -                 2M (1%)            2M (1%)            6M (2%)             -                  -
[2021-02-07T18:38:23.687+0300][578.927s][info][gc,heap     ] GC(66)   Garbage:         -                 8M (3%)            8M (3%)            8M (3%)             -                  -
[2021-02-07T18:38:23.687+0300][578.927s][info][gc,heap     ] GC(66) Reclaimed:         -                  -                 0M (0%)            0M (0%)             -                  -
[2021-02-07T18:38:23.687+0300][578.927s][info][gc          ] GC(66) Garbage Collection (High Usage) 234M(91%)->236M(92%)
[2021-02-07T18:38:23.713+0300][578.953s][info][gc,start    ] GC(67) Garbage Collection (High Usage)
[2021-02-07T18:38:23.715+0300][578.954s][info][gc,phases   ] GC(67) Pause Mark Start 0.135ms
[2021-02-07T18:38:24.064+0300][579.303s][info][gc,phases   ] GC(67) Concurrent Mark 349.131ms
[2021-02-07T18:38:24.080+0300][579.319s][info][gc,phases   ] GC(67) Pause Mark End 0.083ms
[2021-02-07T18:38:24.083+0300][579.322s][info][gc,phases   ] GC(67) Concurrent Process Non-Strong References 2.657ms
[2021-02-07T18:38:24.083+0300][579.322s][info][gc,phases   ] GC(67) Concurrent Reset Relocation Set 0.073ms
[2021-02-07T18:38:24.084+0300][579.324s][info][gc,phases   ] GC(67) Concurrent Select Relocation Set 1.488ms
[2021-02-07T18:38:24.085+0300][579.325s][info][gc,phases   ] GC(67) Pause Relocate Start 0.098ms
[2021-02-07T18:38:24.087+0300][579.326s][info][gc,phases   ] GC(67) Concurrent Relocate 1.290ms
[2021-02-07T18:38:24.087+0300][579.326s][info][gc,load     ] GC(67) Load: 0.00/0.00/0.00
[2021-02-07T18:38:24.087+0300][579.326s][info][gc,mmu      ] GC(67) MMU: 2ms/76.9%, 5ms/90.7%, 10ms/95.0%, 20ms/97.5%, 50ms/98.9%, 100ms/99.0%
[2021-02-07T18:38:24.087+0300][579.326s][info][gc,marking  ] GC(67) Mark: 1 stripe(s), 2 proactive flush(es), 1 terminate flush(es), 1 completion(s), 0 continuation(s)
[2021-02-07T18:38:24.087+0300][579.326s][info][gc,nmethod  ] GC(67) NMethods: 1957 registered, 10 unregistered
[2021-02-07T18:38:24.087+0300][579.326s][info][gc,metaspace] GC(67) Metaspace: 6M used, 7M capacity, 7M committed, 1032M reserved
[2021-02-07T18:38:24.087+0300][579.326s][info][gc,ref      ] GC(67) Soft: 218 encountered, 95 discovered, 0 enqueued
[2021-02-07T18:38:24.087+0300][579.326s][info][gc,ref      ] GC(67) Weak: 1040 encountered, 642 discovered, 0 enqueued
[2021-02-07T18:38:24.087+0300][579.326s][info][gc,ref      ] GC(67) Final: 0 encountered, 0 discovered, 0 enqueued
[2021-02-07T18:38:24.087+0300][579.326s][info][gc,ref      ] GC(67) Phantom: 7 encountered, 6 discovered, 0 enqueued
[2021-02-07T18:38:24.087+0300][579.326s][info][gc,reloc    ] GC(67) Small Pages: 111 / 222M(94%), Empty: 0M(0%), Compacting: 6M(3%)->2M(1%)
[2021-02-07T18:38:24.087+0300][579.326s][info][gc,reloc    ] GC(67) Medium Pages: 0 / 0M(0%), Empty: 0M(0%), Compacting: 0M(0%)->0M(0%)
[2021-02-07T18:38:24.087+0300][579.326s][info][gc,reloc    ] GC(67) Large Pages: 1 / 14M(6%), Empty: 0M(0%), Compacting: 0M(0%)->0M(0%)
[2021-02-07T18:38:24.087+0300][579.326s][info][gc,reloc    ] GC(67) Relocation: Successful
[2021-02-07T18:38:24.087+0300][579.326s][info][gc,heap     ] GC(67) Min Capacity: 256M(100%)
[2021-02-07T18:38:24.087+0300][579.326s][info][gc,heap     ] GC(67) Max Capacity: 256M(100%)
[2021-02-07T18:38:24.087+0300][579.326s][info][gc,heap     ] GC(67) Soft Max Capacity: 256M(100%)
[2021-02-07T18:38:24.087+0300][579.326s][info][gc,heap     ] GC(67)                Mark Start          Mark End        Relocate Start      Relocate End           High               Low
[2021-02-07T18:38:24.087+0300][579.326s][info][gc,heap     ] GC(67)  Capacity:      256M (100%)        256M (100%)        256M (100%)        256M (100%)        256M (100%)        256M (100%)
[2021-02-07T18:38:24.087+0300][579.326s][info][gc,heap     ] GC(67)   Reserve:       12M (5%)           12M (5%)           12M (5%)           12M (5%)           12M (5%)           12M (5%)
[2021-02-07T18:38:24.087+0300][579.326s][info][gc,heap     ] GC(67)      Free:        8M (3%)            6M (2%)            6M (2%)            8M (3%)            8M (3%)            2M (1%)
[2021-02-07T18:38:24.087+0300][579.326s][info][gc,heap     ] GC(67)      Used:      236M (92%)         238M (93%)         238M (93%)         236M (92%)         242M (95%)         236M (92%)
[2021-02-07T18:38:24.087+0300][579.326s][info][gc,heap     ] GC(67)      Live:         -               225M (88%)         225M (88%)         225M (88%)            -                  -
[2021-02-07T18:38:24.087+0300][579.326s][info][gc,heap     ] GC(67) Allocated:         -                 2M (1%)            2M (1%)            6M (2%)             -                  -
[2021-02-07T18:38:24.087+0300][579.326s][info][gc,heap     ] GC(67)   Garbage:         -                10M (4%)           10M (4%)            8M (3%)             -                  -
[2021-02-07T18:38:24.087+0300][579.326s][info][gc,heap     ] GC(67) Reclaimed:         -                  -                 0M (0%)            2M (1%)             -                  -
[2021-02-07T18:38:24.087+0300][579.326s][info][gc          ] GC(67) Garbage Collection (High Usage) 236M(92%)->236M(92%)
[2021-02-07T18:38:24.112+0300][579.351s][info][gc,start    ] GC(68) Garbage Collection (High Usage)
[2021-02-07T18:38:24.113+0300][579.352s][info][gc,phases   ] GC(68) Pause Mark Start 0.121ms
[2021-02-07T18:38:24.476+0300][579.715s][info][gc,phases   ] GC(68) Concurrent Mark 362.834ms
[2021-02-07T18:38:24.476+0300][579.716s][info][gc,phases   ] GC(68) Pause Mark End 0.099ms
[2021-02-07T18:38:24.479+0300][579.719s][info][gc,phases   ] GC(68) Concurrent Process Non-Strong References 2.888ms
[2021-02-07T18:38:24.479+0300][579.719s][info][gc,phases   ] GC(68) Concurrent Reset Relocation Set 0.007ms
[2021-02-07T18:38:24.481+0300][579.720s][info][gc,phases   ] GC(68) Concurrent Select Relocation Set 1.506ms
[2021-02-07T18:38:24.482+0300][579.721s][info][gc,phases   ] GC(68) Pause Relocate Start 0.104ms
[2021-02-07T18:38:24.483+0300][579.723s][info][gc,phases   ] GC(68) Concurrent Relocate 1.379ms
[2021-02-07T18:38:24.483+0300][579.723s][info][gc,load     ] GC(68) Load: 0.00/0.00/0.00
[2021-02-07T18:38:24.483+0300][579.723s][info][gc,mmu      ] GC(68) MMU: 2ms/76.9%, 5ms/90.7%, 10ms/95.0%, 20ms/97.5%, 50ms/98.9%, 100ms/99.0%
[2021-02-07T18:38:24.483+0300][579.723s][info][gc,marking  ] GC(68) Mark: 1 stripe(s), 2 proactive flush(es), 1 terminate flush(es), 1 completion(s), 0 continuation(s)
[2021-02-07T18:38:24.483+0300][579.723s][info][gc,nmethod  ] GC(68) NMethods: 1958 registered, 10 unregistered
[2021-02-07T18:38:24.483+0300][579.723s][info][gc,metaspace] GC(68) Metaspace: 6M used, 7M capacity, 7M committed, 1032M reserved
[2021-02-07T18:38:24.483+0300][579.723s][info][gc,ref      ] GC(68) Soft: 219 encountered, 95 discovered, 0 enqueued
[2021-02-07T18:38:24.483+0300][579.723s][info][gc,ref      ] GC(68) Weak: 1041 encountered, 643 discovered, 0 enqueued
[2021-02-07T18:38:24.484+0300][579.723s][info][gc,ref      ] GC(68) Final: 0 encountered, 0 discovered, 0 enqueued
[2021-02-07T18:38:24.484+0300][579.723s][info][gc,ref      ] GC(68) Phantom: 7 encountered, 6 discovered, 0 enqueued
[2021-02-07T18:38:24.484+0300][579.723s][info][gc,reloc    ] GC(68) Small Pages: 111 / 222M(94%), Empty: 0M(0%), Compacting: 6M(3%)->2M(1%)
[2021-02-07T18:38:24.484+0300][579.723s][info][gc,reloc    ] GC(68) Medium Pages: 0 / 0M(0%), Empty: 0M(0%), Compacting: 0M(0%)->0M(0%)
[2021-02-07T18:38:24.484+0300][579.723s][info][gc,reloc    ] GC(68) Large Pages: 1 / 14M(6%), Empty: 0M(0%), Compacting: 0M(0%)->0M(0%)
[2021-02-07T18:38:24.484+0300][579.723s][info][gc,reloc    ] GC(68) Relocation: Successful
[2021-02-07T18:38:24.484+0300][579.723s][info][gc,heap     ] GC(68) Min Capacity: 256M(100%)
[2021-02-07T18:38:24.484+0300][579.723s][info][gc,heap     ] GC(68) Max Capacity: 256M(100%)
[2021-02-07T18:38:24.484+0300][579.723s][info][gc,heap     ] GC(68) Soft Max Capacity: 256M(100%)
[2021-02-07T18:38:24.484+0300][579.723s][info][gc,heap     ] GC(68)                Mark Start          Mark End        Relocate Start      Relocate End           High               Low
[2021-02-07T18:38:24.484+0300][579.723s][info][gc,heap     ] GC(68)  Capacity:      256M (100%)        256M (100%)        256M (100%)        256M (100%)        256M (100%)        256M (100%)
[2021-02-07T18:38:24.484+0300][579.723s][info][gc,heap     ] GC(68)   Reserve:       12M (5%)           12M (5%)           12M (5%)           12M (5%)           12M (5%)           12M (5%)
[2021-02-07T18:38:24.484+0300][579.723s][info][gc,heap     ] GC(68)      Free:        8M (3%)            8M (3%)            8M (3%)           12M (5%)           12M (5%)            6M (2%)
[2021-02-07T18:38:24.484+0300][579.723s][info][gc,heap     ] GC(68)      Used:      236M (92%)         236M (92%)         236M (92%)         232M (91%)         238M (93%)         232M (91%)
[2021-02-07T18:38:24.484+0300][579.723s][info][gc,heap     ] GC(68)      Live:         -               225M (88%)         225M (88%)         225M (88%)            -                  -
[2021-02-07T18:38:24.484+0300][579.723s][info][gc,heap     ] GC(68) Allocated:         -                 0M (0%)            0M (0%)            2M (1%)             -                  -
[2021-02-07T18:38:24.484+0300][579.723s][info][gc,heap     ] GC(68)   Garbage:         -                10M (4%)           10M (4%)            6M (3%)             -                  -
[2021-02-07T18:38:24.484+0300][579.723s][info][gc,heap     ] GC(68) Reclaimed:         -                  -                 0M (0%)            4M (2%)             -                  -
[2021-02-07T18:38:24.484+0300][579.723s][info][gc          ] GC(68) Garbage Collection (High Usage) 236M(92%)->232M(91%)
[2021-02-07T18:38:24.507+0300][579.746s][info][gc,start    ] GC(69) Garbage Collection (High Usage)
[2021-02-07T18:38:24.507+0300][579.747s][info][gc,phases   ] GC(69) Pause Mark Start 0.087ms
[2021-02-07T18:38:24.806+0300][580.045s][info][gc,stats    ] === Garbage Collection Statistics =======================================================================================================================
[2021-02-07T18:38:24.806+0300][580.045s][info][gc,stats    ]                                                              Last 10s              Last 10m              Last 10h                Total
[2021-02-07T18:38:24.806+0300][580.045s][info][gc,stats    ]                                                              Avg / Max             Avg / Max             Avg / Max             Avg / Max
[2021-02-07T18:38:24.806+0300][580.045s][info][gc,stats    ]   Collector: Garbage Collection Cycle                    348.830 / 384.435     281.799 / 384.435     281.799 / 384.435     281.799 / 384.435     ms
[2021-02-07T18:38:24.806+0300][580.045s][info][gc,stats    ]  Contention: Mark Segment Reset Contention                     0 / 0                 0 / 2                 0 / 2                 0 / 2           ops/s
[2021-02-07T18:38:24.806+0300][580.045s][info][gc,stats    ]  Contention: Mark SeqNum Reset Contention                      0 / 0                 0 / 0                 0 / 0                 0 / 0           ops/s
[2021-02-07T18:38:24.806+0300][580.045s][info][gc,stats    ]  Contention: Relocation Contention                            68 / 413               8 / 1730              8 / 1730              8 / 1730        ops/s
[2021-02-07T18:38:24.806+0300][580.045s][info][gc,stats    ]    Critical: Allocation Stall                              0.000 / 0.000       184.958 / 189.366     184.958 / 189.366     184.958 / 189.366     ms
[2021-02-07T18:38:24.806+0300][580.045s][info][gc,stats    ]    Critical: Allocation Stall                                  0 / 0                 0 / 1                 0 / 1                 0 / 1           ops/s
[2021-02-07T18:38:24.806+0300][580.045s][info][gc,stats    ]    Critical: GC Locker Stall                               0.000 / 0.000         0.000 / 0.000         0.000 / 0.000         0.000 / 0.000       ms
[2021-02-07T18:38:24.806+0300][580.045s][info][gc,stats    ]    Critical: GC Locker Stall                                   0 / 0                 0 / 0                 0 / 0                 0 / 0           ops/s
[2021-02-07T18:38:24.806+0300][580.045s][info][gc,stats    ]      Memory: Allocation Rate                                   5 / 6                 1 / 304               1 / 304               1 / 304         MB/s
[2021-02-07T18:38:24.806+0300][580.045s][info][gc,stats    ]      Memory: Heap Used After Mark                            235 / 238             194 / 244             194 / 244             194 / 244         MB
[2021-02-07T18:38:24.806+0300][580.045s][info][gc,stats    ]      Memory: Heap Used After Relocation                      234 / 236             188 / 240             188 / 240             188 / 240         MB
[2021-02-07T18:38:24.806+0300][580.045s][info][gc,stats    ]      Memory: Heap Used Before Mark                           234 / 236             193 / 244             193 / 244             193 / 244         MB
[2021-02-07T18:38:24.806+0300][580.045s][info][gc,stats    ]      Memory: Heap Used Before Relocation                     235 / 238             193 / 240             193 / 240             193 / 240         MB
[2021-02-07T18:38:24.806+0300][580.045s][info][gc,stats    ]      Memory: Out Of Memory                                     0 / 0                 0 / 0                 0 / 0                 0 / 0           ops/s
[2021-02-07T18:38:24.806+0300][580.045s][info][gc,stats    ]      Memory: Page Cache Flush                                  0 / 0                 0 / 14                0 / 14                0 / 14          MB/s
[2021-02-07T18:38:24.806+0300][580.045s][info][gc,stats    ]      Memory: Page Cache Hit L1                                 5 / 6                 0 / 21                0 / 21                0 / 21          ops/s
[2021-02-07T18:38:24.806+0300][580.045s][info][gc,stats    ]      Memory: Page Cache Hit L2                                 0 / 0                 0 / 0                 0 / 0                 0 / 0           ops/s
[2021-02-07T18:38:24.806+0300][580.045s][info][gc,stats    ]      Memory: Page Cache Hit L3                                 0 / 0                 0 / 16                0 / 16                0 / 16          ops/s
[2021-02-07T18:38:24.806+0300][580.045s][info][gc,stats    ]      Memory: Page Cache Miss                                   0 / 0                 0 / 1                 0 / 1                 0 / 1           ops/s
[2021-02-07T18:38:24.806+0300][580.045s][info][gc,stats    ]      Memory: Uncommit                                          0 / 0                 0 / 0                 0 / 0                 0 / 0           MB/s
[2021-02-07T18:38:24.806+0300][580.045s][info][gc,stats    ]      Memory: Undo Object Allocation Failed                     0 / 0                 0 / 0                 0 / 0                 0 / 0           ops/s
[2021-02-07T18:38:24.806+0300][580.045s][info][gc,stats    ]      Memory: Undo Object Allocation Succeeded                 68 / 413               8 / 1730              8 / 1730              8 / 1730        ops/s
[2021-02-07T18:38:24.806+0300][580.045s][info][gc,stats    ]      Memory: Undo Page Allocation                              0 / 0                 0 / 0                 0 / 0                 0 / 0           ops/s
[2021-02-07T18:38:24.806+0300][580.045s][info][gc,stats    ]       Phase: Concurrent Mark                             336.100 / 362.834     266.931 / 362.834     266.931 / 362.834     266.931 / 362.834     ms
[2021-02-07T18:38:24.806+0300][580.045s][info][gc,stats    ]       Phase: Concurrent Mark Continue                      0.000 / 0.000         0.000 / 0.000         0.000 / 0.000         0.000 / 0.000       ms
[2021-02-07T18:38:24.806+0300][580.045s][info][gc,stats    ]       Phase: Concurrent Process Non-Strong References      4.617 / 15.849        3.602 / 15.849        3.602 / 15.849        3.602 / 15.849      ms
[2021-02-07T18:38:24.806+0300][580.045s][info][gc,stats    ]       Phase: Concurrent Relocate                           1.475 / 2.166         4.922 / 20.674        4.922 / 20.674        4.922 / 20.674      ms
[2021-02-07T18:38:24.806+0300][580.045s][info][gc,stats    ]       Phase: Concurrent Reset Relocation Set               0.028 / 0.223         0.164 / 0.806         0.164 / 0.806         0.164 / 0.806       ms
[2021-02-07T18:38:24.806+0300][580.045s][info][gc,stats    ]       Phase: Concurrent Select Relocation Set              1.520 / 1.990         2.202 / 7.297         2.202 / 7.297         2.202 / 7.297       ms
[2021-02-07T18:38:24.806+0300][580.046s][info][gc,stats    ]       Phase: Pause Mark End                                0.181 / 0.221         0.206 / 0.367         0.206 / 0.367         0.206 / 0.367       ms
[2021-02-07T18:38:24.806+0300][580.046s][info][gc,stats    ]       Phase: Pause Mark Start                              0.123 / 0.143         0.120 / 0.463         0.120 / 0.463         0.120 / 0.463       ms
[2021-02-07T18:38:24.806+0300][580.046s][info][gc,stats    ]       Phase: Pause Relocate Start                          0.120 / 0.142         0.125 / 0.287         0.125 / 0.287         0.125 / 0.287       ms
[2021-02-07T18:38:24.806+0300][580.046s][info][gc,stats    ]    Subphase: Concurrent Classes Purge                      0.142 / 0.194         0.133 / 0.244         0.133 / 0.244         0.133 / 0.244       ms
[2021-02-07T18:38:24.806+0300][580.046s][info][gc,stats    ]    Subphase: Concurrent Classes Unlink                     1.954 / 2.499         1.700 / 3.341         1.700 / 3.341         1.700 / 3.341       ms
[2021-02-07T18:38:24.806+0300][580.046s][info][gc,stats    ]    Subphase: Concurrent Mark                             335.859 / 362.604     263.953 / 362.604     263.953 / 362.604     263.953 / 362.604     ms
[2021-02-07T18:38:24.806+0300][580.046s][info][gc,stats    ]    Subphase: Concurrent Mark Idle                          0.000 / 0.000         8.300 / 14.654        8.300 / 14.654        8.300 / 14.654      ms
[2021-02-07T18:38:24.806+0300][580.046s][info][gc,stats    ]    Subphase: Concurrent Mark Try Flush                     2.507 / 17.558        1.599 / 17.558        1.599 / 17.558        1.599 / 17.558      ms
[2021-02-07T18:38:24.806+0300][580.046s][info][gc,stats    ]    Subphase: Concurrent Mark Try Terminate                 1.481 / 16.513        0.987 / 16.513        0.987 / 16.513        0.987 / 16.513      ms
[2021-02-07T18:38:24.806+0300][580.046s][info][gc,stats    ]    Subphase: Concurrent References Enqueue                 0.000 / 0.001         0.001 / 0.005         0.001 / 0.005         0.001 / 0.005       ms
[2021-02-07T18:38:24.806+0300][580.046s][info][gc,stats    ]    Subphase: Concurrent References Process                 0.116 / 0.154         0.118 / 0.211         0.118 / 0.211         0.118 / 0.211       ms
[2021-02-07T18:38:24.806+0300][580.046s][info][gc,stats    ]    Subphase: Concurrent Roots                              0.085 / 0.125         0.072 / 0.125         0.072 / 0.125         0.072 / 0.125       ms
[2021-02-07T18:38:24.806+0300][580.046s][info][gc,stats    ]    Subphase: Concurrent Roots ClassLoaderDataGraph         0.078 / 0.117         0.066 / 0.117         0.066 / 0.117         0.066 / 0.117       ms
[2021-02-07T18:38:24.806+0300][580.046s][info][gc,stats    ]    Subphase: Concurrent Roots JNIHandles                   0.004 / 0.005         0.003 / 0.005         0.003 / 0.005         0.003 / 0.005       ms
[2021-02-07T18:38:24.806+0300][580.046s][info][gc,stats    ]    Subphase: Concurrent Roots Setup                        0.006 / 0.007         0.005 / 0.010         0.005 / 0.010         0.005 / 0.010       ms
[2021-02-07T18:38:24.806+0300][580.046s][info][gc,stats    ]    Subphase: Concurrent Roots Teardown                     0.000 / 0.000         0.000 / 0.000         0.000 / 0.000         0.000 / 0.000       ms
[2021-02-07T18:38:24.806+0300][580.046s][info][gc,stats    ]    Subphase: Concurrent Roots VMHandles                    0.003 / 0.004         0.002 / 0.004         0.002 / 0.004         0.002 / 0.004       ms
[2021-02-07T18:38:24.806+0300][580.046s][info][gc,stats    ]    Subphase: Concurrent Weak Roots                         0.300 / 0.383         0.249 / 0.414         0.249 / 0.414         0.249 / 0.414       ms
[2021-02-07T18:38:24.806+0300][580.046s][info][gc,stats    ]    Subphase: Concurrent Weak Roots JNIWeakHandles          0.000 / 0.000         0.000 / 0.000         0.000 / 0.000         0.000 / 0.000       ms
[2021-02-07T18:38:24.806+0300][580.046s][info][gc,stats    ]    Subphase: Concurrent Weak Roots ResolvedMethodTable     0.017 / 0.026         0.015 / 0.028         0.015 / 0.028         0.015 / 0.028       ms
[2021-02-07T18:38:24.806+0300][580.046s][info][gc,stats    ]    Subphase: Concurrent Weak Roots StringTable             0.275 / 0.350         0.226 / 0.383         0.226 / 0.383         0.226 / 0.383       ms
[2021-02-07T18:38:24.806+0300][580.046s][info][gc,stats    ]    Subphase: Concurrent Weak Roots VMWeakHandles           0.008 / 0.013         0.006 / 0.013         0.006 / 0.013         0.006 / 0.013       ms
[2021-02-07T18:38:24.806+0300][580.046s][info][gc,stats    ]    Subphase: Pause Mark Try Complete                       0.037 / 0.047         0.051 / 0.189         0.051 / 0.189         0.051 / 0.189       ms
[2021-02-07T18:38:24.806+0300][580.046s][info][gc,stats    ]    Subphase: Pause Roots                                   0.034 / 0.050         0.040 / 0.408         0.040 / 0.408         0.040 / 0.408       ms
[2021-02-07T18:38:24.806+0300][580.046s][info][gc,stats    ]    Subphase: Pause Roots CodeCache                         0.000 / 0.000         0.000 / 0.000         0.000 / 0.000         0.000 / 0.000       ms
[2021-02-07T18:38:24.806+0300][580.046s][info][gc,stats    ]    Subphase: Pause Roots JVMTIExport                       0.000 / 0.001         0.000 / 0.002         0.000 / 0.002         0.000 / 0.002       ms
[2021-02-07T18:38:24.806+0300][580.046s][info][gc,stats    ]    Subphase: Pause Roots JVMTIWeakExport                   0.000 / 0.000         0.000 / 0.001         0.000 / 0.001         0.000 / 0.001       ms
[2021-02-07T18:38:24.806+0300][580.046s][info][gc,stats    ]    Subphase: Pause Roots Java Threads                      0.031 / 0.046         0.036 / 0.404         0.036 / 0.404         0.036 / 0.404       ms
[2021-02-07T18:38:24.806+0300][580.046s][info][gc,stats    ]    Subphase: Pause Roots Management                        0.002 / 0.010         0.003 / 0.033         0.003 / 0.033         0.003 / 0.033       ms
[2021-02-07T18:38:24.806+0300][580.046s][info][gc,stats    ]    Subphase: Pause Roots ObjectSynchronizer                0.000 / 0.000         0.000 / 0.004         0.000 / 0.004         0.000 / 0.004       ms
[2021-02-07T18:38:24.806+0300][580.046s][info][gc,stats    ]    Subphase: Pause Roots Setup                             0.000 / 0.001         0.000 / 0.001         0.000 / 0.001         0.000 / 0.001       ms
[2021-02-07T18:38:24.806+0300][580.046s][info][gc,stats    ]    Subphase: Pause Roots Teardown                          0.001 / 0.007         0.001 / 0.007         0.001 / 0.007         0.001 / 0.007       ms
[2021-02-07T18:38:24.806+0300][580.046s][info][gc,stats    ]    Subphase: Pause Roots Universe                          0.002 / 0.013         0.002 / 0.027         0.002 / 0.027         0.002 / 0.027       ms
[2021-02-07T18:38:24.806+0300][580.046s][info][gc,stats    ]    Subphase: Pause Roots VM Thread                         0.001 / 0.001         0.001 / 0.010         0.001 / 0.010         0.001 / 0.010       ms
[2021-02-07T18:38:24.806+0300][580.046s][info][gc,stats    ]    Subphase: Pause Weak Roots                              0.001 / 0.003         0.001 / 0.014         0.001 / 0.014         0.001 / 0.014       ms
[2021-02-07T18:38:24.806+0300][580.046s][info][gc,stats    ]    Subphase: Pause Weak Roots JFRWeak                      0.000 / 0.001         0.001 / 0.013         0.001 / 0.013         0.001 / 0.013       ms
[2021-02-07T18:38:24.806+0300][580.046s][info][gc,stats    ]    Subphase: Pause Weak Roots JVMTIWeakExport              0.000 / 0.001         0.001 / 0.013         0.001 / 0.013         0.001 / 0.013       ms
[2021-02-07T18:38:24.807+0300][580.046s][info][gc,stats    ]    Subphase: Pause Weak Roots Setup                        0.000 / 0.000         0.000 / 0.001         0.000 / 0.001         0.000 / 0.001       ms
[2021-02-07T18:38:24.807+0300][580.046s][info][gc,stats    ]    Subphase: Pause Weak Roots Teardown                     0.000 / 0.000         0.000 / 0.000         0.000 / 0.000         0.000 / 0.000       ms
[2021-02-07T18:38:24.807+0300][580.046s][info][gc,stats    ]      System: Java Threads                                     16 / 16               15 / 16               15 / 16               15 / 16          threads
[2021-02-07T18:38:24.807+0300][580.046s][info][gc,stats    ] =========================================================================================================================================================
[2021-02-07T18:38:24.843+0300][580.082s][info][gc,phases   ] GC(69) Concurrent Mark 335.479ms
[2021-02-07T18:38:24.843+0300][580.083s][info][gc,phases   ] GC(69) Pause Mark End 0.117ms
[2021-02-07T18:38:24.846+0300][580.086s][info][gc,phases   ] GC(69) Concurrent Process Non-Strong References 2.577ms
[2021-02-07T18:38:24.846+0300][580.086s][info][gc,phases   ] GC(69) Concurrent Reset Relocation Set 0.007ms
[2021-02-07T18:38:24.848+0300][580.087s][info][gc,phases   ] GC(69) Concurrent Select Relocation Set 1.451ms
[2021-02-07T18:38:24.849+0300][580.088s][info][gc,phases   ] GC(69) Pause Relocate Start 0.098ms
[2021-02-07T18:38:24.850+0300][580.089s][info][gc,phases   ] GC(69) Concurrent Relocate 1.190ms
[2021-02-07T18:38:24.850+0300][580.089s][info][gc,load     ] GC(69) Load: 0.00/0.00/0.00
[2021-02-07T18:38:24.850+0300][580.089s][info][gc,mmu      ] GC(69) MMU: 2ms/76.9%, 5ms/90.7%, 10ms/95.0%, 20ms/97.5%, 50ms/98.9%, 100ms/99.0%
[2021-02-07T18:38:24.850+0300][580.089s][info][gc,marking  ] GC(69) Mark: 1 stripe(s), 2 proactive flush(es), 1 terminate flush(es), 1 completion(s), 0 continuation(s)
[2021-02-07T18:38:24.850+0300][580.089s][info][gc,nmethod  ] GC(69) NMethods: 1959 registered, 10 unregistered
[2021-02-07T18:38:24.850+0300][580.089s][info][gc,metaspace] GC(69) Metaspace: 6M used, 7M capacity, 7M committed, 1032M reserved
[2021-02-07T18:38:24.850+0300][580.089s][info][gc,ref      ] GC(69) Soft: 219 encountered, 95 discovered, 0 enqueued
[2021-02-07T18:38:24.850+0300][580.089s][info][gc,ref      ] GC(69) Weak: 1041 encountered, 643 discovered, 0 enqueued
[2021-02-07T18:38:24.850+0300][580.089s][info][gc,ref      ] GC(69) Final: 0 encountered, 0 discovered, 0 enqueued
[2021-02-07T18:38:24.850+0300][580.089s][info][gc,ref      ] GC(69) Phantom: 7 encountered, 6 discovered, 0 enqueued
[2021-02-07T18:38:24.850+0300][580.089s][info][gc,reloc    ] GC(69) Small Pages: 110 / 220M(94%), Empty: 0M(0%), Compacting: 4M(2%)->2M(1%)
[2021-02-07T18:38:24.850+0300][580.089s][info][gc,reloc    ] GC(69) Medium Pages: 0 / 0M(0%), Empty: 0M(0%), Compacting: 0M(0%)->0M(0%)
[2021-02-07T18:38:24.850+0300][580.089s][info][gc,reloc    ] GC(69) Large Pages: 1 / 14M(6%), Empty: 0M(0%), Compacting: 0M(0%)->0M(0%)
[2021-02-07T18:38:24.850+0300][580.089s][info][gc,reloc    ] GC(69) Relocation: Successful
[2021-02-07T18:38:24.850+0300][580.090s][info][gc,heap     ] GC(69) Min Capacity: 256M(100%)
[2021-02-07T18:38:24.850+0300][580.090s][info][gc,heap     ] GC(69) Max Capacity: 256M(100%)
[2021-02-07T18:38:24.850+0300][580.090s][info][gc,heap     ] GC(69) Soft Max Capacity: 256M(100%)
[2021-02-07T18:38:24.850+0300][580.090s][info][gc,heap     ] GC(69)                Mark Start          Mark End        Relocate Start      Relocate End           High               Low
[2021-02-07T18:38:24.850+0300][580.090s][info][gc,heap     ] GC(69)  Capacity:      256M (100%)        256M (100%)        256M (100%)        256M (100%)        256M (100%)        256M (100%)
[2021-02-07T18:38:24.850+0300][580.090s][info][gc,heap     ] GC(69)   Reserve:       12M (5%)           12M (5%)           12M (5%)           12M (5%)           12M (5%)           12M (5%)
[2021-02-07T18:38:24.850+0300][580.090s][info][gc,heap     ] GC(69)      Free:       10M (4%)            8M (3%)            8M (3%)            8M (3%)           10M (4%)            4M (2%)
[2021-02-07T18:38:24.850+0300][580.090s][info][gc,heap     ] GC(69)      Used:      234M (91%)         236M (92%)         236M (92%)         236M (92%)         240M (94%)         234M (91%)
[2021-02-07T18:38:24.850+0300][580.090s][info][gc,heap     ] GC(69)      Live:         -               225M (88%)         225M (88%)         225M (88%)            -                  -
[2021-02-07T18:38:24.850+0300][580.090s][info][gc,heap     ] GC(69) Allocated:         -                 2M (1%)            2M (1%)            6M (2%)             -                  -
[2021-02-07T18:38:24.850+0300][580.090s][info][gc,heap     ] GC(69)   Garbage:         -                 8M (3%)            8M (3%)            8M (3%)             -                  -
[2021-02-07T18:38:24.850+0300][580.090s][info][gc,heap     ] GC(69) Reclaimed:         -                  -                 0M (0%)            0M (0%)             -                  -
[2021-02-07T18:38:24.850+0300][580.090s][info][gc          ] GC(69) Garbage Collection (High Usage) 234M(91%)->236M(92%)
[2021-02-07T18:38:24.903+0300][580.142s][info][gc,start    ] GC(70) Garbage Collection (High Usage)
[2021-02-07T18:38:24.903+0300][580.143s][info][gc,phases   ] GC(70) Pause Mark Start 0.102ms
[2021-02-07T18:38:25.240+0300][580.480s][info][gc,phases   ] GC(70) Concurrent Mark 336.627ms
[2021-02-07T18:38:25.243+0300][580.482s][info][gc,phases   ] GC(70) Pause Mark End 0.126ms
[2021-02-07T18:38:25.248+0300][580.487s][info][gc,phases   ] GC(70) Concurrent Process Non-Strong References 4.855ms
[2021-02-07T18:38:25.248+0300][580.487s][info][gc,phases   ] GC(70) Concurrent Reset Relocation Set 0.009ms
[2021-02-07T18:38:25.249+0300][580.489s][info][gc,phases   ] GC(70) Concurrent Select Relocation Set 1.690ms
[2021-02-07T18:38:25.250+0300][580.490s][info][gc,phases   ] GC(70) Pause Relocate Start 0.061ms
[2021-02-07T18:38:25.253+0300][580.492s][info][gc,phases   ] GC(70) Concurrent Relocate 2.090ms
[2021-02-07T18:38:25.253+0300][580.492s][info][gc,load     ] GC(70) Load: 0.00/0.00/0.00
[2021-02-07T18:38:25.253+0300][580.492s][info][gc,mmu      ] GC(70) MMU: 2ms/76.9%, 5ms/90.7%, 10ms/95.0%, 20ms/97.5%, 50ms/98.9%, 100ms/99.0%
[2021-02-07T18:38:25.253+0300][580.492s][info][gc,marking  ] GC(70) Mark: 1 stripe(s), 2 proactive flush(es), 1 terminate flush(es), 1 completion(s), 0 continuation(s)
[2021-02-07T18:38:25.253+0300][580.492s][info][gc,nmethod  ] GC(70) NMethods: 1960 registered, 10 unregistered
[2021-02-07T18:38:25.253+0300][580.492s][info][gc,metaspace] GC(70) Metaspace: 6M used, 7M capacity, 7M committed, 1032M reserved
[2021-02-07T18:38:25.253+0300][580.492s][info][gc,ref      ] GC(70) Soft: 219 encountered, 95 discovered, 0 enqueued
[2021-02-07T18:38:25.253+0300][580.492s][info][gc,ref      ] GC(70) Weak: 1041 encountered, 643 discovered, 0 enqueued
[2021-02-07T18:38:25.253+0300][580.492s][info][gc,ref      ] GC(70) Final: 0 encountered, 0 discovered, 0 enqueued
[2021-02-07T18:38:25.253+0300][580.492s][info][gc,ref      ] GC(70) Phantom: 7 encountered, 6 discovered, 0 enqueued
[2021-02-07T18:38:25.253+0300][580.492s][info][gc,reloc    ] GC(70) Small Pages: 111 / 222M(94%), Empty: 0M(0%), Compacting: 6M(3%)->2M(1%)
[2021-02-07T18:38:25.253+0300][580.492s][info][gc,reloc    ] GC(70) Medium Pages: 0 / 0M(0%), Empty: 0M(0%), Compacting: 0M(0%)->0M(0%)
[2021-02-07T18:38:25.253+0300][580.492s][info][gc,reloc    ] GC(70) Large Pages: 1 / 14M(6%), Empty: 0M(0%), Compacting: 0M(0%)->0M(0%)
[2021-02-07T18:38:25.253+0300][580.492s][info][gc,reloc    ] GC(70) Relocation: Successful
[2021-02-07T18:38:25.253+0300][580.492s][info][gc,heap     ] GC(70) Min Capacity: 256M(100%)
[2021-02-07T18:38:25.253+0300][580.492s][info][gc,heap     ] GC(70) Max Capacity: 256M(100%)
[2021-02-07T18:38:25.253+0300][580.492s][info][gc,heap     ] GC(70) Soft Max Capacity: 256M(100%)
[2021-02-07T18:38:25.253+0300][580.492s][info][gc,heap     ] GC(70)                Mark Start          Mark End        Relocate Start      Relocate End           High               Low
[2021-02-07T18:38:25.253+0300][580.492s][info][gc,heap     ] GC(70)  Capacity:      256M (100%)        256M (100%)        256M (100%)        256M (100%)        256M (100%)        256M (100%)
[2021-02-07T18:38:25.253+0300][580.492s][info][gc,heap     ] GC(70)   Reserve:       12M (5%)           12M (5%)           12M (5%)           12M (5%)           12M (5%)           12M (5%)
[2021-02-07T18:38:25.253+0300][580.492s][info][gc,heap     ] GC(70)      Free:        8M (3%)            6M (2%)            6M (2%)            8M (3%)            8M (3%)            2M (1%)
[2021-02-07T18:38:25.253+0300][580.492s][info][gc,heap     ] GC(70)      Used:      236M (92%)         238M (93%)         238M (93%)         236M (92%)         242M (95%)         236M (92%)
[2021-02-07T18:38:25.253+0300][580.492s][info][gc,heap     ] GC(70)      Live:         -               225M (88%)         225M (88%)         225M (88%)            -                  -
[2021-02-07T18:38:25.253+0300][580.492s][info][gc,heap     ] GC(70) Allocated:         -                 2M (1%)            2M (1%)            6M (2%)             -                  -
[2021-02-07T18:38:25.253+0300][580.492s][info][gc,heap     ] GC(70)   Garbage:         -                10M (4%)           10M (4%)            8M (3%)             -                  -
[2021-02-07T18:38:25.253+0300][580.492s][info][gc,heap     ] GC(70) Reclaimed:         -                  -                 0M (0%)            2M (1%)             -                  -
[2021-02-07T18:38:25.253+0300][580.492s][info][gc          ] GC(70) Garbage Collection (High Usage) 236M(92%)->236M(92%)
[2021-02-07T18:38:25.304+0300][580.543s][info][gc,start    ] GC(71) Garbage Collection (High Usage)
[2021-02-07T18:38:25.305+0300][580.544s][info][gc,phases   ] GC(71) Pause Mark Start 0.058ms
[2021-02-07T18:38:25.643+0300][580.882s][info][gc,phases   ] GC(71) Concurrent Mark 337.866ms
[2021-02-07T18:38:25.643+0300][580.883s][info][gc,phases   ] GC(71) Pause Mark End 0.175ms
[2021-02-07T18:38:25.646+0300][580.886s][info][gc,phases   ] GC(71) Concurrent Process Non-Strong References 2.799ms
[2021-02-07T18:38:25.646+0300][580.886s][info][gc,phases   ] GC(71) Concurrent Reset Relocation Set 0.078ms
[2021-02-07T18:38:25.648+0300][580.887s][info][gc,phases   ] GC(71) Concurrent Select Relocation Set 1.488ms
[2021-02-07T18:38:25.649+0300][580.888s][info][gc,phases   ] GC(71) Pause Relocate Start 0.131ms
[2021-02-07T18:38:25.650+0300][580.890s][info][gc,phases   ] GC(71) Concurrent Relocate 1.241ms
[2021-02-07T18:38:25.650+0300][580.890s][info][gc,load     ] GC(71) Load: 0.00/0.00/0.00
[2021-02-07T18:38:25.650+0300][580.890s][info][gc,mmu      ] GC(71) MMU: 2ms/76.9%, 5ms/90.7%, 10ms/95.0%, 20ms/97.5%, 50ms/98.9%, 100ms/99.0%
[2021-02-07T18:38:25.650+0300][580.890s][info][gc,marking  ] GC(71) Mark: 1 stripe(s), 2 proactive flush(es), 1 terminate flush(es), 1 completion(s), 0 continuation(s)
[2021-02-07T18:38:25.650+0300][580.890s][info][gc,nmethod  ] GC(71) NMethods: 1961 registered, 10 unregistered
[2021-02-07T18:38:25.650+0300][580.890s][info][gc,metaspace] GC(71) Metaspace: 6M used, 7M capacity, 7M committed, 1032M reserved
[2021-02-07T18:38:25.650+0300][580.890s][info][gc,ref      ] GC(71) Soft: 219 encountered, 95 discovered, 0 enqueued
[2021-02-07T18:38:25.650+0300][580.890s][info][gc,ref      ] GC(71) Weak: 1041 encountered, 643 discovered, 0 enqueued
[2021-02-07T18:38:25.650+0300][580.890s][info][gc,ref      ] GC(71) Final: 0 encountered, 0 discovered, 0 enqueued
[2021-02-07T18:38:25.650+0300][580.890s][info][gc,ref      ] GC(71) Phantom: 7 encountered, 6 discovered, 0 enqueued
[2021-02-07T18:38:25.650+0300][580.890s][info][gc,reloc    ] GC(71) Small Pages: 111 / 222M(94%), Empty: 0M(0%), Compacting: 6M(3%)->2M(1%)
[2021-02-07T18:38:25.650+0300][580.890s][info][gc,reloc    ] GC(71) Medium Pages: 0 / 0M(0%), Empty: 0M(0%), Compacting: 0M(0%)->0M(0%)
[2021-02-07T18:38:25.650+0300][580.890s][info][gc,reloc    ] GC(71) Large Pages: 1 / 14M(6%), Empty: 0M(0%), Compacting: 0M(0%)->0M(0%)
[2021-02-07T18:38:25.650+0300][580.890s][info][gc,reloc    ] GC(71) Relocation: Successful
[2021-02-07T18:38:25.650+0300][580.890s][info][gc,heap     ] GC(71) Min Capacity: 256M(100%)
[2021-02-07T18:38:25.650+0300][580.890s][info][gc,heap     ] GC(71) Max Capacity: 256M(100%)
[2021-02-07T18:38:25.650+0300][580.890s][info][gc,heap     ] GC(71) Soft Max Capacity: 256M(100%)
[2021-02-07T18:38:25.650+0300][580.890s][info][gc,heap     ] GC(71)                Mark Start          Mark End        Relocate Start      Relocate End           High               Low
[2021-02-07T18:38:25.650+0300][580.890s][info][gc,heap     ] GC(71)  Capacity:      256M (100%)        256M (100%)        256M (100%)        256M (100%)        256M (100%)        256M (100%)
[2021-02-07T18:38:25.650+0300][580.890s][info][gc,heap     ] GC(71)   Reserve:       12M (5%)           12M (5%)           12M (5%)           12M (5%)           12M (5%)           12M (5%)
[2021-02-07T18:38:25.650+0300][580.890s][info][gc,heap     ] GC(71)      Free:        8M (3%)            6M (2%)            6M (2%)            8M (3%)            8M (3%)            2M (1%)
[2021-02-07T18:38:25.650+0300][580.890s][info][gc,heap     ] GC(71)      Used:      236M (92%)         238M (93%)         238M (93%)         236M (92%)         242M (95%)         236M (92%)
[2021-02-07T18:38:25.650+0300][580.890s][info][gc,heap     ] GC(71)      Live:         -               225M (88%)         225M (88%)         225M (88%)            -                  -
[2021-02-07T18:38:25.650+0300][580.890s][info][gc,heap     ] GC(71) Allocated:         -                 2M (1%)            2M (1%)            6M (2%)             -                  -
[2021-02-07T18:38:25.650+0300][580.890s][info][gc,heap     ] GC(71)   Garbage:         -                10M (4%)           10M (4%)            8M (3%)             -                  -
[2021-02-07T18:38:25.650+0300][580.890s][info][gc,heap     ] GC(71) Reclaimed:         -                  -                 0M (0%)            2M (1%)             -                  -
[2021-02-07T18:38:25.650+0300][580.890s][info][gc          ] GC(71) Garbage Collection (High Usage) 236M(92%)->236M(92%)
[2021-02-07T18:38:25.703+0300][580.942s][info][gc,start    ] GC(72) Garbage Collection (High Usage)
[2021-02-07T18:38:25.703+0300][580.943s][info][gc,phases   ] GC(72) Pause Mark Start 0.135ms
[2021-02-07T18:38:26.036+0300][581.275s][info][gc,phases   ] GC(72) Concurrent Mark 332.438ms
[2021-02-07T18:38:26.036+0300][581.276s][info][gc,phases   ] GC(72) Pause Mark End 0.208ms
[2021-02-07T18:38:26.040+0300][581.280s][info][gc,phases   ] GC(72) Concurrent Process Non-Strong References 3.414ms
[2021-02-07T18:38:26.040+0300][581.280s][info][gc,phases   ] GC(72) Concurrent Reset Relocation Set 0.010ms
[2021-02-07T18:38:26.041+0300][581.282s][info][gc,phases   ] GC(72) Concurrent Select Relocation Set 1.742ms
[2021-02-07T18:38:26.042+0300][581.283s][info][gc,phases   ] GC(72) Pause Relocate Start 0.084ms
[2021-02-07T18:38:26.045+0300][581.284s][info][gc,phases   ] GC(72) Concurrent Relocate 1.310ms
[2021-02-07T18:38:26.045+0300][581.284s][info][gc,load     ] GC(72) Load: 0.00/0.00/0.00
[2021-02-07T18:38:26.045+0300][581.284s][info][gc,mmu      ] GC(72) MMU: 2ms/76.9%, 5ms/90.7%, 10ms/95.0%, 20ms/97.5%, 50ms/98.9%, 100ms/99.0%
[2021-02-07T18:38:26.045+0300][581.284s][info][gc,marking  ] GC(72) Mark: 1 stripe(s), 2 proactive flush(es), 1 terminate flush(es), 1 completion(s), 0 continuation(s)
[2021-02-07T18:38:26.045+0300][581.284s][info][gc,nmethod  ] GC(72) NMethods: 1961 registered, 10 unregistered
[2021-02-07T18:38:26.045+0300][581.284s][info][gc,metaspace] GC(72) Metaspace: 6M used, 7M capacity, 7M committed, 1032M reserved
[2021-02-07T18:38:26.045+0300][581.284s][info][gc,ref      ] GC(72) Soft: 219 encountered, 95 discovered, 0 enqueued
[2021-02-07T18:38:26.045+0300][581.284s][info][gc,ref      ] GC(72) Weak: 1041 encountered, 643 discovered, 0 enqueued
[2021-02-07T18:38:26.045+0300][581.284s][info][gc,ref      ] GC(72) Final: 0 encountered, 0 discovered, 0 enqueued
[2021-02-07T18:38:26.045+0300][581.284s][info][gc,ref      ] GC(72) Phantom: 7 encountered, 6 discovered, 0 enqueued
[2021-02-07T18:38:26.045+0300][581.284s][info][gc,reloc    ] GC(72) Small Pages: 111 / 222M(94%), Empty: 0M(0%), Compacting: 6M(3%)->2M(1%)
[2021-02-07T18:38:26.045+0300][581.284s][info][gc,reloc    ] GC(72) Medium Pages: 0 / 0M(0%), Empty: 0M(0%), Compacting: 0M(0%)->0M(0%)
[2021-02-07T18:38:26.045+0300][581.284s][info][gc,reloc    ] GC(72) Large Pages: 1 / 14M(6%), Empty: 0M(0%), Compacting: 0M(0%)->0M(0%)
[2021-02-07T18:38:26.045+0300][581.285s][info][gc,reloc    ] GC(72) Relocation: Successful
[2021-02-07T18:38:26.045+0300][581.285s][info][gc,heap     ] GC(72) Min Capacity: 256M(100%)
[2021-02-07T18:38:26.045+0300][581.285s][info][gc,heap     ] GC(72) Max Capacity: 256M(100%)
[2021-02-07T18:38:26.045+0300][581.285s][info][gc,heap     ] GC(72) Soft Max Capacity: 256M(100%)
[2021-02-07T18:38:26.045+0300][581.285s][info][gc,heap     ] GC(72)                Mark Start          Mark End        Relocate Start      Relocate End           High               Low
[2021-02-07T18:38:26.045+0300][581.285s][info][gc,heap     ] GC(72)  Capacity:      256M (100%)        256M (100%)        256M (100%)        256M (100%)        256M (100%)        256M (100%)
[2021-02-07T18:38:26.045+0300][581.285s][info][gc,heap     ] GC(72)   Reserve:       12M (5%)           12M (5%)           12M (5%)           12M (5%)           12M (5%)           12M (5%)
[2021-02-07T18:38:26.045+0300][581.285s][info][gc,heap     ] GC(72)      Free:        8M (3%)            6M (2%)            6M (2%)            8M (3%)            8M (3%)            2M (1%)
[2021-02-07T18:38:26.045+0300][581.285s][info][gc,heap     ] GC(72)      Used:      236M (92%)         238M (93%)         238M (93%)         236M (92%)         242M (95%)         236M (92%)
[2021-02-07T18:38:26.045+0300][581.285s][info][gc,heap     ] GC(72)      Live:         -               225M (88%)         225M (88%)         225M (88%)            -                  -
[2021-02-07T18:38:26.045+0300][581.285s][info][gc,heap     ] GC(72) Allocated:         -                 2M (1%)            2M (1%)            6M (2%)             -                  -
[2021-02-07T18:38:26.045+0300][581.285s][info][gc,heap     ] GC(72)   Garbage:         -                10M (4%)           10M (4%)            8M (3%)             -                  -
[2021-02-07T18:38:26.045+0300][581.285s][info][gc,heap     ] GC(72) Reclaimed:         -                  -                 0M (0%)            2M (1%)             -                  -
[2021-02-07T18:38:26.045+0300][581.285s][info][gc          ] GC(72) Garbage Collection (High Usage) 236M(92%)->236M(92%)
[2021-02-07T18:38:26.104+0300][581.343s][info][gc,start    ] GC(73) Garbage Collection (High Usage)
[2021-02-07T18:38:26.104+0300][581.344s][info][gc,phases   ] GC(73) Pause Mark Start 0.131ms
[2021-02-07T18:38:26.438+0300][581.679s][info][gc,phases   ] GC(73) Concurrent Mark 335.132ms
[2021-02-07T18:38:26.440+0300][581.680s][info][gc,phases   ] GC(73) Pause Mark End 0.100ms
[2021-02-07T18:38:26.443+0300][581.683s][info][gc,phases   ] GC(73) Concurrent Process Non-Strong References 3.271ms
[2021-02-07T18:38:26.443+0300][581.683s][info][gc,phases   ] GC(73) Concurrent Reset Relocation Set 0.008ms
[2021-02-07T18:38:26.445+0300][581.685s][info][gc,phases   ] GC(73) Concurrent Select Relocation Set 1.755ms
[2021-02-07T18:38:26.446+0300][581.686s][info][gc,phases   ] GC(73) Pause Relocate Start 0.131ms
[2021-02-07T18:38:26.449+0300][581.688s][info][gc,phases   ] GC(73) Concurrent Relocate 2.184ms
[2021-02-07T18:38:26.449+0300][581.689s][info][gc,load     ] GC(73) Load: 0.00/0.00/0.00
[2021-02-07T18:38:26.449+0300][581.689s][info][gc,mmu      ] GC(73) MMU: 2ms/76.9%, 5ms/90.7%, 10ms/95.0%, 20ms/97.5%, 50ms/98.9%, 100ms/99.0%
[2021-02-07T18:38:26.449+0300][581.689s][info][gc,marking  ] GC(73) Mark: 1 stripe(s), 2 proactive flush(es), 1 terminate flush(es), 1 completion(s), 0 continuation(s)
[2021-02-07T18:38:26.449+0300][581.689s][info][gc,nmethod  ] GC(73) NMethods: 1961 registered, 10 unregistered
[2021-02-07T18:38:26.449+0300][581.689s][info][gc,metaspace] GC(73) Metaspace: 6M used, 7M capacity, 7M committed, 1032M reserved
[2021-02-07T18:38:26.449+0300][581.689s][info][gc,ref      ] GC(73) Soft: 219 encountered, 95 discovered, 0 enqueued
[2021-02-07T18:38:26.449+0300][581.689s][info][gc,ref      ] GC(73) Weak: 1041 encountered, 643 discovered, 0 enqueued
[2021-02-07T18:38:26.449+0300][581.689s][info][gc,ref      ] GC(73) Final: 0 encountered, 0 discovered, 0 enqueued
[2021-02-07T18:38:26.449+0300][581.689s][info][gc,ref      ] GC(73) Phantom: 7 encountered, 6 discovered, 0 enqueued
[2021-02-07T18:38:26.449+0300][581.689s][info][gc,reloc    ] GC(73) Small Pages: 111 / 222M(94%), Empty: 0M(0%), Compacting: 6M(3%)->2M(1%)
[2021-02-07T18:38:26.449+0300][581.689s][info][gc,reloc    ] GC(73) Medium Pages: 0 / 0M(0%), Empty: 0M(0%), Compacting: 0M(0%)->0M(0%)
[2021-02-07T18:38:26.449+0300][581.689s][info][gc,reloc    ] GC(73) Large Pages: 1 / 14M(6%), Empty: 0M(0%), Compacting: 0M(0%)->0M(0%)
[2021-02-07T18:38:26.449+0300][581.689s][info][gc,reloc    ] GC(73) Relocation: Successful
[2021-02-07T18:38:26.449+0300][581.689s][info][gc,heap     ] GC(73) Min Capacity: 256M(100%)
[2021-02-07T18:38:26.449+0300][581.689s][info][gc,heap     ] GC(73) Max Capacity: 256M(100%)
[2021-02-07T18:38:26.449+0300][581.689s][info][gc,heap     ] GC(73) Soft Max Capacity: 256M(100%)
[2021-02-07T18:38:26.449+0300][581.689s][info][gc,heap     ] GC(73)                Mark Start          Mark End        Relocate Start      Relocate End           High               Low
[2021-02-07T18:38:26.449+0300][581.689s][info][gc,heap     ] GC(73)  Capacity:      256M (100%)        256M (100%)        256M (100%)        256M (100%)        256M (100%)        256M (100%)
[2021-02-07T18:38:26.449+0300][581.689s][info][gc,heap     ] GC(73)   Reserve:       12M (5%)           12M (5%)           12M (5%)           12M (5%)           12M (5%)           12M (5%)
[2021-02-07T18:38:26.449+0300][581.689s][info][gc,heap     ] GC(73)      Free:        8M (3%)            8M (3%)            8M (3%)           10M (4%)           10M (4%)            4M (2%)
[2021-02-07T18:38:26.449+0300][581.689s][info][gc,heap     ] GC(73)      Used:      236M (92%)         236M (92%)         236M (92%)         234M (91%)         240M (94%)         234M (91%)
[2021-02-07T18:38:26.449+0300][581.689s][info][gc,heap     ] GC(73)      Live:         -               225M (88%)         225M (88%)         225M (88%)            -                  -
[2021-02-07T18:38:26.449+0300][581.689s][info][gc,heap     ] GC(73) Allocated:         -                 0M (0%)            0M (0%)            4M (2%)             -                  -
[2021-02-07T18:38:26.449+0300][581.689s][info][gc,heap     ] GC(73)   Garbage:         -                10M (4%)           10M (4%)            8M (3%)             -                  -
[2021-02-07T18:38:26.449+0300][581.689s][info][gc,heap     ] GC(73) Reclaimed:         -                  -                 0M (0%)            2M (1%)             -                  -
[2021-02-07T18:38:26.449+0300][581.689s][info][gc          ] GC(73) Garbage Collection (High Usage) 236M(92%)->234M(91%)
[2021-02-07T18:38:26.504+0300][581.743s][info][gc,start    ] GC(74) Garbage Collection (High Usage)
[2021-02-07T18:38:26.507+0300][581.746s][info][gc,phases   ] GC(74) Pause Mark Start 0.093ms
[2021-02-07T18:38:26.838+0300][582.078s][info][gc,phases   ] GC(74) Concurrent Mark 331.648ms
[2021-02-07T18:38:26.839+0300][582.079s][info][gc,phases   ] GC(74) Pause Mark End 0.212ms
[2021-02-07T18:38:26.844+0300][582.084s][info][gc,phases   ] GC(74) Concurrent Process Non-Strong References 4.797ms
[2021-02-07T18:38:26.844+0300][582.084s][info][gc,phases   ] GC(74) Concurrent Reset Relocation Set 0.073ms
[2021-02-07T18:38:26.845+0300][582.086s][info][gc,phases   ] GC(74) Concurrent Select Relocation Set 1.392ms
[2021-02-07T18:38:26.846+0300][582.087s][info][gc,phases   ] GC(74) Pause Relocate Start 0.133ms
[2021-02-07T18:38:26.848+0300][582.088s][info][gc,phases   ] GC(74) Concurrent Relocate 1.259ms
[2021-02-07T18:38:26.848+0300][582.088s][info][gc,load     ] GC(74) Load: 0.00/0.00/0.00
[2021-02-07T18:38:26.848+0300][582.088s][info][gc,mmu      ] GC(74) MMU: 2ms/76.9%, 5ms/90.7%, 10ms/95.0%, 20ms/97.5%, 50ms/98.9%, 100ms/99.0%
[2021-02-07T18:38:26.848+0300][582.088s][info][gc,marking  ] GC(74) Mark: 1 stripe(s), 2 proactive flush(es), 1 terminate flush(es), 1 completion(s), 0 continuation(s)
[2021-02-07T18:38:26.848+0300][582.088s][info][gc,nmethod  ] GC(74) NMethods: 1961 registered, 10 unregistered
[2021-02-07T18:38:26.848+0300][582.088s][info][gc,metaspace] GC(74) Metaspace: 6M used, 7M capacity, 7M committed, 1032M reserved
[2021-02-07T18:38:26.848+0300][582.088s][info][gc,ref      ] GC(74) Soft: 219 encountered, 95 discovered, 0 enqueued
[2021-02-07T18:38:26.848+0300][582.088s][info][gc,ref      ] GC(74) Weak: 1041 encountered, 643 discovered, 0 enqueued
[2021-02-07T18:38:26.848+0300][582.088s][info][gc,ref      ] GC(74) Final: 0 encountered, 0 discovered, 0 enqueued
[2021-02-07T18:38:26.848+0300][582.088s][info][gc,ref      ] GC(74) Phantom: 7 encountered, 6 discovered, 0 enqueued
[2021-02-07T18:38:26.848+0300][582.088s][info][gc,reloc    ] GC(74) Small Pages: 111 / 222M(94%), Empty: 0M(0%), Compacting: 6M(3%)->2M(1%)
[2021-02-07T18:38:26.848+0300][582.088s][info][gc,reloc    ] GC(74) Medium Pages: 0 / 0M(0%), Empty: 0M(0%), Compacting: 0M(0%)->0M(0%)
[2021-02-07T18:38:26.848+0300][582.088s][info][gc,reloc    ] GC(74) Large Pages: 1 / 14M(6%), Empty: 0M(0%), Compacting: 0M(0%)->0M(0%)
[2021-02-07T18:38:26.848+0300][582.088s][info][gc,reloc    ] GC(74) Relocation: Successful
[2021-02-07T18:38:26.848+0300][582.088s][info][gc,heap     ] GC(74) Min Capacity: 256M(100%)
[2021-02-07T18:38:26.848+0300][582.088s][info][gc,heap     ] GC(74) Max Capacity: 256M(100%)
[2021-02-07T18:38:26.848+0300][582.088s][info][gc,heap     ] GC(74) Soft Max Capacity: 256M(100%)
[2021-02-07T18:38:26.848+0300][582.088s][info][gc,heap     ] GC(74)                Mark Start          Mark End        Relocate Start      Relocate End           High               Low
[2021-02-07T18:38:26.848+0300][582.088s][info][gc,heap     ] GC(74)  Capacity:      256M (100%)        256M (100%)        256M (100%)        256M (100%)        256M (100%)        256M (100%)
[2021-02-07T18:38:26.848+0300][582.088s][info][gc,heap     ] GC(74)   Reserve:       12M (5%)           12M (5%)           12M (5%)           12M (5%)           12M (5%)           12M (5%)
[2021-02-07T18:38:26.848+0300][582.088s][info][gc,heap     ] GC(74)      Free:        8M (3%)            6M (2%)            6M (2%)            8M (3%)            8M (3%)            2M (1%)
[2021-02-07T18:38:26.848+0300][582.088s][info][gc,heap     ] GC(74)      Used:      236M (92%)         238M (93%)         238M (93%)         236M (92%)         242M (95%)         236M (92%)
[2021-02-07T18:38:26.848+0300][582.088s][info][gc,heap     ] GC(74)      Live:         -               225M (88%)         225M (88%)         225M (88%)            -                  -
[2021-02-07T18:38:26.848+0300][582.088s][info][gc,heap     ] GC(74) Allocated:         -                 2M (1%)            2M (1%)            6M (2%)             -                  -
[2021-02-07T18:38:26.848+0300][582.088s][info][gc,heap     ] GC(74)   Garbage:         -                10M (4%)           10M (4%)            8M (3%)             -                  -
[2021-02-07T18:38:26.848+0300][582.088s][info][gc,heap     ] GC(74) Reclaimed:         -                  -                 0M (0%)            2M (1%)             -                  -
[2021-02-07T18:38:26.848+0300][582.088s][info][gc          ] GC(74) Garbage Collection (High Usage) 236M(92%)->236M(92%)
[2021-02-07T18:38:26.903+0300][582.143s][info][gc,start    ] GC(75) Garbage Collection (High Usage)
[2021-02-07T18:38:26.904+0300][582.144s][info][gc,phases   ] GC(75) Pause Mark Start 0.133ms
[2021-02-07T18:38:27.237+0300][582.477s][info][gc,phases   ] GC(75) Concurrent Mark 333.201ms
[2021-02-07T18:38:27.238+0300][582.478s][info][gc,phases   ] GC(75) Pause Mark End 0.221ms
[2021-02-07T18:38:27.242+0300][582.482s][info][gc,phases   ] GC(75) Concurrent Process Non-Strong References 3.676ms
[2021-02-07T18:38:27.242+0300][582.482s][info][gc,phases   ] GC(75) Concurrent Reset Relocation Set 0.011ms
[2021-02-07T18:38:27.244+0300][582.484s][info][gc,phases   ] GC(75) Concurrent Select Relocation Set 1.601ms
[2021-02-07T18:38:27.245+0300][582.485s][info][gc,phases   ] GC(75) Pause Relocate Start 0.134ms
[2021-02-07T18:38:27.247+0300][582.487s][info][gc,phases   ] GC(75) Concurrent Relocate 1.897ms
[2021-02-07T18:38:27.247+0300][582.487s][info][gc,load     ] GC(75) Load: 0.00/0.00/0.00
[2021-02-07T18:38:27.247+0300][582.487s][info][gc,mmu      ] GC(75) MMU: 2ms/76.9%, 5ms/90.7%, 10ms/95.0%, 20ms/97.5%, 50ms/98.9%, 100ms/99.0%
[2021-02-07T18:38:27.247+0300][582.487s][info][gc,marking  ] GC(75) Mark: 1 stripe(s), 2 proactive flush(es), 1 terminate flush(es), 1 completion(s), 0 continuation(s)
[2021-02-07T18:38:27.247+0300][582.487s][info][gc,nmethod  ] GC(75) NMethods: 1961 registered, 10 unregistered
[2021-02-07T18:38:27.247+0300][582.487s][info][gc,metaspace] GC(75) Metaspace: 6M used, 7M capacity, 7M committed, 1032M reserved
[2021-02-07T18:38:27.247+0300][582.487s][info][gc,ref      ] GC(75) Soft: 219 encountered, 95 discovered, 0 enqueued
[2021-02-07T18:38:27.247+0300][582.487s][info][gc,ref      ] GC(75) Weak: 1041 encountered, 643 discovered, 0 enqueued
[2021-02-07T18:38:27.247+0300][582.487s][info][gc,ref      ] GC(75) Final: 0 encountered, 0 discovered, 0 enqueued
[2021-02-07T18:38:27.247+0300][582.487s][info][gc,ref      ] GC(75) Phantom: 7 encountered, 6 discovered, 0 enqueued
[2021-02-07T18:38:27.247+0300][582.487s][info][gc,reloc    ] GC(75) Small Pages: 111 / 222M(94%), Empty: 0M(0%), Compacting: 6M(3%)->2M(1%)
[2021-02-07T18:38:27.247+0300][582.487s][info][gc,reloc    ] GC(75) Medium Pages: 0 / 0M(0%), Empty: 0M(0%), Compacting: 0M(0%)->0M(0%)
[2021-02-07T18:38:27.247+0300][582.487s][info][gc,reloc    ] GC(75) Large Pages: 1 / 14M(6%), Empty: 0M(0%), Compacting: 0M(0%)->0M(0%)
[2021-02-07T18:38:27.247+0300][582.487s][info][gc,reloc    ] GC(75) Relocation: Successful
[2021-02-07T18:38:27.247+0300][582.487s][info][gc,heap     ] GC(75) Min Capacity: 256M(100%)
[2021-02-07T18:38:27.247+0300][582.487s][info][gc,heap     ] GC(75) Max Capacity: 256M(100%)
[2021-02-07T18:38:27.247+0300][582.487s][info][gc,heap     ] GC(75) Soft Max Capacity: 256M(100%)
[2021-02-07T18:38:27.247+0300][582.487s][info][gc,heap     ] GC(75)                Mark Start          Mark End        Relocate Start      Relocate End           High               Low
[2021-02-07T18:38:27.247+0300][582.487s][info][gc,heap     ] GC(75)  Capacity:      256M (100%)        256M (100%)        256M (100%)        256M (100%)        256M (100%)        256M (100%)
[2021-02-07T18:38:27.247+0300][582.487s][info][gc,heap     ] GC(75)   Reserve:       12M (5%)           12M (5%)           12M (5%)           12M (5%)           12M (5%)           12M (5%)
[2021-02-07T18:38:27.247+0300][582.487s][info][gc,heap     ] GC(75)      Free:        8M (3%)            6M (2%)            6M (2%)            8M (3%)            8M (3%)            2M (1%)
[2021-02-07T18:38:27.247+0300][582.487s][info][gc,heap     ] GC(75)      Used:      236M (92%)         238M (93%)         238M (93%)         236M (92%)         242M (95%)         236M (92%)
[2021-02-07T18:38:27.247+0300][582.487s][info][gc,heap     ] GC(75)      Live:         -               225M (88%)         225M (88%)         225M (88%)            -                  -
[2021-02-07T18:38:27.247+0300][582.487s][info][gc,heap     ] GC(75) Allocated:         -                 2M (1%)            2M (1%)            6M (2%)             -                  -
[2021-02-07T18:38:27.247+0300][582.487s][info][gc,heap     ] GC(75)   Garbage:         -                10M (4%)           10M (4%)            8M (4%)             -                  -
[2021-02-07T18:38:27.247+0300][582.487s][info][gc,heap     ] GC(75) Reclaimed:         -                  -                 0M (0%)            2M (1%)             -                  -
[2021-02-07T18:38:27.247+0300][582.487s][info][gc          ] GC(75) Garbage Collection (High Usage) 236M(92%)->236M(92%)
[2021-02-07T18:38:27.303+0300][582.543s][info][gc,start    ] GC(76) Garbage Collection (High Usage)
[2021-02-07T18:38:27.304+0300][582.544s][info][gc,phases   ] GC(76) Pause Mark Start 0.124ms
[2021-02-07T18:38:27.643+0300][582.882s][info][gc,phases   ] GC(76) Concurrent Mark 338.847ms
[2021-02-07T18:38:27.644+0300][582.883s][info][gc,phases   ] GC(76) Pause Mark End 0.153ms
[2021-02-07T18:38:27.646+0300][582.886s][info][gc,phases   ] GC(76) Concurrent Process Non-Strong References 2.635ms
[2021-02-07T18:38:27.646+0300][582.886s][info][gc,phases   ] GC(76) Concurrent Reset Relocation Set 0.074ms
[2021-02-07T18:38:27.648+0300][582.888s][info][gc,phases   ] GC(76) Concurrent Select Relocation Set 1.714ms
[2021-02-07T18:38:27.649+0300][582.889s][info][gc,phases   ] GC(76) Pause Relocate Start 0.110ms
[2021-02-07T18:38:27.651+0300][582.891s][info][gc,phases   ] GC(76) Concurrent Relocate 1.702ms
[2021-02-07T18:38:27.651+0300][582.891s][info][gc,load     ] GC(76) Load: 0.00/0.00/0.00
[2021-02-07T18:38:27.651+0300][582.891s][info][gc,mmu      ] GC(76) MMU: 2ms/76.9%, 5ms/90.7%, 10ms/95.0%, 20ms/97.5%, 50ms/98.9%, 100ms/99.0%
[2021-02-07T18:38:27.651+0300][582.891s][info][gc,marking  ] GC(76) Mark: 1 stripe(s), 2 proactive flush(es), 1 terminate flush(es), 1 completion(s), 0 continuation(s)
[2021-02-07T18:38:27.651+0300][582.891s][info][gc,nmethod  ] GC(76) NMethods: 1962 registered, 10 unregistered
[2021-02-07T18:38:27.651+0300][582.891s][info][gc,metaspace] GC(76) Metaspace: 6M used, 7M capacity, 7M committed, 1032M reserved
[2021-02-07T18:38:27.651+0300][582.891s][info][gc,ref      ] GC(76) Soft: 219 encountered, 95 discovered, 0 enqueued
[2021-02-07T18:38:27.651+0300][582.891s][info][gc,ref      ] GC(76) Weak: 1041 encountered, 643 discovered, 0 enqueued
[2021-02-07T18:38:27.651+0300][582.891s][info][gc,ref      ] GC(76) Final: 0 encountered, 0 discovered, 0 enqueued
[2021-02-07T18:38:27.651+0300][582.891s][info][gc,ref      ] GC(76) Phantom: 7 encountered, 6 discovered, 0 enqueued
[2021-02-07T18:38:27.651+0300][582.891s][info][gc,reloc    ] GC(76) Small Pages: 111 / 222M(94%), Empty: 2M(1%), Compacting: 4M(2%)->2M(1%)
[2021-02-07T18:38:27.651+0300][582.891s][info][gc,reloc    ] GC(76) Medium Pages: 0 / 0M(0%), Empty: 0M(0%), Compacting: 0M(0%)->0M(0%)
[2021-02-07T18:38:27.651+0300][582.891s][info][gc,reloc    ] GC(76) Large Pages: 1 / 14M(6%), Empty: 0M(0%), Compacting: 0M(0%)->0M(0%)
[2021-02-07T18:38:27.651+0300][582.891s][info][gc,reloc    ] GC(76) Relocation: Successful
[2021-02-07T18:38:27.651+0300][582.891s][info][gc,heap     ] GC(76) Min Capacity: 256M(100%)
[2021-02-07T18:38:27.651+0300][582.891s][info][gc,heap     ] GC(76) Max Capacity: 256M(100%)
[2021-02-07T18:38:27.651+0300][582.891s][info][gc,heap     ] GC(76) Soft Max Capacity: 256M(100%)
[2021-02-07T18:38:27.651+0300][582.891s][info][gc,heap     ] GC(76)                Mark Start          Mark End        Relocate Start      Relocate End           High               Low
[2021-02-07T18:38:27.651+0300][582.891s][info][gc,heap     ] GC(76)  Capacity:      256M (100%)        256M (100%)        256M (100%)        256M (100%)        256M (100%)        256M (100%)
[2021-02-07T18:38:27.651+0300][582.891s][info][gc,heap     ] GC(76)   Reserve:       12M (5%)           12M (5%)           12M (5%)           12M (5%)           12M (5%)           12M (5%)
[2021-02-07T18:38:27.651+0300][582.891s][info][gc,heap     ] GC(76)      Free:        8M (3%)            6M (2%)            8M (3%)            8M (3%)            8M (3%)            4M (2%)
[2021-02-07T18:38:27.651+0300][582.891s][info][gc,heap     ] GC(76)      Used:      236M (92%)         238M (93%)         236M (92%)         236M (92%)         240M (94%)         236M (92%)
[2021-02-07T18:38:27.651+0300][582.891s][info][gc,heap     ] GC(76)      Live:         -               224M (88%)         224M (88%)         224M (88%)            -                  -
[2021-02-07T18:38:27.651+0300][582.891s][info][gc,heap     ] GC(76) Allocated:         -                 2M (1%)            2M (1%)            6M (2%)             -                  -
[2021-02-07T18:38:27.651+0300][582.891s][info][gc,heap     ] GC(76)   Garbage:         -                11M (4%)            9M (4%)            9M (4%)             -                  -
[2021-02-07T18:38:27.651+0300][582.891s][info][gc,heap     ] GC(76) Reclaimed:         -                  -                 2M (1%)            2M (1%)             -                  -
[2021-02-07T18:38:27.651+0300][582.891s][info][gc          ] GC(76) Garbage Collection (High Usage) 236M(92%)->236M(92%)
[2021-02-07T18:38:27.707+0300][582.947s][info][gc,start    ] GC(77) Garbage Collection (High Usage)
[2021-02-07T18:38:27.708+0300][582.948s][info][gc,phases   ] GC(77) Pause Mark Start 0.105ms
[2021-02-07T18:38:28.038+0300][583.278s][info][gc,phases   ] GC(77) Concurrent Mark 330.121ms
[2021-02-07T18:38:28.039+0300][583.279s][info][gc,phases   ] GC(77) Pause Mark End 0.216ms
[2021-02-07T18:38:28.042+0300][583.282s][info][gc,phases   ] GC(77) Concurrent Process Non-Strong References 2.790ms
[2021-02-07T18:38:28.042+0300][583.282s][info][gc,phases   ] GC(77) Concurrent Reset Relocation Set 0.081ms
[2021-02-07T18:38:28.044+0300][583.284s][info][gc,phases   ] GC(77) Concurrent Select Relocation Set 1.654ms
[2021-02-07T18:38:28.045+0300][583.285s][info][gc,phases   ] GC(77) Pause Relocate Start 0.139ms
[2021-02-07T18:38:28.046+0300][583.286s][info][gc,phases   ] GC(77) Concurrent Relocate 1.583ms
[2021-02-07T18:38:28.046+0300][583.286s][info][gc,load     ] GC(77) Load: 0.00/0.00/0.00
[2021-02-07T18:38:28.046+0300][583.286s][info][gc,mmu      ] GC(77) MMU: 2ms/76.9%, 5ms/90.7%, 10ms/95.0%, 20ms/97.5%, 50ms/98.9%, 100ms/99.0%
[2021-02-07T18:38:28.046+0300][583.286s][info][gc,marking  ] GC(77) Mark: 1 stripe(s), 2 proactive flush(es), 1 terminate flush(es), 1 completion(s), 0 continuation(s)
[2021-02-07T18:38:28.046+0300][583.286s][info][gc,nmethod  ] GC(77) NMethods: 1962 registered, 10 unregistered
[2021-02-07T18:38:28.046+0300][583.286s][info][gc,metaspace] GC(77) Metaspace: 6M used, 7M capacity, 7M committed, 1032M reserved
[2021-02-07T18:38:28.046+0300][583.286s][info][gc,ref      ] GC(77) Soft: 219 encountered, 95 discovered, 0 enqueued
[2021-02-07T18:38:28.046+0300][583.286s][info][gc,ref      ] GC(77) Weak: 1041 encountered, 643 discovered, 0 enqueued
[2021-02-07T18:38:28.046+0300][583.286s][info][gc,ref      ] GC(77) Final: 0 encountered, 0 discovered, 0 enqueued
[2021-02-07T18:38:28.046+0300][583.286s][info][gc,ref      ] GC(77) Phantom: 7 encountered, 6 discovered, 0 enqueued
[2021-02-07T18:38:28.046+0300][583.286s][info][gc,reloc    ] GC(77) Small Pages: 111 / 222M(94%), Empty: 0M(0%), Compacting: 6M(3%)->2M(1%)
[2021-02-07T18:38:28.046+0300][583.286s][info][gc,reloc    ] GC(77) Medium Pages: 0 / 0M(0%), Empty: 0M(0%), Compacting: 0M(0%)->0M(0%)
[2021-02-07T18:38:28.046+0300][583.286s][info][gc,reloc    ] GC(77) Large Pages: 1 / 14M(6%), Empty: 0M(0%), Compacting: 0M(0%)->0M(0%)
[2021-02-07T18:38:28.046+0300][583.286s][info][gc,reloc    ] GC(77) Relocation: Successful
[2021-02-07T18:38:28.046+0300][583.286s][info][gc,heap     ] GC(77) Min Capacity: 256M(100%)
[2021-02-07T18:38:28.047+0300][583.286s][info][gc,heap     ] GC(77) Max Capacity: 256M(100%)
[2021-02-07T18:38:28.047+0300][583.286s][info][gc,heap     ] GC(77) Soft Max Capacity: 256M(100%)
[2021-02-07T18:38:28.047+0300][583.286s][info][gc,heap     ] GC(77)                Mark Start          Mark End        Relocate Start      Relocate End           High               Low
[2021-02-07T18:38:28.047+0300][583.286s][info][gc,heap     ] GC(77)  Capacity:      256M (100%)        256M (100%)        256M (100%)        256M (100%)        256M (100%)        256M (100%)
[2021-02-07T18:38:28.047+0300][583.287s][info][gc,heap     ] GC(77)   Reserve:       12M (5%)           12M (5%)           12M (5%)           12M (5%)           12M (5%)           12M (5%)
[2021-02-07T18:38:28.047+0300][583.287s][info][gc,heap     ] GC(77)      Free:        8M (3%)            6M (2%)            6M (2%)            8M (3%)            8M (3%)            2M (1%)
[2021-02-07T18:38:28.047+0300][583.287s][info][gc,heap     ] GC(77)      Used:      236M (92%)         238M (93%)         238M (93%)         236M (92%)         242M (95%)         236M (92%)
[2021-02-07T18:38:28.047+0300][583.287s][info][gc,heap     ] GC(77)      Live:         -               224M (88%)         224M (88%)         224M (88%)            -                  -
[2021-02-07T18:38:28.047+0300][583.287s][info][gc,heap     ] GC(77) Allocated:         -                 2M (1%)            2M (1%)            6M (2%)             -                  -
[2021-02-07T18:38:28.047+0300][583.287s][info][gc,heap     ] GC(77)   Garbage:         -                11M (4%)           11M (4%)            9M (4%)             -                  -
[2021-02-07T18:38:28.047+0300][583.287s][info][gc,heap     ] GC(77) Reclaimed:         -                  -                 0M (0%)            2M (1%)             -                  -
[2021-02-07T18:38:28.047+0300][583.287s][info][gc          ] GC(77) Garbage Collection (High Usage) 236M(92%)->236M(92%)
[2021-02-07T18:38:28.103+0300][583.343s][info][gc,start    ] GC(78) Garbage Collection (High Usage)
[2021-02-07T18:38:28.104+0300][583.343s][info][gc,phases   ] GC(78) Pause Mark Start 0.135ms
[2021-02-07T18:38:28.431+0300][583.671s][info][gc,phases   ] GC(78) Concurrent Mark 327.660ms
[2021-02-07T18:38:28.433+0300][583.672s][info][gc,phases   ] GC(78) Pause Mark End 0.182ms
[2021-02-07T18:38:28.436+0300][583.676s][info][gc,phases   ] GC(78) Concurrent Process Non-Strong References 3.414ms
[2021-02-07T18:38:28.436+0300][583.676s][info][gc,phases   ] GC(78) Concurrent Reset Relocation Set 0.079ms
[2021-02-07T18:38:28.438+0300][583.678s][info][gc,phases   ] GC(78) Concurrent Select Relocation Set 1.618ms
[2021-02-07T18:38:28.438+0300][583.678s][info][gc,phases   ] GC(78) Pause Relocate Start 0.134ms
[2021-02-07T18:38:28.440+0300][583.680s][info][gc,phases   ] GC(78) Concurrent Relocate 1.476ms
[2021-02-07T18:38:28.440+0300][583.680s][info][gc,load     ] GC(78) Load: 0.00/0.00/0.00
[2021-02-07T18:38:28.440+0300][583.680s][info][gc,mmu      ] GC(78) MMU: 2ms/76.9%, 5ms/90.7%, 10ms/95.0%, 20ms/97.5%, 50ms/98.9%, 100ms/99.0%
[2021-02-07T18:38:28.440+0300][583.680s][info][gc,marking  ] GC(78) Mark: 1 stripe(s), 2 proactive flush(es), 1 terminate flush(es), 1 completion(s), 0 continuation(s)
[2021-02-07T18:38:28.440+0300][583.680s][info][gc,nmethod  ] GC(78) NMethods: 1965 registered, 10 unregistered
[2021-02-07T18:38:28.440+0300][583.680s][info][gc,metaspace] GC(78) Metaspace: 6M used, 7M capacity, 7M committed, 1032M reserved
[2021-02-07T18:38:28.440+0300][583.680s][info][gc,ref      ] GC(78) Soft: 219 encountered, 95 discovered, 0 enqueued
[2021-02-07T18:38:28.440+0300][583.680s][info][gc,ref      ] GC(78) Weak: 1041 encountered, 643 discovered, 0 enqueued
[2021-02-07T18:38:28.440+0300][583.680s][info][gc,ref      ] GC(78) Final: 0 encountered, 0 discovered, 0 enqueued
[2021-02-07T18:38:28.440+0300][583.680s][info][gc,ref      ] GC(78) Phantom: 7 encountered, 6 discovered, 0 enqueued
[2021-02-07T18:38:28.440+0300][583.680s][info][gc,reloc    ] GC(78) Small Pages: 111 / 222M(94%), Empty: 0M(0%), Compacting: 6M(3%)->2M(1%)
[2021-02-07T18:38:28.440+0300][583.680s][info][gc,reloc    ] GC(78) Medium Pages: 0 / 0M(0%), Empty: 0M(0%), Compacting: 0M(0%)->0M(0%)
[2021-02-07T18:38:28.440+0300][583.680s][info][gc,reloc    ] GC(78) Large Pages: 1 / 14M(6%), Empty: 0M(0%), Compacting: 0M(0%)->0M(0%)
[2021-02-07T18:38:28.440+0300][583.680s][info][gc,reloc    ] GC(78) Relocation: Successful
[2021-02-07T18:38:28.440+0300][583.680s][info][gc,heap     ] GC(78) Min Capacity: 256M(100%)
[2021-02-07T18:38:28.440+0300][583.680s][info][gc,heap     ] GC(78) Max Capacity: 256M(100%)
[2021-02-07T18:38:28.440+0300][583.680s][info][gc,heap     ] GC(78) Soft Max Capacity: 256M(100%)
[2021-02-07T18:38:28.440+0300][583.680s][info][gc,heap     ] GC(78)                Mark Start          Mark End        Relocate Start      Relocate End           High               Low
[2021-02-07T18:38:28.440+0300][583.680s][info][gc,heap     ] GC(78)  Capacity:      256M (100%)        256M (100%)        256M (100%)        256M (100%)        256M (100%)        256M (100%)
[2021-02-07T18:38:28.440+0300][583.680s][info][gc,heap     ] GC(78)   Reserve:       12M (5%)           12M (5%)           12M (5%)           12M (5%)           12M (5%)           12M (5%)
[2021-02-07T18:38:28.440+0300][583.680s][info][gc,heap     ] GC(78)      Free:        8M (3%)            8M (3%)            8M (3%)            8M (3%)            8M (3%)            2M (1%)
[2021-02-07T18:38:28.440+0300][583.680s][info][gc,heap     ] GC(78)      Used:      236M (92%)         236M (92%)         236M (92%)         236M (92%)         242M (95%)         236M (92%)
[2021-02-07T18:38:28.440+0300][583.680s][info][gc,heap     ] GC(78)      Live:         -               224M (88%)         224M (88%)         224M (88%)            -                  -
[2021-02-07T18:38:28.440+0300][583.680s][info][gc,heap     ] GC(78) Allocated:         -                 0M (0%)            0M (0%)            6M (2%)             -                  -
[2021-02-07T18:38:28.440+0300][583.680s][info][gc,heap     ] GC(78)   Garbage:         -                11M (4%)           11M (4%)           11M (4%)             -                  -
[2021-02-07T18:38:28.440+0300][583.680s][info][gc,heap     ] GC(78) Reclaimed:         -                  -                 0M (0%)            0M (0%)             -                  -
[2021-02-07T18:38:28.440+0300][583.680s][info][gc          ] GC(78) Garbage Collection (High Usage) 236M(92%)->236M(92%)
[2021-02-07T18:38:28.511+0300][583.751s][info][gc,start    ] GC(79) Garbage Collection (High Usage)
[2021-02-07T18:38:28.514+0300][583.754s][info][gc,phases   ] GC(79) Pause Mark Start 0.137ms
[2021-02-07T18:38:28.845+0300][584.085s][info][gc,phases   ] GC(79) Concurrent Mark 330.842ms
[2021-02-07T18:38:28.846+0300][584.086s][info][gc,phases   ] GC(79) Pause Mark End 0.195ms
[2021-02-07T18:38:28.849+0300][584.089s][info][gc,phases   ] GC(79) Concurrent Process Non-Strong References 3.465ms
[2021-02-07T18:38:28.849+0300][584.089s][info][gc,phases   ] GC(79) Concurrent Reset Relocation Set 0.080ms
[2021-02-07T18:38:28.851+0300][584.091s][info][gc,phases   ] GC(79) Concurrent Select Relocation Set 1.537ms
[2021-02-07T18:38:28.852+0300][584.092s][info][gc,phases   ] GC(79) Pause Relocate Start 0.102ms
[2021-02-07T18:38:28.853+0300][584.093s][info][gc,phases   ] GC(79) Concurrent Relocate 1.473ms
[2021-02-07T18:38:28.853+0300][584.093s][info][gc,load     ] GC(79) Load: 0.00/0.00/0.00
[2021-02-07T18:38:28.853+0300][584.093s][info][gc,mmu      ] GC(79) MMU: 2ms/76.9%, 5ms/90.7%, 10ms/95.0%, 20ms/97.5%, 50ms/98.9%, 100ms/99.0%
[2021-02-07T18:38:28.853+0300][584.093s][info][gc,marking  ] GC(79) Mark: 1 stripe(s), 2 proactive flush(es), 1 terminate flush(es), 1 completion(s), 0 continuation(s)
[2021-02-07T18:38:28.853+0300][584.093s][info][gc,nmethod  ] GC(79) NMethods: 1966 registered, 10 unregistered
[2021-02-07T18:38:28.853+0300][584.093s][info][gc,metaspace] GC(79) Metaspace: 6M used, 7M capacity, 7M committed, 1032M reserved
[2021-02-07T18:38:28.853+0300][584.093s][info][gc,ref      ] GC(79) Soft: 219 encountered, 95 discovered, 0 enqueued
[2021-02-07T18:38:28.853+0300][584.093s][info][gc,ref      ] GC(79) Weak: 1041 encountered, 643 discovered, 0 enqueued
[2021-02-07T18:38:28.853+0300][584.093s][info][gc,ref      ] GC(79) Final: 0 encountered, 0 discovered, 0 enqueued
[2021-02-07T18:38:28.853+0300][584.093s][info][gc,ref      ] GC(79) Phantom: 7 encountered, 6 discovered, 0 enqueued
[2021-02-07T18:38:28.853+0300][584.093s][info][gc,reloc    ] GC(79) Small Pages: 111 / 222M(94%), Empty: 2M(1%), Compacting: 4M(2%)->2M(1%)
[2021-02-07T18:38:28.853+0300][584.093s][info][gc,reloc    ] GC(79) Medium Pages: 0 / 0M(0%), Empty: 0M(0%), Compacting: 0M(0%)->0M(0%)
[2021-02-07T18:38:28.853+0300][584.093s][info][gc,reloc    ] GC(79) Large Pages: 1 / 14M(6%), Empty: 0M(0%), Compacting: 0M(0%)->0M(0%)
[2021-02-07T18:38:28.853+0300][584.093s][info][gc,reloc    ] GC(79) Relocation: Successful
[2021-02-07T18:38:28.853+0300][584.093s][info][gc,heap     ] GC(79) Min Capacity: 256M(100%)
[2021-02-07T18:38:28.853+0300][584.093s][info][gc,heap     ] GC(79) Max Capacity: 256M(100%)
[2021-02-07T18:38:28.853+0300][584.093s][info][gc,heap     ] GC(79) Soft Max Capacity: 256M(100%)
[2021-02-07T18:38:28.853+0300][584.093s][info][gc,heap     ] GC(79)                Mark Start          Mark End        Relocate Start      Relocate End           High               Low
[2021-02-07T18:38:28.853+0300][584.093s][info][gc,heap     ] GC(79)  Capacity:      256M (100%)        256M (100%)        256M (100%)        256M (100%)        256M (100%)        256M (100%)
[2021-02-07T18:38:28.853+0300][584.093s][info][gc,heap     ] GC(79)   Reserve:       12M (5%)           12M (5%)           12M (5%)           12M (5%)           12M (5%)           12M (5%)
[2021-02-07T18:38:28.853+0300][584.093s][info][gc,heap     ] GC(79)      Free:        8M (3%)            6M (2%)            8M (3%)            8M (3%)            8M (3%)            4M (2%)
[2021-02-07T18:38:28.853+0300][584.094s][info][gc,heap     ] GC(79)      Used:      236M (92%)         238M (93%)         236M (92%)         236M (92%)         240M (94%)         236M (92%)
[2021-02-07T18:38:28.853+0300][584.094s][info][gc,heap     ] GC(79)      Live:         -               224M (88%)         224M (88%)         224M (88%)            -                  -
[2021-02-07T18:38:28.853+0300][584.094s][info][gc,heap     ] GC(79) Allocated:         -                 2M (1%)            2M (1%)            6M (2%)             -                  -
[2021-02-07T18:38:28.853+0300][584.094s][info][gc,heap     ] GC(79)   Garbage:         -                11M (4%)            9M (4%)            9M (4%)             -                  -
[2021-02-07T18:38:28.853+0300][584.094s][info][gc,heap     ] GC(79) Reclaimed:         -                  -                 2M (1%)            2M (1%)             -                  -
[2021-02-07T18:38:28.853+0300][584.094s][info][gc          ] GC(79) Garbage Collection (High Usage) 236M(92%)->236M(92%)
[2021-02-07T18:38:28.903+0300][584.143s][info][gc,start    ] GC(80) Garbage Collection (High Usage)
[2021-02-07T18:38:28.903+0300][584.143s][info][gc,phases   ] GC(80) Pause Mark Start 0.096ms
[2021-02-07T18:38:29.233+0300][584.473s][info][gc,phases   ] GC(80) Concurrent Mark 329.881ms
[2021-02-07T18:38:29.234+0300][584.475s][info][gc,phases   ] GC(80) Pause Mark End 0.183ms
[2021-02-07T18:38:29.238+0300][584.478s][info][gc,phases   ] GC(80) Concurrent Process Non-Strong References 3.425ms
[2021-02-07T18:38:29.238+0300][584.478s][info][gc,phases   ] GC(80) Concurrent Reset Relocation Set 0.078ms
[2021-02-07T18:38:29.240+0300][584.480s][info][gc,phases   ] GC(80) Concurrent Select Relocation Set 1.544ms
[2021-02-07T18:38:29.240+0300][584.480s][info][gc,phases   ] GC(80) Pause Relocate Start 0.135ms
[2021-02-07T18:38:29.242+0300][584.482s][info][gc,phases   ] GC(80) Concurrent Relocate 1.920ms
[2021-02-07T18:38:29.242+0300][584.482s][info][gc,load     ] GC(80) Load: 0.00/0.00/0.00
[2021-02-07T18:38:29.242+0300][584.482s][info][gc,mmu      ] GC(80) MMU: 2ms/76.9%, 5ms/90.7%, 10ms/95.0%, 20ms/97.5%, 50ms/98.9%, 100ms/99.0%
[2021-02-07T18:38:29.242+0300][584.482s][info][gc,marking  ] GC(80) Mark: 1 stripe(s), 2 proactive flush(es), 1 terminate flush(es), 1 completion(s), 0 continuation(s)
[2021-02-07T18:38:29.242+0300][584.482s][info][gc,nmethod  ] GC(80) NMethods: 1966 registered, 10 unregistered
[2021-02-07T18:38:29.242+0300][584.483s][info][gc,metaspace] GC(80) Metaspace: 6M used, 7M capacity, 7M committed, 1032M reserved
[2021-02-07T18:38:29.242+0300][584.483s][info][gc,ref      ] GC(80) Soft: 219 encountered, 95 discovered, 0 enqueued
[2021-02-07T18:38:29.242+0300][584.483s][info][gc,ref      ] GC(80) Weak: 1041 encountered, 643 discovered, 0 enqueued
[2021-02-07T18:38:29.242+0300][584.483s][info][gc,ref      ] GC(80) Final: 0 encountered, 0 discovered, 0 enqueued
[2021-02-07T18:38:29.242+0300][584.483s][info][gc,ref      ] GC(80) Phantom: 7 encountered, 6 discovered, 0 enqueued
[2021-02-07T18:38:29.242+0300][584.483s][info][gc,reloc    ] GC(80) Small Pages: 111 / 222M(94%), Empty: 2M(1%), Compacting: 4M(2%)->2M(1%)
[2021-02-07T18:38:29.243+0300][584.483s][info][gc,reloc    ] GC(80) Medium Pages: 0 / 0M(0%), Empty: 0M(0%), Compacting: 0M(0%)->0M(0%)
[2021-02-07T18:38:29.243+0300][584.483s][info][gc,reloc    ] GC(80) Large Pages: 1 / 14M(6%), Empty: 0M(0%), Compacting: 0M(0%)->0M(0%)
[2021-02-07T18:38:29.243+0300][584.483s][info][gc,reloc    ] GC(80) Relocation: Successful
[2021-02-07T18:38:29.243+0300][584.483s][info][gc,heap     ] GC(80) Min Capacity: 256M(100%)
[2021-02-07T18:38:29.243+0300][584.483s][info][gc,heap     ] GC(80) Max Capacity: 256M(100%)
[2021-02-07T18:38:29.243+0300][584.483s][info][gc,heap     ] GC(80) Soft Max Capacity: 256M(100%)
[2021-02-07T18:38:29.243+0300][584.483s][info][gc,heap     ] GC(80)                Mark Start          Mark End        Relocate Start      Relocate End           High               Low
[2021-02-07T18:38:29.243+0300][584.483s][info][gc,heap     ] GC(80)  Capacity:      256M (100%)        256M (100%)        256M (100%)        256M (100%)        256M (100%)        256M (100%)
[2021-02-07T18:38:29.243+0300][584.483s][info][gc,heap     ] GC(80)   Reserve:       12M (5%)           12M (5%)           12M (5%)           12M (5%)           12M (5%)           12M (5%)
[2021-02-07T18:38:29.243+0300][584.483s][info][gc,heap     ] GC(80)      Free:        8M (3%)            6M (2%)            8M (3%)            8M (3%)            8M (3%)            4M (2%)
[2021-02-07T18:38:29.243+0300][584.483s][info][gc,heap     ] GC(80)      Used:      236M (92%)         238M (93%)         236M (92%)         236M (92%)         240M (94%)         236M (92%)
[2021-02-07T18:38:29.243+0300][584.483s][info][gc,heap     ] GC(80)      Live:         -               224M (88%)         224M (88%)         224M (88%)            -                  -
[2021-02-07T18:38:29.243+0300][584.483s][info][gc,heap     ] GC(80) Allocated:         -                 2M (1%)            2M (1%)            6M (2%)             -                  -
[2021-02-07T18:38:29.243+0300][584.483s][info][gc,heap     ] GC(80)   Garbage:         -                11M (4%)            9M (4%)            9M (4%)             -                  -
[2021-02-07T18:38:29.243+0300][584.483s][info][gc,heap     ] GC(80) Reclaimed:         -                  -                 2M (1%)            2M (1%)             -                  -
[2021-02-07T18:38:29.243+0300][584.483s][info][gc          ] GC(80) Garbage Collection (High Usage) 236M(92%)->236M(92%)
[2021-02-07T18:38:29.304+0300][584.544s][info][gc,start    ] GC(81) Garbage Collection (High Usage)
[2021-02-07T18:38:29.305+0300][584.545s][info][gc,phases   ] GC(81) Pause Mark Start 0.128ms
[2021-02-07T18:38:29.633+0300][584.873s][info][gc,phases   ] GC(81) Concurrent Mark 328.124ms
[2021-02-07T18:38:29.634+0300][584.874s][info][gc,phases   ] GC(81) Pause Mark End 0.217ms
[2021-02-07T18:38:29.638+0300][584.878s][info][gc,phases   ] GC(81) Concurrent Process Non-Strong References 3.436ms
[2021-02-07T18:38:29.638+0300][584.878s][info][gc,phases   ] GC(81) Concurrent Reset Relocation Set 0.078ms
[2021-02-07T18:38:29.639+0300][584.880s][info][gc,phases   ] GC(81) Concurrent Select Relocation Set 1.361ms
[2021-02-07T18:38:29.640+0300][584.880s][info][gc,phases   ] GC(81) Pause Relocate Start 0.138ms
[2021-02-07T18:38:29.642+0300][584.882s][info][gc,phases   ] GC(81) Concurrent Relocate 1.546ms
[2021-02-07T18:38:29.642+0300][584.882s][info][gc,load     ] GC(81) Load: 0.00/0.00/0.00
[2021-02-07T18:38:29.642+0300][584.882s][info][gc,mmu      ] GC(81) MMU: 2ms/76.9%, 5ms/90.7%, 10ms/95.0%, 20ms/97.5%, 50ms/98.9%, 100ms/99.0%
[2021-02-07T18:38:29.642+0300][584.882s][info][gc,marking  ] GC(81) Mark: 1 stripe(s), 2 proactive flush(es), 1 terminate flush(es), 1 completion(s), 0 continuation(s)
[2021-02-07T18:38:29.642+0300][584.882s][info][gc,nmethod  ] GC(81) NMethods: 1967 registered, 10 unregistered
[2021-02-07T18:38:29.642+0300][584.882s][info][gc,metaspace] GC(81) Metaspace: 6M used, 7M capacity, 7M committed, 1032M reserved
[2021-02-07T18:38:29.642+0300][584.882s][info][gc,ref      ] GC(81) Soft: 219 encountered, 146 discovered, 40 enqueued
[2021-02-07T18:38:29.642+0300][584.882s][info][gc,ref      ] GC(81) Weak: 1041 encountered, 644 discovered, 0 enqueued
[2021-02-07T18:38:29.642+0300][584.882s][info][gc,ref      ] GC(81) Final: 0 encountered, 0 discovered, 0 enqueued
[2021-02-07T18:38:29.642+0300][584.882s][info][gc,ref      ] GC(81) Phantom: 7 encountered, 6 discovered, 0 enqueued
[2021-02-07T18:38:29.642+0300][584.882s][info][gc,reloc    ] GC(81) Small Pages: 111 / 222M(94%), Empty: 0M(0%), Compacting: 6M(3%)->2M(1%)
[2021-02-07T18:38:29.642+0300][584.882s][info][gc,reloc    ] GC(81) Medium Pages: 0 / 0M(0%), Empty: 0M(0%), Compacting: 0M(0%)->0M(0%)
[2021-02-07T18:38:29.642+0300][584.882s][info][gc,reloc    ] GC(81) Large Pages: 1 / 14M(6%), Empty: 0M(0%), Compacting: 0M(0%)->0M(0%)
[2021-02-07T18:38:29.642+0300][584.882s][info][gc,reloc    ] GC(81) Relocation: Successful
[2021-02-07T18:38:29.642+0300][584.882s][info][gc,heap     ] GC(81) Min Capacity: 256M(100%)
[2021-02-07T18:38:29.642+0300][584.882s][info][gc,heap     ] GC(81) Max Capacity: 256M(100%)
[2021-02-07T18:38:29.642+0300][584.882s][info][gc,heap     ] GC(81) Soft Max Capacity: 256M(100%)
[2021-02-07T18:38:29.642+0300][584.882s][info][gc,heap     ] GC(81)                Mark Start          Mark End        Relocate Start      Relocate End           High               Low
[2021-02-07T18:38:29.642+0300][584.882s][info][gc,heap     ] GC(81)  Capacity:      256M (100%)        256M (100%)        256M (100%)        256M (100%)        256M (100%)        256M (100%)
[2021-02-07T18:38:29.642+0300][584.882s][info][gc,heap     ] GC(81)   Reserve:       12M (5%)           12M (5%)           12M (5%)           12M (5%)           12M (5%)           12M (5%)
[2021-02-07T18:38:29.642+0300][584.882s][info][gc,heap     ] GC(81)      Free:        8M (3%)            6M (2%)            6M (2%)            8M (3%)            8M (3%)            2M (1%)
[2021-02-07T18:38:29.642+0300][584.882s][info][gc,heap     ] GC(81)      Used:      236M (92%)         238M (93%)         238M (93%)         236M (92%)         242M (95%)         236M (92%)
[2021-02-07T18:38:29.642+0300][584.882s][info][gc,heap     ] GC(81)      Live:         -               224M (88%)         224M (88%)         224M (88%)            -                  -
[2021-02-07T18:38:29.642+0300][584.882s][info][gc,heap     ] GC(81) Allocated:         -                 2M (1%)            2M (1%)            6M (2%)             -                  -
[2021-02-07T18:38:29.642+0300][584.882s][info][gc,heap     ] GC(81)   Garbage:         -                11M (4%)           11M (4%)            9M (4%)             -                  -
[2021-02-07T18:38:29.642+0300][584.882s][info][gc,heap     ] GC(81) Reclaimed:         -                  -                 0M (0%)            2M (1%)             -                  -
[2021-02-07T18:38:29.642+0300][584.882s][info][gc          ] GC(81) Garbage Collection (High Usage) 236M(92%)->236M(92%)
[2021-02-07T18:38:29.704+0300][584.944s][info][gc,start    ] GC(82) Garbage Collection (High Usage)
[2021-02-07T18:38:29.704+0300][584.944s][info][gc,phases   ] GC(82) Pause Mark Start 0.137ms
[2021-02-07T18:38:30.032+0300][585.272s][info][gc,phases   ] GC(82) Concurrent Mark 327.424ms
[2021-02-07T18:38:30.033+0300][585.273s][info][gc,phases   ] GC(82) Pause Mark End 0.178ms
[2021-02-07T18:38:30.036+0300][585.276s][info][gc,phases   ] GC(82) Concurrent Process Non-Strong References 3.325ms
[2021-02-07T18:38:30.036+0300][585.276s][info][gc,phases   ] GC(82) Concurrent Reset Relocation Set 0.009ms
[2021-02-07T18:38:30.038+0300][585.278s][info][gc,phases   ] GC(82) Concurrent Select Relocation Set 1.570ms
[2021-02-07T18:38:30.039+0300][585.279s][info][gc,phases   ] GC(82) Pause Relocate Start 0.114ms
[2021-02-07T18:38:30.040+0300][585.280s][info][gc,phases   ] GC(82) Concurrent Relocate 1.262ms
[2021-02-07T18:38:30.040+0300][585.280s][info][gc,load     ] GC(82) Load: 0.00/0.00/0.00
[2021-02-07T18:38:30.040+0300][585.280s][info][gc,mmu      ] GC(82) MMU: 2ms/76.9%, 5ms/90.7%, 10ms/95.0%, 20ms/97.5%, 50ms/98.9%, 100ms/99.0%
[2021-02-07T18:38:30.040+0300][585.280s][info][gc,marking  ] GC(82) Mark: 1 stripe(s), 2 proactive flush(es), 1 terminate flush(es), 1 completion(s), 0 continuation(s)
[2021-02-07T18:38:30.040+0300][585.280s][info][gc,nmethod  ] GC(82) NMethods: 1967 registered, 10 unregistered
[2021-02-07T18:38:30.040+0300][585.280s][info][gc,metaspace] GC(82) Metaspace: 6M used, 7M capacity, 7M committed, 1032M reserved
[2021-02-07T18:38:30.040+0300][585.280s][info][gc,ref      ] GC(82) Soft: 179 encountered, 106 discovered, 0 enqueued
[2021-02-07T18:38:30.040+0300][585.280s][info][gc,ref      ] GC(82) Weak: 1041 encountered, 644 discovered, 0 enqueued
[2021-02-07T18:38:30.040+0300][585.280s][info][gc,ref      ] GC(82) Final: 0 encountered, 0 discovered, 0 enqueued
[2021-02-07T18:38:30.040+0300][585.280s][info][gc,ref      ] GC(82) Phantom: 7 encountered, 6 discovered, 0 enqueued
[2021-02-07T18:38:30.040+0300][585.280s][info][gc,reloc    ] GC(82) Small Pages: 111 / 222M(94%), Empty: 0M(0%), Compacting: 6M(3%)->2M(1%)
[2021-02-07T18:38:30.040+0300][585.280s][info][gc,reloc    ] GC(82) Medium Pages: 0 / 0M(0%), Empty: 0M(0%), Compacting: 0M(0%)->0M(0%)
[2021-02-07T18:38:30.040+0300][585.280s][info][gc,reloc    ] GC(82) Large Pages: 1 / 14M(6%), Empty: 0M(0%), Compacting: 0M(0%)->0M(0%)
[2021-02-07T18:38:30.040+0300][585.280s][info][gc,reloc    ] GC(82) Relocation: Successful
[2021-02-07T18:38:30.040+0300][585.280s][info][gc,heap     ] GC(82) Min Capacity: 256M(100%)
[2021-02-07T18:38:30.040+0300][585.280s][info][gc,heap     ] GC(82) Max Capacity: 256M(100%)
[2021-02-07T18:38:30.040+0300][585.281s][info][gc,heap     ] GC(82) Soft Max Capacity: 256M(100%)
[2021-02-07T18:38:30.040+0300][585.281s][info][gc,heap     ] GC(82)                Mark Start          Mark End        Relocate Start      Relocate End           High               Low
[2021-02-07T18:38:30.040+0300][585.281s][info][gc,heap     ] GC(82)  Capacity:      256M (100%)        256M (100%)        256M (100%)        256M (100%)        256M (100%)        256M (100%)
[2021-02-07T18:38:30.040+0300][585.281s][info][gc,heap     ] GC(82)   Reserve:       12M (5%)           12M (5%)           12M (5%)           12M (5%)           12M (5%)           12M (5%)
[2021-02-07T18:38:30.040+0300][585.281s][info][gc,heap     ] GC(82)      Free:        8M (3%)            6M (2%)            6M (2%)            8M (3%)            8M (3%)            2M (1%)
[2021-02-07T18:38:30.040+0300][585.281s][info][gc,heap     ] GC(82)      Used:      236M (92%)         238M (93%)         238M (93%)         236M (92%)         242M (95%)         236M (92%)
[2021-02-07T18:38:30.040+0300][585.281s][info][gc,heap     ] GC(82)      Live:         -               224M (88%)         224M (88%)         224M (88%)            -                  -
[2021-02-07T18:38:30.041+0300][585.281s][info][gc,heap     ] GC(82) Allocated:         -                 2M (1%)            2M (1%)            6M (2%)             -                  -
[2021-02-07T18:38:30.041+0300][585.281s][info][gc,heap     ] GC(82)   Garbage:         -                11M (4%)           11M (4%)            9M (4%)             -                  -
[2021-02-07T18:38:30.041+0300][585.281s][info][gc,heap     ] GC(82) Reclaimed:         -                  -                 0M (0%)            2M (1%)             -                  -
[2021-02-07T18:38:30.041+0300][585.281s][info][gc          ] GC(82) Garbage Collection (High Usage) 236M(92%)->236M(92%)
[2021-02-07T18:38:30.103+0300][585.343s][info][gc,start    ] GC(83) Garbage Collection (High Usage)
[2021-02-07T18:38:30.103+0300][585.343s][info][gc,phases   ] GC(83) Pause Mark Start 0.127ms
[2021-02-07T18:38:30.430+0300][585.670s][info][gc,phases   ] GC(83) Concurrent Mark 326.813ms
[2021-02-07T18:38:30.431+0300][585.672s][info][gc,phases   ] GC(83) Pause Mark End 0.183ms
[2021-02-07T18:38:30.435+0300][585.675s][info][gc,phases   ] GC(83) Concurrent Process Non-Strong References 3.500ms
[2021-02-07T18:38:30.435+0300][585.675s][info][gc,phases   ] GC(83) Concurrent Reset Relocation Set 0.009ms
[2021-02-07T18:38:30.436+0300][585.677s][info][gc,phases   ] GC(83) Concurrent Select Relocation Set 1.373ms
[2021-02-07T18:38:30.437+0300][585.677s][info][gc,phases   ] GC(83) Pause Relocate Start 0.105ms
[2021-02-07T18:38:30.439+0300][585.679s][info][gc,phases   ] GC(83) Concurrent Relocate 1.251ms
[2021-02-07T18:38:30.439+0300][585.679s][info][gc,load     ] GC(83) Load: 0.00/0.00/0.00
[2021-02-07T18:38:30.439+0300][585.679s][info][gc,mmu      ] GC(83) MMU: 2ms/76.9%, 5ms/90.7%, 10ms/95.0%, 20ms/97.5%, 50ms/98.9%, 100ms/99.0%
[2021-02-07T18:38:30.439+0300][585.679s][info][gc,marking  ] GC(83) Mark: 1 stripe(s), 2 proactive flush(es), 1 terminate flush(es), 1 completion(s), 0 continuation(s)
[2021-02-07T18:38:30.439+0300][585.679s][info][gc,nmethod  ] GC(83) NMethods: 1969 registered, 10 unregistered
[2021-02-07T18:38:30.439+0300][585.679s][info][gc,metaspace] GC(83) Metaspace: 6M used, 7M capacity, 7M committed, 1032M reserved
[2021-02-07T18:38:30.439+0300][585.679s][info][gc,ref      ] GC(83) Soft: 179 encountered, 106 discovered, 0 enqueued
[2021-02-07T18:38:30.439+0300][585.679s][info][gc,ref      ] GC(83) Weak: 1041 encountered, 644 discovered, 0 enqueued
[2021-02-07T18:38:30.439+0300][585.679s][info][gc,ref      ] GC(83) Final: 0 encountered, 0 discovered, 0 enqueued
[2021-02-07T18:38:30.439+0300][585.679s][info][gc,ref      ] GC(83) Phantom: 7 encountered, 6 discovered, 0 enqueued
[2021-02-07T18:38:30.439+0300][585.679s][info][gc,reloc    ] GC(83) Small Pages: 111 / 222M(94%), Empty: 0M(0%), Compacting: 6M(3%)->2M(1%)
[2021-02-07T18:38:30.439+0300][585.679s][info][gc,reloc    ] GC(83) Medium Pages: 0 / 0M(0%), Empty: 0M(0%), Compacting: 0M(0%)->0M(0%)
[2021-02-07T18:38:30.439+0300][585.679s][info][gc,reloc    ] GC(83) Large Pages: 1 / 14M(6%), Empty: 0M(0%), Compacting: 0M(0%)->0M(0%)
[2021-02-07T18:38:30.439+0300][585.679s][info][gc,reloc    ] GC(83) Relocation: Successful
[2021-02-07T18:38:30.439+0300][585.679s][info][gc,heap     ] GC(83) Min Capacity: 256M(100%)
[2021-02-07T18:38:30.439+0300][585.679s][info][gc,heap     ] GC(83) Max Capacity: 256M(100%)
[2021-02-07T18:38:30.439+0300][585.679s][info][gc,heap     ] GC(83) Soft Max Capacity: 256M(100%)
[2021-02-07T18:38:30.439+0300][585.679s][info][gc,heap     ] GC(83)                Mark Start          Mark End        Relocate Start      Relocate End           High               Low
[2021-02-07T18:38:30.439+0300][585.679s][info][gc,heap     ] GC(83)  Capacity:      256M (100%)        256M (100%)        256M (100%)        256M (100%)        256M (100%)        256M (100%)
[2021-02-07T18:38:30.439+0300][585.679s][info][gc,heap     ] GC(83)   Reserve:       12M (5%)           12M (5%)           12M (5%)           12M (5%)           12M (5%)           12M (5%)
[2021-02-07T18:38:30.439+0300][585.679s][info][gc,heap     ] GC(83)      Free:        8M (3%)            8M (3%)            8M (3%)            8M (3%)            8M (3%)            2M (1%)
[2021-02-07T18:38:30.439+0300][585.679s][info][gc,heap     ] GC(83)      Used:      236M (92%)         236M (92%)         236M (92%)         236M (92%)         242M (95%)         236M (92%)
[2021-02-07T18:38:30.439+0300][585.679s][info][gc,heap     ] GC(83)      Live:         -               224M (88%)         224M (88%)         224M (88%)            -                  -
[2021-02-07T18:38:30.439+0300][585.679s][info][gc,heap     ] GC(83) Allocated:         -                 0M (0%)            0M (0%)            6M (2%)             -                  -
[2021-02-07T18:38:30.439+0300][585.679s][info][gc,heap     ] GC(83)   Garbage:         -                11M (4%)           11M (4%)           11M (4%)             -                  -
[2021-02-07T18:38:30.439+0300][585.679s][info][gc,heap     ] GC(83) Reclaimed:         -                  -                 0M (0%)            0M (0%)             -                  -
[2021-02-07T18:38:30.439+0300][585.679s][info][gc          ] GC(83) Garbage Collection (High Usage) 236M(92%)->236M(92%)
[2021-02-07T18:38:30.504+0300][585.744s][info][gc,start    ] GC(84) Garbage Collection (High Usage)
[2021-02-07T18:38:30.505+0300][585.745s][info][gc,phases   ] GC(84) Pause Mark Start 0.135ms
[2021-02-07T18:38:30.832+0300][586.073s][info][gc,phases   ] GC(84) Concurrent Mark 327.474ms
[2021-02-07T18:38:30.834+0300][586.074s][info][gc,phases   ] GC(84) Pause Mark End 0.214ms
[2021-02-07T18:38:30.837+0300][586.077s][info][gc,phases   ] GC(84) Concurrent Process Non-Strong References 3.404ms
[2021-02-07T18:38:30.837+0300][586.077s][info][gc,phases   ] GC(84) Concurrent Reset Relocation Set 0.009ms
[2021-02-07T18:38:30.839+0300][586.079s][info][gc,phases   ] GC(84) Concurrent Select Relocation Set 1.349ms
[2021-02-07T18:38:30.839+0300][586.080s][info][gc,phases   ] GC(84) Pause Relocate Start 0.103ms
[2021-02-07T18:38:30.841+0300][586.081s][info][gc,phases   ] GC(84) Concurrent Relocate 1.304ms
[2021-02-07T18:38:30.841+0300][586.081s][info][gc,load     ] GC(84) Load: 0.00/0.00/0.00
[2021-02-07T18:38:30.841+0300][586.081s][info][gc,mmu      ] GC(84) MMU: 2ms/76.9%, 5ms/90.7%, 10ms/95.0%, 20ms/97.5%, 50ms/98.9%, 100ms/99.0%
[2021-02-07T18:38:30.841+0300][586.081s][info][gc,marking  ] GC(84) Mark: 1 stripe(s), 2 proactive flush(es), 1 terminate flush(es), 1 completion(s), 0 continuation(s)
[2021-02-07T18:38:30.841+0300][586.081s][info][gc,nmethod  ] GC(84) NMethods: 1971 registered, 10 unregistered
[2021-02-07T18:38:30.841+0300][586.081s][info][gc,metaspace] GC(84) Metaspace: 6M used, 7M capacity, 7M committed, 1032M reserved
[2021-02-07T18:38:30.841+0300][586.081s][info][gc,ref      ] GC(84) Soft: 179 encountered, 106 discovered, 0 enqueued
[2021-02-07T18:38:30.841+0300][586.081s][info][gc,ref      ] GC(84) Weak: 1041 encountered, 644 discovered, 0 enqueued
[2021-02-07T18:38:30.841+0300][586.081s][info][gc,ref      ] GC(84) Final: 0 encountered, 0 discovered, 0 enqueued
[2021-02-07T18:38:30.841+0300][586.081s][info][gc,ref      ] GC(84) Phantom: 7 encountered, 6 discovered, 0 enqueued
[2021-02-07T18:38:30.841+0300][586.081s][info][gc,reloc    ] GC(84) Small Pages: 111 / 222M(94%), Empty: 0M(0%), Compacting: 6M(3%)->2M(1%)
[2021-02-07T18:38:30.841+0300][586.081s][info][gc,reloc    ] GC(84) Medium Pages: 0 / 0M(0%), Empty: 0M(0%), Compacting: 0M(0%)->0M(0%)
[2021-02-07T18:38:30.841+0300][586.081s][info][gc,reloc    ] GC(84) Large Pages: 1 / 14M(6%), Empty: 0M(0%), Compacting: 0M(0%)->0M(0%)
[2021-02-07T18:38:30.841+0300][586.081s][info][gc,reloc    ] GC(84) Relocation: Successful
[2021-02-07T18:38:30.841+0300][586.081s][info][gc,heap     ] GC(84) Min Capacity: 256M(100%)
[2021-02-07T18:38:30.841+0300][586.081s][info][gc,heap     ] GC(84) Max Capacity: 256M(100%)
[2021-02-07T18:38:30.841+0300][586.081s][info][gc,heap     ] GC(84) Soft Max Capacity: 256M(100%)
[2021-02-07T18:38:30.841+0300][586.081s][info][gc,heap     ] GC(84)                Mark Start          Mark End        Relocate Start      Relocate End           High               Low
[2021-02-07T18:38:30.841+0300][586.081s][info][gc,heap     ] GC(84)  Capacity:      256M (100%)        256M (100%)        256M (100%)        256M (100%)        256M (100%)        256M (100%)
[2021-02-07T18:38:30.841+0300][586.081s][info][gc,heap     ] GC(84)   Reserve:       12M (5%)           12M (5%)           12M (5%)           12M (5%)           12M (5%)           12M (5%)
[2021-02-07T18:38:30.841+0300][586.081s][info][gc,heap     ] GC(84)      Free:        8M (3%)            6M (2%)            6M (2%)            8M (3%)            8M (3%)            2M (1%)
[2021-02-07T18:38:30.841+0300][586.081s][info][gc,heap     ] GC(84)      Used:      236M (92%)         238M (93%)         238M (93%)         236M (92%)         242M (95%)         236M (92%)
[2021-02-07T18:38:30.841+0300][586.081s][info][gc,heap     ] GC(84)      Live:         -               224M (88%)         224M (88%)         224M (88%)            -                  -
[2021-02-07T18:38:30.841+0300][586.081s][info][gc,heap     ] GC(84) Allocated:         -                 2M (1%)            2M (1%)            6M (2%)             -                  -
[2021-02-07T18:38:30.841+0300][586.081s][info][gc,heap     ] GC(84)   Garbage:         -                11M (5%)           11M (5%)            9M (4%)             -                  -
[2021-02-07T18:38:30.841+0300][586.081s][info][gc,heap     ] GC(84) Reclaimed:         -                  -                 0M (0%)            2M (1%)             -                  -
[2021-02-07T18:38:30.841+0300][586.081s][info][gc          ] GC(84) Garbage Collection (High Usage) 236M(92%)->236M(92%)
[2021-02-07T18:38:30.904+0300][586.144s][info][gc,start    ] GC(85) Garbage Collection (High Usage)
[2021-02-07T18:38:30.904+0300][586.144s][info][gc,phases   ] GC(85) Pause Mark Start 0.121ms
[2021-02-07T18:38:31.234+0300][586.474s][info][gc,phases   ] GC(85) Concurrent Mark 329.279ms
[2021-02-07T18:38:31.234+0300][586.474s][info][gc,phases   ] GC(85) Pause Mark End 0.201ms
[2021-02-07T18:38:31.240+0300][586.480s][info][gc,phases   ] GC(85) Concurrent Process Non-Strong References 5.329ms
[2021-02-07T18:38:31.240+0300][586.480s][info][gc,phases   ] GC(85) Concurrent Reset Relocation Set 0.009ms
[2021-02-07T18:38:31.241+0300][586.482s][info][gc,phases   ] GC(85) Concurrent Select Relocation Set 1.773ms
[2021-02-07T18:38:31.243+0300][586.483s][info][gc,phases   ] GC(85) Pause Relocate Start 0.087ms
[2021-02-07T18:38:31.244+0300][586.484s][info][gc,phases   ] GC(85) Concurrent Relocate 1.244ms
[2021-02-07T18:38:31.244+0300][586.484s][info][gc,load     ] GC(85) Load: 0.00/0.00/0.00
[2021-02-07T18:38:31.244+0300][586.484s][info][gc,mmu      ] GC(85) MMU: 2ms/76.9%, 5ms/90.7%, 10ms/95.0%, 20ms/97.5%, 50ms/98.9%, 100ms/99.0%
[2021-02-07T18:38:31.244+0300][586.484s][info][gc,marking  ] GC(85) Mark: 1 stripe(s), 2 proactive flush(es), 1 terminate flush(es), 1 completion(s), 0 continuation(s)
[2021-02-07T18:38:31.244+0300][586.484s][info][gc,nmethod  ] GC(85) NMethods: 1972 registered, 10 unregistered
[2021-02-07T18:38:31.244+0300][586.484s][info][gc,metaspace] GC(85) Metaspace: 6M used, 7M capacity, 7M committed, 1032M reserved
[2021-02-07T18:38:31.244+0300][586.484s][info][gc,ref      ] GC(85) Soft: 179 encountered, 106 discovered, 0 enqueued
[2021-02-07T18:38:31.244+0300][586.484s][info][gc,ref      ] GC(85) Weak: 1041 encountered, 644 discovered, 0 enqueued
[2021-02-07T18:38:31.244+0300][586.484s][info][gc,ref      ] GC(85) Final: 0 encountered, 0 discovered, 0 enqueued
[2021-02-07T18:38:31.244+0300][586.484s][info][gc,ref      ] GC(85) Phantom: 7 encountered, 6 discovered, 0 enqueued
[2021-02-07T18:38:31.244+0300][586.484s][info][gc,reloc    ] GC(85) Small Pages: 111 / 222M(94%), Empty: 0M(0%), Compacting: 6M(3%)->2M(1%)
[2021-02-07T18:38:31.244+0300][586.484s][info][gc,reloc    ] GC(85) Medium Pages: 0 / 0M(0%), Empty: 0M(0%), Compacting: 0M(0%)->0M(0%)
[2021-02-07T18:38:31.244+0300][586.484s][info][gc,reloc    ] GC(85) Large Pages: 1 / 14M(6%), Empty: 0M(0%), Compacting: 0M(0%)->0M(0%)
[2021-02-07T18:38:31.244+0300][586.484s][info][gc,reloc    ] GC(85) Relocation: Successful
[2021-02-07T18:38:31.244+0300][586.484s][info][gc,heap     ] GC(85) Min Capacity: 256M(100%)
[2021-02-07T18:38:31.244+0300][586.484s][info][gc,heap     ] GC(85) Max Capacity: 256M(100%)
[2021-02-07T18:38:31.244+0300][586.484s][info][gc,heap     ] GC(85) Soft Max Capacity: 256M(100%)
[2021-02-07T18:38:31.244+0300][586.484s][info][gc,heap     ] GC(85)                Mark Start          Mark End        Relocate Start      Relocate End           High               Low
[2021-02-07T18:38:31.244+0300][586.484s][info][gc,heap     ] GC(85)  Capacity:      256M (100%)        256M (100%)        256M (100%)        256M (100%)        256M (100%)        256M (100%)
[2021-02-07T18:38:31.244+0300][586.484s][info][gc,heap     ] GC(85)   Reserve:       12M (5%)           12M (5%)           12M (5%)           12M (5%)           12M (5%)           12M (5%)
[2021-02-07T18:38:31.244+0300][586.484s][info][gc,heap     ] GC(85)      Free:        8M (3%)            6M (2%)            6M (2%)            8M (3%)            8M (3%)            2M (1%)
[2021-02-07T18:38:31.244+0300][586.484s][info][gc,heap     ] GC(85)      Used:      236M (92%)         238M (93%)         238M (93%)         236M (92%)         242M (95%)         236M (92%)
[2021-02-07T18:38:31.244+0300][586.484s][info][gc,heap     ] GC(85)      Live:         -               224M (88%)         224M (88%)         224M (88%)            -                  -
[2021-02-07T18:38:31.244+0300][586.484s][info][gc,heap     ] GC(85) Allocated:         -                 2M (1%)            2M (1%)            6M (2%)             -                  -
[2021-02-07T18:38:31.244+0300][586.484s][info][gc,heap     ] GC(85)   Garbage:         -                11M (5%)           11M (5%)            9M (4%)             -                  -
[2021-02-07T18:38:31.244+0300][586.484s][info][gc,heap     ] GC(85) Reclaimed:         -                  -                 0M (0%)            2M (1%)             -                  -
[2021-02-07T18:38:31.244+0300][586.484s][info][gc          ] GC(85) Garbage Collection (High Usage) 236M(92%)->236M(92%)
[2021-02-07T18:38:31.304+0300][586.544s][info][gc,start    ] GC(86) Garbage Collection (High Usage)
[2021-02-07T18:38:31.304+0300][586.544s][info][gc,phases   ] GC(86) Pause Mark Start 0.127ms
[2021-02-07T18:38:31.633+0300][586.873s][info][gc,phases   ] GC(86) Concurrent Mark 328.457ms
[2021-02-07T18:38:31.634+0300][586.874s][info][gc,phases   ] GC(86) Pause Mark End 0.210ms
[2021-02-07T18:38:31.640+0300][586.880s][info][gc,phases   ] GC(86) Concurrent Process Non-Strong References 5.647ms
[2021-02-07T18:38:31.640+0300][586.880s][info][gc,phases   ] GC(86) Concurrent Reset Relocation Set 0.011ms
[2021-02-07T18:38:31.642+0300][586.882s][info][gc,phases   ] GC(86) Concurrent Select Relocation Set 1.742ms
[2021-02-07T18:38:31.645+0300][586.885s][info][gc,phases   ] GC(86) Pause Relocate Start 0.135ms
[2021-02-07T18:38:31.646+0300][586.886s][info][gc,phases   ] GC(86) Concurrent Relocate 1.247ms
[2021-02-07T18:38:31.646+0300][586.886s][info][gc,load     ] GC(86) Load: 0.00/0.00/0.00
[2021-02-07T18:38:31.646+0300][586.886s][info][gc,mmu      ] GC(86) MMU: 2ms/76.9%, 5ms/90.7%, 10ms/95.0%, 20ms/97.5%, 50ms/98.9%, 100ms/99.0%
[2021-02-07T18:38:31.646+0300][586.886s][info][gc,marking  ] GC(86) Mark: 1 stripe(s), 2 proactive flush(es), 1 terminate flush(es), 1 completion(s), 0 continuation(s)
[2021-02-07T18:38:31.646+0300][586.886s][info][gc,nmethod  ] GC(86) NMethods: 1975 registered, 10 unregistered
[2021-02-07T18:38:31.646+0300][586.886s][info][gc,metaspace] GC(86) Metaspace: 6M used, 7M capacity, 7M committed, 1032M reserved
[2021-02-07T18:38:31.646+0300][586.886s][info][gc,ref      ] GC(86) Soft: 179 encountered, 106 discovered, 0 enqueued
[2021-02-07T18:38:31.646+0300][586.886s][info][gc,ref      ] GC(86) Weak: 1041 encountered, 644 discovered, 0 enqueued
[2021-02-07T18:38:31.646+0300][586.886s][info][gc,ref      ] GC(86) Final: 0 encountered, 0 discovered, 0 enqueued
[2021-02-07T18:38:31.646+0300][586.886s][info][gc,ref      ] GC(86) Phantom: 7 encountered, 6 discovered, 0 enqueued
[2021-02-07T18:38:31.646+0300][586.886s][info][gc,reloc    ] GC(86) Small Pages: 111 / 222M(94%), Empty: 2M(1%), Compacting: 4M(2%)->2M(1%)
[2021-02-07T18:38:31.646+0300][586.886s][info][gc,reloc    ] GC(86) Medium Pages: 0 / 0M(0%), Empty: 0M(0%), Compacting: 0M(0%)->0M(0%)
[2021-02-07T18:38:31.646+0300][586.886s][info][gc,reloc    ] GC(86) Large Pages: 1 / 14M(6%), Empty: 0M(0%), Compacting: 0M(0%)->0M(0%)
[2021-02-07T18:38:31.646+0300][586.886s][info][gc,reloc    ] GC(86) Relocation: Successful
[2021-02-07T18:38:31.646+0300][586.886s][info][gc,heap     ] GC(86) Min Capacity: 256M(100%)
[2021-02-07T18:38:31.646+0300][586.886s][info][gc,heap     ] GC(86) Max Capacity: 256M(100%)
[2021-02-07T18:38:31.646+0300][586.886s][info][gc,heap     ] GC(86) Soft Max Capacity: 256M(100%)
[2021-02-07T18:38:31.646+0300][586.887s][info][gc,heap     ] GC(86)                Mark Start          Mark End        Relocate Start      Relocate End           High               Low
[2021-02-07T18:38:31.646+0300][586.887s][info][gc,heap     ] GC(86)  Capacity:      256M (100%)        256M (100%)        256M (100%)        256M (100%)        256M (100%)        256M (100%)
[2021-02-07T18:38:31.646+0300][586.887s][info][gc,heap     ] GC(86)   Reserve:       12M (5%)           12M (5%)           12M (5%)           12M (5%)           12M (5%)           12M (5%)
[2021-02-07T18:38:31.646+0300][586.887s][info][gc,heap     ] GC(86)      Free:        8M (3%)            6M (2%)            8M (3%)            8M (3%)            8M (3%)            4M (2%)
[2021-02-07T18:38:31.646+0300][586.887s][info][gc,heap     ] GC(86)      Used:      236M (92%)         238M (93%)         236M (92%)         236M (92%)         240M (94%)         236M (92%)
[2021-02-07T18:38:31.646+0300][586.887s][info][gc,heap     ] GC(86)      Live:         -               224M (88%)         224M (88%)         224M (88%)            -                  -
[2021-02-07T18:38:31.646+0300][586.887s][info][gc,heap     ] GC(86) Allocated:         -                 2M (1%)            2M (1%)            6M (2%)             -                  -
[2021-02-07T18:38:31.646+0300][586.887s][info][gc,heap     ] GC(86)   Garbage:         -                11M (5%)            9M (4%)            9M (4%)             -                  -
[2021-02-07T18:38:31.646+0300][586.887s][info][gc,heap     ] GC(86) Reclaimed:         -                  -                 2M (1%)            2M (1%)             -                  -
[2021-02-07T18:38:31.646+0300][586.887s][info][gc          ] GC(86) Garbage Collection (High Usage) 236M(92%)->236M(92%)
[2021-02-07T18:38:31.703+0300][586.943s][info][gc,start    ] GC(87) Garbage Collection (High Usage)
[2021-02-07T18:38:31.704+0300][586.944s][info][gc,phases   ] GC(87) Pause Mark Start 0.128ms
[2021-02-07T18:38:32.030+0300][587.270s][info][gc,phases   ] GC(87) Concurrent Mark 326.271ms
[2021-02-07T18:38:32.031+0300][587.271s][info][gc,phases   ] GC(87) Pause Mark End 0.140ms
[2021-02-07T18:38:32.034+0300][587.274s][info][gc,phases   ] GC(87) Concurrent Process Non-Strong References 2.348ms
[2021-02-07T18:38:32.034+0300][587.274s][info][gc,phases   ] GC(87) Concurrent Reset Relocation Set 0.008ms
[2021-02-07T18:38:32.035+0300][587.275s][info][gc,phases   ] GC(87) Concurrent Select Relocation Set 1.362ms
[2021-02-07T18:38:32.036+0300][587.276s][info][gc,phases   ] GC(87) Pause Relocate Start 0.111ms
[2021-02-07T18:38:32.038+0300][587.278s][info][gc,phases   ] GC(87) Concurrent Relocate 1.351ms
[2021-02-07T18:38:32.038+0300][587.278s][info][gc,load     ] GC(87) Load: 0.00/0.00/0.00
[2021-02-07T18:38:32.038+0300][587.278s][info][gc,mmu      ] GC(87) MMU: 2ms/76.9%, 5ms/90.7%, 10ms/95.0%, 20ms/97.5%, 50ms/98.9%, 100ms/99.0%
[2021-02-07T18:38:32.038+0300][587.278s][info][gc,marking  ] GC(87) Mark: 1 stripe(s), 2 proactive flush(es), 1 terminate flush(es), 1 completion(s), 0 continuation(s)
[2021-02-07T18:38:32.038+0300][587.278s][info][gc,nmethod  ] GC(87) NMethods: 1975 registered, 10 unregistered
[2021-02-07T18:38:32.038+0300][587.278s][info][gc,metaspace] GC(87) Metaspace: 6M used, 7M capacity, 7M committed, 1032M reserved
[2021-02-07T18:38:32.038+0300][587.278s][info][gc,ref      ] GC(87) Soft: 179 encountered, 106 discovered, 0 enqueued
[2021-02-07T18:38:32.038+0300][587.278s][info][gc,ref      ] GC(87) Weak: 1041 encountered, 644 discovered, 0 enqueued
[2021-02-07T18:38:32.038+0300][587.278s][info][gc,ref      ] GC(87) Final: 0 encountered, 0 discovered, 0 enqueued
[2021-02-07T18:38:32.038+0300][587.278s][info][gc,ref      ] GC(87) Phantom: 7 encountered, 6 discovered, 0 enqueued
[2021-02-07T18:38:32.038+0300][587.278s][info][gc,reloc    ] GC(87) Small Pages: 111 / 222M(94%), Empty: 0M(0%), Compacting: 6M(3%)->2M(1%)
[2021-02-07T18:38:32.038+0300][587.278s][info][gc,reloc    ] GC(87) Medium Pages: 0 / 0M(0%), Empty: 0M(0%), Compacting: 0M(0%)->0M(0%)
[2021-02-07T18:38:32.038+0300][587.278s][info][gc,reloc    ] GC(87) Large Pages: 1 / 14M(6%), Empty: 0M(0%), Compacting: 0M(0%)->0M(0%)
[2021-02-07T18:38:32.038+0300][587.278s][info][gc,reloc    ] GC(87) Relocation: Successful
[2021-02-07T18:38:32.038+0300][587.278s][info][gc,heap     ] GC(87) Min Capacity: 256M(100%)
[2021-02-07T18:38:32.038+0300][587.278s][info][gc,heap     ] GC(87) Max Capacity: 256M(100%)
[2021-02-07T18:38:32.038+0300][587.278s][info][gc,heap     ] GC(87) Soft Max Capacity: 256M(100%)
[2021-02-07T18:38:32.038+0300][587.278s][info][gc,heap     ] GC(87)                Mark Start          Mark End        Relocate Start      Relocate End           High               Low
[2021-02-07T18:38:32.038+0300][587.278s][info][gc,heap     ] GC(87)  Capacity:      256M (100%)        256M (100%)        256M (100%)        256M (100%)        256M (100%)        256M (100%)
[2021-02-07T18:38:32.038+0300][587.278s][info][gc,heap     ] GC(87)   Reserve:       12M (5%)           12M (5%)           12M (5%)           12M (5%)           12M (5%)           12M (5%)
[2021-02-07T18:38:32.038+0300][587.278s][info][gc,heap     ] GC(87)      Free:        8M (3%)            6M (2%)            6M (2%)           10M (4%)           10M (4%)            4M (2%)
[2021-02-07T18:38:32.038+0300][587.278s][info][gc,heap     ] GC(87)      Used:      236M (92%)         238M (93%)         238M (93%)         234M (91%)         240M (94%)         234M (91%)
[2021-02-07T18:38:32.038+0300][587.278s][info][gc,heap     ] GC(87)      Live:         -               224M (88%)         224M (88%)         224M (88%)            -                  -
[2021-02-07T18:38:32.038+0300][587.278s][info][gc,heap     ] GC(87) Allocated:         -                 2M (1%)            2M (1%)            4M (2%)             -                  -
[2021-02-07T18:38:32.038+0300][587.278s][info][gc,heap     ] GC(87)   Garbage:         -                11M (5%)           11M (5%)            7M (3%)             -                  -
[2021-02-07T18:38:32.038+0300][587.278s][info][gc,heap     ] GC(87) Reclaimed:         -                  -                 0M (0%)            4M (2%)             -                  -
[2021-02-07T18:38:32.038+0300][587.278s][info][gc          ] GC(87) Garbage Collection (High Usage) 236M(92%)->234M(91%)
[2021-02-07T18:38:32.113+0300][587.353s][info][gc,start    ] GC(88) Garbage Collection (High Usage)
[2021-02-07T18:38:32.114+0300][587.354s][info][gc,phases   ] GC(88) Pause Mark Start 0.137ms
[2021-02-07T18:38:32.443+0300][587.684s][info][gc,phases   ] GC(88) Concurrent Mark 329.462ms
[2021-02-07T18:38:32.444+0300][587.685s][info][gc,phases   ] GC(88) Pause Mark End 0.147ms
[2021-02-07T18:38:32.448+0300][587.688s][info][gc,phases   ] GC(88) Concurrent Process Non-Strong References 3.401ms
[2021-02-07T18:38:32.448+0300][587.688s][info][gc,phases   ] GC(88) Concurrent Reset Relocation Set 0.010ms
[2021-02-07T18:38:32.450+0300][587.690s][info][gc,phases   ] GC(88) Concurrent Select Relocation Set 1.980ms
[2021-02-07T18:38:32.450+0300][587.691s][info][gc,phases   ] GC(88) Pause Relocate Start 0.117ms
[2021-02-07T18:38:32.457+0300][587.697s][info][gc,phases   ] GC(88) Concurrent Relocate 6.639ms
[2021-02-07T18:38:32.457+0300][587.697s][info][gc,load     ] GC(88) Load: 0.00/0.00/0.00
[2021-02-07T18:38:32.457+0300][587.697s][info][gc,mmu      ] GC(88) MMU: 2ms/76.9%, 5ms/90.7%, 10ms/95.0%, 20ms/97.5%, 50ms/98.9%, 100ms/99.0%
[2021-02-07T18:38:32.457+0300][587.697s][info][gc,marking  ] GC(88) Mark: 1 stripe(s), 2 proactive flush(es), 1 terminate flush(es), 1 completion(s), 0 continuation(s)
[2021-02-07T18:38:32.457+0300][587.698s][info][gc,nmethod  ] GC(88) NMethods: 1975 registered, 10 unregistered
[2021-02-07T18:38:32.457+0300][587.698s][info][gc,metaspace] GC(88) Metaspace: 6M used, 7M capacity, 7M committed, 1032M reserved
[2021-02-07T18:38:32.457+0300][587.698s][info][gc,ref      ] GC(88) Soft: 179 encountered, 106 discovered, 0 enqueued
[2021-02-07T18:38:32.457+0300][587.698s][info][gc,ref      ] GC(88) Weak: 1041 encountered, 644 discovered, 0 enqueued
[2021-02-07T18:38:32.457+0300][587.698s][info][gc,ref      ] GC(88) Final: 0 encountered, 0 discovered, 0 enqueued
[2021-02-07T18:38:32.457+0300][587.698s][info][gc,ref      ] GC(88) Phantom: 7 encountered, 6 discovered, 0 enqueued
[2021-02-07T18:38:32.457+0300][587.698s][info][gc,reloc    ] GC(88) Small Pages: 110 / 220M(94%), Empty: 0M(0%), Compacting: 10M(4%)->6M(3%)
[2021-02-07T18:38:32.457+0300][587.698s][info][gc,reloc    ] GC(88) Medium Pages: 0 / 0M(0%), Empty: 0M(0%), Compacting: 0M(0%)->0M(0%)
[2021-02-07T18:38:32.457+0300][587.698s][info][gc,reloc    ] GC(88) Large Pages: 1 / 14M(6%), Empty: 0M(0%), Compacting: 0M(0%)->0M(0%)
[2021-02-07T18:38:32.457+0300][587.698s][info][gc,reloc    ] GC(88) Relocation: Successful
[2021-02-07T18:38:32.457+0300][587.698s][info][gc,heap     ] GC(88) Min Capacity: 256M(100%)
[2021-02-07T18:38:32.457+0300][587.698s][info][gc,heap     ] GC(88) Max Capacity: 256M(100%)
[2021-02-07T18:38:32.457+0300][587.698s][info][gc,heap     ] GC(88) Soft Max Capacity: 256M(100%)
[2021-02-07T18:38:32.457+0300][587.698s][info][gc,heap     ] GC(88)                Mark Start          Mark End        Relocate Start      Relocate End           High               Low
[2021-02-07T18:38:32.457+0300][587.698s][info][gc,heap     ] GC(88)  Capacity:      256M (100%)        256M (100%)        256M (100%)        256M (100%)        256M (100%)        256M (100%)
[2021-02-07T18:38:32.457+0300][587.698s][info][gc,heap     ] GC(88)   Reserve:       12M (5%)           12M (5%)           12M (5%)           12M (5%)           12M (5%)           12M (5%)
[2021-02-07T18:38:32.457+0300][587.698s][info][gc,heap     ] GC(88)      Free:       10M (4%)           10M (4%)           10M (4%)           10M (4%)           10M (4%)            4M (2%)
[2021-02-07T18:38:32.457+0300][587.698s][info][gc,heap     ] GC(88)      Used:      234M (91%)         234M (91%)         234M (91%)         234M (91%)         240M (94%)         234M (91%)
[2021-02-07T18:38:32.457+0300][587.698s][info][gc,heap     ] GC(88)      Live:         -               224M (88%)         224M (88%)         224M (88%)            -                  -
[2021-02-07T18:38:32.457+0300][587.698s][info][gc,heap     ] GC(88) Allocated:         -                 0M (0%)            0M (0%)           10M (4%)             -                  -
[2021-02-07T18:38:32.457+0300][587.698s][info][gc,heap     ] GC(88)   Garbage:         -                 9M (4%)            9M (4%)            9M (4%)             -                  -
[2021-02-07T18:38:32.457+0300][587.698s][info][gc,heap     ] GC(88) Reclaimed:         -                  -                 0M (0%)            0M (0%)             -                  -
[2021-02-07T18:38:32.457+0300][587.698s][info][gc          ] GC(88) Garbage Collection (High Usage) 234M(91%)->234M(91%)
[2021-02-07T18:38:32.504+0300][587.744s][info][gc,start    ] GC(89) Garbage Collection (High Usage)
[2021-02-07T18:38:32.505+0300][587.745s][info][gc,phases   ] GC(89) Pause Mark Start 0.070ms
[2021-02-07T18:38:32.843+0300][588.083s][info][gc,phases   ] GC(89) Concurrent Mark 337.767ms
[2021-02-07T18:38:32.843+0300][588.083s][info][gc,phases   ] GC(89) Pause Mark End 0.210ms
[2021-02-07T18:38:32.847+0300][588.087s][info][gc,phases   ] GC(89) Concurrent Process Non-Strong References 3.392ms
[2021-02-07T18:38:32.847+0300][588.087s][info][gc,phases   ] GC(89) Concurrent Reset Relocation Set 0.197ms
[2021-02-07T18:38:32.848+0300][588.089s][info][gc,phases   ] GC(89) Concurrent Select Relocation Set 1.547ms
[2021-02-07T18:38:32.849+0300][588.089s][info][gc,phases   ] GC(89) Pause Relocate Start 0.127ms
[2021-02-07T18:38:32.851+0300][588.091s][info][gc,phases   ] GC(89) Concurrent Relocate 1.607ms
[2021-02-07T18:38:32.851+0300][588.091s][info][gc,load     ] GC(89) Load: 0.00/0.00/0.00
[2021-02-07T18:38:32.851+0300][588.091s][info][gc,mmu      ] GC(89) MMU: 2ms/76.9%, 5ms/90.7%, 10ms/95.0%, 20ms/97.5%, 50ms/98.9%, 100ms/99.0%
[2021-02-07T18:38:32.851+0300][588.091s][info][gc,marking  ] GC(89) Mark: 1 stripe(s), 2 proactive flush(es), 1 terminate flush(es), 1 completion(s), 0 continuation(s)
[2021-02-07T18:38:32.851+0300][588.091s][info][gc,nmethod  ] GC(89) NMethods: 1975 registered, 10 unregistered
[2021-02-07T18:38:32.851+0300][588.091s][info][gc,metaspace] GC(89) Metaspace: 6M used, 7M capacity, 7M committed, 1032M reserved
[2021-02-07T18:38:32.851+0300][588.091s][info][gc,ref      ] GC(89) Soft: 179 encountered, 106 discovered, 0 enqueued
[2021-02-07T18:38:32.851+0300][588.091s][info][gc,ref      ] GC(89) Weak: 1041 encountered, 644 discovered, 0 enqueued
[2021-02-07T18:38:32.851+0300][588.091s][info][gc,ref      ] GC(89) Final: 0 encountered, 0 discovered, 0 enqueued
[2021-02-07T18:38:32.851+0300][588.091s][info][gc,ref      ] GC(89) Phantom: 7 encountered, 6 discovered, 0 enqueued
[2021-02-07T18:38:32.851+0300][588.091s][info][gc,reloc    ] GC(89) Small Pages: 110 / 220M(94%), Empty: 0M(0%), Compacting: 6M(3%)->2M(1%)
[2021-02-07T18:38:32.851+0300][588.091s][info][gc,reloc    ] GC(89) Medium Pages: 0 / 0M(0%), Empty: 0M(0%), Compacting: 0M(0%)->0M(0%)
[2021-02-07T18:38:32.851+0300][588.091s][info][gc,reloc    ] GC(89) Large Pages: 1 / 14M(6%), Empty: 0M(0%), Compacting: 0M(0%)->0M(0%)
[2021-02-07T18:38:32.851+0300][588.091s][info][gc,reloc    ] GC(89) Relocation: Successful
[2021-02-07T18:38:32.851+0300][588.091s][info][gc,heap     ] GC(89) Min Capacity: 256M(100%)
[2021-02-07T18:38:32.851+0300][588.091s][info][gc,heap     ] GC(89) Max Capacity: 256M(100%)
[2021-02-07T18:38:32.851+0300][588.091s][info][gc,heap     ] GC(89) Soft Max Capacity: 256M(100%)
[2021-02-07T18:38:32.851+0300][588.091s][info][gc,heap     ] GC(89)                Mark Start          Mark End        Relocate Start      Relocate End           High               Low
[2021-02-07T18:38:32.851+0300][588.091s][info][gc,heap     ] GC(89)  Capacity:      256M (100%)        256M (100%)        256M (100%)        256M (100%)        256M (100%)        256M (100%)
[2021-02-07T18:38:32.851+0300][588.091s][info][gc,heap     ] GC(89)   Reserve:       12M (5%)           12M (5%)           12M (5%)           12M (5%)           12M (5%)           12M (5%)
[2021-02-07T18:38:32.851+0300][588.091s][info][gc,heap     ] GC(89)      Free:       10M (4%)            8M (3%)            8M (3%)           12M (5%)           12M (5%)            6M (2%)
[2021-02-07T18:38:32.851+0300][588.091s][info][gc,heap     ] GC(89)      Used:      234M (91%)         236M (92%)         236M (92%)         232M (91%)         238M (93%)         232M (91%)
[2021-02-07T18:38:32.851+0300][588.091s][info][gc,heap     ] GC(89)      Live:         -               224M (88%)         224M (88%)         224M (88%)            -                  -
[2021-02-07T18:38:32.851+0300][588.091s][info][gc,heap     ] GC(89) Allocated:         -                 2M (1%)            2M (1%)            4M (2%)             -                  -
[2021-02-07T18:38:32.851+0300][588.091s][info][gc,heap     ] GC(89)   Garbage:         -                 9M (4%)            9M (4%)            5M (2%)             -                  -
[2021-02-07T18:38:32.851+0300][588.091s][info][gc,heap     ] GC(89) Reclaimed:         -                  -                 0M (0%)            4M (2%)             -                  -
[2021-02-07T18:38:32.851+0300][588.091s][info][gc          ] GC(89) Garbage Collection (High Usage) 234M(91%)->232M(91%)
[2021-02-07T18:38:32.903+0300][588.143s][info][gc,start    ] GC(90) Garbage Collection (High Usage)
[2021-02-07T18:38:32.904+0300][588.144s][info][gc,phases   ] GC(90) Pause Mark Start 0.109ms
[2021-02-07T18:38:33.231+0300][588.472s][info][gc,phases   ] GC(90) Concurrent Mark 327.654ms
[2021-02-07T18:38:33.233+0300][588.473s][info][gc,phases   ] GC(90) Pause Mark End 0.236ms
[2021-02-07T18:38:33.236+0300][588.477s][info][gc,phases   ] GC(90) Concurrent Process Non-Strong References 3.459ms
[2021-02-07T18:38:33.236+0300][588.477s][info][gc,phases   ] GC(90) Concurrent Reset Relocation Set 0.081ms
[2021-02-07T18:38:33.238+0300][588.478s][info][gc,phases   ] GC(90) Concurrent Select Relocation Set 1.603ms
[2021-02-07T18:38:33.239+0300][588.479s][info][gc,phases   ] GC(90) Pause Relocate Start 0.130ms
[2021-02-07T18:38:33.240+0300][588.481s][info][gc,phases   ] GC(90) Concurrent Relocate 1.638ms
[2021-02-07T18:38:33.241+0300][588.481s][info][gc,load     ] GC(90) Load: 0.00/0.00/0.00
[2021-02-07T18:38:33.241+0300][588.481s][info][gc,mmu      ] GC(90) MMU: 2ms/76.9%, 5ms/90.7%, 10ms/95.0%, 20ms/97.5%, 50ms/98.9%, 100ms/99.0%
[2021-02-07T18:38:33.241+0300][588.481s][info][gc,marking  ] GC(90) Mark: 1 stripe(s), 2 proactive flush(es), 1 terminate flush(es), 1 completion(s), 0 continuation(s)
[2021-02-07T18:38:33.241+0300][588.481s][info][gc,nmethod  ] GC(90) NMethods: 1975 registered, 10 unregistered
[2021-02-07T18:38:33.241+0300][588.481s][info][gc,metaspace] GC(90) Metaspace: 6M used, 7M capacity, 7M committed, 1032M reserved
[2021-02-07T18:38:33.241+0300][588.481s][info][gc,ref      ] GC(90) Soft: 179 encountered, 96 discovered, 0 enqueued
[2021-02-07T18:38:33.241+0300][588.481s][info][gc,ref      ] GC(90) Weak: 1041 encountered, 643 discovered, 0 enqueued
[2021-02-07T18:38:33.241+0300][588.481s][info][gc,ref      ] GC(90) Final: 0 encountered, 0 discovered, 0 enqueued
[2021-02-07T18:38:33.241+0300][588.481s][info][gc,ref      ] GC(90) Phantom: 7 encountered, 6 discovered, 0 enqueued
[2021-02-07T18:38:33.241+0300][588.481s][info][gc,reloc    ] GC(90) Small Pages: 109 / 218M(94%), Empty: 0M(0%), Compacting: 4M(2%)->2M(1%)
[2021-02-07T18:38:33.241+0300][588.481s][info][gc,reloc    ] GC(90) Medium Pages: 0 / 0M(0%), Empty: 0M(0%), Compacting: 0M(0%)->0M(0%)
[2021-02-07T18:38:33.241+0300][588.481s][info][gc,reloc    ] GC(90) Large Pages: 1 / 14M(6%), Empty: 0M(0%), Compacting: 0M(0%)->0M(0%)
[2021-02-07T18:38:33.241+0300][588.481s][info][gc,reloc    ] GC(90) Relocation: Successful
[2021-02-07T18:38:33.241+0300][588.481s][info][gc,heap     ] GC(90) Min Capacity: 256M(100%)
[2021-02-07T18:38:33.241+0300][588.481s][info][gc,heap     ] GC(90) Max Capacity: 256M(100%)
[2021-02-07T18:38:33.241+0300][588.481s][info][gc,heap     ] GC(90) Soft Max Capacity: 256M(100%)
[2021-02-07T18:38:33.241+0300][588.481s][info][gc,heap     ] GC(90)                Mark Start          Mark End        Relocate Start      Relocate End           High               Low
[2021-02-07T18:38:33.241+0300][588.481s][info][gc,heap     ] GC(90)  Capacity:      256M (100%)        256M (100%)        256M (100%)        256M (100%)        256M (100%)        256M (100%)
[2021-02-07T18:38:33.241+0300][588.481s][info][gc,heap     ] GC(90)   Reserve:       12M (5%)           12M (5%)           12M (5%)           12M (5%)           12M (5%)           12M (5%)
[2021-02-07T18:38:33.241+0300][588.481s][info][gc,heap     ] GC(90)      Free:       12M (5%)           10M (4%)           10M (4%)           12M (5%)           12M (5%)            8M (3%)
[2021-02-07T18:38:33.241+0300][588.481s][info][gc,heap     ] GC(90)      Used:      232M (91%)         234M (91%)         234M (91%)         232M (91%)         236M (92%)         232M (91%)
[2021-02-07T18:38:33.241+0300][588.481s][info][gc,heap     ] GC(90)      Live:         -               224M (88%)         224M (88%)         224M (88%)            -                  -
[2021-02-07T18:38:33.241+0300][588.481s][info][gc,heap     ] GC(90) Allocated:         -                 2M (1%)            2M (1%)            4M (2%)             -                  -
[2021-02-07T18:38:33.241+0300][588.481s][info][gc,heap     ] GC(90)   Garbage:         -                 7M (3%)            7M (3%)            5M (2%)             -                  -
[2021-02-07T18:38:33.241+0300][588.481s][info][gc,heap     ] GC(90) Reclaimed:         -                  -                 0M (0%)            2M (1%)             -                  -
[2021-02-07T18:38:33.241+0300][588.481s][info][gc          ] GC(90) Garbage Collection (High Usage) 232M(91%)->232M(91%)
[2021-02-07T18:38:33.303+0300][588.543s][info][gc,start    ] GC(91) Garbage Collection (High Usage)
[2021-02-07T18:38:33.304+0300][588.544s][info][gc,phases   ] GC(91) Pause Mark Start 0.140ms
[2021-02-07T18:38:33.631+0300][588.871s][info][gc,phases   ] GC(91) Concurrent Mark 327.444ms
[2021-02-07T18:38:33.632+0300][588.873s][info][gc,phases   ] GC(91) Pause Mark End 0.181ms
[2021-02-07T18:38:33.635+0300][588.876s][info][gc,phases   ] GC(91) Concurrent Process Non-Strong References 2.648ms
[2021-02-07T18:38:33.635+0300][588.876s][info][gc,phases   ] GC(91) Concurrent Reset Relocation Set 0.076ms
[2021-02-07T18:38:33.637+0300][588.877s][info][gc,phases   ] GC(91) Concurrent Select Relocation Set 1.596ms
[2021-02-07T18:38:33.638+0300][588.878s][info][gc,phases   ] GC(91) Pause Relocate Start 0.131ms
[2021-02-07T18:38:33.639+0300][588.880s][info][gc,phases   ] GC(91) Concurrent Relocate 1.666ms
[2021-02-07T18:38:33.639+0300][588.880s][info][gc,load     ] GC(91) Load: 0.00/0.00/0.00
[2021-02-07T18:38:33.639+0300][588.880s][info][gc,mmu      ] GC(91) MMU: 2ms/76.9%, 5ms/90.7%, 10ms/95.0%, 20ms/97.5%, 50ms/98.9%, 100ms/99.0%
[2021-02-07T18:38:33.639+0300][588.880s][info][gc,marking  ] GC(91) Mark: 1 stripe(s), 2 proactive flush(es), 1 terminate flush(es), 1 completion(s), 0 continuation(s)
[2021-02-07T18:38:33.639+0300][588.880s][info][gc,nmethod  ] GC(91) NMethods: 1975 registered, 10 unregistered
[2021-02-07T18:38:33.640+0300][588.880s][info][gc,metaspace] GC(91) Metaspace: 6M used, 7M capacity, 7M committed, 1032M reserved
[2021-02-07T18:38:33.640+0300][588.880s][info][gc,ref      ] GC(91) Soft: 179 encountered, 106 discovered, 0 enqueued
[2021-02-07T18:38:33.640+0300][588.880s][info][gc,ref      ] GC(91) Weak: 1041 encountered, 644 discovered, 0 enqueued
[2021-02-07T18:38:33.640+0300][588.880s][info][gc,ref      ] GC(91) Final: 0 encountered, 0 discovered, 0 enqueued
[2021-02-07T18:38:33.640+0300][588.880s][info][gc,ref      ] GC(91) Phantom: 7 encountered, 6 discovered, 0 enqueued
[2021-02-07T18:38:33.640+0300][588.880s][info][gc,reloc    ] GC(91) Small Pages: 109 / 218M(94%), Empty: 0M(0%), Compacting: 4M(2%)->2M(1%)
[2021-02-07T18:38:33.640+0300][588.880s][info][gc,reloc    ] GC(91) Medium Pages: 0 / 0M(0%), Empty: 0M(0%), Compacting: 0M(0%)->0M(0%)
[2021-02-07T18:38:33.640+0300][588.880s][info][gc,reloc    ] GC(91) Large Pages: 1 / 14M(6%), Empty: 0M(0%), Compacting: 0M(0%)->0M(0%)
[2021-02-07T18:38:33.640+0300][588.880s][info][gc,reloc    ] GC(91) Relocation: Successful
[2021-02-07T18:38:33.640+0300][588.880s][info][gc,heap     ] GC(91) Min Capacity: 256M(100%)
[2021-02-07T18:38:33.640+0300][588.880s][info][gc,heap     ] GC(91) Max Capacity: 256M(100%)
[2021-02-07T18:38:33.640+0300][588.880s][info][gc,heap     ] GC(91) Soft Max Capacity: 256M(100%)
[2021-02-07T18:38:33.640+0300][588.880s][info][gc,heap     ] GC(91)                Mark Start          Mark End        Relocate Start      Relocate End           High               Low
[2021-02-07T18:38:33.640+0300][588.880s][info][gc,heap     ] GC(91)  Capacity:      256M (100%)        256M (100%)        256M (100%)        256M (100%)        256M (100%)        256M (100%)
[2021-02-07T18:38:33.640+0300][588.880s][info][gc,heap     ] GC(91)   Reserve:       12M (5%)           12M (5%)           12M (5%)           12M (5%)           12M (5%)           12M (5%)
[2021-02-07T18:38:33.640+0300][588.880s][info][gc,heap     ] GC(91)      Free:       12M (5%)           10M (4%)           10M (4%)           10M (4%)           12M (5%)            6M (2%)
[2021-02-07T18:38:33.640+0300][588.880s][info][gc,heap     ] GC(91)      Used:      232M (91%)         234M (91%)         234M (91%)         234M (91%)         238M (93%)         232M (91%)
[2021-02-07T18:38:33.640+0300][588.880s][info][gc,heap     ] GC(91)      Live:         -               224M (88%)         224M (88%)         224M (88%)            -                  -
[2021-02-07T18:38:33.640+0300][588.880s][info][gc,heap     ] GC(91) Allocated:         -                 2M (1%)            2M (1%)            6M (2%)             -                  -
[2021-02-07T18:38:33.640+0300][588.880s][info][gc,heap     ] GC(91)   Garbage:         -                 7M (3%)            7M (3%)            7M (3%)             -                  -
[2021-02-07T18:38:33.640+0300][588.880s][info][gc,heap     ] GC(91) Reclaimed:         -                  -                 0M (0%)            0M (0%)             -                  -
[2021-02-07T18:38:33.640+0300][588.880s][info][gc          ] GC(91) Garbage Collection (High Usage) 232M(91%)->234M(91%)
[2021-02-07T18:38:33.703+0300][588.943s][info][gc,start    ] GC(92) Garbage Collection (High Usage)
[2021-02-07T18:38:33.703+0300][588.944s][info][gc,phases   ] GC(92) Pause Mark Start 0.127ms
[2021-02-07T18:38:34.030+0300][589.271s][info][gc,phases   ] GC(92) Concurrent Mark 326.995ms
[2021-02-07T18:38:34.032+0300][589.272s][info][gc,phases   ] GC(92) Pause Mark End 0.218ms
[2021-02-07T18:38:34.035+0300][589.275s][info][gc,phases   ] GC(92) Concurrent Process Non-Strong References 3.335ms
[2021-02-07T18:38:34.035+0300][589.276s][info][gc,phases   ] GC(92) Concurrent Reset Relocation Set 0.073ms
[2021-02-07T18:38:34.037+0300][589.277s][info][gc,phases   ] GC(92) Concurrent Select Relocation Set 1.577ms
[2021-02-07T18:38:34.038+0300][589.278s][info][gc,phases   ] GC(92) Pause Relocate Start 0.097ms
[2021-02-07T18:38:34.039+0300][589.280s][info][gc,phases   ] GC(92) Concurrent Relocate 1.705ms
[2021-02-07T18:38:34.039+0300][589.280s][info][gc,load     ] GC(92) Load: 0.00/0.00/0.00
[2021-02-07T18:38:34.039+0300][589.280s][info][gc,mmu      ] GC(92) MMU: 2ms/76.9%, 5ms/90.7%, 10ms/95.0%, 20ms/97.5%, 50ms/98.9%, 100ms/99.0%
[2021-02-07T18:38:34.039+0300][589.280s][info][gc,marking  ] GC(92) Mark: 1 stripe(s), 2 proactive flush(es), 1 terminate flush(es), 1 completion(s), 0 continuation(s)
[2021-02-07T18:38:34.039+0300][589.280s][info][gc,nmethod  ] GC(92) NMethods: 1975 registered, 10 unregistered
[2021-02-07T18:38:34.039+0300][589.280s][info][gc,metaspace] GC(92) Metaspace: 6M used, 7M capacity, 7M committed, 1032M reserved
[2021-02-07T18:38:34.039+0300][589.280s][info][gc,ref      ] GC(92) Soft: 179 encountered, 106 discovered, 0 enqueued
[2021-02-07T18:38:34.039+0300][589.280s][info][gc,ref      ] GC(92) Weak: 1041 encountered, 644 discovered, 0 enqueued
[2021-02-07T18:38:34.039+0300][589.280s][info][gc,ref      ] GC(92) Final: 0 encountered, 0 discovered, 0 enqueued
[2021-02-07T18:38:34.039+0300][589.280s][info][gc,ref      ] GC(92) Phantom: 7 encountered, 6 discovered, 0 enqueued
[2021-02-07T18:38:34.039+0300][589.280s][info][gc,reloc    ] GC(92) Small Pages: 110 / 220M(94%), Empty: 0M(0%), Compacting: 6M(3%)->2M(1%)
[2021-02-07T18:38:34.039+0300][589.280s][info][gc,reloc    ] GC(92) Medium Pages: 0 / 0M(0%), Empty: 0M(0%), Compacting: 0M(0%)->0M(0%)
[2021-02-07T18:38:34.039+0300][589.280s][info][gc,reloc    ] GC(92) Large Pages: 1 / 14M(6%), Empty: 0M(0%), Compacting: 0M(0%)->0M(0%)
[2021-02-07T18:38:34.039+0300][589.280s][info][gc,reloc    ] GC(92) Relocation: Successful
[2021-02-07T18:38:34.039+0300][589.280s][info][gc,heap     ] GC(92) Min Capacity: 256M(100%)
[2021-02-07T18:38:34.039+0300][589.280s][info][gc,heap     ] GC(92) Max Capacity: 256M(100%)
[2021-02-07T18:38:34.039+0300][589.280s][info][gc,heap     ] GC(92) Soft Max Capacity: 256M(100%)
[2021-02-07T18:38:34.040+0300][589.280s][info][gc,heap     ] GC(92)                Mark Start          Mark End        Relocate Start      Relocate End           High               Low
[2021-02-07T18:38:34.040+0300][589.280s][info][gc,heap     ] GC(92)  Capacity:      256M (100%)        256M (100%)        256M (100%)        256M (100%)        256M (100%)        256M (100%)
[2021-02-07T18:38:34.040+0300][589.280s][info][gc,heap     ] GC(92)   Reserve:       12M (5%)           12M (5%)           12M (5%)           12M (5%)           12M (5%)           12M (5%)
[2021-02-07T18:38:34.040+0300][589.280s][info][gc,heap     ] GC(92)      Free:       10M (4%)            8M (3%)            8M (3%)           12M (5%)           12M (5%)            6M (2%)
[2021-02-07T18:38:34.040+0300][589.280s][info][gc,heap     ] GC(92)      Used:      234M (91%)         236M (92%)         236M (92%)         232M (91%)         238M (93%)         232M (91%)
[2021-02-07T18:38:34.040+0300][589.280s][info][gc,heap     ] GC(92)      Live:         -               224M (88%)         224M (88%)         224M (88%)            -                  -
[2021-02-07T18:38:34.040+0300][589.280s][info][gc,heap     ] GC(92) Allocated:         -                 2M (1%)            2M (1%)            4M (2%)             -                  -
[2021-02-07T18:38:34.040+0300][589.280s][info][gc,heap     ] GC(92)   Garbage:         -                 9M (4%)            9M (4%)            5M (2%)             -                  -
[2021-02-07T18:38:34.040+0300][589.280s][info][gc,heap     ] GC(92) Reclaimed:         -                  -                 0M (0%)            4M (2%)             -                  -
[2021-02-07T18:38:34.040+0300][589.280s][info][gc          ] GC(92) Garbage Collection (High Usage) 234M(91%)->232M(91%)
[2021-02-07T18:38:34.104+0300][589.344s][info][gc,start    ] GC(93) Garbage Collection (High Usage)
[2021-02-07T18:38:34.104+0300][589.344s][info][gc,phases   ] GC(93) Pause Mark Start 0.106ms
[2021-02-07T18:38:34.432+0300][589.672s][info][gc,phases   ] GC(93) Concurrent Mark 328.055ms
[2021-02-07T18:38:34.433+0300][589.674s][info][gc,phases   ] GC(93) Pause Mark End 0.213ms
[2021-02-07T18:38:34.437+0300][589.677s][info][gc,phases   ] GC(93) Concurrent Process Non-Strong References 3.342ms
[2021-02-07T18:38:34.437+0300][589.677s][info][gc,phases   ] GC(93) Concurrent Reset Relocation Set 0.076ms
[2021-02-07T18:38:34.439+0300][589.679s][info][gc,phases   ] GC(93) Concurrent Select Relocation Set 1.601ms
[2021-02-07T18:38:34.439+0300][589.680s][info][gc,phases   ] GC(93) Pause Relocate Start 0.130ms
[2021-02-07T18:38:34.441+0300][589.681s][info][gc,phases   ] GC(93) Concurrent Relocate 1.835ms
[2021-02-07T18:38:34.441+0300][589.681s][info][gc,load     ] GC(93) Load: 0.00/0.00/0.00
[2021-02-07T18:38:34.441+0300][589.682s][info][gc,mmu      ] GC(93) MMU: 2ms/76.9%, 5ms/90.7%, 10ms/95.0%, 20ms/97.5%, 50ms/98.9%, 100ms/99.0%
[2021-02-07T18:38:34.441+0300][589.682s][info][gc,marking  ] GC(93) Mark: 1 stripe(s), 2 proactive flush(es), 1 terminate flush(es), 1 completion(s), 0 continuation(s)
[2021-02-07T18:38:34.441+0300][589.682s][info][gc,nmethod  ] GC(93) NMethods: 1975 registered, 10 unregistered
[2021-02-07T18:38:34.441+0300][589.682s][info][gc,metaspace] GC(93) Metaspace: 6M used, 7M capacity, 7M committed, 1032M reserved
[2021-02-07T18:38:34.441+0300][589.682s][info][gc,ref      ] GC(93) Soft: 179 encountered, 106 discovered, 0 enqueued
[2021-02-07T18:38:34.441+0300][589.682s][info][gc,ref      ] GC(93) Weak: 1041 encountered, 644 discovered, 0 enqueued
[2021-02-07T18:38:34.441+0300][589.682s][info][gc,ref      ] GC(93) Final: 0 encountered, 0 discovered, 0 enqueued
[2021-02-07T18:38:34.441+0300][589.682s][info][gc,ref      ] GC(93) Phantom: 7 encountered, 6 discovered, 0 enqueued
[2021-02-07T18:38:34.441+0300][589.682s][info][gc,reloc    ] GC(93) Small Pages: 109 / 218M(94%), Empty: 0M(0%), Compacting: 4M(2%)->2M(1%)
[2021-02-07T18:38:34.441+0300][589.682s][info][gc,reloc    ] GC(93) Medium Pages: 0 / 0M(0%), Empty: 0M(0%), Compacting: 0M(0%)->0M(0%)
[2021-02-07T18:38:34.441+0300][589.682s][info][gc,reloc    ] GC(93) Large Pages: 1 / 14M(6%), Empty: 0M(0%), Compacting: 0M(0%)->0M(0%)
[2021-02-07T18:38:34.441+0300][589.682s][info][gc,reloc    ] GC(93) Relocation: Successful
[2021-02-07T18:38:34.441+0300][589.682s][info][gc,heap     ] GC(93) Min Capacity: 256M(100%)
[2021-02-07T18:38:34.441+0300][589.682s][info][gc,heap     ] GC(93) Max Capacity: 256M(100%)
[2021-02-07T18:38:34.441+0300][589.682s][info][gc,heap     ] GC(93) Soft Max Capacity: 256M(100%)
[2021-02-07T18:38:34.441+0300][589.682s][info][gc,heap     ] GC(93)                Mark Start          Mark End        Relocate Start      Relocate End           High               Low
[2021-02-07T18:38:34.441+0300][589.682s][info][gc,heap     ] GC(93)  Capacity:      256M (100%)        256M (100%)        256M (100%)        256M (100%)        256M (100%)        256M (100%)
[2021-02-07T18:38:34.441+0300][589.682s][info][gc,heap     ] GC(93)   Reserve:       12M (5%)           12M (5%)           12M (5%)           12M (5%)           12M (5%)           12M (5%)
[2021-02-07T18:38:34.441+0300][589.682s][info][gc,heap     ] GC(93)      Free:       12M (5%)           12M (5%)           12M (5%)           10M (4%)           12M (5%)            6M (2%)
[2021-02-07T18:38:34.441+0300][589.682s][info][gc,heap     ] GC(93)      Used:      232M (91%)         232M (91%)         232M (91%)         234M (91%)         238M (93%)         232M (91%)
[2021-02-07T18:38:34.441+0300][589.682s][info][gc,heap     ] GC(93)      Live:         -               224M (88%)         224M (88%)         224M (88%)            -                  -
[2021-02-07T18:38:34.441+0300][589.682s][info][gc,heap     ] GC(93) Allocated:         -                 0M (0%)            0M (0%)            6M (2%)             -                  -
[2021-02-07T18:38:34.441+0300][589.682s][info][gc,heap     ] GC(93)   Garbage:         -                 7M (3%)            7M (3%)            7M (3%)             -                  -
[2021-02-07T18:38:34.441+0300][589.682s][info][gc,heap     ] GC(93) Reclaimed:         -                  -                 0M (0%)            0M (0%)             -                  -
[2021-02-07T18:38:34.442+0300][589.682s][info][gc          ] GC(93) Garbage Collection (High Usage) 232M(91%)->234M(91%)
[2021-02-07T18:38:34.503+0300][589.743s][info][gc,start    ] GC(94) Garbage Collection (High Usage)
[2021-02-07T18:38:34.503+0300][589.744s][info][gc,phases   ] GC(94) Pause Mark Start 0.098ms
[2021-02-07T18:38:34.804+0300][590.044s][info][gc,stats    ] === Garbage Collection Statistics =======================================================================================================================
[2021-02-07T18:38:34.804+0300][590.044s][info][gc,stats    ]                                                              Last 10s              Last 10m              Last 10h                Total
[2021-02-07T18:38:34.804+0300][590.044s][info][gc,stats    ]                                                              Avg / Max             Avg / Max             Avg / Max             Avg / Max
[2021-02-07T18:38:34.804+0300][590.044s][info][gc,stats    ]   Collector: Garbage Collection Cycle                    341.245 / 350.108     297.609 / 384.435     297.609 / 384.435     297.609 / 384.435     ms
[2021-02-07T18:38:34.804+0300][590.044s][info][gc,stats    ]  Contention: Mark Segment Reset Contention                     0 / 0                 0 / 2                 0 / 2                 0 / 2           ops/s
[2021-02-07T18:38:34.804+0300][590.044s][info][gc,stats    ]  Contention: Mark SeqNum Reset Contention                      0 / 0                 0 / 0                 0 / 0                 0 / 0           ops/s
[2021-02-07T18:38:34.804+0300][590.044s][info][gc,stats    ]  Contention: Relocation Contention                             1 / 6                 8 / 1730              8 / 1730              8 / 1730        ops/s
[2021-02-07T18:38:34.804+0300][590.044s][info][gc,stats    ]    Critical: Allocation Stall                              0.000 / 0.000       184.958 / 189.366     184.958 / 189.366     184.958 / 189.366     ms
[2021-02-07T18:38:34.804+0300][590.044s][info][gc,stats    ]    Critical: Allocation Stall                                  0 / 0                 0 / 1                 0 / 1                 0 / 1           ops/s
[2021-02-07T18:38:34.804+0300][590.044s][info][gc,stats    ]    Critical: GC Locker Stall                               0.000 / 0.000         0.000 / 0.000         0.000 / 0.000         0.000 / 0.000       ms
[2021-02-07T18:38:34.804+0300][590.044s][info][gc,stats    ]    Critical: GC Locker Stall                                   0 / 0                 0 / 0                 0 / 0                 0 / 0           ops/s
[2021-02-07T18:38:34.804+0300][590.044s][info][gc,stats    ]      Memory: Allocation Rate                                   5 / 6                 1 / 304               1 / 304               1 / 304         MB/s
[2021-02-07T18:38:34.804+0300][590.044s][info][gc,stats    ]      Memory: Heap Used After Mark                            236 / 238             205 / 244             205 / 244             205 / 244         MB
[2021-02-07T18:38:34.804+0300][590.044s][info][gc,stats    ]      Memory: Heap Used After Relocation                      235 / 236             201 / 240             201 / 240             201 / 240         MB
[2021-02-07T18:38:34.804+0300][590.044s][info][gc,stats    ]      Memory: Heap Used Before Mark                           235 / 236             204 / 244             204 / 244             204 / 244         MB
[2021-02-07T18:38:34.804+0300][590.044s][info][gc,stats    ]      Memory: Heap Used Before Relocation                     236 / 238             204 / 240             204 / 240             204 / 240         MB
[2021-02-07T18:38:34.804+0300][590.044s][info][gc,stats    ]      Memory: Out Of Memory                                     0 / 0                 0 / 0                 0 / 0                 0 / 0           ops/s
[2021-02-07T18:38:34.804+0300][590.044s][info][gc,stats    ]      Memory: Page Cache Flush                                  0 / 0                 0 / 14                0 / 14                0 / 14          MB/s
[2021-02-07T18:38:34.804+0300][590.044s][info][gc,stats    ]      Memory: Page Cache Hit L1                                 7 / 8                 0 / 21                0 / 21                0 / 21          ops/s
[2021-02-07T18:38:34.804+0300][590.044s][info][gc,stats    ]      Memory: Page Cache Hit L2                                 0 / 0                 0 / 0                 0 / 0                 0 / 0           ops/s
[2021-02-07T18:38:34.804+0300][590.044s][info][gc,stats    ]      Memory: Page Cache Hit L3                                 0 / 0                 0 / 16                0 / 16                0 / 16          ops/s
[2021-02-07T18:38:34.804+0300][590.044s][info][gc,stats    ]      Memory: Page Cache Miss                                   0 / 0                 0 / 1                 0 / 1                 0 / 1           ops/s
[2021-02-07T18:38:34.804+0300][590.044s][info][gc,stats    ]      Memory: Uncommit                                          0 / 0                 0 / 0                 0 / 0                 0 / 0           MB/s
[2021-02-07T18:38:34.804+0300][590.044s][info][gc,stats    ]      Memory: Undo Object Allocation Failed                     0 / 0                 0 / 0                 0 / 0                 0 / 0           ops/s
[2021-02-07T18:38:34.804+0300][590.044s][info][gc,stats    ]      Memory: Undo Object Allocation Succeeded                  1 / 6                 8 / 1730              8 / 1730              8 / 1730        ops/s
[2021-02-07T18:38:34.804+0300][590.044s][info][gc,stats    ]      Memory: Undo Page Allocation                              0 / 0                 0 / 0                 0 / 0                 0 / 0           ops/s
[2021-02-07T18:38:34.804+0300][590.044s][info][gc,stats    ]       Phase: Concurrent Mark                             330.838 / 338.847     283.928 / 362.834     283.928 / 362.834     283.928 / 362.834     ms
[2021-02-07T18:38:34.804+0300][590.044s][info][gc,stats    ]       Phase: Concurrent Mark Continue                      0.000 / 0.000         0.000 / 0.000         0.000 / 0.000         0.000 / 0.000       ms
[2021-02-07T18:38:34.804+0300][590.044s][info][gc,stats    ]       Phase: Concurrent Process Non-Strong References      3.507 / 5.647         3.577 / 15.849        3.577 / 15.849        3.577 / 15.849      ms
[2021-02-07T18:38:34.804+0300][590.044s][info][gc,stats    ]       Phase: Concurrent Relocate                           1.745 / 6.639         4.077 / 20.674        4.077 / 20.674        4.077 / 20.674      ms
[2021-02-07T18:38:34.804+0300][590.044s][info][gc,stats    ]       Phase: Concurrent Reset Relocation Set               0.049 / 0.197         0.133 / 0.806         0.133 / 0.806         0.133 / 0.806       ms
[2021-02-07T18:38:34.804+0300][590.044s][info][gc,stats    ]       Phase: Concurrent Select Relocation Set              1.585 / 1.980         2.038 / 7.297         2.038 / 7.297         2.038 / 7.297       ms
[2021-02-07T18:38:34.804+0300][590.044s][info][gc,stats    ]       Phase: Pause Mark End                                0.185 / 0.236         0.201 / 0.367         0.201 / 0.367         0.201 / 0.367       ms
[2021-02-07T18:38:34.804+0300][590.044s][info][gc,stats    ]       Phase: Pause Mark Start                              0.117 / 0.140         0.120 / 0.463         0.120 / 0.463         0.120 / 0.463       ms
[2021-02-07T18:38:34.804+0300][590.044s][info][gc,stats    ]       Phase: Pause Relocate Start                          0.117 / 0.139         0.123 / 0.287         0.123 / 0.287         0.123 / 0.287       ms
[2021-02-07T18:38:34.804+0300][590.044s][info][gc,stats    ]    Subphase: Concurrent Classes Purge                      0.135 / 0.165         0.134 / 0.244         0.134 / 0.244         0.134 / 0.244       ms
[2021-02-07T18:38:34.804+0300][590.044s][info][gc,stats    ]    Subphase: Concurrent Classes Unlink                     1.948 / 2.591         1.766 / 3.341         1.766 / 3.341         1.766 / 3.341       ms
[2021-02-07T18:38:34.804+0300][590.044s][info][gc,stats    ]    Subphase: Concurrent Mark                             330.631 / 338.657     281.317 / 362.604     281.317 / 362.604     281.317 / 362.604     ms
[2021-02-07T18:38:34.804+0300][590.044s][info][gc,stats    ]    Subphase: Concurrent Mark Idle                          0.000 / 0.000         8.300 / 14.654        8.300 / 14.654        8.300 / 14.654      ms
[2021-02-07T18:38:34.804+0300][590.044s][info][gc,stats    ]    Subphase: Concurrent Mark Try Flush                     1.277 / 10.682        1.513 / 17.558        1.513 / 17.558        1.513 / 17.558      ms
[2021-02-07T18:38:34.804+0300][590.044s][info][gc,stats    ]    Subphase: Concurrent Mark Try Terminate                 0.849 / 10.684        0.951 / 16.513        0.951 / 16.513        0.951 / 16.513      ms
[2021-02-07T18:38:34.804+0300][590.044s][info][gc,stats    ]    Subphase: Concurrent References Enqueue                 0.000 / 0.004         0.001 / 0.005         0.001 / 0.005         0.001 / 0.005       ms
[2021-02-07T18:38:34.804+0300][590.044s][info][gc,stats    ]    Subphase: Concurrent References Process                 0.114 / 0.137         0.117 / 0.211         0.117 / 0.211         0.117 / 0.211       ms
[2021-02-07T18:38:34.804+0300][590.044s][info][gc,stats    ]    Subphase: Concurrent Roots                              0.064 / 0.127         0.070 / 0.127         0.070 / 0.127         0.070 / 0.127       ms
[2021-02-07T18:38:34.804+0300][590.044s][info][gc,stats    ]    Subphase: Concurrent Roots ClassLoaderDataGraph         0.059 / 0.119         0.064 / 0.119         0.064 / 0.119         0.064 / 0.119       ms
[2021-02-07T18:38:34.804+0300][590.044s][info][gc,stats    ]    Subphase: Concurrent Roots JNIHandles                   0.002 / 0.005         0.003 / 0.005         0.003 / 0.005         0.003 / 0.005       ms
[2021-02-07T18:38:34.804+0300][590.044s][info][gc,stats    ]    Subphase: Concurrent Roots Setup                        0.006 / 0.008         0.006 / 0.010         0.006 / 0.010         0.006 / 0.010       ms
[2021-02-07T18:38:34.804+0300][590.044s][info][gc,stats    ]    Subphase: Concurrent Roots Teardown                     0.000 / 0.000         0.000 / 0.000         0.000 / 0.000         0.000 / 0.000       ms
[2021-02-07T18:38:34.804+0300][590.044s][info][gc,stats    ]    Subphase: Concurrent Roots VMHandles                    0.002 / 0.004         0.002 / 0.004         0.002 / 0.004         0.002 / 0.004       ms
[2021-02-07T18:38:34.804+0300][590.045s][info][gc,stats    ]    Subphase: Concurrent Weak Roots                         0.225 / 0.360         0.242 / 0.414         0.242 / 0.414         0.242 / 0.414       ms
[2021-02-07T18:38:34.804+0300][590.045s][info][gc,stats    ]    Subphase: Concurrent Weak Roots JNIWeakHandles          0.000 / 0.000         0.000 / 0.000         0.000 / 0.000         0.000 / 0.000       ms
[2021-02-07T18:38:34.804+0300][590.045s][info][gc,stats    ]    Subphase: Concurrent Weak Roots ResolvedMethodTable     0.014 / 0.027         0.015 / 0.028         0.015 / 0.028         0.015 / 0.028       ms
[2021-02-07T18:38:34.804+0300][590.045s][info][gc,stats    ]    Subphase: Concurrent Weak Roots StringTable             0.205 / 0.327         0.220 / 0.383         0.220 / 0.383         0.220 / 0.383       ms
[2021-02-07T18:38:34.804+0300][590.045s][info][gc,stats    ]    Subphase: Concurrent Weak Roots VMWeakHandles           0.005 / 0.009         0.006 / 0.013         0.006 / 0.013         0.006 / 0.013       ms
[2021-02-07T18:38:34.804+0300][590.045s][info][gc,stats    ]    Subphase: Pause Mark Try Complete                       0.037 / 0.052         0.047 / 0.189         0.047 / 0.189         0.047 / 0.189       ms
[2021-02-07T18:38:34.804+0300][590.045s][info][gc,stats    ]    Subphase: Pause Roots                                   0.037 / 0.078         0.039 / 0.408         0.039 / 0.408         0.039 / 0.408       ms
[2021-02-07T18:38:34.804+0300][590.045s][info][gc,stats    ]    Subphase: Pause Roots CodeCache                         0.000 / 0.000         0.000 / 0.000         0.000 / 0.000         0.000 / 0.000       ms
[2021-02-07T18:38:34.804+0300][590.045s][info][gc,stats    ]    Subphase: Pause Roots JVMTIExport                       0.000 / 0.000         0.000 / 0.002         0.000 / 0.002         0.000 / 0.002       ms
[2021-02-07T18:38:34.804+0300][590.045s][info][gc,stats    ]    Subphase: Pause Roots JVMTIWeakExport                   0.000 / 0.000         0.000 / 0.001         0.000 / 0.001         0.000 / 0.001       ms
[2021-02-07T18:38:34.804+0300][590.045s][info][gc,stats    ]    Subphase: Pause Roots Java Threads                      0.034 / 0.072         0.036 / 0.404         0.036 / 0.404         0.036 / 0.404       ms
[2021-02-07T18:38:34.804+0300][590.045s][info][gc,stats    ]    Subphase: Pause Roots Management                        0.002 / 0.010         0.003 / 0.033         0.003 / 0.033         0.003 / 0.033       ms
[2021-02-07T18:38:34.804+0300][590.045s][info][gc,stats    ]    Subphase: Pause Roots ObjectSynchronizer                0.000 / 0.000         0.000 / 0.004         0.000 / 0.004         0.000 / 0.004       ms
[2021-02-07T18:38:34.804+0300][590.045s][info][gc,stats    ]    Subphase: Pause Roots Setup                             0.000 / 0.001         0.000 / 0.001         0.000 / 0.001         0.000 / 0.001       ms
[2021-02-07T18:38:34.804+0300][590.045s][info][gc,stats    ]    Subphase: Pause Roots Teardown                          0.001 / 0.002         0.001 / 0.007         0.001 / 0.007         0.001 / 0.007       ms
[2021-02-07T18:38:34.804+0300][590.045s][info][gc,stats    ]    Subphase: Pause Roots Universe                          0.002 / 0.014         0.002 / 0.027         0.002 / 0.027         0.002 / 0.027       ms
[2021-02-07T18:38:34.804+0300][590.045s][info][gc,stats    ]    Subphase: Pause Roots VM Thread                         0.001 / 0.001         0.001 / 0.010         0.001 / 0.010         0.001 / 0.010       ms
[2021-02-07T18:38:34.804+0300][590.045s][info][gc,stats    ]    Subphase: Pause Weak Roots                              0.001 / 0.002         0.001 / 0.014         0.001 / 0.014         0.001 / 0.014       ms
[2021-02-07T18:38:34.804+0300][590.045s][info][gc,stats    ]    Subphase: Pause Weak Roots JFRWeak                      0.000 / 0.001         0.001 / 0.013         0.001 / 0.013         0.001 / 0.013       ms
[2021-02-07T18:38:34.804+0300][590.045s][info][gc,stats    ]    Subphase: Pause Weak Roots JVMTIWeakExport              0.000 / 0.001         0.001 / 0.013         0.001 / 0.013         0.001 / 0.013       ms
[2021-02-07T18:38:34.804+0300][590.045s][info][gc,stats    ]    Subphase: Pause Weak Roots Setup                        0.000 / 0.001         0.000 / 0.001         0.000 / 0.001         0.000 / 0.001       ms
[2021-02-07T18:38:34.804+0300][590.045s][info][gc,stats    ]    Subphase: Pause Weak Roots Teardown                     0.000 / 0.000         0.000 / 0.000         0.000 / 0.000         0.000 / 0.000       ms
[2021-02-07T18:38:34.805+0300][590.045s][info][gc,stats    ]      System: Java Threads                                     16 / 16               15 / 16               15 / 16               15 / 16          threads
[2021-02-07T18:38:34.805+0300][590.045s][info][gc,stats    ] =========================================================================================================================================================
[2021-02-07T18:38:34.833+0300][590.073s][info][gc,phases   ] GC(94) Concurrent Mark 329.320ms
[2021-02-07T18:38:34.836+0300][590.076s][info][gc,phases   ] GC(94) Pause Mark End 0.213ms
[2021-02-07T18:38:34.840+0300][590.080s][info][gc,phases   ] GC(94) Concurrent Process Non-Strong References 3.506ms
[2021-02-07T18:38:34.840+0300][590.080s][info][gc,phases   ] GC(94) Concurrent Reset Relocation Set 0.078ms
[2021-02-07T18:38:34.842+0300][590.082s][info][gc,phases   ] GC(94) Concurrent Select Relocation Set 1.974ms
[2021-02-07T18:38:34.842+0300][590.083s][info][gc,phases   ] GC(94) Pause Relocate Start 0.128ms
[2021-02-07T18:38:34.844+0300][590.084s][info][gc,phases   ] GC(94) Concurrent Relocate 1.743ms
[2021-02-07T18:38:34.844+0300][590.084s][info][gc,load     ] GC(94) Load: 0.00/0.00/0.00
[2021-02-07T18:38:34.844+0300][590.084s][info][gc,mmu      ] GC(94) MMU: 2ms/76.9%, 5ms/90.7%, 10ms/95.0%, 20ms/97.5%, 50ms/98.9%, 100ms/99.0%
[2021-02-07T18:38:34.844+0300][590.084s][info][gc,marking  ] GC(94) Mark: 1 stripe(s), 2 proactive flush(es), 1 terminate flush(es), 1 completion(s), 0 continuation(s)
[2021-02-07T18:38:34.844+0300][590.084s][info][gc,nmethod  ] GC(94) NMethods: 1976 registered, 10 unregistered
[2021-02-07T18:38:34.844+0300][590.084s][info][gc,metaspace] GC(94) Metaspace: 6M used, 7M capacity, 7M committed, 1032M reserved
[2021-02-07T18:38:34.844+0300][590.085s][info][gc,ref      ] GC(94) Soft: 179 encountered, 106 discovered, 0 enqueued
[2021-02-07T18:38:34.844+0300][590.085s][info][gc,ref      ] GC(94) Weak: 1041 encountered, 644 discovered, 0 enqueued
[2021-02-07T18:38:34.844+0300][590.085s][info][gc,ref      ] GC(94) Final: 0 encountered, 0 discovered, 0 enqueued
[2021-02-07T18:38:34.844+0300][590.085s][info][gc,ref      ] GC(94) Phantom: 7 encountered, 6 discovered, 0 enqueued
[2021-02-07T18:38:34.844+0300][590.085s][info][gc,reloc    ] GC(94) Small Pages: 110 / 220M(94%), Empty: 0M(0%), Compacting: 6M(3%)->2M(1%)
[2021-02-07T18:38:34.844+0300][590.085s][info][gc,reloc    ] GC(94) Medium Pages: 0 / 0M(0%), Empty: 0M(0%), Compacting: 0M(0%)->0M(0%)
[2021-02-07T18:38:34.844+0300][590.085s][info][gc,reloc    ] GC(94) Large Pages: 1 / 14M(6%), Empty: 0M(0%), Compacting: 0M(0%)->0M(0%)
[2021-02-07T18:38:34.844+0300][590.085s][info][gc,reloc    ] GC(94) Relocation: Successful
[2021-02-07T18:38:34.844+0300][590.085s][info][gc,heap     ] GC(94) Min Capacity: 256M(100%)
[2021-02-07T18:38:34.844+0300][590.085s][info][gc,heap     ] GC(94) Max Capacity: 256M(100%)
[2021-02-07T18:38:34.844+0300][590.085s][info][gc,heap     ] GC(94) Soft Max Capacity: 256M(100%)
[2021-02-07T18:38:34.844+0300][590.085s][info][gc,heap     ] GC(94)                Mark Start          Mark End        Relocate Start      Relocate End           High               Low
[2021-02-07T18:38:34.844+0300][590.085s][info][gc,heap     ] GC(94)  Capacity:      256M (100%)        256M (100%)        256M (100%)        256M (100%)        256M (100%)        256M (100%)
[2021-02-07T18:38:34.844+0300][590.085s][info][gc,heap     ] GC(94)   Reserve:       12M (5%)           12M (5%)           12M (5%)           12M (5%)           12M (5%)           12M (5%)
[2021-02-07T18:38:34.844+0300][590.085s][info][gc,heap     ] GC(94)      Free:       10M (4%)            8M (3%)            8M (3%)           12M (5%)           12M (5%)            6M (2%)
[2021-02-07T18:38:34.844+0300][590.085s][info][gc,heap     ] GC(94)      Used:      234M (91%)         236M (92%)         236M (92%)         232M (91%)         238M (93%)         232M (91%)
[2021-02-07T18:38:34.844+0300][590.085s][info][gc,heap     ] GC(94)      Live:         -               224M (88%)         224M (88%)         224M (88%)            -                  -
[2021-02-07T18:38:34.844+0300][590.085s][info][gc,heap     ] GC(94) Allocated:         -                 2M (1%)            2M (1%)            4M (2%)             -                  -
[2021-02-07T18:38:34.844+0300][590.085s][info][gc,heap     ] GC(94)   Garbage:         -                 9M (4%)            9M (4%)            5M (2%)             -                  -
[2021-02-07T18:38:34.844+0300][590.085s][info][gc,heap     ] GC(94) Reclaimed:         -                  -                 0M (0%)            4M (2%)             -                  -
[2021-02-07T18:38:34.844+0300][590.085s][info][gc          ] GC(94) Garbage Collection (High Usage) 234M(91%)->232M(91%)
[2021-02-07T18:38:34.904+0300][590.144s][info][gc,start    ] GC(95) Garbage Collection (High Usage)
[2021-02-07T18:38:34.905+0300][590.145s][info][gc,phases   ] GC(95) Pause Mark Start 0.135ms
[2021-02-07T18:38:35.235+0300][590.475s][info][gc,phases   ] GC(95) Concurrent Mark 330.106ms
[2021-02-07T18:38:35.236+0300][590.477s][info][gc,phases   ] GC(95) Pause Mark End 0.212ms
[2021-02-07T18:38:35.242+0300][590.482s][info][gc,phases   ] GC(95) Concurrent Process Non-Strong References 5.383ms
[2021-02-07T18:38:35.242+0300][590.482s][info][gc,phases   ] GC(95) Concurrent Reset Relocation Set 0.082ms
[2021-02-07T18:38:35.244+0300][590.484s][info][gc,phases   ] GC(95) Concurrent Select Relocation Set 1.962ms
[2021-02-07T18:38:35.245+0300][590.485s][info][gc,phases   ] GC(95) Pause Relocate Start 0.128ms
[2021-02-07T18:38:35.247+0300][590.487s][info][gc,phases   ] GC(95) Concurrent Relocate 1.739ms
[2021-02-07T18:38:35.247+0300][590.487s][info][gc,load     ] GC(95) Load: 0.00/0.00/0.00
[2021-02-07T18:38:35.247+0300][590.487s][info][gc,mmu      ] GC(95) MMU: 2ms/76.9%, 5ms/90.7%, 10ms/95.0%, 20ms/97.5%, 50ms/98.9%, 100ms/99.0%
[2021-02-07T18:38:35.247+0300][590.487s][info][gc,marking  ] GC(95) Mark: 1 stripe(s), 2 proactive flush(es), 1 terminate flush(es), 1 completion(s), 0 continuation(s)
[2021-02-07T18:38:35.247+0300][590.487s][info][gc,nmethod  ] GC(95) NMethods: 1976 registered, 10 unregistered
[2021-02-07T18:38:35.247+0300][590.487s][info][gc,metaspace] GC(95) Metaspace: 6M used, 7M capacity, 7M committed, 1032M reserved
[2021-02-07T18:38:35.247+0300][590.487s][info][gc,ref      ] GC(95) Soft: 179 encountered, 106 discovered, 0 enqueued
[2021-02-07T18:38:35.247+0300][590.487s][info][gc,ref      ] GC(95) Weak: 1041 encountered, 644 discovered, 0 enqueued
[2021-02-07T18:38:35.247+0300][590.487s][info][gc,ref      ] GC(95) Final: 0 encountered, 0 discovered, 0 enqueued
[2021-02-07T18:38:35.247+0300][590.487s][info][gc,ref      ] GC(95) Phantom: 7 encountered, 6 discovered, 0 enqueued
[2021-02-07T18:38:35.247+0300][590.487s][info][gc,reloc    ] GC(95) Small Pages: 109 / 218M(94%), Empty: 0M(0%), Compacting: 4M(2%)->2M(1%)
[2021-02-07T18:38:35.247+0300][590.487s][info][gc,reloc    ] GC(95) Medium Pages: 0 / 0M(0%), Empty: 0M(0%), Compacting: 0M(0%)->0M(0%)
[2021-02-07T18:38:35.247+0300][590.487s][info][gc,reloc    ] GC(95) Large Pages: 1 / 14M(6%), Empty: 0M(0%), Compacting: 0M(0%)->0M(0%)
[2021-02-07T18:38:35.247+0300][590.487s][info][gc,reloc    ] GC(95) Relocation: Successful
[2021-02-07T18:38:35.247+0300][590.487s][info][gc,heap     ] GC(95) Min Capacity: 256M(100%)
[2021-02-07T18:38:35.247+0300][590.487s][info][gc,heap     ] GC(95) Max Capacity: 256M(100%)
[2021-02-07T18:38:35.247+0300][590.488s][info][gc,heap     ] GC(95) Soft Max Capacity: 256M(100%)
[2021-02-07T18:38:35.247+0300][590.488s][info][gc,heap     ] GC(95)                Mark Start          Mark End        Relocate Start      Relocate End           High               Low
[2021-02-07T18:38:35.247+0300][590.488s][info][gc,heap     ] GC(95)  Capacity:      256M (100%)        256M (100%)        256M (100%)        256M (100%)        256M (100%)        256M (100%)
[2021-02-07T18:38:35.247+0300][590.488s][info][gc,heap     ] GC(95)   Reserve:       12M (5%)           12M (5%)           12M (5%)           12M (5%)           12M (5%)           12M (5%)
[2021-02-07T18:38:35.247+0300][590.488s][info][gc,heap     ] GC(95)      Free:       12M (5%)           10M (4%)           10M (4%)           12M (5%)           12M (5%)            8M (3%)
[2021-02-07T18:38:35.247+0300][590.488s][info][gc,heap     ] GC(95)      Used:      232M (91%)         234M (91%)         234M (91%)         232M (91%)         236M (92%)         232M (91%)
[2021-02-07T18:38:35.247+0300][590.488s][info][gc,heap     ] GC(95)      Live:         -               223M (87%)         223M (87%)         223M (87%)            -                  -
[2021-02-07T18:38:35.247+0300][590.488s][info][gc,heap     ] GC(95) Allocated:         -                 2M (1%)            2M (1%)            4M (2%)             -                  -
[2021-02-07T18:38:35.247+0300][590.488s][info][gc,heap     ] GC(95)   Garbage:         -                 8M (3%)            8M (3%)            6M (2%)             -                  -
[2021-02-07T18:38:35.247+0300][590.488s][info][gc,heap     ] GC(95) Reclaimed:         -                  -                 0M (0%)            2M (1%)             -                  -
[2021-02-07T18:38:35.247+0300][590.488s][info][gc          ] GC(95) Garbage Collection (High Usage) 232M(91%)->232M(91%)
[2021-02-07T18:38:35.303+0300][590.543s][info][gc,start    ] GC(96) Garbage Collection (High Usage)
[2021-02-07T18:38:35.304+0300][590.544s][info][gc,phases   ] GC(96) Pause Mark Start 0.139ms
[2021-02-07T18:38:35.636+0300][590.876s][info][gc,phases   ] GC(96) Concurrent Mark 332.602ms
[2021-02-07T18:38:35.638+0300][590.878s][info][gc,phases   ] GC(96) Pause Mark End 0.216ms
[2021-02-07T18:38:35.643+0300][590.883s][info][gc,phases   ] GC(96) Concurrent Process Non-Strong References 4.937ms
[2021-02-07T18:38:35.643+0300][590.883s][info][gc,phases   ] GC(96) Concurrent Reset Relocation Set 0.084ms
[2021-02-07T18:38:35.645+0300][590.885s][info][gc,phases   ] GC(96) Concurrent Select Relocation Set 1.871ms
[2021-02-07T18:38:35.646+0300][590.886s][info][gc,phases   ] GC(96) Pause Relocate Start 0.128ms
[2021-02-07T18:38:35.648+0300][590.888s][info][gc,phases   ] GC(96) Concurrent Relocate 1.839ms
[2021-02-07T18:38:35.648+0300][590.888s][info][gc,load     ] GC(96) Load: 0.00/0.00/0.00
[2021-02-07T18:38:35.648+0300][590.888s][info][gc,mmu      ] GC(96) MMU: 2ms/76.9%, 5ms/90.7%, 10ms/95.0%, 20ms/97.5%, 50ms/98.9%, 100ms/99.0%
[2021-02-07T18:38:35.648+0300][590.888s][info][gc,marking  ] GC(96) Mark: 1 stripe(s), 2 proactive flush(es), 1 terminate flush(es), 1 completion(s), 0 continuation(s)
[2021-02-07T18:38:35.648+0300][590.888s][info][gc,nmethod  ] GC(96) NMethods: 1978 registered, 10 unregistered
[2021-02-07T18:38:35.648+0300][590.888s][info][gc,metaspace] GC(96) Metaspace: 6M used, 7M capacity, 7M committed, 1032M reserved
[2021-02-07T18:38:35.648+0300][590.888s][info][gc,ref      ] GC(96) Soft: 179 encountered, 106 discovered, 0 enqueued
[2021-02-07T18:38:35.648+0300][590.888s][info][gc,ref      ] GC(96) Weak: 1041 encountered, 644 discovered, 0 enqueued
[2021-02-07T18:38:35.648+0300][590.888s][info][gc,ref      ] GC(96) Final: 0 encountered, 0 discovered, 0 enqueued
[2021-02-07T18:38:35.648+0300][590.888s][info][gc,ref      ] GC(96) Phantom: 7 encountered, 6 discovered, 0 enqueued
[2021-02-07T18:38:35.648+0300][590.888s][info][gc,reloc    ] GC(96) Small Pages: 109 / 218M(94%), Empty: 0M(0%), Compacting: 4M(2%)->2M(1%)
[2021-02-07T18:38:35.648+0300][590.888s][info][gc,reloc    ] GC(96) Medium Pages: 0 / 0M(0%), Empty: 0M(0%), Compacting: 0M(0%)->0M(0%)
[2021-02-07T18:38:35.648+0300][590.888s][info][gc,reloc    ] GC(96) Large Pages: 1 / 14M(6%), Empty: 0M(0%), Compacting: 0M(0%)->0M(0%)
[2021-02-07T18:38:35.648+0300][590.888s][info][gc,reloc    ] GC(96) Relocation: Successful
[2021-02-07T18:38:35.648+0300][590.888s][info][gc,heap     ] GC(96) Min Capacity: 256M(100%)
[2021-02-07T18:38:35.648+0300][590.888s][info][gc,heap     ] GC(96) Max Capacity: 256M(100%)
[2021-02-07T18:38:35.648+0300][590.888s][info][gc,heap     ] GC(96) Soft Max Capacity: 256M(100%)
[2021-02-07T18:38:35.648+0300][590.888s][info][gc,heap     ] GC(96)                Mark Start          Mark End        Relocate Start      Relocate End           High               Low
[2021-02-07T18:38:35.648+0300][590.888s][info][gc,heap     ] GC(96)  Capacity:      256M (100%)        256M (100%)        256M (100%)        256M (100%)        256M (100%)        256M (100%)
[2021-02-07T18:38:35.648+0300][590.888s][info][gc,heap     ] GC(96)   Reserve:       12M (5%)           12M (5%)           12M (5%)           12M (5%)           12M (5%)           12M (5%)
[2021-02-07T18:38:35.648+0300][590.888s][info][gc,heap     ] GC(96)      Free:       12M (5%)           10M (4%)           10M (4%)           10M (4%)           12M (5%)            6M (2%)
[2021-02-07T18:38:35.648+0300][590.888s][info][gc,heap     ] GC(96)      Used:      232M (91%)         234M (91%)         234M (91%)         234M (91%)         238M (93%)         232M (91%)
[2021-02-07T18:38:35.648+0300][590.888s][info][gc,heap     ] GC(96)      Live:         -               223M (87%)         223M (87%)         223M (87%)            -                  -
[2021-02-07T18:38:35.648+0300][590.888s][info][gc,heap     ] GC(96) Allocated:         -                 2M (1%)            2M (1%)            6M (2%)             -                  -
[2021-02-07T18:38:35.648+0300][590.888s][info][gc,heap     ] GC(96)   Garbage:         -                 8M (3%)            8M (3%)            8M (3%)             -                  -
[2021-02-07T18:38:35.648+0300][590.888s][info][gc,heap     ] GC(96) Reclaimed:         -                  -                 0M (0%)            0M (0%)             -                  -
[2021-02-07T18:38:35.648+0300][590.888s][info][gc          ] GC(96) Garbage Collection (High Usage) 232M(91%)->234M(91%)
[2021-02-07T18:38:35.703+0300][590.943s][info][gc,start    ] GC(97) Garbage Collection (High Usage)
[2021-02-07T18:38:35.704+0300][590.944s][info][gc,phases   ] GC(97) Pause Mark Start 0.127ms
[2021-02-07T18:38:36.034+0300][591.274s][info][gc,phases   ] GC(97) Concurrent Mark 330.419ms
[2021-02-07T18:38:36.035+0300][591.275s][info][gc,phases   ] GC(97) Pause Mark End 0.104ms
[2021-02-07T18:38:36.039+0300][591.279s][info][gc,phases   ] GC(97) Concurrent Process Non-Strong References 3.359ms
[2021-02-07T18:38:36.039+0300][591.279s][info][gc,phases   ] GC(97) Concurrent Reset Relocation Set 0.076ms
[2021-02-07T18:38:36.041+0300][591.281s][info][gc,phases   ] GC(97) Concurrent Select Relocation Set 1.675ms
[2021-02-07T18:38:36.041+0300][591.281s][info][gc,phases   ] GC(97) Pause Relocate Start 0.059ms
[2021-02-07T18:38:36.043+0300][591.283s][info][gc,phases   ] GC(97) Concurrent Relocate 2.067ms
[2021-02-07T18:38:36.044+0300][591.283s][info][gc,load     ] GC(97) Load: 0.00/0.00/0.00
[2021-02-07T18:38:36.044+0300][591.284s][info][gc,mmu      ] GC(97) MMU: 2ms/76.9%, 5ms/90.7%, 10ms/95.0%, 20ms/97.5%, 50ms/98.9%, 100ms/99.0%
[2021-02-07T18:38:36.044+0300][591.284s][info][gc,marking  ] GC(97) Mark: 1 stripe(s), 2 proactive flush(es), 1 terminate flush(es), 1 completion(s), 0 continuation(s)
[2021-02-07T18:38:36.044+0300][591.284s][info][gc,nmethod  ] GC(97) NMethods: 1979 registered, 10 unregistered
[2021-02-07T18:38:36.044+0300][591.284s][info][gc,metaspace] GC(97) Metaspace: 6M used, 7M capacity, 7M committed, 1032M reserved
[2021-02-07T18:38:36.044+0300][591.284s][info][gc,ref      ] GC(97) Soft: 179 encountered, 107 discovered, 1 enqueued
[2021-02-07T18:38:36.044+0300][591.284s][info][gc,ref      ] GC(97) Weak: 1041 encountered, 644 discovered, 0 enqueued
[2021-02-07T18:38:36.044+0300][591.284s][info][gc,ref      ] GC(97) Final: 0 encountered, 0 discovered, 0 enqueued
[2021-02-07T18:38:36.044+0300][591.284s][info][gc,ref      ] GC(97) Phantom: 7 encountered, 6 discovered, 0 enqueued
[2021-02-07T18:38:36.044+0300][591.284s][info][gc,reloc    ] GC(97) Small Pages: 110 / 220M(94%), Empty: 0M(0%), Compacting: 6M(3%)->2M(1%)
[2021-02-07T18:38:36.044+0300][591.284s][info][gc,reloc    ] GC(97) Medium Pages: 0 / 0M(0%), Empty: 0M(0%), Compacting: 0M(0%)->0M(0%)
[2021-02-07T18:38:36.044+0300][591.284s][info][gc,reloc    ] GC(97) Large Pages: 1 / 14M(6%), Empty: 0M(0%), Compacting: 0M(0%)->0M(0%)
[2021-02-07T18:38:36.044+0300][591.284s][info][gc,reloc    ] GC(97) Relocation: Successful
[2021-02-07T18:38:36.044+0300][591.284s][info][gc,heap     ] GC(97) Min Capacity: 256M(100%)
[2021-02-07T18:38:36.044+0300][591.284s][info][gc,heap     ] GC(97) Max Capacity: 256M(100%)
[2021-02-07T18:38:36.044+0300][591.284s][info][gc,heap     ] GC(97) Soft Max Capacity: 256M(100%)
[2021-02-07T18:38:36.044+0300][591.284s][info][gc,heap     ] GC(97)                Mark Start          Mark End        Relocate Start      Relocate End           High               Low
[2021-02-07T18:38:36.044+0300][591.284s][info][gc,heap     ] GC(97)  Capacity:      256M (100%)        256M (100%)        256M (100%)        256M (100%)        256M (100%)        256M (100%)
[2021-02-07T18:38:36.044+0300][591.284s][info][gc,heap     ] GC(97)   Reserve:       12M (5%)           12M (5%)           12M (5%)           12M (5%)           12M (5%)           12M (5%)
[2021-02-07T18:38:36.044+0300][591.284s][info][gc,heap     ] GC(97)      Free:       10M (4%)            8M (3%)            8M (3%)           12M (5%)           12M (5%)            6M (2%)
[2021-02-07T18:38:36.044+0300][591.284s][info][gc,heap     ] GC(97)      Used:      234M (91%)         236M (92%)         236M (92%)         232M (91%)         238M (93%)         232M (91%)
[2021-02-07T18:38:36.044+0300][591.284s][info][gc,heap     ] GC(97)      Live:         -               223M (87%)         223M (87%)         223M (87%)            -                  -
[2021-02-07T18:38:36.044+0300][591.284s][info][gc,heap     ] GC(97) Allocated:         -                 2M (1%)            2M (1%)            4M (2%)             -                  -
[2021-02-07T18:38:36.044+0300][591.284s][info][gc,heap     ] GC(97)   Garbage:         -                10M (4%)           10M (4%)            6M (2%)             -                  -
[2021-02-07T18:38:36.044+0300][591.284s][info][gc,heap     ] GC(97) Reclaimed:         -                  -                 0M (0%)            4M (2%)             -                  -
[2021-02-07T18:38:36.044+0300][591.284s][info][gc          ] GC(97) Garbage Collection (High Usage) 234M(91%)->232M(91%)
[2021-02-07T18:38:36.104+0300][591.344s][info][gc,start    ] GC(98) Garbage Collection (High Usage)
[2021-02-07T18:38:36.105+0300][591.345s][info][gc,phases   ] GC(98) Pause Mark Start 0.141ms
[2021-02-07T18:38:36.435+0300][591.675s][info][gc,phases   ] GC(98) Concurrent Mark 330.491ms
[2021-02-07T18:38:36.437+0300][591.677s][info][gc,phases   ] GC(98) Pause Mark End 0.171ms
[2021-02-07T18:38:36.440+0300][591.680s][info][gc,phases   ] GC(98) Concurrent Process Non-Strong References 3.476ms
[2021-02-07T18:38:36.440+0300][591.680s][info][gc,phases   ] GC(98) Concurrent Reset Relocation Set 0.078ms
[2021-02-07T18:38:36.442+0300][591.682s][info][gc,phases   ] GC(98) Concurrent Select Relocation Set 2.143ms
[2021-02-07T18:38:36.443+0300][591.683s][info][gc,phases   ] GC(98) Pause Relocate Start 0.129ms
[2021-02-07T18:38:36.445+0300][591.685s][info][gc,phases   ] GC(98) Concurrent Relocate 1.795ms
[2021-02-07T18:38:36.445+0300][591.685s][info][gc,load     ] GC(98) Load: 0.00/0.00/0.00
[2021-02-07T18:38:36.445+0300][591.685s][info][gc,mmu      ] GC(98) MMU: 2ms/76.9%, 5ms/90.7%, 10ms/95.0%, 20ms/97.5%, 50ms/98.9%, 100ms/99.0%
[2021-02-07T18:38:36.445+0300][591.685s][info][gc,marking  ] GC(98) Mark: 1 stripe(s), 2 proactive flush(es), 1 terminate flush(es), 1 completion(s), 0 continuation(s)
[2021-02-07T18:38:36.445+0300][591.685s][info][gc,nmethod  ] GC(98) NMethods: 1981 registered, 10 unregistered
[2021-02-07T18:38:36.445+0300][591.685s][info][gc,metaspace] GC(98) Metaspace: 6M used, 7M capacity, 7M committed, 1032M reserved
[2021-02-07T18:38:36.445+0300][591.685s][info][gc,ref      ] GC(98) Soft: 178 encountered, 106 discovered, 0 enqueued
[2021-02-07T18:38:36.445+0300][591.685s][info][gc,ref      ] GC(98) Weak: 1041 encountered, 644 discovered, 0 enqueued
[2021-02-07T18:38:36.445+0300][591.685s][info][gc,ref      ] GC(98) Final: 0 encountered, 0 discovered, 0 enqueued
[2021-02-07T18:38:36.445+0300][591.685s][info][gc,ref      ] GC(98) Phantom: 7 encountered, 6 discovered, 0 enqueued
[2021-02-07T18:38:36.445+0300][591.685s][info][gc,reloc    ] GC(98) Small Pages: 109 / 218M(94%), Empty: 0M(0%), Compacting: 4M(2%)->2M(1%)
[2021-02-07T18:38:36.445+0300][591.685s][info][gc,reloc    ] GC(98) Medium Pages: 0 / 0M(0%), Empty: 0M(0%), Compacting: 0M(0%)->0M(0%)
[2021-02-07T18:38:36.445+0300][591.685s][info][gc,reloc    ] GC(98) Large Pages: 1 / 14M(6%), Empty: 0M(0%), Compacting: 0M(0%)->0M(0%)
[2021-02-07T18:38:36.445+0300][591.685s][info][gc,reloc    ] GC(98) Relocation: Successful
[2021-02-07T18:38:36.445+0300][591.685s][info][gc,heap     ] GC(98) Min Capacity: 256M(100%)
[2021-02-07T18:38:36.445+0300][591.685s][info][gc,heap     ] GC(98) Max Capacity: 256M(100%)
[2021-02-07T18:38:36.445+0300][591.685s][info][gc,heap     ] GC(98) Soft Max Capacity: 256M(100%)
[2021-02-07T18:38:36.445+0300][591.685s][info][gc,heap     ] GC(98)                Mark Start          Mark End        Relocate Start      Relocate End           High               Low
[2021-02-07T18:38:36.445+0300][591.685s][info][gc,heap     ] GC(98)  Capacity:      256M (100%)        256M (100%)        256M (100%)        256M (100%)        256M (100%)        256M (100%)
[2021-02-07T18:38:36.445+0300][591.685s][info][gc,heap     ] GC(98)   Reserve:       12M (5%)           12M (5%)           12M (5%)           12M (5%)           12M (5%)           12M (5%)
[2021-02-07T18:38:36.445+0300][591.685s][info][gc,heap     ] GC(98)      Free:       12M (5%)           12M (5%)           12M (5%)           10M (4%)           12M (5%)            6M (2%)
[2021-02-07T18:38:36.445+0300][591.685s][info][gc,heap     ] GC(98)      Used:      232M (91%)         232M (91%)         232M (91%)         234M (91%)         238M (93%)         232M (91%)
[2021-02-07T18:38:36.445+0300][591.686s][info][gc,heap     ] GC(98)      Live:         -               223M (87%)         223M (87%)         223M (87%)            -                  -
[2021-02-07T18:38:36.446+0300][591.686s][info][gc,heap     ] GC(98) Allocated:         -                 0M (0%)            0M (0%)            6M (2%)             -                  -
[2021-02-07T18:38:36.446+0300][591.686s][info][gc,heap     ] GC(98)   Garbage:         -                 8M (3%)            8M (3%)            8M (3%)             -                  -
[2021-02-07T18:38:36.446+0300][591.686s][info][gc,heap     ] GC(98) Reclaimed:         -                  -                 0M (0%)            0M (0%)             -                  -
[2021-02-07T18:38:36.446+0300][591.686s][info][gc          ] GC(98) Garbage Collection (High Usage) 232M(91%)->234M(91%)
[2021-02-07T18:38:36.503+0300][591.743s][info][gc,start    ] GC(99) Garbage Collection (High Usage)
[2021-02-07T18:38:36.503+0300][591.743s][info][gc,phases   ] GC(99) Pause Mark Start 0.128ms
[2021-02-07T18:38:36.830+0300][592.070s][info][gc,phases   ] GC(99) Concurrent Mark 326.949ms
[2021-02-07T18:38:36.831+0300][592.071s][info][gc,phases   ] GC(99) Pause Mark End 0.200ms
[2021-02-07T18:38:36.837+0300][592.077s][info][gc,phases   ] GC(99) Concurrent Process Non-Strong References 5.204ms
[2021-02-07T18:38:36.837+0300][592.077s][info][gc,phases   ] GC(99) Concurrent Reset Relocation Set 0.080ms
[2021-02-07T18:38:36.838+0300][592.078s][info][gc,phases   ] GC(99) Concurrent Select Relocation Set 1.601ms
[2021-02-07T18:38:36.839+0300][592.079s][info][gc,phases   ] GC(99) Pause Relocate Start 0.113ms
[2021-02-07T18:38:36.841+0300][592.081s][info][gc,phases   ] GC(99) Concurrent Relocate 1.904ms
[2021-02-07T18:38:36.841+0300][592.081s][info][gc,load     ] GC(99) Load: 0.00/0.00/0.00
[2021-02-07T18:38:36.841+0300][592.081s][info][gc,mmu      ] GC(99) MMU: 2ms/76.9%, 5ms/90.7%, 10ms/95.0%, 20ms/97.5%, 50ms/98.9%, 100ms/99.0%
[2021-02-07T18:38:36.841+0300][592.081s][info][gc,marking  ] GC(99) Mark: 1 stripe(s), 2 proactive flush(es), 1 terminate flush(es), 1 completion(s), 0 continuation(s)
[2021-02-07T18:38:36.841+0300][592.081s][info][gc,nmethod  ] GC(99) NMethods: 1982 registered, 10 unregistered
[2021-02-07T18:38:36.841+0300][592.081s][info][gc,metaspace] GC(99) Metaspace: 6M used, 7M capacity, 7M committed, 1032M reserved
[2021-02-07T18:38:36.841+0300][592.082s][info][gc,ref      ] GC(99) Soft: 178 encountered, 107 discovered, 1 enqueued
[2021-02-07T18:38:36.842+0300][592.082s][info][gc,ref      ] GC(99) Weak: 1041 encountered, 644 discovered, 0 enqueued
[2021-02-07T18:38:36.842+0300][592.082s][info][gc,ref      ] GC(99) Final: 0 encountered, 0 discovered, 0 enqueued
[2021-02-07T18:38:36.842+0300][592.082s][info][gc,ref      ] GC(99) Phantom: 7 encountered, 6 discovered, 0 enqueued
[2021-02-07T18:38:36.842+0300][592.082s][info][gc,reloc    ] GC(99) Small Pages: 110 / 220M(94%), Empty: 0M(0%), Compacting: 6M(3%)->2M(1%)
[2021-02-07T18:38:36.842+0300][592.082s][info][gc,reloc    ] GC(99) Medium Pages: 0 / 0M(0%), Empty: 0M(0%), Compacting: 0M(0%)->0M(0%)
[2021-02-07T18:38:36.842+0300][592.082s][info][gc,reloc    ] GC(99) Large Pages: 1 / 14M(6%), Empty: 0M(0%), Compacting: 0M(0%)->0M(0%)
[2021-02-07T18:38:36.842+0300][592.082s][info][gc,reloc    ] GC(99) Relocation: Successful
[2021-02-07T18:38:36.842+0300][592.082s][info][gc,heap     ] GC(99) Min Capacity: 256M(100%)
[2021-02-07T18:38:36.842+0300][592.082s][info][gc,heap     ] GC(99) Max Capacity: 256M(100%)
[2021-02-07T18:38:36.842+0300][592.082s][info][gc,heap     ] GC(99) Soft Max Capacity: 256M(100%)
[2021-02-07T18:38:36.842+0300][592.082s][info][gc,heap     ] GC(99)                Mark Start          Mark End        Relocate Start      Relocate End           High               Low
[2021-02-07T18:38:36.842+0300][592.082s][info][gc,heap     ] GC(99)  Capacity:      256M (100%)        256M (100%)        256M (100%)        256M (100%)        256M (100%)        256M (100%)
[2021-02-07T18:38:36.842+0300][592.082s][info][gc,heap     ] GC(99)   Reserve:       12M (5%)           12M (5%)           12M (5%)           12M (5%)           12M (5%)           12M (5%)
[2021-02-07T18:38:36.842+0300][592.082s][info][gc,heap     ] GC(99)      Free:       10M (4%)            8M (3%)            8M (3%)           10M (4%)           10M (4%)            4M (2%)
[2021-02-07T18:38:36.842+0300][592.082s][info][gc,heap     ] GC(99)      Used:      234M (91%)         236M (92%)         236M (92%)         234M (91%)         240M (94%)         234M (91%)
[2021-02-07T18:38:36.842+0300][592.082s][info][gc,heap     ] GC(99)      Live:         -               223M (87%)         223M (87%)         223M (87%)            -                  -
[2021-02-07T18:38:36.842+0300][592.082s][info][gc,heap     ] GC(99) Allocated:         -                 2M (1%)            2M (1%)            6M (2%)             -                  -
[2021-02-07T18:38:36.842+0300][592.082s][info][gc,heap     ] GC(99)   Garbage:         -                10M (4%)           10M (4%)            8M (3%)             -                  -
[2021-02-07T18:38:36.842+0300][592.082s][info][gc,heap     ] GC(99) Reclaimed:         -                  -                 0M (0%)            2M (1%)             -                  -
[2021-02-07T18:38:36.842+0300][592.082s][info][gc          ] GC(99) Garbage Collection (High Usage) 234M(91%)->234M(91%)
[2021-02-07T18:38:36.903+0300][592.143s][info][gc,start    ] GC(100) Garbage Collection (High Usage)
[2021-02-07T18:38:36.904+0300][592.144s][info][gc,phases   ] GC(100) Pause Mark Start 0.128ms
[2021-02-07T18:38:37.234+0300][592.474s][info][gc,phases   ] GC(100) Concurrent Mark 329.760ms
[2021-02-07T18:38:37.235+0300][592.475s][info][gc,phases   ] GC(100) Pause Mark End 0.174ms
[2021-02-07T18:38:37.240+0300][592.480s][info][gc,phases   ] GC(100) Concurrent Process Non-Strong References 4.682ms
[2021-02-07T18:38:37.240+0300][592.480s][info][gc,phases   ] GC(100) Concurrent Reset Relocation Set 0.091ms
[2021-02-07T18:38:37.242+0300][592.482s][info][gc,phases   ] GC(100) Concurrent Select Relocation Set 1.819ms
[2021-02-07T18:38:37.242+0300][592.482s][info][gc,phases   ] GC(100) Pause Relocate Start 0.112ms
[2021-02-07T18:38:37.244+0300][592.484s][info][gc,phases   ] GC(100) Concurrent Relocate 1.887ms
[2021-02-07T18:38:37.244+0300][592.484s][info][gc,load     ] GC(100) Load: 0.00/0.00/0.00
[2021-02-07T18:38:37.244+0300][592.484s][info][gc,mmu      ] GC(100) MMU: 2ms/76.9%, 5ms/90.7%, 10ms/95.0%, 20ms/97.5%, 50ms/98.9%, 100ms/99.0%
[2021-02-07T18:38:37.244+0300][592.484s][info][gc,marking  ] GC(100) Mark: 1 stripe(s), 2 proactive flush(es), 1 terminate flush(es), 1 completion(s), 0 continuation(s)
[2021-02-07T18:38:37.244+0300][592.484s][info][gc,nmethod  ] GC(100) NMethods: 1983 registered, 10 unregistered
[2021-02-07T18:38:37.244+0300][592.484s][info][gc,metaspace] GC(100) Metaspace: 6M used, 7M capacity, 7M committed, 1032M reserved
[2021-02-07T18:38:37.244+0300][592.484s][info][gc,ref      ] GC(100) Soft: 177 encountered, 106 discovered, 0 enqueued
[2021-02-07T18:38:37.244+0300][592.484s][info][gc,ref      ] GC(100) Weak: 1041 encountered, 644 discovered, 0 enqueued
[2021-02-07T18:38:37.244+0300][592.484s][info][gc,ref      ] GC(100) Final: 0 encountered, 0 discovered, 0 enqueued
[2021-02-07T18:38:37.244+0300][592.484s][info][gc,ref      ] GC(100) Phantom: 7 encountered, 6 discovered, 0 enqueued
[2021-02-07T18:38:37.244+0300][592.484s][info][gc,reloc    ] GC(100) Small Pages: 110 / 220M(94%), Empty: 0M(0%), Compacting: 6M(3%)->2M(1%)
[2021-02-07T18:38:37.244+0300][592.484s][info][gc,reloc    ] GC(100) Medium Pages: 0 / 0M(0%), Empty: 0M(0%), Compacting: 0M(0%)->0M(0%)
[2021-02-07T18:38:37.244+0300][592.484s][info][gc,reloc    ] GC(100) Large Pages: 1 / 14M(6%), Empty: 0M(0%), Compacting: 0M(0%)->0M(0%)
[2021-02-07T18:38:37.244+0300][592.484s][info][gc,reloc    ] GC(100) Relocation: Successful
[2021-02-07T18:38:37.244+0300][592.484s][info][gc,heap     ] GC(100) Min Capacity: 256M(100%)
[2021-02-07T18:38:37.244+0300][592.484s][info][gc,heap     ] GC(100) Max Capacity: 256M(100%)
[2021-02-07T18:38:37.244+0300][592.484s][info][gc,heap     ] GC(100) Soft Max Capacity: 256M(100%)
[2021-02-07T18:38:37.244+0300][592.484s][info][gc,heap     ] GC(100)                Mark Start          Mark End        Relocate Start      Relocate End           High               Low
[2021-02-07T18:38:37.244+0300][592.484s][info][gc,heap     ] GC(100)  Capacity:      256M (100%)        256M (100%)        256M (100%)        256M (100%)        256M (100%)        256M (100%)
[2021-02-07T18:38:37.244+0300][592.484s][info][gc,heap     ] GC(100)   Reserve:       12M (5%)           12M (5%)           12M (5%)           12M (5%)           12M (5%)           12M (5%)
[2021-02-07T18:38:37.244+0300][592.484s][info][gc,heap     ] GC(100)      Free:       10M (4%)            8M (3%)            8M (3%)           10M (4%)           10M (4%)            4M (2%)
[2021-02-07T18:38:37.244+0300][592.484s][info][gc,heap     ] GC(100)      Used:      234M (91%)         236M (92%)         236M (92%)         234M (91%)         240M (94%)         234M (91%)
[2021-02-07T18:38:37.244+0300][592.484s][info][gc,heap     ] GC(100)      Live:         -               223M (87%)         223M (87%)         223M (87%)            -                  -
[2021-02-07T18:38:37.244+0300][592.484s][info][gc,heap     ] GC(100) Allocated:         -                 2M (1%)            2M (1%)            6M (2%)             -                  -
[2021-02-07T18:38:37.244+0300][592.484s][info][gc,heap     ] GC(100)   Garbage:         -                10M (4%)           10M (4%)            8M (3%)             -                  -
[2021-02-07T18:38:37.244+0300][592.484s][info][gc,heap     ] GC(100) Reclaimed:         -                  -                 0M (0%)            2M (1%)             -                  -
[2021-02-07T18:38:37.244+0300][592.484s][info][gc          ] GC(100) Garbage Collection (High Usage) 234M(91%)->234M(91%)
[2021-02-07T18:38:37.303+0300][592.543s][info][gc,start    ] GC(101) Garbage Collection (High Usage)
[2021-02-07T18:38:37.303+0300][592.543s][info][gc,phases   ] GC(101) Pause Mark Start 0.130ms
[2021-02-07T18:38:37.632+0300][592.872s][info][gc,phases   ] GC(101) Concurrent Mark 329.036ms
[2021-02-07T18:38:37.634+0300][592.873s][info][gc,phases   ] GC(101) Pause Mark End 0.196ms
[2021-02-07T18:38:37.637+0300][592.877s][info][gc,phases   ] GC(101) Concurrent Process Non-Strong References 3.483ms
[2021-02-07T18:38:37.637+0300][592.877s][info][gc,phases   ] GC(101) Concurrent Reset Relocation Set 0.074ms
[2021-02-07T18:38:37.639+0300][592.879s][info][gc,phases   ] GC(101) Concurrent Select Relocation Set 1.553ms
[2021-02-07T18:38:37.639+0300][592.879s][info][gc,phases   ] GC(101) Pause Relocate Start 0.128ms
[2021-02-07T18:38:37.641+0300][592.881s][info][gc,phases   ] GC(101) Concurrent Relocate 1.853ms
[2021-02-07T18:38:37.641+0300][592.881s][info][gc,load     ] GC(101) Load: 0.00/0.00/0.00
[2021-02-07T18:38:37.641+0300][592.881s][info][gc,mmu      ] GC(101) MMU: 2ms/76.9%, 5ms/90.7%, 10ms/95.0%, 20ms/97.5%, 50ms/98.9%, 100ms/99.0%
[2021-02-07T18:38:37.641+0300][592.881s][info][gc,marking  ] GC(101) Mark: 1 stripe(s), 2 proactive flush(es), 1 terminate flush(es), 1 completion(s), 0 continuation(s)
[2021-02-07T18:38:37.641+0300][592.881s][info][gc,nmethod  ] GC(101) NMethods: 1984 registered, 10 unregistered
[2021-02-07T18:38:37.641+0300][592.881s][info][gc,metaspace] GC(101) Metaspace: 6M used, 7M capacity, 7M committed, 1032M reserved
[2021-02-07T18:38:37.641+0300][592.882s][info][gc,ref      ] GC(101) Soft: 177 encountered, 106 discovered, 0 enqueued
[2021-02-07T18:38:37.642+0300][592.882s][info][gc,ref      ] GC(101) Weak: 1041 encountered, 644 discovered, 0 enqueued
[2021-02-07T18:38:37.642+0300][592.882s][info][gc,ref      ] GC(101) Final: 0 encountered, 0 discovered, 0 enqueued
[2021-02-07T18:38:37.642+0300][592.882s][info][gc,ref      ] GC(101) Phantom: 7 encountered, 6 discovered, 0 enqueued
[2021-02-07T18:38:37.642+0300][592.882s][info][gc,reloc    ] GC(101) Small Pages: 110 / 220M(94%), Empty: 0M(0%), Compacting: 6M(3%)->2M(1%)
[2021-02-07T18:38:37.642+0300][592.882s][info][gc,reloc    ] GC(101) Medium Pages: 0 / 0M(0%), Empty: 0M(0%), Compacting: 0M(0%)->0M(0%)
[2021-02-07T18:38:37.642+0300][592.882s][info][gc,reloc    ] GC(101) Large Pages: 1 / 14M(6%), Empty: 0M(0%), Compacting: 0M(0%)->0M(0%)
[2021-02-07T18:38:37.642+0300][592.882s][info][gc,reloc    ] GC(101) Relocation: Successful
[2021-02-07T18:38:37.642+0300][592.882s][info][gc,heap     ] GC(101) Min Capacity: 256M(100%)
[2021-02-07T18:38:37.642+0300][592.882s][info][gc,heap     ] GC(101) Max Capacity: 256M(100%)
[2021-02-07T18:38:37.642+0300][592.882s][info][gc,heap     ] GC(101) Soft Max Capacity: 256M(100%)
[2021-02-07T18:38:37.642+0300][592.882s][info][gc,heap     ] GC(101)                Mark Start          Mark End        Relocate Start      Relocate End           High               Low
[2021-02-07T18:38:37.642+0300][592.882s][info][gc,heap     ] GC(101)  Capacity:      256M (100%)        256M (100%)        256M (100%)        256M (100%)        256M (100%)        256M (100%)
[2021-02-07T18:38:37.642+0300][592.882s][info][gc,heap     ] GC(101)   Reserve:       12M (5%)           12M (5%)           12M (5%)           12M (5%)           12M (5%)           12M (5%)
[2021-02-07T18:38:37.642+0300][592.882s][info][gc,heap     ] GC(101)      Free:       10M (4%)            8M (3%)            8M (3%)           12M (5%)           12M (5%)            6M (2%)
[2021-02-07T18:38:37.642+0300][592.882s][info][gc,heap     ] GC(101)      Used:      234M (91%)         236M (92%)         236M (92%)         232M (91%)         238M (93%)         232M (91%)
[2021-02-07T18:38:37.642+0300][592.882s][info][gc,heap     ] GC(101)      Live:         -               223M (87%)         223M (87%)         223M (87%)            -                  -
[2021-02-07T18:38:37.642+0300][592.882s][info][gc,heap     ] GC(101) Allocated:         -                 2M (1%)            2M (1%)            4M (2%)             -                  -
[2021-02-07T18:38:37.642+0300][592.882s][info][gc,heap     ] GC(101)   Garbage:         -                10M (4%)           10M (4%)            6M (2%)             -                  -
[2021-02-07T18:38:37.642+0300][592.882s][info][gc,heap     ] GC(101) Reclaimed:         -                  -                 0M (0%)            4M (2%)             -                  -
[2021-02-07T18:38:37.642+0300][592.882s][info][gc          ] GC(101) Garbage Collection (High Usage) 234M(91%)->232M(91%)
[2021-02-07T18:38:37.704+0300][592.944s][info][gc,start    ] GC(102) Garbage Collection (High Usage)
[2021-02-07T18:38:37.707+0300][592.947s][info][gc,phases   ] GC(102) Pause Mark Start 0.133ms
[2021-02-07T18:38:38.034+0300][593.274s][info][gc,phases   ] GC(102) Concurrent Mark 326.941ms
[2021-02-07T18:38:38.035+0300][593.275s][info][gc,phases   ] GC(102) Pause Mark End 0.209ms
[2021-02-07T18:38:38.039+0300][593.279s][info][gc,phases   ] GC(102) Concurrent Process Non-Strong References 3.440ms
[2021-02-07T18:38:38.039+0300][593.279s][info][gc,phases   ] GC(102) Concurrent Reset Relocation Set 0.077ms
[2021-02-07T18:38:38.040+0300][593.280s][info][gc,phases   ] GC(102) Concurrent Select Relocation Set 1.560ms
[2021-02-07T18:38:38.041+0300][593.281s][info][gc,phases   ] GC(102) Pause Relocate Start 0.104ms
[2021-02-07T18:38:38.043+0300][593.283s][info][gc,phases   ] GC(102) Concurrent Relocate 1.847ms
[2021-02-07T18:38:38.043+0300][593.283s][info][gc,load     ] GC(102) Load: 0.00/0.00/0.00
[2021-02-07T18:38:38.043+0300][593.283s][info][gc,mmu      ] GC(102) MMU: 2ms/76.9%, 5ms/90.7%, 10ms/95.0%, 20ms/97.5%, 50ms/98.9%, 100ms/99.0%
[2021-02-07T18:38:38.043+0300][593.283s][info][gc,marking  ] GC(102) Mark: 1 stripe(s), 2 proactive flush(es), 1 terminate flush(es), 1 completion(s), 0 continuation(s)
[2021-02-07T18:38:38.043+0300][593.283s][info][gc,nmethod  ] GC(102) NMethods: 1986 registered, 10 unregistered
[2021-02-07T18:38:38.043+0300][593.283s][info][gc,metaspace] GC(102) Metaspace: 6M used, 7M capacity, 7M committed, 1032M reserved
[2021-02-07T18:38:38.043+0300][593.283s][info][gc,ref      ] GC(102) Soft: 177 encountered, 106 discovered, 0 enqueued
[2021-02-07T18:38:38.043+0300][593.283s][info][gc,ref      ] GC(102) Weak: 1041 encountered, 644 discovered, 0 enqueued
[2021-02-07T18:38:38.043+0300][593.283s][info][gc,ref      ] GC(102) Final: 0 encountered, 0 discovered, 0 enqueued
[2021-02-07T18:38:38.043+0300][593.283s][info][gc,ref      ] GC(102) Phantom: 7 encountered, 6 discovered, 0 enqueued
[2021-02-07T18:38:38.043+0300][593.283s][info][gc,reloc    ] GC(102) Small Pages: 109 / 218M(94%), Empty: 0M(0%), Compacting: 4M(2%)->2M(1%)
[2021-02-07T18:38:38.043+0300][593.283s][info][gc,reloc    ] GC(102) Medium Pages: 0 / 0M(0%), Empty: 0M(0%), Compacting: 0M(0%)->0M(0%)
[2021-02-07T18:38:38.043+0300][593.283s][info][gc,reloc    ] GC(102) Large Pages: 1 / 14M(6%), Empty: 0M(0%), Compacting: 0M(0%)->0M(0%)
[2021-02-07T18:38:38.043+0300][593.283s][info][gc,reloc    ] GC(102) Relocation: Successful
[2021-02-07T18:38:38.043+0300][593.283s][info][gc,heap     ] GC(102) Min Capacity: 256M(100%)
[2021-02-07T18:38:38.043+0300][593.283s][info][gc,heap     ] GC(102) Max Capacity: 256M(100%)
[2021-02-07T18:38:38.043+0300][593.283s][info][gc,heap     ] GC(102) Soft Max Capacity: 256M(100%)
[2021-02-07T18:38:38.043+0300][593.283s][info][gc,heap     ] GC(102)                Mark Start          Mark End        Relocate Start      Relocate End           High               Low
[2021-02-07T18:38:38.043+0300][593.283s][info][gc,heap     ] GC(102)  Capacity:      256M (100%)        256M (100%)        256M (100%)        256M (100%)        256M (100%)        256M (100%)
[2021-02-07T18:38:38.043+0300][593.283s][info][gc,heap     ] GC(102)   Reserve:       12M (5%)           12M (5%)           12M (5%)           12M (5%)           12M (5%)           12M (5%)
[2021-02-07T18:38:38.043+0300][593.283s][info][gc,heap     ] GC(102)      Free:       12M (5%)           10M (4%)           10M (4%)           12M (5%)           12M (5%)            8M (3%)
[2021-02-07T18:38:38.043+0300][593.283s][info][gc,heap     ] GC(102)      Used:      232M (91%)         234M (91%)         234M (91%)         232M (91%)         236M (92%)         232M (91%)
[2021-02-07T18:38:38.043+0300][593.283s][info][gc,heap     ] GC(102)      Live:         -               223M (87%)         223M (87%)         223M (87%)            -                  -
[2021-02-07T18:38:38.043+0300][593.283s][info][gc,heap     ] GC(102) Allocated:         -                 2M (1%)            2M (1%)            4M (2%)             -                  -
[2021-02-07T18:38:38.043+0300][593.283s][info][gc,heap     ] GC(102)   Garbage:         -                 8M (3%)            8M (3%)            6M (2%)             -                  -
[2021-02-07T18:38:38.043+0300][593.283s][info][gc,heap     ] GC(102) Reclaimed:         -                  -                 0M (0%)            2M (1%)             -                  -
[2021-02-07T18:38:38.043+0300][593.283s][info][gc          ] GC(102) Garbage Collection (High Usage) 232M(91%)->232M(91%)
[2021-02-07T18:38:38.104+0300][593.344s][info][gc,start    ] GC(103) Garbage Collection (High Usage)
[2021-02-07T18:38:38.104+0300][593.344s][info][gc,phases   ] GC(103) Pause Mark Start 0.129ms
[2021-02-07T18:38:38.430+0300][593.670s][info][gc,phases   ] GC(103) Concurrent Mark 325.967ms
[2021-02-07T18:38:38.432+0300][593.672s][info][gc,phases   ] GC(103) Pause Mark End 0.234ms
[2021-02-07T18:38:38.435+0300][593.675s][info][gc,phases   ] GC(103) Concurrent Process Non-Strong References 3.387ms
[2021-02-07T18:38:38.435+0300][593.675s][info][gc,phases   ] GC(103) Concurrent Reset Relocation Set 0.074ms
[2021-02-07T18:38:38.437+0300][593.677s][info][gc,phases   ] GC(103) Concurrent Select Relocation Set 1.574ms
[2021-02-07T18:38:38.437+0300][593.677s][info][gc,phases   ] GC(103) Pause Relocate Start 0.102ms
[2021-02-07T18:38:38.439+0300][593.679s][info][gc,phases   ] GC(103) Concurrent Relocate 1.839ms
[2021-02-07T18:38:38.439+0300][593.679s][info][gc,load     ] GC(103) Load: 0.00/0.00/0.00
[2021-02-07T18:38:38.439+0300][593.679s][info][gc,mmu      ] GC(103) MMU: 2ms/76.9%, 5ms/90.7%, 10ms/95.0%, 20ms/97.5%, 50ms/98.9%, 100ms/99.0%
[2021-02-07T18:38:38.439+0300][593.679s][info][gc,marking  ] GC(103) Mark: 1 stripe(s), 2 proactive flush(es), 1 terminate flush(es), 1 completion(s), 0 continuation(s)
[2021-02-07T18:38:38.439+0300][593.679s][info][gc,nmethod  ] GC(103) NMethods: 1986 registered, 10 unregistered
[2021-02-07T18:38:38.439+0300][593.679s][info][gc,metaspace] GC(103) Metaspace: 6M used, 7M capacity, 7M committed, 1032M reserved
[2021-02-07T18:38:38.439+0300][593.679s][info][gc,ref      ] GC(103) Soft: 177 encountered, 106 discovered, 0 enqueued
[2021-02-07T18:38:38.439+0300][593.679s][info][gc,ref      ] GC(103) Weak: 1041 encountered, 644 discovered, 0 enqueued
[2021-02-07T18:38:38.439+0300][593.679s][info][gc,ref      ] GC(103) Final: 0 encountered, 0 discovered, 0 enqueued
[2021-02-07T18:38:38.439+0300][593.680s][info][gc,ref      ] GC(103) Phantom: 7 encountered, 6 discovered, 0 enqueued
[2021-02-07T18:38:38.440+0300][593.680s][info][gc,reloc    ] GC(103) Small Pages: 109 / 218M(94%), Empty: 0M(0%), Compacting: 4M(2%)->2M(1%)
[2021-02-07T18:38:38.440+0300][593.680s][info][gc,reloc    ] GC(103) Medium Pages: 0 / 0M(0%), Empty: 0M(0%), Compacting: 0M(0%)->0M(0%)
[2021-02-07T18:38:38.440+0300][593.680s][info][gc,reloc    ] GC(103) Large Pages: 1 / 14M(6%), Empty: 0M(0%), Compacting: 0M(0%)->0M(0%)
[2021-02-07T18:38:38.440+0300][593.680s][info][gc,reloc    ] GC(103) Relocation: Successful
[2021-02-07T18:38:38.440+0300][593.680s][info][gc,heap     ] GC(103) Min Capacity: 256M(100%)
[2021-02-07T18:38:38.440+0300][593.680s][info][gc,heap     ] GC(103) Max Capacity: 256M(100%)
[2021-02-07T18:38:38.440+0300][593.680s][info][gc,heap     ] GC(103) Soft Max Capacity: 256M(100%)
[2021-02-07T18:38:38.440+0300][593.680s][info][gc,heap     ] GC(103)                Mark Start          Mark End        Relocate Start      Relocate End           High               Low
[2021-02-07T18:38:38.440+0300][593.680s][info][gc,heap     ] GC(103)  Capacity:      256M (100%)        256M (100%)        256M (100%)        256M (100%)        256M (100%)        256M (100%)
[2021-02-07T18:38:38.440+0300][593.680s][info][gc,heap     ] GC(103)   Reserve:       12M (5%)           12M (5%)           12M (5%)           12M (5%)           12M (5%)           12M (5%)
[2021-02-07T18:38:38.440+0300][593.680s][info][gc,heap     ] GC(103)      Free:       12M (5%)           12M (5%)           12M (5%)           10M (4%)           12M (5%)            6M (2%)
[2021-02-07T18:38:38.440+0300][593.680s][info][gc,heap     ] GC(103)      Used:      232M (91%)         232M (91%)         232M (91%)         234M (91%)         238M (93%)         232M (91%)
[2021-02-07T18:38:38.440+0300][593.680s][info][gc,heap     ] GC(103)      Live:         -               223M (87%)         223M (87%)         223M (87%)            -                  -
[2021-02-07T18:38:38.440+0300][593.680s][info][gc,heap     ] GC(103) Allocated:         -                 0M (0%)            0M (0%)            6M (2%)             -                  -
[2021-02-07T18:38:38.440+0300][593.680s][info][gc,heap     ] GC(103)   Garbage:         -                 8M (3%)            8M (3%)            8M (3%)             -                  -
[2021-02-07T18:38:38.440+0300][593.680s][info][gc,heap     ] GC(103) Reclaimed:         -                  -                 0M (0%)            0M (0%)             -                  -
[2021-02-07T18:38:38.440+0300][593.680s][info][gc          ] GC(103) Garbage Collection (High Usage) 232M(91%)->234M(91%)
[2021-02-07T18:38:38.503+0300][593.743s][info][gc,start    ] GC(104) Garbage Collection (High Usage)
[2021-02-07T18:38:38.503+0300][593.743s][info][gc,phases   ] GC(104) Pause Mark Start 0.128ms
[2021-02-07T18:38:38.831+0300][594.071s][info][gc,phases   ] GC(104) Concurrent Mark 327.907ms
[2021-02-07T18:38:38.833+0300][594.073s][info][gc,phases   ] GC(104) Pause Mark End 0.225ms
[2021-02-07T18:38:38.836+0300][594.076s][info][gc,phases   ] GC(104) Concurrent Process Non-Strong References 3.364ms
[2021-02-07T18:38:38.836+0300][594.076s][info][gc,phases   ] GC(104) Concurrent Reset Relocation Set 0.074ms
[2021-02-07T18:38:38.838+0300][594.078s][info][gc,phases   ] GC(104) Concurrent Select Relocation Set 1.592ms
[2021-02-07T18:38:38.838+0300][594.078s][info][gc,phases   ] GC(104) Pause Relocate Start 0.132ms
[2021-02-07T18:38:38.840+0300][594.080s][info][gc,phases   ] GC(104) Concurrent Relocate 1.840ms
[2021-02-07T18:38:38.840+0300][594.080s][info][gc,load     ] GC(104) Load: 0.00/0.00/0.00
[2021-02-07T18:38:38.840+0300][594.080s][info][gc,mmu      ] GC(104) MMU: 2ms/76.9%, 5ms/90.7%, 10ms/95.0%, 20ms/97.5%, 50ms/98.9%, 100ms/99.0%
[2021-02-07T18:38:38.840+0300][594.080s][info][gc,marking  ] GC(104) Mark: 1 stripe(s), 2 proactive flush(es), 1 terminate flush(es), 1 completion(s), 0 continuation(s)
[2021-02-07T18:38:38.840+0300][594.080s][info][gc,nmethod  ] GC(104) NMethods: 1987 registered, 10 unregistered
[2021-02-07T18:38:38.840+0300][594.080s][info][gc,metaspace] GC(104) Metaspace: 6M used, 7M capacity, 7M committed, 1032M reserved
[2021-02-07T18:38:38.840+0300][594.080s][info][gc,ref      ] GC(104) Soft: 177 encountered, 106 discovered, 0 enqueued
[2021-02-07T18:38:38.840+0300][594.081s][info][gc,ref      ] GC(104) Weak: 1041 encountered, 644 discovered, 0 enqueued
[2021-02-07T18:38:38.841+0300][594.081s][info][gc,ref      ] GC(104) Final: 0 encountered, 0 discovered, 0 enqueued
[2021-02-07T18:38:38.841+0300][594.081s][info][gc,ref      ] GC(104) Phantom: 7 encountered, 6 discovered, 0 enqueued
[2021-02-07T18:38:38.841+0300][594.081s][info][gc,reloc    ] GC(104) Small Pages: 110 / 220M(94%), Empty: 0M(0%), Compacting: 6M(3%)->2M(1%)
[2021-02-07T18:38:38.841+0300][594.081s][info][gc,reloc    ] GC(104) Medium Pages: 0 / 0M(0%), Empty: 0M(0%), Compacting: 0M(0%)->0M(0%)
[2021-02-07T18:38:38.841+0300][594.081s][info][gc,reloc    ] GC(104) Large Pages: 1 / 14M(6%), Empty: 0M(0%), Compacting: 0M(0%)->0M(0%)
[2021-02-07T18:38:38.841+0300][594.081s][info][gc,reloc    ] GC(104) Relocation: Successful
[2021-02-07T18:38:38.841+0300][594.081s][info][gc,heap     ] GC(104) Min Capacity: 256M(100%)
[2021-02-07T18:38:38.841+0300][594.081s][info][gc,heap     ] GC(104) Max Capacity: 256M(100%)
[2021-02-07T18:38:38.841+0300][594.081s][info][gc,heap     ] GC(104) Soft Max Capacity: 256M(100%)
[2021-02-07T18:38:38.841+0300][594.081s][info][gc,heap     ] GC(104)                Mark Start          Mark End        Relocate Start      Relocate End           High               Low
[2021-02-07T18:38:38.841+0300][594.081s][info][gc,heap     ] GC(104)  Capacity:      256M (100%)        256M (100%)        256M (100%)        256M (100%)        256M (100%)        256M (100%)
[2021-02-07T18:38:38.841+0300][594.081s][info][gc,heap     ] GC(104)   Reserve:       12M (5%)           12M (5%)           12M (5%)           12M (5%)           12M (5%)           12M (5%)
[2021-02-07T18:38:38.841+0300][594.081s][info][gc,heap     ] GC(104)      Free:       10M (4%)            8M (3%)            8M (3%)           10M (4%)           10M (4%)            4M (2%)
[2021-02-07T18:38:38.841+0300][594.081s][info][gc,heap     ] GC(104)      Used:      234M (91%)         236M (92%)         236M (92%)         234M (91%)         240M (94%)         234M (91%)
[2021-02-07T18:38:38.841+0300][594.081s][info][gc,heap     ] GC(104)      Live:         -               223M (87%)         223M (87%)         223M (87%)            -                  -
[2021-02-07T18:38:38.841+0300][594.081s][info][gc,heap     ] GC(104) Allocated:         -                 2M (1%)            2M (1%)            6M (2%)             -                  -
[2021-02-07T18:38:38.841+0300][594.081s][info][gc,heap     ] GC(104)   Garbage:         -                10M (4%)           10M (4%)            8M (3%)             -                  -
[2021-02-07T18:38:38.841+0300][594.081s][info][gc,heap     ] GC(104) Reclaimed:         -                  -                 0M (0%)            2M (1%)             -                  -
[2021-02-07T18:38:38.841+0300][594.081s][info][gc          ] GC(104) Garbage Collection (High Usage) 234M(91%)->234M(91%)
[2021-02-07T18:38:38.903+0300][594.143s][info][gc,start    ] GC(105) Garbage Collection (High Usage)
[2021-02-07T18:38:38.903+0300][594.143s][info][gc,phases   ] GC(105) Pause Mark Start 0.129ms
[2021-02-07T18:38:39.232+0300][594.472s][info][gc,phases   ] GC(105) Concurrent Mark 328.041ms
[2021-02-07T18:38:39.235+0300][594.475s][info][gc,phases   ] GC(105) Pause Mark End 0.213ms
[2021-02-07T18:38:39.239+0300][594.479s][info][gc,phases   ] GC(105) Concurrent Process Non-Strong References 3.498ms
[2021-02-07T18:38:39.239+0300][594.479s][info][gc,phases   ] GC(105) Concurrent Reset Relocation Set 0.076ms
[2021-02-07T18:38:39.240+0300][594.480s][info][gc,phases   ] GC(105) Concurrent Select Relocation Set 1.595ms
[2021-02-07T18:38:39.241+0300][594.481s][info][gc,phases   ] GC(105) Pause Relocate Start 0.111ms
[2021-02-07T18:38:39.243+0300][594.483s][info][gc,phases   ] GC(105) Concurrent Relocate 2.053ms
[2021-02-07T18:38:39.243+0300][594.483s][info][gc,load     ] GC(105) Load: 0.00/0.00/0.00
[2021-02-07T18:38:39.243+0300][594.483s][info][gc,mmu      ] GC(105) MMU: 2ms/76.9%, 5ms/90.7%, 10ms/95.0%, 20ms/97.5%, 50ms/98.9%, 100ms/99.0%
[2021-02-07T18:38:39.243+0300][594.483s][info][gc,marking  ] GC(105) Mark: 1 stripe(s), 2 proactive flush(es), 1 terminate flush(es), 1 completion(s), 0 continuation(s)
[2021-02-07T18:38:39.243+0300][594.483s][info][gc,nmethod  ] GC(105) NMethods: 1988 registered, 10 unregistered
[2021-02-07T18:38:39.243+0300][594.483s][info][gc,metaspace] GC(105) Metaspace: 6M used, 7M capacity, 7M committed, 1032M reserved
[2021-02-07T18:38:39.243+0300][594.483s][info][gc,ref      ] GC(105) Soft: 177 encountered, 106 discovered, 0 enqueued
[2021-02-07T18:38:39.243+0300][594.483s][info][gc,ref      ] GC(105) Weak: 1041 encountered, 644 discovered, 0 enqueued
[2021-02-07T18:38:39.243+0300][594.483s][info][gc,ref      ] GC(105) Final: 0 encountered, 0 discovered, 0 enqueued
[2021-02-07T18:38:39.243+0300][594.483s][info][gc,ref      ] GC(105) Phantom: 7 encountered, 6 discovered, 0 enqueued
[2021-02-07T18:38:39.243+0300][594.483s][info][gc,reloc    ] GC(105) Small Pages: 110 / 220M(94%), Empty: 0M(0%), Compacting: 6M(3%)->2M(1%)
[2021-02-07T18:38:39.243+0300][594.483s][info][gc,reloc    ] GC(105) Medium Pages: 0 / 0M(0%), Empty: 0M(0%), Compacting: 0M(0%)->0M(0%)
[2021-02-07T18:38:39.243+0300][594.483s][info][gc,reloc    ] GC(105) Large Pages: 1 / 14M(6%), Empty: 0M(0%), Compacting: 0M(0%)->0M(0%)
[2021-02-07T18:38:39.243+0300][594.483s][info][gc,reloc    ] GC(105) Relocation: Successful
[2021-02-07T18:38:39.243+0300][594.483s][info][gc,heap     ] GC(105) Min Capacity: 256M(100%)
[2021-02-07T18:38:39.243+0300][594.483s][info][gc,heap     ] GC(105) Max Capacity: 256M(100%)
[2021-02-07T18:38:39.243+0300][594.483s][info][gc,heap     ] GC(105) Soft Max Capacity: 256M(100%)
[2021-02-07T18:38:39.243+0300][594.483s][info][gc,heap     ] GC(105)                Mark Start          Mark End        Relocate Start      Relocate End           High               Low
[2021-02-07T18:38:39.243+0300][594.483s][info][gc,heap     ] GC(105)  Capacity:      256M (100%)        256M (100%)        256M (100%)        256M (100%)        256M (100%)        256M (100%)
[2021-02-07T18:38:39.243+0300][594.483s][info][gc,heap     ] GC(105)   Reserve:       12M (5%)           12M (5%)           12M (5%)           12M (5%)           12M (5%)           12M (5%)
[2021-02-07T18:38:39.243+0300][594.483s][info][gc,heap     ] GC(105)      Free:       10M (4%)            8M (3%)            8M (3%)           12M (5%)           12M (5%)            6M (2%)
[2021-02-07T18:38:39.243+0300][594.483s][info][gc,heap     ] GC(105)      Used:      234M (91%)         236M (92%)         236M (92%)         232M (91%)         238M (93%)         232M (91%)
[2021-02-07T18:38:39.243+0300][594.483s][info][gc,heap     ] GC(105)      Live:         -               223M (87%)         223M (87%)         223M (87%)            -                  -
[2021-02-07T18:38:39.243+0300][594.483s][info][gc,heap     ] GC(105) Allocated:         -                 2M (1%)            2M (1%)            4M (2%)             -                  -
[2021-02-07T18:38:39.243+0300][594.483s][info][gc,heap     ] GC(105)   Garbage:         -                10M (4%)           10M (4%)            6M (3%)             -                  -
[2021-02-07T18:38:39.243+0300][594.483s][info][gc,heap     ] GC(105) Reclaimed:         -                  -                 0M (0%)            4M (2%)             -                  -
[2021-02-07T18:38:39.243+0300][594.483s][info][gc          ] GC(105) Garbage Collection (High Usage) 234M(91%)->232M(91%)
[2021-02-07T18:38:39.304+0300][594.544s][info][gc,start    ] GC(106) Garbage Collection (High Usage)
[2021-02-07T18:38:39.307+0300][594.547s][info][gc,phases   ] GC(106) Pause Mark Start 0.130ms
[2021-02-07T18:38:39.635+0300][594.875s][info][gc,phases   ] GC(106) Concurrent Mark 327.690ms
[2021-02-07T18:38:39.636+0300][594.876s][info][gc,phases   ] GC(106) Pause Mark End 0.216ms
[2021-02-07T18:38:39.639+0300][594.879s][info][gc,phases   ] GC(106) Concurrent Process Non-Strong References 3.514ms
[2021-02-07T18:38:39.639+0300][594.879s][info][gc,phases   ] GC(106) Concurrent Reset Relocation Set 0.073ms
[2021-02-07T18:38:39.641+0300][594.881s][info][gc,phases   ] GC(106) Concurrent Select Relocation Set 1.713ms
[2021-02-07T18:38:39.642+0300][594.882s][info][gc,phases   ] GC(106) Pause Relocate Start 0.120ms
[2021-02-07T18:38:39.645+0300][594.885s][info][gc,phases   ] GC(106) Concurrent Relocate 2.594ms
[2021-02-07T18:38:39.645+0300][594.885s][info][gc,load     ] GC(106) Load: 0.00/0.00/0.00
[2021-02-07T18:38:39.645+0300][594.885s][info][gc,mmu      ] GC(106) MMU: 2ms/76.9%, 5ms/90.7%, 10ms/95.0%, 20ms/97.5%, 50ms/98.9%, 100ms/99.0%
[2021-02-07T18:38:39.645+0300][594.885s][info][gc,marking  ] GC(106) Mark: 1 stripe(s), 2 proactive flush(es), 1 terminate flush(es), 1 completion(s), 0 continuation(s)
[2021-02-07T18:38:39.645+0300][594.885s][info][gc,nmethod  ] GC(106) NMethods: 1988 registered, 10 unregistered
[2021-02-07T18:38:39.645+0300][594.885s][info][gc,metaspace] GC(106) Metaspace: 6M used, 7M capacity, 7M committed, 1032M reserved
[2021-02-07T18:38:39.645+0300][594.885s][info][gc,ref      ] GC(106) Soft: 177 encountered, 106 discovered, 0 enqueued
[2021-02-07T18:38:39.645+0300][594.885s][info][gc,ref      ] GC(106) Weak: 1041 encountered, 644 discovered, 0 enqueued
[2021-02-07T18:38:39.645+0300][594.885s][info][gc,ref      ] GC(106) Final: 0 encountered, 0 discovered, 0 enqueued
[2021-02-07T18:38:39.645+0300][594.885s][info][gc,ref      ] GC(106) Phantom: 7 encountered, 6 discovered, 0 enqueued
[2021-02-07T18:38:39.645+0300][594.885s][info][gc,reloc    ] GC(106) Small Pages: 109 / 218M(94%), Empty: 0M(0%), Compacting: 4M(2%)->2M(1%)
[2021-02-07T18:38:39.645+0300][594.885s][info][gc,reloc    ] GC(106) Medium Pages: 0 / 0M(0%), Empty: 0M(0%), Compacting: 0M(0%)->0M(0%)
[2021-02-07T18:38:39.645+0300][594.885s][info][gc,reloc    ] GC(106) Large Pages: 1 / 14M(6%), Empty: 0M(0%), Compacting: 0M(0%)->0M(0%)
[2021-02-07T18:38:39.645+0300][594.885s][info][gc,reloc    ] GC(106) Relocation: Successful
[2021-02-07T18:38:39.645+0300][594.885s][info][gc,heap     ] GC(106) Min Capacity: 256M(100%)
[2021-02-07T18:38:39.645+0300][594.885s][info][gc,heap     ] GC(106) Max Capacity: 256M(100%)
[2021-02-07T18:38:39.645+0300][594.885s][info][gc,heap     ] GC(106) Soft Max Capacity: 256M(100%)
[2021-02-07T18:38:39.645+0300][594.885s][info][gc,heap     ] GC(106)                Mark Start          Mark End        Relocate Start      Relocate End           High               Low
[2021-02-07T18:38:39.645+0300][594.885s][info][gc,heap     ] GC(106)  Capacity:      256M (100%)        256M (100%)        256M (100%)        256M (100%)        256M (100%)        256M (100%)
[2021-02-07T18:38:39.645+0300][594.885s][info][gc,heap     ] GC(106)   Reserve:       12M (5%)           12M (5%)           12M (5%)           12M (5%)           12M (5%)           12M (5%)
[2021-02-07T18:38:39.645+0300][594.885s][info][gc,heap     ] GC(106)      Free:       12M (5%)           10M (4%)           10M (4%)           12M (5%)           12M (5%)            8M (3%)
[2021-02-07T18:38:39.645+0300][594.885s][info][gc,heap     ] GC(106)      Used:      232M (91%)         234M (91%)         234M (91%)         232M (91%)         236M (92%)         232M (91%)
[2021-02-07T18:38:39.645+0300][594.885s][info][gc,heap     ] GC(106)      Live:         -               223M (87%)         223M (87%)         223M (87%)            -                  -
[2021-02-07T18:38:39.645+0300][594.885s][info][gc,heap     ] GC(106) Allocated:         -                 2M (1%)            2M (1%)            4M (2%)             -                  -
[2021-02-07T18:38:39.645+0300][594.885s][info][gc,heap     ] GC(106)   Garbage:         -                 8M (3%)            8M (3%)            6M (3%)             -                  -
[2021-02-07T18:38:39.645+0300][594.885s][info][gc,heap     ] GC(106) Reclaimed:         -                  -                 0M (0%)            2M (1%)             -                  -
[2021-02-07T18:38:39.645+0300][594.885s][info][gc          ] GC(106) Garbage Collection (High Usage) 232M(91%)->232M(91%)
[2021-02-07T18:38:39.703+0300][594.943s][info][gc,start    ] GC(107) Garbage Collection (High Usage)
[2021-02-07T18:38:39.703+0300][594.943s][info][gc,phases   ] GC(107) Pause Mark Start 0.128ms
[2021-02-07T18:38:40.033+0300][595.273s][info][gc,phases   ] GC(107) Concurrent Mark 329.559ms
[2021-02-07T18:38:40.034+0300][595.274s][info][gc,phases   ] GC(107) Pause Mark End 0.218ms
[2021-02-07T18:38:40.038+0300][595.278s][info][gc,phases   ] GC(107) Concurrent Process Non-Strong References 3.472ms
[2021-02-07T18:38:40.038+0300][595.278s][info][gc,phases   ] GC(107) Concurrent Reset Relocation Set 0.074ms
[2021-02-07T18:38:40.040+0300][595.280s][info][gc,phases   ] GC(107) Concurrent Select Relocation Set 1.548ms
[2021-02-07T18:38:40.040+0300][595.280s][info][gc,phases   ] GC(107) Pause Relocate Start 0.110ms
[2021-02-07T18:38:40.044+0300][595.284s][info][gc,phases   ] GC(107) Concurrent Relocate 3.509ms
[2021-02-07T18:38:40.044+0300][595.284s][info][gc,load     ] GC(107) Load: 0.00/0.00/0.00
[2021-02-07T18:38:40.044+0300][595.284s][info][gc,mmu      ] GC(107) MMU: 2ms/76.9%, 5ms/90.7%, 10ms/95.0%, 20ms/97.5%, 50ms/98.9%, 100ms/99.0%
[2021-02-07T18:38:40.044+0300][595.284s][info][gc,marking  ] GC(107) Mark: 1 stripe(s), 2 proactive flush(es), 1 terminate flush(es), 1 completion(s), 0 continuation(s)
[2021-02-07T18:38:40.044+0300][595.284s][info][gc,nmethod  ] GC(107) NMethods: 1988 registered, 10 unregistered
[2021-02-07T18:38:40.044+0300][595.284s][info][gc,metaspace] GC(107) Metaspace: 6M used, 7M capacity, 7M committed, 1032M reserved
[2021-02-07T18:38:40.044+0300][595.284s][info][gc,ref      ] GC(107) Soft: 177 encountered, 106 discovered, 0 enqueued
[2021-02-07T18:38:40.044+0300][595.284s][info][gc,ref      ] GC(107) Weak: 1041 encountered, 644 discovered, 0 enqueued
[2021-02-07T18:38:40.044+0300][595.284s][info][gc,ref      ] GC(107) Final: 0 encountered, 0 discovered, 0 enqueued
[2021-02-07T18:38:40.044+0300][595.284s][info][gc,ref      ] GC(107) Phantom: 7 encountered, 6 discovered, 0 enqueued
[2021-02-07T18:38:40.044+0300][595.284s][info][gc,reloc    ] GC(107) Small Pages: 109 / 218M(94%), Empty: 0M(0%), Compacting: 4M(2%)->2M(1%)
[2021-02-07T18:38:40.044+0300][595.284s][info][gc,reloc    ] GC(107) Medium Pages: 0 / 0M(0%), Empty: 0M(0%), Compacting: 0M(0%)->0M(0%)
[2021-02-07T18:38:40.044+0300][595.284s][info][gc,reloc    ] GC(107) Large Pages: 1 / 14M(6%), Empty: 0M(0%), Compacting: 0M(0%)->0M(0%)
[2021-02-07T18:38:40.044+0300][595.284s][info][gc,reloc    ] GC(107) Relocation: Successful
[2021-02-07T18:38:40.044+0300][595.284s][info][gc,heap     ] GC(107) Min Capacity: 256M(100%)
[2021-02-07T18:38:40.044+0300][595.284s][info][gc,heap     ] GC(107) Max Capacity: 256M(100%)
[2021-02-07T18:38:40.044+0300][595.284s][info][gc,heap     ] GC(107) Soft Max Capacity: 256M(100%)
[2021-02-07T18:38:40.044+0300][595.284s][info][gc,heap     ] GC(107)                Mark Start          Mark End        Relocate Start      Relocate End           High               Low
[2021-02-07T18:38:40.044+0300][595.284s][info][gc,heap     ] GC(107)  Capacity:      256M (100%)        256M (100%)        256M (100%)        256M (100%)        256M (100%)        256M (100%)
[2021-02-07T18:38:40.044+0300][595.284s][info][gc,heap     ] GC(107)   Reserve:       12M (5%)           12M (5%)           12M (5%)           12M (5%)           12M (5%)           12M (5%)
[2021-02-07T18:38:40.044+0300][595.284s][info][gc,heap     ] GC(107)      Free:       12M (5%)           10M (4%)           10M (4%)           12M (5%)           12M (5%)            8M (3%)
[2021-02-07T18:38:40.044+0300][595.284s][info][gc,heap     ] GC(107)      Used:      232M (91%)         234M (91%)         234M (91%)         232M (91%)         236M (92%)         232M (91%)
[2021-02-07T18:38:40.044+0300][595.284s][info][gc,heap     ] GC(107)      Live:         -               223M (87%)         223M (87%)         223M (87%)            -                  -
[2021-02-07T18:38:40.044+0300][595.284s][info][gc,heap     ] GC(107) Allocated:         -                 2M (1%)            2M (1%)            4M (2%)             -                  -
[2021-02-07T18:38:40.044+0300][595.284s][info][gc,heap     ] GC(107)   Garbage:         -                 8M (3%)            8M (3%)            6M (3%)             -                  -
[2021-02-07T18:38:40.044+0300][595.284s][info][gc,heap     ] GC(107) Reclaimed:         -                  -                 0M (0%)            2M (1%)             -                  -
[2021-02-07T18:38:40.044+0300][595.284s][info][gc          ] GC(107) Garbage Collection (High Usage) 232M(91%)->232M(91%)
[2021-02-07T18:38:40.103+0300][595.343s][info][gc,start    ] GC(108) Garbage Collection (High Usage)
[2021-02-07T18:38:40.103+0300][595.343s][info][gc,phases   ] GC(108) Pause Mark Start 0.128ms
[2021-02-07T18:38:40.434+0300][595.674s][info][gc,phases   ] GC(108) Concurrent Mark 330.866ms
[2021-02-07T18:38:40.435+0300][595.675s][info][gc,phases   ] GC(108) Pause Mark End 0.218ms
[2021-02-07T18:38:40.439+0300][595.679s][info][gc,phases   ] GC(108) Concurrent Process Non-Strong References 3.512ms
[2021-02-07T18:38:40.439+0300][595.679s][info][gc,phases   ] GC(108) Concurrent Reset Relocation Set 0.075ms
[2021-02-07T18:38:40.441+0300][595.681s][info][gc,phases   ] GC(108) Concurrent Select Relocation Set 1.579ms
[2021-02-07T18:38:40.442+0300][595.682s][info][gc,phases   ] GC(108) Pause Relocate Start 0.096ms
[2021-02-07T18:38:40.444+0300][595.684s][info][gc,phases   ] GC(108) Concurrent Relocate 2.094ms
[2021-02-07T18:38:40.444+0300][595.684s][info][gc,load     ] GC(108) Load: 0.00/0.00/0.00
[2021-02-07T18:38:40.444+0300][595.684s][info][gc,mmu      ] GC(108) MMU: 2ms/76.9%, 5ms/90.7%, 10ms/95.0%, 20ms/97.5%, 50ms/98.9%, 100ms/99.0%
[2021-02-07T18:38:40.444+0300][595.684s][info][gc,marking  ] GC(108) Mark: 1 stripe(s), 2 proactive flush(es), 1 terminate flush(es), 1 completion(s), 0 continuation(s)
[2021-02-07T18:38:40.444+0300][595.684s][info][gc,nmethod  ] GC(108) NMethods: 1989 registered, 10 unregistered
[2021-02-07T18:38:40.444+0300][595.684s][info][gc,metaspace] GC(108) Metaspace: 6M used, 7M capacity, 7M committed, 1032M reserved
[2021-02-07T18:38:40.444+0300][595.684s][info][gc,ref      ] GC(108) Soft: 177 encountered, 106 discovered, 0 enqueued
[2021-02-07T18:38:40.444+0300][595.684s][info][gc,ref      ] GC(108) Weak: 1041 encountered, 644 discovered, 0 enqueued
[2021-02-07T18:38:40.444+0300][595.684s][info][gc,ref      ] GC(108) Final: 0 encountered, 0 discovered, 0 enqueued
[2021-02-07T18:38:40.444+0300][595.684s][info][gc,ref      ] GC(108) Phantom: 7 encountered, 6 discovered, 0 enqueued
[2021-02-07T18:38:40.444+0300][595.684s][info][gc,reloc    ] GC(108) Small Pages: 109 / 218M(94%), Empty: 0M(0%), Compacting: 4M(2%)->2M(1%)
[2021-02-07T18:38:40.444+0300][595.684s][info][gc,reloc    ] GC(108) Medium Pages: 0 / 0M(0%), Empty: 0M(0%), Compacting: 0M(0%)->0M(0%)
[2021-02-07T18:38:40.444+0300][595.684s][info][gc,reloc    ] GC(108) Large Pages: 1 / 14M(6%), Empty: 0M(0%), Compacting: 0M(0%)->0M(0%)
[2021-02-07T18:38:40.444+0300][595.684s][info][gc,reloc    ] GC(108) Relocation: Successful
[2021-02-07T18:38:40.444+0300][595.684s][info][gc,heap     ] GC(108) Min Capacity: 256M(100%)
[2021-02-07T18:38:40.444+0300][595.684s][info][gc,heap     ] GC(108) Max Capacity: 256M(100%)
[2021-02-07T18:38:40.444+0300][595.684s][info][gc,heap     ] GC(108) Soft Max Capacity: 256M(100%)
[2021-02-07T18:38:40.444+0300][595.684s][info][gc,heap     ] GC(108)                Mark Start          Mark End        Relocate Start      Relocate End           High               Low
[2021-02-07T18:38:40.444+0300][595.684s][info][gc,heap     ] GC(108)  Capacity:      256M (100%)        256M (100%)        256M (100%)        256M (100%)        256M (100%)        256M (100%)
[2021-02-07T18:38:40.444+0300][595.684s][info][gc,heap     ] GC(108)   Reserve:       12M (5%)           12M (5%)           12M (5%)           12M (5%)           12M (5%)           12M (5%)
[2021-02-07T18:38:40.444+0300][595.684s][info][gc,heap     ] GC(108)      Free:       12M (5%)           12M (5%)           12M (5%)           12M (5%)           12M (5%)            8M (3%)
[2021-02-07T18:38:40.444+0300][595.684s][info][gc,heap     ] GC(108)      Used:      232M (91%)         232M (91%)         232M (91%)         232M (91%)         236M (92%)         232M (91%)
[2021-02-07T18:38:40.444+0300][595.684s][info][gc,heap     ] GC(108)      Live:         -               223M (87%)         223M (87%)         223M (87%)            -                  -
[2021-02-07T18:38:40.444+0300][595.684s][info][gc,heap     ] GC(108) Allocated:         -                 0M (0%)            0M (0%)            4M (2%)             -                  -
[2021-02-07T18:38:40.444+0300][595.684s][info][gc,heap     ] GC(108)   Garbage:         -                 8M (3%)            8M (3%)            8M (3%)             -                  -
[2021-02-07T18:38:40.444+0300][595.684s][info][gc,heap     ] GC(108) Reclaimed:         -                  -                 0M (0%)            0M (0%)             -                  -
[2021-02-07T18:38:40.444+0300][595.684s][info][gc          ] GC(108) Garbage Collection (High Usage) 232M(91%)->232M(91%)
[2021-02-07T18:38:40.503+0300][595.743s][info][gc,start    ] GC(109) Garbage Collection (High Usage)
[2021-02-07T18:38:40.504+0300][595.744s][info][gc,phases   ] GC(109) Pause Mark Start 0.111ms
[2021-02-07T18:38:40.831+0300][596.071s][info][gc,phases   ] GC(109) Concurrent Mark 327.032ms
[2021-02-07T18:38:40.832+0300][596.072s][info][gc,phases   ] GC(109) Pause Mark End 0.213ms
[2021-02-07T18:38:40.836+0300][596.076s][info][gc,phases   ] GC(109) Concurrent Process Non-Strong References 3.471ms
[2021-02-07T18:38:40.836+0300][596.076s][info][gc,phases   ] GC(109) Concurrent Reset Relocation Set 0.073ms
[2021-02-07T18:38:40.837+0300][596.078s][info][gc,phases   ] GC(109) Concurrent Select Relocation Set 1.574ms
[2021-02-07T18:38:40.838+0300][596.078s][info][gc,phases   ] GC(109) Pause Relocate Start 0.121ms
[2021-02-07T18:38:40.841+0300][596.081s][info][gc,phases   ] GC(109) Concurrent Relocate 2.573ms
[2021-02-07T18:38:40.841+0300][596.081s][info][gc,load     ] GC(109) Load: 0.00/0.00/0.00
[2021-02-07T18:38:40.841+0300][596.081s][info][gc,mmu      ] GC(109) MMU: 2ms/76.9%, 5ms/90.7%, 10ms/95.0%, 20ms/97.5%, 50ms/98.9%, 100ms/99.0%
[2021-02-07T18:38:40.841+0300][596.081s][info][gc,marking  ] GC(109) Mark: 1 stripe(s), 2 proactive flush(es), 1 terminate flush(es), 1 completion(s), 0 continuation(s)
[2021-02-07T18:38:40.841+0300][596.081s][info][gc,nmethod  ] GC(109) NMethods: 1989 registered, 10 unregistered
[2021-02-07T18:38:40.841+0300][596.081s][info][gc,metaspace] GC(109) Metaspace: 6M used, 7M capacity, 7M committed, 1032M reserved
[2021-02-07T18:38:40.841+0300][596.081s][info][gc,ref      ] GC(109) Soft: 177 encountered, 106 discovered, 0 enqueued
[2021-02-07T18:38:40.841+0300][596.081s][info][gc,ref      ] GC(109) Weak: 1041 encountered, 644 discovered, 0 enqueued
[2021-02-07T18:38:40.841+0300][596.081s][info][gc,ref      ] GC(109) Final: 0 encountered, 0 discovered, 0 enqueued
[2021-02-07T18:38:40.841+0300][596.081s][info][gc,ref      ] GC(109) Phantom: 7 encountered, 6 discovered, 0 enqueued
[2021-02-07T18:38:40.841+0300][596.081s][info][gc,reloc    ] GC(109) Small Pages: 109 / 218M(94%), Empty: 0M(0%), Compacting: 4M(2%)->2M(1%)
[2021-02-07T18:38:40.841+0300][596.081s][info][gc,reloc    ] GC(109) Medium Pages: 0 / 0M(0%), Empty: 0M(0%), Compacting: 0M(0%)->0M(0%)
[2021-02-07T18:38:40.841+0300][596.081s][info][gc,reloc    ] GC(109) Large Pages: 1 / 14M(6%), Empty: 0M(0%), Compacting: 0M(0%)->0M(0%)
[2021-02-07T18:38:40.841+0300][596.081s][info][gc,reloc    ] GC(109) Relocation: Successful
[2021-02-07T18:38:40.841+0300][596.081s][info][gc,heap     ] GC(109) Min Capacity: 256M(100%)
[2021-02-07T18:38:40.841+0300][596.081s][info][gc,heap     ] GC(109) Max Capacity: 256M(100%)
[2021-02-07T18:38:40.841+0300][596.081s][info][gc,heap     ] GC(109) Soft Max Capacity: 256M(100%)
[2021-02-07T18:38:40.841+0300][596.081s][info][gc,heap     ] GC(109)                Mark Start          Mark End        Relocate Start      Relocate End           High               Low
[2021-02-07T18:38:40.841+0300][596.081s][info][gc,heap     ] GC(109)  Capacity:      256M (100%)        256M (100%)        256M (100%)        256M (100%)        256M (100%)        256M (100%)
[2021-02-07T18:38:40.841+0300][596.081s][info][gc,heap     ] GC(109)   Reserve:       12M (5%)           12M (5%)           12M (5%)           12M (5%)           12M (5%)           12M (5%)
[2021-02-07T18:38:40.841+0300][596.081s][info][gc,heap     ] GC(109)      Free:       12M (5%)           10M (4%)           10M (4%)           12M (5%)           12M (5%)            8M (3%)
[2021-02-07T18:38:40.841+0300][596.081s][info][gc,heap     ] GC(109)      Used:      232M (91%)         234M (91%)         234M (91%)         232M (91%)         236M (92%)         232M (91%)
[2021-02-07T18:38:40.841+0300][596.081s][info][gc,heap     ] GC(109)      Live:         -               223M (87%)         223M (87%)         223M (87%)            -                  -
[2021-02-07T18:38:40.841+0300][596.081s][info][gc,heap     ] GC(109) Allocated:         -                 2M (1%)            2M (1%)            4M (2%)             -                  -
[2021-02-07T18:38:40.841+0300][596.081s][info][gc,heap     ] GC(109)   Garbage:         -                 8M (3%)            8M (3%)            6M (3%)             -                  -
[2021-02-07T18:38:40.841+0300][596.081s][info][gc,heap     ] GC(109) Reclaimed:         -                  -                 0M (0%)            2M (1%)             -                  -
[2021-02-07T18:38:40.841+0300][596.081s][info][gc          ] GC(109) Garbage Collection (High Usage) 232M(91%)->232M(91%)
[2021-02-07T18:38:40.904+0300][596.144s][info][gc,start    ] GC(110) Garbage Collection (High Usage)
[2021-02-07T18:38:40.904+0300][596.145s][info][gc,phases   ] GC(110) Pause Mark Start 0.106ms
[2021-02-07T18:38:41.230+0300][596.470s][info][gc,phases   ] GC(110) Concurrent Mark 325.699ms
[2021-02-07T18:38:41.231+0300][596.472s][info][gc,phases   ] GC(110) Pause Mark End 0.178ms
[2021-02-07T18:38:41.234+0300][596.474s][info][gc,phases   ] GC(110) Concurrent Process Non-Strong References 2.461ms
[2021-02-07T18:38:41.234+0300][596.474s][info][gc,phases   ] GC(110) Concurrent Reset Relocation Set 0.075ms
[2021-02-07T18:38:41.236+0300][596.476s][info][gc,phases   ] GC(110) Concurrent Select Relocation Set 1.568ms
[2021-02-07T18:38:41.236+0300][596.476s][info][gc,phases   ] GC(110) Pause Relocate Start 0.114ms
[2021-02-07T18:38:41.238+0300][596.478s][info][gc,phases   ] GC(110) Concurrent Relocate 1.943ms
[2021-02-07T18:38:41.238+0300][596.479s][info][gc,load     ] GC(110) Load: 0.00/0.00/0.00
[2021-02-07T18:38:41.238+0300][596.479s][info][gc,mmu      ] GC(110) MMU: 2ms/76.9%, 5ms/90.7%, 10ms/95.0%, 20ms/97.5%, 50ms/98.9%, 100ms/99.0%
[2021-02-07T18:38:41.238+0300][596.479s][info][gc,marking  ] GC(110) Mark: 1 stripe(s), 2 proactive flush(es), 1 terminate flush(es), 1 completion(s), 0 continuation(s)
[2021-02-07T18:38:41.238+0300][596.479s][info][gc,nmethod  ] GC(110) NMethods: 1992 registered, 10 unregistered
[2021-02-07T18:38:41.238+0300][596.479s][info][gc,metaspace] GC(110) Metaspace: 6M used, 7M capacity, 7M committed, 1032M reserved
[2021-02-07T18:38:41.238+0300][596.479s][info][gc,ref      ] GC(110) Soft: 177 encountered, 106 discovered, 0 enqueued
[2021-02-07T18:38:41.238+0300][596.479s][info][gc,ref      ] GC(110) Weak: 1041 encountered, 644 discovered, 0 enqueued
[2021-02-07T18:38:41.238+0300][596.479s][info][gc,ref      ] GC(110) Final: 0 encountered, 0 discovered, 0 enqueued
[2021-02-07T18:38:41.238+0300][596.479s][info][gc,ref      ] GC(110) Phantom: 7 encountered, 6 discovered, 0 enqueued
[2021-02-07T18:38:41.238+0300][596.479s][info][gc,reloc    ] GC(110) Small Pages: 109 / 218M(94%), Empty: 0M(0%), Compacting: 4M(2%)->2M(1%)
[2021-02-07T18:38:41.238+0300][596.479s][info][gc,reloc    ] GC(110) Medium Pages: 0 / 0M(0%), Empty: 0M(0%), Compacting: 0M(0%)->0M(0%)
[2021-02-07T18:38:41.238+0300][596.479s][info][gc,reloc    ] GC(110) Large Pages: 1 / 14M(6%), Empty: 0M(0%), Compacting: 0M(0%)->0M(0%)
[2021-02-07T18:38:41.239+0300][596.479s][info][gc,reloc    ] GC(110) Relocation: Successful
[2021-02-07T18:38:41.239+0300][596.479s][info][gc,heap     ] GC(110) Min Capacity: 256M(100%)
[2021-02-07T18:38:41.239+0300][596.479s][info][gc,heap     ] GC(110) Max Capacity: 256M(100%)
[2021-02-07T18:38:41.239+0300][596.479s][info][gc,heap     ] GC(110) Soft Max Capacity: 256M(100%)
[2021-02-07T18:38:41.239+0300][596.479s][info][gc,heap     ] GC(110)                Mark Start          Mark End        Relocate Start      Relocate End           High               Low
[2021-02-07T18:38:41.239+0300][596.479s][info][gc,heap     ] GC(110)  Capacity:      256M (100%)        256M (100%)        256M (100%)        256M (100%)        256M (100%)        256M (100%)
[2021-02-07T18:38:41.239+0300][596.479s][info][gc,heap     ] GC(110)   Reserve:       12M (5%)           12M (5%)           12M (5%)           12M (5%)           12M (5%)           12M (5%)
[2021-02-07T18:38:41.239+0300][596.479s][info][gc,heap     ] GC(110)      Free:       12M (5%)           10M (4%)           10M (4%)           10M (4%)           12M (5%)            6M (2%)
[2021-02-07T18:38:41.239+0300][596.479s][info][gc,heap     ] GC(110)      Used:      232M (91%)         234M (91%)         234M (91%)         234M (91%)         238M (93%)         232M (91%)
[2021-02-07T18:38:41.239+0300][596.479s][info][gc,heap     ] GC(110)      Live:         -               223M (87%)         223M (87%)         223M (87%)            -                  -
[2021-02-07T18:38:41.239+0300][596.479s][info][gc,heap     ] GC(110) Allocated:         -                 2M (1%)            2M (1%)            6M (2%)             -                  -
[2021-02-07T18:38:41.239+0300][596.479s][info][gc,heap     ] GC(110)   Garbage:         -                 8M (3%)            8M (3%)            8M (3%)             -                  -
[2021-02-07T18:38:41.239+0300][596.479s][info][gc,heap     ] GC(110) Reclaimed:         -                  -                 0M (0%)            0M (0%)             -                  -
[2021-02-07T18:38:41.239+0300][596.479s][info][gc          ] GC(110) Garbage Collection (High Usage) 232M(91%)->234M(91%)
[2021-02-07T18:38:41.303+0300][596.543s][info][gc,start    ] GC(111) Garbage Collection (High Usage)
[2021-02-07T18:38:41.303+0300][596.544s][info][gc,phases   ] GC(111) Pause Mark Start 0.128ms
[2021-02-07T18:38:41.629+0300][596.869s][info][gc,phases   ] GC(111) Concurrent Mark 325.549ms
[2021-02-07T18:38:41.632+0300][596.872s][info][gc,phases   ] GC(111) Pause Mark End 0.172ms
[2021-02-07T18:38:41.635+0300][596.876s][info][gc,phases   ] GC(111) Concurrent Process Non-Strong References 3.338ms
[2021-02-07T18:38:41.635+0300][596.876s][info][gc,phases   ] GC(111) Concurrent Reset Relocation Set 0.072ms
[2021-02-07T18:38:41.637+0300][596.877s][info][gc,phases   ] GC(111) Concurrent Select Relocation Set 1.566ms
[2021-02-07T18:38:41.638+0300][596.878s][info][gc,phases   ] GC(111) Pause Relocate Start 0.107ms
[2021-02-07T18:38:41.640+0300][596.880s][info][gc,phases   ] GC(111) Concurrent Relocate 2.531ms
[2021-02-07T18:38:41.640+0300][596.881s][info][gc,load     ] GC(111) Load: 0.00/0.00/0.00
[2021-02-07T18:38:41.640+0300][596.881s][info][gc,mmu      ] GC(111) MMU: 2ms/76.9%, 5ms/90.7%, 10ms/95.0%, 20ms/97.5%, 50ms/98.9%, 100ms/99.0%
[2021-02-07T18:38:41.640+0300][596.881s][info][gc,marking  ] GC(111) Mark: 1 stripe(s), 2 proactive flush(es), 1 terminate flush(es), 1 completion(s), 0 continuation(s)
[2021-02-07T18:38:41.640+0300][596.881s][info][gc,nmethod  ] GC(111) NMethods: 1992 registered, 10 unregistered
[2021-02-07T18:38:41.640+0300][596.881s][info][gc,metaspace] GC(111) Metaspace: 6M used, 7M capacity, 7M committed, 1032M reserved
[2021-02-07T18:38:41.640+0300][596.881s][info][gc,ref      ] GC(111) Soft: 177 encountered, 106 discovered, 0 enqueued
[2021-02-07T18:38:41.640+0300][596.881s][info][gc,ref      ] GC(111) Weak: 1041 encountered, 644 discovered, 0 enqueued
[2021-02-07T18:38:41.640+0300][596.881s][info][gc,ref      ] GC(111) Final: 0 encountered, 0 discovered, 0 enqueued
[2021-02-07T18:38:41.640+0300][596.881s][info][gc,ref      ] GC(111) Phantom: 7 encountered, 6 discovered, 0 enqueued
[2021-02-07T18:38:41.640+0300][596.881s][info][gc,reloc    ] GC(111) Small Pages: 110 / 220M(94%), Empty: 0M(0%), Compacting: 6M(3%)->2M(1%)
[2021-02-07T18:38:41.640+0300][596.881s][info][gc,reloc    ] GC(111) Medium Pages: 0 / 0M(0%), Empty: 0M(0%), Compacting: 0M(0%)->0M(0%)
[2021-02-07T18:38:41.640+0300][596.881s][info][gc,reloc    ] GC(111) Large Pages: 1 / 14M(6%), Empty: 0M(0%), Compacting: 0M(0%)->0M(0%)
[2021-02-07T18:38:41.640+0300][596.881s][info][gc,reloc    ] GC(111) Relocation: Successful
[2021-02-07T18:38:41.640+0300][596.881s][info][gc,heap     ] GC(111) Min Capacity: 256M(100%)
[2021-02-07T18:38:41.641+0300][596.881s][info][gc,heap     ] GC(111) Max Capacity: 256M(100%)
[2021-02-07T18:38:41.641+0300][596.881s][info][gc,heap     ] GC(111) Soft Max Capacity: 256M(100%)
[2021-02-07T18:38:41.641+0300][596.881s][info][gc,heap     ] GC(111)                Mark Start          Mark End        Relocate Start      Relocate End           High               Low
[2021-02-07T18:38:41.641+0300][596.881s][info][gc,heap     ] GC(111)  Capacity:      256M (100%)        256M (100%)        256M (100%)        256M (100%)        256M (100%)        256M (100%)
[2021-02-07T18:38:41.641+0300][596.881s][info][gc,heap     ] GC(111)   Reserve:       12M (5%)           12M (5%)           12M (5%)           12M (5%)           12M (5%)           12M (5%)
[2021-02-07T18:38:41.641+0300][596.881s][info][gc,heap     ] GC(111)      Free:       10M (4%)            8M (3%)            8M (3%)           12M (5%)           12M (5%)            6M (2%)
[2021-02-07T18:38:41.641+0300][596.881s][info][gc,heap     ] GC(111)      Used:      234M (91%)         236M (92%)         236M (92%)         232M (91%)         238M (93%)         232M (91%)
[2021-02-07T18:38:41.641+0300][596.881s][info][gc,heap     ] GC(111)      Live:         -               223M (87%)         223M (87%)         223M (87%)            -                  -
[2021-02-07T18:38:41.641+0300][596.881s][info][gc,heap     ] GC(111) Allocated:         -                 2M (1%)            2M (1%)            4M (2%)             -                  -
[2021-02-07T18:38:41.641+0300][596.881s][info][gc,heap     ] GC(111)   Garbage:         -                10M (4%)           10M (4%)            6M (3%)             -                  -
[2021-02-07T18:38:41.641+0300][596.881s][info][gc,heap     ] GC(111) Reclaimed:         -                  -                 0M (0%)            4M (2%)             -                  -
[2021-02-07T18:38:41.641+0300][596.881s][info][gc          ] GC(111) Garbage Collection (High Usage) 234M(91%)->232M(91%)
[2021-02-07T18:38:41.703+0300][596.943s][info][gc,start    ] GC(112) Garbage Collection (High Usage)
[2021-02-07T18:38:41.704+0300][596.944s][info][gc,phases   ] GC(112) Pause Mark Start 0.129ms
[2021-02-07T18:38:42.029+0300][597.270s][info][gc,phases   ] GC(112) Concurrent Mark 325.432ms
[2021-02-07T18:38:42.031+0300][597.271s][info][gc,phases   ] GC(112) Pause Mark End 0.211ms
[2021-02-07T18:38:42.034+0300][597.274s][info][gc,phases   ] GC(112) Concurrent Process Non-Strong References 3.292ms
[2021-02-07T18:38:42.034+0300][597.274s][info][gc,phases   ] GC(112) Concurrent Reset Relocation Set 0.079ms
[2021-02-07T18:38:42.036+0300][597.276s][info][gc,phases   ] GC(112) Concurrent Select Relocation Set 1.518ms
[2021-02-07T18:38:42.036+0300][597.277s][info][gc,phases   ] GC(112) Pause Relocate Start 0.132ms
[2021-02-07T18:38:42.039+0300][597.280s][info][gc,phases   ] GC(112) Concurrent Relocate 2.826ms
[2021-02-07T18:38:42.039+0300][597.280s][info][gc,load     ] GC(112) Load: 0.00/0.00/0.00
[2021-02-07T18:38:42.039+0300][597.280s][info][gc,mmu      ] GC(112) MMU: 2ms/76.9%, 5ms/90.7%, 10ms/95.0%, 20ms/97.5%, 50ms/98.9%, 100ms/99.0%
[2021-02-07T18:38:42.039+0300][597.280s][info][gc,marking  ] GC(112) Mark: 1 stripe(s), 2 proactive flush(es), 1 terminate flush(es), 1 completion(s), 0 continuation(s)
[2021-02-07T18:38:42.040+0300][597.280s][info][gc,nmethod  ] GC(112) NMethods: 1992 registered, 10 unregistered
[2021-02-07T18:38:42.040+0300][597.280s][info][gc,metaspace] GC(112) Metaspace: 6M used, 7M capacity, 7M committed, 1032M reserved
[2021-02-07T18:38:42.040+0300][597.280s][info][gc,ref      ] GC(112) Soft: 177 encountered, 106 discovered, 0 enqueued
[2021-02-07T18:38:42.040+0300][597.280s][info][gc,ref      ] GC(112) Weak: 1041 encountered, 644 discovered, 0 enqueued
[2021-02-07T18:38:42.040+0300][597.280s][info][gc,ref      ] GC(112) Final: 0 encountered, 0 discovered, 0 enqueued
[2021-02-07T18:38:42.040+0300][597.280s][info][gc,ref      ] GC(112) Phantom: 7 encountered, 6 discovered, 0 enqueued
[2021-02-07T18:38:42.040+0300][597.280s][info][gc,reloc    ] GC(112) Small Pages: 109 / 218M(94%), Empty: 0M(0%), Compacting: 4M(2%)->2M(1%)
[2021-02-07T18:38:42.040+0300][597.280s][info][gc,reloc    ] GC(112) Medium Pages: 0 / 0M(0%), Empty: 0M(0%), Compacting: 0M(0%)->0M(0%)
[2021-02-07T18:38:42.040+0300][597.280s][info][gc,reloc    ] GC(112) Large Pages: 1 / 14M(6%), Empty: 0M(0%), Compacting: 0M(0%)->0M(0%)
[2021-02-07T18:38:42.040+0300][597.280s][info][gc,reloc    ] GC(112) Relocation: Successful
[2021-02-07T18:38:42.040+0300][597.280s][info][gc,heap     ] GC(112) Min Capacity: 256M(100%)
[2021-02-07T18:38:42.040+0300][597.280s][info][gc,heap     ] GC(112) Max Capacity: 256M(100%)
[2021-02-07T18:38:42.040+0300][597.280s][info][gc,heap     ] GC(112) Soft Max Capacity: 256M(100%)
[2021-02-07T18:38:42.040+0300][597.280s][info][gc,heap     ] GC(112)                Mark Start          Mark End        Relocate Start      Relocate End           High               Low
[2021-02-07T18:38:42.040+0300][597.280s][info][gc,heap     ] GC(112)  Capacity:      256M (100%)        256M (100%)        256M (100%)        256M (100%)        256M (100%)        256M (100%)
[2021-02-07T18:38:42.040+0300][597.280s][info][gc,heap     ] GC(112)   Reserve:       12M (5%)           12M (5%)           12M (5%)           12M (5%)           12M (5%)           12M (5%)
[2021-02-07T18:38:42.040+0300][597.280s][info][gc,heap     ] GC(112)      Free:       12M (5%)           10M (4%)           10M (4%)           12M (5%)           12M (5%)            8M (3%)
[2021-02-07T18:38:42.040+0300][597.280s][info][gc,heap     ] GC(112)      Used:      232M (91%)         234M (91%)         234M (91%)         232M (91%)         236M (92%)         232M (91%)
[2021-02-07T18:38:42.040+0300][597.280s][info][gc,heap     ] GC(112)      Live:         -               223M (87%)         223M (87%)         223M (87%)            -                  -
[2021-02-07T18:38:42.040+0300][597.280s][info][gc,heap     ] GC(112) Allocated:         -                 2M (1%)            2M (1%)            4M (2%)             -                  -
[2021-02-07T18:38:42.040+0300][597.280s][info][gc,heap     ] GC(112)   Garbage:         -                 8M (3%)            8M (3%)            6M (3%)             -                  -
[2021-02-07T18:38:42.040+0300][597.280s][info][gc,heap     ] GC(112) Reclaimed:         -                  -                 0M (0%)            2M (1%)             -                  -
[2021-02-07T18:38:42.040+0300][597.280s][info][gc          ] GC(112) Garbage Collection (High Usage) 232M(91%)->232M(91%)
[2021-02-07T18:38:42.103+0300][597.343s][info][gc,start    ] GC(113) Garbage Collection (High Usage)
[2021-02-07T18:38:42.104+0300][597.344s][info][gc,phases   ] GC(113) Pause Mark Start 0.128ms
[2021-02-07T18:38:42.431+0300][597.671s][info][gc,phases   ] GC(113) Concurrent Mark 326.901ms
[2021-02-07T18:38:42.432+0300][597.672s][info][gc,phases   ] GC(113) Pause Mark End 0.208ms
[2021-02-07T18:38:42.436+0300][597.676s][info][gc,phases   ] GC(113) Concurrent Process Non-Strong References 3.370ms
[2021-02-07T18:38:42.436+0300][597.676s][info][gc,phases   ] GC(113) Concurrent Reset Relocation Set 0.075ms
[2021-02-07T18:38:42.437+0300][597.678s][info][gc,phases   ] GC(113) Concurrent Select Relocation Set 1.585ms
[2021-02-07T18:38:42.438+0300][597.678s][info][gc,phases   ] GC(113) Pause Relocate Start 0.123ms
[2021-02-07T18:38:42.441+0300][597.681s][info][gc,phases   ] GC(113) Concurrent Relocate 2.456ms
[2021-02-07T18:38:42.441+0300][597.681s][info][gc,load     ] GC(113) Load: 0.00/0.00/0.00
[2021-02-07T18:38:42.441+0300][597.681s][info][gc,mmu      ] GC(113) MMU: 2ms/76.9%, 5ms/90.7%, 10ms/95.0%, 20ms/97.5%, 50ms/98.9%, 100ms/99.0%
[2021-02-07T18:38:42.441+0300][597.681s][info][gc,marking  ] GC(113) Mark: 1 stripe(s), 2 proactive flush(es), 1 terminate flush(es), 1 completion(s), 0 continuation(s)
[2021-02-07T18:38:42.441+0300][597.681s][info][gc,nmethod  ] GC(113) NMethods: 1992 registered, 10 unregistered
[2021-02-07T18:38:42.441+0300][597.681s][info][gc,metaspace] GC(113) Metaspace: 6M used, 7M capacity, 7M committed, 1032M reserved
[2021-02-07T18:38:42.441+0300][597.681s][info][gc,ref      ] GC(113) Soft: 177 encountered, 106 discovered, 0 enqueued
[2021-02-07T18:38:42.441+0300][597.681s][info][gc,ref      ] GC(113) Weak: 1041 encountered, 644 discovered, 0 enqueued
[2021-02-07T18:38:42.441+0300][597.681s][info][gc,ref      ] GC(113) Final: 0 encountered, 0 discovered, 0 enqueued
[2021-02-07T18:38:42.441+0300][597.681s][info][gc,ref      ] GC(113) Phantom: 7 encountered, 6 discovered, 0 enqueued
[2021-02-07T18:38:42.441+0300][597.681s][info][gc,reloc    ] GC(113) Small Pages: 109 / 218M(94%), Empty: 0M(0%), Compacting: 4M(2%)->2M(1%)
[2021-02-07T18:38:42.441+0300][597.681s][info][gc,reloc    ] GC(113) Medium Pages: 0 / 0M(0%), Empty: 0M(0%), Compacting: 0M(0%)->0M(0%)
[2021-02-07T18:38:42.441+0300][597.681s][info][gc,reloc    ] GC(113) Large Pages: 1 / 14M(6%), Empty: 0M(0%), Compacting: 0M(0%)->0M(0%)
[2021-02-07T18:38:42.441+0300][597.681s][info][gc,reloc    ] GC(113) Relocation: Successful
[2021-02-07T18:38:42.441+0300][597.681s][info][gc,heap     ] GC(113) Min Capacity: 256M(100%)
[2021-02-07T18:38:42.441+0300][597.681s][info][gc,heap     ] GC(113) Max Capacity: 256M(100%)
[2021-02-07T18:38:42.441+0300][597.681s][info][gc,heap     ] GC(113) Soft Max Capacity: 256M(100%)
[2021-02-07T18:38:42.441+0300][597.681s][info][gc,heap     ] GC(113)                Mark Start          Mark End        Relocate Start      Relocate End           High               Low
[2021-02-07T18:38:42.441+0300][597.681s][info][gc,heap     ] GC(113)  Capacity:      256M (100%)        256M (100%)        256M (100%)        256M (100%)        256M (100%)        256M (100%)
[2021-02-07T18:38:42.441+0300][597.681s][info][gc,heap     ] GC(113)   Reserve:       12M (5%)           12M (5%)           12M (5%)           12M (5%)           12M (5%)           12M (5%)
[2021-02-07T18:38:42.441+0300][597.681s][info][gc,heap     ] GC(113)      Free:       12M (5%)           12M (5%)           12M (5%)           12M (5%)           12M (5%)            8M (3%)
[2021-02-07T18:38:42.441+0300][597.681s][info][gc,heap     ] GC(113)      Used:      232M (91%)         232M (91%)         232M (91%)         232M (91%)         236M (92%)         232M (91%)
[2021-02-07T18:38:42.441+0300][597.681s][info][gc,heap     ] GC(113)      Live:         -               223M (87%)         223M (87%)         223M (87%)            -                  -
[2021-02-07T18:38:42.441+0300][597.681s][info][gc,heap     ] GC(113) Allocated:         -                 0M (0%)            0M (0%)            4M (2%)             -                  -
[2021-02-07T18:38:42.441+0300][597.681s][info][gc,heap     ] GC(113)   Garbage:         -                 8M (3%)            8M (3%)            8M (3%)             -                  -
[2021-02-07T18:38:42.441+0300][597.681s][info][gc,heap     ] GC(113) Reclaimed:         -                  -                 0M (0%)            0M (0%)             -                  -
[2021-02-07T18:38:42.441+0300][597.681s][info][gc          ] GC(113) Garbage Collection (High Usage) 232M(91%)->232M(91%)
[2021-02-07T18:38:42.503+0300][597.743s][info][gc,start    ] GC(114) Garbage Collection (High Usage)
[2021-02-07T18:38:42.504+0300][597.744s][info][gc,phases   ] GC(114) Pause Mark Start 0.133ms
[2021-02-07T18:38:42.830+0300][598.070s][info][gc,phases   ] GC(114) Concurrent Mark 326.111ms
[2021-02-07T18:38:42.831+0300][598.072s][info][gc,phases   ] GC(114) Pause Mark End 0.212ms
[2021-02-07T18:38:42.835+0300][598.075s][info][gc,phases   ] GC(114) Concurrent Process Non-Strong References 3.315ms
[2021-02-07T18:38:42.835+0300][598.075s][info][gc,phases   ] GC(114) Concurrent Reset Relocation Set 0.072ms
[2021-02-07T18:38:42.836+0300][598.077s][info][gc,phases   ] GC(114) Concurrent Select Relocation Set 1.518ms
[2021-02-07T18:38:42.837+0300][598.077s][info][gc,phases   ] GC(114) Pause Relocate Start 0.114ms
[2021-02-07T18:38:42.840+0300][598.080s][info][gc,phases   ] GC(114) Concurrent Relocate 2.427ms
[2021-02-07T18:38:42.840+0300][598.080s][info][gc,load     ] GC(114) Load: 0.00/0.00/0.00
[2021-02-07T18:38:42.840+0300][598.080s][info][gc,mmu      ] GC(114) MMU: 2ms/76.9%, 5ms/90.7%, 10ms/95.0%, 20ms/97.5%, 50ms/98.9%, 100ms/99.0%
[2021-02-07T18:38:42.840+0300][598.080s][info][gc,marking  ] GC(114) Mark: 1 stripe(s), 2 proactive flush(es), 1 terminate flush(es), 1 completion(s), 0 continuation(s)
[2021-02-07T18:38:42.840+0300][598.080s][info][gc,nmethod  ] GC(114) NMethods: 1992 registered, 10 unregistered
[2021-02-07T18:38:42.840+0300][598.080s][info][gc,metaspace] GC(114) Metaspace: 6M used, 7M capacity, 7M committed, 1032M reserved
[2021-02-07T18:38:42.840+0300][598.080s][info][gc,ref      ] GC(114) Soft: 177 encountered, 106 discovered, 0 enqueued
[2021-02-07T18:38:42.840+0300][598.080s][info][gc,ref      ] GC(114) Weak: 1041 encountered, 644 discovered, 0 enqueued
[2021-02-07T18:38:42.840+0300][598.080s][info][gc,ref      ] GC(114) Final: 0 encountered, 0 discovered, 0 enqueued
[2021-02-07T18:38:42.840+0300][598.080s][info][gc,ref      ] GC(114) Phantom: 7 encountered, 6 discovered, 0 enqueued
[2021-02-07T18:38:42.840+0300][598.080s][info][gc,reloc    ] GC(114) Small Pages: 109 / 218M(94%), Empty: 0M(0%), Compacting: 4M(2%)->2M(1%)
[2021-02-07T18:38:42.840+0300][598.080s][info][gc,reloc    ] GC(114) Medium Pages: 0 / 0M(0%), Empty: 0M(0%), Compacting: 0M(0%)->0M(0%)
[2021-02-07T18:38:42.840+0300][598.080s][info][gc,reloc    ] GC(114) Large Pages: 1 / 14M(6%), Empty: 0M(0%), Compacting: 0M(0%)->0M(0%)
[2021-02-07T18:38:42.840+0300][598.080s][info][gc,reloc    ] GC(114) Relocation: Successful
[2021-02-07T18:38:42.840+0300][598.080s][info][gc,heap     ] GC(114) Min Capacity: 256M(100%)
[2021-02-07T18:38:42.840+0300][598.080s][info][gc,heap     ] GC(114) Max Capacity: 256M(100%)
[2021-02-07T18:38:42.840+0300][598.080s][info][gc,heap     ] GC(114) Soft Max Capacity: 256M(100%)
[2021-02-07T18:38:42.840+0300][598.080s][info][gc,heap     ] GC(114)                Mark Start          Mark End        Relocate Start      Relocate End           High               Low
[2021-02-07T18:38:42.840+0300][598.080s][info][gc,heap     ] GC(114)  Capacity:      256M (100%)        256M (100%)        256M (100%)        256M (100%)        256M (100%)        256M (100%)
[2021-02-07T18:38:42.840+0300][598.080s][info][gc,heap     ] GC(114)   Reserve:       12M (5%)           12M (5%)           12M (5%)           12M (5%)           12M (5%)           12M (5%)
[2021-02-07T18:38:42.840+0300][598.080s][info][gc,heap     ] GC(114)      Free:       12M (5%)           10M (4%)           10M (4%)           12M (5%)           12M (5%)            8M (3%)
[2021-02-07T18:38:42.840+0300][598.080s][info][gc,heap     ] GC(114)      Used:      232M (91%)         234M (91%)         234M (91%)         232M (91%)         236M (92%)         232M (91%)
[2021-02-07T18:38:42.840+0300][598.080s][info][gc,heap     ] GC(114)      Live:         -               223M (87%)         223M (87%)         223M (87%)            -                  -
[2021-02-07T18:38:42.840+0300][598.080s][info][gc,heap     ] GC(114) Allocated:         -                 2M (1%)            2M (1%)            4M (2%)             -                  -
[2021-02-07T18:38:42.840+0300][598.080s][info][gc,heap     ] GC(114)   Garbage:         -                 8M (3%)            8M (3%)            6M (3%)             -                  -
[2021-02-07T18:38:42.840+0300][598.080s][info][gc,heap     ] GC(114) Reclaimed:         -                  -                 0M (0%)            2M (1%)             -                  -
[2021-02-07T18:38:42.840+0300][598.080s][info][gc          ] GC(114) Garbage Collection (High Usage) 232M(91%)->232M(91%)
[2021-02-07T18:38:42.903+0300][598.143s][info][gc,start    ] GC(115) Garbage Collection (High Usage)
[2021-02-07T18:38:42.903+0300][598.143s][info][gc,phases   ] GC(115) Pause Mark Start 0.135ms
[2021-02-07T18:38:43.228+0300][598.468s][info][gc,phases   ] GC(115) Concurrent Mark 324.962ms
[2021-02-07T18:38:43.229+0300][598.470s][info][gc,phases   ] GC(115) Pause Mark End 0.207ms
[2021-02-07T18:38:43.233+0300][598.473s][info][gc,phases   ] GC(115) Concurrent Process Non-Strong References 3.350ms
[2021-02-07T18:38:43.233+0300][598.473s][info][gc,phases   ] GC(115) Concurrent Reset Relocation Set 0.074ms
[2021-02-07T18:38:43.235+0300][598.475s][info][gc,phases   ] GC(115) Concurrent Select Relocation Set 1.530ms
[2021-02-07T18:38:43.235+0300][598.475s][info][gc,phases   ] GC(115) Pause Relocate Start 0.120ms
[2021-02-07T18:38:43.238+0300][598.478s][info][gc,phases   ] GC(115) Concurrent Relocate 2.347ms
[2021-02-07T18:38:43.238+0300][598.478s][info][gc,load     ] GC(115) Load: 0.00/0.00/0.00
[2021-02-07T18:38:43.238+0300][598.478s][info][gc,mmu      ] GC(115) MMU: 2ms/76.9%, 5ms/90.7%, 10ms/95.0%, 20ms/97.5%, 50ms/98.9%, 100ms/99.0%
[2021-02-07T18:38:43.238+0300][598.478s][info][gc,marking  ] GC(115) Mark: 1 stripe(s), 2 proactive flush(es), 1 terminate flush(es), 1 completion(s), 0 continuation(s)
[2021-02-07T18:38:43.238+0300][598.478s][info][gc,nmethod  ] GC(115) NMethods: 1992 registered, 10 unregistered
[2021-02-07T18:38:43.238+0300][598.478s][info][gc,metaspace] GC(115) Metaspace: 6M used, 7M capacity, 7M committed, 1032M reserved
[2021-02-07T18:38:43.238+0300][598.478s][info][gc,ref      ] GC(115) Soft: 177 encountered, 106 discovered, 0 enqueued
[2021-02-07T18:38:43.238+0300][598.478s][info][gc,ref      ] GC(115) Weak: 1041 encountered, 644 discovered, 0 enqueued
[2021-02-07T18:38:43.238+0300][598.478s][info][gc,ref      ] GC(115) Final: 0 encountered, 0 discovered, 0 enqueued
[2021-02-07T18:38:43.238+0300][598.478s][info][gc,ref      ] GC(115) Phantom: 7 encountered, 6 discovered, 0 enqueued
[2021-02-07T18:38:43.238+0300][598.478s][info][gc,reloc    ] GC(115) Small Pages: 109 / 218M(94%), Empty: 0M(0%), Compacting: 4M(2%)->2M(1%)
[2021-02-07T18:38:43.238+0300][598.478s][info][gc,reloc    ] GC(115) Medium Pages: 0 / 0M(0%), Empty: 0M(0%), Compacting: 0M(0%)->0M(0%)
[2021-02-07T18:38:43.238+0300][598.478s][info][gc,reloc    ] GC(115) Large Pages: 1 / 14M(6%), Empty: 0M(0%), Compacting: 0M(0%)->0M(0%)
[2021-02-07T18:38:43.238+0300][598.478s][info][gc,reloc    ] GC(115) Relocation: Successful
[2021-02-07T18:38:43.238+0300][598.478s][info][gc,heap     ] GC(115) Min Capacity: 256M(100%)
[2021-02-07T18:38:43.238+0300][598.478s][info][gc,heap     ] GC(115) Max Capacity: 256M(100%)
[2021-02-07T18:38:43.238+0300][598.478s][info][gc,heap     ] GC(115) Soft Max Capacity: 256M(100%)
[2021-02-07T18:38:43.238+0300][598.478s][info][gc,heap     ] GC(115)                Mark Start          Mark End        Relocate Start      Relocate End           High               Low
[2021-02-07T18:38:43.238+0300][598.478s][info][gc,heap     ] GC(115)  Capacity:      256M (100%)        256M (100%)        256M (100%)        256M (100%)        256M (100%)        256M (100%)
[2021-02-07T18:38:43.238+0300][598.478s][info][gc,heap     ] GC(115)   Reserve:       12M (5%)           12M (5%)           12M (5%)           12M (5%)           12M (5%)           12M (5%)
[2021-02-07T18:38:43.238+0300][598.478s][info][gc,heap     ] GC(115)      Free:       12M (5%)           10M (4%)           10M (4%)           12M (5%)           12M (5%)            8M (3%)
[2021-02-07T18:38:43.238+0300][598.478s][info][gc,heap     ] GC(115)      Used:      232M (91%)         234M (91%)         234M (91%)         232M (91%)         236M (92%)         232M (91%)
[2021-02-07T18:38:43.238+0300][598.478s][info][gc,heap     ] GC(115)      Live:         -               223M (87%)         223M (87%)         223M (87%)            -                  -
[2021-02-07T18:38:43.238+0300][598.478s][info][gc,heap     ] GC(115) Allocated:         -                 2M (1%)            2M (1%)            4M (2%)             -                  -
[2021-02-07T18:38:43.238+0300][598.478s][info][gc,heap     ] GC(115)   Garbage:         -                 8M (3%)            8M (3%)            6M (3%)             -                  -
[2021-02-07T18:38:43.238+0300][598.478s][info][gc,heap     ] GC(115) Reclaimed:         -                  -                 0M (0%)            2M (1%)             -                  -
[2021-02-07T18:38:43.238+0300][598.478s][info][gc          ] GC(115) Garbage Collection (High Usage) 232M(91%)->232M(91%)
[2021-02-07T18:38:43.303+0300][598.543s][info][gc,start    ] GC(116) Garbage Collection (High Usage)
[2021-02-07T18:38:43.303+0300][598.543s][info][gc,phases   ] GC(116) Pause Mark Start 0.126ms
[2021-02-07T18:38:43.630+0300][598.870s][info][gc,phases   ] GC(116) Concurrent Mark 326.656ms
[2021-02-07T18:38:43.631+0300][598.871s][info][gc,phases   ] GC(116) Pause Mark End 0.215ms
[2021-02-07T18:38:43.635+0300][598.875s][info][gc,phases   ] GC(116) Concurrent Process Non-Strong References 3.363ms
[2021-02-07T18:38:43.635+0300][598.875s][info][gc,phases   ] GC(116) Concurrent Reset Relocation Set 0.073ms
[2021-02-07T18:38:43.636+0300][598.876s][info][gc,phases   ] GC(116) Concurrent Select Relocation Set 1.570ms
[2021-02-07T18:38:43.637+0300][598.877s][info][gc,phases   ] GC(116) Pause Relocate Start 0.121ms
[2021-02-07T18:38:43.639+0300][598.879s][info][gc,phases   ] GC(116) Concurrent Relocate 2.264ms
[2021-02-07T18:38:43.639+0300][598.880s][info][gc,load     ] GC(116) Load: 0.00/0.00/0.00
[2021-02-07T18:38:43.639+0300][598.880s][info][gc,mmu      ] GC(116) MMU: 2ms/76.9%, 5ms/90.7%, 10ms/95.0%, 20ms/97.5%, 50ms/98.9%, 100ms/99.0%
[2021-02-07T18:38:43.639+0300][598.880s][info][gc,marking  ] GC(116) Mark: 1 stripe(s), 2 proactive flush(es), 1 terminate flush(es), 1 completion(s), 0 continuation(s)
[2021-02-07T18:38:43.639+0300][598.880s][info][gc,nmethod  ] GC(116) NMethods: 1993 registered, 10 unregistered
[2021-02-07T18:38:43.639+0300][598.880s][info][gc,metaspace] GC(116) Metaspace: 6M used, 7M capacity, 7M committed, 1032M reserved
[2021-02-07T18:38:43.639+0300][598.880s][info][gc,ref      ] GC(116) Soft: 177 encountered, 106 discovered, 0 enqueued
[2021-02-07T18:38:43.639+0300][598.880s][info][gc,ref      ] GC(116) Weak: 1041 encountered, 644 discovered, 0 enqueued
[2021-02-07T18:38:43.639+0300][598.880s][info][gc,ref      ] GC(116) Final: 0 encountered, 0 discovered, 0 enqueued
[2021-02-07T18:38:43.639+0300][598.880s][info][gc,ref      ] GC(116) Phantom: 7 encountered, 6 discovered, 0 enqueued
[2021-02-07T18:38:43.639+0300][598.880s][info][gc,reloc    ] GC(116) Small Pages: 109 / 218M(94%), Empty: 0M(0%), Compacting: 4M(2%)->2M(1%)
[2021-02-07T18:38:43.639+0300][598.880s][info][gc,reloc    ] GC(116) Medium Pages: 0 / 0M(0%), Empty: 0M(0%), Compacting: 0M(0%)->0M(0%)
[2021-02-07T18:38:43.639+0300][598.880s][info][gc,reloc    ] GC(116) Large Pages: 1 / 14M(6%), Empty: 0M(0%), Compacting: 0M(0%)->0M(0%)
[2021-02-07T18:38:43.639+0300][598.880s][info][gc,reloc    ] GC(116) Relocation: Successful
[2021-02-07T18:38:43.639+0300][598.880s][info][gc,heap     ] GC(116) Min Capacity: 256M(100%)
[2021-02-07T18:38:43.639+0300][598.880s][info][gc,heap     ] GC(116) Max Capacity: 256M(100%)
[2021-02-07T18:38:43.640+0300][598.880s][info][gc,heap     ] GC(116) Soft Max Capacity: 256M(100%)
[2021-02-07T18:38:43.640+0300][598.880s][info][gc,heap     ] GC(116)                Mark Start          Mark End        Relocate Start      Relocate End           High               Low
[2021-02-07T18:38:43.640+0300][598.880s][info][gc,heap     ] GC(116)  Capacity:      256M (100%)        256M (100%)        256M (100%)        256M (100%)        256M (100%)        256M (100%)
[2021-02-07T18:38:43.640+0300][598.880s][info][gc,heap     ] GC(116)   Reserve:       12M (5%)           12M (5%)           12M (5%)           12M (5%)           12M (5%)           12M (5%)
[2021-02-07T18:38:43.640+0300][598.880s][info][gc,heap     ] GC(116)      Free:       12M (5%)           10M (4%)           10M (4%)           12M (5%)           12M (5%)            8M (3%)
[2021-02-07T18:38:43.640+0300][598.880s][info][gc,heap     ] GC(116)      Used:      232M (91%)         234M (91%)         234M (91%)         232M (91%)         236M (92%)         232M (91%)
[2021-02-07T18:38:43.640+0300][598.880s][info][gc,heap     ] GC(116)      Live:         -               222M (87%)         222M (87%)         222M (87%)            -                  -
[2021-02-07T18:38:43.640+0300][598.880s][info][gc,heap     ] GC(116) Allocated:         -                 2M (1%)            2M (1%)            4M (2%)             -                  -
[2021-02-07T18:38:43.640+0300][598.880s][info][gc,heap     ] GC(116)   Garbage:         -                 9M (4%)            9M (4%)            7M (3%)             -                  -
[2021-02-07T18:38:43.640+0300][598.880s][info][gc,heap     ] GC(116) Reclaimed:         -                  -                 0M (0%)            2M (1%)             -                  -
[2021-02-07T18:38:43.640+0300][598.880s][info][gc          ] GC(116) Garbage Collection (High Usage) 232M(91%)->232M(91%)
[2021-02-07T18:38:43.704+0300][598.944s][info][gc,start    ] GC(117) Garbage Collection (High Usage)
[2021-02-07T18:38:43.705+0300][598.945s][info][gc,phases   ] GC(117) Pause Mark Start 0.111ms
[2021-02-07T18:38:44.028+0300][599.268s][info][gc,phases   ] GC(117) Concurrent Mark 323.581ms
[2021-02-07T18:38:44.029+0300][599.270s][info][gc,phases   ] GC(117) Pause Mark End 0.172ms
[2021-02-07T18:38:44.035+0300][599.275s][info][gc,phases   ] GC(117) Concurrent Process Non-Strong References 5.184ms
[2021-02-07T18:38:44.035+0300][599.275s][info][gc,phases   ] GC(117) Concurrent Reset Relocation Set 0.080ms
[2021-02-07T18:38:44.037+0300][599.277s][info][gc,phases   ] GC(117) Concurrent Select Relocation Set 1.626ms
[2021-02-07T18:38:44.038+0300][599.278s][info][gc,phases   ] GC(117) Pause Relocate Start 0.094ms
[2021-02-07T18:38:44.040+0300][599.280s][info][gc,phases   ] GC(117) Concurrent Relocate 2.302ms
[2021-02-07T18:38:44.040+0300][599.280s][info][gc,load     ] GC(117) Load: 0.00/0.00/0.00
[2021-02-07T18:38:44.040+0300][599.280s][info][gc,mmu      ] GC(117) MMU: 2ms/76.9%, 5ms/90.7%, 10ms/95.0%, 20ms/97.5%, 50ms/98.9%, 100ms/99.0%
[2021-02-07T18:38:44.040+0300][599.280s][info][gc,marking  ] GC(117) Mark: 1 stripe(s), 2 proactive flush(es), 1 terminate flush(es), 1 completion(s), 0 continuation(s)
[2021-02-07T18:38:44.040+0300][599.280s][info][gc,nmethod  ] GC(117) NMethods: 1994 registered, 10 unregistered
[2021-02-07T18:38:44.040+0300][599.280s][info][gc,metaspace] GC(117) Metaspace: 6M used, 7M capacity, 7M committed, 1032M reserved
[2021-02-07T18:38:44.040+0300][599.280s][info][gc,ref      ] GC(117) Soft: 177 encountered, 106 discovered, 0 enqueued
[2021-02-07T18:38:44.040+0300][599.280s][info][gc,ref      ] GC(117) Weak: 1041 encountered, 644 discovered, 0 enqueued
[2021-02-07T18:38:44.040+0300][599.280s][info][gc,ref      ] GC(117) Final: 0 encountered, 0 discovered, 0 enqueued
[2021-02-07T18:38:44.040+0300][599.280s][info][gc,ref      ] GC(117) Phantom: 7 encountered, 6 discovered, 0 enqueued
[2021-02-07T18:38:44.040+0300][599.280s][info][gc,reloc    ] GC(117) Small Pages: 109 / 218M(94%), Empty: 0M(0%), Compacting: 4M(2%)->2M(1%)
[2021-02-07T18:38:44.040+0300][599.280s][info][gc,reloc    ] GC(117) Medium Pages: 0 / 0M(0%), Empty: 0M(0%), Compacting: 0M(0%)->0M(0%)
[2021-02-07T18:38:44.040+0300][599.280s][info][gc,reloc    ] GC(117) Large Pages: 1 / 14M(6%), Empty: 0M(0%), Compacting: 0M(0%)->0M(0%)
[2021-02-07T18:38:44.040+0300][599.280s][info][gc,reloc    ] GC(117) Relocation: Successful
[2021-02-07T18:38:44.040+0300][599.280s][info][gc,heap     ] GC(117) Min Capacity: 256M(100%)
[2021-02-07T18:38:44.040+0300][599.280s][info][gc,heap     ] GC(117) Max Capacity: 256M(100%)
[2021-02-07T18:38:44.040+0300][599.280s][info][gc,heap     ] GC(117) Soft Max Capacity: 256M(100%)
[2021-02-07T18:38:44.040+0300][599.280s][info][gc,heap     ] GC(117)                Mark Start          Mark End        Relocate Start      Relocate End           High               Low
[2021-02-07T18:38:44.040+0300][599.280s][info][gc,heap     ] GC(117)  Capacity:      256M (100%)        256M (100%)        256M (100%)        256M (100%)        256M (100%)        256M (100%)
[2021-02-07T18:38:44.040+0300][599.280s][info][gc,heap     ] GC(117)   Reserve:       12M (5%)           12M (5%)           12M (5%)           12M (5%)           12M (5%)           12M (5%)
[2021-02-07T18:38:44.040+0300][599.280s][info][gc,heap     ] GC(117)      Free:       12M (5%)           10M (4%)           10M (4%)           12M (5%)           12M (5%)            8M (3%)
[2021-02-07T18:38:44.040+0300][599.280s][info][gc,heap     ] GC(117)      Used:      232M (91%)         234M (91%)         234M (91%)         232M (91%)         236M (92%)         232M (91%)
[2021-02-07T18:38:44.040+0300][599.280s][info][gc,heap     ] GC(117)      Live:         -               222M (87%)         222M (87%)         222M (87%)            -                  -
[2021-02-07T18:38:44.040+0300][599.281s][info][gc,heap     ] GC(117) Allocated:         -                 2M (1%)            2M (1%)            4M (2%)             -                  -
[2021-02-07T18:38:44.040+0300][599.281s][info][gc,heap     ] GC(117)   Garbage:         -                 9M (4%)            9M (4%)            7M (3%)             -                  -
[2021-02-07T18:38:44.040+0300][599.281s][info][gc,heap     ] GC(117) Reclaimed:         -                  -                 0M (0%)            2M (1%)             -                  -
[2021-02-07T18:38:44.040+0300][599.281s][info][gc          ] GC(117) Garbage Collection (High Usage) 232M(91%)->232M(91%)
[2021-02-07T18:38:44.103+0300][599.343s][info][gc,start    ] GC(118) Garbage Collection (High Usage)
[2021-02-07T18:38:44.103+0300][599.344s][info][gc,phases   ] GC(118) Pause Mark Start 0.131ms
[2021-02-07T18:38:44.430+0300][599.671s][info][gc,phases   ] GC(118) Concurrent Mark 326.980ms
[2021-02-07T18:38:44.432+0300][599.672s][info][gc,phases   ] GC(118) Pause Mark End 0.181ms
[2021-02-07T18:38:44.435+0300][599.675s][info][gc,phases   ] GC(118) Concurrent Process Non-Strong References 3.303ms
[2021-02-07T18:38:44.435+0300][599.675s][info][gc,phases   ] GC(118) Concurrent Reset Relocation Set 0.075ms
[2021-02-07T18:38:44.437+0300][599.677s][info][gc,phases   ] GC(118) Concurrent Select Relocation Set 1.515ms
[2021-02-07T18:38:44.437+0300][599.677s][info][gc,phases   ] GC(118) Pause Relocate Start 0.111ms
[2021-02-07T18:38:44.440+0300][599.680s][info][gc,phases   ] GC(118) Concurrent Relocate 2.272ms
[2021-02-07T18:38:44.440+0300][599.680s][info][gc,load     ] GC(118) Load: 0.00/0.00/0.00
[2021-02-07T18:38:44.440+0300][599.680s][info][gc,mmu      ] GC(118) MMU: 2ms/76.9%, 5ms/90.7%, 10ms/95.0%, 20ms/97.5%, 50ms/98.9%, 100ms/99.0%
[2021-02-07T18:38:44.440+0300][599.680s][info][gc,marking  ] GC(118) Mark: 1 stripe(s), 2 proactive flush(es), 1 terminate flush(es), 1 completion(s), 0 continuation(s)
[2021-02-07T18:38:44.440+0300][599.680s][info][gc,nmethod  ] GC(118) NMethods: 1997 registered, 10 unregistered
[2021-02-07T18:38:44.440+0300][599.680s][info][gc,metaspace] GC(118) Metaspace: 6M used, 7M capacity, 7M committed, 1032M reserved
[2021-02-07T18:38:44.440+0300][599.680s][info][gc,ref      ] GC(118) Soft: 177 encountered, 106 discovered, 0 enqueued
[2021-02-07T18:38:44.440+0300][599.680s][info][gc,ref      ] GC(118) Weak: 1041 encountered, 644 discovered, 0 enqueued
[2021-02-07T18:38:44.440+0300][599.680s][info][gc,ref      ] GC(118) Final: 0 encountered, 0 discovered, 0 enqueued
[2021-02-07T18:38:44.440+0300][599.680s][info][gc,ref      ] GC(118) Phantom: 7 encountered, 6 discovered, 0 enqueued
[2021-02-07T18:38:44.440+0300][599.680s][info][gc,reloc    ] GC(118) Small Pages: 109 / 218M(94%), Empty: 0M(0%), Compacting: 4M(2%)->2M(1%)
[2021-02-07T18:38:44.440+0300][599.680s][info][gc,reloc    ] GC(118) Medium Pages: 0 / 0M(0%), Empty: 0M(0%), Compacting: 0M(0%)->0M(0%)
[2021-02-07T18:38:44.440+0300][599.680s][info][gc,reloc    ] GC(118) Large Pages: 1 / 14M(6%), Empty: 0M(0%), Compacting: 0M(0%)->0M(0%)
[2021-02-07T18:38:44.440+0300][599.680s][info][gc,reloc    ] GC(118) Relocation: Successful
[2021-02-07T18:38:44.440+0300][599.680s][info][gc,heap     ] GC(118) Min Capacity: 256M(100%)
[2021-02-07T18:38:44.440+0300][599.680s][info][gc,heap     ] GC(118) Max Capacity: 256M(100%)
[2021-02-07T18:38:44.440+0300][599.680s][info][gc,heap     ] GC(118) Soft Max Capacity: 256M(100%)
[2021-02-07T18:38:44.440+0300][599.680s][info][gc,heap     ] GC(118)                Mark Start          Mark End        Relocate Start      Relocate End           High               Low
[2021-02-07T18:38:44.440+0300][599.680s][info][gc,heap     ] GC(118)  Capacity:      256M (100%)        256M (100%)        256M (100%)        256M (100%)        256M (100%)        256M (100%)
[2021-02-07T18:38:44.440+0300][599.680s][info][gc,heap     ] GC(118)   Reserve:       12M (5%)           12M (5%)           12M (5%)           12M (5%)           12M (5%)           12M (5%)
[2021-02-07T18:38:44.440+0300][599.680s][info][gc,heap     ] GC(118)      Free:       12M (5%)           12M (5%)           12M (5%)           12M (5%)           12M (5%)            8M (3%)
[2021-02-07T18:38:44.440+0300][599.680s][info][gc,heap     ] GC(118)      Used:      232M (91%)         232M (91%)         232M (91%)         232M (91%)         236M (92%)         232M (91%)
[2021-02-07T18:38:44.440+0300][599.680s][info][gc,heap     ] GC(118)      Live:         -               222M (87%)         222M (87%)         222M (87%)            -                  -
[2021-02-07T18:38:44.440+0300][599.680s][info][gc,heap     ] GC(118) Allocated:         -                 0M (0%)            0M (0%)            4M (2%)             -                  -
[2021-02-07T18:38:44.440+0300][599.680s][info][gc,heap     ] GC(118)   Garbage:         -                 9M (4%)            9M (4%)            9M (4%)             -                  -
[2021-02-07T18:38:44.440+0300][599.680s][info][gc,heap     ] GC(118) Reclaimed:         -                  -                 0M (0%)            0M (0%)             -                  -
[2021-02-07T18:38:44.440+0300][599.680s][info][gc          ] GC(118) Garbage Collection (High Usage) 232M(91%)->232M(91%)
[2021-02-07T18:38:44.503+0300][599.743s][info][gc,start    ] GC(119) Garbage Collection (High Usage)
[2021-02-07T18:38:44.503+0300][599.744s][info][gc,phases   ] GC(119) Pause Mark Start 0.131ms
[2021-02-07T18:38:44.803+0300][600.043s][info][gc,stats    ] === Garbage Collection Statistics =======================================================================================================================
[2021-02-07T18:38:44.803+0300][600.043s][info][gc,stats    ]                                                              Last 10s              Last 10m              Last 10h                Total
[2021-02-07T18:38:44.803+0300][600.043s][info][gc,stats    ]                                                              Avg / Max             Avg / Max             Avg / Max             Avg / Max
[2021-02-07T18:38:44.803+0300][600.043s][info][gc,stats    ]   Collector: Garbage Collection Cycle                    339.081 / 344.805     306.322 / 384.435     306.322 / 384.435     306.322 / 384.435     ms
[2021-02-07T18:38:44.803+0300][600.043s][info][gc,stats    ]  Contention: Mark Segment Reset Contention                     0 / 0                 0 / 2                 0 / 2                 0 / 2           ops/s
[2021-02-07T18:38:44.803+0300][600.043s][info][gc,stats    ]  Contention: Mark SeqNum Reset Contention                      0 / 0                 0 / 0                 0 / 0                 0 / 0           ops/s
[2021-02-07T18:38:44.803+0300][600.043s][info][gc,stats    ]  Contention: Relocation Contention                             0 / 1                 8 / 1730              8 / 1730              8 / 1730        ops/s
[2021-02-07T18:38:44.803+0300][600.043s][info][gc,stats    ]    Critical: Allocation Stall                              0.000 / 0.000       184.958 / 189.366     184.958 / 189.366     184.958 / 189.366     ms
[2021-02-07T18:38:44.803+0300][600.043s][info][gc,stats    ]    Critical: Allocation Stall                                  0 / 0                 0 / 1                 0 / 1                 0 / 1           ops/s
[2021-02-07T18:38:44.803+0300][600.043s][info][gc,stats    ]    Critical: GC Locker Stall                               0.000 / 0.000         0.000 / 0.000         0.000 / 0.000         0.000 / 0.000       ms
[2021-02-07T18:38:44.803+0300][600.043s][info][gc,stats    ]    Critical: GC Locker Stall                                   0 / 0                 0 / 0                 0 / 0                 0 / 0           ops/s
[2021-02-07T18:38:44.803+0300][600.043s][info][gc,stats    ]      Memory: Allocation Rate                                   5 / 6                 1 / 304               1 / 304               1 / 304         MB/s
[2021-02-07T18:38:44.803+0300][600.043s][info][gc,stats    ]      Memory: Heap Used After Mark                            234 / 236             211 / 244             211 / 244             211 / 244         MB
[2021-02-07T18:38:44.803+0300][600.043s][info][gc,stats    ]      Memory: Heap Used After Relocation                      232 / 234             207 / 240             207 / 240             207 / 240         MB
[2021-02-07T18:38:44.803+0300][600.043s][info][gc,stats    ]      Memory: Heap Used Before Mark                           232 / 234             210 / 244             210 / 244             210 / 244         MB
[2021-02-07T18:38:44.803+0300][600.043s][info][gc,stats    ]      Memory: Heap Used Before Relocation                     234 / 236             210 / 240             210 / 240             210 / 240         MB
[2021-02-07T18:38:44.803+0300][600.043s][info][gc,stats    ]      Memory: Out Of Memory                                     0 / 0                 0 / 0                 0 / 0                 0 / 0           ops/s
[2021-02-07T18:38:44.803+0300][600.043s][info][gc,stats    ]      Memory: Page Cache Flush                                  0 / 0                 0 / 14                0 / 14                0 / 14          MB/s
[2021-02-07T18:38:44.803+0300][600.043s][info][gc,stats    ]      Memory: Page Cache Hit L1                                 5 / 7                 0 / 21                0 / 21                0 / 21          ops/s
[2021-02-07T18:38:44.803+0300][600.043s][info][gc,stats    ]      Memory: Page Cache Hit L2                                 0 / 0                 0 / 0                 0 / 0                 0 / 0           ops/s
[2021-02-07T18:38:44.803+0300][600.043s][info][gc,stats    ]      Memory: Page Cache Hit L3                                 0 / 0                 0 / 16                0 / 16                0 / 16          ops/s
[2021-02-07T18:38:44.803+0300][600.043s][info][gc,stats    ]      Memory: Page Cache Miss                                   0 / 0                 0 / 1                 0 / 1                 0 / 1           ops/s
[2021-02-07T18:38:44.803+0300][600.043s][info][gc,stats    ]      Memory: Uncommit                                          0 / 0                 0 / 0                 0 / 0                 0 / 0           MB/s
[2021-02-07T18:38:44.803+0300][600.043s][info][gc,stats    ]      Memory: Undo Object Allocation Failed                     0 / 0                 0 / 0                 0 / 0                 0 / 0           ops/s
[2021-02-07T18:38:44.803+0300][600.043s][info][gc,stats    ]      Memory: Undo Object Allocation Succeeded                  0 / 1                 8 / 1730              8 / 1730              8 / 1730        ops/s
[2021-02-07T18:38:44.803+0300][600.043s][info][gc,stats    ]      Memory: Undo Page Allocation                              0 / 0                 0 / 0                 0 / 0                 0 / 0           ops/s
[2021-02-07T18:38:44.803+0300][600.043s][info][gc,stats    ]       Phase: Concurrent Mark                             327.782 / 332.602     293.141 / 362.834     293.141 / 362.834     293.141 / 362.834     ms
[2021-02-07T18:38:44.803+0300][600.043s][info][gc,stats    ]       Phase: Concurrent Mark Continue                      0.000 / 0.000         0.000 / 0.000         0.000 / 0.000         0.000 / 0.000       ms
[2021-02-07T18:38:44.803+0300][600.043s][info][gc,stats    ]       Phase: Concurrent Process Non-Strong References      3.707 / 5.383         3.604 / 15.849        3.604 / 15.849        3.604 / 15.849      ms
[2021-02-07T18:38:44.803+0300][600.043s][info][gc,stats    ]       Phase: Concurrent Relocate                           2.182 / 3.509         3.679 / 20.674        3.679 / 20.674        3.679 / 20.674      ms
[2021-02-07T18:38:44.803+0300][600.043s][info][gc,stats    ]       Phase: Concurrent Reset Relocation Set               0.076 / 0.091         0.121 / 0.806         0.121 / 0.806         0.121 / 0.806       ms
[2021-02-07T18:38:44.803+0300][600.043s][info][gc,stats    ]       Phase: Concurrent Select Relocation Set              1.653 / 2.143         1.957 / 7.297         1.957 / 7.297         1.957 / 7.297       ms
[2021-02-07T18:38:44.803+0300][600.043s][info][gc,stats    ]       Phase: Pause Mark End                                0.200 / 0.234         0.200 / 0.367         0.200 / 0.367         0.200 / 0.367       ms
[2021-02-07T18:38:44.803+0300][600.043s][info][gc,stats    ]       Phase: Pause Mark Start                              0.128 / 0.141         0.121 / 0.463         0.121 / 0.463         0.121 / 0.463       ms
[2021-02-07T18:38:44.803+0300][600.043s][info][gc,stats    ]       Phase: Pause Relocate Start                          0.114 / 0.132         0.121 / 0.287         0.121 / 0.287         0.121 / 0.287       ms
[2021-02-07T18:38:44.803+0300][600.043s][info][gc,stats    ]    Subphase: Concurrent Classes Purge                      0.142 / 0.178         0.136 / 0.244         0.136 / 0.244         0.136 / 0.244       ms
[2021-02-07T18:38:44.803+0300][600.043s][info][gc,stats    ]    Subphase: Concurrent Classes Unlink                     1.898 / 1.984         1.794 / 3.341         1.794 / 3.341         1.794 / 3.341       ms
[2021-02-07T18:38:44.803+0300][600.043s][info][gc,stats    ]    Subphase: Concurrent Mark                             327.573 / 332.361     290.874 / 362.604     290.874 / 362.604     290.874 / 362.604     ms
[2021-02-07T18:38:44.803+0300][600.043s][info][gc,stats    ]    Subphase: Concurrent Mark Idle                          0.000 / 0.000         8.300 / 14.654        8.300 / 14.654        8.300 / 14.654      ms
[2021-02-07T18:38:44.803+0300][600.043s][info][gc,stats    ]    Subphase: Concurrent Mark Try Flush                     1.080 / 3.097         1.421 / 17.558        1.421 / 17.558        1.421 / 17.558      ms
[2021-02-07T18:38:44.803+0300][600.043s][info][gc,stats    ]    Subphase: Concurrent Mark Try Terminate                 0.492 / 2.623         0.855 / 16.513        0.855 / 16.513        0.855 / 16.513      ms
[2021-02-07T18:38:44.803+0300][600.043s][info][gc,stats    ]    Subphase: Concurrent References Enqueue                 0.001 / 0.004         0.001 / 0.005         0.001 / 0.005         0.001 / 0.005       ms
[2021-02-07T18:38:44.803+0300][600.043s][info][gc,stats    ]    Subphase: Concurrent References Process                 0.122 / 0.138         0.118 / 0.211         0.118 / 0.211         0.118 / 0.211       ms
[2021-02-07T18:38:44.803+0300][600.043s][info][gc,stats    ]    Subphase: Concurrent Roots                              0.052 / 0.056         0.066 / 0.127         0.066 / 0.127         0.066 / 0.127       ms
[2021-02-07T18:38:44.803+0300][600.043s][info][gc,stats    ]    Subphase: Concurrent Roots ClassLoaderDataGraph         0.048 / 0.052         0.061 / 0.119         0.061 / 0.119         0.061 / 0.119       ms
[2021-02-07T18:38:44.803+0300][600.043s][info][gc,stats    ]    Subphase: Concurrent Roots JNIHandles                   0.002 / 0.005         0.003 / 0.005         0.003 / 0.005         0.003 / 0.005       ms
[2021-02-07T18:38:44.803+0300][600.043s][info][gc,stats    ]    Subphase: Concurrent Roots Setup                        0.006 / 0.013         0.006 / 0.013         0.006 / 0.013         0.006 / 0.013       ms
[2021-02-07T18:38:44.803+0300][600.043s][info][gc,stats    ]    Subphase: Concurrent Roots Teardown                     0.000 / 0.000         0.000 / 0.000         0.000 / 0.000         0.000 / 0.000       ms
[2021-02-07T18:38:44.803+0300][600.043s][info][gc,stats    ]    Subphase: Concurrent Roots VMHandles                    0.002 / 0.002         0.002 / 0.004         0.002 / 0.004         0.002 / 0.004       ms
[2021-02-07T18:38:44.803+0300][600.043s][info][gc,stats    ]    Subphase: Concurrent Weak Roots                         0.191 / 0.231         0.232 / 0.414         0.232 / 0.414         0.232 / 0.414       ms
[2021-02-07T18:38:44.803+0300][600.043s][info][gc,stats    ]    Subphase: Concurrent Weak Roots JNIWeakHandles          0.000 / 0.000         0.000 / 0.000         0.000 / 0.000         0.000 / 0.000       ms
[2021-02-07T18:38:44.803+0300][600.043s][info][gc,stats    ]    Subphase: Concurrent Weak Roots ResolvedMethodTable     0.012 / 0.012         0.014 / 0.028         0.014 / 0.028         0.014 / 0.028       ms
[2021-02-07T18:38:44.803+0300][600.043s][info][gc,stats    ]    Subphase: Concurrent Weak Roots StringTable             0.174 / 0.214         0.211 / 0.383         0.211 / 0.383         0.211 / 0.383       ms
[2021-02-07T18:38:44.803+0300][600.043s][info][gc,stats    ]    Subphase: Concurrent Weak Roots VMWeakHandles           0.004 / 0.005         0.006 / 0.013         0.006 / 0.013         0.006 / 0.013       ms
[2021-02-07T18:38:44.803+0300][600.043s][info][gc,stats    ]    Subphase: Pause Mark Try Complete                       0.034 / 0.039         0.044 / 0.189         0.044 / 0.189         0.044 / 0.189       ms
[2021-02-07T18:38:44.803+0300][600.043s][info][gc,stats    ]    Subphase: Pause Roots                                   0.034 / 0.053         0.038 / 0.408         0.038 / 0.408         0.038 / 0.408       ms
[2021-02-07T18:38:44.803+0300][600.043s][info][gc,stats    ]    Subphase: Pause Roots CodeCache                         0.000 / 0.000         0.000 / 0.000         0.000 / 0.000         0.000 / 0.000       ms
[2021-02-07T18:38:44.803+0300][600.044s][info][gc,stats    ]    Subphase: Pause Roots JVMTIExport                       0.000 / 0.000         0.000 / 0.002         0.000 / 0.002         0.000 / 0.002       ms
[2021-02-07T18:38:44.803+0300][600.044s][info][gc,stats    ]    Subphase: Pause Roots JVMTIWeakExport                   0.000 / 0.000         0.000 / 0.001         0.000 / 0.001         0.000 / 0.001       ms
[2021-02-07T18:38:44.803+0300][600.044s][info][gc,stats    ]    Subphase: Pause Roots Java Threads                      0.032 / 0.049         0.035 / 0.404         0.035 / 0.404         0.035 / 0.404       ms
[2021-02-07T18:38:44.803+0300][600.044s][info][gc,stats    ]    Subphase: Pause Roots Management                        0.001 / 0.002         0.002 / 0.033         0.002 / 0.033         0.002 / 0.033       ms
[2021-02-07T18:38:44.803+0300][600.044s][info][gc,stats    ]    Subphase: Pause Roots ObjectSynchronizer                0.000 / 0.000         0.000 / 0.004         0.000 / 0.004         0.000 / 0.004       ms
[2021-02-07T18:38:44.803+0300][600.044s][info][gc,stats    ]    Subphase: Pause Roots Setup                             0.000 / 0.001         0.000 / 0.001         0.000 / 0.001         0.000 / 0.001       ms
[2021-02-07T18:38:44.803+0300][600.044s][info][gc,stats    ]    Subphase: Pause Roots Teardown                          0.001 / 0.001         0.001 / 0.007         0.001 / 0.007         0.001 / 0.007       ms
[2021-02-07T18:38:44.803+0300][600.044s][info][gc,stats    ]    Subphase: Pause Roots Universe                          0.001 / 0.002         0.002 / 0.027         0.002 / 0.027         0.002 / 0.027       ms
[2021-02-07T18:38:44.803+0300][600.044s][info][gc,stats    ]    Subphase: Pause Roots VM Thread                         0.001 / 0.001         0.001 / 0.010         0.001 / 0.010         0.001 / 0.010       ms
[2021-02-07T18:38:44.803+0300][600.044s][info][gc,stats    ]    Subphase: Pause Weak Roots                              0.001 / 0.001         0.001 / 0.014         0.001 / 0.014         0.001 / 0.014       ms
[2021-02-07T18:38:44.803+0300][600.044s][info][gc,stats    ]    Subphase: Pause Weak Roots JFRWeak                      0.000 / 0.001         0.000 / 0.013         0.000 / 0.013         0.000 / 0.013       ms
[2021-02-07T18:38:44.803+0300][600.044s][info][gc,stats    ]    Subphase: Pause Weak Roots JVMTIWeakExport              0.000 / 0.001         0.000 / 0.013         0.000 / 0.013         0.000 / 0.013       ms
[2021-02-07T18:38:44.803+0300][600.044s][info][gc,stats    ]    Subphase: Pause Weak Roots Setup                        0.000 / 0.000         0.000 / 0.001         0.000 / 0.001         0.000 / 0.001       ms
[2021-02-07T18:38:44.804+0300][600.044s][info][gc,stats    ]    Subphase: Pause Weak Roots Teardown                     0.000 / 0.000         0.000 / 0.000         0.000 / 0.000         0.000 / 0.000       ms
[2021-02-07T18:38:44.804+0300][600.044s][info][gc,stats    ]      System: Java Threads                                     16 / 16               15 / 16               15 / 16               15 / 16          threads
[2021-02-07T18:38:44.804+0300][600.044s][info][gc,stats    ] =========================================================================================================================================================
[2021-02-07T18:38:44.828+0300][600.069s][info][gc,phases   ] GC(119) Concurrent Mark 324.832ms
[2021-02-07T18:38:44.830+0300][600.070s][info][gc,phases   ] GC(119) Pause Mark End 0.209ms
[2021-02-07T18:38:44.833+0300][600.073s][info][gc,phases   ] GC(119) Concurrent Process Non-Strong References 3.304ms
[2021-02-07T18:38:44.833+0300][600.073s][info][gc,phases   ] GC(119) Concurrent Reset Relocation Set 0.074ms
[2021-02-07T18:38:44.835+0300][600.075s][info][gc,phases   ] GC(119) Concurrent Select Relocation Set 1.519ms
[2021-02-07T18:38:44.835+0300][600.075s][info][gc,phases   ] GC(119) Pause Relocate Start 0.121ms
[2021-02-07T18:38:44.838+0300][600.078s][info][gc,phases   ] GC(119) Concurrent Relocate 2.294ms
[2021-02-07T18:38:44.838+0300][600.078s][info][gc,load     ] GC(119) Load: 0.00/0.00/0.00
[2021-02-07T18:38:44.838+0300][600.078s][info][gc,mmu      ] GC(119) MMU: 2ms/76.9%, 5ms/90.7%, 10ms/95.0%, 20ms/97.5%, 50ms/98.9%, 100ms/99.0%
[2021-02-07T18:38:44.838+0300][600.078s][info][gc,marking  ] GC(119) Mark: 1 stripe(s), 2 proactive flush(es), 1 terminate flush(es), 1 completion(s), 0 continuation(s)
[2021-02-07T18:38:44.838+0300][600.078s][info][gc,nmethod  ] GC(119) NMethods: 1997 registered, 10 unregistered
[2021-02-07T18:38:44.838+0300][600.078s][info][gc,metaspace] GC(119) Metaspace: 6M used, 7M capacity, 7M committed, 1032M reserved
[2021-02-07T18:38:44.838+0300][600.078s][info][gc,ref      ] GC(119) Soft: 177 encountered, 106 discovered, 0 enqueued
[2021-02-07T18:38:44.838+0300][600.078s][info][gc,ref      ] GC(119) Weak: 1041 encountered, 644 discovered, 0 enqueued
[2021-02-07T18:38:44.838+0300][600.078s][info][gc,ref      ] GC(119) Final: 0 encountered, 0 discovered, 0 enqueued
[2021-02-07T18:38:44.838+0300][600.078s][info][gc,ref      ] GC(119) Phantom: 7 encountered, 6 discovered, 0 enqueued
[2021-02-07T18:38:44.838+0300][600.078s][info][gc,reloc    ] GC(119) Small Pages: 109 / 218M(94%), Empty: 0M(0%), Compacting: 4M(2%)->2M(1%)
[2021-02-07T18:38:44.838+0300][600.078s][info][gc,reloc    ] GC(119) Medium Pages: 0 / 0M(0%), Empty: 0M(0%), Compacting: 0M(0%)->0M(0%)
[2021-02-07T18:38:44.838+0300][600.078s][info][gc,reloc    ] GC(119) Large Pages: 1 / 14M(6%), Empty: 0M(0%), Compacting: 0M(0%)->0M(0%)
[2021-02-07T18:38:44.838+0300][600.078s][info][gc,reloc    ] GC(119) Relocation: Successful
[2021-02-07T18:38:44.838+0300][600.078s][info][gc,heap     ] GC(119) Min Capacity: 256M(100%)
[2021-02-07T18:38:44.838+0300][600.078s][info][gc,heap     ] GC(119) Max Capacity: 256M(100%)
[2021-02-07T18:38:44.838+0300][600.078s][info][gc,heap     ] GC(119) Soft Max Capacity: 256M(100%)
[2021-02-07T18:38:44.838+0300][600.078s][info][gc,heap     ] GC(119)                Mark Start          Mark End        Relocate Start      Relocate End           High               Low
[2021-02-07T18:38:44.838+0300][600.078s][info][gc,heap     ] GC(119)  Capacity:      256M (100%)        256M (100%)        256M (100%)        256M (100%)        256M (100%)        256M (100%)
[2021-02-07T18:38:44.838+0300][600.078s][info][gc,heap     ] GC(119)   Reserve:       12M (5%)           12M (5%)           12M (5%)           12M (5%)           12M (5%)           12M (5%)
[2021-02-07T18:38:44.838+0300][600.078s][info][gc,heap     ] GC(119)      Free:       12M (5%)           10M (4%)           10M (4%)           12M (5%)           12M (5%)            8M (3%)
[2021-02-07T18:38:44.838+0300][600.078s][info][gc,heap     ] GC(119)      Used:      232M (91%)         234M (91%)         234M (91%)         232M (91%)         236M (92%)         232M (91%)
[2021-02-07T18:38:44.838+0300][600.078s][info][gc,heap     ] GC(119)      Live:         -               222M (87%)         222M (87%)         222M (87%)            -                  -
[2021-02-07T18:38:44.838+0300][600.078s][info][gc,heap     ] GC(119) Allocated:         -                 2M (1%)            2M (1%)            4M (2%)             -                  -
[2021-02-07T18:38:44.838+0300][600.078s][info][gc,heap     ] GC(119)   Garbage:         -                 9M (4%)            9M (4%)            7M (3%)             -                  -
[2021-02-07T18:38:44.838+0300][600.078s][info][gc,heap     ] GC(119) Reclaimed:         -                  -                 0M (0%)            2M (1%)             -                  -
[2021-02-07T18:38:44.838+0300][600.078s][info][gc          ] GC(119) Garbage Collection (High Usage) 232M(91%)->232M(91%)
[2021-02-07T18:38:44.904+0300][600.144s][info][gc,start    ] GC(120) Garbage Collection (High Usage)
[2021-02-07T18:38:44.905+0300][600.145s][info][gc,phases   ] GC(120) Pause Mark Start 0.133ms
[2021-02-07T18:38:45.230+0300][600.470s][info][gc,phases   ] GC(120) Concurrent Mark 324.971ms
[2021-02-07T18:38:45.231+0300][600.471s][info][gc,phases   ] GC(120) Pause Mark End 0.217ms
[2021-02-07T18:38:45.235+0300][600.475s][info][gc,phases   ] GC(120) Concurrent Process Non-Strong References 3.279ms
[2021-02-07T18:38:45.235+0300][600.475s][info][gc,phases   ] GC(120) Concurrent Reset Relocation Set 0.074ms
[2021-02-07T18:38:45.236+0300][600.476s][info][gc,phases   ] GC(120) Concurrent Select Relocation Set 1.563ms
[2021-02-07T18:38:45.237+0300][600.477s][info][gc,phases   ] GC(120) Pause Relocate Start 0.128ms
[2021-02-07T18:38:45.239+0300][600.480s][info][gc,phases   ] GC(120) Concurrent Relocate 2.299ms
[2021-02-07T18:38:45.239+0300][600.480s][info][gc,load     ] GC(120) Load: 0.00/0.00/0.00
[2021-02-07T18:38:45.239+0300][600.480s][info][gc,mmu      ] GC(120) MMU: 2ms/76.9%, 5ms/90.7%, 10ms/95.0%, 20ms/97.5%, 50ms/98.9%, 100ms/99.0%
[2021-02-07T18:38:45.239+0300][600.480s][info][gc,marking  ] GC(120) Mark: 1 stripe(s), 2 proactive flush(es), 1 terminate flush(es), 1 completion(s), 0 continuation(s)
[2021-02-07T18:38:45.239+0300][600.480s][info][gc,nmethod  ] GC(120) NMethods: 1997 registered, 10 unregistered
[2021-02-07T18:38:45.239+0300][600.480s][info][gc,metaspace] GC(120) Metaspace: 6M used, 7M capacity, 7M committed, 1032M reserved
[2021-02-07T18:38:45.239+0300][600.480s][info][gc,ref      ] GC(120) Soft: 177 encountered, 106 discovered, 0 enqueued
[2021-02-07T18:38:45.239+0300][600.480s][info][gc,ref      ] GC(120) Weak: 1041 encountered, 644 discovered, 0 enqueued
[2021-02-07T18:38:45.239+0300][600.480s][info][gc,ref      ] GC(120) Final: 0 encountered, 0 discovered, 0 enqueued
[2021-02-07T18:38:45.239+0300][600.480s][info][gc,ref      ] GC(120) Phantom: 7 encountered, 6 discovered, 0 enqueued
[2021-02-07T18:38:45.239+0300][600.480s][info][gc,reloc    ] GC(120) Small Pages: 109 / 218M(94%), Empty: 0M(0%), Compacting: 4M(2%)->2M(1%)
[2021-02-07T18:38:45.240+0300][600.480s][info][gc,reloc    ] GC(120) Medium Pages: 0 / 0M(0%), Empty: 0M(0%), Compacting: 0M(0%)->0M(0%)
[2021-02-07T18:38:45.240+0300][600.480s][info][gc,reloc    ] GC(120) Large Pages: 1 / 14M(6%), Empty: 0M(0%), Compacting: 0M(0%)->0M(0%)
[2021-02-07T18:38:45.240+0300][600.480s][info][gc,reloc    ] GC(120) Relocation: Successful
[2021-02-07T18:38:45.240+0300][600.480s][info][gc,heap     ] GC(120) Min Capacity: 256M(100%)
[2021-02-07T18:38:45.240+0300][600.480s][info][gc,heap     ] GC(120) Max Capacity: 256M(100%)
[2021-02-07T18:38:45.240+0300][600.480s][info][gc,heap     ] GC(120) Soft Max Capacity: 256M(100%)
[2021-02-07T18:38:45.240+0300][600.480s][info][gc,heap     ] GC(120)                Mark Start          Mark End        Relocate Start      Relocate End           High               Low
[2021-02-07T18:38:45.240+0300][600.480s][info][gc,heap     ] GC(120)  Capacity:      256M (100%)        256M (100%)        256M (100%)        256M (100%)        256M (100%)        256M (100%)
[2021-02-07T18:38:45.240+0300][600.480s][info][gc,heap     ] GC(120)   Reserve:       12M (5%)           12M (5%)           12M (5%)           12M (5%)           12M (5%)           12M (5%)
[2021-02-07T18:38:45.240+0300][600.480s][info][gc,heap     ] GC(120)      Free:       12M (5%)           10M (4%)           10M (4%)           12M (5%)           12M (5%)            8M (3%)
[2021-02-07T18:38:45.240+0300][600.480s][info][gc,heap     ] GC(120)      Used:      232M (91%)         234M (91%)         234M (91%)         232M (91%)         236M (92%)         232M (91%)
[2021-02-07T18:38:45.240+0300][600.480s][info][gc,heap     ] GC(120)      Live:         -               222M (87%)         222M (87%)         222M (87%)            -                  -
[2021-02-07T18:38:45.240+0300][600.480s][info][gc,heap     ] GC(120) Allocated:         -                 2M (1%)            2M (1%)            4M (2%)             -                  -
[2021-02-07T18:38:45.240+0300][600.480s][info][gc,heap     ] GC(120)   Garbage:         -                 9M (4%)            9M (4%)            7M (3%)             -                  -
[2021-02-07T18:38:45.240+0300][600.480s][info][gc,heap     ] GC(120) Reclaimed:         -                  -                 0M (0%)            2M (1%)             -                  -
[2021-02-07T18:38:45.240+0300][600.480s][info][gc          ] GC(120) Garbage Collection (High Usage) 232M(91%)->232M(91%)
[2021-02-07T18:38:45.303+0300][600.543s][info][gc,start    ] GC(121) Garbage Collection (High Usage)
[2021-02-07T18:38:45.304+0300][600.544s][info][gc,phases   ] GC(121) Pause Mark Start 0.130ms
[2021-02-07T18:38:45.633+0300][600.873s][info][gc,phases   ] GC(121) Concurrent Mark 328.726ms
[2021-02-07T18:38:45.634+0300][600.874s][info][gc,phases   ] GC(121) Pause Mark End 0.211ms
[2021-02-07T18:38:45.637+0300][600.878s][info][gc,phases   ] GC(121) Concurrent Process Non-Strong References 3.328ms
[2021-02-07T18:38:45.637+0300][600.878s][info][gc,phases   ] GC(121) Concurrent Reset Relocation Set 0.073ms
[2021-02-07T18:38:45.639+0300][600.879s][info][gc,phases   ] GC(121) Concurrent Select Relocation Set 1.527ms
[2021-02-07T18:38:45.640+0300][600.880s][info][gc,phases   ] GC(121) Pause Relocate Start 0.118ms
[2021-02-07T18:38:45.642+0300][600.882s][info][gc,phases   ] GC(121) Concurrent Relocate 2.427ms
[2021-02-07T18:38:45.642+0300][600.882s][info][gc,load     ] GC(121) Load: 0.00/0.00/0.00
[2021-02-07T18:38:45.642+0300][600.882s][info][gc,mmu      ] GC(121) MMU: 2ms/76.9%, 5ms/90.7%, 10ms/95.0%, 20ms/97.5%, 50ms/98.9%, 100ms/99.0%
[2021-02-07T18:38:45.642+0300][600.882s][info][gc,marking  ] GC(121) Mark: 1 stripe(s), 2 proactive flush(es), 1 terminate flush(es), 1 completion(s), 0 continuation(s)
[2021-02-07T18:38:45.642+0300][600.882s][info][gc,nmethod  ] GC(121) NMethods: 1997 registered, 10 unregistered
[2021-02-07T18:38:45.642+0300][600.882s][info][gc,metaspace] GC(121) Metaspace: 6M used, 7M capacity, 7M committed, 1032M reserved
[2021-02-07T18:38:45.642+0300][600.882s][info][gc,ref      ] GC(121) Soft: 177 encountered, 106 discovered, 0 enqueued
[2021-02-07T18:38:45.642+0300][600.882s][info][gc,ref      ] GC(121) Weak: 1041 encountered, 644 discovered, 0 enqueued
[2021-02-07T18:38:45.642+0300][600.882s][info][gc,ref      ] GC(121) Final: 0 encountered, 0 discovered, 0 enqueued
[2021-02-07T18:38:45.642+0300][600.882s][info][gc,ref      ] GC(121) Phantom: 7 encountered, 6 discovered, 0 enqueued
[2021-02-07T18:38:45.642+0300][600.882s][info][gc,reloc    ] GC(121) Small Pages: 109 / 218M(94%), Empty: 0M(0%), Compacting: 4M(2%)->2M(1%)
[2021-02-07T18:38:45.642+0300][600.882s][info][gc,reloc    ] GC(121) Medium Pages: 0 / 0M(0%), Empty: 0M(0%), Compacting: 0M(0%)->0M(0%)
[2021-02-07T18:38:45.642+0300][600.883s][info][gc,reloc    ] GC(121) Large Pages: 1 / 14M(6%), Empty: 0M(0%), Compacting: 0M(0%)->0M(0%)
[2021-02-07T18:38:45.642+0300][600.883s][info][gc,reloc    ] GC(121) Relocation: Successful
[2021-02-07T18:38:45.642+0300][600.883s][info][gc,heap     ] GC(121) Min Capacity: 256M(100%)
[2021-02-07T18:38:45.642+0300][600.883s][info][gc,heap     ] GC(121) Max Capacity: 256M(100%)
[2021-02-07T18:38:45.642+0300][600.883s][info][gc,heap     ] GC(121) Soft Max Capacity: 256M(100%)
[2021-02-07T18:38:45.642+0300][600.883s][info][gc,heap     ] GC(121)                Mark Start          Mark End        Relocate Start      Relocate End           High               Low
[2021-02-07T18:38:45.642+0300][600.883s][info][gc,heap     ] GC(121)  Capacity:      256M (100%)        256M (100%)        256M (100%)        256M (100%)        256M (100%)        256M (100%)
[2021-02-07T18:38:45.642+0300][600.883s][info][gc,heap     ] GC(121)   Reserve:       12M (5%)           12M (5%)           12M (5%)           12M (5%)           12M (5%)           12M (5%)
[2021-02-07T18:38:45.642+0300][600.883s][info][gc,heap     ] GC(121)      Free:       12M (5%)           10M (4%)           10M (4%)           12M (5%)           12M (5%)            8M (3%)
[2021-02-07T18:38:45.642+0300][600.883s][info][gc,heap     ] GC(121)      Used:      232M (91%)         234M (91%)         234M (91%)         232M (91%)         236M (92%)         232M (91%)
[2021-02-07T18:38:45.642+0300][600.883s][info][gc,heap     ] GC(121)      Live:         -               222M (87%)         222M (87%)         222M (87%)            -                  -
[2021-02-07T18:38:45.642+0300][600.883s][info][gc,heap     ] GC(121) Allocated:         -                 2M (1%)            2M (1%)            4M (2%)             -                  -
[2021-02-07T18:38:45.642+0300][600.883s][info][gc,heap     ] GC(121)   Garbage:         -                 9M (4%)            9M (4%)            7M (3%)             -                  -
[2021-02-07T18:38:45.642+0300][600.883s][info][gc,heap     ] GC(121) Reclaimed:         -                  -                 0M (0%)            2M (1%)             -                  -
[2021-02-07T18:38:45.643+0300][600.883s][info][gc          ] GC(121) Garbage Collection (High Usage) 232M(91%)->232M(91%)
[2021-02-07T18:38:45.703+0300][600.943s][info][gc,start    ] GC(122) Garbage Collection (High Usage)
[2021-02-07T18:38:45.703+0300][600.943s][info][gc,phases   ] GC(122) Pause Mark Start 0.128ms
[2021-02-07T18:38:46.028+0300][601.268s][info][gc,phases   ] GC(122) Concurrent Mark 324.202ms
[2021-02-07T18:38:46.031+0300][601.271s][info][gc,phases   ] GC(122) Pause Mark End 0.210ms
[2021-02-07T18:38:46.035+0300][601.275s][info][gc,phases   ] GC(122) Concurrent Process Non-Strong References 3.475ms
[2021-02-07T18:38:46.035+0300][601.275s][info][gc,phases   ] GC(122) Concurrent Reset Relocation Set 0.073ms
[2021-02-07T18:38:46.036+0300][601.276s][info][gc,phases   ] GC(122) Concurrent Select Relocation Set 1.535ms
[2021-02-07T18:38:46.037+0300][601.277s][info][gc,phases   ] GC(122) Pause Relocate Start 0.141ms
[2021-02-07T18:38:46.039+0300][601.280s][info][gc,phases   ] GC(122) Concurrent Relocate 2.390ms
[2021-02-07T18:38:46.039+0300][601.280s][info][gc,load     ] GC(122) Load: 0.00/0.00/0.00
[2021-02-07T18:38:46.039+0300][601.280s][info][gc,mmu      ] GC(122) MMU: 2ms/76.9%, 5ms/90.7%, 10ms/95.0%, 20ms/97.5%, 50ms/98.9%, 100ms/99.0%
[2021-02-07T18:38:46.039+0300][601.280s][info][gc,marking  ] GC(122) Mark: 1 stripe(s), 2 proactive flush(es), 1 terminate flush(es), 1 completion(s), 0 continuation(s)
[2021-02-07T18:38:46.039+0300][601.280s][info][gc,nmethod  ] GC(122) NMethods: 1997 registered, 10 unregistered
[2021-02-07T18:38:46.040+0300][601.280s][info][gc,metaspace] GC(122) Metaspace: 6M used, 7M capacity, 7M committed, 1032M reserved
[2021-02-07T18:38:46.040+0300][601.280s][info][gc,ref      ] GC(122) Soft: 177 encountered, 106 discovered, 0 enqueued
[2021-02-07T18:38:46.040+0300][601.280s][info][gc,ref      ] GC(122) Weak: 1041 encountered, 644 discovered, 0 enqueued
[2021-02-07T18:38:46.040+0300][601.280s][info][gc,ref      ] GC(122) Final: 0 encountered, 0 discovered, 0 enqueued
[2021-02-07T18:38:46.040+0300][601.280s][info][gc,ref      ] GC(122) Phantom: 7 encountered, 6 discovered, 0 enqueued
[2021-02-07T18:38:46.040+0300][601.280s][info][gc,reloc    ] GC(122) Small Pages: 109 / 218M(94%), Empty: 0M(0%), Compacting: 4M(2%)->2M(1%)
[2021-02-07T18:38:46.040+0300][601.280s][info][gc,reloc    ] GC(122) Medium Pages: 0 / 0M(0%), Empty: 0M(0%), Compacting: 0M(0%)->0M(0%)
[2021-02-07T18:38:46.040+0300][601.280s][info][gc,reloc    ] GC(122) Large Pages: 1 / 14M(6%), Empty: 0M(0%), Compacting: 0M(0%)->0M(0%)
[2021-02-07T18:38:46.040+0300][601.280s][info][gc,reloc    ] GC(122) Relocation: Successful
[2021-02-07T18:38:46.040+0300][601.280s][info][gc,heap     ] GC(122) Min Capacity: 256M(100%)
[2021-02-07T18:38:46.040+0300][601.280s][info][gc,heap     ] GC(122) Max Capacity: 256M(100%)
[2021-02-07T18:38:46.040+0300][601.280s][info][gc,heap     ] GC(122) Soft Max Capacity: 256M(100%)
[2021-02-07T18:38:46.040+0300][601.280s][info][gc,heap     ] GC(122)                Mark Start          Mark End        Relocate Start      Relocate End           High               Low
[2021-02-07T18:38:46.040+0300][601.280s][info][gc,heap     ] GC(122)  Capacity:      256M (100%)        256M (100%)        256M (100%)        256M (100%)        256M (100%)        256M (100%)
[2021-02-07T18:38:46.040+0300][601.280s][info][gc,heap     ] GC(122)   Reserve:       12M (5%)           12M (5%)           12M (5%)           12M (5%)           12M (5%)           12M (5%)
[2021-02-07T18:38:46.040+0300][601.280s][info][gc,heap     ] GC(122)      Free:       12M (5%)           10M (4%)           10M (4%)           12M (5%)           12M (5%)            8M (3%)
[2021-02-07T18:38:46.040+0300][601.280s][info][gc,heap     ] GC(122)      Used:      232M (91%)         234M (91%)         234M (91%)         232M (91%)         236M (92%)         232M (91%)
[2021-02-07T18:38:46.040+0300][601.280s][info][gc,heap     ] GC(122)      Live:         -               222M (87%)         222M (87%)         222M (87%)            -                  -
[2021-02-07T18:38:46.040+0300][601.280s][info][gc,heap     ] GC(122) Allocated:         -                 2M (1%)            2M (1%)            4M (2%)             -                  -
[2021-02-07T18:38:46.040+0300][601.280s][info][gc,heap     ] GC(122)   Garbage:         -                 9M (4%)            9M (4%)            7M (3%)             -                  -
[2021-02-07T18:38:46.040+0300][601.280s][info][gc,heap     ] GC(122) Reclaimed:         -                  -                 0M (0%)            2M (1%)             -                  -
[2021-02-07T18:38:46.040+0300][601.280s][info][gc          ] GC(122) Garbage Collection (High Usage) 232M(91%)->232M(91%)
[2021-02-07T18:38:46.103+0300][601.343s][info][gc,start    ] GC(123) Garbage Collection (High Usage)
[2021-02-07T18:38:46.104+0300][601.344s][info][gc,phases   ] GC(123) Pause Mark Start 0.146ms
[2021-02-07T18:38:46.428+0300][601.669s][info][gc,phases   ] GC(123) Concurrent Mark 324.661ms
[2021-02-07T18:38:46.430+0300][601.670s][info][gc,phases   ] GC(123) Pause Mark End 0.101ms
[2021-02-07T18:38:46.433+0300][601.673s][info][gc,phases   ] GC(123) Concurrent Process Non-Strong References 3.282ms
[2021-02-07T18:38:46.433+0300][601.673s][info][gc,phases   ] GC(123) Concurrent Reset Relocation Set 0.073ms
[2021-02-07T18:38:46.435+0300][601.675s][info][gc,phases   ] GC(123) Concurrent Select Relocation Set 1.526ms
[2021-02-07T18:38:46.435+0300][601.675s][info][gc,phases   ] GC(123) Pause Relocate Start 0.089ms
[2021-02-07T18:38:46.438+0300][601.678s][info][gc,phases   ] GC(123) Concurrent Relocate 2.311ms
[2021-02-07T18:38:46.438+0300][601.678s][info][gc,load     ] GC(123) Load: 0.00/0.00/0.00
[2021-02-07T18:38:46.438+0300][601.678s][info][gc,mmu      ] GC(123) MMU: 2ms/76.9%, 5ms/90.7%, 10ms/95.0%, 20ms/97.5%, 50ms/98.9%, 100ms/99.0%
[2021-02-07T18:38:46.438+0300][601.678s][info][gc,marking  ] GC(123) Mark: 1 stripe(s), 2 proactive flush(es), 1 terminate flush(es), 1 completion(s), 0 continuation(s)
[2021-02-07T18:38:46.438+0300][601.678s][info][gc,nmethod  ] GC(123) NMethods: 1998 registered, 10 unregistered
[2021-02-07T18:38:46.438+0300][601.678s][info][gc,metaspace] GC(123) Metaspace: 6M used, 7M capacity, 7M committed, 1032M reserved
[2021-02-07T18:38:46.438+0300][601.678s][info][gc,ref      ] GC(123) Soft: 177 encountered, 107 discovered, 1 enqueued
[2021-02-07T18:38:46.438+0300][601.678s][info][gc,ref      ] GC(123) Weak: 1041 encountered, 644 discovered, 0 enqueued
[2021-02-07T18:38:46.438+0300][601.678s][info][gc,ref      ] GC(123) Final: 0 encountered, 0 discovered, 0 enqueued
[2021-02-07T18:38:46.438+0300][601.678s][info][gc,ref      ] GC(123) Phantom: 7 encountered, 6 discovered, 0 enqueued
[2021-02-07T18:38:46.438+0300][601.678s][info][gc,reloc    ] GC(123) Small Pages: 109 / 218M(94%), Empty: 0M(0%), Compacting: 4M(2%)->2M(1%)
[2021-02-07T18:38:46.438+0300][601.678s][info][gc,reloc    ] GC(123) Medium Pages: 0 / 0M(0%), Empty: 0M(0%), Compacting: 0M(0%)->0M(0%)
[2021-02-07T18:38:46.438+0300][601.678s][info][gc,reloc    ] GC(123) Large Pages: 1 / 14M(6%), Empty: 0M(0%), Compacting: 0M(0%)->0M(0%)
[2021-02-07T18:38:46.438+0300][601.678s][info][gc,reloc    ] GC(123) Relocation: Successful
[2021-02-07T18:38:46.438+0300][601.678s][info][gc,heap     ] GC(123) Min Capacity: 256M(100%)
[2021-02-07T18:38:46.438+0300][601.678s][info][gc,heap     ] GC(123) Max Capacity: 256M(100%)
[2021-02-07T18:38:46.438+0300][601.678s][info][gc,heap     ] GC(123) Soft Max Capacity: 256M(100%)
[2021-02-07T18:38:46.438+0300][601.678s][info][gc,heap     ] GC(123)                Mark Start          Mark End        Relocate Start      Relocate End           High               Low
[2021-02-07T18:38:46.438+0300][601.678s][info][gc,heap     ] GC(123)  Capacity:      256M (100%)        256M (100%)        256M (100%)        256M (100%)        256M (100%)        256M (100%)
[2021-02-07T18:38:46.438+0300][601.678s][info][gc,heap     ] GC(123)   Reserve:       12M (5%)           12M (5%)           12M (5%)           12M (5%)           12M (5%)           12M (5%)
[2021-02-07T18:38:46.438+0300][601.678s][info][gc,heap     ] GC(123)      Free:       12M (5%)           12M (5%)           12M (5%)           12M (5%)           12M (5%)            8M (3%)
[2021-02-07T18:38:46.438+0300][601.678s][info][gc,heap     ] GC(123)      Used:      232M (91%)         232M (91%)         232M (91%)         232M (91%)         236M (92%)         232M (91%)
[2021-02-07T18:38:46.438+0300][601.678s][info][gc,heap     ] GC(123)      Live:         -               222M (87%)         222M (87%)         222M (87%)            -                  -
[2021-02-07T18:38:46.438+0300][601.678s][info][gc,heap     ] GC(123) Allocated:         -                 0M (0%)            0M (0%)            4M (2%)             -                  -
[2021-02-07T18:38:46.438+0300][601.678s][info][gc,heap     ] GC(123)   Garbage:         -                 9M (4%)            9M (4%)            9M (4%)             -                  -
[2021-02-07T18:38:46.438+0300][601.678s][info][gc,heap     ] GC(123) Reclaimed:         -                  -                 0M (0%)            0M (0%)             -                  -
[2021-02-07T18:38:46.438+0300][601.678s][info][gc          ] GC(123) Garbage Collection (High Usage) 232M(91%)->232M(91%)
[2021-02-07T18:38:46.503+0300][601.743s][info][gc,start    ] GC(124) Garbage Collection (High Usage)
[2021-02-07T18:38:46.506+0300][601.746s][info][gc,phases   ] GC(124) Pause Mark Start 0.101ms
[2021-02-07T18:38:46.832+0300][602.072s][info][gc,phases   ] GC(124) Concurrent Mark 326.272ms
[2021-02-07T18:38:46.833+0300][602.074s][info][gc,phases   ] GC(124) Pause Mark End 0.201ms
[2021-02-07T18:38:46.837+0300][602.077s][info][gc,phases   ] GC(124) Concurrent Process Non-Strong References 3.303ms
[2021-02-07T18:38:46.837+0300][602.077s][info][gc,phases   ] GC(124) Concurrent Reset Relocation Set 0.175ms
[2021-02-07T18:38:46.839+0300][602.079s][info][gc,phases   ] GC(124) Concurrent Select Relocation Set 1.555ms
[2021-02-07T18:38:46.839+0300][602.079s][info][gc,phases   ] GC(124) Pause Relocate Start 0.123ms
[2021-02-07T18:38:46.842+0300][602.082s][info][gc,phases   ] GC(124) Concurrent Relocate 2.316ms
[2021-02-07T18:38:46.842+0300][602.082s][info][gc,load     ] GC(124) Load: 0.00/0.00/0.00
[2021-02-07T18:38:46.842+0300][602.082s][info][gc,mmu      ] GC(124) MMU: 2ms/76.9%, 5ms/90.7%, 10ms/95.0%, 20ms/97.5%, 50ms/98.9%, 100ms/99.0%
[2021-02-07T18:38:46.842+0300][602.082s][info][gc,marking  ] GC(124) Mark: 1 stripe(s), 2 proactive flush(es), 1 terminate flush(es), 1 completion(s), 0 continuation(s)
[2021-02-07T18:38:46.842+0300][602.082s][info][gc,nmethod  ] GC(124) NMethods: 2000 registered, 10 unregistered
[2021-02-07T18:38:46.842+0300][602.082s][info][gc,metaspace] GC(124) Metaspace: 6M used, 7M capacity, 7M committed, 1032M reserved
[2021-02-07T18:38:46.842+0300][602.082s][info][gc,ref      ] GC(124) Soft: 176 encountered, 106 discovered, 0 enqueued
[2021-02-07T18:38:46.842+0300][602.082s][info][gc,ref      ] GC(124) Weak: 1041 encountered, 644 discovered, 0 enqueued
[2021-02-07T18:38:46.842+0300][602.082s][info][gc,ref      ] GC(124) Final: 0 encountered, 0 discovered, 0 enqueued
[2021-02-07T18:38:46.842+0300][602.082s][info][gc,ref      ] GC(124) Phantom: 7 encountered, 6 discovered, 0 enqueued
[2021-02-07T18:38:46.842+0300][602.082s][info][gc,reloc    ] GC(124) Small Pages: 109 / 218M(94%), Empty: 0M(0%), Compacting: 4M(2%)->2M(1%)
[2021-02-07T18:38:46.842+0300][602.082s][info][gc,reloc    ] GC(124) Medium Pages: 0 / 0M(0%), Empty: 0M(0%), Compacting: 0M(0%)->0M(0%)
[2021-02-07T18:38:46.842+0300][602.082s][info][gc,reloc    ] GC(124) Large Pages: 1 / 14M(6%), Empty: 0M(0%), Compacting: 0M(0%)->0M(0%)
[2021-02-07T18:38:46.842+0300][602.082s][info][gc,reloc    ] GC(124) Relocation: Successful
[2021-02-07T18:38:46.842+0300][602.082s][info][gc,heap     ] GC(124) Min Capacity: 256M(100%)
[2021-02-07T18:38:46.842+0300][602.082s][info][gc,heap     ] GC(124) Max Capacity: 256M(100%)
[2021-02-07T18:38:46.842+0300][602.082s][info][gc,heap     ] GC(124) Soft Max Capacity: 256M(100%)
[2021-02-07T18:38:46.842+0300][602.082s][info][gc,heap     ] GC(124)                Mark Start          Mark End        Relocate Start      Relocate End           High               Low
[2021-02-07T18:38:46.842+0300][602.082s][info][gc,heap     ] GC(124)  Capacity:      256M (100%)        256M (100%)        256M (100%)        256M (100%)        256M (100%)        256M (100%)
[2021-02-07T18:38:46.842+0300][602.082s][info][gc,heap     ] GC(124)   Reserve:       12M (5%)           12M (5%)           12M (5%)           12M (5%)           12M (5%)           12M (5%)
[2021-02-07T18:38:46.842+0300][602.082s][info][gc,heap     ] GC(124)      Free:       12M (5%)           10M (4%)           10M (4%)           12M (5%)           12M (5%)            8M (3%)
[2021-02-07T18:38:46.842+0300][602.082s][info][gc,heap     ] GC(124)      Used:      232M (91%)         234M (91%)         234M (91%)         232M (91%)         236M (92%)         232M (91%)
[2021-02-07T18:38:46.842+0300][602.082s][info][gc,heap     ] GC(124)      Live:         -               222M (87%)         222M (87%)         222M (87%)            -                  -
[2021-02-07T18:38:46.842+0300][602.082s][info][gc,heap     ] GC(124) Allocated:         -                 2M (1%)            2M (1%)            4M (2%)             -                  -
[2021-02-07T18:38:46.842+0300][602.082s][info][gc,heap     ] GC(124)   Garbage:         -                 9M (4%)            9M (4%)            7M (3%)             -                  -
[2021-02-07T18:38:46.842+0300][602.082s][info][gc,heap     ] GC(124) Reclaimed:         -                  -                 0M (0%)            2M (1%)             -                  -
[2021-02-07T18:38:46.842+0300][602.082s][info][gc          ] GC(124) Garbage Collection (High Usage) 232M(91%)->232M(91%)
[2021-02-07T18:38:46.903+0300][602.143s][info][gc,start    ] GC(125) Garbage Collection (High Usage)
[2021-02-07T18:38:46.903+0300][602.143s][info][gc,phases   ] GC(125) Pause Mark Start 0.108ms
[2021-02-07T18:38:47.229+0300][602.469s][info][gc,phases   ] GC(125) Concurrent Mark 325.490ms
[2021-02-07T18:38:47.230+0300][602.470s][info][gc,phases   ] GC(125) Pause Mark End 0.206ms
[2021-02-07T18:38:47.233+0300][602.473s][info][gc,phases   ] GC(125) Concurrent Process Non-Strong References 3.301ms
[2021-02-07T18:38:47.233+0300][602.473s][info][gc,phases   ] GC(125) Concurrent Reset Relocation Set 0.074ms
[2021-02-07T18:38:47.235+0300][602.475s][info][gc,phases   ] GC(125) Concurrent Select Relocation Set 1.524ms
[2021-02-07T18:38:47.235+0300][602.476s][info][gc,phases   ] GC(125) Pause Relocate Start 0.122ms
[2021-02-07T18:38:47.238+0300][602.478s][info][gc,phases   ] GC(125) Concurrent Relocate 2.351ms
[2021-02-07T18:38:47.238+0300][602.478s][info][gc,load     ] GC(125) Load: 0.00/0.00/0.00
[2021-02-07T18:38:47.238+0300][602.478s][info][gc,mmu      ] GC(125) MMU: 2ms/76.9%, 5ms/90.7%, 10ms/95.0%, 20ms/97.5%, 50ms/98.9%, 100ms/99.0%
[2021-02-07T18:38:47.238+0300][602.478s][info][gc,marking  ] GC(125) Mark: 1 stripe(s), 2 proactive flush(es), 1 terminate flush(es), 1 completion(s), 0 continuation(s)
[2021-02-07T18:38:47.238+0300][602.478s][info][gc,nmethod  ] GC(125) NMethods: 2002 registered, 10 unregistered
[2021-02-07T18:38:47.238+0300][602.478s][info][gc,metaspace] GC(125) Metaspace: 6M used, 7M capacity, 7M committed, 1032M reserved
[2021-02-07T18:38:47.238+0300][602.478s][info][gc,ref      ] GC(125) Soft: 176 encountered, 106 discovered, 0 enqueued
[2021-02-07T18:38:47.238+0300][602.478s][info][gc,ref      ] GC(125) Weak: 1041 encountered, 644 discovered, 0 enqueued
[2021-02-07T18:38:47.238+0300][602.478s][info][gc,ref      ] GC(125) Final: 0 encountered, 0 discovered, 0 enqueued
[2021-02-07T18:38:47.238+0300][602.478s][info][gc,ref      ] GC(125) Phantom: 7 encountered, 6 discovered, 0 enqueued
[2021-02-07T18:38:47.238+0300][602.478s][info][gc,reloc    ] GC(125) Small Pages: 109 / 218M(94%), Empty: 0M(0%), Compacting: 4M(2%)->2M(1%)
[2021-02-07T18:38:47.238+0300][602.478s][info][gc,reloc    ] GC(125) Medium Pages: 0 / 0M(0%), Empty: 0M(0%), Compacting: 0M(0%)->0M(0%)
[2021-02-07T18:38:47.238+0300][602.478s][info][gc,reloc    ] GC(125) Large Pages: 1 / 14M(6%), Empty: 0M(0%), Compacting: 0M(0%)->0M(0%)
[2021-02-07T18:38:47.238+0300][602.478s][info][gc,reloc    ] GC(125) Relocation: Successful
[2021-02-07T18:38:47.238+0300][602.478s][info][gc,heap     ] GC(125) Min Capacity: 256M(100%)
[2021-02-07T18:38:47.238+0300][602.478s][info][gc,heap     ] GC(125) Max Capacity: 256M(100%)
[2021-02-07T18:38:47.238+0300][602.478s][info][gc,heap     ] GC(125) Soft Max Capacity: 256M(100%)
[2021-02-07T18:38:47.238+0300][602.478s][info][gc,heap     ] GC(125)                Mark Start          Mark End        Relocate Start      Relocate End           High               Low
[2021-02-07T18:38:47.238+0300][602.478s][info][gc,heap     ] GC(125)  Capacity:      256M (100%)        256M (100%)        256M (100%)        256M (100%)        256M (100%)        256M (100%)
[2021-02-07T18:38:47.238+0300][602.478s][info][gc,heap     ] GC(125)   Reserve:       12M (5%)           12M (5%)           12M (5%)           12M (5%)           12M (5%)           12M (5%)
[2021-02-07T18:38:47.238+0300][602.478s][info][gc,heap     ] GC(125)      Free:       12M (5%)           10M (4%)           10M (4%)           12M (5%)           12M (5%)            8M (3%)
[2021-02-07T18:38:47.238+0300][602.478s][info][gc,heap     ] GC(125)      Used:      232M (91%)         234M (91%)         234M (91%)         232M (91%)         236M (92%)         232M (91%)
[2021-02-07T18:38:47.238+0300][602.478s][info][gc,heap     ] GC(125)      Live:         -               222M (87%)         222M (87%)         222M (87%)            -                  -
[2021-02-07T18:38:47.238+0300][602.478s][info][gc,heap     ] GC(125) Allocated:         -                 2M (1%)            2M (1%)            4M (2%)             -                  -
[2021-02-07T18:38:47.238+0300][602.478s][info][gc,heap     ] GC(125)   Garbage:         -                 9M (4%)            9M (4%)            7M (3%)             -                  -
[2021-02-07T18:38:47.238+0300][602.478s][info][gc,heap     ] GC(125) Reclaimed:         -                  -                 0M (0%)            2M (1%)             -                  -
[2021-02-07T18:38:47.238+0300][602.478s][info][gc          ] GC(125) Garbage Collection (High Usage) 232M(91%)->232M(91%)
[2021-02-07T18:38:47.303+0300][602.543s][info][gc,start    ] GC(126) Garbage Collection (High Usage)
[2021-02-07T18:38:47.303+0300][602.543s][info][gc,phases   ] GC(126) Pause Mark Start 0.125ms
[2021-02-07T18:38:47.629+0300][602.869s][info][gc,phases   ] GC(126) Concurrent Mark 325.845ms
[2021-02-07T18:38:47.630+0300][602.871s][info][gc,phases   ] GC(126) Pause Mark End 0.216ms
[2021-02-07T18:38:47.634+0300][602.874s][info][gc,phases   ] GC(126) Concurrent Process Non-Strong References 3.335ms
[2021-02-07T18:38:47.634+0300][602.874s][info][gc,phases   ] GC(126) Concurrent Reset Relocation Set 0.073ms
[2021-02-07T18:38:47.635+0300][602.876s][info][gc,phases   ] GC(126) Concurrent Select Relocation Set 1.525ms
[2021-02-07T18:38:47.636+0300][602.876s][info][gc,phases   ] GC(126) Pause Relocate Start 0.121ms
[2021-02-07T18:38:47.639+0300][602.879s][info][gc,phases   ] GC(126) Concurrent Relocate 2.394ms
[2021-02-07T18:38:47.639+0300][602.879s][info][gc,load     ] GC(126) Load: 0.00/0.00/0.00
[2021-02-07T18:38:47.639+0300][602.879s][info][gc,mmu      ] GC(126) MMU: 2ms/76.9%, 5ms/90.7%, 10ms/95.0%, 20ms/97.5%, 50ms/98.9%, 100ms/99.0%
[2021-02-07T18:38:47.639+0300][602.879s][info][gc,marking  ] GC(126) Mark: 1 stripe(s), 2 proactive flush(es), 1 terminate flush(es), 1 completion(s), 0 continuation(s)
[2021-02-07T18:38:47.639+0300][602.879s][info][gc,nmethod  ] GC(126) NMethods: 2004 registered, 10 unregistered
[2021-02-07T18:38:47.639+0300][602.879s][info][gc,metaspace] GC(126) Metaspace: 6M used, 7M capacity, 7M committed, 1032M reserved
[2021-02-07T18:38:47.639+0300][602.879s][info][gc,ref      ] GC(126) Soft: 176 encountered, 106 discovered, 0 enqueued
[2021-02-07T18:38:47.639+0300][602.879s][info][gc,ref      ] GC(126) Weak: 1041 encountered, 644 discovered, 0 enqueued
[2021-02-07T18:38:47.639+0300][602.879s][info][gc,ref      ] GC(126) Final: 0 encountered, 0 discovered, 0 enqueued
[2021-02-07T18:38:47.639+0300][602.879s][info][gc,ref      ] GC(126) Phantom: 7 encountered, 6 discovered, 0 enqueued
[2021-02-07T18:38:47.639+0300][602.879s][info][gc,reloc    ] GC(126) Small Pages: 109 / 218M(94%), Empty: 0M(0%), Compacting: 4M(2%)->2M(1%)
[2021-02-07T18:38:47.639+0300][602.879s][info][gc,reloc    ] GC(126) Medium Pages: 0 / 0M(0%), Empty: 0M(0%), Compacting: 0M(0%)->0M(0%)
[2021-02-07T18:38:47.639+0300][602.879s][info][gc,reloc    ] GC(126) Large Pages: 1 / 14M(6%), Empty: 0M(0%), Compacting: 0M(0%)->0M(0%)
[2021-02-07T18:38:47.639+0300][602.879s][info][gc,reloc    ] GC(126) Relocation: Successful
[2021-02-07T18:38:47.639+0300][602.879s][info][gc,heap     ] GC(126) Min Capacity: 256M(100%)
[2021-02-07T18:38:47.639+0300][602.879s][info][gc,heap     ] GC(126) Max Capacity: 256M(100%)
[2021-02-07T18:38:47.639+0300][602.879s][info][gc,heap     ] GC(126) Soft Max Capacity: 256M(100%)
[2021-02-07T18:38:47.639+0300][602.879s][info][gc,heap     ] GC(126)                Mark Start          Mark End        Relocate Start      Relocate End           High               Low
[2021-02-07T18:38:47.639+0300][602.879s][info][gc,heap     ] GC(126)  Capacity:      256M (100%)        256M (100%)        256M (100%)        256M (100%)        256M (100%)        256M (100%)
[2021-02-07T18:38:47.639+0300][602.879s][info][gc,heap     ] GC(126)   Reserve:       12M (5%)           12M (5%)           12M (5%)           12M (5%)           12M (5%)           12M (5%)
[2021-02-07T18:38:47.639+0300][602.879s][info][gc,heap     ] GC(126)      Free:       12M (5%)           10M (4%)           10M (4%)           12M (5%)           12M (5%)            8M (3%)
[2021-02-07T18:38:47.639+0300][602.879s][info][gc,heap     ] GC(126)      Used:      232M (91%)         234M (91%)         234M (91%)         232M (91%)         236M (92%)         232M (91%)
[2021-02-07T18:38:47.639+0300][602.879s][info][gc,heap     ] GC(126)      Live:         -               222M (87%)         222M (87%)         222M (87%)            -                  -
[2021-02-07T18:38:47.639+0300][602.879s][info][gc,heap     ] GC(126) Allocated:         -                 2M (1%)            2M (1%)            4M (2%)             -                  -
[2021-02-07T18:38:47.639+0300][602.879s][info][gc,heap     ] GC(126)   Garbage:         -                 9M (4%)            9M (4%)            7M (3%)             -                  -
[2021-02-07T18:38:47.639+0300][602.879s][info][gc,heap     ] GC(126) Reclaimed:         -                  -                 0M (0%)            2M (1%)             -                  -
[2021-02-07T18:38:47.639+0300][602.879s][info][gc          ] GC(126) Garbage Collection (High Usage) 232M(91%)->232M(91%)
[2021-02-07T18:38:47.703+0300][602.943s][info][gc,start    ] GC(127) Garbage Collection (High Usage)
[2021-02-07T18:38:47.703+0300][602.944s][info][gc,phases   ] GC(127) Pause Mark Start 0.108ms
[2021-02-07T18:38:48.028+0300][603.269s][info][gc,phases   ] GC(127) Concurrent Mark 324.817ms
[2021-02-07T18:38:48.030+0300][603.270s][info][gc,phases   ] GC(127) Pause Mark End 0.195ms
[2021-02-07T18:38:48.033+0300][603.273s][info][gc,phases   ] GC(127) Concurrent Process Non-Strong References 3.485ms
[2021-02-07T18:38:48.033+0300][603.274s][info][gc,phases   ] GC(127) Concurrent Reset Relocation Set 0.074ms
[2021-02-07T18:38:48.035+0300][603.275s][info][gc,phases   ] GC(127) Concurrent Select Relocation Set 1.533ms
[2021-02-07T18:38:48.036+0300][603.276s][info][gc,phases   ] GC(127) Pause Relocate Start 0.108ms
[2021-02-07T18:38:48.038+0300][603.278s][info][gc,phases   ] GC(127) Concurrent Relocate 2.147ms
[2021-02-07T18:38:48.038+0300][603.278s][info][gc,load     ] GC(127) Load: 0.00/0.00/0.00
[2021-02-07T18:38:48.038+0300][603.278s][info][gc,mmu      ] GC(127) MMU: 2ms/76.9%, 5ms/90.7%, 10ms/95.0%, 20ms/97.5%, 50ms/98.9%, 100ms/99.0%
[2021-02-07T18:38:48.038+0300][603.278s][info][gc,marking  ] GC(127) Mark: 1 stripe(s), 2 proactive flush(es), 1 terminate flush(es), 1 completion(s), 0 continuation(s)
[2021-02-07T18:38:48.038+0300][603.278s][info][gc,nmethod  ] GC(127) NMethods: 2007 registered, 10 unregistered
[2021-02-07T18:38:48.038+0300][603.278s][info][gc,metaspace] GC(127) Metaspace: 6M used, 7M capacity, 7M committed, 1032M reserved
[2021-02-07T18:38:48.038+0300][603.278s][info][gc,ref      ] GC(127) Soft: 176 encountered, 106 discovered, 0 enqueued
[2021-02-07T18:38:48.038+0300][603.278s][info][gc,ref      ] GC(127) Weak: 1041 encountered, 644 discovered, 0 enqueued
[2021-02-07T18:38:48.038+0300][603.278s][info][gc,ref      ] GC(127) Final: 0 encountered, 0 discovered, 0 enqueued
[2021-02-07T18:38:48.038+0300][603.278s][info][gc,ref      ] GC(127) Phantom: 7 encountered, 6 discovered, 0 enqueued
[2021-02-07T18:38:48.038+0300][603.278s][info][gc,reloc    ] GC(127) Small Pages: 109 / 218M(94%), Empty: 0M(0%), Compacting: 4M(2%)->2M(1%)
[2021-02-07T18:38:48.038+0300][603.278s][info][gc,reloc    ] GC(127) Medium Pages: 0 / 0M(0%), Empty: 0M(0%), Compacting: 0M(0%)->0M(0%)
[2021-02-07T18:38:48.038+0300][603.278s][info][gc,reloc    ] GC(127) Large Pages: 1 / 14M(6%), Empty: 0M(0%), Compacting: 0M(0%)->0M(0%)
[2021-02-07T18:38:48.038+0300][603.278s][info][gc,reloc    ] GC(127) Relocation: Successful
[2021-02-07T18:38:48.038+0300][603.278s][info][gc,heap     ] GC(127) Min Capacity: 256M(100%)
[2021-02-07T18:38:48.038+0300][603.278s][info][gc,heap     ] GC(127) Max Capacity: 256M(100%)
[2021-02-07T18:38:48.038+0300][603.278s][info][gc,heap     ] GC(127) Soft Max Capacity: 256M(100%)
[2021-02-07T18:38:48.038+0300][603.278s][info][gc,heap     ] GC(127)                Mark Start          Mark End        Relocate Start      Relocate End           High               Low
[2021-02-07T18:38:48.038+0300][603.278s][info][gc,heap     ] GC(127)  Capacity:      256M (100%)        256M (100%)        256M (100%)        256M (100%)        256M (100%)        256M (100%)
[2021-02-07T18:38:48.038+0300][603.278s][info][gc,heap     ] GC(127)   Reserve:       12M (5%)           12M (5%)           12M (5%)           12M (5%)           12M (5%)           12M (5%)
[2021-02-07T18:38:48.038+0300][603.278s][info][gc,heap     ] GC(127)      Free:       12M (5%)           10M (4%)           10M (4%)           12M (5%)           12M (5%)            8M (3%)
[2021-02-07T18:38:48.038+0300][603.278s][info][gc,heap     ] GC(127)      Used:      232M (91%)         234M (91%)         234M (91%)         232M (91%)         236M (92%)         232M (91%)
[2021-02-07T18:38:48.038+0300][603.278s][info][gc,heap     ] GC(127)      Live:         -               222M (87%)         222M (87%)         222M (87%)            -                  -
[2021-02-07T18:38:48.038+0300][603.278s][info][gc,heap     ] GC(127) Allocated:         -                 2M (1%)            2M (1%)            4M (2%)             -                  -
[2021-02-07T18:38:48.038+0300][603.278s][info][gc,heap     ] GC(127)   Garbage:         -                 9M (4%)            9M (4%)            7M (3%)             -                  -
[2021-02-07T18:38:48.038+0300][603.278s][info][gc,heap     ] GC(127) Reclaimed:         -                  -                 0M (0%)            2M (1%)             -                  -
[2021-02-07T18:38:48.038+0300][603.278s][info][gc          ] GC(127) Garbage Collection (High Usage) 232M(91%)->232M(91%)
[2021-02-07T18:38:48.104+0300][603.344s][info][gc,start    ] GC(128) Garbage Collection (High Usage)
[2021-02-07T18:38:48.104+0300][603.345s][info][gc,phases   ] GC(128) Pause Mark Start 0.129ms
[2021-02-07T18:38:48.427+0300][603.667s][info][gc,phases   ] GC(128) Concurrent Mark 322.060ms
[2021-02-07T18:38:48.428+0300][603.668s][info][gc,phases   ] GC(128) Pause Mark End 0.215ms
[2021-02-07T18:38:48.431+0300][603.671s][info][gc,phases   ] GC(128) Concurrent Process Non-Strong References 3.384ms
[2021-02-07T18:38:48.431+0300][603.672s][info][gc,phases   ] GC(128) Concurrent Reset Relocation Set 0.075ms
[2021-02-07T18:38:48.433+0300][603.673s][info][gc,phases   ] GC(128) Concurrent Select Relocation Set 1.564ms
[2021-02-07T18:38:48.434+0300][603.674s][info][gc,phases   ] GC(128) Pause Relocate Start 0.116ms
[2021-02-07T18:38:48.435+0300][603.676s][info][gc,phases   ] GC(128) Concurrent Relocate 1.772ms
[2021-02-07T18:38:48.435+0300][603.676s][info][gc,load     ] GC(128) Load: 0.00/0.00/0.00
[2021-02-07T18:38:48.436+0300][603.676s][info][gc,mmu      ] GC(128) MMU: 2ms/76.9%, 5ms/90.7%, 10ms/95.0%, 20ms/97.5%, 50ms/98.9%, 100ms/99.0%
[2021-02-07T18:38:48.436+0300][603.676s][info][gc,marking  ] GC(128) Mark: 1 stripe(s), 2 proactive flush(es), 1 terminate flush(es), 1 completion(s), 0 continuation(s)
[2021-02-07T18:38:48.436+0300][603.676s][info][gc,nmethod  ] GC(128) NMethods: 2014 registered, 10 unregistered
[2021-02-07T18:38:48.436+0300][603.676s][info][gc,metaspace] GC(128) Metaspace: 6M used, 7M capacity, 7M committed, 1032M reserved
[2021-02-07T18:38:48.436+0300][603.676s][info][gc,ref      ] GC(128) Soft: 176 encountered, 107 discovered, 1 enqueued
[2021-02-07T18:38:48.436+0300][603.676s][info][gc,ref      ] GC(128) Weak: 1041 encountered, 644 discovered, 0 enqueued
[2021-02-07T18:38:48.436+0300][603.676s][info][gc,ref      ] GC(128) Final: 0 encountered, 0 discovered, 0 enqueued
[2021-02-07T18:38:48.436+0300][603.676s][info][gc,ref      ] GC(128) Phantom: 7 encountered, 6 discovered, 0 enqueued
[2021-02-07T18:38:48.436+0300][603.676s][info][gc,reloc    ] GC(128) Small Pages: 109 / 218M(94%), Empty: 0M(0%), Compacting: 4M(2%)->2M(1%)
[2021-02-07T18:38:48.436+0300][603.676s][info][gc,reloc    ] GC(128) Medium Pages: 0 / 0M(0%), Empty: 0M(0%), Compacting: 0M(0%)->0M(0%)
[2021-02-07T18:38:48.436+0300][603.676s][info][gc,reloc    ] GC(128) Large Pages: 1 / 14M(6%), Empty: 0M(0%), Compacting: 0M(0%)->0M(0%)
[2021-02-07T18:38:48.436+0300][603.676s][info][gc,reloc    ] GC(128) Relocation: Successful
[2021-02-07T18:38:48.436+0300][603.676s][info][gc,heap     ] GC(128) Min Capacity: 256M(100%)
[2021-02-07T18:38:48.436+0300][603.676s][info][gc,heap     ] GC(128) Max Capacity: 256M(100%)
[2021-02-07T18:38:48.436+0300][603.676s][info][gc,heap     ] GC(128) Soft Max Capacity: 256M(100%)
[2021-02-07T18:38:48.436+0300][603.676s][info][gc,heap     ] GC(128)                Mark Start          Mark End        Relocate Start      Relocate End           High               Low
[2021-02-07T18:38:48.436+0300][603.676s][info][gc,heap     ] GC(128)  Capacity:      256M (100%)        256M (100%)        256M (100%)        256M (100%)        256M (100%)        256M (100%)
[2021-02-07T18:38:48.436+0300][603.676s][info][gc,heap     ] GC(128)   Reserve:       12M (5%)           12M (5%)           12M (5%)           12M (5%)           12M (5%)           12M (5%)
[2021-02-07T18:38:48.436+0300][603.676s][info][gc,heap     ] GC(128)      Free:       12M (5%)           12M (5%)           12M (5%)           12M (5%)           12M (5%)            8M (3%)
[2021-02-07T18:38:48.436+0300][603.676s][info][gc,heap     ] GC(128)      Used:      232M (91%)         232M (91%)         232M (91%)         232M (91%)         236M (92%)         232M (91%)
[2021-02-07T18:38:48.436+0300][603.676s][info][gc,heap     ] GC(128)      Live:         -               222M (87%)         222M (87%)         222M (87%)            -                  -
[2021-02-07T18:38:48.436+0300][603.676s][info][gc,heap     ] GC(128) Allocated:         -                 0M (0%)            0M (0%)            4M (2%)             -                  -
[2021-02-07T18:38:48.436+0300][603.676s][info][gc,heap     ] GC(128)   Garbage:         -                 9M (4%)            9M (4%)            9M (4%)             -                  -
[2021-02-07T18:38:48.436+0300][603.676s][info][gc,heap     ] GC(128) Reclaimed:         -                  -                 0M (0%)            0M (0%)             -                  -
[2021-02-07T18:38:48.436+0300][603.676s][info][gc          ] GC(128) Garbage Collection (High Usage) 232M(91%)->232M(91%)
[2021-02-07T18:38:48.504+0300][603.744s][info][gc,start    ] GC(129) Garbage Collection (High Usage)
[2021-02-07T18:38:48.505+0300][603.745s][info][gc,phases   ] GC(129) Pause Mark Start 0.135ms
[2021-02-07T18:38:48.830+0300][604.070s][info][gc,phases   ] GC(129) Concurrent Mark 325.039ms
[2021-02-07T18:38:48.831+0300][604.071s][info][gc,phases   ] GC(129) Pause Mark End 0.216ms
[2021-02-07T18:38:48.835+0300][604.075s][info][gc,phases   ] GC(129) Concurrent Process Non-Strong References 3.281ms
[2021-02-07T18:38:48.835+0300][604.075s][info][gc,phases   ] GC(129) Concurrent Reset Relocation Set 0.078ms
[2021-02-07T18:38:48.836+0300][604.076s][info][gc,phases   ] GC(129) Concurrent Select Relocation Set 1.524ms
[2021-02-07T18:38:48.837+0300][604.077s][info][gc,phases   ] GC(129) Pause Relocate Start 0.126ms
[2021-02-07T18:38:48.839+0300][604.079s][info][gc,phases   ] GC(129) Concurrent Relocate 1.751ms
[2021-02-07T18:38:48.839+0300][604.079s][info][gc,load     ] GC(129) Load: 0.00/0.00/0.00
[2021-02-07T18:38:48.839+0300][604.079s][info][gc,mmu      ] GC(129) MMU: 2ms/76.9%, 5ms/90.7%, 10ms/95.0%, 20ms/97.5%, 50ms/98.9%, 100ms/99.0%
[2021-02-07T18:38:48.839+0300][604.079s][info][gc,marking  ] GC(129) Mark: 1 stripe(s), 2 proactive flush(es), 1 terminate flush(es), 1 completion(s), 0 continuation(s)
[2021-02-07T18:38:48.839+0300][604.079s][info][gc,nmethod  ] GC(129) NMethods: 2014 registered, 10 unregistered
[2021-02-07T18:38:48.839+0300][604.079s][info][gc,metaspace] GC(129) Metaspace: 6M used, 7M capacity, 7M committed, 1032M reserved
[2021-02-07T18:38:48.839+0300][604.079s][info][gc,ref      ] GC(129) Soft: 175 encountered, 106 discovered, 0 enqueued
[2021-02-07T18:38:48.839+0300][604.079s][info][gc,ref      ] GC(129) Weak: 1041 encountered, 644 discovered, 0 enqueued
[2021-02-07T18:38:48.839+0300][604.079s][info][gc,ref      ] GC(129) Final: 0 encountered, 0 discovered, 0 enqueued
[2021-02-07T18:38:48.839+0300][604.079s][info][gc,ref      ] GC(129) Phantom: 7 encountered, 6 discovered, 0 enqueued
[2021-02-07T18:38:48.839+0300][604.079s][info][gc,reloc    ] GC(129) Small Pages: 109 / 218M(94%), Empty: 0M(0%), Compacting: 4M(2%)->2M(1%)
[2021-02-07T18:38:48.839+0300][604.079s][info][gc,reloc    ] GC(129) Medium Pages: 0 / 0M(0%), Empty: 0M(0%), Compacting: 0M(0%)->0M(0%)
[2021-02-07T18:38:48.839+0300][604.079s][info][gc,reloc    ] GC(129) Large Pages: 1 / 14M(6%), Empty: 0M(0%), Compacting: 0M(0%)->0M(0%)
[2021-02-07T18:38:48.839+0300][604.079s][info][gc,reloc    ] GC(129) Relocation: Successful
[2021-02-07T18:38:48.839+0300][604.079s][info][gc,heap     ] GC(129) Min Capacity: 256M(100%)
[2021-02-07T18:38:48.839+0300][604.079s][info][gc,heap     ] GC(129) Max Capacity: 256M(100%)
[2021-02-07T18:38:48.839+0300][604.079s][info][gc,heap     ] GC(129) Soft Max Capacity: 256M(100%)
[2021-02-07T18:38:48.839+0300][604.079s][info][gc,heap     ] GC(129)                Mark Start          Mark End        Relocate Start      Relocate End           High               Low
[2021-02-07T18:38:48.839+0300][604.079s][info][gc,heap     ] GC(129)  Capacity:      256M (100%)        256M (100%)        256M (100%)        256M (100%)        256M (100%)        256M (100%)
[2021-02-07T18:38:48.839+0300][604.079s][info][gc,heap     ] GC(129)   Reserve:       12M (5%)           12M (5%)           12M (5%)           12M (5%)           12M (5%)           12M (5%)
[2021-02-07T18:38:48.839+0300][604.079s][info][gc,heap     ] GC(129)      Free:       12M (5%)           10M (4%)           10M (4%)           12M (5%)           12M (5%)            8M (3%)
[2021-02-07T18:38:48.839+0300][604.079s][info][gc,heap     ] GC(129)      Used:      232M (91%)         234M (91%)         234M (91%)         232M (91%)         236M (92%)         232M (91%)
[2021-02-07T18:38:48.839+0300][604.079s][info][gc,heap     ] GC(129)      Live:         -               222M (87%)         222M (87%)         222M (87%)            -                  -
[2021-02-07T18:38:48.839+0300][604.079s][info][gc,heap     ] GC(129) Allocated:         -                 2M (1%)            2M (1%)            4M (2%)             -                  -
[2021-02-07T18:38:48.839+0300][604.079s][info][gc,heap     ] GC(129)   Garbage:         -                 9M (4%)            9M (4%)            7M (3%)             -                  -
[2021-02-07T18:38:48.839+0300][604.079s][info][gc,heap     ] GC(129) Reclaimed:         -                  -                 0M (0%)            2M (1%)             -                  -
[2021-02-07T18:38:48.839+0300][604.079s][info][gc          ] GC(129) Garbage Collection (High Usage) 232M(91%)->232M(91%)
[2021-02-07T18:38:48.904+0300][604.144s][info][gc,start    ] GC(130) Garbage Collection (High Usage)
[2021-02-07T18:38:48.904+0300][604.144s][info][gc,phases   ] GC(130) Pause Mark Start 0.131ms
[2021-02-07T18:38:49.227+0300][604.467s][info][gc,phases   ] GC(130) Concurrent Mark 323.004ms
[2021-02-07T18:38:49.228+0300][604.469s][info][gc,phases   ] GC(130) Pause Mark End 0.201ms
[2021-02-07T18:38:49.232+0300][604.472s][info][gc,phases   ] GC(130) Concurrent Process Non-Strong References 3.333ms
[2021-02-07T18:38:49.232+0300][604.472s][info][gc,phases   ] GC(130) Concurrent Reset Relocation Set 0.078ms
[2021-02-07T18:38:49.234+0300][604.474s][info][gc,phases   ] GC(130) Concurrent Select Relocation Set 1.533ms
[2021-02-07T18:38:49.234+0300][604.474s][info][gc,phases   ] GC(130) Pause Relocate Start 0.121ms
[2021-02-07T18:38:49.236+0300][604.476s][info][gc,phases   ] GC(130) Concurrent Relocate 1.645ms
[2021-02-07T18:38:49.236+0300][604.476s][info][gc,load     ] GC(130) Load: 0.00/0.00/0.00
[2021-02-07T18:38:49.236+0300][604.476s][info][gc,mmu      ] GC(130) MMU: 2ms/76.9%, 5ms/90.7%, 10ms/95.0%, 20ms/97.5%, 50ms/98.9%, 100ms/99.0%
[2021-02-07T18:38:49.236+0300][604.476s][info][gc,marking  ] GC(130) Mark: 1 stripe(s), 2 proactive flush(es), 1 terminate flush(es), 1 completion(s), 0 continuation(s)
[2021-02-07T18:38:49.236+0300][604.476s][info][gc,nmethod  ] GC(130) NMethods: 2016 registered, 10 unregistered
[2021-02-07T18:38:49.236+0300][604.476s][info][gc,metaspace] GC(130) Metaspace: 6M used, 7M capacity, 7M committed, 1032M reserved
[2021-02-07T18:38:49.236+0300][604.476s][info][gc,ref      ] GC(130) Soft: 175 encountered, 106 discovered, 0 enqueued
[2021-02-07T18:38:49.236+0300][604.476s][info][gc,ref      ] GC(130) Weak: 1041 encountered, 644 discovered, 0 enqueued
[2021-02-07T18:38:49.236+0300][604.476s][info][gc,ref      ] GC(130) Final: 0 encountered, 0 discovered, 0 enqueued
[2021-02-07T18:38:49.236+0300][604.476s][info][gc,ref      ] GC(130) Phantom: 7 encountered, 6 discovered, 0 enqueued
[2021-02-07T18:38:49.236+0300][604.476s][info][gc,reloc    ] GC(130) Small Pages: 109 / 218M(94%), Empty: 0M(0%), Compacting: 4M(2%)->2M(1%)
[2021-02-07T18:38:49.236+0300][604.476s][info][gc,reloc    ] GC(130) Medium Pages: 0 / 0M(0%), Empty: 0M(0%), Compacting: 0M(0%)->0M(0%)
[2021-02-07T18:38:49.236+0300][604.476s][info][gc,reloc    ] GC(130) Large Pages: 1 / 14M(6%), Empty: 0M(0%), Compacting: 0M(0%)->0M(0%)
[2021-02-07T18:38:49.236+0300][604.476s][info][gc,reloc    ] GC(130) Relocation: Successful
[2021-02-07T18:38:49.236+0300][604.476s][info][gc,heap     ] GC(130) Min Capacity: 256M(100%)
[2021-02-07T18:38:49.236+0300][604.476s][info][gc,heap     ] GC(130) Max Capacity: 256M(100%)
[2021-02-07T18:38:49.236+0300][604.476s][info][gc,heap     ] GC(130) Soft Max Capacity: 256M(100%)
[2021-02-07T18:38:49.236+0300][604.476s][info][gc,heap     ] GC(130)                Mark Start          Mark End        Relocate Start      Relocate End           High               Low
[2021-02-07T18:38:49.236+0300][604.476s][info][gc,heap     ] GC(130)  Capacity:      256M (100%)        256M (100%)        256M (100%)        256M (100%)        256M (100%)        256M (100%)
[2021-02-07T18:38:49.236+0300][604.476s][info][gc,heap     ] GC(130)   Reserve:       12M (5%)           12M (5%)           12M (5%)           12M (5%)           12M (5%)           12M (5%)
[2021-02-07T18:38:49.236+0300][604.476s][info][gc,heap     ] GC(130)      Free:       12M (5%)           10M (4%)           10M (4%)           12M (5%)           12M (5%)            8M (3%)
[2021-02-07T18:38:49.236+0300][604.476s][info][gc,heap     ] GC(130)      Used:      232M (91%)         234M (91%)         234M (91%)         232M (91%)         236M (92%)         232M (91%)
[2021-02-07T18:38:49.236+0300][604.476s][info][gc,heap     ] GC(130)      Live:         -               222M (87%)         222M (87%)         222M (87%)            -                  -
[2021-02-07T18:38:49.236+0300][604.476s][info][gc,heap     ] GC(130) Allocated:         -                 2M (1%)            2M (1%)            4M (2%)             -                  -
[2021-02-07T18:38:49.236+0300][604.476s][info][gc,heap     ] GC(130)   Garbage:         -                 9M (4%)            9M (4%)            7M (3%)             -                  -
[2021-02-07T18:38:49.236+0300][604.476s][info][gc,heap     ] GC(130) Reclaimed:         -                  -                 0M (0%)            2M (1%)             -                  -
[2021-02-07T18:38:49.236+0300][604.476s][info][gc          ] GC(130) Garbage Collection (High Usage) 232M(91%)->232M(91%)
[2021-02-07T18:38:49.303+0300][604.543s][info][gc,start    ] GC(131) Garbage Collection (High Usage)
[2021-02-07T18:38:49.304+0300][604.544s][info][gc,phases   ] GC(131) Pause Mark Start 0.136ms
[2021-02-07T18:38:49.629+0300][604.869s][info][gc,phases   ] GC(131) Concurrent Mark 324.831ms
[2021-02-07T18:38:49.630+0300][604.870s][info][gc,phases   ] GC(131) Pause Mark End 0.209ms
[2021-02-07T18:38:49.633+0300][604.874s][info][gc,phases   ] GC(131) Concurrent Process Non-Strong References 3.393ms
[2021-02-07T18:38:49.633+0300][604.874s][info][gc,phases   ] GC(131) Concurrent Reset Relocation Set 0.076ms
[2021-02-07T18:38:49.635+0300][604.875s][info][gc,phases   ] GC(131) Concurrent Select Relocation Set 1.519ms
[2021-02-07T18:38:49.636+0300][604.876s][info][gc,phases   ] GC(131) Pause Relocate Start 0.115ms
[2021-02-07T18:38:49.637+0300][604.877s][info][gc,phases   ] GC(131) Concurrent Relocate 1.590ms
[2021-02-07T18:38:49.637+0300][604.878s][info][gc,load     ] GC(131) Load: 0.00/0.00/0.00
[2021-02-07T18:38:49.637+0300][604.878s][info][gc,mmu      ] GC(131) MMU: 2ms/76.9%, 5ms/90.7%, 10ms/95.0%, 20ms/97.5%, 50ms/98.9%, 100ms/99.0%
[2021-02-07T18:38:49.637+0300][604.878s][info][gc,marking  ] GC(131) Mark: 1 stripe(s), 2 proactive flush(es), 1 terminate flush(es), 1 completion(s), 0 continuation(s)
[2021-02-07T18:38:49.637+0300][604.878s][info][gc,nmethod  ] GC(131) NMethods: 2016 registered, 10 unregistered
[2021-02-07T18:38:49.637+0300][604.878s][info][gc,metaspace] GC(131) Metaspace: 6M used, 7M capacity, 7M committed, 1032M reserved
[2021-02-07T18:38:49.637+0300][604.878s][info][gc,ref      ] GC(131) Soft: 175 encountered, 106 discovered, 0 enqueued
[2021-02-07T18:38:49.637+0300][604.878s][info][gc,ref      ] GC(131) Weak: 1041 encountered, 644 discovered, 0 enqueued
[2021-02-07T18:38:49.637+0300][604.878s][info][gc,ref      ] GC(131) Final: 0 encountered, 0 discovered, 0 enqueued
[2021-02-07T18:38:49.637+0300][604.878s][info][gc,ref      ] GC(131) Phantom: 7 encountered, 6 discovered, 0 enqueued
[2021-02-07T18:38:49.637+0300][604.878s][info][gc,reloc    ] GC(131) Small Pages: 109 / 218M(94%), Empty: 0M(0%), Compacting: 4M(2%)->2M(1%)
[2021-02-07T18:38:49.637+0300][604.878s][info][gc,reloc    ] GC(131) Medium Pages: 0 / 0M(0%), Empty: 0M(0%), Compacting: 0M(0%)->0M(0%)
[2021-02-07T18:38:49.637+0300][604.878s][info][gc,reloc    ] GC(131) Large Pages: 1 / 14M(6%), Empty: 0M(0%), Compacting: 0M(0%)->0M(0%)
[2021-02-07T18:38:49.637+0300][604.878s][info][gc,reloc    ] GC(131) Relocation: Successful
[2021-02-07T18:38:49.638+0300][604.878s][info][gc,heap     ] GC(131) Min Capacity: 256M(100%)
[2021-02-07T18:38:49.638+0300][604.878s][info][gc,heap     ] GC(131) Max Capacity: 256M(100%)
[2021-02-07T18:38:49.638+0300][604.878s][info][gc,heap     ] GC(131) Soft Max Capacity: 256M(100%)
[2021-02-07T18:38:49.638+0300][604.878s][info][gc,heap     ] GC(131)                Mark Start          Mark End        Relocate Start      Relocate End           High               Low
[2021-02-07T18:38:49.638+0300][604.878s][info][gc,heap     ] GC(131)  Capacity:      256M (100%)        256M (100%)        256M (100%)        256M (100%)        256M (100%)        256M (100%)
[2021-02-07T18:38:49.638+0300][604.878s][info][gc,heap     ] GC(131)   Reserve:       12M (5%)           12M (5%)           12M (5%)           12M (5%)           12M (5%)           12M (5%)
[2021-02-07T18:38:49.638+0300][604.878s][info][gc,heap     ] GC(131)      Free:       12M (5%)           10M (4%)           10M (4%)           12M (5%)           12M (5%)            8M (3%)
[2021-02-07T18:38:49.638+0300][604.878s][info][gc,heap     ] GC(131)      Used:      232M (91%)         234M (91%)         234M (91%)         232M (91%)         236M (92%)         232M (91%)
[2021-02-07T18:38:49.638+0300][604.878s][info][gc,heap     ] GC(131)      Live:         -               222M (87%)         222M (87%)         222M (87%)            -                  -
[2021-02-07T18:38:49.638+0300][604.878s][info][gc,heap     ] GC(131) Allocated:         -                 2M (1%)            2M (1%)            4M (2%)             -                  -
[2021-02-07T18:38:49.638+0300][604.878s][info][gc,heap     ] GC(131)   Garbage:         -                 9M (4%)            9M (4%)            7M (3%)             -                  -
[2021-02-07T18:38:49.638+0300][604.878s][info][gc,heap     ] GC(131) Reclaimed:         -                  -                 0M (0%)            2M (1%)             -                  -
[2021-02-07T18:38:49.638+0300][604.878s][info][gc          ] GC(131) Garbage Collection (High Usage) 232M(91%)->232M(91%)
[2021-02-07T18:38:49.703+0300][604.943s][info][gc,start    ] GC(132) Garbage Collection (High Usage)
[2021-02-07T18:38:49.703+0300][604.944s][info][gc,phases   ] GC(132) Pause Mark Start 0.111ms
[2021-02-07T18:38:50.025+0300][605.265s][info][gc,phases   ] GC(132) Concurrent Mark 321.711ms
[2021-02-07T18:38:50.027+0300][605.267s][info][gc,phases   ] GC(132) Pause Mark End 0.169ms
[2021-02-07T18:38:50.030+0300][605.270s][info][gc,phases   ] GC(132) Concurrent Process Non-Strong References 3.495ms
[2021-02-07T18:38:50.030+0300][605.270s][info][gc,phases   ] GC(132) Concurrent Reset Relocation Set 0.075ms
[2021-02-07T18:38:50.032+0300][605.272s][info][gc,phases   ] GC(132) Concurrent Select Relocation Set 1.548ms
[2021-02-07T18:38:50.032+0300][605.273s][info][gc,phases   ] GC(132) Pause Relocate Start 0.098ms
[2021-02-07T18:38:50.034+0300][605.274s][info][gc,phases   ] GC(132) Concurrent Relocate 1.549ms
[2021-02-07T18:38:50.034+0300][605.274s][info][gc,load     ] GC(132) Load: 0.00/0.00/0.00
[2021-02-07T18:38:50.034+0300][605.274s][info][gc,mmu      ] GC(132) MMU: 2ms/76.9%, 5ms/90.7%, 10ms/95.0%, 20ms/97.5%, 50ms/98.9%, 100ms/99.0%
[2021-02-07T18:38:50.034+0300][605.274s][info][gc,marking  ] GC(132) Mark: 1 stripe(s), 2 proactive flush(es), 1 terminate flush(es), 1 completion(s), 0 continuation(s)
[2021-02-07T18:38:50.034+0300][605.274s][info][gc,nmethod  ] GC(132) NMethods: 2017 registered, 10 unregistered
[2021-02-07T18:38:50.034+0300][605.274s][info][gc,metaspace] GC(132) Metaspace: 6M used, 7M capacity, 7M committed, 1032M reserved
[2021-02-07T18:38:50.034+0300][605.274s][info][gc,ref      ] GC(132) Soft: 175 encountered, 106 discovered, 0 enqueued
[2021-02-07T18:38:50.034+0300][605.274s][info][gc,ref      ] GC(132) Weak: 1041 encountered, 644 discovered, 0 enqueued
[2021-02-07T18:38:50.034+0300][605.274s][info][gc,ref      ] GC(132) Final: 0 encountered, 0 discovered, 0 enqueued
[2021-02-07T18:38:50.034+0300][605.274s][info][gc,ref      ] GC(132) Phantom: 7 encountered, 6 discovered, 0 enqueued
[2021-02-07T18:38:50.034+0300][605.274s][info][gc,reloc    ] GC(132) Small Pages: 109 / 218M(94%), Empty: 0M(0%), Compacting: 4M(2%)->2M(1%)
[2021-02-07T18:38:50.034+0300][605.274s][info][gc,reloc    ] GC(132) Medium Pages: 0 / 0M(0%), Empty: 0M(0%), Compacting: 0M(0%)->0M(0%)
[2021-02-07T18:38:50.034+0300][605.274s][info][gc,reloc    ] GC(132) Large Pages: 1 / 14M(6%), Empty: 0M(0%), Compacting: 0M(0%)->0M(0%)
[2021-02-07T18:38:50.034+0300][605.274s][info][gc,reloc    ] GC(132) Relocation: Successful
[2021-02-07T18:38:50.034+0300][605.274s][info][gc,heap     ] GC(132) Min Capacity: 256M(100%)
[2021-02-07T18:38:50.034+0300][605.274s][info][gc,heap     ] GC(132) Max Capacity: 256M(100%)
[2021-02-07T18:38:50.034+0300][605.274s][info][gc,heap     ] GC(132) Soft Max Capacity: 256M(100%)
[2021-02-07T18:38:50.034+0300][605.274s][info][gc,heap     ] GC(132)                Mark Start          Mark End        Relocate Start      Relocate End           High               Low
[2021-02-07T18:38:50.034+0300][605.274s][info][gc,heap     ] GC(132)  Capacity:      256M (100%)        256M (100%)        256M (100%)        256M (100%)        256M (100%)        256M (100%)
[2021-02-07T18:38:50.034+0300][605.274s][info][gc,heap     ] GC(132)   Reserve:       12M (5%)           12M (5%)           12M (5%)           12M (5%)           12M (5%)           12M (5%)
[2021-02-07T18:38:50.034+0300][605.275s][info][gc,heap     ] GC(132)      Free:       12M (5%)           10M (4%)           10M (4%)           12M (5%)           12M (5%)            8M (3%)
[2021-02-07T18:38:50.034+0300][605.275s][info][gc,heap     ] GC(132)      Used:      232M (91%)         234M (91%)         234M (91%)         232M (91%)         236M (92%)         232M (91%)
[2021-02-07T18:38:50.034+0300][605.275s][info][gc,heap     ] GC(132)      Live:         -               222M (87%)         222M (87%)         222M (87%)            -                  -
[2021-02-07T18:38:50.034+0300][605.275s][info][gc,heap     ] GC(132) Allocated:         -                 2M (1%)            2M (1%)            4M (2%)             -                  -
[2021-02-07T18:38:50.034+0300][605.275s][info][gc,heap     ] GC(132)   Garbage:         -                 9M (4%)            9M (4%)            7M (3%)             -                  -
[2021-02-07T18:38:50.034+0300][605.275s][info][gc,heap     ] GC(132) Reclaimed:         -                  -                 0M (0%)            2M (1%)             -                  -
[2021-02-07T18:38:50.034+0300][605.275s][info][gc          ] GC(132) Garbage Collection (High Usage) 232M(91%)->232M(91%)
[2021-02-07T18:38:50.104+0300][605.344s][info][gc,start    ] GC(133) Garbage Collection (High Usage)
[2021-02-07T18:38:50.105+0300][605.345s][info][gc,phases   ] GC(133) Pause Mark Start 0.109ms
[2021-02-07T18:38:50.431+0300][605.671s][info][gc,phases   ] GC(133) Concurrent Mark 326.012ms
[2021-02-07T18:38:50.432+0300][605.672s][info][gc,phases   ] GC(133) Pause Mark End 0.205ms
[2021-02-07T18:38:50.436+0300][605.676s][info][gc,phases   ] GC(133) Concurrent Process Non-Strong References 3.234ms
[2021-02-07T18:38:50.436+0300][605.676s][info][gc,phases   ] GC(133) Concurrent Reset Relocation Set 0.074ms
[2021-02-07T18:38:50.438+0300][605.678s][info][gc,phases   ] GC(133) Concurrent Select Relocation Set 2.479ms
[2021-02-07T18:38:50.439+0300][605.679s][info][gc,phases   ] GC(133) Pause Relocate Start 0.129ms
[2021-02-07T18:38:50.448+0300][605.688s][info][gc,phases   ] GC(133) Concurrent Relocate 8.867ms
[2021-02-07T18:38:50.448+0300][605.688s][info][gc,load     ] GC(133) Load: 0.00/0.00/0.00
[2021-02-07T18:38:50.448+0300][605.688s][info][gc,mmu      ] GC(133) MMU: 2ms/76.9%, 5ms/90.7%, 10ms/95.0%, 20ms/97.5%, 50ms/98.9%, 100ms/99.0%
[2021-02-07T18:38:50.448+0300][605.688s][info][gc,marking  ] GC(133) Mark: 1 stripe(s), 2 proactive flush(es), 1 terminate flush(es), 1 completion(s), 0 continuation(s)
[2021-02-07T18:38:50.448+0300][605.688s][info][gc,nmethod  ] GC(133) NMethods: 2017 registered, 10 unregistered
[2021-02-07T18:38:50.448+0300][605.688s][info][gc,metaspace] GC(133) Metaspace: 6M used, 7M capacity, 7M committed, 1032M reserved
[2021-02-07T18:38:50.448+0300][605.688s][info][gc,ref      ] GC(133) Soft: 175 encountered, 106 discovered, 0 enqueued
[2021-02-07T18:38:50.448+0300][605.688s][info][gc,ref      ] GC(133) Weak: 1041 encountered, 644 discovered, 0 enqueued
[2021-02-07T18:38:50.448+0300][605.688s][info][gc,ref      ] GC(133) Final: 0 encountered, 0 discovered, 0 enqueued
[2021-02-07T18:38:50.448+0300][605.688s][info][gc,ref      ] GC(133) Phantom: 7 encountered, 6 discovered, 0 enqueued
[2021-02-07T18:38:50.448+0300][605.688s][info][gc,reloc    ] GC(133) Small Pages: 109 / 218M(94%), Empty: 0M(0%), Compacting: 10M(4%)->6M(3%)
[2021-02-07T18:38:50.448+0300][605.688s][info][gc,reloc    ] GC(133) Medium Pages: 0 / 0M(0%), Empty: 0M(0%), Compacting: 0M(0%)->0M(0%)
[2021-02-07T18:38:50.448+0300][605.688s][info][gc,reloc    ] GC(133) Large Pages: 1 / 14M(6%), Empty: 0M(0%), Compacting: 0M(0%)->0M(0%)
[2021-02-07T18:38:50.448+0300][605.688s][info][gc,reloc    ] GC(133) Relocation: Successful
[2021-02-07T18:38:50.448+0300][605.688s][info][gc,heap     ] GC(133) Min Capacity: 256M(100%)
[2021-02-07T18:38:50.448+0300][605.688s][info][gc,heap     ] GC(133) Max Capacity: 256M(100%)
[2021-02-07T18:38:50.448+0300][605.688s][info][gc,heap     ] GC(133) Soft Max Capacity: 256M(100%)
[2021-02-07T18:38:50.448+0300][605.688s][info][gc,heap     ] GC(133)                Mark Start          Mark End        Relocate Start      Relocate End           High               Low
[2021-02-07T18:38:50.448+0300][605.688s][info][gc,heap     ] GC(133)  Capacity:      256M (100%)        256M (100%)        256M (100%)        256M (100%)        256M (100%)        256M (100%)
[2021-02-07T18:38:50.448+0300][605.688s][info][gc,heap     ] GC(133)   Reserve:       12M (5%)           12M (5%)           12M (5%)           12M (5%)           12M (5%)           12M (5%)
[2021-02-07T18:38:50.448+0300][605.688s][info][gc,heap     ] GC(133)      Free:       12M (5%)           12M (5%)           12M (5%)           12M (5%)           12M (5%)            6M (2%)
[2021-02-07T18:38:50.448+0300][605.688s][info][gc,heap     ] GC(133)      Used:      232M (91%)         232M (91%)         232M (91%)         232M (91%)         238M (93%)         232M (91%)
[2021-02-07T18:38:50.448+0300][605.688s][info][gc,heap     ] GC(133)      Live:         -               222M (87%)         222M (87%)         222M (87%)            -                  -
[2021-02-07T18:38:50.448+0300][605.688s][info][gc,heap     ] GC(133) Allocated:         -                 0M (0%)            0M (0%)           10M (4%)             -                  -
[2021-02-07T18:38:50.448+0300][605.688s][info][gc,heap     ] GC(133)   Garbage:         -                 9M (4%)            9M (4%)            9M (4%)             -                  -
[2021-02-07T18:38:50.448+0300][605.688s][info][gc,heap     ] GC(133) Reclaimed:         -                  -                 0M (0%)            0M (0%)             -                  -
[2021-02-07T18:38:50.448+0300][605.688s][info][gc          ] GC(133) Garbage Collection (High Usage) 232M(91%)->232M(91%)
[2021-02-07T18:38:50.504+0300][605.744s][info][gc,start    ] GC(134) Garbage Collection (High Usage)
[2021-02-07T18:38:50.505+0300][605.745s][info][gc,phases   ] GC(134) Pause Mark Start 0.068ms
[2021-02-07T18:38:50.834+0300][606.075s][info][gc,phases   ] GC(134) Concurrent Mark 329.703ms
[2021-02-07T18:38:50.836+0300][606.076s][info][gc,phases   ] GC(134) Pause Mark End 0.218ms
[2021-02-07T18:38:50.839+0300][606.079s][info][gc,phases   ] GC(134) Concurrent Process Non-Strong References 3.296ms
[2021-02-07T18:38:50.839+0300][606.080s][info][gc,phases   ] GC(134) Concurrent Reset Relocation Set 0.209ms
[2021-02-07T18:38:50.841+0300][606.081s][info][gc,phases   ] GC(134) Concurrent Select Relocation Set 1.574ms
[2021-02-07T18:38:50.842+0300][606.082s][info][gc,phases   ] GC(134) Pause Relocate Start 0.132ms
[2021-02-07T18:38:50.844+0300][606.084s][info][gc,phases   ] GC(134) Concurrent Relocate 2.118ms
[2021-02-07T18:38:50.844+0300][606.084s][info][gc,load     ] GC(134) Load: 0.00/0.00/0.00
[2021-02-07T18:38:50.844+0300][606.084s][info][gc,mmu      ] GC(134) MMU: 2ms/76.9%, 5ms/90.7%, 10ms/95.0%, 20ms/97.5%, 50ms/98.9%, 100ms/99.0%
[2021-02-07T18:38:50.844+0300][606.084s][info][gc,marking  ] GC(134) Mark: 1 stripe(s), 2 proactive flush(es), 1 terminate flush(es), 1 completion(s), 0 continuation(s)
[2021-02-07T18:38:50.844+0300][606.084s][info][gc,nmethod  ] GC(134) NMethods: 2017 registered, 10 unregistered
[2021-02-07T18:38:50.844+0300][606.084s][info][gc,metaspace] GC(134) Metaspace: 6M used, 7M capacity, 7M committed, 1032M reserved
[2021-02-07T18:38:50.844+0300][606.084s][info][gc,ref      ] GC(134) Soft: 175 encountered, 106 discovered, 0 enqueued
[2021-02-07T18:38:50.844+0300][606.084s][info][gc,ref      ] GC(134) Weak: 1041 encountered, 644 discovered, 0 enqueued
[2021-02-07T18:38:50.844+0300][606.084s][info][gc,ref      ] GC(134) Final: 0 encountered, 0 discovered, 0 enqueued
[2021-02-07T18:38:50.844+0300][606.084s][info][gc,ref      ] GC(134) Phantom: 7 encountered, 6 discovered, 0 enqueued
[2021-02-07T18:38:50.844+0300][606.084s][info][gc,reloc    ] GC(134) Small Pages: 109 / 218M(94%), Empty: 0M(0%), Compacting: 6M(3%)->2M(1%)
[2021-02-07T18:38:50.844+0300][606.084s][info][gc,reloc    ] GC(134) Medium Pages: 0 / 0M(0%), Empty: 0M(0%), Compacting: 0M(0%)->0M(0%)
[2021-02-07T18:38:50.844+0300][606.084s][info][gc,reloc    ] GC(134) Large Pages: 1 / 14M(6%), Empty: 0M(0%), Compacting: 0M(0%)->0M(0%)
[2021-02-07T18:38:50.844+0300][606.084s][info][gc,reloc    ] GC(134) Relocation: Successful
[2021-02-07T18:38:50.844+0300][606.084s][info][gc,heap     ] GC(134) Min Capacity: 256M(100%)
[2021-02-07T18:38:50.844+0300][606.084s][info][gc,heap     ] GC(134) Max Capacity: 256M(100%)
[2021-02-07T18:38:50.844+0300][606.084s][info][gc,heap     ] GC(134) Soft Max Capacity: 256M(100%)
[2021-02-07T18:38:50.844+0300][606.084s][info][gc,heap     ] GC(134)                Mark Start          Mark End        Relocate Start      Relocate End           High               Low
[2021-02-07T18:38:50.844+0300][606.084s][info][gc,heap     ] GC(134)  Capacity:      256M (100%)        256M (100%)        256M (100%)        256M (100%)        256M (100%)        256M (100%)
[2021-02-07T18:38:50.844+0300][606.084s][info][gc,heap     ] GC(134)   Reserve:       12M (5%)           12M (5%)           12M (5%)           12M (5%)           12M (5%)           12M (5%)
[2021-02-07T18:38:50.844+0300][606.084s][info][gc,heap     ] GC(134)      Free:       12M (5%)           10M (4%)           10M (4%)           14M (5%)           14M (5%)            8M (3%)
[2021-02-07T18:38:50.844+0300][606.084s][info][gc,heap     ] GC(134)      Used:      232M (91%)         234M (91%)         234M (91%)         230M (90%)         236M (92%)         230M (90%)
[2021-02-07T18:38:50.844+0300][606.084s][info][gc,heap     ] GC(134)      Live:         -               222M (87%)         222M (87%)         222M (87%)            -                  -
[2021-02-07T18:38:50.844+0300][606.084s][info][gc,heap     ] GC(134) Allocated:         -                 2M (1%)            2M (1%)            4M (2%)             -                  -
[2021-02-07T18:38:50.844+0300][606.084s][info][gc,heap     ] GC(134)   Garbage:         -                 9M (4%)            9M (4%)            5M (2%)             -                  -
[2021-02-07T18:38:50.844+0300][606.084s][info][gc,heap     ] GC(134) Reclaimed:         -                  -                 0M (0%)            4M (2%)             -                  -
[2021-02-07T18:38:50.844+0300][606.084s][info][gc          ] GC(134) Garbage Collection (High Usage) 232M(91%)->230M(90%)
[2021-02-07T18:38:54.803+0300][610.043s][info][gc,stats    ] === Garbage Collection Statistics =======================================================================================================================
[2021-02-07T18:38:54.803+0300][610.043s][info][gc,stats    ]                                                              Last 10s              Last 10m              Last 10h                Total
[2021-02-07T18:38:54.803+0300][610.043s][info][gc,stats    ]                                                              Avg / Max             Avg / Max             Avg / Max             Avg / Max
[2021-02-07T18:38:54.803+0300][610.043s][info][gc,stats    ]   Collector: Garbage Collection Cycle                    336.124 / 344.398     331.208 / 384.435     309.854 / 384.435     309.854 / 384.435     ms
[2021-02-07T18:38:54.803+0300][610.043s][info][gc,stats    ]  Contention: Mark Segment Reset Contention                     0 / 0                 0 / 2                 0 / 2                 0 / 2           ops/s
[2021-02-07T18:38:54.803+0300][610.043s][info][gc,stats    ]  Contention: Mark SeqNum Reset Contention                      0 / 0                 0 / 0                 0 / 0                 0 / 0           ops/s
[2021-02-07T18:38:54.803+0300][610.043s][info][gc,stats    ]  Contention: Relocation Contention                             0 / 1                 8 / 1730              8 / 1730              8 / 1730        ops/s
[2021-02-07T18:38:54.803+0300][610.043s][info][gc,stats    ]    Critical: Allocation Stall                              0.000 / 0.000       184.958 / 189.366     184.958 / 189.366     184.958 / 189.366     ms
[2021-02-07T18:38:54.803+0300][610.043s][info][gc,stats    ]    Critical: Allocation Stall                                  0 / 0                 0 / 1                 0 / 1                 0 / 1           ops/s
[2021-02-07T18:38:54.803+0300][610.043s][info][gc,stats    ]    Critical: GC Locker Stall                               0.000 / 0.000         0.000 / 0.000         0.000 / 0.000         0.000 / 0.000       ms
[2021-02-07T18:38:54.803+0300][610.043s][info][gc,stats    ]    Critical: GC Locker Stall                                   0 / 0                 0 / 0                 0 / 0                 0 / 0           ops/s
[2021-02-07T18:38:54.803+0300][610.043s][info][gc,stats    ]      Memory: Allocation Rate                                   3 / 6                 1 / 32                1 / 304               1 / 304         MB/s
[2021-02-07T18:38:54.803+0300][610.043s][info][gc,stats    ]      Memory: Heap Used After Mark                            233 / 234             228 / 244             214 / 244             214 / 244         MB
[2021-02-07T18:38:54.803+0300][610.043s][info][gc,stats    ]      Memory: Heap Used After Relocation                      231 / 232             224 / 240             210 / 240             210 / 240         MB
[2021-02-07T18:38:54.803+0300][610.043s][info][gc,stats    ]      Memory: Heap Used Before Mark                           232 / 232             226 / 244             212 / 244             212 / 244         MB
[2021-02-07T18:38:54.803+0300][610.043s][info][gc,stats    ]      Memory: Heap Used Before Relocation                     233 / 234             227 / 240             213 / 240             213 / 240         MB
[2021-02-07T18:38:54.803+0300][610.043s][info][gc,stats    ]      Memory: Out Of Memory                                     0 / 0                 0 / 0                 0 / 0                 0 / 0           ops/s
[2021-02-07T18:38:54.803+0300][610.043s][info][gc,stats    ]      Memory: Page Cache Flush                                  0 / 0                 0 / 14                0 / 14                0 / 14          MB/s
[2021-02-07T18:38:54.803+0300][610.043s][info][gc,stats    ]      Memory: Page Cache Hit L1                                 3 / 8                 0 / 16                0 / 21                0 / 21          ops/s
[2021-02-07T18:38:54.803+0300][610.043s][info][gc,stats    ]      Memory: Page Cache Hit L2                                 0 / 0                 0 / 0                 0 / 0                 0 / 0           ops/s
[2021-02-07T18:38:54.803+0300][610.043s][info][gc,stats    ]      Memory: Page Cache Hit L3                                 0 / 0                 0 / 10                0 / 16                0 / 16          ops/s
[2021-02-07T18:38:54.803+0300][610.043s][info][gc,stats    ]      Memory: Page Cache Miss                                   0 / 0                 0 / 1                 0 / 1                 0 / 1           ops/s
[2021-02-07T18:38:54.803+0300][610.043s][info][gc,stats    ]      Memory: Uncommit                                          0 / 0                 0 / 0                 0 / 0                 0 / 0           MB/s
[2021-02-07T18:38:54.803+0300][610.043s][info][gc,stats    ]      Memory: Undo Object Allocation Failed                     0 / 0                 0 / 0                 0 / 0                 0 / 0           ops/s
[2021-02-07T18:38:54.803+0300][610.043s][info][gc,stats    ]      Memory: Undo Object Allocation Succeeded                  0 / 1                 8 / 1730              8 / 1730              8 / 1730        ops/s
[2021-02-07T18:38:54.803+0300][610.043s][info][gc,stats    ]      Memory: Undo Page Allocation                              0 / 0                 0 / 0                 0 / 0                 0 / 0           ops/s
[2021-02-07T18:38:54.803+0300][610.043s][info][gc,stats    ]       Phase: Concurrent Mark                             325.136 / 329.703     317.882 / 362.834     296.933 / 362.834     296.933 / 362.834     ms
[2021-02-07T18:38:54.803+0300][610.043s][info][gc,stats    ]       Phase: Concurrent Mark Continue                      0.000 / 0.000         0.000 / 0.000         0.000 / 0.000         0.000 / 0.000       ms
[2021-02-07T18:38:54.803+0300][610.043s][info][gc,stats    ]       Phase: Concurrent Process Non-Strong References      3.344 / 3.495         3.776 / 15.849        3.573 / 15.849        3.573 / 15.849      ms
[2021-02-07T18:38:54.803+0300][610.043s][info][gc,stats    ]       Phase: Concurrent Relocate                           2.514 / 8.867         3.588 / 20.674        3.541 / 20.674        3.541 / 20.674      ms
[2021-02-07T18:38:54.803+0300][610.043s][info][gc,stats    ]       Phase: Concurrent Reset Relocation Set               0.089 / 0.209         0.121 / 0.806         0.118 / 0.806         0.118 / 0.806       ms
[2021-02-07T18:38:54.803+0300][610.043s][info][gc,stats    ]       Phase: Concurrent Select Relocation Set              1.597 / 2.479         1.885 / 5.989         1.914 / 7.297         1.914 / 7.297       ms
[2021-02-07T18:38:54.803+0300][610.043s][info][gc,stats    ]       Phase: Pause Mark End                                0.200 / 0.218         0.193 / 0.293         0.200 / 0.367         0.200 / 0.367       ms
[2021-02-07T18:38:54.803+0300][610.043s][info][gc,stats    ]       Phase: Pause Mark Start                              0.120 / 0.146         0.124 / 0.463         0.121 / 0.463         0.121 / 0.463       ms
[2021-02-07T18:38:54.803+0300][610.043s][info][gc,stats    ]       Phase: Pause Relocate Start                          0.119 / 0.141         0.122 / 0.287         0.121 / 0.287         0.121 / 0.287       ms
[2021-02-07T18:38:54.803+0300][610.043s][info][gc,stats    ]    Subphase: Concurrent Classes Purge                      0.144 / 0.157         0.141 / 0.244         0.137 / 0.244         0.137 / 0.244       ms
[2021-02-07T18:38:54.803+0300][610.043s][info][gc,stats    ]    Subphase: Concurrent Classes Unlink                     1.914 / 1.984         1.911 / 3.341         1.808 / 3.341         1.808 / 3.341       ms
[2021-02-07T18:38:54.803+0300][610.043s][info][gc,stats    ]    Subphase: Concurrent Mark                             324.933 / 329.498     315.322 / 362.604     294.852 / 362.604     294.852 / 362.604     ms
[2021-02-07T18:38:54.803+0300][610.043s][info][gc,stats    ]    Subphase: Concurrent Mark Idle                          0.000 / 0.000         8.300 / 14.654        8.300 / 14.654        8.300 / 14.654      ms
[2021-02-07T18:38:54.803+0300][610.043s][info][gc,stats    ]    Subphase: Concurrent Mark Try Flush                     0.932 / 2.641         1.462 / 17.558        1.363 / 17.558        1.363 / 17.558      ms
[2021-02-07T18:38:54.803+0300][610.043s][info][gc,stats    ]    Subphase: Concurrent Mark Try Terminate                 0.499 / 1.076         0.873 / 16.513        0.813 / 16.513        0.813 / 16.513      ms
[2021-02-07T18:38:54.803+0300][610.043s][info][gc,stats    ]    Subphase: Concurrent References Enqueue                 0.001 / 0.004         0.001 / 0.005         0.001 / 0.005         0.001 / 0.005       ms
[2021-02-07T18:38:54.803+0300][610.043s][info][gc,stats    ]    Subphase: Concurrent References Process                 0.133 / 0.159         0.121 / 0.211         0.120 / 0.211         0.120 / 0.211       ms
[2021-02-07T18:38:54.803+0300][610.043s][info][gc,stats    ]    Subphase: Concurrent Roots                              0.051 / 0.053         0.066 / 0.127         0.065 / 0.127         0.065 / 0.127       ms
[2021-02-07T18:38:54.803+0300][610.043s][info][gc,stats    ]    Subphase: Concurrent Roots ClassLoaderDataGraph         0.048 / 0.049         0.061 / 0.119         0.059 / 0.119         0.059 / 0.119       ms
[2021-02-07T18:38:54.803+0300][610.043s][info][gc,stats    ]    Subphase: Concurrent Roots JNIHandles                   0.002 / 0.002         0.003 / 0.005         0.003 / 0.005         0.003 / 0.005       ms
[2021-02-07T18:38:54.803+0300][610.043s][info][gc,stats    ]    Subphase: Concurrent Roots Setup                        0.006 / 0.006         0.006 / 0.013         0.006 / 0.013         0.006 / 0.013       ms
[2021-02-07T18:38:54.803+0300][610.043s][info][gc,stats    ]    Subphase: Concurrent Roots Teardown                     0.000 / 0.000         0.000 / 0.000         0.000 / 0.000         0.000 / 0.000       ms
[2021-02-07T18:38:54.803+0300][610.043s][info][gc,stats    ]    Subphase: Concurrent Roots VMHandles                    0.002 / 0.002         0.002 / 0.004         0.002 / 0.004         0.002 / 0.004       ms
[2021-02-07T18:38:54.803+0300][610.043s][info][gc,stats    ]    Subphase: Concurrent Weak Roots                         0.189 / 0.196         0.236 / 0.414         0.227 / 0.414         0.227 / 0.414       ms
[2021-02-07T18:38:54.803+0300][610.043s][info][gc,stats    ]    Subphase: Concurrent Weak Roots JNIWeakHandles          0.000 / 0.000         0.000 / 0.000         0.000 / 0.000         0.000 / 0.000       ms
[2021-02-07T18:38:54.803+0300][610.043s][info][gc,stats    ]    Subphase: Concurrent Weak Roots ResolvedMethodTable     0.012 / 0.012         0.014 / 0.027         0.014 / 0.028         0.014 / 0.028       ms
[2021-02-07T18:38:54.803+0300][610.043s][info][gc,stats    ]    Subphase: Concurrent Weak Roots StringTable             0.172 / 0.180         0.215 / 0.383         0.206 / 0.383         0.206 / 0.383       ms
[2021-02-07T18:38:54.803+0300][610.043s][info][gc,stats    ]    Subphase: Concurrent Weak Roots VMWeakHandles           0.004 / 0.004         0.006 / 0.013         0.005 / 0.013         0.005 / 0.013       ms
[2021-02-07T18:38:54.803+0300][610.043s][info][gc,stats    ]    Subphase: Pause Mark Try Complete                       0.034 / 0.042         0.038 / 0.113         0.043 / 0.189         0.043 / 0.189       ms
[2021-02-07T18:38:54.803+0300][610.043s][info][gc,stats    ]    Subphase: Pause Roots                                   0.033 / 0.057         0.039 / 0.408         0.038 / 0.408         0.038 / 0.408       ms
[2021-02-07T18:38:54.803+0300][610.043s][info][gc,stats    ]    Subphase: Pause Roots CodeCache                         0.000 / 0.000         0.000 / 0.000         0.000 / 0.000         0.000 / 0.000       ms
[2021-02-07T18:38:54.803+0300][610.043s][info][gc,stats    ]    Subphase: Pause Roots JVMTIExport                       0.000 / 0.000         0.000 / 0.001         0.000 / 0.002         0.000 / 0.002       ms
[2021-02-07T18:38:54.803+0300][610.043s][info][gc,stats    ]    Subphase: Pause Roots JVMTIWeakExport                   0.000 / 0.000         0.000 / 0.001         0.000 / 0.001         0.000 / 0.001       ms
[2021-02-07T18:38:54.803+0300][610.043s][info][gc,stats    ]    Subphase: Pause Roots Java Threads                      0.031 / 0.053         0.036 / 0.404         0.034 / 0.404         0.034 / 0.404       ms
[2021-02-07T18:38:54.803+0300][610.043s][info][gc,stats    ]    Subphase: Pause Roots Management                        0.001 / 0.002         0.002 / 0.033         0.002 / 0.033         0.002 / 0.033       ms
[2021-02-07T18:38:54.803+0300][610.043s][info][gc,stats    ]    Subphase: Pause Roots ObjectSynchronizer                0.000 / 0.000         0.000 / 0.004         0.000 / 0.004         0.000 / 0.004       ms
[2021-02-07T18:38:54.803+0300][610.043s][info][gc,stats    ]    Subphase: Pause Roots Setup                             0.000 / 0.001         0.000 / 0.001         0.000 / 0.001         0.000 / 0.001       ms
[2021-02-07T18:38:54.803+0300][610.043s][info][gc,stats    ]    Subphase: Pause Roots Teardown                          0.001 / 0.002         0.001 / 0.007         0.001 / 0.007         0.001 / 0.007       ms
[2021-02-07T18:38:54.803+0300][610.043s][info][gc,stats    ]    Subphase: Pause Roots Universe                          0.001 / 0.002         0.002 / 0.014         0.002 / 0.027         0.002 / 0.027       ms
[2021-02-07T18:38:54.803+0300][610.043s][info][gc,stats    ]    Subphase: Pause Roots VM Thread                         0.001 / 0.001         0.001 / 0.010         0.001 / 0.010         0.001 / 0.010       ms
[2021-02-07T18:38:54.803+0300][610.044s][info][gc,stats    ]    Subphase: Pause Weak Roots                              0.001 / 0.001         0.001 / 0.003         0.001 / 0.014         0.001 / 0.014       ms
[2021-02-07T18:38:54.804+0300][610.044s][info][gc,stats    ]    Subphase: Pause Weak Roots JFRWeak                      0.000 / 0.001         0.000 / 0.001         0.000 / 0.013         0.000 / 0.013       ms
[2021-02-07T18:38:54.804+0300][610.044s][info][gc,stats    ]    Subphase: Pause Weak Roots JVMTIWeakExport              0.000 / 0.000         0.000 / 0.001         0.000 / 0.013         0.000 / 0.013       ms
[2021-02-07T18:38:54.804+0300][610.044s][info][gc,stats    ]    Subphase: Pause Weak Roots Setup                        0.000 / 0.000         0.000 / 0.001         0.000 / 0.001         0.000 / 0.001       ms
[2021-02-07T18:38:54.804+0300][610.044s][info][gc,stats    ]    Subphase: Pause Weak Roots Teardown                     0.000 / 0.000         0.000 / 0.000         0.000 / 0.000         0.000 / 0.000       ms
[2021-02-07T18:38:54.804+0300][610.044s][info][gc,stats    ]      System: Java Threads                                     16 / 16               15 / 16               15 / 16               15 / 16          threads
[2021-02-07T18:38:54.804+0300][610.044s][info][gc,stats    ] =========================================================================================================================================================
[2021-02-07T18:39:01.012+0300][616.252s][info][gc,start    ] GC(135) Garbage Collection (High Usage)
[2021-02-07T18:39:01.012+0300][616.252s][info][gc,phases   ] GC(135) Pause Mark Start 0.104ms
[2021-02-07T18:39:01.332+0300][616.572s][info][gc,phases   ] GC(135) Concurrent Mark 320.228ms
[2021-02-07T18:39:01.333+0300][616.573s][info][gc,phases   ] GC(135) Pause Mark End 0.190ms
[2021-02-07T18:39:01.337+0300][616.577s][info][gc,phases   ] GC(135) Concurrent Process Non-Strong References 3.225ms
[2021-02-07T18:39:01.337+0300][616.577s][info][gc,phases   ] GC(135) Concurrent Reset Relocation Set 0.079ms
[2021-02-07T18:39:01.339+0300][616.579s][info][gc,phases   ] GC(135) Concurrent Select Relocation Set 2.062ms
[2021-02-07T18:39:01.340+0300][616.580s][info][gc,phases   ] GC(135) Pause Relocate Start 0.134ms
[2021-02-07T18:39:01.346+0300][616.586s][info][gc,phases   ] GC(135) Concurrent Relocate 5.742ms
[2021-02-07T18:39:01.346+0300][616.586s][info][gc,load     ] GC(135) Load: 0.00/0.00/0.00
[2021-02-07T18:39:01.346+0300][616.586s][info][gc,mmu      ] GC(135) MMU: 2ms/76.9%, 5ms/90.7%, 10ms/95.0%, 20ms/97.5%, 50ms/98.9%, 100ms/99.0%
[2021-02-07T18:39:01.346+0300][616.586s][info][gc,marking  ] GC(135) Mark: 1 stripe(s), 2 proactive flush(es), 1 terminate flush(es), 1 completion(s), 0 continuation(s)
[2021-02-07T18:39:01.346+0300][616.586s][info][gc,nmethod  ] GC(135) NMethods: 2021 registered, 10 unregistered
[2021-02-07T18:39:01.346+0300][616.586s][info][gc,metaspace] GC(135) Metaspace: 6M used, 7M capacity, 7M committed, 1032M reserved
[2021-02-07T18:39:01.346+0300][616.586s][info][gc,ref      ] GC(135) Soft: 183 encountered, 106 discovered, 0 enqueued
[2021-02-07T18:39:01.346+0300][616.586s][info][gc,ref      ] GC(135) Weak: 1042 encountered, 642 discovered, 0 enqueued
[2021-02-07T18:39:01.346+0300][616.586s][info][gc,ref      ] GC(135) Final: 0 encountered, 0 discovered, 0 enqueued
[2021-02-07T18:39:01.346+0300][616.586s][info][gc,ref      ] GC(135) Phantom: 7 encountered, 6 discovered, 0 enqueued
[2021-02-07T18:39:01.346+0300][616.586s][info][gc,reloc    ] GC(135) Small Pages: 109 / 218M(94%), Empty: 2M(1%), Compacting: 8M(3%)->4M(2%)
[2021-02-07T18:39:01.346+0300][616.586s][info][gc,reloc    ] GC(135) Medium Pages: 0 / 0M(0%), Empty: 0M(0%), Compacting: 0M(0%)->0M(0%)
[2021-02-07T18:39:01.346+0300][616.586s][info][gc,reloc    ] GC(135) Large Pages: 1 / 14M(6%), Empty: 0M(0%), Compacting: 0M(0%)->0M(0%)
[2021-02-07T18:39:01.346+0300][616.586s][info][gc,reloc    ] GC(135) Relocation: Successful
[2021-02-07T18:39:01.346+0300][616.586s][info][gc,heap     ] GC(135) Min Capacity: 256M(100%)
[2021-02-07T18:39:01.346+0300][616.586s][info][gc,heap     ] GC(135) Max Capacity: 256M(100%)
[2021-02-07T18:39:01.346+0300][616.586s][info][gc,heap     ] GC(135) Soft Max Capacity: 256M(100%)
[2021-02-07T18:39:01.346+0300][616.586s][info][gc,heap     ] GC(135)                Mark Start          Mark End        Relocate Start      Relocate End           High               Low
[2021-02-07T18:39:01.346+0300][616.586s][info][gc,heap     ] GC(135)  Capacity:      256M (100%)        256M (100%)        256M (100%)        256M (100%)        256M (100%)        256M (100%)
[2021-02-07T18:39:01.346+0300][616.586s][info][gc,heap     ] GC(135)   Reserve:       12M (5%)           12M (5%)           12M (5%)           12M (5%)           12M (5%)           12M (5%)
[2021-02-07T18:39:01.346+0300][616.586s][info][gc,heap     ] GC(135)      Free:       12M (5%)           12M (5%)           14M (5%)           14M (5%)           14M (5%)            8M (3%)
[2021-02-07T18:39:01.346+0300][616.586s][info][gc,heap     ] GC(135)      Used:      232M (91%)         232M (91%)         230M (90%)         230M (90%)         236M (92%)         230M (90%)
[2021-02-07T18:39:01.346+0300][616.586s][info][gc,heap     ] GC(135)      Live:         -               220M (86%)         220M (86%)         220M (86%)            -                  -
[2021-02-07T18:39:01.346+0300][616.586s][info][gc,heap     ] GC(135) Allocated:         -                 0M (0%)            0M (0%)            8M (3%)             -                  -
[2021-02-07T18:39:01.346+0300][616.586s][info][gc,heap     ] GC(135)   Garbage:         -                11M (5%)            9M (4%)            9M (4%)             -                  -
[2021-02-07T18:39:01.346+0300][616.586s][info][gc,heap     ] GC(135) Reclaimed:         -                  -                 2M (1%)            2M (1%)             -                  -
[2021-02-07T18:39:01.346+0300][616.586s][info][gc          ] GC(135) Garbage Collection (High Usage) 232M(91%)->230M(90%)
[2021-02-07T18:39:04.804+0300][620.044s][info][gc,stats    ] === Garbage Collection Statistics =======================================================================================================================
[2021-02-07T18:39:04.804+0300][620.044s][info][gc,stats    ]                                                              Last 10s              Last 10m              Last 10h                Total
[2021-02-07T18:39:04.804+0300][620.044s][info][gc,stats    ]                                                              Avg / Max             Avg / Max             Avg / Max             Avg / Max
[2021-02-07T18:39:04.804+0300][620.044s][info][gc,stats    ]   Collector: Garbage Collection Cycle                    334.362 / 334.362     332.833 / 384.435     310.034 / 384.435     310.034 / 384.435     ms
[2021-02-07T18:39:04.804+0300][620.044s][info][gc,stats    ]  Contention: Mark Segment Reset Contention                     0 / 0                 0 / 2                 0 / 2                 0 / 2           ops/s
[2021-02-07T18:39:04.804+0300][620.044s][info][gc,stats    ]  Contention: Mark SeqNum Reset Contention                      0 / 0                 0 / 0                 0 / 0                 0 / 0           ops/s
[2021-02-07T18:39:04.804+0300][620.044s][info][gc,stats    ]  Contention: Relocation Contention                             0 / 0                 8 / 1730              8 / 1730              8 / 1730        ops/s
[2021-02-07T18:39:04.804+0300][620.044s][info][gc,stats    ]    Critical: Allocation Stall                              0.000 / 0.000       184.958 / 189.366     184.958 / 189.366     184.958 / 189.366     ms
[2021-02-07T18:39:04.804+0300][620.044s][info][gc,stats    ]    Critical: Allocation Stall                                  0 / 0                 0 / 1                 0 / 1                 0 / 1           ops/s
[2021-02-07T18:39:04.804+0300][620.044s][info][gc,stats    ]    Critical: GC Locker Stall                               0.000 / 0.000         0.000 / 0.000         0.000 / 0.000         0.000 / 0.000       ms
[2021-02-07T18:39:04.804+0300][620.044s][info][gc,stats    ]    Critical: GC Locker Stall                                   0 / 0                 0 / 0                 0 / 0                 0 / 0           ops/s
[2021-02-07T18:39:04.804+0300][620.044s][info][gc,stats    ]      Memory: Allocation Rate                                   0 / 4                 1 / 32                1 / 304               1 / 304         MB/s
[2021-02-07T18:39:04.804+0300][620.044s][info][gc,stats    ]      Memory: Heap Used After Mark                            232 / 232             229 / 244             214 / 244             214 / 244         MB
[2021-02-07T18:39:04.804+0300][620.044s][info][gc,stats    ]      Memory: Heap Used After Relocation                      230 / 230             226 / 240             210 / 240             210 / 240         MB
[2021-02-07T18:39:04.804+0300][620.044s][info][gc,stats    ]      Memory: Heap Used Before Mark                           232 / 232             228 / 244             212 / 244             212 / 244         MB
[2021-02-07T18:39:04.804+0300][620.044s][info][gc,stats    ]      Memory: Heap Used Before Relocation                     230 / 230             229 / 240             213 / 240             213 / 240         MB
[2021-02-07T18:39:04.804+0300][620.044s][info][gc,stats    ]      Memory: Out Of Memory                                     0 / 0                 0 / 0                 0 / 0                 0 / 0           ops/s
[2021-02-07T18:39:04.804+0300][620.044s][info][gc,stats    ]      Memory: Page Cache Flush                                  0 / 0                 0 / 14                0 / 14                0 / 14          MB/s
[2021-02-07T18:39:04.804+0300][620.044s][info][gc,stats    ]      Memory: Page Cache Hit L1                                 0 / 5                 0 / 16                0 / 21                0 / 21          ops/s
[2021-02-07T18:39:04.804+0300][620.044s][info][gc,stats    ]      Memory: Page Cache Hit L2                                 0 / 0                 0 / 0                 0 / 0                 0 / 0           ops/s
[2021-02-07T18:39:04.804+0300][620.044s][info][gc,stats    ]      Memory: Page Cache Hit L3                                 0 / 0                 0 / 10                0 / 16                0 / 16          ops/s
[2021-02-07T18:39:04.804+0300][620.044s][info][gc,stats    ]      Memory: Page Cache Miss                                   0 / 0                 0 / 1                 0 / 1                 0 / 1           ops/s
[2021-02-07T18:39:04.804+0300][620.044s][info][gc,stats    ]      Memory: Uncommit                                          0 / 0                 0 / 0                 0 / 0                 0 / 0           MB/s
[2021-02-07T18:39:04.804+0300][620.044s][info][gc,stats    ]      Memory: Undo Object Allocation Failed                     0 / 0                 0 / 0                 0 / 0                 0 / 0           ops/s
[2021-02-07T18:39:04.804+0300][620.044s][info][gc,stats    ]      Memory: Undo Object Allocation Succeeded                  0 / 0                 8 / 1730              8 / 1730              8 / 1730        ops/s
[2021-02-07T18:39:04.804+0300][620.044s][info][gc,stats    ]      Memory: Undo Page Allocation                              0 / 0                 0 / 0                 0 / 0                 0 / 0           ops/s
[2021-02-07T18:39:04.804+0300][620.044s][info][gc,stats    ]       Phase: Concurrent Mark                             320.228 / 320.228     319.553 / 362.834     297.104 / 362.834     297.104 / 362.834     ms
[2021-02-07T18:39:04.804+0300][620.044s][info][gc,stats    ]       Phase: Concurrent Mark Continue                      0.000 / 0.000         0.000 / 0.000         0.000 / 0.000         0.000 / 0.000       ms
[2021-02-07T18:39:04.804+0300][620.044s][info][gc,stats    ]       Phase: Concurrent Process Non-Strong References      3.225 / 3.225         3.791 / 15.849        3.571 / 15.849        3.571 / 15.849      ms
[2021-02-07T18:39:04.804+0300][620.044s][info][gc,stats    ]       Phase: Concurrent Relocate                           5.742 / 5.742         3.529 / 20.674        3.557 / 20.674        3.557 / 20.674      ms
[2021-02-07T18:39:04.804+0300][620.044s][info][gc,stats    ]       Phase: Concurrent Reset Relocation Set               0.079 / 0.079         0.118 / 0.806         0.117 / 0.806         0.117 / 0.806       ms
[2021-02-07T18:39:04.804+0300][620.044s][info][gc,stats    ]       Phase: Concurrent Select Relocation Set              2.062 / 2.062         1.873 / 5.989         1.915 / 7.297         1.915 / 7.297       ms
[2021-02-07T18:39:04.804+0300][620.044s][info][gc,stats    ]       Phase: Pause Mark End                                0.190 / 0.190         0.192 / 0.265         0.200 / 0.367         0.200 / 0.367       ms
[2021-02-07T18:39:04.804+0300][620.044s][info][gc,stats    ]       Phase: Pause Mark Start                              0.104 / 0.104         0.125 / 0.463         0.121 / 0.463         0.121 / 0.463       ms
[2021-02-07T18:39:04.804+0300][620.044s][info][gc,stats    ]       Phase: Pause Relocate Start                          0.134 / 0.134         0.122 / 0.287         0.121 / 0.287         0.121 / 0.287       ms
[2021-02-07T18:39:04.804+0300][620.044s][info][gc,stats    ]    Subphase: Concurrent Classes Purge                      0.149 / 0.149         0.141 / 0.244         0.137 / 0.244         0.137 / 0.244       ms
[2021-02-07T18:39:04.804+0300][620.044s][info][gc,stats    ]    Subphase: Concurrent Classes Unlink                     1.941 / 1.941         1.921 / 3.341         1.809 / 3.341         1.809 / 3.341       ms
[2021-02-07T18:39:04.804+0300][620.044s][info][gc,stats    ]    Subphase: Concurrent Mark                             320.007 / 320.007     316.968 / 362.604     295.034 / 362.604     295.034 / 362.604     ms
[2021-02-07T18:39:04.804+0300][620.044s][info][gc,stats    ]    Subphase: Concurrent Mark Idle                          0.000 / 0.000         8.300 / 14.654        8.300 / 14.654        8.300 / 14.654      ms
[2021-02-07T18:39:04.804+0300][620.044s][info][gc,stats    ]    Subphase: Concurrent Mark Try Flush                     0.828 / 1.078         1.467 / 17.558        1.359 / 17.558        1.359 / 17.558      ms
[2021-02-07T18:39:04.804+0300][620.044s][info][gc,stats    ]    Subphase: Concurrent Mark Try Terminate                 0.540 / 1.079         0.876 / 16.513        0.811 / 16.513        0.811 / 16.513      ms
[2021-02-07T18:39:04.804+0300][620.044s][info][gc,stats    ]    Subphase: Concurrent References Enqueue                 0.000 / 0.000         0.001 / 0.005         0.001 / 0.005         0.001 / 0.005       ms
[2021-02-07T18:39:04.804+0300][620.044s][info][gc,stats    ]    Subphase: Concurrent References Process                 0.132 / 0.132         0.121 / 0.211         0.120 / 0.211         0.120 / 0.211       ms
[2021-02-07T18:39:04.804+0300][620.044s][info][gc,stats    ]    Subphase: Concurrent Roots                              0.050 / 0.050         0.066 / 0.127         0.065 / 0.127         0.065 / 0.127       ms
[2021-02-07T18:39:04.804+0300][620.044s][info][gc,stats    ]    Subphase: Concurrent Roots ClassLoaderDataGraph         0.045 / 0.045         0.060 / 0.119         0.059 / 0.119         0.059 / 0.119       ms
[2021-02-07T18:39:04.804+0300][620.044s][info][gc,stats    ]    Subphase: Concurrent Roots JNIHandles                   0.002 / 0.002         0.003 / 0.005         0.003 / 0.005         0.003 / 0.005       ms
[2021-02-07T18:39:04.804+0300][620.044s][info][gc,stats    ]    Subphase: Concurrent Roots Setup                        0.006 / 0.006         0.006 / 0.013         0.006 / 0.013         0.006 / 0.013       ms
[2021-02-07T18:39:04.804+0300][620.044s][info][gc,stats    ]    Subphase: Concurrent Roots Teardown                     0.000 / 0.000         0.000 / 0.000         0.000 / 0.000         0.000 / 0.000       ms
[2021-02-07T18:39:04.804+0300][620.044s][info][gc,stats    ]    Subphase: Concurrent Roots VMHandles                    0.002 / 0.002         0.002 / 0.004         0.002 / 0.004         0.002 / 0.004       ms
[2021-02-07T18:39:04.804+0300][620.044s][info][gc,stats    ]    Subphase: Concurrent Weak Roots                         0.188 / 0.188         0.237 / 0.414         0.226 / 0.414         0.226 / 0.414       ms
[2021-02-07T18:39:04.804+0300][620.044s][info][gc,stats    ]    Subphase: Concurrent Weak Roots JNIWeakHandles          0.000 / 0.000         0.000 / 0.000         0.000 / 0.000         0.000 / 0.000       ms
[2021-02-07T18:39:04.804+0300][620.044s][info][gc,stats    ]    Subphase: Concurrent Weak Roots ResolvedMethodTable     0.012 / 0.012         0.014 / 0.027         0.014 / 0.028         0.014 / 0.028       ms
[2021-02-07T18:39:04.804+0300][620.044s][info][gc,stats    ]    Subphase: Concurrent Weak Roots StringTable             0.170 / 0.170         0.216 / 0.383         0.206 / 0.383         0.206 / 0.383       ms
[2021-02-07T18:39:04.804+0300][620.044s][info][gc,stats    ]    Subphase: Concurrent Weak Roots VMWeakHandles           0.005 / 0.005         0.006 / 0.013         0.005 / 0.013         0.005 / 0.013       ms
[2021-02-07T18:39:04.804+0300][620.044s][info][gc,stats    ]    Subphase: Pause Mark Try Complete                       0.035 / 0.035         0.037 / 0.113         0.043 / 0.189         0.043 / 0.189       ms
[2021-02-07T18:39:04.804+0300][620.044s][info][gc,stats    ]    Subphase: Pause Roots                                   0.044 / 0.049         0.039 / 0.408         0.038 / 0.408         0.038 / 0.408       ms
[2021-02-07T18:39:04.804+0300][620.044s][info][gc,stats    ]    Subphase: Pause Roots CodeCache                         0.000 / 0.000         0.000 / 0.000         0.000 / 0.000         0.000 / 0.000       ms
[2021-02-07T18:39:04.804+0300][620.044s][info][gc,stats    ]    Subphase: Pause Roots JVMTIExport                       0.000 / 0.000         0.000 / 0.001         0.000 / 0.002         0.000 / 0.002       ms
[2021-02-07T18:39:04.804+0300][620.044s][info][gc,stats    ]    Subphase: Pause Roots JVMTIWeakExport                   0.000 / 0.000         0.000 / 0.001         0.000 / 0.001         0.000 / 0.001       ms
[2021-02-07T18:39:04.804+0300][620.044s][info][gc,stats    ]    Subphase: Pause Roots Java Threads                      0.041 / 0.046         0.036 / 0.404         0.034 / 0.404         0.034 / 0.404       ms
[2021-02-07T18:39:04.804+0300][620.045s][info][gc,stats    ]    Subphase: Pause Roots Management                        0.001 / 0.001         0.002 / 0.033         0.002 / 0.033         0.002 / 0.033       ms
[2021-02-07T18:39:04.804+0300][620.045s][info][gc,stats    ]    Subphase: Pause Roots ObjectSynchronizer                0.000 / 0.000         0.000 / 0.004         0.000 / 0.004         0.000 / 0.004       ms
[2021-02-07T18:39:04.804+0300][620.045s][info][gc,stats    ]    Subphase: Pause Roots Setup                             0.001 / 0.001         0.000 / 0.001         0.000 / 0.001         0.000 / 0.001       ms
[2021-02-07T18:39:04.805+0300][620.045s][info][gc,stats    ]    Subphase: Pause Roots Teardown                          0.001 / 0.001         0.001 / 0.007         0.001 / 0.007         0.001 / 0.007       ms
[2021-02-07T18:39:04.805+0300][620.045s][info][gc,stats    ]    Subphase: Pause Roots Universe                          0.001 / 0.002         0.002 / 0.014         0.002 / 0.027         0.002 / 0.027       ms
[2021-02-07T18:39:04.805+0300][620.045s][info][gc,stats    ]    Subphase: Pause Roots VM Thread                         0.001 / 0.001         0.001 / 0.010         0.001 / 0.010         0.001 / 0.010       ms
[2021-02-07T18:39:04.805+0300][620.045s][info][gc,stats    ]    Subphase: Pause Weak Roots                              0.001 / 0.002         0.001 / 0.003         0.001 / 0.014         0.001 / 0.014       ms
[2021-02-07T18:39:04.805+0300][620.045s][info][gc,stats    ]    Subphase: Pause Weak Roots JFRWeak                      0.000 / 0.000         0.000 / 0.001         0.000 / 0.013         0.000 / 0.013       ms
[2021-02-07T18:39:04.805+0300][620.045s][info][gc,stats    ]    Subphase: Pause Weak Roots JVMTIWeakExport              0.001 / 0.001         0.000 / 0.001         0.000 / 0.013         0.000 / 0.013       ms
[2021-02-07T18:39:04.805+0300][620.045s][info][gc,stats    ]    Subphase: Pause Weak Roots Setup                        0.000 / 0.000         0.000 / 0.001         0.000 / 0.001         0.000 / 0.001       ms
[2021-02-07T18:39:04.805+0300][620.045s][info][gc,stats    ]    Subphase: Pause Weak Roots Teardown                     0.000 / 0.000         0.000 / 0.000         0.000 / 0.000         0.000 / 0.000       ms
[2021-02-07T18:39:04.805+0300][620.045s][info][gc,stats    ]      System: Java Threads                                     16 / 16               15 / 16               15 / 16               15 / 16          threads
[2021-02-07T18:39:04.805+0300][620.045s][info][gc,stats    ] =========================================================================================================================================================
[2021-02-07T18:39:05.810+0300][621.050s][info][gc,start    ] GC(136) Garbage Collection (Allocation Stall)
[2021-02-07T18:39:05.810+0300][621.050s][info][gc,ref      ] GC(136) Clearing All SoftReferences
[2021-02-07T18:39:05.810+0300][621.050s][info][gc,phases   ] GC(136) Pause Mark Start 0.130ms
[2021-02-07T18:39:05.983+0300][621.223s][info][gc,phases   ] GC(136) Concurrent Mark 172.433ms
[2021-02-07T18:39:05.983+0300][621.223s][info][gc,phases   ] GC(136) Pause Mark End 0.095ms
[2021-02-07T18:39:05.986+0300][621.226s][info][gc,phases   ] GC(136) Concurrent Process Non-Strong References 2.609ms
[2021-02-07T18:39:05.986+0300][621.226s][info][gc,phases   ] GC(136) Concurrent Reset Relocation Set 0.167ms
[2021-02-07T18:39:05.988+0300][621.228s][info][gc,phases   ] GC(136) Concurrent Select Relocation Set 1.800ms
[2021-02-07T18:39:05.988+0300][621.228s][info][gc,phases   ] GC(136) Pause Relocate Start 0.128ms
[2021-02-07T18:39:05.990+0300][621.230s][info][gc          ] Allocation Stall (main) 180.487ms
[2021-02-07T18:39:05.991+0300][621.231s][info][gc,phases   ] GC(136) Concurrent Relocate 2.982ms
[2021-02-07T18:39:05.991+0300][621.231s][info][gc,load     ] GC(136) Load: 0.00/0.00/0.00
[2021-02-07T18:39:05.991+0300][621.231s][info][gc,mmu      ] GC(136) MMU: 2ms/76.9%, 5ms/90.7%, 10ms/95.0%, 20ms/97.5%, 50ms/98.9%, 100ms/99.0%
[2021-02-07T18:39:05.991+0300][621.231s][info][gc,marking  ] GC(136) Mark: 2 stripe(s), 1 proactive flush(es), 1 terminate flush(es), 0 completion(s), 0 continuation(s)
[2021-02-07T18:39:05.991+0300][621.231s][info][gc,nmethod  ] GC(136) NMethods: 2022 registered, 11 unregistered
[2021-02-07T18:39:05.991+0300][621.231s][info][gc,metaspace] GC(136) Metaspace: 6M used, 7M capacity, 7M committed, 1032M reserved
[2021-02-07T18:39:05.991+0300][621.231s][info][gc,ref      ] GC(136) Soft: 182 encountered, 137 discovered, 41 enqueued
[2021-02-07T18:39:05.991+0300][621.231s][info][gc,ref      ] GC(136) Weak: 1020 encountered, 583 discovered, 0 enqueued
[2021-02-07T18:39:05.991+0300][621.231s][info][gc,ref      ] GC(136) Final: 0 encountered, 0 discovered, 0 enqueued
[2021-02-07T18:39:05.991+0300][621.231s][info][gc,ref      ] GC(136) Phantom: 7 encountered, 4 discovered, 0 enqueued
[2021-02-07T18:39:05.991+0300][621.231s][info][gc,reloc    ] GC(136) Small Pages: 115 / 230M(94%), Empty: 0M(0%), Compacting: 8M(3%)->4M(2%)
[2021-02-07T18:39:05.991+0300][621.231s][info][gc,reloc    ] GC(136) Medium Pages: 0 / 0M(0%), Empty: 0M(0%), Compacting: 0M(0%)->0M(0%)
[2021-02-07T18:39:05.991+0300][621.231s][info][gc,reloc    ] GC(136) Large Pages: 1 / 14M(6%), Empty: 0M(0%), Compacting: 0M(0%)->0M(0%)
[2021-02-07T18:39:05.991+0300][621.231s][info][gc,reloc    ] GC(136) Relocation: Successful
[2021-02-07T18:39:05.991+0300][621.231s][info][gc,heap     ] GC(136) Min Capacity: 256M(100%)
[2021-02-07T18:39:05.991+0300][621.231s][info][gc,heap     ] GC(136) Max Capacity: 256M(100%)
[2021-02-07T18:39:05.991+0300][621.231s][info][gc,heap     ] GC(136) Soft Max Capacity: 256M(100%)
[2021-02-07T18:39:05.991+0300][621.231s][info][gc,heap     ] GC(136)                Mark Start          Mark End        Relocate Start      Relocate End           High               Low
[2021-02-07T18:39:05.991+0300][621.231s][info][gc,heap     ] GC(136)  Capacity:      256M (100%)        256M (100%)        256M (100%)        256M (100%)        256M (100%)        256M (100%)
[2021-02-07T18:39:05.991+0300][621.231s][info][gc,heap     ] GC(136)   Reserve:       12M (5%)           12M (5%)           12M (5%)           12M (5%)           12M (5%)            8M (3%)
[2021-02-07T18:39:05.991+0300][621.231s][info][gc,heap     ] GC(136)      Free:        0M (0%)            0M (0%)            0M (0%)            0M (0%)            2M (1%)            0M (0%)
[2021-02-07T18:39:05.991+0300][621.231s][info][gc,heap     ] GC(136)      Used:      244M (95%)         244M (95%)         244M (95%)         244M (95%)         248M (97%)         242M (95%)
[2021-02-07T18:39:05.991+0300][621.231s][info][gc,heap     ] GC(136)      Live:         -               234M (91%)         234M (91%)         234M (91%)            -                  -
[2021-02-07T18:39:05.991+0300][621.231s][info][gc,heap     ] GC(136) Allocated:         -                 0M (0%)            0M (0%)            8M (3%)             -                  -
[2021-02-07T18:39:05.991+0300][621.231s][info][gc,heap     ] GC(136)   Garbage:         -                 9M (4%)            9M (4%)            7M (3%)             -                  -
[2021-02-07T18:39:05.991+0300][621.231s][info][gc,heap     ] GC(136) Reclaimed:         -                  -                 0M (0%)            2M (1%)             -                  -
[2021-02-07T18:39:05.991+0300][621.232s][info][gc          ] GC(136) Garbage Collection (Allocation Stall) 244M(95%)->244M(95%)
[2021-02-07T18:39:05.992+0300][621.232s][info][gc,start    ] GC(137) Garbage Collection (Allocation Stall)
[2021-02-07T18:39:05.992+0300][621.232s][info][gc,ref      ] GC(137) Clearing All SoftReferences
[2021-02-07T18:39:05.992+0300][621.232s][info][gc,phases   ] GC(137) Pause Mark Start 0.158ms
[2021-02-07T18:39:06.167+0300][621.407s][info][gc,phases   ] GC(137) Concurrent Mark 174.710ms
[2021-02-07T18:39:06.167+0300][621.407s][info][gc,phases   ] GC(137) Pause Mark End 0.083ms
[2021-02-07T18:39:06.168+0300][621.408s][info][gc,phases   ] GC(137) Concurrent Process Non-Strong References 1.427ms
[2021-02-07T18:39:06.169+0300][621.409s][info][gc,phases   ] GC(137) Concurrent Reset Relocation Set 0.120ms
[2021-02-07T18:39:06.170+0300][621.410s][info][gc,phases   ] GC(137) Concurrent Select Relocation Set 1.566ms
[2021-02-07T18:39:06.170+0300][621.410s][info][gc,phases   ] GC(137) Pause Relocate Start 0.140ms
[2021-02-07T18:39:06.173+0300][621.413s][info][gc,phases   ] GC(137) Concurrent Relocate 2.146ms
[2021-02-07T18:39:06.173+0300][621.413s][info][gc,load     ] GC(137) Load: 0.00/0.00/0.00
[2021-02-07T18:39:06.173+0300][621.413s][info][gc,mmu      ] GC(137) MMU: 2ms/76.9%, 5ms/90.7%, 10ms/95.0%, 20ms/97.5%, 50ms/98.9%, 100ms/99.0%
[2021-02-07T18:39:06.173+0300][621.413s][info][gc,marking  ] GC(137) Mark: 2 stripe(s), 2 proactive flush(es), 1 terminate flush(es), 0 completion(s), 0 continuation(s)
[2021-02-07T18:39:06.173+0300][621.413s][info][gc,nmethod  ] GC(137) NMethods: 2022 registered, 11 unregistered
[2021-02-07T18:39:06.173+0300][621.413s][info][gc,metaspace] GC(137) Metaspace: 6M used, 7M capacity, 7M committed, 1032M reserved
[2021-02-07T18:39:06.173+0300][621.413s][info][gc,ref      ] GC(137) Soft: 141 encountered, 98 discovered, 0 enqueued
[2021-02-07T18:39:06.173+0300][621.413s][info][gc,ref      ] GC(137) Weak: 1020 encountered, 601 discovered, 0 enqueued
[2021-02-07T18:39:06.173+0300][621.413s][info][gc,ref      ] GC(137) Final: 0 encountered, 0 discovered, 0 enqueued
[2021-02-07T18:39:06.173+0300][621.413s][info][gc,ref      ] GC(137) Phantom: 7 encountered, 4 discovered, 0 enqueued
[2021-02-07T18:39:06.173+0300][621.413s][info][gc,reloc    ] GC(137) Small Pages: 115 / 230M(94%), Empty: 0M(0%), Compacting: 4M(2%)->2M(1%)
[2021-02-07T18:39:06.173+0300][621.413s][info][gc,reloc    ] GC(137) Medium Pages: 0 / 0M(0%), Empty: 0M(0%), Compacting: 0M(0%)->0M(0%)
[2021-02-07T18:39:06.173+0300][621.413s][info][gc,reloc    ] GC(137) Large Pages: 1 / 14M(6%), Empty: 0M(0%), Compacting: 0M(0%)->0M(0%)
[2021-02-07T18:39:06.173+0300][621.413s][info][gc,reloc    ] GC(137) Relocation: Successful
[2021-02-07T18:39:06.173+0300][621.413s][info][gc,heap     ] GC(137) Min Capacity: 256M(100%)
[2021-02-07T18:39:06.173+0300][621.413s][info][gc,heap     ] GC(137) Max Capacity: 256M(100%)
[2021-02-07T18:39:06.173+0300][621.413s][info][gc,heap     ] GC(137) Soft Max Capacity: 256M(100%)
[2021-02-07T18:39:06.173+0300][621.413s][info][gc,heap     ] GC(137)                Mark Start          Mark End        Relocate Start      Relocate End           High               Low
[2021-02-07T18:39:06.173+0300][621.413s][info][gc,heap     ] GC(137)  Capacity:      256M (100%)        256M (100%)        256M (100%)        256M (100%)        256M (100%)        256M (100%)
[2021-02-07T18:39:06.173+0300][621.413s][info][gc,heap     ] GC(137)   Reserve:       12M (5%)           12M (5%)           12M (5%)           12M (5%)           12M (5%)            8M (3%)
[2021-02-07T18:39:06.173+0300][621.413s][info][gc,heap     ] GC(137)      Free:        0M (0%)            0M (0%)            0M (0%)            0M (0%)            0M (0%)            0M (0%)
[2021-02-07T18:39:06.173+0300][621.413s][info][gc,heap     ] GC(137)      Used:      244M (95%)         244M (95%)         244M (95%)         244M (95%)         248M (97%)         244M (95%)
[2021-02-07T18:39:06.173+0300][621.413s][info][gc,heap     ] GC(137)      Live:         -               236M (92%)         236M (92%)         236M (92%)            -                  -
[2021-02-07T18:39:06.173+0300][621.413s][info][gc,heap     ] GC(137) Allocated:         -                 0M (0%)            0M (0%)            4M (2%)             -                  -
[2021-02-07T18:39:06.173+0300][621.413s][info][gc,heap     ] GC(137)   Garbage:         -                 7M (3%)            7M (3%)            7M (3%)             -                  -
[2021-02-07T18:39:06.173+0300][621.413s][info][gc,heap     ] GC(137) Reclaimed:         -                  -                 0M (0%)            0M (0%)             -                  -
[2021-02-07T18:39:06.173+0300][621.413s][info][gc          ] GC(137) Garbage Collection (Allocation Stall) 244M(95%)->244M(95%)
[2021-02-07T18:39:06.173+0300][621.413s][info][gc          ] Allocation Stall (main) 182.475ms
[2021-02-07T18:39:06.173+0300][621.413s][info][gc          ] Allocation Stall (Notification Thread) 181.955ms
[2021-02-07T18:39:06.173+0300][621.413s][info][gc,start    ] GC(138) Garbage Collection (Allocation Stall)
[2021-02-07T18:39:06.173+0300][621.413s][info][gc,ref      ] GC(138) Clearing All SoftReferences
[2021-02-07T18:39:06.173+0300][621.413s][info][gc,phases   ] GC(138) Pause Mark Start 0.105ms
[2021-02-07T18:39:06.347+0300][621.587s][info][gc,phases   ] GC(138) Concurrent Mark 173.297ms
[2021-02-07T18:39:06.347+0300][621.587s][info][gc,phases   ] GC(138) Pause Mark End 0.101ms
[2021-02-07T18:39:06.349+0300][621.589s][info][gc,phases   ] GC(138) Concurrent Process Non-Strong References 1.490ms
[2021-02-07T18:39:06.349+0300][621.589s][info][gc,phases   ] GC(138) Concurrent Reset Relocation Set 0.074ms
[2021-02-07T18:39:06.350+0300][621.590s][info][gc,phases   ] GC(138) Concurrent Select Relocation Set 1.404ms
[2021-02-07T18:39:06.350+0300][621.590s][info][gc,phases   ] GC(138) Pause Relocate Start 0.121ms
[2021-02-07T18:39:06.353+0300][621.593s][info][gc,phases   ] GC(138) Concurrent Relocate 2.201ms
[2021-02-07T18:39:06.353+0300][621.593s][info][gc,load     ] GC(138) Load: 0.00/0.00/0.00
[2021-02-07T18:39:06.353+0300][621.593s][info][gc,mmu      ] GC(138) MMU: 2ms/76.9%, 5ms/90.7%, 10ms/95.0%, 20ms/97.5%, 50ms/98.9%, 100ms/99.0%
[2021-02-07T18:39:06.353+0300][621.593s][info][gc,marking  ] GC(138) Mark: 2 stripe(s), 1 proactive flush(es), 1 terminate flush(es), 0 completion(s), 0 continuation(s)
[2021-02-07T18:39:06.353+0300][621.593s][info][gc,nmethod  ] GC(138) NMethods: 2022 registered, 11 unregistered
[2021-02-07T18:39:06.353+0300][621.593s][info][gc,metaspace] GC(138) Metaspace: 6M used, 7M capacity, 7M committed, 1032M reserved
[2021-02-07T18:39:06.353+0300][621.593s][info][gc,ref      ] GC(138) Soft: 141 encountered, 96 discovered, 0 enqueued
[2021-02-07T18:39:06.353+0300][621.593s][info][gc,ref      ] GC(138) Weak: 1020 encountered, 420 discovered, 0 enqueued
[2021-02-07T18:39:06.353+0300][621.593s][info][gc,ref      ] GC(138) Final: 0 encountered, 0 discovered, 0 enqueued
[2021-02-07T18:39:06.353+0300][621.593s][info][gc,ref      ] GC(138) Phantom: 7 encountered, 4 discovered, 0 enqueued
[2021-02-07T18:39:06.353+0300][621.593s][info][gc,reloc    ] GC(138) Small Pages: 115 / 230M(94%), Empty: 0M(0%), Compacting: 4M(2%)->2M(1%)
[2021-02-07T18:39:06.353+0300][621.593s][info][gc,reloc    ] GC(138) Medium Pages: 0 / 0M(0%), Empty: 0M(0%), Compacting: 0M(0%)->0M(0%)
[2021-02-07T18:39:06.353+0300][621.593s][info][gc,reloc    ] GC(138) Large Pages: 1 / 14M(6%), Empty: 0M(0%), Compacting: 0M(0%)->0M(0%)
[2021-02-07T18:39:06.353+0300][621.593s][info][gc,reloc    ] GC(138) Relocation: Successful
[2021-02-07T18:39:06.353+0300][621.593s][info][gc,heap     ] GC(138) Min Capacity: 256M(100%)
[2021-02-07T18:39:06.353+0300][621.593s][info][gc,heap     ] GC(138) Max Capacity: 256M(100%)
[2021-02-07T18:39:06.353+0300][621.593s][info][gc,heap     ] GC(138) Soft Max Capacity: 256M(100%)
[2021-02-07T18:39:06.353+0300][621.593s][info][gc,heap     ] GC(138)                Mark Start          Mark End        Relocate Start      Relocate End           High               Low
[2021-02-07T18:39:06.353+0300][621.593s][info][gc,heap     ] GC(138)  Capacity:      256M (100%)        256M (100%)        256M (100%)        256M (100%)        256M (100%)        256M (100%)
[2021-02-07T18:39:06.353+0300][621.593s][info][gc,heap     ] GC(138)   Reserve:       12M (5%)           12M (5%)           12M (5%)           12M (5%)           12M (5%)            8M (3%)
[2021-02-07T18:39:06.353+0300][621.593s][info][gc,heap     ] GC(138)      Free:        0M (0%)            0M (0%)            0M (0%)            0M (0%)            0M (0%)            0M (0%)
[2021-02-07T18:39:06.353+0300][621.593s][info][gc,heap     ] GC(138)      Used:      244M (95%)         244M (95%)         244M (95%)         244M (95%)         248M (97%)         244M (95%)
[2021-02-07T18:39:06.353+0300][621.593s][info][gc,heap     ] GC(138)      Live:         -               236M (92%)         236M (92%)         236M (92%)            -                  -
[2021-02-07T18:39:06.353+0300][621.593s][info][gc,heap     ] GC(138) Allocated:         -                 0M (0%)            0M (0%)            4M (2%)             -                  -
[2021-02-07T18:39:06.353+0300][621.593s][info][gc,heap     ] GC(138)   Garbage:         -                 7M (3%)            7M (3%)            7M (3%)             -                  -
[2021-02-07T18:39:06.353+0300][621.593s][info][gc,heap     ] GC(138) Reclaimed:         -                  -                 0M (0%)            0M (0%)             -                  -
[2021-02-07T18:39:06.353+0300][621.593s][info][gc          ] GC(138) Garbage Collection (Allocation Stall) 244M(95%)->244M(95%)
[2021-02-07T18:39:06.353+0300][621.593s][info][gc          ] Allocation Stall (RMI TCP Connection(2)-192.168.56.1) 360.186ms
[2021-02-07T18:39:06.353+0300][621.593s][info][gc          ] Allocation Stall (main) 179.988ms
[2021-02-07T18:39:06.353+0300][621.593s][info][gc          ] Allocation Stall (Notification Thread) 179.963ms
[2021-02-07T18:39:06.353+0300][621.593s][info][gc          ] Out Of Memory (main)
[2021-02-07T18:39:06.353+0300][621.593s][info][gc,start    ] GC(139) Garbage Collection (Allocation Stall)
[2021-02-07T18:39:06.353+0300][621.593s][info][gc          ] Out Of Memory (Notification Thread)
[2021-02-07T18:39:06.353+0300][621.593s][info][gc,ref      ] GC(139) Clearing All SoftReferences
[2021-02-07T18:39:06.354+0300][621.594s][info][gc,phases   ] GC(139) Pause Mark Start 0.125ms
[2021-02-07T18:39:06.528+0300][621.768s][info][gc,phases   ] GC(139) Concurrent Mark 174.011ms
[2021-02-07T18:39:06.528+0300][621.768s][info][gc,phases   ] GC(139) Pause Mark End 0.086ms
[2021-02-07T18:39:06.529+0300][621.769s][info][gc,phases   ] GC(139) Concurrent Process Non-Strong References 1.418ms
[2021-02-07T18:39:06.530+0300][621.770s][info][gc,phases   ] GC(139) Concurrent Reset Relocation Set 0.071ms
[2021-02-07T18:39:06.531+0300][621.771s][info][gc,phases   ] GC(139) Concurrent Select Relocation Set 1.424ms
[2021-02-07T18:39:06.531+0300][621.771s][info][gc,phases   ] GC(139) Pause Relocate Start 0.096ms
[2021-02-07T18:39:06.533+0300][621.774s][info][gc,phases   ] GC(139) Concurrent Relocate 2.208ms
[2021-02-07T18:39:06.533+0300][621.774s][info][gc,load     ] GC(139) Load: 0.00/0.00/0.00
[2021-02-07T18:39:06.533+0300][621.774s][info][gc,mmu      ] GC(139) MMU: 2ms/76.9%, 5ms/90.7%, 10ms/95.0%, 20ms/97.5%, 50ms/98.9%, 100ms/99.0%
[2021-02-07T18:39:06.533+0300][621.774s][info][gc,marking  ] GC(139) Mark: 2 stripe(s), 1 proactive flush(es), 1 terminate flush(es), 0 completion(s), 0 continuation(s)
[2021-02-07T18:39:06.533+0300][621.774s][info][gc,nmethod  ] GC(139) NMethods: 2022 registered, 11 unregistered
[2021-02-07T18:39:06.534+0300][621.774s][info][gc,metaspace] GC(139) Metaspace: 6M used, 7M capacity, 7M committed, 1032M reserved
[2021-02-07T18:39:06.534+0300][621.774s][info][gc,ref      ] GC(139) Soft: 141 encountered, 99 discovered, 0 enqueued
[2021-02-07T18:39:06.534+0300][621.774s][info][gc,ref      ] GC(139) Weak: 1020 encountered, 595 discovered, 0 enqueued
[2021-02-07T18:39:06.534+0300][621.774s][info][gc,ref      ] GC(139) Final: 0 encountered, 0 discovered, 0 enqueued
[2021-02-07T18:39:06.534+0300][621.774s][info][gc,ref      ] GC(139) Phantom: 7 encountered, 4 discovered, 0 enqueued
[2021-02-07T18:39:06.534+0300][621.774s][info][gc,reloc    ] GC(139) Small Pages: 115 / 230M(94%), Empty: 0M(0%), Compacting: 4M(2%)->2M(1%)
[2021-02-07T18:39:06.534+0300][621.774s][info][gc,reloc    ] GC(139) Medium Pages: 0 / 0M(0%), Empty: 0M(0%), Compacting: 0M(0%)->0M(0%)
[2021-02-07T18:39:06.534+0300][621.774s][info][gc,reloc    ] GC(139) Large Pages: 1 / 14M(6%), Empty: 0M(0%), Compacting: 0M(0%)->0M(0%)
[2021-02-07T18:39:06.534+0300][621.774s][info][gc,reloc    ] GC(139) Relocation: Successful
[2021-02-07T18:39:06.534+0300][621.774s][info][gc,heap     ] GC(139) Min Capacity: 256M(100%)
[2021-02-07T18:39:06.534+0300][621.774s][info][gc,heap     ] GC(139) Max Capacity: 256M(100%)
[2021-02-07T18:39:06.534+0300][621.774s][info][gc,heap     ] GC(139) Soft Max Capacity: 256M(100%)
[2021-02-07T18:39:06.534+0300][621.774s][info][gc,heap     ] GC(139)                Mark Start          Mark End        Relocate Start      Relocate End           High               Low
[2021-02-07T18:39:06.534+0300][621.774s][info][gc,heap     ] GC(139)  Capacity:      256M (100%)        256M (100%)        256M (100%)        256M (100%)        256M (100%)        256M (100%)
[2021-02-07T18:39:06.534+0300][621.774s][info][gc,heap     ] GC(139)   Reserve:       12M (5%)           12M (5%)           12M (5%)           12M (5%)           12M (5%)            8M (3%)
[2021-02-07T18:39:06.534+0300][621.774s][info][gc,heap     ] GC(139)      Free:        0M (0%)            0M (0%)            0M (0%)            0M (0%)            0M (0%)            0M (0%)
[2021-02-07T18:39:06.534+0300][621.774s][info][gc,heap     ] GC(139)      Used:      244M (95%)         244M (95%)         244M (95%)         244M (95%)         248M (97%)         244M (95%)
[2021-02-07T18:39:06.534+0300][621.774s][info][gc,heap     ] GC(139)      Live:         -               236M (92%)         236M (92%)         236M (92%)            -                  -
[2021-02-07T18:39:06.534+0300][621.774s][info][gc,heap     ] GC(139) Allocated:         -                 0M (0%)            0M (0%)            4M (2%)             -                  -
[2021-02-07T18:39:06.534+0300][621.774s][info][gc,heap     ] GC(139)   Garbage:         -                 7M (3%)            7M (3%)            7M (3%)             -                  -
[2021-02-07T18:39:06.534+0300][621.774s][info][gc,heap     ] GC(139) Reclaimed:         -                  -                 0M (0%)            0M (0%)             -                  -
[2021-02-07T18:39:06.534+0300][621.774s][info][gc          ] GC(139) Garbage Collection (Allocation Stall) 244M(95%)->244M(95%)
[2021-02-07T18:39:06.534+0300][621.774s][info][gc,start    ] GC(140) Garbage Collection (Allocation Stall)
[2021-02-07T18:39:06.534+0300][621.774s][info][gc          ] Allocation Stall (RMI TCP Connection(2)-192.168.56.1) 180.800ms
[2021-02-07T18:39:06.534+0300][621.774s][info][gc          ] Allocation Stall (main) 180.554ms
[2021-02-07T18:39:06.534+0300][621.774s][info][gc          ] Out Of Memory (RMI TCP Connection(2)-192.168.56.1)
[2021-02-07T18:39:06.534+0300][621.774s][info][gc,ref      ] GC(140) Clearing All SoftReferences
[2021-02-07T18:39:06.534+0300][621.774s][info][gc,phases   ] GC(140) Pause Mark Start 0.112ms
[2021-02-07T18:39:06.710+0300][621.950s][info][gc,phases   ] GC(140) Concurrent Mark 175.296ms
[2021-02-07T18:39:06.710+0300][621.950s][info][gc,phases   ] GC(140) Pause Mark End 0.099ms
[2021-02-07T18:39:06.711+0300][621.952s][info][gc,phases   ] GC(140) Concurrent Process Non-Strong References 1.506ms
[2021-02-07T18:39:06.712+0300][621.952s][info][gc,phases   ] GC(140) Concurrent Reset Relocation Set 0.075ms
[2021-02-07T18:39:06.713+0300][621.953s][info][gc,phases   ] GC(140) Concurrent Select Relocation Set 1.417ms
[2021-02-07T18:39:06.713+0300][621.953s][info][gc,phases   ] GC(140) Pause Relocate Start 0.201ms
[2021-02-07T18:39:06.716+0300][621.956s][info][gc,phases   ] GC(140) Concurrent Relocate 2.155ms
[2021-02-07T18:39:06.716+0300][621.956s][info][gc,load     ] GC(140) Load: 0.00/0.00/0.00
[2021-02-07T18:39:06.716+0300][621.956s][info][gc,mmu      ] GC(140) MMU: 2ms/76.9%, 5ms/90.7%, 10ms/95.0%, 20ms/97.5%, 50ms/98.9%, 100ms/99.0%
[2021-02-07T18:39:06.716+0300][621.956s][info][gc,marking  ] GC(140) Mark: 2 stripe(s), 2 proactive flush(es), 1 terminate flush(es), 0 completion(s), 0 continuation(s)
[2021-02-07T18:39:06.716+0300][621.956s][info][gc,nmethod  ] GC(140) NMethods: 2022 registered, 11 unregistered
[2021-02-07T18:39:06.716+0300][621.956s][info][gc,metaspace] GC(140) Metaspace: 6M used, 7M capacity, 7M committed, 1032M reserved
[2021-02-07T18:39:06.716+0300][621.956s][info][gc,ref      ] GC(140) Soft: 141 encountered, 81 discovered, 0 enqueued
[2021-02-07T18:39:06.716+0300][621.956s][info][gc,ref      ] GC(140) Weak: 1020 encountered, 586 discovered, 0 enqueued
[2021-02-07T18:39:06.716+0300][621.956s][info][gc,ref      ] GC(140) Final: 0 encountered, 0 discovered, 0 enqueued
[2021-02-07T18:39:06.716+0300][621.956s][info][gc,ref      ] GC(140) Phantom: 7 encountered, 4 discovered, 0 enqueued
[2021-02-07T18:39:06.716+0300][621.956s][info][gc,reloc    ] GC(140) Small Pages: 115 / 230M(94%), Empty: 0M(0%), Compacting: 4M(2%)->2M(1%)
[2021-02-07T18:39:06.716+0300][621.956s][info][gc,reloc    ] GC(140) Medium Pages: 0 / 0M(0%), Empty: 0M(0%), Compacting: 0M(0%)->0M(0%)
[2021-02-07T18:39:06.716+0300][621.956s][info][gc,reloc    ] GC(140) Large Pages: 1 / 14M(6%), Empty: 0M(0%), Compacting: 0M(0%)->0M(0%)
[2021-02-07T18:39:06.716+0300][621.956s][info][gc,reloc    ] GC(140) Relocation: Successful
[2021-02-07T18:39:06.716+0300][621.956s][info][gc,heap     ] GC(140) Min Capacity: 256M(100%)
[2021-02-07T18:39:06.716+0300][621.956s][info][gc,heap     ] GC(140) Max Capacity: 256M(100%)
[2021-02-07T18:39:06.716+0300][621.956s][info][gc,heap     ] GC(140) Soft Max Capacity: 256M(100%)
[2021-02-07T18:39:06.716+0300][621.956s][info][gc,heap     ] GC(140)                Mark Start          Mark End        Relocate Start      Relocate End           High               Low
[2021-02-07T18:39:06.716+0300][621.956s][info][gc,heap     ] GC(140)  Capacity:      256M (100%)        256M (100%)        256M (100%)        256M (100%)        256M (100%)        256M (100%)
[2021-02-07T18:39:06.716+0300][621.956s][info][gc,heap     ] GC(140)   Reserve:       12M (5%)           12M (5%)           12M (5%)           12M (5%)           12M (5%)            8M (3%)
[2021-02-07T18:39:06.716+0300][621.956s][info][gc,heap     ] GC(140)      Free:        0M (0%)            0M (0%)            0M (0%)            0M (0%)            0M (0%)            0M (0%)
[2021-02-07T18:39:06.716+0300][621.956s][info][gc,heap     ] GC(140)      Used:      244M (95%)         244M (95%)         244M (95%)         244M (95%)         248M (97%)         244M (95%)
[2021-02-07T18:39:06.716+0300][621.956s][info][gc,heap     ] GC(140)      Live:         -               236M (92%)         236M (92%)         236M (92%)            -                  -
[2021-02-07T18:39:06.716+0300][621.956s][info][gc,heap     ] GC(140) Allocated:         -                 0M (0%)            0M (0%)            4M (2%)             -                  -
[2021-02-07T18:39:06.716+0300][621.956s][info][gc,heap     ] GC(140)   Garbage:         -                 7M (3%)            7M (3%)            7M (3%)             -                  -
[2021-02-07T18:39:06.716+0300][621.956s][info][gc,heap     ] GC(140) Reclaimed:         -                  -                 0M (0%)            0M (0%)             -                  -
[2021-02-07T18:39:06.716+0300][621.956s][info][gc          ] GC(140) Garbage Collection (Allocation Stall) 244M(95%)->244M(95%)
[2021-02-07T18:39:06.716+0300][621.956s][info][gc          ] Allocation Stall (Notification Thread) 362.344ms
[2021-02-07T18:39:06.716+0300][621.956s][info][gc          ] Allocation Stall (main) 182.031ms
[2021-02-07T18:39:06.716+0300][621.956s][info][gc          ] Out Of Memory (main)
[2021-02-07T18:39:06.716+0300][621.956s][info][gc,start    ] GC(141) Garbage Collection (Allocation Stall)
[2021-02-07T18:39:06.716+0300][621.956s][info][gc,ref      ] GC(141) Clearing All SoftReferences
[2021-02-07T18:39:06.716+0300][621.956s][info][gc,phases   ] GC(141) Pause Mark Start 0.129ms
[2021-02-07T18:39:06.890+0300][622.130s][info][gc,phases   ] GC(141) Concurrent Mark 173.267ms
[2021-02-07T18:39:06.890+0300][622.130s][info][gc,phases   ] GC(141) Pause Mark End 0.095ms
[2021-02-07T18:39:06.892+0300][622.132s][info][gc,phases   ] GC(141) Concurrent Process Non-Strong References 1.586ms
[2021-02-07T18:39:06.892+0300][622.132s][info][gc,phases   ] GC(141) Concurrent Reset Relocation Set 0.074ms
[2021-02-07T18:39:06.893+0300][622.133s][info][gc,phases   ] GC(141) Concurrent Select Relocation Set 1.424ms
[2021-02-07T18:39:06.893+0300][622.134s][info][gc,phases   ] GC(141) Pause Relocate Start 0.089ms
[2021-02-07T18:39:06.896+0300][622.136s][info][gc,phases   ] GC(141) Concurrent Relocate 2.247ms
[2021-02-07T18:39:06.896+0300][622.136s][info][gc,load     ] GC(141) Load: 0.00/0.00/0.00
[2021-02-07T18:39:06.896+0300][622.136s][info][gc,mmu      ] GC(141) MMU: 2ms/76.9%, 5ms/90.7%, 10ms/95.0%, 20ms/97.5%, 50ms/98.9%, 100ms/99.0%
[2021-02-07T18:39:06.896+0300][622.136s][info][gc,marking  ] GC(141) Mark: 2 stripe(s), 1 proactive flush(es), 1 terminate flush(es), 0 completion(s), 0 continuation(s)
[2021-02-07T18:39:06.896+0300][622.136s][info][gc,nmethod  ] GC(141) NMethods: 2022 registered, 11 unregistered
[2021-02-07T18:39:06.896+0300][622.136s][info][gc,metaspace] GC(141) Metaspace: 6M used, 7M capacity, 7M committed, 1032M reserved
[2021-02-07T18:39:06.896+0300][622.136s][info][gc,ref      ] GC(141) Soft: 141 encountered, 98 discovered, 0 enqueued
[2021-02-07T18:39:06.896+0300][622.136s][info][gc,ref      ] GC(141) Weak: 1018 encountered, 587 discovered, 0 enqueued
[2021-02-07T18:39:06.896+0300][622.136s][info][gc,ref      ] GC(141) Final: 0 encountered, 0 discovered, 0 enqueued
[2021-02-07T18:39:06.896+0300][622.136s][info][gc,ref      ] GC(141) Phantom: 7 encountered, 4 discovered, 0 enqueued
[2021-02-07T18:39:06.896+0300][622.136s][info][gc,reloc    ] GC(141) Small Pages: 115 / 230M(94%), Empty: 0M(0%), Compacting: 4M(2%)->2M(1%)
[2021-02-07T18:39:06.896+0300][622.136s][info][gc,reloc    ] GC(141) Medium Pages: 0 / 0M(0%), Empty: 0M(0%), Compacting: 0M(0%)->0M(0%)
[2021-02-07T18:39:06.896+0300][622.136s][info][gc,reloc    ] GC(141) Large Pages: 1 / 14M(6%), Empty: 0M(0%), Compacting: 0M(0%)->0M(0%)
[2021-02-07T18:39:06.896+0300][622.136s][info][gc,reloc    ] GC(141) Relocation: Successful
[2021-02-07T18:39:06.896+0300][622.136s][info][gc,heap     ] GC(141) Min Capacity: 256M(100%)
[2021-02-07T18:39:06.896+0300][622.136s][info][gc,heap     ] GC(141) Max Capacity: 256M(100%)
[2021-02-07T18:39:06.896+0300][622.136s][info][gc,heap     ] GC(141) Soft Max Capacity: 256M(100%)
[2021-02-07T18:39:06.896+0300][622.136s][info][gc,heap     ] GC(141)                Mark Start          Mark End        Relocate Start      Relocate End           High               Low
[2021-02-07T18:39:06.896+0300][622.136s][info][gc,heap     ] GC(141)  Capacity:      256M (100%)        256M (100%)        256M (100%)        256M (100%)        256M (100%)        256M (100%)
[2021-02-07T18:39:06.896+0300][622.136s][info][gc,heap     ] GC(141)   Reserve:       12M (5%)           12M (5%)           12M (5%)           12M (5%)           12M (5%)            8M (3%)
[2021-02-07T18:39:06.896+0300][622.136s][info][gc,heap     ] GC(141)      Free:        0M (0%)            0M (0%)            0M (0%)            0M (0%)            0M (0%)            0M (0%)
[2021-02-07T18:39:06.896+0300][622.136s][info][gc,heap     ] GC(141)      Used:      244M (95%)         244M (95%)         244M (95%)         244M (95%)         248M (97%)         244M (95%)
[2021-02-07T18:39:06.896+0300][622.136s][info][gc,heap     ] GC(141)      Live:         -               236M (92%)         236M (92%)         236M (92%)            -                  -
[2021-02-07T18:39:06.896+0300][622.136s][info][gc,heap     ] GC(141) Allocated:         -                 0M (0%)            0M (0%)            4M (2%)             -                  -
[2021-02-07T18:39:06.896+0300][622.136s][info][gc,heap     ] GC(141)   Garbage:         -                 7M (3%)            7M (3%)            7M (3%)             -                  -
[2021-02-07T18:39:06.896+0300][622.136s][info][gc,heap     ] GC(141) Reclaimed:         -                  -                 0M (0%)            0M (0%)             -                  -
[2021-02-07T18:39:06.896+0300][622.136s][info][gc          ] GC(141) Garbage Collection (Allocation Stall) 244M(95%)->244M(95%)
[2021-02-07T18:39:06.896+0300][622.136s][info][gc          ] Allocation Stall (RMI TCP Connection(2)-192.168.56.1) 361.932ms
[2021-02-07T18:39:06.896+0300][622.136s][info][gc          ] Allocation Stall (RMI TCP Accept-0) 301.109ms
[2021-02-07T18:39:06.896+0300][622.136s][info][gc          ] Allocation Stall (Notification Thread) 180.261ms
[2021-02-07T18:39:06.896+0300][622.136s][info][gc,start    ] GC(142) Garbage Collection (Allocation Stall)
[2021-02-07T18:39:06.896+0300][622.136s][info][gc          ] Out Of Memory (Notification Thread)
[2021-02-07T18:39:06.897+0300][622.137s][info][gc,ref      ] GC(142) Clearing All SoftReferences
[2021-02-07T18:39:06.897+0300][622.137s][info][gc,phases   ] GC(142) Pause Mark Start 0.134ms
[2021-02-07T18:39:07.071+0300][622.311s][info][gc,phases   ] GC(142) Concurrent Mark 173.824ms
[2021-02-07T18:39:07.071+0300][622.311s][info][gc,phases   ] GC(142) Pause Mark End 0.095ms
[2021-02-07T18:39:07.073+0300][622.313s][info][gc,phases   ] GC(142) Concurrent Process Non-Strong References 1.514ms
[2021-02-07T18:39:07.073+0300][622.313s][info][gc,phases   ] GC(142) Concurrent Reset Relocation Set 0.073ms
[2021-02-07T18:39:07.074+0300][622.314s][info][gc,phases   ] GC(142) Concurrent Select Relocation Set 1.431ms
[2021-02-07T18:39:07.074+0300][622.314s][info][gc,phases   ] GC(142) Pause Relocate Start 0.134ms
[2021-02-07T18:39:07.077+0300][622.317s][info][gc,phases   ] GC(142) Concurrent Relocate 2.163ms
[2021-02-07T18:39:07.077+0300][622.317s][info][gc,load     ] GC(142) Load: 0.00/0.00/0.00
[2021-02-07T18:39:07.077+0300][622.317s][info][gc,mmu      ] GC(142) MMU: 2ms/76.9%, 5ms/90.7%, 10ms/95.0%, 20ms/97.5%, 50ms/98.9%, 100ms/99.0%
[2021-02-07T18:39:07.077+0300][622.317s][info][gc,marking  ] GC(142) Mark: 2 stripe(s), 1 proactive flush(es), 1 terminate flush(es), 0 completion(s), 0 continuation(s)
[2021-02-07T18:39:07.077+0300][622.317s][info][gc,nmethod  ] GC(142) NMethods: 2022 registered, 11 unregistered
[2021-02-07T18:39:07.077+0300][622.317s][info][gc,metaspace] GC(142) Metaspace: 6M used, 7M capacity, 7M committed, 1032M reserved
[2021-02-07T18:39:07.077+0300][622.317s][info][gc,ref      ] GC(142) Soft: 141 encountered, 76 discovered, 0 enqueued
[2021-02-07T18:39:07.077+0300][622.317s][info][gc,ref      ] GC(142) Weak: 1018 encountered, 560 discovered, 0 enqueued
[2021-02-07T18:39:07.077+0300][622.317s][info][gc,ref      ] GC(142) Final: 0 encountered, 0 discovered, 0 enqueued
[2021-02-07T18:39:07.077+0300][622.317s][info][gc,ref      ] GC(142) Phantom: 7 encountered, 4 discovered, 0 enqueued
[2021-02-07T18:39:07.077+0300][622.317s][info][gc,reloc    ] GC(142) Small Pages: 115 / 230M(94%), Empty: 0M(0%), Compacting: 4M(2%)->2M(1%)
[2021-02-07T18:39:07.077+0300][622.317s][info][gc,reloc    ] GC(142) Medium Pages: 0 / 0M(0%), Empty: 0M(0%), Compacting: 0M(0%)->0M(0%)
[2021-02-07T18:39:07.077+0300][622.317s][info][gc,reloc    ] GC(142) Large Pages: 1 / 14M(6%), Empty: 0M(0%), Compacting: 0M(0%)->0M(0%)
[2021-02-07T18:39:07.077+0300][622.317s][info][gc,reloc    ] GC(142) Relocation: Successful
[2021-02-07T18:39:07.077+0300][622.317s][info][gc,heap     ] GC(142) Min Capacity: 256M(100%)
[2021-02-07T18:39:07.077+0300][622.317s][info][gc,heap     ] GC(142) Max Capacity: 256M(100%)
[2021-02-07T18:39:07.077+0300][622.317s][info][gc,heap     ] GC(142) Soft Max Capacity: 256M(100%)
[2021-02-07T18:39:07.077+0300][622.317s][info][gc,heap     ] GC(142)                Mark Start          Mark End        Relocate Start      Relocate End           High               Low
[2021-02-07T18:39:07.077+0300][622.317s][info][gc,heap     ] GC(142)  Capacity:      256M (100%)        256M (100%)        256M (100%)        256M (100%)        256M (100%)        256M (100%)
[2021-02-07T18:39:07.077+0300][622.317s][info][gc,heap     ] GC(142)   Reserve:       12M (5%)           12M (5%)           12M (5%)           12M (5%)           12M (5%)            8M (3%)
[2021-02-07T18:39:07.077+0300][622.317s][info][gc,heap     ] GC(142)      Free:        0M (0%)            0M (0%)            0M (0%)            0M (0%)            0M (0%)            0M (0%)
[2021-02-07T18:39:07.077+0300][622.317s][info][gc,heap     ] GC(142)      Used:      244M (95%)         244M (95%)         244M (95%)         244M (95%)         248M (97%)         244M (95%)
[2021-02-07T18:39:07.077+0300][622.317s][info][gc,heap     ] GC(142)      Live:         -               236M (92%)         236M (92%)         236M (92%)            -                  -
[2021-02-07T18:39:07.077+0300][622.317s][info][gc,heap     ] GC(142) Allocated:         -                 0M (0%)            0M (0%)            4M (2%)             -                  -
[2021-02-07T18:39:07.077+0300][622.317s][info][gc,heap     ] GC(142)   Garbage:         -                 7M (3%)            7M (3%)            7M (3%)             -                  -
[2021-02-07T18:39:07.077+0300][622.317s][info][gc,heap     ] GC(142) Reclaimed:         -                  -                 0M (0%)            0M (0%)             -                  -
[2021-02-07T18:39:07.077+0300][622.317s][info][gc          ] GC(142) Garbage Collection (Allocation Stall) 244M(95%)->244M(95%)
[2021-02-07T18:39:07.077+0300][622.317s][info][gc          ] Allocation Stall (Unknown thread) 360.546ms
[2021-02-07T18:39:07.077+0300][622.317s][info][gc          ] Allocation Stall (RMI TCP Connection(2)-192.168.56.1) 180.746ms
[2021-02-07T18:39:07.077+0300][622.317s][info][gc          ] Allocation Stall (RMI TCP Accept-0) 180.694ms
[2021-02-07T18:39:07.077+0300][622.317s][info][gc          ] Out Of Memory (RMI TCP Connection(2)-192.168.56.1)
[2021-02-07T18:39:07.077+0300][622.317s][info][gc,start    ] GC(143) Garbage Collection (Allocation Stall)
[2021-02-07T18:39:07.077+0300][622.317s][info][gc          ] Out Of Memory (RMI TCP Accept-0)
[2021-02-07T18:39:07.077+0300][622.317s][info][gc,ref      ] GC(143) Clearing All SoftReferences
[2021-02-07T18:39:07.078+0300][622.318s][info][gc,phases   ] GC(143) Pause Mark Start 0.153ms
[2021-02-07T18:39:07.251+0300][622.491s][info][gc,phases   ] GC(143) Concurrent Mark 173.066ms
[2021-02-07T18:39:07.251+0300][622.491s][info][gc,phases   ] GC(143) Pause Mark End 0.086ms
[2021-02-07T18:39:07.252+0300][622.492s][info][gc,phases   ] GC(143) Concurrent Process Non-Strong References 1.410ms
[2021-02-07T18:39:07.252+0300][622.493s][info][gc,phases   ] GC(143) Concurrent Reset Relocation Set 0.079ms
[2021-02-07T18:39:07.254+0300][622.494s][info][gc,phases   ] GC(143) Concurrent Select Relocation Set 1.520ms
[2021-02-07T18:39:07.254+0300][622.494s][info][gc,phases   ] GC(143) Pause Relocate Start 0.107ms
[2021-02-07T18:39:07.257+0300][622.497s][info][gc,phases   ] GC(143) Concurrent Relocate 2.222ms
[2021-02-07T18:39:07.257+0300][622.497s][info][gc,load     ] GC(143) Load: 0.00/0.00/0.00
[2021-02-07T18:39:07.257+0300][622.497s][info][gc,mmu      ] GC(143) MMU: 2ms/76.9%, 5ms/90.7%, 10ms/95.0%, 20ms/97.5%, 50ms/98.9%, 100ms/99.0%
[2021-02-07T18:39:07.257+0300][622.497s][info][gc,marking  ] GC(143) Mark: 2 stripe(s), 2 proactive flush(es), 1 terminate flush(es), 0 completion(s), 0 continuation(s)
[2021-02-07T18:39:07.257+0300][622.497s][info][gc,nmethod  ] GC(143) NMethods: 2022 registered, 11 unregistered
[2021-02-07T18:39:07.257+0300][622.497s][info][gc,metaspace] GC(143) Metaspace: 6M used, 7M capacity, 7M committed, 1032M reserved
[2021-02-07T18:39:07.257+0300][622.497s][info][gc,ref      ] GC(143) Soft: 141 encountered, 76 discovered, 0 enqueued
[2021-02-07T18:39:07.257+0300][622.497s][info][gc,ref      ] GC(143) Weak: 1018 encountered, 407 discovered, 0 enqueued
[2021-02-07T18:39:07.257+0300][622.497s][info][gc,ref      ] GC(143) Final: 0 encountered, 0 discovered, 0 enqueued
[2021-02-07T18:39:07.257+0300][622.497s][info][gc,ref      ] GC(143) Phantom: 7 encountered, 4 discovered, 0 enqueued
[2021-02-07T18:39:07.257+0300][622.497s][info][gc,reloc    ] GC(143) Small Pages: 115 / 230M(94%), Empty: 0M(0%), Compacting: 4M(2%)->2M(1%)
[2021-02-07T18:39:07.257+0300][622.497s][info][gc,reloc    ] GC(143) Medium Pages: 0 / 0M(0%), Empty: 0M(0%), Compacting: 0M(0%)->0M(0%)
[2021-02-07T18:39:07.257+0300][622.497s][info][gc,reloc    ] GC(143) Large Pages: 1 / 14M(6%), Empty: 0M(0%), Compacting: 0M(0%)->0M(0%)
[2021-02-07T18:39:07.257+0300][622.497s][info][gc,reloc    ] GC(143) Relocation: Successful
[2021-02-07T18:39:07.257+0300][622.497s][info][gc,heap     ] GC(143) Min Capacity: 256M(100%)
[2021-02-07T18:39:07.257+0300][622.497s][info][gc,heap     ] GC(143) Max Capacity: 256M(100%)
[2021-02-07T18:39:07.257+0300][622.497s][info][gc,heap     ] GC(143) Soft Max Capacity: 256M(100%)
[2021-02-07T18:39:07.257+0300][622.497s][info][gc,heap     ] GC(143)                Mark Start          Mark End        Relocate Start      Relocate End           High               Low
[2021-02-07T18:39:07.257+0300][622.497s][info][gc,heap     ] GC(143)  Capacity:      256M (100%)        256M (100%)        256M (100%)        256M (100%)        256M (100%)        256M (100%)
[2021-02-07T18:39:07.257+0300][622.497s][info][gc,heap     ] GC(143)   Reserve:       12M (5%)           12M (5%)           12M (5%)           12M (5%)           12M (5%)            8M (3%)
[2021-02-07T18:39:07.257+0300][622.497s][info][gc,heap     ] GC(143)      Free:        0M (0%)            0M (0%)            0M (0%)            0M (0%)            0M (0%)            0M (0%)
[2021-02-07T18:39:07.257+0300][622.497s][info][gc,heap     ] GC(143)      Used:      244M (95%)         244M (95%)         244M (95%)         244M (95%)         248M (97%)         244M (95%)
[2021-02-07T18:39:07.257+0300][622.497s][info][gc,heap     ] GC(143)      Live:         -               236M (92%)         236M (92%)         236M (92%)            -                  -
[2021-02-07T18:39:07.257+0300][622.497s][info][gc,heap     ] GC(143) Allocated:         -                 0M (0%)            0M (0%)            4M (2%)             -                  -
[2021-02-07T18:39:07.257+0300][622.497s][info][gc,heap     ] GC(143)   Garbage:         -                 7M (3%)            7M (3%)            7M (3%)             -                  -
[2021-02-07T18:39:07.257+0300][622.497s][info][gc,heap     ] GC(143) Reclaimed:         -                  -                 0M (0%)            0M (0%)             -                  -
[2021-02-07T18:39:07.257+0300][622.497s][info][gc          ] GC(143) Garbage Collection (Allocation Stall) 244M(95%)->244M(95%)
[2021-02-07T18:39:07.257+0300][622.497s][info][gc          ] Allocation Stall (Unknown thread) 179.844ms
[2021-02-07T18:39:07.257+0300][622.497s][info][gc,start    ] GC(144) Garbage Collection (Allocation Stall)
[2021-02-07T18:39:07.257+0300][622.497s][info][gc          ] Out Of Memory (Unknown thread)
[2021-02-07T18:39:07.257+0300][622.497s][info][gc          ] Allocation Stall (Notification Thread) 360.094ms
[2021-02-07T18:39:07.257+0300][622.497s][info][gc          ] Allocation Stall (RMI TCP Connection(idle)) 179.700ms
