[2021-02-13T17:14:49.225+0300][0.008s][info][gc,init] Initializing The Z Garbage Collector
[2021-02-13T17:14:49.226+0300][0.008s][info][gc,init] Version: 15.0.1+9 (release)
[2021-02-13T17:14:49.226+0300][0.008s][info][gc,init] NUMA Support: Disabled
[2021-02-13T17:14:49.226+0300][0.008s][info][gc,init] CPUs: 6 total, 6 available
[2021-02-13T17:14:49.226+0300][0.008s][info][gc,init] Memory: 16302M
[2021-02-13T17:14:49.226+0300][0.008s][info][gc,init] Large Page Support: Disabled
[2021-02-13T17:14:49.226+0300][0.008s][info][gc,init] Workers: 4 parallel, 1 concurrent
[2021-02-13T17:14:49.227+0300][0.009s][info][gc,init] Address Space Type: Contiguous/Unrestricted/Complete
[2021-02-13T17:14:49.227+0300][0.009s][info][gc,init] Address Space Size: 16384M x 3 = 49152M
[2021-02-13T17:14:49.227+0300][0.009s][info][gc,init] Min Capacity: 1024M
[2021-02-13T17:14:49.227+0300][0.009s][info][gc,init] Initial Capacity: 1024M
[2021-02-13T17:14:49.227+0300][0.009s][info][gc,init] Max Capacity: 1024M
[2021-02-13T17:14:49.227+0300][0.009s][info][gc,init] Max Reserve: 40M
[2021-02-13T17:14:49.227+0300][0.009s][info][gc,init] Medium Page Size: 32M
[2021-02-13T17:14:49.227+0300][0.009s][info][gc,init] Pre-touch: Disabled
[2021-02-13T17:14:49.227+0300][0.009s][info][gc,init] Uncommit: Implicitly Disabled (-Xms equals -Xmx)
[2021-02-13T17:14:49.277+0300][0.059s][info][gc,init] Runtime Workers: 4 parallel
[2021-02-13T17:14:49.278+0300][0.060s][info][gc     ] Using The Z Garbage Collector
[2021-02-13T17:14:49.284+0300][0.066s][info][gc,metaspace] CDS archive(s) mapped at: [0x0000000800000000-0x0000000800b50000-0x0000000800b50000), size 11862016, SharedBaseAddress: 0x0000000800000000, ArchiveRelocationMode: 0.
[2021-02-13T17:14:49.284+0300][0.066s][info][gc,metaspace] Compressed class space mapped at: 0x0000000800b50000-0x0000000840b50000, size: 1073741824
[2021-02-13T17:14:49.284+0300][0.066s][info][gc,metaspace] Narrow klass base: 0x0000000800000000, Narrow klass shift: 3, Narrow klass range: 0x100000000
[2021-02-13T17:14:59.356+0300][10.138s][info][gc,stats    ] === Garbage Collection Statistics =======================================================================================================================
[2021-02-13T17:14:59.356+0300][10.138s][info][gc,stats    ]                                                              Last 10s              Last 10m              Last 10h                Total
[2021-02-13T17:14:59.356+0300][10.138s][info][gc,stats    ]                                                              Avg / Max             Avg / Max             Avg / Max             Avg / Max
[2021-02-13T17:14:59.356+0300][10.138s][info][gc,stats    ]   Collector: Garbage Collection Cycle                      0.000 / 0.000         0.000 / 0.000         0.000 / 0.000         0.000 / 0.000       ms
[2021-02-13T17:14:59.356+0300][10.138s][info][gc,stats    ]  Contention: Mark Segment Reset Contention                     0 / 0                 0 / 0                 0 / 0                 0 / 0           ops/s
[2021-02-13T17:14:59.356+0300][10.138s][info][gc,stats    ]  Contention: Mark SeqNum Reset Contention                      0 / 0                 0 / 0                 0 / 0                 0 / 0           ops/s
[2021-02-13T17:14:59.356+0300][10.138s][info][gc,stats    ]  Contention: Relocation Contention                             0 / 0                 0 / 0                 0 / 0                 0 / 0           ops/s
[2021-02-13T17:14:59.356+0300][10.138s][info][gc,stats    ]    Critical: Allocation Stall                              0.000 / 0.000         0.000 / 0.000         0.000 / 0.000         0.000 / 0.000       ms
[2021-02-13T17:14:59.356+0300][10.138s][info][gc,stats    ]    Critical: Allocation Stall                                  0 / 0                 0 / 0                 0 / 0                 0 / 0           ops/s
[2021-02-13T17:14:59.356+0300][10.138s][info][gc,stats    ]    Critical: GC Locker Stall                               0.000 / 0.000         0.000 / 0.000         0.000 / 0.000         0.000 / 0.000       ms
[2021-02-13T17:14:59.356+0300][10.138s][info][gc,stats    ]    Critical: GC Locker Stall                                   0 / 0                 0 / 0                 0 / 0                 0 / 0           ops/s
[2021-02-13T17:14:59.356+0300][10.138s][info][gc,stats    ]      Memory: Allocation Rate                                 112 / 1082            112 / 1082            112 / 1082            112 / 1082        MB/s
[2021-02-13T17:14:59.356+0300][10.138s][info][gc,stats    ]      Memory: Heap Used After Mark                              0 / 0                 0 / 0                 0 / 0                 0 / 0           MB
[2021-02-13T17:14:59.356+0300][10.138s][info][gc,stats    ]      Memory: Heap Used After Relocation                        0 / 0                 0 / 0                 0 / 0                 0 / 0           MB
[2021-02-13T17:14:59.356+0300][10.138s][info][gc,stats    ]      Memory: Heap Used Before Mark                             0 / 0                 0 / 0                 0 / 0                 0 / 0           MB
[2021-02-13T17:14:59.356+0300][10.138s][info][gc,stats    ]      Memory: Heap Used Before Relocation                       0 / 0                 0 / 0                 0 / 0                 0 / 0           MB
[2021-02-13T17:14:59.356+0300][10.138s][info][gc,stats    ]      Memory: Out Of Memory                                     0 / 0                 0 / 0                 0 / 0                 0 / 0           ops/s
[2021-02-13T17:14:59.356+0300][10.138s][info][gc,stats    ]      Memory: Page Cache Flush                                  0 / 0                 0 / 0                 0 / 0                 0 / 0           MB/s
[2021-02-13T17:14:59.356+0300][10.138s][info][gc,stats    ]      Memory: Page Cache Hit L1                                 0 / 0                 0 / 0                 0 / 0                 0 / 0           ops/s
[2021-02-13T17:14:59.356+0300][10.138s][info][gc,stats    ]      Memory: Page Cache Hit L2                                 0 / 0                 0 / 0                 0 / 0                 0 / 0           ops/s
[2021-02-13T17:14:59.356+0300][10.138s][info][gc,stats    ]      Memory: Page Cache Hit L3                                 3 / 14                3 / 14                3 / 14                3 / 14          ops/s
[2021-02-13T17:14:59.356+0300][10.138s][info][gc,stats    ]      Memory: Page Cache Miss                                   0 / 0                 0 / 0                 0 / 0                 0 / 0           ops/s
[2021-02-13T17:14:59.356+0300][10.138s][info][gc,stats    ]      Memory: Uncommit                                          0 / 0                 0 / 0                 0 / 0                 0 / 0           MB/s
[2021-02-13T17:14:59.356+0300][10.138s][info][gc,stats    ]      Memory: Undo Object Allocation Failed                     0 / 0                 0 / 0                 0 / 0                 0 / 0           ops/s
[2021-02-13T17:14:59.356+0300][10.138s][info][gc,stats    ]      Memory: Undo Object Allocation Succeeded                  0 / 0                 0 / 0                 0 / 0                 0 / 0           ops/s
[2021-02-13T17:14:59.356+0300][10.138s][info][gc,stats    ]      Memory: Undo Page Allocation                              0 / 0                 0 / 0                 0 / 0                 0 / 0           ops/s
[2021-02-13T17:14:59.356+0300][10.138s][info][gc,stats    ]       Phase: Concurrent Mark                               0.000 / 0.000         0.000 / 0.000         0.000 / 0.000         0.000 / 0.000       ms
[2021-02-13T17:14:59.356+0300][10.138s][info][gc,stats    ]       Phase: Concurrent Mark Continue                      0.000 / 0.000         0.000 / 0.000         0.000 / 0.000         0.000 / 0.000       ms
[2021-02-13T17:14:59.356+0300][10.138s][info][gc,stats    ]       Phase: Concurrent Process Non-Strong References      0.000 / 0.000         0.000 / 0.000         0.000 / 0.000         0.000 / 0.000       ms
[2021-02-13T17:14:59.356+0300][10.138s][info][gc,stats    ]       Phase: Concurrent Relocate                           0.000 / 0.000         0.000 / 0.000         0.000 / 0.000         0.000 / 0.000       ms
[2021-02-13T17:14:59.356+0300][10.138s][info][gc,stats    ]       Phase: Concurrent Reset Relocation Set               0.000 / 0.000         0.000 / 0.000         0.000 / 0.000         0.000 / 0.000       ms
[2021-02-13T17:14:59.356+0300][10.138s][info][gc,stats    ]       Phase: Concurrent Select Relocation Set              0.000 / 0.000         0.000 / 0.000         0.000 / 0.000         0.000 / 0.000       ms
[2021-02-13T17:14:59.356+0300][10.138s][info][gc,stats    ]       Phase: Pause Mark End                                0.000 / 0.000         0.000 / 0.000         0.000 / 0.000         0.000 / 0.000       ms
[2021-02-13T17:14:59.356+0300][10.138s][info][gc,stats    ]       Phase: Pause Mark Start                              0.000 / 0.000         0.000 / 0.000         0.000 / 0.000         0.000 / 0.000       ms
[2021-02-13T17:14:59.356+0300][10.138s][info][gc,stats    ]       Phase: Pause Relocate Start                          0.000 / 0.000         0.000 / 0.000         0.000 / 0.000         0.000 / 0.000       ms
[2021-02-13T17:14:59.356+0300][10.138s][info][gc,stats    ]    Subphase: Concurrent Classes Purge                      0.000 / 0.000         0.000 / 0.000         0.000 / 0.000         0.000 / 0.000       ms
[2021-02-13T17:14:59.356+0300][10.138s][info][gc,stats    ]    Subphase: Concurrent Classes Unlink                     0.000 / 0.000         0.000 / 0.000         0.000 / 0.000         0.000 / 0.000       ms
[2021-02-13T17:14:59.356+0300][10.138s][info][gc,stats    ]    Subphase: Concurrent Mark                               0.000 / 0.000         0.000 / 0.000         0.000 / 0.000         0.000 / 0.000       ms
[2021-02-13T17:14:59.356+0300][10.138s][info][gc,stats    ]    Subphase: Concurrent Mark Idle                          0.000 / 0.000         0.000 / 0.000         0.000 / 0.000         0.000 / 0.000       ms
[2021-02-13T17:14:59.356+0300][10.138s][info][gc,stats    ]    Subphase: Concurrent Mark Try Flush                     0.000 / 0.000         0.000 / 0.000         0.000 / 0.000         0.000 / 0.000       ms
[2021-02-13T17:14:59.356+0300][10.139s][info][gc,stats    ]    Subphase: Concurrent Mark Try Terminate                 0.000 / 0.000         0.000 / 0.000         0.000 / 0.000         0.000 / 0.000       ms
[2021-02-13T17:14:59.356+0300][10.139s][info][gc,stats    ]    Subphase: Concurrent References Enqueue                 0.000 / 0.000         0.000 / 0.000         0.000 / 0.000         0.000 / 0.000       ms
[2021-02-13T17:14:59.356+0300][10.139s][info][gc,stats    ]    Subphase: Concurrent References Process                 0.000 / 0.000         0.000 / 0.000         0.000 / 0.000         0.000 / 0.000       ms
[2021-02-13T17:14:59.356+0300][10.139s][info][gc,stats    ]    Subphase: Concurrent Roots                              0.000 / 0.000         0.000 / 0.000         0.000 / 0.000         0.000 / 0.000       ms
[2021-02-13T17:14:59.356+0300][10.139s][info][gc,stats    ]    Subphase: Concurrent Roots ClassLoaderDataGraph         0.000 / 0.000         0.000 / 0.000         0.000 / 0.000         0.000 / 0.000       ms
[2021-02-13T17:14:59.356+0300][10.139s][info][gc,stats    ]    Subphase: Concurrent Roots JNIHandles                   0.000 / 0.000         0.000 / 0.000         0.000 / 0.000         0.000 / 0.000       ms
[2021-02-13T17:14:59.356+0300][10.139s][info][gc,stats    ]    Subphase: Concurrent Roots Setup                        0.000 / 0.000         0.000 / 0.000         0.000 / 0.000         0.000 / 0.000       ms
[2021-02-13T17:14:59.356+0300][10.139s][info][gc,stats    ]    Subphase: Concurrent Roots Teardown                     0.000 / 0.000         0.000 / 0.000         0.000 / 0.000         0.000 / 0.000       ms
[2021-02-13T17:14:59.356+0300][10.139s][info][gc,stats    ]    Subphase: Concurrent Roots VMHandles                    0.000 / 0.000         0.000 / 0.000         0.000 / 0.000         0.000 / 0.000       ms
[2021-02-13T17:14:59.356+0300][10.139s][info][gc,stats    ]    Subphase: Concurrent Weak Roots                         0.000 / 0.000         0.000 / 0.000         0.000 / 0.000         0.000 / 0.000       ms
[2021-02-13T17:14:59.356+0300][10.139s][info][gc,stats    ]    Subphase: Concurrent Weak Roots JNIWeakHandles          0.000 / 0.000         0.000 / 0.000         0.000 / 0.000         0.000 / 0.000       ms
[2021-02-13T17:14:59.356+0300][10.139s][info][gc,stats    ]    Subphase: Concurrent Weak Roots ResolvedMethodTable     0.000 / 0.000         0.000 / 0.000         0.000 / 0.000         0.000 / 0.000       ms
[2021-02-13T17:14:59.356+0300][10.139s][info][gc,stats    ]    Subphase: Concurrent Weak Roots StringTable             0.000 / 0.000         0.000 / 0.000         0.000 / 0.000         0.000 / 0.000       ms
[2021-02-13T17:14:59.356+0300][10.139s][info][gc,stats    ]    Subphase: Concurrent Weak Roots VMWeakHandles           0.000 / 0.000         0.000 / 0.000         0.000 / 0.000         0.000 / 0.000       ms
[2021-02-13T17:14:59.356+0300][10.139s][info][gc,stats    ]    Subphase: Pause Mark Try Complete                       0.000 / 0.000         0.000 / 0.000         0.000 / 0.000         0.000 / 0.000       ms
[2021-02-13T17:14:59.356+0300][10.139s][info][gc,stats    ]    Subphase: Pause Roots                                   0.000 / 0.000         0.000 / 0.000         0.000 / 0.000         0.000 / 0.000       ms
[2021-02-13T17:14:59.356+0300][10.139s][info][gc,stats    ]    Subphase: Pause Roots CodeCache                         0.000 / 0.000         0.000 / 0.000         0.000 / 0.000         0.000 / 0.000       ms
[2021-02-13T17:14:59.356+0300][10.139s][info][gc,stats    ]    Subphase: Pause Roots JVMTIExport                       0.000 / 0.000         0.000 / 0.000         0.000 / 0.000         0.000 / 0.000       ms
[2021-02-13T17:14:59.356+0300][10.139s][info][gc,stats    ]    Subphase: Pause Roots JVMTIWeakExport                   0.000 / 0.000         0.000 / 0.000         0.000 / 0.000         0.000 / 0.000       ms
[2021-02-13T17:14:59.356+0300][10.139s][info][gc,stats    ]    Subphase: Pause Roots Java Threads                      0.000 / 0.000         0.000 / 0.000         0.000 / 0.000         0.000 / 0.000       ms
[2021-02-13T17:14:59.356+0300][10.139s][info][gc,stats    ]    Subphase: Pause Roots Management                        0.000 / 0.000         0.000 / 0.000         0.000 / 0.000         0.000 / 0.000       ms
[2021-02-13T17:14:59.356+0300][10.139s][info][gc,stats    ]    Subphase: Pause Roots ObjectSynchronizer                0.000 / 0.000         0.000 / 0.000         0.000 / 0.000         0.000 / 0.000       ms
[2021-02-13T17:14:59.356+0300][10.139s][info][gc,stats    ]    Subphase: Pause Roots Setup                             0.000 / 0.000         0.000 / 0.000         0.000 / 0.000         0.000 / 0.000       ms
[2021-02-13T17:14:59.356+0300][10.139s][info][gc,stats    ]    Subphase: Pause Roots Teardown                          0.000 / 0.000         0.000 / 0.000         0.000 / 0.000         0.000 / 0.000       ms
[2021-02-13T17:14:59.356+0300][10.139s][info][gc,stats    ]    Subphase: Pause Roots Universe                          0.000 / 0.000         0.000 / 0.000         0.000 / 0.000         0.000 / 0.000       ms
[2021-02-13T17:14:59.356+0300][10.139s][info][gc,stats    ]    Subphase: Pause Roots VM Thread                         0.000 / 0.000         0.000 / 0.000         0.000 / 0.000         0.000 / 0.000       ms
[2021-02-13T17:14:59.357+0300][10.139s][info][gc,stats    ]    Subphase: Pause Weak Roots                              0.000 / 0.000         0.000 / 0.000         0.000 / 0.000         0.000 / 0.000       ms
[2021-02-13T17:14:59.357+0300][10.139s][info][gc,stats    ]    Subphase: Pause Weak Roots JFRWeak                      0.000 / 0.000         0.000 / 0.000         0.000 / 0.000         0.000 / 0.000       ms
[2021-02-13T17:14:59.357+0300][10.139s][info][gc,stats    ]    Subphase: Pause Weak Roots JVMTIWeakExport              0.000 / 0.000         0.000 / 0.000         0.000 / 0.000         0.000 / 0.000       ms
[2021-02-13T17:14:59.357+0300][10.139s][info][gc,stats    ]    Subphase: Pause Weak Roots Setup                        0.000 / 0.000         0.000 / 0.000         0.000 / 0.000         0.000 / 0.000       ms
[2021-02-13T17:14:59.357+0300][10.139s][info][gc,stats    ]    Subphase: Pause Weak Roots Teardown                     0.000 / 0.000         0.000 / 0.000         0.000 / 0.000         0.000 / 0.000       ms
[2021-02-13T17:14:59.357+0300][10.139s][info][gc,stats    ]      System: Java Threads                                      0 / 0                 0 / 0                 0 / 0                 0 / 0           threads
[2021-02-13T17:14:59.357+0300][10.139s][info][gc,stats    ] =========================================================================================================================================================
[2021-02-13T17:15:00.042+0300][10.824s][info][gc,start    ] GC(0) Garbage Collection (Warmup)
[2021-02-13T17:15:00.043+0300][10.825s][info][gc,phases   ] GC(0) Pause Mark Start 0.836ms
[2021-02-13T17:15:00.158+0300][10.940s][info][gc,phases   ] GC(0) Concurrent Mark 114.770ms
[2021-02-13T17:15:00.158+0300][10.941s][info][gc,phases   ] GC(0) Pause Mark End 0.204ms
[2021-02-13T17:15:00.160+0300][10.942s][info][gc,phases   ] GC(0) Concurrent Process Non-Strong References 1.525ms
[2021-02-13T17:15:00.160+0300][10.942s][info][gc,phases   ] GC(0) Concurrent Reset Relocation Set 0.004ms
[2021-02-13T17:15:00.170+0300][10.952s][info][gc,phases   ] GC(0) Concurrent Select Relocation Set 9.944ms
[2021-02-13T17:15:00.170+0300][10.953s][info][gc,phases   ] GC(0) Pause Relocate Start 0.175ms
[2021-02-13T17:15:00.188+0300][10.971s][info][gc,phases   ] GC(0) Concurrent Relocate 17.964ms
[2021-02-13T17:15:00.188+0300][10.971s][info][gc,load     ] GC(0) Load: 0.00/0.00/0.00
[2021-02-13T17:15:00.188+0300][10.971s][info][gc,mmu      ] GC(0) MMU: 2ms/58.2%, 5ms/83.3%, 10ms/91.6%, 20ms/95.8%, 50ms/98.3%, 100ms/99.2%
[2021-02-13T17:15:00.189+0300][10.971s][info][gc,marking  ] GC(0) Mark: 1 stripe(s), 2 proactive flush(es), 1 terminate flush(es), 1 completion(s), 0 continuation(s) 
[2021-02-13T17:15:00.189+0300][10.971s][info][gc,nmethod  ] GC(0) NMethods: 1092 registered, 0 unregistered
[2021-02-13T17:15:00.189+0300][10.971s][info][gc,metaspace] GC(0) Metaspace: 6M used, 6M capacity, 6M committed, 1032M reserved
[2021-02-13T17:15:00.189+0300][10.971s][info][gc,ref      ] GC(0) Soft: 610 encountered, 0 discovered, 0 enqueued
[2021-02-13T17:15:00.189+0300][10.971s][info][gc,ref      ] GC(0) Weak: 1131 encountered, 742 discovered, 137 enqueued
[2021-02-13T17:15:00.189+0300][10.971s][info][gc,ref      ] GC(0) Final: 0 encountered, 0 discovered, 0 enqueued
[2021-02-13T17:15:00.189+0300][10.971s][info][gc,ref      ] GC(0) Phantom: 159 encountered, 158 discovered, 152 enqueued
[2021-02-13T17:15:00.189+0300][10.971s][info][gc,reloc    ] GC(0) Small Pages: 43 / 86M(73%), Empty: 0M(0%), Compacting: 52M(44%)->14M(12%)
[2021-02-13T17:15:00.189+0300][10.971s][info][gc,reloc    ] GC(0) Medium Pages: 1 / 32M(27%), Empty: 0M(0%), Compacting: 0M(0%)->0M(0%)
[2021-02-13T17:15:00.189+0300][10.971s][info][gc,reloc    ] GC(0) Large Pages: 0 / 0M(0%), Empty: 0M(0%), Compacting: 0M(0%)->0M(0%)
[2021-02-13T17:15:00.189+0300][10.971s][info][gc,reloc    ] GC(0) Relocation: Successful
[2021-02-13T17:15:00.189+0300][10.971s][info][gc,heap     ] GC(0) Min Capacity: 1024M(100%)
[2021-02-13T17:15:00.189+0300][10.971s][info][gc,heap     ] GC(0) Max Capacity: 1024M(100%)
[2021-02-13T17:15:00.189+0300][10.971s][info][gc,heap     ] GC(0) Soft Max Capacity: 1024M(100%)
[2021-02-13T17:15:00.189+0300][10.971s][info][gc,heap     ] GC(0)                Mark Start          Mark End        Relocate Start      Relocate End           High               Low         
[2021-02-13T17:15:00.189+0300][10.971s][info][gc,heap     ] GC(0)  Capacity:     1024M (100%)       1024M (100%)       1024M (100%)       1024M (100%)       1024M (100%)       1024M (100%)   
[2021-02-13T17:15:00.189+0300][10.971s][info][gc,heap     ] GC(0)   Reserve:       40M (4%)           40M (4%)           40M (4%)           40M (4%)           40M (4%)           40M (4%)     
[2021-02-13T17:15:00.189+0300][10.971s][info][gc,heap     ] GC(0)      Free:      866M (85%)         866M (85%)         866M (85%)         898M (88%)         898M (88%)         856M (84%)    
[2021-02-13T17:15:00.189+0300][10.971s][info][gc,heap     ] GC(0)      Used:      118M (12%)         118M (12%)         118M (12%)          86M (8%)          128M (13%)          86M (8%)     
[2021-02-13T17:15:00.189+0300][10.971s][info][gc,heap     ] GC(0)      Live:         -                48M (5%)           48M (5%)           48M (5%)             -                  -          
[2021-02-13T17:15:00.189+0300][10.971s][info][gc,heap     ] GC(0) Allocated:         -                 0M (0%)            0M (0%)           20M (2%)             -                  -          
[2021-02-13T17:15:00.189+0300][10.971s][info][gc,heap     ] GC(0)   Garbage:         -                69M (7%)           69M (7%)           37M (4%)             -                  -          
[2021-02-13T17:15:00.189+0300][10.971s][info][gc,heap     ] GC(0) Reclaimed:         -                  -                 0M (0%)           32M (3%)             -                  -          
[2021-02-13T17:15:00.189+0300][10.971s][info][gc          ] GC(0) Garbage Collection (Warmup) 118M(12%)->86M(8%)
[2021-02-13T17:15:09.342+0300][20.125s][info][gc,stats    ] === Garbage Collection Statistics =======================================================================================================================
[2021-02-13T17:15:09.342+0300][20.125s][info][gc,stats    ]                                                              Last 10s              Last 10m              Last 10h                Total
[2021-02-13T17:15:09.342+0300][20.125s][info][gc,stats    ]                                                              Avg / Max             Avg / Max             Avg / Max             Avg / Max
[2021-02-13T17:15:09.342+0300][20.125s][info][gc,stats    ]   Collector: Garbage Collection Cycle                    146.852 / 146.852     146.852 / 146.852     146.852 / 146.852     146.852 / 146.852     ms
[2021-02-13T17:15:09.342+0300][20.125s][info][gc,stats    ]  Contention: Mark Segment Reset Contention                     0 / 0                 0 / 0                 0 / 0                 0 / 0           ops/s
[2021-02-13T17:15:09.342+0300][20.125s][info][gc,stats    ]  Contention: Mark SeqNum Reset Contention                      0 / 0                 0 / 0                 0 / 0                 0 / 0           ops/s
[2021-02-13T17:15:09.342+0300][20.125s][info][gc,stats    ]  Contention: Relocation Contention                             0 / 0                 0 / 0                 0 / 0                 0 / 0           ops/s
[2021-02-13T17:15:09.342+0300][20.125s][info][gc,stats    ]    Critical: Allocation Stall                              0.000 / 0.000         0.000 / 0.000         0.000 / 0.000         0.000 / 0.000       ms
[2021-02-13T17:15:09.342+0300][20.125s][info][gc,stats    ]    Critical: Allocation Stall                                  0 / 0                 0 / 0                 0 / 0                 0 / 0           ops/s
[2021-02-13T17:15:09.342+0300][20.125s][info][gc,stats    ]    Critical: GC Locker Stall                               0.000 / 0.000         0.000 / 0.000         0.000 / 0.000         0.000 / 0.000       ms
[2021-02-13T17:15:09.342+0300][20.125s][info][gc,stats    ]    Critical: GC Locker Stall                                   0 / 0                 0 / 0                 0 / 0                 0 / 0           ops/s
[2021-02-13T17:15:09.342+0300][20.125s][info][gc,stats    ]      Memory: Allocation Rate                                   4 / 24               58 / 1082             58 / 1082             58 / 1082        MB/s
[2021-02-13T17:15:09.342+0300][20.125s][info][gc,stats    ]      Memory: Heap Used After Mark                            118 / 118             118 / 118             118 / 118             118 / 118         MB
[2021-02-13T17:15:09.342+0300][20.125s][info][gc,stats    ]      Memory: Heap Used After Relocation                       86 / 86               86 / 86               86 / 86               86 / 86          MB
[2021-02-13T17:15:09.342+0300][20.125s][info][gc,stats    ]      Memory: Heap Used Before Mark                           118 / 118             118 / 118             118 / 118             118 / 118         MB
[2021-02-13T17:15:09.342+0300][20.125s][info][gc,stats    ]      Memory: Heap Used Before Relocation                     118 / 118             118 / 118             118 / 118             118 / 118         MB
[2021-02-13T17:15:09.342+0300][20.125s][info][gc,stats    ]      Memory: Out Of Memory                                     0 / 0                 0 / 0                 0 / 0                 0 / 0           ops/s
[2021-02-13T17:15:09.342+0300][20.125s][info][gc,stats    ]      Memory: Page Cache Flush                                  0 / 0                 0 / 0                 0 / 0                 0 / 0           MB/s
[2021-02-13T17:15:09.342+0300][20.125s][info][gc,stats    ]      Memory: Page Cache Hit L1                                 1 / 9                 0 / 9                 0 / 9                 0 / 9           ops/s
[2021-02-13T17:15:09.342+0300][20.125s][info][gc,stats    ]      Memory: Page Cache Hit L2                                 0 / 0                 0 / 0                 0 / 0                 0 / 0           ops/s
[2021-02-13T17:15:09.342+0300][20.125s][info][gc,stats    ]      Memory: Page Cache Hit L3                                 1 / 13                2 / 14                2 / 14                2 / 14          ops/s
[2021-02-13T17:15:09.342+0300][20.125s][info][gc,stats    ]      Memory: Page Cache Miss                                   0 / 0                 0 / 0                 0 / 0                 0 / 0           ops/s
[2021-02-13T17:15:09.342+0300][20.125s][info][gc,stats    ]      Memory: Uncommit                                          0 / 0                 0 / 0                 0 / 0                 0 / 0           MB/s
[2021-02-13T17:15:09.342+0300][20.125s][info][gc,stats    ]      Memory: Undo Object Allocation Failed                     0 / 0                 0 / 0                 0 / 0                 0 / 0           ops/s
[2021-02-13T17:15:09.342+0300][20.125s][info][gc,stats    ]      Memory: Undo Object Allocation Succeeded                  0 / 0                 0 / 0                 0 / 0                 0 / 0           ops/s
[2021-02-13T17:15:09.342+0300][20.125s][info][gc,stats    ]      Memory: Undo Page Allocation                              0 / 0                 0 / 0                 0 / 0                 0 / 0           ops/s
[2021-02-13T17:15:09.342+0300][20.125s][info][gc,stats    ]       Phase: Concurrent Mark                             114.770 / 114.770     114.770 / 114.770     114.770 / 114.770     114.770 / 114.770     ms
[2021-02-13T17:15:09.342+0300][20.125s][info][gc,stats    ]       Phase: Concurrent Mark Continue                      0.000 / 0.000         0.000 / 0.000         0.000 / 0.000         0.000 / 0.000       ms
[2021-02-13T17:15:09.342+0300][20.125s][info][gc,stats    ]       Phase: Concurrent Process Non-Strong References      1.525 / 1.525         1.525 / 1.525         1.525 / 1.525         1.525 / 1.525       ms
[2021-02-13T17:15:09.342+0300][20.125s][info][gc,stats    ]       Phase: Concurrent Relocate                          17.964 / 17.964       17.964 / 17.964       17.964 / 17.964       17.964 / 17.964      ms
[2021-02-13T17:15:09.342+0300][20.125s][info][gc,stats    ]       Phase: Concurrent Reset Relocation Set               0.004 / 0.004         0.004 / 0.004         0.004 / 0.004         0.004 / 0.004       ms
[2021-02-13T17:15:09.342+0300][20.125s][info][gc,stats    ]       Phase: Concurrent Select Relocation Set              9.944 / 9.944         9.944 / 9.944         9.944 / 9.944         9.944 / 9.944       ms
[2021-02-13T17:15:09.342+0300][20.125s][info][gc,stats    ]       Phase: Pause Mark End                                0.204 / 0.204         0.204 / 0.204         0.204 / 0.204         0.204 / 0.204       ms
[2021-02-13T17:15:09.342+0300][20.125s][info][gc,stats    ]       Phase: Pause Mark Start                              0.836 / 0.836         0.836 / 0.836         0.836 / 0.836         0.836 / 0.836       ms
[2021-02-13T17:15:09.342+0300][20.125s][info][gc,stats    ]       Phase: Pause Relocate Start                          0.175 / 0.175         0.175 / 0.175         0.175 / 0.175         0.175 / 0.175       ms
[2021-02-13T17:15:09.342+0300][20.125s][info][gc,stats    ]    Subphase: Concurrent Classes Purge                      0.103 / 0.103         0.103 / 0.103         0.103 / 0.103         0.103 / 0.103       ms
[2021-02-13T17:15:09.342+0300][20.125s][info][gc,stats    ]    Subphase: Concurrent Classes Unlink                     0.858 / 0.858         0.858 / 0.858         0.858 / 0.858         0.858 / 0.858       ms
[2021-02-13T17:15:09.342+0300][20.125s][info][gc,stats    ]    Subphase: Concurrent Mark                             114.554 / 114.554     114.554 / 114.554     114.554 / 114.554     114.554 / 114.554     ms
[2021-02-13T17:15:09.342+0300][20.125s][info][gc,stats    ]    Subphase: Concurrent Mark Idle                          0.000 / 0.000         0.000 / 0.000         0.000 / 0.000         0.000 / 0.000       ms
[2021-02-13T17:15:09.342+0300][20.125s][info][gc,stats    ]    Subphase: Concurrent Mark Try Flush                     0.208 / 0.252         0.208 / 0.252         0.208 / 0.252         0.208 / 0.252       ms
[2021-02-13T17:15:09.342+0300][20.125s][info][gc,stats    ]    Subphase: Concurrent Mark Try Terminate                 0.111 / 0.223         0.111 / 0.223         0.111 / 0.223         0.111 / 0.223       ms
[2021-02-13T17:15:09.342+0300][20.125s][info][gc,stats    ]    Subphase: Concurrent References Enqueue                 0.004 / 0.004         0.004 / 0.004         0.004 / 0.004         0.004 / 0.004       ms
[2021-02-13T17:15:09.342+0300][20.125s][info][gc,stats    ]    Subphase: Concurrent References Process                 0.143 / 0.143         0.143 / 0.143         0.143 / 0.143         0.143 / 0.143       ms
[2021-02-13T17:15:09.342+0300][20.125s][info][gc,stats    ]    Subphase: Concurrent Roots                              0.048 / 0.048         0.048 / 0.048         0.048 / 0.048         0.048 / 0.048       ms
[2021-02-13T17:15:09.342+0300][20.125s][info][gc,stats    ]    Subphase: Concurrent Roots ClassLoaderDataGraph         0.044 / 0.044         0.044 / 0.044         0.044 / 0.044         0.044 / 0.044       ms
[2021-02-13T17:15:09.342+0300][20.125s][info][gc,stats    ]    Subphase: Concurrent Roots JNIHandles                   0.001 / 0.001         0.001 / 0.001         0.001 / 0.001         0.001 / 0.001       ms
[2021-02-13T17:15:09.342+0300][20.125s][info][gc,stats    ]    Subphase: Concurrent Roots Setup                        0.005 / 0.005         0.005 / 0.005         0.005 / 0.005         0.005 / 0.005       ms
[2021-02-13T17:15:09.342+0300][20.125s][info][gc,stats    ]    Subphase: Concurrent Roots Teardown                     0.000 / 0.000         0.000 / 0.000         0.000 / 0.000         0.000 / 0.000       ms
[2021-02-13T17:15:09.342+0300][20.125s][info][gc,stats    ]    Subphase: Concurrent Roots VMHandles                    0.002 / 0.002         0.002 / 0.002         0.002 / 0.002         0.002 / 0.002       ms
[2021-02-13T17:15:09.342+0300][20.125s][info][gc,stats    ]    Subphase: Concurrent Weak Roots                         0.177 / 0.177         0.177 / 0.177         0.177 / 0.177         0.177 / 0.177       ms
[2021-02-13T17:15:09.342+0300][20.125s][info][gc,stats    ]    Subphase: Concurrent Weak Roots JNIWeakHandles          0.000 / 0.000         0.000 / 0.000         0.000 / 0.000         0.000 / 0.000       ms
[2021-02-13T17:15:09.342+0300][20.125s][info][gc,stats    ]    Subphase: Concurrent Weak Roots ResolvedMethodTable     0.011 / 0.011         0.011 / 0.011         0.011 / 0.011         0.011 / 0.011       ms
[2021-02-13T17:15:09.342+0300][20.125s][info][gc,stats    ]    Subphase: Concurrent Weak Roots StringTable             0.158 / 0.158         0.158 / 0.158         0.158 / 0.158         0.158 / 0.158       ms
[2021-02-13T17:15:09.342+0300][20.125s][info][gc,stats    ]    Subphase: Concurrent Weak Roots VMWeakHandles           0.007 / 0.007         0.007 / 0.007         0.007 / 0.007         0.007 / 0.007       ms
[2021-02-13T17:15:09.342+0300][20.125s][info][gc,stats    ]    Subphase: Pause Mark Try Complete                       0.004 / 0.004         0.004 / 0.004         0.004 / 0.004         0.004 / 0.004       ms
[2021-02-13T17:15:09.342+0300][20.125s][info][gc,stats    ]    Subphase: Pause Roots                                   0.155 / 0.374         0.155 / 0.374         0.155 / 0.374         0.155 / 0.374       ms
[2021-02-13T17:15:09.342+0300][20.125s][info][gc,stats    ]    Subphase: Pause Roots CodeCache                         0.000 / 0.000         0.000 / 0.000         0.000 / 0.000         0.000 / 0.000       ms
[2021-02-13T17:15:09.342+0300][20.125s][info][gc,stats    ]    Subphase: Pause Roots JVMTIExport                       0.001 / 0.003         0.001 / 0.003         0.001 / 0.003         0.001 / 0.003       ms
[2021-02-13T17:15:09.342+0300][20.125s][info][gc,stats    ]    Subphase: Pause Roots JVMTIWeakExport                   0.000 / 0.000         0.000 / 0.000         0.000 / 0.000         0.000 / 0.000       ms
[2021-02-13T17:15:09.342+0300][20.125s][info][gc,stats    ]    Subphase: Pause Roots Java Threads                      0.147 / 0.373         0.147 / 0.373         0.147 / 0.373         0.147 / 0.373       ms
[2021-02-13T17:15:09.342+0300][20.125s][info][gc,stats    ]    Subphase: Pause Roots Management                        0.013 / 0.025         0.013 / 0.025         0.013 / 0.025         0.013 / 0.025       ms
[2021-02-13T17:15:09.342+0300][20.125s][info][gc,stats    ]    Subphase: Pause Roots ObjectSynchronizer                0.000 / 0.000         0.000 / 0.000         0.000 / 0.000         0.000 / 0.000       ms
[2021-02-13T17:15:09.342+0300][20.125s][info][gc,stats    ]    Subphase: Pause Roots Setup                             0.001 / 0.001         0.001 / 0.001         0.001 / 0.001         0.001 / 0.001       ms
[2021-02-13T17:15:09.342+0300][20.125s][info][gc,stats    ]    Subphase: Pause Roots Teardown                          0.001 / 0.001         0.001 / 0.001         0.001 / 0.001         0.001 / 0.001       ms
[2021-02-13T17:15:09.342+0300][20.125s][info][gc,stats    ]    Subphase: Pause Roots Universe                          0.014 / 0.027         0.014 / 0.027         0.014 / 0.027         0.014 / 0.027       ms
[2021-02-13T17:15:09.342+0300][20.126s][info][gc,stats    ]    Subphase: Pause Roots VM Thread                         0.001 / 0.001         0.001 / 0.001         0.001 / 0.001         0.001 / 0.001       ms
[2021-02-13T17:15:09.342+0300][20.126s][info][gc,stats    ]    Subphase: Pause Weak Roots                              0.002 / 0.005         0.002 / 0.005         0.002 / 0.005         0.002 / 0.005       ms
[2021-02-13T17:15:09.342+0300][20.126s][info][gc,stats    ]    Subphase: Pause Weak Roots JFRWeak                      0.000 / 0.000         0.000 / 0.000         0.000 / 0.000         0.000 / 0.000       ms
[2021-02-13T17:15:09.343+0300][20.126s][info][gc,stats    ]    Subphase: Pause Weak Roots JVMTIWeakExport              0.005 / 0.005         0.005 / 0.005         0.005 / 0.005         0.005 / 0.005       ms
[2021-02-13T17:15:09.343+0300][20.126s][info][gc,stats    ]    Subphase: Pause Weak Roots Setup                        0.000 / 0.000         0.000 / 0.000         0.000 / 0.000         0.000 / 0.000       ms
[2021-02-13T17:15:09.343+0300][20.126s][info][gc,stats    ]    Subphase: Pause Weak Roots Teardown                     0.000 / 0.000         0.000 / 0.000         0.000 / 0.000         0.000 / 0.000       ms
[2021-02-13T17:15:09.343+0300][20.126s][info][gc,stats    ]      System: Java Threads                                     16 / 16               16 / 16               16 / 16               16 / 16          threads
[2021-02-13T17:15:09.343+0300][20.126s][info][gc,stats    ] =========================================================================================================================================================
[2021-02-13T17:15:19.341+0300][30.124s][info][gc,stats    ] === Garbage Collection Statistics =======================================================================================================================
[2021-02-13T17:15:19.341+0300][30.124s][info][gc,stats    ]                                                              Last 10s              Last 10m              Last 10h                Total
[2021-02-13T17:15:19.341+0300][30.124s][info][gc,stats    ]                                                              Avg / Max             Avg / Max             Avg / Max             Avg / Max
[2021-02-13T17:15:19.341+0300][30.124s][info][gc,stats    ]   Collector: Garbage Collection Cycle                      0.000 / 0.000       146.852 / 146.852     146.852 / 146.852     146.852 / 146.852     ms
[2021-02-13T17:15:19.341+0300][30.124s][info][gc,stats    ]  Contention: Mark Segment Reset Contention                     0 / 0                 0 / 0                 0 / 0                 0 / 0           ops/s
[2021-02-13T17:15:19.341+0300][30.124s][info][gc,stats    ]  Contention: Mark SeqNum Reset Contention                      0 / 0                 0 / 0                 0 / 0                 0 / 0           ops/s
[2021-02-13T17:15:19.341+0300][30.124s][info][gc,stats    ]  Contention: Relocation Contention                             0 / 0                 0 / 0                 0 / 0                 0 / 0           ops/s
[2021-02-13T17:15:19.341+0300][30.124s][info][gc,stats    ]    Critical: Allocation Stall                              0.000 / 0.000         0.000 / 0.000         0.000 / 0.000         0.000 / 0.000       ms
[2021-02-13T17:15:19.341+0300][30.124s][info][gc,stats    ]    Critical: Allocation Stall                                  0 / 0                 0 / 0                 0 / 0                 0 / 0           ops/s
[2021-02-13T17:15:19.341+0300][30.124s][info][gc,stats    ]    Critical: GC Locker Stall                               0.000 / 0.000         0.000 / 0.000         0.000 / 0.000         0.000 / 0.000       ms
[2021-02-13T17:15:19.341+0300][30.124s][info][gc,stats    ]    Critical: GC Locker Stall                                   0 / 0                 0 / 0                 0 / 0                 0 / 0           ops/s
[2021-02-13T17:15:19.341+0300][30.124s][info][gc,stats    ]      Memory: Allocation Rate                                   1 / 16               39 / 1082             39 / 1082             39 / 1082        MB/s
[2021-02-13T17:15:19.341+0300][30.124s][info][gc,stats    ]      Memory: Heap Used After Mark                              0 / 0               118 / 118             118 / 118             118 / 118         MB
[2021-02-13T17:15:19.341+0300][30.124s][info][gc,stats    ]      Memory: Heap Used After Relocation                        0 / 0                86 / 86               86 / 86               86 / 86          MB
[2021-02-13T17:15:19.341+0300][30.124s][info][gc,stats    ]      Memory: Heap Used Before Mark                             0 / 0               118 / 118             118 / 118             118 / 118         MB
[2021-02-13T17:15:19.341+0300][30.124s][info][gc,stats    ]      Memory: Heap Used Before Relocation                       0 / 0               118 / 118             118 / 118             118 / 118         MB
[2021-02-13T17:15:19.341+0300][30.124s][info][gc,stats    ]      Memory: Out Of Memory                                     0 / 0                 0 / 0                 0 / 0                 0 / 0           ops/s
[2021-02-13T17:15:19.341+0300][30.124s][info][gc,stats    ]      Memory: Page Cache Flush                                  0 / 0                 0 / 0                 0 / 0                 0 / 0           MB/s
[2021-02-13T17:15:19.341+0300][30.124s][info][gc,stats    ]      Memory: Page Cache Hit L1                                 0 / 8                 0 / 9                 0 / 9                 0 / 9           ops/s
[2021-02-13T17:15:19.341+0300][30.124s][info][gc,stats    ]      Memory: Page Cache Hit L2                                 0 / 0                 0 / 0                 0 / 0                 0 / 0           ops/s
[2021-02-13T17:15:19.341+0300][30.124s][info][gc,stats    ]      Memory: Page Cache Hit L3                                 0 / 0                 1 / 14                1 / 14                1 / 14          ops/s
[2021-02-13T17:15:19.341+0300][30.124s][info][gc,stats    ]      Memory: Page Cache Miss                                   0 / 0                 0 / 0                 0 / 0                 0 / 0           ops/s
[2021-02-13T17:15:19.341+0300][30.124s][info][gc,stats    ]      Memory: Uncommit                                          0 / 0                 0 / 0                 0 / 0                 0 / 0           MB/s
[2021-02-13T17:15:19.341+0300][30.124s][info][gc,stats    ]      Memory: Undo Object Allocation Failed                     0 / 0                 0 / 0                 0 / 0                 0 / 0           ops/s
[2021-02-13T17:15:19.341+0300][30.124s][info][gc,stats    ]      Memory: Undo Object Allocation Succeeded                  0 / 0                 0 / 0                 0 / 0                 0 / 0           ops/s
[2021-02-13T17:15:19.341+0300][30.124s][info][gc,stats    ]      Memory: Undo Page Allocation                              0 / 0                 0 / 0                 0 / 0                 0 / 0           ops/s
[2021-02-13T17:15:19.341+0300][30.124s][info][gc,stats    ]       Phase: Concurrent Mark                               0.000 / 0.000       114.770 / 114.770     114.770 / 114.770     114.770 / 114.770     ms
[2021-02-13T17:15:19.341+0300][30.124s][info][gc,stats    ]       Phase: Concurrent Mark Continue                      0.000 / 0.000         0.000 / 0.000         0.000 / 0.000         0.000 / 0.000       ms
[2021-02-13T17:15:19.341+0300][30.124s][info][gc,stats    ]       Phase: Concurrent Process Non-Strong References      0.000 / 0.000         1.525 / 1.525         1.525 / 1.525         1.525 / 1.525       ms
[2021-02-13T17:15:19.341+0300][30.124s][info][gc,stats    ]       Phase: Concurrent Relocate                           0.000 / 0.000        17.964 / 17.964       17.964 / 17.964       17.964 / 17.964      ms
[2021-02-13T17:15:19.341+0300][30.124s][info][gc,stats    ]       Phase: Concurrent Reset Relocation Set               0.000 / 0.000         0.004 / 0.004         0.004 / 0.004         0.004 / 0.004       ms
[2021-02-13T17:15:19.341+0300][30.124s][info][gc,stats    ]       Phase: Concurrent Select Relocation Set              0.000 / 0.000         9.944 / 9.944         9.944 / 9.944         9.944 / 9.944       ms
[2021-02-13T17:15:19.341+0300][30.124s][info][gc,stats    ]       Phase: Pause Mark End                                0.000 / 0.000         0.204 / 0.204         0.204 / 0.204         0.204 / 0.204       ms
[2021-02-13T17:15:19.341+0300][30.124s][info][gc,stats    ]       Phase: Pause Mark Start                              0.000 / 0.000         0.836 / 0.836         0.836 / 0.836         0.836 / 0.836       ms
[2021-02-13T17:15:19.341+0300][30.124s][info][gc,stats    ]       Phase: Pause Relocate Start                          0.000 / 0.000         0.175 / 0.175         0.175 / 0.175         0.175 / 0.175       ms
[2021-02-13T17:15:19.341+0300][30.124s][info][gc,stats    ]    Subphase: Concurrent Classes Purge                      0.000 / 0.000         0.103 / 0.103         0.103 / 0.103         0.103 / 0.103       ms
[2021-02-13T17:15:19.341+0300][30.124s][info][gc,stats    ]    Subphase: Concurrent Classes Unlink                     0.000 / 0.000         0.858 / 0.858         0.858 / 0.858         0.858 / 0.858       ms
[2021-02-13T17:15:19.341+0300][30.124s][info][gc,stats    ]    Subphase: Concurrent Mark                               0.000 / 0.000       114.554 / 114.554     114.554 / 114.554     114.554 / 114.554     ms
[2021-02-13T17:15:19.341+0300][30.124s][info][gc,stats    ]    Subphase: Concurrent Mark Idle                          0.000 / 0.000         0.000 / 0.000         0.000 / 0.000         0.000 / 0.000       ms
[2021-02-13T17:15:19.341+0300][30.124s][info][gc,stats    ]    Subphase: Concurrent Mark Try Flush                     0.000 / 0.000         0.208 / 0.252         0.208 / 0.252         0.208 / 0.252       ms
[2021-02-13T17:15:19.341+0300][30.124s][info][gc,stats    ]    Subphase: Concurrent Mark Try Terminate                 0.000 / 0.000         0.111 / 0.223         0.111 / 0.223         0.111 / 0.223       ms
[2021-02-13T17:15:19.341+0300][30.124s][info][gc,stats    ]    Subphase: Concurrent References Enqueue                 0.000 / 0.000         0.004 / 0.004         0.004 / 0.004         0.004 / 0.004       ms
[2021-02-13T17:15:19.341+0300][30.124s][info][gc,stats    ]    Subphase: Concurrent References Process                 0.000 / 0.000         0.143 / 0.143         0.143 / 0.143         0.143 / 0.143       ms
[2021-02-13T17:15:19.341+0300][30.124s][info][gc,stats    ]    Subphase: Concurrent Roots                              0.000 / 0.000         0.048 / 0.048         0.048 / 0.048         0.048 / 0.048       ms
[2021-02-13T17:15:19.341+0300][30.124s][info][gc,stats    ]    Subphase: Concurrent Roots ClassLoaderDataGraph         0.000 / 0.000         0.044 / 0.044         0.044 / 0.044         0.044 / 0.044       ms
[2021-02-13T17:15:19.341+0300][30.124s][info][gc,stats    ]    Subphase: Concurrent Roots JNIHandles                   0.000 / 0.000         0.001 / 0.001         0.001 / 0.001         0.001 / 0.001       ms
[2021-02-13T17:15:19.341+0300][30.124s][info][gc,stats    ]    Subphase: Concurrent Roots Setup                        0.000 / 0.000         0.005 / 0.005         0.005 / 0.005         0.005 / 0.005       ms
[2021-02-13T17:15:19.341+0300][30.124s][info][gc,stats    ]    Subphase: Concurrent Roots Teardown                     0.000 / 0.000         0.000 / 0.000         0.000 / 0.000         0.000 / 0.000       ms
[2021-02-13T17:15:19.341+0300][30.124s][info][gc,stats    ]    Subphase: Concurrent Roots VMHandles                    0.000 / 0.000         0.002 / 0.002         0.002 / 0.002         0.002 / 0.002       ms
[2021-02-13T17:15:19.341+0300][30.124s][info][gc,stats    ]    Subphase: Concurrent Weak Roots                         0.000 / 0.000         0.177 / 0.177         0.177 / 0.177         0.177 / 0.177       ms
[2021-02-13T17:15:19.341+0300][30.124s][info][gc,stats    ]    Subphase: Concurrent Weak Roots JNIWeakHandles          0.000 / 0.000         0.000 / 0.000         0.000 / 0.000         0.000 / 0.000       ms
[2021-02-13T17:15:19.341+0300][30.124s][info][gc,stats    ]    Subphase: Concurrent Weak Roots ResolvedMethodTable     0.000 / 0.000         0.011 / 0.011         0.011 / 0.011         0.011 / 0.011       ms
[2021-02-13T17:15:19.341+0300][30.124s][info][gc,stats    ]    Subphase: Concurrent Weak Roots StringTable             0.000 / 0.000         0.158 / 0.158         0.158 / 0.158         0.158 / 0.158       ms
[2021-02-13T17:15:19.341+0300][30.124s][info][gc,stats    ]    Subphase: Concurrent Weak Roots VMWeakHandles           0.000 / 0.000         0.007 / 0.007         0.007 / 0.007         0.007 / 0.007       ms
[2021-02-13T17:15:19.341+0300][30.124s][info][gc,stats    ]    Subphase: Pause Mark Try Complete                       0.000 / 0.000         0.004 / 0.004         0.004 / 0.004         0.004 / 0.004       ms
[2021-02-13T17:15:19.341+0300][30.124s][info][gc,stats    ]    Subphase: Pause Roots                                   0.000 / 0.000         0.155 / 0.374         0.155 / 0.374         0.155 / 0.374       ms
[2021-02-13T17:15:19.341+0300][30.124s][info][gc,stats    ]    Subphase: Pause Roots CodeCache                         0.000 / 0.000         0.000 / 0.000         0.000 / 0.000         0.000 / 0.000       ms
[2021-02-13T17:15:19.341+0300][30.124s][info][gc,stats    ]    Subphase: Pause Roots JVMTIExport                       0.000 / 0.000         0.001 / 0.003         0.001 / 0.003         0.001 / 0.003       ms
[2021-02-13T17:15:19.341+0300][30.124s][info][gc,stats    ]    Subphase: Pause Roots JVMTIWeakExport                   0.000 / 0.000         0.000 / 0.000         0.000 / 0.000         0.000 / 0.000       ms
[2021-02-13T17:15:19.341+0300][30.124s][info][gc,stats    ]    Subphase: Pause Roots Java Threads                      0.000 / 0.000         0.147 / 0.373         0.147 / 0.373         0.147 / 0.373       ms
[2021-02-13T17:15:19.341+0300][30.124s][info][gc,stats    ]    Subphase: Pause Roots Management                        0.000 / 0.000         0.013 / 0.025         0.013 / 0.025         0.013 / 0.025       ms
[2021-02-13T17:15:19.341+0300][30.124s][info][gc,stats    ]    Subphase: Pause Roots ObjectSynchronizer                0.000 / 0.000         0.000 / 0.000         0.000 / 0.000         0.000 / 0.000       ms
[2021-02-13T17:15:19.341+0300][30.124s][info][gc,stats    ]    Subphase: Pause Roots Setup                             0.000 / 0.000         0.001 / 0.001         0.001 / 0.001         0.001 / 0.001       ms
[2021-02-13T17:15:19.341+0300][30.124s][info][gc,stats    ]    Subphase: Pause Roots Teardown                          0.000 / 0.000         0.001 / 0.001         0.001 / 0.001         0.001 / 0.001       ms
[2021-02-13T17:15:19.341+0300][30.124s][info][gc,stats    ]    Subphase: Pause Roots Universe                          0.000 / 0.000         0.014 / 0.027         0.014 / 0.027         0.014 / 0.027       ms
[2021-02-13T17:15:19.341+0300][30.124s][info][gc,stats    ]    Subphase: Pause Roots VM Thread                         0.000 / 0.000         0.001 / 0.001         0.001 / 0.001         0.001 / 0.001       ms
[2021-02-13T17:15:19.341+0300][30.124s][info][gc,stats    ]    Subphase: Pause Weak Roots                              0.000 / 0.000         0.002 / 0.005         0.002 / 0.005         0.002 / 0.005       ms
[2021-02-13T17:15:19.341+0300][30.124s][info][gc,stats    ]    Subphase: Pause Weak Roots JFRWeak                      0.000 / 0.000         0.000 / 0.000         0.000 / 0.000         0.000 / 0.000       ms
[2021-02-13T17:15:19.341+0300][30.124s][info][gc,stats    ]    Subphase: Pause Weak Roots JVMTIWeakExport              0.000 / 0.000         0.005 / 0.005         0.005 / 0.005         0.005 / 0.005       ms
[2021-02-13T17:15:19.341+0300][30.124s][info][gc,stats    ]    Subphase: Pause Weak Roots Setup                        0.000 / 0.000         0.000 / 0.000         0.000 / 0.000         0.000 / 0.000       ms
[2021-02-13T17:15:19.341+0300][30.124s][info][gc,stats    ]    Subphase: Pause Weak Roots Teardown                     0.000 / 0.000         0.000 / 0.000         0.000 / 0.000         0.000 / 0.000       ms
[2021-02-13T17:15:19.341+0300][30.124s][info][gc,stats    ]      System: Java Threads                                      0 / 0                16 / 16               16 / 16               16 / 16          threads
[2021-02-13T17:15:19.341+0300][30.124s][info][gc,stats    ] =========================================================================================================================================================
[2021-02-13T17:15:29.342+0300][40.125s][info][gc,stats    ] === Garbage Collection Statistics =======================================================================================================================
[2021-02-13T17:15:29.342+0300][40.125s][info][gc,stats    ]                                                              Last 10s              Last 10m              Last 10h                Total
[2021-02-13T17:15:29.342+0300][40.125s][info][gc,stats    ]                                                              Avg / Max             Avg / Max             Avg / Max             Avg / Max
[2021-02-13T17:15:29.342+0300][40.125s][info][gc,stats    ]   Collector: Garbage Collection Cycle                      0.000 / 0.000       146.852 / 146.852     146.852 / 146.852     146.852 / 146.852     ms
[2021-02-13T17:15:29.342+0300][40.125s][info][gc,stats    ]  Contention: Mark Segment Reset Contention                     0 / 0                 0 / 0                 0 / 0                 0 / 0           ops/s
[2021-02-13T17:15:29.342+0300][40.125s][info][gc,stats    ]  Contention: Mark SeqNum Reset Contention                      0 / 0                 0 / 0                 0 / 0                 0 / 0           ops/s
[2021-02-13T17:15:29.342+0300][40.125s][info][gc,stats    ]  Contention: Relocation Contention                             0 / 0                 0 / 0                 0 / 0                 0 / 0           ops/s
[2021-02-13T17:15:29.342+0300][40.125s][info][gc,stats    ]    Critical: Allocation Stall                              0.000 / 0.000         0.000 / 0.000         0.000 / 0.000         0.000 / 0.000       ms
[2021-02-13T17:15:29.342+0300][40.125s][info][gc,stats    ]    Critical: Allocation Stall                                  0 / 0                 0 / 0                 0 / 0                 0 / 0           ops/s
[2021-02-13T17:15:29.342+0300][40.125s][info][gc,stats    ]    Critical: GC Locker Stall                               0.000 / 0.000         0.000 / 0.000         0.000 / 0.000         0.000 / 0.000       ms
[2021-02-13T17:15:29.342+0300][40.125s][info][gc,stats    ]    Critical: GC Locker Stall                                   0 / 0                 0 / 0                 0 / 0                 0 / 0           ops/s
[2021-02-13T17:15:29.342+0300][40.125s][info][gc,stats    ]      Memory: Allocation Rate                                   2 / 24               30 / 1082             30 / 1082             30 / 1082        MB/s
[2021-02-13T17:15:29.342+0300][40.125s][info][gc,stats    ]      Memory: Heap Used After Mark                              0 / 0               118 / 118             118 / 118             118 / 118         MB
[2021-02-13T17:15:29.342+0300][40.125s][info][gc,stats    ]      Memory: Heap Used After Relocation                        0 / 0                86 / 86               86 / 86               86 / 86          MB
[2021-02-13T17:15:29.342+0300][40.125s][info][gc,stats    ]      Memory: Heap Used Before Mark                             0 / 0               118 / 118             118 / 118             118 / 118         MB
[2021-02-13T17:15:29.342+0300][40.125s][info][gc,stats    ]      Memory: Heap Used Before Relocation                       0 / 0               118 / 118             118 / 118             118 / 118         MB
[2021-02-13T17:15:29.342+0300][40.125s][info][gc,stats    ]      Memory: Out Of Memory                                     0 / 0                 0 / 0                 0 / 0                 0 / 0           ops/s
[2021-02-13T17:15:29.342+0300][40.125s][info][gc,stats    ]      Memory: Page Cache Flush                                  0 / 0                 0 / 0                 0 / 0                 0 / 0           MB/s
[2021-02-13T17:15:29.342+0300][40.125s][info][gc,stats    ]      Memory: Page Cache Hit L1                                 0 / 1                 0 / 9                 0 / 9                 0 / 9           ops/s
[2021-02-13T17:15:29.342+0300][40.125s][info][gc,stats    ]      Memory: Page Cache Hit L2                                 0 / 0                 0 / 0                 0 / 0                 0 / 0           ops/s
[2021-02-13T17:15:29.342+0300][40.125s][info][gc,stats    ]      Memory: Page Cache Hit L3                                 0 / 9                 1 / 14                1 / 14                1 / 14          ops/s
[2021-02-13T17:15:29.342+0300][40.125s][info][gc,stats    ]      Memory: Page Cache Miss                                   0 / 0                 0 / 0                 0 / 0                 0 / 0           ops/s
[2021-02-13T17:15:29.342+0300][40.125s][info][gc,stats    ]      Memory: Uncommit                                          0 / 0                 0 / 0                 0 / 0                 0 / 0           MB/s
[2021-02-13T17:15:29.342+0300][40.125s][info][gc,stats    ]      Memory: Undo Object Allocation Failed                     0 / 0                 0 / 0                 0 / 0                 0 / 0           ops/s
[2021-02-13T17:15:29.342+0300][40.125s][info][gc,stats    ]      Memory: Undo Object Allocation Succeeded                  0 / 0                 0 / 0                 0 / 0                 0 / 0           ops/s
[2021-02-13T17:15:29.342+0300][40.125s][info][gc,stats    ]      Memory: Undo Page Allocation                              0 / 0                 0 / 0                 0 / 0                 0 / 0           ops/s
[2021-02-13T17:15:29.342+0300][40.125s][info][gc,stats    ]       Phase: Concurrent Mark                               0.000 / 0.000       114.770 / 114.770     114.770 / 114.770     114.770 / 114.770     ms
[2021-02-13T17:15:29.342+0300][40.125s][info][gc,stats    ]       Phase: Concurrent Mark Continue                      0.000 / 0.000         0.000 / 0.000         0.000 / 0.000         0.000 / 0.000       ms
[2021-02-13T17:15:29.342+0300][40.125s][info][gc,stats    ]       Phase: Concurrent Process Non-Strong References      0.000 / 0.000         1.525 / 1.525         1.525 / 1.525         1.525 / 1.525       ms
[2021-02-13T17:15:29.342+0300][40.125s][info][gc,stats    ]       Phase: Concurrent Relocate                           0.000 / 0.000        17.964 / 17.964       17.964 / 17.964       17.964 / 17.964      ms
[2021-02-13T17:15:29.342+0300][40.125s][info][gc,stats    ]       Phase: Concurrent Reset Relocation Set               0.000 / 0.000         0.004 / 0.004         0.004 / 0.004         0.004 / 0.004       ms
[2021-02-13T17:15:29.342+0300][40.125s][info][gc,stats    ]       Phase: Concurrent Select Relocation Set              0.000 / 0.000         9.944 / 9.944         9.944 / 9.944         9.944 / 9.944       ms
[2021-02-13T17:15:29.342+0300][40.125s][info][gc,stats    ]       Phase: Pause Mark End                                0.000 / 0.000         0.204 / 0.204         0.204 / 0.204         0.204 / 0.204       ms
[2021-02-13T17:15:29.342+0300][40.125s][info][gc,stats    ]       Phase: Pause Mark Start                              0.000 / 0.000         0.836 / 0.836         0.836 / 0.836         0.836 / 0.836       ms
[2021-02-13T17:15:29.342+0300][40.125s][info][gc,stats    ]       Phase: Pause Relocate Start                          0.000 / 0.000         0.175 / 0.175         0.175 / 0.175         0.175 / 0.175       ms
[2021-02-13T17:15:29.342+0300][40.125s][info][gc,stats    ]    Subphase: Concurrent Classes Purge                      0.000 / 0.000         0.103 / 0.103         0.103 / 0.103         0.103 / 0.103       ms
[2021-02-13T17:15:29.342+0300][40.125s][info][gc,stats    ]    Subphase: Concurrent Classes Unlink                     0.000 / 0.000         0.858 / 0.858         0.858 / 0.858         0.858 / 0.858       ms
[2021-02-13T17:15:29.342+0300][40.125s][info][gc,stats    ]    Subphase: Concurrent Mark                               0.000 / 0.000       114.554 / 114.554     114.554 / 114.554     114.554 / 114.554     ms
[2021-02-13T17:15:29.342+0300][40.125s][info][gc,stats    ]    Subphase: Concurrent Mark Idle                          0.000 / 0.000         0.000 / 0.000         0.000 / 0.000         0.000 / 0.000       ms
[2021-02-13T17:15:29.342+0300][40.125s][info][gc,stats    ]    Subphase: Concurrent Mark Try Flush                     0.000 / 0.000         0.208 / 0.252         0.208 / 0.252         0.208 / 0.252       ms
[2021-02-13T17:15:29.342+0300][40.125s][info][gc,stats    ]    Subphase: Concurrent Mark Try Terminate                 0.000 / 0.000         0.111 / 0.223         0.111 / 0.223         0.111 / 0.223       ms
[2021-02-13T17:15:29.342+0300][40.125s][info][gc,stats    ]    Subphase: Concurrent References Enqueue                 0.000 / 0.000         0.004 / 0.004         0.004 / 0.004         0.004 / 0.004       ms
[2021-02-13T17:15:29.342+0300][40.125s][info][gc,stats    ]    Subphase: Concurrent References Process                 0.000 / 0.000         0.143 / 0.143         0.143 / 0.143         0.143 / 0.143       ms
[2021-02-13T17:15:29.342+0300][40.125s][info][gc,stats    ]    Subphase: Concurrent Roots                              0.000 / 0.000         0.048 / 0.048         0.048 / 0.048         0.048 / 0.048       ms
[2021-02-13T17:15:29.342+0300][40.125s][info][gc,stats    ]    Subphase: Concurrent Roots ClassLoaderDataGraph         0.000 / 0.000         0.044 / 0.044         0.044 / 0.044         0.044 / 0.044       ms
[2021-02-13T17:15:29.342+0300][40.125s][info][gc,stats    ]    Subphase: Concurrent Roots JNIHandles                   0.000 / 0.000         0.001 / 0.001         0.001 / 0.001         0.001 / 0.001       ms
[2021-02-13T17:15:29.342+0300][40.125s][info][gc,stats    ]    Subphase: Concurrent Roots Setup                        0.000 / 0.000         0.005 / 0.005         0.005 / 0.005         0.005 / 0.005       ms
[2021-02-13T17:15:29.342+0300][40.125s][info][gc,stats    ]    Subphase: Concurrent Roots Teardown                     0.000 / 0.000         0.000 / 0.000         0.000 / 0.000         0.000 / 0.000       ms
[2021-02-13T17:15:29.342+0300][40.125s][info][gc,stats    ]    Subphase: Concurrent Roots VMHandles                    0.000 / 0.000         0.002 / 0.002         0.002 / 0.002         0.002 / 0.002       ms
[2021-02-13T17:15:29.342+0300][40.125s][info][gc,stats    ]    Subphase: Concurrent Weak Roots                         0.000 / 0.000         0.177 / 0.177         0.177 / 0.177         0.177 / 0.177       ms
[2021-02-13T17:15:29.342+0300][40.125s][info][gc,stats    ]    Subphase: Concurrent Weak Roots JNIWeakHandles          0.000 / 0.000         0.000 / 0.000         0.000 / 0.000         0.000 / 0.000       ms
[2021-02-13T17:15:29.342+0300][40.125s][info][gc,stats    ]    Subphase: Concurrent Weak Roots ResolvedMethodTable     0.000 / 0.000         0.011 / 0.011         0.011 / 0.011         0.011 / 0.011       ms
[2021-02-13T17:15:29.342+0300][40.125s][info][gc,stats    ]    Subphase: Concurrent Weak Roots StringTable             0.000 / 0.000         0.158 / 0.158         0.158 / 0.158         0.158 / 0.158       ms
[2021-02-13T17:15:29.342+0300][40.125s][info][gc,stats    ]    Subphase: Concurrent Weak Roots VMWeakHandles           0.000 / 0.000         0.007 / 0.007         0.007 / 0.007         0.007 / 0.007       ms
[2021-02-13T17:15:29.342+0300][40.125s][info][gc,stats    ]    Subphase: Pause Mark Try Complete                       0.000 / 0.000         0.004 / 0.004         0.004 / 0.004         0.004 / 0.004       ms
[2021-02-13T17:15:29.342+0300][40.125s][info][gc,stats    ]    Subphase: Pause Roots                                   0.000 / 0.000         0.155 / 0.374         0.155 / 0.374         0.155 / 0.374       ms
[2021-02-13T17:15:29.342+0300][40.125s][info][gc,stats    ]    Subphase: Pause Roots CodeCache                         0.000 / 0.000         0.000 / 0.000         0.000 / 0.000         0.000 / 0.000       ms
[2021-02-13T17:15:29.342+0300][40.125s][info][gc,stats    ]    Subphase: Pause Roots JVMTIExport                       0.000 / 0.000         0.001 / 0.003         0.001 / 0.003         0.001 / 0.003       ms
[2021-02-13T17:15:29.342+0300][40.125s][info][gc,stats    ]    Subphase: Pause Roots JVMTIWeakExport                   0.000 / 0.000         0.000 / 0.000         0.000 / 0.000         0.000 / 0.000       ms
[2021-02-13T17:15:29.342+0300][40.125s][info][gc,stats    ]    Subphase: Pause Roots Java Threads                      0.000 / 0.000         0.147 / 0.373         0.147 / 0.373         0.147 / 0.373       ms
[2021-02-13T17:15:29.342+0300][40.125s][info][gc,stats    ]    Subphase: Pause Roots Management                        0.000 / 0.000         0.013 / 0.025         0.013 / 0.025         0.013 / 0.025       ms
[2021-02-13T17:15:29.342+0300][40.125s][info][gc,stats    ]    Subphase: Pause Roots ObjectSynchronizer                0.000 / 0.000         0.000 / 0.000         0.000 / 0.000         0.000 / 0.000       ms
[2021-02-13T17:15:29.342+0300][40.125s][info][gc,stats    ]    Subphase: Pause Roots Setup                             0.000 / 0.000         0.001 / 0.001         0.001 / 0.001         0.001 / 0.001       ms
[2021-02-13T17:15:29.342+0300][40.125s][info][gc,stats    ]    Subphase: Pause Roots Teardown                          0.000 / 0.000         0.001 / 0.001         0.001 / 0.001         0.001 / 0.001       ms
[2021-02-13T17:15:29.342+0300][40.125s][info][gc,stats    ]    Subphase: Pause Roots Universe                          0.000 / 0.000         0.014 / 0.027         0.014 / 0.027         0.014 / 0.027       ms
[2021-02-13T17:15:29.342+0300][40.125s][info][gc,stats    ]    Subphase: Pause Roots VM Thread                         0.000 / 0.000         0.001 / 0.001         0.001 / 0.001         0.001 / 0.001       ms
[2021-02-13T17:15:29.342+0300][40.125s][info][gc,stats    ]    Subphase: Pause Weak Roots                              0.000 / 0.000         0.002 / 0.005         0.002 / 0.005         0.002 / 0.005       ms
[2021-02-13T17:15:29.342+0300][40.125s][info][gc,stats    ]    Subphase: Pause Weak Roots JFRWeak                      0.000 / 0.000         0.000 / 0.000         0.000 / 0.000         0.000 / 0.000       ms
[2021-02-13T17:15:29.342+0300][40.125s][info][gc,stats    ]    Subphase: Pause Weak Roots JVMTIWeakExport              0.000 / 0.000         0.005 / 0.005         0.005 / 0.005         0.005 / 0.005       ms
[2021-02-13T17:15:29.343+0300][40.126s][info][gc,stats    ]    Subphase: Pause Weak Roots Setup                        0.000 / 0.000         0.000 / 0.000         0.000 / 0.000         0.000 / 0.000       ms
[2021-02-13T17:15:29.343+0300][40.126s][info][gc,stats    ]    Subphase: Pause Weak Roots Teardown                     0.000 / 0.000         0.000 / 0.000         0.000 / 0.000         0.000 / 0.000       ms
[2021-02-13T17:15:29.343+0300][40.126s][info][gc,stats    ]      System: Java Threads                                      0 / 0                16 / 16               16 / 16               16 / 16          threads
[2021-02-13T17:15:29.343+0300][40.126s][info][gc,stats    ] =========================================================================================================================================================
[2021-02-13T17:15:39.341+0300][50.124s][info][gc,stats    ] === Garbage Collection Statistics =======================================================================================================================
[2021-02-13T17:15:39.341+0300][50.124s][info][gc,stats    ]                                                              Last 10s              Last 10m              Last 10h                Total
[2021-02-13T17:15:39.341+0300][50.124s][info][gc,stats    ]                                                              Avg / Max             Avg / Max             Avg / Max             Avg / Max
[2021-02-13T17:15:39.341+0300][50.124s][info][gc,stats    ]   Collector: Garbage Collection Cycle                      0.000 / 0.000       146.852 / 146.852     146.852 / 146.852     146.852 / 146.852     ms
[2021-02-13T17:15:39.341+0300][50.124s][info][gc,stats    ]  Contention: Mark Segment Reset Contention                     0 / 0                 0 / 0                 0 / 0                 0 / 0           ops/s
[2021-02-13T17:15:39.341+0300][50.124s][info][gc,stats    ]  Contention: Mark SeqNum Reset Contention                      0 / 0                 0 / 0                 0 / 0                 0 / 0           ops/s
[2021-02-13T17:15:39.341+0300][50.124s][info][gc,stats    ]  Contention: Relocation Contention                             0 / 0                 0 / 0                 0 / 0                 0 / 0           ops/s
[2021-02-13T17:15:39.341+0300][50.124s][info][gc,stats    ]    Critical: Allocation Stall                              0.000 / 0.000         0.000 / 0.000         0.000 / 0.000         0.000 / 0.000       ms
[2021-02-13T17:15:39.341+0300][50.124s][info][gc,stats    ]    Critical: Allocation Stall                                  0 / 0                 0 / 0                 0 / 0                 0 / 0           ops/s
[2021-02-13T17:15:39.341+0300][50.124s][info][gc,stats    ]    Critical: GC Locker Stall                               0.000 / 0.000         0.000 / 0.000         0.000 / 0.000         0.000 / 0.000       ms
[2021-02-13T17:15:39.341+0300][50.124s][info][gc,stats    ]    Critical: GC Locker Stall                                   0 / 0                 0 / 0                 0 / 0                 0 / 0           ops/s
[2021-02-13T17:15:39.341+0300][50.124s][info][gc,stats    ]      Memory: Allocation Rate                                   1 / 16               24 / 1082             24 / 1082             24 / 1082        MB/s
[2021-02-13T17:15:39.341+0300][50.124s][info][gc,stats    ]      Memory: Heap Used After Mark                              0 / 0               118 / 118             118 / 118             118 / 118         MB
[2021-02-13T17:15:39.341+0300][50.124s][info][gc,stats    ]      Memory: Heap Used After Relocation                        0 / 0                86 / 86               86 / 86               86 / 86          MB
[2021-02-13T17:15:39.341+0300][50.124s][info][gc,stats    ]      Memory: Heap Used Before Mark                             0 / 0               118 / 118             118 / 118             118 / 118         MB
[2021-02-13T17:15:39.341+0300][50.124s][info][gc,stats    ]      Memory: Heap Used Before Relocation                       0 / 0               118 / 118             118 / 118             118 / 118         MB
[2021-02-13T17:15:39.341+0300][50.124s][info][gc,stats    ]      Memory: Out Of Memory                                     0 / 0                 0 / 0                 0 / 0                 0 / 0           ops/s
[2021-02-13T17:15:39.341+0300][50.124s][info][gc,stats    ]      Memory: Page Cache Flush                                  0 / 0                 0 / 0                 0 / 0                 0 / 0           MB/s
[2021-02-13T17:15:39.341+0300][50.124s][info][gc,stats    ]      Memory: Page Cache Hit L1                                 0 / 0                 0 / 9                 0 / 9                 0 / 9           ops/s
[2021-02-13T17:15:39.341+0300][50.124s][info][gc,stats    ]      Memory: Page Cache Hit L2                                 0 / 0                 0 / 0                 0 / 0                 0 / 0           ops/s
[2021-02-13T17:15:39.341+0300][50.124s][info][gc,stats    ]      Memory: Page Cache Hit L3                                 0 / 8                 1 / 14                1 / 14                1 / 14          ops/s
[2021-02-13T17:15:39.341+0300][50.124s][info][gc,stats    ]      Memory: Page Cache Miss                                   0 / 0                 0 / 0                 0 / 0                 0 / 0           ops/s
[2021-02-13T17:15:39.341+0300][50.124s][info][gc,stats    ]      Memory: Uncommit                                          0 / 0                 0 / 0                 0 / 0                 0 / 0           MB/s
[2021-02-13T17:15:39.341+0300][50.124s][info][gc,stats    ]      Memory: Undo Object Allocation Failed                     0 / 0                 0 / 0                 0 / 0                 0 / 0           ops/s
[2021-02-13T17:15:39.341+0300][50.124s][info][gc,stats    ]      Memory: Undo Object Allocation Succeeded                  0 / 0                 0 / 0                 0 / 0                 0 / 0           ops/s
[2021-02-13T17:15:39.341+0300][50.124s][info][gc,stats    ]      Memory: Undo Page Allocation                              0 / 0                 0 / 0                 0 / 0                 0 / 0           ops/s
[2021-02-13T17:15:39.341+0300][50.124s][info][gc,stats    ]       Phase: Concurrent Mark                               0.000 / 0.000       114.770 / 114.770     114.770 / 114.770     114.770 / 114.770     ms
[2021-02-13T17:15:39.341+0300][50.124s][info][gc,stats    ]       Phase: Concurrent Mark Continue                      0.000 / 0.000         0.000 / 0.000         0.000 / 0.000         0.000 / 0.000       ms
[2021-02-13T17:15:39.341+0300][50.124s][info][gc,stats    ]       Phase: Concurrent Process Non-Strong References      0.000 / 0.000         1.525 / 1.525         1.525 / 1.525         1.525 / 1.525       ms
[2021-02-13T17:15:39.341+0300][50.124s][info][gc,stats    ]       Phase: Concurrent Relocate                           0.000 / 0.000        17.964 / 17.964       17.964 / 17.964       17.964 / 17.964      ms
[2021-02-13T17:15:39.341+0300][50.124s][info][gc,stats    ]       Phase: Concurrent Reset Relocation Set               0.000 / 0.000         0.004 / 0.004         0.004 / 0.004         0.004 / 0.004       ms
[2021-02-13T17:15:39.341+0300][50.124s][info][gc,stats    ]       Phase: Concurrent Select Relocation Set              0.000 / 0.000         9.944 / 9.944         9.944 / 9.944         9.944 / 9.944       ms
[2021-02-13T17:15:39.341+0300][50.124s][info][gc,stats    ]       Phase: Pause Mark End                                0.000 / 0.000         0.204 / 0.204         0.204 / 0.204         0.204 / 0.204       ms
[2021-02-13T17:15:39.341+0300][50.124s][info][gc,stats    ]       Phase: Pause Mark Start                              0.000 / 0.000         0.836 / 0.836         0.836 / 0.836         0.836 / 0.836       ms
[2021-02-13T17:15:39.341+0300][50.124s][info][gc,stats    ]       Phase: Pause Relocate Start                          0.000 / 0.000         0.175 / 0.175         0.175 / 0.175         0.175 / 0.175       ms
[2021-02-13T17:15:39.341+0300][50.124s][info][gc,stats    ]    Subphase: Concurrent Classes Purge                      0.000 / 0.000         0.103 / 0.103         0.103 / 0.103         0.103 / 0.103       ms
[2021-02-13T17:15:39.341+0300][50.124s][info][gc,stats    ]    Subphase: Concurrent Classes Unlink                     0.000 / 0.000         0.858 / 0.858         0.858 / 0.858         0.858 / 0.858       ms
[2021-02-13T17:15:39.341+0300][50.124s][info][gc,stats    ]    Subphase: Concurrent Mark                               0.000 / 0.000       114.554 / 114.554     114.554 / 114.554     114.554 / 114.554     ms
[2021-02-13T17:15:39.341+0300][50.124s][info][gc,stats    ]    Subphase: Concurrent Mark Idle                          0.000 / 0.000         0.000 / 0.000         0.000 / 0.000         0.000 / 0.000       ms
[2021-02-13T17:15:39.341+0300][50.124s][info][gc,stats    ]    Subphase: Concurrent Mark Try Flush                     0.000 / 0.000         0.208 / 0.252         0.208 / 0.252         0.208 / 0.252       ms
[2021-02-13T17:15:39.341+0300][50.124s][info][gc,stats    ]    Subphase: Concurrent Mark Try Terminate                 0.000 / 0.000         0.111 / 0.223         0.111 / 0.223         0.111 / 0.223       ms
[2021-02-13T17:15:39.341+0300][50.124s][info][gc,stats    ]    Subphase: Concurrent References Enqueue                 0.000 / 0.000         0.004 / 0.004         0.004 / 0.004         0.004 / 0.004       ms
[2021-02-13T17:15:39.341+0300][50.124s][info][gc,stats    ]    Subphase: Concurrent References Process                 0.000 / 0.000         0.143 / 0.143         0.143 / 0.143         0.143 / 0.143       ms
[2021-02-13T17:15:39.341+0300][50.124s][info][gc,stats    ]    Subphase: Concurrent Roots                              0.000 / 0.000         0.048 / 0.048         0.048 / 0.048         0.048 / 0.048       ms
[2021-02-13T17:15:39.341+0300][50.124s][info][gc,stats    ]    Subphase: Concurrent Roots ClassLoaderDataGraph         0.000 / 0.000         0.044 / 0.044         0.044 / 0.044         0.044 / 0.044       ms
[2021-02-13T17:15:39.341+0300][50.124s][info][gc,stats    ]    Subphase: Concurrent Roots JNIHandles                   0.000 / 0.000         0.001 / 0.001         0.001 / 0.001         0.001 / 0.001       ms
[2021-02-13T17:15:39.341+0300][50.124s][info][gc,stats    ]    Subphase: Concurrent Roots Setup                        0.000 / 0.000         0.005 / 0.005         0.005 / 0.005         0.005 / 0.005       ms
[2021-02-13T17:15:39.341+0300][50.124s][info][gc,stats    ]    Subphase: Concurrent Roots Teardown                     0.000 / 0.000         0.000 / 0.000         0.000 / 0.000         0.000 / 0.000       ms
[2021-02-13T17:15:39.341+0300][50.124s][info][gc,stats    ]    Subphase: Concurrent Roots VMHandles                    0.000 / 0.000         0.002 / 0.002         0.002 / 0.002         0.002 / 0.002       ms
[2021-02-13T17:15:39.341+0300][50.124s][info][gc,stats    ]    Subphase: Concurrent Weak Roots                         0.000 / 0.000         0.177 / 0.177         0.177 / 0.177         0.177 / 0.177       ms
[2021-02-13T17:15:39.341+0300][50.124s][info][gc,stats    ]    Subphase: Concurrent Weak Roots JNIWeakHandles          0.000 / 0.000         0.000 / 0.000         0.000 / 0.000         0.000 / 0.000       ms
[2021-02-13T17:15:39.341+0300][50.124s][info][gc,stats    ]    Subphase: Concurrent Weak Roots ResolvedMethodTable     0.000 / 0.000         0.011 / 0.011         0.011 / 0.011         0.011 / 0.011       ms
[2021-02-13T17:15:39.341+0300][50.124s][info][gc,stats    ]    Subphase: Concurrent Weak Roots StringTable             0.000 / 0.000         0.158 / 0.158         0.158 / 0.158         0.158 / 0.158       ms
[2021-02-13T17:15:39.341+0300][50.124s][info][gc,stats    ]    Subphase: Concurrent Weak Roots VMWeakHandles           0.000 / 0.000         0.007 / 0.007         0.007 / 0.007         0.007 / 0.007       ms
[2021-02-13T17:15:39.341+0300][50.124s][info][gc,stats    ]    Subphase: Pause Mark Try Complete                       0.000 / 0.000         0.004 / 0.004         0.004 / 0.004         0.004 / 0.004       ms
[2021-02-13T17:15:39.341+0300][50.124s][info][gc,stats    ]    Subphase: Pause Roots                                   0.000 / 0.000         0.155 / 0.374         0.155 / 0.374         0.155 / 0.374       ms
[2021-02-13T17:15:39.341+0300][50.124s][info][gc,stats    ]    Subphase: Pause Roots CodeCache                         0.000 / 0.000         0.000 / 0.000         0.000 / 0.000         0.000 / 0.000       ms
[2021-02-13T17:15:39.341+0300][50.124s][info][gc,stats    ]    Subphase: Pause Roots JVMTIExport                       0.000 / 0.000         0.001 / 0.003         0.001 / 0.003         0.001 / 0.003       ms
[2021-02-13T17:15:39.341+0300][50.124s][info][gc,stats    ]    Subphase: Pause Roots JVMTIWeakExport                   0.000 / 0.000         0.000 / 0.000         0.000 / 0.000         0.000 / 0.000       ms
[2021-02-13T17:15:39.341+0300][50.124s][info][gc,stats    ]    Subphase: Pause Roots Java Threads                      0.000 / 0.000         0.147 / 0.373         0.147 / 0.373         0.147 / 0.373       ms
[2021-02-13T17:15:39.341+0300][50.124s][info][gc,stats    ]    Subphase: Pause Roots Management                        0.000 / 0.000         0.013 / 0.025         0.013 / 0.025         0.013 / 0.025       ms
[2021-02-13T17:15:39.341+0300][50.124s][info][gc,stats    ]    Subphase: Pause Roots ObjectSynchronizer                0.000 / 0.000         0.000 / 0.000         0.000 / 0.000         0.000 / 0.000       ms
[2021-02-13T17:15:39.341+0300][50.124s][info][gc,stats    ]    Subphase: Pause Roots Setup                             0.000 / 0.000         0.001 / 0.001         0.001 / 0.001         0.001 / 0.001       ms
[2021-02-13T17:15:39.341+0300][50.124s][info][gc,stats    ]    Subphase: Pause Roots Teardown                          0.000 / 0.000         0.001 / 0.001         0.001 / 0.001         0.001 / 0.001       ms
[2021-02-13T17:15:39.341+0300][50.124s][info][gc,stats    ]    Subphase: Pause Roots Universe                          0.000 / 0.000         0.014 / 0.027         0.014 / 0.027         0.014 / 0.027       ms
[2021-02-13T17:15:39.341+0300][50.124s][info][gc,stats    ]    Subphase: Pause Roots VM Thread                         0.000 / 0.000         0.001 / 0.001         0.001 / 0.001         0.001 / 0.001       ms
[2021-02-13T17:15:39.341+0300][50.124s][info][gc,stats    ]    Subphase: Pause Weak Roots                              0.000 / 0.000         0.002 / 0.005         0.002 / 0.005         0.002 / 0.005       ms
[2021-02-13T17:15:39.341+0300][50.124s][info][gc,stats    ]    Subphase: Pause Weak Roots JFRWeak                      0.000 / 0.000         0.000 / 0.000         0.000 / 0.000         0.000 / 0.000       ms
[2021-02-13T17:15:39.341+0300][50.124s][info][gc,stats    ]    Subphase: Pause Weak Roots JVMTIWeakExport              0.000 / 0.000         0.005 / 0.005         0.005 / 0.005         0.005 / 0.005       ms
[2021-02-13T17:15:39.341+0300][50.124s][info][gc,stats    ]    Subphase: Pause Weak Roots Setup                        0.000 / 0.000         0.000 / 0.000         0.000 / 0.000         0.000 / 0.000       ms
[2021-02-13T17:15:39.341+0300][50.124s][info][gc,stats    ]    Subphase: Pause Weak Roots Teardown                     0.000 / 0.000         0.000 / 0.000         0.000 / 0.000         0.000 / 0.000       ms
[2021-02-13T17:15:39.342+0300][50.125s][info][gc,stats    ]      System: Java Threads                                      0 / 0                16 / 16               16 / 16               16 / 16          threads
[2021-02-13T17:15:39.342+0300][50.125s][info][gc,stats    ] =========================================================================================================================================================
[2021-02-13T17:15:49.342+0300][60.125s][info][gc,stats    ] === Garbage Collection Statistics =======================================================================================================================
[2021-02-13T17:15:49.342+0300][60.125s][info][gc,stats    ]                                                              Last 10s              Last 10m              Last 10h                Total
[2021-02-13T17:15:49.342+0300][60.125s][info][gc,stats    ]                                                              Avg / Max             Avg / Max             Avg / Max             Avg / Max
[2021-02-13T17:15:49.342+0300][60.125s][info][gc,stats    ]   Collector: Garbage Collection Cycle                      0.000 / 0.000       146.852 / 146.852     146.852 / 146.852     146.852 / 146.852     ms
[2021-02-13T17:15:49.342+0300][60.125s][info][gc,stats    ]  Contention: Mark Segment Reset Contention                     0 / 0                 0 / 0                 0 / 0                 0 / 0           ops/s
[2021-02-13T17:15:49.342+0300][60.125s][info][gc,stats    ]  Contention: Mark SeqNum Reset Contention                      0 / 0                 0 / 0                 0 / 0                 0 / 0           ops/s
[2021-02-13T17:15:49.342+0300][60.125s][info][gc,stats    ]  Contention: Relocation Contention                             0 / 0                 0 / 0                 0 / 0                 0 / 0           ops/s
[2021-02-13T17:15:49.342+0300][60.125s][info][gc,stats    ]    Critical: Allocation Stall                              0.000 / 0.000         0.000 / 0.000         0.000 / 0.000         0.000 / 0.000       ms
[2021-02-13T17:15:49.342+0300][60.125s][info][gc,stats    ]    Critical: Allocation Stall                                  0 / 0                 0 / 0                 0 / 0                 0 / 0           ops/s
[2021-02-13T17:15:49.342+0300][60.125s][info][gc,stats    ]    Critical: GC Locker Stall                               0.000 / 0.000         0.000 / 0.000         0.000 / 0.000         0.000 / 0.000       ms
[2021-02-13T17:15:49.342+0300][60.125s][info][gc,stats    ]    Critical: GC Locker Stall                                   0 / 0                 0 / 0                 0 / 0                 0 / 0           ops/s
[2021-02-13T17:15:49.342+0300][60.125s][info][gc,stats    ]      Memory: Allocation Rate                                   0 / 2                20 / 1082             20 / 1082             20 / 1082        MB/s
[2021-02-13T17:15:49.342+0300][60.125s][info][gc,stats    ]      Memory: Heap Used After Mark                              0 / 0               118 / 118             118 / 118             118 / 118         MB
[2021-02-13T17:15:49.342+0300][60.125s][info][gc,stats    ]      Memory: Heap Used After Relocation                        0 / 0                86 / 86               86 / 86               86 / 86          MB
[2021-02-13T17:15:49.342+0300][60.125s][info][gc,stats    ]      Memory: Heap Used Before Mark                             0 / 0               118 / 118             118 / 118             118 / 118         MB
[2021-02-13T17:15:49.342+0300][60.125s][info][gc,stats    ]      Memory: Heap Used Before Relocation                       0 / 0               118 / 118             118 / 118             118 / 118         MB
[2021-02-13T17:15:49.342+0300][60.125s][info][gc,stats    ]      Memory: Out Of Memory                                     0 / 0                 0 / 0                 0 / 0                 0 / 0           ops/s
[2021-02-13T17:15:49.342+0300][60.125s][info][gc,stats    ]      Memory: Page Cache Flush                                  0 / 0                 0 / 0                 0 / 0                 0 / 0           MB/s
[2021-02-13T17:15:49.342+0300][60.125s][info][gc,stats    ]      Memory: Page Cache Hit L1                                 0 / 0                 0 / 9                 0 / 9                 0 / 9           ops/s
[2021-02-13T17:15:49.342+0300][60.125s][info][gc,stats    ]      Memory: Page Cache Hit L2                                 0 / 0                 0 / 0                 0 / 0                 0 / 0           ops/s
[2021-02-13T17:15:49.342+0300][60.125s][info][gc,stats    ]      Memory: Page Cache Hit L3                                 0 / 1                 1 / 14                1 / 14                1 / 14          ops/s
[2021-02-13T17:15:49.342+0300][60.125s][info][gc,stats    ]      Memory: Page Cache Miss                                   0 / 0                 0 / 0                 0 / 0                 0 / 0           ops/s
[2021-02-13T17:15:49.342+0300][60.125s][info][gc,stats    ]      Memory: Uncommit                                          0 / 0                 0 / 0                 0 / 0                 0 / 0           MB/s
[2021-02-13T17:15:49.342+0300][60.125s][info][gc,stats    ]      Memory: Undo Object Allocation Failed                     0 / 0                 0 / 0                 0 / 0                 0 / 0           ops/s
[2021-02-13T17:15:49.342+0300][60.125s][info][gc,stats    ]      Memory: Undo Object Allocation Succeeded                  0 / 0                 0 / 0                 0 / 0                 0 / 0           ops/s
[2021-02-13T17:15:49.342+0300][60.125s][info][gc,stats    ]      Memory: Undo Page Allocation                              0 / 0                 0 / 0                 0 / 0                 0 / 0           ops/s
[2021-02-13T17:15:49.342+0300][60.125s][info][gc,stats    ]       Phase: Concurrent Mark                               0.000 / 0.000       114.770 / 114.770     114.770 / 114.770     114.770 / 114.770     ms
[2021-02-13T17:15:49.342+0300][60.125s][info][gc,stats    ]       Phase: Concurrent Mark Continue                      0.000 / 0.000         0.000 / 0.000         0.000 / 0.000         0.000 / 0.000       ms
[2021-02-13T17:15:49.342+0300][60.125s][info][gc,stats    ]       Phase: Concurrent Process Non-Strong References      0.000 / 0.000         1.525 / 1.525         1.525 / 1.525         1.525 / 1.525       ms
[2021-02-13T17:15:49.342+0300][60.125s][info][gc,stats    ]       Phase: Concurrent Relocate                           0.000 / 0.000        17.964 / 17.964       17.964 / 17.964       17.964 / 17.964      ms
[2021-02-13T17:15:49.342+0300][60.125s][info][gc,stats    ]       Phase: Concurrent Reset Relocation Set               0.000 / 0.000         0.004 / 0.004         0.004 / 0.004         0.004 / 0.004       ms
[2021-02-13T17:15:49.342+0300][60.125s][info][gc,stats    ]       Phase: Concurrent Select Relocation Set              0.000 / 0.000         9.944 / 9.944         9.944 / 9.944         9.944 / 9.944       ms
[2021-02-13T17:15:49.342+0300][60.125s][info][gc,stats    ]       Phase: Pause Mark End                                0.000 / 0.000         0.204 / 0.204         0.204 / 0.204         0.204 / 0.204       ms
[2021-02-13T17:15:49.342+0300][60.125s][info][gc,stats    ]       Phase: Pause Mark Start                              0.000 / 0.000         0.836 / 0.836         0.836 / 0.836         0.836 / 0.836       ms
[2021-02-13T17:15:49.342+0300][60.125s][info][gc,stats    ]       Phase: Pause Relocate Start                          0.000 / 0.000         0.175 / 0.175         0.175 / 0.175         0.175 / 0.175       ms
[2021-02-13T17:15:49.342+0300][60.125s][info][gc,stats    ]    Subphase: Concurrent Classes Purge                      0.000 / 0.000         0.103 / 0.103         0.103 / 0.103         0.103 / 0.103       ms
[2021-02-13T17:15:49.342+0300][60.125s][info][gc,stats    ]    Subphase: Concurrent Classes Unlink                     0.000 / 0.000         0.858 / 0.858         0.858 / 0.858         0.858 / 0.858       ms
[2021-02-13T17:15:49.342+0300][60.125s][info][gc,stats    ]    Subphase: Concurrent Mark                               0.000 / 0.000       114.554 / 114.554     114.554 / 114.554     114.554 / 114.554     ms
[2021-02-13T17:15:49.342+0300][60.125s][info][gc,stats    ]    Subphase: Concurrent Mark Idle                          0.000 / 0.000         0.000 / 0.000         0.000 / 0.000         0.000 / 0.000       ms
[2021-02-13T17:15:49.342+0300][60.125s][info][gc,stats    ]    Subphase: Concurrent Mark Try Flush                     0.000 / 0.000         0.208 / 0.252         0.208 / 0.252         0.208 / 0.252       ms
[2021-02-13T17:15:49.342+0300][60.125s][info][gc,stats    ]    Subphase: Concurrent Mark Try Terminate                 0.000 / 0.000         0.111 / 0.223         0.111 / 0.223         0.111 / 0.223       ms
[2021-02-13T17:15:49.342+0300][60.125s][info][gc,stats    ]    Subphase: Concurrent References Enqueue                 0.000 / 0.000         0.004 / 0.004         0.004 / 0.004         0.004 / 0.004       ms
[2021-02-13T17:15:49.342+0300][60.125s][info][gc,stats    ]    Subphase: Concurrent References Process                 0.000 / 0.000         0.143 / 0.143         0.143 / 0.143         0.143 / 0.143       ms
[2021-02-13T17:15:49.342+0300][60.125s][info][gc,stats    ]    Subphase: Concurrent Roots                              0.000 / 0.000         0.048 / 0.048         0.048 / 0.048         0.048 / 0.048       ms
[2021-02-13T17:15:49.342+0300][60.125s][info][gc,stats    ]    Subphase: Concurrent Roots ClassLoaderDataGraph         0.000 / 0.000         0.044 / 0.044         0.044 / 0.044         0.044 / 0.044       ms
[2021-02-13T17:15:49.342+0300][60.125s][info][gc,stats    ]    Subphase: Concurrent Roots JNIHandles                   0.000 / 0.000         0.001 / 0.001         0.001 / 0.001         0.001 / 0.001       ms
[2021-02-13T17:15:49.342+0300][60.125s][info][gc,stats    ]    Subphase: Concurrent Roots Setup                        0.000 / 0.000         0.005 / 0.005         0.005 / 0.005         0.005 / 0.005       ms
[2021-02-13T17:15:49.342+0300][60.125s][info][gc,stats    ]    Subphase: Concurrent Roots Teardown                     0.000 / 0.000         0.000 / 0.000         0.000 / 0.000         0.000 / 0.000       ms
[2021-02-13T17:15:49.342+0300][60.125s][info][gc,stats    ]    Subphase: Concurrent Roots VMHandles                    0.000 / 0.000         0.002 / 0.002         0.002 / 0.002         0.002 / 0.002       ms
[2021-02-13T17:15:49.342+0300][60.125s][info][gc,stats    ]    Subphase: Concurrent Weak Roots                         0.000 / 0.000         0.177 / 0.177         0.177 / 0.177         0.177 / 0.177       ms
[2021-02-13T17:15:49.342+0300][60.125s][info][gc,stats    ]    Subphase: Concurrent Weak Roots JNIWeakHandles          0.000 / 0.000         0.000 / 0.000         0.000 / 0.000         0.000 / 0.000       ms
[2021-02-13T17:15:49.342+0300][60.125s][info][gc,stats    ]    Subphase: Concurrent Weak Roots ResolvedMethodTable     0.000 / 0.000         0.011 / 0.011         0.011 / 0.011         0.011 / 0.011       ms
[2021-02-13T17:15:49.342+0300][60.125s][info][gc,stats    ]    Subphase: Concurrent Weak Roots StringTable             0.000 / 0.000         0.158 / 0.158         0.158 / 0.158         0.158 / 0.158       ms
[2021-02-13T17:15:49.342+0300][60.125s][info][gc,stats    ]    Subphase: Concurrent Weak Roots VMWeakHandles           0.000 / 0.000         0.007 / 0.007         0.007 / 0.007         0.007 / 0.007       ms
[2021-02-13T17:15:49.342+0300][60.125s][info][gc,stats    ]    Subphase: Pause Mark Try Complete                       0.000 / 0.000         0.004 / 0.004         0.004 / 0.004         0.004 / 0.004       ms
[2021-02-13T17:15:49.342+0300][60.125s][info][gc,stats    ]    Subphase: Pause Roots                                   0.000 / 0.000         0.155 / 0.374         0.155 / 0.374         0.155 / 0.374       ms
[2021-02-13T17:15:49.342+0300][60.125s][info][gc,stats    ]    Subphase: Pause Roots CodeCache                         0.000 / 0.000         0.000 / 0.000         0.000 / 0.000         0.000 / 0.000       ms
[2021-02-13T17:15:49.342+0300][60.125s][info][gc,stats    ]    Subphase: Pause Roots JVMTIExport                       0.000 / 0.000         0.001 / 0.003         0.001 / 0.003         0.001 / 0.003       ms
[2021-02-13T17:15:49.342+0300][60.125s][info][gc,stats    ]    Subphase: Pause Roots JVMTIWeakExport                   0.000 / 0.000         0.000 / 0.000         0.000 / 0.000         0.000 / 0.000       ms
[2021-02-13T17:15:49.342+0300][60.125s][info][gc,stats    ]    Subphase: Pause Roots Java Threads                      0.000 / 0.000         0.147 / 0.373         0.147 / 0.373         0.147 / 0.373       ms
[2021-02-13T17:15:49.342+0300][60.125s][info][gc,stats    ]    Subphase: Pause Roots Management                        0.000 / 0.000         0.013 / 0.025         0.013 / 0.025         0.013 / 0.025       ms
[2021-02-13T17:15:49.342+0300][60.125s][info][gc,stats    ]    Subphase: Pause Roots ObjectSynchronizer                0.000 / 0.000         0.000 / 0.000         0.000 / 0.000         0.000 / 0.000       ms
[2021-02-13T17:15:49.342+0300][60.125s][info][gc,stats    ]    Subphase: Pause Roots Setup                             0.000 / 0.000         0.001 / 0.001         0.001 / 0.001         0.001 / 0.001       ms
[2021-02-13T17:15:49.342+0300][60.125s][info][gc,stats    ]    Subphase: Pause Roots Teardown                          0.000 / 0.000         0.001 / 0.001         0.001 / 0.001         0.001 / 0.001       ms
[2021-02-13T17:15:49.342+0300][60.125s][info][gc,stats    ]    Subphase: Pause Roots Universe                          0.000 / 0.000         0.014 / 0.027         0.014 / 0.027         0.014 / 0.027       ms
[2021-02-13T17:15:49.342+0300][60.125s][info][gc,stats    ]    Subphase: Pause Roots VM Thread                         0.000 / 0.000         0.001 / 0.001         0.001 / 0.001         0.001 / 0.001       ms
[2021-02-13T17:15:49.342+0300][60.125s][info][gc,stats    ]    Subphase: Pause Weak Roots                              0.000 / 0.000         0.002 / 0.005         0.002 / 0.005         0.002 / 0.005       ms
[2021-02-13T17:15:49.342+0300][60.125s][info][gc,stats    ]    Subphase: Pause Weak Roots JFRWeak                      0.000 / 0.000         0.000 / 0.000         0.000 / 0.000         0.000 / 0.000       ms
[2021-02-13T17:15:49.342+0300][60.125s][info][gc,stats    ]    Subphase: Pause Weak Roots JVMTIWeakExport              0.000 / 0.000         0.005 / 0.005         0.005 / 0.005         0.005 / 0.005       ms
[2021-02-13T17:15:49.342+0300][60.125s][info][gc,stats    ]    Subphase: Pause Weak Roots Setup                        0.000 / 0.000         0.000 / 0.000         0.000 / 0.000         0.000 / 0.000       ms
[2021-02-13T17:15:49.342+0300][60.125s][info][gc,stats    ]    Subphase: Pause Weak Roots Teardown                     0.000 / 0.000         0.000 / 0.000         0.000 / 0.000         0.000 / 0.000       ms
[2021-02-13T17:15:49.342+0300][60.125s][info][gc,stats    ]      System: Java Threads                                      0 / 0                16 / 16               16 / 16               16 / 16          threads
[2021-02-13T17:15:49.342+0300][60.125s][info][gc,stats    ] =========================================================================================================================================================
[2021-02-13T17:15:59.346+0300][70.129s][info][gc,stats    ] === Garbage Collection Statistics =======================================================================================================================
[2021-02-13T17:15:59.346+0300][70.129s][info][gc,stats    ]                                                              Last 10s              Last 10m              Last 10h                Total
[2021-02-13T17:15:59.346+0300][70.129s][info][gc,stats    ]                                                              Avg / Max             Avg / Max             Avg / Max             Avg / Max
[2021-02-13T17:15:59.346+0300][70.129s][info][gc,stats    ]   Collector: Garbage Collection Cycle                      0.000 / 0.000       146.852 / 146.852     146.852 / 146.852     146.852 / 146.852     ms
[2021-02-13T17:15:59.346+0300][70.129s][info][gc,stats    ]  Contention: Mark Segment Reset Contention                     0 / 0                 0 / 0                 0 / 0                 0 / 0           ops/s
[2021-02-13T17:15:59.346+0300][70.129s][info][gc,stats    ]  Contention: Mark SeqNum Reset Contention                      0 / 0                 0 / 0                 0 / 0                 0 / 0           ops/s
[2021-02-13T17:15:59.346+0300][70.129s][info][gc,stats    ]  Contention: Relocation Contention                             0 / 0                 0 / 0                 0 / 0                 0 / 0           ops/s
[2021-02-13T17:15:59.346+0300][70.129s][info][gc,stats    ]    Critical: Allocation Stall                              0.000 / 0.000         0.000 / 0.000         0.000 / 0.000         0.000 / 0.000       ms
[2021-02-13T17:15:59.346+0300][70.129s][info][gc,stats    ]    Critical: Allocation Stall                                  0 / 0                 0 / 0                 0 / 0                 0 / 0           ops/s
[2021-02-13T17:15:59.346+0300][70.129s][info][gc,stats    ]    Critical: GC Locker Stall                               0.000 / 0.000         0.000 / 0.000         0.000 / 0.000         0.000 / 0.000       ms
[2021-02-13T17:15:59.346+0300][70.129s][info][gc,stats    ]    Critical: GC Locker Stall                                   0 / 0                 0 / 0                 0 / 0                 0 / 0           ops/s
[2021-02-13T17:15:59.346+0300][70.129s][info][gc,stats    ]      Memory: Allocation Rate                                   2 / 18               17 / 1082             17 / 1082             17 / 1082        MB/s
[2021-02-13T17:15:59.346+0300][70.129s][info][gc,stats    ]      Memory: Heap Used After Mark                              0 / 0               118 / 118             118 / 118             118 / 118         MB
[2021-02-13T17:15:59.346+0300][70.129s][info][gc,stats    ]      Memory: Heap Used After Relocation                        0 / 0                86 / 86               86 / 86               86 / 86          MB
[2021-02-13T17:15:59.346+0300][70.129s][info][gc,stats    ]      Memory: Heap Used Before Mark                             0 / 0               118 / 118             118 / 118             118 / 118         MB
[2021-02-13T17:15:59.346+0300][70.129s][info][gc,stats    ]      Memory: Heap Used Before Relocation                       0 / 0               118 / 118             118 / 118             118 / 118         MB
[2021-02-13T17:15:59.346+0300][70.129s][info][gc,stats    ]      Memory: Out Of Memory                                     0 / 0                 0 / 0                 0 / 0                 0 / 0           ops/s
[2021-02-13T17:15:59.346+0300][70.129s][info][gc,stats    ]      Memory: Page Cache Flush                                  0 / 0                 0 / 0                 0 / 0                 0 / 0           MB/s
[2021-02-13T17:15:59.346+0300][70.129s][info][gc,stats    ]      Memory: Page Cache Hit L1                                 0 / 0                 0 / 9                 0 / 9                 0 / 9           ops/s
[2021-02-13T17:15:59.346+0300][70.129s][info][gc,stats    ]      Memory: Page Cache Hit L2                                 0 / 0                 0 / 0                 0 / 0                 0 / 0           ops/s
[2021-02-13T17:15:59.346+0300][70.129s][info][gc,stats    ]      Memory: Page Cache Hit L3                                 1 / 9                 1 / 14                1 / 14                1 / 14          ops/s
[2021-02-13T17:15:59.346+0300][70.129s][info][gc,stats    ]      Memory: Page Cache Miss                                   0 / 0                 0 / 0                 0 / 0                 0 / 0           ops/s
[2021-02-13T17:15:59.346+0300][70.129s][info][gc,stats    ]      Memory: Uncommit                                          0 / 0                 0 / 0                 0 / 0                 0 / 0           MB/s
[2021-02-13T17:15:59.346+0300][70.129s][info][gc,stats    ]      Memory: Undo Object Allocation Failed                     0 / 0                 0 / 0                 0 / 0                 0 / 0           ops/s
[2021-02-13T17:15:59.346+0300][70.129s][info][gc,stats    ]      Memory: Undo Object Allocation Succeeded                  0 / 0                 0 / 0                 0 / 0                 0 / 0           ops/s
[2021-02-13T17:15:59.346+0300][70.129s][info][gc,stats    ]      Memory: Undo Page Allocation                              0 / 0                 0 / 0                 0 / 0                 0 / 0           ops/s
[2021-02-13T17:15:59.346+0300][70.129s][info][gc,stats    ]       Phase: Concurrent Mark                               0.000 / 0.000       114.770 / 114.770     114.770 / 114.770     114.770 / 114.770     ms
[2021-02-13T17:15:59.346+0300][70.129s][info][gc,stats    ]       Phase: Concurrent Mark Continue                      0.000 / 0.000         0.000 / 0.000         0.000 / 0.000         0.000 / 0.000       ms
[2021-02-13T17:15:59.346+0300][70.129s][info][gc,stats    ]       Phase: Concurrent Process Non-Strong References      0.000 / 0.000         1.525 / 1.525         1.525 / 1.525         1.525 / 1.525       ms
[2021-02-13T17:15:59.346+0300][70.129s][info][gc,stats    ]       Phase: Concurrent Relocate                           0.000 / 0.000        17.964 / 17.964       17.964 / 17.964       17.964 / 17.964      ms
[2021-02-13T17:15:59.346+0300][70.129s][info][gc,stats    ]       Phase: Concurrent Reset Relocation Set               0.000 / 0.000         0.004 / 0.004         0.004 / 0.004         0.004 / 0.004       ms
[2021-02-13T17:15:59.346+0300][70.129s][info][gc,stats    ]       Phase: Concurrent Select Relocation Set              0.000 / 0.000         9.944 / 9.944         9.944 / 9.944         9.944 / 9.944       ms
[2021-02-13T17:15:59.346+0300][70.129s][info][gc,stats    ]       Phase: Pause Mark End                                0.000 / 0.000         0.204 / 0.204         0.204 / 0.204         0.204 / 0.204       ms
[2021-02-13T17:15:59.346+0300][70.129s][info][gc,stats    ]       Phase: Pause Mark Start                              0.000 / 0.000         0.836 / 0.836         0.836 / 0.836         0.836 / 0.836       ms
[2021-02-13T17:15:59.346+0300][70.129s][info][gc,stats    ]       Phase: Pause Relocate Start                          0.000 / 0.000         0.175 / 0.175         0.175 / 0.175         0.175 / 0.175       ms
[2021-02-13T17:15:59.346+0300][70.129s][info][gc,stats    ]    Subphase: Concurrent Classes Purge                      0.000 / 0.000         0.103 / 0.103         0.103 / 0.103         0.103 / 0.103       ms
[2021-02-13T17:15:59.346+0300][70.129s][info][gc,stats    ]    Subphase: Concurrent Classes Unlink                     0.000 / 0.000         0.858 / 0.858         0.858 / 0.858         0.858 / 0.858       ms
[2021-02-13T17:15:59.346+0300][70.129s][info][gc,stats    ]    Subphase: Concurrent Mark                               0.000 / 0.000       114.554 / 114.554     114.554 / 114.554     114.554 / 114.554     ms
[2021-02-13T17:15:59.346+0300][70.129s][info][gc,stats    ]    Subphase: Concurrent Mark Idle                          0.000 / 0.000         0.000 / 0.000         0.000 / 0.000         0.000 / 0.000       ms
[2021-02-13T17:15:59.346+0300][70.129s][info][gc,stats    ]    Subphase: Concurrent Mark Try Flush                     0.000 / 0.000         0.208 / 0.252         0.208 / 0.252         0.208 / 0.252       ms
[2021-02-13T17:15:59.346+0300][70.129s][info][gc,stats    ]    Subphase: Concurrent Mark Try Terminate                 0.000 / 0.000         0.111 / 0.223         0.111 / 0.223         0.111 / 0.223       ms
[2021-02-13T17:15:59.346+0300][70.129s][info][gc,stats    ]    Subphase: Concurrent References Enqueue                 0.000 / 0.000         0.004 / 0.004         0.004 / 0.004         0.004 / 0.004       ms
[2021-02-13T17:15:59.346+0300][70.129s][info][gc,stats    ]    Subphase: Concurrent References Process                 0.000 / 0.000         0.143 / 0.143         0.143 / 0.143         0.143 / 0.143       ms
[2021-02-13T17:15:59.346+0300][70.129s][info][gc,stats    ]    Subphase: Concurrent Roots                              0.000 / 0.000         0.048 / 0.048         0.048 / 0.048         0.048 / 0.048       ms
[2021-02-13T17:15:59.346+0300][70.129s][info][gc,stats    ]    Subphase: Concurrent Roots ClassLoaderDataGraph         0.000 / 0.000         0.044 / 0.044         0.044 / 0.044         0.044 / 0.044       ms
[2021-02-13T17:15:59.346+0300][70.129s][info][gc,stats    ]    Subphase: Concurrent Roots JNIHandles                   0.000 / 0.000         0.001 / 0.001         0.001 / 0.001         0.001 / 0.001       ms
[2021-02-13T17:15:59.346+0300][70.129s][info][gc,stats    ]    Subphase: Concurrent Roots Setup                        0.000 / 0.000         0.005 / 0.005         0.005 / 0.005         0.005 / 0.005       ms
[2021-02-13T17:15:59.346+0300][70.129s][info][gc,stats    ]    Subphase: Concurrent Roots Teardown                     0.000 / 0.000         0.000 / 0.000         0.000 / 0.000         0.000 / 0.000       ms
[2021-02-13T17:15:59.346+0300][70.129s][info][gc,stats    ]    Subphase: Concurrent Roots VMHandles                    0.000 / 0.000         0.002 / 0.002         0.002 / 0.002         0.002 / 0.002       ms
[2021-02-13T17:15:59.346+0300][70.129s][info][gc,stats    ]    Subphase: Concurrent Weak Roots                         0.000 / 0.000         0.177 / 0.177         0.177 / 0.177         0.177 / 0.177       ms
[2021-02-13T17:15:59.346+0300][70.129s][info][gc,stats    ]    Subphase: Concurrent Weak Roots JNIWeakHandles          0.000 / 0.000         0.000 / 0.000         0.000 / 0.000         0.000 / 0.000       ms
[2021-02-13T17:15:59.346+0300][70.129s][info][gc,stats    ]    Subphase: Concurrent Weak Roots ResolvedMethodTable     0.000 / 0.000         0.011 / 0.011         0.011 / 0.011         0.011 / 0.011       ms
[2021-02-13T17:15:59.346+0300][70.129s][info][gc,stats    ]    Subphase: Concurrent Weak Roots StringTable             0.000 / 0.000         0.158 / 0.158         0.158 / 0.158         0.158 / 0.158       ms
[2021-02-13T17:15:59.346+0300][70.129s][info][gc,stats    ]    Subphase: Concurrent Weak Roots VMWeakHandles           0.000 / 0.000         0.007 / 0.007         0.007 / 0.007         0.007 / 0.007       ms
[2021-02-13T17:15:59.346+0300][70.129s][info][gc,stats    ]    Subphase: Pause Mark Try Complete                       0.000 / 0.000         0.004 / 0.004         0.004 / 0.004         0.004 / 0.004       ms
[2021-02-13T17:15:59.346+0300][70.129s][info][gc,stats    ]    Subphase: Pause Roots                                   0.000 / 0.000         0.155 / 0.374         0.155 / 0.374         0.155 / 0.374       ms
[2021-02-13T17:15:59.346+0300][70.129s][info][gc,stats    ]    Subphase: Pause Roots CodeCache                         0.000 / 0.000         0.000 / 0.000         0.000 / 0.000         0.000 / 0.000       ms
[2021-02-13T17:15:59.346+0300][70.129s][info][gc,stats    ]    Subphase: Pause Roots JVMTIExport                       0.000 / 0.000         0.001 / 0.003         0.001 / 0.003         0.001 / 0.003       ms
[2021-02-13T17:15:59.346+0300][70.129s][info][gc,stats    ]    Subphase: Pause Roots JVMTIWeakExport                   0.000 / 0.000         0.000 / 0.000         0.000 / 0.000         0.000 / 0.000       ms
[2021-02-13T17:15:59.346+0300][70.129s][info][gc,stats    ]    Subphase: Pause Roots Java Threads                      0.000 / 0.000         0.147 / 0.373         0.147 / 0.373         0.147 / 0.373       ms
[2021-02-13T17:15:59.346+0300][70.129s][info][gc,stats    ]    Subphase: Pause Roots Management                        0.000 / 0.000         0.013 / 0.025         0.013 / 0.025         0.013 / 0.025       ms
[2021-02-13T17:15:59.346+0300][70.129s][info][gc,stats    ]    Subphase: Pause Roots ObjectSynchronizer                0.000 / 0.000         0.000 / 0.000         0.000 / 0.000         0.000 / 0.000       ms
[2021-02-13T17:15:59.346+0300][70.129s][info][gc,stats    ]    Subphase: Pause Roots Setup                             0.000 / 0.000         0.001 / 0.001         0.001 / 0.001         0.001 / 0.001       ms
[2021-02-13T17:15:59.346+0300][70.129s][info][gc,stats    ]    Subphase: Pause Roots Teardown                          0.000 / 0.000         0.001 / 0.001         0.001 / 0.001         0.001 / 0.001       ms
[2021-02-13T17:15:59.346+0300][70.129s][info][gc,stats    ]    Subphase: Pause Roots Universe                          0.000 / 0.000         0.014 / 0.027         0.014 / 0.027         0.014 / 0.027       ms
[2021-02-13T17:15:59.346+0300][70.129s][info][gc,stats    ]    Subphase: Pause Roots VM Thread                         0.000 / 0.000         0.001 / 0.001         0.001 / 0.001         0.001 / 0.001       ms
[2021-02-13T17:15:59.346+0300][70.129s][info][gc,stats    ]    Subphase: Pause Weak Roots                              0.000 / 0.000         0.002 / 0.005         0.002 / 0.005         0.002 / 0.005       ms
[2021-02-13T17:15:59.346+0300][70.129s][info][gc,stats    ]    Subphase: Pause Weak Roots JFRWeak                      0.000 / 0.000         0.000 / 0.000         0.000 / 0.000         0.000 / 0.000       ms
[2021-02-13T17:15:59.346+0300][70.129s][info][gc,stats    ]    Subphase: Pause Weak Roots JVMTIWeakExport              0.000 / 0.000         0.005 / 0.005         0.005 / 0.005         0.005 / 0.005       ms
[2021-02-13T17:15:59.346+0300][70.129s][info][gc,stats    ]    Subphase: Pause Weak Roots Setup                        0.000 / 0.000         0.000 / 0.000         0.000 / 0.000         0.000 / 0.000       ms
[2021-02-13T17:15:59.346+0300][70.129s][info][gc,stats    ]    Subphase: Pause Weak Roots Teardown                     0.000 / 0.000         0.000 / 0.000         0.000 / 0.000         0.000 / 0.000       ms
[2021-02-13T17:15:59.347+0300][70.130s][info][gc,stats    ]      System: Java Threads                                      0 / 0                16 / 16               16 / 16               16 / 16          threads
[2021-02-13T17:15:59.347+0300][70.130s][info][gc,stats    ] =========================================================================================================================================================
[2021-02-13T17:16:08.750+0300][79.533s][info][gc,start    ] GC(1) Garbage Collection (Warmup)
[2021-02-13T17:16:08.750+0300][79.533s][info][gc,phases   ] GC(1) Pause Mark Start 0.170ms
[2021-02-13T17:16:08.972+0300][79.755s][info][gc,phases   ] GC(1) Concurrent Mark 221.645ms
[2021-02-13T17:16:08.973+0300][79.756s][info][gc,phases   ] GC(1) Pause Mark End 0.286ms
[2021-02-13T17:16:08.976+0300][79.759s][info][gc,phases   ] GC(1) Concurrent Process Non-Strong References 2.549ms
[2021-02-13T17:16:08.976+0300][79.759s][info][gc,phases   ] GC(1) Concurrent Reset Relocation Set 0.741ms
[2021-02-13T17:16:08.981+0300][79.764s][info][gc,phases   ] GC(1) Concurrent Select Relocation Set 4.870ms
[2021-02-13T17:16:08.982+0300][79.765s][info][gc,phases   ] GC(1) Pause Relocate Start 0.167ms
[2021-02-13T17:16:08.996+0300][79.779s][info][gc,phases   ] GC(1) Concurrent Relocate 14.560ms
[2021-02-13T17:16:08.997+0300][79.780s][info][gc,load     ] GC(1) Load: 0.00/0.00/0.00
[2021-02-13T17:16:08.997+0300][79.780s][info][gc,mmu      ] GC(1) MMU: 2ms/58.2%, 5ms/83.3%, 10ms/91.6%, 20ms/95.8%, 50ms/98.3%, 100ms/99.2%
[2021-02-13T17:16:08.997+0300][79.780s][info][gc,marking  ] GC(1) Mark: 1 stripe(s), 2 proactive flush(es), 1 terminate flush(es), 1 completion(s), 0 continuation(s) 
[2021-02-13T17:16:08.997+0300][79.780s][info][gc,nmethod  ] GC(1) NMethods: 1578 registered, 0 unregistered
[2021-02-13T17:16:08.997+0300][79.780s][info][gc,metaspace] GC(1) Metaspace: 6M used, 7M capacity, 7M committed, 1032M reserved
[2021-02-13T17:16:08.997+0300][79.780s][info][gc,ref      ] GC(1) Soft: 651 encountered, 0 discovered, 0 enqueued
[2021-02-13T17:16:08.997+0300][79.780s][info][gc,ref      ] GC(1) Weak: 1101 encountered, 672 discovered, 22 enqueued
[2021-02-13T17:16:08.997+0300][79.780s][info][gc,ref      ] GC(1) Final: 0 encountered, 0 discovered, 0 enqueued
[2021-02-13T17:16:08.997+0300][79.780s][info][gc,ref      ] GC(1) Phantom: 15 encountered, 14 discovered, 8 enqueued
[2021-02-13T17:16:08.997+0300][79.780s][info][gc,reloc    ] GC(1) Small Pages: 85 / 170M(79%), Empty: 6M(3%), Compacting: 76M(35%)->12M(6%)
[2021-02-13T17:16:08.997+0300][79.780s][info][gc,reloc    ] GC(1) Medium Pages: 1 / 32M(15%), Empty: 32M(15%), Compacting: 0M(0%)->0M(0%)
[2021-02-13T17:16:08.997+0300][79.780s][info][gc,reloc    ] GC(1) Large Pages: 2 / 14M(6%), Empty: 6M(3%), Compacting: 0M(0%)->0M(0%)
[2021-02-13T17:16:08.997+0300][79.780s][info][gc,reloc    ] GC(1) Relocation: Successful
[2021-02-13T17:16:08.997+0300][79.780s][info][gc,heap     ] GC(1) Min Capacity: 1024M(100%)
[2021-02-13T17:16:08.997+0300][79.780s][info][gc,heap     ] GC(1) Max Capacity: 1024M(100%)
[2021-02-13T17:16:08.997+0300][79.780s][info][gc,heap     ] GC(1) Soft Max Capacity: 1024M(100%)
[2021-02-13T17:16:08.997+0300][79.780s][info][gc,heap     ] GC(1)                Mark Start          Mark End        Relocate Start      Relocate End           High               Low         
[2021-02-13T17:16:08.997+0300][79.780s][info][gc,heap     ] GC(1)  Capacity:     1024M (100%)       1024M (100%)       1024M (100%)       1024M (100%)       1024M (100%)       1024M (100%)   
[2021-02-13T17:16:08.997+0300][79.780s][info][gc,heap     ] GC(1)   Reserve:       40M (4%)           40M (4%)           40M (4%)           40M (4%)           40M (4%)           40M (4%)     
[2021-02-13T17:16:08.997+0300][79.780s][info][gc,heap     ] GC(1)      Free:      768M (75%)         768M (75%)         812M (79%)         870M (85%)         870M (85%)         768M (75%)    
[2021-02-13T17:16:08.997+0300][79.780s][info][gc,heap     ] GC(1)      Used:      216M (21%)         216M (21%)         172M (17%)         114M (11%)         216M (21%)         114M (11%)    
[2021-02-13T17:16:08.997+0300][79.780s][info][gc,heap     ] GC(1)      Live:         -               103M (10%)         103M (10%)         103M (10%)            -                  -          
[2021-02-13T17:16:08.997+0300][79.780s][info][gc,heap     ] GC(1) Allocated:         -                 0M (0%)            0M (0%)           18M (2%)             -                  -          
[2021-02-13T17:16:08.997+0300][79.780s][info][gc,heap     ] GC(1)   Garbage:         -               112M (11%)          68M (7%)           10M (1%)             -                  -          
[2021-02-13T17:16:08.997+0300][79.780s][info][gc,heap     ] GC(1) Reclaimed:         -                  -                44M (4%)          102M (10%)            -                  -          
[2021-02-13T17:16:08.997+0300][79.780s][info][gc          ] GC(1) Garbage Collection (Warmup) 216M(21%)->114M(11%)
[2021-02-13T17:16:09.350+0300][80.133s][info][gc,stats    ] === Garbage Collection Statistics =======================================================================================================================
[2021-02-13T17:16:09.350+0300][80.133s][info][gc,stats    ]                                                              Last 10s              Last 10m              Last 10h                Total
[2021-02-13T17:16:09.350+0300][80.133s][info][gc,stats    ]                                                              Avg / Max             Avg / Max             Avg / Max             Avg / Max
[2021-02-13T17:16:09.350+0300][80.133s][info][gc,stats    ]   Collector: Garbage Collection Cycle                    246.924 / 246.924     196.888 / 246.924     196.888 / 246.924     196.888 / 246.924     ms
[2021-02-13T17:16:09.350+0300][80.133s][info][gc,stats    ]  Contention: Mark Segment Reset Contention                     0 / 0                 0 / 0                 0 / 0                 0 / 0           ops/s
[2021-02-13T17:16:09.350+0300][80.133s][info][gc,stats    ]  Contention: Mark SeqNum Reset Contention                      0 / 0                 0 / 0                 0 / 0                 0 / 0           ops/s
[2021-02-13T17:16:09.350+0300][80.133s][info][gc,stats    ]  Contention: Relocation Contention                             0 / 1                 0 / 1                 0 / 1                 0 / 1           ops/s
[2021-02-13T17:16:09.350+0300][80.133s][info][gc,stats    ]    Critical: Allocation Stall                              0.000 / 0.000         0.000 / 0.000         0.000 / 0.000         0.000 / 0.000       ms
[2021-02-13T17:16:09.350+0300][80.133s][info][gc,stats    ]    Critical: Allocation Stall                                  0 / 0                 0 / 0                 0 / 0                 0 / 0           ops/s
[2021-02-13T17:16:09.350+0300][80.133s][info][gc,stats    ]    Critical: GC Locker Stall                               0.000 / 0.000         0.000 / 0.000         0.000 / 0.000         0.000 / 0.000       ms
[2021-02-13T17:16:09.350+0300][80.133s][info][gc,stats    ]    Critical: GC Locker Stall                                   0 / 0                 0 / 0                 0 / 0                 0 / 0           ops/s
[2021-02-13T17:16:09.350+0300][80.133s][info][gc,stats    ]      Memory: Allocation Rate                                   3 / 32               16 / 1082             16 / 1082             16 / 1082        MB/s
[2021-02-13T17:16:09.350+0300][80.133s][info][gc,stats    ]      Memory: Heap Used After Mark                            216 / 216             167 / 216             167 / 216             167 / 216         MB
[2021-02-13T17:16:09.350+0300][80.133s][info][gc,stats    ]      Memory: Heap Used After Relocation                      114 / 114             100 / 114             100 / 114             100 / 114         MB
[2021-02-13T17:16:09.350+0300][80.133s][info][gc,stats    ]      Memory: Heap Used Before Mark                           216 / 216             167 / 216             167 / 216             167 / 216         MB
[2021-02-13T17:16:09.350+0300][80.133s][info][gc,stats    ]      Memory: Heap Used Before Relocation                     172 / 172             145 / 172             145 / 172             145 / 172         MB
[2021-02-13T17:16:09.350+0300][80.133s][info][gc,stats    ]      Memory: Out Of Memory                                     0 / 0                 0 / 0                 0 / 0                 0 / 0           ops/s
[2021-02-13T17:16:09.350+0300][80.133s][info][gc,stats    ]      Memory: Page Cache Flush                                  0 / 0                 0 / 0                 0 / 0                 0 / 0           MB/s
[2021-02-13T17:16:09.350+0300][80.133s][info][gc,stats    ]      Memory: Page Cache Hit L1                                 0 / 9                 0 / 9                 0 / 9                 0 / 9           ops/s
[2021-02-13T17:16:09.350+0300][80.133s][info][gc,stats    ]      Memory: Page Cache Hit L2                                 0 / 0                 0 / 0                 0 / 0                 0 / 0           ops/s
[2021-02-13T17:16:09.350+0300][80.133s][info][gc,stats    ]      Memory: Page Cache Hit L3                                 1 / 11                1 / 14                1 / 14                1 / 14          ops/s
[2021-02-13T17:16:09.350+0300][80.133s][info][gc,stats    ]      Memory: Page Cache Miss                                   0 / 0                 0 / 0                 0 / 0                 0 / 0           ops/s
[2021-02-13T17:16:09.350+0300][80.133s][info][gc,stats    ]      Memory: Uncommit                                          0 / 0                 0 / 0                 0 / 0                 0 / 0           MB/s
[2021-02-13T17:16:09.350+0300][80.133s][info][gc,stats    ]      Memory: Undo Object Allocation Failed                     0 / 0                 0 / 0                 0 / 0                 0 / 0           ops/s
[2021-02-13T17:16:09.350+0300][80.133s][info][gc,stats    ]      Memory: Undo Object Allocation Succeeded                  0 / 1                 0 / 1                 0 / 1                 0 / 1           ops/s
[2021-02-13T17:16:09.350+0300][80.133s][info][gc,stats    ]      Memory: Undo Page Allocation                              0 / 0                 0 / 0                 0 / 0                 0 / 0           ops/s
[2021-02-13T17:16:09.350+0300][80.133s][info][gc,stats    ]       Phase: Concurrent Mark                             221.645 / 221.645     168.208 / 221.645     168.208 / 221.645     168.208 / 221.645     ms
[2021-02-13T17:16:09.350+0300][80.133s][info][gc,stats    ]       Phase: Concurrent Mark Continue                      0.000 / 0.000         0.000 / 0.000         0.000 / 0.000         0.000 / 0.000       ms
[2021-02-13T17:16:09.350+0300][80.133s][info][gc,stats    ]       Phase: Concurrent Process Non-Strong References      2.549 / 2.549         2.037 / 2.549         2.037 / 2.549         2.037 / 2.549       ms
[2021-02-13T17:16:09.350+0300][80.133s][info][gc,stats    ]       Phase: Concurrent Relocate                          14.560 / 14.560       16.262 / 17.964       16.262 / 17.964       16.262 / 17.964      ms
[2021-02-13T17:16:09.350+0300][80.133s][info][gc,stats    ]       Phase: Concurrent Reset Relocation Set               0.741 / 0.741         0.373 / 0.741         0.373 / 0.741         0.373 / 0.741       ms
[2021-02-13T17:16:09.350+0300][80.133s][info][gc,stats    ]       Phase: Concurrent Select Relocation Set              4.870 / 4.870         7.407 / 9.944         7.407 / 9.944         7.407 / 9.944       ms
[2021-02-13T17:16:09.350+0300][80.133s][info][gc,stats    ]       Phase: Pause Mark End                                0.286 / 0.286         0.245 / 0.286         0.245 / 0.286         0.245 / 0.286       ms
[2021-02-13T17:16:09.350+0300][80.133s][info][gc,stats    ]       Phase: Pause Mark Start                              0.170 / 0.170         0.503 / 0.836         0.503 / 0.836         0.503 / 0.836       ms
[2021-02-13T17:16:09.350+0300][80.133s][info][gc,stats    ]       Phase: Pause Relocate Start                          0.167 / 0.167         0.171 / 0.175         0.171 / 0.175         0.171 / 0.175       ms
[2021-02-13T17:16:09.350+0300][80.133s][info][gc,stats    ]    Subphase: Concurrent Classes Purge                      0.118 / 0.118         0.111 / 0.118         0.111 / 0.118         0.111 / 0.118       ms
[2021-02-13T17:16:09.350+0300][80.133s][info][gc,stats    ]    Subphase: Concurrent Classes Unlink                     1.455 / 1.455         1.156 / 1.455         1.156 / 1.455         1.156 / 1.455       ms
[2021-02-13T17:16:09.350+0300][80.133s][info][gc,stats    ]    Subphase: Concurrent Mark                             221.323 / 221.323     167.938 / 221.323     167.938 / 221.323     167.938 / 221.323     ms
[2021-02-13T17:16:09.350+0300][80.133s][info][gc,stats    ]    Subphase: Concurrent Mark Idle                          0.000 / 0.000         0.000 / 0.000         0.000 / 0.000         0.000 / 0.000       ms
[2021-02-13T17:16:09.350+0300][80.133s][info][gc,stats    ]    Subphase: Concurrent Mark Try Flush                     0.443 / 0.568         0.325 / 0.568         0.325 / 0.568         0.325 / 0.568       ms
[2021-02-13T17:16:09.350+0300][80.133s][info][gc,stats    ]    Subphase: Concurrent Mark Try Terminate                 0.284 / 0.569         0.198 / 0.569         0.198 / 0.569         0.198 / 0.569       ms
[2021-02-13T17:16:09.350+0300][80.133s][info][gc,stats    ]    Subphase: Concurrent References Enqueue                 0.004 / 0.004         0.004 / 0.004         0.004 / 0.004         0.004 / 0.004       ms
[2021-02-13T17:16:09.350+0300][80.133s][info][gc,stats    ]    Subphase: Concurrent References Process                 0.127 / 0.127         0.135 / 0.143         0.135 / 0.143         0.135 / 0.143       ms
[2021-02-13T17:16:09.350+0300][80.133s][info][gc,stats    ]    Subphase: Concurrent Roots                              0.152 / 0.152         0.100 / 0.152         0.100 / 0.152         0.100 / 0.152       ms
[2021-02-13T17:16:09.350+0300][80.133s][info][gc,stats    ]    Subphase: Concurrent Roots ClassLoaderDataGraph         0.141 / 0.141         0.093 / 0.141         0.093 / 0.141         0.093 / 0.141       ms
[2021-02-13T17:16:09.350+0300][80.133s][info][gc,stats    ]    Subphase: Concurrent Roots JNIHandles                   0.006 / 0.006         0.004 / 0.006         0.004 / 0.006         0.004 / 0.006       ms
[2021-02-13T17:16:09.350+0300][80.133s][info][gc,stats    ]    Subphase: Concurrent Roots Setup                        0.006 / 0.006         0.006 / 0.006         0.006 / 0.006         0.006 / 0.006       ms
[2021-02-13T17:16:09.350+0300][80.133s][info][gc,stats    ]    Subphase: Concurrent Roots Teardown                     0.000 / 0.000         0.000 / 0.000         0.000 / 0.000         0.000 / 0.000       ms
[2021-02-13T17:16:09.350+0300][80.133s][info][gc,stats    ]    Subphase: Concurrent Roots VMHandles                    0.004 / 0.004         0.003 / 0.004         0.003 / 0.004         0.003 / 0.004       ms
[2021-02-13T17:16:09.350+0300][80.133s][info][gc,stats    ]    Subphase: Concurrent Weak Roots                         0.520 / 0.520         0.348 / 0.520         0.348 / 0.520         0.348 / 0.520       ms
[2021-02-13T17:16:09.350+0300][80.133s][info][gc,stats    ]    Subphase: Concurrent Weak Roots JNIWeakHandles          0.000 / 0.000         0.000 / 0.000         0.000 / 0.000         0.000 / 0.000       ms
[2021-02-13T17:16:09.350+0300][80.133s][info][gc,stats    ]    Subphase: Concurrent Weak Roots ResolvedMethodTable     0.035 / 0.035         0.023 / 0.035         0.023 / 0.035         0.023 / 0.035       ms
[2021-02-13T17:16:09.350+0300][80.133s][info][gc,stats    ]    Subphase: Concurrent Weak Roots StringTable             0.471 / 0.471         0.314 / 0.471         0.314 / 0.471         0.314 / 0.471       ms
[2021-02-13T17:16:09.350+0300][80.133s][info][gc,stats    ]    Subphase: Concurrent Weak Roots VMWeakHandles           0.013 / 0.013         0.010 / 0.013         0.010 / 0.013         0.010 / 0.013       ms
[2021-02-13T17:16:09.350+0300][80.133s][info][gc,stats    ]    Subphase: Pause Mark Try Complete                       0.040 / 0.040         0.022 / 0.040         0.022 / 0.040         0.022 / 0.040       ms
[2021-02-13T17:16:09.350+0300][80.133s][info][gc,stats    ]    Subphase: Pause Roots                                   0.053 / 0.115         0.105 / 0.374         0.105 / 0.374         0.105 / 0.374       ms
[2021-02-13T17:16:09.350+0300][80.133s][info][gc,stats    ]    Subphase: Pause Roots CodeCache                         0.000 / 0.000         0.000 / 0.000         0.000 / 0.000         0.000 / 0.000       ms
[2021-02-13T17:16:09.350+0300][80.133s][info][gc,stats    ]    Subphase: Pause Roots JVMTIExport                       0.000 / 0.000         0.001 / 0.003         0.001 / 0.003         0.001 / 0.003       ms
[2021-02-13T17:16:09.350+0300][80.133s][info][gc,stats    ]    Subphase: Pause Roots JVMTIWeakExport                   0.013 / 0.013         0.007 / 0.013         0.007 / 0.013         0.007 / 0.013       ms
[2021-02-13T17:16:09.350+0300][80.133s][info][gc,stats    ]    Subphase: Pause Roots Java Threads                      0.043 / 0.070         0.095 / 0.373         0.095 / 0.373         0.095 / 0.373       ms
[2021-02-13T17:16:09.350+0300][80.133s][info][gc,stats    ]    Subphase: Pause Roots Management                        0.001 / 0.002         0.007 / 0.025         0.007 / 0.025         0.007 / 0.025       ms
[2021-02-13T17:16:09.350+0300][80.133s][info][gc,stats    ]    Subphase: Pause Roots ObjectSynchronizer                0.000 / 0.000         0.000 / 0.000         0.000 / 0.000         0.000 / 0.000       ms
[2021-02-13T17:16:09.350+0300][80.133s][info][gc,stats    ]    Subphase: Pause Roots Setup                             0.000 / 0.000         0.000 / 0.001         0.000 / 0.001         0.000 / 0.001       ms
[2021-02-13T17:16:09.350+0300][80.133s][info][gc,stats    ]    Subphase: Pause Roots Teardown                          0.001 / 0.002         0.001 / 0.002         0.001 / 0.002         0.001 / 0.002       ms
[2021-02-13T17:16:09.350+0300][80.133s][info][gc,stats    ]    Subphase: Pause Roots Universe                          0.008 / 0.014         0.011 / 0.027         0.011 / 0.027         0.011 / 0.027       ms
[2021-02-13T17:16:09.350+0300][80.133s][info][gc,stats    ]    Subphase: Pause Roots VM Thread                         0.014 / 0.028         0.008 / 0.028         0.008 / 0.028         0.008 / 0.028       ms
[2021-02-13T17:16:09.350+0300][80.133s][info][gc,stats    ]    Subphase: Pause Weak Roots                              0.001 / 0.001         0.001 / 0.005         0.001 / 0.005         0.001 / 0.005       ms
[2021-02-13T17:16:09.350+0300][80.133s][info][gc,stats    ]    Subphase: Pause Weak Roots JFRWeak                      0.000 / 0.000         0.000 / 0.000         0.000 / 0.000         0.000 / 0.000       ms
[2021-02-13T17:16:09.350+0300][80.133s][info][gc,stats    ]    Subphase: Pause Weak Roots JVMTIWeakExport              0.000 / 0.000         0.003 / 0.005         0.003 / 0.005         0.003 / 0.005       ms
[2021-02-13T17:16:09.351+0300][80.134s][info][gc,stats    ]    Subphase: Pause Weak Roots Setup                        0.000 / 0.000         0.000 / 0.000         0.000 / 0.000         0.000 / 0.000       ms
[2021-02-13T17:16:09.351+0300][80.134s][info][gc,stats    ]    Subphase: Pause Weak Roots Teardown                     0.000 / 0.000         0.000 / 0.000         0.000 / 0.000         0.000 / 0.000       ms
[2021-02-13T17:16:09.351+0300][80.134s][info][gc,stats    ]      System: Java Threads                                     16 / 16               16 / 16               16 / 16               16 / 16          threads
[2021-02-13T17:16:09.351+0300][80.134s][info][gc,stats    ] =========================================================================================================================================================
[2021-02-13T17:16:19.342+0300][90.125s][info][gc,stats    ] === Garbage Collection Statistics =======================================================================================================================
[2021-02-13T17:16:19.342+0300][90.125s][info][gc,stats    ]                                                              Last 10s              Last 10m              Last 10h                Total
[2021-02-13T17:16:19.342+0300][90.125s][info][gc,stats    ]                                                              Avg / Max             Avg / Max             Avg / Max             Avg / Max
[2021-02-13T17:16:19.342+0300][90.125s][info][gc,stats    ]   Collector: Garbage Collection Cycle                      0.000 / 0.000       196.888 / 246.924     196.888 / 246.924     196.888 / 246.924     ms
[2021-02-13T17:16:19.342+0300][90.125s][info][gc,stats    ]  Contention: Mark Segment Reset Contention                     0 / 0                 0 / 0                 0 / 0                 0 / 0           ops/s
[2021-02-13T17:16:19.342+0300][90.125s][info][gc,stats    ]  Contention: Mark SeqNum Reset Contention                      0 / 0                 0 / 0                 0 / 0                 0 / 0           ops/s
[2021-02-13T17:16:19.342+0300][90.125s][info][gc,stats    ]  Contention: Relocation Contention                             0 / 0                 0 / 1                 0 / 1                 0 / 1           ops/s
[2021-02-13T17:16:19.342+0300][90.125s][info][gc,stats    ]    Critical: Allocation Stall                              0.000 / 0.000         0.000 / 0.000         0.000 / 0.000         0.000 / 0.000       ms
[2021-02-13T17:16:19.342+0300][90.125s][info][gc,stats    ]    Critical: Allocation Stall                                  0 / 0                 0 / 0                 0 / 0                 0 / 0           ops/s
[2021-02-13T17:16:19.342+0300][90.125s][info][gc,stats    ]    Critical: GC Locker Stall                               0.000 / 0.000         0.000 / 0.000         0.000 / 0.000         0.000 / 0.000       ms
[2021-02-13T17:16:19.342+0300][90.125s][info][gc,stats    ]    Critical: GC Locker Stall                                   0 / 0                 0 / 0                 0 / 0                 0 / 0           ops/s
[2021-02-13T17:16:19.342+0300][90.125s][info][gc,stats    ]      Memory: Allocation Rate                                   0 / 2                14 / 1082             14 / 1082             14 / 1082        MB/s
[2021-02-13T17:16:19.342+0300][90.125s][info][gc,stats    ]      Memory: Heap Used After Mark                              0 / 0               167 / 216             167 / 216             167 / 216         MB
[2021-02-13T17:16:19.342+0300][90.125s][info][gc,stats    ]      Memory: Heap Used After Relocation                        0 / 0               100 / 114             100 / 114             100 / 114         MB
[2021-02-13T17:16:19.342+0300][90.125s][info][gc,stats    ]      Memory: Heap Used Before Mark                             0 / 0               167 / 216             167 / 216             167 / 216         MB
[2021-02-13T17:16:19.342+0300][90.125s][info][gc,stats    ]      Memory: Heap Used Before Relocation                       0 / 0               145 / 172             145 / 172             145 / 172         MB
[2021-02-13T17:16:19.342+0300][90.125s][info][gc,stats    ]      Memory: Out Of Memory                                     0 / 0                 0 / 0                 0 / 0                 0 / 0           ops/s
[2021-02-13T17:16:19.342+0300][90.125s][info][gc,stats    ]      Memory: Page Cache Flush                                  0 / 0                 0 / 0                 0 / 0                 0 / 0           MB/s
[2021-02-13T17:16:19.342+0300][90.125s][info][gc,stats    ]      Memory: Page Cache Hit L1                                 0 / 1                 0 / 9                 0 / 9                 0 / 9           ops/s
[2021-02-13T17:16:19.342+0300][90.125s][info][gc,stats    ]      Memory: Page Cache Hit L2                                 0 / 0                 0 / 0                 0 / 0                 0 / 0           ops/s
[2021-02-13T17:16:19.342+0300][90.125s][info][gc,stats    ]      Memory: Page Cache Hit L3                                 0 / 0                 1 / 14                1 / 14                1 / 14          ops/s
[2021-02-13T17:16:19.342+0300][90.125s][info][gc,stats    ]      Memory: Page Cache Miss                                   0 / 0                 0 / 0                 0 / 0                 0 / 0           ops/s
[2021-02-13T17:16:19.342+0300][90.125s][info][gc,stats    ]      Memory: Uncommit                                          0 / 0                 0 / 0                 0 / 0                 0 / 0           MB/s
[2021-02-13T17:16:19.342+0300][90.125s][info][gc,stats    ]      Memory: Undo Object Allocation Failed                     0 / 0                 0 / 0                 0 / 0                 0 / 0           ops/s
[2021-02-13T17:16:19.342+0300][90.125s][info][gc,stats    ]      Memory: Undo Object Allocation Succeeded                  0 / 0                 0 / 1                 0 / 1                 0 / 1           ops/s
[2021-02-13T17:16:19.342+0300][90.125s][info][gc,stats    ]      Memory: Undo Page Allocation                              0 / 0                 0 / 0                 0 / 0                 0 / 0           ops/s
[2021-02-13T17:16:19.342+0300][90.125s][info][gc,stats    ]       Phase: Concurrent Mark                               0.000 / 0.000       168.208 / 221.645     168.208 / 221.645     168.208 / 221.645     ms
[2021-02-13T17:16:19.342+0300][90.125s][info][gc,stats    ]       Phase: Concurrent Mark Continue                      0.000 / 0.000         0.000 / 0.000         0.000 / 0.000         0.000 / 0.000       ms
[2021-02-13T17:16:19.342+0300][90.125s][info][gc,stats    ]       Phase: Concurrent Process Non-Strong References      0.000 / 0.000         2.037 / 2.549         2.037 / 2.549         2.037 / 2.549       ms
[2021-02-13T17:16:19.342+0300][90.125s][info][gc,stats    ]       Phase: Concurrent Relocate                           0.000 / 0.000        16.262 / 17.964       16.262 / 17.964       16.262 / 17.964      ms
[2021-02-13T17:16:19.342+0300][90.125s][info][gc,stats    ]       Phase: Concurrent Reset Relocation Set               0.000 / 0.000         0.373 / 0.741         0.373 / 0.741         0.373 / 0.741       ms
[2021-02-13T17:16:19.342+0300][90.125s][info][gc,stats    ]       Phase: Concurrent Select Relocation Set              0.000 / 0.000         7.407 / 9.944         7.407 / 9.944         7.407 / 9.944       ms
[2021-02-13T17:16:19.342+0300][90.125s][info][gc,stats    ]       Phase: Pause Mark End                                0.000 / 0.000         0.245 / 0.286         0.245 / 0.286         0.245 / 0.286       ms
[2021-02-13T17:16:19.342+0300][90.125s][info][gc,stats    ]       Phase: Pause Mark Start                              0.000 / 0.000         0.503 / 0.836         0.503 / 0.836         0.503 / 0.836       ms
[2021-02-13T17:16:19.342+0300][90.125s][info][gc,stats    ]       Phase: Pause Relocate Start                          0.000 / 0.000         0.171 / 0.175         0.171 / 0.175         0.171 / 0.175       ms
[2021-02-13T17:16:19.342+0300][90.125s][info][gc,stats    ]    Subphase: Concurrent Classes Purge                      0.000 / 0.000         0.111 / 0.118         0.111 / 0.118         0.111 / 0.118       ms
[2021-02-13T17:16:19.342+0300][90.125s][info][gc,stats    ]    Subphase: Concurrent Classes Unlink                     0.000 / 0.000         1.156 / 1.455         1.156 / 1.455         1.156 / 1.455       ms
[2021-02-13T17:16:19.342+0300][90.125s][info][gc,stats    ]    Subphase: Concurrent Mark                               0.000 / 0.000       167.938 / 221.323     167.938 / 221.323     167.938 / 221.323     ms
[2021-02-13T17:16:19.342+0300][90.125s][info][gc,stats    ]    Subphase: Concurrent Mark Idle                          0.000 / 0.000         0.000 / 0.000         0.000 / 0.000         0.000 / 0.000       ms
[2021-02-13T17:16:19.342+0300][90.125s][info][gc,stats    ]    Subphase: Concurrent Mark Try Flush                     0.000 / 0.000         0.325 / 0.568         0.325 / 0.568         0.325 / 0.568       ms
[2021-02-13T17:16:19.342+0300][90.125s][info][gc,stats    ]    Subphase: Concurrent Mark Try Terminate                 0.000 / 0.000         0.198 / 0.569         0.198 / 0.569         0.198 / 0.569       ms
[2021-02-13T17:16:19.342+0300][90.125s][info][gc,stats    ]    Subphase: Concurrent References Enqueue                 0.000 / 0.000         0.004 / 0.004         0.004 / 0.004         0.004 / 0.004       ms
[2021-02-13T17:16:19.342+0300][90.125s][info][gc,stats    ]    Subphase: Concurrent References Process                 0.000 / 0.000         0.135 / 0.143         0.135 / 0.143         0.135 / 0.143       ms
[2021-02-13T17:16:19.342+0300][90.125s][info][gc,stats    ]    Subphase: Concurrent Roots                              0.000 / 0.000         0.100 / 0.152         0.100 / 0.152         0.100 / 0.152       ms
[2021-02-13T17:16:19.342+0300][90.125s][info][gc,stats    ]    Subphase: Concurrent Roots ClassLoaderDataGraph         0.000 / 0.000         0.093 / 0.141         0.093 / 0.141         0.093 / 0.141       ms
[2021-02-13T17:16:19.342+0300][90.125s][info][gc,stats    ]    Subphase: Concurrent Roots JNIHandles                   0.000 / 0.000         0.004 / 0.006         0.004 / 0.006         0.004 / 0.006       ms
[2021-02-13T17:16:19.342+0300][90.125s][info][gc,stats    ]    Subphase: Concurrent Roots Setup                        0.000 / 0.000         0.006 / 0.006         0.006 / 0.006         0.006 / 0.006       ms
[2021-02-13T17:16:19.342+0300][90.125s][info][gc,stats    ]    Subphase: Concurrent Roots Teardown                     0.000 / 0.000         0.000 / 0.000         0.000 / 0.000         0.000 / 0.000       ms
[2021-02-13T17:16:19.342+0300][90.125s][info][gc,stats    ]    Subphase: Concurrent Roots VMHandles                    0.000 / 0.000         0.003 / 0.004         0.003 / 0.004         0.003 / 0.004       ms
[2021-02-13T17:16:19.342+0300][90.125s][info][gc,stats    ]    Subphase: Concurrent Weak Roots                         0.000 / 0.000         0.348 / 0.520         0.348 / 0.520         0.348 / 0.520       ms
[2021-02-13T17:16:19.342+0300][90.125s][info][gc,stats    ]    Subphase: Concurrent Weak Roots JNIWeakHandles          0.000 / 0.000         0.000 / 0.000         0.000 / 0.000         0.000 / 0.000       ms
[2021-02-13T17:16:19.342+0300][90.125s][info][gc,stats    ]    Subphase: Concurrent Weak Roots ResolvedMethodTable     0.000 / 0.000         0.023 / 0.035         0.023 / 0.035         0.023 / 0.035       ms
[2021-02-13T17:16:19.342+0300][90.125s][info][gc,stats    ]    Subphase: Concurrent Weak Roots StringTable             0.000 / 0.000         0.314 / 0.471         0.314 / 0.471         0.314 / 0.471       ms
[2021-02-13T17:16:19.342+0300][90.125s][info][gc,stats    ]    Subphase: Concurrent Weak Roots VMWeakHandles           0.000 / 0.000         0.010 / 0.013         0.010 / 0.013         0.010 / 0.013       ms
[2021-02-13T17:16:19.342+0300][90.125s][info][gc,stats    ]    Subphase: Pause Mark Try Complete                       0.000 / 0.000         0.022 / 0.040         0.022 / 0.040         0.022 / 0.040       ms
[2021-02-13T17:16:19.342+0300][90.125s][info][gc,stats    ]    Subphase: Pause Roots                                   0.000 / 0.000         0.105 / 0.374         0.105 / 0.374         0.105 / 0.374       ms
[2021-02-13T17:16:19.342+0300][90.125s][info][gc,stats    ]    Subphase: Pause Roots CodeCache                         0.000 / 0.000         0.000 / 0.000         0.000 / 0.000         0.000 / 0.000       ms
[2021-02-13T17:16:19.342+0300][90.125s][info][gc,stats    ]    Subphase: Pause Roots JVMTIExport                       0.000 / 0.000         0.001 / 0.003         0.001 / 0.003         0.001 / 0.003       ms
[2021-02-13T17:16:19.342+0300][90.125s][info][gc,stats    ]    Subphase: Pause Roots JVMTIWeakExport                   0.000 / 0.000         0.007 / 0.013         0.007 / 0.013         0.007 / 0.013       ms
[2021-02-13T17:16:19.342+0300][90.125s][info][gc,stats    ]    Subphase: Pause Roots Java Threads                      0.000 / 0.000         0.095 / 0.373         0.095 / 0.373         0.095 / 0.373       ms
[2021-02-13T17:16:19.342+0300][90.125s][info][gc,stats    ]    Subphase: Pause Roots Management                        0.000 / 0.000         0.007 / 0.025         0.007 / 0.025         0.007 / 0.025       ms
[2021-02-13T17:16:19.342+0300][90.125s][info][gc,stats    ]    Subphase: Pause Roots ObjectSynchronizer                0.000 / 0.000         0.000 / 0.000         0.000 / 0.000         0.000 / 0.000       ms
[2021-02-13T17:16:19.342+0300][90.125s][info][gc,stats    ]    Subphase: Pause Roots Setup                             0.000 / 0.000         0.000 / 0.001         0.000 / 0.001         0.000 / 0.001       ms
[2021-02-13T17:16:19.342+0300][90.125s][info][gc,stats    ]    Subphase: Pause Roots Teardown                          0.000 / 0.000         0.001 / 0.002         0.001 / 0.002         0.001 / 0.002       ms
[2021-02-13T17:16:19.342+0300][90.125s][info][gc,stats    ]    Subphase: Pause Roots Universe                          0.000 / 0.000         0.011 / 0.027         0.011 / 0.027         0.011 / 0.027       ms
[2021-02-13T17:16:19.342+0300][90.125s][info][gc,stats    ]    Subphase: Pause Roots VM Thread                         0.000 / 0.000         0.008 / 0.028         0.008 / 0.028         0.008 / 0.028       ms
[2021-02-13T17:16:19.342+0300][90.125s][info][gc,stats    ]    Subphase: Pause Weak Roots                              0.000 / 0.000         0.001 / 0.005         0.001 / 0.005         0.001 / 0.005       ms
[2021-02-13T17:16:19.342+0300][90.125s][info][gc,stats    ]    Subphase: Pause Weak Roots JFRWeak                      0.000 / 0.000         0.000 / 0.000         0.000 / 0.000         0.000 / 0.000       ms
[2021-02-13T17:16:19.342+0300][90.125s][info][gc,stats    ]    Subphase: Pause Weak Roots JVMTIWeakExport              0.000 / 0.000         0.003 / 0.005         0.003 / 0.005         0.003 / 0.005       ms
[2021-02-13T17:16:19.342+0300][90.125s][info][gc,stats    ]    Subphase: Pause Weak Roots Setup                        0.000 / 0.000         0.000 / 0.000         0.000 / 0.000         0.000 / 0.000       ms
[2021-02-13T17:16:19.342+0300][90.125s][info][gc,stats    ]    Subphase: Pause Weak Roots Teardown                     0.000 / 0.000         0.000 / 0.000         0.000 / 0.000         0.000 / 0.000       ms
[2021-02-13T17:16:19.342+0300][90.125s][info][gc,stats    ]      System: Java Threads                                      0 / 0                16 / 16               16 / 16               16 / 16          threads
[2021-02-13T17:16:19.343+0300][90.126s][info][gc,stats    ] =========================================================================================================================================================
[2021-02-13T17:16:29.341+0300][100.123s][info][gc,stats    ] === Garbage Collection Statistics =======================================================================================================================
[2021-02-13T17:16:29.341+0300][100.123s][info][gc,stats    ]                                                              Last 10s              Last 10m              Last 10h                Total
[2021-02-13T17:16:29.341+0300][100.123s][info][gc,stats    ]                                                              Avg / Max             Avg / Max             Avg / Max             Avg / Max
[2021-02-13T17:16:29.341+0300][100.123s][info][gc,stats    ]   Collector: Garbage Collection Cycle                      0.000 / 0.000       196.888 / 246.924     196.888 / 246.924     196.888 / 246.924     ms
[2021-02-13T17:16:29.341+0300][100.123s][info][gc,stats    ]  Contention: Mark Segment Reset Contention                     0 / 0                 0 / 0                 0 / 0                 0 / 0           ops/s
[2021-02-13T17:16:29.341+0300][100.123s][info][gc,stats    ]  Contention: Mark SeqNum Reset Contention                      0 / 0                 0 / 0                 0 / 0                 0 / 0           ops/s
[2021-02-13T17:16:29.341+0300][100.123s][info][gc,stats    ]  Contention: Relocation Contention                             0 / 0                 0 / 1                 0 / 1                 0 / 1           ops/s
[2021-02-13T17:16:29.341+0300][100.123s][info][gc,stats    ]    Critical: Allocation Stall                              0.000 / 0.000         0.000 / 0.000         0.000 / 0.000         0.000 / 0.000       ms
[2021-02-13T17:16:29.341+0300][100.123s][info][gc,stats    ]    Critical: Allocation Stall                                  0 / 0                 0 / 0                 0 / 0                 0 / 0           ops/s
[2021-02-13T17:16:29.341+0300][100.123s][info][gc,stats    ]    Critical: GC Locker Stall                               0.000 / 0.000         0.000 / 0.000         0.000 / 0.000         0.000 / 0.000       ms
[2021-02-13T17:16:29.341+0300][100.123s][info][gc,stats    ]    Critical: GC Locker Stall                                   0 / 0                 0 / 0                 0 / 0                 0 / 0           ops/s
[2021-02-13T17:16:29.341+0300][100.123s][info][gc,stats    ]      Memory: Allocation Rate                                   1 / 16               13 / 1082             13 / 1082             13 / 1082        MB/s
[2021-02-13T17:16:29.341+0300][100.123s][info][gc,stats    ]      Memory: Heap Used After Mark                              0 / 0               167 / 216             167 / 216             167 / 216         MB
[2021-02-13T17:16:29.341+0300][100.123s][info][gc,stats    ]      Memory: Heap Used After Relocation                        0 / 0               100 / 114             100 / 114             100 / 114         MB
[2021-02-13T17:16:29.341+0300][100.123s][info][gc,stats    ]      Memory: Heap Used Before Mark                             0 / 0               167 / 216             167 / 216             167 / 216         MB
[2021-02-13T17:16:29.341+0300][100.123s][info][gc,stats    ]      Memory: Heap Used Before Relocation                       0 / 0               145 / 172             145 / 172             145 / 172         MB
[2021-02-13T17:16:29.341+0300][100.123s][info][gc,stats    ]      Memory: Out Of Memory                                     0 / 0                 0 / 0                 0 / 0                 0 / 0           ops/s
[2021-02-13T17:16:29.341+0300][100.123s][info][gc,stats    ]      Memory: Page Cache Flush                                  0 / 0                 0 / 0                 0 / 0                 0 / 0           MB/s
[2021-02-13T17:16:29.341+0300][100.123s][info][gc,stats    ]      Memory: Page Cache Hit L1                                 0 / 8                 0 / 9                 0 / 9                 0 / 9           ops/s
[2021-02-13T17:16:29.341+0300][100.123s][info][gc,stats    ]      Memory: Page Cache Hit L2                                 0 / 0                 0 / 0                 0 / 0                 0 / 0           ops/s
[2021-02-13T17:16:29.341+0300][100.123s][info][gc,stats    ]      Memory: Page Cache Hit L3                                 0 / 0                 0 / 14                0 / 14                0 / 14          ops/s
[2021-02-13T17:16:29.341+0300][100.123s][info][gc,stats    ]      Memory: Page Cache Miss                                   0 / 0                 0 / 0                 0 / 0                 0 / 0           ops/s
[2021-02-13T17:16:29.341+0300][100.123s][info][gc,stats    ]      Memory: Uncommit                                          0 / 0                 0 / 0                 0 / 0                 0 / 0           MB/s
[2021-02-13T17:16:29.341+0300][100.123s][info][gc,stats    ]      Memory: Undo Object Allocation Failed                     0 / 0                 0 / 0                 0 / 0                 0 / 0           ops/s
[2021-02-13T17:16:29.341+0300][100.123s][info][gc,stats    ]      Memory: Undo Object Allocation Succeeded                  0 / 0                 0 / 1                 0 / 1                 0 / 1           ops/s
[2021-02-13T17:16:29.341+0300][100.123s][info][gc,stats    ]      Memory: Undo Page Allocation                              0 / 0                 0 / 0                 0 / 0                 0 / 0           ops/s
[2021-02-13T17:16:29.341+0300][100.124s][info][gc,stats    ]       Phase: Concurrent Mark                               0.000 / 0.000       168.208 / 221.645     168.208 / 221.645     168.208 / 221.645     ms
[2021-02-13T17:16:29.341+0300][100.124s][info][gc,stats    ]       Phase: Concurrent Mark Continue                      0.000 / 0.000         0.000 / 0.000         0.000 / 0.000         0.000 / 0.000       ms
[2021-02-13T17:16:29.341+0300][100.124s][info][gc,stats    ]       Phase: Concurrent Process Non-Strong References      0.000 / 0.000         2.037 / 2.549         2.037 / 2.549         2.037 / 2.549       ms
[2021-02-13T17:16:29.341+0300][100.124s][info][gc,stats    ]       Phase: Concurrent Relocate                           0.000 / 0.000        16.262 / 17.964       16.262 / 17.964       16.262 / 17.964      ms
[2021-02-13T17:16:29.341+0300][100.124s][info][gc,stats    ]       Phase: Concurrent Reset Relocation Set               0.000 / 0.000         0.373 / 0.741         0.373 / 0.741         0.373 / 0.741       ms
[2021-02-13T17:16:29.341+0300][100.124s][info][gc,stats    ]       Phase: Concurrent Select Relocation Set              0.000 / 0.000         7.407 / 9.944         7.407 / 9.944         7.407 / 9.944       ms
[2021-02-13T17:16:29.341+0300][100.124s][info][gc,stats    ]       Phase: Pause Mark End                                0.000 / 0.000         0.245 / 0.286         0.245 / 0.286         0.245 / 0.286       ms
[2021-02-13T17:16:29.341+0300][100.124s][info][gc,stats    ]       Phase: Pause Mark Start                              0.000 / 0.000         0.503 / 0.836         0.503 / 0.836         0.503 / 0.836       ms
[2021-02-13T17:16:29.341+0300][100.124s][info][gc,stats    ]       Phase: Pause Relocate Start                          0.000 / 0.000         0.171 / 0.175         0.171 / 0.175         0.171 / 0.175       ms
[2021-02-13T17:16:29.341+0300][100.124s][info][gc,stats    ]    Subphase: Concurrent Classes Purge                      0.000 / 0.000         0.111 / 0.118         0.111 / 0.118         0.111 / 0.118       ms
[2021-02-13T17:16:29.341+0300][100.124s][info][gc,stats    ]    Subphase: Concurrent Classes Unlink                     0.000 / 0.000         1.156 / 1.455         1.156 / 1.455         1.156 / 1.455       ms
[2021-02-13T17:16:29.341+0300][100.124s][info][gc,stats    ]    Subphase: Concurrent Mark                               0.000 / 0.000       167.938 / 221.323     167.938 / 221.323     167.938 / 221.323     ms
[2021-02-13T17:16:29.341+0300][100.124s][info][gc,stats    ]    Subphase: Concurrent Mark Idle                          0.000 / 0.000         0.000 / 0.000         0.000 / 0.000         0.000 / 0.000       ms
[2021-02-13T17:16:29.341+0300][100.124s][info][gc,stats    ]    Subphase: Concurrent Mark Try Flush                     0.000 / 0.000         0.325 / 0.568         0.325 / 0.568         0.325 / 0.568       ms
[2021-02-13T17:16:29.341+0300][100.124s][info][gc,stats    ]    Subphase: Concurrent Mark Try Terminate                 0.000 / 0.000         0.198 / 0.569         0.198 / 0.569         0.198 / 0.569       ms
[2021-02-13T17:16:29.341+0300][100.124s][info][gc,stats    ]    Subphase: Concurrent References Enqueue                 0.000 / 0.000         0.004 / 0.004         0.004 / 0.004         0.004 / 0.004       ms
[2021-02-13T17:16:29.341+0300][100.124s][info][gc,stats    ]    Subphase: Concurrent References Process                 0.000 / 0.000         0.135 / 0.143         0.135 / 0.143         0.135 / 0.143       ms
[2021-02-13T17:16:29.341+0300][100.124s][info][gc,stats    ]    Subphase: Concurrent Roots                              0.000 / 0.000         0.100 / 0.152         0.100 / 0.152         0.100 / 0.152       ms
[2021-02-13T17:16:29.341+0300][100.124s][info][gc,stats    ]    Subphase: Concurrent Roots ClassLoaderDataGraph         0.000 / 0.000         0.093 / 0.141         0.093 / 0.141         0.093 / 0.141       ms
[2021-02-13T17:16:29.341+0300][100.124s][info][gc,stats    ]    Subphase: Concurrent Roots JNIHandles                   0.000 / 0.000         0.004 / 0.006         0.004 / 0.006         0.004 / 0.006       ms
[2021-02-13T17:16:29.341+0300][100.124s][info][gc,stats    ]    Subphase: Concurrent Roots Setup                        0.000 / 0.000         0.006 / 0.006         0.006 / 0.006         0.006 / 0.006       ms
[2021-02-13T17:16:29.341+0300][100.124s][info][gc,stats    ]    Subphase: Concurrent Roots Teardown                     0.000 / 0.000         0.000 / 0.000         0.000 / 0.000         0.000 / 0.000       ms
[2021-02-13T17:16:29.341+0300][100.124s][info][gc,stats    ]    Subphase: Concurrent Roots VMHandles                    0.000 / 0.000         0.003 / 0.004         0.003 / 0.004         0.003 / 0.004       ms
[2021-02-13T17:16:29.341+0300][100.124s][info][gc,stats    ]    Subphase: Concurrent Weak Roots                         0.000 / 0.000         0.348 / 0.520         0.348 / 0.520         0.348 / 0.520       ms
[2021-02-13T17:16:29.341+0300][100.124s][info][gc,stats    ]    Subphase: Concurrent Weak Roots JNIWeakHandles          0.000 / 0.000         0.000 / 0.000         0.000 / 0.000         0.000 / 0.000       ms
[2021-02-13T17:16:29.341+0300][100.124s][info][gc,stats    ]    Subphase: Concurrent Weak Roots ResolvedMethodTable     0.000 / 0.000         0.023 / 0.035         0.023 / 0.035         0.023 / 0.035       ms
[2021-02-13T17:16:29.341+0300][100.124s][info][gc,stats    ]    Subphase: Concurrent Weak Roots StringTable             0.000 / 0.000         0.314 / 0.471         0.314 / 0.471         0.314 / 0.471       ms
[2021-02-13T17:16:29.341+0300][100.124s][info][gc,stats    ]    Subphase: Concurrent Weak Roots VMWeakHandles           0.000 / 0.000         0.010 / 0.013         0.010 / 0.013         0.010 / 0.013       ms
[2021-02-13T17:16:29.341+0300][100.124s][info][gc,stats    ]    Subphase: Pause Mark Try Complete                       0.000 / 0.000         0.022 / 0.040         0.022 / 0.040         0.022 / 0.040       ms
[2021-02-13T17:16:29.341+0300][100.124s][info][gc,stats    ]    Subphase: Pause Roots                                   0.000 / 0.000         0.105 / 0.374         0.105 / 0.374         0.105 / 0.374       ms
[2021-02-13T17:16:29.341+0300][100.124s][info][gc,stats    ]    Subphase: Pause Roots CodeCache                         0.000 / 0.000         0.000 / 0.000         0.000 / 0.000         0.000 / 0.000       ms
[2021-02-13T17:16:29.341+0300][100.124s][info][gc,stats    ]    Subphase: Pause Roots JVMTIExport                       0.000 / 0.000         0.001 / 0.003         0.001 / 0.003         0.001 / 0.003       ms
[2021-02-13T17:16:29.341+0300][100.124s][info][gc,stats    ]    Subphase: Pause Roots JVMTIWeakExport                   0.000 / 0.000         0.007 / 0.013         0.007 / 0.013         0.007 / 0.013       ms
[2021-02-13T17:16:29.341+0300][100.124s][info][gc,stats    ]    Subphase: Pause Roots Java Threads                      0.000 / 0.000         0.095 / 0.373         0.095 / 0.373         0.095 / 0.373       ms
[2021-02-13T17:16:29.341+0300][100.124s][info][gc,stats    ]    Subphase: Pause Roots Management                        0.000 / 0.000         0.007 / 0.025         0.007 / 0.025         0.007 / 0.025       ms
[2021-02-13T17:16:29.341+0300][100.124s][info][gc,stats    ]    Subphase: Pause Roots ObjectSynchronizer                0.000 / 0.000         0.000 / 0.000         0.000 / 0.000         0.000 / 0.000       ms
[2021-02-13T17:16:29.341+0300][100.124s][info][gc,stats    ]    Subphase: Pause Roots Setup                             0.000 / 0.000         0.000 / 0.001         0.000 / 0.001         0.000 / 0.001       ms
[2021-02-13T17:16:29.341+0300][100.124s][info][gc,stats    ]    Subphase: Pause Roots Teardown                          0.000 / 0.000         0.001 / 0.002         0.001 / 0.002         0.001 / 0.002       ms
[2021-02-13T17:16:29.341+0300][100.124s][info][gc,stats    ]    Subphase: Pause Roots Universe                          0.000 / 0.000         0.011 / 0.027         0.011 / 0.027         0.011 / 0.027       ms
[2021-02-13T17:16:29.342+0300][100.124s][info][gc,stats    ]    Subphase: Pause Roots VM Thread                         0.000 / 0.000         0.008 / 0.028         0.008 / 0.028         0.008 / 0.028       ms
[2021-02-13T17:16:29.342+0300][100.124s][info][gc,stats    ]    Subphase: Pause Weak Roots                              0.000 / 0.000         0.001 / 0.005         0.001 / 0.005         0.001 / 0.005       ms
[2021-02-13T17:16:29.342+0300][100.124s][info][gc,stats    ]    Subphase: Pause Weak Roots JFRWeak                      0.000 / 0.000         0.000 / 0.000         0.000 / 0.000         0.000 / 0.000       ms
[2021-02-13T17:16:29.342+0300][100.124s][info][gc,stats    ]    Subphase: Pause Weak Roots JVMTIWeakExport              0.000 / 0.000         0.003 / 0.005         0.003 / 0.005         0.003 / 0.005       ms
[2021-02-13T17:16:29.342+0300][100.124s][info][gc,stats    ]    Subphase: Pause Weak Roots Setup                        0.000 / 0.000         0.000 / 0.000         0.000 / 0.000         0.000 / 0.000       ms
[2021-02-13T17:16:29.342+0300][100.124s][info][gc,stats    ]    Subphase: Pause Weak Roots Teardown                     0.000 / 0.000         0.000 / 0.000         0.000 / 0.000         0.000 / 0.000       ms
[2021-02-13T17:16:29.342+0300][100.124s][info][gc,stats    ]      System: Java Threads                                      0 / 0                16 / 16               16 / 16               16 / 16          threads
[2021-02-13T17:16:29.342+0300][100.124s][info][gc,stats    ] =========================================================================================================================================================
[2021-02-13T17:16:39.342+0300][110.124s][info][gc,stats    ] === Garbage Collection Statistics =======================================================================================================================
[2021-02-13T17:16:39.342+0300][110.124s][info][gc,stats    ]                                                              Last 10s              Last 10m              Last 10h                Total
[2021-02-13T17:16:39.342+0300][110.124s][info][gc,stats    ]                                                              Avg / Max             Avg / Max             Avg / Max             Avg / Max
[2021-02-13T17:16:39.342+0300][110.124s][info][gc,stats    ]   Collector: Garbage Collection Cycle                      0.000 / 0.000       196.888 / 246.924     196.888 / 246.924     196.888 / 246.924     ms
[2021-02-13T17:16:39.342+0300][110.124s][info][gc,stats    ]  Contention: Mark Segment Reset Contention                     0 / 0                 0 / 0                 0 / 0                 0 / 0           ops/s
[2021-02-13T17:16:39.342+0300][110.124s][info][gc,stats    ]  Contention: Mark SeqNum Reset Contention                      0 / 0                 0 / 0                 0 / 0                 0 / 0           ops/s
[2021-02-13T17:16:39.342+0300][110.124s][info][gc,stats    ]  Contention: Relocation Contention                             0 / 0                 0 / 1                 0 / 1                 0 / 1           ops/s
[2021-02-13T17:16:39.342+0300][110.124s][info][gc,stats    ]    Critical: Allocation Stall                              0.000 / 0.000         0.000 / 0.000         0.000 / 0.000         0.000 / 0.000       ms
[2021-02-13T17:16:39.342+0300][110.124s][info][gc,stats    ]    Critical: Allocation Stall                                  0 / 0                 0 / 0                 0 / 0                 0 / 0           ops/s
[2021-02-13T17:16:39.342+0300][110.124s][info][gc,stats    ]    Critical: GC Locker Stall                               0.000 / 0.000         0.000 / 0.000         0.000 / 0.000         0.000 / 0.000       ms
[2021-02-13T17:16:39.342+0300][110.124s][info][gc,stats    ]    Critical: GC Locker Stall                                   0 / 0                 0 / 0                 0 / 0                 0 / 0           ops/s
[2021-02-13T17:16:39.342+0300][110.124s][info][gc,stats    ]      Memory: Allocation Rate                                   0 / 2                11 / 1082             11 / 1082             11 / 1082        MB/s
[2021-02-13T17:16:39.342+0300][110.124s][info][gc,stats    ]      Memory: Heap Used After Mark                              0 / 0               167 / 216             167 / 216             167 / 216         MB
[2021-02-13T17:16:39.342+0300][110.124s][info][gc,stats    ]      Memory: Heap Used After Relocation                        0 / 0               100 / 114             100 / 114             100 / 114         MB
[2021-02-13T17:16:39.342+0300][110.124s][info][gc,stats    ]      Memory: Heap Used Before Mark                             0 / 0               167 / 216             167 / 216             167 / 216         MB
[2021-02-13T17:16:39.342+0300][110.124s][info][gc,stats    ]      Memory: Heap Used Before Relocation                       0 / 0               145 / 172             145 / 172             145 / 172         MB
[2021-02-13T17:16:39.342+0300][110.124s][info][gc,stats    ]      Memory: Out Of Memory                                     0 / 0                 0 / 0                 0 / 0                 0 / 0           ops/s
[2021-02-13T17:16:39.342+0300][110.124s][info][gc,stats    ]      Memory: Page Cache Flush                                  0 / 0                 0 / 0                 0 / 0                 0 / 0           MB/s
[2021-02-13T17:16:39.342+0300][110.124s][info][gc,stats    ]      Memory: Page Cache Hit L1                                 0 / 1                 0 / 9                 0 / 9                 0 / 9           ops/s
[2021-02-13T17:16:39.342+0300][110.124s][info][gc,stats    ]      Memory: Page Cache Hit L2                                 0 / 0                 0 / 0                 0 / 0                 0 / 0           ops/s
[2021-02-13T17:16:39.342+0300][110.124s][info][gc,stats    ]      Memory: Page Cache Hit L3                                 0 / 0                 0 / 14                0 / 14                0 / 14          ops/s
[2021-02-13T17:16:39.342+0300][110.124s][info][gc,stats    ]      Memory: Page Cache Miss                                   0 / 0                 0 / 0                 0 / 0                 0 / 0           ops/s
[2021-02-13T17:16:39.342+0300][110.124s][info][gc,stats    ]      Memory: Uncommit                                          0 / 0                 0 / 0                 0 / 0                 0 / 0           MB/s
[2021-02-13T17:16:39.342+0300][110.124s][info][gc,stats    ]      Memory: Undo Object Allocation Failed                     0 / 0                 0 / 0                 0 / 0                 0 / 0           ops/s
[2021-02-13T17:16:39.342+0300][110.124s][info][gc,stats    ]      Memory: Undo Object Allocation Succeeded                  0 / 0                 0 / 1                 0 / 1                 0 / 1           ops/s
[2021-02-13T17:16:39.342+0300][110.124s][info][gc,stats    ]      Memory: Undo Page Allocation                              0 / 0                 0 / 0                 0 / 0                 0 / 0           ops/s
[2021-02-13T17:16:39.342+0300][110.124s][info][gc,stats    ]       Phase: Concurrent Mark                               0.000 / 0.000       168.208 / 221.645     168.208 / 221.645     168.208 / 221.645     ms
[2021-02-13T17:16:39.342+0300][110.124s][info][gc,stats    ]       Phase: Concurrent Mark Continue                      0.000 / 0.000         0.000 / 0.000         0.000 / 0.000         0.000 / 0.000       ms
[2021-02-13T17:16:39.342+0300][110.124s][info][gc,stats    ]       Phase: Concurrent Process Non-Strong References      0.000 / 0.000         2.037 / 2.549         2.037 / 2.549         2.037 / 2.549       ms
[2021-02-13T17:16:39.342+0300][110.124s][info][gc,stats    ]       Phase: Concurrent Relocate                           0.000 / 0.000        16.262 / 17.964       16.262 / 17.964       16.262 / 17.964      ms
[2021-02-13T17:16:39.342+0300][110.124s][info][gc,stats    ]       Phase: Concurrent Reset Relocation Set               0.000 / 0.000         0.373 / 0.741         0.373 / 0.741         0.373 / 0.741       ms
[2021-02-13T17:16:39.342+0300][110.124s][info][gc,stats    ]       Phase: Concurrent Select Relocation Set              0.000 / 0.000         7.407 / 9.944         7.407 / 9.944         7.407 / 9.944       ms
[2021-02-13T17:16:39.342+0300][110.124s][info][gc,stats    ]       Phase: Pause Mark End                                0.000 / 0.000         0.245 / 0.286         0.245 / 0.286         0.245 / 0.286       ms
[2021-02-13T17:16:39.342+0300][110.124s][info][gc,stats    ]       Phase: Pause Mark Start                              0.000 / 0.000         0.503 / 0.836         0.503 / 0.836         0.503 / 0.836       ms
[2021-02-13T17:16:39.342+0300][110.124s][info][gc,stats    ]       Phase: Pause Relocate Start                          0.000 / 0.000         0.171 / 0.175         0.171 / 0.175         0.171 / 0.175       ms
[2021-02-13T17:16:39.342+0300][110.124s][info][gc,stats    ]    Subphase: Concurrent Classes Purge                      0.000 / 0.000         0.111 / 0.118         0.111 / 0.118         0.111 / 0.118       ms
[2021-02-13T17:16:39.342+0300][110.124s][info][gc,stats    ]    Subphase: Concurrent Classes Unlink                     0.000 / 0.000         1.156 / 1.455         1.156 / 1.455         1.156 / 1.455       ms
[2021-02-13T17:16:39.342+0300][110.124s][info][gc,stats    ]    Subphase: Concurrent Mark                               0.000 / 0.000       167.938 / 221.323     167.938 / 221.323     167.938 / 221.323     ms
[2021-02-13T17:16:39.342+0300][110.124s][info][gc,stats    ]    Subphase: Concurrent Mark Idle                          0.000 / 0.000         0.000 / 0.000         0.000 / 0.000         0.000 / 0.000       ms
[2021-02-13T17:16:39.342+0300][110.124s][info][gc,stats    ]    Subphase: Concurrent Mark Try Flush                     0.000 / 0.000         0.325 / 0.568         0.325 / 0.568         0.325 / 0.568       ms
[2021-02-13T17:16:39.342+0300][110.124s][info][gc,stats    ]    Subphase: Concurrent Mark Try Terminate                 0.000 / 0.000         0.198 / 0.569         0.198 / 0.569         0.198 / 0.569       ms
[2021-02-13T17:16:39.342+0300][110.124s][info][gc,stats    ]    Subphase: Concurrent References Enqueue                 0.000 / 0.000         0.004 / 0.004         0.004 / 0.004         0.004 / 0.004       ms
[2021-02-13T17:16:39.342+0300][110.124s][info][gc,stats    ]    Subphase: Concurrent References Process                 0.000 / 0.000         0.135 / 0.143         0.135 / 0.143         0.135 / 0.143       ms
[2021-02-13T17:16:39.342+0300][110.124s][info][gc,stats    ]    Subphase: Concurrent Roots                              0.000 / 0.000         0.100 / 0.152         0.100 / 0.152         0.100 / 0.152       ms
[2021-02-13T17:16:39.342+0300][110.124s][info][gc,stats    ]    Subphase: Concurrent Roots ClassLoaderDataGraph         0.000 / 0.000         0.093 / 0.141         0.093 / 0.141         0.093 / 0.141       ms
[2021-02-13T17:16:39.342+0300][110.124s][info][gc,stats    ]    Subphase: Concurrent Roots JNIHandles                   0.000 / 0.000         0.004 / 0.006         0.004 / 0.006         0.004 / 0.006       ms
[2021-02-13T17:16:39.342+0300][110.124s][info][gc,stats    ]    Subphase: Concurrent Roots Setup                        0.000 / 0.000         0.006 / 0.006         0.006 / 0.006         0.006 / 0.006       ms
[2021-02-13T17:16:39.342+0300][110.124s][info][gc,stats    ]    Subphase: Concurrent Roots Teardown                     0.000 / 0.000         0.000 / 0.000         0.000 / 0.000         0.000 / 0.000       ms
[2021-02-13T17:16:39.342+0300][110.124s][info][gc,stats    ]    Subphase: Concurrent Roots VMHandles                    0.000 / 0.000         0.003 / 0.004         0.003 / 0.004         0.003 / 0.004       ms
[2021-02-13T17:16:39.342+0300][110.124s][info][gc,stats    ]    Subphase: Concurrent Weak Roots                         0.000 / 0.000         0.348 / 0.520         0.348 / 0.520         0.348 / 0.520       ms
[2021-02-13T17:16:39.342+0300][110.124s][info][gc,stats    ]    Subphase: Concurrent Weak Roots JNIWeakHandles          0.000 / 0.000         0.000 / 0.000         0.000 / 0.000         0.000 / 0.000       ms
[2021-02-13T17:16:39.342+0300][110.124s][info][gc,stats    ]    Subphase: Concurrent Weak Roots ResolvedMethodTable     0.000 / 0.000         0.023 / 0.035         0.023 / 0.035         0.023 / 0.035       ms
[2021-02-13T17:16:39.342+0300][110.124s][info][gc,stats    ]    Subphase: Concurrent Weak Roots StringTable             0.000 / 0.000         0.314 / 0.471         0.314 / 0.471         0.314 / 0.471       ms
[2021-02-13T17:16:39.342+0300][110.124s][info][gc,stats    ]    Subphase: Concurrent Weak Roots VMWeakHandles           0.000 / 0.000         0.010 / 0.013         0.010 / 0.013         0.010 / 0.013       ms
[2021-02-13T17:16:39.342+0300][110.124s][info][gc,stats    ]    Subphase: Pause Mark Try Complete                       0.000 / 0.000         0.022 / 0.040         0.022 / 0.040         0.022 / 0.040       ms
[2021-02-13T17:16:39.342+0300][110.124s][info][gc,stats    ]    Subphase: Pause Roots                                   0.000 / 0.000         0.105 / 0.374         0.105 / 0.374         0.105 / 0.374       ms
[2021-02-13T17:16:39.342+0300][110.125s][info][gc,stats    ]    Subphase: Pause Roots CodeCache                         0.000 / 0.000         0.000 / 0.000         0.000 / 0.000         0.000 / 0.000       ms
[2021-02-13T17:16:39.342+0300][110.125s][info][gc,stats    ]    Subphase: Pause Roots JVMTIExport                       0.000 / 0.000         0.001 / 0.003         0.001 / 0.003         0.001 / 0.003       ms
[2021-02-13T17:16:39.342+0300][110.125s][info][gc,stats    ]    Subphase: Pause Roots JVMTIWeakExport                   0.000 / 0.000         0.007 / 0.013         0.007 / 0.013         0.007 / 0.013       ms
[2021-02-13T17:16:39.342+0300][110.125s][info][gc,stats    ]    Subphase: Pause Roots Java Threads                      0.000 / 0.000         0.095 / 0.373         0.095 / 0.373         0.095 / 0.373       ms
[2021-02-13T17:16:39.342+0300][110.125s][info][gc,stats    ]    Subphase: Pause Roots Management                        0.000 / 0.000         0.007 / 0.025         0.007 / 0.025         0.007 / 0.025       ms
[2021-02-13T17:16:39.342+0300][110.125s][info][gc,stats    ]    Subphase: Pause Roots ObjectSynchronizer                0.000 / 0.000         0.000 / 0.000         0.000 / 0.000         0.000 / 0.000       ms
[2021-02-13T17:16:39.342+0300][110.125s][info][gc,stats    ]    Subphase: Pause Roots Setup                             0.000 / 0.000         0.000 / 0.001         0.000 / 0.001         0.000 / 0.001       ms
[2021-02-13T17:16:39.342+0300][110.125s][info][gc,stats    ]    Subphase: Pause Roots Teardown                          0.000 / 0.000         0.001 / 0.002         0.001 / 0.002         0.001 / 0.002       ms
[2021-02-13T17:16:39.342+0300][110.125s][info][gc,stats    ]    Subphase: Pause Roots Universe                          0.000 / 0.000         0.011 / 0.027         0.011 / 0.027         0.011 / 0.027       ms
[2021-02-13T17:16:39.342+0300][110.125s][info][gc,stats    ]    Subphase: Pause Roots VM Thread                         0.000 / 0.000         0.008 / 0.028         0.008 / 0.028         0.008 / 0.028       ms
[2021-02-13T17:16:39.343+0300][110.125s][info][gc,stats    ]    Subphase: Pause Weak Roots                              0.000 / 0.000         0.001 / 0.005         0.001 / 0.005         0.001 / 0.005       ms
[2021-02-13T17:16:39.343+0300][110.125s][info][gc,stats    ]    Subphase: Pause Weak Roots JFRWeak                      0.000 / 0.000         0.000 / 0.000         0.000 / 0.000         0.000 / 0.000       ms
[2021-02-13T17:16:39.343+0300][110.125s][info][gc,stats    ]    Subphase: Pause Weak Roots JVMTIWeakExport              0.000 / 0.000         0.003 / 0.005         0.003 / 0.005         0.003 / 0.005       ms
[2021-02-13T17:16:39.343+0300][110.125s][info][gc,stats    ]    Subphase: Pause Weak Roots Setup                        0.000 / 0.000         0.000 / 0.000         0.000 / 0.000         0.000 / 0.000       ms
[2021-02-13T17:16:39.343+0300][110.125s][info][gc,stats    ]    Subphase: Pause Weak Roots Teardown                     0.000 / 0.000         0.000 / 0.000         0.000 / 0.000         0.000 / 0.000       ms
[2021-02-13T17:16:39.343+0300][110.125s][info][gc,stats    ]      System: Java Threads                                      0 / 0                16 / 16               16 / 16               16 / 16          threads
[2021-02-13T17:16:39.343+0300][110.125s][info][gc,stats    ] =========================================================================================================================================================
[2021-02-13T17:16:49.342+0300][120.124s][info][gc,stats    ] === Garbage Collection Statistics =======================================================================================================================
[2021-02-13T17:16:49.342+0300][120.124s][info][gc,stats    ]                                                              Last 10s              Last 10m              Last 10h                Total
[2021-02-13T17:16:49.342+0300][120.124s][info][gc,stats    ]                                                              Avg / Max             Avg / Max             Avg / Max             Avg / Max
[2021-02-13T17:16:49.342+0300][120.124s][info][gc,stats    ]   Collector: Garbage Collection Cycle                      0.000 / 0.000       196.888 / 246.924     196.888 / 246.924     196.888 / 246.924     ms
[2021-02-13T17:16:49.342+0300][120.124s][info][gc,stats    ]  Contention: Mark Segment Reset Contention                     0 / 0                 0 / 0                 0 / 0                 0 / 0           ops/s
[2021-02-13T17:16:49.342+0300][120.124s][info][gc,stats    ]  Contention: Mark SeqNum Reset Contention                      0 / 0                 0 / 0                 0 / 0                 0 / 0           ops/s
[2021-02-13T17:16:49.342+0300][120.124s][info][gc,stats    ]  Contention: Relocation Contention                             0 / 0                 0 / 1                 0 / 1                 0 / 1           ops/s
[2021-02-13T17:16:49.342+0300][120.124s][info][gc,stats    ]    Critical: Allocation Stall                              0.000 / 0.000         0.000 / 0.000         0.000 / 0.000         0.000 / 0.000       ms
[2021-02-13T17:16:49.342+0300][120.124s][info][gc,stats    ]    Critical: Allocation Stall                                  0 / 0                 0 / 0                 0 / 0                 0 / 0           ops/s
[2021-02-13T17:16:49.342+0300][120.124s][info][gc,stats    ]    Critical: GC Locker Stall                               0.000 / 0.000         0.000 / 0.000         0.000 / 0.000         0.000 / 0.000       ms
[2021-02-13T17:16:49.342+0300][120.124s][info][gc,stats    ]    Critical: GC Locker Stall                                   0 / 0                 0 / 0                 0 / 0                 0 / 0           ops/s
[2021-02-13T17:16:49.342+0300][120.124s][info][gc,stats    ]      Memory: Allocation Rate                                   0 / 0                10 / 1082             10 / 1082             10 / 1082        MB/s
[2021-02-13T17:16:49.342+0300][120.124s][info][gc,stats    ]      Memory: Heap Used After Mark                              0 / 0               167 / 216             167 / 216             167 / 216         MB
[2021-02-13T17:16:49.342+0300][120.124s][info][gc,stats    ]      Memory: Heap Used After Relocation                        0 / 0               100 / 114             100 / 114             100 / 114         MB
[2021-02-13T17:16:49.342+0300][120.124s][info][gc,stats    ]      Memory: Heap Used Before Mark                             0 / 0               167 / 216             167 / 216             167 / 216         MB
[2021-02-13T17:16:49.342+0300][120.124s][info][gc,stats    ]      Memory: Heap Used Before Relocation                       0 / 0               145 / 172             145 / 172             145 / 172         MB
[2021-02-13T17:16:49.342+0300][120.124s][info][gc,stats    ]      Memory: Out Of Memory                                     0 / 0                 0 / 0                 0 / 0                 0 / 0           ops/s
[2021-02-13T17:16:49.342+0300][120.124s][info][gc,stats    ]      Memory: Page Cache Flush                                  0 / 0                 0 / 0                 0 / 0                 0 / 0           MB/s
[2021-02-13T17:16:49.342+0300][120.124s][info][gc,stats    ]      Memory: Page Cache Hit L1                                 0 / 0                 0 / 9                 0 / 9                 0 / 9           ops/s
[2021-02-13T17:16:49.342+0300][120.124s][info][gc,stats    ]      Memory: Page Cache Hit L2                                 0 / 0                 0 / 0                 0 / 0                 0 / 0           ops/s
[2021-02-13T17:16:49.342+0300][120.124s][info][gc,stats    ]      Memory: Page Cache Hit L3                                 0 / 0                 0 / 14                0 / 14                0 / 14          ops/s
[2021-02-13T17:16:49.342+0300][120.124s][info][gc,stats    ]      Memory: Page Cache Miss                                   0 / 0                 0 / 0                 0 / 0                 0 / 0           ops/s
[2021-02-13T17:16:49.342+0300][120.124s][info][gc,stats    ]      Memory: Uncommit                                          0 / 0                 0 / 0                 0 / 0                 0 / 0           MB/s
[2021-02-13T17:16:49.342+0300][120.124s][info][gc,stats    ]      Memory: Undo Object Allocation Failed                     0 / 0                 0 / 0                 0 / 0                 0 / 0           ops/s
[2021-02-13T17:16:49.342+0300][120.124s][info][gc,stats    ]      Memory: Undo Object Allocation Succeeded                  0 / 0                 0 / 1                 0 / 1                 0 / 1           ops/s
[2021-02-13T17:16:49.342+0300][120.124s][info][gc,stats    ]      Memory: Undo Page Allocation                              0 / 0                 0 / 0                 0 / 0                 0 / 0           ops/s
[2021-02-13T17:16:49.342+0300][120.124s][info][gc,stats    ]       Phase: Concurrent Mark                               0.000 / 0.000       168.208 / 221.645     168.208 / 221.645     168.208 / 221.645     ms
[2021-02-13T17:16:49.342+0300][120.124s][info][gc,stats    ]       Phase: Concurrent Mark Continue                      0.000 / 0.000         0.000 / 0.000         0.000 / 0.000         0.000 / 0.000       ms
[2021-02-13T17:16:49.342+0300][120.124s][info][gc,stats    ]       Phase: Concurrent Process Non-Strong References      0.000 / 0.000         2.037 / 2.549         2.037 / 2.549         2.037 / 2.549       ms
[2021-02-13T17:16:49.342+0300][120.124s][info][gc,stats    ]       Phase: Concurrent Relocate                           0.000 / 0.000        16.262 / 17.964       16.262 / 17.964       16.262 / 17.964      ms
[2021-02-13T17:16:49.342+0300][120.124s][info][gc,stats    ]       Phase: Concurrent Reset Relocation Set               0.000 / 0.000         0.373 / 0.741         0.373 / 0.741         0.373 / 0.741       ms
[2021-02-13T17:16:49.342+0300][120.124s][info][gc,stats    ]       Phase: Concurrent Select Relocation Set              0.000 / 0.000         7.407 / 9.944         7.407 / 9.944         7.407 / 9.944       ms
[2021-02-13T17:16:49.342+0300][120.124s][info][gc,stats    ]       Phase: Pause Mark End                                0.000 / 0.000         0.245 / 0.286         0.245 / 0.286         0.245 / 0.286       ms
[2021-02-13T17:16:49.342+0300][120.124s][info][gc,stats    ]       Phase: Pause Mark Start                              0.000 / 0.000         0.503 / 0.836         0.503 / 0.836         0.503 / 0.836       ms
[2021-02-13T17:16:49.342+0300][120.124s][info][gc,stats    ]       Phase: Pause Relocate Start                          0.000 / 0.000         0.171 / 0.175         0.171 / 0.175         0.171 / 0.175       ms
[2021-02-13T17:16:49.342+0300][120.124s][info][gc,stats    ]    Subphase: Concurrent Classes Purge                      0.000 / 0.000         0.111 / 0.118         0.111 / 0.118         0.111 / 0.118       ms
[2021-02-13T17:16:49.342+0300][120.124s][info][gc,stats    ]    Subphase: Concurrent Classes Unlink                     0.000 / 0.000         1.156 / 1.455         1.156 / 1.455         1.156 / 1.455       ms
[2021-02-13T17:16:49.342+0300][120.124s][info][gc,stats    ]    Subphase: Concurrent Mark                               0.000 / 0.000       167.938 / 221.323     167.938 / 221.323     167.938 / 221.323     ms
[2021-02-13T17:16:49.342+0300][120.124s][info][gc,stats    ]    Subphase: Concurrent Mark Idle                          0.000 / 0.000         0.000 / 0.000         0.000 / 0.000         0.000 / 0.000       ms
[2021-02-13T17:16:49.342+0300][120.124s][info][gc,stats    ]    Subphase: Concurrent Mark Try Flush                     0.000 / 0.000         0.325 / 0.568         0.325 / 0.568         0.325 / 0.568       ms
[2021-02-13T17:16:49.342+0300][120.124s][info][gc,stats    ]    Subphase: Concurrent Mark Try Terminate                 0.000 / 0.000         0.198 / 0.569         0.198 / 0.569         0.198 / 0.569       ms
[2021-02-13T17:16:49.342+0300][120.124s][info][gc,stats    ]    Subphase: Concurrent References Enqueue                 0.000 / 0.000         0.004 / 0.004         0.004 / 0.004         0.004 / 0.004       ms
[2021-02-13T17:16:49.342+0300][120.124s][info][gc,stats    ]    Subphase: Concurrent References Process                 0.000 / 0.000         0.135 / 0.143         0.135 / 0.143         0.135 / 0.143       ms
[2021-02-13T17:16:49.342+0300][120.124s][info][gc,stats    ]    Subphase: Concurrent Roots                              0.000 / 0.000         0.100 / 0.152         0.100 / 0.152         0.100 / 0.152       ms
[2021-02-13T17:16:49.342+0300][120.124s][info][gc,stats    ]    Subphase: Concurrent Roots ClassLoaderDataGraph         0.000 / 0.000         0.093 / 0.141         0.093 / 0.141         0.093 / 0.141       ms
[2021-02-13T17:16:49.342+0300][120.124s][info][gc,stats    ]    Subphase: Concurrent Roots JNIHandles                   0.000 / 0.000         0.004 / 0.006         0.004 / 0.006         0.004 / 0.006       ms
[2021-02-13T17:16:49.342+0300][120.125s][info][gc,stats    ]    Subphase: Concurrent Roots Setup                        0.000 / 0.000         0.006 / 0.006         0.006 / 0.006         0.006 / 0.006       ms
[2021-02-13T17:16:49.342+0300][120.125s][info][gc,stats    ]    Subphase: Concurrent Roots Teardown                     0.000 / 0.000         0.000 / 0.000         0.000 / 0.000         0.000 / 0.000       ms
[2021-02-13T17:16:49.342+0300][120.125s][info][gc,stats    ]    Subphase: Concurrent Roots VMHandles                    0.000 / 0.000         0.003 / 0.004         0.003 / 0.004         0.003 / 0.004       ms
[2021-02-13T17:16:49.342+0300][120.125s][info][gc,stats    ]    Subphase: Concurrent Weak Roots                         0.000 / 0.000         0.348 / 0.520         0.348 / 0.520         0.348 / 0.520       ms
[2021-02-13T17:16:49.342+0300][120.125s][info][gc,stats    ]    Subphase: Concurrent Weak Roots JNIWeakHandles          0.000 / 0.000         0.000 / 0.000         0.000 / 0.000         0.000 / 0.000       ms
[2021-02-13T17:16:49.342+0300][120.125s][info][gc,stats    ]    Subphase: Concurrent Weak Roots ResolvedMethodTable     0.000 / 0.000         0.023 / 0.035         0.023 / 0.035         0.023 / 0.035       ms
[2021-02-13T17:16:49.342+0300][120.125s][info][gc,stats    ]    Subphase: Concurrent Weak Roots StringTable             0.000 / 0.000         0.314 / 0.471         0.314 / 0.471         0.314 / 0.471       ms
[2021-02-13T17:16:49.342+0300][120.125s][info][gc,stats    ]    Subphase: Concurrent Weak Roots VMWeakHandles           0.000 / 0.000         0.010 / 0.013         0.010 / 0.013         0.010 / 0.013       ms
[2021-02-13T17:16:49.342+0300][120.125s][info][gc,stats    ]    Subphase: Pause Mark Try Complete                       0.000 / 0.000         0.022 / 0.040         0.022 / 0.040         0.022 / 0.040       ms
[2021-02-13T17:16:49.342+0300][120.125s][info][gc,stats    ]    Subphase: Pause Roots                                   0.000 / 0.000         0.105 / 0.374         0.105 / 0.374         0.105 / 0.374       ms
[2021-02-13T17:16:49.342+0300][120.125s][info][gc,stats    ]    Subphase: Pause Roots CodeCache                         0.000 / 0.000         0.000 / 0.000         0.000 / 0.000         0.000 / 0.000       ms
[2021-02-13T17:16:49.342+0300][120.125s][info][gc,stats    ]    Subphase: Pause Roots JVMTIExport                       0.000 / 0.000         0.001 / 0.003         0.001 / 0.003         0.001 / 0.003       ms
[2021-02-13T17:16:49.342+0300][120.125s][info][gc,stats    ]    Subphase: Pause Roots JVMTIWeakExport                   0.000 / 0.000         0.007 / 0.013         0.007 / 0.013         0.007 / 0.013       ms
[2021-02-13T17:16:49.342+0300][120.125s][info][gc,stats    ]    Subphase: Pause Roots Java Threads                      0.000 / 0.000         0.095 / 0.373         0.095 / 0.373         0.095 / 0.373       ms
[2021-02-13T17:16:49.342+0300][120.125s][info][gc,stats    ]    Subphase: Pause Roots Management                        0.000 / 0.000         0.007 / 0.025         0.007 / 0.025         0.007 / 0.025       ms
[2021-02-13T17:16:49.342+0300][120.125s][info][gc,stats    ]    Subphase: Pause Roots ObjectSynchronizer                0.000 / 0.000         0.000 / 0.000         0.000 / 0.000         0.000 / 0.000       ms
[2021-02-13T17:16:49.342+0300][120.125s][info][gc,stats    ]    Subphase: Pause Roots Setup                             0.000 / 0.000         0.000 / 0.001         0.000 / 0.001         0.000 / 0.001       ms
[2021-02-13T17:16:49.342+0300][120.125s][info][gc,stats    ]    Subphase: Pause Roots Teardown                          0.000 / 0.000         0.001 / 0.002         0.001 / 0.002         0.001 / 0.002       ms
[2021-02-13T17:16:49.342+0300][120.125s][info][gc,stats    ]    Subphase: Pause Roots Universe                          0.000 / 0.000         0.011 / 0.027         0.011 / 0.027         0.011 / 0.027       ms
[2021-02-13T17:16:49.342+0300][120.125s][info][gc,stats    ]    Subphase: Pause Roots VM Thread                         0.000 / 0.000         0.008 / 0.028         0.008 / 0.028         0.008 / 0.028       ms
[2021-02-13T17:16:49.342+0300][120.125s][info][gc,stats    ]    Subphase: Pause Weak Roots                              0.000 / 0.000         0.001 / 0.005         0.001 / 0.005         0.001 / 0.005       ms
[2021-02-13T17:16:49.342+0300][120.125s][info][gc,stats    ]    Subphase: Pause Weak Roots JFRWeak                      0.000 / 0.000         0.000 / 0.000         0.000 / 0.000         0.000 / 0.000       ms
[2021-02-13T17:16:49.342+0300][120.125s][info][gc,stats    ]    Subphase: Pause Weak Roots JVMTIWeakExport              0.000 / 0.000         0.003 / 0.005         0.003 / 0.005         0.003 / 0.005       ms
[2021-02-13T17:16:49.342+0300][120.125s][info][gc,stats    ]    Subphase: Pause Weak Roots Setup                        0.000 / 0.000         0.000 / 0.000         0.000 / 0.000         0.000 / 0.000       ms
[2021-02-13T17:16:49.342+0300][120.125s][info][gc,stats    ]    Subphase: Pause Weak Roots Teardown                     0.000 / 0.000         0.000 / 0.000         0.000 / 0.000         0.000 / 0.000       ms
[2021-02-13T17:16:49.342+0300][120.125s][info][gc,stats    ]      System: Java Threads                                      0 / 0                16 / 16               16 / 16               16 / 16          threads
[2021-02-13T17:16:49.343+0300][120.125s][info][gc,stats    ] =========================================================================================================================================================
[2021-02-13T17:16:59.347+0300][130.130s][info][gc,stats    ] === Garbage Collection Statistics =======================================================================================================================
[2021-02-13T17:16:59.347+0300][130.130s][info][gc,stats    ]                                                              Last 10s              Last 10m              Last 10h                Total
[2021-02-13T17:16:59.347+0300][130.130s][info][gc,stats    ]                                                              Avg / Max             Avg / Max             Avg / Max             Avg / Max
[2021-02-13T17:16:59.347+0300][130.130s][info][gc,stats    ]   Collector: Garbage Collection Cycle                      0.000 / 0.000       196.888 / 246.924     196.888 / 246.924     196.888 / 246.924     ms
[2021-02-13T17:16:59.347+0300][130.130s][info][gc,stats    ]  Contention: Mark Segment Reset Contention                     0 / 0                 0 / 0                 0 / 0                 0 / 0           ops/s
[2021-02-13T17:16:59.347+0300][130.130s][info][gc,stats    ]  Contention: Mark SeqNum Reset Contention                      0 / 0                 0 / 0                 0 / 0                 0 / 0           ops/s
[2021-02-13T17:16:59.347+0300][130.130s][info][gc,stats    ]  Contention: Relocation Contention                             0 / 0                 0 / 1                 0 / 1                 0 / 1           ops/s
[2021-02-13T17:16:59.347+0300][130.130s][info][gc,stats    ]    Critical: Allocation Stall                              0.000 / 0.000         0.000 / 0.000         0.000 / 0.000         0.000 / 0.000       ms
[2021-02-13T17:16:59.347+0300][130.130s][info][gc,stats    ]    Critical: Allocation Stall                                  0 / 0                 0 / 0                 0 / 0                 0 / 0           ops/s
[2021-02-13T17:16:59.347+0300][130.130s][info][gc,stats    ]    Critical: GC Locker Stall                               0.000 / 0.000         0.000 / 0.000         0.000 / 0.000         0.000 / 0.000       ms
[2021-02-13T17:16:59.347+0300][130.130s][info][gc,stats    ]    Critical: GC Locker Stall                                   0 / 0                 0 / 0                 0 / 0                 0 / 0           ops/s
[2021-02-13T17:16:59.347+0300][130.130s][info][gc,stats    ]      Memory: Allocation Rate                                   2 / 18               10 / 1082             10 / 1082             10 / 1082        MB/s
[2021-02-13T17:16:59.347+0300][130.130s][info][gc,stats    ]      Memory: Heap Used After Mark                              0 / 0               167 / 216             167 / 216             167 / 216         MB
[2021-02-13T17:16:59.347+0300][130.130s][info][gc,stats    ]      Memory: Heap Used After Relocation                        0 / 0               100 / 114             100 / 114             100 / 114         MB
[2021-02-13T17:16:59.347+0300][130.130s][info][gc,stats    ]      Memory: Heap Used Before Mark                             0 / 0               167 / 216             167 / 216             167 / 216         MB
[2021-02-13T17:16:59.347+0300][130.130s][info][gc,stats    ]      Memory: Heap Used Before Relocation                       0 / 0               145 / 172             145 / 172             145 / 172         MB
[2021-02-13T17:16:59.347+0300][130.130s][info][gc,stats    ]      Memory: Out Of Memory                                     0 / 0                 0 / 0                 0 / 0                 0 / 0           ops/s
[2021-02-13T17:16:59.347+0300][130.130s][info][gc,stats    ]      Memory: Page Cache Flush                                  0 / 0                 0 / 0                 0 / 0                 0 / 0           MB/s
[2021-02-13T17:16:59.347+0300][130.130s][info][gc,stats    ]      Memory: Page Cache Hit L1                                 1 / 9                 0 / 9                 0 / 9                 0 / 9           ops/s
[2021-02-13T17:16:59.347+0300][130.130s][info][gc,stats    ]      Memory: Page Cache Hit L2                                 0 / 0                 0 / 0                 0 / 0                 0 / 0           ops/s
[2021-02-13T17:16:59.347+0300][130.130s][info][gc,stats    ]      Memory: Page Cache Hit L3                                 0 / 0                 0 / 14                0 / 14                0 / 14          ops/s
[2021-02-13T17:16:59.347+0300][130.130s][info][gc,stats    ]      Memory: Page Cache Miss                                   0 / 0                 0 / 0                 0 / 0                 0 / 0           ops/s
[2021-02-13T17:16:59.347+0300][130.130s][info][gc,stats    ]      Memory: Uncommit                                          0 / 0                 0 / 0                 0 / 0                 0 / 0           MB/s
[2021-02-13T17:16:59.347+0300][130.130s][info][gc,stats    ]      Memory: Undo Object Allocation Failed                     0 / 0                 0 / 0                 0 / 0                 0 / 0           ops/s
[2021-02-13T17:16:59.347+0300][130.130s][info][gc,stats    ]      Memory: Undo Object Allocation Succeeded                  0 / 0                 0 / 1                 0 / 1                 0 / 1           ops/s
[2021-02-13T17:16:59.347+0300][130.130s][info][gc,stats    ]      Memory: Undo Page Allocation                              0 / 0                 0 / 0                 0 / 0                 0 / 0           ops/s
[2021-02-13T17:16:59.347+0300][130.130s][info][gc,stats    ]       Phase: Concurrent Mark                               0.000 / 0.000       168.208 / 221.645     168.208 / 221.645     168.208 / 221.645     ms
[2021-02-13T17:16:59.347+0300][130.130s][info][gc,stats    ]       Phase: Concurrent Mark Continue                      0.000 / 0.000         0.000 / 0.000         0.000 / 0.000         0.000 / 0.000       ms
[2021-02-13T17:16:59.347+0300][130.130s][info][gc,stats    ]       Phase: Concurrent Process Non-Strong References      0.000 / 0.000         2.037 / 2.549         2.037 / 2.549         2.037 / 2.549       ms
[2021-02-13T17:16:59.347+0300][130.130s][info][gc,stats    ]       Phase: Concurrent Relocate                           0.000 / 0.000        16.262 / 17.964       16.262 / 17.964       16.262 / 17.964      ms
[2021-02-13T17:16:59.347+0300][130.130s][info][gc,stats    ]       Phase: Concurrent Reset Relocation Set               0.000 / 0.000         0.373 / 0.741         0.373 / 0.741         0.373 / 0.741       ms
[2021-02-13T17:16:59.347+0300][130.130s][info][gc,stats    ]       Phase: Concurrent Select Relocation Set              0.000 / 0.000         7.407 / 9.944         7.407 / 9.944         7.407 / 9.944       ms
[2021-02-13T17:16:59.347+0300][130.130s][info][gc,stats    ]       Phase: Pause Mark End                                0.000 / 0.000         0.245 / 0.286         0.245 / 0.286         0.245 / 0.286       ms
[2021-02-13T17:16:59.347+0300][130.130s][info][gc,stats    ]       Phase: Pause Mark Start                              0.000 / 0.000         0.503 / 0.836         0.503 / 0.836         0.503 / 0.836       ms
[2021-02-13T17:16:59.347+0300][130.130s][info][gc,stats    ]       Phase: Pause Relocate Start                          0.000 / 0.000         0.171 / 0.175         0.171 / 0.175         0.171 / 0.175       ms
[2021-02-13T17:16:59.347+0300][130.130s][info][gc,stats    ]    Subphase: Concurrent Classes Purge                      0.000 / 0.000         0.111 / 0.118         0.111 / 0.118         0.111 / 0.118       ms
[2021-02-13T17:16:59.347+0300][130.130s][info][gc,stats    ]    Subphase: Concurrent Classes Unlink                     0.000 / 0.000         1.156 / 1.455         1.156 / 1.455         1.156 / 1.455       ms
[2021-02-13T17:16:59.347+0300][130.130s][info][gc,stats    ]    Subphase: Concurrent Mark                               0.000 / 0.000       167.938 / 221.323     167.938 / 221.323     167.938 / 221.323     ms
[2021-02-13T17:16:59.347+0300][130.130s][info][gc,stats    ]    Subphase: Concurrent Mark Idle                          0.000 / 0.000         0.000 / 0.000         0.000 / 0.000         0.000 / 0.000       ms
[2021-02-13T17:16:59.347+0300][130.130s][info][gc,stats    ]    Subphase: Concurrent Mark Try Flush                     0.000 / 0.000         0.325 / 0.568         0.325 / 0.568         0.325 / 0.568       ms
[2021-02-13T17:16:59.347+0300][130.130s][info][gc,stats    ]    Subphase: Concurrent Mark Try Terminate                 0.000 / 0.000         0.198 / 0.569         0.198 / 0.569         0.198 / 0.569       ms
[2021-02-13T17:16:59.347+0300][130.130s][info][gc,stats    ]    Subphase: Concurrent References Enqueue                 0.000 / 0.000         0.004 / 0.004         0.004 / 0.004         0.004 / 0.004       ms
[2021-02-13T17:16:59.347+0300][130.130s][info][gc,stats    ]    Subphase: Concurrent References Process                 0.000 / 0.000         0.135 / 0.143         0.135 / 0.143         0.135 / 0.143       ms
[2021-02-13T17:16:59.347+0300][130.130s][info][gc,stats    ]    Subphase: Concurrent Roots                              0.000 / 0.000         0.100 / 0.152         0.100 / 0.152         0.100 / 0.152       ms
[2021-02-13T17:16:59.347+0300][130.130s][info][gc,stats    ]    Subphase: Concurrent Roots ClassLoaderDataGraph         0.000 / 0.000         0.093 / 0.141         0.093 / 0.141         0.093 / 0.141       ms
[2021-02-13T17:16:59.347+0300][130.130s][info][gc,stats    ]    Subphase: Concurrent Roots JNIHandles                   0.000 / 0.000         0.004 / 0.006         0.004 / 0.006         0.004 / 0.006       ms
[2021-02-13T17:16:59.347+0300][130.130s][info][gc,stats    ]    Subphase: Concurrent Roots Setup                        0.000 / 0.000         0.006 / 0.006         0.006 / 0.006         0.006 / 0.006       ms
[2021-02-13T17:16:59.347+0300][130.130s][info][gc,stats    ]    Subphase: Concurrent Roots Teardown                     0.000 / 0.000         0.000 / 0.000         0.000 / 0.000         0.000 / 0.000       ms
[2021-02-13T17:16:59.347+0300][130.130s][info][gc,stats    ]    Subphase: Concurrent Roots VMHandles                    0.000 / 0.000         0.003 / 0.004         0.003 / 0.004         0.003 / 0.004       ms
[2021-02-13T17:16:59.347+0300][130.130s][info][gc,stats    ]    Subphase: Concurrent Weak Roots                         0.000 / 0.000         0.348 / 0.520         0.348 / 0.520         0.348 / 0.520       ms
[2021-02-13T17:16:59.347+0300][130.130s][info][gc,stats    ]    Subphase: Concurrent Weak Roots JNIWeakHandles          0.000 / 0.000         0.000 / 0.000         0.000 / 0.000         0.000 / 0.000       ms
[2021-02-13T17:16:59.347+0300][130.130s][info][gc,stats    ]    Subphase: Concurrent Weak Roots ResolvedMethodTable     0.000 / 0.000         0.023 / 0.035         0.023 / 0.035         0.023 / 0.035       ms
[2021-02-13T17:16:59.347+0300][130.130s][info][gc,stats    ]    Subphase: Concurrent Weak Roots StringTable             0.000 / 0.000         0.314 / 0.471         0.314 / 0.471         0.314 / 0.471       ms
[2021-02-13T17:16:59.347+0300][130.130s][info][gc,stats    ]    Subphase: Concurrent Weak Roots VMWeakHandles           0.000 / 0.000         0.010 / 0.013         0.010 / 0.013         0.010 / 0.013       ms
[2021-02-13T17:16:59.347+0300][130.130s][info][gc,stats    ]    Subphase: Pause Mark Try Complete                       0.000 / 0.000         0.022 / 0.040         0.022 / 0.040         0.022 / 0.040       ms
[2021-02-13T17:16:59.347+0300][130.130s][info][gc,stats    ]    Subphase: Pause Roots                                   0.000 / 0.000         0.105 / 0.374         0.105 / 0.374         0.105 / 0.374       ms
[2021-02-13T17:16:59.347+0300][130.130s][info][gc,stats    ]    Subphase: Pause Roots CodeCache                         0.000 / 0.000         0.000 / 0.000         0.000 / 0.000         0.000 / 0.000       ms
[2021-02-13T17:16:59.347+0300][130.130s][info][gc,stats    ]    Subphase: Pause Roots JVMTIExport                       0.000 / 0.000         0.001 / 0.003         0.001 / 0.003         0.001 / 0.003       ms
[2021-02-13T17:16:59.347+0300][130.130s][info][gc,stats    ]    Subphase: Pause Roots JVMTIWeakExport                   0.000 / 0.000         0.007 / 0.013         0.007 / 0.013         0.007 / 0.013       ms
[2021-02-13T17:16:59.347+0300][130.130s][info][gc,stats    ]    Subphase: Pause Roots Java Threads                      0.000 / 0.000         0.095 / 0.373         0.095 / 0.373         0.095 / 0.373       ms
[2021-02-13T17:16:59.347+0300][130.131s][info][gc,stats    ]    Subphase: Pause Roots Management                        0.000 / 0.000         0.007 / 0.025         0.007 / 0.025         0.007 / 0.025       ms
[2021-02-13T17:16:59.348+0300][130.131s][info][gc,stats    ]    Subphase: Pause Roots ObjectSynchronizer                0.000 / 0.000         0.000 / 0.000         0.000 / 0.000         0.000 / 0.000       ms
[2021-02-13T17:16:59.348+0300][130.131s][info][gc,stats    ]    Subphase: Pause Roots Setup                             0.000 / 0.000         0.000 / 0.001         0.000 / 0.001         0.000 / 0.001       ms
[2021-02-13T17:16:59.348+0300][130.131s][info][gc,stats    ]    Subphase: Pause Roots Teardown                          0.000 / 0.000         0.001 / 0.002         0.001 / 0.002         0.001 / 0.002       ms
[2021-02-13T17:16:59.348+0300][130.131s][info][gc,stats    ]    Subphase: Pause Roots Universe                          0.000 / 0.000         0.011 / 0.027         0.011 / 0.027         0.011 / 0.027       ms
[2021-02-13T17:16:59.348+0300][130.131s][info][gc,stats    ]    Subphase: Pause Roots VM Thread                         0.000 / 0.000         0.008 / 0.028         0.008 / 0.028         0.008 / 0.028       ms
[2021-02-13T17:16:59.348+0300][130.131s][info][gc,stats    ]    Subphase: Pause Weak Roots                              0.000 / 0.000         0.001 / 0.005         0.001 / 0.005         0.001 / 0.005       ms
[2021-02-13T17:16:59.348+0300][130.131s][info][gc,stats    ]    Subphase: Pause Weak Roots JFRWeak                      0.000 / 0.000         0.000 / 0.000         0.000 / 0.000         0.000 / 0.000       ms
[2021-02-13T17:16:59.348+0300][130.131s][info][gc,stats    ]    Subphase: Pause Weak Roots JVMTIWeakExport              0.000 / 0.000         0.003 / 0.005         0.003 / 0.005         0.003 / 0.005       ms
[2021-02-13T17:16:59.348+0300][130.131s][info][gc,stats    ]    Subphase: Pause Weak Roots Setup                        0.000 / 0.000         0.000 / 0.000         0.000 / 0.000         0.000 / 0.000       ms
[2021-02-13T17:16:59.348+0300][130.131s][info][gc,stats    ]    Subphase: Pause Weak Roots Teardown                     0.000 / 0.000         0.000 / 0.000         0.000 / 0.000         0.000 / 0.000       ms
[2021-02-13T17:16:59.348+0300][130.131s][info][gc,stats    ]      System: Java Threads                                      0 / 0                16 / 16               16 / 16               16 / 16          threads
[2021-02-13T17:16:59.348+0300][130.131s][info][gc,stats    ] =========================================================================================================================================================
[2021-02-13T17:17:09.347+0300][140.129s][info][gc,stats    ] === Garbage Collection Statistics =======================================================================================================================
[2021-02-13T17:17:09.347+0300][140.129s][info][gc,stats    ]                                                              Last 10s              Last 10m              Last 10h                Total
[2021-02-13T17:17:09.347+0300][140.129s][info][gc,stats    ]                                                              Avg / Max             Avg / Max             Avg / Max             Avg / Max
[2021-02-13T17:17:09.347+0300][140.129s][info][gc,stats    ]   Collector: Garbage Collection Cycle                      0.000 / 0.000       196.888 / 246.924     196.888 / 246.924     196.888 / 246.924     ms
[2021-02-13T17:17:09.347+0300][140.129s][info][gc,stats    ]  Contention: Mark Segment Reset Contention                     0 / 0                 0 / 0                 0 / 0                 0 / 0           ops/s
[2021-02-13T17:17:09.347+0300][140.129s][info][gc,stats    ]  Contention: Mark SeqNum Reset Contention                      0 / 0                 0 / 0                 0 / 0                 0 / 0           ops/s
[2021-02-13T17:17:09.347+0300][140.129s][info][gc,stats    ]  Contention: Relocation Contention                             0 / 0                 0 / 1                 0 / 1                 0 / 1           ops/s
[2021-02-13T17:17:09.347+0300][140.129s][info][gc,stats    ]    Critical: Allocation Stall                              0.000 / 0.000         0.000 / 0.000         0.000 / 0.000         0.000 / 0.000       ms
[2021-02-13T17:17:09.347+0300][140.129s][info][gc,stats    ]    Critical: Allocation Stall                                  0 / 0                 0 / 0                 0 / 0                 0 / 0           ops/s
[2021-02-13T17:17:09.347+0300][140.129s][info][gc,stats    ]    Critical: GC Locker Stall                               0.000 / 0.000         0.000 / 0.000         0.000 / 0.000         0.000 / 0.000       ms
[2021-02-13T17:17:09.347+0300][140.129s][info][gc,stats    ]    Critical: GC Locker Stall                                   0 / 0                 0 / 0                 0 / 0                 0 / 0           ops/s
[2021-02-13T17:17:09.347+0300][140.129s][info][gc,stats    ]      Memory: Allocation Rate                                   0 / 0                 9 / 1082              9 / 1082              9 / 1082        MB/s
[2021-02-13T17:17:09.347+0300][140.129s][info][gc,stats    ]      Memory: Heap Used After Mark                              0 / 0               167 / 216             167 / 216             167 / 216         MB
[2021-02-13T17:17:09.347+0300][140.129s][info][gc,stats    ]      Memory: Heap Used After Relocation                        0 / 0               100 / 114             100 / 114             100 / 114         MB
[2021-02-13T17:17:09.347+0300][140.129s][info][gc,stats    ]      Memory: Heap Used Before Mark                             0 / 0               167 / 216             167 / 216             167 / 216         MB
[2021-02-13T17:17:09.347+0300][140.129s][info][gc,stats    ]      Memory: Heap Used Before Relocation                       0 / 0               145 / 172             145 / 172             145 / 172         MB
[2021-02-13T17:17:09.347+0300][140.129s][info][gc,stats    ]      Memory: Out Of Memory                                     0 / 0                 0 / 0                 0 / 0                 0 / 0           ops/s
[2021-02-13T17:17:09.347+0300][140.129s][info][gc,stats    ]      Memory: Page Cache Flush                                  0 / 0                 0 / 0                 0 / 0                 0 / 0           MB/s
[2021-02-13T17:17:09.347+0300][140.129s][info][gc,stats    ]      Memory: Page Cache Hit L1                                 0 / 0                 0 / 9                 0 / 9                 0 / 9           ops/s
[2021-02-13T17:17:09.347+0300][140.130s][info][gc,stats    ]      Memory: Page Cache Hit L2                                 0 / 0                 0 / 0                 0 / 0                 0 / 0           ops/s
[2021-02-13T17:17:09.347+0300][140.130s][info][gc,stats    ]      Memory: Page Cache Hit L3                                 0 / 0                 0 / 14                0 / 14                0 / 14          ops/s
[2021-02-13T17:17:09.347+0300][140.130s][info][gc,stats    ]      Memory: Page Cache Miss                                   0 / 0                 0 / 0                 0 / 0                 0 / 0           ops/s
[2021-02-13T17:17:09.347+0300][140.130s][info][gc,stats    ]      Memory: Uncommit                                          0 / 0                 0 / 0                 0 / 0                 0 / 0           MB/s
[2021-02-13T17:17:09.347+0300][140.130s][info][gc,stats    ]      Memory: Undo Object Allocation Failed                     0 / 0                 0 / 0                 0 / 0                 0 / 0           ops/s
[2021-02-13T17:17:09.347+0300][140.130s][info][gc,stats    ]      Memory: Undo Object Allocation Succeeded                  0 / 0                 0 / 1                 0 / 1                 0 / 1           ops/s
[2021-02-13T17:17:09.347+0300][140.130s][info][gc,stats    ]      Memory: Undo Page Allocation                              0 / 0                 0 / 0                 0 / 0                 0 / 0           ops/s
[2021-02-13T17:17:09.347+0300][140.130s][info][gc,stats    ]       Phase: Concurrent Mark                               0.000 / 0.000       168.208 / 221.645     168.208 / 221.645     168.208 / 221.645     ms
[2021-02-13T17:17:09.347+0300][140.130s][info][gc,stats    ]       Phase: Concurrent Mark Continue                      0.000 / 0.000         0.000 / 0.000         0.000 / 0.000         0.000 / 0.000       ms
[2021-02-13T17:17:09.347+0300][140.130s][info][gc,stats    ]       Phase: Concurrent Process Non-Strong References      0.000 / 0.000         2.037 / 2.549         2.037 / 2.549         2.037 / 2.549       ms
[2021-02-13T17:17:09.347+0300][140.130s][info][gc,stats    ]       Phase: Concurrent Relocate                           0.000 / 0.000        16.262 / 17.964       16.262 / 17.964       16.262 / 17.964      ms
[2021-02-13T17:17:09.347+0300][140.130s][info][gc,stats    ]       Phase: Concurrent Reset Relocation Set               0.000 / 0.000         0.373 / 0.741         0.373 / 0.741         0.373 / 0.741       ms
[2021-02-13T17:17:09.347+0300][140.130s][info][gc,stats    ]       Phase: Concurrent Select Relocation Set              0.000 / 0.000         7.407 / 9.944         7.407 / 9.944         7.407 / 9.944       ms
[2021-02-13T17:17:09.347+0300][140.130s][info][gc,stats    ]       Phase: Pause Mark End                                0.000 / 0.000         0.245 / 0.286         0.245 / 0.286         0.245 / 0.286       ms
[2021-02-13T17:17:09.347+0300][140.130s][info][gc,stats    ]       Phase: Pause Mark Start                              0.000 / 0.000         0.503 / 0.836         0.503 / 0.836         0.503 / 0.836       ms
[2021-02-13T17:17:09.347+0300][140.130s][info][gc,stats    ]       Phase: Pause Relocate Start                          0.000 / 0.000         0.171 / 0.175         0.171 / 0.175         0.171 / 0.175       ms
[2021-02-13T17:17:09.347+0300][140.130s][info][gc,stats    ]    Subphase: Concurrent Classes Purge                      0.000 / 0.000         0.111 / 0.118         0.111 / 0.118         0.111 / 0.118       ms
[2021-02-13T17:17:09.347+0300][140.130s][info][gc,stats    ]    Subphase: Concurrent Classes Unlink                     0.000 / 0.000         1.156 / 1.455         1.156 / 1.455         1.156 / 1.455       ms
[2021-02-13T17:17:09.347+0300][140.130s][info][gc,stats    ]    Subphase: Concurrent Mark                               0.000 / 0.000       167.938 / 221.323     167.938 / 221.323     167.938 / 221.323     ms
[2021-02-13T17:17:09.347+0300][140.130s][info][gc,stats    ]    Subphase: Concurrent Mark Idle                          0.000 / 0.000         0.000 / 0.000         0.000 / 0.000         0.000 / 0.000       ms
[2021-02-13T17:17:09.347+0300][140.130s][info][gc,stats    ]    Subphase: Concurrent Mark Try Flush                     0.000 / 0.000         0.325 / 0.568         0.325 / 0.568         0.325 / 0.568       ms
[2021-02-13T17:17:09.347+0300][140.130s][info][gc,stats    ]    Subphase: Concurrent Mark Try Terminate                 0.000 / 0.000         0.198 / 0.569         0.198 / 0.569         0.198 / 0.569       ms
[2021-02-13T17:17:09.347+0300][140.130s][info][gc,stats    ]    Subphase: Concurrent References Enqueue                 0.000 / 0.000         0.004 / 0.004         0.004 / 0.004         0.004 / 0.004       ms
[2021-02-13T17:17:09.347+0300][140.130s][info][gc,stats    ]    Subphase: Concurrent References Process                 0.000 / 0.000         0.135 / 0.143         0.135 / 0.143         0.135 / 0.143       ms
[2021-02-13T17:17:09.347+0300][140.130s][info][gc,stats    ]    Subphase: Concurrent Roots                              0.000 / 0.000         0.100 / 0.152         0.100 / 0.152         0.100 / 0.152       ms
[2021-02-13T17:17:09.347+0300][140.130s][info][gc,stats    ]    Subphase: Concurrent Roots ClassLoaderDataGraph         0.000 / 0.000         0.093 / 0.141         0.093 / 0.141         0.093 / 0.141       ms
[2021-02-13T17:17:09.347+0300][140.130s][info][gc,stats    ]    Subphase: Concurrent Roots JNIHandles                   0.000 / 0.000         0.004 / 0.006         0.004 / 0.006         0.004 / 0.006       ms
[2021-02-13T17:17:09.347+0300][140.130s][info][gc,stats    ]    Subphase: Concurrent Roots Setup                        0.000 / 0.000         0.006 / 0.006         0.006 / 0.006         0.006 / 0.006       ms
[2021-02-13T17:17:09.347+0300][140.130s][info][gc,stats    ]    Subphase: Concurrent Roots Teardown                     0.000 / 0.000         0.000 / 0.000         0.000 / 0.000         0.000 / 0.000       ms
[2021-02-13T17:17:09.347+0300][140.130s][info][gc,stats    ]    Subphase: Concurrent Roots VMHandles                    0.000 / 0.000         0.003 / 0.004         0.003 / 0.004         0.003 / 0.004       ms
[2021-02-13T17:17:09.347+0300][140.130s][info][gc,stats    ]    Subphase: Concurrent Weak Roots                         0.000 / 0.000         0.348 / 0.520         0.348 / 0.520         0.348 / 0.520       ms
[2021-02-13T17:17:09.347+0300][140.130s][info][gc,stats    ]    Subphase: Concurrent Weak Roots JNIWeakHandles          0.000 / 0.000         0.000 / 0.000         0.000 / 0.000         0.000 / 0.000       ms
[2021-02-13T17:17:09.347+0300][140.130s][info][gc,stats    ]    Subphase: Concurrent Weak Roots ResolvedMethodTable     0.000 / 0.000         0.023 / 0.035         0.023 / 0.035         0.023 / 0.035       ms
[2021-02-13T17:17:09.347+0300][140.130s][info][gc,stats    ]    Subphase: Concurrent Weak Roots StringTable             0.000 / 0.000         0.314 / 0.471         0.314 / 0.471         0.314 / 0.471       ms
[2021-02-13T17:17:09.347+0300][140.130s][info][gc,stats    ]    Subphase: Concurrent Weak Roots VMWeakHandles           0.000 / 0.000         0.010 / 0.013         0.010 / 0.013         0.010 / 0.013       ms
[2021-02-13T17:17:09.347+0300][140.130s][info][gc,stats    ]    Subphase: Pause Mark Try Complete                       0.000 / 0.000         0.022 / 0.040         0.022 / 0.040         0.022 / 0.040       ms
[2021-02-13T17:17:09.347+0300][140.130s][info][gc,stats    ]    Subphase: Pause Roots                                   0.000 / 0.000         0.105 / 0.374         0.105 / 0.374         0.105 / 0.374       ms
[2021-02-13T17:17:09.347+0300][140.130s][info][gc,stats    ]    Subphase: Pause Roots CodeCache                         0.000 / 0.000         0.000 / 0.000         0.000 / 0.000         0.000 / 0.000       ms
[2021-02-13T17:17:09.347+0300][140.130s][info][gc,stats    ]    Subphase: Pause Roots JVMTIExport                       0.000 / 0.000         0.001 / 0.003         0.001 / 0.003         0.001 / 0.003       ms
[2021-02-13T17:17:09.347+0300][140.130s][info][gc,stats    ]    Subphase: Pause Roots JVMTIWeakExport                   0.000 / 0.000         0.007 / 0.013         0.007 / 0.013         0.007 / 0.013       ms
[2021-02-13T17:17:09.348+0300][140.130s][info][gc,stats    ]    Subphase: Pause Roots Java Threads                      0.000 / 0.000         0.095 / 0.373         0.095 / 0.373         0.095 / 0.373       ms
[2021-02-13T17:17:09.348+0300][140.130s][info][gc,stats    ]    Subphase: Pause Roots Management                        0.000 / 0.000         0.007 / 0.025         0.007 / 0.025         0.007 / 0.025       ms
[2021-02-13T17:17:09.348+0300][140.130s][info][gc,stats    ]    Subphase: Pause Roots ObjectSynchronizer                0.000 / 0.000         0.000 / 0.000         0.000 / 0.000         0.000 / 0.000       ms
[2021-02-13T17:17:09.348+0300][140.130s][info][gc,stats    ]    Subphase: Pause Roots Setup                             0.000 / 0.000         0.000 / 0.001         0.000 / 0.001         0.000 / 0.001       ms
[2021-02-13T17:17:09.348+0300][140.130s][info][gc,stats    ]    Subphase: Pause Roots Teardown                          0.000 / 0.000         0.001 / 0.002         0.001 / 0.002         0.001 / 0.002       ms
[2021-02-13T17:17:09.348+0300][140.130s][info][gc,stats    ]    Subphase: Pause Roots Universe                          0.000 / 0.000         0.011 / 0.027         0.011 / 0.027         0.011 / 0.027       ms
[2021-02-13T17:17:09.348+0300][140.130s][info][gc,stats    ]    Subphase: Pause Roots VM Thread                         0.000 / 0.000         0.008 / 0.028         0.008 / 0.028         0.008 / 0.028       ms
[2021-02-13T17:17:09.348+0300][140.130s][info][gc,stats    ]    Subphase: Pause Weak Roots                              0.000 / 0.000         0.001 / 0.005         0.001 / 0.005         0.001 / 0.005       ms
[2021-02-13T17:17:09.348+0300][140.130s][info][gc,stats    ]    Subphase: Pause Weak Roots JFRWeak                      0.000 / 0.000         0.000 / 0.000         0.000 / 0.000         0.000 / 0.000       ms
[2021-02-13T17:17:09.348+0300][140.130s][info][gc,stats    ]    Subphase: Pause Weak Roots JVMTIWeakExport              0.000 / 0.000         0.003 / 0.005         0.003 / 0.005         0.003 / 0.005       ms
[2021-02-13T17:17:09.348+0300][140.130s][info][gc,stats    ]    Subphase: Pause Weak Roots Setup                        0.000 / 0.000         0.000 / 0.000         0.000 / 0.000         0.000 / 0.000       ms
[2021-02-13T17:17:09.348+0300][140.130s][info][gc,stats    ]    Subphase: Pause Weak Roots Teardown                     0.000 / 0.000         0.000 / 0.000         0.000 / 0.000         0.000 / 0.000       ms
[2021-02-13T17:17:09.348+0300][140.130s][info][gc,stats    ]      System: Java Threads                                      0 / 0                16 / 16               16 / 16               16 / 16          threads
[2021-02-13T17:17:09.348+0300][140.130s][info][gc,stats    ] =========================================================================================================================================================
[2021-02-13T17:17:19.352+0300][150.134s][info][gc,stats    ] === Garbage Collection Statistics =======================================================================================================================
[2021-02-13T17:17:19.352+0300][150.134s][info][gc,stats    ]                                                              Last 10s              Last 10m              Last 10h                Total
[2021-02-13T17:17:19.352+0300][150.134s][info][gc,stats    ]                                                              Avg / Max             Avg / Max             Avg / Max             Avg / Max
[2021-02-13T17:17:19.352+0300][150.134s][info][gc,stats    ]   Collector: Garbage Collection Cycle                      0.000 / 0.000       196.888 / 246.924     196.888 / 246.924     196.888 / 246.924     ms
[2021-02-13T17:17:19.352+0300][150.134s][info][gc,stats    ]  Contention: Mark Segment Reset Contention                     0 / 0                 0 / 0                 0 / 0                 0 / 0           ops/s
[2021-02-13T17:17:19.352+0300][150.134s][info][gc,stats    ]  Contention: Mark SeqNum Reset Contention                      0 / 0                 0 / 0                 0 / 0                 0 / 0           ops/s
[2021-02-13T17:17:19.352+0300][150.134s][info][gc,stats    ]  Contention: Relocation Contention                             0 / 0                 0 / 1                 0 / 1                 0 / 1           ops/s
[2021-02-13T17:17:19.352+0300][150.134s][info][gc,stats    ]    Critical: Allocation Stall                              0.000 / 0.000         0.000 / 0.000         0.000 / 0.000         0.000 / 0.000       ms
[2021-02-13T17:17:19.352+0300][150.134s][info][gc,stats    ]    Critical: Allocation Stall                                  0 / 0                 0 / 0                 0 / 0                 0 / 0           ops/s
[2021-02-13T17:17:19.352+0300][150.134s][info][gc,stats    ]    Critical: GC Locker Stall                               0.000 / 0.000         0.000 / 0.000         0.000 / 0.000         0.000 / 0.000       ms
[2021-02-13T17:17:19.352+0300][150.134s][info][gc,stats    ]    Critical: GC Locker Stall                                   0 / 0                 0 / 0                 0 / 0                 0 / 0           ops/s
[2021-02-13T17:17:19.352+0300][150.134s][info][gc,stats    ]      Memory: Allocation Rate                                   2 / 18                8 / 1082              8 / 1082              8 / 1082        MB/s
[2021-02-13T17:17:19.352+0300][150.134s][info][gc,stats    ]      Memory: Heap Used After Mark                              0 / 0               167 / 216             167 / 216             167 / 216         MB
[2021-02-13T17:17:19.352+0300][150.134s][info][gc,stats    ]      Memory: Heap Used After Relocation                        0 / 0               100 / 114             100 / 114             100 / 114         MB
[2021-02-13T17:17:19.352+0300][150.134s][info][gc,stats    ]      Memory: Heap Used Before Mark                             0 / 0               167 / 216             167 / 216             167 / 216         MB
[2021-02-13T17:17:19.352+0300][150.134s][info][gc,stats    ]      Memory: Heap Used Before Relocation                       0 / 0               145 / 172             145 / 172             145 / 172         MB
[2021-02-13T17:17:19.352+0300][150.134s][info][gc,stats    ]      Memory: Out Of Memory                                     0 / 0                 0 / 0                 0 / 0                 0 / 0           ops/s
[2021-02-13T17:17:19.352+0300][150.134s][info][gc,stats    ]      Memory: Page Cache Flush                                  0 / 0                 0 / 0                 0 / 0                 0 / 0           MB/s
[2021-02-13T17:17:19.352+0300][150.134s][info][gc,stats    ]      Memory: Page Cache Hit L1                                 1 / 9                 0 / 9                 0 / 9                 0 / 9           ops/s
[2021-02-13T17:17:19.352+0300][150.134s][info][gc,stats    ]      Memory: Page Cache Hit L2                                 0 / 0                 0 / 0                 0 / 0                 0 / 0           ops/s
[2021-02-13T17:17:19.352+0300][150.135s][info][gc,stats    ]      Memory: Page Cache Hit L3                                 0 / 0                 0 / 14                0 / 14                0 / 14          ops/s
[2021-02-13T17:17:19.352+0300][150.135s][info][gc,stats    ]      Memory: Page Cache Miss                                   0 / 0                 0 / 0                 0 / 0                 0 / 0           ops/s
[2021-02-13T17:17:19.352+0300][150.135s][info][gc,stats    ]      Memory: Uncommit                                          0 / 0                 0 / 0                 0 / 0                 0 / 0           MB/s
[2021-02-13T17:17:19.352+0300][150.135s][info][gc,stats    ]      Memory: Undo Object Allocation Failed                     0 / 0                 0 / 0                 0 / 0                 0 / 0           ops/s
[2021-02-13T17:17:19.352+0300][150.135s][info][gc,stats    ]      Memory: Undo Object Allocation Succeeded                  0 / 0                 0 / 1                 0 / 1                 0 / 1           ops/s
[2021-02-13T17:17:19.352+0300][150.135s][info][gc,stats    ]      Memory: Undo Page Allocation                              0 / 0                 0 / 0                 0 / 0                 0 / 0           ops/s
[2021-02-13T17:17:19.352+0300][150.135s][info][gc,stats    ]       Phase: Concurrent Mark                               0.000 / 0.000       168.208 / 221.645     168.208 / 221.645     168.208 / 221.645     ms
[2021-02-13T17:17:19.352+0300][150.135s][info][gc,stats    ]       Phase: Concurrent Mark Continue                      0.000 / 0.000         0.000 / 0.000         0.000 / 0.000         0.000 / 0.000       ms
[2021-02-13T17:17:19.352+0300][150.135s][info][gc,stats    ]       Phase: Concurrent Process Non-Strong References      0.000 / 0.000         2.037 / 2.549         2.037 / 2.549         2.037 / 2.549       ms
[2021-02-13T17:17:19.352+0300][150.135s][info][gc,stats    ]       Phase: Concurrent Relocate                           0.000 / 0.000        16.262 / 17.964       16.262 / 17.964       16.262 / 17.964      ms
[2021-02-13T17:17:19.352+0300][150.135s][info][gc,stats    ]       Phase: Concurrent Reset Relocation Set               0.000 / 0.000         0.373 / 0.741         0.373 / 0.741         0.373 / 0.741       ms
[2021-02-13T17:17:19.352+0300][150.135s][info][gc,stats    ]       Phase: Concurrent Select Relocation Set              0.000 / 0.000         7.407 / 9.944         7.407 / 9.944         7.407 / 9.944       ms
[2021-02-13T17:17:19.352+0300][150.135s][info][gc,stats    ]       Phase: Pause Mark End                                0.000 / 0.000         0.245 / 0.286         0.245 / 0.286         0.245 / 0.286       ms
[2021-02-13T17:17:19.352+0300][150.135s][info][gc,stats    ]       Phase: Pause Mark Start                              0.000 / 0.000         0.503 / 0.836         0.503 / 0.836         0.503 / 0.836       ms
[2021-02-13T17:17:19.352+0300][150.135s][info][gc,stats    ]       Phase: Pause Relocate Start                          0.000 / 0.000         0.171 / 0.175         0.171 / 0.175         0.171 / 0.175       ms
[2021-02-13T17:17:19.352+0300][150.135s][info][gc,stats    ]    Subphase: Concurrent Classes Purge                      0.000 / 0.000         0.111 / 0.118         0.111 / 0.118         0.111 / 0.118       ms
[2021-02-13T17:17:19.352+0300][150.135s][info][gc,stats    ]    Subphase: Concurrent Classes Unlink                     0.000 / 0.000         1.156 / 1.455         1.156 / 1.455         1.156 / 1.455       ms
[2021-02-13T17:17:19.352+0300][150.135s][info][gc,stats    ]    Subphase: Concurrent Mark                               0.000 / 0.000       167.938 / 221.323     167.938 / 221.323     167.938 / 221.323     ms
[2021-02-13T17:17:19.352+0300][150.135s][info][gc,stats    ]    Subphase: Concurrent Mark Idle                          0.000 / 0.000         0.000 / 0.000         0.000 / 0.000         0.000 / 0.000       ms
[2021-02-13T17:17:19.352+0300][150.135s][info][gc,stats    ]    Subphase: Concurrent Mark Try Flush                     0.000 / 0.000         0.325 / 0.568         0.325 / 0.568         0.325 / 0.568       ms
[2021-02-13T17:17:19.352+0300][150.135s][info][gc,stats    ]    Subphase: Concurrent Mark Try Terminate                 0.000 / 0.000         0.198 / 0.569         0.198 / 0.569         0.198 / 0.569       ms
[2021-02-13T17:17:19.352+0300][150.135s][info][gc,stats    ]    Subphase: Concurrent References Enqueue                 0.000 / 0.000         0.004 / 0.004         0.004 / 0.004         0.004 / 0.004       ms
[2021-02-13T17:17:19.352+0300][150.135s][info][gc,stats    ]    Subphase: Concurrent References Process                 0.000 / 0.000         0.135 / 0.143         0.135 / 0.143         0.135 / 0.143       ms
[2021-02-13T17:17:19.352+0300][150.135s][info][gc,stats    ]    Subphase: Concurrent Roots                              0.000 / 0.000         0.100 / 0.152         0.100 / 0.152         0.100 / 0.152       ms
[2021-02-13T17:17:19.352+0300][150.135s][info][gc,stats    ]    Subphase: Concurrent Roots ClassLoaderDataGraph         0.000 / 0.000         0.093 / 0.141         0.093 / 0.141         0.093 / 0.141       ms
[2021-02-13T17:17:19.352+0300][150.135s][info][gc,stats    ]    Subphase: Concurrent Roots JNIHandles                   0.000 / 0.000         0.004 / 0.006         0.004 / 0.006         0.004 / 0.006       ms
[2021-02-13T17:17:19.352+0300][150.135s][info][gc,stats    ]    Subphase: Concurrent Roots Setup                        0.000 / 0.000         0.006 / 0.006         0.006 / 0.006         0.006 / 0.006       ms
[2021-02-13T17:17:19.352+0300][150.135s][info][gc,stats    ]    Subphase: Concurrent Roots Teardown                     0.000 / 0.000         0.000 / 0.000         0.000 / 0.000         0.000 / 0.000       ms
[2021-02-13T17:17:19.352+0300][150.135s][info][gc,stats    ]    Subphase: Concurrent Roots VMHandles                    0.000 / 0.000         0.003 / 0.004         0.003 / 0.004         0.003 / 0.004       ms
[2021-02-13T17:17:19.352+0300][150.135s][info][gc,stats    ]    Subphase: Concurrent Weak Roots                         0.000 / 0.000         0.348 / 0.520         0.348 / 0.520         0.348 / 0.520       ms
[2021-02-13T17:17:19.352+0300][150.135s][info][gc,stats    ]    Subphase: Concurrent Weak Roots JNIWeakHandles          0.000 / 0.000         0.000 / 0.000         0.000 / 0.000         0.000 / 0.000       ms
[2021-02-13T17:17:19.352+0300][150.135s][info][gc,stats    ]    Subphase: Concurrent Weak Roots ResolvedMethodTable     0.000 / 0.000         0.023 / 0.035         0.023 / 0.035         0.023 / 0.035       ms
[2021-02-13T17:17:19.352+0300][150.135s][info][gc,stats    ]    Subphase: Concurrent Weak Roots StringTable             0.000 / 0.000         0.314 / 0.471         0.314 / 0.471         0.314 / 0.471       ms
[2021-02-13T17:17:19.352+0300][150.135s][info][gc,stats    ]    Subphase: Concurrent Weak Roots VMWeakHandles           0.000 / 0.000         0.010 / 0.013         0.010 / 0.013         0.010 / 0.013       ms
[2021-02-13T17:17:19.352+0300][150.135s][info][gc,stats    ]    Subphase: Pause Mark Try Complete                       0.000 / 0.000         0.022 / 0.040         0.022 / 0.040         0.022 / 0.040       ms
[2021-02-13T17:17:19.352+0300][150.135s][info][gc,stats    ]    Subphase: Pause Roots                                   0.000 / 0.000         0.105 / 0.374         0.105 / 0.374         0.105 / 0.374       ms
[2021-02-13T17:17:19.352+0300][150.135s][info][gc,stats    ]    Subphase: Pause Roots CodeCache                         0.000 / 0.000         0.000 / 0.000         0.000 / 0.000         0.000 / 0.000       ms
[2021-02-13T17:17:19.352+0300][150.135s][info][gc,stats    ]    Subphase: Pause Roots JVMTIExport                       0.000 / 0.000         0.001 / 0.003         0.001 / 0.003         0.001 / 0.003       ms
[2021-02-13T17:17:19.352+0300][150.135s][info][gc,stats    ]    Subphase: Pause Roots JVMTIWeakExport                   0.000 / 0.000         0.007 / 0.013         0.007 / 0.013         0.007 / 0.013       ms
[2021-02-13T17:17:19.352+0300][150.135s][info][gc,stats    ]    Subphase: Pause Roots Java Threads                      0.000 / 0.000         0.095 / 0.373         0.095 / 0.373         0.095 / 0.373       ms
[2021-02-13T17:17:19.352+0300][150.135s][info][gc,stats    ]    Subphase: Pause Roots Management                        0.000 / 0.000         0.007 / 0.025         0.007 / 0.025         0.007 / 0.025       ms
[2021-02-13T17:17:19.352+0300][150.135s][info][gc,stats    ]    Subphase: Pause Roots ObjectSynchronizer                0.000 / 0.000         0.000 / 0.000         0.000 / 0.000         0.000 / 0.000       ms
[2021-02-13T17:17:19.352+0300][150.135s][info][gc,stats    ]    Subphase: Pause Roots Setup                             0.000 / 0.000         0.000 / 0.001         0.000 / 0.001         0.000 / 0.001       ms
[2021-02-13T17:17:19.352+0300][150.135s][info][gc,stats    ]    Subphase: Pause Roots Teardown                          0.000 / 0.000         0.001 / 0.002         0.001 / 0.002         0.001 / 0.002       ms
[2021-02-13T17:17:19.352+0300][150.135s][info][gc,stats    ]    Subphase: Pause Roots Universe                          0.000 / 0.000         0.011 / 0.027         0.011 / 0.027         0.011 / 0.027       ms
[2021-02-13T17:17:19.352+0300][150.135s][info][gc,stats    ]    Subphase: Pause Roots VM Thread                         0.000 / 0.000         0.008 / 0.028         0.008 / 0.028         0.008 / 0.028       ms
[2021-02-13T17:17:19.352+0300][150.135s][info][gc,stats    ]    Subphase: Pause Weak Roots                              0.000 / 0.000         0.001 / 0.005         0.001 / 0.005         0.001 / 0.005       ms
[2021-02-13T17:17:19.352+0300][150.135s][info][gc,stats    ]    Subphase: Pause Weak Roots JFRWeak                      0.000 / 0.000         0.000 / 0.000         0.000 / 0.000         0.000 / 0.000       ms
[2021-02-13T17:17:19.353+0300][150.135s][info][gc,stats    ]    Subphase: Pause Weak Roots JVMTIWeakExport              0.000 / 0.000         0.003 / 0.005         0.003 / 0.005         0.003 / 0.005       ms
[2021-02-13T17:17:19.353+0300][150.135s][info][gc,stats    ]    Subphase: Pause Weak Roots Setup                        0.000 / 0.000         0.000 / 0.000         0.000 / 0.000         0.000 / 0.000       ms
[2021-02-13T17:17:19.353+0300][150.135s][info][gc,stats    ]    Subphase: Pause Weak Roots Teardown                     0.000 / 0.000         0.000 / 0.000         0.000 / 0.000         0.000 / 0.000       ms
[2021-02-13T17:17:19.353+0300][150.135s][info][gc,stats    ]      System: Java Threads                                      0 / 0                16 / 16               16 / 16               16 / 16          threads
[2021-02-13T17:17:19.353+0300][150.135s][info][gc,stats    ] =========================================================================================================================================================
[2021-02-13T17:17:29.349+0300][160.131s][info][gc,stats    ] === Garbage Collection Statistics =======================================================================================================================
[2021-02-13T17:17:29.349+0300][160.131s][info][gc,stats    ]                                                              Last 10s              Last 10m              Last 10h                Total
[2021-02-13T17:17:29.349+0300][160.131s][info][gc,stats    ]                                                              Avg / Max             Avg / Max             Avg / Max             Avg / Max
[2021-02-13T17:17:29.349+0300][160.131s][info][gc,stats    ]   Collector: Garbage Collection Cycle                      0.000 / 0.000       196.888 / 246.924     196.888 / 246.924     196.888 / 246.924     ms
[2021-02-13T17:17:29.349+0300][160.131s][info][gc,stats    ]  Contention: Mark Segment Reset Contention                     0 / 0                 0 / 0                 0 / 0                 0 / 0           ops/s
[2021-02-13T17:17:29.349+0300][160.131s][info][gc,stats    ]  Contention: Mark SeqNum Reset Contention                      0 / 0                 0 / 0                 0 / 0                 0 / 0           ops/s
[2021-02-13T17:17:29.349+0300][160.131s][info][gc,stats    ]  Contention: Relocation Contention                             0 / 0                 0 / 1                 0 / 1                 0 / 1           ops/s
[2021-02-13T17:17:29.349+0300][160.131s][info][gc,stats    ]    Critical: Allocation Stall                              0.000 / 0.000         0.000 / 0.000         0.000 / 0.000         0.000 / 0.000       ms
[2021-02-13T17:17:29.349+0300][160.131s][info][gc,stats    ]    Critical: Allocation Stall                                  0 / 0                 0 / 0                 0 / 0                 0 / 0           ops/s
[2021-02-13T17:17:29.349+0300][160.131s][info][gc,stats    ]    Critical: GC Locker Stall                               0.000 / 0.000         0.000 / 0.000         0.000 / 0.000         0.000 / 0.000       ms
[2021-02-13T17:17:29.349+0300][160.131s][info][gc,stats    ]    Critical: GC Locker Stall                                   0 / 0                 0 / 0                 0 / 0                 0 / 0           ops/s
[2021-02-13T17:17:29.349+0300][160.131s][info][gc,stats    ]      Memory: Allocation Rate                                   0 / 2                 8 / 1082              8 / 1082              8 / 1082        MB/s
[2021-02-13T17:17:29.349+0300][160.131s][info][gc,stats    ]      Memory: Heap Used After Mark                              0 / 0               167 / 216             167 / 216             167 / 216         MB
[2021-02-13T17:17:29.349+0300][160.131s][info][gc,stats    ]      Memory: Heap Used After Relocation                        0 / 0               100 / 114             100 / 114             100 / 114         MB
[2021-02-13T17:17:29.349+0300][160.131s][info][gc,stats    ]      Memory: Heap Used Before Mark                             0 / 0               167 / 216             167 / 216             167 / 216         MB
[2021-02-13T17:17:29.349+0300][160.131s][info][gc,stats    ]      Memory: Heap Used Before Relocation                       0 / 0               145 / 172             145 / 172             145 / 172         MB
[2021-02-13T17:17:29.349+0300][160.131s][info][gc,stats    ]      Memory: Out Of Memory                                     0 / 0                 0 / 0                 0 / 0                 0 / 0           ops/s
[2021-02-13T17:17:29.349+0300][160.131s][info][gc,stats    ]      Memory: Page Cache Flush                                  0 / 0                 0 / 0                 0 / 0                 0 / 0           MB/s
[2021-02-13T17:17:29.349+0300][160.131s][info][gc,stats    ]      Memory: Page Cache Hit L1                                 0 / 1                 0 / 9                 0 / 9                 0 / 9           ops/s
[2021-02-13T17:17:29.349+0300][160.131s][info][gc,stats    ]      Memory: Page Cache Hit L2                                 0 / 0                 0 / 0                 0 / 0                 0 / 0           ops/s
[2021-02-13T17:17:29.349+0300][160.131s][info][gc,stats    ]      Memory: Page Cache Hit L3                                 0 / 0                 0 / 14                0 / 14                0 / 14          ops/s
[2021-02-13T17:17:29.349+0300][160.131s][info][gc,stats    ]      Memory: Page Cache Miss                                   0 / 0                 0 / 0                 0 / 0                 0 / 0           ops/s
[2021-02-13T17:17:29.349+0300][160.132s][info][gc,stats    ]      Memory: Uncommit                                          0 / 0                 0 / 0                 0 / 0                 0 / 0           MB/s
[2021-02-13T17:17:29.349+0300][160.132s][info][gc,stats    ]      Memory: Undo Object Allocation Failed                     0 / 0                 0 / 0                 0 / 0                 0 / 0           ops/s
[2021-02-13T17:17:29.349+0300][160.132s][info][gc,stats    ]      Memory: Undo Object Allocation Succeeded                  0 / 0                 0 / 1                 0 / 1                 0 / 1           ops/s
[2021-02-13T17:17:29.349+0300][160.132s][info][gc,stats    ]      Memory: Undo Page Allocation                              0 / 0                 0 / 0                 0 / 0                 0 / 0           ops/s
[2021-02-13T17:17:29.349+0300][160.132s][info][gc,stats    ]       Phase: Concurrent Mark                               0.000 / 0.000       168.208 / 221.645     168.208 / 221.645     168.208 / 221.645     ms
[2021-02-13T17:17:29.349+0300][160.132s][info][gc,stats    ]       Phase: Concurrent Mark Continue                      0.000 / 0.000         0.000 / 0.000         0.000 / 0.000         0.000 / 0.000       ms
[2021-02-13T17:17:29.349+0300][160.132s][info][gc,stats    ]       Phase: Concurrent Process Non-Strong References      0.000 / 0.000         2.037 / 2.549         2.037 / 2.549         2.037 / 2.549       ms
[2021-02-13T17:17:29.349+0300][160.132s][info][gc,stats    ]       Phase: Concurrent Relocate                           0.000 / 0.000        16.262 / 17.964       16.262 / 17.964       16.262 / 17.964      ms
[2021-02-13T17:17:29.349+0300][160.132s][info][gc,stats    ]       Phase: Concurrent Reset Relocation Set               0.000 / 0.000         0.373 / 0.741         0.373 / 0.741         0.373 / 0.741       ms
[2021-02-13T17:17:29.349+0300][160.132s][info][gc,stats    ]       Phase: Concurrent Select Relocation Set              0.000 / 0.000         7.407 / 9.944         7.407 / 9.944         7.407 / 9.944       ms
[2021-02-13T17:17:29.349+0300][160.132s][info][gc,stats    ]       Phase: Pause Mark End                                0.000 / 0.000         0.245 / 0.286         0.245 / 0.286         0.245 / 0.286       ms
[2021-02-13T17:17:29.349+0300][160.132s][info][gc,stats    ]       Phase: Pause Mark Start                              0.000 / 0.000         0.503 / 0.836         0.503 / 0.836         0.503 / 0.836       ms
[2021-02-13T17:17:29.349+0300][160.132s][info][gc,stats    ]       Phase: Pause Relocate Start                          0.000 / 0.000         0.171 / 0.175         0.171 / 0.175         0.171 / 0.175       ms
[2021-02-13T17:17:29.349+0300][160.132s][info][gc,stats    ]    Subphase: Concurrent Classes Purge                      0.000 / 0.000         0.111 / 0.118         0.111 / 0.118         0.111 / 0.118       ms
[2021-02-13T17:17:29.349+0300][160.132s][info][gc,stats    ]    Subphase: Concurrent Classes Unlink                     0.000 / 0.000         1.156 / 1.455         1.156 / 1.455         1.156 / 1.455       ms
[2021-02-13T17:17:29.349+0300][160.132s][info][gc,stats    ]    Subphase: Concurrent Mark                               0.000 / 0.000       167.938 / 221.323     167.938 / 221.323     167.938 / 221.323     ms
[2021-02-13T17:17:29.349+0300][160.132s][info][gc,stats    ]    Subphase: Concurrent Mark Idle                          0.000 / 0.000         0.000 / 0.000         0.000 / 0.000         0.000 / 0.000       ms
[2021-02-13T17:17:29.349+0300][160.132s][info][gc,stats    ]    Subphase: Concurrent Mark Try Flush                     0.000 / 0.000         0.325 / 0.568         0.325 / 0.568         0.325 / 0.568       ms
[2021-02-13T17:17:29.349+0300][160.132s][info][gc,stats    ]    Subphase: Concurrent Mark Try Terminate                 0.000 / 0.000         0.198 / 0.569         0.198 / 0.569         0.198 / 0.569       ms
[2021-02-13T17:17:29.349+0300][160.132s][info][gc,stats    ]    Subphase: Concurrent References Enqueue                 0.000 / 0.000         0.004 / 0.004         0.004 / 0.004         0.004 / 0.004       ms
[2021-02-13T17:17:29.349+0300][160.132s][info][gc,stats    ]    Subphase: Concurrent References Process                 0.000 / 0.000         0.135 / 0.143         0.135 / 0.143         0.135 / 0.143       ms
[2021-02-13T17:17:29.349+0300][160.132s][info][gc,stats    ]    Subphase: Concurrent Roots                              0.000 / 0.000         0.100 / 0.152         0.100 / 0.152         0.100 / 0.152       ms
[2021-02-13T17:17:29.349+0300][160.132s][info][gc,stats    ]    Subphase: Concurrent Roots ClassLoaderDataGraph         0.000 / 0.000         0.093 / 0.141         0.093 / 0.141         0.093 / 0.141       ms
[2021-02-13T17:17:29.349+0300][160.132s][info][gc,stats    ]    Subphase: Concurrent Roots JNIHandles                   0.000 / 0.000         0.004 / 0.006         0.004 / 0.006         0.004 / 0.006       ms
[2021-02-13T17:17:29.349+0300][160.132s][info][gc,stats    ]    Subphase: Concurrent Roots Setup                        0.000 / 0.000         0.006 / 0.006         0.006 / 0.006         0.006 / 0.006       ms
[2021-02-13T17:17:29.349+0300][160.132s][info][gc,stats    ]    Subphase: Concurrent Roots Teardown                     0.000 / 0.000         0.000 / 0.000         0.000 / 0.000         0.000 / 0.000       ms
[2021-02-13T17:17:29.349+0300][160.132s][info][gc,stats    ]    Subphase: Concurrent Roots VMHandles                    0.000 / 0.000         0.003 / 0.004         0.003 / 0.004         0.003 / 0.004       ms
[2021-02-13T17:17:29.349+0300][160.132s][info][gc,stats    ]    Subphase: Concurrent Weak Roots                         0.000 / 0.000         0.348 / 0.520         0.348 / 0.520         0.348 / 0.520       ms
[2021-02-13T17:17:29.349+0300][160.132s][info][gc,stats    ]    Subphase: Concurrent Weak Roots JNIWeakHandles          0.000 / 0.000         0.000 / 0.000         0.000 / 0.000         0.000 / 0.000       ms
[2021-02-13T17:17:29.349+0300][160.132s][info][gc,stats    ]    Subphase: Concurrent Weak Roots ResolvedMethodTable     0.000 / 0.000         0.023 / 0.035         0.023 / 0.035         0.023 / 0.035       ms
[2021-02-13T17:17:29.349+0300][160.132s][info][gc,stats    ]    Subphase: Concurrent Weak Roots StringTable             0.000 / 0.000         0.314 / 0.471         0.314 / 0.471         0.314 / 0.471       ms
[2021-02-13T17:17:29.349+0300][160.132s][info][gc,stats    ]    Subphase: Concurrent Weak Roots VMWeakHandles           0.000 / 0.000         0.010 / 0.013         0.010 / 0.013         0.010 / 0.013       ms
[2021-02-13T17:17:29.349+0300][160.132s][info][gc,stats    ]    Subphase: Pause Mark Try Complete                       0.000 / 0.000         0.022 / 0.040         0.022 / 0.040         0.022 / 0.040       ms
[2021-02-13T17:17:29.349+0300][160.132s][info][gc,stats    ]    Subphase: Pause Roots                                   0.000 / 0.000         0.105 / 0.374         0.105 / 0.374         0.105 / 0.374       ms
[2021-02-13T17:17:29.349+0300][160.132s][info][gc,stats    ]    Subphase: Pause Roots CodeCache                         0.000 / 0.000         0.000 / 0.000         0.000 / 0.000         0.000 / 0.000       ms
[2021-02-13T17:17:29.349+0300][160.132s][info][gc,stats    ]    Subphase: Pause Roots JVMTIExport                       0.000 / 0.000         0.001 / 0.003         0.001 / 0.003         0.001 / 0.003       ms
[2021-02-13T17:17:29.349+0300][160.132s][info][gc,stats    ]    Subphase: Pause Roots JVMTIWeakExport                   0.000 / 0.000         0.007 / 0.013         0.007 / 0.013         0.007 / 0.013       ms
[2021-02-13T17:17:29.349+0300][160.132s][info][gc,stats    ]    Subphase: Pause Roots Java Threads                      0.000 / 0.000         0.095 / 0.373         0.095 / 0.373         0.095 / 0.373       ms
[2021-02-13T17:17:29.349+0300][160.132s][info][gc,stats    ]    Subphase: Pause Roots Management                        0.000 / 0.000         0.007 / 0.025         0.007 / 0.025         0.007 / 0.025       ms
[2021-02-13T17:17:29.349+0300][160.132s][info][gc,stats    ]    Subphase: Pause Roots ObjectSynchronizer                0.000 / 0.000         0.000 / 0.000         0.000 / 0.000         0.000 / 0.000       ms
[2021-02-13T17:17:29.349+0300][160.132s][info][gc,stats    ]    Subphase: Pause Roots Setup                             0.000 / 0.000         0.000 / 0.001         0.000 / 0.001         0.000 / 0.001       ms
[2021-02-13T17:17:29.349+0300][160.132s][info][gc,stats    ]    Subphase: Pause Roots Teardown                          0.000 / 0.000         0.001 / 0.002         0.001 / 0.002         0.001 / 0.002       ms
[2021-02-13T17:17:29.349+0300][160.132s][info][gc,stats    ]    Subphase: Pause Roots Universe                          0.000 / 0.000         0.011 / 0.027         0.011 / 0.027         0.011 / 0.027       ms
[2021-02-13T17:17:29.349+0300][160.132s][info][gc,stats    ]    Subphase: Pause Roots VM Thread                         0.000 / 0.000         0.008 / 0.028         0.008 / 0.028         0.008 / 0.028       ms
[2021-02-13T17:17:29.349+0300][160.132s][info][gc,stats    ]    Subphase: Pause Weak Roots                              0.000 / 0.000         0.001 / 0.005         0.001 / 0.005         0.001 / 0.005       ms
[2021-02-13T17:17:29.349+0300][160.132s][info][gc,stats    ]    Subphase: Pause Weak Roots JFRWeak                      0.000 / 0.000         0.000 / 0.000         0.000 / 0.000         0.000 / 0.000       ms
[2021-02-13T17:17:29.349+0300][160.132s][info][gc,stats    ]    Subphase: Pause Weak Roots JVMTIWeakExport              0.000 / 0.000         0.003 / 0.005         0.003 / 0.005         0.003 / 0.005       ms
[2021-02-13T17:17:29.349+0300][160.132s][info][gc,stats    ]    Subphase: Pause Weak Roots Setup                        0.000 / 0.000         0.000 / 0.000         0.000 / 0.000         0.000 / 0.000       ms
[2021-02-13T17:17:29.350+0300][160.132s][info][gc,stats    ]    Subphase: Pause Weak Roots Teardown                     0.000 / 0.000         0.000 / 0.000         0.000 / 0.000         0.000 / 0.000       ms
[2021-02-13T17:17:29.350+0300][160.132s][info][gc,stats    ]      System: Java Threads                                      0 / 0                16 / 16               16 / 16               16 / 16          threads
[2021-02-13T17:17:29.350+0300][160.132s][info][gc,stats    ] =========================================================================================================================================================
[2021-02-13T17:17:39.355+0300][170.137s][info][gc,stats    ] === Garbage Collection Statistics =======================================================================================================================
[2021-02-13T17:17:39.355+0300][170.137s][info][gc,stats    ]                                                              Last 10s              Last 10m              Last 10h                Total
[2021-02-13T17:17:39.355+0300][170.137s][info][gc,stats    ]                                                              Avg / Max             Avg / Max             Avg / Max             Avg / Max
[2021-02-13T17:17:39.355+0300][170.137s][info][gc,stats    ]   Collector: Garbage Collection Cycle                      0.000 / 0.000       196.888 / 246.924     196.888 / 246.924     196.888 / 246.924     ms
[2021-02-13T17:17:39.355+0300][170.137s][info][gc,stats    ]  Contention: Mark Segment Reset Contention                     0 / 0                 0 / 0                 0 / 0                 0 / 0           ops/s
[2021-02-13T17:17:39.355+0300][170.137s][info][gc,stats    ]  Contention: Mark SeqNum Reset Contention                      0 / 0                 0 / 0                 0 / 0                 0 / 0           ops/s
[2021-02-13T17:17:39.355+0300][170.137s][info][gc,stats    ]  Contention: Relocation Contention                             0 / 0                 0 / 1                 0 / 1                 0 / 1           ops/s
[2021-02-13T17:17:39.355+0300][170.137s][info][gc,stats    ]    Critical: Allocation Stall                              0.000 / 0.000         0.000 / 0.000         0.000 / 0.000         0.000 / 0.000       ms
[2021-02-13T17:17:39.355+0300][170.137s][info][gc,stats    ]    Critical: Allocation Stall                                  0 / 0                 0 / 0                 0 / 0                 0 / 0           ops/s
[2021-02-13T17:17:39.355+0300][170.137s][info][gc,stats    ]    Critical: GC Locker Stall                               0.000 / 0.000         0.000 / 0.000         0.000 / 0.000         0.000 / 0.000       ms
[2021-02-13T17:17:39.355+0300][170.137s][info][gc,stats    ]    Critical: GC Locker Stall                                   0 / 0                 0 / 0                 0 / 0                 0 / 0           ops/s
[2021-02-13T17:17:39.355+0300][170.137s][info][gc,stats    ]      Memory: Allocation Rate                                   1 / 16                8 / 1082              8 / 1082              8 / 1082        MB/s
[2021-02-13T17:17:39.355+0300][170.137s][info][gc,stats    ]      Memory: Heap Used After Mark                              0 / 0               167 / 216             167 / 216             167 / 216         MB
[2021-02-13T17:17:39.355+0300][170.137s][info][gc,stats    ]      Memory: Heap Used After Relocation                        0 / 0               100 / 114             100 / 114             100 / 114         MB
[2021-02-13T17:17:39.355+0300][170.137s][info][gc,stats    ]      Memory: Heap Used Before Mark                             0 / 0               167 / 216             167 / 216             167 / 216         MB
[2021-02-13T17:17:39.355+0300][170.137s][info][gc,stats    ]      Memory: Heap Used Before Relocation                       0 / 0               145 / 172             145 / 172             145 / 172         MB
[2021-02-13T17:17:39.355+0300][170.137s][info][gc,stats    ]      Memory: Out Of Memory                                     0 / 0                 0 / 0                 0 / 0                 0 / 0           ops/s
[2021-02-13T17:17:39.355+0300][170.137s][info][gc,stats    ]      Memory: Page Cache Flush                                  0 / 0                 0 / 0                 0 / 0                 0 / 0           MB/s
[2021-02-13T17:17:39.355+0300][170.137s][info][gc,stats    ]      Memory: Page Cache Hit L1                                 0 / 1                 0 / 9                 0 / 9                 0 / 9           ops/s
[2021-02-13T17:17:39.355+0300][170.138s][info][gc,stats    ]      Memory: Page Cache Hit L2                                 0 / 0                 0 / 0                 0 / 0                 0 / 0           ops/s
[2021-02-13T17:17:39.355+0300][170.138s][info][gc,stats    ]      Memory: Page Cache Hit L3                                 0 / 7                 0 / 14                0 / 14                0 / 14          ops/s
[2021-02-13T17:17:39.355+0300][170.138s][info][gc,stats    ]      Memory: Page Cache Miss                                   0 / 0                 0 / 0                 0 / 0                 0 / 0           ops/s
[2021-02-13T17:17:39.355+0300][170.138s][info][gc,stats    ]      Memory: Uncommit                                          0 / 0                 0 / 0                 0 / 0                 0 / 0           MB/s
[2021-02-13T17:17:39.355+0300][170.138s][info][gc,stats    ]      Memory: Undo Object Allocation Failed                     0 / 0                 0 / 0                 0 / 0                 0 / 0           ops/s
[2021-02-13T17:17:39.355+0300][170.138s][info][gc,stats    ]      Memory: Undo Object Allocation Succeeded                  0 / 0                 0 / 1                 0 / 1                 0 / 1           ops/s
[2021-02-13T17:17:39.355+0300][170.138s][info][gc,stats    ]      Memory: Undo Page Allocation                              0 / 0                 0 / 0                 0 / 0                 0 / 0           ops/s
[2021-02-13T17:17:39.355+0300][170.138s][info][gc,stats    ]       Phase: Concurrent Mark                               0.000 / 0.000       168.208 / 221.645     168.208 / 221.645     168.208 / 221.645     ms
[2021-02-13T17:17:39.355+0300][170.138s][info][gc,stats    ]       Phase: Concurrent Mark Continue                      0.000 / 0.000         0.000 / 0.000         0.000 / 0.000         0.000 / 0.000       ms
[2021-02-13T17:17:39.355+0300][170.138s][info][gc,stats    ]       Phase: Concurrent Process Non-Strong References      0.000 / 0.000         2.037 / 2.549         2.037 / 2.549         2.037 / 2.549       ms
[2021-02-13T17:17:39.355+0300][170.138s][info][gc,stats    ]       Phase: Concurrent Relocate                           0.000 / 0.000        16.262 / 17.964       16.262 / 17.964       16.262 / 17.964      ms
[2021-02-13T17:17:39.355+0300][170.138s][info][gc,stats    ]       Phase: Concurrent Reset Relocation Set               0.000 / 0.000         0.373 / 0.741         0.373 / 0.741         0.373 / 0.741       ms
[2021-02-13T17:17:39.355+0300][170.138s][info][gc,stats    ]       Phase: Concurrent Select Relocation Set              0.000 / 0.000         7.407 / 9.944         7.407 / 9.944         7.407 / 9.944       ms
[2021-02-13T17:17:39.355+0300][170.138s][info][gc,stats    ]       Phase: Pause Mark End                                0.000 / 0.000         0.245 / 0.286         0.245 / 0.286         0.245 / 0.286       ms
[2021-02-13T17:17:39.355+0300][170.138s][info][gc,stats    ]       Phase: Pause Mark Start                              0.000 / 0.000         0.503 / 0.836         0.503 / 0.836         0.503 / 0.836       ms
[2021-02-13T17:17:39.355+0300][170.138s][info][gc,stats    ]       Phase: Pause Relocate Start                          0.000 / 0.000         0.171 / 0.175         0.171 / 0.175         0.171 / 0.175       ms
[2021-02-13T17:17:39.355+0300][170.138s][info][gc,stats    ]    Subphase: Concurrent Classes Purge                      0.000 / 0.000         0.111 / 0.118         0.111 / 0.118         0.111 / 0.118       ms
[2021-02-13T17:17:39.355+0300][170.138s][info][gc,stats    ]    Subphase: Concurrent Classes Unlink                     0.000 / 0.000         1.156 / 1.455         1.156 / 1.455         1.156 / 1.455       ms
[2021-02-13T17:17:39.355+0300][170.138s][info][gc,stats    ]    Subphase: Concurrent Mark                               0.000 / 0.000       167.938 / 221.323     167.938 / 221.323     167.938 / 221.323     ms
[2021-02-13T17:17:39.355+0300][170.138s][info][gc,stats    ]    Subphase: Concurrent Mark Idle                          0.000 / 0.000         0.000 / 0.000         0.000 / 0.000         0.000 / 0.000       ms
[2021-02-13T17:17:39.355+0300][170.138s][info][gc,stats    ]    Subphase: Concurrent Mark Try Flush                     0.000 / 0.000         0.325 / 0.568         0.325 / 0.568         0.325 / 0.568       ms
[2021-02-13T17:17:39.355+0300][170.138s][info][gc,stats    ]    Subphase: Concurrent Mark Try Terminate                 0.000 / 0.000         0.198 / 0.569         0.198 / 0.569         0.198 / 0.569       ms
[2021-02-13T17:17:39.355+0300][170.138s][info][gc,stats    ]    Subphase: Concurrent References Enqueue                 0.000 / 0.000         0.004 / 0.004         0.004 / 0.004         0.004 / 0.004       ms
[2021-02-13T17:17:39.355+0300][170.138s][info][gc,stats    ]    Subphase: Concurrent References Process                 0.000 / 0.000         0.135 / 0.143         0.135 / 0.143         0.135 / 0.143       ms
[2021-02-13T17:17:39.355+0300][170.138s][info][gc,stats    ]    Subphase: Concurrent Roots                              0.000 / 0.000         0.100 / 0.152         0.100 / 0.152         0.100 / 0.152       ms
[2021-02-13T17:17:39.355+0300][170.138s][info][gc,stats    ]    Subphase: Concurrent Roots ClassLoaderDataGraph         0.000 / 0.000         0.093 / 0.141         0.093 / 0.141         0.093 / 0.141       ms
[2021-02-13T17:17:39.355+0300][170.138s][info][gc,stats    ]    Subphase: Concurrent Roots JNIHandles                   0.000 / 0.000         0.004 / 0.006         0.004 / 0.006         0.004 / 0.006       ms
[2021-02-13T17:17:39.355+0300][170.138s][info][gc,stats    ]    Subphase: Concurrent Roots Setup                        0.000 / 0.000         0.006 / 0.006         0.006 / 0.006         0.006 / 0.006       ms
[2021-02-13T17:17:39.355+0300][170.138s][info][gc,stats    ]    Subphase: Concurrent Roots Teardown                     0.000 / 0.000         0.000 / 0.000         0.000 / 0.000         0.000 / 0.000       ms
[2021-02-13T17:17:39.355+0300][170.138s][info][gc,stats    ]    Subphase: Concurrent Roots VMHandles                    0.000 / 0.000         0.003 / 0.004         0.003 / 0.004         0.003 / 0.004       ms
[2021-02-13T17:17:39.355+0300][170.138s][info][gc,stats    ]    Subphase: Concurrent Weak Roots                         0.000 / 0.000         0.348 / 0.520         0.348 / 0.520         0.348 / 0.520       ms
[2021-02-13T17:17:39.355+0300][170.138s][info][gc,stats    ]    Subphase: Concurrent Weak Roots JNIWeakHandles          0.000 / 0.000         0.000 / 0.000         0.000 / 0.000         0.000 / 0.000       ms
[2021-02-13T17:17:39.355+0300][170.138s][info][gc,stats    ]    Subphase: Concurrent Weak Roots ResolvedMethodTable     0.000 / 0.000         0.023 / 0.035         0.023 / 0.035         0.023 / 0.035       ms
[2021-02-13T17:17:39.355+0300][170.138s][info][gc,stats    ]    Subphase: Concurrent Weak Roots StringTable             0.000 / 0.000         0.314 / 0.471         0.314 / 0.471         0.314 / 0.471       ms
[2021-02-13T17:17:39.355+0300][170.138s][info][gc,stats    ]    Subphase: Concurrent Weak Roots VMWeakHandles           0.000 / 0.000         0.010 / 0.013         0.010 / 0.013         0.010 / 0.013       ms
[2021-02-13T17:17:39.355+0300][170.138s][info][gc,stats    ]    Subphase: Pause Mark Try Complete                       0.000 / 0.000         0.022 / 0.040         0.022 / 0.040         0.022 / 0.040       ms
[2021-02-13T17:17:39.355+0300][170.138s][info][gc,stats    ]    Subphase: Pause Roots                                   0.000 / 0.000         0.105 / 0.374         0.105 / 0.374         0.105 / 0.374       ms
[2021-02-13T17:17:39.355+0300][170.138s][info][gc,stats    ]    Subphase: Pause Roots CodeCache                         0.000 / 0.000         0.000 / 0.000         0.000 / 0.000         0.000 / 0.000       ms
[2021-02-13T17:17:39.355+0300][170.138s][info][gc,stats    ]    Subphase: Pause Roots JVMTIExport                       0.000 / 0.000         0.001 / 0.003         0.001 / 0.003         0.001 / 0.003       ms
[2021-02-13T17:17:39.355+0300][170.138s][info][gc,stats    ]    Subphase: Pause Roots JVMTIWeakExport                   0.000 / 0.000         0.007 / 0.013         0.007 / 0.013         0.007 / 0.013       ms
[2021-02-13T17:17:39.355+0300][170.138s][info][gc,stats    ]    Subphase: Pause Roots Java Threads                      0.000 / 0.000         0.095 / 0.373         0.095 / 0.373         0.095 / 0.373       ms
[2021-02-13T17:17:39.355+0300][170.138s][info][gc,stats    ]    Subphase: Pause Roots Management                        0.000 / 0.000         0.007 / 0.025         0.007 / 0.025         0.007 / 0.025       ms
[2021-02-13T17:17:39.355+0300][170.138s][info][gc,stats    ]    Subphase: Pause Roots ObjectSynchronizer                0.000 / 0.000         0.000 / 0.000         0.000 / 0.000         0.000 / 0.000       ms
[2021-02-13T17:17:39.355+0300][170.138s][info][gc,stats    ]    Subphase: Pause Roots Setup                             0.000 / 0.000         0.000 / 0.001         0.000 / 0.001         0.000 / 0.001       ms
[2021-02-13T17:17:39.355+0300][170.138s][info][gc,stats    ]    Subphase: Pause Roots Teardown                          0.000 / 0.000         0.001 / 0.002         0.001 / 0.002         0.001 / 0.002       ms
[2021-02-13T17:17:39.355+0300][170.138s][info][gc,stats    ]    Subphase: Pause Roots Universe                          0.000 / 0.000         0.011 / 0.027         0.011 / 0.027         0.011 / 0.027       ms
[2021-02-13T17:17:39.355+0300][170.138s][info][gc,stats    ]    Subphase: Pause Roots VM Thread                         0.000 / 0.000         0.008 / 0.028         0.008 / 0.028         0.008 / 0.028       ms
[2021-02-13T17:17:39.355+0300][170.138s][info][gc,stats    ]    Subphase: Pause Weak Roots                              0.000 / 0.000         0.001 / 0.005         0.001 / 0.005         0.001 / 0.005       ms
[2021-02-13T17:17:39.355+0300][170.138s][info][gc,stats    ]    Subphase: Pause Weak Roots JFRWeak                      0.000 / 0.000         0.000 / 0.000         0.000 / 0.000         0.000 / 0.000       ms
[2021-02-13T17:17:39.356+0300][170.138s][info][gc,stats    ]    Subphase: Pause Weak Roots JVMTIWeakExport              0.000 / 0.000         0.003 / 0.005         0.003 / 0.005         0.003 / 0.005       ms
[2021-02-13T17:17:39.356+0300][170.138s][info][gc,stats    ]    Subphase: Pause Weak Roots Setup                        0.000 / 0.000         0.000 / 0.000         0.000 / 0.000         0.000 / 0.000       ms
[2021-02-13T17:17:39.356+0300][170.138s][info][gc,stats    ]    Subphase: Pause Weak Roots Teardown                     0.000 / 0.000         0.000 / 0.000         0.000 / 0.000         0.000 / 0.000       ms
[2021-02-13T17:17:39.356+0300][170.138s][info][gc,stats    ]      System: Java Threads                                      0 / 0                16 / 16               16 / 16               16 / 16          threads
[2021-02-13T17:17:39.356+0300][170.138s][info][gc,stats    ] =========================================================================================================================================================
[2021-02-13T17:17:49.344+0300][180.126s][info][gc,stats    ] === Garbage Collection Statistics =======================================================================================================================
[2021-02-13T17:17:49.344+0300][180.126s][info][gc,stats    ]                                                              Last 10s              Last 10m              Last 10h                Total
[2021-02-13T17:17:49.344+0300][180.126s][info][gc,stats    ]                                                              Avg / Max             Avg / Max             Avg / Max             Avg / Max
[2021-02-13T17:17:49.344+0300][180.126s][info][gc,stats    ]   Collector: Garbage Collection Cycle                      0.000 / 0.000       196.888 / 246.924     196.888 / 246.924     196.888 / 246.924     ms
[2021-02-13T17:17:49.344+0300][180.126s][info][gc,stats    ]  Contention: Mark Segment Reset Contention                     0 / 0                 0 / 0                 0 / 0                 0 / 0           ops/s
[2021-02-13T17:17:49.344+0300][180.126s][info][gc,stats    ]  Contention: Mark SeqNum Reset Contention                      0 / 0                 0 / 0                 0 / 0                 0 / 0           ops/s
[2021-02-13T17:17:49.344+0300][180.126s][info][gc,stats    ]  Contention: Relocation Contention                             0 / 0                 0 / 1                 0 / 1                 0 / 1           ops/s
[2021-02-13T17:17:49.344+0300][180.126s][info][gc,stats    ]    Critical: Allocation Stall                              0.000 / 0.000         0.000 / 0.000         0.000 / 0.000         0.000 / 0.000       ms
[2021-02-13T17:17:49.344+0300][180.126s][info][gc,stats    ]    Critical: Allocation Stall                                  0 / 0                 0 / 0                 0 / 0                 0 / 0           ops/s
[2021-02-13T17:17:49.344+0300][180.126s][info][gc,stats    ]    Critical: GC Locker Stall                               0.000 / 0.000         0.000 / 0.000         0.000 / 0.000         0.000 / 0.000       ms
[2021-02-13T17:17:49.344+0300][180.126s][info][gc,stats    ]    Critical: GC Locker Stall                                   0 / 0                 0 / 0                 0 / 0                 0 / 0           ops/s
[2021-02-13T17:17:49.344+0300][180.126s][info][gc,stats    ]      Memory: Allocation Rate                                   0 / 2                 7 / 1082              7 / 1082              7 / 1082        MB/s
[2021-02-13T17:17:49.344+0300][180.126s][info][gc,stats    ]      Memory: Heap Used After Mark                              0 / 0               167 / 216             167 / 216             167 / 216         MB
[2021-02-13T17:17:49.344+0300][180.126s][info][gc,stats    ]      Memory: Heap Used After Relocation                        0 / 0               100 / 114             100 / 114             100 / 114         MB
[2021-02-13T17:17:49.344+0300][180.126s][info][gc,stats    ]      Memory: Heap Used Before Mark                             0 / 0               167 / 216             167 / 216             167 / 216         MB
[2021-02-13T17:17:49.344+0300][180.126s][info][gc,stats    ]      Memory: Heap Used Before Relocation                       0 / 0               145 / 172             145 / 172             145 / 172         MB
[2021-02-13T17:17:49.344+0300][180.126s][info][gc,stats    ]      Memory: Out Of Memory                                     0 / 0                 0 / 0                 0 / 0                 0 / 0           ops/s
[2021-02-13T17:17:49.344+0300][180.126s][info][gc,stats    ]      Memory: Page Cache Flush                                  0 / 0                 0 / 0                 0 / 0                 0 / 0           MB/s
[2021-02-13T17:17:49.344+0300][180.126s][info][gc,stats    ]      Memory: Page Cache Hit L1                                 0 / 0                 0 / 9                 0 / 9                 0 / 9           ops/s
[2021-02-13T17:17:49.344+0300][180.126s][info][gc,stats    ]      Memory: Page Cache Hit L2                                 0 / 0                 0 / 0                 0 / 0                 0 / 0           ops/s
[2021-02-13T17:17:49.344+0300][180.127s][info][gc,stats    ]      Memory: Page Cache Hit L3                                 0 / 1                 0 / 14                0 / 14                0 / 14          ops/s
[2021-02-13T17:17:49.344+0300][180.127s][info][gc,stats    ]      Memory: Page Cache Miss                                   0 / 0                 0 / 0                 0 / 0                 0 / 0           ops/s
[2021-02-13T17:17:49.344+0300][180.127s][info][gc,stats    ]      Memory: Uncommit                                          0 / 0                 0 / 0                 0 / 0                 0 / 0           MB/s
[2021-02-13T17:17:49.344+0300][180.127s][info][gc,stats    ]      Memory: Undo Object Allocation Failed                     0 / 0                 0 / 0                 0 / 0                 0 / 0           ops/s
[2021-02-13T17:17:49.344+0300][180.127s][info][gc,stats    ]      Memory: Undo Object Allocation Succeeded                  0 / 0                 0 / 1                 0 / 1                 0 / 1           ops/s
[2021-02-13T17:17:49.344+0300][180.127s][info][gc,stats    ]      Memory: Undo Page Allocation                              0 / 0                 0 / 0                 0 / 0                 0 / 0           ops/s
[2021-02-13T17:17:49.344+0300][180.127s][info][gc,stats    ]       Phase: Concurrent Mark                               0.000 / 0.000       168.208 / 221.645     168.208 / 221.645     168.208 / 221.645     ms
[2021-02-13T17:17:49.344+0300][180.127s][info][gc,stats    ]       Phase: Concurrent Mark Continue                      0.000 / 0.000         0.000 / 0.000         0.000 / 0.000         0.000 / 0.000       ms
[2021-02-13T17:17:49.344+0300][180.127s][info][gc,stats    ]       Phase: Concurrent Process Non-Strong References      0.000 / 0.000         2.037 / 2.549         2.037 / 2.549         2.037 / 2.549       ms
[2021-02-13T17:17:49.344+0300][180.127s][info][gc,stats    ]       Phase: Concurrent Relocate                           0.000 / 0.000        16.262 / 17.964       16.262 / 17.964       16.262 / 17.964      ms
[2021-02-13T17:17:49.344+0300][180.127s][info][gc,stats    ]       Phase: Concurrent Reset Relocation Set               0.000 / 0.000         0.373 / 0.741         0.373 / 0.741         0.373 / 0.741       ms
[2021-02-13T17:17:49.344+0300][180.127s][info][gc,stats    ]       Phase: Concurrent Select Relocation Set              0.000 / 0.000         7.407 / 9.944         7.407 / 9.944         7.407 / 9.944       ms
[2021-02-13T17:17:49.344+0300][180.127s][info][gc,stats    ]       Phase: Pause Mark End                                0.000 / 0.000         0.245 / 0.286         0.245 / 0.286         0.245 / 0.286       ms
[2021-02-13T17:17:49.344+0300][180.127s][info][gc,stats    ]       Phase: Pause Mark Start                              0.000 / 0.000         0.503 / 0.836         0.503 / 0.836         0.503 / 0.836       ms
[2021-02-13T17:17:49.344+0300][180.127s][info][gc,stats    ]       Phase: Pause Relocate Start                          0.000 / 0.000         0.171 / 0.175         0.171 / 0.175         0.171 / 0.175       ms
[2021-02-13T17:17:49.344+0300][180.127s][info][gc,stats    ]    Subphase: Concurrent Classes Purge                      0.000 / 0.000         0.111 / 0.118         0.111 / 0.118         0.111 / 0.118       ms
[2021-02-13T17:17:49.344+0300][180.127s][info][gc,stats    ]    Subphase: Concurrent Classes Unlink                     0.000 / 0.000         1.156 / 1.455         1.156 / 1.455         1.156 / 1.455       ms
[2021-02-13T17:17:49.344+0300][180.127s][info][gc,stats    ]    Subphase: Concurrent Mark                               0.000 / 0.000       167.938 / 221.323     167.938 / 221.323     167.938 / 221.323     ms
[2021-02-13T17:17:49.344+0300][180.127s][info][gc,stats    ]    Subphase: Concurrent Mark Idle                          0.000 / 0.000         0.000 / 0.000         0.000 / 0.000         0.000 / 0.000       ms
[2021-02-13T17:17:49.344+0300][180.127s][info][gc,stats    ]    Subphase: Concurrent Mark Try Flush                     0.000 / 0.000         0.325 / 0.568         0.325 / 0.568         0.325 / 0.568       ms
[2021-02-13T17:17:49.344+0300][180.127s][info][gc,stats    ]    Subphase: Concurrent Mark Try Terminate                 0.000 / 0.000         0.198 / 0.569         0.198 / 0.569         0.198 / 0.569       ms
[2021-02-13T17:17:49.344+0300][180.127s][info][gc,stats    ]    Subphase: Concurrent References Enqueue                 0.000 / 0.000         0.004 / 0.004         0.004 / 0.004         0.004 / 0.004       ms
[2021-02-13T17:17:49.344+0300][180.127s][info][gc,stats    ]    Subphase: Concurrent References Process                 0.000 / 0.000         0.135 / 0.143         0.135 / 0.143         0.135 / 0.143       ms
[2021-02-13T17:17:49.344+0300][180.127s][info][gc,stats    ]    Subphase: Concurrent Roots                              0.000 / 0.000         0.100 / 0.152         0.100 / 0.152         0.100 / 0.152       ms
[2021-02-13T17:17:49.344+0300][180.127s][info][gc,stats    ]    Subphase: Concurrent Roots ClassLoaderDataGraph         0.000 / 0.000         0.093 / 0.141         0.093 / 0.141         0.093 / 0.141       ms
[2021-02-13T17:17:49.344+0300][180.127s][info][gc,stats    ]    Subphase: Concurrent Roots JNIHandles                   0.000 / 0.000         0.004 / 0.006         0.004 / 0.006         0.004 / 0.006       ms
[2021-02-13T17:17:49.344+0300][180.127s][info][gc,stats    ]    Subphase: Concurrent Roots Setup                        0.000 / 0.000         0.006 / 0.006         0.006 / 0.006         0.006 / 0.006       ms
[2021-02-13T17:17:49.344+0300][180.127s][info][gc,stats    ]    Subphase: Concurrent Roots Teardown                     0.000 / 0.000         0.000 / 0.000         0.000 / 0.000         0.000 / 0.000       ms
[2021-02-13T17:17:49.344+0300][180.127s][info][gc,stats    ]    Subphase: Concurrent Roots VMHandles                    0.000 / 0.000         0.003 / 0.004         0.003 / 0.004         0.003 / 0.004       ms
[2021-02-13T17:17:49.344+0300][180.127s][info][gc,stats    ]    Subphase: Concurrent Weak Roots                         0.000 / 0.000         0.348 / 0.520         0.348 / 0.520         0.348 / 0.520       ms
[2021-02-13T17:17:49.344+0300][180.127s][info][gc,stats    ]    Subphase: Concurrent Weak Roots JNIWeakHandles          0.000 / 0.000         0.000 / 0.000         0.000 / 0.000         0.000 / 0.000       ms
[2021-02-13T17:17:49.344+0300][180.127s][info][gc,stats    ]    Subphase: Concurrent Weak Roots ResolvedMethodTable     0.000 / 0.000         0.023 / 0.035         0.023 / 0.035         0.023 / 0.035       ms
[2021-02-13T17:17:49.344+0300][180.127s][info][gc,stats    ]    Subphase: Concurrent Weak Roots StringTable             0.000 / 0.000         0.314 / 0.471         0.314 / 0.471         0.314 / 0.471       ms
[2021-02-13T17:17:49.344+0300][180.127s][info][gc,stats    ]    Subphase: Concurrent Weak Roots VMWeakHandles           0.000 / 0.000         0.010 / 0.013         0.010 / 0.013         0.010 / 0.013       ms
[2021-02-13T17:17:49.344+0300][180.127s][info][gc,stats    ]    Subphase: Pause Mark Try Complete                       0.000 / 0.000         0.022 / 0.040         0.022 / 0.040         0.022 / 0.040       ms
[2021-02-13T17:17:49.344+0300][180.127s][info][gc,stats    ]    Subphase: Pause Roots                                   0.000 / 0.000         0.105 / 0.374         0.105 / 0.374         0.105 / 0.374       ms
[2021-02-13T17:17:49.344+0300][180.127s][info][gc,stats    ]    Subphase: Pause Roots CodeCache                         0.000 / 0.000         0.000 / 0.000         0.000 / 0.000         0.000 / 0.000       ms
[2021-02-13T17:17:49.344+0300][180.127s][info][gc,stats    ]    Subphase: Pause Roots JVMTIExport                       0.000 / 0.000         0.001 / 0.003         0.001 / 0.003         0.001 / 0.003       ms
[2021-02-13T17:17:49.344+0300][180.127s][info][gc,stats    ]    Subphase: Pause Roots JVMTIWeakExport                   0.000 / 0.000         0.007 / 0.013         0.007 / 0.013         0.007 / 0.013       ms
[2021-02-13T17:17:49.344+0300][180.127s][info][gc,stats    ]    Subphase: Pause Roots Java Threads                      0.000 / 0.000         0.095 / 0.373         0.095 / 0.373         0.095 / 0.373       ms
[2021-02-13T17:17:49.344+0300][180.127s][info][gc,stats    ]    Subphase: Pause Roots Management                        0.000 / 0.000         0.007 / 0.025         0.007 / 0.025         0.007 / 0.025       ms
[2021-02-13T17:17:49.344+0300][180.127s][info][gc,stats    ]    Subphase: Pause Roots ObjectSynchronizer                0.000 / 0.000         0.000 / 0.000         0.000 / 0.000         0.000 / 0.000       ms
[2021-02-13T17:17:49.344+0300][180.127s][info][gc,stats    ]    Subphase: Pause Roots Setup                             0.000 / 0.000         0.000 / 0.001         0.000 / 0.001         0.000 / 0.001       ms
[2021-02-13T17:17:49.344+0300][180.127s][info][gc,stats    ]    Subphase: Pause Roots Teardown                          0.000 / 0.000         0.001 / 0.002         0.001 / 0.002         0.001 / 0.002       ms
[2021-02-13T17:17:49.344+0300][180.127s][info][gc,stats    ]    Subphase: Pause Roots Universe                          0.000 / 0.000         0.011 / 0.027         0.011 / 0.027         0.011 / 0.027       ms
[2021-02-13T17:17:49.344+0300][180.127s][info][gc,stats    ]    Subphase: Pause Roots VM Thread                         0.000 / 0.000         0.008 / 0.028         0.008 / 0.028         0.008 / 0.028       ms
[2021-02-13T17:17:49.344+0300][180.127s][info][gc,stats    ]    Subphase: Pause Weak Roots                              0.000 / 0.000         0.001 / 0.005         0.001 / 0.005         0.001 / 0.005       ms
[2021-02-13T17:17:49.344+0300][180.127s][info][gc,stats    ]    Subphase: Pause Weak Roots JFRWeak                      0.000 / 0.000         0.000 / 0.000         0.000 / 0.000         0.000 / 0.000       ms
[2021-02-13T17:17:49.344+0300][180.127s][info][gc,stats    ]    Subphase: Pause Weak Roots JVMTIWeakExport              0.000 / 0.000         0.003 / 0.005         0.003 / 0.005         0.003 / 0.005       ms
[2021-02-13T17:17:49.344+0300][180.127s][info][gc,stats    ]    Subphase: Pause Weak Roots Setup                        0.000 / 0.000         0.000 / 0.000         0.000 / 0.000         0.000 / 0.000       ms
[2021-02-13T17:17:49.344+0300][180.127s][info][gc,stats    ]    Subphase: Pause Weak Roots Teardown                     0.000 / 0.000         0.000 / 0.000         0.000 / 0.000         0.000 / 0.000       ms
[2021-02-13T17:17:49.345+0300][180.127s][info][gc,stats    ]      System: Java Threads                                      0 / 0                16 / 16               16 / 16               16 / 16          threads
[2021-02-13T17:17:49.345+0300][180.127s][info][gc,stats    ] =========================================================================================================================================================
[2021-02-13T17:17:59.347+0300][190.129s][info][gc,stats    ] === Garbage Collection Statistics =======================================================================================================================
[2021-02-13T17:17:59.347+0300][190.129s][info][gc,stats    ]                                                              Last 10s              Last 10m              Last 10h                Total
[2021-02-13T17:17:59.347+0300][190.129s][info][gc,stats    ]                                                              Avg / Max             Avg / Max             Avg / Max             Avg / Max
[2021-02-13T17:17:59.347+0300][190.129s][info][gc,stats    ]   Collector: Garbage Collection Cycle                      0.000 / 0.000       196.888 / 246.924     196.888 / 246.924     196.888 / 246.924     ms
[2021-02-13T17:17:59.347+0300][190.129s][info][gc,stats    ]  Contention: Mark Segment Reset Contention                     0 / 0                 0 / 0                 0 / 0                 0 / 0           ops/s
[2021-02-13T17:17:59.347+0300][190.129s][info][gc,stats    ]  Contention: Mark SeqNum Reset Contention                      0 / 0                 0 / 0                 0 / 0                 0 / 0           ops/s
[2021-02-13T17:17:59.347+0300][190.129s][info][gc,stats    ]  Contention: Relocation Contention                             0 / 0                 0 / 1                 0 / 1                 0 / 1           ops/s
[2021-02-13T17:17:59.347+0300][190.129s][info][gc,stats    ]    Critical: Allocation Stall                              0.000 / 0.000         0.000 / 0.000         0.000 / 0.000         0.000 / 0.000       ms
[2021-02-13T17:17:59.347+0300][190.129s][info][gc,stats    ]    Critical: Allocation Stall                                  0 / 0                 0 / 0                 0 / 0                 0 / 0           ops/s
[2021-02-13T17:17:59.347+0300][190.129s][info][gc,stats    ]    Critical: GC Locker Stall                               0.000 / 0.000         0.000 / 0.000         0.000 / 0.000         0.000 / 0.000       ms
[2021-02-13T17:17:59.347+0300][190.129s][info][gc,stats    ]    Critical: GC Locker Stall                                   0 / 0                 0 / 0                 0 / 0                 0 / 0           ops/s
[2021-02-13T17:17:59.347+0300][190.129s][info][gc,stats    ]      Memory: Allocation Rate                                   0 / 0                 7 / 1082              7 / 1082              7 / 1082        MB/s
[2021-02-13T17:17:59.347+0300][190.129s][info][gc,stats    ]      Memory: Heap Used After Mark                              0 / 0               167 / 216             167 / 216             167 / 216         MB
[2021-02-13T17:17:59.347+0300][190.129s][info][gc,stats    ]      Memory: Heap Used After Relocation                        0 / 0               100 / 114             100 / 114             100 / 114         MB
[2021-02-13T17:17:59.347+0300][190.129s][info][gc,stats    ]      Memory: Heap Used Before Mark                             0 / 0               167 / 216             167 / 216             167 / 216         MB
[2021-02-13T17:17:59.347+0300][190.129s][info][gc,stats    ]      Memory: Heap Used Before Relocation                       0 / 0               145 / 172             145 / 172             145 / 172         MB
[2021-02-13T17:17:59.347+0300][190.129s][info][gc,stats    ]      Memory: Out Of Memory                                     0 / 0                 0 / 0                 0 / 0                 0 / 0           ops/s
[2021-02-13T17:17:59.347+0300][190.129s][info][gc,stats    ]      Memory: Page Cache Flush                                  0 / 0                 0 / 0                 0 / 0                 0 / 0           MB/s
[2021-02-13T17:17:59.347+0300][190.129s][info][gc,stats    ]      Memory: Page Cache Hit L1                                 0 / 0                 0 / 9                 0 / 9                 0 / 9           ops/s
[2021-02-13T17:17:59.347+0300][190.129s][info][gc,stats    ]      Memory: Page Cache Hit L2                                 0 / 0                 0 / 0                 0 / 0                 0 / 0           ops/s
[2021-02-13T17:17:59.347+0300][190.129s][info][gc,stats    ]      Memory: Page Cache Hit L3                                 0 / 0                 0 / 14                0 / 14                0 / 14          ops/s
[2021-02-13T17:17:59.347+0300][190.129s][info][gc,stats    ]      Memory: Page Cache Miss                                   0 / 0                 0 / 0                 0 / 0                 0 / 0           ops/s
[2021-02-13T17:17:59.347+0300][190.129s][info][gc,stats    ]      Memory: Uncommit                                          0 / 0                 0 / 0                 0 / 0                 0 / 0           MB/s
[2021-02-13T17:17:59.347+0300][190.129s][info][gc,stats    ]      Memory: Undo Object Allocation Failed                     0 / 0                 0 / 0                 0 / 0                 0 / 0           ops/s
[2021-02-13T17:17:59.347+0300][190.129s][info][gc,stats    ]      Memory: Undo Object Allocation Succeeded                  0 / 0                 0 / 1                 0 / 1                 0 / 1           ops/s
[2021-02-13T17:17:59.347+0300][190.130s][info][gc,stats    ]      Memory: Undo Page Allocation                              0 / 0                 0 / 0                 0 / 0                 0 / 0           ops/s
[2021-02-13T17:17:59.347+0300][190.130s][info][gc,stats    ]       Phase: Concurrent Mark                               0.000 / 0.000       168.208 / 221.645     168.208 / 221.645     168.208 / 221.645     ms
[2021-02-13T17:17:59.347+0300][190.130s][info][gc,stats    ]       Phase: Concurrent Mark Continue                      0.000 / 0.000         0.000 / 0.000         0.000 / 0.000         0.000 / 0.000       ms
[2021-02-13T17:17:59.347+0300][190.130s][info][gc,stats    ]       Phase: Concurrent Process Non-Strong References      0.000 / 0.000         2.037 / 2.549         2.037 / 2.549         2.037 / 2.549       ms
[2021-02-13T17:17:59.347+0300][190.130s][info][gc,stats    ]       Phase: Concurrent Relocate                           0.000 / 0.000        16.262 / 17.964       16.262 / 17.964       16.262 / 17.964      ms
[2021-02-13T17:17:59.347+0300][190.130s][info][gc,stats    ]       Phase: Concurrent Reset Relocation Set               0.000 / 0.000         0.373 / 0.741         0.373 / 0.741         0.373 / 0.741       ms
[2021-02-13T17:17:59.347+0300][190.130s][info][gc,stats    ]       Phase: Concurrent Select Relocation Set              0.000 / 0.000         7.407 / 9.944         7.407 / 9.944         7.407 / 9.944       ms
[2021-02-13T17:17:59.347+0300][190.130s][info][gc,stats    ]       Phase: Pause Mark End                                0.000 / 0.000         0.245 / 0.286         0.245 / 0.286         0.245 / 0.286       ms
[2021-02-13T17:17:59.347+0300][190.130s][info][gc,stats    ]       Phase: Pause Mark Start                              0.000 / 0.000         0.503 / 0.836         0.503 / 0.836         0.503 / 0.836       ms
[2021-02-13T17:17:59.347+0300][190.130s][info][gc,stats    ]       Phase: Pause Relocate Start                          0.000 / 0.000         0.171 / 0.175         0.171 / 0.175         0.171 / 0.175       ms
[2021-02-13T17:17:59.347+0300][190.130s][info][gc,stats    ]    Subphase: Concurrent Classes Purge                      0.000 / 0.000         0.111 / 0.118         0.111 / 0.118         0.111 / 0.118       ms
[2021-02-13T17:17:59.347+0300][190.130s][info][gc,stats    ]    Subphase: Concurrent Classes Unlink                     0.000 / 0.000         1.156 / 1.455         1.156 / 1.455         1.156 / 1.455       ms
[2021-02-13T17:17:59.347+0300][190.130s][info][gc,stats    ]    Subphase: Concurrent Mark                               0.000 / 0.000       167.938 / 221.323     167.938 / 221.323     167.938 / 221.323     ms
[2021-02-13T17:17:59.347+0300][190.130s][info][gc,stats    ]    Subphase: Concurrent Mark Idle                          0.000 / 0.000         0.000 / 0.000         0.000 / 0.000         0.000 / 0.000       ms
[2021-02-13T17:17:59.347+0300][190.130s][info][gc,stats    ]    Subphase: Concurrent Mark Try Flush                     0.000 / 0.000         0.325 / 0.568         0.325 / 0.568         0.325 / 0.568       ms
[2021-02-13T17:17:59.347+0300][190.130s][info][gc,stats    ]    Subphase: Concurrent Mark Try Terminate                 0.000 / 0.000         0.198 / 0.569         0.198 / 0.569         0.198 / 0.569       ms
[2021-02-13T17:17:59.347+0300][190.130s][info][gc,stats    ]    Subphase: Concurrent References Enqueue                 0.000 / 0.000         0.004 / 0.004         0.004 / 0.004         0.004 / 0.004       ms
[2021-02-13T17:17:59.347+0300][190.130s][info][gc,stats    ]    Subphase: Concurrent References Process                 0.000 / 0.000         0.135 / 0.143         0.135 / 0.143         0.135 / 0.143       ms
[2021-02-13T17:17:59.347+0300][190.130s][info][gc,stats    ]    Subphase: Concurrent Roots                              0.000 / 0.000         0.100 / 0.152         0.100 / 0.152         0.100 / 0.152       ms
[2021-02-13T17:17:59.347+0300][190.130s][info][gc,stats    ]    Subphase: Concurrent Roots ClassLoaderDataGraph         0.000 / 0.000         0.093 / 0.141         0.093 / 0.141         0.093 / 0.141       ms
[2021-02-13T17:17:59.347+0300][190.130s][info][gc,stats    ]    Subphase: Concurrent Roots JNIHandles                   0.000 / 0.000         0.004 / 0.006         0.004 / 0.006         0.004 / 0.006       ms
[2021-02-13T17:17:59.347+0300][190.130s][info][gc,stats    ]    Subphase: Concurrent Roots Setup                        0.000 / 0.000         0.006 / 0.006         0.006 / 0.006         0.006 / 0.006       ms
[2021-02-13T17:17:59.347+0300][190.130s][info][gc,stats    ]    Subphase: Concurrent Roots Teardown                     0.000 / 0.000         0.000 / 0.000         0.000 / 0.000         0.000 / 0.000       ms
[2021-02-13T17:17:59.347+0300][190.130s][info][gc,stats    ]    Subphase: Concurrent Roots VMHandles                    0.000 / 0.000         0.003 / 0.004         0.003 / 0.004         0.003 / 0.004       ms
[2021-02-13T17:17:59.347+0300][190.130s][info][gc,stats    ]    Subphase: Concurrent Weak Roots                         0.000 / 0.000         0.348 / 0.520         0.348 / 0.520         0.348 / 0.520       ms
[2021-02-13T17:17:59.347+0300][190.130s][info][gc,stats    ]    Subphase: Concurrent Weak Roots JNIWeakHandles          0.000 / 0.000         0.000 / 0.000         0.000 / 0.000         0.000 / 0.000       ms
[2021-02-13T17:17:59.347+0300][190.130s][info][gc,stats    ]    Subphase: Concurrent Weak Roots ResolvedMethodTable     0.000 / 0.000         0.023 / 0.035         0.023 / 0.035         0.023 / 0.035       ms
[2021-02-13T17:17:59.347+0300][190.130s][info][gc,stats    ]    Subphase: Concurrent Weak Roots StringTable             0.000 / 0.000         0.314 / 0.471         0.314 / 0.471         0.314 / 0.471       ms
[2021-02-13T17:17:59.347+0300][190.130s][info][gc,stats    ]    Subphase: Concurrent Weak Roots VMWeakHandles           0.000 / 0.000         0.010 / 0.013         0.010 / 0.013         0.010 / 0.013       ms
[2021-02-13T17:17:59.347+0300][190.130s][info][gc,stats    ]    Subphase: Pause Mark Try Complete                       0.000 / 0.000         0.022 / 0.040         0.022 / 0.040         0.022 / 0.040       ms
[2021-02-13T17:17:59.347+0300][190.130s][info][gc,stats    ]    Subphase: Pause Roots                                   0.000 / 0.000         0.105 / 0.374         0.105 / 0.374         0.105 / 0.374       ms
[2021-02-13T17:17:59.347+0300][190.130s][info][gc,stats    ]    Subphase: Pause Roots CodeCache                         0.000 / 0.000         0.000 / 0.000         0.000 / 0.000         0.000 / 0.000       ms
[2021-02-13T17:17:59.347+0300][190.130s][info][gc,stats    ]    Subphase: Pause Roots JVMTIExport                       0.000 / 0.000         0.001 / 0.003         0.001 / 0.003         0.001 / 0.003       ms
[2021-02-13T17:17:59.347+0300][190.130s][info][gc,stats    ]    Subphase: Pause Roots JVMTIWeakExport                   0.000 / 0.000         0.007 / 0.013         0.007 / 0.013         0.007 / 0.013       ms
[2021-02-13T17:17:59.347+0300][190.130s][info][gc,stats    ]    Subphase: Pause Roots Java Threads                      0.000 / 0.000         0.095 / 0.373         0.095 / 0.373         0.095 / 0.373       ms
[2021-02-13T17:17:59.347+0300][190.130s][info][gc,stats    ]    Subphase: Pause Roots Management                        0.000 / 0.000         0.007 / 0.025         0.007 / 0.025         0.007 / 0.025       ms
[2021-02-13T17:17:59.347+0300][190.130s][info][gc,stats    ]    Subphase: Pause Roots ObjectSynchronizer                0.000 / 0.000         0.000 / 0.000         0.000 / 0.000         0.000 / 0.000       ms
[2021-02-13T17:17:59.347+0300][190.130s][info][gc,stats    ]    Subphase: Pause Roots Setup                             0.000 / 0.000         0.000 / 0.001         0.000 / 0.001         0.000 / 0.001       ms
[2021-02-13T17:17:59.347+0300][190.130s][info][gc,stats    ]    Subphase: Pause Roots Teardown                          0.000 / 0.000         0.001 / 0.002         0.001 / 0.002         0.001 / 0.002       ms
[2021-02-13T17:17:59.347+0300][190.130s][info][gc,stats    ]    Subphase: Pause Roots Universe                          0.000 / 0.000         0.011 / 0.027         0.011 / 0.027         0.011 / 0.027       ms
[2021-02-13T17:17:59.347+0300][190.130s][info][gc,stats    ]    Subphase: Pause Roots VM Thread                         0.000 / 0.000         0.008 / 0.028         0.008 / 0.028         0.008 / 0.028       ms
[2021-02-13T17:17:59.347+0300][190.130s][info][gc,stats    ]    Subphase: Pause Weak Roots                              0.000 / 0.000         0.001 / 0.005         0.001 / 0.005         0.001 / 0.005       ms
[2021-02-13T17:17:59.347+0300][190.130s][info][gc,stats    ]    Subphase: Pause Weak Roots JFRWeak                      0.000 / 0.000         0.000 / 0.000         0.000 / 0.000         0.000 / 0.000       ms
[2021-02-13T17:17:59.347+0300][190.130s][info][gc,stats    ]    Subphase: Pause Weak Roots JVMTIWeakExport              0.000 / 0.000         0.003 / 0.005         0.003 / 0.005         0.003 / 0.005       ms
[2021-02-13T17:17:59.347+0300][190.130s][info][gc,stats    ]    Subphase: Pause Weak Roots Setup                        0.000 / 0.000         0.000 / 0.000         0.000 / 0.000         0.000 / 0.000       ms
[2021-02-13T17:17:59.347+0300][190.130s][info][gc,stats    ]    Subphase: Pause Weak Roots Teardown                     0.000 / 0.000         0.000 / 0.000         0.000 / 0.000         0.000 / 0.000       ms
[2021-02-13T17:17:59.348+0300][190.130s][info][gc,stats    ]      System: Java Threads                                      0 / 0                16 / 16               16 / 16               16 / 16          threads
[2021-02-13T17:17:59.348+0300][190.130s][info][gc,stats    ] =========================================================================================================================================================
[2021-02-13T17:18:09.344+0300][200.126s][info][gc,stats    ] === Garbage Collection Statistics =======================================================================================================================
[2021-02-13T17:18:09.344+0300][200.126s][info][gc,stats    ]                                                              Last 10s              Last 10m              Last 10h                Total
[2021-02-13T17:18:09.344+0300][200.126s][info][gc,stats    ]                                                              Avg / Max             Avg / Max             Avg / Max             Avg / Max
[2021-02-13T17:18:09.344+0300][200.126s][info][gc,stats    ]   Collector: Garbage Collection Cycle                      0.000 / 0.000       196.888 / 246.924     196.888 / 246.924     196.888 / 246.924     ms
[2021-02-13T17:18:09.344+0300][200.126s][info][gc,stats    ]  Contention: Mark Segment Reset Contention                     0 / 0                 0 / 0                 0 / 0                 0 / 0           ops/s
[2021-02-13T17:18:09.344+0300][200.126s][info][gc,stats    ]  Contention: Mark SeqNum Reset Contention                      0 / 0                 0 / 0                 0 / 0                 0 / 0           ops/s
[2021-02-13T17:18:09.344+0300][200.126s][info][gc,stats    ]  Contention: Relocation Contention                             0 / 0                 0 / 1                 0 / 1                 0 / 1           ops/s
[2021-02-13T17:18:09.344+0300][200.126s][info][gc,stats    ]    Critical: Allocation Stall                              0.000 / 0.000         0.000 / 0.000         0.000 / 0.000         0.000 / 0.000       ms
[2021-02-13T17:18:09.344+0300][200.127s][info][gc,stats    ]    Critical: Allocation Stall                                  0 / 0                 0 / 0                 0 / 0                 0 / 0           ops/s
[2021-02-13T17:18:09.344+0300][200.127s][info][gc,stats    ]    Critical: GC Locker Stall                               0.000 / 0.000         0.000 / 0.000         0.000 / 0.000         0.000 / 0.000       ms
[2021-02-13T17:18:09.344+0300][200.127s][info][gc,stats    ]    Critical: GC Locker Stall                                   0 / 0                 0 / 0                 0 / 0                 0 / 0           ops/s
[2021-02-13T17:18:09.344+0300][200.127s][info][gc,stats    ]      Memory: Allocation Rate                                   2 / 18                6 / 1082              6 / 1082              6 / 1082        MB/s
[2021-02-13T17:18:09.344+0300][200.127s][info][gc,stats    ]      Memory: Heap Used After Mark                              0 / 0               167 / 216             167 / 216             167 / 216         MB
[2021-02-13T17:18:09.344+0300][200.127s][info][gc,stats    ]      Memory: Heap Used After Relocation                        0 / 0               100 / 114             100 / 114             100 / 114         MB
[2021-02-13T17:18:09.344+0300][200.127s][info][gc,stats    ]      Memory: Heap Used Before Mark                             0 / 0               167 / 216             167 / 216             167 / 216         MB
[2021-02-13T17:18:09.344+0300][200.127s][info][gc,stats    ]      Memory: Heap Used Before Relocation                       0 / 0               145 / 172             145 / 172             145 / 172         MB
[2021-02-13T17:18:09.344+0300][200.127s][info][gc,stats    ]      Memory: Out Of Memory                                     0 / 0                 0 / 0                 0 / 0                 0 / 0           ops/s
[2021-02-13T17:18:09.344+0300][200.127s][info][gc,stats    ]      Memory: Page Cache Flush                                  0 / 0                 0 / 0                 0 / 0                 0 / 0           MB/s
[2021-02-13T17:18:09.344+0300][200.127s][info][gc,stats    ]      Memory: Page Cache Hit L1                                 0 / 0                 0 / 9                 0 / 9                 0 / 9           ops/s
[2021-02-13T17:18:09.344+0300][200.127s][info][gc,stats    ]      Memory: Page Cache Hit L2                                 0 / 0                 0 / 0                 0 / 0                 0 / 0           ops/s
[2021-02-13T17:18:09.344+0300][200.127s][info][gc,stats    ]      Memory: Page Cache Hit L3                                 1 / 9                 0 / 14                0 / 14                0 / 14          ops/s
[2021-02-13T17:18:09.344+0300][200.127s][info][gc,stats    ]      Memory: Page Cache Miss                                   0 / 0                 0 / 0                 0 / 0                 0 / 0           ops/s
[2021-02-13T17:18:09.344+0300][200.127s][info][gc,stats    ]      Memory: Uncommit                                          0 / 0                 0 / 0                 0 / 0                 0 / 0           MB/s
[2021-02-13T17:18:09.344+0300][200.127s][info][gc,stats    ]      Memory: Undo Object Allocation Failed                     0 / 0                 0 / 0                 0 / 0                 0 / 0           ops/s
[2021-02-13T17:18:09.344+0300][200.127s][info][gc,stats    ]      Memory: Undo Object Allocation Succeeded                  0 / 0                 0 / 1                 0 / 1                 0 / 1           ops/s
[2021-02-13T17:18:09.344+0300][200.127s][info][gc,stats    ]      Memory: Undo Page Allocation                              0 / 0                 0 / 0                 0 / 0                 0 / 0           ops/s
[2021-02-13T17:18:09.344+0300][200.127s][info][gc,stats    ]       Phase: Concurrent Mark                               0.000 / 0.000       168.208 / 221.645     168.208 / 221.645     168.208 / 221.645     ms
[2021-02-13T17:18:09.344+0300][200.127s][info][gc,stats    ]       Phase: Concurrent Mark Continue                      0.000 / 0.000         0.000 / 0.000         0.000 / 0.000         0.000 / 0.000       ms
[2021-02-13T17:18:09.344+0300][200.127s][info][gc,stats    ]       Phase: Concurrent Process Non-Strong References      0.000 / 0.000         2.037 / 2.549         2.037 / 2.549         2.037 / 2.549       ms
[2021-02-13T17:18:09.344+0300][200.127s][info][gc,stats    ]       Phase: Concurrent Relocate                           0.000 / 0.000        16.262 / 17.964       16.262 / 17.964       16.262 / 17.964      ms
[2021-02-13T17:18:09.344+0300][200.127s][info][gc,stats    ]       Phase: Concurrent Reset Relocation Set               0.000 / 0.000         0.373 / 0.741         0.373 / 0.741         0.373 / 0.741       ms
[2021-02-13T17:18:09.344+0300][200.127s][info][gc,stats    ]       Phase: Concurrent Select Relocation Set              0.000 / 0.000         7.407 / 9.944         7.407 / 9.944         7.407 / 9.944       ms
[2021-02-13T17:18:09.344+0300][200.127s][info][gc,stats    ]       Phase: Pause Mark End                                0.000 / 0.000         0.245 / 0.286         0.245 / 0.286         0.245 / 0.286       ms
[2021-02-13T17:18:09.344+0300][200.127s][info][gc,stats    ]       Phase: Pause Mark Start                              0.000 / 0.000         0.503 / 0.836         0.503 / 0.836         0.503 / 0.836       ms
[2021-02-13T17:18:09.344+0300][200.127s][info][gc,stats    ]       Phase: Pause Relocate Start                          0.000 / 0.000         0.171 / 0.175         0.171 / 0.175         0.171 / 0.175       ms
[2021-02-13T17:18:09.344+0300][200.127s][info][gc,stats    ]    Subphase: Concurrent Classes Purge                      0.000 / 0.000         0.111 / 0.118         0.111 / 0.118         0.111 / 0.118       ms
[2021-02-13T17:18:09.344+0300][200.127s][info][gc,stats    ]    Subphase: Concurrent Classes Unlink                     0.000 / 0.000         1.156 / 1.455         1.156 / 1.455         1.156 / 1.455       ms
[2021-02-13T17:18:09.344+0300][200.127s][info][gc,stats    ]    Subphase: Concurrent Mark                               0.000 / 0.000       167.938 / 221.323     167.938 / 221.323     167.938 / 221.323     ms
[2021-02-13T17:18:09.344+0300][200.127s][info][gc,stats    ]    Subphase: Concurrent Mark Idle                          0.000 / 0.000         0.000 / 0.000         0.000 / 0.000         0.000 / 0.000       ms
[2021-02-13T17:18:09.344+0300][200.127s][info][gc,stats    ]    Subphase: Concurrent Mark Try Flush                     0.000 / 0.000         0.325 / 0.568         0.325 / 0.568         0.325 / 0.568       ms
[2021-02-13T17:18:09.344+0300][200.127s][info][gc,stats    ]    Subphase: Concurrent Mark Try Terminate                 0.000 / 0.000         0.198 / 0.569         0.198 / 0.569         0.198 / 0.569       ms
[2021-02-13T17:18:09.344+0300][200.127s][info][gc,stats    ]    Subphase: Concurrent References Enqueue                 0.000 / 0.000         0.004 / 0.004         0.004 / 0.004         0.004 / 0.004       ms
[2021-02-13T17:18:09.344+0300][200.127s][info][gc,stats    ]    Subphase: Concurrent References Process                 0.000 / 0.000         0.135 / 0.143         0.135 / 0.143         0.135 / 0.143       ms
[2021-02-13T17:18:09.344+0300][200.127s][info][gc,stats    ]    Subphase: Concurrent Roots                              0.000 / 0.000         0.100 / 0.152         0.100 / 0.152         0.100 / 0.152       ms
[2021-02-13T17:18:09.344+0300][200.127s][info][gc,stats    ]    Subphase: Concurrent Roots ClassLoaderDataGraph         0.000 / 0.000         0.093 / 0.141         0.093 / 0.141         0.093 / 0.141       ms
[2021-02-13T17:18:09.344+0300][200.127s][info][gc,stats    ]    Subphase: Concurrent Roots JNIHandles                   0.000 / 0.000         0.004 / 0.006         0.004 / 0.006         0.004 / 0.006       ms
[2021-02-13T17:18:09.344+0300][200.127s][info][gc,stats    ]    Subphase: Concurrent Roots Setup                        0.000 / 0.000         0.006 / 0.006         0.006 / 0.006         0.006 / 0.006       ms
[2021-02-13T17:18:09.344+0300][200.127s][info][gc,stats    ]    Subphase: Concurrent Roots Teardown                     0.000 / 0.000         0.000 / 0.000         0.000 / 0.000         0.000 / 0.000       ms
[2021-02-13T17:18:09.344+0300][200.127s][info][gc,stats    ]    Subphase: Concurrent Roots VMHandles                    0.000 / 0.000         0.003 / 0.004         0.003 / 0.004         0.003 / 0.004       ms
[2021-02-13T17:18:09.344+0300][200.127s][info][gc,stats    ]    Subphase: Concurrent Weak Roots                         0.000 / 0.000         0.348 / 0.520         0.348 / 0.520         0.348 / 0.520       ms
[2021-02-13T17:18:09.344+0300][200.127s][info][gc,stats    ]    Subphase: Concurrent Weak Roots JNIWeakHandles          0.000 / 0.000         0.000 / 0.000         0.000 / 0.000         0.000 / 0.000       ms
[2021-02-13T17:18:09.344+0300][200.127s][info][gc,stats    ]    Subphase: Concurrent Weak Roots ResolvedMethodTable     0.000 / 0.000         0.023 / 0.035         0.023 / 0.035         0.023 / 0.035       ms
[2021-02-13T17:18:09.344+0300][200.127s][info][gc,stats    ]    Subphase: Concurrent Weak Roots StringTable             0.000 / 0.000         0.314 / 0.471         0.314 / 0.471         0.314 / 0.471       ms
[2021-02-13T17:18:09.344+0300][200.127s][info][gc,stats    ]    Subphase: Concurrent Weak Roots VMWeakHandles           0.000 / 0.000         0.010 / 0.013         0.010 / 0.013         0.010 / 0.013       ms
[2021-02-13T17:18:09.344+0300][200.127s][info][gc,stats    ]    Subphase: Pause Mark Try Complete                       0.000 / 0.000         0.022 / 0.040         0.022 / 0.040         0.022 / 0.040       ms
[2021-02-13T17:18:09.344+0300][200.127s][info][gc,stats    ]    Subphase: Pause Roots                                   0.000 / 0.000         0.105 / 0.374         0.105 / 0.374         0.105 / 0.374       ms
[2021-02-13T17:18:09.344+0300][200.127s][info][gc,stats    ]    Subphase: Pause Roots CodeCache                         0.000 / 0.000         0.000 / 0.000         0.000 / 0.000         0.000 / 0.000       ms
[2021-02-13T17:18:09.344+0300][200.127s][info][gc,stats    ]    Subphase: Pause Roots JVMTIExport                       0.000 / 0.000         0.001 / 0.003         0.001 / 0.003         0.001 / 0.003       ms
[2021-02-13T17:18:09.344+0300][200.127s][info][gc,stats    ]    Subphase: Pause Roots JVMTIWeakExport                   0.000 / 0.000         0.007 / 0.013         0.007 / 0.013         0.007 / 0.013       ms
[2021-02-13T17:18:09.344+0300][200.127s][info][gc,stats    ]    Subphase: Pause Roots Java Threads                      0.000 / 0.000         0.095 / 0.373         0.095 / 0.373         0.095 / 0.373       ms
[2021-02-13T17:18:09.344+0300][200.127s][info][gc,stats    ]    Subphase: Pause Roots Management                        0.000 / 0.000         0.007 / 0.025         0.007 / 0.025         0.007 / 0.025       ms
[2021-02-13T17:18:09.344+0300][200.127s][info][gc,stats    ]    Subphase: Pause Roots ObjectSynchronizer                0.000 / 0.000         0.000 / 0.000         0.000 / 0.000         0.000 / 0.000       ms
[2021-02-13T17:18:09.344+0300][200.127s][info][gc,stats    ]    Subphase: Pause Roots Setup                             0.000 / 0.000         0.000 / 0.001         0.000 / 0.001         0.000 / 0.001       ms
[2021-02-13T17:18:09.344+0300][200.127s][info][gc,stats    ]    Subphase: Pause Roots Teardown                          0.000 / 0.000         0.001 / 0.002         0.001 / 0.002         0.001 / 0.002       ms
[2021-02-13T17:18:09.344+0300][200.127s][info][gc,stats    ]    Subphase: Pause Roots Universe                          0.000 / 0.000         0.011 / 0.027         0.011 / 0.027         0.011 / 0.027       ms
[2021-02-13T17:18:09.344+0300][200.127s][info][gc,stats    ]    Subphase: Pause Roots VM Thread                         0.000 / 0.000         0.008 / 0.028         0.008 / 0.028         0.008 / 0.028       ms
[2021-02-13T17:18:09.344+0300][200.127s][info][gc,stats    ]    Subphase: Pause Weak Roots                              0.000 / 0.000         0.001 / 0.005         0.001 / 0.005         0.001 / 0.005       ms
[2021-02-13T17:18:09.344+0300][200.127s][info][gc,stats    ]    Subphase: Pause Weak Roots JFRWeak                      0.000 / 0.000         0.000 / 0.000         0.000 / 0.000         0.000 / 0.000       ms
[2021-02-13T17:18:09.344+0300][200.127s][info][gc,stats    ]    Subphase: Pause Weak Roots JVMTIWeakExport              0.000 / 0.000         0.003 / 0.005         0.003 / 0.005         0.003 / 0.005       ms
[2021-02-13T17:18:09.344+0300][200.127s][info][gc,stats    ]    Subphase: Pause Weak Roots Setup                        0.000 / 0.000         0.000 / 0.000         0.000 / 0.000         0.000 / 0.000       ms
[2021-02-13T17:18:09.345+0300][200.127s][info][gc,stats    ]    Subphase: Pause Weak Roots Teardown                     0.000 / 0.000         0.000 / 0.000         0.000 / 0.000         0.000 / 0.000       ms
[2021-02-13T17:18:09.345+0300][200.127s][info][gc,stats    ]      System: Java Threads                                      0 / 0                16 / 16               16 / 16               16 / 16          threads
[2021-02-13T17:18:09.345+0300][200.127s][info][gc,stats    ] =========================================================================================================================================================
[2021-02-13T17:18:19.348+0300][210.130s][info][gc,stats    ] === Garbage Collection Statistics =======================================================================================================================
[2021-02-13T17:18:19.348+0300][210.131s][info][gc,stats    ]                                                              Last 10s              Last 10m              Last 10h                Total
[2021-02-13T17:18:19.348+0300][210.131s][info][gc,stats    ]                                                              Avg / Max             Avg / Max             Avg / Max             Avg / Max
[2021-02-13T17:18:19.348+0300][210.131s][info][gc,stats    ]   Collector: Garbage Collection Cycle                      0.000 / 0.000       196.888 / 246.924     196.888 / 246.924     196.888 / 246.924     ms
[2021-02-13T17:18:19.348+0300][210.131s][info][gc,stats    ]  Contention: Mark Segment Reset Contention                     0 / 0                 0 / 0                 0 / 0                 0 / 0           ops/s
[2021-02-13T17:18:19.348+0300][210.131s][info][gc,stats    ]  Contention: Mark SeqNum Reset Contention                      0 / 0                 0 / 0                 0 / 0                 0 / 0           ops/s
[2021-02-13T17:18:19.348+0300][210.131s][info][gc,stats    ]  Contention: Relocation Contention                             0 / 0                 0 / 1                 0 / 1                 0 / 1           ops/s
[2021-02-13T17:18:19.348+0300][210.131s][info][gc,stats    ]    Critical: Allocation Stall                              0.000 / 0.000         0.000 / 0.000         0.000 / 0.000         0.000 / 0.000       ms
[2021-02-13T17:18:19.348+0300][210.131s][info][gc,stats    ]    Critical: Allocation Stall                                  0 / 0                 0 / 0                 0 / 0                 0 / 0           ops/s
[2021-02-13T17:18:19.348+0300][210.131s][info][gc,stats    ]    Critical: GC Locker Stall                               0.000 / 0.000         0.000 / 0.000         0.000 / 0.000         0.000 / 0.000       ms
[2021-02-13T17:18:19.348+0300][210.131s][info][gc,stats    ]    Critical: GC Locker Stall                                   0 / 0                 0 / 0                 0 / 0                 0 / 0           ops/s
[2021-02-13T17:18:19.348+0300][210.131s][info][gc,stats    ]      Memory: Allocation Rate                                   0 / 2                 6 / 1082              6 / 1082              6 / 1082        MB/s
[2021-02-13T17:18:19.348+0300][210.131s][info][gc,stats    ]      Memory: Heap Used After Mark                              0 / 0               167 / 216             167 / 216             167 / 216         MB
[2021-02-13T17:18:19.348+0300][210.131s][info][gc,stats    ]      Memory: Heap Used After Relocation                        0 / 0               100 / 114             100 / 114             100 / 114         MB
[2021-02-13T17:18:19.348+0300][210.131s][info][gc,stats    ]      Memory: Heap Used Before Mark                             0 / 0               167 / 216             167 / 216             167 / 216         MB
[2021-02-13T17:18:19.348+0300][210.131s][info][gc,stats    ]      Memory: Heap Used Before Relocation                       0 / 0               145 / 172             145 / 172             145 / 172         MB
[2021-02-13T17:18:19.348+0300][210.131s][info][gc,stats    ]      Memory: Out Of Memory                                     0 / 0                 0 / 0                 0 / 0                 0 / 0           ops/s
[2021-02-13T17:18:19.348+0300][210.131s][info][gc,stats    ]      Memory: Page Cache Flush                                  0 / 0                 0 / 0                 0 / 0                 0 / 0           MB/s
[2021-02-13T17:18:19.348+0300][210.131s][info][gc,stats    ]      Memory: Page Cache Hit L1                                 0 / 0                 0 / 9                 0 / 9                 0 / 9           ops/s
[2021-02-13T17:18:19.348+0300][210.131s][info][gc,stats    ]      Memory: Page Cache Hit L2                                 0 / 0                 0 / 0                 0 / 0                 0 / 0           ops/s
[2021-02-13T17:18:19.348+0300][210.131s][info][gc,stats    ]      Memory: Page Cache Hit L3                                 0 / 1                 0 / 14                0 / 14                0 / 14          ops/s
[2021-02-13T17:18:19.348+0300][210.131s][info][gc,stats    ]      Memory: Page Cache Miss                                   0 / 0                 0 / 0                 0 / 0                 0 / 0           ops/s
[2021-02-13T17:18:19.348+0300][210.131s][info][gc,stats    ]      Memory: Uncommit                                          0 / 0                 0 / 0                 0 / 0                 0 / 0           MB/s
[2021-02-13T17:18:19.348+0300][210.131s][info][gc,stats    ]      Memory: Undo Object Allocation Failed                     0 / 0                 0 / 0                 0 / 0                 0 / 0           ops/s
[2021-02-13T17:18:19.348+0300][210.131s][info][gc,stats    ]      Memory: Undo Object Allocation Succeeded                  0 / 0                 0 / 1                 0 / 1                 0 / 1           ops/s
[2021-02-13T17:18:19.348+0300][210.131s][info][gc,stats    ]      Memory: Undo Page Allocation                              0 / 0                 0 / 0                 0 / 0                 0 / 0           ops/s
[2021-02-13T17:18:19.348+0300][210.131s][info][gc,stats    ]       Phase: Concurrent Mark                               0.000 / 0.000       168.208 / 221.645     168.208 / 221.645     168.208 / 221.645     ms
[2021-02-13T17:18:19.348+0300][210.131s][info][gc,stats    ]       Phase: Concurrent Mark Continue                      0.000 / 0.000         0.000 / 0.000         0.000 / 0.000         0.000 / 0.000       ms
[2021-02-13T17:18:19.348+0300][210.131s][info][gc,stats    ]       Phase: Concurrent Process Non-Strong References      0.000 / 0.000         2.037 / 2.549         2.037 / 2.549         2.037 / 2.549       ms
[2021-02-13T17:18:19.348+0300][210.131s][info][gc,stats    ]       Phase: Concurrent Relocate                           0.000 / 0.000        16.262 / 17.964       16.262 / 17.964       16.262 / 17.964      ms
[2021-02-13T17:18:19.348+0300][210.131s][info][gc,stats    ]       Phase: Concurrent Reset Relocation Set               0.000 / 0.000         0.373 / 0.741         0.373 / 0.741         0.373 / 0.741       ms
[2021-02-13T17:18:19.348+0300][210.131s][info][gc,stats    ]       Phase: Concurrent Select Relocation Set              0.000 / 0.000         7.407 / 9.944         7.407 / 9.944         7.407 / 9.944       ms
[2021-02-13T17:18:19.348+0300][210.131s][info][gc,stats    ]       Phase: Pause Mark End                                0.000 / 0.000         0.245 / 0.286         0.245 / 0.286         0.245 / 0.286       ms
[2021-02-13T17:18:19.348+0300][210.131s][info][gc,stats    ]       Phase: Pause Mark Start                              0.000 / 0.000         0.503 / 0.836         0.503 / 0.836         0.503 / 0.836       ms
[2021-02-13T17:18:19.348+0300][210.131s][info][gc,stats    ]       Phase: Pause Relocate Start                          0.000 / 0.000         0.171 / 0.175         0.171 / 0.175         0.171 / 0.175       ms
[2021-02-13T17:18:19.348+0300][210.131s][info][gc,stats    ]    Subphase: Concurrent Classes Purge                      0.000 / 0.000         0.111 / 0.118         0.111 / 0.118         0.111 / 0.118       ms
[2021-02-13T17:18:19.348+0300][210.131s][info][gc,stats    ]    Subphase: Concurrent Classes Unlink                     0.000 / 0.000         1.156 / 1.455         1.156 / 1.455         1.156 / 1.455       ms
[2021-02-13T17:18:19.348+0300][210.131s][info][gc,stats    ]    Subphase: Concurrent Mark                               0.000 / 0.000       167.938 / 221.323     167.938 / 221.323     167.938 / 221.323     ms
[2021-02-13T17:18:19.348+0300][210.131s][info][gc,stats    ]    Subphase: Concurrent Mark Idle                          0.000 / 0.000         0.000 / 0.000         0.000 / 0.000         0.000 / 0.000       ms
[2021-02-13T17:18:19.348+0300][210.131s][info][gc,stats    ]    Subphase: Concurrent Mark Try Flush                     0.000 / 0.000         0.325 / 0.568         0.325 / 0.568         0.325 / 0.568       ms
[2021-02-13T17:18:19.348+0300][210.131s][info][gc,stats    ]    Subphase: Concurrent Mark Try Terminate                 0.000 / 0.000         0.198 / 0.569         0.198 / 0.569         0.198 / 0.569       ms
[2021-02-13T17:18:19.348+0300][210.131s][info][gc,stats    ]    Subphase: Concurrent References Enqueue                 0.000 / 0.000         0.004 / 0.004         0.004 / 0.004         0.004 / 0.004       ms
[2021-02-13T17:18:19.348+0300][210.131s][info][gc,stats    ]    Subphase: Concurrent References Process                 0.000 / 0.000         0.135 / 0.143         0.135 / 0.143         0.135 / 0.143       ms
[2021-02-13T17:18:19.348+0300][210.131s][info][gc,stats    ]    Subphase: Concurrent Roots                              0.000 / 0.000         0.100 / 0.152         0.100 / 0.152         0.100 / 0.152       ms
[2021-02-13T17:18:19.348+0300][210.131s][info][gc,stats    ]    Subphase: Concurrent Roots ClassLoaderDataGraph         0.000 / 0.000         0.093 / 0.141         0.093 / 0.141         0.093 / 0.141       ms
[2021-02-13T17:18:19.348+0300][210.131s][info][gc,stats    ]    Subphase: Concurrent Roots JNIHandles                   0.000 / 0.000         0.004 / 0.006         0.004 / 0.006         0.004 / 0.006       ms
[2021-02-13T17:18:19.348+0300][210.131s][info][gc,stats    ]    Subphase: Concurrent Roots Setup                        0.000 / 0.000         0.006 / 0.006         0.006 / 0.006         0.006 / 0.006       ms
[2021-02-13T17:18:19.348+0300][210.131s][info][gc,stats    ]    Subphase: Concurrent Roots Teardown                     0.000 / 0.000         0.000 / 0.000         0.000 / 0.000         0.000 / 0.000       ms
[2021-02-13T17:18:19.348+0300][210.131s][info][gc,stats    ]    Subphase: Concurrent Roots VMHandles                    0.000 / 0.000         0.003 / 0.004         0.003 / 0.004         0.003 / 0.004       ms
[2021-02-13T17:18:19.348+0300][210.131s][info][gc,stats    ]    Subphase: Concurrent Weak Roots                         0.000 / 0.000         0.348 / 0.520         0.348 / 0.520         0.348 / 0.520       ms
[2021-02-13T17:18:19.348+0300][210.131s][info][gc,stats    ]    Subphase: Concurrent Weak Roots JNIWeakHandles          0.000 / 0.000         0.000 / 0.000         0.000 / 0.000         0.000 / 0.000       ms
[2021-02-13T17:18:19.348+0300][210.131s][info][gc,stats    ]    Subphase: Concurrent Weak Roots ResolvedMethodTable     0.000 / 0.000         0.023 / 0.035         0.023 / 0.035         0.023 / 0.035       ms
[2021-02-13T17:18:19.348+0300][210.131s][info][gc,stats    ]    Subphase: Concurrent Weak Roots StringTable             0.000 / 0.000         0.314 / 0.471         0.314 / 0.471         0.314 / 0.471       ms
[2021-02-13T17:18:19.348+0300][210.131s][info][gc,stats    ]    Subphase: Concurrent Weak Roots VMWeakHandles           0.000 / 0.000         0.010 / 0.013         0.010 / 0.013         0.010 / 0.013       ms
[2021-02-13T17:18:19.348+0300][210.131s][info][gc,stats    ]    Subphase: Pause Mark Try Complete                       0.000 / 0.000         0.022 / 0.040         0.022 / 0.040         0.022 / 0.040       ms
[2021-02-13T17:18:19.348+0300][210.131s][info][gc,stats    ]    Subphase: Pause Roots                                   0.000 / 0.000         0.105 / 0.374         0.105 / 0.374         0.105 / 0.374       ms
[2021-02-13T17:18:19.348+0300][210.131s][info][gc,stats    ]    Subphase: Pause Roots CodeCache                         0.000 / 0.000         0.000 / 0.000         0.000 / 0.000         0.000 / 0.000       ms
[2021-02-13T17:18:19.348+0300][210.131s][info][gc,stats    ]    Subphase: Pause Roots JVMTIExport                       0.000 / 0.000         0.001 / 0.003         0.001 / 0.003         0.001 / 0.003       ms
[2021-02-13T17:18:19.348+0300][210.131s][info][gc,stats    ]    Subphase: Pause Roots JVMTIWeakExport                   0.000 / 0.000         0.007 / 0.013         0.007 / 0.013         0.007 / 0.013       ms
[2021-02-13T17:18:19.348+0300][210.131s][info][gc,stats    ]    Subphase: Pause Roots Java Threads                      0.000 / 0.000         0.095 / 0.373         0.095 / 0.373         0.095 / 0.373       ms
[2021-02-13T17:18:19.348+0300][210.131s][info][gc,stats    ]    Subphase: Pause Roots Management                        0.000 / 0.000         0.007 / 0.025         0.007 / 0.025         0.007 / 0.025       ms
[2021-02-13T17:18:19.348+0300][210.131s][info][gc,stats    ]    Subphase: Pause Roots ObjectSynchronizer                0.000 / 0.000         0.000 / 0.000         0.000 / 0.000         0.000 / 0.000       ms
[2021-02-13T17:18:19.348+0300][210.131s][info][gc,stats    ]    Subphase: Pause Roots Setup                             0.000 / 0.000         0.000 / 0.001         0.000 / 0.001         0.000 / 0.001       ms
[2021-02-13T17:18:19.348+0300][210.131s][info][gc,stats    ]    Subphase: Pause Roots Teardown                          0.000 / 0.000         0.001 / 0.002         0.001 / 0.002         0.001 / 0.002       ms
[2021-02-13T17:18:19.348+0300][210.131s][info][gc,stats    ]    Subphase: Pause Roots Universe                          0.000 / 0.000         0.011 / 0.027         0.011 / 0.027         0.011 / 0.027       ms
[2021-02-13T17:18:19.348+0300][210.131s][info][gc,stats    ]    Subphase: Pause Roots VM Thread                         0.000 / 0.000         0.008 / 0.028         0.008 / 0.028         0.008 / 0.028       ms
[2021-02-13T17:18:19.348+0300][210.131s][info][gc,stats    ]    Subphase: Pause Weak Roots                              0.000 / 0.000         0.001 / 0.005         0.001 / 0.005         0.001 / 0.005       ms
[2021-02-13T17:18:19.348+0300][210.131s][info][gc,stats    ]    Subphase: Pause Weak Roots JFRWeak                      0.000 / 0.000         0.000 / 0.000         0.000 / 0.000         0.000 / 0.000       ms
[2021-02-13T17:18:19.348+0300][210.131s][info][gc,stats    ]    Subphase: Pause Weak Roots JVMTIWeakExport              0.000 / 0.000         0.003 / 0.005         0.003 / 0.005         0.003 / 0.005       ms
[2021-02-13T17:18:19.349+0300][210.131s][info][gc,stats    ]    Subphase: Pause Weak Roots Setup                        0.000 / 0.000         0.000 / 0.000         0.000 / 0.000         0.000 / 0.000       ms
[2021-02-13T17:18:19.349+0300][210.131s][info][gc,stats    ]    Subphase: Pause Weak Roots Teardown                     0.000 / 0.000         0.000 / 0.000         0.000 / 0.000         0.000 / 0.000       ms
[2021-02-13T17:18:19.349+0300][210.131s][info][gc,stats    ]      System: Java Threads                                      0 / 0                16 / 16               16 / 16               16 / 16          threads
[2021-02-13T17:18:19.349+0300][210.131s][info][gc,stats    ] =========================================================================================================================================================
[2021-02-13T17:18:29.349+0300][220.131s][info][gc,stats    ] === Garbage Collection Statistics =======================================================================================================================
[2021-02-13T17:18:29.349+0300][220.132s][info][gc,stats    ]                                                              Last 10s              Last 10m              Last 10h                Total
[2021-02-13T17:18:29.349+0300][220.132s][info][gc,stats    ]                                                              Avg / Max             Avg / Max             Avg / Max             Avg / Max
[2021-02-13T17:18:29.349+0300][220.132s][info][gc,stats    ]   Collector: Garbage Collection Cycle                      0.000 / 0.000       196.888 / 246.924     196.888 / 246.924     196.888 / 246.924     ms
[2021-02-13T17:18:29.349+0300][220.132s][info][gc,stats    ]  Contention: Mark Segment Reset Contention                     0 / 0                 0 / 0                 0 / 0                 0 / 0           ops/s
[2021-02-13T17:18:29.349+0300][220.132s][info][gc,stats    ]  Contention: Mark SeqNum Reset Contention                      0 / 0                 0 / 0                 0 / 0                 0 / 0           ops/s
[2021-02-13T17:18:29.349+0300][220.132s][info][gc,stats    ]  Contention: Relocation Contention                             0 / 0                 0 / 1                 0 / 1                 0 / 1           ops/s
[2021-02-13T17:18:29.349+0300][220.132s][info][gc,stats    ]    Critical: Allocation Stall                              0.000 / 0.000         0.000 / 0.000         0.000 / 0.000         0.000 / 0.000       ms
[2021-02-13T17:18:29.349+0300][220.132s][info][gc,stats    ]    Critical: Allocation Stall                                  0 / 0                 0 / 0                 0 / 0                 0 / 0           ops/s
[2021-02-13T17:18:29.349+0300][220.132s][info][gc,stats    ]    Critical: GC Locker Stall                               0.000 / 0.000         0.000 / 0.000         0.000 / 0.000         0.000 / 0.000       ms
[2021-02-13T17:18:29.349+0300][220.132s][info][gc,stats    ]    Critical: GC Locker Stall                                   0 / 0                 0 / 0                 0 / 0                 0 / 0           ops/s
[2021-02-13T17:18:29.349+0300][220.132s][info][gc,stats    ]      Memory: Allocation Rate                                   0 / 0                 6 / 1082              6 / 1082              6 / 1082        MB/s
[2021-02-13T17:18:29.349+0300][220.132s][info][gc,stats    ]      Memory: Heap Used After Mark                              0 / 0               167 / 216             167 / 216             167 / 216         MB
[2021-02-13T17:18:29.349+0300][220.132s][info][gc,stats    ]      Memory: Heap Used After Relocation                        0 / 0               100 / 114             100 / 114             100 / 114         MB
[2021-02-13T17:18:29.349+0300][220.132s][info][gc,stats    ]      Memory: Heap Used Before Mark                             0 / 0               167 / 216             167 / 216             167 / 216         MB
[2021-02-13T17:18:29.349+0300][220.132s][info][gc,stats    ]      Memory: Heap Used Before Relocation                       0 / 0               145 / 172             145 / 172             145 / 172         MB
[2021-02-13T17:18:29.349+0300][220.132s][info][gc,stats    ]      Memory: Out Of Memory                                     0 / 0                 0 / 0                 0 / 0                 0 / 0           ops/s
[2021-02-13T17:18:29.349+0300][220.132s][info][gc,stats    ]      Memory: Page Cache Flush                                  0 / 0                 0 / 0                 0 / 0                 0 / 0           MB/s
[2021-02-13T17:18:29.349+0300][220.132s][info][gc,stats    ]      Memory: Page Cache Hit L1                                 0 / 0                 0 / 9                 0 / 9                 0 / 9           ops/s
[2021-02-13T17:18:29.349+0300][220.132s][info][gc,stats    ]      Memory: Page Cache Hit L2                                 0 / 0                 0 / 0                 0 / 0                 0 / 0           ops/s
[2021-02-13T17:18:29.349+0300][220.132s][info][gc,stats    ]      Memory: Page Cache Hit L3                                 0 / 0                 0 / 14                0 / 14                0 / 14          ops/s
[2021-02-13T17:18:29.349+0300][220.132s][info][gc,stats    ]      Memory: Page Cache Miss                                   0 / 0                 0 / 0                 0 / 0                 0 / 0           ops/s
[2021-02-13T17:18:29.349+0300][220.132s][info][gc,stats    ]      Memory: Uncommit                                          0 / 0                 0 / 0                 0 / 0                 0 / 0           MB/s
[2021-02-13T17:18:29.349+0300][220.132s][info][gc,stats    ]      Memory: Undo Object Allocation Failed                     0 / 0                 0 / 0                 0 / 0                 0 / 0           ops/s
[2021-02-13T17:18:29.349+0300][220.132s][info][gc,stats    ]      Memory: Undo Object Allocation Succeeded                  0 / 0                 0 / 1                 0 / 1                 0 / 1           ops/s
[2021-02-13T17:18:29.349+0300][220.132s][info][gc,stats    ]      Memory: Undo Page Allocation                              0 / 0                 0 / 0                 0 / 0                 0 / 0           ops/s
[2021-02-13T17:18:29.349+0300][220.132s][info][gc,stats    ]       Phase: Concurrent Mark                               0.000 / 0.000       168.208 / 221.645     168.208 / 221.645     168.208 / 221.645     ms
[2021-02-13T17:18:29.349+0300][220.132s][info][gc,stats    ]       Phase: Concurrent Mark Continue                      0.000 / 0.000         0.000 / 0.000         0.000 / 0.000         0.000 / 0.000       ms
[2021-02-13T17:18:29.349+0300][220.132s][info][gc,stats    ]       Phase: Concurrent Process Non-Strong References      0.000 / 0.000         2.037 / 2.549         2.037 / 2.549         2.037 / 2.549       ms
[2021-02-13T17:18:29.349+0300][220.132s][info][gc,stats    ]       Phase: Concurrent Relocate                           0.000 / 0.000        16.262 / 17.964       16.262 / 17.964       16.262 / 17.964      ms
[2021-02-13T17:18:29.349+0300][220.132s][info][gc,stats    ]       Phase: Concurrent Reset Relocation Set               0.000 / 0.000         0.373 / 0.741         0.373 / 0.741         0.373 / 0.741       ms
[2021-02-13T17:18:29.349+0300][220.132s][info][gc,stats    ]       Phase: Concurrent Select Relocation Set              0.000 / 0.000         7.407 / 9.944         7.407 / 9.944         7.407 / 9.944       ms
[2021-02-13T17:18:29.349+0300][220.132s][info][gc,stats    ]       Phase: Pause Mark End                                0.000 / 0.000         0.245 / 0.286         0.245 / 0.286         0.245 / 0.286       ms
[2021-02-13T17:18:29.349+0300][220.132s][info][gc,stats    ]       Phase: Pause Mark Start                              0.000 / 0.000         0.503 / 0.836         0.503 / 0.836         0.503 / 0.836       ms
[2021-02-13T17:18:29.349+0300][220.132s][info][gc,stats    ]       Phase: Pause Relocate Start                          0.000 / 0.000         0.171 / 0.175         0.171 / 0.175         0.171 / 0.175       ms
[2021-02-13T17:18:29.349+0300][220.132s][info][gc,stats    ]    Subphase: Concurrent Classes Purge                      0.000 / 0.000         0.111 / 0.118         0.111 / 0.118         0.111 / 0.118       ms
[2021-02-13T17:18:29.349+0300][220.132s][info][gc,stats    ]    Subphase: Concurrent Classes Unlink                     0.000 / 0.000         1.156 / 1.455         1.156 / 1.455         1.156 / 1.455       ms
[2021-02-13T17:18:29.349+0300][220.132s][info][gc,stats    ]    Subphase: Concurrent Mark                               0.000 / 0.000       167.938 / 221.323     167.938 / 221.323     167.938 / 221.323     ms
[2021-02-13T17:18:29.349+0300][220.132s][info][gc,stats    ]    Subphase: Concurrent Mark Idle                          0.000 / 0.000         0.000 / 0.000         0.000 / 0.000         0.000 / 0.000       ms
[2021-02-13T17:18:29.349+0300][220.132s][info][gc,stats    ]    Subphase: Concurrent Mark Try Flush                     0.000 / 0.000         0.325 / 0.568         0.325 / 0.568         0.325 / 0.568       ms
[2021-02-13T17:18:29.349+0300][220.132s][info][gc,stats    ]    Subphase: Concurrent Mark Try Terminate                 0.000 / 0.000         0.198 / 0.569         0.198 / 0.569         0.198 / 0.569       ms
[2021-02-13T17:18:29.349+0300][220.132s][info][gc,stats    ]    Subphase: Concurrent References Enqueue                 0.000 / 0.000         0.004 / 0.004         0.004 / 0.004         0.004 / 0.004       ms
[2021-02-13T17:18:29.349+0300][220.132s][info][gc,stats    ]    Subphase: Concurrent References Process                 0.000 / 0.000         0.135 / 0.143         0.135 / 0.143         0.135 / 0.143       ms
[2021-02-13T17:18:29.349+0300][220.132s][info][gc,stats    ]    Subphase: Concurrent Roots                              0.000 / 0.000         0.100 / 0.152         0.100 / 0.152         0.100 / 0.152       ms
[2021-02-13T17:18:29.349+0300][220.132s][info][gc,stats    ]    Subphase: Concurrent Roots ClassLoaderDataGraph         0.000 / 0.000         0.093 / 0.141         0.093 / 0.141         0.093 / 0.141       ms
[2021-02-13T17:18:29.349+0300][220.132s][info][gc,stats    ]    Subphase: Concurrent Roots JNIHandles                   0.000 / 0.000         0.004 / 0.006         0.004 / 0.006         0.004 / 0.006       ms
[2021-02-13T17:18:29.349+0300][220.132s][info][gc,stats    ]    Subphase: Concurrent Roots Setup                        0.000 / 0.000         0.006 / 0.006         0.006 / 0.006         0.006 / 0.006       ms
[2021-02-13T17:18:29.349+0300][220.132s][info][gc,stats    ]    Subphase: Concurrent Roots Teardown                     0.000 / 0.000         0.000 / 0.000         0.000 / 0.000         0.000 / 0.000       ms
[2021-02-13T17:18:29.349+0300][220.132s][info][gc,stats    ]    Subphase: Concurrent Roots VMHandles                    0.000 / 0.000         0.003 / 0.004         0.003 / 0.004         0.003 / 0.004       ms
[2021-02-13T17:18:29.349+0300][220.132s][info][gc,stats    ]    Subphase: Concurrent Weak Roots                         0.000 / 0.000         0.348 / 0.520         0.348 / 0.520         0.348 / 0.520       ms
[2021-02-13T17:18:29.349+0300][220.132s][info][gc,stats    ]    Subphase: Concurrent Weak Roots JNIWeakHandles          0.000 / 0.000         0.000 / 0.000         0.000 / 0.000         0.000 / 0.000       ms
[2021-02-13T17:18:29.349+0300][220.132s][info][gc,stats    ]    Subphase: Concurrent Weak Roots ResolvedMethodTable     0.000 / 0.000         0.023 / 0.035         0.023 / 0.035         0.023 / 0.035       ms
[2021-02-13T17:18:29.349+0300][220.132s][info][gc,stats    ]    Subphase: Concurrent Weak Roots StringTable             0.000 / 0.000         0.314 / 0.471         0.314 / 0.471         0.314 / 0.471       ms
[2021-02-13T17:18:29.349+0300][220.132s][info][gc,stats    ]    Subphase: Concurrent Weak Roots VMWeakHandles           0.000 / 0.000         0.010 / 0.013         0.010 / 0.013         0.010 / 0.013       ms
[2021-02-13T17:18:29.349+0300][220.132s][info][gc,stats    ]    Subphase: Pause Mark Try Complete                       0.000 / 0.000         0.022 / 0.040         0.022 / 0.040         0.022 / 0.040       ms
[2021-02-13T17:18:29.349+0300][220.132s][info][gc,stats    ]    Subphase: Pause Roots                                   0.000 / 0.000         0.105 / 0.374         0.105 / 0.374         0.105 / 0.374       ms
[2021-02-13T17:18:29.349+0300][220.132s][info][gc,stats    ]    Subphase: Pause Roots CodeCache                         0.000 / 0.000         0.000 / 0.000         0.000 / 0.000         0.000 / 0.000       ms
[2021-02-13T17:18:29.349+0300][220.132s][info][gc,stats    ]    Subphase: Pause Roots JVMTIExport                       0.000 / 0.000         0.001 / 0.003         0.001 / 0.003         0.001 / 0.003       ms
[2021-02-13T17:18:29.349+0300][220.132s][info][gc,stats    ]    Subphase: Pause Roots JVMTIWeakExport                   0.000 / 0.000         0.007 / 0.013         0.007 / 0.013         0.007 / 0.013       ms
[2021-02-13T17:18:29.349+0300][220.132s][info][gc,stats    ]    Subphase: Pause Roots Java Threads                      0.000 / 0.000         0.095 / 0.373         0.095 / 0.373         0.095 / 0.373       ms
[2021-02-13T17:18:29.349+0300][220.132s][info][gc,stats    ]    Subphase: Pause Roots Management                        0.000 / 0.000         0.007 / 0.025         0.007 / 0.025         0.007 / 0.025       ms
[2021-02-13T17:18:29.349+0300][220.132s][info][gc,stats    ]    Subphase: Pause Roots ObjectSynchronizer                0.000 / 0.000         0.000 / 0.000         0.000 / 0.000         0.000 / 0.000       ms
[2021-02-13T17:18:29.349+0300][220.132s][info][gc,stats    ]    Subphase: Pause Roots Setup                             0.000 / 0.000         0.000 / 0.001         0.000 / 0.001         0.000 / 0.001       ms
[2021-02-13T17:18:29.349+0300][220.132s][info][gc,stats    ]    Subphase: Pause Roots Teardown                          0.000 / 0.000         0.001 / 0.002         0.001 / 0.002         0.001 / 0.002       ms
[2021-02-13T17:18:29.349+0300][220.132s][info][gc,stats    ]    Subphase: Pause Roots Universe                          0.000 / 0.000         0.011 / 0.027         0.011 / 0.027         0.011 / 0.027       ms
[2021-02-13T17:18:29.349+0300][220.132s][info][gc,stats    ]    Subphase: Pause Roots VM Thread                         0.000 / 0.000         0.008 / 0.028         0.008 / 0.028         0.008 / 0.028       ms
[2021-02-13T17:18:29.349+0300][220.132s][info][gc,stats    ]    Subphase: Pause Weak Roots                              0.000 / 0.000         0.001 / 0.005         0.001 / 0.005         0.001 / 0.005       ms
[2021-02-13T17:18:29.349+0300][220.132s][info][gc,stats    ]    Subphase: Pause Weak Roots JFRWeak                      0.000 / 0.000         0.000 / 0.000         0.000 / 0.000         0.000 / 0.000       ms
[2021-02-13T17:18:29.349+0300][220.132s][info][gc,stats    ]    Subphase: Pause Weak Roots JVMTIWeakExport              0.000 / 0.000         0.003 / 0.005         0.003 / 0.005         0.003 / 0.005       ms
[2021-02-13T17:18:29.349+0300][220.132s][info][gc,stats    ]    Subphase: Pause Weak Roots Setup                        0.000 / 0.000         0.000 / 0.000         0.000 / 0.000         0.000 / 0.000       ms
[2021-02-13T17:18:29.350+0300][220.132s][info][gc,stats    ]    Subphase: Pause Weak Roots Teardown                     0.000 / 0.000         0.000 / 0.000         0.000 / 0.000         0.000 / 0.000       ms
[2021-02-13T17:18:29.350+0300][220.132s][info][gc,stats    ]      System: Java Threads                                      0 / 0                16 / 16               16 / 16               16 / 16          threads
[2021-02-13T17:18:29.350+0300][220.132s][info][gc,stats    ] =========================================================================================================================================================
[2021-02-13T17:18:39.345+0300][230.127s][info][gc,stats    ] === Garbage Collection Statistics =======================================================================================================================
[2021-02-13T17:18:39.345+0300][230.127s][info][gc,stats    ]                                                              Last 10s              Last 10m              Last 10h                Total
[2021-02-13T17:18:39.345+0300][230.127s][info][gc,stats    ]                                                              Avg / Max             Avg / Max             Avg / Max             Avg / Max
[2021-02-13T17:18:39.345+0300][230.127s][info][gc,stats    ]   Collector: Garbage Collection Cycle                      0.000 / 0.000       196.888 / 246.924     196.888 / 246.924     196.888 / 246.924     ms
[2021-02-13T17:18:39.345+0300][230.127s][info][gc,stats    ]  Contention: Mark Segment Reset Contention                     0 / 0                 0 / 0                 0 / 0                 0 / 0           ops/s
[2021-02-13T17:18:39.345+0300][230.127s][info][gc,stats    ]  Contention: Mark SeqNum Reset Contention                      0 / 0                 0 / 0                 0 / 0                 0 / 0           ops/s
[2021-02-13T17:18:39.345+0300][230.127s][info][gc,stats    ]  Contention: Relocation Contention                             0 / 0                 0 / 1                 0 / 1                 0 / 1           ops/s
[2021-02-13T17:18:39.345+0300][230.127s][info][gc,stats    ]    Critical: Allocation Stall                              0.000 / 0.000         0.000 / 0.000         0.000 / 0.000         0.000 / 0.000       ms
[2021-02-13T17:18:39.345+0300][230.127s][info][gc,stats    ]    Critical: Allocation Stall                                  0 / 0                 0 / 0                 0 / 0                 0 / 0           ops/s
[2021-02-13T17:18:39.345+0300][230.127s][info][gc,stats    ]    Critical: GC Locker Stall                               0.000 / 0.000         0.000 / 0.000         0.000 / 0.000         0.000 / 0.000       ms
[2021-02-13T17:18:39.345+0300][230.127s][info][gc,stats    ]    Critical: GC Locker Stall                                   0 / 0                 0 / 0                 0 / 0                 0 / 0           ops/s
[2021-02-13T17:18:39.345+0300][230.127s][info][gc,stats    ]      Memory: Allocation Rate                                   2 / 26                6 / 1082              6 / 1082              6 / 1082        MB/s
[2021-02-13T17:18:39.345+0300][230.127s][info][gc,stats    ]      Memory: Heap Used After Mark                              0 / 0               167 / 216             167 / 216             167 / 216         MB
[2021-02-13T17:18:39.345+0300][230.127s][info][gc,stats    ]      Memory: Heap Used After Relocation                        0 / 0               100 / 114             100 / 114             100 / 114         MB
[2021-02-13T17:18:39.345+0300][230.127s][info][gc,stats    ]      Memory: Heap Used Before Mark                             0 / 0               167 / 216             167 / 216             167 / 216         MB
[2021-02-13T17:18:39.345+0300][230.127s][info][gc,stats    ]      Memory: Heap Used Before Relocation                       0 / 0               145 / 172             145 / 172             145 / 172         MB
[2021-02-13T17:18:39.345+0300][230.127s][info][gc,stats    ]      Memory: Out Of Memory                                     0 / 0                 0 / 0                 0 / 0                 0 / 0           ops/s
[2021-02-13T17:18:39.345+0300][230.127s][info][gc,stats    ]      Memory: Page Cache Flush                                  0 / 0                 0 / 0                 0 / 0                 0 / 0           MB/s
[2021-02-13T17:18:39.345+0300][230.127s][info][gc,stats    ]      Memory: Page Cache Hit L1                                 0 / 0                 0 / 9                 0 / 9                 0 / 9           ops/s
[2021-02-13T17:18:39.345+0300][230.127s][info][gc,stats    ]      Memory: Page Cache Hit L2                                 0 / 0                 0 / 0                 0 / 0                 0 / 0           ops/s
[2021-02-13T17:18:39.345+0300][230.127s][info][gc,stats    ]      Memory: Page Cache Hit L3                                 1 / 9                 0 / 14                0 / 14                0 / 14          ops/s
[2021-02-13T17:18:39.345+0300][230.128s][info][gc,stats    ]      Memory: Page Cache Miss                                   0 / 0                 0 / 0                 0 / 0                 0 / 0           ops/s
[2021-02-13T17:18:39.345+0300][230.128s][info][gc,stats    ]      Memory: Uncommit                                          0 / 0                 0 / 0                 0 / 0                 0 / 0           MB/s
[2021-02-13T17:18:39.345+0300][230.128s][info][gc,stats    ]      Memory: Undo Object Allocation Failed                     0 / 0                 0 / 0                 0 / 0                 0 / 0           ops/s
[2021-02-13T17:18:39.345+0300][230.128s][info][gc,stats    ]      Memory: Undo Object Allocation Succeeded                  0 / 0                 0 / 1                 0 / 1                 0 / 1           ops/s
[2021-02-13T17:18:39.345+0300][230.128s][info][gc,stats    ]      Memory: Undo Page Allocation                              0 / 0                 0 / 0                 0 / 0                 0 / 0           ops/s
[2021-02-13T17:18:39.345+0300][230.128s][info][gc,stats    ]       Phase: Concurrent Mark                               0.000 / 0.000       168.208 / 221.645     168.208 / 221.645     168.208 / 221.645     ms
[2021-02-13T17:18:39.345+0300][230.128s][info][gc,stats    ]       Phase: Concurrent Mark Continue                      0.000 / 0.000         0.000 / 0.000         0.000 / 0.000         0.000 / 0.000       ms
[2021-02-13T17:18:39.345+0300][230.128s][info][gc,stats    ]       Phase: Concurrent Process Non-Strong References      0.000 / 0.000         2.037 / 2.549         2.037 / 2.549         2.037 / 2.549       ms
[2021-02-13T17:18:39.345+0300][230.128s][info][gc,stats    ]       Phase: Concurrent Relocate                           0.000 / 0.000        16.262 / 17.964       16.262 / 17.964       16.262 / 17.964      ms
[2021-02-13T17:18:39.345+0300][230.128s][info][gc,stats    ]       Phase: Concurrent Reset Relocation Set               0.000 / 0.000         0.373 / 0.741         0.373 / 0.741         0.373 / 0.741       ms
[2021-02-13T17:18:39.345+0300][230.128s][info][gc,stats    ]       Phase: Concurrent Select Relocation Set              0.000 / 0.000         7.407 / 9.944         7.407 / 9.944         7.407 / 9.944       ms
[2021-02-13T17:18:39.345+0300][230.128s][info][gc,stats    ]       Phase: Pause Mark End                                0.000 / 0.000         0.245 / 0.286         0.245 / 0.286         0.245 / 0.286       ms
[2021-02-13T17:18:39.345+0300][230.128s][info][gc,stats    ]       Phase: Pause Mark Start                              0.000 / 0.000         0.503 / 0.836         0.503 / 0.836         0.503 / 0.836       ms
[2021-02-13T17:18:39.345+0300][230.128s][info][gc,stats    ]       Phase: Pause Relocate Start                          0.000 / 0.000         0.171 / 0.175         0.171 / 0.175         0.171 / 0.175       ms
[2021-02-13T17:18:39.345+0300][230.128s][info][gc,stats    ]    Subphase: Concurrent Classes Purge                      0.000 / 0.000         0.111 / 0.118         0.111 / 0.118         0.111 / 0.118       ms
[2021-02-13T17:18:39.345+0300][230.128s][info][gc,stats    ]    Subphase: Concurrent Classes Unlink                     0.000 / 0.000         1.156 / 1.455         1.156 / 1.455         1.156 / 1.455       ms
[2021-02-13T17:18:39.345+0300][230.128s][info][gc,stats    ]    Subphase: Concurrent Mark                               0.000 / 0.000       167.938 / 221.323     167.938 / 221.323     167.938 / 221.323     ms
[2021-02-13T17:18:39.345+0300][230.128s][info][gc,stats    ]    Subphase: Concurrent Mark Idle                          0.000 / 0.000         0.000 / 0.000         0.000 / 0.000         0.000 / 0.000       ms
[2021-02-13T17:18:39.345+0300][230.128s][info][gc,stats    ]    Subphase: Concurrent Mark Try Flush                     0.000 / 0.000         0.325 / 0.568         0.325 / 0.568         0.325 / 0.568       ms
[2021-02-13T17:18:39.345+0300][230.128s][info][gc,stats    ]    Subphase: Concurrent Mark Try Terminate                 0.000 / 0.000         0.198 / 0.569         0.198 / 0.569         0.198 / 0.569       ms
[2021-02-13T17:18:39.345+0300][230.128s][info][gc,stats    ]    Subphase: Concurrent References Enqueue                 0.000 / 0.000         0.004 / 0.004         0.004 / 0.004         0.004 / 0.004       ms
[2021-02-13T17:18:39.345+0300][230.128s][info][gc,stats    ]    Subphase: Concurrent References Process                 0.000 / 0.000         0.135 / 0.143         0.135 / 0.143         0.135 / 0.143       ms
[2021-02-13T17:18:39.345+0300][230.128s][info][gc,stats    ]    Subphase: Concurrent Roots                              0.000 / 0.000         0.100 / 0.152         0.100 / 0.152         0.100 / 0.152       ms
[2021-02-13T17:18:39.345+0300][230.128s][info][gc,stats    ]    Subphase: Concurrent Roots ClassLoaderDataGraph         0.000 / 0.000         0.093 / 0.141         0.093 / 0.141         0.093 / 0.141       ms
[2021-02-13T17:18:39.345+0300][230.128s][info][gc,stats    ]    Subphase: Concurrent Roots JNIHandles                   0.000 / 0.000         0.004 / 0.006         0.004 / 0.006         0.004 / 0.006       ms
[2021-02-13T17:18:39.345+0300][230.128s][info][gc,stats    ]    Subphase: Concurrent Roots Setup                        0.000 / 0.000         0.006 / 0.006         0.006 / 0.006         0.006 / 0.006       ms
[2021-02-13T17:18:39.345+0300][230.128s][info][gc,stats    ]    Subphase: Concurrent Roots Teardown                     0.000 / 0.000         0.000 / 0.000         0.000 / 0.000         0.000 / 0.000       ms
[2021-02-13T17:18:39.345+0300][230.128s][info][gc,stats    ]    Subphase: Concurrent Roots VMHandles                    0.000 / 0.000         0.003 / 0.004         0.003 / 0.004         0.003 / 0.004       ms
[2021-02-13T17:18:39.345+0300][230.128s][info][gc,stats    ]    Subphase: Concurrent Weak Roots                         0.000 / 0.000         0.348 / 0.520         0.348 / 0.520         0.348 / 0.520       ms
[2021-02-13T17:18:39.345+0300][230.128s][info][gc,stats    ]    Subphase: Concurrent Weak Roots JNIWeakHandles          0.000 / 0.000         0.000 / 0.000         0.000 / 0.000         0.000 / 0.000       ms
[2021-02-13T17:18:39.345+0300][230.128s][info][gc,stats    ]    Subphase: Concurrent Weak Roots ResolvedMethodTable     0.000 / 0.000         0.023 / 0.035         0.023 / 0.035         0.023 / 0.035       ms
[2021-02-13T17:18:39.345+0300][230.128s][info][gc,stats    ]    Subphase: Concurrent Weak Roots StringTable             0.000 / 0.000         0.314 / 0.471         0.314 / 0.471         0.314 / 0.471       ms
[2021-02-13T17:18:39.345+0300][230.128s][info][gc,stats    ]    Subphase: Concurrent Weak Roots VMWeakHandles           0.000 / 0.000         0.010 / 0.013         0.010 / 0.013         0.010 / 0.013       ms
[2021-02-13T17:18:39.345+0300][230.128s][info][gc,stats    ]    Subphase: Pause Mark Try Complete                       0.000 / 0.000         0.022 / 0.040         0.022 / 0.040         0.022 / 0.040       ms
[2021-02-13T17:18:39.345+0300][230.128s][info][gc,stats    ]    Subphase: Pause Roots                                   0.000 / 0.000         0.105 / 0.374         0.105 / 0.374         0.105 / 0.374       ms
[2021-02-13T17:18:39.345+0300][230.128s][info][gc,stats    ]    Subphase: Pause Roots CodeCache                         0.000 / 0.000         0.000 / 0.000         0.000 / 0.000         0.000 / 0.000       ms
[2021-02-13T17:18:39.345+0300][230.128s][info][gc,stats    ]    Subphase: Pause Roots JVMTIExport                       0.000 / 0.000         0.001 / 0.003         0.001 / 0.003         0.001 / 0.003       ms
[2021-02-13T17:18:39.345+0300][230.128s][info][gc,stats    ]    Subphase: Pause Roots JVMTIWeakExport                   0.000 / 0.000         0.007 / 0.013         0.007 / 0.013         0.007 / 0.013       ms
[2021-02-13T17:18:39.345+0300][230.128s][info][gc,stats    ]    Subphase: Pause Roots Java Threads                      0.000 / 0.000         0.095 / 0.373         0.095 / 0.373         0.095 / 0.373       ms
[2021-02-13T17:18:39.345+0300][230.128s][info][gc,stats    ]    Subphase: Pause Roots Management                        0.000 / 0.000         0.007 / 0.025         0.007 / 0.025         0.007 / 0.025       ms
[2021-02-13T17:18:39.345+0300][230.128s][info][gc,stats    ]    Subphase: Pause Roots ObjectSynchronizer                0.000 / 0.000         0.000 / 0.000         0.000 / 0.000         0.000 / 0.000       ms
[2021-02-13T17:18:39.345+0300][230.128s][info][gc,stats    ]    Subphase: Pause Roots Setup                             0.000 / 0.000         0.000 / 0.001         0.000 / 0.001         0.000 / 0.001       ms
[2021-02-13T17:18:39.345+0300][230.128s][info][gc,stats    ]    Subphase: Pause Roots Teardown                          0.000 / 0.000         0.001 / 0.002         0.001 / 0.002         0.001 / 0.002       ms
[2021-02-13T17:18:39.345+0300][230.128s][info][gc,stats    ]    Subphase: Pause Roots Universe                          0.000 / 0.000         0.011 / 0.027         0.011 / 0.027         0.011 / 0.027       ms
[2021-02-13T17:18:39.346+0300][230.128s][info][gc,stats    ]    Subphase: Pause Roots VM Thread                         0.000 / 0.000         0.008 / 0.028         0.008 / 0.028         0.008 / 0.028       ms
[2021-02-13T17:18:39.346+0300][230.128s][info][gc,stats    ]    Subphase: Pause Weak Roots                              0.000 / 0.000         0.001 / 0.005         0.001 / 0.005         0.001 / 0.005       ms
[2021-02-13T17:18:39.346+0300][230.128s][info][gc,stats    ]    Subphase: Pause Weak Roots JFRWeak                      0.000 / 0.000         0.000 / 0.000         0.000 / 0.000         0.000 / 0.000       ms
[2021-02-13T17:18:39.346+0300][230.128s][info][gc,stats    ]    Subphase: Pause Weak Roots JVMTIWeakExport              0.000 / 0.000         0.003 / 0.005         0.003 / 0.005         0.003 / 0.005       ms
[2021-02-13T17:18:39.346+0300][230.128s][info][gc,stats    ]    Subphase: Pause Weak Roots Setup                        0.000 / 0.000         0.000 / 0.000         0.000 / 0.000         0.000 / 0.000       ms
[2021-02-13T17:18:39.346+0300][230.128s][info][gc,stats    ]    Subphase: Pause Weak Roots Teardown                     0.000 / 0.000         0.000 / 0.000         0.000 / 0.000         0.000 / 0.000       ms
[2021-02-13T17:18:39.346+0300][230.128s][info][gc,stats    ]      System: Java Threads                                      0 / 0                16 / 16               16 / 16               16 / 16          threads
[2021-02-13T17:18:39.346+0300][230.128s][info][gc,stats    ] =========================================================================================================================================================
[2021-02-13T17:18:49.351+0300][240.133s][info][gc,stats    ] === Garbage Collection Statistics =======================================================================================================================
[2021-02-13T17:18:49.351+0300][240.133s][info][gc,stats    ]                                                              Last 10s              Last 10m              Last 10h                Total
[2021-02-13T17:18:49.351+0300][240.133s][info][gc,stats    ]                                                              Avg / Max             Avg / Max             Avg / Max             Avg / Max
[2021-02-13T17:18:49.351+0300][240.133s][info][gc,stats    ]   Collector: Garbage Collection Cycle                      0.000 / 0.000       196.888 / 246.924     196.888 / 246.924     196.888 / 246.924     ms
[2021-02-13T17:18:49.351+0300][240.133s][info][gc,stats    ]  Contention: Mark Segment Reset Contention                     0 / 0                 0 / 0                 0 / 0                 0 / 0           ops/s
[2021-02-13T17:18:49.351+0300][240.133s][info][gc,stats    ]  Contention: Mark SeqNum Reset Contention                      0 / 0                 0 / 0                 0 / 0                 0 / 0           ops/s
[2021-02-13T17:18:49.351+0300][240.133s][info][gc,stats    ]  Contention: Relocation Contention                             0 / 0                 0 / 1                 0 / 1                 0 / 1           ops/s
[2021-02-13T17:18:49.351+0300][240.133s][info][gc,stats    ]    Critical: Allocation Stall                              0.000 / 0.000         0.000 / 0.000         0.000 / 0.000         0.000 / 0.000       ms
[2021-02-13T17:18:49.351+0300][240.133s][info][gc,stats    ]    Critical: Allocation Stall                                  0 / 0                 0 / 0                 0 / 0                 0 / 0           ops/s
[2021-02-13T17:18:49.351+0300][240.133s][info][gc,stats    ]    Critical: GC Locker Stall                               0.000 / 0.000         0.000 / 0.000         0.000 / 0.000         0.000 / 0.000       ms
[2021-02-13T17:18:49.351+0300][240.133s][info][gc,stats    ]    Critical: GC Locker Stall                                   0 / 0                 0 / 0                 0 / 0                 0 / 0           ops/s
[2021-02-13T17:18:49.351+0300][240.133s][info][gc,stats    ]      Memory: Allocation Rate                                   0 / 2                 5 / 1082              5 / 1082              5 / 1082        MB/s
[2021-02-13T17:18:49.351+0300][240.133s][info][gc,stats    ]      Memory: Heap Used After Mark                              0 / 0               167 / 216             167 / 216             167 / 216         MB
[2021-02-13T17:18:49.351+0300][240.133s][info][gc,stats    ]      Memory: Heap Used After Relocation                        0 / 0               100 / 114             100 / 114             100 / 114         MB
[2021-02-13T17:18:49.351+0300][240.133s][info][gc,stats    ]      Memory: Heap Used Before Mark                             0 / 0               167 / 216             167 / 216             167 / 216         MB
[2021-02-13T17:18:49.351+0300][240.133s][info][gc,stats    ]      Memory: Heap Used Before Relocation                       0 / 0               145 / 172             145 / 172             145 / 172         MB
[2021-02-13T17:18:49.351+0300][240.133s][info][gc,stats    ]      Memory: Out Of Memory                                     0 / 0                 0 / 0                 0 / 0                 0 / 0           ops/s
[2021-02-13T17:18:49.351+0300][240.133s][info][gc,stats    ]      Memory: Page Cache Flush                                  0 / 0                 0 / 0                 0 / 0                 0 / 0           MB/s
[2021-02-13T17:18:49.351+0300][240.133s][info][gc,stats    ]      Memory: Page Cache Hit L1                                 0 / 0                 0 / 9                 0 / 9                 0 / 9           ops/s
[2021-02-13T17:18:49.351+0300][240.133s][info][gc,stats    ]      Memory: Page Cache Hit L2                                 0 / 0                 0 / 0                 0 / 0                 0 / 0           ops/s
[2021-02-13T17:18:49.351+0300][240.133s][info][gc,stats    ]      Memory: Page Cache Hit L3                                 0 / 1                 0 / 14                0 / 14                0 / 14          ops/s
[2021-02-13T17:18:49.351+0300][240.134s][info][gc,stats    ]      Memory: Page Cache Miss                                   0 / 0                 0 / 0                 0 / 0                 0 / 0           ops/s
[2021-02-13T17:18:49.351+0300][240.134s][info][gc,stats    ]      Memory: Uncommit                                          0 / 0                 0 / 0                 0 / 0                 0 / 0           MB/s
[2021-02-13T17:18:49.351+0300][240.134s][info][gc,stats    ]      Memory: Undo Object Allocation Failed                     0 / 0                 0 / 0                 0 / 0                 0 / 0           ops/s
[2021-02-13T17:18:49.351+0300][240.134s][info][gc,stats    ]      Memory: Undo Object Allocation Succeeded                  0 / 0                 0 / 1                 0 / 1                 0 / 1           ops/s
[2021-02-13T17:18:49.351+0300][240.134s][info][gc,stats    ]      Memory: Undo Page Allocation                              0 / 0                 0 / 0                 0 / 0                 0 / 0           ops/s
[2021-02-13T17:18:49.351+0300][240.134s][info][gc,stats    ]       Phase: Concurrent Mark                               0.000 / 0.000       168.208 / 221.645     168.208 / 221.645     168.208 / 221.645     ms
[2021-02-13T17:18:49.351+0300][240.134s][info][gc,stats    ]       Phase: Concurrent Mark Continue                      0.000 / 0.000         0.000 / 0.000         0.000 / 0.000         0.000 / 0.000       ms
[2021-02-13T17:18:49.351+0300][240.134s][info][gc,stats    ]       Phase: Concurrent Process Non-Strong References      0.000 / 0.000         2.037 / 2.549         2.037 / 2.549         2.037 / 2.549       ms
[2021-02-13T17:18:49.351+0300][240.134s][info][gc,stats    ]       Phase: Concurrent Relocate                           0.000 / 0.000        16.262 / 17.964       16.262 / 17.964       16.262 / 17.964      ms
[2021-02-13T17:18:49.351+0300][240.134s][info][gc,stats    ]       Phase: Concurrent Reset Relocation Set               0.000 / 0.000         0.373 / 0.741         0.373 / 0.741         0.373 / 0.741       ms
[2021-02-13T17:18:49.351+0300][240.134s][info][gc,stats    ]       Phase: Concurrent Select Relocation Set              0.000 / 0.000         7.407 / 9.944         7.407 / 9.944         7.407 / 9.944       ms
[2021-02-13T17:18:49.351+0300][240.134s][info][gc,stats    ]       Phase: Pause Mark End                                0.000 / 0.000         0.245 / 0.286         0.245 / 0.286         0.245 / 0.286       ms
[2021-02-13T17:18:49.351+0300][240.134s][info][gc,stats    ]       Phase: Pause Mark Start                              0.000 / 0.000         0.503 / 0.836         0.503 / 0.836         0.503 / 0.836       ms
[2021-02-13T17:18:49.351+0300][240.134s][info][gc,stats    ]       Phase: Pause Relocate Start                          0.000 / 0.000         0.171 / 0.175         0.171 / 0.175         0.171 / 0.175       ms
[2021-02-13T17:18:49.351+0300][240.134s][info][gc,stats    ]    Subphase: Concurrent Classes Purge                      0.000 / 0.000         0.111 / 0.118         0.111 / 0.118         0.111 / 0.118       ms
[2021-02-13T17:18:49.351+0300][240.134s][info][gc,stats    ]    Subphase: Concurrent Classes Unlink                     0.000 / 0.000         1.156 / 1.455         1.156 / 1.455         1.156 / 1.455       ms
[2021-02-13T17:18:49.351+0300][240.134s][info][gc,stats    ]    Subphase: Concurrent Mark                               0.000 / 0.000       167.938 / 221.323     167.938 / 221.323     167.938 / 221.323     ms
[2021-02-13T17:18:49.351+0300][240.134s][info][gc,stats    ]    Subphase: Concurrent Mark Idle                          0.000 / 0.000         0.000 / 0.000         0.000 / 0.000         0.000 / 0.000       ms
[2021-02-13T17:18:49.351+0300][240.134s][info][gc,stats    ]    Subphase: Concurrent Mark Try Flush                     0.000 / 0.000         0.325 / 0.568         0.325 / 0.568         0.325 / 0.568       ms
[2021-02-13T17:18:49.351+0300][240.134s][info][gc,stats    ]    Subphase: Concurrent Mark Try Terminate                 0.000 / 0.000         0.198 / 0.569         0.198 / 0.569         0.198 / 0.569       ms
[2021-02-13T17:18:49.351+0300][240.134s][info][gc,stats    ]    Subphase: Concurrent References Enqueue                 0.000 / 0.000         0.004 / 0.004         0.004 / 0.004         0.004 / 0.004       ms
[2021-02-13T17:18:49.351+0300][240.134s][info][gc,stats    ]    Subphase: Concurrent References Process                 0.000 / 0.000         0.135 / 0.143         0.135 / 0.143         0.135 / 0.143       ms
[2021-02-13T17:18:49.351+0300][240.134s][info][gc,stats    ]    Subphase: Concurrent Roots                              0.000 / 0.000         0.100 / 0.152         0.100 / 0.152         0.100 / 0.152       ms
[2021-02-13T17:18:49.351+0300][240.134s][info][gc,stats    ]    Subphase: Concurrent Roots ClassLoaderDataGraph         0.000 / 0.000         0.093 / 0.141         0.093 / 0.141         0.093 / 0.141       ms
[2021-02-13T17:18:49.351+0300][240.134s][info][gc,stats    ]    Subphase: Concurrent Roots JNIHandles                   0.000 / 0.000         0.004 / 0.006         0.004 / 0.006         0.004 / 0.006       ms
[2021-02-13T17:18:49.351+0300][240.134s][info][gc,stats    ]    Subphase: Concurrent Roots Setup                        0.000 / 0.000         0.006 / 0.006         0.006 / 0.006         0.006 / 0.006       ms
[2021-02-13T17:18:49.351+0300][240.134s][info][gc,stats    ]    Subphase: Concurrent Roots Teardown                     0.000 / 0.000         0.000 / 0.000         0.000 / 0.000         0.000 / 0.000       ms
[2021-02-13T17:18:49.351+0300][240.134s][info][gc,stats    ]    Subphase: Concurrent Roots VMHandles                    0.000 / 0.000         0.003 / 0.004         0.003 / 0.004         0.003 / 0.004       ms
[2021-02-13T17:18:49.351+0300][240.134s][info][gc,stats    ]    Subphase: Concurrent Weak Roots                         0.000 / 0.000         0.348 / 0.520         0.348 / 0.520         0.348 / 0.520       ms
[2021-02-13T17:18:49.351+0300][240.134s][info][gc,stats    ]    Subphase: Concurrent Weak Roots JNIWeakHandles          0.000 / 0.000         0.000 / 0.000         0.000 / 0.000         0.000 / 0.000       ms
[2021-02-13T17:18:49.351+0300][240.134s][info][gc,stats    ]    Subphase: Concurrent Weak Roots ResolvedMethodTable     0.000 / 0.000         0.023 / 0.035         0.023 / 0.035         0.023 / 0.035       ms
[2021-02-13T17:18:49.351+0300][240.134s][info][gc,stats    ]    Subphase: Concurrent Weak Roots StringTable             0.000 / 0.000         0.314 / 0.471         0.314 / 0.471         0.314 / 0.471       ms
[2021-02-13T17:18:49.351+0300][240.134s][info][gc,stats    ]    Subphase: Concurrent Weak Roots VMWeakHandles           0.000 / 0.000         0.010 / 0.013         0.010 / 0.013         0.010 / 0.013       ms
[2021-02-13T17:18:49.351+0300][240.134s][info][gc,stats    ]    Subphase: Pause Mark Try Complete                       0.000 / 0.000         0.022 / 0.040         0.022 / 0.040         0.022 / 0.040       ms
[2021-02-13T17:18:49.351+0300][240.134s][info][gc,stats    ]    Subphase: Pause Roots                                   0.000 / 0.000         0.105 / 0.374         0.105 / 0.374         0.105 / 0.374       ms
[2021-02-13T17:18:49.351+0300][240.134s][info][gc,stats    ]    Subphase: Pause Roots CodeCache                         0.000 / 0.000         0.000 / 0.000         0.000 / 0.000         0.000 / 0.000       ms
[2021-02-13T17:18:49.351+0300][240.134s][info][gc,stats    ]    Subphase: Pause Roots JVMTIExport                       0.000 / 0.000         0.001 / 0.003         0.001 / 0.003         0.001 / 0.003       ms
[2021-02-13T17:18:49.351+0300][240.134s][info][gc,stats    ]    Subphase: Pause Roots JVMTIWeakExport                   0.000 / 0.000         0.007 / 0.013         0.007 / 0.013         0.007 / 0.013       ms
[2021-02-13T17:18:49.351+0300][240.134s][info][gc,stats    ]    Subphase: Pause Roots Java Threads                      0.000 / 0.000         0.095 / 0.373         0.095 / 0.373         0.095 / 0.373       ms
[2021-02-13T17:18:49.351+0300][240.134s][info][gc,stats    ]    Subphase: Pause Roots Management                        0.000 / 0.000         0.007 / 0.025         0.007 / 0.025         0.007 / 0.025       ms
[2021-02-13T17:18:49.351+0300][240.134s][info][gc,stats    ]    Subphase: Pause Roots ObjectSynchronizer                0.000 / 0.000         0.000 / 0.000         0.000 / 0.000         0.000 / 0.000       ms
[2021-02-13T17:18:49.351+0300][240.134s][info][gc,stats    ]    Subphase: Pause Roots Setup                             0.000 / 0.000         0.000 / 0.001         0.000 / 0.001         0.000 / 0.001       ms
[2021-02-13T17:18:49.351+0300][240.134s][info][gc,stats    ]    Subphase: Pause Roots Teardown                          0.000 / 0.000         0.001 / 0.002         0.001 / 0.002         0.001 / 0.002       ms
[2021-02-13T17:18:49.351+0300][240.134s][info][gc,stats    ]    Subphase: Pause Roots Universe                          0.000 / 0.000         0.011 / 0.027         0.011 / 0.027         0.011 / 0.027       ms
[2021-02-13T17:18:49.351+0300][240.134s][info][gc,stats    ]    Subphase: Pause Roots VM Thread                         0.000 / 0.000         0.008 / 0.028         0.008 / 0.028         0.008 / 0.028       ms
[2021-02-13T17:18:49.351+0300][240.134s][info][gc,stats    ]    Subphase: Pause Weak Roots                              0.000 / 0.000         0.001 / 0.005         0.001 / 0.005         0.001 / 0.005       ms
[2021-02-13T17:18:49.351+0300][240.134s][info][gc,stats    ]    Subphase: Pause Weak Roots JFRWeak                      0.000 / 0.000         0.000 / 0.000         0.000 / 0.000         0.000 / 0.000       ms
[2021-02-13T17:18:49.351+0300][240.134s][info][gc,stats    ]    Subphase: Pause Weak Roots JVMTIWeakExport              0.000 / 0.000         0.003 / 0.005         0.003 / 0.005         0.003 / 0.005       ms
[2021-02-13T17:18:49.351+0300][240.134s][info][gc,stats    ]    Subphase: Pause Weak Roots Setup                        0.000 / 0.000         0.000 / 0.000         0.000 / 0.000         0.000 / 0.000       ms
[2021-02-13T17:18:49.352+0300][240.134s][info][gc,stats    ]    Subphase: Pause Weak Roots Teardown                     0.000 / 0.000         0.000 / 0.000         0.000 / 0.000         0.000 / 0.000       ms
[2021-02-13T17:18:49.352+0300][240.134s][info][gc,stats    ]      System: Java Threads                                      0 / 0                16 / 16               16 / 16               16 / 16          threads
[2021-02-13T17:18:49.352+0300][240.134s][info][gc,stats    ] =========================================================================================================================================================
[2021-02-13T17:18:59.355+0300][250.137s][info][gc,stats    ] === Garbage Collection Statistics =======================================================================================================================
[2021-02-13T17:18:59.355+0300][250.137s][info][gc,stats    ]                                                              Last 10s              Last 10m              Last 10h                Total
[2021-02-13T17:18:59.355+0300][250.137s][info][gc,stats    ]                                                              Avg / Max             Avg / Max             Avg / Max             Avg / Max
[2021-02-13T17:18:59.355+0300][250.137s][info][gc,stats    ]   Collector: Garbage Collection Cycle                      0.000 / 0.000       196.888 / 246.924     196.888 / 246.924     196.888 / 246.924     ms
[2021-02-13T17:18:59.355+0300][250.137s][info][gc,stats    ]  Contention: Mark Segment Reset Contention                     0 / 0                 0 / 0                 0 / 0                 0 / 0           ops/s
[2021-02-13T17:18:59.355+0300][250.137s][info][gc,stats    ]  Contention: Mark SeqNum Reset Contention                      0 / 0                 0 / 0                 0 / 0                 0 / 0           ops/s
[2021-02-13T17:18:59.355+0300][250.137s][info][gc,stats    ]  Contention: Relocation Contention                             0 / 0                 0 / 1                 0 / 1                 0 / 1           ops/s
[2021-02-13T17:18:59.355+0300][250.137s][info][gc,stats    ]    Critical: Allocation Stall                              0.000 / 0.000         0.000 / 0.000         0.000 / 0.000         0.000 / 0.000       ms
[2021-02-13T17:18:59.355+0300][250.137s][info][gc,stats    ]    Critical: Allocation Stall                                  0 / 0                 0 / 0                 0 / 0                 0 / 0           ops/s
[2021-02-13T17:18:59.355+0300][250.137s][info][gc,stats    ]    Critical: GC Locker Stall                               0.000 / 0.000         0.000 / 0.000         0.000 / 0.000         0.000 / 0.000       ms
[2021-02-13T17:18:59.355+0300][250.137s][info][gc,stats    ]    Critical: GC Locker Stall                                   0 / 0                 0 / 0                 0 / 0                 0 / 0           ops/s
[2021-02-13T17:18:59.355+0300][250.137s][info][gc,stats    ]      Memory: Allocation Rate                                   0 / 0                 5 / 1082              5 / 1082              5 / 1082        MB/s
[2021-02-13T17:18:59.355+0300][250.137s][info][gc,stats    ]      Memory: Heap Used After Mark                              0 / 0               167 / 216             167 / 216             167 / 216         MB
[2021-02-13T17:18:59.355+0300][250.137s][info][gc,stats    ]      Memory: Heap Used After Relocation                        0 / 0               100 / 114             100 / 114             100 / 114         MB
[2021-02-13T17:18:59.355+0300][250.137s][info][gc,stats    ]      Memory: Heap Used Before Mark                             0 / 0               167 / 216             167 / 216             167 / 216         MB
[2021-02-13T17:18:59.355+0300][250.137s][info][gc,stats    ]      Memory: Heap Used Before Relocation                       0 / 0               145 / 172             145 / 172             145 / 172         MB
[2021-02-13T17:18:59.355+0300][250.137s][info][gc,stats    ]      Memory: Out Of Memory                                     0 / 0                 0 / 0                 0 / 0                 0 / 0           ops/s
[2021-02-13T17:18:59.355+0300][250.137s][info][gc,stats    ]      Memory: Page Cache Flush                                  0 / 0                 0 / 0                 0 / 0                 0 / 0           MB/s
[2021-02-13T17:18:59.355+0300][250.137s][info][gc,stats    ]      Memory: Page Cache Hit L1                                 0 / 0                 0 / 9                 0 / 9                 0 / 9           ops/s
[2021-02-13T17:18:59.355+0300][250.137s][info][gc,stats    ]      Memory: Page Cache Hit L2                                 0 / 0                 0 / 0                 0 / 0                 0 / 0           ops/s
[2021-02-13T17:18:59.355+0300][250.137s][info][gc,stats    ]      Memory: Page Cache Hit L3                                 0 / 0                 0 / 14                0 / 14                0 / 14          ops/s
[2021-02-13T17:18:59.355+0300][250.138s][info][gc,stats    ]      Memory: Page Cache Miss                                   0 / 0                 0 / 0                 0 / 0                 0 / 0           ops/s
[2021-02-13T17:18:59.355+0300][250.138s][info][gc,stats    ]      Memory: Uncommit                                          0 / 0                 0 / 0                 0 / 0                 0 / 0           MB/s
[2021-02-13T17:18:59.355+0300][250.138s][info][gc,stats    ]      Memory: Undo Object Allocation Failed                     0 / 0                 0 / 0                 0 / 0                 0 / 0           ops/s
[2021-02-13T17:18:59.355+0300][250.138s][info][gc,stats    ]      Memory: Undo Object Allocation Succeeded                  0 / 0                 0 / 1                 0 / 1                 0 / 1           ops/s
[2021-02-13T17:18:59.355+0300][250.138s][info][gc,stats    ]      Memory: Undo Page Allocation                              0 / 0                 0 / 0                 0 / 0                 0 / 0           ops/s
[2021-02-13T17:18:59.355+0300][250.138s][info][gc,stats    ]       Phase: Concurrent Mark                               0.000 / 0.000       168.208 / 221.645     168.208 / 221.645     168.208 / 221.645     ms
[2021-02-13T17:18:59.355+0300][250.138s][info][gc,stats    ]       Phase: Concurrent Mark Continue                      0.000 / 0.000         0.000 / 0.000         0.000 / 0.000         0.000 / 0.000       ms
[2021-02-13T17:18:59.355+0300][250.138s][info][gc,stats    ]       Phase: Concurrent Process Non-Strong References      0.000 / 0.000         2.037 / 2.549         2.037 / 2.549         2.037 / 2.549       ms
[2021-02-13T17:18:59.355+0300][250.138s][info][gc,stats    ]       Phase: Concurrent Relocate                           0.000 / 0.000        16.262 / 17.964       16.262 / 17.964       16.262 / 17.964      ms
[2021-02-13T17:18:59.355+0300][250.138s][info][gc,stats    ]       Phase: Concurrent Reset Relocation Set               0.000 / 0.000         0.373 / 0.741         0.373 / 0.741         0.373 / 0.741       ms
[2021-02-13T17:18:59.355+0300][250.138s][info][gc,stats    ]       Phase: Concurrent Select Relocation Set              0.000 / 0.000         7.407 / 9.944         7.407 / 9.944         7.407 / 9.944       ms
[2021-02-13T17:18:59.355+0300][250.138s][info][gc,stats    ]       Phase: Pause Mark End                                0.000 / 0.000         0.245 / 0.286         0.245 / 0.286         0.245 / 0.286       ms
[2021-02-13T17:18:59.355+0300][250.138s][info][gc,stats    ]       Phase: Pause Mark Start                              0.000 / 0.000         0.503 / 0.836         0.503 / 0.836         0.503 / 0.836       ms
[2021-02-13T17:18:59.355+0300][250.138s][info][gc,stats    ]       Phase: Pause Relocate Start                          0.000 / 0.000         0.171 / 0.175         0.171 / 0.175         0.171 / 0.175       ms
[2021-02-13T17:18:59.355+0300][250.138s][info][gc,stats    ]    Subphase: Concurrent Classes Purge                      0.000 / 0.000         0.111 / 0.118         0.111 / 0.118         0.111 / 0.118       ms
[2021-02-13T17:18:59.355+0300][250.138s][info][gc,stats    ]    Subphase: Concurrent Classes Unlink                     0.000 / 0.000         1.156 / 1.455         1.156 / 1.455         1.156 / 1.455       ms
[2021-02-13T17:18:59.355+0300][250.138s][info][gc,stats    ]    Subphase: Concurrent Mark                               0.000 / 0.000       167.938 / 221.323     167.938 / 221.323     167.938 / 221.323     ms
[2021-02-13T17:18:59.355+0300][250.138s][info][gc,stats    ]    Subphase: Concurrent Mark Idle                          0.000 / 0.000         0.000 / 0.000         0.000 / 0.000         0.000 / 0.000       ms
[2021-02-13T17:18:59.355+0300][250.138s][info][gc,stats    ]    Subphase: Concurrent Mark Try Flush                     0.000 / 0.000         0.325 / 0.568         0.325 / 0.568         0.325 / 0.568       ms
[2021-02-13T17:18:59.355+0300][250.138s][info][gc,stats    ]    Subphase: Concurrent Mark Try Terminate                 0.000 / 0.000         0.198 / 0.569         0.198 / 0.569         0.198 / 0.569       ms
[2021-02-13T17:18:59.355+0300][250.138s][info][gc,stats    ]    Subphase: Concurrent References Enqueue                 0.000 / 0.000         0.004 / 0.004         0.004 / 0.004         0.004 / 0.004       ms
[2021-02-13T17:18:59.355+0300][250.138s][info][gc,stats    ]    Subphase: Concurrent References Process                 0.000 / 0.000         0.135 / 0.143         0.135 / 0.143         0.135 / 0.143       ms
[2021-02-13T17:18:59.355+0300][250.138s][info][gc,stats    ]    Subphase: Concurrent Roots                              0.000 / 0.000         0.100 / 0.152         0.100 / 0.152         0.100 / 0.152       ms
[2021-02-13T17:18:59.355+0300][250.138s][info][gc,stats    ]    Subphase: Concurrent Roots ClassLoaderDataGraph         0.000 / 0.000         0.093 / 0.141         0.093 / 0.141         0.093 / 0.141       ms
[2021-02-13T17:18:59.355+0300][250.138s][info][gc,stats    ]    Subphase: Concurrent Roots JNIHandles                   0.000 / 0.000         0.004 / 0.006         0.004 / 0.006         0.004 / 0.006       ms
[2021-02-13T17:18:59.355+0300][250.138s][info][gc,stats    ]    Subphase: Concurrent Roots Setup                        0.000 / 0.000         0.006 / 0.006         0.006 / 0.006         0.006 / 0.006       ms
[2021-02-13T17:18:59.355+0300][250.138s][info][gc,stats    ]    Subphase: Concurrent Roots Teardown                     0.000 / 0.000         0.000 / 0.000         0.000 / 0.000         0.000 / 0.000       ms
[2021-02-13T17:18:59.355+0300][250.138s][info][gc,stats    ]    Subphase: Concurrent Roots VMHandles                    0.000 / 0.000         0.003 / 0.004         0.003 / 0.004         0.003 / 0.004       ms
[2021-02-13T17:18:59.355+0300][250.138s][info][gc,stats    ]    Subphase: Concurrent Weak Roots                         0.000 / 0.000         0.348 / 0.520         0.348 / 0.520         0.348 / 0.520       ms
[2021-02-13T17:18:59.355+0300][250.138s][info][gc,stats    ]    Subphase: Concurrent Weak Roots JNIWeakHandles          0.000 / 0.000         0.000 / 0.000         0.000 / 0.000         0.000 / 0.000       ms
[2021-02-13T17:18:59.355+0300][250.138s][info][gc,stats    ]    Subphase: Concurrent Weak Roots ResolvedMethodTable     0.000 / 0.000         0.023 / 0.035         0.023 / 0.035         0.023 / 0.035       ms
[2021-02-13T17:18:59.355+0300][250.138s][info][gc,stats    ]    Subphase: Concurrent Weak Roots StringTable             0.000 / 0.000         0.314 / 0.471         0.314 / 0.471         0.314 / 0.471       ms
[2021-02-13T17:18:59.355+0300][250.138s][info][gc,stats    ]    Subphase: Concurrent Weak Roots VMWeakHandles           0.000 / 0.000         0.010 / 0.013         0.010 / 0.013         0.010 / 0.013       ms
[2021-02-13T17:18:59.355+0300][250.138s][info][gc,stats    ]    Subphase: Pause Mark Try Complete                       0.000 / 0.000         0.022 / 0.040         0.022 / 0.040         0.022 / 0.040       ms
[2021-02-13T17:18:59.355+0300][250.138s][info][gc,stats    ]    Subphase: Pause Roots                                   0.000 / 0.000         0.105 / 0.374         0.105 / 0.374         0.105 / 0.374       ms
[2021-02-13T17:18:59.355+0300][250.138s][info][gc,stats    ]    Subphase: Pause Roots CodeCache                         0.000 / 0.000         0.000 / 0.000         0.000 / 0.000         0.000 / 0.000       ms
[2021-02-13T17:18:59.355+0300][250.138s][info][gc,stats    ]    Subphase: Pause Roots JVMTIExport                       0.000 / 0.000         0.001 / 0.003         0.001 / 0.003         0.001 / 0.003       ms
[2021-02-13T17:18:59.355+0300][250.138s][info][gc,stats    ]    Subphase: Pause Roots JVMTIWeakExport                   0.000 / 0.000         0.007 / 0.013         0.007 / 0.013         0.007 / 0.013       ms
[2021-02-13T17:18:59.355+0300][250.138s][info][gc,stats    ]    Subphase: Pause Roots Java Threads                      0.000 / 0.000         0.095 / 0.373         0.095 / 0.373         0.095 / 0.373       ms
[2021-02-13T17:18:59.355+0300][250.138s][info][gc,stats    ]    Subphase: Pause Roots Management                        0.000 / 0.000         0.007 / 0.025         0.007 / 0.025         0.007 / 0.025       ms
[2021-02-13T17:18:59.355+0300][250.138s][info][gc,stats    ]    Subphase: Pause Roots ObjectSynchronizer                0.000 / 0.000         0.000 / 0.000         0.000 / 0.000         0.000 / 0.000       ms
[2021-02-13T17:18:59.355+0300][250.138s][info][gc,stats    ]    Subphase: Pause Roots Setup                             0.000 / 0.000         0.000 / 0.001         0.000 / 0.001         0.000 / 0.001       ms
[2021-02-13T17:18:59.355+0300][250.138s][info][gc,stats    ]    Subphase: Pause Roots Teardown                          0.000 / 0.000         0.001 / 0.002         0.001 / 0.002         0.001 / 0.002       ms
[2021-02-13T17:18:59.355+0300][250.138s][info][gc,stats    ]    Subphase: Pause Roots Universe                          0.000 / 0.000         0.011 / 0.027         0.011 / 0.027         0.011 / 0.027       ms
[2021-02-13T17:18:59.355+0300][250.138s][info][gc,stats    ]    Subphase: Pause Roots VM Thread                         0.000 / 0.000         0.008 / 0.028         0.008 / 0.028         0.008 / 0.028       ms
[2021-02-13T17:18:59.356+0300][250.138s][info][gc,stats    ]    Subphase: Pause Weak Roots                              0.000 / 0.000         0.001 / 0.005         0.001 / 0.005         0.001 / 0.005       ms
[2021-02-13T17:18:59.356+0300][250.138s][info][gc,stats    ]    Subphase: Pause Weak Roots JFRWeak                      0.000 / 0.000         0.000 / 0.000         0.000 / 0.000         0.000 / 0.000       ms
[2021-02-13T17:18:59.356+0300][250.138s][info][gc,stats    ]    Subphase: Pause Weak Roots JVMTIWeakExport              0.000 / 0.000         0.003 / 0.005         0.003 / 0.005         0.003 / 0.005       ms
[2021-02-13T17:18:59.356+0300][250.138s][info][gc,stats    ]    Subphase: Pause Weak Roots Setup                        0.000 / 0.000         0.000 / 0.000         0.000 / 0.000         0.000 / 0.000       ms
[2021-02-13T17:18:59.356+0300][250.138s][info][gc,stats    ]    Subphase: Pause Weak Roots Teardown                     0.000 / 0.000         0.000 / 0.000         0.000 / 0.000         0.000 / 0.000       ms
[2021-02-13T17:18:59.356+0300][250.138s][info][gc,stats    ]      System: Java Threads                                      0 / 0                16 / 16               16 / 16               16 / 16          threads
[2021-02-13T17:18:59.356+0300][250.138s][info][gc,stats    ] =========================================================================================================================================================
[2021-02-13T17:19:09.345+0300][260.127s][info][gc,stats    ] === Garbage Collection Statistics =======================================================================================================================
[2021-02-13T17:19:09.345+0300][260.127s][info][gc,stats    ]                                                              Last 10s              Last 10m              Last 10h                Total
[2021-02-13T17:19:09.345+0300][260.127s][info][gc,stats    ]                                                              Avg / Max             Avg / Max             Avg / Max             Avg / Max
[2021-02-13T17:19:09.345+0300][260.127s][info][gc,stats    ]   Collector: Garbage Collection Cycle                      0.000 / 0.000       196.888 / 246.924     196.888 / 246.924     196.888 / 246.924     ms
[2021-02-13T17:19:09.345+0300][260.127s][info][gc,stats    ]  Contention: Mark Segment Reset Contention                     0 / 0                 0 / 0                 0 / 0                 0 / 0           ops/s
[2021-02-13T17:19:09.345+0300][260.127s][info][gc,stats    ]  Contention: Mark SeqNum Reset Contention                      0 / 0                 0 / 0                 0 / 0                 0 / 0           ops/s
[2021-02-13T17:19:09.345+0300][260.127s][info][gc,stats    ]  Contention: Relocation Contention                             0 / 0                 0 / 1                 0 / 1                 0 / 1           ops/s
[2021-02-13T17:19:09.345+0300][260.127s][info][gc,stats    ]    Critical: Allocation Stall                              0.000 / 0.000         0.000 / 0.000         0.000 / 0.000         0.000 / 0.000       ms
[2021-02-13T17:19:09.345+0300][260.127s][info][gc,stats    ]    Critical: Allocation Stall                                  0 / 0                 0 / 0                 0 / 0                 0 / 0           ops/s
[2021-02-13T17:19:09.345+0300][260.127s][info][gc,stats    ]    Critical: GC Locker Stall                               0.000 / 0.000         0.000 / 0.000         0.000 / 0.000         0.000 / 0.000       ms
[2021-02-13T17:19:09.345+0300][260.127s][info][gc,stats    ]    Critical: GC Locker Stall                                   0 / 0                 0 / 0                 0 / 0                 0 / 0           ops/s
[2021-02-13T17:19:09.345+0300][260.127s][info][gc,stats    ]      Memory: Allocation Rate                                   1 / 16                5 / 1082              5 / 1082              5 / 1082        MB/s
[2021-02-13T17:19:09.345+0300][260.127s][info][gc,stats    ]      Memory: Heap Used After Mark                              0 / 0               167 / 216             167 / 216             167 / 216         MB
[2021-02-13T17:19:09.345+0300][260.127s][info][gc,stats    ]      Memory: Heap Used After Relocation                        0 / 0               100 / 114             100 / 114             100 / 114         MB
[2021-02-13T17:19:09.345+0300][260.127s][info][gc,stats    ]      Memory: Heap Used Before Mark                             0 / 0               167 / 216             167 / 216             167 / 216         MB
[2021-02-13T17:19:09.345+0300][260.127s][info][gc,stats    ]      Memory: Heap Used Before Relocation                       0 / 0               145 / 172             145 / 172             145 / 172         MB
[2021-02-13T17:19:09.345+0300][260.127s][info][gc,stats    ]      Memory: Out Of Memory                                     0 / 0                 0 / 0                 0 / 0                 0 / 0           ops/s
[2021-02-13T17:19:09.345+0300][260.128s][info][gc,stats    ]      Memory: Page Cache Flush                                  0 / 0                 0 / 0                 0 / 0                 0 / 0           MB/s
[2021-02-13T17:19:09.345+0300][260.128s][info][gc,stats    ]      Memory: Page Cache Hit L1                                 0 / 0                 0 / 9                 0 / 9                 0 / 9           ops/s
[2021-02-13T17:19:09.345+0300][260.128s][info][gc,stats    ]      Memory: Page Cache Hit L2                                 0 / 0                 0 / 0                 0 / 0                 0 / 0           ops/s
[2021-02-13T17:19:09.345+0300][260.128s][info][gc,stats    ]      Memory: Page Cache Hit L3                                 0 / 8                 0 / 14                0 / 14                0 / 14          ops/s
[2021-02-13T17:19:09.345+0300][260.128s][info][gc,stats    ]      Memory: Page Cache Miss                                   0 / 0                 0 / 0                 0 / 0                 0 / 0           ops/s
[2021-02-13T17:19:09.345+0300][260.128s][info][gc,stats    ]      Memory: Uncommit                                          0 / 0                 0 / 0                 0 / 0                 0 / 0           MB/s
[2021-02-13T17:19:09.345+0300][260.128s][info][gc,stats    ]      Memory: Undo Object Allocation Failed                     0 / 0                 0 / 0                 0 / 0                 0 / 0           ops/s
[2021-02-13T17:19:09.345+0300][260.128s][info][gc,stats    ]      Memory: Undo Object Allocation Succeeded                  0 / 0                 0 / 1                 0 / 1                 0 / 1           ops/s
[2021-02-13T17:19:09.345+0300][260.128s][info][gc,stats    ]      Memory: Undo Page Allocation                              0 / 0                 0 / 0                 0 / 0                 0 / 0           ops/s
[2021-02-13T17:19:09.345+0300][260.128s][info][gc,stats    ]       Phase: Concurrent Mark                               0.000 / 0.000       168.208 / 221.645     168.208 / 221.645     168.208 / 221.645     ms
[2021-02-13T17:19:09.345+0300][260.128s][info][gc,stats    ]       Phase: Concurrent Mark Continue                      0.000 / 0.000         0.000 / 0.000         0.000 / 0.000         0.000 / 0.000       ms
[2021-02-13T17:19:09.345+0300][260.128s][info][gc,stats    ]       Phase: Concurrent Process Non-Strong References      0.000 / 0.000         2.037 / 2.549         2.037 / 2.549         2.037 / 2.549       ms
[2021-02-13T17:19:09.345+0300][260.128s][info][gc,stats    ]       Phase: Concurrent Relocate                           0.000 / 0.000        16.262 / 17.964       16.262 / 17.964       16.262 / 17.964      ms
[2021-02-13T17:19:09.345+0300][260.128s][info][gc,stats    ]       Phase: Concurrent Reset Relocation Set               0.000 / 0.000         0.373 / 0.741         0.373 / 0.741         0.373 / 0.741       ms
[2021-02-13T17:19:09.345+0300][260.128s][info][gc,stats    ]       Phase: Concurrent Select Relocation Set              0.000 / 0.000         7.407 / 9.944         7.407 / 9.944         7.407 / 9.944       ms
[2021-02-13T17:19:09.345+0300][260.128s][info][gc,stats    ]       Phase: Pause Mark End                                0.000 / 0.000         0.245 / 0.286         0.245 / 0.286         0.245 / 0.286       ms
[2021-02-13T17:19:09.345+0300][260.128s][info][gc,stats    ]       Phase: Pause Mark Start                              0.000 / 0.000         0.503 / 0.836         0.503 / 0.836         0.503 / 0.836       ms
[2021-02-13T17:19:09.345+0300][260.128s][info][gc,stats    ]       Phase: Pause Relocate Start                          0.000 / 0.000         0.171 / 0.175         0.171 / 0.175         0.171 / 0.175       ms
[2021-02-13T17:19:09.345+0300][260.128s][info][gc,stats    ]    Subphase: Concurrent Classes Purge                      0.000 / 0.000         0.111 / 0.118         0.111 / 0.118         0.111 / 0.118       ms
[2021-02-13T17:19:09.345+0300][260.128s][info][gc,stats    ]    Subphase: Concurrent Classes Unlink                     0.000 / 0.000         1.156 / 1.455         1.156 / 1.455         1.156 / 1.455       ms
[2021-02-13T17:19:09.345+0300][260.128s][info][gc,stats    ]    Subphase: Concurrent Mark                               0.000 / 0.000       167.938 / 221.323     167.938 / 221.323     167.938 / 221.323     ms
[2021-02-13T17:19:09.345+0300][260.128s][info][gc,stats    ]    Subphase: Concurrent Mark Idle                          0.000 / 0.000         0.000 / 0.000         0.000 / 0.000         0.000 / 0.000       ms
[2021-02-13T17:19:09.345+0300][260.128s][info][gc,stats    ]    Subphase: Concurrent Mark Try Flush                     0.000 / 0.000         0.325 / 0.568         0.325 / 0.568         0.325 / 0.568       ms
[2021-02-13T17:19:09.345+0300][260.128s][info][gc,stats    ]    Subphase: Concurrent Mark Try Terminate                 0.000 / 0.000         0.198 / 0.569         0.198 / 0.569         0.198 / 0.569       ms
[2021-02-13T17:19:09.345+0300][260.128s][info][gc,stats    ]    Subphase: Concurrent References Enqueue                 0.000 / 0.000         0.004 / 0.004         0.004 / 0.004         0.004 / 0.004       ms
[2021-02-13T17:19:09.345+0300][260.128s][info][gc,stats    ]    Subphase: Concurrent References Process                 0.000 / 0.000         0.135 / 0.143         0.135 / 0.143         0.135 / 0.143       ms
[2021-02-13T17:19:09.345+0300][260.128s][info][gc,stats    ]    Subphase: Concurrent Roots                              0.000 / 0.000         0.100 / 0.152         0.100 / 0.152         0.100 / 0.152       ms
[2021-02-13T17:19:09.345+0300][260.128s][info][gc,stats    ]    Subphase: Concurrent Roots ClassLoaderDataGraph         0.000 / 0.000         0.093 / 0.141         0.093 / 0.141         0.093 / 0.141       ms
[2021-02-13T17:19:09.345+0300][260.128s][info][gc,stats    ]    Subphase: Concurrent Roots JNIHandles                   0.000 / 0.000         0.004 / 0.006         0.004 / 0.006         0.004 / 0.006       ms
[2021-02-13T17:19:09.345+0300][260.128s][info][gc,stats    ]    Subphase: Concurrent Roots Setup                        0.000 / 0.000         0.006 / 0.006         0.006 / 0.006         0.006 / 0.006       ms
[2021-02-13T17:19:09.345+0300][260.128s][info][gc,stats    ]    Subphase: Concurrent Roots Teardown                     0.000 / 0.000         0.000 / 0.000         0.000 / 0.000         0.000 / 0.000       ms
[2021-02-13T17:19:09.345+0300][260.128s][info][gc,stats    ]    Subphase: Concurrent Roots VMHandles                    0.000 / 0.000         0.003 / 0.004         0.003 / 0.004         0.003 / 0.004       ms
[2021-02-13T17:19:09.345+0300][260.128s][info][gc,stats    ]    Subphase: Concurrent Weak Roots                         0.000 / 0.000         0.348 / 0.520         0.348 / 0.520         0.348 / 0.520       ms
[2021-02-13T17:19:09.345+0300][260.128s][info][gc,stats    ]    Subphase: Concurrent Weak Roots JNIWeakHandles          0.000 / 0.000         0.000 / 0.000         0.000 / 0.000         0.000 / 0.000       ms
[2021-02-13T17:19:09.345+0300][260.128s][info][gc,stats    ]    Subphase: Concurrent Weak Roots ResolvedMethodTable     0.000 / 0.000         0.023 / 0.035         0.023 / 0.035         0.023 / 0.035       ms
[2021-02-13T17:19:09.345+0300][260.128s][info][gc,stats    ]    Subphase: Concurrent Weak Roots StringTable             0.000 / 0.000         0.314 / 0.471         0.314 / 0.471         0.314 / 0.471       ms
[2021-02-13T17:19:09.345+0300][260.128s][info][gc,stats    ]    Subphase: Concurrent Weak Roots VMWeakHandles           0.000 / 0.000         0.010 / 0.013         0.010 / 0.013         0.010 / 0.013       ms
[2021-02-13T17:19:09.345+0300][260.128s][info][gc,stats    ]    Subphase: Pause Mark Try Complete                       0.000 / 0.000         0.022 / 0.040         0.022 / 0.040         0.022 / 0.040       ms
[2021-02-13T17:19:09.345+0300][260.128s][info][gc,stats    ]    Subphase: Pause Roots                                   0.000 / 0.000         0.105 / 0.374         0.105 / 0.374         0.105 / 0.374       ms
[2021-02-13T17:19:09.345+0300][260.128s][info][gc,stats    ]    Subphase: Pause Roots CodeCache                         0.000 / 0.000         0.000 / 0.000         0.000 / 0.000         0.000 / 0.000       ms
[2021-02-13T17:19:09.345+0300][260.128s][info][gc,stats    ]    Subphase: Pause Roots JVMTIExport                       0.000 / 0.000         0.001 / 0.003         0.001 / 0.003         0.001 / 0.003       ms
[2021-02-13T17:19:09.345+0300][260.128s][info][gc,stats    ]    Subphase: Pause Roots JVMTIWeakExport                   0.000 / 0.000         0.007 / 0.013         0.007 / 0.013         0.007 / 0.013       ms
[2021-02-13T17:19:09.345+0300][260.128s][info][gc,stats    ]    Subphase: Pause Roots Java Threads                      0.000 / 0.000         0.095 / 0.373         0.095 / 0.373         0.095 / 0.373       ms
[2021-02-13T17:19:09.345+0300][260.128s][info][gc,stats    ]    Subphase: Pause Roots Management                        0.000 / 0.000         0.007 / 0.025         0.007 / 0.025         0.007 / 0.025       ms
[2021-02-13T17:19:09.345+0300][260.128s][info][gc,stats    ]    Subphase: Pause Roots ObjectSynchronizer                0.000 / 0.000         0.000 / 0.000         0.000 / 0.000         0.000 / 0.000       ms
[2021-02-13T17:19:09.345+0300][260.128s][info][gc,stats    ]    Subphase: Pause Roots Setup                             0.000 / 0.000         0.000 / 0.001         0.000 / 0.001         0.000 / 0.001       ms
[2021-02-13T17:19:09.345+0300][260.128s][info][gc,stats    ]    Subphase: Pause Roots Teardown                          0.000 / 0.000         0.001 / 0.002         0.001 / 0.002         0.001 / 0.002       ms
[2021-02-13T17:19:09.345+0300][260.128s][info][gc,stats    ]    Subphase: Pause Roots Universe                          0.000 / 0.000         0.011 / 0.027         0.011 / 0.027         0.011 / 0.027       ms
[2021-02-13T17:19:09.345+0300][260.128s][info][gc,stats    ]    Subphase: Pause Roots VM Thread                         0.000 / 0.000         0.008 / 0.028         0.008 / 0.028         0.008 / 0.028       ms
[2021-02-13T17:19:09.345+0300][260.128s][info][gc,stats    ]    Subphase: Pause Weak Roots                              0.000 / 0.000         0.001 / 0.005         0.001 / 0.005         0.001 / 0.005       ms
[2021-02-13T17:19:09.346+0300][260.128s][info][gc,stats    ]    Subphase: Pause Weak Roots JFRWeak                      0.000 / 0.000         0.000 / 0.000         0.000 / 0.000         0.000 / 0.000       ms
[2021-02-13T17:19:09.346+0300][260.128s][info][gc,stats    ]    Subphase: Pause Weak Roots JVMTIWeakExport              0.000 / 0.000         0.003 / 0.005         0.003 / 0.005         0.003 / 0.005       ms
[2021-02-13T17:19:09.346+0300][260.128s][info][gc,stats    ]    Subphase: Pause Weak Roots Setup                        0.000 / 0.000         0.000 / 0.000         0.000 / 0.000         0.000 / 0.000       ms
[2021-02-13T17:19:09.346+0300][260.128s][info][gc,stats    ]    Subphase: Pause Weak Roots Teardown                     0.000 / 0.000         0.000 / 0.000         0.000 / 0.000         0.000 / 0.000       ms
[2021-02-13T17:19:09.346+0300][260.128s][info][gc,stats    ]      System: Java Threads                                      0 / 0                16 / 16               16 / 16               16 / 16          threads
[2021-02-13T17:19:09.346+0300][260.128s][info][gc,stats    ] =========================================================================================================================================================
[2021-02-13T17:19:19.351+0300][270.133s][info][gc,stats    ] === Garbage Collection Statistics =======================================================================================================================
[2021-02-13T17:19:19.351+0300][270.133s][info][gc,stats    ]                                                              Last 10s              Last 10m              Last 10h                Total
[2021-02-13T17:19:19.351+0300][270.133s][info][gc,stats    ]                                                              Avg / Max             Avg / Max             Avg / Max             Avg / Max
[2021-02-13T17:19:19.351+0300][270.133s][info][gc,stats    ]   Collector: Garbage Collection Cycle                      0.000 / 0.000       196.888 / 246.924     196.888 / 246.924     196.888 / 246.924     ms
[2021-02-13T17:19:19.351+0300][270.133s][info][gc,stats    ]  Contention: Mark Segment Reset Contention                     0 / 0                 0 / 0                 0 / 0                 0 / 0           ops/s
[2021-02-13T17:19:19.351+0300][270.133s][info][gc,stats    ]  Contention: Mark SeqNum Reset Contention                      0 / 0                 0 / 0                 0 / 0                 0 / 0           ops/s
[2021-02-13T17:19:19.351+0300][270.133s][info][gc,stats    ]  Contention: Relocation Contention                             0 / 0                 0 / 1                 0 / 1                 0 / 1           ops/s
[2021-02-13T17:19:19.351+0300][270.133s][info][gc,stats    ]    Critical: Allocation Stall                              0.000 / 0.000         0.000 / 0.000         0.000 / 0.000         0.000 / 0.000       ms
[2021-02-13T17:19:19.351+0300][270.133s][info][gc,stats    ]    Critical: Allocation Stall                                  0 / 0                 0 / 0                 0 / 0                 0 / 0           ops/s
[2021-02-13T17:19:19.351+0300][270.133s][info][gc,stats    ]    Critical: GC Locker Stall                               0.000 / 0.000         0.000 / 0.000         0.000 / 0.000         0.000 / 0.000       ms
[2021-02-13T17:19:19.351+0300][270.133s][info][gc,stats    ]    Critical: GC Locker Stall                                   0 / 0                 0 / 0                 0 / 0                 0 / 0           ops/s
[2021-02-13T17:19:19.351+0300][270.133s][info][gc,stats    ]      Memory: Allocation Rate                                   0 / 0                 5 / 1082              5 / 1082              5 / 1082        MB/s
[2021-02-13T17:19:19.351+0300][270.133s][info][gc,stats    ]      Memory: Heap Used After Mark                              0 / 0               167 / 216             167 / 216             167 / 216         MB
[2021-02-13T17:19:19.351+0300][270.133s][info][gc,stats    ]      Memory: Heap Used After Relocation                        0 / 0               100 / 114             100 / 114             100 / 114         MB
[2021-02-13T17:19:19.351+0300][270.133s][info][gc,stats    ]      Memory: Heap Used Before Mark                             0 / 0               167 / 216             167 / 216             167 / 216         MB
[2021-02-13T17:19:19.351+0300][270.133s][info][gc,stats    ]      Memory: Heap Used Before Relocation                       0 / 0               145 / 172             145 / 172             145 / 172         MB
[2021-02-13T17:19:19.351+0300][270.133s][info][gc,stats    ]      Memory: Out Of Memory                                     0 / 0                 0 / 0                 0 / 0                 0 / 0           ops/s
[2021-02-13T17:19:19.351+0300][270.133s][info][gc,stats    ]      Memory: Page Cache Flush                                  0 / 0                 0 / 0                 0 / 0                 0 / 0           MB/s
[2021-02-13T17:19:19.351+0300][270.133s][info][gc,stats    ]      Memory: Page Cache Hit L1                                 0 / 0                 0 / 9                 0 / 9                 0 / 9           ops/s
[2021-02-13T17:19:19.351+0300][270.133s][info][gc,stats    ]      Memory: Page Cache Hit L2                                 0 / 0                 0 / 0                 0 / 0                 0 / 0           ops/s
[2021-02-13T17:19:19.351+0300][270.133s][info][gc,stats    ]      Memory: Page Cache Hit L3                                 0 / 0                 0 / 14                0 / 14                0 / 14          ops/s
[2021-02-13T17:19:19.351+0300][270.134s][info][gc,stats    ]      Memory: Page Cache Miss                                   0 / 0                 0 / 0                 0 / 0                 0 / 0           ops/s
[2021-02-13T17:19:19.351+0300][270.134s][info][gc,stats    ]      Memory: Uncommit                                          0 / 0                 0 / 0                 0 / 0                 0 / 0           MB/s
[2021-02-13T17:19:19.351+0300][270.134s][info][gc,stats    ]      Memory: Undo Object Allocation Failed                     0 / 0                 0 / 0                 0 / 0                 0 / 0           ops/s
[2021-02-13T17:19:19.351+0300][270.134s][info][gc,stats    ]      Memory: Undo Object Allocation Succeeded                  0 / 0                 0 / 1                 0 / 1                 0 / 1           ops/s
[2021-02-13T17:19:19.351+0300][270.134s][info][gc,stats    ]      Memory: Undo Page Allocation                              0 / 0                 0 / 0                 0 / 0                 0 / 0           ops/s
[2021-02-13T17:19:19.351+0300][270.134s][info][gc,stats    ]       Phase: Concurrent Mark                               0.000 / 0.000       168.208 / 221.645     168.208 / 221.645     168.208 / 221.645     ms
[2021-02-13T17:19:19.351+0300][270.134s][info][gc,stats    ]       Phase: Concurrent Mark Continue                      0.000 / 0.000         0.000 / 0.000         0.000 / 0.000         0.000 / 0.000       ms
[2021-02-13T17:19:19.351+0300][270.134s][info][gc,stats    ]       Phase: Concurrent Process Non-Strong References      0.000 / 0.000         2.037 / 2.549         2.037 / 2.549         2.037 / 2.549       ms
[2021-02-13T17:19:19.351+0300][270.134s][info][gc,stats    ]       Phase: Concurrent Relocate                           0.000 / 0.000        16.262 / 17.964       16.262 / 17.964       16.262 / 17.964      ms
[2021-02-13T17:19:19.351+0300][270.134s][info][gc,stats    ]       Phase: Concurrent Reset Relocation Set               0.000 / 0.000         0.373 / 0.741         0.373 / 0.741         0.373 / 0.741       ms
[2021-02-13T17:19:19.351+0300][270.134s][info][gc,stats    ]       Phase: Concurrent Select Relocation Set              0.000 / 0.000         7.407 / 9.944         7.407 / 9.944         7.407 / 9.944       ms
[2021-02-13T17:19:19.351+0300][270.134s][info][gc,stats    ]       Phase: Pause Mark End                                0.000 / 0.000         0.245 / 0.286         0.245 / 0.286         0.245 / 0.286       ms
[2021-02-13T17:19:19.351+0300][270.134s][info][gc,stats    ]       Phase: Pause Mark Start                              0.000 / 0.000         0.503 / 0.836         0.503 / 0.836         0.503 / 0.836       ms
[2021-02-13T17:19:19.351+0300][270.134s][info][gc,stats    ]       Phase: Pause Relocate Start                          0.000 / 0.000         0.171 / 0.175         0.171 / 0.175         0.171 / 0.175       ms
[2021-02-13T17:19:19.351+0300][270.134s][info][gc,stats    ]    Subphase: Concurrent Classes Purge                      0.000 / 0.000         0.111 / 0.118         0.111 / 0.118         0.111 / 0.118       ms
[2021-02-13T17:19:19.351+0300][270.134s][info][gc,stats    ]    Subphase: Concurrent Classes Unlink                     0.000 / 0.000         1.156 / 1.455         1.156 / 1.455         1.156 / 1.455       ms
[2021-02-13T17:19:19.351+0300][270.134s][info][gc,stats    ]    Subphase: Concurrent Mark                               0.000 / 0.000       167.938 / 221.323     167.938 / 221.323     167.938 / 221.323     ms
[2021-02-13T17:19:19.351+0300][270.134s][info][gc,stats    ]    Subphase: Concurrent Mark Idle                          0.000 / 0.000         0.000 / 0.000         0.000 / 0.000         0.000 / 0.000       ms
[2021-02-13T17:19:19.351+0300][270.134s][info][gc,stats    ]    Subphase: Concurrent Mark Try Flush                     0.000 / 0.000         0.325 / 0.568         0.325 / 0.568         0.325 / 0.568       ms
[2021-02-13T17:19:19.351+0300][270.134s][info][gc,stats    ]    Subphase: Concurrent Mark Try Terminate                 0.000 / 0.000         0.198 / 0.569         0.198 / 0.569         0.198 / 0.569       ms
[2021-02-13T17:19:19.351+0300][270.134s][info][gc,stats    ]    Subphase: Concurrent References Enqueue                 0.000 / 0.000         0.004 / 0.004         0.004 / 0.004         0.004 / 0.004       ms
[2021-02-13T17:19:19.351+0300][270.134s][info][gc,stats    ]    Subphase: Concurrent References Process                 0.000 / 0.000         0.135 / 0.143         0.135 / 0.143         0.135 / 0.143       ms
[2021-02-13T17:19:19.351+0300][270.134s][info][gc,stats    ]    Subphase: Concurrent Roots                              0.000 / 0.000         0.100 / 0.152         0.100 / 0.152         0.100 / 0.152       ms
[2021-02-13T17:19:19.351+0300][270.134s][info][gc,stats    ]    Subphase: Concurrent Roots ClassLoaderDataGraph         0.000 / 0.000         0.093 / 0.141         0.093 / 0.141         0.093 / 0.141       ms
[2021-02-13T17:19:19.351+0300][270.134s][info][gc,stats    ]    Subphase: Concurrent Roots JNIHandles                   0.000 / 0.000         0.004 / 0.006         0.004 / 0.006         0.004 / 0.006       ms
[2021-02-13T17:19:19.351+0300][270.134s][info][gc,stats    ]    Subphase: Concurrent Roots Setup                        0.000 / 0.000         0.006 / 0.006         0.006 / 0.006         0.006 / 0.006       ms
[2021-02-13T17:19:19.351+0300][270.134s][info][gc,stats    ]    Subphase: Concurrent Roots Teardown                     0.000 / 0.000         0.000 / 0.000         0.000 / 0.000         0.000 / 0.000       ms
[2021-02-13T17:19:19.351+0300][270.134s][info][gc,stats    ]    Subphase: Concurrent Roots VMHandles                    0.000 / 0.000         0.003 / 0.004         0.003 / 0.004         0.003 / 0.004       ms
[2021-02-13T17:19:19.351+0300][270.134s][info][gc,stats    ]    Subphase: Concurrent Weak Roots                         0.000 / 0.000         0.348 / 0.520         0.348 / 0.520         0.348 / 0.520       ms
[2021-02-13T17:19:19.351+0300][270.134s][info][gc,stats    ]    Subphase: Concurrent Weak Roots JNIWeakHandles          0.000 / 0.000         0.000 / 0.000         0.000 / 0.000         0.000 / 0.000       ms
[2021-02-13T17:19:19.351+0300][270.134s][info][gc,stats    ]    Subphase: Concurrent Weak Roots ResolvedMethodTable     0.000 / 0.000         0.023 / 0.035         0.023 / 0.035         0.023 / 0.035       ms
[2021-02-13T17:19:19.351+0300][270.134s][info][gc,stats    ]    Subphase: Concurrent Weak Roots StringTable             0.000 / 0.000         0.314 / 0.471         0.314 / 0.471         0.314 / 0.471       ms
[2021-02-13T17:19:19.351+0300][270.134s][info][gc,stats    ]    Subphase: Concurrent Weak Roots VMWeakHandles           0.000 / 0.000         0.010 / 0.013         0.010 / 0.013         0.010 / 0.013       ms
[2021-02-13T17:19:19.351+0300][270.134s][info][gc,stats    ]    Subphase: Pause Mark Try Complete                       0.000 / 0.000         0.022 / 0.040         0.022 / 0.040         0.022 / 0.040       ms
[2021-02-13T17:19:19.351+0300][270.134s][info][gc,stats    ]    Subphase: Pause Roots                                   0.000 / 0.000         0.105 / 0.374         0.105 / 0.374         0.105 / 0.374       ms
[2021-02-13T17:19:19.351+0300][270.134s][info][gc,stats    ]    Subphase: Pause Roots CodeCache                         0.000 / 0.000         0.000 / 0.000         0.000 / 0.000         0.000 / 0.000       ms
[2021-02-13T17:19:19.351+0300][270.134s][info][gc,stats    ]    Subphase: Pause Roots JVMTIExport                       0.000 / 0.000         0.001 / 0.003         0.001 / 0.003         0.001 / 0.003       ms
[2021-02-13T17:19:19.351+0300][270.134s][info][gc,stats    ]    Subphase: Pause Roots JVMTIWeakExport                   0.000 / 0.000         0.007 / 0.013         0.007 / 0.013         0.007 / 0.013       ms
[2021-02-13T17:19:19.351+0300][270.134s][info][gc,stats    ]    Subphase: Pause Roots Java Threads                      0.000 / 0.000         0.095 / 0.373         0.095 / 0.373         0.095 / 0.373       ms
[2021-02-13T17:19:19.351+0300][270.134s][info][gc,stats    ]    Subphase: Pause Roots Management                        0.000 / 0.000         0.007 / 0.025         0.007 / 0.025         0.007 / 0.025       ms
[2021-02-13T17:19:19.351+0300][270.134s][info][gc,stats    ]    Subphase: Pause Roots ObjectSynchronizer                0.000 / 0.000         0.000 / 0.000         0.000 / 0.000         0.000 / 0.000       ms
[2021-02-13T17:19:19.351+0300][270.134s][info][gc,stats    ]    Subphase: Pause Roots Setup                             0.000 / 0.000         0.000 / 0.001         0.000 / 0.001         0.000 / 0.001       ms
[2021-02-13T17:19:19.351+0300][270.134s][info][gc,stats    ]    Subphase: Pause Roots Teardown                          0.000 / 0.000         0.001 / 0.002         0.001 / 0.002         0.001 / 0.002       ms
[2021-02-13T17:19:19.351+0300][270.134s][info][gc,stats    ]    Subphase: Pause Roots Universe                          0.000 / 0.000         0.011 / 0.027         0.011 / 0.027         0.011 / 0.027       ms
[2021-02-13T17:19:19.351+0300][270.134s][info][gc,stats    ]    Subphase: Pause Roots VM Thread                         0.000 / 0.000         0.008 / 0.028         0.008 / 0.028         0.008 / 0.028       ms
[2021-02-13T17:19:19.351+0300][270.134s][info][gc,stats    ]    Subphase: Pause Weak Roots                              0.000 / 0.000         0.001 / 0.005         0.001 / 0.005         0.001 / 0.005       ms
[2021-02-13T17:19:19.351+0300][270.134s][info][gc,stats    ]    Subphase: Pause Weak Roots JFRWeak                      0.000 / 0.000         0.000 / 0.000         0.000 / 0.000         0.000 / 0.000       ms
[2021-02-13T17:19:19.351+0300][270.134s][info][gc,stats    ]    Subphase: Pause Weak Roots JVMTIWeakExport              0.000 / 0.000         0.003 / 0.005         0.003 / 0.005         0.003 / 0.005       ms
[2021-02-13T17:19:19.351+0300][270.134s][info][gc,stats    ]    Subphase: Pause Weak Roots Setup                        0.000 / 0.000         0.000 / 0.000         0.000 / 0.000         0.000 / 0.000       ms
[2021-02-13T17:19:19.352+0300][270.134s][info][gc,stats    ]    Subphase: Pause Weak Roots Teardown                     0.000 / 0.000         0.000 / 0.000         0.000 / 0.000         0.000 / 0.000       ms
[2021-02-13T17:19:19.352+0300][270.134s][info][gc,stats    ]      System: Java Threads                                      0 / 0                16 / 16               16 / 16               16 / 16          threads
[2021-02-13T17:19:19.352+0300][270.134s][info][gc,stats    ] =========================================================================================================================================================
[2021-02-13T17:19:29.348+0300][280.131s][info][gc,stats    ] === Garbage Collection Statistics =======================================================================================================================
[2021-02-13T17:19:29.348+0300][280.131s][info][gc,stats    ]                                                              Last 10s              Last 10m              Last 10h                Total
[2021-02-13T17:19:29.348+0300][280.131s][info][gc,stats    ]                                                              Avg / Max             Avg / Max             Avg / Max             Avg / Max
[2021-02-13T17:19:29.348+0300][280.131s][info][gc,stats    ]   Collector: Garbage Collection Cycle                      0.000 / 0.000       196.888 / 246.924     196.888 / 246.924     196.888 / 246.924     ms
[2021-02-13T17:19:29.348+0300][280.131s][info][gc,stats    ]  Contention: Mark Segment Reset Contention                     0 / 0                 0 / 0                 0 / 0                 0 / 0           ops/s
[2021-02-13T17:19:29.348+0300][280.131s][info][gc,stats    ]  Contention: Mark SeqNum Reset Contention                      0 / 0                 0 / 0                 0 / 0                 0 / 0           ops/s
[2021-02-13T17:19:29.348+0300][280.131s][info][gc,stats    ]  Contention: Relocation Contention                             0 / 0                 0 / 1                 0 / 1                 0 / 1           ops/s
[2021-02-13T17:19:29.348+0300][280.131s][info][gc,stats    ]    Critical: Allocation Stall                              0.000 / 0.000         0.000 / 0.000         0.000 / 0.000         0.000 / 0.000       ms
[2021-02-13T17:19:29.348+0300][280.131s][info][gc,stats    ]    Critical: Allocation Stall                                  0 / 0                 0 / 0                 0 / 0                 0 / 0           ops/s
[2021-02-13T17:19:29.348+0300][280.131s][info][gc,stats    ]    Critical: GC Locker Stall                               0.000 / 0.000         0.000 / 0.000         0.000 / 0.000         0.000 / 0.000       ms
[2021-02-13T17:19:29.348+0300][280.131s][info][gc,stats    ]    Critical: GC Locker Stall                                   0 / 0                 0 / 0                 0 / 0                 0 / 0           ops/s
[2021-02-13T17:19:29.348+0300][280.131s][info][gc,stats    ]      Memory: Allocation Rate                                   0 / 2                 5 / 1082              5 / 1082              5 / 1082        MB/s
[2021-02-13T17:19:29.348+0300][280.131s][info][gc,stats    ]      Memory: Heap Used After Mark                              0 / 0               167 / 216             167 / 216             167 / 216         MB
[2021-02-13T17:19:29.348+0300][280.131s][info][gc,stats    ]      Memory: Heap Used After Relocation                        0 / 0               100 / 114             100 / 114             100 / 114         MB
[2021-02-13T17:19:29.348+0300][280.131s][info][gc,stats    ]      Memory: Heap Used Before Mark                             0 / 0               167 / 216             167 / 216             167 / 216         MB
[2021-02-13T17:19:29.348+0300][280.131s][info][gc,stats    ]      Memory: Heap Used Before Relocation                       0 / 0               145 / 172             145 / 172             145 / 172         MB
[2021-02-13T17:19:29.348+0300][280.131s][info][gc,stats    ]      Memory: Out Of Memory                                     0 / 0                 0 / 0                 0 / 0                 0 / 0           ops/s
[2021-02-13T17:19:29.348+0300][280.131s][info][gc,stats    ]      Memory: Page Cache Flush                                  0 / 0                 0 / 0                 0 / 0                 0 / 0           MB/s
[2021-02-13T17:19:29.348+0300][280.131s][info][gc,stats    ]      Memory: Page Cache Hit L1                                 0 / 0                 0 / 9                 0 / 9                 0 / 9           ops/s
[2021-02-13T17:19:29.348+0300][280.131s][info][gc,stats    ]      Memory: Page Cache Hit L2                                 0 / 0                 0 / 0                 0 / 0                 0 / 0           ops/s
[2021-02-13T17:19:29.348+0300][280.131s][info][gc,stats    ]      Memory: Page Cache Hit L3                                 0 / 1                 0 / 14                0 / 14                0 / 14          ops/s
[2021-02-13T17:19:29.348+0300][280.131s][info][gc,stats    ]      Memory: Page Cache Miss                                   0 / 0                 0 / 0                 0 / 0                 0 / 0           ops/s
[2021-02-13T17:19:29.348+0300][280.131s][info][gc,stats    ]      Memory: Uncommit                                          0 / 0                 0 / 0                 0 / 0                 0 / 0           MB/s
[2021-02-13T17:19:29.348+0300][280.131s][info][gc,stats    ]      Memory: Undo Object Allocation Failed                     0 / 0                 0 / 0                 0 / 0                 0 / 0           ops/s
[2021-02-13T17:19:29.348+0300][280.131s][info][gc,stats    ]      Memory: Undo Object Allocation Succeeded                  0 / 0                 0 / 1                 0 / 1                 0 / 1           ops/s
[2021-02-13T17:19:29.348+0300][280.131s][info][gc,stats    ]      Memory: Undo Page Allocation                              0 / 0                 0 / 0                 0 / 0                 0 / 0           ops/s
[2021-02-13T17:19:29.348+0300][280.131s][info][gc,stats    ]       Phase: Concurrent Mark                               0.000 / 0.000       168.208 / 221.645     168.208 / 221.645     168.208 / 221.645     ms
[2021-02-13T17:19:29.348+0300][280.131s][info][gc,stats    ]       Phase: Concurrent Mark Continue                      0.000 / 0.000         0.000 / 0.000         0.000 / 0.000         0.000 / 0.000       ms
[2021-02-13T17:19:29.348+0300][280.131s][info][gc,stats    ]       Phase: Concurrent Process Non-Strong References      0.000 / 0.000         2.037 / 2.549         2.037 / 2.549         2.037 / 2.549       ms
[2021-02-13T17:19:29.348+0300][280.131s][info][gc,stats    ]       Phase: Concurrent Relocate                           0.000 / 0.000        16.262 / 17.964       16.262 / 17.964       16.262 / 17.964      ms
[2021-02-13T17:19:29.348+0300][280.131s][info][gc,stats    ]       Phase: Concurrent Reset Relocation Set               0.000 / 0.000         0.373 / 0.741         0.373 / 0.741         0.373 / 0.741       ms
[2021-02-13T17:19:29.348+0300][280.131s][info][gc,stats    ]       Phase: Concurrent Select Relocation Set              0.000 / 0.000         7.407 / 9.944         7.407 / 9.944         7.407 / 9.944       ms
[2021-02-13T17:19:29.348+0300][280.131s][info][gc,stats    ]       Phase: Pause Mark End                                0.000 / 0.000         0.245 / 0.286         0.245 / 0.286         0.245 / 0.286       ms
[2021-02-13T17:19:29.348+0300][280.131s][info][gc,stats    ]       Phase: Pause Mark Start                              0.000 / 0.000         0.503 / 0.836         0.503 / 0.836         0.503 / 0.836       ms
[2021-02-13T17:19:29.348+0300][280.131s][info][gc,stats    ]       Phase: Pause Relocate Start                          0.000 / 0.000         0.171 / 0.175         0.171 / 0.175         0.171 / 0.175       ms
[2021-02-13T17:19:29.348+0300][280.131s][info][gc,stats    ]    Subphase: Concurrent Classes Purge                      0.000 / 0.000         0.111 / 0.118         0.111 / 0.118         0.111 / 0.118       ms
[2021-02-13T17:19:29.348+0300][280.131s][info][gc,stats    ]    Subphase: Concurrent Classes Unlink                     0.000 / 0.000         1.156 / 1.455         1.156 / 1.455         1.156 / 1.455       ms
[2021-02-13T17:19:29.348+0300][280.131s][info][gc,stats    ]    Subphase: Concurrent Mark                               0.000 / 0.000       167.938 / 221.323     167.938 / 221.323     167.938 / 221.323     ms
[2021-02-13T17:19:29.348+0300][280.131s][info][gc,stats    ]    Subphase: Concurrent Mark Idle                          0.000 / 0.000         0.000 / 0.000         0.000 / 0.000         0.000 / 0.000       ms
[2021-02-13T17:19:29.348+0300][280.131s][info][gc,stats    ]    Subphase: Concurrent Mark Try Flush                     0.000 / 0.000         0.325 / 0.568         0.325 / 0.568         0.325 / 0.568       ms
[2021-02-13T17:19:29.348+0300][280.131s][info][gc,stats    ]    Subphase: Concurrent Mark Try Terminate                 0.000 / 0.000         0.198 / 0.569         0.198 / 0.569         0.198 / 0.569       ms
[2021-02-13T17:19:29.348+0300][280.131s][info][gc,stats    ]    Subphase: Concurrent References Enqueue                 0.000 / 0.000         0.004 / 0.004         0.004 / 0.004         0.004 / 0.004       ms
[2021-02-13T17:19:29.348+0300][280.131s][info][gc,stats    ]    Subphase: Concurrent References Process                 0.000 / 0.000         0.135 / 0.143         0.135 / 0.143         0.135 / 0.143       ms
[2021-02-13T17:19:29.348+0300][280.131s][info][gc,stats    ]    Subphase: Concurrent Roots                              0.000 / 0.000         0.100 / 0.152         0.100 / 0.152         0.100 / 0.152       ms
[2021-02-13T17:19:29.348+0300][280.131s][info][gc,stats    ]    Subphase: Concurrent Roots ClassLoaderDataGraph         0.000 / 0.000         0.093 / 0.141         0.093 / 0.141         0.093 / 0.141       ms
[2021-02-13T17:19:29.348+0300][280.131s][info][gc,stats    ]    Subphase: Concurrent Roots JNIHandles                   0.000 / 0.000         0.004 / 0.006         0.004 / 0.006         0.004 / 0.006       ms
[2021-02-13T17:19:29.348+0300][280.131s][info][gc,stats    ]    Subphase: Concurrent Roots Setup                        0.000 / 0.000         0.006 / 0.006         0.006 / 0.006         0.006 / 0.006       ms
[2021-02-13T17:19:29.348+0300][280.131s][info][gc,stats    ]    Subphase: Concurrent Roots Teardown                     0.000 / 0.000         0.000 / 0.000         0.000 / 0.000         0.000 / 0.000       ms
[2021-02-13T17:19:29.348+0300][280.131s][info][gc,stats    ]    Subphase: Concurrent Roots VMHandles                    0.000 / 0.000         0.003 / 0.004         0.003 / 0.004         0.003 / 0.004       ms
[2021-02-13T17:19:29.348+0300][280.131s][info][gc,stats    ]    Subphase: Concurrent Weak Roots                         0.000 / 0.000         0.348 / 0.520         0.348 / 0.520         0.348 / 0.520       ms
[2021-02-13T17:19:29.348+0300][280.131s][info][gc,stats    ]    Subphase: Concurrent Weak Roots JNIWeakHandles          0.000 / 0.000         0.000 / 0.000         0.000 / 0.000         0.000 / 0.000       ms
[2021-02-13T17:19:29.348+0300][280.131s][info][gc,stats    ]    Subphase: Concurrent Weak Roots ResolvedMethodTable     0.000 / 0.000         0.023 / 0.035         0.023 / 0.035         0.023 / 0.035       ms
[2021-02-13T17:19:29.348+0300][280.131s][info][gc,stats    ]    Subphase: Concurrent Weak Roots StringTable             0.000 / 0.000         0.314 / 0.471         0.314 / 0.471         0.314 / 0.471       ms
[2021-02-13T17:19:29.348+0300][280.131s][info][gc,stats    ]    Subphase: Concurrent Weak Roots VMWeakHandles           0.000 / 0.000         0.010 / 0.013         0.010 / 0.013         0.010 / 0.013       ms
[2021-02-13T17:19:29.348+0300][280.131s][info][gc,stats    ]    Subphase: Pause Mark Try Complete                       0.000 / 0.000         0.022 / 0.040         0.022 / 0.040         0.022 / 0.040       ms
[2021-02-13T17:19:29.348+0300][280.131s][info][gc,stats    ]    Subphase: Pause Roots                                   0.000 / 0.000         0.105 / 0.374         0.105 / 0.374         0.105 / 0.374       ms
[2021-02-13T17:19:29.348+0300][280.131s][info][gc,stats    ]    Subphase: Pause Roots CodeCache                         0.000 / 0.000         0.000 / 0.000         0.000 / 0.000         0.000 / 0.000       ms
[2021-02-13T17:19:29.348+0300][280.132s][info][gc,stats    ]    Subphase: Pause Roots JVMTIExport                       0.000 / 0.000         0.001 / 0.003         0.001 / 0.003         0.001 / 0.003       ms
[2021-02-13T17:19:29.348+0300][280.132s][info][gc,stats    ]    Subphase: Pause Roots JVMTIWeakExport                   0.000 / 0.000         0.007 / 0.013         0.007 / 0.013         0.007 / 0.013       ms
[2021-02-13T17:19:29.348+0300][280.132s][info][gc,stats    ]    Subphase: Pause Roots Java Threads                      0.000 / 0.000         0.095 / 0.373         0.095 / 0.373         0.095 / 0.373       ms
[2021-02-13T17:19:29.348+0300][280.132s][info][gc,stats    ]    Subphase: Pause Roots Management                        0.000 / 0.000         0.007 / 0.025         0.007 / 0.025         0.007 / 0.025       ms
[2021-02-13T17:19:29.348+0300][280.132s][info][gc,stats    ]    Subphase: Pause Roots ObjectSynchronizer                0.000 / 0.000         0.000 / 0.000         0.000 / 0.000         0.000 / 0.000       ms
[2021-02-13T17:19:29.348+0300][280.132s][info][gc,stats    ]    Subphase: Pause Roots Setup                             0.000 / 0.000         0.000 / 0.001         0.000 / 0.001         0.000 / 0.001       ms
[2021-02-13T17:19:29.349+0300][280.132s][info][gc,stats    ]    Subphase: Pause Roots Teardown                          0.000 / 0.000         0.001 / 0.002         0.001 / 0.002         0.001 / 0.002       ms
[2021-02-13T17:19:29.349+0300][280.132s][info][gc,stats    ]    Subphase: Pause Roots Universe                          0.000 / 0.000         0.011 / 0.027         0.011 / 0.027         0.011 / 0.027       ms
[2021-02-13T17:19:29.349+0300][280.132s][info][gc,stats    ]    Subphase: Pause Roots VM Thread                         0.000 / 0.000         0.008 / 0.028         0.008 / 0.028         0.008 / 0.028       ms
[2021-02-13T17:19:29.349+0300][280.132s][info][gc,stats    ]    Subphase: Pause Weak Roots                              0.000 / 0.000         0.001 / 0.005         0.001 / 0.005         0.001 / 0.005       ms
[2021-02-13T17:19:29.349+0300][280.132s][info][gc,stats    ]    Subphase: Pause Weak Roots JFRWeak                      0.000 / 0.000         0.000 / 0.000         0.000 / 0.000         0.000 / 0.000       ms
[2021-02-13T17:19:29.349+0300][280.132s][info][gc,stats    ]    Subphase: Pause Weak Roots JVMTIWeakExport              0.000 / 0.000         0.003 / 0.005         0.003 / 0.005         0.003 / 0.005       ms
[2021-02-13T17:19:29.349+0300][280.132s][info][gc,stats    ]    Subphase: Pause Weak Roots Setup                        0.000 / 0.000         0.000 / 0.000         0.000 / 0.000         0.000 / 0.000       ms
[2021-02-13T17:19:29.349+0300][280.132s][info][gc,stats    ]    Subphase: Pause Weak Roots Teardown                     0.000 / 0.000         0.000 / 0.000         0.000 / 0.000         0.000 / 0.000       ms
[2021-02-13T17:19:29.349+0300][280.132s][info][gc,stats    ]      System: Java Threads                                      0 / 0                16 / 16               16 / 16               16 / 16          threads
[2021-02-13T17:19:29.349+0300][280.132s][info][gc,stats    ] =========================================================================================================================================================
[2021-02-13T17:19:39.341+0300][290.124s][info][gc,stats    ] === Garbage Collection Statistics =======================================================================================================================
[2021-02-13T17:19:39.341+0300][290.124s][info][gc,stats    ]                                                              Last 10s              Last 10m              Last 10h                Total
[2021-02-13T17:19:39.341+0300][290.124s][info][gc,stats    ]                                                              Avg / Max             Avg / Max             Avg / Max             Avg / Max
[2021-02-13T17:19:39.341+0300][290.124s][info][gc,stats    ]   Collector: Garbage Collection Cycle                      0.000 / 0.000       196.888 / 246.924     196.888 / 246.924     196.888 / 246.924     ms
[2021-02-13T17:19:39.341+0300][290.124s][info][gc,stats    ]  Contention: Mark Segment Reset Contention                     0 / 0                 0 / 0                 0 / 0                 0 / 0           ops/s
[2021-02-13T17:19:39.341+0300][290.124s][info][gc,stats    ]  Contention: Mark SeqNum Reset Contention                      0 / 0                 0 / 0                 0 / 0                 0 / 0           ops/s
[2021-02-13T17:19:39.341+0300][290.124s][info][gc,stats    ]  Contention: Relocation Contention                             0 / 0                 0 / 1                 0 / 1                 0 / 1           ops/s
[2021-02-13T17:19:39.341+0300][290.124s][info][gc,stats    ]    Critical: Allocation Stall                              0.000 / 0.000         0.000 / 0.000         0.000 / 0.000         0.000 / 0.000       ms
[2021-02-13T17:19:39.341+0300][290.124s][info][gc,stats    ]    Critical: Allocation Stall                                  0 / 0                 0 / 0                 0 / 0                 0 / 0           ops/s
[2021-02-13T17:19:39.341+0300][290.124s][info][gc,stats    ]    Critical: GC Locker Stall                               0.000 / 0.000         0.000 / 0.000         0.000 / 0.000         0.000 / 0.000       ms
[2021-02-13T17:19:39.341+0300][290.124s][info][gc,stats    ]    Critical: GC Locker Stall                                   0 / 0                 0 / 0                 0 / 0                 0 / 0           ops/s
[2021-02-13T17:19:39.341+0300][290.124s][info][gc,stats    ]      Memory: Allocation Rate                                   0 / 2                 4 / 1082              4 / 1082              4 / 1082        MB/s
[2021-02-13T17:19:39.341+0300][290.124s][info][gc,stats    ]      Memory: Heap Used After Mark                              0 / 0               167 / 216             167 / 216             167 / 216         MB
[2021-02-13T17:19:39.341+0300][290.124s][info][gc,stats    ]      Memory: Heap Used After Relocation                        0 / 0               100 / 114             100 / 114             100 / 114         MB
[2021-02-13T17:19:39.341+0300][290.124s][info][gc,stats    ]      Memory: Heap Used Before Mark                             0 / 0               167 / 216             167 / 216             167 / 216         MB
[2021-02-13T17:19:39.341+0300][290.124s][info][gc,stats    ]      Memory: Heap Used Before Relocation                       0 / 0               145 / 172             145 / 172             145 / 172         MB
[2021-02-13T17:19:39.341+0300][290.124s][info][gc,stats    ]      Memory: Out Of Memory                                     0 / 0                 0 / 0                 0 / 0                 0 / 0           ops/s
[2021-02-13T17:19:39.341+0300][290.124s][info][gc,stats    ]      Memory: Page Cache Flush                                  0 / 0                 0 / 0                 0 / 0                 0 / 0           MB/s
[2021-02-13T17:19:39.341+0300][290.124s][info][gc,stats    ]      Memory: Page Cache Hit L1                                 0 / 0                 0 / 9                 0 / 9                 0 / 9           ops/s
[2021-02-13T17:19:39.341+0300][290.124s][info][gc,stats    ]      Memory: Page Cache Hit L2                                 0 / 0                 0 / 0                 0 / 0                 0 / 0           ops/s
[2021-02-13T17:19:39.341+0300][290.124s][info][gc,stats    ]      Memory: Page Cache Hit L3                                 0 / 1                 0 / 14                0 / 14                0 / 14          ops/s
[2021-02-13T17:19:39.341+0300][290.124s][info][gc,stats    ]      Memory: Page Cache Miss                                   0 / 0                 0 / 0                 0 / 0                 0 / 0           ops/s
[2021-02-13T17:19:39.341+0300][290.124s][info][gc,stats    ]      Memory: Uncommit                                          0 / 0                 0 / 0                 0 / 0                 0 / 0           MB/s
[2021-02-13T17:19:39.341+0300][290.124s][info][gc,stats    ]      Memory: Undo Object Allocation Failed                     0 / 0                 0 / 0                 0 / 0                 0 / 0           ops/s
[2021-02-13T17:19:39.341+0300][290.124s][info][gc,stats    ]      Memory: Undo Object Allocation Succeeded                  0 / 0                 0 / 1                 0 / 1                 0 / 1           ops/s
[2021-02-13T17:19:39.341+0300][290.124s][info][gc,stats    ]      Memory: Undo Page Allocation                              0 / 0                 0 / 0                 0 / 0                 0 / 0           ops/s
[2021-02-13T17:19:39.341+0300][290.124s][info][gc,stats    ]       Phase: Concurrent Mark                               0.000 / 0.000       168.208 / 221.645     168.208 / 221.645     168.208 / 221.645     ms
[2021-02-13T17:19:39.341+0300][290.124s][info][gc,stats    ]       Phase: Concurrent Mark Continue                      0.000 / 0.000         0.000 / 0.000         0.000 / 0.000         0.000 / 0.000       ms
[2021-02-13T17:19:39.341+0300][290.124s][info][gc,stats    ]       Phase: Concurrent Process Non-Strong References      0.000 / 0.000         2.037 / 2.549         2.037 / 2.549         2.037 / 2.549       ms
[2021-02-13T17:19:39.341+0300][290.124s][info][gc,stats    ]       Phase: Concurrent Relocate                           0.000 / 0.000        16.262 / 17.964       16.262 / 17.964       16.262 / 17.964      ms
[2021-02-13T17:19:39.341+0300][290.124s][info][gc,stats    ]       Phase: Concurrent Reset Relocation Set               0.000 / 0.000         0.373 / 0.741         0.373 / 0.741         0.373 / 0.741       ms
[2021-02-13T17:19:39.341+0300][290.124s][info][gc,stats    ]       Phase: Concurrent Select Relocation Set              0.000 / 0.000         7.407 / 9.944         7.407 / 9.944         7.407 / 9.944       ms
[2021-02-13T17:19:39.341+0300][290.124s][info][gc,stats    ]       Phase: Pause Mark End                                0.000 / 0.000         0.245 / 0.286         0.245 / 0.286         0.245 / 0.286       ms
[2021-02-13T17:19:39.341+0300][290.124s][info][gc,stats    ]       Phase: Pause Mark Start                              0.000 / 0.000         0.503 / 0.836         0.503 / 0.836         0.503 / 0.836       ms
[2021-02-13T17:19:39.341+0300][290.124s][info][gc,stats    ]       Phase: Pause Relocate Start                          0.000 / 0.000         0.171 / 0.175         0.171 / 0.175         0.171 / 0.175       ms
[2021-02-13T17:19:39.341+0300][290.124s][info][gc,stats    ]    Subphase: Concurrent Classes Purge                      0.000 / 0.000         0.111 / 0.118         0.111 / 0.118         0.111 / 0.118       ms
[2021-02-13T17:19:39.341+0300][290.124s][info][gc,stats    ]    Subphase: Concurrent Classes Unlink                     0.000 / 0.000         1.156 / 1.455         1.156 / 1.455         1.156 / 1.455       ms
[2021-02-13T17:19:39.341+0300][290.124s][info][gc,stats    ]    Subphase: Concurrent Mark                               0.000 / 0.000       167.938 / 221.323     167.938 / 221.323     167.938 / 221.323     ms
[2021-02-13T17:19:39.341+0300][290.124s][info][gc,stats    ]    Subphase: Concurrent Mark Idle                          0.000 / 0.000         0.000 / 0.000         0.000 / 0.000         0.000 / 0.000       ms
[2021-02-13T17:19:39.341+0300][290.124s][info][gc,stats    ]    Subphase: Concurrent Mark Try Flush                     0.000 / 0.000         0.325 / 0.568         0.325 / 0.568         0.325 / 0.568       ms
[2021-02-13T17:19:39.341+0300][290.124s][info][gc,stats    ]    Subphase: Concurrent Mark Try Terminate                 0.000 / 0.000         0.198 / 0.569         0.198 / 0.569         0.198 / 0.569       ms
[2021-02-13T17:19:39.341+0300][290.124s][info][gc,stats    ]    Subphase: Concurrent References Enqueue                 0.000 / 0.000         0.004 / 0.004         0.004 / 0.004         0.004 / 0.004       ms
[2021-02-13T17:19:39.341+0300][290.124s][info][gc,stats    ]    Subphase: Concurrent References Process                 0.000 / 0.000         0.135 / 0.143         0.135 / 0.143         0.135 / 0.143       ms
[2021-02-13T17:19:39.341+0300][290.124s][info][gc,stats    ]    Subphase: Concurrent Roots                              0.000 / 0.000         0.100 / 0.152         0.100 / 0.152         0.100 / 0.152       ms
[2021-02-13T17:19:39.341+0300][290.124s][info][gc,stats    ]    Subphase: Concurrent Roots ClassLoaderDataGraph         0.000 / 0.000         0.093 / 0.141         0.093 / 0.141         0.093 / 0.141       ms
[2021-02-13T17:19:39.341+0300][290.124s][info][gc,stats    ]    Subphase: Concurrent Roots JNIHandles                   0.000 / 0.000         0.004 / 0.006         0.004 / 0.006         0.004 / 0.006       ms
[2021-02-13T17:19:39.341+0300][290.124s][info][gc,stats    ]    Subphase: Concurrent Roots Setup                        0.000 / 0.000         0.006 / 0.006         0.006 / 0.006         0.006 / 0.006       ms
[2021-02-13T17:19:39.341+0300][290.124s][info][gc,stats    ]    Subphase: Concurrent Roots Teardown                     0.000 / 0.000         0.000 / 0.000         0.000 / 0.000         0.000 / 0.000       ms
[2021-02-13T17:19:39.341+0300][290.124s][info][gc,stats    ]    Subphase: Concurrent Roots VMHandles                    0.000 / 0.000         0.003 / 0.004         0.003 / 0.004         0.003 / 0.004       ms
[2021-02-13T17:19:39.341+0300][290.124s][info][gc,stats    ]    Subphase: Concurrent Weak Roots                         0.000 / 0.000         0.348 / 0.520         0.348 / 0.520         0.348 / 0.520       ms
[2021-02-13T17:19:39.341+0300][290.124s][info][gc,stats    ]    Subphase: Concurrent Weak Roots JNIWeakHandles          0.000 / 0.000         0.000 / 0.000         0.000 / 0.000         0.000 / 0.000       ms
[2021-02-13T17:19:39.341+0300][290.124s][info][gc,stats    ]    Subphase: Concurrent Weak Roots ResolvedMethodTable     0.000 / 0.000         0.023 / 0.035         0.023 / 0.035         0.023 / 0.035       ms
[2021-02-13T17:19:39.341+0300][290.124s][info][gc,stats    ]    Subphase: Concurrent Weak Roots StringTable             0.000 / 0.000         0.314 / 0.471         0.314 / 0.471         0.314 / 0.471       ms
[2021-02-13T17:19:39.341+0300][290.124s][info][gc,stats    ]    Subphase: Concurrent Weak Roots VMWeakHandles           0.000 / 0.000         0.010 / 0.013         0.010 / 0.013         0.010 / 0.013       ms
[2021-02-13T17:19:39.341+0300][290.124s][info][gc,stats    ]    Subphase: Pause Mark Try Complete                       0.000 / 0.000         0.022 / 0.040         0.022 / 0.040         0.022 / 0.040       ms
[2021-02-13T17:19:39.341+0300][290.124s][info][gc,stats    ]    Subphase: Pause Roots                                   0.000 / 0.000         0.105 / 0.374         0.105 / 0.374         0.105 / 0.374       ms
[2021-02-13T17:19:39.341+0300][290.124s][info][gc,stats    ]    Subphase: Pause Roots CodeCache                         0.000 / 0.000         0.000 / 0.000         0.000 / 0.000         0.000 / 0.000       ms
[2021-02-13T17:19:39.341+0300][290.124s][info][gc,stats    ]    Subphase: Pause Roots JVMTIExport                       0.000 / 0.000         0.001 / 0.003         0.001 / 0.003         0.001 / 0.003       ms
[2021-02-13T17:19:39.341+0300][290.124s][info][gc,stats    ]    Subphase: Pause Roots JVMTIWeakExport                   0.000 / 0.000         0.007 / 0.013         0.007 / 0.013         0.007 / 0.013       ms
[2021-02-13T17:19:39.341+0300][290.124s][info][gc,stats    ]    Subphase: Pause Roots Java Threads                      0.000 / 0.000         0.095 / 0.373         0.095 / 0.373         0.095 / 0.373       ms
[2021-02-13T17:19:39.341+0300][290.124s][info][gc,stats    ]    Subphase: Pause Roots Management                        0.000 / 0.000         0.007 / 0.025         0.007 / 0.025         0.007 / 0.025       ms
[2021-02-13T17:19:39.341+0300][290.124s][info][gc,stats    ]    Subphase: Pause Roots ObjectSynchronizer                0.000 / 0.000         0.000 / 0.000         0.000 / 0.000         0.000 / 0.000       ms
[2021-02-13T17:19:39.341+0300][290.124s][info][gc,stats    ]    Subphase: Pause Roots Setup                             0.000 / 0.000         0.000 / 0.001         0.000 / 0.001         0.000 / 0.001       ms
[2021-02-13T17:19:39.341+0300][290.124s][info][gc,stats    ]    Subphase: Pause Roots Teardown                          0.000 / 0.000         0.001 / 0.002         0.001 / 0.002         0.001 / 0.002       ms
[2021-02-13T17:19:39.341+0300][290.124s][info][gc,stats    ]    Subphase: Pause Roots Universe                          0.000 / 0.000         0.011 / 0.027         0.011 / 0.027         0.011 / 0.027       ms
[2021-02-13T17:19:39.341+0300][290.125s][info][gc,stats    ]    Subphase: Pause Roots VM Thread                         0.000 / 0.000         0.008 / 0.028         0.008 / 0.028         0.008 / 0.028       ms
[2021-02-13T17:19:39.341+0300][290.125s][info][gc,stats    ]    Subphase: Pause Weak Roots                              0.000 / 0.000         0.001 / 0.005         0.001 / 0.005         0.001 / 0.005       ms
[2021-02-13T17:19:39.341+0300][290.125s][info][gc,stats    ]    Subphase: Pause Weak Roots JFRWeak                      0.000 / 0.000         0.000 / 0.000         0.000 / 0.000         0.000 / 0.000       ms
[2021-02-13T17:19:39.341+0300][290.125s][info][gc,stats    ]    Subphase: Pause Weak Roots JVMTIWeakExport              0.000 / 0.000         0.003 / 0.005         0.003 / 0.005         0.003 / 0.005       ms
[2021-02-13T17:19:39.341+0300][290.125s][info][gc,stats    ]    Subphase: Pause Weak Roots Setup                        0.000 / 0.000         0.000 / 0.000         0.000 / 0.000         0.000 / 0.000       ms
[2021-02-13T17:19:39.342+0300][290.125s][info][gc,stats    ]    Subphase: Pause Weak Roots Teardown                     0.000 / 0.000         0.000 / 0.000         0.000 / 0.000         0.000 / 0.000       ms
[2021-02-13T17:19:39.342+0300][290.125s][info][gc,stats    ]      System: Java Threads                                      0 / 0                16 / 16               16 / 16               16 / 16          threads
[2021-02-13T17:19:39.342+0300][290.125s][info][gc,stats    ] =========================================================================================================================================================
[2021-02-13T17:19:49.351+0300][300.134s][info][gc,stats    ] === Garbage Collection Statistics =======================================================================================================================
[2021-02-13T17:19:49.351+0300][300.134s][info][gc,stats    ]                                                              Last 10s              Last 10m              Last 10h                Total
[2021-02-13T17:19:49.351+0300][300.134s][info][gc,stats    ]                                                              Avg / Max             Avg / Max             Avg / Max             Avg / Max
[2021-02-13T17:19:49.351+0300][300.134s][info][gc,stats    ]   Collector: Garbage Collection Cycle                      0.000 / 0.000       196.888 / 246.924     196.888 / 246.924     196.888 / 246.924     ms
[2021-02-13T17:19:49.351+0300][300.134s][info][gc,stats    ]  Contention: Mark Segment Reset Contention                     0 / 0                 0 / 0                 0 / 0                 0 / 0           ops/s
[2021-02-13T17:19:49.351+0300][300.134s][info][gc,stats    ]  Contention: Mark SeqNum Reset Contention                      0 / 0                 0 / 0                 0 / 0                 0 / 0           ops/s
[2021-02-13T17:19:49.351+0300][300.134s][info][gc,stats    ]  Contention: Relocation Contention                             0 / 0                 0 / 1                 0 / 1                 0 / 1           ops/s
[2021-02-13T17:19:49.351+0300][300.134s][info][gc,stats    ]    Critical: Allocation Stall                              0.000 / 0.000         0.000 / 0.000         0.000 / 0.000         0.000 / 0.000       ms
[2021-02-13T17:19:49.351+0300][300.134s][info][gc,stats    ]    Critical: Allocation Stall                                  0 / 0                 0 / 0                 0 / 0                 0 / 0           ops/s
[2021-02-13T17:19:49.351+0300][300.134s][info][gc,stats    ]    Critical: GC Locker Stall                               0.000 / 0.000         0.000 / 0.000         0.000 / 0.000         0.000 / 0.000       ms
[2021-02-13T17:19:49.351+0300][300.134s][info][gc,stats    ]    Critical: GC Locker Stall                                   0 / 0                 0 / 0                 0 / 0                 0 / 0           ops/s
[2021-02-13T17:19:49.351+0300][300.134s][info][gc,stats    ]      Memory: Allocation Rate                                   1 / 18                4 / 1082              4 / 1082              4 / 1082        MB/s
[2021-02-13T17:19:49.351+0300][300.134s][info][gc,stats    ]      Memory: Heap Used After Mark                              0 / 0               167 / 216             167 / 216             167 / 216         MB
[2021-02-13T17:19:49.351+0300][300.134s][info][gc,stats    ]      Memory: Heap Used After Relocation                        0 / 0               100 / 114             100 / 114             100 / 114         MB
[2021-02-13T17:19:49.351+0300][300.134s][info][gc,stats    ]      Memory: Heap Used Before Mark                             0 / 0               167 / 216             167 / 216             167 / 216         MB
[2021-02-13T17:19:49.351+0300][300.134s][info][gc,stats    ]      Memory: Heap Used Before Relocation                       0 / 0               145 / 172             145 / 172             145 / 172         MB
[2021-02-13T17:19:49.351+0300][300.134s][info][gc,stats    ]      Memory: Out Of Memory                                     0 / 0                 0 / 0                 0 / 0                 0 / 0           ops/s
[2021-02-13T17:19:49.351+0300][300.134s][info][gc,stats    ]      Memory: Page Cache Flush                                  0 / 0                 0 / 0                 0 / 0                 0 / 0           MB/s
[2021-02-13T17:19:49.351+0300][300.134s][info][gc,stats    ]      Memory: Page Cache Hit L1                                 0 / 0                 0 / 9                 0 / 9                 0 / 9           ops/s
[2021-02-13T17:19:49.351+0300][300.134s][info][gc,stats    ]      Memory: Page Cache Hit L2                                 0 / 0                 0 / 0                 0 / 0                 0 / 0           ops/s
[2021-02-13T17:19:49.351+0300][300.134s][info][gc,stats    ]      Memory: Page Cache Hit L3                                 0 / 9                 0 / 14                0 / 14                0 / 14          ops/s
[2021-02-13T17:19:49.351+0300][300.134s][info][gc,stats    ]      Memory: Page Cache Miss                                   0 / 0                 0 / 0                 0 / 0                 0 / 0           ops/s
[2021-02-13T17:19:49.351+0300][300.134s][info][gc,stats    ]      Memory: Uncommit                                          0 / 0                 0 / 0                 0 / 0                 0 / 0           MB/s
[2021-02-13T17:19:49.351+0300][300.134s][info][gc,stats    ]      Memory: Undo Object Allocation Failed                     0 / 0                 0 / 0                 0 / 0                 0 / 0           ops/s
[2021-02-13T17:19:49.351+0300][300.134s][info][gc,stats    ]      Memory: Undo Object Allocation Succeeded                  0 / 0                 0 / 1                 0 / 1                 0 / 1           ops/s
[2021-02-13T17:19:49.351+0300][300.134s][info][gc,stats    ]      Memory: Undo Page Allocation                              0 / 0                 0 / 0                 0 / 0                 0 / 0           ops/s
[2021-02-13T17:19:49.351+0300][300.134s][info][gc,stats    ]       Phase: Concurrent Mark                               0.000 / 0.000       168.208 / 221.645     168.208 / 221.645     168.208 / 221.645     ms
[2021-02-13T17:19:49.351+0300][300.134s][info][gc,stats    ]       Phase: Concurrent Mark Continue                      0.000 / 0.000         0.000 / 0.000         0.000 / 0.000         0.000 / 0.000       ms
[2021-02-13T17:19:49.351+0300][300.134s][info][gc,stats    ]       Phase: Concurrent Process Non-Strong References      0.000 / 0.000         2.037 / 2.549         2.037 / 2.549         2.037 / 2.549       ms
[2021-02-13T17:19:49.351+0300][300.134s][info][gc,stats    ]       Phase: Concurrent Relocate                           0.000 / 0.000        16.262 / 17.964       16.262 / 17.964       16.262 / 17.964      ms
[2021-02-13T17:19:49.351+0300][300.134s][info][gc,stats    ]       Phase: Concurrent Reset Relocation Set               0.000 / 0.000         0.373 / 0.741         0.373 / 0.741         0.373 / 0.741       ms
[2021-02-13T17:19:49.351+0300][300.134s][info][gc,stats    ]       Phase: Concurrent Select Relocation Set              0.000 / 0.000         7.407 / 9.944         7.407 / 9.944         7.407 / 9.944       ms
[2021-02-13T17:19:49.351+0300][300.134s][info][gc,stats    ]       Phase: Pause Mark End                                0.000 / 0.000         0.245 / 0.286         0.245 / 0.286         0.245 / 0.286       ms
[2021-02-13T17:19:49.351+0300][300.134s][info][gc,stats    ]       Phase: Pause Mark Start                              0.000 / 0.000         0.503 / 0.836         0.503 / 0.836         0.503 / 0.836       ms
[2021-02-13T17:19:49.351+0300][300.134s][info][gc,stats    ]       Phase: Pause Relocate Start                          0.000 / 0.000         0.171 / 0.175         0.171 / 0.175         0.171 / 0.175       ms
[2021-02-13T17:19:49.351+0300][300.134s][info][gc,stats    ]    Subphase: Concurrent Classes Purge                      0.000 / 0.000         0.111 / 0.118         0.111 / 0.118         0.111 / 0.118       ms
[2021-02-13T17:19:49.351+0300][300.134s][info][gc,stats    ]    Subphase: Concurrent Classes Unlink                     0.000 / 0.000         1.156 / 1.455         1.156 / 1.455         1.156 / 1.455       ms
[2021-02-13T17:19:49.351+0300][300.134s][info][gc,stats    ]    Subphase: Concurrent Mark                               0.000 / 0.000       167.938 / 221.323     167.938 / 221.323     167.938 / 221.323     ms
[2021-02-13T17:19:49.351+0300][300.134s][info][gc,stats    ]    Subphase: Concurrent Mark Idle                          0.000 / 0.000         0.000 / 0.000         0.000 / 0.000         0.000 / 0.000       ms
[2021-02-13T17:19:49.351+0300][300.134s][info][gc,stats    ]    Subphase: Concurrent Mark Try Flush                     0.000 / 0.000         0.325 / 0.568         0.325 / 0.568         0.325 / 0.568       ms
[2021-02-13T17:19:49.351+0300][300.134s][info][gc,stats    ]    Subphase: Concurrent Mark Try Terminate                 0.000 / 0.000         0.198 / 0.569         0.198 / 0.569         0.198 / 0.569       ms
[2021-02-13T17:19:49.351+0300][300.134s][info][gc,stats    ]    Subphase: Concurrent References Enqueue                 0.000 / 0.000         0.004 / 0.004         0.004 / 0.004         0.004 / 0.004       ms
[2021-02-13T17:19:49.351+0300][300.134s][info][gc,stats    ]    Subphase: Concurrent References Process                 0.000 / 0.000         0.135 / 0.143         0.135 / 0.143         0.135 / 0.143       ms
[2021-02-13T17:19:49.351+0300][300.134s][info][gc,stats    ]    Subphase: Concurrent Roots                              0.000 / 0.000         0.100 / 0.152         0.100 / 0.152         0.100 / 0.152       ms
[2021-02-13T17:19:49.351+0300][300.134s][info][gc,stats    ]    Subphase: Concurrent Roots ClassLoaderDataGraph         0.000 / 0.000         0.093 / 0.141         0.093 / 0.141         0.093 / 0.141       ms
[2021-02-13T17:19:49.351+0300][300.134s][info][gc,stats    ]    Subphase: Concurrent Roots JNIHandles                   0.000 / 0.000         0.004 / 0.006         0.004 / 0.006         0.004 / 0.006       ms
[2021-02-13T17:19:49.351+0300][300.134s][info][gc,stats    ]    Subphase: Concurrent Roots Setup                        0.000 / 0.000         0.006 / 0.006         0.006 / 0.006         0.006 / 0.006       ms
[2021-02-13T17:19:49.351+0300][300.134s][info][gc,stats    ]    Subphase: Concurrent Roots Teardown                     0.000 / 0.000         0.000 / 0.000         0.000 / 0.000         0.000 / 0.000       ms
[2021-02-13T17:19:49.351+0300][300.134s][info][gc,stats    ]    Subphase: Concurrent Roots VMHandles                    0.000 / 0.000         0.003 / 0.004         0.003 / 0.004         0.003 / 0.004       ms
[2021-02-13T17:19:49.351+0300][300.134s][info][gc,stats    ]    Subphase: Concurrent Weak Roots                         0.000 / 0.000         0.348 / 0.520         0.348 / 0.520         0.348 / 0.520       ms
[2021-02-13T17:19:49.351+0300][300.134s][info][gc,stats    ]    Subphase: Concurrent Weak Roots JNIWeakHandles          0.000 / 0.000         0.000 / 0.000         0.000 / 0.000         0.000 / 0.000       ms
[2021-02-13T17:19:49.351+0300][300.134s][info][gc,stats    ]    Subphase: Concurrent Weak Roots ResolvedMethodTable     0.000 / 0.000         0.023 / 0.035         0.023 / 0.035         0.023 / 0.035       ms
[2021-02-13T17:19:49.351+0300][300.134s][info][gc,stats    ]    Subphase: Concurrent Weak Roots StringTable             0.000 / 0.000         0.314 / 0.471         0.314 / 0.471         0.314 / 0.471       ms
[2021-02-13T17:19:49.351+0300][300.134s][info][gc,stats    ]    Subphase: Concurrent Weak Roots VMWeakHandles           0.000 / 0.000         0.010 / 0.013         0.010 / 0.013         0.010 / 0.013       ms
[2021-02-13T17:19:49.351+0300][300.134s][info][gc,stats    ]    Subphase: Pause Mark Try Complete                       0.000 / 0.000         0.022 / 0.040         0.022 / 0.040         0.022 / 0.040       ms
[2021-02-13T17:19:49.351+0300][300.134s][info][gc,stats    ]    Subphase: Pause Roots                                   0.000 / 0.000         0.105 / 0.374         0.105 / 0.374         0.105 / 0.374       ms
[2021-02-13T17:19:49.351+0300][300.134s][info][gc,stats    ]    Subphase: Pause Roots CodeCache                         0.000 / 0.000         0.000 / 0.000         0.000 / 0.000         0.000 / 0.000       ms
[2021-02-13T17:19:49.351+0300][300.134s][info][gc,stats    ]    Subphase: Pause Roots JVMTIExport                       0.000 / 0.000         0.001 / 0.003         0.001 / 0.003         0.001 / 0.003       ms
[2021-02-13T17:19:49.351+0300][300.134s][info][gc,stats    ]    Subphase: Pause Roots JVMTIWeakExport                   0.000 / 0.000         0.007 / 0.013         0.007 / 0.013         0.007 / 0.013       ms
[2021-02-13T17:19:49.351+0300][300.134s][info][gc,stats    ]    Subphase: Pause Roots Java Threads                      0.000 / 0.000         0.095 / 0.373         0.095 / 0.373         0.095 / 0.373       ms
[2021-02-13T17:19:49.351+0300][300.135s][info][gc,stats    ]    Subphase: Pause Roots Management                        0.000 / 0.000         0.007 / 0.025         0.007 / 0.025         0.007 / 0.025       ms
[2021-02-13T17:19:49.351+0300][300.135s][info][gc,stats    ]    Subphase: Pause Roots ObjectSynchronizer                0.000 / 0.000         0.000 / 0.000         0.000 / 0.000         0.000 / 0.000       ms
[2021-02-13T17:19:49.351+0300][300.135s][info][gc,stats    ]    Subphase: Pause Roots Setup                             0.000 / 0.000         0.000 / 0.001         0.000 / 0.001         0.000 / 0.001       ms
[2021-02-13T17:19:49.351+0300][300.135s][info][gc,stats    ]    Subphase: Pause Roots Teardown                          0.000 / 0.000         0.001 / 0.002         0.001 / 0.002         0.001 / 0.002       ms
[2021-02-13T17:19:49.352+0300][300.135s][info][gc,stats    ]    Subphase: Pause Roots Universe                          0.000 / 0.000         0.011 / 0.027         0.011 / 0.027         0.011 / 0.027       ms
[2021-02-13T17:19:49.352+0300][300.135s][info][gc,stats    ]    Subphase: Pause Roots VM Thread                         0.000 / 0.000         0.008 / 0.028         0.008 / 0.028         0.008 / 0.028       ms
[2021-02-13T17:19:49.352+0300][300.135s][info][gc,stats    ]    Subphase: Pause Weak Roots                              0.000 / 0.000         0.001 / 0.005         0.001 / 0.005         0.001 / 0.005       ms
[2021-02-13T17:19:49.352+0300][300.135s][info][gc,stats    ]    Subphase: Pause Weak Roots JFRWeak                      0.000 / 0.000         0.000 / 0.000         0.000 / 0.000         0.000 / 0.000       ms
[2021-02-13T17:19:49.352+0300][300.135s][info][gc,stats    ]    Subphase: Pause Weak Roots JVMTIWeakExport              0.000 / 0.000         0.003 / 0.005         0.003 / 0.005         0.003 / 0.005       ms
[2021-02-13T17:19:49.352+0300][300.135s][info][gc,stats    ]    Subphase: Pause Weak Roots Setup                        0.000 / 0.000         0.000 / 0.000         0.000 / 0.000         0.000 / 0.000       ms
[2021-02-13T17:19:49.352+0300][300.135s][info][gc,stats    ]    Subphase: Pause Weak Roots Teardown                     0.000 / 0.000         0.000 / 0.000         0.000 / 0.000         0.000 / 0.000       ms
[2021-02-13T17:19:49.352+0300][300.135s][info][gc,stats    ]      System: Java Threads                                      0 / 0                16 / 16               16 / 16               16 / 16          threads
[2021-02-13T17:19:49.352+0300][300.135s][info][gc,stats    ] =========================================================================================================================================================
[2021-02-13T17:19:59.356+0300][310.139s][info][gc,stats    ] === Garbage Collection Statistics =======================================================================================================================
[2021-02-13T17:19:59.356+0300][310.139s][info][gc,stats    ]                                                              Last 10s              Last 10m              Last 10h                Total
[2021-02-13T17:19:59.356+0300][310.139s][info][gc,stats    ]                                                              Avg / Max             Avg / Max             Avg / Max             Avg / Max
[2021-02-13T17:19:59.356+0300][310.139s][info][gc,stats    ]   Collector: Garbage Collection Cycle                      0.000 / 0.000       196.888 / 246.924     196.888 / 246.924     196.888 / 246.924     ms
[2021-02-13T17:19:59.356+0300][310.139s][info][gc,stats    ]  Contention: Mark Segment Reset Contention                     0 / 0                 0 / 0                 0 / 0                 0 / 0           ops/s
[2021-02-13T17:19:59.356+0300][310.139s][info][gc,stats    ]  Contention: Mark SeqNum Reset Contention                      0 / 0                 0 / 0                 0 / 0                 0 / 0           ops/s
[2021-02-13T17:19:59.356+0300][310.139s][info][gc,stats    ]  Contention: Relocation Contention                             0 / 0                 0 / 1                 0 / 1                 0 / 1           ops/s
[2021-02-13T17:19:59.356+0300][310.139s][info][gc,stats    ]    Critical: Allocation Stall                              0.000 / 0.000         0.000 / 0.000         0.000 / 0.000         0.000 / 0.000       ms
[2021-02-13T17:19:59.356+0300][310.139s][info][gc,stats    ]    Critical: Allocation Stall                                  0 / 0                 0 / 0                 0 / 0                 0 / 0           ops/s
[2021-02-13T17:19:59.356+0300][310.139s][info][gc,stats    ]    Critical: GC Locker Stall                               0.000 / 0.000         0.000 / 0.000         0.000 / 0.000         0.000 / 0.000       ms
[2021-02-13T17:19:59.356+0300][310.139s][info][gc,stats    ]    Critical: GC Locker Stall                                   0 / 0                 0 / 0                 0 / 0                 0 / 0           ops/s
[2021-02-13T17:19:59.356+0300][310.139s][info][gc,stats    ]      Memory: Allocation Rate                                   0 / 2                 4 / 1082              4 / 1082              4 / 1082        MB/s
[2021-02-13T17:19:59.356+0300][310.139s][info][gc,stats    ]      Memory: Heap Used After Mark                              0 / 0               167 / 216             167 / 216             167 / 216         MB
[2021-02-13T17:19:59.356+0300][310.139s][info][gc,stats    ]      Memory: Heap Used After Relocation                        0 / 0               100 / 114             100 / 114             100 / 114         MB
[2021-02-13T17:19:59.356+0300][310.139s][info][gc,stats    ]      Memory: Heap Used Before Mark                             0 / 0               167 / 216             167 / 216             167 / 216         MB
[2021-02-13T17:19:59.356+0300][310.139s][info][gc,stats    ]      Memory: Heap Used Before Relocation                       0 / 0               145 / 172             145 / 172             145 / 172         MB
[2021-02-13T17:19:59.356+0300][310.139s][info][gc,stats    ]      Memory: Out Of Memory                                     0 / 0                 0 / 0                 0 / 0                 0 / 0           ops/s
[2021-02-13T17:19:59.356+0300][310.139s][info][gc,stats    ]      Memory: Page Cache Flush                                  0 / 0                 0 / 0                 0 / 0                 0 / 0           MB/s
[2021-02-13T17:19:59.356+0300][310.139s][info][gc,stats    ]      Memory: Page Cache Hit L1                                 0 / 0                 0 / 9                 0 / 9                 0 / 9           ops/s
[2021-02-13T17:19:59.356+0300][310.139s][info][gc,stats    ]      Memory: Page Cache Hit L2                                 0 / 0                 0 / 0                 0 / 0                 0 / 0           ops/s
[2021-02-13T17:19:59.356+0300][310.139s][info][gc,stats    ]      Memory: Page Cache Hit L3                                 0 / 1                 0 / 14                0 / 14                0 / 14          ops/s
[2021-02-13T17:19:59.356+0300][310.139s][info][gc,stats    ]      Memory: Page Cache Miss                                   0 / 0                 0 / 0                 0 / 0                 0 / 0           ops/s
[2021-02-13T17:19:59.356+0300][310.139s][info][gc,stats    ]      Memory: Uncommit                                          0 / 0                 0 / 0                 0 / 0                 0 / 0           MB/s
[2021-02-13T17:19:59.356+0300][310.139s][info][gc,stats    ]      Memory: Undo Object Allocation Failed                     0 / 0                 0 / 0                 0 / 0                 0 / 0           ops/s
[2021-02-13T17:19:59.356+0300][310.139s][info][gc,stats    ]      Memory: Undo Object Allocation Succeeded                  0 / 0                 0 / 1                 0 / 1                 0 / 1           ops/s
[2021-02-13T17:19:59.356+0300][310.139s][info][gc,stats    ]      Memory: Undo Page Allocation                              0 / 0                 0 / 0                 0 / 0                 0 / 0           ops/s
[2021-02-13T17:19:59.356+0300][310.139s][info][gc,stats    ]       Phase: Concurrent Mark                               0.000 / 0.000       168.208 / 221.645     168.208 / 221.645     168.208 / 221.645     ms
[2021-02-13T17:19:59.356+0300][310.139s][info][gc,stats    ]       Phase: Concurrent Mark Continue                      0.000 / 0.000         0.000 / 0.000         0.000 / 0.000         0.000 / 0.000       ms
[2021-02-13T17:19:59.356+0300][310.139s][info][gc,stats    ]       Phase: Concurrent Process Non-Strong References      0.000 / 0.000         2.037 / 2.549         2.037 / 2.549         2.037 / 2.549       ms
[2021-02-13T17:19:59.356+0300][310.139s][info][gc,stats    ]       Phase: Concurrent Relocate                           0.000 / 0.000        16.262 / 17.964       16.262 / 17.964       16.262 / 17.964      ms
[2021-02-13T17:19:59.356+0300][310.139s][info][gc,stats    ]       Phase: Concurrent Reset Relocation Set               0.000 / 0.000         0.373 / 0.741         0.373 / 0.741         0.373 / 0.741       ms
[2021-02-13T17:19:59.356+0300][310.139s][info][gc,stats    ]       Phase: Concurrent Select Relocation Set              0.000 / 0.000         7.407 / 9.944         7.407 / 9.944         7.407 / 9.944       ms
[2021-02-13T17:19:59.356+0300][310.139s][info][gc,stats    ]       Phase: Pause Mark End                                0.000 / 0.000         0.245 / 0.286         0.245 / 0.286         0.245 / 0.286       ms
[2021-02-13T17:19:59.356+0300][310.139s][info][gc,stats    ]       Phase: Pause Mark Start                              0.000 / 0.000         0.503 / 0.836         0.503 / 0.836         0.503 / 0.836       ms
[2021-02-13T17:19:59.356+0300][310.139s][info][gc,stats    ]       Phase: Pause Relocate Start                          0.000 / 0.000         0.171 / 0.175         0.171 / 0.175         0.171 / 0.175       ms
[2021-02-13T17:19:59.356+0300][310.139s][info][gc,stats    ]    Subphase: Concurrent Classes Purge                      0.000 / 0.000         0.111 / 0.118         0.111 / 0.118         0.111 / 0.118       ms
[2021-02-13T17:19:59.356+0300][310.139s][info][gc,stats    ]    Subphase: Concurrent Classes Unlink                     0.000 / 0.000         1.156 / 1.455         1.156 / 1.455         1.156 / 1.455       ms
[2021-02-13T17:19:59.356+0300][310.139s][info][gc,stats    ]    Subphase: Concurrent Mark                               0.000 / 0.000       167.938 / 221.323     167.938 / 221.323     167.938 / 221.323     ms
[2021-02-13T17:19:59.356+0300][310.139s][info][gc,stats    ]    Subphase: Concurrent Mark Idle                          0.000 / 0.000         0.000 / 0.000         0.000 / 0.000         0.000 / 0.000       ms
[2021-02-13T17:19:59.356+0300][310.139s][info][gc,stats    ]    Subphase: Concurrent Mark Try Flush                     0.000 / 0.000         0.325 / 0.568         0.325 / 0.568         0.325 / 0.568       ms
[2021-02-13T17:19:59.356+0300][310.139s][info][gc,stats    ]    Subphase: Concurrent Mark Try Terminate                 0.000 / 0.000         0.198 / 0.569         0.198 / 0.569         0.198 / 0.569       ms
[2021-02-13T17:19:59.356+0300][310.139s][info][gc,stats    ]    Subphase: Concurrent References Enqueue                 0.000 / 0.000         0.004 / 0.004         0.004 / 0.004         0.004 / 0.004       ms
[2021-02-13T17:19:59.356+0300][310.139s][info][gc,stats    ]    Subphase: Concurrent References Process                 0.000 / 0.000         0.135 / 0.143         0.135 / 0.143         0.135 / 0.143       ms
[2021-02-13T17:19:59.356+0300][310.139s][info][gc,stats    ]    Subphase: Concurrent Roots                              0.000 / 0.000         0.100 / 0.152         0.100 / 0.152         0.100 / 0.152       ms
[2021-02-13T17:19:59.356+0300][310.139s][info][gc,stats    ]    Subphase: Concurrent Roots ClassLoaderDataGraph         0.000 / 0.000         0.093 / 0.141         0.093 / 0.141         0.093 / 0.141       ms
[2021-02-13T17:19:59.356+0300][310.139s][info][gc,stats    ]    Subphase: Concurrent Roots JNIHandles                   0.000 / 0.000         0.004 / 0.006         0.004 / 0.006         0.004 / 0.006       ms
[2021-02-13T17:19:59.356+0300][310.139s][info][gc,stats    ]    Subphase: Concurrent Roots Setup                        0.000 / 0.000         0.006 / 0.006         0.006 / 0.006         0.006 / 0.006       ms
[2021-02-13T17:19:59.356+0300][310.139s][info][gc,stats    ]    Subphase: Concurrent Roots Teardown                     0.000 / 0.000         0.000 / 0.000         0.000 / 0.000         0.000 / 0.000       ms
[2021-02-13T17:19:59.356+0300][310.139s][info][gc,stats    ]    Subphase: Concurrent Roots VMHandles                    0.000 / 0.000         0.003 / 0.004         0.003 / 0.004         0.003 / 0.004       ms
[2021-02-13T17:19:59.356+0300][310.139s][info][gc,stats    ]    Subphase: Concurrent Weak Roots                         0.000 / 0.000         0.348 / 0.520         0.348 / 0.520         0.348 / 0.520       ms
[2021-02-13T17:19:59.356+0300][310.139s][info][gc,stats    ]    Subphase: Concurrent Weak Roots JNIWeakHandles          0.000 / 0.000         0.000 / 0.000         0.000 / 0.000         0.000 / 0.000       ms
[2021-02-13T17:19:59.356+0300][310.139s][info][gc,stats    ]    Subphase: Concurrent Weak Roots ResolvedMethodTable     0.000 / 0.000         0.023 / 0.035         0.023 / 0.035         0.023 / 0.035       ms
[2021-02-13T17:19:59.356+0300][310.139s][info][gc,stats    ]    Subphase: Concurrent Weak Roots StringTable             0.000 / 0.000         0.314 / 0.471         0.314 / 0.471         0.314 / 0.471       ms
[2021-02-13T17:19:59.356+0300][310.139s][info][gc,stats    ]    Subphase: Concurrent Weak Roots VMWeakHandles           0.000 / 0.000         0.010 / 0.013         0.010 / 0.013         0.010 / 0.013       ms
[2021-02-13T17:19:59.356+0300][310.139s][info][gc,stats    ]    Subphase: Pause Mark Try Complete                       0.000 / 0.000         0.022 / 0.040         0.022 / 0.040         0.022 / 0.040       ms
[2021-02-13T17:19:59.356+0300][310.139s][info][gc,stats    ]    Subphase: Pause Roots                                   0.000 / 0.000         0.105 / 0.374         0.105 / 0.374         0.105 / 0.374       ms
[2021-02-13T17:19:59.356+0300][310.139s][info][gc,stats    ]    Subphase: Pause Roots CodeCache                         0.000 / 0.000         0.000 / 0.000         0.000 / 0.000         0.000 / 0.000       ms
[2021-02-13T17:19:59.356+0300][310.139s][info][gc,stats    ]    Subphase: Pause Roots JVMTIExport                       0.000 / 0.000         0.001 / 0.003         0.001 / 0.003         0.001 / 0.003       ms
[2021-02-13T17:19:59.356+0300][310.139s][info][gc,stats    ]    Subphase: Pause Roots JVMTIWeakExport                   0.000 / 0.000         0.007 / 0.013         0.007 / 0.013         0.007 / 0.013       ms
[2021-02-13T17:19:59.356+0300][310.139s][info][gc,stats    ]    Subphase: Pause Roots Java Threads                      0.000 / 0.000         0.095 / 0.373         0.095 / 0.373         0.095 / 0.373       ms
[2021-02-13T17:19:59.356+0300][310.139s][info][gc,stats    ]    Subphase: Pause Roots Management                        0.000 / 0.000         0.007 / 0.025         0.007 / 0.025         0.007 / 0.025       ms
[2021-02-13T17:19:59.356+0300][310.139s][info][gc,stats    ]    Subphase: Pause Roots ObjectSynchronizer                0.000 / 0.000         0.000 / 0.000         0.000 / 0.000         0.000 / 0.000       ms
[2021-02-13T17:19:59.356+0300][310.139s][info][gc,stats    ]    Subphase: Pause Roots Setup                             0.000 / 0.000         0.000 / 0.001         0.000 / 0.001         0.000 / 0.001       ms
[2021-02-13T17:19:59.356+0300][310.139s][info][gc,stats    ]    Subphase: Pause Roots Teardown                          0.000 / 0.000         0.001 / 0.002         0.001 / 0.002         0.001 / 0.002       ms
[2021-02-13T17:19:59.356+0300][310.139s][info][gc,stats    ]    Subphase: Pause Roots Universe                          0.000 / 0.000         0.011 / 0.027         0.011 / 0.027         0.011 / 0.027       ms
[2021-02-13T17:19:59.356+0300][310.139s][info][gc,stats    ]    Subphase: Pause Roots VM Thread                         0.000 / 0.000         0.008 / 0.028         0.008 / 0.028         0.008 / 0.028       ms
[2021-02-13T17:19:59.356+0300][310.139s][info][gc,stats    ]    Subphase: Pause Weak Roots                              0.000 / 0.000         0.001 / 0.005         0.001 / 0.005         0.001 / 0.005       ms
[2021-02-13T17:19:59.356+0300][310.139s][info][gc,stats    ]    Subphase: Pause Weak Roots JFRWeak                      0.000 / 0.000         0.000 / 0.000         0.000 / 0.000         0.000 / 0.000       ms
[2021-02-13T17:19:59.356+0300][310.139s][info][gc,stats    ]    Subphase: Pause Weak Roots JVMTIWeakExport              0.000 / 0.000         0.003 / 0.005         0.003 / 0.005         0.003 / 0.005       ms
[2021-02-13T17:19:59.356+0300][310.139s][info][gc,stats    ]    Subphase: Pause Weak Roots Setup                        0.000 / 0.000         0.000 / 0.000         0.000 / 0.000         0.000 / 0.000       ms
[2021-02-13T17:19:59.356+0300][310.139s][info][gc,stats    ]    Subphase: Pause Weak Roots Teardown                     0.000 / 0.000         0.000 / 0.000         0.000 / 0.000         0.000 / 0.000       ms
[2021-02-13T17:19:59.356+0300][310.139s][info][gc,stats    ]      System: Java Threads                                      0 / 0                16 / 16               16 / 16               16 / 16          threads
[2021-02-13T17:19:59.356+0300][310.139s][info][gc,stats    ] =========================================================================================================================================================
[2021-02-13T17:20:09.355+0300][320.137s][info][gc,stats    ] === Garbage Collection Statistics =======================================================================================================================
[2021-02-13T17:20:09.355+0300][320.137s][info][gc,stats    ]                                                              Last 10s              Last 10m              Last 10h                Total
[2021-02-13T17:20:09.355+0300][320.137s][info][gc,stats    ]                                                              Avg / Max             Avg / Max             Avg / Max             Avg / Max
[2021-02-13T17:20:09.355+0300][320.137s][info][gc,stats    ]   Collector: Garbage Collection Cycle                      0.000 / 0.000       196.888 / 246.924     196.888 / 246.924     196.888 / 246.924     ms
[2021-02-13T17:20:09.355+0300][320.137s][info][gc,stats    ]  Contention: Mark Segment Reset Contention                     0 / 0                 0 / 0                 0 / 0                 0 / 0           ops/s
[2021-02-13T17:20:09.355+0300][320.137s][info][gc,stats    ]  Contention: Mark SeqNum Reset Contention                      0 / 0                 0 / 0                 0 / 0                 0 / 0           ops/s
[2021-02-13T17:20:09.355+0300][320.137s][info][gc,stats    ]  Contention: Relocation Contention                             0 / 0                 0 / 1                 0 / 1                 0 / 1           ops/s
[2021-02-13T17:20:09.355+0300][320.137s][info][gc,stats    ]    Critical: Allocation Stall                              0.000 / 0.000         0.000 / 0.000         0.000 / 0.000         0.000 / 0.000       ms
[2021-02-13T17:20:09.355+0300][320.137s][info][gc,stats    ]    Critical: Allocation Stall                                  0 / 0                 0 / 0                 0 / 0                 0 / 0           ops/s
[2021-02-13T17:20:09.355+0300][320.137s][info][gc,stats    ]    Critical: GC Locker Stall                               0.000 / 0.000         0.000 / 0.000         0.000 / 0.000         0.000 / 0.000       ms
[2021-02-13T17:20:09.355+0300][320.137s][info][gc,stats    ]    Critical: GC Locker Stall                                   0 / 0                 0 / 0                 0 / 0                 0 / 0           ops/s
[2021-02-13T17:20:09.355+0300][320.137s][info][gc,stats    ]      Memory: Allocation Rate                                   0 / 2                 4 / 1082              4 / 1082              4 / 1082        MB/s
[2021-02-13T17:20:09.355+0300][320.137s][info][gc,stats    ]      Memory: Heap Used After Mark                              0 / 0               167 / 216             167 / 216             167 / 216         MB
[2021-02-13T17:20:09.355+0300][320.137s][info][gc,stats    ]      Memory: Heap Used After Relocation                        0 / 0               100 / 114             100 / 114             100 / 114         MB
[2021-02-13T17:20:09.355+0300][320.137s][info][gc,stats    ]      Memory: Heap Used Before Mark                             0 / 0               167 / 216             167 / 216             167 / 216         MB
[2021-02-13T17:20:09.355+0300][320.137s][info][gc,stats    ]      Memory: Heap Used Before Relocation                       0 / 0               145 / 172             145 / 172             145 / 172         MB
[2021-02-13T17:20:09.355+0300][320.137s][info][gc,stats    ]      Memory: Out Of Memory                                     0 / 0                 0 / 0                 0 / 0                 0 / 0           ops/s
[2021-02-13T17:20:09.355+0300][320.137s][info][gc,stats    ]      Memory: Page Cache Flush                                  0 / 0                 0 / 0                 0 / 0                 0 / 0           MB/s
[2021-02-13T17:20:09.355+0300][320.137s][info][gc,stats    ]      Memory: Page Cache Hit L1                                 0 / 0                 0 / 9                 0 / 9                 0 / 9           ops/s
[2021-02-13T17:20:09.355+0300][320.137s][info][gc,stats    ]      Memory: Page Cache Hit L2                                 0 / 0                 0 / 0                 0 / 0                 0 / 0           ops/s
[2021-02-13T17:20:09.355+0300][320.137s][info][gc,stats    ]      Memory: Page Cache Hit L3                                 0 / 1                 0 / 14                0 / 14                0 / 14          ops/s
[2021-02-13T17:20:09.355+0300][320.137s][info][gc,stats    ]      Memory: Page Cache Miss                                   0 / 0                 0 / 0                 0 / 0                 0 / 0           ops/s
[2021-02-13T17:20:09.355+0300][320.137s][info][gc,stats    ]      Memory: Uncommit                                          0 / 0                 0 / 0                 0 / 0                 0 / 0           MB/s
[2021-02-13T17:20:09.355+0300][320.137s][info][gc,stats    ]      Memory: Undo Object Allocation Failed                     0 / 0                 0 / 0                 0 / 0                 0 / 0           ops/s
[2021-02-13T17:20:09.355+0300][320.137s][info][gc,stats    ]      Memory: Undo Object Allocation Succeeded                  0 / 0                 0 / 1                 0 / 1                 0 / 1           ops/s
[2021-02-13T17:20:09.355+0300][320.137s][info][gc,stats    ]      Memory: Undo Page Allocation                              0 / 0                 0 / 0                 0 / 0                 0 / 0           ops/s
[2021-02-13T17:20:09.355+0300][320.137s][info][gc,stats    ]       Phase: Concurrent Mark                               0.000 / 0.000       168.208 / 221.645     168.208 / 221.645     168.208 / 221.645     ms
[2021-02-13T17:20:09.355+0300][320.137s][info][gc,stats    ]       Phase: Concurrent Mark Continue                      0.000 / 0.000         0.000 / 0.000         0.000 / 0.000         0.000 / 0.000       ms
[2021-02-13T17:20:09.355+0300][320.137s][info][gc,stats    ]       Phase: Concurrent Process Non-Strong References      0.000 / 0.000         2.037 / 2.549         2.037 / 2.549         2.037 / 2.549       ms
[2021-02-13T17:20:09.355+0300][320.137s][info][gc,stats    ]       Phase: Concurrent Relocate                           0.000 / 0.000        16.262 / 17.964       16.262 / 17.964       16.262 / 17.964      ms
[2021-02-13T17:20:09.355+0300][320.137s][info][gc,stats    ]       Phase: Concurrent Reset Relocation Set               0.000 / 0.000         0.373 / 0.741         0.373 / 0.741         0.373 / 0.741       ms
[2021-02-13T17:20:09.355+0300][320.137s][info][gc,stats    ]       Phase: Concurrent Select Relocation Set              0.000 / 0.000         7.407 / 9.944         7.407 / 9.944         7.407 / 9.944       ms
[2021-02-13T17:20:09.355+0300][320.137s][info][gc,stats    ]       Phase: Pause Mark End                                0.000 / 0.000         0.245 / 0.286         0.245 / 0.286         0.245 / 0.286       ms
[2021-02-13T17:20:09.355+0300][320.137s][info][gc,stats    ]       Phase: Pause Mark Start                              0.000 / 0.000         0.503 / 0.836         0.503 / 0.836         0.503 / 0.836       ms
[2021-02-13T17:20:09.355+0300][320.137s][info][gc,stats    ]       Phase: Pause Relocate Start                          0.000 / 0.000         0.171 / 0.175         0.171 / 0.175         0.171 / 0.175       ms
[2021-02-13T17:20:09.355+0300][320.137s][info][gc,stats    ]    Subphase: Concurrent Classes Purge                      0.000 / 0.000         0.111 / 0.118         0.111 / 0.118         0.111 / 0.118       ms
[2021-02-13T17:20:09.355+0300][320.138s][info][gc,stats    ]    Subphase: Concurrent Classes Unlink                     0.000 / 0.000         1.156 / 1.455         1.156 / 1.455         1.156 / 1.455       ms
[2021-02-13T17:20:09.355+0300][320.138s][info][gc,stats    ]    Subphase: Concurrent Mark                               0.000 / 0.000       167.938 / 221.323     167.938 / 221.323     167.938 / 221.323     ms
[2021-02-13T17:20:09.355+0300][320.138s][info][gc,stats    ]    Subphase: Concurrent Mark Idle                          0.000 / 0.000         0.000 / 0.000         0.000 / 0.000         0.000 / 0.000       ms
[2021-02-13T17:20:09.355+0300][320.138s][info][gc,stats    ]    Subphase: Concurrent Mark Try Flush                     0.000 / 0.000         0.325 / 0.568         0.325 / 0.568         0.325 / 0.568       ms
[2021-02-13T17:20:09.355+0300][320.138s][info][gc,stats    ]    Subphase: Concurrent Mark Try Terminate                 0.000 / 0.000         0.198 / 0.569         0.198 / 0.569         0.198 / 0.569       ms
[2021-02-13T17:20:09.355+0300][320.138s][info][gc,stats    ]    Subphase: Concurrent References Enqueue                 0.000 / 0.000         0.004 / 0.004         0.004 / 0.004         0.004 / 0.004       ms
[2021-02-13T17:20:09.355+0300][320.138s][info][gc,stats    ]    Subphase: Concurrent References Process                 0.000 / 0.000         0.135 / 0.143         0.135 / 0.143         0.135 / 0.143       ms
[2021-02-13T17:20:09.355+0300][320.138s][info][gc,stats    ]    Subphase: Concurrent Roots                              0.000 / 0.000         0.100 / 0.152         0.100 / 0.152         0.100 / 0.152       ms
[2021-02-13T17:20:09.355+0300][320.138s][info][gc,stats    ]    Subphase: Concurrent Roots ClassLoaderDataGraph         0.000 / 0.000         0.093 / 0.141         0.093 / 0.141         0.093 / 0.141       ms
[2021-02-13T17:20:09.355+0300][320.138s][info][gc,stats    ]    Subphase: Concurrent Roots JNIHandles                   0.000 / 0.000         0.004 / 0.006         0.004 / 0.006         0.004 / 0.006       ms
[2021-02-13T17:20:09.355+0300][320.138s][info][gc,stats    ]    Subphase: Concurrent Roots Setup                        0.000 / 0.000         0.006 / 0.006         0.006 / 0.006         0.006 / 0.006       ms
[2021-02-13T17:20:09.355+0300][320.138s][info][gc,stats    ]    Subphase: Concurrent Roots Teardown                     0.000 / 0.000         0.000 / 0.000         0.000 / 0.000         0.000 / 0.000       ms
[2021-02-13T17:20:09.355+0300][320.138s][info][gc,stats    ]    Subphase: Concurrent Roots VMHandles                    0.000 / 0.000         0.003 / 0.004         0.003 / 0.004         0.003 / 0.004       ms
[2021-02-13T17:20:09.355+0300][320.138s][info][gc,stats    ]    Subphase: Concurrent Weak Roots                         0.000 / 0.000         0.348 / 0.520         0.348 / 0.520         0.348 / 0.520       ms
[2021-02-13T17:20:09.355+0300][320.138s][info][gc,stats    ]    Subphase: Concurrent Weak Roots JNIWeakHandles          0.000 / 0.000         0.000 / 0.000         0.000 / 0.000         0.000 / 0.000       ms
[2021-02-13T17:20:09.355+0300][320.138s][info][gc,stats    ]    Subphase: Concurrent Weak Roots ResolvedMethodTable     0.000 / 0.000         0.023 / 0.035         0.023 / 0.035         0.023 / 0.035       ms
[2021-02-13T17:20:09.355+0300][320.138s][info][gc,stats    ]    Subphase: Concurrent Weak Roots StringTable             0.000 / 0.000         0.314 / 0.471         0.314 / 0.471         0.314 / 0.471       ms
[2021-02-13T17:20:09.355+0300][320.138s][info][gc,stats    ]    Subphase: Concurrent Weak Roots VMWeakHandles           0.000 / 0.000         0.010 / 0.013         0.010 / 0.013         0.010 / 0.013       ms
[2021-02-13T17:20:09.355+0300][320.138s][info][gc,stats    ]    Subphase: Pause Mark Try Complete                       0.000 / 0.000         0.022 / 0.040         0.022 / 0.040         0.022 / 0.040       ms
[2021-02-13T17:20:09.355+0300][320.138s][info][gc,stats    ]    Subphase: Pause Roots                                   0.000 / 0.000         0.105 / 0.374         0.105 / 0.374         0.105 / 0.374       ms
[2021-02-13T17:20:09.355+0300][320.138s][info][gc,stats    ]    Subphase: Pause Roots CodeCache                         0.000 / 0.000         0.000 / 0.000         0.000 / 0.000         0.000 / 0.000       ms
[2021-02-13T17:20:09.355+0300][320.138s][info][gc,stats    ]    Subphase: Pause Roots JVMTIExport                       0.000 / 0.000         0.001 / 0.003         0.001 / 0.003         0.001 / 0.003       ms
[2021-02-13T17:20:09.355+0300][320.138s][info][gc,stats    ]    Subphase: Pause Roots JVMTIWeakExport                   0.000 / 0.000         0.007 / 0.013         0.007 / 0.013         0.007 / 0.013       ms
[2021-02-13T17:20:09.355+0300][320.138s][info][gc,stats    ]    Subphase: Pause Roots Java Threads                      0.000 / 0.000         0.095 / 0.373         0.095 / 0.373         0.095 / 0.373       ms
[2021-02-13T17:20:09.355+0300][320.138s][info][gc,stats    ]    Subphase: Pause Roots Management                        0.000 / 0.000         0.007 / 0.025         0.007 / 0.025         0.007 / 0.025       ms
[2021-02-13T17:20:09.355+0300][320.138s][info][gc,stats    ]    Subphase: Pause Roots ObjectSynchronizer                0.000 / 0.000         0.000 / 0.000         0.000 / 0.000         0.000 / 0.000       ms
[2021-02-13T17:20:09.355+0300][320.138s][info][gc,stats    ]    Subphase: Pause Roots Setup                             0.000 / 0.000         0.000 / 0.001         0.000 / 0.001         0.000 / 0.001       ms
[2021-02-13T17:20:09.355+0300][320.138s][info][gc,stats    ]    Subphase: Pause Roots Teardown                          0.000 / 0.000         0.001 / 0.002         0.001 / 0.002         0.001 / 0.002       ms
[2021-02-13T17:20:09.355+0300][320.138s][info][gc,stats    ]    Subphase: Pause Roots Universe                          0.000 / 0.000         0.011 / 0.027         0.011 / 0.027         0.011 / 0.027       ms
[2021-02-13T17:20:09.355+0300][320.138s][info][gc,stats    ]    Subphase: Pause Roots VM Thread                         0.000 / 0.000         0.008 / 0.028         0.008 / 0.028         0.008 / 0.028       ms
[2021-02-13T17:20:09.355+0300][320.138s][info][gc,stats    ]    Subphase: Pause Weak Roots                              0.000 / 0.000         0.001 / 0.005         0.001 / 0.005         0.001 / 0.005       ms
[2021-02-13T17:20:09.355+0300][320.138s][info][gc,stats    ]    Subphase: Pause Weak Roots JFRWeak                      0.000 / 0.000         0.000 / 0.000         0.000 / 0.000         0.000 / 0.000       ms
[2021-02-13T17:20:09.355+0300][320.138s][info][gc,stats    ]    Subphase: Pause Weak Roots JVMTIWeakExport              0.000 / 0.000         0.003 / 0.005         0.003 / 0.005         0.003 / 0.005       ms
[2021-02-13T17:20:09.355+0300][320.138s][info][gc,stats    ]    Subphase: Pause Weak Roots Setup                        0.000 / 0.000         0.000 / 0.000         0.000 / 0.000         0.000 / 0.000       ms
[2021-02-13T17:20:09.356+0300][320.138s][info][gc,stats    ]    Subphase: Pause Weak Roots Teardown                     0.000 / 0.000         0.000 / 0.000         0.000 / 0.000         0.000 / 0.000       ms
[2021-02-13T17:20:09.356+0300][320.138s][info][gc,stats    ]      System: Java Threads                                      0 / 0                16 / 16               16 / 16               16 / 16          threads
[2021-02-13T17:20:09.356+0300][320.138s][info][gc,stats    ] =========================================================================================================================================================
[2021-02-13T17:20:16.947+0300][327.729s][info][gc,start    ] GC(2) Garbage Collection (Warmup)
[2021-02-13T17:20:16.947+0300][327.730s][info][gc,phases   ] GC(2) Pause Mark Start 0.126ms
[2021-02-13T17:20:17.304+0300][328.087s][info][gc,phases   ] GC(2) Concurrent Mark 356.582ms
[2021-02-13T17:20:17.305+0300][328.088s][info][gc,phases   ] GC(2) Pause Mark End 0.260ms
[2021-02-13T17:20:17.309+0300][328.091s][info][gc,phases   ] GC(2) Concurrent Process Non-Strong References 3.462ms
[2021-02-13T17:20:17.310+0300][328.092s][info][gc,phases   ] GC(2) Concurrent Reset Relocation Set 0.731ms
[2021-02-13T17:20:17.314+0300][328.097s][info][gc,phases   ] GC(2) Concurrent Select Relocation Set 4.514ms
[2021-02-13T17:20:17.315+0300][328.097s][info][gc,phases   ] GC(2) Pause Relocate Start 0.157ms
[2021-02-13T17:20:17.333+0300][328.116s][info][gc,phases   ] GC(2) Concurrent Relocate 18.109ms
[2021-02-13T17:20:17.333+0300][328.116s][info][gc,load     ] GC(2) Load: 0.00/0.00/0.00
[2021-02-13T17:20:17.333+0300][328.116s][info][gc,mmu      ] GC(2) MMU: 2ms/58.2%, 5ms/83.3%, 10ms/91.6%, 20ms/95.8%, 50ms/98.3%, 100ms/99.2%
[2021-02-13T17:20:17.333+0300][328.116s][info][gc,marking  ] GC(2) Mark: 1 stripe(s), 2 proactive flush(es), 1 terminate flush(es), 1 completion(s), 0 continuation(s) 
[2021-02-13T17:20:17.333+0300][328.116s][info][gc,nmethod  ] GC(2) NMethods: 1759 registered, 0 unregistered
[2021-02-13T17:20:17.333+0300][328.116s][info][gc,metaspace] GC(2) Metaspace: 7M used, 7M capacity, 7M committed, 1032M reserved
[2021-02-13T17:20:17.333+0300][328.116s][info][gc,ref      ] GC(2) Soft: 653 encountered, 0 discovered, 0 enqueued
[2021-02-13T17:20:17.333+0300][328.116s][info][gc,ref      ] GC(2) Weak: 1086 encountered, 657 discovered, 4 enqueued
[2021-02-13T17:20:17.333+0300][328.116s][info][gc,ref      ] GC(2) Final: 0 encountered, 0 discovered, 0 enqueued
[2021-02-13T17:20:17.333+0300][328.116s][info][gc,ref      ] GC(2) Phantom: 7 encountered, 6 discovered, 0 enqueued
[2021-02-13T17:20:17.333+0300][328.116s][info][gc,reloc    ] GC(2) Small Pages: 147 / 294M(94%), Empty: 16M(5%), Compacting: 118M(38%)->14M(4%)
[2021-02-13T17:20:17.333+0300][328.116s][info][gc,reloc    ] GC(2) Medium Pages: 0 / 0M(0%), Empty: 0M(0%), Compacting: 0M(0%)->0M(0%)
[2021-02-13T17:20:17.333+0300][328.116s][info][gc,reloc    ] GC(2) Large Pages: 2 / 18M(6%), Empty: 8M(3%), Compacting: 0M(0%)->0M(0%)
[2021-02-13T17:20:17.333+0300][328.116s][info][gc,reloc    ] GC(2) Relocation: Successful
[2021-02-13T17:20:17.333+0300][328.116s][info][gc,heap     ] GC(2) Min Capacity: 1024M(100%)
[2021-02-13T17:20:17.333+0300][328.116s][info][gc,heap     ] GC(2) Max Capacity: 1024M(100%)
[2021-02-13T17:20:17.333+0300][328.116s][info][gc,heap     ] GC(2) Soft Max Capacity: 1024M(100%)
[2021-02-13T17:20:17.333+0300][328.116s][info][gc,heap     ] GC(2)                Mark Start          Mark End        Relocate Start      Relocate End           High               Low         
[2021-02-13T17:20:17.333+0300][328.116s][info][gc,heap     ] GC(2)  Capacity:     1024M (100%)       1024M (100%)       1024M (100%)       1024M (100%)       1024M (100%)       1024M (100%)   
[2021-02-13T17:20:17.333+0300][328.116s][info][gc,heap     ] GC(2)   Reserve:       40M (4%)           40M (4%)           40M (4%)           40M (4%)           40M (4%)           40M (4%)     
[2021-02-13T17:20:17.333+0300][328.116s][info][gc,heap     ] GC(2)      Free:      672M (66%)         672M (66%)         696M (68%)         794M (78%)         794M (78%)         672M (66%)    
[2021-02-13T17:20:17.333+0300][328.116s][info][gc,heap     ] GC(2)      Used:      312M (30%)         312M (30%)         288M (28%)         190M (19%)         312M (30%)         190M (19%)    
[2021-02-13T17:20:17.333+0300][328.116s][info][gc,heap     ] GC(2)      Live:         -               181M (18%)         181M (18%)         181M (18%)            -                  -          
[2021-02-13T17:20:17.333+0300][328.116s][info][gc,heap     ] GC(2) Allocated:         -                 0M (0%)            0M (0%)           20M (2%)             -                  -          
[2021-02-13T17:20:17.333+0300][328.116s][info][gc,heap     ] GC(2)   Garbage:         -               130M (13%)         106M (10%)           8M (1%)             -                  -          
[2021-02-13T17:20:17.334+0300][328.116s][info][gc,heap     ] GC(2) Reclaimed:         -                  -                24M (2%)          122M (12%)            -                  -          
[2021-02-13T17:20:17.334+0300][328.116s][info][gc          ] GC(2) Garbage Collection (Warmup) 312M(30%)->190M(19%)
[2021-02-13T17:20:19.342+0300][330.124s][info][gc,stats    ] === Garbage Collection Statistics =======================================================================================================================
[2021-02-13T17:20:19.342+0300][330.124s][info][gc,stats    ]                                                              Last 10s              Last 10m              Last 10h                Total
[2021-02-13T17:20:19.342+0300][330.124s][info][gc,stats    ]                                                              Avg / Max             Avg / Max             Avg / Max             Avg / Max
[2021-02-13T17:20:19.342+0300][330.124s][info][gc,stats    ]   Collector: Garbage Collection Cycle                    386.588 / 386.588     260.121 / 386.588     260.121 / 386.588     260.121 / 386.588     ms
[2021-02-13T17:20:19.342+0300][330.124s][info][gc,stats    ]  Contention: Mark Segment Reset Contention                     0 / 0                 0 / 0                 0 / 0                 0 / 0           ops/s
[2021-02-13T17:20:19.342+0300][330.124s][info][gc,stats    ]  Contention: Mark SeqNum Reset Contention                      0 / 0                 0 / 0                 0 / 0                 0 / 0           ops/s
[2021-02-13T17:20:19.342+0300][330.124s][info][gc,stats    ]  Contention: Relocation Contention                             0 / 0                 0 / 1                 0 / 1                 0 / 1           ops/s
[2021-02-13T17:20:19.342+0300][330.124s][info][gc,stats    ]    Critical: Allocation Stall                              0.000 / 0.000         0.000 / 0.000         0.000 / 0.000         0.000 / 0.000       ms
[2021-02-13T17:20:19.342+0300][330.124s][info][gc,stats    ]    Critical: Allocation Stall                                  0 / 0                 0 / 0                 0 / 0                 0 / 0           ops/s
[2021-02-13T17:20:19.342+0300][330.124s][info][gc,stats    ]    Critical: GC Locker Stall                               0.000 / 0.000         0.000 / 0.000         0.000 / 0.000         0.000 / 0.000       ms
[2021-02-13T17:20:19.342+0300][330.124s][info][gc,stats    ]    Critical: GC Locker Stall                                   0 / 0                 0 / 0                 0 / 0                 0 / 0           ops/s
[2021-02-13T17:20:19.342+0300][330.124s][info][gc,stats    ]      Memory: Allocation Rate                                   2 / 22                4 / 1082              4 / 1082              4 / 1082        MB/s
[2021-02-13T17:20:19.342+0300][330.124s][info][gc,stats    ]      Memory: Heap Used After Mark                            312 / 312             215 / 312             215 / 312             215 / 312         MB
[2021-02-13T17:20:19.342+0300][330.124s][info][gc,stats    ]      Memory: Heap Used After Relocation                      190 / 190             130 / 190             130 / 190             130 / 190         MB
[2021-02-13T17:20:19.342+0300][330.124s][info][gc,stats    ]      Memory: Heap Used Before Mark                           312 / 312             215 / 312             215 / 312             215 / 312         MB
[2021-02-13T17:20:19.342+0300][330.124s][info][gc,stats    ]      Memory: Heap Used Before Relocation                     288 / 288             192 / 288             192 / 288             192 / 288         MB
[2021-02-13T17:20:19.342+0300][330.124s][info][gc,stats    ]      Memory: Out Of Memory                                     0 / 0                 0 / 0                 0 / 0                 0 / 0           ops/s
[2021-02-13T17:20:19.342+0300][330.124s][info][gc,stats    ]      Memory: Page Cache Flush                                  0 / 0                 0 / 0                 0 / 0                 0 / 0           MB/s
[2021-02-13T17:20:19.342+0300][330.124s][info][gc,stats    ]      Memory: Page Cache Hit L1                                 1 / 11                0 / 11                0 / 11                0 / 11          ops/s
[2021-02-13T17:20:19.342+0300][330.124s][info][gc,stats    ]      Memory: Page Cache Hit L2                                 0 / 0                 0 / 0                 0 / 0                 0 / 0           ops/s
[2021-02-13T17:20:19.342+0300][330.124s][info][gc,stats    ]      Memory: Page Cache Hit L3                                 0 / 8                 0 / 14                0 / 14                0 / 14          ops/s
[2021-02-13T17:20:19.342+0300][330.124s][info][gc,stats    ]      Memory: Page Cache Miss                                   0 / 0                 0 / 0                 0 / 0                 0 / 0           ops/s
[2021-02-13T17:20:19.342+0300][330.124s][info][gc,stats    ]      Memory: Uncommit                                          0 / 0                 0 / 0                 0 / 0                 0 / 0           MB/s
[2021-02-13T17:20:19.342+0300][330.124s][info][gc,stats    ]      Memory: Undo Object Allocation Failed                     0 / 0                 0 / 0                 0 / 0                 0 / 0           ops/s
[2021-02-13T17:20:19.342+0300][330.124s][info][gc,stats    ]      Memory: Undo Object Allocation Succeeded                  0 / 0                 0 / 1                 0 / 1                 0 / 1           ops/s
[2021-02-13T17:20:19.342+0300][330.124s][info][gc,stats    ]      Memory: Undo Page Allocation                              0 / 0                 0 / 0                 0 / 0                 0 / 0           ops/s
[2021-02-13T17:20:19.342+0300][330.124s][info][gc,stats    ]       Phase: Concurrent Mark                             356.582 / 356.582     230.999 / 356.582     230.999 / 356.582     230.999 / 356.582     ms
[2021-02-13T17:20:19.342+0300][330.124s][info][gc,stats    ]       Phase: Concurrent Mark Continue                      0.000 / 0.000         0.000 / 0.000         0.000 / 0.000         0.000 / 0.000       ms
[2021-02-13T17:20:19.342+0300][330.124s][info][gc,stats    ]       Phase: Concurrent Process Non-Strong References      3.462 / 3.462         2.512 / 3.462         2.512 / 3.462         2.512 / 3.462       ms
[2021-02-13T17:20:19.342+0300][330.124s][info][gc,stats    ]       Phase: Concurrent Relocate                          18.109 / 18.109       16.878 / 18.109       16.878 / 18.109       16.878 / 18.109      ms
[2021-02-13T17:20:19.342+0300][330.124s][info][gc,stats    ]       Phase: Concurrent Reset Relocation Set               0.731 / 0.731         0.492 / 0.741         0.492 / 0.741         0.492 / 0.741       ms
[2021-02-13T17:20:19.342+0300][330.124s][info][gc,stats    ]       Phase: Concurrent Select Relocation Set              4.514 / 4.514         6.443 / 9.944         6.443 / 9.944         6.443 / 9.944       ms
[2021-02-13T17:20:19.342+0300][330.124s][info][gc,stats    ]       Phase: Pause Mark End                                0.260 / 0.260         0.250 / 0.286         0.250 / 0.286         0.250 / 0.286       ms
[2021-02-13T17:20:19.342+0300][330.124s][info][gc,stats    ]       Phase: Pause Mark Start                              0.126 / 0.126         0.377 / 0.836         0.377 / 0.836         0.377 / 0.836       ms
[2021-02-13T17:20:19.342+0300][330.124s][info][gc,stats    ]       Phase: Pause Relocate Start                          0.157 / 0.157         0.166 / 0.175         0.166 / 0.175         0.166 / 0.175       ms
[2021-02-13T17:20:19.342+0300][330.124s][info][gc,stats    ]    Subphase: Concurrent Classes Purge                      0.137 / 0.137         0.120 / 0.137         0.120 / 0.137         0.120 / 0.137       ms
[2021-02-13T17:20:19.342+0300][330.125s][info][gc,stats    ]    Subphase: Concurrent Classes Unlink                     1.645 / 1.645         1.319 / 1.645         1.319 / 1.645         1.319 / 1.645       ms
[2021-02-13T17:20:19.342+0300][330.125s][info][gc,stats    ]    Subphase: Concurrent Mark                             356.225 / 356.225     230.700 / 356.225     230.700 / 356.225     230.700 / 356.225     ms
[2021-02-13T17:20:19.342+0300][330.125s][info][gc,stats    ]    Subphase: Concurrent Mark Idle                          0.000 / 0.000         0.000 / 0.000         0.000 / 0.000         0.000 / 0.000       ms
[2021-02-13T17:20:19.342+0300][330.125s][info][gc,stats    ]    Subphase: Concurrent Mark Try Flush                     0.640 / 0.804         0.430 / 0.804         0.430 / 0.804         0.430 / 0.804       ms
[2021-02-13T17:20:19.342+0300][330.125s][info][gc,stats    ]    Subphase: Concurrent Mark Try Terminate                 0.403 / 0.805         0.266 / 0.805         0.266 / 0.805         0.266 / 0.805       ms
[2021-02-13T17:20:19.342+0300][330.125s][info][gc,stats    ]    Subphase: Concurrent References Enqueue                 0.004 / 0.004         0.004 / 0.004         0.004 / 0.004         0.004 / 0.004       ms
[2021-02-13T17:20:19.342+0300][330.125s][info][gc,stats    ]    Subphase: Concurrent References Process                 0.092 / 0.092         0.121 / 0.143         0.121 / 0.143         0.121 / 0.143       ms
[2021-02-13T17:20:19.342+0300][330.125s][info][gc,stats    ]    Subphase: Concurrent Roots                              0.182 / 0.182         0.128 / 0.182         0.128 / 0.182         0.128 / 0.182       ms
[2021-02-13T17:20:19.342+0300][330.125s][info][gc,stats    ]    Subphase: Concurrent Roots ClassLoaderDataGraph         0.169 / 0.169         0.118 / 0.169         0.118 / 0.169         0.118 / 0.169       ms
[2021-02-13T17:20:19.342+0300][330.125s][info][gc,stats    ]    Subphase: Concurrent Roots JNIHandles                   0.007 / 0.007         0.005 / 0.007         0.005 / 0.007         0.005 / 0.007       ms
[2021-02-13T17:20:19.342+0300][330.125s][info][gc,stats    ]    Subphase: Concurrent Roots Setup                        0.007 / 0.007         0.006 / 0.007         0.006 / 0.007         0.006 / 0.007       ms
[2021-02-13T17:20:19.342+0300][330.125s][info][gc,stats    ]    Subphase: Concurrent Roots Teardown                     0.000 / 0.000         0.000 / 0.000         0.000 / 0.000         0.000 / 0.000       ms
[2021-02-13T17:20:19.342+0300][330.125s][info][gc,stats    ]    Subphase: Concurrent Roots VMHandles                    0.006 / 0.006         0.004 / 0.006         0.004 / 0.006         0.004 / 0.006       ms
[2021-02-13T17:20:19.342+0300][330.125s][info][gc,stats    ]    Subphase: Concurrent Weak Roots                         0.580 / 0.580         0.425 / 0.580         0.425 / 0.580         0.425 / 0.580       ms
[2021-02-13T17:20:19.342+0300][330.125s][info][gc,stats    ]    Subphase: Concurrent Weak Roots JNIWeakHandles          0.000 / 0.000         0.000 / 0.000         0.000 / 0.000         0.000 / 0.000       ms
[2021-02-13T17:20:19.342+0300][330.125s][info][gc,stats    ]    Subphase: Concurrent Weak Roots ResolvedMethodTable     0.042 / 0.042         0.029 / 0.042         0.029 / 0.042         0.029 / 0.042       ms
[2021-02-13T17:20:19.342+0300][330.125s][info][gc,stats    ]    Subphase: Concurrent Weak Roots StringTable             0.521 / 0.521         0.383 / 0.521         0.383 / 0.521         0.383 / 0.521       ms
[2021-02-13T17:20:19.342+0300][330.125s][info][gc,stats    ]    Subphase: Concurrent Weak Roots VMWeakHandles           0.015 / 0.015         0.012 / 0.015         0.012 / 0.015         0.012 / 0.015       ms
[2021-02-13T17:20:19.342+0300][330.125s][info][gc,stats    ]    Subphase: Pause Mark Try Complete                       0.051 / 0.051         0.032 / 0.051         0.032 / 0.051         0.032 / 0.051       ms
[2021-02-13T17:20:19.342+0300][330.125s][info][gc,stats    ]    Subphase: Pause Roots                                   0.039 / 0.083         0.083 / 0.374         0.083 / 0.374         0.083 / 0.374       ms
[2021-02-13T17:20:19.342+0300][330.125s][info][gc,stats    ]    Subphase: Pause Roots CodeCache                         0.000 / 0.000         0.000 / 0.000         0.000 / 0.000         0.000 / 0.000       ms
[2021-02-13T17:20:19.342+0300][330.125s][info][gc,stats    ]    Subphase: Pause Roots JVMTIExport                       0.000 / 0.000         0.001 / 0.003         0.001 / 0.003         0.001 / 0.003       ms
[2021-02-13T17:20:19.342+0300][330.125s][info][gc,stats    ]    Subphase: Pause Roots JVMTIWeakExport                   0.000 / 0.000         0.005 / 0.013         0.005 / 0.013         0.005 / 0.013       ms
[2021-02-13T17:20:19.342+0300][330.125s][info][gc,stats    ]    Subphase: Pause Roots Java Threads                      0.034 / 0.078         0.075 / 0.373         0.075 / 0.373         0.075 / 0.373       ms
[2021-02-13T17:20:19.342+0300][330.125s][info][gc,stats    ]    Subphase: Pause Roots Management                        0.006 / 0.011         0.007 / 0.025         0.007 / 0.025         0.007 / 0.025       ms
[2021-02-13T17:20:19.342+0300][330.125s][info][gc,stats    ]    Subphase: Pause Roots ObjectSynchronizer                0.000 / 0.000         0.000 / 0.000         0.000 / 0.000         0.000 / 0.000       ms
[2021-02-13T17:20:19.342+0300][330.125s][info][gc,stats    ]    Subphase: Pause Roots Setup                             0.000 / 0.000         0.000 / 0.001         0.000 / 0.001         0.000 / 0.001       ms
[2021-02-13T17:20:19.342+0300][330.125s][info][gc,stats    ]    Subphase: Pause Roots Teardown                          0.001 / 0.001         0.001 / 0.002         0.001 / 0.002         0.001 / 0.002       ms
[2021-02-13T17:20:19.343+0300][330.125s][info][gc,stats    ]    Subphase: Pause Roots Universe                          0.009 / 0.015         0.010 / 0.027         0.010 / 0.027         0.010 / 0.027       ms
[2021-02-13T17:20:19.343+0300][330.125s][info][gc,stats    ]    Subphase: Pause Roots VM Thread                         0.001 / 0.001         0.005 / 0.028         0.005 / 0.028         0.005 / 0.028       ms
[2021-02-13T17:20:19.343+0300][330.125s][info][gc,stats    ]    Subphase: Pause Weak Roots                              0.000 / 0.001         0.001 / 0.005         0.001 / 0.005         0.001 / 0.005       ms
[2021-02-13T17:20:19.343+0300][330.125s][info][gc,stats    ]    Subphase: Pause Weak Roots JFRWeak                      0.000 / 0.000         0.000 / 0.000         0.000 / 0.000         0.000 / 0.000       ms
[2021-02-13T17:20:19.343+0300][330.125s][info][gc,stats    ]    Subphase: Pause Weak Roots JVMTIWeakExport              0.000 / 0.000         0.002 / 0.005         0.002 / 0.005         0.002 / 0.005       ms
[2021-02-13T17:20:19.343+0300][330.125s][info][gc,stats    ]    Subphase: Pause Weak Roots Setup                        0.000 / 0.000         0.000 / 0.000         0.000 / 0.000         0.000 / 0.000       ms
[2021-02-13T17:20:19.343+0300][330.125s][info][gc,stats    ]    Subphase: Pause Weak Roots Teardown                     0.000 / 0.000         0.000 / 0.000         0.000 / 0.000         0.000 / 0.000       ms
[2021-02-13T17:20:19.343+0300][330.125s][info][gc,stats    ]      System: Java Threads                                     16 / 16               16 / 16               16 / 16               16 / 16          threads
[2021-02-13T17:20:19.343+0300][330.125s][info][gc,stats    ] =========================================================================================================================================================
[2021-02-13T17:20:29.342+0300][340.124s][info][gc,stats    ] === Garbage Collection Statistics =======================================================================================================================
[2021-02-13T17:20:29.342+0300][340.124s][info][gc,stats    ]                                                              Last 10s              Last 10m              Last 10h                Total
[2021-02-13T17:20:29.342+0300][340.124s][info][gc,stats    ]                                                              Avg / Max             Avg / Max             Avg / Max             Avg / Max
[2021-02-13T17:20:29.342+0300][340.124s][info][gc,stats    ]   Collector: Garbage Collection Cycle                      0.000 / 0.000       260.121 / 386.588     260.121 / 386.588     260.121 / 386.588     ms
[2021-02-13T17:20:29.342+0300][340.124s][info][gc,stats    ]  Contention: Mark Segment Reset Contention                     0 / 0                 0 / 0                 0 / 0                 0 / 0           ops/s
[2021-02-13T17:20:29.342+0300][340.124s][info][gc,stats    ]  Contention: Mark SeqNum Reset Contention                      0 / 0                 0 / 0                 0 / 0                 0 / 0           ops/s
[2021-02-13T17:20:29.342+0300][340.124s][info][gc,stats    ]  Contention: Relocation Contention                             0 / 0                 0 / 1                 0 / 1                 0 / 1           ops/s
[2021-02-13T17:20:29.342+0300][340.124s][info][gc,stats    ]    Critical: Allocation Stall                              0.000 / 0.000         0.000 / 0.000         0.000 / 0.000         0.000 / 0.000       ms
[2021-02-13T17:20:29.342+0300][340.124s][info][gc,stats    ]    Critical: Allocation Stall                                  0 / 0                 0 / 0                 0 / 0                 0 / 0           ops/s
[2021-02-13T17:20:29.342+0300][340.124s][info][gc,stats    ]    Critical: GC Locker Stall                               0.000 / 0.000         0.000 / 0.000         0.000 / 0.000         0.000 / 0.000       ms
[2021-02-13T17:20:29.342+0300][340.124s][info][gc,stats    ]    Critical: GC Locker Stall                                   0 / 0                 0 / 0                 0 / 0                 0 / 0           ops/s
[2021-02-13T17:20:29.342+0300][340.124s][info][gc,stats    ]      Memory: Allocation Rate                                   0 / 2                 4 / 1082              4 / 1082              4 / 1082        MB/s
[2021-02-13T17:20:29.342+0300][340.124s][info][gc,stats    ]      Memory: Heap Used After Mark                              0 / 0               215 / 312             215 / 312             215 / 312         MB
[2021-02-13T17:20:29.342+0300][340.124s][info][gc,stats    ]      Memory: Heap Used After Relocation                        0 / 0               130 / 190             130 / 190             130 / 190         MB
[2021-02-13T17:20:29.342+0300][340.124s][info][gc,stats    ]      Memory: Heap Used Before Mark                             0 / 0               215 / 312             215 / 312             215 / 312         MB
[2021-02-13T17:20:29.342+0300][340.124s][info][gc,stats    ]      Memory: Heap Used Before Relocation                       0 / 0               192 / 288             192 / 288             192 / 288         MB
[2021-02-13T17:20:29.342+0300][340.124s][info][gc,stats    ]      Memory: Out Of Memory                                     0 / 0                 0 / 0                 0 / 0                 0 / 0           ops/s
[2021-02-13T17:20:29.342+0300][340.124s][info][gc,stats    ]      Memory: Page Cache Flush                                  0 / 0                 0 / 0                 0 / 0                 0 / 0           MB/s
[2021-02-13T17:20:29.342+0300][340.124s][info][gc,stats    ]      Memory: Page Cache Hit L1                                 0 / 1                 0 / 11                0 / 11                0 / 11          ops/s
[2021-02-13T17:20:29.342+0300][340.124s][info][gc,stats    ]      Memory: Page Cache Hit L2                                 0 / 0                 0 / 0                 0 / 0                 0 / 0           ops/s
[2021-02-13T17:20:29.342+0300][340.124s][info][gc,stats    ]      Memory: Page Cache Hit L3                                 0 / 0                 0 / 14                0 / 14                0 / 14          ops/s
[2021-02-13T17:20:29.342+0300][340.124s][info][gc,stats    ]      Memory: Page Cache Miss                                   0 / 0                 0 / 0                 0 / 0                 0 / 0           ops/s
[2021-02-13T17:20:29.342+0300][340.124s][info][gc,stats    ]      Memory: Uncommit                                          0 / 0                 0 / 0                 0 / 0                 0 / 0           MB/s
[2021-02-13T17:20:29.342+0300][340.124s][info][gc,stats    ]      Memory: Undo Object Allocation Failed                     0 / 0                 0 / 0                 0 / 0                 0 / 0           ops/s
[2021-02-13T17:20:29.342+0300][340.124s][info][gc,stats    ]      Memory: Undo Object Allocation Succeeded                  0 / 0                 0 / 1                 0 / 1                 0 / 1           ops/s
[2021-02-13T17:20:29.342+0300][340.124s][info][gc,stats    ]      Memory: Undo Page Allocation                              0 / 0                 0 / 0                 0 / 0                 0 / 0           ops/s
[2021-02-13T17:20:29.342+0300][340.125s][info][gc,stats    ]       Phase: Concurrent Mark                               0.000 / 0.000       230.999 / 356.582     230.999 / 356.582     230.999 / 356.582     ms
[2021-02-13T17:20:29.342+0300][340.125s][info][gc,stats    ]       Phase: Concurrent Mark Continue                      0.000 / 0.000         0.000 / 0.000         0.000 / 0.000         0.000 / 0.000       ms
[2021-02-13T17:20:29.342+0300][340.125s][info][gc,stats    ]       Phase: Concurrent Process Non-Strong References      0.000 / 0.000         2.512 / 3.462         2.512 / 3.462         2.512 / 3.462       ms
[2021-02-13T17:20:29.342+0300][340.125s][info][gc,stats    ]       Phase: Concurrent Relocate                           0.000 / 0.000        16.878 / 18.109       16.878 / 18.109       16.878 / 18.109      ms
[2021-02-13T17:20:29.342+0300][340.125s][info][gc,stats    ]       Phase: Concurrent Reset Relocation Set               0.000 / 0.000         0.492 / 0.741         0.492 / 0.741         0.492 / 0.741       ms
[2021-02-13T17:20:29.342+0300][340.125s][info][gc,stats    ]       Phase: Concurrent Select Relocation Set              0.000 / 0.000         6.443 / 9.944         6.443 / 9.944         6.443 / 9.944       ms
[2021-02-13T17:20:29.342+0300][340.125s][info][gc,stats    ]       Phase: Pause Mark End                                0.000 / 0.000         0.250 / 0.286         0.250 / 0.286         0.250 / 0.286       ms
[2021-02-13T17:20:29.342+0300][340.125s][info][gc,stats    ]       Phase: Pause Mark Start                              0.000 / 0.000         0.377 / 0.836         0.377 / 0.836         0.377 / 0.836       ms
[2021-02-13T17:20:29.342+0300][340.125s][info][gc,stats    ]       Phase: Pause Relocate Start                          0.000 / 0.000         0.166 / 0.175         0.166 / 0.175         0.166 / 0.175       ms
[2021-02-13T17:20:29.342+0300][340.125s][info][gc,stats    ]    Subphase: Concurrent Classes Purge                      0.000 / 0.000         0.120 / 0.137         0.120 / 0.137         0.120 / 0.137       ms
[2021-02-13T17:20:29.342+0300][340.125s][info][gc,stats    ]    Subphase: Concurrent Classes Unlink                     0.000 / 0.000         1.319 / 1.645         1.319 / 1.645         1.319 / 1.645       ms
[2021-02-13T17:20:29.342+0300][340.125s][info][gc,stats    ]    Subphase: Concurrent Mark                               0.000 / 0.000       230.700 / 356.225     230.700 / 356.225     230.700 / 356.225     ms
[2021-02-13T17:20:29.342+0300][340.125s][info][gc,stats    ]    Subphase: Concurrent Mark Idle                          0.000 / 0.000         0.000 / 0.000         0.000 / 0.000         0.000 / 0.000       ms
[2021-02-13T17:20:29.342+0300][340.125s][info][gc,stats    ]    Subphase: Concurrent Mark Try Flush                     0.000 / 0.000         0.430 / 0.804         0.430 / 0.804         0.430 / 0.804       ms
[2021-02-13T17:20:29.342+0300][340.125s][info][gc,stats    ]    Subphase: Concurrent Mark Try Terminate                 0.000 / 0.000         0.266 / 0.805         0.266 / 0.805         0.266 / 0.805       ms
[2021-02-13T17:20:29.342+0300][340.125s][info][gc,stats    ]    Subphase: Concurrent References Enqueue                 0.000 / 0.000         0.004 / 0.004         0.004 / 0.004         0.004 / 0.004       ms
[2021-02-13T17:20:29.342+0300][340.125s][info][gc,stats    ]    Subphase: Concurrent References Process                 0.000 / 0.000         0.121 / 0.143         0.121 / 0.143         0.121 / 0.143       ms
[2021-02-13T17:20:29.342+0300][340.125s][info][gc,stats    ]    Subphase: Concurrent Roots                              0.000 / 0.000         0.128 / 0.182         0.128 / 0.182         0.128 / 0.182       ms
[2021-02-13T17:20:29.342+0300][340.125s][info][gc,stats    ]    Subphase: Concurrent Roots ClassLoaderDataGraph         0.000 / 0.000         0.118 / 0.169         0.118 / 0.169         0.118 / 0.169       ms
[2021-02-13T17:20:29.342+0300][340.125s][info][gc,stats    ]    Subphase: Concurrent Roots JNIHandles                   0.000 / 0.000         0.005 / 0.007         0.005 / 0.007         0.005 / 0.007       ms
[2021-02-13T17:20:29.342+0300][340.125s][info][gc,stats    ]    Subphase: Concurrent Roots Setup                        0.000 / 0.000         0.006 / 0.007         0.006 / 0.007         0.006 / 0.007       ms
[2021-02-13T17:20:29.342+0300][340.125s][info][gc,stats    ]    Subphase: Concurrent Roots Teardown                     0.000 / 0.000         0.000 / 0.000         0.000 / 0.000         0.000 / 0.000       ms
[2021-02-13T17:20:29.342+0300][340.125s][info][gc,stats    ]    Subphase: Concurrent Roots VMHandles                    0.000 / 0.000         0.004 / 0.006         0.004 / 0.006         0.004 / 0.006       ms
[2021-02-13T17:20:29.342+0300][340.125s][info][gc,stats    ]    Subphase: Concurrent Weak Roots                         0.000 / 0.000         0.425 / 0.580         0.425 / 0.580         0.425 / 0.580       ms
[2021-02-13T17:20:29.342+0300][340.125s][info][gc,stats    ]    Subphase: Concurrent Weak Roots JNIWeakHandles          0.000 / 0.000         0.000 / 0.000         0.000 / 0.000         0.000 / 0.000       ms
[2021-02-13T17:20:29.342+0300][340.125s][info][gc,stats    ]    Subphase: Concurrent Weak Roots ResolvedMethodTable     0.000 / 0.000         0.029 / 0.042         0.029 / 0.042         0.029 / 0.042       ms
[2021-02-13T17:20:29.342+0300][340.125s][info][gc,stats    ]    Subphase: Concurrent Weak Roots StringTable             0.000 / 0.000         0.383 / 0.521         0.383 / 0.521         0.383 / 0.521       ms
[2021-02-13T17:20:29.342+0300][340.125s][info][gc,stats    ]    Subphase: Concurrent Weak Roots VMWeakHandles           0.000 / 0.000         0.012 / 0.015         0.012 / 0.015         0.012 / 0.015       ms
[2021-02-13T17:20:29.342+0300][340.125s][info][gc,stats    ]    Subphase: Pause Mark Try Complete                       0.000 / 0.000         0.032 / 0.051         0.032 / 0.051         0.032 / 0.051       ms
[2021-02-13T17:20:29.342+0300][340.125s][info][gc,stats    ]    Subphase: Pause Roots                                   0.000 / 0.000         0.083 / 0.374         0.083 / 0.374         0.083 / 0.374       ms
[2021-02-13T17:20:29.342+0300][340.125s][info][gc,stats    ]    Subphase: Pause Roots CodeCache                         0.000 / 0.000         0.000 / 0.000         0.000 / 0.000         0.000 / 0.000       ms
[2021-02-13T17:20:29.342+0300][340.125s][info][gc,stats    ]    Subphase: Pause Roots JVMTIExport                       0.000 / 0.000         0.001 / 0.003         0.001 / 0.003         0.001 / 0.003       ms
[2021-02-13T17:20:29.342+0300][340.125s][info][gc,stats    ]    Subphase: Pause Roots JVMTIWeakExport                   0.000 / 0.000         0.005 / 0.013         0.005 / 0.013         0.005 / 0.013       ms
[2021-02-13T17:20:29.342+0300][340.125s][info][gc,stats    ]    Subphase: Pause Roots Java Threads                      0.000 / 0.000         0.075 / 0.373         0.075 / 0.373         0.075 / 0.373       ms
[2021-02-13T17:20:29.342+0300][340.125s][info][gc,stats    ]    Subphase: Pause Roots Management                        0.000 / 0.000         0.007 / 0.025         0.007 / 0.025         0.007 / 0.025       ms
[2021-02-13T17:20:29.342+0300][340.125s][info][gc,stats    ]    Subphase: Pause Roots ObjectSynchronizer                0.000 / 0.000         0.000 / 0.000         0.000 / 0.000         0.000 / 0.000       ms
[2021-02-13T17:20:29.342+0300][340.125s][info][gc,stats    ]    Subphase: Pause Roots Setup                             0.000 / 0.000         0.000 / 0.001         0.000 / 0.001         0.000 / 0.001       ms
[2021-02-13T17:20:29.342+0300][340.125s][info][gc,stats    ]    Subphase: Pause Roots Teardown                          0.000 / 0.000         0.001 / 0.002         0.001 / 0.002         0.001 / 0.002       ms
[2021-02-13T17:20:29.343+0300][340.125s][info][gc,stats    ]    Subphase: Pause Roots Universe                          0.000 / 0.000         0.010 / 0.027         0.010 / 0.027         0.010 / 0.027       ms
[2021-02-13T17:20:29.343+0300][340.125s][info][gc,stats    ]    Subphase: Pause Roots VM Thread                         0.000 / 0.000         0.005 / 0.028         0.005 / 0.028         0.005 / 0.028       ms
[2021-02-13T17:20:29.343+0300][340.125s][info][gc,stats    ]    Subphase: Pause Weak Roots                              0.000 / 0.000         0.001 / 0.005         0.001 / 0.005         0.001 / 0.005       ms
[2021-02-13T17:20:29.343+0300][340.125s][info][gc,stats    ]    Subphase: Pause Weak Roots JFRWeak                      0.000 / 0.000         0.000 / 0.000         0.000 / 0.000         0.000 / 0.000       ms
[2021-02-13T17:20:29.343+0300][340.125s][info][gc,stats    ]    Subphase: Pause Weak Roots JVMTIWeakExport              0.000 / 0.000         0.002 / 0.005         0.002 / 0.005         0.002 / 0.005       ms
[2021-02-13T17:20:29.343+0300][340.125s][info][gc,stats    ]    Subphase: Pause Weak Roots Setup                        0.000 / 0.000         0.000 / 0.000         0.000 / 0.000         0.000 / 0.000       ms
[2021-02-13T17:20:29.343+0300][340.125s][info][gc,stats    ]    Subphase: Pause Weak Roots Teardown                     0.000 / 0.000         0.000 / 0.000         0.000 / 0.000         0.000 / 0.000       ms
[2021-02-13T17:20:29.343+0300][340.125s][info][gc,stats    ]      System: Java Threads                                      0 / 0                16 / 16               16 / 16               16 / 16          threads
[2021-02-13T17:20:29.343+0300][340.125s][info][gc,stats    ] =========================================================================================================================================================
[2021-02-13T17:20:39.341+0300][350.123s][info][gc,stats    ] === Garbage Collection Statistics =======================================================================================================================
[2021-02-13T17:20:39.341+0300][350.123s][info][gc,stats    ]                                                              Last 10s              Last 10m              Last 10h                Total
[2021-02-13T17:20:39.341+0300][350.123s][info][gc,stats    ]                                                              Avg / Max             Avg / Max             Avg / Max             Avg / Max
[2021-02-13T17:20:39.341+0300][350.123s][info][gc,stats    ]   Collector: Garbage Collection Cycle                      0.000 / 0.000       260.121 / 386.588     260.121 / 386.588     260.121 / 386.588     ms
[2021-02-13T17:20:39.341+0300][350.123s][info][gc,stats    ]  Contention: Mark Segment Reset Contention                     0 / 0                 0 / 0                 0 / 0                 0 / 0           ops/s
[2021-02-13T17:20:39.341+0300][350.123s][info][gc,stats    ]  Contention: Mark SeqNum Reset Contention                      0 / 0                 0 / 0                 0 / 0                 0 / 0           ops/s
[2021-02-13T17:20:39.341+0300][350.123s][info][gc,stats    ]  Contention: Relocation Contention                             0 / 0                 0 / 1                 0 / 1                 0 / 1           ops/s
[2021-02-13T17:20:39.341+0300][350.123s][info][gc,stats    ]    Critical: Allocation Stall                              0.000 / 0.000         0.000 / 0.000         0.000 / 0.000         0.000 / 0.000       ms
[2021-02-13T17:20:39.341+0300][350.123s][info][gc,stats    ]    Critical: Allocation Stall                                  0 / 0                 0 / 0                 0 / 0                 0 / 0           ops/s
[2021-02-13T17:20:39.341+0300][350.123s][info][gc,stats    ]    Critical: GC Locker Stall                               0.000 / 0.000         0.000 / 0.000         0.000 / 0.000         0.000 / 0.000       ms
[2021-02-13T17:20:39.341+0300][350.123s][info][gc,stats    ]    Critical: GC Locker Stall                                   0 / 0                 0 / 0                 0 / 0                 0 / 0           ops/s
[2021-02-13T17:20:39.341+0300][350.123s][info][gc,stats    ]      Memory: Allocation Rate                                   0 / 2                 4 / 1082              4 / 1082              4 / 1082        MB/s
[2021-02-13T17:20:39.341+0300][350.123s][info][gc,stats    ]      Memory: Heap Used After Mark                              0 / 0               215 / 312             215 / 312             215 / 312         MB
[2021-02-13T17:20:39.341+0300][350.123s][info][gc,stats    ]      Memory: Heap Used After Relocation                        0 / 0               130 / 190             130 / 190             130 / 190         MB
[2021-02-13T17:20:39.341+0300][350.123s][info][gc,stats    ]      Memory: Heap Used Before Mark                             0 / 0               215 / 312             215 / 312             215 / 312         MB
[2021-02-13T17:20:39.341+0300][350.123s][info][gc,stats    ]      Memory: Heap Used Before Relocation                       0 / 0               192 / 288             192 / 288             192 / 288         MB
[2021-02-13T17:20:39.341+0300][350.123s][info][gc,stats    ]      Memory: Out Of Memory                                     0 / 0                 0 / 0                 0 / 0                 0 / 0           ops/s
[2021-02-13T17:20:39.341+0300][350.123s][info][gc,stats    ]      Memory: Page Cache Flush                                  0 / 0                 0 / 0                 0 / 0                 0 / 0           MB/s
[2021-02-13T17:20:39.341+0300][350.123s][info][gc,stats    ]      Memory: Page Cache Hit L1                                 0 / 1                 0 / 11                0 / 11                0 / 11          ops/s
[2021-02-13T17:20:39.341+0300][350.123s][info][gc,stats    ]      Memory: Page Cache Hit L2                                 0 / 0                 0 / 0                 0 / 0                 0 / 0           ops/s
[2021-02-13T17:20:39.341+0300][350.123s][info][gc,stats    ]      Memory: Page Cache Hit L3                                 0 / 0                 0 / 14                0 / 14                0 / 14          ops/s
[2021-02-13T17:20:39.341+0300][350.123s][info][gc,stats    ]      Memory: Page Cache Miss                                   0 / 0                 0 / 0                 0 / 0                 0 / 0           ops/s
[2021-02-13T17:20:39.341+0300][350.123s][info][gc,stats    ]      Memory: Uncommit                                          0 / 0                 0 / 0                 0 / 0                 0 / 0           MB/s
[2021-02-13T17:20:39.341+0300][350.123s][info][gc,stats    ]      Memory: Undo Object Allocation Failed                     0 / 0                 0 / 0                 0 / 0                 0 / 0           ops/s
[2021-02-13T17:20:39.341+0300][350.123s][info][gc,stats    ]      Memory: Undo Object Allocation Succeeded                  0 / 0                 0 / 1                 0 / 1                 0 / 1           ops/s
[2021-02-13T17:20:39.341+0300][350.123s][info][gc,stats    ]      Memory: Undo Page Allocation                              0 / 0                 0 / 0                 0 / 0                 0 / 0           ops/s
[2021-02-13T17:20:39.341+0300][350.123s][info][gc,stats    ]       Phase: Concurrent Mark                               0.000 / 0.000       230.999 / 356.582     230.999 / 356.582     230.999 / 356.582     ms
[2021-02-13T17:20:39.341+0300][350.124s][info][gc,stats    ]       Phase: Concurrent Mark Continue                      0.000 / 0.000         0.000 / 0.000         0.000 / 0.000         0.000 / 0.000       ms
[2021-02-13T17:20:39.341+0300][350.124s][info][gc,stats    ]       Phase: Concurrent Process Non-Strong References      0.000 / 0.000         2.512 / 3.462         2.512 / 3.462         2.512 / 3.462       ms
[2021-02-13T17:20:39.341+0300][350.124s][info][gc,stats    ]       Phase: Concurrent Relocate                           0.000 / 0.000        16.878 / 18.109       16.878 / 18.109       16.878 / 18.109      ms
[2021-02-13T17:20:39.341+0300][350.124s][info][gc,stats    ]       Phase: Concurrent Reset Relocation Set               0.000 / 0.000         0.492 / 0.741         0.492 / 0.741         0.492 / 0.741       ms
[2021-02-13T17:20:39.341+0300][350.124s][info][gc,stats    ]       Phase: Concurrent Select Relocation Set              0.000 / 0.000         6.443 / 9.944         6.443 / 9.944         6.443 / 9.944       ms
[2021-02-13T17:20:39.341+0300][350.124s][info][gc,stats    ]       Phase: Pause Mark End                                0.000 / 0.000         0.250 / 0.286         0.250 / 0.286         0.250 / 0.286       ms
[2021-02-13T17:20:39.341+0300][350.124s][info][gc,stats    ]       Phase: Pause Mark Start                              0.000 / 0.000         0.377 / 0.836         0.377 / 0.836         0.377 / 0.836       ms
[2021-02-13T17:20:39.341+0300][350.124s][info][gc,stats    ]       Phase: Pause Relocate Start                          0.000 / 0.000         0.166 / 0.175         0.166 / 0.175         0.166 / 0.175       ms
[2021-02-13T17:20:39.341+0300][350.124s][info][gc,stats    ]    Subphase: Concurrent Classes Purge                      0.000 / 0.000         0.120 / 0.137         0.120 / 0.137         0.120 / 0.137       ms
[2021-02-13T17:20:39.341+0300][350.124s][info][gc,stats    ]    Subphase: Concurrent Classes Unlink                     0.000 / 0.000         1.319 / 1.645         1.319 / 1.645         1.319 / 1.645       ms
[2021-02-13T17:20:39.341+0300][350.124s][info][gc,stats    ]    Subphase: Concurrent Mark                               0.000 / 0.000       230.700 / 356.225     230.700 / 356.225     230.700 / 356.225     ms
[2021-02-13T17:20:39.341+0300][350.124s][info][gc,stats    ]    Subphase: Concurrent Mark Idle                          0.000 / 0.000         0.000 / 0.000         0.000 / 0.000         0.000 / 0.000       ms
[2021-02-13T17:20:39.341+0300][350.124s][info][gc,stats    ]    Subphase: Concurrent Mark Try Flush                     0.000 / 0.000         0.430 / 0.804         0.430 / 0.804         0.430 / 0.804       ms
[2021-02-13T17:20:39.341+0300][350.124s][info][gc,stats    ]    Subphase: Concurrent Mark Try Terminate                 0.000 / 0.000         0.266 / 0.805         0.266 / 0.805         0.266 / 0.805       ms
[2021-02-13T17:20:39.341+0300][350.124s][info][gc,stats    ]    Subphase: Concurrent References Enqueue                 0.000 / 0.000         0.004 / 0.004         0.004 / 0.004         0.004 / 0.004       ms
[2021-02-13T17:20:39.341+0300][350.124s][info][gc,stats    ]    Subphase: Concurrent References Process                 0.000 / 0.000         0.121 / 0.143         0.121 / 0.143         0.121 / 0.143       ms
[2021-02-13T17:20:39.341+0300][350.124s][info][gc,stats    ]    Subphase: Concurrent Roots                              0.000 / 0.000         0.128 / 0.182         0.128 / 0.182         0.128 / 0.182       ms
[2021-02-13T17:20:39.341+0300][350.124s][info][gc,stats    ]    Subphase: Concurrent Roots ClassLoaderDataGraph         0.000 / 0.000         0.118 / 0.169         0.118 / 0.169         0.118 / 0.169       ms
[2021-02-13T17:20:39.341+0300][350.124s][info][gc,stats    ]    Subphase: Concurrent Roots JNIHandles                   0.000 / 0.000         0.005 / 0.007         0.005 / 0.007         0.005 / 0.007       ms
[2021-02-13T17:20:39.341+0300][350.124s][info][gc,stats    ]    Subphase: Concurrent Roots Setup                        0.000 / 0.000         0.006 / 0.007         0.006 / 0.007         0.006 / 0.007       ms
[2021-02-13T17:20:39.341+0300][350.124s][info][gc,stats    ]    Subphase: Concurrent Roots Teardown                     0.000 / 0.000         0.000 / 0.000         0.000 / 0.000         0.000 / 0.000       ms
[2021-02-13T17:20:39.341+0300][350.124s][info][gc,stats    ]    Subphase: Concurrent Roots VMHandles                    0.000 / 0.000         0.004 / 0.006         0.004 / 0.006         0.004 / 0.006       ms
[2021-02-13T17:20:39.341+0300][350.124s][info][gc,stats    ]    Subphase: Concurrent Weak Roots                         0.000 / 0.000         0.425 / 0.580         0.425 / 0.580         0.425 / 0.580       ms
[2021-02-13T17:20:39.341+0300][350.124s][info][gc,stats    ]    Subphase: Concurrent Weak Roots JNIWeakHandles          0.000 / 0.000         0.000 / 0.000         0.000 / 0.000         0.000 / 0.000       ms
[2021-02-13T17:20:39.341+0300][350.124s][info][gc,stats    ]    Subphase: Concurrent Weak Roots ResolvedMethodTable     0.000 / 0.000         0.029 / 0.042         0.029 / 0.042         0.029 / 0.042       ms
[2021-02-13T17:20:39.341+0300][350.124s][info][gc,stats    ]    Subphase: Concurrent Weak Roots StringTable             0.000 / 0.000         0.383 / 0.521         0.383 / 0.521         0.383 / 0.521       ms
[2021-02-13T17:20:39.341+0300][350.124s][info][gc,stats    ]    Subphase: Concurrent Weak Roots VMWeakHandles           0.000 / 0.000         0.012 / 0.015         0.012 / 0.015         0.012 / 0.015       ms
[2021-02-13T17:20:39.341+0300][350.124s][info][gc,stats    ]    Subphase: Pause Mark Try Complete                       0.000 / 0.000         0.032 / 0.051         0.032 / 0.051         0.032 / 0.051       ms
[2021-02-13T17:20:39.341+0300][350.124s][info][gc,stats    ]    Subphase: Pause Roots                                   0.000 / 0.000         0.083 / 0.374         0.083 / 0.374         0.083 / 0.374       ms
[2021-02-13T17:20:39.341+0300][350.124s][info][gc,stats    ]    Subphase: Pause Roots CodeCache                         0.000 / 0.000         0.000 / 0.000         0.000 / 0.000         0.000 / 0.000       ms
[2021-02-13T17:20:39.341+0300][350.124s][info][gc,stats    ]    Subphase: Pause Roots JVMTIExport                       0.000 / 0.000         0.001 / 0.003         0.001 / 0.003         0.001 / 0.003       ms
[2021-02-13T17:20:39.341+0300][350.124s][info][gc,stats    ]    Subphase: Pause Roots JVMTIWeakExport                   0.000 / 0.000         0.005 / 0.013         0.005 / 0.013         0.005 / 0.013       ms
[2021-02-13T17:20:39.341+0300][350.124s][info][gc,stats    ]    Subphase: Pause Roots Java Threads                      0.000 / 0.000         0.075 / 0.373         0.075 / 0.373         0.075 / 0.373       ms
[2021-02-13T17:20:39.341+0300][350.124s][info][gc,stats    ]    Subphase: Pause Roots Management                        0.000 / 0.000         0.007 / 0.025         0.007 / 0.025         0.007 / 0.025       ms
[2021-02-13T17:20:39.341+0300][350.124s][info][gc,stats    ]    Subphase: Pause Roots ObjectSynchronizer                0.000 / 0.000         0.000 / 0.000         0.000 / 0.000         0.000 / 0.000       ms
[2021-02-13T17:20:39.341+0300][350.124s][info][gc,stats    ]    Subphase: Pause Roots Setup                             0.000 / 0.000         0.000 / 0.001         0.000 / 0.001         0.000 / 0.001       ms
[2021-02-13T17:20:39.341+0300][350.124s][info][gc,stats    ]    Subphase: Pause Roots Teardown                          0.000 / 0.000         0.001 / 0.002         0.001 / 0.002         0.001 / 0.002       ms
[2021-02-13T17:20:39.341+0300][350.124s][info][gc,stats    ]    Subphase: Pause Roots Universe                          0.000 / 0.000         0.010 / 0.027         0.010 / 0.027         0.010 / 0.027       ms
[2021-02-13T17:20:39.341+0300][350.124s][info][gc,stats    ]    Subphase: Pause Roots VM Thread                         0.000 / 0.000         0.005 / 0.028         0.005 / 0.028         0.005 / 0.028       ms
[2021-02-13T17:20:39.341+0300][350.124s][info][gc,stats    ]    Subphase: Pause Weak Roots                              0.000 / 0.000         0.001 / 0.005         0.001 / 0.005         0.001 / 0.005       ms
[2021-02-13T17:20:39.341+0300][350.124s][info][gc,stats    ]    Subphase: Pause Weak Roots JFRWeak                      0.000 / 0.000         0.000 / 0.000         0.000 / 0.000         0.000 / 0.000       ms
[2021-02-13T17:20:39.341+0300][350.124s][info][gc,stats    ]    Subphase: Pause Weak Roots JVMTIWeakExport              0.000 / 0.000         0.002 / 0.005         0.002 / 0.005         0.002 / 0.005       ms
[2021-02-13T17:20:39.341+0300][350.124s][info][gc,stats    ]    Subphase: Pause Weak Roots Setup                        0.000 / 0.000         0.000 / 0.000         0.000 / 0.000         0.000 / 0.000       ms
[2021-02-13T17:20:39.341+0300][350.124s][info][gc,stats    ]    Subphase: Pause Weak Roots Teardown                     0.000 / 0.000         0.000 / 0.000         0.000 / 0.000         0.000 / 0.000       ms
[2021-02-13T17:20:39.341+0300][350.124s][info][gc,stats    ]      System: Java Threads                                      0 / 0                16 / 16               16 / 16               16 / 16          threads
[2021-02-13T17:20:39.341+0300][350.124s][info][gc,stats    ] =========================================================================================================================================================
[2021-02-13T17:20:49.342+0300][360.124s][info][gc,stats    ] === Garbage Collection Statistics =======================================================================================================================
[2021-02-13T17:20:49.342+0300][360.124s][info][gc,stats    ]                                                              Last 10s              Last 10m              Last 10h                Total
[2021-02-13T17:20:49.342+0300][360.124s][info][gc,stats    ]                                                              Avg / Max             Avg / Max             Avg / Max             Avg / Max
[2021-02-13T17:20:49.342+0300][360.124s][info][gc,stats    ]   Collector: Garbage Collection Cycle                      0.000 / 0.000       260.121 / 386.588     260.121 / 386.588     260.121 / 386.588     ms
[2021-02-13T17:20:49.342+0300][360.124s][info][gc,stats    ]  Contention: Mark Segment Reset Contention                     0 / 0                 0 / 0                 0 / 0                 0 / 0           ops/s
[2021-02-13T17:20:49.342+0300][360.124s][info][gc,stats    ]  Contention: Mark SeqNum Reset Contention                      0 / 0                 0 / 0                 0 / 0                 0 / 0           ops/s
[2021-02-13T17:20:49.342+0300][360.124s][info][gc,stats    ]  Contention: Relocation Contention                             0 / 0                 0 / 1                 0 / 1                 0 / 1           ops/s
[2021-02-13T17:20:49.342+0300][360.124s][info][gc,stats    ]    Critical: Allocation Stall                              0.000 / 0.000         0.000 / 0.000         0.000 / 0.000         0.000 / 0.000       ms
[2021-02-13T17:20:49.342+0300][360.124s][info][gc,stats    ]    Critical: Allocation Stall                                  0 / 0                 0 / 0                 0 / 0                 0 / 0           ops/s
[2021-02-13T17:20:49.342+0300][360.124s][info][gc,stats    ]    Critical: GC Locker Stall                               0.000 / 0.000         0.000 / 0.000         0.000 / 0.000         0.000 / 0.000       ms
[2021-02-13T17:20:49.342+0300][360.124s][info][gc,stats    ]    Critical: GC Locker Stall                                   0 / 0                 0 / 0                 0 / 0                 0 / 0           ops/s
[2021-02-13T17:20:49.342+0300][360.124s][info][gc,stats    ]      Memory: Allocation Rate                                   0 / 0                 4 / 1082              4 / 1082              4 / 1082        MB/s
[2021-02-13T17:20:49.342+0300][360.124s][info][gc,stats    ]      Memory: Heap Used After Mark                              0 / 0               215 / 312             215 / 312             215 / 312         MB
[2021-02-13T17:20:49.342+0300][360.124s][info][gc,stats    ]      Memory: Heap Used After Relocation                        0 / 0               130 / 190             130 / 190             130 / 190         MB
[2021-02-13T17:20:49.342+0300][360.124s][info][gc,stats    ]      Memory: Heap Used Before Mark                             0 / 0               215 / 312             215 / 312             215 / 312         MB
[2021-02-13T17:20:49.342+0300][360.124s][info][gc,stats    ]      Memory: Heap Used Before Relocation                       0 / 0               192 / 288             192 / 288             192 / 288         MB
[2021-02-13T17:20:49.342+0300][360.124s][info][gc,stats    ]      Memory: Out Of Memory                                     0 / 0                 0 / 0                 0 / 0                 0 / 0           ops/s
[2021-02-13T17:20:49.342+0300][360.124s][info][gc,stats    ]      Memory: Page Cache Flush                                  0 / 0                 0 / 0                 0 / 0                 0 / 0           MB/s
[2021-02-13T17:20:49.342+0300][360.124s][info][gc,stats    ]      Memory: Page Cache Hit L1                                 0 / 0                 0 / 11                0 / 11                0 / 11          ops/s
[2021-02-13T17:20:49.342+0300][360.124s][info][gc,stats    ]      Memory: Page Cache Hit L2                                 0 / 0                 0 / 0                 0 / 0                 0 / 0           ops/s
[2021-02-13T17:20:49.342+0300][360.124s][info][gc,stats    ]      Memory: Page Cache Hit L3                                 0 / 0                 0 / 14                0 / 14                0 / 14          ops/s
[2021-02-13T17:20:49.342+0300][360.124s][info][gc,stats    ]      Memory: Page Cache Miss                                   0 / 0                 0 / 0                 0 / 0                 0 / 0           ops/s
[2021-02-13T17:20:49.342+0300][360.124s][info][gc,stats    ]      Memory: Uncommit                                          0 / 0                 0 / 0                 0 / 0                 0 / 0           MB/s
[2021-02-13T17:20:49.342+0300][360.124s][info][gc,stats    ]      Memory: Undo Object Allocation Failed                     0 / 0                 0 / 0                 0 / 0                 0 / 0           ops/s
[2021-02-13T17:20:49.342+0300][360.124s][info][gc,stats    ]      Memory: Undo Object Allocation Succeeded                  0 / 0                 0 / 1                 0 / 1                 0 / 1           ops/s
[2021-02-13T17:20:49.342+0300][360.124s][info][gc,stats    ]      Memory: Undo Page Allocation                              0 / 0                 0 / 0                 0 / 0                 0 / 0           ops/s
[2021-02-13T17:20:49.342+0300][360.124s][info][gc,stats    ]       Phase: Concurrent Mark                               0.000 / 0.000       230.999 / 356.582     230.999 / 356.582     230.999 / 356.582     ms
[2021-02-13T17:20:49.342+0300][360.125s][info][gc,stats    ]       Phase: Concurrent Mark Continue                      0.000 / 0.000         0.000 / 0.000         0.000 / 0.000         0.000 / 0.000       ms
[2021-02-13T17:20:49.342+0300][360.125s][info][gc,stats    ]       Phase: Concurrent Process Non-Strong References      0.000 / 0.000         2.512 / 3.462         2.512 / 3.462         2.512 / 3.462       ms
[2021-02-13T17:20:49.342+0300][360.125s][info][gc,stats    ]       Phase: Concurrent Relocate                           0.000 / 0.000        16.878 / 18.109       16.878 / 18.109       16.878 / 18.109      ms
[2021-02-13T17:20:49.342+0300][360.125s][info][gc,stats    ]       Phase: Concurrent Reset Relocation Set               0.000 / 0.000         0.492 / 0.741         0.492 / 0.741         0.492 / 0.741       ms
[2021-02-13T17:20:49.342+0300][360.125s][info][gc,stats    ]       Phase: Concurrent Select Relocation Set              0.000 / 0.000         6.443 / 9.944         6.443 / 9.944         6.443 / 9.944       ms
[2021-02-13T17:20:49.342+0300][360.125s][info][gc,stats    ]       Phase: Pause Mark End                                0.000 / 0.000         0.250 / 0.286         0.250 / 0.286         0.250 / 0.286       ms
[2021-02-13T17:20:49.342+0300][360.125s][info][gc,stats    ]       Phase: Pause Mark Start                              0.000 / 0.000         0.377 / 0.836         0.377 / 0.836         0.377 / 0.836       ms
[2021-02-13T17:20:49.342+0300][360.125s][info][gc,stats    ]       Phase: Pause Relocate Start                          0.000 / 0.000         0.166 / 0.175         0.166 / 0.175         0.166 / 0.175       ms
[2021-02-13T17:20:49.342+0300][360.125s][info][gc,stats    ]    Subphase: Concurrent Classes Purge                      0.000 / 0.000         0.120 / 0.137         0.120 / 0.137         0.120 / 0.137       ms
[2021-02-13T17:20:49.342+0300][360.125s][info][gc,stats    ]    Subphase: Concurrent Classes Unlink                     0.000 / 0.000         1.319 / 1.645         1.319 / 1.645         1.319 / 1.645       ms
[2021-02-13T17:20:49.342+0300][360.125s][info][gc,stats    ]    Subphase: Concurrent Mark                               0.000 / 0.000       230.700 / 356.225     230.700 / 356.225     230.700 / 356.225     ms
[2021-02-13T17:20:49.342+0300][360.125s][info][gc,stats    ]    Subphase: Concurrent Mark Idle                          0.000 / 0.000         0.000 / 0.000         0.000 / 0.000         0.000 / 0.000       ms
[2021-02-13T17:20:49.342+0300][360.125s][info][gc,stats    ]    Subphase: Concurrent Mark Try Flush                     0.000 / 0.000         0.430 / 0.804         0.430 / 0.804         0.430 / 0.804       ms
[2021-02-13T17:20:49.342+0300][360.125s][info][gc,stats    ]    Subphase: Concurrent Mark Try Terminate                 0.000 / 0.000         0.266 / 0.805         0.266 / 0.805         0.266 / 0.805       ms
[2021-02-13T17:20:49.342+0300][360.125s][info][gc,stats    ]    Subphase: Concurrent References Enqueue                 0.000 / 0.000         0.004 / 0.004         0.004 / 0.004         0.004 / 0.004       ms
[2021-02-13T17:20:49.342+0300][360.125s][info][gc,stats    ]    Subphase: Concurrent References Process                 0.000 / 0.000         0.121 / 0.143         0.121 / 0.143         0.121 / 0.143       ms
[2021-02-13T17:20:49.342+0300][360.125s][info][gc,stats    ]    Subphase: Concurrent Roots                              0.000 / 0.000         0.128 / 0.182         0.128 / 0.182         0.128 / 0.182       ms
[2021-02-13T17:20:49.342+0300][360.125s][info][gc,stats    ]    Subphase: Concurrent Roots ClassLoaderDataGraph         0.000 / 0.000         0.118 / 0.169         0.118 / 0.169         0.118 / 0.169       ms
[2021-02-13T17:20:49.342+0300][360.125s][info][gc,stats    ]    Subphase: Concurrent Roots JNIHandles                   0.000 / 0.000         0.005 / 0.007         0.005 / 0.007         0.005 / 0.007       ms
[2021-02-13T17:20:49.342+0300][360.125s][info][gc,stats    ]    Subphase: Concurrent Roots Setup                        0.000 / 0.000         0.006 / 0.007         0.006 / 0.007         0.006 / 0.007       ms
[2021-02-13T17:20:49.342+0300][360.125s][info][gc,stats    ]    Subphase: Concurrent Roots Teardown                     0.000 / 0.000         0.000 / 0.000         0.000 / 0.000         0.000 / 0.000       ms
[2021-02-13T17:20:49.342+0300][360.125s][info][gc,stats    ]    Subphase: Concurrent Roots VMHandles                    0.000 / 0.000         0.004 / 0.006         0.004 / 0.006         0.004 / 0.006       ms
[2021-02-13T17:20:49.342+0300][360.125s][info][gc,stats    ]    Subphase: Concurrent Weak Roots                         0.000 / 0.000         0.425 / 0.580         0.425 / 0.580         0.425 / 0.580       ms
[2021-02-13T17:20:49.342+0300][360.125s][info][gc,stats    ]    Subphase: Concurrent Weak Roots JNIWeakHandles          0.000 / 0.000         0.000 / 0.000         0.000 / 0.000         0.000 / 0.000       ms
[2021-02-13T17:20:49.342+0300][360.125s][info][gc,stats    ]    Subphase: Concurrent Weak Roots ResolvedMethodTable     0.000 / 0.000         0.029 / 0.042         0.029 / 0.042         0.029 / 0.042       ms
[2021-02-13T17:20:49.342+0300][360.125s][info][gc,stats    ]    Subphase: Concurrent Weak Roots StringTable             0.000 / 0.000         0.383 / 0.521         0.383 / 0.521         0.383 / 0.521       ms
[2021-02-13T17:20:49.342+0300][360.125s][info][gc,stats    ]    Subphase: Concurrent Weak Roots VMWeakHandles           0.000 / 0.000         0.012 / 0.015         0.012 / 0.015         0.012 / 0.015       ms
[2021-02-13T17:20:49.342+0300][360.125s][info][gc,stats    ]    Subphase: Pause Mark Try Complete                       0.000 / 0.000         0.032 / 0.051         0.032 / 0.051         0.032 / 0.051       ms
[2021-02-13T17:20:49.342+0300][360.125s][info][gc,stats    ]    Subphase: Pause Roots                                   0.000 / 0.000         0.083 / 0.374         0.083 / 0.374         0.083 / 0.374       ms
[2021-02-13T17:20:49.342+0300][360.125s][info][gc,stats    ]    Subphase: Pause Roots CodeCache                         0.000 / 0.000         0.000 / 0.000         0.000 / 0.000         0.000 / 0.000       ms
[2021-02-13T17:20:49.342+0300][360.125s][info][gc,stats    ]    Subphase: Pause Roots JVMTIExport                       0.000 / 0.000         0.001 / 0.003         0.001 / 0.003         0.001 / 0.003       ms
[2021-02-13T17:20:49.342+0300][360.125s][info][gc,stats    ]    Subphase: Pause Roots JVMTIWeakExport                   0.000 / 0.000         0.005 / 0.013         0.005 / 0.013         0.005 / 0.013       ms
[2021-02-13T17:20:49.342+0300][360.125s][info][gc,stats    ]    Subphase: Pause Roots Java Threads                      0.000 / 0.000         0.075 / 0.373         0.075 / 0.373         0.075 / 0.373       ms
[2021-02-13T17:20:49.342+0300][360.125s][info][gc,stats    ]    Subphase: Pause Roots Management                        0.000 / 0.000         0.007 / 0.025         0.007 / 0.025         0.007 / 0.025       ms
[2021-02-13T17:20:49.342+0300][360.125s][info][gc,stats    ]    Subphase: Pause Roots ObjectSynchronizer                0.000 / 0.000         0.000 / 0.000         0.000 / 0.000         0.000 / 0.000       ms
[2021-02-13T17:20:49.342+0300][360.125s][info][gc,stats    ]    Subphase: Pause Roots Setup                             0.000 / 0.000         0.000 / 0.001         0.000 / 0.001         0.000 / 0.001       ms
[2021-02-13T17:20:49.342+0300][360.125s][info][gc,stats    ]    Subphase: Pause Roots Teardown                          0.000 / 0.000         0.001 / 0.002         0.001 / 0.002         0.001 / 0.002       ms
[2021-02-13T17:20:49.342+0300][360.125s][info][gc,stats    ]    Subphase: Pause Roots Universe                          0.000 / 0.000         0.010 / 0.027         0.010 / 0.027         0.010 / 0.027       ms
[2021-02-13T17:20:49.342+0300][360.125s][info][gc,stats    ]    Subphase: Pause Roots VM Thread                         0.000 / 0.000         0.005 / 0.028         0.005 / 0.028         0.005 / 0.028       ms
[2021-02-13T17:20:49.342+0300][360.125s][info][gc,stats    ]    Subphase: Pause Weak Roots                              0.000 / 0.000         0.001 / 0.005         0.001 / 0.005         0.001 / 0.005       ms
[2021-02-13T17:20:49.342+0300][360.125s][info][gc,stats    ]    Subphase: Pause Weak Roots JFRWeak                      0.000 / 0.000         0.000 / 0.000         0.000 / 0.000         0.000 / 0.000       ms
[2021-02-13T17:20:49.342+0300][360.125s][info][gc,stats    ]    Subphase: Pause Weak Roots JVMTIWeakExport              0.000 / 0.000         0.002 / 0.005         0.002 / 0.005         0.002 / 0.005       ms
[2021-02-13T17:20:49.342+0300][360.125s][info][gc,stats    ]    Subphase: Pause Weak Roots Setup                        0.000 / 0.000         0.000 / 0.000         0.000 / 0.000         0.000 / 0.000       ms
[2021-02-13T17:20:49.343+0300][360.125s][info][gc,stats    ]    Subphase: Pause Weak Roots Teardown                     0.000 / 0.000         0.000 / 0.000         0.000 / 0.000         0.000 / 0.000       ms
[2021-02-13T17:20:49.343+0300][360.125s][info][gc,stats    ]      System: Java Threads                                      0 / 0                16 / 16               16 / 16               16 / 16          threads
[2021-02-13T17:20:49.343+0300][360.125s][info][gc,stats    ] =========================================================================================================================================================
[2021-02-13T17:20:59.349+0300][370.131s][info][gc,stats    ] === Garbage Collection Statistics =======================================================================================================================
[2021-02-13T17:20:59.349+0300][370.131s][info][gc,stats    ]                                                              Last 10s              Last 10m              Last 10h                Total
[2021-02-13T17:20:59.349+0300][370.131s][info][gc,stats    ]                                                              Avg / Max             Avg / Max             Avg / Max             Avg / Max
[2021-02-13T17:20:59.349+0300][370.131s][info][gc,stats    ]   Collector: Garbage Collection Cycle                      0.000 / 0.000       260.121 / 386.588     260.121 / 386.588     260.121 / 386.588     ms
[2021-02-13T17:20:59.349+0300][370.131s][info][gc,stats    ]  Contention: Mark Segment Reset Contention                     0 / 0                 0 / 0                 0 / 0                 0 / 0           ops/s
[2021-02-13T17:20:59.349+0300][370.131s][info][gc,stats    ]  Contention: Mark SeqNum Reset Contention                      0 / 0                 0 / 0                 0 / 0                 0 / 0           ops/s
[2021-02-13T17:20:59.349+0300][370.131s][info][gc,stats    ]  Contention: Relocation Contention                             0 / 0                 0 / 1                 0 / 1                 0 / 1           ops/s
[2021-02-13T17:20:59.349+0300][370.131s][info][gc,stats    ]    Critical: Allocation Stall                              0.000 / 0.000         0.000 / 0.000         0.000 / 0.000         0.000 / 0.000       ms
[2021-02-13T17:20:59.349+0300][370.131s][info][gc,stats    ]    Critical: Allocation Stall                                  0 / 0                 0 / 0                 0 / 0                 0 / 0           ops/s
[2021-02-13T17:20:59.349+0300][370.131s][info][gc,stats    ]    Critical: GC Locker Stall                               0.000 / 0.000         0.000 / 0.000         0.000 / 0.000         0.000 / 0.000       ms
[2021-02-13T17:20:59.349+0300][370.131s][info][gc,stats    ]    Critical: GC Locker Stall                                   0 / 0                 0 / 0                 0 / 0                 0 / 0           ops/s
[2021-02-13T17:20:59.349+0300][370.131s][info][gc,stats    ]      Memory: Allocation Rate                                   2 / 18                4 / 1082              4 / 1082              4 / 1082        MB/s
[2021-02-13T17:20:59.349+0300][370.131s][info][gc,stats    ]      Memory: Heap Used After Mark                              0 / 0               215 / 312             215 / 312             215 / 312         MB
[2021-02-13T17:20:59.349+0300][370.131s][info][gc,stats    ]      Memory: Heap Used After Relocation                        0 / 0               130 / 190             130 / 190             130 / 190         MB
[2021-02-13T17:20:59.349+0300][370.131s][info][gc,stats    ]      Memory: Heap Used Before Mark                             0 / 0               215 / 312             215 / 312             215 / 312         MB
[2021-02-13T17:20:59.349+0300][370.131s][info][gc,stats    ]      Memory: Heap Used Before Relocation                       0 / 0               192 / 288             192 / 288             192 / 288         MB
[2021-02-13T17:20:59.349+0300][370.131s][info][gc,stats    ]      Memory: Out Of Memory                                     0 / 0                 0 / 0                 0 / 0                 0 / 0           ops/s
[2021-02-13T17:20:59.349+0300][370.131s][info][gc,stats    ]      Memory: Page Cache Flush                                  0 / 0                 0 / 0                 0 / 0                 0 / 0           MB/s
[2021-02-13T17:20:59.349+0300][370.131s][info][gc,stats    ]      Memory: Page Cache Hit L1                                 1 / 9                 0 / 11                0 / 11                0 / 11          ops/s
[2021-02-13T17:20:59.349+0300][370.131s][info][gc,stats    ]      Memory: Page Cache Hit L2                                 0 / 0                 0 / 0                 0 / 0                 0 / 0           ops/s
[2021-02-13T17:20:59.349+0300][370.131s][info][gc,stats    ]      Memory: Page Cache Hit L3                                 0 / 0                 0 / 14                0 / 14                0 / 14          ops/s
[2021-02-13T17:20:59.349+0300][370.131s][info][gc,stats    ]      Memory: Page Cache Miss                                   0 / 0                 0 / 0                 0 / 0                 0 / 0           ops/s
[2021-02-13T17:20:59.349+0300][370.131s][info][gc,stats    ]      Memory: Uncommit                                          0 / 0                 0 / 0                 0 / 0                 0 / 0           MB/s
[2021-02-13T17:20:59.349+0300][370.131s][info][gc,stats    ]      Memory: Undo Object Allocation Failed                     0 / 0                 0 / 0                 0 / 0                 0 / 0           ops/s
[2021-02-13T17:20:59.349+0300][370.131s][info][gc,stats    ]      Memory: Undo Object Allocation Succeeded                  0 / 0                 0 / 1                 0 / 1                 0 / 1           ops/s
[2021-02-13T17:20:59.349+0300][370.131s][info][gc,stats    ]      Memory: Undo Page Allocation                              0 / 0                 0 / 0                 0 / 0                 0 / 0           ops/s
[2021-02-13T17:20:59.349+0300][370.132s][info][gc,stats    ]       Phase: Concurrent Mark                               0.000 / 0.000       230.999 / 356.582     230.999 / 356.582     230.999 / 356.582     ms
[2021-02-13T17:20:59.349+0300][370.132s][info][gc,stats    ]       Phase: Concurrent Mark Continue                      0.000 / 0.000         0.000 / 0.000         0.000 / 0.000         0.000 / 0.000       ms
[2021-02-13T17:20:59.349+0300][370.132s][info][gc,stats    ]       Phase: Concurrent Process Non-Strong References      0.000 / 0.000         2.512 / 3.462         2.512 / 3.462         2.512 / 3.462       ms
[2021-02-13T17:20:59.349+0300][370.132s][info][gc,stats    ]       Phase: Concurrent Relocate                           0.000 / 0.000        16.878 / 18.109       16.878 / 18.109       16.878 / 18.109      ms
[2021-02-13T17:20:59.349+0300][370.132s][info][gc,stats    ]       Phase: Concurrent Reset Relocation Set               0.000 / 0.000         0.492 / 0.741         0.492 / 0.741         0.492 / 0.741       ms
[2021-02-13T17:20:59.349+0300][370.132s][info][gc,stats    ]       Phase: Concurrent Select Relocation Set              0.000 / 0.000         6.443 / 9.944         6.443 / 9.944         6.443 / 9.944       ms
[2021-02-13T17:20:59.349+0300][370.132s][info][gc,stats    ]       Phase: Pause Mark End                                0.000 / 0.000         0.250 / 0.286         0.250 / 0.286         0.250 / 0.286       ms
[2021-02-13T17:20:59.349+0300][370.132s][info][gc,stats    ]       Phase: Pause Mark Start                              0.000 / 0.000         0.377 / 0.836         0.377 / 0.836         0.377 / 0.836       ms
[2021-02-13T17:20:59.349+0300][370.132s][info][gc,stats    ]       Phase: Pause Relocate Start                          0.000 / 0.000         0.166 / 0.175         0.166 / 0.175         0.166 / 0.175       ms
[2021-02-13T17:20:59.349+0300][370.132s][info][gc,stats    ]    Subphase: Concurrent Classes Purge                      0.000 / 0.000         0.120 / 0.137         0.120 / 0.137         0.120 / 0.137       ms
[2021-02-13T17:20:59.349+0300][370.132s][info][gc,stats    ]    Subphase: Concurrent Classes Unlink                     0.000 / 0.000         1.319 / 1.645         1.319 / 1.645         1.319 / 1.645       ms
[2021-02-13T17:20:59.349+0300][370.132s][info][gc,stats    ]    Subphase: Concurrent Mark                               0.000 / 0.000       230.700 / 356.225     230.700 / 356.225     230.700 / 356.225     ms
[2021-02-13T17:20:59.349+0300][370.132s][info][gc,stats    ]    Subphase: Concurrent Mark Idle                          0.000 / 0.000         0.000 / 0.000         0.000 / 0.000         0.000 / 0.000       ms
[2021-02-13T17:20:59.349+0300][370.132s][info][gc,stats    ]    Subphase: Concurrent Mark Try Flush                     0.000 / 0.000         0.430 / 0.804         0.430 / 0.804         0.430 / 0.804       ms
[2021-02-13T17:20:59.349+0300][370.132s][info][gc,stats    ]    Subphase: Concurrent Mark Try Terminate                 0.000 / 0.000         0.266 / 0.805         0.266 / 0.805         0.266 / 0.805       ms
[2021-02-13T17:20:59.349+0300][370.132s][info][gc,stats    ]    Subphase: Concurrent References Enqueue                 0.000 / 0.000         0.004 / 0.004         0.004 / 0.004         0.004 / 0.004       ms
[2021-02-13T17:20:59.349+0300][370.132s][info][gc,stats    ]    Subphase: Concurrent References Process                 0.000 / 0.000         0.121 / 0.143         0.121 / 0.143         0.121 / 0.143       ms
[2021-02-13T17:20:59.349+0300][370.132s][info][gc,stats    ]    Subphase: Concurrent Roots                              0.000 / 0.000         0.128 / 0.182         0.128 / 0.182         0.128 / 0.182       ms
[2021-02-13T17:20:59.349+0300][370.132s][info][gc,stats    ]    Subphase: Concurrent Roots ClassLoaderDataGraph         0.000 / 0.000         0.118 / 0.169         0.118 / 0.169         0.118 / 0.169       ms
[2021-02-13T17:20:59.349+0300][370.132s][info][gc,stats    ]    Subphase: Concurrent Roots JNIHandles                   0.000 / 0.000         0.005 / 0.007         0.005 / 0.007         0.005 / 0.007       ms
[2021-02-13T17:20:59.349+0300][370.132s][info][gc,stats    ]    Subphase: Concurrent Roots Setup                        0.000 / 0.000         0.006 / 0.007         0.006 / 0.007         0.006 / 0.007       ms
[2021-02-13T17:20:59.349+0300][370.132s][info][gc,stats    ]    Subphase: Concurrent Roots Teardown                     0.000 / 0.000         0.000 / 0.000         0.000 / 0.000         0.000 / 0.000       ms
[2021-02-13T17:20:59.349+0300][370.132s][info][gc,stats    ]    Subphase: Concurrent Roots VMHandles                    0.000 / 0.000         0.004 / 0.006         0.004 / 0.006         0.004 / 0.006       ms
[2021-02-13T17:20:59.349+0300][370.132s][info][gc,stats    ]    Subphase: Concurrent Weak Roots                         0.000 / 0.000         0.425 / 0.580         0.425 / 0.580         0.425 / 0.580       ms
[2021-02-13T17:20:59.349+0300][370.132s][info][gc,stats    ]    Subphase: Concurrent Weak Roots JNIWeakHandles          0.000 / 0.000         0.000 / 0.000         0.000 / 0.000         0.000 / 0.000       ms
[2021-02-13T17:20:59.349+0300][370.132s][info][gc,stats    ]    Subphase: Concurrent Weak Roots ResolvedMethodTable     0.000 / 0.000         0.029 / 0.042         0.029 / 0.042         0.029 / 0.042       ms
[2021-02-13T17:20:59.349+0300][370.132s][info][gc,stats    ]    Subphase: Concurrent Weak Roots StringTable             0.000 / 0.000         0.383 / 0.521         0.383 / 0.521         0.383 / 0.521       ms
[2021-02-13T17:20:59.349+0300][370.132s][info][gc,stats    ]    Subphase: Concurrent Weak Roots VMWeakHandles           0.000 / 0.000         0.012 / 0.015         0.012 / 0.015         0.012 / 0.015       ms
[2021-02-13T17:20:59.349+0300][370.132s][info][gc,stats    ]    Subphase: Pause Mark Try Complete                       0.000 / 0.000         0.032 / 0.051         0.032 / 0.051         0.032 / 0.051       ms
[2021-02-13T17:20:59.349+0300][370.132s][info][gc,stats    ]    Subphase: Pause Roots                                   0.000 / 0.000         0.083 / 0.374         0.083 / 0.374         0.083 / 0.374       ms
[2021-02-13T17:20:59.349+0300][370.132s][info][gc,stats    ]    Subphase: Pause Roots CodeCache                         0.000 / 0.000         0.000 / 0.000         0.000 / 0.000         0.000 / 0.000       ms
[2021-02-13T17:20:59.349+0300][370.132s][info][gc,stats    ]    Subphase: Pause Roots JVMTIExport                       0.000 / 0.000         0.001 / 0.003         0.001 / 0.003         0.001 / 0.003       ms
[2021-02-13T17:20:59.349+0300][370.132s][info][gc,stats    ]    Subphase: Pause Roots JVMTIWeakExport                   0.000 / 0.000         0.005 / 0.013         0.005 / 0.013         0.005 / 0.013       ms
[2021-02-13T17:20:59.349+0300][370.132s][info][gc,stats    ]    Subphase: Pause Roots Java Threads                      0.000 / 0.000         0.075 / 0.373         0.075 / 0.373         0.075 / 0.373       ms
[2021-02-13T17:20:59.349+0300][370.132s][info][gc,stats    ]    Subphase: Pause Roots Management                        0.000 / 0.000         0.007 / 0.025         0.007 / 0.025         0.007 / 0.025       ms
[2021-02-13T17:20:59.349+0300][370.132s][info][gc,stats    ]    Subphase: Pause Roots ObjectSynchronizer                0.000 / 0.000         0.000 / 0.000         0.000 / 0.000         0.000 / 0.000       ms
[2021-02-13T17:20:59.349+0300][370.132s][info][gc,stats    ]    Subphase: Pause Roots Setup                             0.000 / 0.000         0.000 / 0.001         0.000 / 0.001         0.000 / 0.001       ms
[2021-02-13T17:20:59.349+0300][370.132s][info][gc,stats    ]    Subphase: Pause Roots Teardown                          0.000 / 0.000         0.001 / 0.002         0.001 / 0.002         0.001 / 0.002       ms
[2021-02-13T17:20:59.349+0300][370.132s][info][gc,stats    ]    Subphase: Pause Roots Universe                          0.000 / 0.000         0.010 / 0.027         0.010 / 0.027         0.010 / 0.027       ms
[2021-02-13T17:20:59.349+0300][370.132s][info][gc,stats    ]    Subphase: Pause Roots VM Thread                         0.000 / 0.000         0.005 / 0.028         0.005 / 0.028         0.005 / 0.028       ms
[2021-02-13T17:20:59.349+0300][370.132s][info][gc,stats    ]    Subphase: Pause Weak Roots                              0.000 / 0.000         0.001 / 0.005         0.001 / 0.005         0.001 / 0.005       ms
[2021-02-13T17:20:59.349+0300][370.132s][info][gc,stats    ]    Subphase: Pause Weak Roots JFRWeak                      0.000 / 0.000         0.000 / 0.000         0.000 / 0.000         0.000 / 0.000       ms
[2021-02-13T17:20:59.349+0300][370.132s][info][gc,stats    ]    Subphase: Pause Weak Roots JVMTIWeakExport              0.000 / 0.000         0.002 / 0.005         0.002 / 0.005         0.002 / 0.005       ms
[2021-02-13T17:20:59.350+0300][370.132s][info][gc,stats    ]    Subphase: Pause Weak Roots Setup                        0.000 / 0.000         0.000 / 0.000         0.000 / 0.000         0.000 / 0.000       ms
[2021-02-13T17:20:59.350+0300][370.132s][info][gc,stats    ]    Subphase: Pause Weak Roots Teardown                     0.000 / 0.000         0.000 / 0.000         0.000 / 0.000         0.000 / 0.000       ms
[2021-02-13T17:20:59.350+0300][370.132s][info][gc,stats    ]      System: Java Threads                                      0 / 0                16 / 16               16 / 16               16 / 16          threads
[2021-02-13T17:20:59.350+0300][370.132s][info][gc,stats    ] =========================================================================================================================================================
[2021-02-13T17:21:09.343+0300][380.125s][info][gc,stats    ] === Garbage Collection Statistics =======================================================================================================================
[2021-02-13T17:21:09.343+0300][380.125s][info][gc,stats    ]                                                              Last 10s              Last 10m              Last 10h                Total
[2021-02-13T17:21:09.343+0300][380.125s][info][gc,stats    ]                                                              Avg / Max             Avg / Max             Avg / Max             Avg / Max
[2021-02-13T17:21:09.343+0300][380.125s][info][gc,stats    ]   Collector: Garbage Collection Cycle                      0.000 / 0.000       260.121 / 386.588     260.121 / 386.588     260.121 / 386.588     ms
[2021-02-13T17:21:09.343+0300][380.125s][info][gc,stats    ]  Contention: Mark Segment Reset Contention                     0 / 0                 0 / 0                 0 / 0                 0 / 0           ops/s
[2021-02-13T17:21:09.343+0300][380.125s][info][gc,stats    ]  Contention: Mark SeqNum Reset Contention                      0 / 0                 0 / 0                 0 / 0                 0 / 0           ops/s
[2021-02-13T17:21:09.343+0300][380.125s][info][gc,stats    ]  Contention: Relocation Contention                             0 / 0                 0 / 1                 0 / 1                 0 / 1           ops/s
[2021-02-13T17:21:09.343+0300][380.125s][info][gc,stats    ]    Critical: Allocation Stall                              0.000 / 0.000         0.000 / 0.000         0.000 / 0.000         0.000 / 0.000       ms
[2021-02-13T17:21:09.343+0300][380.125s][info][gc,stats    ]    Critical: Allocation Stall                                  0 / 0                 0 / 0                 0 / 0                 0 / 0           ops/s
[2021-02-13T17:21:09.343+0300][380.125s][info][gc,stats    ]    Critical: GC Locker Stall                               0.000 / 0.000         0.000 / 0.000         0.000 / 0.000         0.000 / 0.000       ms
[2021-02-13T17:21:09.343+0300][380.125s][info][gc,stats    ]    Critical: GC Locker Stall                                   0 / 0                 0 / 0                 0 / 0                 0 / 0           ops/s
[2021-02-13T17:21:09.343+0300][380.125s][info][gc,stats    ]      Memory: Allocation Rate                                   0 / 2                 3 / 1082              3 / 1082              3 / 1082        MB/s
[2021-02-13T17:21:09.343+0300][380.125s][info][gc,stats    ]      Memory: Heap Used After Mark                              0 / 0               215 / 312             215 / 312             215 / 312         MB
[2021-02-13T17:21:09.343+0300][380.126s][info][gc,stats    ]      Memory: Heap Used After Relocation                        0 / 0               130 / 190             130 / 190             130 / 190         MB
[2021-02-13T17:21:09.343+0300][380.126s][info][gc,stats    ]      Memory: Heap Used Before Mark                             0 / 0               215 / 312             215 / 312             215 / 312         MB
[2021-02-13T17:21:09.343+0300][380.126s][info][gc,stats    ]      Memory: Heap Used Before Relocation                       0 / 0               192 / 288             192 / 288             192 / 288         MB
[2021-02-13T17:21:09.343+0300][380.126s][info][gc,stats    ]      Memory: Out Of Memory                                     0 / 0                 0 / 0                 0 / 0                 0 / 0           ops/s
[2021-02-13T17:21:09.343+0300][380.126s][info][gc,stats    ]      Memory: Page Cache Flush                                  0 / 0                 0 / 0                 0 / 0                 0 / 0           MB/s
[2021-02-13T17:21:09.343+0300][380.126s][info][gc,stats    ]      Memory: Page Cache Hit L1                                 0 / 1                 0 / 11                0 / 11                0 / 11          ops/s
[2021-02-13T17:21:09.343+0300][380.126s][info][gc,stats    ]      Memory: Page Cache Hit L2                                 0 / 0                 0 / 0                 0 / 0                 0 / 0           ops/s
[2021-02-13T17:21:09.343+0300][380.126s][info][gc,stats    ]      Memory: Page Cache Hit L3                                 0 / 0                 0 / 14                0 / 14                0 / 14          ops/s
[2021-02-13T17:21:09.343+0300][380.126s][info][gc,stats    ]      Memory: Page Cache Miss                                   0 / 0                 0 / 0                 0 / 0                 0 / 0           ops/s
[2021-02-13T17:21:09.343+0300][380.126s][info][gc,stats    ]      Memory: Uncommit                                          0 / 0                 0 / 0                 0 / 0                 0 / 0           MB/s
[2021-02-13T17:21:09.343+0300][380.126s][info][gc,stats    ]      Memory: Undo Object Allocation Failed                     0 / 0                 0 / 0                 0 / 0                 0 / 0           ops/s
[2021-02-13T17:21:09.343+0300][380.126s][info][gc,stats    ]      Memory: Undo Object Allocation Succeeded                  0 / 0                 0 / 1                 0 / 1                 0 / 1           ops/s
[2021-02-13T17:21:09.343+0300][380.126s][info][gc,stats    ]      Memory: Undo Page Allocation                              0 / 0                 0 / 0                 0 / 0                 0 / 0           ops/s
[2021-02-13T17:21:09.343+0300][380.126s][info][gc,stats    ]       Phase: Concurrent Mark                               0.000 / 0.000       230.999 / 356.582     230.999 / 356.582     230.999 / 356.582     ms
[2021-02-13T17:21:09.343+0300][380.126s][info][gc,stats    ]       Phase: Concurrent Mark Continue                      0.000 / 0.000         0.000 / 0.000         0.000 / 0.000         0.000 / 0.000       ms
[2021-02-13T17:21:09.343+0300][380.126s][info][gc,stats    ]       Phase: Concurrent Process Non-Strong References      0.000 / 0.000         2.512 / 3.462         2.512 / 3.462         2.512 / 3.462       ms
[2021-02-13T17:21:09.343+0300][380.126s][info][gc,stats    ]       Phase: Concurrent Relocate                           0.000 / 0.000        16.878 / 18.109       16.878 / 18.109       16.878 / 18.109      ms
[2021-02-13T17:21:09.343+0300][380.126s][info][gc,stats    ]       Phase: Concurrent Reset Relocation Set               0.000 / 0.000         0.492 / 0.741         0.492 / 0.741         0.492 / 0.741       ms
[2021-02-13T17:21:09.343+0300][380.126s][info][gc,stats    ]       Phase: Concurrent Select Relocation Set              0.000 / 0.000         6.443 / 9.944         6.443 / 9.944         6.443 / 9.944       ms
[2021-02-13T17:21:09.343+0300][380.126s][info][gc,stats    ]       Phase: Pause Mark End                                0.000 / 0.000         0.250 / 0.286         0.250 / 0.286         0.250 / 0.286       ms
[2021-02-13T17:21:09.343+0300][380.126s][info][gc,stats    ]       Phase: Pause Mark Start                              0.000 / 0.000         0.377 / 0.836         0.377 / 0.836         0.377 / 0.836       ms
[2021-02-13T17:21:09.343+0300][380.126s][info][gc,stats    ]       Phase: Pause Relocate Start                          0.000 / 0.000         0.166 / 0.175         0.166 / 0.175         0.166 / 0.175       ms
[2021-02-13T17:21:09.343+0300][380.126s][info][gc,stats    ]    Subphase: Concurrent Classes Purge                      0.000 / 0.000         0.120 / 0.137         0.120 / 0.137         0.120 / 0.137       ms
[2021-02-13T17:21:09.343+0300][380.126s][info][gc,stats    ]    Subphase: Concurrent Classes Unlink                     0.000 / 0.000         1.319 / 1.645         1.319 / 1.645         1.319 / 1.645       ms
[2021-02-13T17:21:09.343+0300][380.126s][info][gc,stats    ]    Subphase: Concurrent Mark                               0.000 / 0.000       230.700 / 356.225     230.700 / 356.225     230.700 / 356.225     ms
[2021-02-13T17:21:09.343+0300][380.126s][info][gc,stats    ]    Subphase: Concurrent Mark Idle                          0.000 / 0.000         0.000 / 0.000         0.000 / 0.000         0.000 / 0.000       ms
[2021-02-13T17:21:09.343+0300][380.126s][info][gc,stats    ]    Subphase: Concurrent Mark Try Flush                     0.000 / 0.000         0.430 / 0.804         0.430 / 0.804         0.430 / 0.804       ms
[2021-02-13T17:21:09.343+0300][380.126s][info][gc,stats    ]    Subphase: Concurrent Mark Try Terminate                 0.000 / 0.000         0.266 / 0.805         0.266 / 0.805         0.266 / 0.805       ms
[2021-02-13T17:21:09.343+0300][380.126s][info][gc,stats    ]    Subphase: Concurrent References Enqueue                 0.000 / 0.000         0.004 / 0.004         0.004 / 0.004         0.004 / 0.004       ms
[2021-02-13T17:21:09.344+0300][380.126s][info][gc,stats    ]    Subphase: Concurrent References Process                 0.000 / 0.000         0.121 / 0.143         0.121 / 0.143         0.121 / 0.143       ms
[2021-02-13T17:21:09.344+0300][380.126s][info][gc,stats    ]    Subphase: Concurrent Roots                              0.000 / 0.000         0.128 / 0.182         0.128 / 0.182         0.128 / 0.182       ms
[2021-02-13T17:21:09.344+0300][380.126s][info][gc,stats    ]    Subphase: Concurrent Roots ClassLoaderDataGraph         0.000 / 0.000         0.118 / 0.169         0.118 / 0.169         0.118 / 0.169       ms
[2021-02-13T17:21:09.344+0300][380.126s][info][gc,stats    ]    Subphase: Concurrent Roots JNIHandles                   0.000 / 0.000         0.005 / 0.007         0.005 / 0.007         0.005 / 0.007       ms
[2021-02-13T17:21:09.344+0300][380.126s][info][gc,stats    ]    Subphase: Concurrent Roots Setup                        0.000 / 0.000         0.006 / 0.007         0.006 / 0.007         0.006 / 0.007       ms
[2021-02-13T17:21:09.344+0300][380.126s][info][gc,stats    ]    Subphase: Concurrent Roots Teardown                     0.000 / 0.000         0.000 / 0.000         0.000 / 0.000         0.000 / 0.000       ms
[2021-02-13T17:21:09.344+0300][380.126s][info][gc,stats    ]    Subphase: Concurrent Roots VMHandles                    0.000 / 0.000         0.004 / 0.006         0.004 / 0.006         0.004 / 0.006       ms
[2021-02-13T17:21:09.344+0300][380.126s][info][gc,stats    ]    Subphase: Concurrent Weak Roots                         0.000 / 0.000         0.425 / 0.580         0.425 / 0.580         0.425 / 0.580       ms
[2021-02-13T17:21:09.344+0300][380.126s][info][gc,stats    ]    Subphase: Concurrent Weak Roots JNIWeakHandles          0.000 / 0.000         0.000 / 0.000         0.000 / 0.000         0.000 / 0.000       ms
[2021-02-13T17:21:09.344+0300][380.126s][info][gc,stats    ]    Subphase: Concurrent Weak Roots ResolvedMethodTable     0.000 / 0.000         0.029 / 0.042         0.029 / 0.042         0.029 / 0.042       ms
[2021-02-13T17:21:09.344+0300][380.126s][info][gc,stats    ]    Subphase: Concurrent Weak Roots StringTable             0.000 / 0.000         0.383 / 0.521         0.383 / 0.521         0.383 / 0.521       ms
[2021-02-13T17:21:09.344+0300][380.126s][info][gc,stats    ]    Subphase: Concurrent Weak Roots VMWeakHandles           0.000 / 0.000         0.012 / 0.015         0.012 / 0.015         0.012 / 0.015       ms
[2021-02-13T17:21:09.344+0300][380.126s][info][gc,stats    ]    Subphase: Pause Mark Try Complete                       0.000 / 0.000         0.032 / 0.051         0.032 / 0.051         0.032 / 0.051       ms
[2021-02-13T17:21:09.344+0300][380.126s][info][gc,stats    ]    Subphase: Pause Roots                                   0.000 / 0.000         0.083 / 0.374         0.083 / 0.374         0.083 / 0.374       ms
[2021-02-13T17:21:09.344+0300][380.126s][info][gc,stats    ]    Subphase: Pause Roots CodeCache                         0.000 / 0.000         0.000 / 0.000         0.000 / 0.000         0.000 / 0.000       ms
[2021-02-13T17:21:09.344+0300][380.126s][info][gc,stats    ]    Subphase: Pause Roots JVMTIExport                       0.000 / 0.000         0.001 / 0.003         0.001 / 0.003         0.001 / 0.003       ms
[2021-02-13T17:21:09.344+0300][380.126s][info][gc,stats    ]    Subphase: Pause Roots JVMTIWeakExport                   0.000 / 0.000         0.005 / 0.013         0.005 / 0.013         0.005 / 0.013       ms
[2021-02-13T17:21:09.344+0300][380.126s][info][gc,stats    ]    Subphase: Pause Roots Java Threads                      0.000 / 0.000         0.075 / 0.373         0.075 / 0.373         0.075 / 0.373       ms
[2021-02-13T17:21:09.344+0300][380.126s][info][gc,stats    ]    Subphase: Pause Roots Management                        0.000 / 0.000         0.007 / 0.025         0.007 / 0.025         0.007 / 0.025       ms
[2021-02-13T17:21:09.344+0300][380.126s][info][gc,stats    ]    Subphase: Pause Roots ObjectSynchronizer                0.000 / 0.000         0.000 / 0.000         0.000 / 0.000         0.000 / 0.000       ms
[2021-02-13T17:21:09.344+0300][380.126s][info][gc,stats    ]    Subphase: Pause Roots Setup                             0.000 / 0.000         0.000 / 0.001         0.000 / 0.001         0.000 / 0.001       ms
[2021-02-13T17:21:09.344+0300][380.126s][info][gc,stats    ]    Subphase: Pause Roots Teardown                          0.000 / 0.000         0.001 / 0.002         0.001 / 0.002         0.001 / 0.002       ms
[2021-02-13T17:21:09.344+0300][380.126s][info][gc,stats    ]    Subphase: Pause Roots Universe                          0.000 / 0.000         0.010 / 0.027         0.010 / 0.027         0.010 / 0.027       ms
[2021-02-13T17:21:09.344+0300][380.126s][info][gc,stats    ]    Subphase: Pause Roots VM Thread                         0.000 / 0.000         0.005 / 0.028         0.005 / 0.028         0.005 / 0.028       ms
[2021-02-13T17:21:09.344+0300][380.126s][info][gc,stats    ]    Subphase: Pause Weak Roots                              0.000 / 0.000         0.001 / 0.005         0.001 / 0.005         0.001 / 0.005       ms
[2021-02-13T17:21:09.344+0300][380.126s][info][gc,stats    ]    Subphase: Pause Weak Roots JFRWeak                      0.000 / 0.000         0.000 / 0.000         0.000 / 0.000         0.000 / 0.000       ms
[2021-02-13T17:21:09.344+0300][380.126s][info][gc,stats    ]    Subphase: Pause Weak Roots JVMTIWeakExport              0.000 / 0.000         0.002 / 0.005         0.002 / 0.005         0.002 / 0.005       ms
[2021-02-13T17:21:09.344+0300][380.126s][info][gc,stats    ]    Subphase: Pause Weak Roots Setup                        0.000 / 0.000         0.000 / 0.000         0.000 / 0.000         0.000 / 0.000       ms
[2021-02-13T17:21:09.344+0300][380.126s][info][gc,stats    ]    Subphase: Pause Weak Roots Teardown                     0.000 / 0.000         0.000 / 0.000         0.000 / 0.000         0.000 / 0.000       ms
[2021-02-13T17:21:09.344+0300][380.126s][info][gc,stats    ]      System: Java Threads                                      0 / 0                16 / 16               16 / 16               16 / 16          threads
[2021-02-13T17:21:09.344+0300][380.126s][info][gc,stats    ] =========================================================================================================================================================
[2021-02-13T17:21:19.344+0300][390.126s][info][gc,stats    ] === Garbage Collection Statistics =======================================================================================================================
[2021-02-13T17:21:19.344+0300][390.126s][info][gc,stats    ]                                                              Last 10s              Last 10m              Last 10h                Total
[2021-02-13T17:21:19.344+0300][390.126s][info][gc,stats    ]                                                              Avg / Max             Avg / Max             Avg / Max             Avg / Max
[2021-02-13T17:21:19.344+0300][390.126s][info][gc,stats    ]   Collector: Garbage Collection Cycle                      0.000 / 0.000       260.121 / 386.588     260.121 / 386.588     260.121 / 386.588     ms
[2021-02-13T17:21:19.344+0300][390.126s][info][gc,stats    ]  Contention: Mark Segment Reset Contention                     0 / 0                 0 / 0                 0 / 0                 0 / 0           ops/s
[2021-02-13T17:21:19.344+0300][390.126s][info][gc,stats    ]  Contention: Mark SeqNum Reset Contention                      0 / 0                 0 / 0                 0 / 0                 0 / 0           ops/s
[2021-02-13T17:21:19.344+0300][390.126s][info][gc,stats    ]  Contention: Relocation Contention                             0 / 0                 0 / 1                 0 / 1                 0 / 1           ops/s
[2021-02-13T17:21:19.344+0300][390.126s][info][gc,stats    ]    Critical: Allocation Stall                              0.000 / 0.000         0.000 / 0.000         0.000 / 0.000         0.000 / 0.000       ms
[2021-02-13T17:21:19.344+0300][390.126s][info][gc,stats    ]    Critical: Allocation Stall                                  0 / 0                 0 / 0                 0 / 0                 0 / 0           ops/s
[2021-02-13T17:21:19.344+0300][390.126s][info][gc,stats    ]    Critical: GC Locker Stall                               0.000 / 0.000         0.000 / 0.000         0.000 / 0.000         0.000 / 0.000       ms
[2021-02-13T17:21:19.344+0300][390.126s][info][gc,stats    ]    Critical: GC Locker Stall                                   0 / 0                 0 / 0                 0 / 0                 0 / 0           ops/s
[2021-02-13T17:21:19.344+0300][390.126s][info][gc,stats    ]      Memory: Allocation Rate                                   0 / 0                 3 / 1082              3 / 1082              3 / 1082        MB/s
[2021-02-13T17:21:19.344+0300][390.126s][info][gc,stats    ]      Memory: Heap Used After Mark                              0 / 0               215 / 312             215 / 312             215 / 312         MB
[2021-02-13T17:21:19.344+0300][390.126s][info][gc,stats    ]      Memory: Heap Used After Relocation                        0 / 0               130 / 190             130 / 190             130 / 190         MB
[2021-02-13T17:21:19.344+0300][390.126s][info][gc,stats    ]      Memory: Heap Used Before Mark                             0 / 0               215 / 312             215 / 312             215 / 312         MB
[2021-02-13T17:21:19.344+0300][390.126s][info][gc,stats    ]      Memory: Heap Used Before Relocation                       0 / 0               192 / 288             192 / 288             192 / 288         MB
[2021-02-13T17:21:19.344+0300][390.126s][info][gc,stats    ]      Memory: Out Of Memory                                     0 / 0                 0 / 0                 0 / 0                 0 / 0           ops/s
[2021-02-13T17:21:19.344+0300][390.126s][info][gc,stats    ]      Memory: Page Cache Flush                                  0 / 0                 0 / 0                 0 / 0                 0 / 0           MB/s
[2021-02-13T17:21:19.344+0300][390.126s][info][gc,stats    ]      Memory: Page Cache Hit L1                                 0 / 0                 0 / 11                0 / 11                0 / 11          ops/s
[2021-02-13T17:21:19.344+0300][390.126s][info][gc,stats    ]      Memory: Page Cache Hit L2                                 0 / 0                 0 / 0                 0 / 0                 0 / 0           ops/s
[2021-02-13T17:21:19.344+0300][390.126s][info][gc,stats    ]      Memory: Page Cache Hit L3                                 0 / 0                 0 / 14                0 / 14                0 / 14          ops/s
[2021-02-13T17:21:19.344+0300][390.126s][info][gc,stats    ]      Memory: Page Cache Miss                                   0 / 0                 0 / 0                 0 / 0                 0 / 0           ops/s
[2021-02-13T17:21:19.344+0300][390.126s][info][gc,stats    ]      Memory: Uncommit                                          0 / 0                 0 / 0                 0 / 0                 0 / 0           MB/s
[2021-02-13T17:21:19.344+0300][390.126s][info][gc,stats    ]      Memory: Undo Object Allocation Failed                     0 / 0                 0 / 0                 0 / 0                 0 / 0           ops/s
[2021-02-13T17:21:19.344+0300][390.127s][info][gc,stats    ]      Memory: Undo Object Allocation Succeeded                  0 / 0                 0 / 1                 0 / 1                 0 / 1           ops/s
[2021-02-13T17:21:19.344+0300][390.127s][info][gc,stats    ]      Memory: Undo Page Allocation                              0 / 0                 0 / 0                 0 / 0                 0 / 0           ops/s
[2021-02-13T17:21:19.344+0300][390.127s][info][gc,stats    ]       Phase: Concurrent Mark                               0.000 / 0.000       230.999 / 356.582     230.999 / 356.582     230.999 / 356.582     ms
[2021-02-13T17:21:19.344+0300][390.127s][info][gc,stats    ]       Phase: Concurrent Mark Continue                      0.000 / 0.000         0.000 / 0.000         0.000 / 0.000         0.000 / 0.000       ms
[2021-02-13T17:21:19.344+0300][390.127s][info][gc,stats    ]       Phase: Concurrent Process Non-Strong References      0.000 / 0.000         2.512 / 3.462         2.512 / 3.462         2.512 / 3.462       ms
[2021-02-13T17:21:19.344+0300][390.127s][info][gc,stats    ]       Phase: Concurrent Relocate                           0.000 / 0.000        16.878 / 18.109       16.878 / 18.109       16.878 / 18.109      ms
[2021-02-13T17:21:19.344+0300][390.127s][info][gc,stats    ]       Phase: Concurrent Reset Relocation Set               0.000 / 0.000         0.492 / 0.741         0.492 / 0.741         0.492 / 0.741       ms
[2021-02-13T17:21:19.344+0300][390.127s][info][gc,stats    ]       Phase: Concurrent Select Relocation Set              0.000 / 0.000         6.443 / 9.944         6.443 / 9.944         6.443 / 9.944       ms
[2021-02-13T17:21:19.344+0300][390.127s][info][gc,stats    ]       Phase: Pause Mark End                                0.000 / 0.000         0.250 / 0.286         0.250 / 0.286         0.250 / 0.286       ms
[2021-02-13T17:21:19.344+0300][390.127s][info][gc,stats    ]       Phase: Pause Mark Start                              0.000 / 0.000         0.377 / 0.836         0.377 / 0.836         0.377 / 0.836       ms
[2021-02-13T17:21:19.344+0300][390.127s][info][gc,stats    ]       Phase: Pause Relocate Start                          0.000 / 0.000         0.166 / 0.175         0.166 / 0.175         0.166 / 0.175       ms
[2021-02-13T17:21:19.344+0300][390.127s][info][gc,stats    ]    Subphase: Concurrent Classes Purge                      0.000 / 0.000         0.120 / 0.137         0.120 / 0.137         0.120 / 0.137       ms
[2021-02-13T17:21:19.344+0300][390.127s][info][gc,stats    ]    Subphase: Concurrent Classes Unlink                     0.000 / 0.000         1.319 / 1.645         1.319 / 1.645         1.319 / 1.645       ms
[2021-02-13T17:21:19.344+0300][390.127s][info][gc,stats    ]    Subphase: Concurrent Mark                               0.000 / 0.000       230.700 / 356.225     230.700 / 356.225     230.700 / 356.225     ms
[2021-02-13T17:21:19.344+0300][390.127s][info][gc,stats    ]    Subphase: Concurrent Mark Idle                          0.000 / 0.000         0.000 / 0.000         0.000 / 0.000         0.000 / 0.000       ms
[2021-02-13T17:21:19.344+0300][390.127s][info][gc,stats    ]    Subphase: Concurrent Mark Try Flush                     0.000 / 0.000         0.430 / 0.804         0.430 / 0.804         0.430 / 0.804       ms
[2021-02-13T17:21:19.344+0300][390.127s][info][gc,stats    ]    Subphase: Concurrent Mark Try Terminate                 0.000 / 0.000         0.266 / 0.805         0.266 / 0.805         0.266 / 0.805       ms
[2021-02-13T17:21:19.344+0300][390.127s][info][gc,stats    ]    Subphase: Concurrent References Enqueue                 0.000 / 0.000         0.004 / 0.004         0.004 / 0.004         0.004 / 0.004       ms
[2021-02-13T17:21:19.344+0300][390.127s][info][gc,stats    ]    Subphase: Concurrent References Process                 0.000 / 0.000         0.121 / 0.143         0.121 / 0.143         0.121 / 0.143       ms
[2021-02-13T17:21:19.344+0300][390.127s][info][gc,stats    ]    Subphase: Concurrent Roots                              0.000 / 0.000         0.128 / 0.182         0.128 / 0.182         0.128 / 0.182       ms
[2021-02-13T17:21:19.344+0300][390.127s][info][gc,stats    ]    Subphase: Concurrent Roots ClassLoaderDataGraph         0.000 / 0.000         0.118 / 0.169         0.118 / 0.169         0.118 / 0.169       ms
[2021-02-13T17:21:19.344+0300][390.127s][info][gc,stats    ]    Subphase: Concurrent Roots JNIHandles                   0.000 / 0.000         0.005 / 0.007         0.005 / 0.007         0.005 / 0.007       ms
[2021-02-13T17:21:19.344+0300][390.127s][info][gc,stats    ]    Subphase: Concurrent Roots Setup                        0.000 / 0.000         0.006 / 0.007         0.006 / 0.007         0.006 / 0.007       ms
[2021-02-13T17:21:19.344+0300][390.127s][info][gc,stats    ]    Subphase: Concurrent Roots Teardown                     0.000 / 0.000         0.000 / 0.000         0.000 / 0.000         0.000 / 0.000       ms
[2021-02-13T17:21:19.344+0300][390.127s][info][gc,stats    ]    Subphase: Concurrent Roots VMHandles                    0.000 / 0.000         0.004 / 0.006         0.004 / 0.006         0.004 / 0.006       ms
[2021-02-13T17:21:19.344+0300][390.127s][info][gc,stats    ]    Subphase: Concurrent Weak Roots                         0.000 / 0.000         0.425 / 0.580         0.425 / 0.580         0.425 / 0.580       ms
[2021-02-13T17:21:19.344+0300][390.127s][info][gc,stats    ]    Subphase: Concurrent Weak Roots JNIWeakHandles          0.000 / 0.000         0.000 / 0.000         0.000 / 0.000         0.000 / 0.000       ms
[2021-02-13T17:21:19.344+0300][390.127s][info][gc,stats    ]    Subphase: Concurrent Weak Roots ResolvedMethodTable     0.000 / 0.000         0.029 / 0.042         0.029 / 0.042         0.029 / 0.042       ms
[2021-02-13T17:21:19.344+0300][390.127s][info][gc,stats    ]    Subphase: Concurrent Weak Roots StringTable             0.000 / 0.000         0.383 / 0.521         0.383 / 0.521         0.383 / 0.521       ms
[2021-02-13T17:21:19.344+0300][390.127s][info][gc,stats    ]    Subphase: Concurrent Weak Roots VMWeakHandles           0.000 / 0.000         0.012 / 0.015         0.012 / 0.015         0.012 / 0.015       ms
[2021-02-13T17:21:19.344+0300][390.127s][info][gc,stats    ]    Subphase: Pause Mark Try Complete                       0.000 / 0.000         0.032 / 0.051         0.032 / 0.051         0.032 / 0.051       ms
[2021-02-13T17:21:19.344+0300][390.127s][info][gc,stats    ]    Subphase: Pause Roots                                   0.000 / 0.000         0.083 / 0.374         0.083 / 0.374         0.083 / 0.374       ms
[2021-02-13T17:21:19.344+0300][390.127s][info][gc,stats    ]    Subphase: Pause Roots CodeCache                         0.000 / 0.000         0.000 / 0.000         0.000 / 0.000         0.000 / 0.000       ms
[2021-02-13T17:21:19.344+0300][390.127s][info][gc,stats    ]    Subphase: Pause Roots JVMTIExport                       0.000 / 0.000         0.001 / 0.003         0.001 / 0.003         0.001 / 0.003       ms
[2021-02-13T17:21:19.344+0300][390.127s][info][gc,stats    ]    Subphase: Pause Roots JVMTIWeakExport                   0.000 / 0.000         0.005 / 0.013         0.005 / 0.013         0.005 / 0.013       ms
[2021-02-13T17:21:19.344+0300][390.127s][info][gc,stats    ]    Subphase: Pause Roots Java Threads                      0.000 / 0.000         0.075 / 0.373         0.075 / 0.373         0.075 / 0.373       ms
[2021-02-13T17:21:19.344+0300][390.127s][info][gc,stats    ]    Subphase: Pause Roots Management                        0.000 / 0.000         0.007 / 0.025         0.007 / 0.025         0.007 / 0.025       ms
[2021-02-13T17:21:19.344+0300][390.127s][info][gc,stats    ]    Subphase: Pause Roots ObjectSynchronizer                0.000 / 0.000         0.000 / 0.000         0.000 / 0.000         0.000 / 0.000       ms
[2021-02-13T17:21:19.344+0300][390.127s][info][gc,stats    ]    Subphase: Pause Roots Setup                             0.000 / 0.000         0.000 / 0.001         0.000 / 0.001         0.000 / 0.001       ms
[2021-02-13T17:21:19.344+0300][390.127s][info][gc,stats    ]    Subphase: Pause Roots Teardown                          0.000 / 0.000         0.001 / 0.002         0.001 / 0.002         0.001 / 0.002       ms
[2021-02-13T17:21:19.344+0300][390.127s][info][gc,stats    ]    Subphase: Pause Roots Universe                          0.000 / 0.000         0.010 / 0.027         0.010 / 0.027         0.010 / 0.027       ms
[2021-02-13T17:21:19.344+0300][390.127s][info][gc,stats    ]    Subphase: Pause Roots VM Thread                         0.000 / 0.000         0.005 / 0.028         0.005 / 0.028         0.005 / 0.028       ms
[2021-02-13T17:21:19.344+0300][390.127s][info][gc,stats    ]    Subphase: Pause Weak Roots                              0.000 / 0.000         0.001 / 0.005         0.001 / 0.005         0.001 / 0.005       ms
[2021-02-13T17:21:19.344+0300][390.127s][info][gc,stats    ]    Subphase: Pause Weak Roots JFRWeak                      0.000 / 0.000         0.000 / 0.000         0.000 / 0.000         0.000 / 0.000       ms
[2021-02-13T17:21:19.344+0300][390.127s][info][gc,stats    ]    Subphase: Pause Weak Roots JVMTIWeakExport              0.000 / 0.000         0.002 / 0.005         0.002 / 0.005         0.002 / 0.005       ms
[2021-02-13T17:21:19.344+0300][390.127s][info][gc,stats    ]    Subphase: Pause Weak Roots Setup                        0.000 / 0.000         0.000 / 0.000         0.000 / 0.000         0.000 / 0.000       ms
[2021-02-13T17:21:19.345+0300][390.127s][info][gc,stats    ]    Subphase: Pause Weak Roots Teardown                     0.000 / 0.000         0.000 / 0.000         0.000 / 0.000         0.000 / 0.000       ms
[2021-02-13T17:21:19.345+0300][390.127s][info][gc,stats    ]      System: Java Threads                                      0 / 0                16 / 16               16 / 16               16 / 16          threads
[2021-02-13T17:21:19.345+0300][390.127s][info][gc,stats    ] =========================================================================================================================================================
[2021-02-13T17:21:29.356+0300][400.138s][info][gc,stats    ] === Garbage Collection Statistics =======================================================================================================================
[2021-02-13T17:21:29.356+0300][400.138s][info][gc,stats    ]                                                              Last 10s              Last 10m              Last 10h                Total
[2021-02-13T17:21:29.356+0300][400.138s][info][gc,stats    ]                                                              Avg / Max             Avg / Max             Avg / Max             Avg / Max
[2021-02-13T17:21:29.356+0300][400.138s][info][gc,stats    ]   Collector: Garbage Collection Cycle                      0.000 / 0.000       260.121 / 386.588     260.121 / 386.588     260.121 / 386.588     ms
[2021-02-13T17:21:29.356+0300][400.138s][info][gc,stats    ]  Contention: Mark Segment Reset Contention                     0 / 0                 0 / 0                 0 / 0                 0 / 0           ops/s
[2021-02-13T17:21:29.356+0300][400.138s][info][gc,stats    ]  Contention: Mark SeqNum Reset Contention                      0 / 0                 0 / 0                 0 / 0                 0 / 0           ops/s
[2021-02-13T17:21:29.356+0300][400.138s][info][gc,stats    ]  Contention: Relocation Contention                             0 / 0                 0 / 1                 0 / 1                 0 / 1           ops/s
[2021-02-13T17:21:29.356+0300][400.138s][info][gc,stats    ]    Critical: Allocation Stall                              0.000 / 0.000         0.000 / 0.000         0.000 / 0.000         0.000 / 0.000       ms
[2021-02-13T17:21:29.356+0300][400.138s][info][gc,stats    ]    Critical: Allocation Stall                                  0 / 0                 0 / 0                 0 / 0                 0 / 0           ops/s
[2021-02-13T17:21:29.356+0300][400.138s][info][gc,stats    ]    Critical: GC Locker Stall                               0.000 / 0.000         0.000 / 0.000         0.000 / 0.000         0.000 / 0.000       ms
[2021-02-13T17:21:29.356+0300][400.138s][info][gc,stats    ]    Critical: GC Locker Stall                                   0 / 0                 0 / 0                 0 / 0                 0 / 0           ops/s
[2021-02-13T17:21:29.356+0300][400.138s][info][gc,stats    ]      Memory: Allocation Rate                                   0 / 2                 3 / 1082              3 / 1082              3 / 1082        MB/s
[2021-02-13T17:21:29.356+0300][400.138s][info][gc,stats    ]      Memory: Heap Used After Mark                              0 / 0               215 / 312             215 / 312             215 / 312         MB
[2021-02-13T17:21:29.356+0300][400.138s][info][gc,stats    ]      Memory: Heap Used After Relocation                        0 / 0               130 / 190             130 / 190             130 / 190         MB
[2021-02-13T17:21:29.356+0300][400.138s][info][gc,stats    ]      Memory: Heap Used Before Mark                             0 / 0               215 / 312             215 / 312             215 / 312         MB
[2021-02-13T17:21:29.356+0300][400.138s][info][gc,stats    ]      Memory: Heap Used Before Relocation                       0 / 0               192 / 288             192 / 288             192 / 288         MB
[2021-02-13T17:21:29.356+0300][400.138s][info][gc,stats    ]      Memory: Out Of Memory                                     0 / 0                 0 / 0                 0 / 0                 0 / 0           ops/s
[2021-02-13T17:21:29.356+0300][400.138s][info][gc,stats    ]      Memory: Page Cache Flush                                  0 / 0                 0 / 0                 0 / 0                 0 / 0           MB/s
[2021-02-13T17:21:29.356+0300][400.138s][info][gc,stats    ]      Memory: Page Cache Hit L1                                 0 / 1                 0 / 11                0 / 11                0 / 11          ops/s
[2021-02-13T17:21:29.356+0300][400.138s][info][gc,stats    ]      Memory: Page Cache Hit L2                                 0 / 0                 0 / 0                 0 / 0                 0 / 0           ops/s
[2021-02-13T17:21:29.356+0300][400.138s][info][gc,stats    ]      Memory: Page Cache Hit L3                                 0 / 0                 0 / 14                0 / 14                0 / 14          ops/s
[2021-02-13T17:21:29.356+0300][400.138s][info][gc,stats    ]      Memory: Page Cache Miss                                   0 / 0                 0 / 0                 0 / 0                 0 / 0           ops/s
[2021-02-13T17:21:29.356+0300][400.138s][info][gc,stats    ]      Memory: Uncommit                                          0 / 0                 0 / 0                 0 / 0                 0 / 0           MB/s
[2021-02-13T17:21:29.356+0300][400.138s][info][gc,stats    ]      Memory: Undo Object Allocation Failed                     0 / 0                 0 / 0                 0 / 0                 0 / 0           ops/s
[2021-02-13T17:21:29.356+0300][400.138s][info][gc,stats    ]      Memory: Undo Object Allocation Succeeded                  0 / 0                 0 / 1                 0 / 1                 0 / 1           ops/s
[2021-02-13T17:21:29.356+0300][400.138s][info][gc,stats    ]      Memory: Undo Page Allocation                              0 / 0                 0 / 0                 0 / 0                 0 / 0           ops/s
[2021-02-13T17:21:29.356+0300][400.138s][info][gc,stats    ]       Phase: Concurrent Mark                               0.000 / 0.000       230.999 / 356.582     230.999 / 356.582     230.999 / 356.582     ms
[2021-02-13T17:21:29.356+0300][400.138s][info][gc,stats    ]       Phase: Concurrent Mark Continue                      0.000 / 0.000         0.000 / 0.000         0.000 / 0.000         0.000 / 0.000       ms
[2021-02-13T17:21:29.356+0300][400.138s][info][gc,stats    ]       Phase: Concurrent Process Non-Strong References      0.000 / 0.000         2.512 / 3.462         2.512 / 3.462         2.512 / 3.462       ms
[2021-02-13T17:21:29.356+0300][400.138s][info][gc,stats    ]       Phase: Concurrent Relocate                           0.000 / 0.000        16.878 / 18.109       16.878 / 18.109       16.878 / 18.109      ms
[2021-02-13T17:21:29.356+0300][400.138s][info][gc,stats    ]       Phase: Concurrent Reset Relocation Set               0.000 / 0.000         0.492 / 0.741         0.492 / 0.741         0.492 / 0.741       ms
[2021-02-13T17:21:29.356+0300][400.138s][info][gc,stats    ]       Phase: Concurrent Select Relocation Set              0.000 / 0.000         6.443 / 9.944         6.443 / 9.944         6.443 / 9.944       ms
[2021-02-13T17:21:29.356+0300][400.138s][info][gc,stats    ]       Phase: Pause Mark End                                0.000 / 0.000         0.250 / 0.286         0.250 / 0.286         0.250 / 0.286       ms
[2021-02-13T17:21:29.356+0300][400.138s][info][gc,stats    ]       Phase: Pause Mark Start                              0.000 / 0.000         0.377 / 0.836         0.377 / 0.836         0.377 / 0.836       ms
[2021-02-13T17:21:29.356+0300][400.138s][info][gc,stats    ]       Phase: Pause Relocate Start                          0.000 / 0.000         0.166 / 0.175         0.166 / 0.175         0.166 / 0.175       ms
[2021-02-13T17:21:29.356+0300][400.138s][info][gc,stats    ]    Subphase: Concurrent Classes Purge                      0.000 / 0.000         0.120 / 0.137         0.120 / 0.137         0.120 / 0.137       ms
[2021-02-13T17:21:29.356+0300][400.138s][info][gc,stats    ]    Subphase: Concurrent Classes Unlink                     0.000 / 0.000         1.319 / 1.645         1.319 / 1.645         1.319 / 1.645       ms
[2021-02-13T17:21:29.356+0300][400.138s][info][gc,stats    ]    Subphase: Concurrent Mark                               0.000 / 0.000       230.700 / 356.225     230.700 / 356.225     230.700 / 356.225     ms
[2021-02-13T17:21:29.356+0300][400.138s][info][gc,stats    ]    Subphase: Concurrent Mark Idle                          0.000 / 0.000         0.000 / 0.000         0.000 / 0.000         0.000 / 0.000       ms
[2021-02-13T17:21:29.356+0300][400.138s][info][gc,stats    ]    Subphase: Concurrent Mark Try Flush                     0.000 / 0.000         0.430 / 0.804         0.430 / 0.804         0.430 / 0.804       ms
[2021-02-13T17:21:29.356+0300][400.138s][info][gc,stats    ]    Subphase: Concurrent Mark Try Terminate                 0.000 / 0.000         0.266 / 0.805         0.266 / 0.805         0.266 / 0.805       ms
[2021-02-13T17:21:29.356+0300][400.138s][info][gc,stats    ]    Subphase: Concurrent References Enqueue                 0.000 / 0.000         0.004 / 0.004         0.004 / 0.004         0.004 / 0.004       ms
[2021-02-13T17:21:29.356+0300][400.138s][info][gc,stats    ]    Subphase: Concurrent References Process                 0.000 / 0.000         0.121 / 0.143         0.121 / 0.143         0.121 / 0.143       ms
[2021-02-13T17:21:29.356+0300][400.138s][info][gc,stats    ]    Subphase: Concurrent Roots                              0.000 / 0.000         0.128 / 0.182         0.128 / 0.182         0.128 / 0.182       ms
[2021-02-13T17:21:29.356+0300][400.138s][info][gc,stats    ]    Subphase: Concurrent Roots ClassLoaderDataGraph         0.000 / 0.000         0.118 / 0.169         0.118 / 0.169         0.118 / 0.169       ms
[2021-02-13T17:21:29.356+0300][400.138s][info][gc,stats    ]    Subphase: Concurrent Roots JNIHandles                   0.000 / 0.000         0.005 / 0.007         0.005 / 0.007         0.005 / 0.007       ms
[2021-02-13T17:21:29.356+0300][400.138s][info][gc,stats    ]    Subphase: Concurrent Roots Setup                        0.000 / 0.000         0.006 / 0.007         0.006 / 0.007         0.006 / 0.007       ms
[2021-02-13T17:21:29.356+0300][400.138s][info][gc,stats    ]    Subphase: Concurrent Roots Teardown                     0.000 / 0.000         0.000 / 0.000         0.000 / 0.000         0.000 / 0.000       ms
[2021-02-13T17:21:29.356+0300][400.138s][info][gc,stats    ]    Subphase: Concurrent Roots VMHandles                    0.000 / 0.000         0.004 / 0.006         0.004 / 0.006         0.004 / 0.006       ms
[2021-02-13T17:21:29.356+0300][400.138s][info][gc,stats    ]    Subphase: Concurrent Weak Roots                         0.000 / 0.000         0.425 / 0.580         0.425 / 0.580         0.425 / 0.580       ms
[2021-02-13T17:21:29.356+0300][400.138s][info][gc,stats    ]    Subphase: Concurrent Weak Roots JNIWeakHandles          0.000 / 0.000         0.000 / 0.000         0.000 / 0.000         0.000 / 0.000       ms
[2021-02-13T17:21:29.356+0300][400.138s][info][gc,stats    ]    Subphase: Concurrent Weak Roots ResolvedMethodTable     0.000 / 0.000         0.029 / 0.042         0.029 / 0.042         0.029 / 0.042       ms
[2021-02-13T17:21:29.356+0300][400.138s][info][gc,stats    ]    Subphase: Concurrent Weak Roots StringTable             0.000 / 0.000         0.383 / 0.521         0.383 / 0.521         0.383 / 0.521       ms
[2021-02-13T17:21:29.356+0300][400.138s][info][gc,stats    ]    Subphase: Concurrent Weak Roots VMWeakHandles           0.000 / 0.000         0.012 / 0.015         0.012 / 0.015         0.012 / 0.015       ms
[2021-02-13T17:21:29.356+0300][400.138s][info][gc,stats    ]    Subphase: Pause Mark Try Complete                       0.000 / 0.000         0.032 / 0.051         0.032 / 0.051         0.032 / 0.051       ms
[2021-02-13T17:21:29.356+0300][400.138s][info][gc,stats    ]    Subphase: Pause Roots                                   0.000 / 0.000         0.083 / 0.374         0.083 / 0.374         0.083 / 0.374       ms
[2021-02-13T17:21:29.356+0300][400.139s][info][gc,stats    ]    Subphase: Pause Roots CodeCache                         0.000 / 0.000         0.000 / 0.000         0.000 / 0.000         0.000 / 0.000       ms
[2021-02-13T17:21:29.356+0300][400.139s][info][gc,stats    ]    Subphase: Pause Roots JVMTIExport                       0.000 / 0.000         0.001 / 0.003         0.001 / 0.003         0.001 / 0.003       ms
[2021-02-13T17:21:29.356+0300][400.139s][info][gc,stats    ]    Subphase: Pause Roots JVMTIWeakExport                   0.000 / 0.000         0.005 / 0.013         0.005 / 0.013         0.005 / 0.013       ms
[2021-02-13T17:21:29.356+0300][400.139s][info][gc,stats    ]    Subphase: Pause Roots Java Threads                      0.000 / 0.000         0.075 / 0.373         0.075 / 0.373         0.075 / 0.373       ms
[2021-02-13T17:21:29.356+0300][400.139s][info][gc,stats    ]    Subphase: Pause Roots Management                        0.000 / 0.000         0.007 / 0.025         0.007 / 0.025         0.007 / 0.025       ms
[2021-02-13T17:21:29.356+0300][400.139s][info][gc,stats    ]    Subphase: Pause Roots ObjectSynchronizer                0.000 / 0.000         0.000 / 0.000         0.000 / 0.000         0.000 / 0.000       ms
[2021-02-13T17:21:29.356+0300][400.139s][info][gc,stats    ]    Subphase: Pause Roots Setup                             0.000 / 0.000         0.000 / 0.001         0.000 / 0.001         0.000 / 0.001       ms
[2021-02-13T17:21:29.356+0300][400.139s][info][gc,stats    ]    Subphase: Pause Roots Teardown                          0.000 / 0.000         0.001 / 0.002         0.001 / 0.002         0.001 / 0.002       ms
[2021-02-13T17:21:29.356+0300][400.139s][info][gc,stats    ]    Subphase: Pause Roots Universe                          0.000 / 0.000         0.010 / 0.027         0.010 / 0.027         0.010 / 0.027       ms
[2021-02-13T17:21:29.356+0300][400.139s][info][gc,stats    ]    Subphase: Pause Roots VM Thread                         0.000 / 0.000         0.005 / 0.028         0.005 / 0.028         0.005 / 0.028       ms
[2021-02-13T17:21:29.356+0300][400.139s][info][gc,stats    ]    Subphase: Pause Weak Roots                              0.000 / 0.000         0.001 / 0.005         0.001 / 0.005         0.001 / 0.005       ms
[2021-02-13T17:21:29.356+0300][400.139s][info][gc,stats    ]    Subphase: Pause Weak Roots JFRWeak                      0.000 / 0.000         0.000 / 0.000         0.000 / 0.000         0.000 / 0.000       ms
[2021-02-13T17:21:29.356+0300][400.139s][info][gc,stats    ]    Subphase: Pause Weak Roots JVMTIWeakExport              0.000 / 0.000         0.002 / 0.005         0.002 / 0.005         0.002 / 0.005       ms
[2021-02-13T17:21:29.357+0300][400.139s][info][gc,stats    ]    Subphase: Pause Weak Roots Setup                        0.000 / 0.000         0.000 / 0.000         0.000 / 0.000         0.000 / 0.000       ms
[2021-02-13T17:21:29.357+0300][400.139s][info][gc,stats    ]    Subphase: Pause Weak Roots Teardown                     0.000 / 0.000         0.000 / 0.000         0.000 / 0.000         0.000 / 0.000       ms
[2021-02-13T17:21:29.357+0300][400.139s][info][gc,stats    ]      System: Java Threads                                      0 / 0                16 / 16               16 / 16               16 / 16          threads
[2021-02-13T17:21:29.357+0300][400.139s][info][gc,stats    ] =========================================================================================================================================================
[2021-02-13T17:21:39.356+0300][410.138s][info][gc,stats    ] === Garbage Collection Statistics =======================================================================================================================
[2021-02-13T17:21:39.356+0300][410.138s][info][gc,stats    ]                                                              Last 10s              Last 10m              Last 10h                Total
[2021-02-13T17:21:39.356+0300][410.138s][info][gc,stats    ]                                                              Avg / Max             Avg / Max             Avg / Max             Avg / Max
[2021-02-13T17:21:39.356+0300][410.138s][info][gc,stats    ]   Collector: Garbage Collection Cycle                      0.000 / 0.000       260.121 / 386.588     260.121 / 386.588     260.121 / 386.588     ms
[2021-02-13T17:21:39.356+0300][410.138s][info][gc,stats    ]  Contention: Mark Segment Reset Contention                     0 / 0                 0 / 0                 0 / 0                 0 / 0           ops/s
[2021-02-13T17:21:39.356+0300][410.138s][info][gc,stats    ]  Contention: Mark SeqNum Reset Contention                      0 / 0                 0 / 0                 0 / 0                 0 / 0           ops/s
[2021-02-13T17:21:39.356+0300][410.138s][info][gc,stats    ]  Contention: Relocation Contention                             0 / 0                 0 / 1                 0 / 1                 0 / 1           ops/s
[2021-02-13T17:21:39.356+0300][410.138s][info][gc,stats    ]    Critical: Allocation Stall                              0.000 / 0.000         0.000 / 0.000         0.000 / 0.000         0.000 / 0.000       ms
[2021-02-13T17:21:39.356+0300][410.138s][info][gc,stats    ]    Critical: Allocation Stall                                  0 / 0                 0 / 0                 0 / 0                 0 / 0           ops/s
[2021-02-13T17:21:39.356+0300][410.138s][info][gc,stats    ]    Critical: GC Locker Stall                               0.000 / 0.000         0.000 / 0.000         0.000 / 0.000         0.000 / 0.000       ms
[2021-02-13T17:21:39.356+0300][410.138s][info][gc,stats    ]    Critical: GC Locker Stall                                   0 / 0                 0 / 0                 0 / 0                 0 / 0           ops/s
[2021-02-13T17:21:39.356+0300][410.138s][info][gc,stats    ]      Memory: Allocation Rate                                   1 / 16                3 / 1082              3 / 1082              3 / 1082        MB/s
[2021-02-13T17:21:39.356+0300][410.138s][info][gc,stats    ]      Memory: Heap Used After Mark                              0 / 0               215 / 312             215 / 312             215 / 312         MB
[2021-02-13T17:21:39.356+0300][410.138s][info][gc,stats    ]      Memory: Heap Used After Relocation                        0 / 0               130 / 190             130 / 190             130 / 190         MB
[2021-02-13T17:21:39.356+0300][410.138s][info][gc,stats    ]      Memory: Heap Used Before Mark                             0 / 0               215 / 312             215 / 312             215 / 312         MB
[2021-02-13T17:21:39.356+0300][410.138s][info][gc,stats    ]      Memory: Heap Used Before Relocation                       0 / 0               192 / 288             192 / 288             192 / 288         MB
[2021-02-13T17:21:39.356+0300][410.138s][info][gc,stats    ]      Memory: Out Of Memory                                     0 / 0                 0 / 0                 0 / 0                 0 / 0           ops/s
[2021-02-13T17:21:39.356+0300][410.138s][info][gc,stats    ]      Memory: Page Cache Flush                                  0 / 0                 0 / 0                 0 / 0                 0 / 0           MB/s
[2021-02-13T17:21:39.356+0300][410.138s][info][gc,stats    ]      Memory: Page Cache Hit L1                                 0 / 8                 0 / 11                0 / 11                0 / 11          ops/s
[2021-02-13T17:21:39.356+0300][410.138s][info][gc,stats    ]      Memory: Page Cache Hit L2                                 0 / 0                 0 / 0                 0 / 0                 0 / 0           ops/s
[2021-02-13T17:21:39.356+0300][410.138s][info][gc,stats    ]      Memory: Page Cache Hit L3                                 0 / 0                 0 / 14                0 / 14                0 / 14          ops/s
[2021-02-13T17:21:39.356+0300][410.138s][info][gc,stats    ]      Memory: Page Cache Miss                                   0 / 0                 0 / 0                 0 / 0                 0 / 0           ops/s
[2021-02-13T17:21:39.356+0300][410.138s][info][gc,stats    ]      Memory: Uncommit                                          0 / 0                 0 / 0                 0 / 0                 0 / 0           MB/s
[2021-02-13T17:21:39.356+0300][410.138s][info][gc,stats    ]      Memory: Undo Object Allocation Failed                     0 / 0                 0 / 0                 0 / 0                 0 / 0           ops/s
[2021-02-13T17:21:39.356+0300][410.138s][info][gc,stats    ]      Memory: Undo Object Allocation Succeeded                  0 / 0                 0 / 1                 0 / 1                 0 / 1           ops/s
[2021-02-13T17:21:39.356+0300][410.138s][info][gc,stats    ]      Memory: Undo Page Allocation                              0 / 0                 0 / 0                 0 / 0                 0 / 0           ops/s
[2021-02-13T17:21:39.356+0300][410.138s][info][gc,stats    ]       Phase: Concurrent Mark                               0.000 / 0.000       230.999 / 356.582     230.999 / 356.582     230.999 / 356.582     ms
[2021-02-13T17:21:39.356+0300][410.138s][info][gc,stats    ]       Phase: Concurrent Mark Continue                      0.000 / 0.000         0.000 / 0.000         0.000 / 0.000         0.000 / 0.000       ms
[2021-02-13T17:21:39.356+0300][410.138s][info][gc,stats    ]       Phase: Concurrent Process Non-Strong References      0.000 / 0.000         2.512 / 3.462         2.512 / 3.462         2.512 / 3.462       ms
[2021-02-13T17:21:39.356+0300][410.138s][info][gc,stats    ]       Phase: Concurrent Relocate                           0.000 / 0.000        16.878 / 18.109       16.878 / 18.109       16.878 / 18.109      ms
[2021-02-13T17:21:39.356+0300][410.138s][info][gc,stats    ]       Phase: Concurrent Reset Relocation Set               0.000 / 0.000         0.492 / 0.741         0.492 / 0.741         0.492 / 0.741       ms
[2021-02-13T17:21:39.356+0300][410.138s][info][gc,stats    ]       Phase: Concurrent Select Relocation Set              0.000 / 0.000         6.443 / 9.944         6.443 / 9.944         6.443 / 9.944       ms
[2021-02-13T17:21:39.356+0300][410.138s][info][gc,stats    ]       Phase: Pause Mark End                                0.000 / 0.000         0.250 / 0.286         0.250 / 0.286         0.250 / 0.286       ms
[2021-02-13T17:21:39.356+0300][410.138s][info][gc,stats    ]       Phase: Pause Mark Start                              0.000 / 0.000         0.377 / 0.836         0.377 / 0.836         0.377 / 0.836       ms
[2021-02-13T17:21:39.356+0300][410.138s][info][gc,stats    ]       Phase: Pause Relocate Start                          0.000 / 0.000         0.166 / 0.175         0.166 / 0.175         0.166 / 0.175       ms
[2021-02-13T17:21:39.356+0300][410.138s][info][gc,stats    ]    Subphase: Concurrent Classes Purge                      0.000 / 0.000         0.120 / 0.137         0.120 / 0.137         0.120 / 0.137       ms
[2021-02-13T17:21:39.356+0300][410.138s][info][gc,stats    ]    Subphase: Concurrent Classes Unlink                     0.000 / 0.000         1.319 / 1.645         1.319 / 1.645         1.319 / 1.645       ms
[2021-02-13T17:21:39.356+0300][410.138s][info][gc,stats    ]    Subphase: Concurrent Mark                               0.000 / 0.000       230.700 / 356.225     230.700 / 356.225     230.700 / 356.225     ms
[2021-02-13T17:21:39.356+0300][410.138s][info][gc,stats    ]    Subphase: Concurrent Mark Idle                          0.000 / 0.000         0.000 / 0.000         0.000 / 0.000         0.000 / 0.000       ms
[2021-02-13T17:21:39.356+0300][410.138s][info][gc,stats    ]    Subphase: Concurrent Mark Try Flush                     0.000 / 0.000         0.430 / 0.804         0.430 / 0.804         0.430 / 0.804       ms
[2021-02-13T17:21:39.356+0300][410.138s][info][gc,stats    ]    Subphase: Concurrent Mark Try Terminate                 0.000 / 0.000         0.266 / 0.805         0.266 / 0.805         0.266 / 0.805       ms
[2021-02-13T17:21:39.356+0300][410.138s][info][gc,stats    ]    Subphase: Concurrent References Enqueue                 0.000 / 0.000         0.004 / 0.004         0.004 / 0.004         0.004 / 0.004       ms
[2021-02-13T17:21:39.356+0300][410.138s][info][gc,stats    ]    Subphase: Concurrent References Process                 0.000 / 0.000         0.121 / 0.143         0.121 / 0.143         0.121 / 0.143       ms
[2021-02-13T17:21:39.356+0300][410.138s][info][gc,stats    ]    Subphase: Concurrent Roots                              0.000 / 0.000         0.128 / 0.182         0.128 / 0.182         0.128 / 0.182       ms
[2021-02-13T17:21:39.356+0300][410.138s][info][gc,stats    ]    Subphase: Concurrent Roots ClassLoaderDataGraph         0.000 / 0.000         0.118 / 0.169         0.118 / 0.169         0.118 / 0.169       ms
[2021-02-13T17:21:39.356+0300][410.138s][info][gc,stats    ]    Subphase: Concurrent Roots JNIHandles                   0.000 / 0.000         0.005 / 0.007         0.005 / 0.007         0.005 / 0.007       ms
[2021-02-13T17:21:39.356+0300][410.138s][info][gc,stats    ]    Subphase: Concurrent Roots Setup                        0.000 / 0.000         0.006 / 0.007         0.006 / 0.007         0.006 / 0.007       ms
[2021-02-13T17:21:39.356+0300][410.138s][info][gc,stats    ]    Subphase: Concurrent Roots Teardown                     0.000 / 0.000         0.000 / 0.000         0.000 / 0.000         0.000 / 0.000       ms
[2021-02-13T17:21:39.356+0300][410.138s][info][gc,stats    ]    Subphase: Concurrent Roots VMHandles                    0.000 / 0.000         0.004 / 0.006         0.004 / 0.006         0.004 / 0.006       ms
[2021-02-13T17:21:39.356+0300][410.138s][info][gc,stats    ]    Subphase: Concurrent Weak Roots                         0.000 / 0.000         0.425 / 0.580         0.425 / 0.580         0.425 / 0.580       ms
[2021-02-13T17:21:39.356+0300][410.138s][info][gc,stats    ]    Subphase: Concurrent Weak Roots JNIWeakHandles          0.000 / 0.000         0.000 / 0.000         0.000 / 0.000         0.000 / 0.000       ms
[2021-02-13T17:21:39.356+0300][410.138s][info][gc,stats    ]    Subphase: Concurrent Weak Roots ResolvedMethodTable     0.000 / 0.000         0.029 / 0.042         0.029 / 0.042         0.029 / 0.042       ms
[2021-02-13T17:21:39.356+0300][410.138s][info][gc,stats    ]    Subphase: Concurrent Weak Roots StringTable             0.000 / 0.000         0.383 / 0.521         0.383 / 0.521         0.383 / 0.521       ms
[2021-02-13T17:21:39.356+0300][410.139s][info][gc,stats    ]    Subphase: Concurrent Weak Roots VMWeakHandles           0.000 / 0.000         0.012 / 0.015         0.012 / 0.015         0.012 / 0.015       ms
[2021-02-13T17:21:39.356+0300][410.139s][info][gc,stats    ]    Subphase: Pause Mark Try Complete                       0.000 / 0.000         0.032 / 0.051         0.032 / 0.051         0.032 / 0.051       ms
[2021-02-13T17:21:39.356+0300][410.139s][info][gc,stats    ]    Subphase: Pause Roots                                   0.000 / 0.000         0.083 / 0.374         0.083 / 0.374         0.083 / 0.374       ms
[2021-02-13T17:21:39.356+0300][410.139s][info][gc,stats    ]    Subphase: Pause Roots CodeCache                         0.000 / 0.000         0.000 / 0.000         0.000 / 0.000         0.000 / 0.000       ms
[2021-02-13T17:21:39.356+0300][410.139s][info][gc,stats    ]    Subphase: Pause Roots JVMTIExport                       0.000 / 0.000         0.001 / 0.003         0.001 / 0.003         0.001 / 0.003       ms
[2021-02-13T17:21:39.356+0300][410.139s][info][gc,stats    ]    Subphase: Pause Roots JVMTIWeakExport                   0.000 / 0.000         0.005 / 0.013         0.005 / 0.013         0.005 / 0.013       ms
[2021-02-13T17:21:39.356+0300][410.139s][info][gc,stats    ]    Subphase: Pause Roots Java Threads                      0.000 / 0.000         0.075 / 0.373         0.075 / 0.373         0.075 / 0.373       ms
[2021-02-13T17:21:39.356+0300][410.139s][info][gc,stats    ]    Subphase: Pause Roots Management                        0.000 / 0.000         0.007 / 0.025         0.007 / 0.025         0.007 / 0.025       ms
[2021-02-13T17:21:39.356+0300][410.139s][info][gc,stats    ]    Subphase: Pause Roots ObjectSynchronizer                0.000 / 0.000         0.000 / 0.000         0.000 / 0.000         0.000 / 0.000       ms
[2021-02-13T17:21:39.356+0300][410.139s][info][gc,stats    ]    Subphase: Pause Roots Setup                             0.000 / 0.000         0.000 / 0.001         0.000 / 0.001         0.000 / 0.001       ms
[2021-02-13T17:21:39.356+0300][410.139s][info][gc,stats    ]    Subphase: Pause Roots Teardown                          0.000 / 0.000         0.001 / 0.002         0.001 / 0.002         0.001 / 0.002       ms
[2021-02-13T17:21:39.356+0300][410.139s][info][gc,stats    ]    Subphase: Pause Roots Universe                          0.000 / 0.000         0.010 / 0.027         0.010 / 0.027         0.010 / 0.027       ms
[2021-02-13T17:21:39.356+0300][410.139s][info][gc,stats    ]    Subphase: Pause Roots VM Thread                         0.000 / 0.000         0.005 / 0.028         0.005 / 0.028         0.005 / 0.028       ms
[2021-02-13T17:21:39.356+0300][410.139s][info][gc,stats    ]    Subphase: Pause Weak Roots                              0.000 / 0.000         0.001 / 0.005         0.001 / 0.005         0.001 / 0.005       ms
[2021-02-13T17:21:39.356+0300][410.139s][info][gc,stats    ]    Subphase: Pause Weak Roots JFRWeak                      0.000 / 0.000         0.000 / 0.000         0.000 / 0.000         0.000 / 0.000       ms
[2021-02-13T17:21:39.357+0300][410.139s][info][gc,stats    ]    Subphase: Pause Weak Roots JVMTIWeakExport              0.000 / 0.000         0.002 / 0.005         0.002 / 0.005         0.002 / 0.005       ms
[2021-02-13T17:21:39.357+0300][410.139s][info][gc,stats    ]    Subphase: Pause Weak Roots Setup                        0.000 / 0.000         0.000 / 0.000         0.000 / 0.000         0.000 / 0.000       ms
[2021-02-13T17:21:39.357+0300][410.139s][info][gc,stats    ]    Subphase: Pause Weak Roots Teardown                     0.000 / 0.000         0.000 / 0.000         0.000 / 0.000         0.000 / 0.000       ms
[2021-02-13T17:21:39.357+0300][410.139s][info][gc,stats    ]      System: Java Threads                                      0 / 0                16 / 16               16 / 16               16 / 16          threads
[2021-02-13T17:21:39.357+0300][410.139s][info][gc,stats    ] =========================================================================================================================================================
[2021-02-13T17:21:49.353+0300][420.135s][info][gc,stats    ] === Garbage Collection Statistics =======================================================================================================================
[2021-02-13T17:21:49.353+0300][420.135s][info][gc,stats    ]                                                              Last 10s              Last 10m              Last 10h                Total
[2021-02-13T17:21:49.353+0300][420.135s][info][gc,stats    ]                                                              Avg / Max             Avg / Max             Avg / Max             Avg / Max
[2021-02-13T17:21:49.353+0300][420.135s][info][gc,stats    ]   Collector: Garbage Collection Cycle                      0.000 / 0.000       260.121 / 386.588     260.121 / 386.588     260.121 / 386.588     ms
[2021-02-13T17:21:49.353+0300][420.135s][info][gc,stats    ]  Contention: Mark Segment Reset Contention                     0 / 0                 0 / 0                 0 / 0                 0 / 0           ops/s
[2021-02-13T17:21:49.353+0300][420.135s][info][gc,stats    ]  Contention: Mark SeqNum Reset Contention                      0 / 0                 0 / 0                 0 / 0                 0 / 0           ops/s
[2021-02-13T17:21:49.353+0300][420.135s][info][gc,stats    ]  Contention: Relocation Contention                             0 / 0                 0 / 1                 0 / 1                 0 / 1           ops/s
[2021-02-13T17:21:49.353+0300][420.135s][info][gc,stats    ]    Critical: Allocation Stall                              0.000 / 0.000         0.000 / 0.000         0.000 / 0.000         0.000 / 0.000       ms
[2021-02-13T17:21:49.353+0300][420.135s][info][gc,stats    ]    Critical: Allocation Stall                                  0 / 0                 0 / 0                 0 / 0                 0 / 0           ops/s
[2021-02-13T17:21:49.353+0300][420.135s][info][gc,stats    ]    Critical: GC Locker Stall                               0.000 / 0.000         0.000 / 0.000         0.000 / 0.000         0.000 / 0.000       ms
[2021-02-13T17:21:49.353+0300][420.135s][info][gc,stats    ]    Critical: GC Locker Stall                                   0 / 0                 0 / 0                 0 / 0                 0 / 0           ops/s
[2021-02-13T17:21:49.353+0300][420.135s][info][gc,stats    ]      Memory: Allocation Rate                                   0 / 2                 3 / 1082              3 / 1082              3 / 1082        MB/s
[2021-02-13T17:21:49.353+0300][420.135s][info][gc,stats    ]      Memory: Heap Used After Mark                              0 / 0               215 / 312             215 / 312             215 / 312         MB
[2021-02-13T17:21:49.353+0300][420.135s][info][gc,stats    ]      Memory: Heap Used After Relocation                        0 / 0               130 / 190             130 / 190             130 / 190         MB
[2021-02-13T17:21:49.353+0300][420.135s][info][gc,stats    ]      Memory: Heap Used Before Mark                             0 / 0               215 / 312             215 / 312             215 / 312         MB
[2021-02-13T17:21:49.353+0300][420.135s][info][gc,stats    ]      Memory: Heap Used Before Relocation                       0 / 0               192 / 288             192 / 288             192 / 288         MB
[2021-02-13T17:21:49.353+0300][420.135s][info][gc,stats    ]      Memory: Out Of Memory                                     0 / 0                 0 / 0                 0 / 0                 0 / 0           ops/s
[2021-02-13T17:21:49.353+0300][420.135s][info][gc,stats    ]      Memory: Page Cache Flush                                  0 / 0                 0 / 0                 0 / 0                 0 / 0           MB/s
[2021-02-13T17:21:49.353+0300][420.135s][info][gc,stats    ]      Memory: Page Cache Hit L1                                 0 / 1                 0 / 11                0 / 11                0 / 11          ops/s
[2021-02-13T17:21:49.353+0300][420.135s][info][gc,stats    ]      Memory: Page Cache Hit L2                                 0 / 0                 0 / 0                 0 / 0                 0 / 0           ops/s
[2021-02-13T17:21:49.353+0300][420.135s][info][gc,stats    ]      Memory: Page Cache Hit L3                                 0 / 0                 0 / 14                0 / 14                0 / 14          ops/s
[2021-02-13T17:21:49.353+0300][420.135s][info][gc,stats    ]      Memory: Page Cache Miss                                   0 / 0                 0 / 0                 0 / 0                 0 / 0           ops/s
[2021-02-13T17:21:49.353+0300][420.135s][info][gc,stats    ]      Memory: Uncommit                                          0 / 0                 0 / 0                 0 / 0                 0 / 0           MB/s
[2021-02-13T17:21:49.353+0300][420.135s][info][gc,stats    ]      Memory: Undo Object Allocation Failed                     0 / 0                 0 / 0                 0 / 0                 0 / 0           ops/s
[2021-02-13T17:21:49.353+0300][420.135s][info][gc,stats    ]      Memory: Undo Object Allocation Succeeded                  0 / 0                 0 / 1                 0 / 1                 0 / 1           ops/s
[2021-02-13T17:21:49.353+0300][420.135s][info][gc,stats    ]      Memory: Undo Page Allocation                              0 / 0                 0 / 0                 0 / 0                 0 / 0           ops/s
[2021-02-13T17:21:49.353+0300][420.135s][info][gc,stats    ]       Phase: Concurrent Mark                               0.000 / 0.000       230.999 / 356.582     230.999 / 356.582     230.999 / 356.582     ms
[2021-02-13T17:21:49.353+0300][420.135s][info][gc,stats    ]       Phase: Concurrent Mark Continue                      0.000 / 0.000         0.000 / 0.000         0.000 / 0.000         0.000 / 0.000       ms
[2021-02-13T17:21:49.353+0300][420.135s][info][gc,stats    ]       Phase: Concurrent Process Non-Strong References      0.000 / 0.000         2.512 / 3.462         2.512 / 3.462         2.512 / 3.462       ms
[2021-02-13T17:21:49.353+0300][420.135s][info][gc,stats    ]       Phase: Concurrent Relocate                           0.000 / 0.000        16.878 / 18.109       16.878 / 18.109       16.878 / 18.109      ms
[2021-02-13T17:21:49.353+0300][420.135s][info][gc,stats    ]       Phase: Concurrent Reset Relocation Set               0.000 / 0.000         0.492 / 0.741         0.492 / 0.741         0.492 / 0.741       ms
[2021-02-13T17:21:49.353+0300][420.135s][info][gc,stats    ]       Phase: Concurrent Select Relocation Set              0.000 / 0.000         6.443 / 9.944         6.443 / 9.944         6.443 / 9.944       ms
[2021-02-13T17:21:49.353+0300][420.135s][info][gc,stats    ]       Phase: Pause Mark End                                0.000 / 0.000         0.250 / 0.286         0.250 / 0.286         0.250 / 0.286       ms
[2021-02-13T17:21:49.353+0300][420.135s][info][gc,stats    ]       Phase: Pause Mark Start                              0.000 / 0.000         0.377 / 0.836         0.377 / 0.836         0.377 / 0.836       ms
[2021-02-13T17:21:49.353+0300][420.135s][info][gc,stats    ]       Phase: Pause Relocate Start                          0.000 / 0.000         0.166 / 0.175         0.166 / 0.175         0.166 / 0.175       ms
[2021-02-13T17:21:49.353+0300][420.135s][info][gc,stats    ]    Subphase: Concurrent Classes Purge                      0.000 / 0.000         0.120 / 0.137         0.120 / 0.137         0.120 / 0.137       ms
[2021-02-13T17:21:49.353+0300][420.135s][info][gc,stats    ]    Subphase: Concurrent Classes Unlink                     0.000 / 0.000         1.319 / 1.645         1.319 / 1.645         1.319 / 1.645       ms
[2021-02-13T17:21:49.353+0300][420.135s][info][gc,stats    ]    Subphase: Concurrent Mark                               0.000 / 0.000       230.700 / 356.225     230.700 / 356.225     230.700 / 356.225     ms
[2021-02-13T17:21:49.353+0300][420.135s][info][gc,stats    ]    Subphase: Concurrent Mark Idle                          0.000 / 0.000         0.000 / 0.000         0.000 / 0.000         0.000 / 0.000       ms
[2021-02-13T17:21:49.353+0300][420.135s][info][gc,stats    ]    Subphase: Concurrent Mark Try Flush                     0.000 / 0.000         0.430 / 0.804         0.430 / 0.804         0.430 / 0.804       ms
[2021-02-13T17:21:49.353+0300][420.135s][info][gc,stats    ]    Subphase: Concurrent Mark Try Terminate                 0.000 / 0.000         0.266 / 0.805         0.266 / 0.805         0.266 / 0.805       ms
[2021-02-13T17:21:49.353+0300][420.135s][info][gc,stats    ]    Subphase: Concurrent References Enqueue                 0.000 / 0.000         0.004 / 0.004         0.004 / 0.004         0.004 / 0.004       ms
[2021-02-13T17:21:49.353+0300][420.135s][info][gc,stats    ]    Subphase: Concurrent References Process                 0.000 / 0.000         0.121 / 0.143         0.121 / 0.143         0.121 / 0.143       ms
[2021-02-13T17:21:49.353+0300][420.135s][info][gc,stats    ]    Subphase: Concurrent Roots                              0.000 / 0.000         0.128 / 0.182         0.128 / 0.182         0.128 / 0.182       ms
[2021-02-13T17:21:49.353+0300][420.135s][info][gc,stats    ]    Subphase: Concurrent Roots ClassLoaderDataGraph         0.000 / 0.000         0.118 / 0.169         0.118 / 0.169         0.118 / 0.169       ms
[2021-02-13T17:21:49.353+0300][420.135s][info][gc,stats    ]    Subphase: Concurrent Roots JNIHandles                   0.000 / 0.000         0.005 / 0.007         0.005 / 0.007         0.005 / 0.007       ms
[2021-02-13T17:21:49.353+0300][420.135s][info][gc,stats    ]    Subphase: Concurrent Roots Setup                        0.000 / 0.000         0.006 / 0.007         0.006 / 0.007         0.006 / 0.007       ms
[2021-02-13T17:21:49.353+0300][420.135s][info][gc,stats    ]    Subphase: Concurrent Roots Teardown                     0.000 / 0.000         0.000 / 0.000         0.000 / 0.000         0.000 / 0.000       ms
[2021-02-13T17:21:49.353+0300][420.135s][info][gc,stats    ]    Subphase: Concurrent Roots VMHandles                    0.000 / 0.000         0.004 / 0.006         0.004 / 0.006         0.004 / 0.006       ms
[2021-02-13T17:21:49.353+0300][420.136s][info][gc,stats    ]    Subphase: Concurrent Weak Roots                         0.000 / 0.000         0.425 / 0.580         0.425 / 0.580         0.425 / 0.580       ms
[2021-02-13T17:21:49.353+0300][420.136s][info][gc,stats    ]    Subphase: Concurrent Weak Roots JNIWeakHandles          0.000 / 0.000         0.000 / 0.000         0.000 / 0.000         0.000 / 0.000       ms
[2021-02-13T17:21:49.353+0300][420.136s][info][gc,stats    ]    Subphase: Concurrent Weak Roots ResolvedMethodTable     0.000 / 0.000         0.029 / 0.042         0.029 / 0.042         0.029 / 0.042       ms
[2021-02-13T17:21:49.353+0300][420.136s][info][gc,stats    ]    Subphase: Concurrent Weak Roots StringTable             0.000 / 0.000         0.383 / 0.521         0.383 / 0.521         0.383 / 0.521       ms
[2021-02-13T17:21:49.353+0300][420.136s][info][gc,stats    ]    Subphase: Concurrent Weak Roots VMWeakHandles           0.000 / 0.000         0.012 / 0.015         0.012 / 0.015         0.012 / 0.015       ms
[2021-02-13T17:21:49.353+0300][420.136s][info][gc,stats    ]    Subphase: Pause Mark Try Complete                       0.000 / 0.000         0.032 / 0.051         0.032 / 0.051         0.032 / 0.051       ms
[2021-02-13T17:21:49.353+0300][420.136s][info][gc,stats    ]    Subphase: Pause Roots                                   0.000 / 0.000         0.083 / 0.374         0.083 / 0.374         0.083 / 0.374       ms
[2021-02-13T17:21:49.353+0300][420.136s][info][gc,stats    ]    Subphase: Pause Roots CodeCache                         0.000 / 0.000         0.000 / 0.000         0.000 / 0.000         0.000 / 0.000       ms
[2021-02-13T17:21:49.353+0300][420.136s][info][gc,stats    ]    Subphase: Pause Roots JVMTIExport                       0.000 / 0.000         0.001 / 0.003         0.001 / 0.003         0.001 / 0.003       ms
[2021-02-13T17:21:49.353+0300][420.136s][info][gc,stats    ]    Subphase: Pause Roots JVMTIWeakExport                   0.000 / 0.000         0.005 / 0.013         0.005 / 0.013         0.005 / 0.013       ms
[2021-02-13T17:21:49.353+0300][420.136s][info][gc,stats    ]    Subphase: Pause Roots Java Threads                      0.000 / 0.000         0.075 / 0.373         0.075 / 0.373         0.075 / 0.373       ms
[2021-02-13T17:21:49.353+0300][420.136s][info][gc,stats    ]    Subphase: Pause Roots Management                        0.000 / 0.000         0.007 / 0.025         0.007 / 0.025         0.007 / 0.025       ms
[2021-02-13T17:21:49.353+0300][420.136s][info][gc,stats    ]    Subphase: Pause Roots ObjectSynchronizer                0.000 / 0.000         0.000 / 0.000         0.000 / 0.000         0.000 / 0.000       ms
[2021-02-13T17:21:49.353+0300][420.136s][info][gc,stats    ]    Subphase: Pause Roots Setup                             0.000 / 0.000         0.000 / 0.001         0.000 / 0.001         0.000 / 0.001       ms
[2021-02-13T17:21:49.353+0300][420.136s][info][gc,stats    ]    Subphase: Pause Roots Teardown                          0.000 / 0.000         0.001 / 0.002         0.001 / 0.002         0.001 / 0.002       ms
[2021-02-13T17:21:49.353+0300][420.136s][info][gc,stats    ]    Subphase: Pause Roots Universe                          0.000 / 0.000         0.010 / 0.027         0.010 / 0.027         0.010 / 0.027       ms
[2021-02-13T17:21:49.353+0300][420.136s][info][gc,stats    ]    Subphase: Pause Roots VM Thread                         0.000 / 0.000         0.005 / 0.028         0.005 / 0.028         0.005 / 0.028       ms
[2021-02-13T17:21:49.353+0300][420.136s][info][gc,stats    ]    Subphase: Pause Weak Roots                              0.000 / 0.000         0.001 / 0.005         0.001 / 0.005         0.001 / 0.005       ms
[2021-02-13T17:21:49.354+0300][420.136s][info][gc,stats    ]    Subphase: Pause Weak Roots JFRWeak                      0.000 / 0.000         0.000 / 0.000         0.000 / 0.000         0.000 / 0.000       ms
[2021-02-13T17:21:49.354+0300][420.136s][info][gc,stats    ]    Subphase: Pause Weak Roots JVMTIWeakExport              0.000 / 0.000         0.002 / 0.005         0.002 / 0.005         0.002 / 0.005       ms
[2021-02-13T17:21:49.354+0300][420.136s][info][gc,stats    ]    Subphase: Pause Weak Roots Setup                        0.000 / 0.000         0.000 / 0.000         0.000 / 0.000         0.000 / 0.000       ms
[2021-02-13T17:21:49.354+0300][420.136s][info][gc,stats    ]    Subphase: Pause Weak Roots Teardown                     0.000 / 0.000         0.000 / 0.000         0.000 / 0.000         0.000 / 0.000       ms
[2021-02-13T17:21:49.354+0300][420.136s][info][gc,stats    ]      System: Java Threads                                      0 / 0                16 / 16               16 / 16               16 / 16          threads
[2021-02-13T17:21:49.354+0300][420.136s][info][gc,stats    ] =========================================================================================================================================================
[2021-02-13T17:21:59.351+0300][430.133s][info][gc,stats    ] === Garbage Collection Statistics =======================================================================================================================
[2021-02-13T17:21:59.351+0300][430.133s][info][gc,stats    ]                                                              Last 10s              Last 10m              Last 10h                Total
[2021-02-13T17:21:59.351+0300][430.133s][info][gc,stats    ]                                                              Avg / Max             Avg / Max             Avg / Max             Avg / Max
[2021-02-13T17:21:59.351+0300][430.133s][info][gc,stats    ]   Collector: Garbage Collection Cycle                      0.000 / 0.000       260.121 / 386.588     260.121 / 386.588     260.121 / 386.588     ms
[2021-02-13T17:21:59.351+0300][430.133s][info][gc,stats    ]  Contention: Mark Segment Reset Contention                     0 / 0                 0 / 0                 0 / 0                 0 / 0           ops/s
[2021-02-13T17:21:59.351+0300][430.133s][info][gc,stats    ]  Contention: Mark SeqNum Reset Contention                      0 / 0                 0 / 0                 0 / 0                 0 / 0           ops/s
[2021-02-13T17:21:59.351+0300][430.133s][info][gc,stats    ]  Contention: Relocation Contention                             0 / 0                 0 / 1                 0 / 1                 0 / 1           ops/s
[2021-02-13T17:21:59.351+0300][430.133s][info][gc,stats    ]    Critical: Allocation Stall                              0.000 / 0.000         0.000 / 0.000         0.000 / 0.000         0.000 / 0.000       ms
[2021-02-13T17:21:59.351+0300][430.133s][info][gc,stats    ]    Critical: Allocation Stall                                  0 / 0                 0 / 0                 0 / 0                 0 / 0           ops/s
[2021-02-13T17:21:59.351+0300][430.133s][info][gc,stats    ]    Critical: GC Locker Stall                               0.000 / 0.000         0.000 / 0.000         0.000 / 0.000         0.000 / 0.000       ms
[2021-02-13T17:21:59.351+0300][430.133s][info][gc,stats    ]    Critical: GC Locker Stall                                   0 / 0                 0 / 0                 0 / 0                 0 / 0           ops/s
[2021-02-13T17:21:59.351+0300][430.133s][info][gc,stats    ]      Memory: Allocation Rate                                   0 / 2                 3 / 1082              3 / 1082              3 / 1082        MB/s
[2021-02-13T17:21:59.351+0300][430.133s][info][gc,stats    ]      Memory: Heap Used After Mark                              0 / 0               215 / 312             215 / 312             215 / 312         MB
[2021-02-13T17:21:59.351+0300][430.133s][info][gc,stats    ]      Memory: Heap Used After Relocation                        0 / 0               130 / 190             130 / 190             130 / 190         MB
[2021-02-13T17:21:59.351+0300][430.133s][info][gc,stats    ]      Memory: Heap Used Before Mark                             0 / 0               215 / 312             215 / 312             215 / 312         MB
[2021-02-13T17:21:59.351+0300][430.133s][info][gc,stats    ]      Memory: Heap Used Before Relocation                       0 / 0               192 / 288             192 / 288             192 / 288         MB
[2021-02-13T17:21:59.351+0300][430.133s][info][gc,stats    ]      Memory: Out Of Memory                                     0 / 0                 0 / 0                 0 / 0                 0 / 0           ops/s
[2021-02-13T17:21:59.351+0300][430.133s][info][gc,stats    ]      Memory: Page Cache Flush                                  0 / 0                 0 / 0                 0 / 0                 0 / 0           MB/s
[2021-02-13T17:21:59.351+0300][430.133s][info][gc,stats    ]      Memory: Page Cache Hit L1                                 0 / 1                 0 / 11                0 / 11                0 / 11          ops/s
[2021-02-13T17:21:59.351+0300][430.133s][info][gc,stats    ]      Memory: Page Cache Hit L2                                 0 / 0                 0 / 0                 0 / 0                 0 / 0           ops/s
[2021-02-13T17:21:59.351+0300][430.133s][info][gc,stats    ]      Memory: Page Cache Hit L3                                 0 / 0                 0 / 14                0 / 14                0 / 14          ops/s
[2021-02-13T17:21:59.351+0300][430.133s][info][gc,stats    ]      Memory: Page Cache Miss                                   0 / 0                 0 / 0                 0 / 0                 0 / 0           ops/s
[2021-02-13T17:21:59.351+0300][430.133s][info][gc,stats    ]      Memory: Uncommit                                          0 / 0                 0 / 0                 0 / 0                 0 / 0           MB/s
[2021-02-13T17:21:59.351+0300][430.133s][info][gc,stats    ]      Memory: Undo Object Allocation Failed                     0 / 0                 0 / 0                 0 / 0                 0 / 0           ops/s
[2021-02-13T17:21:59.351+0300][430.133s][info][gc,stats    ]      Memory: Undo Object Allocation Succeeded                  0 / 0                 0 / 1                 0 / 1                 0 / 1           ops/s
[2021-02-13T17:21:59.351+0300][430.133s][info][gc,stats    ]      Memory: Undo Page Allocation                              0 / 0                 0 / 0                 0 / 0                 0 / 0           ops/s
[2021-02-13T17:21:59.351+0300][430.133s][info][gc,stats    ]       Phase: Concurrent Mark                               0.000 / 0.000       230.999 / 356.582     230.999 / 356.582     230.999 / 356.582     ms
[2021-02-13T17:21:59.351+0300][430.133s][info][gc,stats    ]       Phase: Concurrent Mark Continue                      0.000 / 0.000         0.000 / 0.000         0.000 / 0.000         0.000 / 0.000       ms
[2021-02-13T17:21:59.351+0300][430.133s][info][gc,stats    ]       Phase: Concurrent Process Non-Strong References      0.000 / 0.000         2.512 / 3.462         2.512 / 3.462         2.512 / 3.462       ms
[2021-02-13T17:21:59.351+0300][430.133s][info][gc,stats    ]       Phase: Concurrent Relocate                           0.000 / 0.000        16.878 / 18.109       16.878 / 18.109       16.878 / 18.109      ms
[2021-02-13T17:21:59.351+0300][430.133s][info][gc,stats    ]       Phase: Concurrent Reset Relocation Set               0.000 / 0.000         0.492 / 0.741         0.492 / 0.741         0.492 / 0.741       ms
[2021-02-13T17:21:59.351+0300][430.133s][info][gc,stats    ]       Phase: Concurrent Select Relocation Set              0.000 / 0.000         6.443 / 9.944         6.443 / 9.944         6.443 / 9.944       ms
[2021-02-13T17:21:59.351+0300][430.133s][info][gc,stats    ]       Phase: Pause Mark End                                0.000 / 0.000         0.250 / 0.286         0.250 / 0.286         0.250 / 0.286       ms
[2021-02-13T17:21:59.351+0300][430.133s][info][gc,stats    ]       Phase: Pause Mark Start                              0.000 / 0.000         0.377 / 0.836         0.377 / 0.836         0.377 / 0.836       ms
[2021-02-13T17:21:59.351+0300][430.133s][info][gc,stats    ]       Phase: Pause Relocate Start                          0.000 / 0.000         0.166 / 0.175         0.166 / 0.175         0.166 / 0.175       ms
[2021-02-13T17:21:59.351+0300][430.133s][info][gc,stats    ]    Subphase: Concurrent Classes Purge                      0.000 / 0.000         0.120 / 0.137         0.120 / 0.137         0.120 / 0.137       ms
[2021-02-13T17:21:59.351+0300][430.133s][info][gc,stats    ]    Subphase: Concurrent Classes Unlink                     0.000 / 0.000         1.319 / 1.645         1.319 / 1.645         1.319 / 1.645       ms
[2021-02-13T17:21:59.351+0300][430.133s][info][gc,stats    ]    Subphase: Concurrent Mark                               0.000 / 0.000       230.700 / 356.225     230.700 / 356.225     230.700 / 356.225     ms
[2021-02-13T17:21:59.351+0300][430.133s][info][gc,stats    ]    Subphase: Concurrent Mark Idle                          0.000 / 0.000         0.000 / 0.000         0.000 / 0.000         0.000 / 0.000       ms
[2021-02-13T17:21:59.351+0300][430.133s][info][gc,stats    ]    Subphase: Concurrent Mark Try Flush                     0.000 / 0.000         0.430 / 0.804         0.430 / 0.804         0.430 / 0.804       ms
[2021-02-13T17:21:59.351+0300][430.133s][info][gc,stats    ]    Subphase: Concurrent Mark Try Terminate                 0.000 / 0.000         0.266 / 0.805         0.266 / 0.805         0.266 / 0.805       ms
[2021-02-13T17:21:59.351+0300][430.133s][info][gc,stats    ]    Subphase: Concurrent References Enqueue                 0.000 / 0.000         0.004 / 0.004         0.004 / 0.004         0.004 / 0.004       ms
[2021-02-13T17:21:59.351+0300][430.133s][info][gc,stats    ]    Subphase: Concurrent References Process                 0.000 / 0.000         0.121 / 0.143         0.121 / 0.143         0.121 / 0.143       ms
[2021-02-13T17:21:59.351+0300][430.133s][info][gc,stats    ]    Subphase: Concurrent Roots                              0.000 / 0.000         0.128 / 0.182         0.128 / 0.182         0.128 / 0.182       ms
[2021-02-13T17:21:59.351+0300][430.133s][info][gc,stats    ]    Subphase: Concurrent Roots ClassLoaderDataGraph         0.000 / 0.000         0.118 / 0.169         0.118 / 0.169         0.118 / 0.169       ms
[2021-02-13T17:21:59.351+0300][430.133s][info][gc,stats    ]    Subphase: Concurrent Roots JNIHandles                   0.000 / 0.000         0.005 / 0.007         0.005 / 0.007         0.005 / 0.007       ms
[2021-02-13T17:21:59.351+0300][430.133s][info][gc,stats    ]    Subphase: Concurrent Roots Setup                        0.000 / 0.000         0.006 / 0.007         0.006 / 0.007         0.006 / 0.007       ms
[2021-02-13T17:21:59.351+0300][430.133s][info][gc,stats    ]    Subphase: Concurrent Roots Teardown                     0.000 / 0.000         0.000 / 0.000         0.000 / 0.000         0.000 / 0.000       ms
[2021-02-13T17:21:59.351+0300][430.133s][info][gc,stats    ]    Subphase: Concurrent Roots VMHandles                    0.000 / 0.000         0.004 / 0.006         0.004 / 0.006         0.004 / 0.006       ms
[2021-02-13T17:21:59.351+0300][430.133s][info][gc,stats    ]    Subphase: Concurrent Weak Roots                         0.000 / 0.000         0.425 / 0.580         0.425 / 0.580         0.425 / 0.580       ms
[2021-02-13T17:21:59.351+0300][430.133s][info][gc,stats    ]    Subphase: Concurrent Weak Roots JNIWeakHandles          0.000 / 0.000         0.000 / 0.000         0.000 / 0.000         0.000 / 0.000       ms
[2021-02-13T17:21:59.351+0300][430.133s][info][gc,stats    ]    Subphase: Concurrent Weak Roots ResolvedMethodTable     0.000 / 0.000         0.029 / 0.042         0.029 / 0.042         0.029 / 0.042       ms
[2021-02-13T17:21:59.351+0300][430.133s][info][gc,stats    ]    Subphase: Concurrent Weak Roots StringTable             0.000 / 0.000         0.383 / 0.521         0.383 / 0.521         0.383 / 0.521       ms
[2021-02-13T17:21:59.351+0300][430.134s][info][gc,stats    ]    Subphase: Concurrent Weak Roots VMWeakHandles           0.000 / 0.000         0.012 / 0.015         0.012 / 0.015         0.012 / 0.015       ms
[2021-02-13T17:21:59.351+0300][430.134s][info][gc,stats    ]    Subphase: Pause Mark Try Complete                       0.000 / 0.000         0.032 / 0.051         0.032 / 0.051         0.032 / 0.051       ms
[2021-02-13T17:21:59.351+0300][430.134s][info][gc,stats    ]    Subphase: Pause Roots                                   0.000 / 0.000         0.083 / 0.374         0.083 / 0.374         0.083 / 0.374       ms
[2021-02-13T17:21:59.351+0300][430.134s][info][gc,stats    ]    Subphase: Pause Roots CodeCache                         0.000 / 0.000         0.000 / 0.000         0.000 / 0.000         0.000 / 0.000       ms
[2021-02-13T17:21:59.351+0300][430.134s][info][gc,stats    ]    Subphase: Pause Roots JVMTIExport                       0.000 / 0.000         0.001 / 0.003         0.001 / 0.003         0.001 / 0.003       ms
[2021-02-13T17:21:59.351+0300][430.134s][info][gc,stats    ]    Subphase: Pause Roots JVMTIWeakExport                   0.000 / 0.000         0.005 / 0.013         0.005 / 0.013         0.005 / 0.013       ms
[2021-02-13T17:21:59.351+0300][430.134s][info][gc,stats    ]    Subphase: Pause Roots Java Threads                      0.000 / 0.000         0.075 / 0.373         0.075 / 0.373         0.075 / 0.373       ms
[2021-02-13T17:21:59.351+0300][430.134s][info][gc,stats    ]    Subphase: Pause Roots Management                        0.000 / 0.000         0.007 / 0.025         0.007 / 0.025         0.007 / 0.025       ms
[2021-02-13T17:21:59.351+0300][430.134s][info][gc,stats    ]    Subphase: Pause Roots ObjectSynchronizer                0.000 / 0.000         0.000 / 0.000         0.000 / 0.000         0.000 / 0.000       ms
[2021-02-13T17:21:59.351+0300][430.134s][info][gc,stats    ]    Subphase: Pause Roots Setup                             0.000 / 0.000         0.000 / 0.001         0.000 / 0.001         0.000 / 0.001       ms
[2021-02-13T17:21:59.351+0300][430.134s][info][gc,stats    ]    Subphase: Pause Roots Teardown                          0.000 / 0.000         0.001 / 0.002         0.001 / 0.002         0.001 / 0.002       ms
[2021-02-13T17:21:59.351+0300][430.134s][info][gc,stats    ]    Subphase: Pause Roots Universe                          0.000 / 0.000         0.010 / 0.027         0.010 / 0.027         0.010 / 0.027       ms
[2021-02-13T17:21:59.351+0300][430.134s][info][gc,stats    ]    Subphase: Pause Roots VM Thread                         0.000 / 0.000         0.005 / 0.028         0.005 / 0.028         0.005 / 0.028       ms
[2021-02-13T17:21:59.351+0300][430.134s][info][gc,stats    ]    Subphase: Pause Weak Roots                              0.000 / 0.000         0.001 / 0.005         0.001 / 0.005         0.001 / 0.005       ms
[2021-02-13T17:21:59.351+0300][430.134s][info][gc,stats    ]    Subphase: Pause Weak Roots JFRWeak                      0.000 / 0.000         0.000 / 0.000         0.000 / 0.000         0.000 / 0.000       ms
[2021-02-13T17:21:59.351+0300][430.134s][info][gc,stats    ]    Subphase: Pause Weak Roots JVMTIWeakExport              0.000 / 0.000         0.002 / 0.005         0.002 / 0.005         0.002 / 0.005       ms
[2021-02-13T17:21:59.351+0300][430.134s][info][gc,stats    ]    Subphase: Pause Weak Roots Setup                        0.000 / 0.000         0.000 / 0.000         0.000 / 0.000         0.000 / 0.000       ms
[2021-02-13T17:21:59.352+0300][430.134s][info][gc,stats    ]    Subphase: Pause Weak Roots Teardown                     0.000 / 0.000         0.000 / 0.000         0.000 / 0.000         0.000 / 0.000       ms
[2021-02-13T17:21:59.352+0300][430.134s][info][gc,stats    ]      System: Java Threads                                      0 / 0                16 / 16               16 / 16               16 / 16          threads
[2021-02-13T17:21:59.352+0300][430.134s][info][gc,stats    ] =========================================================================================================================================================
[2021-02-13T17:22:09.357+0300][440.139s][info][gc,stats    ] === Garbage Collection Statistics =======================================================================================================================
[2021-02-13T17:22:09.357+0300][440.139s][info][gc,stats    ]                                                              Last 10s              Last 10m              Last 10h                Total
[2021-02-13T17:22:09.357+0300][440.139s][info][gc,stats    ]                                                              Avg / Max             Avg / Max             Avg / Max             Avg / Max
[2021-02-13T17:22:09.357+0300][440.139s][info][gc,stats    ]   Collector: Garbage Collection Cycle                      0.000 / 0.000       260.121 / 386.588     260.121 / 386.588     260.121 / 386.588     ms
[2021-02-13T17:22:09.357+0300][440.139s][info][gc,stats    ]  Contention: Mark Segment Reset Contention                     0 / 0                 0 / 0                 0 / 0                 0 / 0           ops/s
[2021-02-13T17:22:09.357+0300][440.139s][info][gc,stats    ]  Contention: Mark SeqNum Reset Contention                      0 / 0                 0 / 0                 0 / 0                 0 / 0           ops/s
[2021-02-13T17:22:09.357+0300][440.139s][info][gc,stats    ]  Contention: Relocation Contention                             0 / 0                 0 / 1                 0 / 1                 0 / 1           ops/s
[2021-02-13T17:22:09.357+0300][440.139s][info][gc,stats    ]    Critical: Allocation Stall                              0.000 / 0.000         0.000 / 0.000         0.000 / 0.000         0.000 / 0.000       ms
[2021-02-13T17:22:09.357+0300][440.139s][info][gc,stats    ]    Critical: Allocation Stall                                  0 / 0                 0 / 0                 0 / 0                 0 / 0           ops/s
[2021-02-13T17:22:09.357+0300][440.139s][info][gc,stats    ]    Critical: GC Locker Stall                               0.000 / 0.000         0.000 / 0.000         0.000 / 0.000         0.000 / 0.000       ms
[2021-02-13T17:22:09.357+0300][440.139s][info][gc,stats    ]    Critical: GC Locker Stall                                   0 / 0                 0 / 0                 0 / 0                 0 / 0           ops/s
[2021-02-13T17:22:09.357+0300][440.139s][info][gc,stats    ]      Memory: Allocation Rate                                   0 / 0                 3 / 1082              3 / 1082              3 / 1082        MB/s
[2021-02-13T17:22:09.357+0300][440.139s][info][gc,stats    ]      Memory: Heap Used After Mark                              0 / 0               215 / 312             215 / 312             215 / 312         MB
[2021-02-13T17:22:09.357+0300][440.139s][info][gc,stats    ]      Memory: Heap Used After Relocation                        0 / 0               130 / 190             130 / 190             130 / 190         MB
[2021-02-13T17:22:09.357+0300][440.139s][info][gc,stats    ]      Memory: Heap Used Before Mark                             0 / 0               215 / 312             215 / 312             215 / 312         MB
[2021-02-13T17:22:09.357+0300][440.139s][info][gc,stats    ]      Memory: Heap Used Before Relocation                       0 / 0               192 / 288             192 / 288             192 / 288         MB
[2021-02-13T17:22:09.357+0300][440.139s][info][gc,stats    ]      Memory: Out Of Memory                                     0 / 0                 0 / 0                 0 / 0                 0 / 0           ops/s
[2021-02-13T17:22:09.357+0300][440.139s][info][gc,stats    ]      Memory: Page Cache Flush                                  0 / 0                 0 / 0                 0 / 0                 0 / 0           MB/s
[2021-02-13T17:22:09.357+0300][440.139s][info][gc,stats    ]      Memory: Page Cache Hit L1                                 0 / 0                 0 / 11                0 / 11                0 / 11          ops/s
[2021-02-13T17:22:09.357+0300][440.139s][info][gc,stats    ]      Memory: Page Cache Hit L2                                 0 / 0                 0 / 0                 0 / 0                 0 / 0           ops/s
[2021-02-13T17:22:09.357+0300][440.139s][info][gc,stats    ]      Memory: Page Cache Hit L3                                 0 / 0                 0 / 14                0 / 14                0 / 14          ops/s
[2021-02-13T17:22:09.357+0300][440.139s][info][gc,stats    ]      Memory: Page Cache Miss                                   0 / 0                 0 / 0                 0 / 0                 0 / 0           ops/s
[2021-02-13T17:22:09.357+0300][440.139s][info][gc,stats    ]      Memory: Uncommit                                          0 / 0                 0 / 0                 0 / 0                 0 / 0           MB/s
[2021-02-13T17:22:09.357+0300][440.139s][info][gc,stats    ]      Memory: Undo Object Allocation Failed                     0 / 0                 0 / 0                 0 / 0                 0 / 0           ops/s
[2021-02-13T17:22:09.357+0300][440.139s][info][gc,stats    ]      Memory: Undo Object Allocation Succeeded                  0 / 0                 0 / 1                 0 / 1                 0 / 1           ops/s
[2021-02-13T17:22:09.357+0300][440.139s][info][gc,stats    ]      Memory: Undo Page Allocation                              0 / 0                 0 / 0                 0 / 0                 0 / 0           ops/s
[2021-02-13T17:22:09.357+0300][440.139s][info][gc,stats    ]       Phase: Concurrent Mark                               0.000 / 0.000       230.999 / 356.582     230.999 / 356.582     230.999 / 356.582     ms
[2021-02-13T17:22:09.357+0300][440.139s][info][gc,stats    ]       Phase: Concurrent Mark Continue                      0.000 / 0.000         0.000 / 0.000         0.000 / 0.000         0.000 / 0.000       ms
[2021-02-13T17:22:09.357+0300][440.139s][info][gc,stats    ]       Phase: Concurrent Process Non-Strong References      0.000 / 0.000         2.512 / 3.462         2.512 / 3.462         2.512 / 3.462       ms
[2021-02-13T17:22:09.357+0300][440.139s][info][gc,stats    ]       Phase: Concurrent Relocate                           0.000 / 0.000        16.878 / 18.109       16.878 / 18.109       16.878 / 18.109      ms
[2021-02-13T17:22:09.357+0300][440.139s][info][gc,stats    ]       Phase: Concurrent Reset Relocation Set               0.000 / 0.000         0.492 / 0.741         0.492 / 0.741         0.492 / 0.741       ms
[2021-02-13T17:22:09.357+0300][440.139s][info][gc,stats    ]       Phase: Concurrent Select Relocation Set              0.000 / 0.000         6.443 / 9.944         6.443 / 9.944         6.443 / 9.944       ms
[2021-02-13T17:22:09.357+0300][440.139s][info][gc,stats    ]       Phase: Pause Mark End                                0.000 / 0.000         0.250 / 0.286         0.250 / 0.286         0.250 / 0.286       ms
[2021-02-13T17:22:09.357+0300][440.139s][info][gc,stats    ]       Phase: Pause Mark Start                              0.000 / 0.000         0.377 / 0.836         0.377 / 0.836         0.377 / 0.836       ms
[2021-02-13T17:22:09.357+0300][440.139s][info][gc,stats    ]       Phase: Pause Relocate Start                          0.000 / 0.000         0.166 / 0.175         0.166 / 0.175         0.166 / 0.175       ms
[2021-02-13T17:22:09.357+0300][440.139s][info][gc,stats    ]    Subphase: Concurrent Classes Purge                      0.000 / 0.000         0.120 / 0.137         0.120 / 0.137         0.120 / 0.137       ms
[2021-02-13T17:22:09.357+0300][440.139s][info][gc,stats    ]    Subphase: Concurrent Classes Unlink                     0.000 / 0.000         1.319 / 1.645         1.319 / 1.645         1.319 / 1.645       ms
[2021-02-13T17:22:09.357+0300][440.139s][info][gc,stats    ]    Subphase: Concurrent Mark                               0.000 / 0.000       230.700 / 356.225     230.700 / 356.225     230.700 / 356.225     ms
[2021-02-13T17:22:09.357+0300][440.139s][info][gc,stats    ]    Subphase: Concurrent Mark Idle                          0.000 / 0.000         0.000 / 0.000         0.000 / 0.000         0.000 / 0.000       ms
[2021-02-13T17:22:09.357+0300][440.139s][info][gc,stats    ]    Subphase: Concurrent Mark Try Flush                     0.000 / 0.000         0.430 / 0.804         0.430 / 0.804         0.430 / 0.804       ms
[2021-02-13T17:22:09.357+0300][440.139s][info][gc,stats    ]    Subphase: Concurrent Mark Try Terminate                 0.000 / 0.000         0.266 / 0.805         0.266 / 0.805         0.266 / 0.805       ms
[2021-02-13T17:22:09.357+0300][440.139s][info][gc,stats    ]    Subphase: Concurrent References Enqueue                 0.000 / 0.000         0.004 / 0.004         0.004 / 0.004         0.004 / 0.004       ms
[2021-02-13T17:22:09.357+0300][440.139s][info][gc,stats    ]    Subphase: Concurrent References Process                 0.000 / 0.000         0.121 / 0.143         0.121 / 0.143         0.121 / 0.143       ms
[2021-02-13T17:22:09.357+0300][440.139s][info][gc,stats    ]    Subphase: Concurrent Roots                              0.000 / 0.000         0.128 / 0.182         0.128 / 0.182         0.128 / 0.182       ms
[2021-02-13T17:22:09.357+0300][440.139s][info][gc,stats    ]    Subphase: Concurrent Roots ClassLoaderDataGraph         0.000 / 0.000         0.118 / 0.169         0.118 / 0.169         0.118 / 0.169       ms
[2021-02-13T17:22:09.357+0300][440.139s][info][gc,stats    ]    Subphase: Concurrent Roots JNIHandles                   0.000 / 0.000         0.005 / 0.007         0.005 / 0.007         0.005 / 0.007       ms
[2021-02-13T17:22:09.357+0300][440.139s][info][gc,stats    ]    Subphase: Concurrent Roots Setup                        0.000 / 0.000         0.006 / 0.007         0.006 / 0.007         0.006 / 0.007       ms
[2021-02-13T17:22:09.357+0300][440.139s][info][gc,stats    ]    Subphase: Concurrent Roots Teardown                     0.000 / 0.000         0.000 / 0.000         0.000 / 0.000         0.000 / 0.000       ms
[2021-02-13T17:22:09.357+0300][440.139s][info][gc,stats    ]    Subphase: Concurrent Roots VMHandles                    0.000 / 0.000         0.004 / 0.006         0.004 / 0.006         0.004 / 0.006       ms
[2021-02-13T17:22:09.357+0300][440.139s][info][gc,stats    ]    Subphase: Concurrent Weak Roots                         0.000 / 0.000         0.425 / 0.580         0.425 / 0.580         0.425 / 0.580       ms
[2021-02-13T17:22:09.357+0300][440.139s][info][gc,stats    ]    Subphase: Concurrent Weak Roots JNIWeakHandles          0.000 / 0.000         0.000 / 0.000         0.000 / 0.000         0.000 / 0.000       ms
[2021-02-13T17:22:09.357+0300][440.139s][info][gc,stats    ]    Subphase: Concurrent Weak Roots ResolvedMethodTable     0.000 / 0.000         0.029 / 0.042         0.029 / 0.042         0.029 / 0.042       ms
[2021-02-13T17:22:09.357+0300][440.139s][info][gc,stats    ]    Subphase: Concurrent Weak Roots StringTable             0.000 / 0.000         0.383 / 0.521         0.383 / 0.521         0.383 / 0.521       ms
[2021-02-13T17:22:09.357+0300][440.140s][info][gc,stats    ]    Subphase: Concurrent Weak Roots VMWeakHandles           0.000 / 0.000         0.012 / 0.015         0.012 / 0.015         0.012 / 0.015       ms
[2021-02-13T17:22:09.357+0300][440.140s][info][gc,stats    ]    Subphase: Pause Mark Try Complete                       0.000 / 0.000         0.032 / 0.051         0.032 / 0.051         0.032 / 0.051       ms
[2021-02-13T17:22:09.357+0300][440.140s][info][gc,stats    ]    Subphase: Pause Roots                                   0.000 / 0.000         0.083 / 0.374         0.083 / 0.374         0.083 / 0.374       ms
[2021-02-13T17:22:09.357+0300][440.140s][info][gc,stats    ]    Subphase: Pause Roots CodeCache                         0.000 / 0.000         0.000 / 0.000         0.000 / 0.000         0.000 / 0.000       ms
[2021-02-13T17:22:09.357+0300][440.140s][info][gc,stats    ]    Subphase: Pause Roots JVMTIExport                       0.000 / 0.000         0.001 / 0.003         0.001 / 0.003         0.001 / 0.003       ms
[2021-02-13T17:22:09.357+0300][440.140s][info][gc,stats    ]    Subphase: Pause Roots JVMTIWeakExport                   0.000 / 0.000         0.005 / 0.013         0.005 / 0.013         0.005 / 0.013       ms
[2021-02-13T17:22:09.357+0300][440.140s][info][gc,stats    ]    Subphase: Pause Roots Java Threads                      0.000 / 0.000         0.075 / 0.373         0.075 / 0.373         0.075 / 0.373       ms
[2021-02-13T17:22:09.357+0300][440.140s][info][gc,stats    ]    Subphase: Pause Roots Management                        0.000 / 0.000         0.007 / 0.025         0.007 / 0.025         0.007 / 0.025       ms
[2021-02-13T17:22:09.357+0300][440.140s][info][gc,stats    ]    Subphase: Pause Roots ObjectSynchronizer                0.000 / 0.000         0.000 / 0.000         0.000 / 0.000         0.000 / 0.000       ms
[2021-02-13T17:22:09.357+0300][440.140s][info][gc,stats    ]    Subphase: Pause Roots Setup                             0.000 / 0.000         0.000 / 0.001         0.000 / 0.001         0.000 / 0.001       ms
[2021-02-13T17:22:09.357+0300][440.140s][info][gc,stats    ]    Subphase: Pause Roots Teardown                          0.000 / 0.000         0.001 / 0.002         0.001 / 0.002         0.001 / 0.002       ms
[2021-02-13T17:22:09.357+0300][440.140s][info][gc,stats    ]    Subphase: Pause Roots Universe                          0.000 / 0.000         0.010 / 0.027         0.010 / 0.027         0.010 / 0.027       ms
[2021-02-13T17:22:09.357+0300][440.140s][info][gc,stats    ]    Subphase: Pause Roots VM Thread                         0.000 / 0.000         0.005 / 0.028         0.005 / 0.028         0.005 / 0.028       ms
[2021-02-13T17:22:09.357+0300][440.140s][info][gc,stats    ]    Subphase: Pause Weak Roots                              0.000 / 0.000         0.001 / 0.005         0.001 / 0.005         0.001 / 0.005       ms
[2021-02-13T17:22:09.357+0300][440.140s][info][gc,stats    ]    Subphase: Pause Weak Roots JFRWeak                      0.000 / 0.000         0.000 / 0.000         0.000 / 0.000         0.000 / 0.000       ms
[2021-02-13T17:22:09.357+0300][440.140s][info][gc,stats    ]    Subphase: Pause Weak Roots JVMTIWeakExport              0.000 / 0.000         0.002 / 0.005         0.002 / 0.005         0.002 / 0.005       ms
[2021-02-13T17:22:09.357+0300][440.140s][info][gc,stats    ]    Subphase: Pause Weak Roots Setup                        0.000 / 0.000         0.000 / 0.000         0.000 / 0.000         0.000 / 0.000       ms
[2021-02-13T17:22:09.357+0300][440.140s][info][gc,stats    ]    Subphase: Pause Weak Roots Teardown                     0.000 / 0.000         0.000 / 0.000         0.000 / 0.000         0.000 / 0.000       ms
[2021-02-13T17:22:09.358+0300][440.140s][info][gc,stats    ]      System: Java Threads                                      0 / 0                16 / 16               16 / 16               16 / 16          threads
[2021-02-13T17:22:09.358+0300][440.140s][info][gc,stats    ] =========================================================================================================================================================
[2021-02-13T17:22:19.348+0300][450.130s][info][gc,stats    ] === Garbage Collection Statistics =======================================================================================================================
[2021-02-13T17:22:19.348+0300][450.130s][info][gc,stats    ]                                                              Last 10s              Last 10m              Last 10h                Total
[2021-02-13T17:22:19.348+0300][450.130s][info][gc,stats    ]                                                              Avg / Max             Avg / Max             Avg / Max             Avg / Max
[2021-02-13T17:22:19.348+0300][450.130s][info][gc,stats    ]   Collector: Garbage Collection Cycle                      0.000 / 0.000       260.121 / 386.588     260.121 / 386.588     260.121 / 386.588     ms
[2021-02-13T17:22:19.348+0300][450.130s][info][gc,stats    ]  Contention: Mark Segment Reset Contention                     0 / 0                 0 / 0                 0 / 0                 0 / 0           ops/s
[2021-02-13T17:22:19.348+0300][450.130s][info][gc,stats    ]  Contention: Mark SeqNum Reset Contention                      0 / 0                 0 / 0                 0 / 0                 0 / 0           ops/s
[2021-02-13T17:22:19.348+0300][450.130s][info][gc,stats    ]  Contention: Relocation Contention                             0 / 0                 0 / 1                 0 / 1                 0 / 1           ops/s
[2021-02-13T17:22:19.348+0300][450.130s][info][gc,stats    ]    Critical: Allocation Stall                              0.000 / 0.000         0.000 / 0.000         0.000 / 0.000         0.000 / 0.000       ms
[2021-02-13T17:22:19.348+0300][450.130s][info][gc,stats    ]    Critical: Allocation Stall                                  0 / 0                 0 / 0                 0 / 0                 0 / 0           ops/s
[2021-02-13T17:22:19.348+0300][450.130s][info][gc,stats    ]    Critical: GC Locker Stall                               0.000 / 0.000         0.000 / 0.000         0.000 / 0.000         0.000 / 0.000       ms
[2021-02-13T17:22:19.348+0300][450.130s][info][gc,stats    ]    Critical: GC Locker Stall                                   0 / 0                 0 / 0                 0 / 0                 0 / 0           ops/s
[2021-02-13T17:22:19.348+0300][450.130s][info][gc,stats    ]      Memory: Allocation Rate                                   0 / 2                 3 / 1082              3 / 1082              3 / 1082        MB/s
[2021-02-13T17:22:19.348+0300][450.130s][info][gc,stats    ]      Memory: Heap Used After Mark                              0 / 0               215 / 312             215 / 312             215 / 312         MB
[2021-02-13T17:22:19.348+0300][450.130s][info][gc,stats    ]      Memory: Heap Used After Relocation                        0 / 0               130 / 190             130 / 190             130 / 190         MB
[2021-02-13T17:22:19.348+0300][450.130s][info][gc,stats    ]      Memory: Heap Used Before Mark                             0 / 0               215 / 312             215 / 312             215 / 312         MB
[2021-02-13T17:22:19.348+0300][450.130s][info][gc,stats    ]      Memory: Heap Used Before Relocation                       0 / 0               192 / 288             192 / 288             192 / 288         MB
[2021-02-13T17:22:19.348+0300][450.130s][info][gc,stats    ]      Memory: Out Of Memory                                     0 / 0                 0 / 0                 0 / 0                 0 / 0           ops/s
[2021-02-13T17:22:19.348+0300][450.130s][info][gc,stats    ]      Memory: Page Cache Flush                                  0 / 0                 0 / 0                 0 / 0                 0 / 0           MB/s
[2021-02-13T17:22:19.348+0300][450.130s][info][gc,stats    ]      Memory: Page Cache Hit L1                                 0 / 1                 0 / 11                0 / 11                0 / 11          ops/s
[2021-02-13T17:22:19.348+0300][450.130s][info][gc,stats    ]      Memory: Page Cache Hit L2                                 0 / 0                 0 / 0                 0 / 0                 0 / 0           ops/s
[2021-02-13T17:22:19.348+0300][450.130s][info][gc,stats    ]      Memory: Page Cache Hit L3                                 0 / 0                 0 / 14                0 / 14                0 / 14          ops/s
[2021-02-13T17:22:19.348+0300][450.130s][info][gc,stats    ]      Memory: Page Cache Miss                                   0 / 0                 0 / 0                 0 / 0                 0 / 0           ops/s
[2021-02-13T17:22:19.348+0300][450.130s][info][gc,stats    ]      Memory: Uncommit                                          0 / 0                 0 / 0                 0 / 0                 0 / 0           MB/s
[2021-02-13T17:22:19.348+0300][450.130s][info][gc,stats    ]      Memory: Undo Object Allocation Failed                     0 / 0                 0 / 0                 0 / 0                 0 / 0           ops/s
[2021-02-13T17:22:19.348+0300][450.130s][info][gc,stats    ]      Memory: Undo Object Allocation Succeeded                  0 / 0                 0 / 1                 0 / 1                 0 / 1           ops/s
[2021-02-13T17:22:19.348+0300][450.131s][info][gc,stats    ]      Memory: Undo Page Allocation                              0 / 0                 0 / 0                 0 / 0                 0 / 0           ops/s
[2021-02-13T17:22:19.348+0300][450.131s][info][gc,stats    ]       Phase: Concurrent Mark                               0.000 / 0.000       230.999 / 356.582     230.999 / 356.582     230.999 / 356.582     ms
[2021-02-13T17:22:19.348+0300][450.131s][info][gc,stats    ]       Phase: Concurrent Mark Continue                      0.000 / 0.000         0.000 / 0.000         0.000 / 0.000         0.000 / 0.000       ms
[2021-02-13T17:22:19.348+0300][450.131s][info][gc,stats    ]       Phase: Concurrent Process Non-Strong References      0.000 / 0.000         2.512 / 3.462         2.512 / 3.462         2.512 / 3.462       ms
[2021-02-13T17:22:19.348+0300][450.131s][info][gc,stats    ]       Phase: Concurrent Relocate                           0.000 / 0.000        16.878 / 18.109       16.878 / 18.109       16.878 / 18.109      ms
[2021-02-13T17:22:19.348+0300][450.131s][info][gc,stats    ]       Phase: Concurrent Reset Relocation Set               0.000 / 0.000         0.492 / 0.741         0.492 / 0.741         0.492 / 0.741       ms
[2021-02-13T17:22:19.348+0300][450.131s][info][gc,stats    ]       Phase: Concurrent Select Relocation Set              0.000 / 0.000         6.443 / 9.944         6.443 / 9.944         6.443 / 9.944       ms
[2021-02-13T17:22:19.348+0300][450.131s][info][gc,stats    ]       Phase: Pause Mark End                                0.000 / 0.000         0.250 / 0.286         0.250 / 0.286         0.250 / 0.286       ms
[2021-02-13T17:22:19.348+0300][450.131s][info][gc,stats    ]       Phase: Pause Mark Start                              0.000 / 0.000         0.377 / 0.836         0.377 / 0.836         0.377 / 0.836       ms
[2021-02-13T17:22:19.348+0300][450.131s][info][gc,stats    ]       Phase: Pause Relocate Start                          0.000 / 0.000         0.166 / 0.175         0.166 / 0.175         0.166 / 0.175       ms
[2021-02-13T17:22:19.348+0300][450.131s][info][gc,stats    ]    Subphase: Concurrent Classes Purge                      0.000 / 0.000         0.120 / 0.137         0.120 / 0.137         0.120 / 0.137       ms
[2021-02-13T17:22:19.348+0300][450.131s][info][gc,stats    ]    Subphase: Concurrent Classes Unlink                     0.000 / 0.000         1.319 / 1.645         1.319 / 1.645         1.319 / 1.645       ms
[2021-02-13T17:22:19.348+0300][450.131s][info][gc,stats    ]    Subphase: Concurrent Mark                               0.000 / 0.000       230.700 / 356.225     230.700 / 356.225     230.700 / 356.225     ms
[2021-02-13T17:22:19.348+0300][450.131s][info][gc,stats    ]    Subphase: Concurrent Mark Idle                          0.000 / 0.000         0.000 / 0.000         0.000 / 0.000         0.000 / 0.000       ms
[2021-02-13T17:22:19.348+0300][450.131s][info][gc,stats    ]    Subphase: Concurrent Mark Try Flush                     0.000 / 0.000         0.430 / 0.804         0.430 / 0.804         0.430 / 0.804       ms
[2021-02-13T17:22:19.348+0300][450.131s][info][gc,stats    ]    Subphase: Concurrent Mark Try Terminate                 0.000 / 0.000         0.266 / 0.805         0.266 / 0.805         0.266 / 0.805       ms
[2021-02-13T17:22:19.348+0300][450.131s][info][gc,stats    ]    Subphase: Concurrent References Enqueue                 0.000 / 0.000         0.004 / 0.004         0.004 / 0.004         0.004 / 0.004       ms
[2021-02-13T17:22:19.348+0300][450.131s][info][gc,stats    ]    Subphase: Concurrent References Process                 0.000 / 0.000         0.121 / 0.143         0.121 / 0.143         0.121 / 0.143       ms
[2021-02-13T17:22:19.348+0300][450.131s][info][gc,stats    ]    Subphase: Concurrent Roots                              0.000 / 0.000         0.128 / 0.182         0.128 / 0.182         0.128 / 0.182       ms
[2021-02-13T17:22:19.348+0300][450.131s][info][gc,stats    ]    Subphase: Concurrent Roots ClassLoaderDataGraph         0.000 / 0.000         0.118 / 0.169         0.118 / 0.169         0.118 / 0.169       ms
[2021-02-13T17:22:19.348+0300][450.131s][info][gc,stats    ]    Subphase: Concurrent Roots JNIHandles                   0.000 / 0.000         0.005 / 0.007         0.005 / 0.007         0.005 / 0.007       ms
[2021-02-13T17:22:19.348+0300][450.131s][info][gc,stats    ]    Subphase: Concurrent Roots Setup                        0.000 / 0.000         0.006 / 0.007         0.006 / 0.007         0.006 / 0.007       ms
[2021-02-13T17:22:19.348+0300][450.131s][info][gc,stats    ]    Subphase: Concurrent Roots Teardown                     0.000 / 0.000         0.000 / 0.000         0.000 / 0.000         0.000 / 0.000       ms
[2021-02-13T17:22:19.348+0300][450.131s][info][gc,stats    ]    Subphase: Concurrent Roots VMHandles                    0.000 / 0.000         0.004 / 0.006         0.004 / 0.006         0.004 / 0.006       ms
[2021-02-13T17:22:19.348+0300][450.131s][info][gc,stats    ]    Subphase: Concurrent Weak Roots                         0.000 / 0.000         0.425 / 0.580         0.425 / 0.580         0.425 / 0.580       ms
[2021-02-13T17:22:19.348+0300][450.131s][info][gc,stats    ]    Subphase: Concurrent Weak Roots JNIWeakHandles          0.000 / 0.000         0.000 / 0.000         0.000 / 0.000         0.000 / 0.000       ms
[2021-02-13T17:22:19.348+0300][450.131s][info][gc,stats    ]    Subphase: Concurrent Weak Roots ResolvedMethodTable     0.000 / 0.000         0.029 / 0.042         0.029 / 0.042         0.029 / 0.042       ms
[2021-02-13T17:22:19.348+0300][450.131s][info][gc,stats    ]    Subphase: Concurrent Weak Roots StringTable             0.000 / 0.000         0.383 / 0.521         0.383 / 0.521         0.383 / 0.521       ms
[2021-02-13T17:22:19.348+0300][450.131s][info][gc,stats    ]    Subphase: Concurrent Weak Roots VMWeakHandles           0.000 / 0.000         0.012 / 0.015         0.012 / 0.015         0.012 / 0.015       ms
[2021-02-13T17:22:19.348+0300][450.131s][info][gc,stats    ]    Subphase: Pause Mark Try Complete                       0.000 / 0.000         0.032 / 0.051         0.032 / 0.051         0.032 / 0.051       ms
[2021-02-13T17:22:19.348+0300][450.131s][info][gc,stats    ]    Subphase: Pause Roots                                   0.000 / 0.000         0.083 / 0.374         0.083 / 0.374         0.083 / 0.374       ms
[2021-02-13T17:22:19.348+0300][450.131s][info][gc,stats    ]    Subphase: Pause Roots CodeCache                         0.000 / 0.000         0.000 / 0.000         0.000 / 0.000         0.000 / 0.000       ms
[2021-02-13T17:22:19.348+0300][450.131s][info][gc,stats    ]    Subphase: Pause Roots JVMTIExport                       0.000 / 0.000         0.001 / 0.003         0.001 / 0.003         0.001 / 0.003       ms
[2021-02-13T17:22:19.348+0300][450.131s][info][gc,stats    ]    Subphase: Pause Roots JVMTIWeakExport                   0.000 / 0.000         0.005 / 0.013         0.005 / 0.013         0.005 / 0.013       ms
[2021-02-13T17:22:19.348+0300][450.131s][info][gc,stats    ]    Subphase: Pause Roots Java Threads                      0.000 / 0.000         0.075 / 0.373         0.075 / 0.373         0.075 / 0.373       ms
[2021-02-13T17:22:19.348+0300][450.131s][info][gc,stats    ]    Subphase: Pause Roots Management                        0.000 / 0.000         0.007 / 0.025         0.007 / 0.025         0.007 / 0.025       ms
[2021-02-13T17:22:19.348+0300][450.131s][info][gc,stats    ]    Subphase: Pause Roots ObjectSynchronizer                0.000 / 0.000         0.000 / 0.000         0.000 / 0.000         0.000 / 0.000       ms
[2021-02-13T17:22:19.348+0300][450.131s][info][gc,stats    ]    Subphase: Pause Roots Setup                             0.000 / 0.000         0.000 / 0.001         0.000 / 0.001         0.000 / 0.001       ms
[2021-02-13T17:22:19.348+0300][450.131s][info][gc,stats    ]    Subphase: Pause Roots Teardown                          0.000 / 0.000         0.001 / 0.002         0.001 / 0.002         0.001 / 0.002       ms
[2021-02-13T17:22:19.348+0300][450.131s][info][gc,stats    ]    Subphase: Pause Roots Universe                          0.000 / 0.000         0.010 / 0.027         0.010 / 0.027         0.010 / 0.027       ms
[2021-02-13T17:22:19.348+0300][450.131s][info][gc,stats    ]    Subphase: Pause Roots VM Thread                         0.000 / 0.000         0.005 / 0.028         0.005 / 0.028         0.005 / 0.028       ms
[2021-02-13T17:22:19.348+0300][450.131s][info][gc,stats    ]    Subphase: Pause Weak Roots                              0.000 / 0.000         0.001 / 0.005         0.001 / 0.005         0.001 / 0.005       ms
[2021-02-13T17:22:19.348+0300][450.131s][info][gc,stats    ]    Subphase: Pause Weak Roots JFRWeak                      0.000 / 0.000         0.000 / 0.000         0.000 / 0.000         0.000 / 0.000       ms
[2021-02-13T17:22:19.348+0300][450.131s][info][gc,stats    ]    Subphase: Pause Weak Roots JVMTIWeakExport              0.000 / 0.000         0.002 / 0.005         0.002 / 0.005         0.002 / 0.005       ms
[2021-02-13T17:22:19.348+0300][450.131s][info][gc,stats    ]    Subphase: Pause Weak Roots Setup                        0.000 / 0.000         0.000 / 0.000         0.000 / 0.000         0.000 / 0.000       ms
[2021-02-13T17:22:19.349+0300][450.131s][info][gc,stats    ]    Subphase: Pause Weak Roots Teardown                     0.000 / 0.000         0.000 / 0.000         0.000 / 0.000         0.000 / 0.000       ms
[2021-02-13T17:22:19.349+0300][450.131s][info][gc,stats    ]      System: Java Threads                                      0 / 0                16 / 16               16 / 16               16 / 16          threads
[2021-02-13T17:22:19.349+0300][450.131s][info][gc,stats    ] =========================================================================================================================================================
[2021-02-13T17:22:29.354+0300][460.136s][info][gc,stats    ] === Garbage Collection Statistics =======================================================================================================================
[2021-02-13T17:22:29.354+0300][460.136s][info][gc,stats    ]                                                              Last 10s              Last 10m              Last 10h                Total
[2021-02-13T17:22:29.354+0300][460.136s][info][gc,stats    ]                                                              Avg / Max             Avg / Max             Avg / Max             Avg / Max
[2021-02-13T17:22:29.354+0300][460.136s][info][gc,stats    ]   Collector: Garbage Collection Cycle                      0.000 / 0.000       260.121 / 386.588     260.121 / 386.588     260.121 / 386.588     ms
[2021-02-13T17:22:29.354+0300][460.136s][info][gc,stats    ]  Contention: Mark Segment Reset Contention                     0 / 0                 0 / 0                 0 / 0                 0 / 0           ops/s
[2021-02-13T17:22:29.354+0300][460.136s][info][gc,stats    ]  Contention: Mark SeqNum Reset Contention                      0 / 0                 0 / 0                 0 / 0                 0 / 0           ops/s
[2021-02-13T17:22:29.354+0300][460.136s][info][gc,stats    ]  Contention: Relocation Contention                             0 / 0                 0 / 1                 0 / 1                 0 / 1           ops/s
[2021-02-13T17:22:29.354+0300][460.136s][info][gc,stats    ]    Critical: Allocation Stall                              0.000 / 0.000         0.000 / 0.000         0.000 / 0.000         0.000 / 0.000       ms
[2021-02-13T17:22:29.354+0300][460.136s][info][gc,stats    ]    Critical: Allocation Stall                                  0 / 0                 0 / 0                 0 / 0                 0 / 0           ops/s
[2021-02-13T17:22:29.354+0300][460.136s][info][gc,stats    ]    Critical: GC Locker Stall                               0.000 / 0.000         0.000 / 0.000         0.000 / 0.000         0.000 / 0.000       ms
[2021-02-13T17:22:29.354+0300][460.136s][info][gc,stats    ]    Critical: GC Locker Stall                                   0 / 0                 0 / 0                 0 / 0                 0 / 0           ops/s
[2021-02-13T17:22:29.354+0300][460.136s][info][gc,stats    ]      Memory: Allocation Rate                                   1 / 18                3 / 1082              3 / 1082              3 / 1082        MB/s
[2021-02-13T17:22:29.354+0300][460.136s][info][gc,stats    ]      Memory: Heap Used After Mark                              0 / 0               215 / 312             215 / 312             215 / 312         MB
[2021-02-13T17:22:29.354+0300][460.136s][info][gc,stats    ]      Memory: Heap Used After Relocation                        0 / 0               130 / 190             130 / 190             130 / 190         MB
[2021-02-13T17:22:29.354+0300][460.136s][info][gc,stats    ]      Memory: Heap Used Before Mark                             0 / 0               215 / 312             215 / 312             215 / 312         MB
[2021-02-13T17:22:29.354+0300][460.136s][info][gc,stats    ]      Memory: Heap Used Before Relocation                       0 / 0               192 / 288             192 / 288             192 / 288         MB
[2021-02-13T17:22:29.354+0300][460.136s][info][gc,stats    ]      Memory: Out Of Memory                                     0 / 0                 0 / 0                 0 / 0                 0 / 0           ops/s
[2021-02-13T17:22:29.354+0300][460.136s][info][gc,stats    ]      Memory: Page Cache Flush                                  0 / 0                 0 / 0                 0 / 0                 0 / 0           MB/s
[2021-02-13T17:22:29.354+0300][460.137s][info][gc,stats    ]      Memory: Page Cache Hit L1                                 0 / 9                 0 / 11                0 / 11                0 / 11          ops/s
[2021-02-13T17:22:29.354+0300][460.137s][info][gc,stats    ]      Memory: Page Cache Hit L2                                 0 / 0                 0 / 0                 0 / 0                 0 / 0           ops/s
[2021-02-13T17:22:29.354+0300][460.137s][info][gc,stats    ]      Memory: Page Cache Hit L3                                 0 / 0                 0 / 14                0 / 14                0 / 14          ops/s
[2021-02-13T17:22:29.354+0300][460.137s][info][gc,stats    ]      Memory: Page Cache Miss                                   0 / 0                 0 / 0                 0 / 0                 0 / 0           ops/s
[2021-02-13T17:22:29.354+0300][460.137s][info][gc,stats    ]      Memory: Uncommit                                          0 / 0                 0 / 0                 0 / 0                 0 / 0           MB/s
[2021-02-13T17:22:29.354+0300][460.137s][info][gc,stats    ]      Memory: Undo Object Allocation Failed                     0 / 0                 0 / 0                 0 / 0                 0 / 0           ops/s
[2021-02-13T17:22:29.354+0300][460.137s][info][gc,stats    ]      Memory: Undo Object Allocation Succeeded                  0 / 0                 0 / 1                 0 / 1                 0 / 1           ops/s
[2021-02-13T17:22:29.354+0300][460.137s][info][gc,stats    ]      Memory: Undo Page Allocation                              0 / 0                 0 / 0                 0 / 0                 0 / 0           ops/s
[2021-02-13T17:22:29.354+0300][460.137s][info][gc,stats    ]       Phase: Concurrent Mark                               0.000 / 0.000       230.999 / 356.582     230.999 / 356.582     230.999 / 356.582     ms
[2021-02-13T17:22:29.354+0300][460.137s][info][gc,stats    ]       Phase: Concurrent Mark Continue                      0.000 / 0.000         0.000 / 0.000         0.000 / 0.000         0.000 / 0.000       ms
[2021-02-13T17:22:29.354+0300][460.137s][info][gc,stats    ]       Phase: Concurrent Process Non-Strong References      0.000 / 0.000         2.512 / 3.462         2.512 / 3.462         2.512 / 3.462       ms
[2021-02-13T17:22:29.354+0300][460.137s][info][gc,stats    ]       Phase: Concurrent Relocate                           0.000 / 0.000        16.878 / 18.109       16.878 / 18.109       16.878 / 18.109      ms
[2021-02-13T17:22:29.354+0300][460.137s][info][gc,stats    ]       Phase: Concurrent Reset Relocation Set               0.000 / 0.000         0.492 / 0.741         0.492 / 0.741         0.492 / 0.741       ms
[2021-02-13T17:22:29.354+0300][460.137s][info][gc,stats    ]       Phase: Concurrent Select Relocation Set              0.000 / 0.000         6.443 / 9.944         6.443 / 9.944         6.443 / 9.944       ms
[2021-02-13T17:22:29.354+0300][460.137s][info][gc,stats    ]       Phase: Pause Mark End                                0.000 / 0.000         0.250 / 0.286         0.250 / 0.286         0.250 / 0.286       ms
[2021-02-13T17:22:29.354+0300][460.137s][info][gc,stats    ]       Phase: Pause Mark Start                              0.000 / 0.000         0.377 / 0.836         0.377 / 0.836         0.377 / 0.836       ms
[2021-02-13T17:22:29.354+0300][460.137s][info][gc,stats    ]       Phase: Pause Relocate Start                          0.000 / 0.000         0.166 / 0.175         0.166 / 0.175         0.166 / 0.175       ms
[2021-02-13T17:22:29.354+0300][460.137s][info][gc,stats    ]    Subphase: Concurrent Classes Purge                      0.000 / 0.000         0.120 / 0.137         0.120 / 0.137         0.120 / 0.137       ms
[2021-02-13T17:22:29.354+0300][460.137s][info][gc,stats    ]    Subphase: Concurrent Classes Unlink                     0.000 / 0.000         1.319 / 1.645         1.319 / 1.645         1.319 / 1.645       ms
[2021-02-13T17:22:29.354+0300][460.137s][info][gc,stats    ]    Subphase: Concurrent Mark                               0.000 / 0.000       230.700 / 356.225     230.700 / 356.225     230.700 / 356.225     ms
[2021-02-13T17:22:29.354+0300][460.137s][info][gc,stats    ]    Subphase: Concurrent Mark Idle                          0.000 / 0.000         0.000 / 0.000         0.000 / 0.000         0.000 / 0.000       ms
[2021-02-13T17:22:29.354+0300][460.137s][info][gc,stats    ]    Subphase: Concurrent Mark Try Flush                     0.000 / 0.000         0.430 / 0.804         0.430 / 0.804         0.430 / 0.804       ms
[2021-02-13T17:22:29.354+0300][460.137s][info][gc,stats    ]    Subphase: Concurrent Mark Try Terminate                 0.000 / 0.000         0.266 / 0.805         0.266 / 0.805         0.266 / 0.805       ms
[2021-02-13T17:22:29.354+0300][460.137s][info][gc,stats    ]    Subphase: Concurrent References Enqueue                 0.000 / 0.000         0.004 / 0.004         0.004 / 0.004         0.004 / 0.004       ms
[2021-02-13T17:22:29.354+0300][460.137s][info][gc,stats    ]    Subphase: Concurrent References Process                 0.000 / 0.000         0.121 / 0.143         0.121 / 0.143         0.121 / 0.143       ms
[2021-02-13T17:22:29.354+0300][460.137s][info][gc,stats    ]    Subphase: Concurrent Roots                              0.000 / 0.000         0.128 / 0.182         0.128 / 0.182         0.128 / 0.182       ms
[2021-02-13T17:22:29.354+0300][460.137s][info][gc,stats    ]    Subphase: Concurrent Roots ClassLoaderDataGraph         0.000 / 0.000         0.118 / 0.169         0.118 / 0.169         0.118 / 0.169       ms
[2021-02-13T17:22:29.354+0300][460.137s][info][gc,stats    ]    Subphase: Concurrent Roots JNIHandles                   0.000 / 0.000         0.005 / 0.007         0.005 / 0.007         0.005 / 0.007       ms
[2021-02-13T17:22:29.354+0300][460.137s][info][gc,stats    ]    Subphase: Concurrent Roots Setup                        0.000 / 0.000         0.006 / 0.007         0.006 / 0.007         0.006 / 0.007       ms
[2021-02-13T17:22:29.354+0300][460.137s][info][gc,stats    ]    Subphase: Concurrent Roots Teardown                     0.000 / 0.000         0.000 / 0.000         0.000 / 0.000         0.000 / 0.000       ms
[2021-02-13T17:22:29.354+0300][460.137s][info][gc,stats    ]    Subphase: Concurrent Roots VMHandles                    0.000 / 0.000         0.004 / 0.006         0.004 / 0.006         0.004 / 0.006       ms
[2021-02-13T17:22:29.354+0300][460.137s][info][gc,stats    ]    Subphase: Concurrent Weak Roots                         0.000 / 0.000         0.425 / 0.580         0.425 / 0.580         0.425 / 0.580       ms
[2021-02-13T17:22:29.354+0300][460.137s][info][gc,stats    ]    Subphase: Concurrent Weak Roots JNIWeakHandles          0.000 / 0.000         0.000 / 0.000         0.000 / 0.000         0.000 / 0.000       ms
[2021-02-13T17:22:29.354+0300][460.137s][info][gc,stats    ]    Subphase: Concurrent Weak Roots ResolvedMethodTable     0.000 / 0.000         0.029 / 0.042         0.029 / 0.042         0.029 / 0.042       ms
[2021-02-13T17:22:29.354+0300][460.137s][info][gc,stats    ]    Subphase: Concurrent Weak Roots StringTable             0.000 / 0.000         0.383 / 0.521         0.383 / 0.521         0.383 / 0.521       ms
[2021-02-13T17:22:29.354+0300][460.137s][info][gc,stats    ]    Subphase: Concurrent Weak Roots VMWeakHandles           0.000 / 0.000         0.012 / 0.015         0.012 / 0.015         0.012 / 0.015       ms
[2021-02-13T17:22:29.354+0300][460.137s][info][gc,stats    ]    Subphase: Pause Mark Try Complete                       0.000 / 0.000         0.032 / 0.051         0.032 / 0.051         0.032 / 0.051       ms
[2021-02-13T17:22:29.354+0300][460.137s][info][gc,stats    ]    Subphase: Pause Roots                                   0.000 / 0.000         0.083 / 0.374         0.083 / 0.374         0.083 / 0.374       ms
[2021-02-13T17:22:29.354+0300][460.137s][info][gc,stats    ]    Subphase: Pause Roots CodeCache                         0.000 / 0.000         0.000 / 0.000         0.000 / 0.000         0.000 / 0.000       ms
[2021-02-13T17:22:29.354+0300][460.137s][info][gc,stats    ]    Subphase: Pause Roots JVMTIExport                       0.000 / 0.000         0.001 / 0.003         0.001 / 0.003         0.001 / 0.003       ms
[2021-02-13T17:22:29.354+0300][460.137s][info][gc,stats    ]    Subphase: Pause Roots JVMTIWeakExport                   0.000 / 0.000         0.005 / 0.013         0.005 / 0.013         0.005 / 0.013       ms
[2021-02-13T17:22:29.354+0300][460.137s][info][gc,stats    ]    Subphase: Pause Roots Java Threads                      0.000 / 0.000         0.075 / 0.373         0.075 / 0.373         0.075 / 0.373       ms
[2021-02-13T17:22:29.354+0300][460.137s][info][gc,stats    ]    Subphase: Pause Roots Management                        0.000 / 0.000         0.007 / 0.025         0.007 / 0.025         0.007 / 0.025       ms
[2021-02-13T17:22:29.354+0300][460.137s][info][gc,stats    ]    Subphase: Pause Roots ObjectSynchronizer                0.000 / 0.000         0.000 / 0.000         0.000 / 0.000         0.000 / 0.000       ms
[2021-02-13T17:22:29.354+0300][460.137s][info][gc,stats    ]    Subphase: Pause Roots Setup                             0.000 / 0.000         0.000 / 0.001         0.000 / 0.001         0.000 / 0.001       ms
[2021-02-13T17:22:29.354+0300][460.137s][info][gc,stats    ]    Subphase: Pause Roots Teardown                          0.000 / 0.000         0.001 / 0.002         0.001 / 0.002         0.001 / 0.002       ms
[2021-02-13T17:22:29.354+0300][460.137s][info][gc,stats    ]    Subphase: Pause Roots Universe                          0.000 / 0.000         0.010 / 0.027         0.010 / 0.027         0.010 / 0.027       ms
[2021-02-13T17:22:29.355+0300][460.137s][info][gc,stats    ]    Subphase: Pause Roots VM Thread                         0.000 / 0.000         0.005 / 0.028         0.005 / 0.028         0.005 / 0.028       ms
[2021-02-13T17:22:29.355+0300][460.137s][info][gc,stats    ]    Subphase: Pause Weak Roots                              0.000 / 0.000         0.001 / 0.005         0.001 / 0.005         0.001 / 0.005       ms
[2021-02-13T17:22:29.355+0300][460.137s][info][gc,stats    ]    Subphase: Pause Weak Roots JFRWeak                      0.000 / 0.000         0.000 / 0.000         0.000 / 0.000         0.000 / 0.000       ms
[2021-02-13T17:22:29.355+0300][460.137s][info][gc,stats    ]    Subphase: Pause Weak Roots JVMTIWeakExport              0.000 / 0.000         0.002 / 0.005         0.002 / 0.005         0.002 / 0.005       ms
[2021-02-13T17:22:29.355+0300][460.137s][info][gc,stats    ]    Subphase: Pause Weak Roots Setup                        0.000 / 0.000         0.000 / 0.000         0.000 / 0.000         0.000 / 0.000       ms
[2021-02-13T17:22:29.355+0300][460.137s][info][gc,stats    ]    Subphase: Pause Weak Roots Teardown                     0.000 / 0.000         0.000 / 0.000         0.000 / 0.000         0.000 / 0.000       ms
[2021-02-13T17:22:29.355+0300][460.137s][info][gc,stats    ]      System: Java Threads                                      0 / 0                16 / 16               16 / 16               16 / 16          threads
[2021-02-13T17:22:29.355+0300][460.137s][info][gc,stats    ] =========================================================================================================================================================
[2021-02-13T17:22:39.352+0300][470.134s][info][gc,stats    ] === Garbage Collection Statistics =======================================================================================================================
[2021-02-13T17:22:39.352+0300][470.134s][info][gc,stats    ]                                                              Last 10s              Last 10m              Last 10h                Total
[2021-02-13T17:22:39.352+0300][470.134s][info][gc,stats    ]                                                              Avg / Max             Avg / Max             Avg / Max             Avg / Max
[2021-02-13T17:22:39.352+0300][470.134s][info][gc,stats    ]   Collector: Garbage Collection Cycle                      0.000 / 0.000       260.121 / 386.588     260.121 / 386.588     260.121 / 386.588     ms
[2021-02-13T17:22:39.352+0300][470.134s][info][gc,stats    ]  Contention: Mark Segment Reset Contention                     0 / 0                 0 / 0                 0 / 0                 0 / 0           ops/s
[2021-02-13T17:22:39.352+0300][470.134s][info][gc,stats    ]  Contention: Mark SeqNum Reset Contention                      0 / 0                 0 / 0                 0 / 0                 0 / 0           ops/s
[2021-02-13T17:22:39.352+0300][470.134s][info][gc,stats    ]  Contention: Relocation Contention                             0 / 0                 0 / 1                 0 / 1                 0 / 1           ops/s
[2021-02-13T17:22:39.352+0300][470.134s][info][gc,stats    ]    Critical: Allocation Stall                              0.000 / 0.000         0.000 / 0.000         0.000 / 0.000         0.000 / 0.000       ms
[2021-02-13T17:22:39.352+0300][470.134s][info][gc,stats    ]    Critical: Allocation Stall                                  0 / 0                 0 / 0                 0 / 0                 0 / 0           ops/s
[2021-02-13T17:22:39.352+0300][470.134s][info][gc,stats    ]    Critical: GC Locker Stall                               0.000 / 0.000         0.000 / 0.000         0.000 / 0.000         0.000 / 0.000       ms
[2021-02-13T17:22:39.352+0300][470.134s][info][gc,stats    ]    Critical: GC Locker Stall                                   0 / 0                 0 / 0                 0 / 0                 0 / 0           ops/s
[2021-02-13T17:22:39.352+0300][470.134s][info][gc,stats    ]      Memory: Allocation Rate                                   0 / 2                 3 / 1082              3 / 1082              3 / 1082        MB/s
[2021-02-13T17:22:39.352+0300][470.134s][info][gc,stats    ]      Memory: Heap Used After Mark                              0 / 0               215 / 312             215 / 312             215 / 312         MB
[2021-02-13T17:22:39.352+0300][470.134s][info][gc,stats    ]      Memory: Heap Used After Relocation                        0 / 0               130 / 190             130 / 190             130 / 190         MB
[2021-02-13T17:22:39.352+0300][470.134s][info][gc,stats    ]      Memory: Heap Used Before Mark                             0 / 0               215 / 312             215 / 312             215 / 312         MB
[2021-02-13T17:22:39.352+0300][470.134s][info][gc,stats    ]      Memory: Heap Used Before Relocation                       0 / 0               192 / 288             192 / 288             192 / 288         MB
[2021-02-13T17:22:39.352+0300][470.134s][info][gc,stats    ]      Memory: Out Of Memory                                     0 / 0                 0 / 0                 0 / 0                 0 / 0           ops/s
[2021-02-13T17:22:39.352+0300][470.135s][info][gc,stats    ]      Memory: Page Cache Flush                                  0 / 0                 0 / 0                 0 / 0                 0 / 0           MB/s
[2021-02-13T17:22:39.352+0300][470.135s][info][gc,stats    ]      Memory: Page Cache Hit L1                                 0 / 1                 0 / 11                0 / 11                0 / 11          ops/s
[2021-02-13T17:22:39.352+0300][470.135s][info][gc,stats    ]      Memory: Page Cache Hit L2                                 0 / 0                 0 / 0                 0 / 0                 0 / 0           ops/s
[2021-02-13T17:22:39.352+0300][470.135s][info][gc,stats    ]      Memory: Page Cache Hit L3                                 0 / 0                 0 / 14                0 / 14                0 / 14          ops/s
[2021-02-13T17:22:39.352+0300][470.135s][info][gc,stats    ]      Memory: Page Cache Miss                                   0 / 0                 0 / 0                 0 / 0                 0 / 0           ops/s
[2021-02-13T17:22:39.352+0300][470.135s][info][gc,stats    ]      Memory: Uncommit                                          0 / 0                 0 / 0                 0 / 0                 0 / 0           MB/s
[2021-02-13T17:22:39.352+0300][470.135s][info][gc,stats    ]      Memory: Undo Object Allocation Failed                     0 / 0                 0 / 0                 0 / 0                 0 / 0           ops/s
[2021-02-13T17:22:39.352+0300][470.135s][info][gc,stats    ]      Memory: Undo Object Allocation Succeeded                  0 / 0                 0 / 1                 0 / 1                 0 / 1           ops/s
[2021-02-13T17:22:39.352+0300][470.135s][info][gc,stats    ]      Memory: Undo Page Allocation                              0 / 0                 0 / 0                 0 / 0                 0 / 0           ops/s
[2021-02-13T17:22:39.352+0300][470.135s][info][gc,stats    ]       Phase: Concurrent Mark                               0.000 / 0.000       230.999 / 356.582     230.999 / 356.582     230.999 / 356.582     ms
[2021-02-13T17:22:39.352+0300][470.135s][info][gc,stats    ]       Phase: Concurrent Mark Continue                      0.000 / 0.000         0.000 / 0.000         0.000 / 0.000         0.000 / 0.000       ms
[2021-02-13T17:22:39.352+0300][470.135s][info][gc,stats    ]       Phase: Concurrent Process Non-Strong References      0.000 / 0.000         2.512 / 3.462         2.512 / 3.462         2.512 / 3.462       ms
[2021-02-13T17:22:39.352+0300][470.135s][info][gc,stats    ]       Phase: Concurrent Relocate                           0.000 / 0.000        16.878 / 18.109       16.878 / 18.109       16.878 / 18.109      ms
[2021-02-13T17:22:39.352+0300][470.135s][info][gc,stats    ]       Phase: Concurrent Reset Relocation Set               0.000 / 0.000         0.492 / 0.741         0.492 / 0.741         0.492 / 0.741       ms
[2021-02-13T17:22:39.352+0300][470.135s][info][gc,stats    ]       Phase: Concurrent Select Relocation Set              0.000 / 0.000         6.443 / 9.944         6.443 / 9.944         6.443 / 9.944       ms
[2021-02-13T17:22:39.352+0300][470.135s][info][gc,stats    ]       Phase: Pause Mark End                                0.000 / 0.000         0.250 / 0.286         0.250 / 0.286         0.250 / 0.286       ms
[2021-02-13T17:22:39.352+0300][470.135s][info][gc,stats    ]       Phase: Pause Mark Start                              0.000 / 0.000         0.377 / 0.836         0.377 / 0.836         0.377 / 0.836       ms
[2021-02-13T17:22:39.352+0300][470.135s][info][gc,stats    ]       Phase: Pause Relocate Start                          0.000 / 0.000         0.166 / 0.175         0.166 / 0.175         0.166 / 0.175       ms
[2021-02-13T17:22:39.352+0300][470.135s][info][gc,stats    ]    Subphase: Concurrent Classes Purge                      0.000 / 0.000         0.120 / 0.137         0.120 / 0.137         0.120 / 0.137       ms
[2021-02-13T17:22:39.352+0300][470.135s][info][gc,stats    ]    Subphase: Concurrent Classes Unlink                     0.000 / 0.000         1.319 / 1.645         1.319 / 1.645         1.319 / 1.645       ms
[2021-02-13T17:22:39.352+0300][470.135s][info][gc,stats    ]    Subphase: Concurrent Mark                               0.000 / 0.000       230.700 / 356.225     230.700 / 356.225     230.700 / 356.225     ms
[2021-02-13T17:22:39.352+0300][470.135s][info][gc,stats    ]    Subphase: Concurrent Mark Idle                          0.000 / 0.000         0.000 / 0.000         0.000 / 0.000         0.000 / 0.000       ms
[2021-02-13T17:22:39.352+0300][470.135s][info][gc,stats    ]    Subphase: Concurrent Mark Try Flush                     0.000 / 0.000         0.430 / 0.804         0.430 / 0.804         0.430 / 0.804       ms
[2021-02-13T17:22:39.352+0300][470.135s][info][gc,stats    ]    Subphase: Concurrent Mark Try Terminate                 0.000 / 0.000         0.266 / 0.805         0.266 / 0.805         0.266 / 0.805       ms
[2021-02-13T17:22:39.352+0300][470.135s][info][gc,stats    ]    Subphase: Concurrent References Enqueue                 0.000 / 0.000         0.004 / 0.004         0.004 / 0.004         0.004 / 0.004       ms
[2021-02-13T17:22:39.352+0300][470.135s][info][gc,stats    ]    Subphase: Concurrent References Process                 0.000 / 0.000         0.121 / 0.143         0.121 / 0.143         0.121 / 0.143       ms
[2021-02-13T17:22:39.352+0300][470.135s][info][gc,stats    ]    Subphase: Concurrent Roots                              0.000 / 0.000         0.128 / 0.182         0.128 / 0.182         0.128 / 0.182       ms
[2021-02-13T17:22:39.352+0300][470.135s][info][gc,stats    ]    Subphase: Concurrent Roots ClassLoaderDataGraph         0.000 / 0.000         0.118 / 0.169         0.118 / 0.169         0.118 / 0.169       ms
[2021-02-13T17:22:39.352+0300][470.135s][info][gc,stats    ]    Subphase: Concurrent Roots JNIHandles                   0.000 / 0.000         0.005 / 0.007         0.005 / 0.007         0.005 / 0.007       ms
[2021-02-13T17:22:39.352+0300][470.135s][info][gc,stats    ]    Subphase: Concurrent Roots Setup                        0.000 / 0.000         0.006 / 0.007         0.006 / 0.007         0.006 / 0.007       ms
[2021-02-13T17:22:39.352+0300][470.135s][info][gc,stats    ]    Subphase: Concurrent Roots Teardown                     0.000 / 0.000         0.000 / 0.000         0.000 / 0.000         0.000 / 0.000       ms
[2021-02-13T17:22:39.352+0300][470.135s][info][gc,stats    ]    Subphase: Concurrent Roots VMHandles                    0.000 / 0.000         0.004 / 0.006         0.004 / 0.006         0.004 / 0.006       ms
[2021-02-13T17:22:39.352+0300][470.135s][info][gc,stats    ]    Subphase: Concurrent Weak Roots                         0.000 / 0.000         0.425 / 0.580         0.425 / 0.580         0.425 / 0.580       ms
[2021-02-13T17:22:39.352+0300][470.135s][info][gc,stats    ]    Subphase: Concurrent Weak Roots JNIWeakHandles          0.000 / 0.000         0.000 / 0.000         0.000 / 0.000         0.000 / 0.000       ms
[2021-02-13T17:22:39.352+0300][470.135s][info][gc,stats    ]    Subphase: Concurrent Weak Roots ResolvedMethodTable     0.000 / 0.000         0.029 / 0.042         0.029 / 0.042         0.029 / 0.042       ms
[2021-02-13T17:22:39.352+0300][470.135s][info][gc,stats    ]    Subphase: Concurrent Weak Roots StringTable             0.000 / 0.000         0.383 / 0.521         0.383 / 0.521         0.383 / 0.521       ms
[2021-02-13T17:22:39.352+0300][470.135s][info][gc,stats    ]    Subphase: Concurrent Weak Roots VMWeakHandles           0.000 / 0.000         0.012 / 0.015         0.012 / 0.015         0.012 / 0.015       ms
[2021-02-13T17:22:39.352+0300][470.135s][info][gc,stats    ]    Subphase: Pause Mark Try Complete                       0.000 / 0.000         0.032 / 0.051         0.032 / 0.051         0.032 / 0.051       ms
[2021-02-13T17:22:39.352+0300][470.135s][info][gc,stats    ]    Subphase: Pause Roots                                   0.000 / 0.000         0.083 / 0.374         0.083 / 0.374         0.083 / 0.374       ms
[2021-02-13T17:22:39.352+0300][470.135s][info][gc,stats    ]    Subphase: Pause Roots CodeCache                         0.000 / 0.000         0.000 / 0.000         0.000 / 0.000         0.000 / 0.000       ms
[2021-02-13T17:22:39.352+0300][470.135s][info][gc,stats    ]    Subphase: Pause Roots JVMTIExport                       0.000 / 0.000         0.001 / 0.003         0.001 / 0.003         0.001 / 0.003       ms
[2021-02-13T17:22:39.352+0300][470.135s][info][gc,stats    ]    Subphase: Pause Roots JVMTIWeakExport                   0.000 / 0.000         0.005 / 0.013         0.005 / 0.013         0.005 / 0.013       ms
[2021-02-13T17:22:39.352+0300][470.135s][info][gc,stats    ]    Subphase: Pause Roots Java Threads                      0.000 / 0.000         0.075 / 0.373         0.075 / 0.373         0.075 / 0.373       ms
[2021-02-13T17:22:39.352+0300][470.135s][info][gc,stats    ]    Subphase: Pause Roots Management                        0.000 / 0.000         0.007 / 0.025         0.007 / 0.025         0.007 / 0.025       ms
[2021-02-13T17:22:39.352+0300][470.135s][info][gc,stats    ]    Subphase: Pause Roots ObjectSynchronizer                0.000 / 0.000         0.000 / 0.000         0.000 / 0.000         0.000 / 0.000       ms
[2021-02-13T17:22:39.352+0300][470.135s][info][gc,stats    ]    Subphase: Pause Roots Setup                             0.000 / 0.000         0.000 / 0.001         0.000 / 0.001         0.000 / 0.001       ms
[2021-02-13T17:22:39.352+0300][470.135s][info][gc,stats    ]    Subphase: Pause Roots Teardown                          0.000 / 0.000         0.001 / 0.002         0.001 / 0.002         0.001 / 0.002       ms
[2021-02-13T17:22:39.352+0300][470.135s][info][gc,stats    ]    Subphase: Pause Roots Universe                          0.000 / 0.000         0.010 / 0.027         0.010 / 0.027         0.010 / 0.027       ms
[2021-02-13T17:22:39.352+0300][470.135s][info][gc,stats    ]    Subphase: Pause Roots VM Thread                         0.000 / 0.000         0.005 / 0.028         0.005 / 0.028         0.005 / 0.028       ms
[2021-02-13T17:22:39.353+0300][470.135s][info][gc,stats    ]    Subphase: Pause Weak Roots                              0.000 / 0.000         0.001 / 0.005         0.001 / 0.005         0.001 / 0.005       ms
[2021-02-13T17:22:39.353+0300][470.135s][info][gc,stats    ]    Subphase: Pause Weak Roots JFRWeak                      0.000 / 0.000         0.000 / 0.000         0.000 / 0.000         0.000 / 0.000       ms
[2021-02-13T17:22:39.353+0300][470.135s][info][gc,stats    ]    Subphase: Pause Weak Roots JVMTIWeakExport              0.000 / 0.000         0.002 / 0.005         0.002 / 0.005         0.002 / 0.005       ms
[2021-02-13T17:22:39.353+0300][470.135s][info][gc,stats    ]    Subphase: Pause Weak Roots Setup                        0.000 / 0.000         0.000 / 0.000         0.000 / 0.000         0.000 / 0.000       ms
[2021-02-13T17:22:39.353+0300][470.135s][info][gc,stats    ]    Subphase: Pause Weak Roots Teardown                     0.000 / 0.000         0.000 / 0.000         0.000 / 0.000         0.000 / 0.000       ms
[2021-02-13T17:22:39.353+0300][470.135s][info][gc,stats    ]      System: Java Threads                                      0 / 0                16 / 16               16 / 16               16 / 16          threads
[2021-02-13T17:22:39.353+0300][470.135s][info][gc,stats    ] =========================================================================================================================================================
[2021-02-13T17:22:49.343+0300][480.125s][info][gc,stats    ] === Garbage Collection Statistics =======================================================================================================================
[2021-02-13T17:22:49.343+0300][480.125s][info][gc,stats    ]                                                              Last 10s              Last 10m              Last 10h                Total
[2021-02-13T17:22:49.343+0300][480.125s][info][gc,stats    ]                                                              Avg / Max             Avg / Max             Avg / Max             Avg / Max
[2021-02-13T17:22:49.343+0300][480.125s][info][gc,stats    ]   Collector: Garbage Collection Cycle                      0.000 / 0.000       260.121 / 386.588     260.121 / 386.588     260.121 / 386.588     ms
[2021-02-13T17:22:49.343+0300][480.125s][info][gc,stats    ]  Contention: Mark Segment Reset Contention                     0 / 0                 0 / 0                 0 / 0                 0 / 0           ops/s
[2021-02-13T17:22:49.343+0300][480.125s][info][gc,stats    ]  Contention: Mark SeqNum Reset Contention                      0 / 0                 0 / 0                 0 / 0                 0 / 0           ops/s
[2021-02-13T17:22:49.343+0300][480.125s][info][gc,stats    ]  Contention: Relocation Contention                             0 / 0                 0 / 1                 0 / 1                 0 / 1           ops/s
[2021-02-13T17:22:49.343+0300][480.125s][info][gc,stats    ]    Critical: Allocation Stall                              0.000 / 0.000         0.000 / 0.000         0.000 / 0.000         0.000 / 0.000       ms
[2021-02-13T17:22:49.343+0300][480.125s][info][gc,stats    ]    Critical: Allocation Stall                                  0 / 0                 0 / 0                 0 / 0                 0 / 0           ops/s
[2021-02-13T17:22:49.343+0300][480.125s][info][gc,stats    ]    Critical: GC Locker Stall                               0.000 / 0.000         0.000 / 0.000         0.000 / 0.000         0.000 / 0.000       ms
[2021-02-13T17:22:49.343+0300][480.125s][info][gc,stats    ]    Critical: GC Locker Stall                                   0 / 0                 0 / 0                 0 / 0                 0 / 0           ops/s
[2021-02-13T17:22:49.343+0300][480.125s][info][gc,stats    ]      Memory: Allocation Rate                                   0 / 2                 3 / 1082              3 / 1082              3 / 1082        MB/s
[2021-02-13T17:22:49.343+0300][480.125s][info][gc,stats    ]      Memory: Heap Used After Mark                              0 / 0               215 / 312             215 / 312             215 / 312         MB
[2021-02-13T17:22:49.343+0300][480.125s][info][gc,stats    ]      Memory: Heap Used After Relocation                        0 / 0               130 / 190             130 / 190             130 / 190         MB
[2021-02-13T17:22:49.343+0300][480.125s][info][gc,stats    ]      Memory: Heap Used Before Mark                             0 / 0               215 / 312             215 / 312             215 / 312         MB
[2021-02-13T17:22:49.343+0300][480.125s][info][gc,stats    ]      Memory: Heap Used Before Relocation                       0 / 0               192 / 288             192 / 288             192 / 288         MB
[2021-02-13T17:22:49.343+0300][480.125s][info][gc,stats    ]      Memory: Out Of Memory                                     0 / 0                 0 / 0                 0 / 0                 0 / 0           ops/s
[2021-02-13T17:22:49.343+0300][480.125s][info][gc,stats    ]      Memory: Page Cache Flush                                  0 / 0                 0 / 0                 0 / 0                 0 / 0           MB/s
[2021-02-13T17:22:49.343+0300][480.125s][info][gc,stats    ]      Memory: Page Cache Hit L1                                 0 / 1                 0 / 11                0 / 11                0 / 11          ops/s
[2021-02-13T17:22:49.343+0300][480.125s][info][gc,stats    ]      Memory: Page Cache Hit L2                                 0 / 0                 0 / 0                 0 / 0                 0 / 0           ops/s
[2021-02-13T17:22:49.343+0300][480.125s][info][gc,stats    ]      Memory: Page Cache Hit L3                                 0 / 0                 0 / 14                0 / 14                0 / 14          ops/s
[2021-02-13T17:22:49.343+0300][480.125s][info][gc,stats    ]      Memory: Page Cache Miss                                   0 / 0                 0 / 0                 0 / 0                 0 / 0           ops/s
[2021-02-13T17:22:49.343+0300][480.126s][info][gc,stats    ]      Memory: Uncommit                                          0 / 0                 0 / 0                 0 / 0                 0 / 0           MB/s
[2021-02-13T17:22:49.343+0300][480.126s][info][gc,stats    ]      Memory: Undo Object Allocation Failed                     0 / 0                 0 / 0                 0 / 0                 0 / 0           ops/s
[2021-02-13T17:22:49.343+0300][480.126s][info][gc,stats    ]      Memory: Undo Object Allocation Succeeded                  0 / 0                 0 / 1                 0 / 1                 0 / 1           ops/s
[2021-02-13T17:22:49.343+0300][480.126s][info][gc,stats    ]      Memory: Undo Page Allocation                              0 / 0                 0 / 0                 0 / 0                 0 / 0           ops/s
[2021-02-13T17:22:49.343+0300][480.126s][info][gc,stats    ]       Phase: Concurrent Mark                               0.000 / 0.000       230.999 / 356.582     230.999 / 356.582     230.999 / 356.582     ms
[2021-02-13T17:22:49.343+0300][480.126s][info][gc,stats    ]       Phase: Concurrent Mark Continue                      0.000 / 0.000         0.000 / 0.000         0.000 / 0.000         0.000 / 0.000       ms
[2021-02-13T17:22:49.343+0300][480.126s][info][gc,stats    ]       Phase: Concurrent Process Non-Strong References      0.000 / 0.000         2.512 / 3.462         2.512 / 3.462         2.512 / 3.462       ms
[2021-02-13T17:22:49.343+0300][480.126s][info][gc,stats    ]       Phase: Concurrent Relocate                           0.000 / 0.000        16.878 / 18.109       16.878 / 18.109       16.878 / 18.109      ms
[2021-02-13T17:22:49.343+0300][480.126s][info][gc,stats    ]       Phase: Concurrent Reset Relocation Set               0.000 / 0.000         0.492 / 0.741         0.492 / 0.741         0.492 / 0.741       ms
[2021-02-13T17:22:49.343+0300][480.126s][info][gc,stats    ]       Phase: Concurrent Select Relocation Set              0.000 / 0.000         6.443 / 9.944         6.443 / 9.944         6.443 / 9.944       ms
[2021-02-13T17:22:49.343+0300][480.126s][info][gc,stats    ]       Phase: Pause Mark End                                0.000 / 0.000         0.250 / 0.286         0.250 / 0.286         0.250 / 0.286       ms
[2021-02-13T17:22:49.343+0300][480.126s][info][gc,stats    ]       Phase: Pause Mark Start                              0.000 / 0.000         0.377 / 0.836         0.377 / 0.836         0.377 / 0.836       ms
[2021-02-13T17:22:49.343+0300][480.126s][info][gc,stats    ]       Phase: Pause Relocate Start                          0.000 / 0.000         0.166 / 0.175         0.166 / 0.175         0.166 / 0.175       ms
[2021-02-13T17:22:49.343+0300][480.126s][info][gc,stats    ]    Subphase: Concurrent Classes Purge                      0.000 / 0.000         0.120 / 0.137         0.120 / 0.137         0.120 / 0.137       ms
[2021-02-13T17:22:49.343+0300][480.126s][info][gc,stats    ]    Subphase: Concurrent Classes Unlink                     0.000 / 0.000         1.319 / 1.645         1.319 / 1.645         1.319 / 1.645       ms
[2021-02-13T17:22:49.343+0300][480.126s][info][gc,stats    ]    Subphase: Concurrent Mark                               0.000 / 0.000       230.700 / 356.225     230.700 / 356.225     230.700 / 356.225     ms
[2021-02-13T17:22:49.343+0300][480.126s][info][gc,stats    ]    Subphase: Concurrent Mark Idle                          0.000 / 0.000         0.000 / 0.000         0.000 / 0.000         0.000 / 0.000       ms
[2021-02-13T17:22:49.343+0300][480.126s][info][gc,stats    ]    Subphase: Concurrent Mark Try Flush                     0.000 / 0.000         0.430 / 0.804         0.430 / 0.804         0.430 / 0.804       ms
[2021-02-13T17:22:49.343+0300][480.126s][info][gc,stats    ]    Subphase: Concurrent Mark Try Terminate                 0.000 / 0.000         0.266 / 0.805         0.266 / 0.805         0.266 / 0.805       ms
[2021-02-13T17:22:49.343+0300][480.126s][info][gc,stats    ]    Subphase: Concurrent References Enqueue                 0.000 / 0.000         0.004 / 0.004         0.004 / 0.004         0.004 / 0.004       ms
[2021-02-13T17:22:49.343+0300][480.126s][info][gc,stats    ]    Subphase: Concurrent References Process                 0.000 / 0.000         0.121 / 0.143         0.121 / 0.143         0.121 / 0.143       ms
[2021-02-13T17:22:49.343+0300][480.126s][info][gc,stats    ]    Subphase: Concurrent Roots                              0.000 / 0.000         0.128 / 0.182         0.128 / 0.182         0.128 / 0.182       ms
[2021-02-13T17:22:49.343+0300][480.126s][info][gc,stats    ]    Subphase: Concurrent Roots ClassLoaderDataGraph         0.000 / 0.000         0.118 / 0.169         0.118 / 0.169         0.118 / 0.169       ms
[2021-02-13T17:22:49.343+0300][480.126s][info][gc,stats    ]    Subphase: Concurrent Roots JNIHandles                   0.000 / 0.000         0.005 / 0.007         0.005 / 0.007         0.005 / 0.007       ms
[2021-02-13T17:22:49.343+0300][480.126s][info][gc,stats    ]    Subphase: Concurrent Roots Setup                        0.000 / 0.000         0.006 / 0.007         0.006 / 0.007         0.006 / 0.007       ms
[2021-02-13T17:22:49.343+0300][480.126s][info][gc,stats    ]    Subphase: Concurrent Roots Teardown                     0.000 / 0.000         0.000 / 0.000         0.000 / 0.000         0.000 / 0.000       ms
[2021-02-13T17:22:49.343+0300][480.126s][info][gc,stats    ]    Subphase: Concurrent Roots VMHandles                    0.000 / 0.000         0.004 / 0.006         0.004 / 0.006         0.004 / 0.006       ms
[2021-02-13T17:22:49.343+0300][480.126s][info][gc,stats    ]    Subphase: Concurrent Weak Roots                         0.000 / 0.000         0.425 / 0.580         0.425 / 0.580         0.425 / 0.580       ms
[2021-02-13T17:22:49.343+0300][480.126s][info][gc,stats    ]    Subphase: Concurrent Weak Roots JNIWeakHandles          0.000 / 0.000         0.000 / 0.000         0.000 / 0.000         0.000 / 0.000       ms
[2021-02-13T17:22:49.343+0300][480.126s][info][gc,stats    ]    Subphase: Concurrent Weak Roots ResolvedMethodTable     0.000 / 0.000         0.029 / 0.042         0.029 / 0.042         0.029 / 0.042       ms
[2021-02-13T17:22:49.343+0300][480.126s][info][gc,stats    ]    Subphase: Concurrent Weak Roots StringTable             0.000 / 0.000         0.383 / 0.521         0.383 / 0.521         0.383 / 0.521       ms
[2021-02-13T17:22:49.343+0300][480.126s][info][gc,stats    ]    Subphase: Concurrent Weak Roots VMWeakHandles           0.000 / 0.000         0.012 / 0.015         0.012 / 0.015         0.012 / 0.015       ms
[2021-02-13T17:22:49.343+0300][480.126s][info][gc,stats    ]    Subphase: Pause Mark Try Complete                       0.000 / 0.000         0.032 / 0.051         0.032 / 0.051         0.032 / 0.051       ms
[2021-02-13T17:22:49.343+0300][480.126s][info][gc,stats    ]    Subphase: Pause Roots                                   0.000 / 0.000         0.083 / 0.374         0.083 / 0.374         0.083 / 0.374       ms
[2021-02-13T17:22:49.343+0300][480.126s][info][gc,stats    ]    Subphase: Pause Roots CodeCache                         0.000 / 0.000         0.000 / 0.000         0.000 / 0.000         0.000 / 0.000       ms
[2021-02-13T17:22:49.343+0300][480.126s][info][gc,stats    ]    Subphase: Pause Roots JVMTIExport                       0.000 / 0.000         0.001 / 0.003         0.001 / 0.003         0.001 / 0.003       ms
[2021-02-13T17:22:49.343+0300][480.126s][info][gc,stats    ]    Subphase: Pause Roots JVMTIWeakExport                   0.000 / 0.000         0.005 / 0.013         0.005 / 0.013         0.005 / 0.013       ms
[2021-02-13T17:22:49.343+0300][480.126s][info][gc,stats    ]    Subphase: Pause Roots Java Threads                      0.000 / 0.000         0.075 / 0.373         0.075 / 0.373         0.075 / 0.373       ms
[2021-02-13T17:22:49.343+0300][480.126s][info][gc,stats    ]    Subphase: Pause Roots Management                        0.000 / 0.000         0.007 / 0.025         0.007 / 0.025         0.007 / 0.025       ms
[2021-02-13T17:22:49.343+0300][480.126s][info][gc,stats    ]    Subphase: Pause Roots ObjectSynchronizer                0.000 / 0.000         0.000 / 0.000         0.000 / 0.000         0.000 / 0.000       ms
[2021-02-13T17:22:49.343+0300][480.126s][info][gc,stats    ]    Subphase: Pause Roots Setup                             0.000 / 0.000         0.000 / 0.001         0.000 / 0.001         0.000 / 0.001       ms
[2021-02-13T17:22:49.343+0300][480.126s][info][gc,stats    ]    Subphase: Pause Roots Teardown                          0.000 / 0.000         0.001 / 0.002         0.001 / 0.002         0.001 / 0.002       ms
[2021-02-13T17:22:49.343+0300][480.126s][info][gc,stats    ]    Subphase: Pause Roots Universe                          0.000 / 0.000         0.010 / 0.027         0.010 / 0.027         0.010 / 0.027       ms
[2021-02-13T17:22:49.343+0300][480.126s][info][gc,stats    ]    Subphase: Pause Roots VM Thread                         0.000 / 0.000         0.005 / 0.028         0.005 / 0.028         0.005 / 0.028       ms
[2021-02-13T17:22:49.343+0300][480.126s][info][gc,stats    ]    Subphase: Pause Weak Roots                              0.000 / 0.000         0.001 / 0.005         0.001 / 0.005         0.001 / 0.005       ms
[2021-02-13T17:22:49.343+0300][480.126s][info][gc,stats    ]    Subphase: Pause Weak Roots JFRWeak                      0.000 / 0.000         0.000 / 0.000         0.000 / 0.000         0.000 / 0.000       ms
[2021-02-13T17:22:49.343+0300][480.126s][info][gc,stats    ]    Subphase: Pause Weak Roots JVMTIWeakExport              0.000 / 0.000         0.002 / 0.005         0.002 / 0.005         0.002 / 0.005       ms
[2021-02-13T17:22:49.344+0300][480.126s][info][gc,stats    ]    Subphase: Pause Weak Roots Setup                        0.000 / 0.000         0.000 / 0.000         0.000 / 0.000         0.000 / 0.000       ms
[2021-02-13T17:22:49.344+0300][480.126s][info][gc,stats    ]    Subphase: Pause Weak Roots Teardown                     0.000 / 0.000         0.000 / 0.000         0.000 / 0.000         0.000 / 0.000       ms
[2021-02-13T17:22:49.344+0300][480.126s][info][gc,stats    ]      System: Java Threads                                      0 / 0                16 / 16               16 / 16               16 / 16          threads
[2021-02-13T17:22:49.344+0300][480.126s][info][gc,stats    ] =========================================================================================================================================================
[2021-02-13T17:22:59.348+0300][490.130s][info][gc,stats    ] === Garbage Collection Statistics =======================================================================================================================
[2021-02-13T17:22:59.348+0300][490.130s][info][gc,stats    ]                                                              Last 10s              Last 10m              Last 10h                Total
[2021-02-13T17:22:59.348+0300][490.130s][info][gc,stats    ]                                                              Avg / Max             Avg / Max             Avg / Max             Avg / Max
[2021-02-13T17:22:59.348+0300][490.130s][info][gc,stats    ]   Collector: Garbage Collection Cycle                      0.000 / 0.000       260.121 / 386.588     260.121 / 386.588     260.121 / 386.588     ms
[2021-02-13T17:22:59.348+0300][490.130s][info][gc,stats    ]  Contention: Mark Segment Reset Contention                     0 / 0                 0 / 0                 0 / 0                 0 / 0           ops/s
[2021-02-13T17:22:59.348+0300][490.130s][info][gc,stats    ]  Contention: Mark SeqNum Reset Contention                      0 / 0                 0 / 0                 0 / 0                 0 / 0           ops/s
[2021-02-13T17:22:59.348+0300][490.130s][info][gc,stats    ]  Contention: Relocation Contention                             0 / 0                 0 / 1                 0 / 1                 0 / 1           ops/s
[2021-02-13T17:22:59.348+0300][490.130s][info][gc,stats    ]    Critical: Allocation Stall                              0.000 / 0.000         0.000 / 0.000         0.000 / 0.000         0.000 / 0.000       ms
[2021-02-13T17:22:59.348+0300][490.130s][info][gc,stats    ]    Critical: Allocation Stall                                  0 / 0                 0 / 0                 0 / 0                 0 / 0           ops/s
[2021-02-13T17:22:59.348+0300][490.130s][info][gc,stats    ]    Critical: GC Locker Stall                               0.000 / 0.000         0.000 / 0.000         0.000 / 0.000         0.000 / 0.000       ms
[2021-02-13T17:22:59.348+0300][490.130s][info][gc,stats    ]    Critical: GC Locker Stall                                   0 / 0                 0 / 0                 0 / 0                 0 / 0           ops/s
[2021-02-13T17:22:59.348+0300][490.130s][info][gc,stats    ]      Memory: Allocation Rate                                   0 / 0                 3 / 1082              3 / 1082              3 / 1082        MB/s
[2021-02-13T17:22:59.348+0300][490.131s][info][gc,stats    ]      Memory: Heap Used After Mark                              0 / 0               215 / 312             215 / 312             215 / 312         MB
[2021-02-13T17:22:59.348+0300][490.131s][info][gc,stats    ]      Memory: Heap Used After Relocation                        0 / 0               130 / 190             130 / 190             130 / 190         MB
[2021-02-13T17:22:59.348+0300][490.131s][info][gc,stats    ]      Memory: Heap Used Before Mark                             0 / 0               215 / 312             215 / 312             215 / 312         MB
[2021-02-13T17:22:59.348+0300][490.131s][info][gc,stats    ]      Memory: Heap Used Before Relocation                       0 / 0               192 / 288             192 / 288             192 / 288         MB
[2021-02-13T17:22:59.348+0300][490.131s][info][gc,stats    ]      Memory: Out Of Memory                                     0 / 0                 0 / 0                 0 / 0                 0 / 0           ops/s
[2021-02-13T17:22:59.348+0300][490.131s][info][gc,stats    ]      Memory: Page Cache Flush                                  0 / 0                 0 / 0                 0 / 0                 0 / 0           MB/s
[2021-02-13T17:22:59.348+0300][490.131s][info][gc,stats    ]      Memory: Page Cache Hit L1                                 0 / 0                 0 / 11                0 / 11                0 / 11          ops/s
[2021-02-13T17:22:59.348+0300][490.131s][info][gc,stats    ]      Memory: Page Cache Hit L2                                 0 / 0                 0 / 0                 0 / 0                 0 / 0           ops/s
[2021-02-13T17:22:59.348+0300][490.131s][info][gc,stats    ]      Memory: Page Cache Hit L3                                 0 / 0                 0 / 14                0 / 14                0 / 14          ops/s
[2021-02-13T17:22:59.348+0300][490.131s][info][gc,stats    ]      Memory: Page Cache Miss                                   0 / 0                 0 / 0                 0 / 0                 0 / 0           ops/s
[2021-02-13T17:22:59.348+0300][490.131s][info][gc,stats    ]      Memory: Uncommit                                          0 / 0                 0 / 0                 0 / 0                 0 / 0           MB/s
[2021-02-13T17:22:59.348+0300][490.131s][info][gc,stats    ]      Memory: Undo Object Allocation Failed                     0 / 0                 0 / 0                 0 / 0                 0 / 0           ops/s
[2021-02-13T17:22:59.348+0300][490.131s][info][gc,stats    ]      Memory: Undo Object Allocation Succeeded                  0 / 0                 0 / 1                 0 / 1                 0 / 1           ops/s
[2021-02-13T17:22:59.348+0300][490.131s][info][gc,stats    ]      Memory: Undo Page Allocation                              0 / 0                 0 / 0                 0 / 0                 0 / 0           ops/s
[2021-02-13T17:22:59.348+0300][490.131s][info][gc,stats    ]       Phase: Concurrent Mark                               0.000 / 0.000       230.999 / 356.582     230.999 / 356.582     230.999 / 356.582     ms
[2021-02-13T17:22:59.348+0300][490.131s][info][gc,stats    ]       Phase: Concurrent Mark Continue                      0.000 / 0.000         0.000 / 0.000         0.000 / 0.000         0.000 / 0.000       ms
[2021-02-13T17:22:59.348+0300][490.131s][info][gc,stats    ]       Phase: Concurrent Process Non-Strong References      0.000 / 0.000         2.512 / 3.462         2.512 / 3.462         2.512 / 3.462       ms
[2021-02-13T17:22:59.348+0300][490.131s][info][gc,stats    ]       Phase: Concurrent Relocate                           0.000 / 0.000        16.878 / 18.109       16.878 / 18.109       16.878 / 18.109      ms
[2021-02-13T17:22:59.348+0300][490.131s][info][gc,stats    ]       Phase: Concurrent Reset Relocation Set               0.000 / 0.000         0.492 / 0.741         0.492 / 0.741         0.492 / 0.741       ms
[2021-02-13T17:22:59.348+0300][490.131s][info][gc,stats    ]       Phase: Concurrent Select Relocation Set              0.000 / 0.000         6.443 / 9.944         6.443 / 9.944         6.443 / 9.944       ms
[2021-02-13T17:22:59.348+0300][490.131s][info][gc,stats    ]       Phase: Pause Mark End                                0.000 / 0.000         0.250 / 0.286         0.250 / 0.286         0.250 / 0.286       ms
[2021-02-13T17:22:59.348+0300][490.131s][info][gc,stats    ]       Phase: Pause Mark Start                              0.000 / 0.000         0.377 / 0.836         0.377 / 0.836         0.377 / 0.836       ms
[2021-02-13T17:22:59.348+0300][490.131s][info][gc,stats    ]       Phase: Pause Relocate Start                          0.000 / 0.000         0.166 / 0.175         0.166 / 0.175         0.166 / 0.175       ms
[2021-02-13T17:22:59.348+0300][490.131s][info][gc,stats    ]    Subphase: Concurrent Classes Purge                      0.000 / 0.000         0.120 / 0.137         0.120 / 0.137         0.120 / 0.137       ms
[2021-02-13T17:22:59.348+0300][490.131s][info][gc,stats    ]    Subphase: Concurrent Classes Unlink                     0.000 / 0.000         1.319 / 1.645         1.319 / 1.645         1.319 / 1.645       ms
[2021-02-13T17:22:59.348+0300][490.131s][info][gc,stats    ]    Subphase: Concurrent Mark                               0.000 / 0.000       230.700 / 356.225     230.700 / 356.225     230.700 / 356.225     ms
[2021-02-13T17:22:59.348+0300][490.131s][info][gc,stats    ]    Subphase: Concurrent Mark Idle                          0.000 / 0.000         0.000 / 0.000         0.000 / 0.000         0.000 / 0.000       ms
[2021-02-13T17:22:59.348+0300][490.131s][info][gc,stats    ]    Subphase: Concurrent Mark Try Flush                     0.000 / 0.000         0.430 / 0.804         0.430 / 0.804         0.430 / 0.804       ms
[2021-02-13T17:22:59.348+0300][490.131s][info][gc,stats    ]    Subphase: Concurrent Mark Try Terminate                 0.000 / 0.000         0.266 / 0.805         0.266 / 0.805         0.266 / 0.805       ms
[2021-02-13T17:22:59.348+0300][490.131s][info][gc,stats    ]    Subphase: Concurrent References Enqueue                 0.000 / 0.000         0.004 / 0.004         0.004 / 0.004         0.004 / 0.004       ms
[2021-02-13T17:22:59.348+0300][490.131s][info][gc,stats    ]    Subphase: Concurrent References Process                 0.000 / 0.000         0.121 / 0.143         0.121 / 0.143         0.121 / 0.143       ms
[2021-02-13T17:22:59.348+0300][490.131s][info][gc,stats    ]    Subphase: Concurrent Roots                              0.000 / 0.000         0.128 / 0.182         0.128 / 0.182         0.128 / 0.182       ms
[2021-02-13T17:22:59.348+0300][490.131s][info][gc,stats    ]    Subphase: Concurrent Roots ClassLoaderDataGraph         0.000 / 0.000         0.118 / 0.169         0.118 / 0.169         0.118 / 0.169       ms
[2021-02-13T17:22:59.348+0300][490.131s][info][gc,stats    ]    Subphase: Concurrent Roots JNIHandles                   0.000 / 0.000         0.005 / 0.007         0.005 / 0.007         0.005 / 0.007       ms
[2021-02-13T17:22:59.348+0300][490.131s][info][gc,stats    ]    Subphase: Concurrent Roots Setup                        0.000 / 0.000         0.006 / 0.007         0.006 / 0.007         0.006 / 0.007       ms
[2021-02-13T17:22:59.348+0300][490.131s][info][gc,stats    ]    Subphase: Concurrent Roots Teardown                     0.000 / 0.000         0.000 / 0.000         0.000 / 0.000         0.000 / 0.000       ms
[2021-02-13T17:22:59.348+0300][490.131s][info][gc,stats    ]    Subphase: Concurrent Roots VMHandles                    0.000 / 0.000         0.004 / 0.006         0.004 / 0.006         0.004 / 0.006       ms
[2021-02-13T17:22:59.348+0300][490.131s][info][gc,stats    ]    Subphase: Concurrent Weak Roots                         0.000 / 0.000         0.425 / 0.580         0.425 / 0.580         0.425 / 0.580       ms
[2021-02-13T17:22:59.348+0300][490.131s][info][gc,stats    ]    Subphase: Concurrent Weak Roots JNIWeakHandles          0.000 / 0.000         0.000 / 0.000         0.000 / 0.000         0.000 / 0.000       ms
[2021-02-13T17:22:59.348+0300][490.131s][info][gc,stats    ]    Subphase: Concurrent Weak Roots ResolvedMethodTable     0.000 / 0.000         0.029 / 0.042         0.029 / 0.042         0.029 / 0.042       ms
[2021-02-13T17:22:59.348+0300][490.131s][info][gc,stats    ]    Subphase: Concurrent Weak Roots StringTable             0.000 / 0.000         0.383 / 0.521         0.383 / 0.521         0.383 / 0.521       ms
[2021-02-13T17:22:59.348+0300][490.131s][info][gc,stats    ]    Subphase: Concurrent Weak Roots VMWeakHandles           0.000 / 0.000         0.012 / 0.015         0.012 / 0.015         0.012 / 0.015       ms
[2021-02-13T17:22:59.348+0300][490.131s][info][gc,stats    ]    Subphase: Pause Mark Try Complete                       0.000 / 0.000         0.032 / 0.051         0.032 / 0.051         0.032 / 0.051       ms
[2021-02-13T17:22:59.348+0300][490.131s][info][gc,stats    ]    Subphase: Pause Roots                                   0.000 / 0.000         0.083 / 0.374         0.083 / 0.374         0.083 / 0.374       ms
[2021-02-13T17:22:59.348+0300][490.131s][info][gc,stats    ]    Subphase: Pause Roots CodeCache                         0.000 / 0.000         0.000 / 0.000         0.000 / 0.000         0.000 / 0.000       ms
[2021-02-13T17:22:59.348+0300][490.131s][info][gc,stats    ]    Subphase: Pause Roots JVMTIExport                       0.000 / 0.000         0.001 / 0.003         0.001 / 0.003         0.001 / 0.003       ms
[2021-02-13T17:22:59.348+0300][490.131s][info][gc,stats    ]    Subphase: Pause Roots JVMTIWeakExport                   0.000 / 0.000         0.005 / 0.013         0.005 / 0.013         0.005 / 0.013       ms
[2021-02-13T17:22:59.348+0300][490.131s][info][gc,stats    ]    Subphase: Pause Roots Java Threads                      0.000 / 0.000         0.075 / 0.373         0.075 / 0.373         0.075 / 0.373       ms
[2021-02-13T17:22:59.348+0300][490.131s][info][gc,stats    ]    Subphase: Pause Roots Management                        0.000 / 0.000         0.007 / 0.025         0.007 / 0.025         0.007 / 0.025       ms
[2021-02-13T17:22:59.348+0300][490.131s][info][gc,stats    ]    Subphase: Pause Roots ObjectSynchronizer                0.000 / 0.000         0.000 / 0.000         0.000 / 0.000         0.000 / 0.000       ms
[2021-02-13T17:22:59.348+0300][490.131s][info][gc,stats    ]    Subphase: Pause Roots Setup                             0.000 / 0.000         0.000 / 0.001         0.000 / 0.001         0.000 / 0.001       ms
[2021-02-13T17:22:59.348+0300][490.131s][info][gc,stats    ]    Subphase: Pause Roots Teardown                          0.000 / 0.000         0.001 / 0.002         0.001 / 0.002         0.001 / 0.002       ms
[2021-02-13T17:22:59.348+0300][490.131s][info][gc,stats    ]    Subphase: Pause Roots Universe                          0.000 / 0.000         0.010 / 0.027         0.010 / 0.027         0.010 / 0.027       ms
[2021-02-13T17:22:59.348+0300][490.131s][info][gc,stats    ]    Subphase: Pause Roots VM Thread                         0.000 / 0.000         0.005 / 0.028         0.005 / 0.028         0.005 / 0.028       ms
[2021-02-13T17:22:59.348+0300][490.131s][info][gc,stats    ]    Subphase: Pause Weak Roots                              0.000 / 0.000         0.001 / 0.005         0.001 / 0.005         0.001 / 0.005       ms
[2021-02-13T17:22:59.348+0300][490.131s][info][gc,stats    ]    Subphase: Pause Weak Roots JFRWeak                      0.000 / 0.000         0.000 / 0.000         0.000 / 0.000         0.000 / 0.000       ms
[2021-02-13T17:22:59.348+0300][490.131s][info][gc,stats    ]    Subphase: Pause Weak Roots JVMTIWeakExport              0.000 / 0.000         0.002 / 0.005         0.002 / 0.005         0.002 / 0.005       ms
[2021-02-13T17:22:59.348+0300][490.131s][info][gc,stats    ]    Subphase: Pause Weak Roots Setup                        0.000 / 0.000         0.000 / 0.000         0.000 / 0.000         0.000 / 0.000       ms
[2021-02-13T17:22:59.349+0300][490.131s][info][gc,stats    ]    Subphase: Pause Weak Roots Teardown                     0.000 / 0.000         0.000 / 0.000         0.000 / 0.000         0.000 / 0.000       ms
[2021-02-13T17:22:59.349+0300][490.131s][info][gc,stats    ]      System: Java Threads                                      0 / 0                16 / 16               16 / 16               16 / 16          threads
[2021-02-13T17:22:59.349+0300][490.131s][info][gc,stats    ] =========================================================================================================================================================
[2021-02-13T17:23:09.355+0300][500.137s][info][gc,stats    ] === Garbage Collection Statistics =======================================================================================================================
[2021-02-13T17:23:09.355+0300][500.137s][info][gc,stats    ]                                                              Last 10s              Last 10m              Last 10h                Total
[2021-02-13T17:23:09.355+0300][500.137s][info][gc,stats    ]                                                              Avg / Max             Avg / Max             Avg / Max             Avg / Max
[2021-02-13T17:23:09.355+0300][500.137s][info][gc,stats    ]   Collector: Garbage Collection Cycle                      0.000 / 0.000       260.121 / 386.588     260.121 / 386.588     260.121 / 386.588     ms
[2021-02-13T17:23:09.355+0300][500.137s][info][gc,stats    ]  Contention: Mark Segment Reset Contention                     0 / 0                 0 / 0                 0 / 0                 0 / 0           ops/s
[2021-02-13T17:23:09.355+0300][500.137s][info][gc,stats    ]  Contention: Mark SeqNum Reset Contention                      0 / 0                 0 / 0                 0 / 0                 0 / 0           ops/s
[2021-02-13T17:23:09.355+0300][500.137s][info][gc,stats    ]  Contention: Relocation Contention                             0 / 0                 0 / 1                 0 / 1                 0 / 1           ops/s
[2021-02-13T17:23:09.355+0300][500.137s][info][gc,stats    ]    Critical: Allocation Stall                              0.000 / 0.000         0.000 / 0.000         0.000 / 0.000         0.000 / 0.000       ms
[2021-02-13T17:23:09.355+0300][500.137s][info][gc,stats    ]    Critical: Allocation Stall                                  0 / 0                 0 / 0                 0 / 0                 0 / 0           ops/s
[2021-02-13T17:23:09.355+0300][500.137s][info][gc,stats    ]    Critical: GC Locker Stall                               0.000 / 0.000         0.000 / 0.000         0.000 / 0.000         0.000 / 0.000       ms
[2021-02-13T17:23:09.355+0300][500.137s][info][gc,stats    ]    Critical: GC Locker Stall                                   0 / 0                 0 / 0                 0 / 0                 0 / 0           ops/s
[2021-02-13T17:23:09.355+0300][500.137s][info][gc,stats    ]      Memory: Allocation Rate                                   1 / 16                3 / 1082              3 / 1082              3 / 1082        MB/s
[2021-02-13T17:23:09.355+0300][500.138s][info][gc,stats    ]      Memory: Heap Used After Mark                              0 / 0               215 / 312             215 / 312             215 / 312         MB
[2021-02-13T17:23:09.355+0300][500.138s][info][gc,stats    ]      Memory: Heap Used After Relocation                        0 / 0               130 / 190             130 / 190             130 / 190         MB
[2021-02-13T17:23:09.355+0300][500.138s][info][gc,stats    ]      Memory: Heap Used Before Mark                             0 / 0               215 / 312             215 / 312             215 / 312         MB
[2021-02-13T17:23:09.355+0300][500.138s][info][gc,stats    ]      Memory: Heap Used Before Relocation                       0 / 0               192 / 288             192 / 288             192 / 288         MB
[2021-02-13T17:23:09.355+0300][500.138s][info][gc,stats    ]      Memory: Out Of Memory                                     0 / 0                 0 / 0                 0 / 0                 0 / 0           ops/s
[2021-02-13T17:23:09.355+0300][500.138s][info][gc,stats    ]      Memory: Page Cache Flush                                  0 / 0                 0 / 0                 0 / 0                 0 / 0           MB/s
[2021-02-13T17:23:09.355+0300][500.138s][info][gc,stats    ]      Memory: Page Cache Hit L1                                 0 / 8                 0 / 11                0 / 11                0 / 11          ops/s
[2021-02-13T17:23:09.355+0300][500.138s][info][gc,stats    ]      Memory: Page Cache Hit L2                                 0 / 0                 0 / 0                 0 / 0                 0 / 0           ops/s
[2021-02-13T17:23:09.355+0300][500.138s][info][gc,stats    ]      Memory: Page Cache Hit L3                                 0 / 0                 0 / 14                0 / 14                0 / 14          ops/s
[2021-02-13T17:23:09.355+0300][500.138s][info][gc,stats    ]      Memory: Page Cache Miss                                   0 / 0                 0 / 0                 0 / 0                 0 / 0           ops/s
[2021-02-13T17:23:09.355+0300][500.138s][info][gc,stats    ]      Memory: Uncommit                                          0 / 0                 0 / 0                 0 / 0                 0 / 0           MB/s
[2021-02-13T17:23:09.355+0300][500.138s][info][gc,stats    ]      Memory: Undo Object Allocation Failed                     0 / 0                 0 / 0                 0 / 0                 0 / 0           ops/s
[2021-02-13T17:23:09.355+0300][500.138s][info][gc,stats    ]      Memory: Undo Object Allocation Succeeded                  0 / 0                 0 / 1                 0 / 1                 0 / 1           ops/s
[2021-02-13T17:23:09.355+0300][500.138s][info][gc,stats    ]      Memory: Undo Page Allocation                              0 / 0                 0 / 0                 0 / 0                 0 / 0           ops/s
[2021-02-13T17:23:09.355+0300][500.138s][info][gc,stats    ]       Phase: Concurrent Mark                               0.000 / 0.000       230.999 / 356.582     230.999 / 356.582     230.999 / 356.582     ms
[2021-02-13T17:23:09.355+0300][500.138s][info][gc,stats    ]       Phase: Concurrent Mark Continue                      0.000 / 0.000         0.000 / 0.000         0.000 / 0.000         0.000 / 0.000       ms
[2021-02-13T17:23:09.355+0300][500.138s][info][gc,stats    ]       Phase: Concurrent Process Non-Strong References      0.000 / 0.000         2.512 / 3.462         2.512 / 3.462         2.512 / 3.462       ms
[2021-02-13T17:23:09.355+0300][500.138s][info][gc,stats    ]       Phase: Concurrent Relocate                           0.000 / 0.000        16.878 / 18.109       16.878 / 18.109       16.878 / 18.109      ms
[2021-02-13T17:23:09.355+0300][500.138s][info][gc,stats    ]       Phase: Concurrent Reset Relocation Set               0.000 / 0.000         0.492 / 0.741         0.492 / 0.741         0.492 / 0.741       ms
[2021-02-13T17:23:09.355+0300][500.138s][info][gc,stats    ]       Phase: Concurrent Select Relocation Set              0.000 / 0.000         6.443 / 9.944         6.443 / 9.944         6.443 / 9.944       ms
[2021-02-13T17:23:09.355+0300][500.138s][info][gc,stats    ]       Phase: Pause Mark End                                0.000 / 0.000         0.250 / 0.286         0.250 / 0.286         0.250 / 0.286       ms
[2021-02-13T17:23:09.355+0300][500.138s][info][gc,stats    ]       Phase: Pause Mark Start                              0.000 / 0.000         0.377 / 0.836         0.377 / 0.836         0.377 / 0.836       ms
[2021-02-13T17:23:09.355+0300][500.138s][info][gc,stats    ]       Phase: Pause Relocate Start                          0.000 / 0.000         0.166 / 0.175         0.166 / 0.175         0.166 / 0.175       ms
[2021-02-13T17:23:09.355+0300][500.138s][info][gc,stats    ]    Subphase: Concurrent Classes Purge                      0.000 / 0.000         0.120 / 0.137         0.120 / 0.137         0.120 / 0.137       ms
[2021-02-13T17:23:09.355+0300][500.138s][info][gc,stats    ]    Subphase: Concurrent Classes Unlink                     0.000 / 0.000         1.319 / 1.645         1.319 / 1.645         1.319 / 1.645       ms
[2021-02-13T17:23:09.355+0300][500.138s][info][gc,stats    ]    Subphase: Concurrent Mark                               0.000 / 0.000       230.700 / 356.225     230.700 / 356.225     230.700 / 356.225     ms
[2021-02-13T17:23:09.355+0300][500.138s][info][gc,stats    ]    Subphase: Concurrent Mark Idle                          0.000 / 0.000         0.000 / 0.000         0.000 / 0.000         0.000 / 0.000       ms
[2021-02-13T17:23:09.355+0300][500.138s][info][gc,stats    ]    Subphase: Concurrent Mark Try Flush                     0.000 / 0.000         0.430 / 0.804         0.430 / 0.804         0.430 / 0.804       ms
[2021-02-13T17:23:09.355+0300][500.138s][info][gc,stats    ]    Subphase: Concurrent Mark Try Terminate                 0.000 / 0.000         0.266 / 0.805         0.266 / 0.805         0.266 / 0.805       ms
[2021-02-13T17:23:09.355+0300][500.138s][info][gc,stats    ]    Subphase: Concurrent References Enqueue                 0.000 / 0.000         0.004 / 0.004         0.004 / 0.004         0.004 / 0.004       ms
[2021-02-13T17:23:09.355+0300][500.138s][info][gc,stats    ]    Subphase: Concurrent References Process                 0.000 / 0.000         0.121 / 0.143         0.121 / 0.143         0.121 / 0.143       ms
[2021-02-13T17:23:09.355+0300][500.138s][info][gc,stats    ]    Subphase: Concurrent Roots                              0.000 / 0.000         0.128 / 0.182         0.128 / 0.182         0.128 / 0.182       ms
[2021-02-13T17:23:09.355+0300][500.138s][info][gc,stats    ]    Subphase: Concurrent Roots ClassLoaderDataGraph         0.000 / 0.000         0.118 / 0.169         0.118 / 0.169         0.118 / 0.169       ms
[2021-02-13T17:23:09.355+0300][500.138s][info][gc,stats    ]    Subphase: Concurrent Roots JNIHandles                   0.000 / 0.000         0.005 / 0.007         0.005 / 0.007         0.005 / 0.007       ms
[2021-02-13T17:23:09.355+0300][500.138s][info][gc,stats    ]    Subphase: Concurrent Roots Setup                        0.000 / 0.000         0.006 / 0.007         0.006 / 0.007         0.006 / 0.007       ms
[2021-02-13T17:23:09.355+0300][500.138s][info][gc,stats    ]    Subphase: Concurrent Roots Teardown                     0.000 / 0.000         0.000 / 0.000         0.000 / 0.000         0.000 / 0.000       ms
[2021-02-13T17:23:09.355+0300][500.138s][info][gc,stats    ]    Subphase: Concurrent Roots VMHandles                    0.000 / 0.000         0.004 / 0.006         0.004 / 0.006         0.004 / 0.006       ms
[2021-02-13T17:23:09.355+0300][500.138s][info][gc,stats    ]    Subphase: Concurrent Weak Roots                         0.000 / 0.000         0.425 / 0.580         0.425 / 0.580         0.425 / 0.580       ms
[2021-02-13T17:23:09.355+0300][500.138s][info][gc,stats    ]    Subphase: Concurrent Weak Roots JNIWeakHandles          0.000 / 0.000         0.000 / 0.000         0.000 / 0.000         0.000 / 0.000       ms
[2021-02-13T17:23:09.355+0300][500.138s][info][gc,stats    ]    Subphase: Concurrent Weak Roots ResolvedMethodTable     0.000 / 0.000         0.029 / 0.042         0.029 / 0.042         0.029 / 0.042       ms
[2021-02-13T17:23:09.355+0300][500.138s][info][gc,stats    ]    Subphase: Concurrent Weak Roots StringTable             0.000 / 0.000         0.383 / 0.521         0.383 / 0.521         0.383 / 0.521       ms
[2021-02-13T17:23:09.355+0300][500.138s][info][gc,stats    ]    Subphase: Concurrent Weak Roots VMWeakHandles           0.000 / 0.000         0.012 / 0.015         0.012 / 0.015         0.012 / 0.015       ms
[2021-02-13T17:23:09.355+0300][500.138s][info][gc,stats    ]    Subphase: Pause Mark Try Complete                       0.000 / 0.000         0.032 / 0.051         0.032 / 0.051         0.032 / 0.051       ms
[2021-02-13T17:23:09.355+0300][500.138s][info][gc,stats    ]    Subphase: Pause Roots                                   0.000 / 0.000         0.083 / 0.374         0.083 / 0.374         0.083 / 0.374       ms
[2021-02-13T17:23:09.355+0300][500.138s][info][gc,stats    ]    Subphase: Pause Roots CodeCache                         0.000 / 0.000         0.000 / 0.000         0.000 / 0.000         0.000 / 0.000       ms
[2021-02-13T17:23:09.355+0300][500.138s][info][gc,stats    ]    Subphase: Pause Roots JVMTIExport                       0.000 / 0.000         0.001 / 0.003         0.001 / 0.003         0.001 / 0.003       ms
[2021-02-13T17:23:09.355+0300][500.138s][info][gc,stats    ]    Subphase: Pause Roots JVMTIWeakExport                   0.000 / 0.000         0.005 / 0.013         0.005 / 0.013         0.005 / 0.013       ms
[2021-02-13T17:23:09.355+0300][500.138s][info][gc,stats    ]    Subphase: Pause Roots Java Threads                      0.000 / 0.000         0.075 / 0.373         0.075 / 0.373         0.075 / 0.373       ms
[2021-02-13T17:23:09.355+0300][500.138s][info][gc,stats    ]    Subphase: Pause Roots Management                        0.000 / 0.000         0.007 / 0.025         0.007 / 0.025         0.007 / 0.025       ms
[2021-02-13T17:23:09.355+0300][500.138s][info][gc,stats    ]    Subphase: Pause Roots ObjectSynchronizer                0.000 / 0.000         0.000 / 0.000         0.000 / 0.000         0.000 / 0.000       ms
[2021-02-13T17:23:09.355+0300][500.138s][info][gc,stats    ]    Subphase: Pause Roots Setup                             0.000 / 0.000         0.000 / 0.001         0.000 / 0.001         0.000 / 0.001       ms
[2021-02-13T17:23:09.355+0300][500.138s][info][gc,stats    ]    Subphase: Pause Roots Teardown                          0.000 / 0.000         0.001 / 0.002         0.001 / 0.002         0.001 / 0.002       ms
[2021-02-13T17:23:09.355+0300][500.138s][info][gc,stats    ]    Subphase: Pause Roots Universe                          0.000 / 0.000         0.010 / 0.027         0.010 / 0.027         0.010 / 0.027       ms
[2021-02-13T17:23:09.355+0300][500.138s][info][gc,stats    ]    Subphase: Pause Roots VM Thread                         0.000 / 0.000         0.005 / 0.028         0.005 / 0.028         0.005 / 0.028       ms
[2021-02-13T17:23:09.355+0300][500.138s][info][gc,stats    ]    Subphase: Pause Weak Roots                              0.000 / 0.000         0.001 / 0.005         0.001 / 0.005         0.001 / 0.005       ms
[2021-02-13T17:23:09.355+0300][500.138s][info][gc,stats    ]    Subphase: Pause Weak Roots JFRWeak                      0.000 / 0.000         0.000 / 0.000         0.000 / 0.000         0.000 / 0.000       ms
[2021-02-13T17:23:09.355+0300][500.138s][info][gc,stats    ]    Subphase: Pause Weak Roots JVMTIWeakExport              0.000 / 0.000         0.002 / 0.005         0.002 / 0.005         0.002 / 0.005       ms
[2021-02-13T17:23:09.356+0300][500.138s][info][gc,stats    ]    Subphase: Pause Weak Roots Setup                        0.000 / 0.000         0.000 / 0.000         0.000 / 0.000         0.000 / 0.000       ms
[2021-02-13T17:23:09.356+0300][500.138s][info][gc,stats    ]    Subphase: Pause Weak Roots Teardown                     0.000 / 0.000         0.000 / 0.000         0.000 / 0.000         0.000 / 0.000       ms
[2021-02-13T17:23:09.356+0300][500.138s][info][gc,stats    ]      System: Java Threads                                      0 / 0                16 / 16               16 / 16               16 / 16          threads
[2021-02-13T17:23:09.356+0300][500.138s][info][gc,stats    ] =========================================================================================================================================================
[2021-02-13T17:23:19.347+0300][510.129s][info][gc,stats    ] === Garbage Collection Statistics =======================================================================================================================
[2021-02-13T17:23:19.347+0300][510.129s][info][gc,stats    ]                                                              Last 10s              Last 10m              Last 10h                Total
[2021-02-13T17:23:19.347+0300][510.129s][info][gc,stats    ]                                                              Avg / Max             Avg / Max             Avg / Max             Avg / Max
[2021-02-13T17:23:19.347+0300][510.129s][info][gc,stats    ]   Collector: Garbage Collection Cycle                      0.000 / 0.000       260.121 / 386.588     260.121 / 386.588     260.121 / 386.588     ms
[2021-02-13T17:23:19.347+0300][510.129s][info][gc,stats    ]  Contention: Mark Segment Reset Contention                     0 / 0                 0 / 0                 0 / 0                 0 / 0           ops/s
[2021-02-13T17:23:19.347+0300][510.129s][info][gc,stats    ]  Contention: Mark SeqNum Reset Contention                      0 / 0                 0 / 0                 0 / 0                 0 / 0           ops/s
[2021-02-13T17:23:19.347+0300][510.129s][info][gc,stats    ]  Contention: Relocation Contention                             0 / 0                 0 / 1                 0 / 1                 0 / 1           ops/s
[2021-02-13T17:23:19.347+0300][510.129s][info][gc,stats    ]    Critical: Allocation Stall                              0.000 / 0.000         0.000 / 0.000         0.000 / 0.000         0.000 / 0.000       ms
[2021-02-13T17:23:19.347+0300][510.130s][info][gc,stats    ]    Critical: Allocation Stall                                  0 / 0                 0 / 0                 0 / 0                 0 / 0           ops/s
[2021-02-13T17:23:19.347+0300][510.130s][info][gc,stats    ]    Critical: GC Locker Stall                               0.000 / 0.000         0.000 / 0.000         0.000 / 0.000         0.000 / 0.000       ms
[2021-02-13T17:23:19.347+0300][510.130s][info][gc,stats    ]    Critical: GC Locker Stall                                   0 / 0                 0 / 0                 0 / 0                 0 / 0           ops/s
[2021-02-13T17:23:19.347+0300][510.130s][info][gc,stats    ]      Memory: Allocation Rate                                   0 / 2                 3 / 1082              3 / 1082              3 / 1082        MB/s
[2021-02-13T17:23:19.347+0300][510.130s][info][gc,stats    ]      Memory: Heap Used After Mark                              0 / 0               215 / 312             215 / 312             215 / 312         MB
[2021-02-13T17:23:19.347+0300][510.130s][info][gc,stats    ]      Memory: Heap Used After Relocation                        0 / 0               130 / 190             130 / 190             130 / 190         MB
[2021-02-13T17:23:19.347+0300][510.130s][info][gc,stats    ]      Memory: Heap Used Before Mark                             0 / 0               215 / 312             215 / 312             215 / 312         MB
[2021-02-13T17:23:19.347+0300][510.130s][info][gc,stats    ]      Memory: Heap Used Before Relocation                       0 / 0               192 / 288             192 / 288             192 / 288         MB
[2021-02-13T17:23:19.347+0300][510.130s][info][gc,stats    ]      Memory: Out Of Memory                                     0 / 0                 0 / 0                 0 / 0                 0 / 0           ops/s
[2021-02-13T17:23:19.347+0300][510.130s][info][gc,stats    ]      Memory: Page Cache Flush                                  0 / 0                 0 / 0                 0 / 0                 0 / 0           MB/s
[2021-02-13T17:23:19.347+0300][510.130s][info][gc,stats    ]      Memory: Page Cache Hit L1                                 0 / 1                 0 / 11                0 / 11                0 / 11          ops/s
[2021-02-13T17:23:19.347+0300][510.130s][info][gc,stats    ]      Memory: Page Cache Hit L2                                 0 / 0                 0 / 0                 0 / 0                 0 / 0           ops/s
[2021-02-13T17:23:19.347+0300][510.130s][info][gc,stats    ]      Memory: Page Cache Hit L3                                 0 / 0                 0 / 14                0 / 14                0 / 14          ops/s
[2021-02-13T17:23:19.347+0300][510.130s][info][gc,stats    ]      Memory: Page Cache Miss                                   0 / 0                 0 / 0                 0 / 0                 0 / 0           ops/s
[2021-02-13T17:23:19.347+0300][510.130s][info][gc,stats    ]      Memory: Uncommit                                          0 / 0                 0 / 0                 0 / 0                 0 / 0           MB/s
[2021-02-13T17:23:19.347+0300][510.130s][info][gc,stats    ]      Memory: Undo Object Allocation Failed                     0 / 0                 0 / 0                 0 / 0                 0 / 0           ops/s
[2021-02-13T17:23:19.347+0300][510.130s][info][gc,stats    ]      Memory: Undo Object Allocation Succeeded                  0 / 0                 0 / 1                 0 / 1                 0 / 1           ops/s
[2021-02-13T17:23:19.347+0300][510.130s][info][gc,stats    ]      Memory: Undo Page Allocation                              0 / 0                 0 / 0                 0 / 0                 0 / 0           ops/s
[2021-02-13T17:23:19.347+0300][510.130s][info][gc,stats    ]       Phase: Concurrent Mark                               0.000 / 0.000       230.999 / 356.582     230.999 / 356.582     230.999 / 356.582     ms
[2021-02-13T17:23:19.347+0300][510.130s][info][gc,stats    ]       Phase: Concurrent Mark Continue                      0.000 / 0.000         0.000 / 0.000         0.000 / 0.000         0.000 / 0.000       ms
[2021-02-13T17:23:19.347+0300][510.130s][info][gc,stats    ]       Phase: Concurrent Process Non-Strong References      0.000 / 0.000         2.512 / 3.462         2.512 / 3.462         2.512 / 3.462       ms
[2021-02-13T17:23:19.347+0300][510.130s][info][gc,stats    ]       Phase: Concurrent Relocate                           0.000 / 0.000        16.878 / 18.109       16.878 / 18.109       16.878 / 18.109      ms
[2021-02-13T17:23:19.347+0300][510.130s][info][gc,stats    ]       Phase: Concurrent Reset Relocation Set               0.000 / 0.000         0.492 / 0.741         0.492 / 0.741         0.492 / 0.741       ms
[2021-02-13T17:23:19.347+0300][510.130s][info][gc,stats    ]       Phase: Concurrent Select Relocation Set              0.000 / 0.000         6.443 / 9.944         6.443 / 9.944         6.443 / 9.944       ms
[2021-02-13T17:23:19.347+0300][510.130s][info][gc,stats    ]       Phase: Pause Mark End                                0.000 / 0.000         0.250 / 0.286         0.250 / 0.286         0.250 / 0.286       ms
[2021-02-13T17:23:19.347+0300][510.130s][info][gc,stats    ]       Phase: Pause Mark Start                              0.000 / 0.000         0.377 / 0.836         0.377 / 0.836         0.377 / 0.836       ms
[2021-02-13T17:23:19.347+0300][510.130s][info][gc,stats    ]       Phase: Pause Relocate Start                          0.000 / 0.000         0.166 / 0.175         0.166 / 0.175         0.166 / 0.175       ms
[2021-02-13T17:23:19.347+0300][510.130s][info][gc,stats    ]    Subphase: Concurrent Classes Purge                      0.000 / 0.000         0.120 / 0.137         0.120 / 0.137         0.120 / 0.137       ms
[2021-02-13T17:23:19.347+0300][510.130s][info][gc,stats    ]    Subphase: Concurrent Classes Unlink                     0.000 / 0.000         1.319 / 1.645         1.319 / 1.645         1.319 / 1.645       ms
[2021-02-13T17:23:19.347+0300][510.130s][info][gc,stats    ]    Subphase: Concurrent Mark                               0.000 / 0.000       230.700 / 356.225     230.700 / 356.225     230.700 / 356.225     ms
[2021-02-13T17:23:19.347+0300][510.130s][info][gc,stats    ]    Subphase: Concurrent Mark Idle                          0.000 / 0.000         0.000 / 0.000         0.000 / 0.000         0.000 / 0.000       ms
[2021-02-13T17:23:19.347+0300][510.130s][info][gc,stats    ]    Subphase: Concurrent Mark Try Flush                     0.000 / 0.000         0.430 / 0.804         0.430 / 0.804         0.430 / 0.804       ms
[2021-02-13T17:23:19.347+0300][510.130s][info][gc,stats    ]    Subphase: Concurrent Mark Try Terminate                 0.000 / 0.000         0.266 / 0.805         0.266 / 0.805         0.266 / 0.805       ms
[2021-02-13T17:23:19.347+0300][510.130s][info][gc,stats    ]    Subphase: Concurrent References Enqueue                 0.000 / 0.000         0.004 / 0.004         0.004 / 0.004         0.004 / 0.004       ms
[2021-02-13T17:23:19.347+0300][510.130s][info][gc,stats    ]    Subphase: Concurrent References Process                 0.000 / 0.000         0.121 / 0.143         0.121 / 0.143         0.121 / 0.143       ms
[2021-02-13T17:23:19.347+0300][510.130s][info][gc,stats    ]    Subphase: Concurrent Roots                              0.000 / 0.000         0.128 / 0.182         0.128 / 0.182         0.128 / 0.182       ms
[2021-02-13T17:23:19.347+0300][510.130s][info][gc,stats    ]    Subphase: Concurrent Roots ClassLoaderDataGraph         0.000 / 0.000         0.118 / 0.169         0.118 / 0.169         0.118 / 0.169       ms
[2021-02-13T17:23:19.347+0300][510.130s][info][gc,stats    ]    Subphase: Concurrent Roots JNIHandles                   0.000 / 0.000         0.005 / 0.007         0.005 / 0.007         0.005 / 0.007       ms
[2021-02-13T17:23:19.347+0300][510.130s][info][gc,stats    ]    Subphase: Concurrent Roots Setup                        0.000 / 0.000         0.006 / 0.007         0.006 / 0.007         0.006 / 0.007       ms
[2021-02-13T17:23:19.347+0300][510.130s][info][gc,stats    ]    Subphase: Concurrent Roots Teardown                     0.000 / 0.000         0.000 / 0.000         0.000 / 0.000         0.000 / 0.000       ms
[2021-02-13T17:23:19.347+0300][510.130s][info][gc,stats    ]    Subphase: Concurrent Roots VMHandles                    0.000 / 0.000         0.004 / 0.006         0.004 / 0.006         0.004 / 0.006       ms
[2021-02-13T17:23:19.347+0300][510.130s][info][gc,stats    ]    Subphase: Concurrent Weak Roots                         0.000 / 0.000         0.425 / 0.580         0.425 / 0.580         0.425 / 0.580       ms
[2021-02-13T17:23:19.347+0300][510.130s][info][gc,stats    ]    Subphase: Concurrent Weak Roots JNIWeakHandles          0.000 / 0.000         0.000 / 0.000         0.000 / 0.000         0.000 / 0.000       ms
[2021-02-13T17:23:19.347+0300][510.130s][info][gc,stats    ]    Subphase: Concurrent Weak Roots ResolvedMethodTable     0.000 / 0.000         0.029 / 0.042         0.029 / 0.042         0.029 / 0.042       ms
[2021-02-13T17:23:19.347+0300][510.130s][info][gc,stats    ]    Subphase: Concurrent Weak Roots StringTable             0.000 / 0.000         0.383 / 0.521         0.383 / 0.521         0.383 / 0.521       ms
[2021-02-13T17:23:19.347+0300][510.130s][info][gc,stats    ]    Subphase: Concurrent Weak Roots VMWeakHandles           0.000 / 0.000         0.012 / 0.015         0.012 / 0.015         0.012 / 0.015       ms
[2021-02-13T17:23:19.347+0300][510.130s][info][gc,stats    ]    Subphase: Pause Mark Try Complete                       0.000 / 0.000         0.032 / 0.051         0.032 / 0.051         0.032 / 0.051       ms
[2021-02-13T17:23:19.347+0300][510.130s][info][gc,stats    ]    Subphase: Pause Roots                                   0.000 / 0.000         0.083 / 0.374         0.083 / 0.374         0.083 / 0.374       ms
[2021-02-13T17:23:19.347+0300][510.130s][info][gc,stats    ]    Subphase: Pause Roots CodeCache                         0.000 / 0.000         0.000 / 0.000         0.000 / 0.000         0.000 / 0.000       ms
[2021-02-13T17:23:19.347+0300][510.130s][info][gc,stats    ]    Subphase: Pause Roots JVMTIExport                       0.000 / 0.000         0.001 / 0.003         0.001 / 0.003         0.001 / 0.003       ms
[2021-02-13T17:23:19.347+0300][510.130s][info][gc,stats    ]    Subphase: Pause Roots JVMTIWeakExport                   0.000 / 0.000         0.005 / 0.013         0.005 / 0.013         0.005 / 0.013       ms
[2021-02-13T17:23:19.347+0300][510.130s][info][gc,stats    ]    Subphase: Pause Roots Java Threads                      0.000 / 0.000         0.075 / 0.373         0.075 / 0.373         0.075 / 0.373       ms
[2021-02-13T17:23:19.347+0300][510.130s][info][gc,stats    ]    Subphase: Pause Roots Management                        0.000 / 0.000         0.007 / 0.025         0.007 / 0.025         0.007 / 0.025       ms
[2021-02-13T17:23:19.347+0300][510.130s][info][gc,stats    ]    Subphase: Pause Roots ObjectSynchronizer                0.000 / 0.000         0.000 / 0.000         0.000 / 0.000         0.000 / 0.000       ms
[2021-02-13T17:23:19.348+0300][510.130s][info][gc,stats    ]    Subphase: Pause Roots Setup                             0.000 / 0.000         0.000 / 0.001         0.000 / 0.001         0.000 / 0.001       ms
[2021-02-13T17:23:19.348+0300][510.130s][info][gc,stats    ]    Subphase: Pause Roots Teardown                          0.000 / 0.000         0.001 / 0.002         0.001 / 0.002         0.001 / 0.002       ms
[2021-02-13T17:23:19.348+0300][510.130s][info][gc,stats    ]    Subphase: Pause Roots Universe                          0.000 / 0.000         0.010 / 0.027         0.010 / 0.027         0.010 / 0.027       ms
[2021-02-13T17:23:19.348+0300][510.130s][info][gc,stats    ]    Subphase: Pause Roots VM Thread                         0.000 / 0.000         0.005 / 0.028         0.005 / 0.028         0.005 / 0.028       ms
[2021-02-13T17:23:19.348+0300][510.130s][info][gc,stats    ]    Subphase: Pause Weak Roots                              0.000 / 0.000         0.001 / 0.005         0.001 / 0.005         0.001 / 0.005       ms
[2021-02-13T17:23:19.348+0300][510.130s][info][gc,stats    ]    Subphase: Pause Weak Roots JFRWeak                      0.000 / 0.000         0.000 / 0.000         0.000 / 0.000         0.000 / 0.000       ms
[2021-02-13T17:23:19.348+0300][510.130s][info][gc,stats    ]    Subphase: Pause Weak Roots JVMTIWeakExport              0.000 / 0.000         0.002 / 0.005         0.002 / 0.005         0.002 / 0.005       ms
[2021-02-13T17:23:19.348+0300][510.130s][info][gc,stats    ]    Subphase: Pause Weak Roots Setup                        0.000 / 0.000         0.000 / 0.000         0.000 / 0.000         0.000 / 0.000       ms
[2021-02-13T17:23:19.348+0300][510.130s][info][gc,stats    ]    Subphase: Pause Weak Roots Teardown                     0.000 / 0.000         0.000 / 0.000         0.000 / 0.000         0.000 / 0.000       ms
[2021-02-13T17:23:19.348+0300][510.130s][info][gc,stats    ]      System: Java Threads                                      0 / 0                16 / 16               16 / 16               16 / 16          threads
[2021-02-13T17:23:19.348+0300][510.130s][info][gc,stats    ] =========================================================================================================================================================
[2021-02-13T17:23:29.353+0300][520.135s][info][gc,stats    ] === Garbage Collection Statistics =======================================================================================================================
[2021-02-13T17:23:29.353+0300][520.135s][info][gc,stats    ]                                                              Last 10s              Last 10m              Last 10h                Total
[2021-02-13T17:23:29.353+0300][520.135s][info][gc,stats    ]                                                              Avg / Max             Avg / Max             Avg / Max             Avg / Max
[2021-02-13T17:23:29.353+0300][520.135s][info][gc,stats    ]   Collector: Garbage Collection Cycle                      0.000 / 0.000       260.121 / 386.588     260.121 / 386.588     260.121 / 386.588     ms
[2021-02-13T17:23:29.353+0300][520.135s][info][gc,stats    ]  Contention: Mark Segment Reset Contention                     0 / 0                 0 / 0                 0 / 0                 0 / 0           ops/s
[2021-02-13T17:23:29.353+0300][520.135s][info][gc,stats    ]  Contention: Mark SeqNum Reset Contention                      0 / 0                 0 / 0                 0 / 0                 0 / 0           ops/s
[2021-02-13T17:23:29.353+0300][520.135s][info][gc,stats    ]  Contention: Relocation Contention                             0 / 0                 0 / 1                 0 / 1                 0 / 1           ops/s
[2021-02-13T17:23:29.353+0300][520.135s][info][gc,stats    ]    Critical: Allocation Stall                              0.000 / 0.000         0.000 / 0.000         0.000 / 0.000         0.000 / 0.000       ms
[2021-02-13T17:23:29.353+0300][520.135s][info][gc,stats    ]    Critical: Allocation Stall                                  0 / 0                 0 / 0                 0 / 0                 0 / 0           ops/s
[2021-02-13T17:23:29.353+0300][520.135s][info][gc,stats    ]    Critical: GC Locker Stall                               0.000 / 0.000         0.000 / 0.000         0.000 / 0.000         0.000 / 0.000       ms
[2021-02-13T17:23:29.353+0300][520.135s][info][gc,stats    ]    Critical: GC Locker Stall                                   0 / 0                 0 / 0                 0 / 0                 0 / 0           ops/s
[2021-02-13T17:23:29.353+0300][520.135s][info][gc,stats    ]      Memory: Allocation Rate                                   0 / 0                 3 / 1082              3 / 1082              3 / 1082        MB/s
[2021-02-13T17:23:29.353+0300][520.135s][info][gc,stats    ]      Memory: Heap Used After Mark                              0 / 0               215 / 312             215 / 312             215 / 312         MB
[2021-02-13T17:23:29.353+0300][520.135s][info][gc,stats    ]      Memory: Heap Used After Relocation                        0 / 0               130 / 190             130 / 190             130 / 190         MB
[2021-02-13T17:23:29.353+0300][520.135s][info][gc,stats    ]      Memory: Heap Used Before Mark                             0 / 0               215 / 312             215 / 312             215 / 312         MB
[2021-02-13T17:23:29.353+0300][520.135s][info][gc,stats    ]      Memory: Heap Used Before Relocation                       0 / 0               192 / 288             192 / 288             192 / 288         MB
[2021-02-13T17:23:29.353+0300][520.135s][info][gc,stats    ]      Memory: Out Of Memory                                     0 / 0                 0 / 0                 0 / 0                 0 / 0           ops/s
[2021-02-13T17:23:29.353+0300][520.135s][info][gc,stats    ]      Memory: Page Cache Flush                                  0 / 0                 0 / 0                 0 / 0                 0 / 0           MB/s
[2021-02-13T17:23:29.353+0300][520.135s][info][gc,stats    ]      Memory: Page Cache Hit L1                                 0 / 0                 0 / 11                0 / 11                0 / 11          ops/s
[2021-02-13T17:23:29.353+0300][520.135s][info][gc,stats    ]      Memory: Page Cache Hit L2                                 0 / 0                 0 / 0                 0 / 0                 0 / 0           ops/s
[2021-02-13T17:23:29.353+0300][520.135s][info][gc,stats    ]      Memory: Page Cache Hit L3                                 0 / 0                 0 / 14                0 / 14                0 / 14          ops/s
[2021-02-13T17:23:29.353+0300][520.135s][info][gc,stats    ]      Memory: Page Cache Miss                                   0 / 0                 0 / 0                 0 / 0                 0 / 0           ops/s
[2021-02-13T17:23:29.353+0300][520.135s][info][gc,stats    ]      Memory: Uncommit                                          0 / 0                 0 / 0                 0 / 0                 0 / 0           MB/s
[2021-02-13T17:23:29.353+0300][520.135s][info][gc,stats    ]      Memory: Undo Object Allocation Failed                     0 / 0                 0 / 0                 0 / 0                 0 / 0           ops/s
[2021-02-13T17:23:29.353+0300][520.135s][info][gc,stats    ]      Memory: Undo Object Allocation Succeeded                  0 / 0                 0 / 1                 0 / 1                 0 / 1           ops/s
[2021-02-13T17:23:29.353+0300][520.135s][info][gc,stats    ]      Memory: Undo Page Allocation                              0 / 0                 0 / 0                 0 / 0                 0 / 0           ops/s
[2021-02-13T17:23:29.353+0300][520.135s][info][gc,stats    ]       Phase: Concurrent Mark                               0.000 / 0.000       230.999 / 356.582     230.999 / 356.582     230.999 / 356.582     ms
[2021-02-13T17:23:29.353+0300][520.135s][info][gc,stats    ]       Phase: Concurrent Mark Continue                      0.000 / 0.000         0.000 / 0.000         0.000 / 0.000         0.000 / 0.000       ms
[2021-02-13T17:23:29.353+0300][520.135s][info][gc,stats    ]       Phase: Concurrent Process Non-Strong References      0.000 / 0.000         2.512 / 3.462         2.512 / 3.462         2.512 / 3.462       ms
[2021-02-13T17:23:29.353+0300][520.135s][info][gc,stats    ]       Phase: Concurrent Relocate                           0.000 / 0.000        16.878 / 18.109       16.878 / 18.109       16.878 / 18.109      ms
[2021-02-13T17:23:29.353+0300][520.135s][info][gc,stats    ]       Phase: Concurrent Reset Relocation Set               0.000 / 0.000         0.492 / 0.741         0.492 / 0.741         0.492 / 0.741       ms
[2021-02-13T17:23:29.353+0300][520.135s][info][gc,stats    ]       Phase: Concurrent Select Relocation Set              0.000 / 0.000         6.443 / 9.944         6.443 / 9.944         6.443 / 9.944       ms
[2021-02-13T17:23:29.353+0300][520.135s][info][gc,stats    ]       Phase: Pause Mark End                                0.000 / 0.000         0.250 / 0.286         0.250 / 0.286         0.250 / 0.286       ms
[2021-02-13T17:23:29.353+0300][520.135s][info][gc,stats    ]       Phase: Pause Mark Start                              0.000 / 0.000         0.377 / 0.836         0.377 / 0.836         0.377 / 0.836       ms
[2021-02-13T17:23:29.353+0300][520.135s][info][gc,stats    ]       Phase: Pause Relocate Start                          0.000 / 0.000         0.166 / 0.175         0.166 / 0.175         0.166 / 0.175       ms
[2021-02-13T17:23:29.353+0300][520.135s][info][gc,stats    ]    Subphase: Concurrent Classes Purge                      0.000 / 0.000         0.120 / 0.137         0.120 / 0.137         0.120 / 0.137       ms
[2021-02-13T17:23:29.353+0300][520.135s][info][gc,stats    ]    Subphase: Concurrent Classes Unlink                     0.000 / 0.000         1.319 / 1.645         1.319 / 1.645         1.319 / 1.645       ms
[2021-02-13T17:23:29.353+0300][520.135s][info][gc,stats    ]    Subphase: Concurrent Mark                               0.000 / 0.000       230.700 / 356.225     230.700 / 356.225     230.700 / 356.225     ms
[2021-02-13T17:23:29.353+0300][520.135s][info][gc,stats    ]    Subphase: Concurrent Mark Idle                          0.000 / 0.000         0.000 / 0.000         0.000 / 0.000         0.000 / 0.000       ms
[2021-02-13T17:23:29.353+0300][520.135s][info][gc,stats    ]    Subphase: Concurrent Mark Try Flush                     0.000 / 0.000         0.430 / 0.804         0.430 / 0.804         0.430 / 0.804       ms
[2021-02-13T17:23:29.353+0300][520.135s][info][gc,stats    ]    Subphase: Concurrent Mark Try Terminate                 0.000 / 0.000         0.266 / 0.805         0.266 / 0.805         0.266 / 0.805       ms
[2021-02-13T17:23:29.353+0300][520.135s][info][gc,stats    ]    Subphase: Concurrent References Enqueue                 0.000 / 0.000         0.004 / 0.004         0.004 / 0.004         0.004 / 0.004       ms
[2021-02-13T17:23:29.353+0300][520.135s][info][gc,stats    ]    Subphase: Concurrent References Process                 0.000 / 0.000         0.121 / 0.143         0.121 / 0.143         0.121 / 0.143       ms
[2021-02-13T17:23:29.353+0300][520.135s][info][gc,stats    ]    Subphase: Concurrent Roots                              0.000 / 0.000         0.128 / 0.182         0.128 / 0.182         0.128 / 0.182       ms
[2021-02-13T17:23:29.353+0300][520.136s][info][gc,stats    ]    Subphase: Concurrent Roots ClassLoaderDataGraph         0.000 / 0.000         0.118 / 0.169         0.118 / 0.169         0.118 / 0.169       ms
[2021-02-13T17:23:29.353+0300][520.136s][info][gc,stats    ]    Subphase: Concurrent Roots JNIHandles                   0.000 / 0.000         0.005 / 0.007         0.005 / 0.007         0.005 / 0.007       ms
[2021-02-13T17:23:29.353+0300][520.136s][info][gc,stats    ]    Subphase: Concurrent Roots Setup                        0.000 / 0.000         0.006 / 0.007         0.006 / 0.007         0.006 / 0.007       ms
[2021-02-13T17:23:29.353+0300][520.136s][info][gc,stats    ]    Subphase: Concurrent Roots Teardown                     0.000 / 0.000         0.000 / 0.000         0.000 / 0.000         0.000 / 0.000       ms
[2021-02-13T17:23:29.353+0300][520.136s][info][gc,stats    ]    Subphase: Concurrent Roots VMHandles                    0.000 / 0.000         0.004 / 0.006         0.004 / 0.006         0.004 / 0.006       ms
[2021-02-13T17:23:29.353+0300][520.136s][info][gc,stats    ]    Subphase: Concurrent Weak Roots                         0.000 / 0.000         0.425 / 0.580         0.425 / 0.580         0.425 / 0.580       ms
[2021-02-13T17:23:29.353+0300][520.136s][info][gc,stats    ]    Subphase: Concurrent Weak Roots JNIWeakHandles          0.000 / 0.000         0.000 / 0.000         0.000 / 0.000         0.000 / 0.000       ms
[2021-02-13T17:23:29.353+0300][520.136s][info][gc,stats    ]    Subphase: Concurrent Weak Roots ResolvedMethodTable     0.000 / 0.000         0.029 / 0.042         0.029 / 0.042         0.029 / 0.042       ms
[2021-02-13T17:23:29.353+0300][520.136s][info][gc,stats    ]    Subphase: Concurrent Weak Roots StringTable             0.000 / 0.000         0.383 / 0.521         0.383 / 0.521         0.383 / 0.521       ms
[2021-02-13T17:23:29.353+0300][520.136s][info][gc,stats    ]    Subphase: Concurrent Weak Roots VMWeakHandles           0.000 / 0.000         0.012 / 0.015         0.012 / 0.015         0.012 / 0.015       ms
[2021-02-13T17:23:29.353+0300][520.136s][info][gc,stats    ]    Subphase: Pause Mark Try Complete                       0.000 / 0.000         0.032 / 0.051         0.032 / 0.051         0.032 / 0.051       ms
[2021-02-13T17:23:29.353+0300][520.136s][info][gc,stats    ]    Subphase: Pause Roots                                   0.000 / 0.000         0.083 / 0.374         0.083 / 0.374         0.083 / 0.374       ms
[2021-02-13T17:23:29.353+0300][520.136s][info][gc,stats    ]    Subphase: Pause Roots CodeCache                         0.000 / 0.000         0.000 / 0.000         0.000 / 0.000         0.000 / 0.000       ms
[2021-02-13T17:23:29.353+0300][520.136s][info][gc,stats    ]    Subphase: Pause Roots JVMTIExport                       0.000 / 0.000         0.001 / 0.003         0.001 / 0.003         0.001 / 0.003       ms
[2021-02-13T17:23:29.353+0300][520.136s][info][gc,stats    ]    Subphase: Pause Roots JVMTIWeakExport                   0.000 / 0.000         0.005 / 0.013         0.005 / 0.013         0.005 / 0.013       ms
[2021-02-13T17:23:29.353+0300][520.136s][info][gc,stats    ]    Subphase: Pause Roots Java Threads                      0.000 / 0.000         0.075 / 0.373         0.075 / 0.373         0.075 / 0.373       ms
[2021-02-13T17:23:29.353+0300][520.136s][info][gc,stats    ]    Subphase: Pause Roots Management                        0.000 / 0.000         0.007 / 0.025         0.007 / 0.025         0.007 / 0.025       ms
[2021-02-13T17:23:29.353+0300][520.136s][info][gc,stats    ]    Subphase: Pause Roots ObjectSynchronizer                0.000 / 0.000         0.000 / 0.000         0.000 / 0.000         0.000 / 0.000       ms
[2021-02-13T17:23:29.353+0300][520.136s][info][gc,stats    ]    Subphase: Pause Roots Setup                             0.000 / 0.000         0.000 / 0.001         0.000 / 0.001         0.000 / 0.001       ms
[2021-02-13T17:23:29.353+0300][520.136s][info][gc,stats    ]    Subphase: Pause Roots Teardown                          0.000 / 0.000         0.001 / 0.002         0.001 / 0.002         0.001 / 0.002       ms
[2021-02-13T17:23:29.353+0300][520.136s][info][gc,stats    ]    Subphase: Pause Roots Universe                          0.000 / 0.000         0.010 / 0.027         0.010 / 0.027         0.010 / 0.027       ms
[2021-02-13T17:23:29.353+0300][520.136s][info][gc,stats    ]    Subphase: Pause Roots VM Thread                         0.000 / 0.000         0.005 / 0.028         0.005 / 0.028         0.005 / 0.028       ms
[2021-02-13T17:23:29.353+0300][520.136s][info][gc,stats    ]    Subphase: Pause Weak Roots                              0.000 / 0.000         0.001 / 0.005         0.001 / 0.005         0.001 / 0.005       ms
[2021-02-13T17:23:29.353+0300][520.136s][info][gc,stats    ]    Subphase: Pause Weak Roots JFRWeak                      0.000 / 0.000         0.000 / 0.000         0.000 / 0.000         0.000 / 0.000       ms
[2021-02-13T17:23:29.353+0300][520.136s][info][gc,stats    ]    Subphase: Pause Weak Roots JVMTIWeakExport              0.000 / 0.000         0.002 / 0.005         0.002 / 0.005         0.002 / 0.005       ms
[2021-02-13T17:23:29.353+0300][520.136s][info][gc,stats    ]    Subphase: Pause Weak Roots Setup                        0.000 / 0.000         0.000 / 0.000         0.000 / 0.000         0.000 / 0.000       ms
[2021-02-13T17:23:29.354+0300][520.136s][info][gc,stats    ]    Subphase: Pause Weak Roots Teardown                     0.000 / 0.000         0.000 / 0.000         0.000 / 0.000         0.000 / 0.000       ms
[2021-02-13T17:23:29.354+0300][520.136s][info][gc,stats    ]      System: Java Threads                                      0 / 0                16 / 16               16 / 16               16 / 16          threads
[2021-02-13T17:23:29.354+0300][520.136s][info][gc,stats    ] =========================================================================================================================================================
[2021-02-13T17:23:39.357+0300][530.139s][info][gc,stats    ] === Garbage Collection Statistics =======================================================================================================================
[2021-02-13T17:23:39.357+0300][530.139s][info][gc,stats    ]                                                              Last 10s              Last 10m              Last 10h                Total
[2021-02-13T17:23:39.357+0300][530.139s][info][gc,stats    ]                                                              Avg / Max             Avg / Max             Avg / Max             Avg / Max
[2021-02-13T17:23:39.357+0300][530.139s][info][gc,stats    ]   Collector: Garbage Collection Cycle                      0.000 / 0.000       260.121 / 386.588     260.121 / 386.588     260.121 / 386.588     ms
[2021-02-13T17:23:39.357+0300][530.139s][info][gc,stats    ]  Contention: Mark Segment Reset Contention                     0 / 0                 0 / 0                 0 / 0                 0 / 0           ops/s
[2021-02-13T17:23:39.357+0300][530.139s][info][gc,stats    ]  Contention: Mark SeqNum Reset Contention                      0 / 0                 0 / 0                 0 / 0                 0 / 0           ops/s
[2021-02-13T17:23:39.357+0300][530.139s][info][gc,stats    ]  Contention: Relocation Contention                             0 / 0                 0 / 1                 0 / 1                 0 / 1           ops/s
[2021-02-13T17:23:39.357+0300][530.139s][info][gc,stats    ]    Critical: Allocation Stall                              0.000 / 0.000         0.000 / 0.000         0.000 / 0.000         0.000 / 0.000       ms
[2021-02-13T17:23:39.357+0300][530.139s][info][gc,stats    ]    Critical: Allocation Stall                                  0 / 0                 0 / 0                 0 / 0                 0 / 0           ops/s
[2021-02-13T17:23:39.357+0300][530.139s][info][gc,stats    ]    Critical: GC Locker Stall                               0.000 / 0.000         0.000 / 0.000         0.000 / 0.000         0.000 / 0.000       ms
[2021-02-13T17:23:39.357+0300][530.139s][info][gc,stats    ]    Critical: GC Locker Stall                                   0 / 0                 0 / 0                 0 / 0                 0 / 0           ops/s
[2021-02-13T17:23:39.357+0300][530.139s][info][gc,stats    ]      Memory: Allocation Rate                                   0 / 2                 2 / 1082              2 / 1082              2 / 1082        MB/s
[2021-02-13T17:23:39.357+0300][530.139s][info][gc,stats    ]      Memory: Heap Used After Mark                              0 / 0               215 / 312             215 / 312             215 / 312         MB
[2021-02-13T17:23:39.357+0300][530.139s][info][gc,stats    ]      Memory: Heap Used After Relocation                        0 / 0               130 / 190             130 / 190             130 / 190         MB
[2021-02-13T17:23:39.357+0300][530.139s][info][gc,stats    ]      Memory: Heap Used Before Mark                             0 / 0               215 / 312             215 / 312             215 / 312         MB
[2021-02-13T17:23:39.357+0300][530.139s][info][gc,stats    ]      Memory: Heap Used Before Relocation                       0 / 0               192 / 288             192 / 288             192 / 288         MB
[2021-02-13T17:23:39.357+0300][530.139s][info][gc,stats    ]      Memory: Out Of Memory                                     0 / 0                 0 / 0                 0 / 0                 0 / 0           ops/s
[2021-02-13T17:23:39.357+0300][530.139s][info][gc,stats    ]      Memory: Page Cache Flush                                  0 / 0                 0 / 0                 0 / 0                 0 / 0           MB/s
[2021-02-13T17:23:39.357+0300][530.139s][info][gc,stats    ]      Memory: Page Cache Hit L1                                 0 / 1                 0 / 11                0 / 11                0 / 11          ops/s
[2021-02-13T17:23:39.357+0300][530.139s][info][gc,stats    ]      Memory: Page Cache Hit L2                                 0 / 0                 0 / 0                 0 / 0                 0 / 0           ops/s
[2021-02-13T17:23:39.357+0300][530.139s][info][gc,stats    ]      Memory: Page Cache Hit L3                                 0 / 0                 0 / 14                0 / 14                0 / 14          ops/s
[2021-02-13T17:23:39.357+0300][530.139s][info][gc,stats    ]      Memory: Page Cache Miss                                   0 / 0                 0 / 0                 0 / 0                 0 / 0           ops/s
[2021-02-13T17:23:39.357+0300][530.139s][info][gc,stats    ]      Memory: Uncommit                                          0 / 0                 0 / 0                 0 / 0                 0 / 0           MB/s
[2021-02-13T17:23:39.357+0300][530.139s][info][gc,stats    ]      Memory: Undo Object Allocation Failed                     0 / 0                 0 / 0                 0 / 0                 0 / 0           ops/s
[2021-02-13T17:23:39.357+0300][530.139s][info][gc,stats    ]      Memory: Undo Object Allocation Succeeded                  0 / 0                 0 / 1                 0 / 1                 0 / 1           ops/s
[2021-02-13T17:23:39.357+0300][530.139s][info][gc,stats    ]      Memory: Undo Page Allocation                              0 / 0                 0 / 0                 0 / 0                 0 / 0           ops/s
[2021-02-13T17:23:39.357+0300][530.139s][info][gc,stats    ]       Phase: Concurrent Mark                               0.000 / 0.000       230.999 / 356.582     230.999 / 356.582     230.999 / 356.582     ms
[2021-02-13T17:23:39.357+0300][530.139s][info][gc,stats    ]       Phase: Concurrent Mark Continue                      0.000 / 0.000         0.000 / 0.000         0.000 / 0.000         0.000 / 0.000       ms
[2021-02-13T17:23:39.357+0300][530.139s][info][gc,stats    ]       Phase: Concurrent Process Non-Strong References      0.000 / 0.000         2.512 / 3.462         2.512 / 3.462         2.512 / 3.462       ms
[2021-02-13T17:23:39.357+0300][530.139s][info][gc,stats    ]       Phase: Concurrent Relocate                           0.000 / 0.000        16.878 / 18.109       16.878 / 18.109       16.878 / 18.109      ms
[2021-02-13T17:23:39.357+0300][530.139s][info][gc,stats    ]       Phase: Concurrent Reset Relocation Set               0.000 / 0.000         0.492 / 0.741         0.492 / 0.741         0.492 / 0.741       ms
[2021-02-13T17:23:39.357+0300][530.139s][info][gc,stats    ]       Phase: Concurrent Select Relocation Set              0.000 / 0.000         6.443 / 9.944         6.443 / 9.944         6.443 / 9.944       ms
[2021-02-13T17:23:39.357+0300][530.139s][info][gc,stats    ]       Phase: Pause Mark End                                0.000 / 0.000         0.250 / 0.286         0.250 / 0.286         0.250 / 0.286       ms
[2021-02-13T17:23:39.357+0300][530.139s][info][gc,stats    ]       Phase: Pause Mark Start                              0.000 / 0.000         0.377 / 0.836         0.377 / 0.836         0.377 / 0.836       ms
[2021-02-13T17:23:39.357+0300][530.139s][info][gc,stats    ]       Phase: Pause Relocate Start                          0.000 / 0.000         0.166 / 0.175         0.166 / 0.175         0.166 / 0.175       ms
[2021-02-13T17:23:39.357+0300][530.139s][info][gc,stats    ]    Subphase: Concurrent Classes Purge                      0.000 / 0.000         0.120 / 0.137         0.120 / 0.137         0.120 / 0.137       ms
[2021-02-13T17:23:39.357+0300][530.139s][info][gc,stats    ]    Subphase: Concurrent Classes Unlink                     0.000 / 0.000         1.319 / 1.645         1.319 / 1.645         1.319 / 1.645       ms
[2021-02-13T17:23:39.357+0300][530.139s][info][gc,stats    ]    Subphase: Concurrent Mark                               0.000 / 0.000       230.700 / 356.225     230.700 / 356.225     230.700 / 356.225     ms
[2021-02-13T17:23:39.357+0300][530.139s][info][gc,stats    ]    Subphase: Concurrent Mark Idle                          0.000 / 0.000         0.000 / 0.000         0.000 / 0.000         0.000 / 0.000       ms
[2021-02-13T17:23:39.357+0300][530.139s][info][gc,stats    ]    Subphase: Concurrent Mark Try Flush                     0.000 / 0.000         0.430 / 0.804         0.430 / 0.804         0.430 / 0.804       ms
[2021-02-13T17:23:39.357+0300][530.139s][info][gc,stats    ]    Subphase: Concurrent Mark Try Terminate                 0.000 / 0.000         0.266 / 0.805         0.266 / 0.805         0.266 / 0.805       ms
[2021-02-13T17:23:39.357+0300][530.139s][info][gc,stats    ]    Subphase: Concurrent References Enqueue                 0.000 / 0.000         0.004 / 0.004         0.004 / 0.004         0.004 / 0.004       ms
[2021-02-13T17:23:39.357+0300][530.139s][info][gc,stats    ]    Subphase: Concurrent References Process                 0.000 / 0.000         0.121 / 0.143         0.121 / 0.143         0.121 / 0.143       ms
[2021-02-13T17:23:39.357+0300][530.139s][info][gc,stats    ]    Subphase: Concurrent Roots                              0.000 / 0.000         0.128 / 0.182         0.128 / 0.182         0.128 / 0.182       ms
[2021-02-13T17:23:39.357+0300][530.139s][info][gc,stats    ]    Subphase: Concurrent Roots ClassLoaderDataGraph         0.000 / 0.000         0.118 / 0.169         0.118 / 0.169         0.118 / 0.169       ms
[2021-02-13T17:23:39.357+0300][530.140s][info][gc,stats    ]    Subphase: Concurrent Roots JNIHandles                   0.000 / 0.000         0.005 / 0.007         0.005 / 0.007         0.005 / 0.007       ms
[2021-02-13T17:23:39.357+0300][530.140s][info][gc,stats    ]    Subphase: Concurrent Roots Setup                        0.000 / 0.000         0.006 / 0.007         0.006 / 0.007         0.006 / 0.007       ms
[2021-02-13T17:23:39.357+0300][530.140s][info][gc,stats    ]    Subphase: Concurrent Roots Teardown                     0.000 / 0.000         0.000 / 0.000         0.000 / 0.000         0.000 / 0.000       ms
[2021-02-13T17:23:39.357+0300][530.140s][info][gc,stats    ]    Subphase: Concurrent Roots VMHandles                    0.000 / 0.000         0.004 / 0.006         0.004 / 0.006         0.004 / 0.006       ms
[2021-02-13T17:23:39.357+0300][530.140s][info][gc,stats    ]    Subphase: Concurrent Weak Roots                         0.000 / 0.000         0.425 / 0.580         0.425 / 0.580         0.425 / 0.580       ms
[2021-02-13T17:23:39.357+0300][530.140s][info][gc,stats    ]    Subphase: Concurrent Weak Roots JNIWeakHandles          0.000 / 0.000         0.000 / 0.000         0.000 / 0.000         0.000 / 0.000       ms
[2021-02-13T17:23:39.357+0300][530.140s][info][gc,stats    ]    Subphase: Concurrent Weak Roots ResolvedMethodTable     0.000 / 0.000         0.029 / 0.042         0.029 / 0.042         0.029 / 0.042       ms
[2021-02-13T17:23:39.357+0300][530.140s][info][gc,stats    ]    Subphase: Concurrent Weak Roots StringTable             0.000 / 0.000         0.383 / 0.521         0.383 / 0.521         0.383 / 0.521       ms
[2021-02-13T17:23:39.357+0300][530.140s][info][gc,stats    ]    Subphase: Concurrent Weak Roots VMWeakHandles           0.000 / 0.000         0.012 / 0.015         0.012 / 0.015         0.012 / 0.015       ms
[2021-02-13T17:23:39.357+0300][530.140s][info][gc,stats    ]    Subphase: Pause Mark Try Complete                       0.000 / 0.000         0.032 / 0.051         0.032 / 0.051         0.032 / 0.051       ms
[2021-02-13T17:23:39.357+0300][530.140s][info][gc,stats    ]    Subphase: Pause Roots                                   0.000 / 0.000         0.083 / 0.374         0.083 / 0.374         0.083 / 0.374       ms
[2021-02-13T17:23:39.357+0300][530.140s][info][gc,stats    ]    Subphase: Pause Roots CodeCache                         0.000 / 0.000         0.000 / 0.000         0.000 / 0.000         0.000 / 0.000       ms
[2021-02-13T17:23:39.357+0300][530.140s][info][gc,stats    ]    Subphase: Pause Roots JVMTIExport                       0.000 / 0.000         0.001 / 0.003         0.001 / 0.003         0.001 / 0.003       ms
[2021-02-13T17:23:39.357+0300][530.140s][info][gc,stats    ]    Subphase: Pause Roots JVMTIWeakExport                   0.000 / 0.000         0.005 / 0.013         0.005 / 0.013         0.005 / 0.013       ms
[2021-02-13T17:23:39.357+0300][530.140s][info][gc,stats    ]    Subphase: Pause Roots Java Threads                      0.000 / 0.000         0.075 / 0.373         0.075 / 0.373         0.075 / 0.373       ms
[2021-02-13T17:23:39.357+0300][530.140s][info][gc,stats    ]    Subphase: Pause Roots Management                        0.000 / 0.000         0.007 / 0.025         0.007 / 0.025         0.007 / 0.025       ms
[2021-02-13T17:23:39.357+0300][530.140s][info][gc,stats    ]    Subphase: Pause Roots ObjectSynchronizer                0.000 / 0.000         0.000 / 0.000         0.000 / 0.000         0.000 / 0.000       ms
[2021-02-13T17:23:39.357+0300][530.140s][info][gc,stats    ]    Subphase: Pause Roots Setup                             0.000 / 0.000         0.000 / 0.001         0.000 / 0.001         0.000 / 0.001       ms
[2021-02-13T17:23:39.357+0300][530.140s][info][gc,stats    ]    Subphase: Pause Roots Teardown                          0.000 / 0.000         0.001 / 0.002         0.001 / 0.002         0.001 / 0.002       ms
[2021-02-13T17:23:39.357+0300][530.140s][info][gc,stats    ]    Subphase: Pause Roots Universe                          0.000 / 0.000         0.010 / 0.027         0.010 / 0.027         0.010 / 0.027       ms
[2021-02-13T17:23:39.357+0300][530.140s][info][gc,stats    ]    Subphase: Pause Roots VM Thread                         0.000 / 0.000         0.005 / 0.028         0.005 / 0.028         0.005 / 0.028       ms
[2021-02-13T17:23:39.357+0300][530.140s][info][gc,stats    ]    Subphase: Pause Weak Roots                              0.000 / 0.000         0.001 / 0.005         0.001 / 0.005         0.001 / 0.005       ms
[2021-02-13T17:23:39.357+0300][530.140s][info][gc,stats    ]    Subphase: Pause Weak Roots JFRWeak                      0.000 / 0.000         0.000 / 0.000         0.000 / 0.000         0.000 / 0.000       ms
[2021-02-13T17:23:39.358+0300][530.140s][info][gc,stats    ]    Subphase: Pause Weak Roots JVMTIWeakExport              0.000 / 0.000         0.002 / 0.005         0.002 / 0.005         0.002 / 0.005       ms
[2021-02-13T17:23:39.358+0300][530.140s][info][gc,stats    ]    Subphase: Pause Weak Roots Setup                        0.000 / 0.000         0.000 / 0.000         0.000 / 0.000         0.000 / 0.000       ms
[2021-02-13T17:23:39.358+0300][530.140s][info][gc,stats    ]    Subphase: Pause Weak Roots Teardown                     0.000 / 0.000         0.000 / 0.000         0.000 / 0.000         0.000 / 0.000       ms
[2021-02-13T17:23:39.358+0300][530.140s][info][gc,stats    ]      System: Java Threads                                      0 / 0                16 / 16               16 / 16               16 / 16          threads
[2021-02-13T17:23:39.358+0300][530.140s][info][gc,stats    ] =========================================================================================================================================================
[2021-02-13T17:23:49.352+0300][540.134s][info][gc,stats    ] === Garbage Collection Statistics =======================================================================================================================
[2021-02-13T17:23:49.352+0300][540.134s][info][gc,stats    ]                                                              Last 10s              Last 10m              Last 10h                Total
[2021-02-13T17:23:49.352+0300][540.134s][info][gc,stats    ]                                                              Avg / Max             Avg / Max             Avg / Max             Avg / Max
[2021-02-13T17:23:49.352+0300][540.134s][info][gc,stats    ]   Collector: Garbage Collection Cycle                      0.000 / 0.000       260.121 / 386.588     260.121 / 386.588     260.121 / 386.588     ms
[2021-02-13T17:23:49.352+0300][540.134s][info][gc,stats    ]  Contention: Mark Segment Reset Contention                     0 / 0                 0 / 0                 0 / 0                 0 / 0           ops/s
[2021-02-13T17:23:49.352+0300][540.134s][info][gc,stats    ]  Contention: Mark SeqNum Reset Contention                      0 / 0                 0 / 0                 0 / 0                 0 / 0           ops/s
[2021-02-13T17:23:49.352+0300][540.134s][info][gc,stats    ]  Contention: Relocation Contention                             0 / 0                 0 / 1                 0 / 1                 0 / 1           ops/s
[2021-02-13T17:23:49.352+0300][540.134s][info][gc,stats    ]    Critical: Allocation Stall                              0.000 / 0.000         0.000 / 0.000         0.000 / 0.000         0.000 / 0.000       ms
[2021-02-13T17:23:49.352+0300][540.134s][info][gc,stats    ]    Critical: Allocation Stall                                  0 / 0                 0 / 0                 0 / 0                 0 / 0           ops/s
[2021-02-13T17:23:49.352+0300][540.134s][info][gc,stats    ]    Critical: GC Locker Stall                               0.000 / 0.000         0.000 / 0.000         0.000 / 0.000         0.000 / 0.000       ms
[2021-02-13T17:23:49.352+0300][540.134s][info][gc,stats    ]    Critical: GC Locker Stall                                   0 / 0                 0 / 0                 0 / 0                 0 / 0           ops/s
[2021-02-13T17:23:49.352+0300][540.134s][info][gc,stats    ]      Memory: Allocation Rate                                   0 / 0                 2 / 1082              2 / 1082              2 / 1082        MB/s
[2021-02-13T17:23:49.352+0300][540.134s][info][gc,stats    ]      Memory: Heap Used After Mark                              0 / 0               215 / 312             215 / 312             215 / 312         MB
[2021-02-13T17:23:49.352+0300][540.134s][info][gc,stats    ]      Memory: Heap Used After Relocation                        0 / 0               130 / 190             130 / 190             130 / 190         MB
[2021-02-13T17:23:49.352+0300][540.134s][info][gc,stats    ]      Memory: Heap Used Before Mark                             0 / 0               215 / 312             215 / 312             215 / 312         MB
[2021-02-13T17:23:49.352+0300][540.134s][info][gc,stats    ]      Memory: Heap Used Before Relocation                       0 / 0               192 / 288             192 / 288             192 / 288         MB
[2021-02-13T17:23:49.352+0300][540.134s][info][gc,stats    ]      Memory: Out Of Memory                                     0 / 0                 0 / 0                 0 / 0                 0 / 0           ops/s
[2021-02-13T17:23:49.352+0300][540.134s][info][gc,stats    ]      Memory: Page Cache Flush                                  0 / 0                 0 / 0                 0 / 0                 0 / 0           MB/s
[2021-02-13T17:23:49.352+0300][540.134s][info][gc,stats    ]      Memory: Page Cache Hit L1                                 0 / 0                 0 / 11                0 / 11                0 / 11          ops/s
[2021-02-13T17:23:49.352+0300][540.134s][info][gc,stats    ]      Memory: Page Cache Hit L2                                 0 / 0                 0 / 0                 0 / 0                 0 / 0           ops/s
[2021-02-13T17:23:49.352+0300][540.134s][info][gc,stats    ]      Memory: Page Cache Hit L3                                 0 / 0                 0 / 14                0 / 14                0 / 14          ops/s
[2021-02-13T17:23:49.352+0300][540.134s][info][gc,stats    ]      Memory: Page Cache Miss                                   0 / 0                 0 / 0                 0 / 0                 0 / 0           ops/s
[2021-02-13T17:23:49.352+0300][540.134s][info][gc,stats    ]      Memory: Uncommit                                          0 / 0                 0 / 0                 0 / 0                 0 / 0           MB/s
[2021-02-13T17:23:49.352+0300][540.134s][info][gc,stats    ]      Memory: Undo Object Allocation Failed                     0 / 0                 0 / 0                 0 / 0                 0 / 0           ops/s
[2021-02-13T17:23:49.352+0300][540.134s][info][gc,stats    ]      Memory: Undo Object Allocation Succeeded                  0 / 0                 0 / 1                 0 / 1                 0 / 1           ops/s
[2021-02-13T17:23:49.352+0300][540.134s][info][gc,stats    ]      Memory: Undo Page Allocation                              0 / 0                 0 / 0                 0 / 0                 0 / 0           ops/s
[2021-02-13T17:23:49.352+0300][540.134s][info][gc,stats    ]       Phase: Concurrent Mark                               0.000 / 0.000       230.999 / 356.582     230.999 / 356.582     230.999 / 356.582     ms
[2021-02-13T17:23:49.352+0300][540.134s][info][gc,stats    ]       Phase: Concurrent Mark Continue                      0.000 / 0.000         0.000 / 0.000         0.000 / 0.000         0.000 / 0.000       ms
[2021-02-13T17:23:49.352+0300][540.134s][info][gc,stats    ]       Phase: Concurrent Process Non-Strong References      0.000 / 0.000         2.512 / 3.462         2.512 / 3.462         2.512 / 3.462       ms
[2021-02-13T17:23:49.352+0300][540.134s][info][gc,stats    ]       Phase: Concurrent Relocate                           0.000 / 0.000        16.878 / 18.109       16.878 / 18.109       16.878 / 18.109      ms
[2021-02-13T17:23:49.352+0300][540.134s][info][gc,stats    ]       Phase: Concurrent Reset Relocation Set               0.000 / 0.000         0.492 / 0.741         0.492 / 0.741         0.492 / 0.741       ms
[2021-02-13T17:23:49.352+0300][540.134s][info][gc,stats    ]       Phase: Concurrent Select Relocation Set              0.000 / 0.000         6.443 / 9.944         6.443 / 9.944         6.443 / 9.944       ms
[2021-02-13T17:23:49.352+0300][540.134s][info][gc,stats    ]       Phase: Pause Mark End                                0.000 / 0.000         0.250 / 0.286         0.250 / 0.286         0.250 / 0.286       ms
[2021-02-13T17:23:49.352+0300][540.134s][info][gc,stats    ]       Phase: Pause Mark Start                              0.000 / 0.000         0.377 / 0.836         0.377 / 0.836         0.377 / 0.836       ms
[2021-02-13T17:23:49.352+0300][540.134s][info][gc,stats    ]       Phase: Pause Relocate Start                          0.000 / 0.000         0.166 / 0.175         0.166 / 0.175         0.166 / 0.175       ms
[2021-02-13T17:23:49.352+0300][540.134s][info][gc,stats    ]    Subphase: Concurrent Classes Purge                      0.000 / 0.000         0.120 / 0.137         0.120 / 0.137         0.120 / 0.137       ms
[2021-02-13T17:23:49.352+0300][540.134s][info][gc,stats    ]    Subphase: Concurrent Classes Unlink                     0.000 / 0.000         1.319 / 1.645         1.319 / 1.645         1.319 / 1.645       ms
[2021-02-13T17:23:49.352+0300][540.134s][info][gc,stats    ]    Subphase: Concurrent Mark                               0.000 / 0.000       230.700 / 356.225     230.700 / 356.225     230.700 / 356.225     ms
[2021-02-13T17:23:49.352+0300][540.134s][info][gc,stats    ]    Subphase: Concurrent Mark Idle                          0.000 / 0.000         0.000 / 0.000         0.000 / 0.000         0.000 / 0.000       ms
[2021-02-13T17:23:49.352+0300][540.134s][info][gc,stats    ]    Subphase: Concurrent Mark Try Flush                     0.000 / 0.000         0.430 / 0.804         0.430 / 0.804         0.430 / 0.804       ms
[2021-02-13T17:23:49.352+0300][540.134s][info][gc,stats    ]    Subphase: Concurrent Mark Try Terminate                 0.000 / 0.000         0.266 / 0.805         0.266 / 0.805         0.266 / 0.805       ms
[2021-02-13T17:23:49.352+0300][540.134s][info][gc,stats    ]    Subphase: Concurrent References Enqueue                 0.000 / 0.000         0.004 / 0.004         0.004 / 0.004         0.004 / 0.004       ms
[2021-02-13T17:23:49.352+0300][540.134s][info][gc,stats    ]    Subphase: Concurrent References Process                 0.000 / 0.000         0.121 / 0.143         0.121 / 0.143         0.121 / 0.143       ms
[2021-02-13T17:23:49.352+0300][540.134s][info][gc,stats    ]    Subphase: Concurrent Roots                              0.000 / 0.000         0.128 / 0.182         0.128 / 0.182         0.128 / 0.182       ms
[2021-02-13T17:23:49.352+0300][540.135s][info][gc,stats    ]    Subphase: Concurrent Roots ClassLoaderDataGraph         0.000 / 0.000         0.118 / 0.169         0.118 / 0.169         0.118 / 0.169       ms
[2021-02-13T17:23:49.352+0300][540.135s][info][gc,stats    ]    Subphase: Concurrent Roots JNIHandles                   0.000 / 0.000         0.005 / 0.007         0.005 / 0.007         0.005 / 0.007       ms
[2021-02-13T17:23:49.352+0300][540.135s][info][gc,stats    ]    Subphase: Concurrent Roots Setup                        0.000 / 0.000         0.006 / 0.007         0.006 / 0.007         0.006 / 0.007       ms
[2021-02-13T17:23:49.352+0300][540.135s][info][gc,stats    ]    Subphase: Concurrent Roots Teardown                     0.000 / 0.000         0.000 / 0.000         0.000 / 0.000         0.000 / 0.000       ms
[2021-02-13T17:23:49.352+0300][540.135s][info][gc,stats    ]    Subphase: Concurrent Roots VMHandles                    0.000 / 0.000         0.004 / 0.006         0.004 / 0.006         0.004 / 0.006       ms
[2021-02-13T17:23:49.352+0300][540.135s][info][gc,stats    ]    Subphase: Concurrent Weak Roots                         0.000 / 0.000         0.425 / 0.580         0.425 / 0.580         0.425 / 0.580       ms
[2021-02-13T17:23:49.352+0300][540.135s][info][gc,stats    ]    Subphase: Concurrent Weak Roots JNIWeakHandles          0.000 / 0.000         0.000 / 0.000         0.000 / 0.000         0.000 / 0.000       ms
[2021-02-13T17:23:49.352+0300][540.135s][info][gc,stats    ]    Subphase: Concurrent Weak Roots ResolvedMethodTable     0.000 / 0.000         0.029 / 0.042         0.029 / 0.042         0.029 / 0.042       ms
[2021-02-13T17:23:49.352+0300][540.135s][info][gc,stats    ]    Subphase: Concurrent Weak Roots StringTable             0.000 / 0.000         0.383 / 0.521         0.383 / 0.521         0.383 / 0.521       ms
[2021-02-13T17:23:49.352+0300][540.135s][info][gc,stats    ]    Subphase: Concurrent Weak Roots VMWeakHandles           0.000 / 0.000         0.012 / 0.015         0.012 / 0.015         0.012 / 0.015       ms
[2021-02-13T17:23:49.352+0300][540.135s][info][gc,stats    ]    Subphase: Pause Mark Try Complete                       0.000 / 0.000         0.032 / 0.051         0.032 / 0.051         0.032 / 0.051       ms
[2021-02-13T17:23:49.352+0300][540.135s][info][gc,stats    ]    Subphase: Pause Roots                                   0.000 / 0.000         0.083 / 0.374         0.083 / 0.374         0.083 / 0.374       ms
[2021-02-13T17:23:49.352+0300][540.135s][info][gc,stats    ]    Subphase: Pause Roots CodeCache                         0.000 / 0.000         0.000 / 0.000         0.000 / 0.000         0.000 / 0.000       ms
[2021-02-13T17:23:49.352+0300][540.135s][info][gc,stats    ]    Subphase: Pause Roots JVMTIExport                       0.000 / 0.000         0.001 / 0.003         0.001 / 0.003         0.001 / 0.003       ms
[2021-02-13T17:23:49.352+0300][540.135s][info][gc,stats    ]    Subphase: Pause Roots JVMTIWeakExport                   0.000 / 0.000         0.005 / 0.013         0.005 / 0.013         0.005 / 0.013       ms
[2021-02-13T17:23:49.352+0300][540.135s][info][gc,stats    ]    Subphase: Pause Roots Java Threads                      0.000 / 0.000         0.075 / 0.373         0.075 / 0.373         0.075 / 0.373       ms
[2021-02-13T17:23:49.352+0300][540.135s][info][gc,stats    ]    Subphase: Pause Roots Management                        0.000 / 0.000         0.007 / 0.025         0.007 / 0.025         0.007 / 0.025       ms
[2021-02-13T17:23:49.352+0300][540.135s][info][gc,stats    ]    Subphase: Pause Roots ObjectSynchronizer                0.000 / 0.000         0.000 / 0.000         0.000 / 0.000         0.000 / 0.000       ms
[2021-02-13T17:23:49.352+0300][540.135s][info][gc,stats    ]    Subphase: Pause Roots Setup                             0.000 / 0.000         0.000 / 0.001         0.000 / 0.001         0.000 / 0.001       ms
[2021-02-13T17:23:49.352+0300][540.135s][info][gc,stats    ]    Subphase: Pause Roots Teardown                          0.000 / 0.000         0.001 / 0.002         0.001 / 0.002         0.001 / 0.002       ms
[2021-02-13T17:23:49.352+0300][540.135s][info][gc,stats    ]    Subphase: Pause Roots Universe                          0.000 / 0.000         0.010 / 0.027         0.010 / 0.027         0.010 / 0.027       ms
[2021-02-13T17:23:49.352+0300][540.135s][info][gc,stats    ]    Subphase: Pause Roots VM Thread                         0.000 / 0.000         0.005 / 0.028         0.005 / 0.028         0.005 / 0.028       ms
[2021-02-13T17:23:49.352+0300][540.135s][info][gc,stats    ]    Subphase: Pause Weak Roots                              0.000 / 0.000         0.001 / 0.005         0.001 / 0.005         0.001 / 0.005       ms
[2021-02-13T17:23:49.352+0300][540.135s][info][gc,stats    ]    Subphase: Pause Weak Roots JFRWeak                      0.000 / 0.000         0.000 / 0.000         0.000 / 0.000         0.000 / 0.000       ms
[2021-02-13T17:23:49.352+0300][540.135s][info][gc,stats    ]    Subphase: Pause Weak Roots JVMTIWeakExport              0.000 / 0.000         0.002 / 0.005         0.002 / 0.005         0.002 / 0.005       ms
[2021-02-13T17:23:49.352+0300][540.135s][info][gc,stats    ]    Subphase: Pause Weak Roots Setup                        0.000 / 0.000         0.000 / 0.000         0.000 / 0.000         0.000 / 0.000       ms
[2021-02-13T17:23:49.353+0300][540.135s][info][gc,stats    ]    Subphase: Pause Weak Roots Teardown                     0.000 / 0.000         0.000 / 0.000         0.000 / 0.000         0.000 / 0.000       ms
[2021-02-13T17:23:49.353+0300][540.135s][info][gc,stats    ]      System: Java Threads                                      0 / 0                16 / 16               16 / 16               16 / 16          threads
[2021-02-13T17:23:49.353+0300][540.135s][info][gc,stats    ] =========================================================================================================================================================
[2021-02-13T17:23:56.257+0300][547.039s][info][gc,start    ] GC(3) Garbage Collection (Proactive)
[2021-02-13T17:23:56.273+0300][547.055s][info][gc,phases   ] GC(3) Pause Mark Start 0.136ms
[2021-02-13T17:23:56.694+0300][547.476s][info][gc,phases   ] GC(3) Concurrent Mark 420.629ms
[2021-02-13T17:23:56.695+0300][547.477s][info][gc,phases   ] GC(3) Pause Mark End 0.274ms
[2021-02-13T17:23:56.699+0300][547.481s][info][gc,phases   ] GC(3) Concurrent Process Non-Strong References 3.555ms
[2021-02-13T17:23:56.700+0300][547.482s][info][gc,phases   ] GC(3) Concurrent Reset Relocation Set 0.958ms
[2021-02-13T17:23:56.706+0300][547.488s][info][gc,phases   ] GC(3) Concurrent Select Relocation Set 6.228ms
[2021-02-13T17:23:56.713+0300][547.495s][info][gc,phases   ] GC(3) Pause Relocate Start 0.202ms
[2021-02-13T17:23:56.730+0300][547.513s][info][gc,phases   ] GC(3) Concurrent Relocate 17.288ms
[2021-02-13T17:23:56.730+0300][547.513s][info][gc,load     ] GC(3) Load: 0.00/0.00/0.00
[2021-02-13T17:23:56.730+0300][547.513s][info][gc,mmu      ] GC(3) MMU: 2ms/58.2%, 5ms/83.3%, 10ms/91.6%, 20ms/95.8%, 50ms/98.3%, 100ms/99.2%
[2021-02-13T17:23:56.730+0300][547.513s][info][gc,marking  ] GC(3) Mark: 1 stripe(s), 2 proactive flush(es), 1 terminate flush(es), 1 completion(s), 0 continuation(s) 
[2021-02-13T17:23:56.730+0300][547.513s][info][gc,nmethod  ] GC(3) NMethods: 1829 registered, 0 unregistered
[2021-02-13T17:23:56.730+0300][547.513s][info][gc,metaspace] GC(3) Metaspace: 7M used, 7M capacity, 7M committed, 1032M reserved
[2021-02-13T17:23:56.730+0300][547.513s][info][gc,ref      ] GC(3) Soft: 653 encountered, 0 discovered, 0 enqueued
[2021-02-13T17:23:56.730+0300][547.513s][info][gc,ref      ] GC(3) Weak: 1082 encountered, 653 discovered, 0 enqueued
[2021-02-13T17:23:56.730+0300][547.513s][info][gc,ref      ] GC(3) Final: 0 encountered, 0 discovered, 0 enqueued
[2021-02-13T17:23:56.730+0300][547.513s][info][gc,ref      ] GC(3) Phantom: 7 encountered, 6 discovered, 0 enqueued
[2021-02-13T17:23:56.730+0300][547.513s][info][gc,reloc    ] GC(3) Small Pages: 150 / 300M(93%), Empty: 16M(5%), Compacting: 82M(25%)->14M(4%)
[2021-02-13T17:23:56.730+0300][547.513s][info][gc,reloc    ] GC(3) Medium Pages: 0 / 0M(0%), Empty: 0M(0%), Compacting: 0M(0%)->0M(0%)
[2021-02-13T17:23:56.731+0300][547.513s][info][gc,reloc    ] GC(3) Large Pages: 2 / 24M(7%), Empty: 10M(3%), Compacting: 0M(0%)->0M(0%)
[2021-02-13T17:23:56.731+0300][547.513s][info][gc,reloc    ] GC(3) Relocation: Successful
[2021-02-13T17:23:56.731+0300][547.513s][info][gc,heap     ] GC(3) Min Capacity: 1024M(100%)
[2021-02-13T17:23:56.731+0300][547.513s][info][gc,heap     ] GC(3) Max Capacity: 1024M(100%)
[2021-02-13T17:23:56.731+0300][547.513s][info][gc,heap     ] GC(3) Soft Max Capacity: 1024M(100%)
[2021-02-13T17:23:56.731+0300][547.513s][info][gc,heap     ] GC(3)                Mark Start          Mark End        Relocate Start      Relocate End           High               Low         
[2021-02-13T17:23:56.731+0300][547.513s][info][gc,heap     ] GC(3)  Capacity:     1024M (100%)       1024M (100%)       1024M (100%)       1024M (100%)       1024M (100%)       1024M (100%)   
[2021-02-13T17:23:56.731+0300][547.513s][info][gc,heap     ] GC(3)   Reserve:       40M (4%)           40M (4%)           40M (4%)           40M (4%)           40M (4%)           40M (4%)     
[2021-02-13T17:23:56.731+0300][547.513s][info][gc,heap     ] GC(3)      Free:      660M (64%)         658M (64%)         684M (67%)         746M (73%)         746M (73%)         658M (64%)    
[2021-02-13T17:23:56.731+0300][547.513s][info][gc,heap     ] GC(3)      Used:      324M (32%)         326M (32%)         300M (29%)         238M (23%)         326M (32%)         238M (23%)    
[2021-02-13T17:23:56.731+0300][547.513s][info][gc,heap     ] GC(3)      Live:         -               227M (22%)         227M (22%)         227M (22%)            -                  -          
[2021-02-13T17:23:56.731+0300][547.513s][info][gc,heap     ] GC(3) Allocated:         -                 2M (0%)            2M (0%)           22M (2%)             -                  -          
[2021-02-13T17:23:56.731+0300][547.513s][info][gc,heap     ] GC(3)   Garbage:         -                96M (9%)           70M (7%)            8M (1%)             -                  -          
[2021-02-13T17:23:56.731+0300][547.513s][info][gc,heap     ] GC(3) Reclaimed:         -                  -                26M (3%)           88M (9%)             -                  -          
[2021-02-13T17:23:56.731+0300][547.513s][info][gc          ] GC(3) Garbage Collection (Proactive) 324M(32%)->238M(23%)
[2021-02-13T17:23:59.343+0300][550.125s][info][gc,stats    ] === Garbage Collection Statistics =======================================================================================================================
[2021-02-13T17:23:59.343+0300][550.125s][info][gc,stats    ]                                                              Last 10s              Last 10m              Last 10h                Total
[2021-02-13T17:23:59.343+0300][550.125s][info][gc,stats    ]                                                              Avg / Max             Avg / Max             Avg / Max             Avg / Max
[2021-02-13T17:23:59.343+0300][550.125s][info][gc,stats    ]   Collector: Garbage Collection Cycle                    473.762 / 473.762     313.531 / 473.762     313.531 / 473.762     313.531 / 473.762     ms
[2021-02-13T17:23:59.343+0300][550.125s][info][gc,stats    ]  Contention: Mark Segment Reset Contention                     0 / 0                 0 / 0                 0 / 0                 0 / 0           ops/s
[2021-02-13T17:23:59.343+0300][550.125s][info][gc,stats    ]  Contention: Mark SeqNum Reset Contention                      0 / 0                 0 / 0                 0 / 0                 0 / 0           ops/s
[2021-02-13T17:23:59.343+0300][550.125s][info][gc,stats    ]  Contention: Relocation Contention                            75 / 752               1 / 752               1 / 752               1 / 752         ops/s
[2021-02-13T17:23:59.343+0300][550.125s][info][gc,stats    ]    Critical: Allocation Stall                              0.000 / 0.000         0.000 / 0.000         0.000 / 0.000         0.000 / 0.000       ms
[2021-02-13T17:23:59.343+0300][550.125s][info][gc,stats    ]    Critical: Allocation Stall                                  0 / 0                 0 / 0                 0 / 0                 0 / 0           ops/s
[2021-02-13T17:23:59.343+0300][550.125s][info][gc,stats    ]    Critical: GC Locker Stall                               0.000 / 0.000         0.000 / 0.000         0.000 / 0.000         0.000 / 0.000       ms
[2021-02-13T17:23:59.343+0300][550.125s][info][gc,stats    ]    Critical: GC Locker Stall                                   0 / 0                 0 / 0                 0 / 0                 0 / 0           ops/s
[2021-02-13T17:23:59.343+0300][550.125s][info][gc,stats    ]      Memory: Allocation Rate                                   4 / 32                2 / 1082              2 / 1082              2 / 1082        MB/s
[2021-02-13T17:23:59.343+0300][550.125s][info][gc,stats    ]      Memory: Heap Used After Mark                            326 / 326             243 / 326             243 / 326             243 / 326         MB
[2021-02-13T17:23:59.343+0300][550.125s][info][gc,stats    ]      Memory: Heap Used After Relocation                      238 / 238             157 / 238             157 / 238             157 / 238         MB
[2021-02-13T17:23:59.343+0300][550.125s][info][gc,stats    ]      Memory: Heap Used Before Mark                           324 / 324             242 / 324             242 / 324             242 / 324         MB
[2021-02-13T17:23:59.343+0300][550.125s][info][gc,stats    ]      Memory: Heap Used Before Relocation                     300 / 300             219 / 300             219 / 300             219 / 300         MB
[2021-02-13T17:23:59.343+0300][550.125s][info][gc,stats    ]      Memory: Out Of Memory                                     0 / 0                 0 / 0                 0 / 0                 0 / 0           ops/s
[2021-02-13T17:23:59.343+0300][550.125s][info][gc,stats    ]      Memory: Page Cache Flush                                  0 / 0                 0 / 0                 0 / 0                 0 / 0           MB/s
[2021-02-13T17:23:59.343+0300][550.125s][info][gc,stats    ]      Memory: Page Cache Hit L1                                 1 / 11                0 / 11                0 / 11                0 / 11          ops/s
[2021-02-13T17:23:59.343+0300][550.125s][info][gc,stats    ]      Memory: Page Cache Hit L2                                 0 / 0                 0 / 0                 0 / 0                 0 / 0           ops/s
[2021-02-13T17:23:59.343+0300][550.125s][info][gc,stats    ]      Memory: Page Cache Hit L3                                 0 / 4                 0 / 14                0 / 14                0 / 14          ops/s
[2021-02-13T17:23:59.343+0300][550.125s][info][gc,stats    ]      Memory: Page Cache Miss                                   0 / 0                 0 / 0                 0 / 0                 0 / 0           ops/s
[2021-02-13T17:23:59.343+0300][550.125s][info][gc,stats    ]      Memory: Uncommit                                          0 / 0                 0 / 0                 0 / 0                 0 / 0           MB/s
[2021-02-13T17:23:59.343+0300][550.125s][info][gc,stats    ]      Memory: Undo Object Allocation Failed                     0 / 0                 0 / 0                 0 / 0                 0 / 0           ops/s
[2021-02-13T17:23:59.343+0300][550.125s][info][gc,stats    ]      Memory: Undo Object Allocation Succeeded                 75 / 752               1 / 752               1 / 752               1 / 752         ops/s
[2021-02-13T17:23:59.343+0300][550.125s][info][gc,stats    ]      Memory: Undo Page Allocation                              0 / 0                 0 / 0                 0 / 0                 0 / 0           ops/s
[2021-02-13T17:23:59.343+0300][550.125s][info][gc,stats    ]       Phase: Concurrent Mark                             420.629 / 420.629     278.406 / 420.629     278.406 / 420.629     278.406 / 420.629     ms
[2021-02-13T17:23:59.343+0300][550.125s][info][gc,stats    ]       Phase: Concurrent Mark Continue                      0.000 / 0.000         0.000 / 0.000         0.000 / 0.000         0.000 / 0.000       ms
[2021-02-13T17:23:59.343+0300][550.125s][info][gc,stats    ]       Phase: Concurrent Process Non-Strong References      3.555 / 3.555         2.773 / 3.555         2.773 / 3.555         2.773 / 3.555       ms
[2021-02-13T17:23:59.343+0300][550.125s][info][gc,stats    ]       Phase: Concurrent Relocate                          17.288 / 17.288       16.980 / 18.109       16.980 / 18.109       16.980 / 18.109      ms
[2021-02-13T17:23:59.343+0300][550.125s][info][gc,stats    ]       Phase: Concurrent Reset Relocation Set               0.958 / 0.958         0.609 / 0.958         0.609 / 0.958         0.609 / 0.958       ms
[2021-02-13T17:23:59.343+0300][550.125s][info][gc,stats    ]       Phase: Concurrent Select Relocation Set              6.228 / 6.228         6.389 / 9.944         6.389 / 9.944         6.389 / 9.944       ms
[2021-02-13T17:23:59.343+0300][550.125s][info][gc,stats    ]       Phase: Pause Mark End                                0.274 / 0.274         0.256 / 0.286         0.256 / 0.286         0.256 / 0.286       ms
[2021-02-13T17:23:59.343+0300][550.125s][info][gc,stats    ]       Phase: Pause Mark Start                              0.136 / 0.136         0.317 / 0.836         0.317 / 0.836         0.317 / 0.836       ms
[2021-02-13T17:23:59.343+0300][550.125s][info][gc,stats    ]       Phase: Pause Relocate Start                          0.202 / 0.202         0.175 / 0.202         0.175 / 0.202         0.175 / 0.202       ms
[2021-02-13T17:23:59.343+0300][550.125s][info][gc,stats    ]    Subphase: Concurrent Classes Purge                      0.138 / 0.138         0.124 / 0.138         0.124 / 0.138         0.124 / 0.138       ms
[2021-02-13T17:23:59.343+0300][550.125s][info][gc,stats    ]    Subphase: Concurrent Classes Unlink                     1.974 / 1.974         1.483 / 1.974         1.483 / 1.974         1.483 / 1.974       ms
[2021-02-13T17:23:59.343+0300][550.125s][info][gc,stats    ]    Subphase: Concurrent Mark                             420.320 / 420.320     278.105 / 420.320     278.105 / 420.320     278.105 / 420.320     ms
[2021-02-13T17:23:59.343+0300][550.125s][info][gc,stats    ]    Subphase: Concurrent Mark Idle                          0.000 / 0.000         0.000 / 0.000         0.000 / 0.000         0.000 / 0.000       ms
[2021-02-13T17:23:59.343+0300][550.125s][info][gc,stats    ]    Subphase: Concurrent Mark Try Flush                     0.824 / 1.047         0.529 / 1.047         0.529 / 1.047         0.529 / 1.047       ms
[2021-02-13T17:23:59.343+0300][550.125s][info][gc,stats    ]    Subphase: Concurrent Mark Try Terminate                 0.524 / 1.048         0.331 / 1.048         0.331 / 1.048         0.331 / 1.048       ms
[2021-02-13T17:23:59.343+0300][550.125s][info][gc,stats    ]    Subphase: Concurrent References Enqueue                 0.000 / 0.000         0.003 / 0.004         0.003 / 0.004         0.003 / 0.004       ms
[2021-02-13T17:23:59.343+0300][550.125s][info][gc,stats    ]    Subphase: Concurrent References Process                 0.124 / 0.124         0.122 / 0.143         0.122 / 0.143         0.122 / 0.143       ms
[2021-02-13T17:23:59.343+0300][550.125s][info][gc,stats    ]    Subphase: Concurrent Roots                              0.135 / 0.135         0.130 / 0.182         0.130 / 0.182         0.130 / 0.182       ms
[2021-02-13T17:23:59.343+0300][550.125s][info][gc,stats    ]    Subphase: Concurrent Roots ClassLoaderDataGraph         0.121 / 0.121         0.119 / 0.169         0.119 / 0.169         0.119 / 0.169       ms
[2021-02-13T17:23:59.343+0300][550.126s][info][gc,stats    ]    Subphase: Concurrent Roots JNIHandles                   0.008 / 0.008         0.005 / 0.008         0.005 / 0.008         0.005 / 0.008       ms
[2021-02-13T17:23:59.343+0300][550.126s][info][gc,stats    ]    Subphase: Concurrent Roots Setup                        0.008 / 0.008         0.007 / 0.008         0.007 / 0.008         0.007 / 0.008       ms
[2021-02-13T17:23:59.343+0300][550.126s][info][gc,stats    ]    Subphase: Concurrent Roots Teardown                     0.000 / 0.000         0.000 / 0.000         0.000 / 0.000         0.000 / 0.000       ms
[2021-02-13T17:23:59.343+0300][550.126s][info][gc,stats    ]    Subphase: Concurrent Roots VMHandles                    0.006 / 0.006         0.004 / 0.006         0.004 / 0.006         0.004 / 0.006       ms
[2021-02-13T17:23:59.343+0300][550.126s][info][gc,stats    ]    Subphase: Concurrent Weak Roots                         0.356 / 0.356         0.408 / 0.580         0.408 / 0.580         0.408 / 0.580       ms
[2021-02-13T17:23:59.343+0300][550.126s][info][gc,stats    ]    Subphase: Concurrent Weak Roots JNIWeakHandles          0.000 / 0.000         0.000 / 0.000         0.000 / 0.000         0.000 / 0.000       ms
[2021-02-13T17:23:59.343+0300][550.126s][info][gc,stats    ]    Subphase: Concurrent Weak Roots ResolvedMethodTable     0.021 / 0.021         0.027 / 0.042         0.027 / 0.042         0.027 / 0.042       ms
[2021-02-13T17:23:59.343+0300][550.126s][info][gc,stats    ]    Subphase: Concurrent Weak Roots StringTable             0.320 / 0.320         0.367 / 0.521         0.367 / 0.521         0.367 / 0.521       ms
[2021-02-13T17:23:59.343+0300][550.126s][info][gc,stats    ]    Subphase: Concurrent Weak Roots VMWeakHandles           0.014 / 0.014         0.012 / 0.015         0.012 / 0.015         0.012 / 0.015       ms
[2021-02-13T17:23:59.343+0300][550.126s][info][gc,stats    ]    Subphase: Pause Mark Try Complete                       0.044 / 0.044         0.035 / 0.051         0.035 / 0.051         0.035 / 0.051       ms
[2021-02-13T17:23:59.343+0300][550.126s][info][gc,stats    ]    Subphase: Pause Roots                                   0.037 / 0.066         0.071 / 0.374         0.071 / 0.374         0.071 / 0.374       ms
[2021-02-13T17:23:59.343+0300][550.126s][info][gc,stats    ]    Subphase: Pause Roots CodeCache                         0.000 / 0.000         0.000 / 0.000         0.000 / 0.000         0.000 / 0.000       ms
[2021-02-13T17:23:59.343+0300][550.126s][info][gc,stats    ]    Subphase: Pause Roots JVMTIExport                       0.000 / 0.001         0.001 / 0.003         0.001 / 0.003         0.001 / 0.003       ms
[2021-02-13T17:23:59.343+0300][550.126s][info][gc,stats    ]    Subphase: Pause Roots JVMTIWeakExport                   0.000 / 0.000         0.004 / 0.013         0.004 / 0.013         0.004 / 0.013       ms
[2021-02-13T17:23:59.343+0300][550.126s][info][gc,stats    ]    Subphase: Pause Roots Java Threads                      0.033 / 0.057         0.064 / 0.373         0.064 / 0.373         0.064 / 0.373       ms
[2021-02-13T17:23:59.343+0300][550.126s][info][gc,stats    ]    Subphase: Pause Roots Management                        0.005 / 0.008         0.006 / 0.025         0.006 / 0.025         0.006 / 0.025       ms
[2021-02-13T17:23:59.343+0300][550.126s][info][gc,stats    ]    Subphase: Pause Roots ObjectSynchronizer                0.000 / 0.000         0.000 / 0.000         0.000 / 0.000         0.000 / 0.000       ms
[2021-02-13T17:23:59.343+0300][550.126s][info][gc,stats    ]    Subphase: Pause Roots Setup                             0.000 / 0.000         0.000 / 0.001         0.000 / 0.001         0.000 / 0.001       ms
[2021-02-13T17:23:59.343+0300][550.126s][info][gc,stats    ]    Subphase: Pause Roots Teardown                          0.001 / 0.001         0.001 / 0.002         0.001 / 0.002         0.001 / 0.002       ms
[2021-02-13T17:23:59.343+0300][550.126s][info][gc,stats    ]    Subphase: Pause Roots Universe                          0.009 / 0.015         0.010 / 0.027         0.010 / 0.027         0.010 / 0.027       ms
[2021-02-13T17:23:59.343+0300][550.126s][info][gc,stats    ]    Subphase: Pause Roots VM Thread                         0.001 / 0.001         0.004 / 0.028         0.004 / 0.028         0.004 / 0.028       ms
[2021-02-13T17:23:59.343+0300][550.126s][info][gc,stats    ]    Subphase: Pause Weak Roots                              0.005 / 0.022         0.002 / 0.022         0.002 / 0.022         0.002 / 0.022       ms
[2021-02-13T17:23:59.343+0300][550.126s][info][gc,stats    ]    Subphase: Pause Weak Roots JFRWeak                      0.021 / 0.021         0.005 / 0.021         0.005 / 0.021         0.005 / 0.021       ms
[2021-02-13T17:23:59.343+0300][550.126s][info][gc,stats    ]    Subphase: Pause Weak Roots JVMTIWeakExport              0.001 / 0.001         0.001 / 0.005         0.001 / 0.005         0.001 / 0.005       ms
[2021-02-13T17:23:59.343+0300][550.126s][info][gc,stats    ]    Subphase: Pause Weak Roots Setup                        0.000 / 0.000         0.000 / 0.000         0.000 / 0.000         0.000 / 0.000       ms
[2021-02-13T17:23:59.344+0300][550.126s][info][gc,stats    ]    Subphase: Pause Weak Roots Teardown                     0.000 / 0.000         0.000 / 0.000         0.000 / 0.000         0.000 / 0.000       ms
[2021-02-13T17:23:59.344+0300][550.126s][info][gc,stats    ]      System: Java Threads                                     16 / 16               16 / 16               16 / 16               16 / 16          threads
[2021-02-13T17:23:59.344+0300][550.126s][info][gc,stats    ] =========================================================================================================================================================
[2021-02-13T17:24:09.343+0300][560.125s][info][gc,stats    ] === Garbage Collection Statistics =======================================================================================================================
[2021-02-13T17:24:09.343+0300][560.125s][info][gc,stats    ]                                                              Last 10s              Last 10m              Last 10h                Total
[2021-02-13T17:24:09.343+0300][560.125s][info][gc,stats    ]                                                              Avg / Max             Avg / Max             Avg / Max             Avg / Max
[2021-02-13T17:24:09.343+0300][560.125s][info][gc,stats    ]   Collector: Garbage Collection Cycle                      0.000 / 0.000       313.531 / 473.762     313.531 / 473.762     313.531 / 473.762     ms
[2021-02-13T17:24:09.343+0300][560.125s][info][gc,stats    ]  Contention: Mark Segment Reset Contention                     0 / 0                 0 / 0                 0 / 0                 0 / 0           ops/s
[2021-02-13T17:24:09.343+0300][560.125s][info][gc,stats    ]  Contention: Mark SeqNum Reset Contention                      0 / 0                 0 / 0                 0 / 0                 0 / 0           ops/s
[2021-02-13T17:24:09.343+0300][560.125s][info][gc,stats    ]  Contention: Relocation Contention                             0 / 0                 1 / 752               1 / 752               1 / 752         ops/s
[2021-02-13T17:24:09.343+0300][560.125s][info][gc,stats    ]    Critical: Allocation Stall                              0.000 / 0.000         0.000 / 0.000         0.000 / 0.000         0.000 / 0.000       ms
[2021-02-13T17:24:09.343+0300][560.125s][info][gc,stats    ]    Critical: Allocation Stall                                  0 / 0                 0 / 0                 0 / 0                 0 / 0           ops/s
[2021-02-13T17:24:09.343+0300][560.125s][info][gc,stats    ]    Critical: GC Locker Stall                               0.000 / 0.000         0.000 / 0.000         0.000 / 0.000         0.000 / 0.000       ms
[2021-02-13T17:24:09.343+0300][560.125s][info][gc,stats    ]    Critical: GC Locker Stall                                   0 / 0                 0 / 0                 0 / 0                 0 / 0           ops/s
[2021-02-13T17:24:09.343+0300][560.125s][info][gc,stats    ]      Memory: Allocation Rate                                   0 / 2                 2 / 1082              2 / 1082              2 / 1082        MB/s
[2021-02-13T17:24:09.343+0300][560.125s][info][gc,stats    ]      Memory: Heap Used After Mark                              0 / 0               243 / 326             243 / 326             243 / 326         MB
[2021-02-13T17:24:09.343+0300][560.125s][info][gc,stats    ]      Memory: Heap Used After Relocation                        0 / 0               157 / 238             157 / 238             157 / 238         MB
[2021-02-13T17:24:09.343+0300][560.125s][info][gc,stats    ]      Memory: Heap Used Before Mark                             0 / 0               242 / 324             242 / 324             242 / 324         MB
[2021-02-13T17:24:09.343+0300][560.125s][info][gc,stats    ]      Memory: Heap Used Before Relocation                       0 / 0               219 / 300             219 / 300             219 / 300         MB
[2021-02-13T17:24:09.343+0300][560.125s][info][gc,stats    ]      Memory: Out Of Memory                                     0 / 0                 0 / 0                 0 / 0                 0 / 0           ops/s
[2021-02-13T17:24:09.343+0300][560.125s][info][gc,stats    ]      Memory: Page Cache Flush                                  0 / 0                 0 / 0                 0 / 0                 0 / 0           MB/s
[2021-02-13T17:24:09.343+0300][560.125s][info][gc,stats    ]      Memory: Page Cache Hit L1                                 0 / 1                 0 / 11                0 / 11                0 / 11          ops/s
[2021-02-13T17:24:09.343+0300][560.125s][info][gc,stats    ]      Memory: Page Cache Hit L2                                 0 / 0                 0 / 0                 0 / 0                 0 / 0           ops/s
[2021-02-13T17:24:09.343+0300][560.125s][info][gc,stats    ]      Memory: Page Cache Hit L3                                 0 / 0                 0 / 14                0 / 14                0 / 14          ops/s
[2021-02-13T17:24:09.343+0300][560.125s][info][gc,stats    ]      Memory: Page Cache Miss                                   0 / 0                 0 / 0                 0 / 0                 0 / 0           ops/s
[2021-02-13T17:24:09.343+0300][560.125s][info][gc,stats    ]      Memory: Uncommit                                          0 / 0                 0 / 0                 0 / 0                 0 / 0           MB/s
[2021-02-13T17:24:09.343+0300][560.125s][info][gc,stats    ]      Memory: Undo Object Allocation Failed                     0 / 0                 0 / 0                 0 / 0                 0 / 0           ops/s
[2021-02-13T17:24:09.343+0300][560.125s][info][gc,stats    ]      Memory: Undo Object Allocation Succeeded                  0 / 0                 1 / 752               1 / 752               1 / 752         ops/s
[2021-02-13T17:24:09.343+0300][560.125s][info][gc,stats    ]      Memory: Undo Page Allocation                              0 / 0                 0 / 0                 0 / 0                 0 / 0           ops/s
[2021-02-13T17:24:09.343+0300][560.125s][info][gc,stats    ]       Phase: Concurrent Mark                               0.000 / 0.000       278.406 / 420.629     278.406 / 420.629     278.406 / 420.629     ms
[2021-02-13T17:24:09.343+0300][560.125s][info][gc,stats    ]       Phase: Concurrent Mark Continue                      0.000 / 0.000         0.000 / 0.000         0.000 / 0.000         0.000 / 0.000       ms
[2021-02-13T17:24:09.343+0300][560.125s][info][gc,stats    ]       Phase: Concurrent Process Non-Strong References      0.000 / 0.000         2.773 / 3.555         2.773 / 3.555         2.773 / 3.555       ms
[2021-02-13T17:24:09.343+0300][560.125s][info][gc,stats    ]       Phase: Concurrent Relocate                           0.000 / 0.000        16.980 / 18.109       16.980 / 18.109       16.980 / 18.109      ms
[2021-02-13T17:24:09.343+0300][560.125s][info][gc,stats    ]       Phase: Concurrent Reset Relocation Set               0.000 / 0.000         0.609 / 0.958         0.609 / 0.958         0.609 / 0.958       ms
[2021-02-13T17:24:09.343+0300][560.125s][info][gc,stats    ]       Phase: Concurrent Select Relocation Set              0.000 / 0.000         6.389 / 9.944         6.389 / 9.944         6.389 / 9.944       ms
[2021-02-13T17:24:09.343+0300][560.125s][info][gc,stats    ]       Phase: Pause Mark End                                0.000 / 0.000         0.256 / 0.286         0.256 / 0.286         0.256 / 0.286       ms
[2021-02-13T17:24:09.343+0300][560.125s][info][gc,stats    ]       Phase: Pause Mark Start                              0.000 / 0.000         0.317 / 0.836         0.317 / 0.836         0.317 / 0.836       ms
[2021-02-13T17:24:09.343+0300][560.125s][info][gc,stats    ]       Phase: Pause Relocate Start                          0.000 / 0.000         0.175 / 0.202         0.175 / 0.202         0.175 / 0.202       ms
[2021-02-13T17:24:09.343+0300][560.125s][info][gc,stats    ]    Subphase: Concurrent Classes Purge                      0.000 / 0.000         0.124 / 0.138         0.124 / 0.138         0.124 / 0.138       ms
[2021-02-13T17:24:09.343+0300][560.125s][info][gc,stats    ]    Subphase: Concurrent Classes Unlink                     0.000 / 0.000         1.483 / 1.974         1.483 / 1.974         1.483 / 1.974       ms
[2021-02-13T17:24:09.343+0300][560.125s][info][gc,stats    ]    Subphase: Concurrent Mark                               0.000 / 0.000       278.105 / 420.320     278.105 / 420.320     278.105 / 420.320     ms
[2021-02-13T17:24:09.343+0300][560.125s][info][gc,stats    ]    Subphase: Concurrent Mark Idle                          0.000 / 0.000         0.000 / 0.000         0.000 / 0.000         0.000 / 0.000       ms
[2021-02-13T17:24:09.343+0300][560.125s][info][gc,stats    ]    Subphase: Concurrent Mark Try Flush                     0.000 / 0.000         0.529 / 1.047         0.529 / 1.047         0.529 / 1.047       ms
[2021-02-13T17:24:09.343+0300][560.125s][info][gc,stats    ]    Subphase: Concurrent Mark Try Terminate                 0.000 / 0.000         0.331 / 1.048         0.331 / 1.048         0.331 / 1.048       ms
[2021-02-13T17:24:09.343+0300][560.125s][info][gc,stats    ]    Subphase: Concurrent References Enqueue                 0.000 / 0.000         0.003 / 0.004         0.003 / 0.004         0.003 / 0.004       ms
[2021-02-13T17:24:09.343+0300][560.125s][info][gc,stats    ]    Subphase: Concurrent References Process                 0.000 / 0.000         0.122 / 0.143         0.122 / 0.143         0.122 / 0.143       ms
[2021-02-13T17:24:09.343+0300][560.125s][info][gc,stats    ]    Subphase: Concurrent Roots                              0.000 / 0.000         0.130 / 0.182         0.130 / 0.182         0.130 / 0.182       ms
[2021-02-13T17:24:09.343+0300][560.125s][info][gc,stats    ]    Subphase: Concurrent Roots ClassLoaderDataGraph         0.000 / 0.000         0.119 / 0.169         0.119 / 0.169         0.119 / 0.169       ms
[2021-02-13T17:24:09.343+0300][560.125s][info][gc,stats    ]    Subphase: Concurrent Roots JNIHandles                   0.000 / 0.000         0.005 / 0.008         0.005 / 0.008         0.005 / 0.008       ms
[2021-02-13T17:24:09.343+0300][560.125s][info][gc,stats    ]    Subphase: Concurrent Roots Setup                        0.000 / 0.000         0.007 / 0.008         0.007 / 0.008         0.007 / 0.008       ms
[2021-02-13T17:24:09.343+0300][560.125s][info][gc,stats    ]    Subphase: Concurrent Roots Teardown                     0.000 / 0.000         0.000 / 0.000         0.000 / 0.000         0.000 / 0.000       ms
[2021-02-13T17:24:09.343+0300][560.125s][info][gc,stats    ]    Subphase: Concurrent Roots VMHandles                    0.000 / 0.000         0.004 / 0.006         0.004 / 0.006         0.004 / 0.006       ms
[2021-02-13T17:24:09.343+0300][560.125s][info][gc,stats    ]    Subphase: Concurrent Weak Roots                         0.000 / 0.000         0.408 / 0.580         0.408 / 0.580         0.408 / 0.580       ms
[2021-02-13T17:24:09.343+0300][560.125s][info][gc,stats    ]    Subphase: Concurrent Weak Roots JNIWeakHandles          0.000 / 0.000         0.000 / 0.000         0.000 / 0.000         0.000 / 0.000       ms
[2021-02-13T17:24:09.343+0300][560.126s][info][gc,stats    ]    Subphase: Concurrent Weak Roots ResolvedMethodTable     0.000 / 0.000         0.027 / 0.042         0.027 / 0.042         0.027 / 0.042       ms
[2021-02-13T17:24:09.343+0300][560.126s][info][gc,stats    ]    Subphase: Concurrent Weak Roots StringTable             0.000 / 0.000         0.367 / 0.521         0.367 / 0.521         0.367 / 0.521       ms
[2021-02-13T17:24:09.343+0300][560.126s][info][gc,stats    ]    Subphase: Concurrent Weak Roots VMWeakHandles           0.000 / 0.000         0.012 / 0.015         0.012 / 0.015         0.012 / 0.015       ms
[2021-02-13T17:24:09.343+0300][560.126s][info][gc,stats    ]    Subphase: Pause Mark Try Complete                       0.000 / 0.000         0.035 / 0.051         0.035 / 0.051         0.035 / 0.051       ms
[2021-02-13T17:24:09.343+0300][560.126s][info][gc,stats    ]    Subphase: Pause Roots                                   0.000 / 0.000         0.071 / 0.374         0.071 / 0.374         0.071 / 0.374       ms
[2021-02-13T17:24:09.343+0300][560.126s][info][gc,stats    ]    Subphase: Pause Roots CodeCache                         0.000 / 0.000         0.000 / 0.000         0.000 / 0.000         0.000 / 0.000       ms
[2021-02-13T17:24:09.343+0300][560.126s][info][gc,stats    ]    Subphase: Pause Roots JVMTIExport                       0.000 / 0.000         0.001 / 0.003         0.001 / 0.003         0.001 / 0.003       ms
[2021-02-13T17:24:09.343+0300][560.126s][info][gc,stats    ]    Subphase: Pause Roots JVMTIWeakExport                   0.000 / 0.000         0.004 / 0.013         0.004 / 0.013         0.004 / 0.013       ms
[2021-02-13T17:24:09.343+0300][560.126s][info][gc,stats    ]    Subphase: Pause Roots Java Threads                      0.000 / 0.000         0.064 / 0.373         0.064 / 0.373         0.064 / 0.373       ms
[2021-02-13T17:24:09.343+0300][560.126s][info][gc,stats    ]    Subphase: Pause Roots Management                        0.000 / 0.000         0.006 / 0.025         0.006 / 0.025         0.006 / 0.025       ms
[2021-02-13T17:24:09.343+0300][560.126s][info][gc,stats    ]    Subphase: Pause Roots ObjectSynchronizer                0.000 / 0.000         0.000 / 0.000         0.000 / 0.000         0.000 / 0.000       ms
[2021-02-13T17:24:09.343+0300][560.126s][info][gc,stats    ]    Subphase: Pause Roots Setup                             0.000 / 0.000         0.000 / 0.001         0.000 / 0.001         0.000 / 0.001       ms
[2021-02-13T17:24:09.343+0300][560.126s][info][gc,stats    ]    Subphase: Pause Roots Teardown                          0.000 / 0.000         0.001 / 0.002         0.001 / 0.002         0.001 / 0.002       ms
[2021-02-13T17:24:09.343+0300][560.126s][info][gc,stats    ]    Subphase: Pause Roots Universe                          0.000 / 0.000         0.010 / 0.027         0.010 / 0.027         0.010 / 0.027       ms
[2021-02-13T17:24:09.343+0300][560.126s][info][gc,stats    ]    Subphase: Pause Roots VM Thread                         0.000 / 0.000         0.004 / 0.028         0.004 / 0.028         0.004 / 0.028       ms
[2021-02-13T17:24:09.343+0300][560.126s][info][gc,stats    ]    Subphase: Pause Weak Roots                              0.000 / 0.000         0.002 / 0.022         0.002 / 0.022         0.002 / 0.022       ms
[2021-02-13T17:24:09.343+0300][560.126s][info][gc,stats    ]    Subphase: Pause Weak Roots JFRWeak                      0.000 / 0.000         0.005 / 0.021         0.005 / 0.021         0.005 / 0.021       ms
[2021-02-13T17:24:09.343+0300][560.126s][info][gc,stats    ]    Subphase: Pause Weak Roots JVMTIWeakExport              0.000 / 0.000         0.001 / 0.005         0.001 / 0.005         0.001 / 0.005       ms
[2021-02-13T17:24:09.343+0300][560.126s][info][gc,stats    ]    Subphase: Pause Weak Roots Setup                        0.000 / 0.000         0.000 / 0.000         0.000 / 0.000         0.000 / 0.000       ms
[2021-02-13T17:24:09.343+0300][560.126s][info][gc,stats    ]    Subphase: Pause Weak Roots Teardown                     0.000 / 0.000         0.000 / 0.000         0.000 / 0.000         0.000 / 0.000       ms
[2021-02-13T17:24:09.343+0300][560.126s][info][gc,stats    ]      System: Java Threads                                      0 / 0                16 / 16               16 / 16               16 / 16          threads
[2021-02-13T17:24:09.343+0300][560.126s][info][gc,stats    ] =========================================================================================================================================================
[2021-02-13T17:24:19.342+0300][570.124s][info][gc,stats    ] === Garbage Collection Statistics =======================================================================================================================
[2021-02-13T17:24:19.342+0300][570.124s][info][gc,stats    ]                                                              Last 10s              Last 10m              Last 10h                Total
[2021-02-13T17:24:19.342+0300][570.124s][info][gc,stats    ]                                                              Avg / Max             Avg / Max             Avg / Max             Avg / Max
[2021-02-13T17:24:19.342+0300][570.124s][info][gc,stats    ]   Collector: Garbage Collection Cycle                      0.000 / 0.000       313.531 / 473.762     313.531 / 473.762     313.531 / 473.762     ms
[2021-02-13T17:24:19.342+0300][570.124s][info][gc,stats    ]  Contention: Mark Segment Reset Contention                     0 / 0                 0 / 0                 0 / 0                 0 / 0           ops/s
[2021-02-13T17:24:19.342+0300][570.124s][info][gc,stats    ]  Contention: Mark SeqNum Reset Contention                      0 / 0                 0 / 0                 0 / 0                 0 / 0           ops/s
[2021-02-13T17:24:19.342+0300][570.124s][info][gc,stats    ]  Contention: Relocation Contention                             0 / 0                 1 / 752               1 / 752               1 / 752         ops/s
[2021-02-13T17:24:19.342+0300][570.124s][info][gc,stats    ]    Critical: Allocation Stall                              0.000 / 0.000         0.000 / 0.000         0.000 / 0.000         0.000 / 0.000       ms
[2021-02-13T17:24:19.342+0300][570.124s][info][gc,stats    ]    Critical: Allocation Stall                                  0 / 0                 0 / 0                 0 / 0                 0 / 0           ops/s
[2021-02-13T17:24:19.342+0300][570.124s][info][gc,stats    ]    Critical: GC Locker Stall                               0.000 / 0.000         0.000 / 0.000         0.000 / 0.000         0.000 / 0.000       ms
[2021-02-13T17:24:19.342+0300][570.124s][info][gc,stats    ]    Critical: GC Locker Stall                                   0 / 0                 0 / 0                 0 / 0                 0 / 0           ops/s
[2021-02-13T17:24:19.342+0300][570.124s][info][gc,stats    ]      Memory: Allocation Rate                                   0 / 0                 2 / 1082              2 / 1082              2 / 1082        MB/s
[2021-02-13T17:24:19.342+0300][570.124s][info][gc,stats    ]      Memory: Heap Used After Mark                              0 / 0               243 / 326             243 / 326             243 / 326         MB
[2021-02-13T17:24:19.342+0300][570.124s][info][gc,stats    ]      Memory: Heap Used After Relocation                        0 / 0               157 / 238             157 / 238             157 / 238         MB
[2021-02-13T17:24:19.342+0300][570.124s][info][gc,stats    ]      Memory: Heap Used Before Mark                             0 / 0               242 / 324             242 / 324             242 / 324         MB
[2021-02-13T17:24:19.342+0300][570.124s][info][gc,stats    ]      Memory: Heap Used Before Relocation                       0 / 0               219 / 300             219 / 300             219 / 300         MB
[2021-02-13T17:24:19.342+0300][570.124s][info][gc,stats    ]      Memory: Out Of Memory                                     0 / 0                 0 / 0                 0 / 0                 0 / 0           ops/s
[2021-02-13T17:24:19.342+0300][570.124s][info][gc,stats    ]      Memory: Page Cache Flush                                  0 / 0                 0 / 0                 0 / 0                 0 / 0           MB/s
[2021-02-13T17:24:19.342+0300][570.124s][info][gc,stats    ]      Memory: Page Cache Hit L1                                 0 / 0                 0 / 11                0 / 11                0 / 11          ops/s
[2021-02-13T17:24:19.342+0300][570.124s][info][gc,stats    ]      Memory: Page Cache Hit L2                                 0 / 0                 0 / 0                 0 / 0                 0 / 0           ops/s
[2021-02-13T17:24:19.342+0300][570.124s][info][gc,stats    ]      Memory: Page Cache Hit L3                                 0 / 0                 0 / 14                0 / 14                0 / 14          ops/s
[2021-02-13T17:24:19.342+0300][570.124s][info][gc,stats    ]      Memory: Page Cache Miss                                   0 / 0                 0 / 0                 0 / 0                 0 / 0           ops/s
[2021-02-13T17:24:19.342+0300][570.124s][info][gc,stats    ]      Memory: Uncommit                                          0 / 0                 0 / 0                 0 / 0                 0 / 0           MB/s
[2021-02-13T17:24:19.342+0300][570.124s][info][gc,stats    ]      Memory: Undo Object Allocation Failed                     0 / 0                 0 / 0                 0 / 0                 0 / 0           ops/s
[2021-02-13T17:24:19.342+0300][570.124s][info][gc,stats    ]      Memory: Undo Object Allocation Succeeded                  0 / 0                 1 / 752               1 / 752               1 / 752         ops/s
[2021-02-13T17:24:19.342+0300][570.124s][info][gc,stats    ]      Memory: Undo Page Allocation                              0 / 0                 0 / 0                 0 / 0                 0 / 0           ops/s
[2021-02-13T17:24:19.342+0300][570.124s][info][gc,stats    ]       Phase: Concurrent Mark                               0.000 / 0.000       278.406 / 420.629     278.406 / 420.629     278.406 / 420.629     ms
[2021-02-13T17:24:19.342+0300][570.124s][info][gc,stats    ]       Phase: Concurrent Mark Continue                      0.000 / 0.000         0.000 / 0.000         0.000 / 0.000         0.000 / 0.000       ms
[2021-02-13T17:24:19.342+0300][570.124s][info][gc,stats    ]       Phase: Concurrent Process Non-Strong References      0.000 / 0.000         2.773 / 3.555         2.773 / 3.555         2.773 / 3.555       ms
[2021-02-13T17:24:19.342+0300][570.124s][info][gc,stats    ]       Phase: Concurrent Relocate                           0.000 / 0.000        16.980 / 18.109       16.980 / 18.109       16.980 / 18.109      ms
[2021-02-13T17:24:19.342+0300][570.124s][info][gc,stats    ]       Phase: Concurrent Reset Relocation Set               0.000 / 0.000         0.609 / 0.958         0.609 / 0.958         0.609 / 0.958       ms
[2021-02-13T17:24:19.342+0300][570.124s][info][gc,stats    ]       Phase: Concurrent Select Relocation Set              0.000 / 0.000         6.389 / 9.944         6.389 / 9.944         6.389 / 9.944       ms
[2021-02-13T17:24:19.342+0300][570.124s][info][gc,stats    ]       Phase: Pause Mark End                                0.000 / 0.000         0.256 / 0.286         0.256 / 0.286         0.256 / 0.286       ms
[2021-02-13T17:24:19.342+0300][570.124s][info][gc,stats    ]       Phase: Pause Mark Start                              0.000 / 0.000         0.317 / 0.836         0.317 / 0.836         0.317 / 0.836       ms
[2021-02-13T17:24:19.342+0300][570.124s][info][gc,stats    ]       Phase: Pause Relocate Start                          0.000 / 0.000         0.175 / 0.202         0.175 / 0.202         0.175 / 0.202       ms
[2021-02-13T17:24:19.342+0300][570.124s][info][gc,stats    ]    Subphase: Concurrent Classes Purge                      0.000 / 0.000         0.124 / 0.138         0.124 / 0.138         0.124 / 0.138       ms
[2021-02-13T17:24:19.342+0300][570.124s][info][gc,stats    ]    Subphase: Concurrent Classes Unlink                     0.000 / 0.000         1.483 / 1.974         1.483 / 1.974         1.483 / 1.974       ms
[2021-02-13T17:24:19.342+0300][570.124s][info][gc,stats    ]    Subphase: Concurrent Mark                               0.000 / 0.000       278.105 / 420.320     278.105 / 420.320     278.105 / 420.320     ms
[2021-02-13T17:24:19.342+0300][570.124s][info][gc,stats    ]    Subphase: Concurrent Mark Idle                          0.000 / 0.000         0.000 / 0.000         0.000 / 0.000         0.000 / 0.000       ms
[2021-02-13T17:24:19.342+0300][570.124s][info][gc,stats    ]    Subphase: Concurrent Mark Try Flush                     0.000 / 0.000         0.529 / 1.047         0.529 / 1.047         0.529 / 1.047       ms
[2021-02-13T17:24:19.342+0300][570.124s][info][gc,stats    ]    Subphase: Concurrent Mark Try Terminate                 0.000 / 0.000         0.331 / 1.048         0.331 / 1.048         0.331 / 1.048       ms
[2021-02-13T17:24:19.342+0300][570.124s][info][gc,stats    ]    Subphase: Concurrent References Enqueue                 0.000 / 0.000         0.003 / 0.004         0.003 / 0.004         0.003 / 0.004       ms
[2021-02-13T17:24:19.342+0300][570.124s][info][gc,stats    ]    Subphase: Concurrent References Process                 0.000 / 0.000         0.122 / 0.143         0.122 / 0.143         0.122 / 0.143       ms
[2021-02-13T17:24:19.342+0300][570.124s][info][gc,stats    ]    Subphase: Concurrent Roots                              0.000 / 0.000         0.130 / 0.182         0.130 / 0.182         0.130 / 0.182       ms
[2021-02-13T17:24:19.342+0300][570.125s][info][gc,stats    ]    Subphase: Concurrent Roots ClassLoaderDataGraph         0.000 / 0.000         0.119 / 0.169         0.119 / 0.169         0.119 / 0.169       ms
[2021-02-13T17:24:19.342+0300][570.125s][info][gc,stats    ]    Subphase: Concurrent Roots JNIHandles                   0.000 / 0.000         0.005 / 0.008         0.005 / 0.008         0.005 / 0.008       ms
[2021-02-13T17:24:19.342+0300][570.125s][info][gc,stats    ]    Subphase: Concurrent Roots Setup                        0.000 / 0.000         0.007 / 0.008         0.007 / 0.008         0.007 / 0.008       ms
[2021-02-13T17:24:19.342+0300][570.125s][info][gc,stats    ]    Subphase: Concurrent Roots Teardown                     0.000 / 0.000         0.000 / 0.000         0.000 / 0.000         0.000 / 0.000       ms
[2021-02-13T17:24:19.342+0300][570.125s][info][gc,stats    ]    Subphase: Concurrent Roots VMHandles                    0.000 / 0.000         0.004 / 0.006         0.004 / 0.006         0.004 / 0.006       ms
[2021-02-13T17:24:19.342+0300][570.125s][info][gc,stats    ]    Subphase: Concurrent Weak Roots                         0.000 / 0.000         0.408 / 0.580         0.408 / 0.580         0.408 / 0.580       ms
[2021-02-13T17:24:19.342+0300][570.125s][info][gc,stats    ]    Subphase: Concurrent Weak Roots JNIWeakHandles          0.000 / 0.000         0.000 / 0.000         0.000 / 0.000         0.000 / 0.000       ms
[2021-02-13T17:24:19.342+0300][570.125s][info][gc,stats    ]    Subphase: Concurrent Weak Roots ResolvedMethodTable     0.000 / 0.000         0.027 / 0.042         0.027 / 0.042         0.027 / 0.042       ms
[2021-02-13T17:24:19.342+0300][570.125s][info][gc,stats    ]    Subphase: Concurrent Weak Roots StringTable             0.000 / 0.000         0.367 / 0.521         0.367 / 0.521         0.367 / 0.521       ms
[2021-02-13T17:24:19.342+0300][570.125s][info][gc,stats    ]    Subphase: Concurrent Weak Roots VMWeakHandles           0.000 / 0.000         0.012 / 0.015         0.012 / 0.015         0.012 / 0.015       ms
[2021-02-13T17:24:19.342+0300][570.125s][info][gc,stats    ]    Subphase: Pause Mark Try Complete                       0.000 / 0.000         0.035 / 0.051         0.035 / 0.051         0.035 / 0.051       ms
[2021-02-13T17:24:19.342+0300][570.125s][info][gc,stats    ]    Subphase: Pause Roots                                   0.000 / 0.000         0.071 / 0.374         0.071 / 0.374         0.071 / 0.374       ms
[2021-02-13T17:24:19.342+0300][570.125s][info][gc,stats    ]    Subphase: Pause Roots CodeCache                         0.000 / 0.000         0.000 / 0.000         0.000 / 0.000         0.000 / 0.000       ms
[2021-02-13T17:24:19.342+0300][570.125s][info][gc,stats    ]    Subphase: Pause Roots JVMTIExport                       0.000 / 0.000         0.001 / 0.003         0.001 / 0.003         0.001 / 0.003       ms
[2021-02-13T17:24:19.342+0300][570.125s][info][gc,stats    ]    Subphase: Pause Roots JVMTIWeakExport                   0.000 / 0.000         0.004 / 0.013         0.004 / 0.013         0.004 / 0.013       ms
[2021-02-13T17:24:19.342+0300][570.125s][info][gc,stats    ]    Subphase: Pause Roots Java Threads                      0.000 / 0.000         0.064 / 0.373         0.064 / 0.373         0.064 / 0.373       ms
[2021-02-13T17:24:19.342+0300][570.125s][info][gc,stats    ]    Subphase: Pause Roots Management                        0.000 / 0.000         0.006 / 0.025         0.006 / 0.025         0.006 / 0.025       ms
[2021-02-13T17:24:19.342+0300][570.125s][info][gc,stats    ]    Subphase: Pause Roots ObjectSynchronizer                0.000 / 0.000         0.000 / 0.000         0.000 / 0.000         0.000 / 0.000       ms
[2021-02-13T17:24:19.342+0300][570.125s][info][gc,stats    ]    Subphase: Pause Roots Setup                             0.000 / 0.000         0.000 / 0.001         0.000 / 0.001         0.000 / 0.001       ms
[2021-02-13T17:24:19.342+0300][570.125s][info][gc,stats    ]    Subphase: Pause Roots Teardown                          0.000 / 0.000         0.001 / 0.002         0.001 / 0.002         0.001 / 0.002       ms
[2021-02-13T17:24:19.342+0300][570.125s][info][gc,stats    ]    Subphase: Pause Roots Universe                          0.000 / 0.000         0.010 / 0.027         0.010 / 0.027         0.010 / 0.027       ms
[2021-02-13T17:24:19.342+0300][570.125s][info][gc,stats    ]    Subphase: Pause Roots VM Thread                         0.000 / 0.000         0.004 / 0.028         0.004 / 0.028         0.004 / 0.028       ms
[2021-02-13T17:24:19.342+0300][570.125s][info][gc,stats    ]    Subphase: Pause Weak Roots                              0.000 / 0.000         0.002 / 0.022         0.002 / 0.022         0.002 / 0.022       ms
[2021-02-13T17:24:19.342+0300][570.125s][info][gc,stats    ]    Subphase: Pause Weak Roots JFRWeak                      0.000 / 0.000         0.005 / 0.021         0.005 / 0.021         0.005 / 0.021       ms
[2021-02-13T17:24:19.342+0300][570.125s][info][gc,stats    ]    Subphase: Pause Weak Roots JVMTIWeakExport              0.000 / 0.000         0.001 / 0.005         0.001 / 0.005         0.001 / 0.005       ms
[2021-02-13T17:24:19.342+0300][570.125s][info][gc,stats    ]    Subphase: Pause Weak Roots Setup                        0.000 / 0.000         0.000 / 0.000         0.000 / 0.000         0.000 / 0.000       ms
[2021-02-13T17:24:19.343+0300][570.125s][info][gc,stats    ]    Subphase: Pause Weak Roots Teardown                     0.000 / 0.000         0.000 / 0.000         0.000 / 0.000         0.000 / 0.000       ms
[2021-02-13T17:24:19.343+0300][570.125s][info][gc,stats    ]      System: Java Threads                                      0 / 0                16 / 16               16 / 16               16 / 16          threads
[2021-02-13T17:24:19.343+0300][570.125s][info][gc,stats    ] =========================================================================================================================================================
[2021-02-13T17:24:29.342+0300][580.124s][info][gc,stats    ] === Garbage Collection Statistics =======================================================================================================================
[2021-02-13T17:24:29.342+0300][580.124s][info][gc,stats    ]                                                              Last 10s              Last 10m              Last 10h                Total
[2021-02-13T17:24:29.342+0300][580.124s][info][gc,stats    ]                                                              Avg / Max             Avg / Max             Avg / Max             Avg / Max
[2021-02-13T17:24:29.342+0300][580.124s][info][gc,stats    ]   Collector: Garbage Collection Cycle                      0.000 / 0.000       313.531 / 473.762     313.531 / 473.762     313.531 / 473.762     ms
[2021-02-13T17:24:29.342+0300][580.124s][info][gc,stats    ]  Contention: Mark Segment Reset Contention                     0 / 0                 0 / 0                 0 / 0                 0 / 0           ops/s
[2021-02-13T17:24:29.342+0300][580.124s][info][gc,stats    ]  Contention: Mark SeqNum Reset Contention                      0 / 0                 0 / 0                 0 / 0                 0 / 0           ops/s
[2021-02-13T17:24:29.342+0300][580.124s][info][gc,stats    ]  Contention: Relocation Contention                             0 / 0                 1 / 752               1 / 752               1 / 752         ops/s
[2021-02-13T17:24:29.342+0300][580.124s][info][gc,stats    ]    Critical: Allocation Stall                              0.000 / 0.000         0.000 / 0.000         0.000 / 0.000         0.000 / 0.000       ms
[2021-02-13T17:24:29.342+0300][580.124s][info][gc,stats    ]    Critical: Allocation Stall                                  0 / 0                 0 / 0                 0 / 0                 0 / 0           ops/s
[2021-02-13T17:24:29.342+0300][580.124s][info][gc,stats    ]    Critical: GC Locker Stall                               0.000 / 0.000         0.000 / 0.000         0.000 / 0.000         0.000 / 0.000       ms
[2021-02-13T17:24:29.342+0300][580.124s][info][gc,stats    ]    Critical: GC Locker Stall                                   0 / 0                 0 / 0                 0 / 0                 0 / 0           ops/s
[2021-02-13T17:24:29.342+0300][580.124s][info][gc,stats    ]      Memory: Allocation Rate                                   0 / 2                 2 / 1082              2 / 1082              2 / 1082        MB/s
[2021-02-13T17:24:29.342+0300][580.124s][info][gc,stats    ]      Memory: Heap Used After Mark                              0 / 0               243 / 326             243 / 326             243 / 326         MB
[2021-02-13T17:24:29.342+0300][580.124s][info][gc,stats    ]      Memory: Heap Used After Relocation                        0 / 0               157 / 238             157 / 238             157 / 238         MB
[2021-02-13T17:24:29.342+0300][580.124s][info][gc,stats    ]      Memory: Heap Used Before Mark                             0 / 0               242 / 324             242 / 324             242 / 324         MB
[2021-02-13T17:24:29.342+0300][580.124s][info][gc,stats    ]      Memory: Heap Used Before Relocation                       0 / 0               219 / 300             219 / 300             219 / 300         MB
[2021-02-13T17:24:29.342+0300][580.124s][info][gc,stats    ]      Memory: Out Of Memory                                     0 / 0                 0 / 0                 0 / 0                 0 / 0           ops/s
[2021-02-13T17:24:29.342+0300][580.124s][info][gc,stats    ]      Memory: Page Cache Flush                                  0 / 0                 0 / 0                 0 / 0                 0 / 0           MB/s
[2021-02-13T17:24:29.342+0300][580.124s][info][gc,stats    ]      Memory: Page Cache Hit L1                                 0 / 1                 0 / 11                0 / 11                0 / 11          ops/s
[2021-02-13T17:24:29.342+0300][580.124s][info][gc,stats    ]      Memory: Page Cache Hit L2                                 0 / 0                 0 / 0                 0 / 0                 0 / 0           ops/s
[2021-02-13T17:24:29.342+0300][580.124s][info][gc,stats    ]      Memory: Page Cache Hit L3                                 0 / 0                 0 / 14                0 / 14                0 / 14          ops/s
[2021-02-13T17:24:29.342+0300][580.124s][info][gc,stats    ]      Memory: Page Cache Miss                                   0 / 0                 0 / 0                 0 / 0                 0 / 0           ops/s
[2021-02-13T17:24:29.342+0300][580.124s][info][gc,stats    ]      Memory: Uncommit                                          0 / 0                 0 / 0                 0 / 0                 0 / 0           MB/s
[2021-02-13T17:24:29.342+0300][580.124s][info][gc,stats    ]      Memory: Undo Object Allocation Failed                     0 / 0                 0 / 0                 0 / 0                 0 / 0           ops/s
[2021-02-13T17:24:29.342+0300][580.124s][info][gc,stats    ]      Memory: Undo Object Allocation Succeeded                  0 / 0                 1 / 752               1 / 752               1 / 752         ops/s
[2021-02-13T17:24:29.342+0300][580.124s][info][gc,stats    ]      Memory: Undo Page Allocation                              0 / 0                 0 / 0                 0 / 0                 0 / 0           ops/s
[2021-02-13T17:24:29.342+0300][580.124s][info][gc,stats    ]       Phase: Concurrent Mark                               0.000 / 0.000       278.406 / 420.629     278.406 / 420.629     278.406 / 420.629     ms
[2021-02-13T17:24:29.342+0300][580.124s][info][gc,stats    ]       Phase: Concurrent Mark Continue                      0.000 / 0.000         0.000 / 0.000         0.000 / 0.000         0.000 / 0.000       ms
[2021-02-13T17:24:29.342+0300][580.124s][info][gc,stats    ]       Phase: Concurrent Process Non-Strong References      0.000 / 0.000         2.773 / 3.555         2.773 / 3.555         2.773 / 3.555       ms
[2021-02-13T17:24:29.342+0300][580.124s][info][gc,stats    ]       Phase: Concurrent Relocate                           0.000 / 0.000        16.980 / 18.109       16.980 / 18.109       16.980 / 18.109      ms
[2021-02-13T17:24:29.342+0300][580.124s][info][gc,stats    ]       Phase: Concurrent Reset Relocation Set               0.000 / 0.000         0.609 / 0.958         0.609 / 0.958         0.609 / 0.958       ms
[2021-02-13T17:24:29.342+0300][580.124s][info][gc,stats    ]       Phase: Concurrent Select Relocation Set              0.000 / 0.000         6.389 / 9.944         6.389 / 9.944         6.389 / 9.944       ms
[2021-02-13T17:24:29.342+0300][580.124s][info][gc,stats    ]       Phase: Pause Mark End                                0.000 / 0.000         0.256 / 0.286         0.256 / 0.286         0.256 / 0.286       ms
[2021-02-13T17:24:29.342+0300][580.124s][info][gc,stats    ]       Phase: Pause Mark Start                              0.000 / 0.000         0.317 / 0.836         0.317 / 0.836         0.317 / 0.836       ms
[2021-02-13T17:24:29.342+0300][580.124s][info][gc,stats    ]       Phase: Pause Relocate Start                          0.000 / 0.000         0.175 / 0.202         0.175 / 0.202         0.175 / 0.202       ms
[2021-02-13T17:24:29.342+0300][580.124s][info][gc,stats    ]    Subphase: Concurrent Classes Purge                      0.000 / 0.000         0.124 / 0.138         0.124 / 0.138         0.124 / 0.138       ms
[2021-02-13T17:24:29.342+0300][580.124s][info][gc,stats    ]    Subphase: Concurrent Classes Unlink                     0.000 / 0.000         1.483 / 1.974         1.483 / 1.974         1.483 / 1.974       ms
[2021-02-13T17:24:29.342+0300][580.124s][info][gc,stats    ]    Subphase: Concurrent Mark                               0.000 / 0.000       278.105 / 420.320     278.105 / 420.320     278.105 / 420.320     ms
[2021-02-13T17:24:29.342+0300][580.124s][info][gc,stats    ]    Subphase: Concurrent Mark Idle                          0.000 / 0.000         0.000 / 0.000         0.000 / 0.000         0.000 / 0.000       ms
[2021-02-13T17:24:29.342+0300][580.124s][info][gc,stats    ]    Subphase: Concurrent Mark Try Flush                     0.000 / 0.000         0.529 / 1.047         0.529 / 1.047         0.529 / 1.047       ms
[2021-02-13T17:24:29.342+0300][580.124s][info][gc,stats    ]    Subphase: Concurrent Mark Try Terminate                 0.000 / 0.000         0.331 / 1.048         0.331 / 1.048         0.331 / 1.048       ms
[2021-02-13T17:24:29.342+0300][580.124s][info][gc,stats    ]    Subphase: Concurrent References Enqueue                 0.000 / 0.000         0.003 / 0.004         0.003 / 0.004         0.003 / 0.004       ms
[2021-02-13T17:24:29.342+0300][580.124s][info][gc,stats    ]    Subphase: Concurrent References Process                 0.000 / 0.000         0.122 / 0.143         0.122 / 0.143         0.122 / 0.143       ms
[2021-02-13T17:24:29.342+0300][580.124s][info][gc,stats    ]    Subphase: Concurrent Roots                              0.000 / 0.000         0.130 / 0.182         0.130 / 0.182         0.130 / 0.182       ms
[2021-02-13T17:24:29.342+0300][580.124s][info][gc,stats    ]    Subphase: Concurrent Roots ClassLoaderDataGraph         0.000 / 0.000         0.119 / 0.169         0.119 / 0.169         0.119 / 0.169       ms
[2021-02-13T17:24:29.342+0300][580.124s][info][gc,stats    ]    Subphase: Concurrent Roots JNIHandles                   0.000 / 0.000         0.005 / 0.008         0.005 / 0.008         0.005 / 0.008       ms
[2021-02-13T17:24:29.342+0300][580.124s][info][gc,stats    ]    Subphase: Concurrent Roots Setup                        0.000 / 0.000         0.007 / 0.008         0.007 / 0.008         0.007 / 0.008       ms
[2021-02-13T17:24:29.342+0300][580.124s][info][gc,stats    ]    Subphase: Concurrent Roots Teardown                     0.000 / 0.000         0.000 / 0.000         0.000 / 0.000         0.000 / 0.000       ms
[2021-02-13T17:24:29.342+0300][580.125s][info][gc,stats    ]    Subphase: Concurrent Roots VMHandles                    0.000 / 0.000         0.004 / 0.006         0.004 / 0.006         0.004 / 0.006       ms
[2021-02-13T17:24:29.342+0300][580.125s][info][gc,stats    ]    Subphase: Concurrent Weak Roots                         0.000 / 0.000         0.408 / 0.580         0.408 / 0.580         0.408 / 0.580       ms
[2021-02-13T17:24:29.342+0300][580.125s][info][gc,stats    ]    Subphase: Concurrent Weak Roots JNIWeakHandles          0.000 / 0.000         0.000 / 0.000         0.000 / 0.000         0.000 / 0.000       ms
[2021-02-13T17:24:29.342+0300][580.125s][info][gc,stats    ]    Subphase: Concurrent Weak Roots ResolvedMethodTable     0.000 / 0.000         0.027 / 0.042         0.027 / 0.042         0.027 / 0.042       ms
[2021-02-13T17:24:29.342+0300][580.125s][info][gc,stats    ]    Subphase: Concurrent Weak Roots StringTable             0.000 / 0.000         0.367 / 0.521         0.367 / 0.521         0.367 / 0.521       ms
[2021-02-13T17:24:29.342+0300][580.125s][info][gc,stats    ]    Subphase: Concurrent Weak Roots VMWeakHandles           0.000 / 0.000         0.012 / 0.015         0.012 / 0.015         0.012 / 0.015       ms
[2021-02-13T17:24:29.342+0300][580.125s][info][gc,stats    ]    Subphase: Pause Mark Try Complete                       0.000 / 0.000         0.035 / 0.051         0.035 / 0.051         0.035 / 0.051       ms
[2021-02-13T17:24:29.342+0300][580.125s][info][gc,stats    ]    Subphase: Pause Roots                                   0.000 / 0.000         0.071 / 0.374         0.071 / 0.374         0.071 / 0.374       ms
[2021-02-13T17:24:29.342+0300][580.125s][info][gc,stats    ]    Subphase: Pause Roots CodeCache                         0.000 / 0.000         0.000 / 0.000         0.000 / 0.000         0.000 / 0.000       ms
[2021-02-13T17:24:29.342+0300][580.125s][info][gc,stats    ]    Subphase: Pause Roots JVMTIExport                       0.000 / 0.000         0.001 / 0.003         0.001 / 0.003         0.001 / 0.003       ms
[2021-02-13T17:24:29.342+0300][580.125s][info][gc,stats    ]    Subphase: Pause Roots JVMTIWeakExport                   0.000 / 0.000         0.004 / 0.013         0.004 / 0.013         0.004 / 0.013       ms
[2021-02-13T17:24:29.342+0300][580.125s][info][gc,stats    ]    Subphase: Pause Roots Java Threads                      0.000 / 0.000         0.064 / 0.373         0.064 / 0.373         0.064 / 0.373       ms
[2021-02-13T17:24:29.342+0300][580.125s][info][gc,stats    ]    Subphase: Pause Roots Management                        0.000 / 0.000         0.006 / 0.025         0.006 / 0.025         0.006 / 0.025       ms
[2021-02-13T17:24:29.342+0300][580.125s][info][gc,stats    ]    Subphase: Pause Roots ObjectSynchronizer                0.000 / 0.000         0.000 / 0.000         0.000 / 0.000         0.000 / 0.000       ms
[2021-02-13T17:24:29.342+0300][580.125s][info][gc,stats    ]    Subphase: Pause Roots Setup                             0.000 / 0.000         0.000 / 0.001         0.000 / 0.001         0.000 / 0.001       ms
[2021-02-13T17:24:29.342+0300][580.125s][info][gc,stats    ]    Subphase: Pause Roots Teardown                          0.000 / 0.000         0.001 / 0.002         0.001 / 0.002         0.001 / 0.002       ms
[2021-02-13T17:24:29.342+0300][580.125s][info][gc,stats    ]    Subphase: Pause Roots Universe                          0.000 / 0.000         0.010 / 0.027         0.010 / 0.027         0.010 / 0.027       ms
[2021-02-13T17:24:29.342+0300][580.125s][info][gc,stats    ]    Subphase: Pause Roots VM Thread                         0.000 / 0.000         0.004 / 0.028         0.004 / 0.028         0.004 / 0.028       ms
[2021-02-13T17:24:29.342+0300][580.125s][info][gc,stats    ]    Subphase: Pause Weak Roots                              0.000 / 0.000         0.002 / 0.022         0.002 / 0.022         0.002 / 0.022       ms
[2021-02-13T17:24:29.342+0300][580.125s][info][gc,stats    ]    Subphase: Pause Weak Roots JFRWeak                      0.000 / 0.000         0.005 / 0.021         0.005 / 0.021         0.005 / 0.021       ms
[2021-02-13T17:24:29.342+0300][580.125s][info][gc,stats    ]    Subphase: Pause Weak Roots JVMTIWeakExport              0.000 / 0.000         0.001 / 0.005         0.001 / 0.005         0.001 / 0.005       ms
[2021-02-13T17:24:29.342+0300][580.125s][info][gc,stats    ]    Subphase: Pause Weak Roots Setup                        0.000 / 0.000         0.000 / 0.000         0.000 / 0.000         0.000 / 0.000       ms
[2021-02-13T17:24:29.342+0300][580.125s][info][gc,stats    ]    Subphase: Pause Weak Roots Teardown                     0.000 / 0.000         0.000 / 0.000         0.000 / 0.000         0.000 / 0.000       ms
[2021-02-13T17:24:29.342+0300][580.125s][info][gc,stats    ]      System: Java Threads                                      0 / 0                16 / 16               16 / 16               16 / 16          threads
[2021-02-13T17:24:29.342+0300][580.125s][info][gc,stats    ] =========================================================================================================================================================
[2021-02-13T17:24:39.343+0300][590.125s][info][gc,stats    ] === Garbage Collection Statistics =======================================================================================================================
[2021-02-13T17:24:39.343+0300][590.125s][info][gc,stats    ]                                                              Last 10s              Last 10m              Last 10h                Total
[2021-02-13T17:24:39.343+0300][590.125s][info][gc,stats    ]                                                              Avg / Max             Avg / Max             Avg / Max             Avg / Max
[2021-02-13T17:24:39.343+0300][590.125s][info][gc,stats    ]   Collector: Garbage Collection Cycle                      0.000 / 0.000       313.531 / 473.762     313.531 / 473.762     313.531 / 473.762     ms
[2021-02-13T17:24:39.343+0300][590.125s][info][gc,stats    ]  Contention: Mark Segment Reset Contention                     0 / 0                 0 / 0                 0 / 0                 0 / 0           ops/s
[2021-02-13T17:24:39.343+0300][590.125s][info][gc,stats    ]  Contention: Mark SeqNum Reset Contention                      0 / 0                 0 / 0                 0 / 0                 0 / 0           ops/s
[2021-02-13T17:24:39.343+0300][590.125s][info][gc,stats    ]  Contention: Relocation Contention                             0 / 0                 1 / 752               1 / 752               1 / 752         ops/s
[2021-02-13T17:24:39.343+0300][590.125s][info][gc,stats    ]    Critical: Allocation Stall                              0.000 / 0.000         0.000 / 0.000         0.000 / 0.000         0.000 / 0.000       ms
[2021-02-13T17:24:39.343+0300][590.125s][info][gc,stats    ]    Critical: Allocation Stall                                  0 / 0                 0 / 0                 0 / 0                 0 / 0           ops/s
[2021-02-13T17:24:39.343+0300][590.125s][info][gc,stats    ]    Critical: GC Locker Stall                               0.000 / 0.000         0.000 / 0.000         0.000 / 0.000         0.000 / 0.000       ms
[2021-02-13T17:24:39.343+0300][590.125s][info][gc,stats    ]    Critical: GC Locker Stall                                   0 / 0                 0 / 0                 0 / 0                 0 / 0           ops/s
[2021-02-13T17:24:39.343+0300][590.125s][info][gc,stats    ]      Memory: Allocation Rate                                   0 / 2                 2 / 1082              2 / 1082              2 / 1082        MB/s
[2021-02-13T17:24:39.343+0300][590.125s][info][gc,stats    ]      Memory: Heap Used After Mark                              0 / 0               243 / 326             243 / 326             243 / 326         MB
[2021-02-13T17:24:39.343+0300][590.125s][info][gc,stats    ]      Memory: Heap Used After Relocation                        0 / 0               157 / 238             157 / 238             157 / 238         MB
[2021-02-13T17:24:39.343+0300][590.125s][info][gc,stats    ]      Memory: Heap Used Before Mark                             0 / 0               242 / 324             242 / 324             242 / 324         MB
[2021-02-13T17:24:39.343+0300][590.125s][info][gc,stats    ]      Memory: Heap Used Before Relocation                       0 / 0               219 / 300             219 / 300             219 / 300         MB
[2021-02-13T17:24:39.343+0300][590.125s][info][gc,stats    ]      Memory: Out Of Memory                                     0 / 0                 0 / 0                 0 / 0                 0 / 0           ops/s
[2021-02-13T17:24:39.343+0300][590.125s][info][gc,stats    ]      Memory: Page Cache Flush                                  0 / 0                 0 / 0                 0 / 0                 0 / 0           MB/s
[2021-02-13T17:24:39.343+0300][590.125s][info][gc,stats    ]      Memory: Page Cache Hit L1                                 0 / 1                 0 / 11                0 / 11                0 / 11          ops/s
[2021-02-13T17:24:39.343+0300][590.125s][info][gc,stats    ]      Memory: Page Cache Hit L2                                 0 / 0                 0 / 0                 0 / 0                 0 / 0           ops/s
[2021-02-13T17:24:39.343+0300][590.125s][info][gc,stats    ]      Memory: Page Cache Hit L3                                 0 / 0                 0 / 14                0 / 14                0 / 14          ops/s
[2021-02-13T17:24:39.343+0300][590.125s][info][gc,stats    ]      Memory: Page Cache Miss                                   0 / 0                 0 / 0                 0 / 0                 0 / 0           ops/s
[2021-02-13T17:24:39.343+0300][590.125s][info][gc,stats    ]      Memory: Uncommit                                          0 / 0                 0 / 0                 0 / 0                 0 / 0           MB/s
[2021-02-13T17:24:39.343+0300][590.125s][info][gc,stats    ]      Memory: Undo Object Allocation Failed                     0 / 0                 0 / 0                 0 / 0                 0 / 0           ops/s
[2021-02-13T17:24:39.343+0300][590.125s][info][gc,stats    ]      Memory: Undo Object Allocation Succeeded                  0 / 0                 1 / 752               1 / 752               1 / 752         ops/s
[2021-02-13T17:24:39.343+0300][590.125s][info][gc,stats    ]      Memory: Undo Page Allocation                              0 / 0                 0 / 0                 0 / 0                 0 / 0           ops/s
[2021-02-13T17:24:39.343+0300][590.125s][info][gc,stats    ]       Phase: Concurrent Mark                               0.000 / 0.000       278.406 / 420.629     278.406 / 420.629     278.406 / 420.629     ms
[2021-02-13T17:24:39.343+0300][590.125s][info][gc,stats    ]       Phase: Concurrent Mark Continue                      0.000 / 0.000         0.000 / 0.000         0.000 / 0.000         0.000 / 0.000       ms
[2021-02-13T17:24:39.343+0300][590.125s][info][gc,stats    ]       Phase: Concurrent Process Non-Strong References      0.000 / 0.000         2.773 / 3.555         2.773 / 3.555         2.773 / 3.555       ms
[2021-02-13T17:24:39.343+0300][590.125s][info][gc,stats    ]       Phase: Concurrent Relocate                           0.000 / 0.000        16.980 / 18.109       16.980 / 18.109       16.980 / 18.109      ms
[2021-02-13T17:24:39.343+0300][590.125s][info][gc,stats    ]       Phase: Concurrent Reset Relocation Set               0.000 / 0.000         0.609 / 0.958         0.609 / 0.958         0.609 / 0.958       ms
[2021-02-13T17:24:39.343+0300][590.125s][info][gc,stats    ]       Phase: Concurrent Select Relocation Set              0.000 / 0.000         6.389 / 9.944         6.389 / 9.944         6.389 / 9.944       ms
[2021-02-13T17:24:39.343+0300][590.125s][info][gc,stats    ]       Phase: Pause Mark End                                0.000 / 0.000         0.256 / 0.286         0.256 / 0.286         0.256 / 0.286       ms
[2021-02-13T17:24:39.343+0300][590.125s][info][gc,stats    ]       Phase: Pause Mark Start                              0.000 / 0.000         0.317 / 0.836         0.317 / 0.836         0.317 / 0.836       ms
[2021-02-13T17:24:39.343+0300][590.125s][info][gc,stats    ]       Phase: Pause Relocate Start                          0.000 / 0.000         0.175 / 0.202         0.175 / 0.202         0.175 / 0.202       ms
[2021-02-13T17:24:39.343+0300][590.125s][info][gc,stats    ]    Subphase: Concurrent Classes Purge                      0.000 / 0.000         0.124 / 0.138         0.124 / 0.138         0.124 / 0.138       ms
[2021-02-13T17:24:39.343+0300][590.125s][info][gc,stats    ]    Subphase: Concurrent Classes Unlink                     0.000 / 0.000         1.483 / 1.974         1.483 / 1.974         1.483 / 1.974       ms
[2021-02-13T17:24:39.343+0300][590.125s][info][gc,stats    ]    Subphase: Concurrent Mark                               0.000 / 0.000       278.105 / 420.320     278.105 / 420.320     278.105 / 420.320     ms
[2021-02-13T17:24:39.343+0300][590.125s][info][gc,stats    ]    Subphase: Concurrent Mark Idle                          0.000 / 0.000         0.000 / 0.000         0.000 / 0.000         0.000 / 0.000       ms
[2021-02-13T17:24:39.343+0300][590.125s][info][gc,stats    ]    Subphase: Concurrent Mark Try Flush                     0.000 / 0.000         0.529 / 1.047         0.529 / 1.047         0.529 / 1.047       ms
[2021-02-13T17:24:39.343+0300][590.125s][info][gc,stats    ]    Subphase: Concurrent Mark Try Terminate                 0.000 / 0.000         0.331 / 1.048         0.331 / 1.048         0.331 / 1.048       ms
[2021-02-13T17:24:39.343+0300][590.125s][info][gc,stats    ]    Subphase: Concurrent References Enqueue                 0.000 / 0.000         0.003 / 0.004         0.003 / 0.004         0.003 / 0.004       ms
[2021-02-13T17:24:39.343+0300][590.125s][info][gc,stats    ]    Subphase: Concurrent References Process                 0.000 / 0.000         0.122 / 0.143         0.122 / 0.143         0.122 / 0.143       ms
[2021-02-13T17:24:39.343+0300][590.125s][info][gc,stats    ]    Subphase: Concurrent Roots                              0.000 / 0.000         0.130 / 0.182         0.130 / 0.182         0.130 / 0.182       ms
[2021-02-13T17:24:39.343+0300][590.125s][info][gc,stats    ]    Subphase: Concurrent Roots ClassLoaderDataGraph         0.000 / 0.000         0.119 / 0.169         0.119 / 0.169         0.119 / 0.169       ms
[2021-02-13T17:24:39.343+0300][590.125s][info][gc,stats    ]    Subphase: Concurrent Roots JNIHandles                   0.000 / 0.000         0.005 / 0.008         0.005 / 0.008         0.005 / 0.008       ms
[2021-02-13T17:24:39.343+0300][590.126s][info][gc,stats    ]    Subphase: Concurrent Roots Setup                        0.000 / 0.000         0.007 / 0.008         0.007 / 0.008         0.007 / 0.008       ms
[2021-02-13T17:24:39.343+0300][590.126s][info][gc,stats    ]    Subphase: Concurrent Roots Teardown                     0.000 / 0.000         0.000 / 0.000         0.000 / 0.000         0.000 / 0.000       ms
[2021-02-13T17:24:39.343+0300][590.126s][info][gc,stats    ]    Subphase: Concurrent Roots VMHandles                    0.000 / 0.000         0.004 / 0.006         0.004 / 0.006         0.004 / 0.006       ms
[2021-02-13T17:24:39.343+0300][590.126s][info][gc,stats    ]    Subphase: Concurrent Weak Roots                         0.000 / 0.000         0.408 / 0.580         0.408 / 0.580         0.408 / 0.580       ms
[2021-02-13T17:24:39.343+0300][590.126s][info][gc,stats    ]    Subphase: Concurrent Weak Roots JNIWeakHandles          0.000 / 0.000         0.000 / 0.000         0.000 / 0.000         0.000 / 0.000       ms
[2021-02-13T17:24:39.343+0300][590.126s][info][gc,stats    ]    Subphase: Concurrent Weak Roots ResolvedMethodTable     0.000 / 0.000         0.027 / 0.042         0.027 / 0.042         0.027 / 0.042       ms
[2021-02-13T17:24:39.343+0300][590.126s][info][gc,stats    ]    Subphase: Concurrent Weak Roots StringTable             0.000 / 0.000         0.367 / 0.521         0.367 / 0.521         0.367 / 0.521       ms
[2021-02-13T17:24:39.343+0300][590.126s][info][gc,stats    ]    Subphase: Concurrent Weak Roots VMWeakHandles           0.000 / 0.000         0.012 / 0.015         0.012 / 0.015         0.012 / 0.015       ms
[2021-02-13T17:24:39.343+0300][590.126s][info][gc,stats    ]    Subphase: Pause Mark Try Complete                       0.000 / 0.000         0.035 / 0.051         0.035 / 0.051         0.035 / 0.051       ms
[2021-02-13T17:24:39.343+0300][590.126s][info][gc,stats    ]    Subphase: Pause Roots                                   0.000 / 0.000         0.071 / 0.374         0.071 / 0.374         0.071 / 0.374       ms
[2021-02-13T17:24:39.343+0300][590.126s][info][gc,stats    ]    Subphase: Pause Roots CodeCache                         0.000 / 0.000         0.000 / 0.000         0.000 / 0.000         0.000 / 0.000       ms
[2021-02-13T17:24:39.343+0300][590.126s][info][gc,stats    ]    Subphase: Pause Roots JVMTIExport                       0.000 / 0.000         0.001 / 0.003         0.001 / 0.003         0.001 / 0.003       ms
[2021-02-13T17:24:39.343+0300][590.126s][info][gc,stats    ]    Subphase: Pause Roots JVMTIWeakExport                   0.000 / 0.000         0.004 / 0.013         0.004 / 0.013         0.004 / 0.013       ms
[2021-02-13T17:24:39.343+0300][590.126s][info][gc,stats    ]    Subphase: Pause Roots Java Threads                      0.000 / 0.000         0.064 / 0.373         0.064 / 0.373         0.064 / 0.373       ms
[2021-02-13T17:24:39.343+0300][590.126s][info][gc,stats    ]    Subphase: Pause Roots Management                        0.000 / 0.000         0.006 / 0.025         0.006 / 0.025         0.006 / 0.025       ms
[2021-02-13T17:24:39.343+0300][590.126s][info][gc,stats    ]    Subphase: Pause Roots ObjectSynchronizer                0.000 / 0.000         0.000 / 0.000         0.000 / 0.000         0.000 / 0.000       ms
[2021-02-13T17:24:39.343+0300][590.126s][info][gc,stats    ]    Subphase: Pause Roots Setup                             0.000 / 0.000         0.000 / 0.001         0.000 / 0.001         0.000 / 0.001       ms
[2021-02-13T17:24:39.343+0300][590.126s][info][gc,stats    ]    Subphase: Pause Roots Teardown                          0.000 / 0.000         0.001 / 0.002         0.001 / 0.002         0.001 / 0.002       ms
[2021-02-13T17:24:39.343+0300][590.126s][info][gc,stats    ]    Subphase: Pause Roots Universe                          0.000 / 0.000         0.010 / 0.027         0.010 / 0.027         0.010 / 0.027       ms
[2021-02-13T17:24:39.343+0300][590.126s][info][gc,stats    ]    Subphase: Pause Roots VM Thread                         0.000 / 0.000         0.004 / 0.028         0.004 / 0.028         0.004 / 0.028       ms
[2021-02-13T17:24:39.343+0300][590.126s][info][gc,stats    ]    Subphase: Pause Weak Roots                              0.000 / 0.000         0.002 / 0.022         0.002 / 0.022         0.002 / 0.022       ms
[2021-02-13T17:24:39.343+0300][590.126s][info][gc,stats    ]    Subphase: Pause Weak Roots JFRWeak                      0.000 / 0.000         0.005 / 0.021         0.005 / 0.021         0.005 / 0.021       ms
[2021-02-13T17:24:39.343+0300][590.126s][info][gc,stats    ]    Subphase: Pause Weak Roots JVMTIWeakExport              0.000 / 0.000         0.001 / 0.005         0.001 / 0.005         0.001 / 0.005       ms
[2021-02-13T17:24:39.344+0300][590.126s][info][gc,stats    ]    Subphase: Pause Weak Roots Setup                        0.000 / 0.000         0.000 / 0.000         0.000 / 0.000         0.000 / 0.000       ms
[2021-02-13T17:24:39.344+0300][590.126s][info][gc,stats    ]    Subphase: Pause Weak Roots Teardown                     0.000 / 0.000         0.000 / 0.000         0.000 / 0.000         0.000 / 0.000       ms
[2021-02-13T17:24:39.344+0300][590.126s][info][gc,stats    ]      System: Java Threads                                      0 / 0                16 / 16               16 / 16               16 / 16          threads
[2021-02-13T17:24:39.344+0300][590.126s][info][gc,stats    ] =========================================================================================================================================================
[2021-02-13T17:24:49.343+0300][600.125s][info][gc,stats    ] === Garbage Collection Statistics =======================================================================================================================
[2021-02-13T17:24:49.343+0300][600.125s][info][gc,stats    ]                                                              Last 10s              Last 10m              Last 10h                Total
[2021-02-13T17:24:49.343+0300][600.125s][info][gc,stats    ]                                                              Avg / Max             Avg / Max             Avg / Max             Avg / Max
[2021-02-13T17:24:49.343+0300][600.125s][info][gc,stats    ]   Collector: Garbage Collection Cycle                      0.000 / 0.000       313.531 / 473.762     313.531 / 473.762     313.531 / 473.762     ms
[2021-02-13T17:24:49.343+0300][600.125s][info][gc,stats    ]  Contention: Mark Segment Reset Contention                     0 / 0                 0 / 0                 0 / 0                 0 / 0           ops/s
[2021-02-13T17:24:49.343+0300][600.125s][info][gc,stats    ]  Contention: Mark SeqNum Reset Contention                      0 / 0                 0 / 0                 0 / 0                 0 / 0           ops/s
[2021-02-13T17:24:49.343+0300][600.125s][info][gc,stats    ]  Contention: Relocation Contention                             0 / 0                 1 / 752               1 / 752               1 / 752         ops/s
[2021-02-13T17:24:49.343+0300][600.125s][info][gc,stats    ]    Critical: Allocation Stall                              0.000 / 0.000         0.000 / 0.000         0.000 / 0.000         0.000 / 0.000       ms
[2021-02-13T17:24:49.343+0300][600.125s][info][gc,stats    ]    Critical: Allocation Stall                                  0 / 0                 0 / 0                 0 / 0                 0 / 0           ops/s
[2021-02-13T17:24:49.343+0300][600.125s][info][gc,stats    ]    Critical: GC Locker Stall                               0.000 / 0.000         0.000 / 0.000         0.000 / 0.000         0.000 / 0.000       ms
[2021-02-13T17:24:49.343+0300][600.125s][info][gc,stats    ]    Critical: GC Locker Stall                                   0 / 0                 0 / 0                 0 / 0                 0 / 0           ops/s
[2021-02-13T17:24:49.343+0300][600.125s][info][gc,stats    ]      Memory: Allocation Rate                                   1 / 18                2 / 1082              2 / 1082              2 / 1082        MB/s
[2021-02-13T17:24:49.343+0300][600.125s][info][gc,stats    ]      Memory: Heap Used After Mark                              0 / 0               243 / 326             243 / 326             243 / 326         MB
[2021-02-13T17:24:49.343+0300][600.125s][info][gc,stats    ]      Memory: Heap Used After Relocation                        0 / 0               157 / 238             157 / 238             157 / 238         MB
[2021-02-13T17:24:49.343+0300][600.125s][info][gc,stats    ]      Memory: Heap Used Before Mark                             0 / 0               242 / 324             242 / 324             242 / 324         MB
[2021-02-13T17:24:49.343+0300][600.125s][info][gc,stats    ]      Memory: Heap Used Before Relocation                       0 / 0               219 / 300             219 / 300             219 / 300         MB
[2021-02-13T17:24:49.343+0300][600.125s][info][gc,stats    ]      Memory: Out Of Memory                                     0 / 0                 0 / 0                 0 / 0                 0 / 0           ops/s
[2021-02-13T17:24:49.343+0300][600.125s][info][gc,stats    ]      Memory: Page Cache Flush                                  0 / 0                 0 / 0                 0 / 0                 0 / 0           MB/s
[2021-02-13T17:24:49.343+0300][600.125s][info][gc,stats    ]      Memory: Page Cache Hit L1                                 0 / 9                 0 / 11                0 / 11                0 / 11          ops/s
[2021-02-13T17:24:49.343+0300][600.125s][info][gc,stats    ]      Memory: Page Cache Hit L2                                 0 / 0                 0 / 0                 0 / 0                 0 / 0           ops/s
[2021-02-13T17:24:49.343+0300][600.125s][info][gc,stats    ]      Memory: Page Cache Hit L3                                 0 / 0                 0 / 14                0 / 14                0 / 14          ops/s
[2021-02-13T17:24:49.343+0300][600.125s][info][gc,stats    ]      Memory: Page Cache Miss                                   0 / 0                 0 / 0                 0 / 0                 0 / 0           ops/s
[2021-02-13T17:24:49.343+0300][600.125s][info][gc,stats    ]      Memory: Uncommit                                          0 / 0                 0 / 0                 0 / 0                 0 / 0           MB/s
[2021-02-13T17:24:49.343+0300][600.125s][info][gc,stats    ]      Memory: Undo Object Allocation Failed                     0 / 0                 0 / 0                 0 / 0                 0 / 0           ops/s
[2021-02-13T17:24:49.343+0300][600.125s][info][gc,stats    ]      Memory: Undo Object Allocation Succeeded                  0 / 0                 1 / 752               1 / 752               1 / 752         ops/s
[2021-02-13T17:24:49.343+0300][600.125s][info][gc,stats    ]      Memory: Undo Page Allocation                              0 / 0                 0 / 0                 0 / 0                 0 / 0           ops/s
[2021-02-13T17:24:49.343+0300][600.125s][info][gc,stats    ]       Phase: Concurrent Mark                               0.000 / 0.000       278.406 / 420.629     278.406 / 420.629     278.406 / 420.629     ms
[2021-02-13T17:24:49.343+0300][600.125s][info][gc,stats    ]       Phase: Concurrent Mark Continue                      0.000 / 0.000         0.000 / 0.000         0.000 / 0.000         0.000 / 0.000       ms
[2021-02-13T17:24:49.343+0300][600.125s][info][gc,stats    ]       Phase: Concurrent Process Non-Strong References      0.000 / 0.000         2.773 / 3.555         2.773 / 3.555         2.773 / 3.555       ms
[2021-02-13T17:24:49.343+0300][600.125s][info][gc,stats    ]       Phase: Concurrent Relocate                           0.000 / 0.000        16.980 / 18.109       16.980 / 18.109       16.980 / 18.109      ms
[2021-02-13T17:24:49.343+0300][600.125s][info][gc,stats    ]       Phase: Concurrent Reset Relocation Set               0.000 / 0.000         0.609 / 0.958         0.609 / 0.958         0.609 / 0.958       ms
[2021-02-13T17:24:49.343+0300][600.125s][info][gc,stats    ]       Phase: Concurrent Select Relocation Set              0.000 / 0.000         6.389 / 9.944         6.389 / 9.944         6.389 / 9.944       ms
[2021-02-13T17:24:49.343+0300][600.125s][info][gc,stats    ]       Phase: Pause Mark End                                0.000 / 0.000         0.256 / 0.286         0.256 / 0.286         0.256 / 0.286       ms
[2021-02-13T17:24:49.343+0300][600.125s][info][gc,stats    ]       Phase: Pause Mark Start                              0.000 / 0.000         0.317 / 0.836         0.317 / 0.836         0.317 / 0.836       ms
[2021-02-13T17:24:49.343+0300][600.125s][info][gc,stats    ]       Phase: Pause Relocate Start                          0.000 / 0.000         0.175 / 0.202         0.175 / 0.202         0.175 / 0.202       ms
[2021-02-13T17:24:49.343+0300][600.125s][info][gc,stats    ]    Subphase: Concurrent Classes Purge                      0.000 / 0.000         0.124 / 0.138         0.124 / 0.138         0.124 / 0.138       ms
[2021-02-13T17:24:49.343+0300][600.125s][info][gc,stats    ]    Subphase: Concurrent Classes Unlink                     0.000 / 0.000         1.483 / 1.974         1.483 / 1.974         1.483 / 1.974       ms
[2021-02-13T17:24:49.343+0300][600.125s][info][gc,stats    ]    Subphase: Concurrent Mark                               0.000 / 0.000       278.105 / 420.320     278.105 / 420.320     278.105 / 420.320     ms
[2021-02-13T17:24:49.343+0300][600.125s][info][gc,stats    ]    Subphase: Concurrent Mark Idle                          0.000 / 0.000         0.000 / 0.000         0.000 / 0.000         0.000 / 0.000       ms
[2021-02-13T17:24:49.343+0300][600.125s][info][gc,stats    ]    Subphase: Concurrent Mark Try Flush                     0.000 / 0.000         0.529 / 1.047         0.529 / 1.047         0.529 / 1.047       ms
[2021-02-13T17:24:49.343+0300][600.125s][info][gc,stats    ]    Subphase: Concurrent Mark Try Terminate                 0.000 / 0.000         0.331 / 1.048         0.331 / 1.048         0.331 / 1.048       ms
[2021-02-13T17:24:49.343+0300][600.125s][info][gc,stats    ]    Subphase: Concurrent References Enqueue                 0.000 / 0.000         0.003 / 0.004         0.003 / 0.004         0.003 / 0.004       ms
[2021-02-13T17:24:49.343+0300][600.125s][info][gc,stats    ]    Subphase: Concurrent References Process                 0.000 / 0.000         0.122 / 0.143         0.122 / 0.143         0.122 / 0.143       ms
[2021-02-13T17:24:49.343+0300][600.125s][info][gc,stats    ]    Subphase: Concurrent Roots                              0.000 / 0.000         0.130 / 0.182         0.130 / 0.182         0.130 / 0.182       ms
[2021-02-13T17:24:49.343+0300][600.125s][info][gc,stats    ]    Subphase: Concurrent Roots ClassLoaderDataGraph         0.000 / 0.000         0.119 / 0.169         0.119 / 0.169         0.119 / 0.169       ms
[2021-02-13T17:24:49.343+0300][600.125s][info][gc,stats    ]    Subphase: Concurrent Roots JNIHandles                   0.000 / 0.000         0.005 / 0.008         0.005 / 0.008         0.005 / 0.008       ms
[2021-02-13T17:24:49.343+0300][600.125s][info][gc,stats    ]    Subphase: Concurrent Roots Setup                        0.000 / 0.000         0.007 / 0.008         0.007 / 0.008         0.007 / 0.008       ms
[2021-02-13T17:24:49.343+0300][600.125s][info][gc,stats    ]    Subphase: Concurrent Roots Teardown                     0.000 / 0.000         0.000 / 0.000         0.000 / 0.000         0.000 / 0.000       ms
[2021-02-13T17:24:49.343+0300][600.125s][info][gc,stats    ]    Subphase: Concurrent Roots VMHandles                    0.000 / 0.000         0.004 / 0.006         0.004 / 0.006         0.004 / 0.006       ms
[2021-02-13T17:24:49.343+0300][600.125s][info][gc,stats    ]    Subphase: Concurrent Weak Roots                         0.000 / 0.000         0.408 / 0.580         0.408 / 0.580         0.408 / 0.580       ms
[2021-02-13T17:24:49.343+0300][600.126s][info][gc,stats    ]    Subphase: Concurrent Weak Roots JNIWeakHandles          0.000 / 0.000         0.000 / 0.000         0.000 / 0.000         0.000 / 0.000       ms
[2021-02-13T17:24:49.343+0300][600.126s][info][gc,stats    ]    Subphase: Concurrent Weak Roots ResolvedMethodTable     0.000 / 0.000         0.027 / 0.042         0.027 / 0.042         0.027 / 0.042       ms
[2021-02-13T17:24:49.343+0300][600.126s][info][gc,stats    ]    Subphase: Concurrent Weak Roots StringTable             0.000 / 0.000         0.367 / 0.521         0.367 / 0.521         0.367 / 0.521       ms
[2021-02-13T17:24:49.343+0300][600.126s][info][gc,stats    ]    Subphase: Concurrent Weak Roots VMWeakHandles           0.000 / 0.000         0.012 / 0.015         0.012 / 0.015         0.012 / 0.015       ms
[2021-02-13T17:24:49.343+0300][600.126s][info][gc,stats    ]    Subphase: Pause Mark Try Complete                       0.000 / 0.000         0.035 / 0.051         0.035 / 0.051         0.035 / 0.051       ms
[2021-02-13T17:24:49.343+0300][600.126s][info][gc,stats    ]    Subphase: Pause Roots                                   0.000 / 0.000         0.071 / 0.374         0.071 / 0.374         0.071 / 0.374       ms
[2021-02-13T17:24:49.343+0300][600.126s][info][gc,stats    ]    Subphase: Pause Roots CodeCache                         0.000 / 0.000         0.000 / 0.000         0.000 / 0.000         0.000 / 0.000       ms
[2021-02-13T17:24:49.343+0300][600.126s][info][gc,stats    ]    Subphase: Pause Roots JVMTIExport                       0.000 / 0.000         0.001 / 0.003         0.001 / 0.003         0.001 / 0.003       ms
[2021-02-13T17:24:49.343+0300][600.126s][info][gc,stats    ]    Subphase: Pause Roots JVMTIWeakExport                   0.000 / 0.000         0.004 / 0.013         0.004 / 0.013         0.004 / 0.013       ms
[2021-02-13T17:24:49.343+0300][600.126s][info][gc,stats    ]    Subphase: Pause Roots Java Threads                      0.000 / 0.000         0.064 / 0.373         0.064 / 0.373         0.064 / 0.373       ms
[2021-02-13T17:24:49.343+0300][600.126s][info][gc,stats    ]    Subphase: Pause Roots Management                        0.000 / 0.000         0.006 / 0.025         0.006 / 0.025         0.006 / 0.025       ms
[2021-02-13T17:24:49.343+0300][600.126s][info][gc,stats    ]    Subphase: Pause Roots ObjectSynchronizer                0.000 / 0.000         0.000 / 0.000         0.000 / 0.000         0.000 / 0.000       ms
[2021-02-13T17:24:49.343+0300][600.126s][info][gc,stats    ]    Subphase: Pause Roots Setup                             0.000 / 0.000         0.000 / 0.001         0.000 / 0.001         0.000 / 0.001       ms
[2021-02-13T17:24:49.343+0300][600.126s][info][gc,stats    ]    Subphase: Pause Roots Teardown                          0.000 / 0.000         0.001 / 0.002         0.001 / 0.002         0.001 / 0.002       ms
[2021-02-13T17:24:49.343+0300][600.126s][info][gc,stats    ]    Subphase: Pause Roots Universe                          0.000 / 0.000         0.010 / 0.027         0.010 / 0.027         0.010 / 0.027       ms
[2021-02-13T17:24:49.343+0300][600.126s][info][gc,stats    ]    Subphase: Pause Roots VM Thread                         0.000 / 0.000         0.004 / 0.028         0.004 / 0.028         0.004 / 0.028       ms
[2021-02-13T17:24:49.343+0300][600.126s][info][gc,stats    ]    Subphase: Pause Weak Roots                              0.000 / 0.000         0.002 / 0.022         0.002 / 0.022         0.002 / 0.022       ms
[2021-02-13T17:24:49.343+0300][600.126s][info][gc,stats    ]    Subphase: Pause Weak Roots JFRWeak                      0.000 / 0.000         0.005 / 0.021         0.005 / 0.021         0.005 / 0.021       ms
[2021-02-13T17:24:49.343+0300][600.126s][info][gc,stats    ]    Subphase: Pause Weak Roots JVMTIWeakExport              0.000 / 0.000         0.001 / 0.005         0.001 / 0.005         0.001 / 0.005       ms
[2021-02-13T17:24:49.343+0300][600.126s][info][gc,stats    ]    Subphase: Pause Weak Roots Setup                        0.000 / 0.000         0.000 / 0.000         0.000 / 0.000         0.000 / 0.000       ms
[2021-02-13T17:24:49.343+0300][600.126s][info][gc,stats    ]    Subphase: Pause Weak Roots Teardown                     0.000 / 0.000         0.000 / 0.000         0.000 / 0.000         0.000 / 0.000       ms
[2021-02-13T17:24:49.343+0300][600.126s][info][gc,stats    ]      System: Java Threads                                      0 / 0                16 / 16               16 / 16               16 / 16          threads
[2021-02-13T17:24:49.343+0300][600.126s][info][gc,stats    ] =========================================================================================================================================================
[2021-02-13T17:24:59.351+0300][610.133s][info][gc,stats    ] === Garbage Collection Statistics =======================================================================================================================
[2021-02-13T17:24:59.351+0300][610.133s][info][gc,stats    ]                                                              Last 10s              Last 10m              Last 10h                Total
[2021-02-13T17:24:59.351+0300][610.133s][info][gc,stats    ]                                                              Avg / Max             Avg / Max             Avg / Max             Avg / Max
[2021-02-13T17:24:59.351+0300][610.133s][info][gc,stats    ]   Collector: Garbage Collection Cycle                      0.000 / 0.000       313.531 / 473.762     313.531 / 473.762     313.531 / 473.762     ms
[2021-02-13T17:24:59.351+0300][610.133s][info][gc,stats    ]  Contention: Mark Segment Reset Contention                     0 / 0                 0 / 0                 0 / 0                 0 / 0           ops/s
[2021-02-13T17:24:59.351+0300][610.133s][info][gc,stats    ]  Contention: Mark SeqNum Reset Contention                      0 / 0                 0 / 0                 0 / 0                 0 / 0           ops/s
[2021-02-13T17:24:59.351+0300][610.133s][info][gc,stats    ]  Contention: Relocation Contention                             0 / 0                 1 / 752               1 / 752               1 / 752         ops/s
[2021-02-13T17:24:59.351+0300][610.133s][info][gc,stats    ]    Critical: Allocation Stall                              0.000 / 0.000         0.000 / 0.000         0.000 / 0.000         0.000 / 0.000       ms
[2021-02-13T17:24:59.351+0300][610.133s][info][gc,stats    ]    Critical: Allocation Stall                                  0 / 0                 0 / 0                 0 / 0                 0 / 0           ops/s
[2021-02-13T17:24:59.351+0300][610.133s][info][gc,stats    ]    Critical: GC Locker Stall                               0.000 / 0.000         0.000 / 0.000         0.000 / 0.000         0.000 / 0.000       ms
[2021-02-13T17:24:59.351+0300][610.133s][info][gc,stats    ]    Critical: GC Locker Stall                                   0 / 0                 0 / 0                 0 / 0                 0 / 0           ops/s
[2021-02-13T17:24:59.351+0300][610.133s][info][gc,stats    ]      Memory: Allocation Rate                                   0 / 0                 0 / 32                2 / 1082              2 / 1082        MB/s
[2021-02-13T17:24:59.351+0300][610.133s][info][gc,stats    ]      Memory: Heap Used After Mark                              0 / 0               243 / 326             243 / 326             243 / 326         MB
[2021-02-13T17:24:59.351+0300][610.133s][info][gc,stats    ]      Memory: Heap Used After Relocation                        0 / 0               157 / 238             157 / 238             157 / 238         MB
[2021-02-13T17:24:59.351+0300][610.133s][info][gc,stats    ]      Memory: Heap Used Before Mark                             0 / 0               242 / 324             242 / 324             242 / 324         MB
[2021-02-13T17:24:59.351+0300][610.133s][info][gc,stats    ]      Memory: Heap Used Before Relocation                       0 / 0               219 / 300             219 / 300             219 / 300         MB
[2021-02-13T17:24:59.351+0300][610.133s][info][gc,stats    ]      Memory: Out Of Memory                                     0 / 0                 0 / 0                 0 / 0                 0 / 0           ops/s
[2021-02-13T17:24:59.351+0300][610.133s][info][gc,stats    ]      Memory: Page Cache Flush                                  0 / 0                 0 / 0                 0 / 0                 0 / 0           MB/s
[2021-02-13T17:24:59.351+0300][610.133s][info][gc,stats    ]      Memory: Page Cache Hit L1                                 0 / 0                 0 / 11                0 / 11                0 / 11          ops/s
[2021-02-13T17:24:59.351+0300][610.133s][info][gc,stats    ]      Memory: Page Cache Hit L2                                 0 / 0                 0 / 0                 0 / 0                 0 / 0           ops/s
[2021-02-13T17:24:59.351+0300][610.133s][info][gc,stats    ]      Memory: Page Cache Hit L3                                 0 / 0                 0 / 13                0 / 14                0 / 14          ops/s
[2021-02-13T17:24:59.351+0300][610.133s][info][gc,stats    ]      Memory: Page Cache Miss                                   0 / 0                 0 / 0                 0 / 0                 0 / 0           ops/s
[2021-02-13T17:24:59.351+0300][610.133s][info][gc,stats    ]      Memory: Uncommit                                          0 / 0                 0 / 0                 0 / 0                 0 / 0           MB/s
[2021-02-13T17:24:59.351+0300][610.133s][info][gc,stats    ]      Memory: Undo Object Allocation Failed                     0 / 0                 0 / 0                 0 / 0                 0 / 0           ops/s
[2021-02-13T17:24:59.351+0300][610.133s][info][gc,stats    ]      Memory: Undo Object Allocation Succeeded                  0 / 0                 1 / 752               1 / 752               1 / 752         ops/s
[2021-02-13T17:24:59.351+0300][610.133s][info][gc,stats    ]      Memory: Undo Page Allocation                              0 / 0                 0 / 0                 0 / 0                 0 / 0           ops/s
[2021-02-13T17:24:59.351+0300][610.133s][info][gc,stats    ]       Phase: Concurrent Mark                               0.000 / 0.000       278.406 / 420.629     278.406 / 420.629     278.406 / 420.629     ms
[2021-02-13T17:24:59.351+0300][610.133s][info][gc,stats    ]       Phase: Concurrent Mark Continue                      0.000 / 0.000         0.000 / 0.000         0.000 / 0.000         0.000 / 0.000       ms
[2021-02-13T17:24:59.351+0300][610.133s][info][gc,stats    ]       Phase: Concurrent Process Non-Strong References      0.000 / 0.000         2.773 / 3.555         2.773 / 3.555         2.773 / 3.555       ms
[2021-02-13T17:24:59.351+0300][610.133s][info][gc,stats    ]       Phase: Concurrent Relocate                           0.000 / 0.000        16.980 / 18.109       16.980 / 18.109       16.980 / 18.109      ms
[2021-02-13T17:24:59.351+0300][610.133s][info][gc,stats    ]       Phase: Concurrent Reset Relocation Set               0.000 / 0.000         0.609 / 0.958         0.609 / 0.958         0.609 / 0.958       ms
[2021-02-13T17:24:59.351+0300][610.133s][info][gc,stats    ]       Phase: Concurrent Select Relocation Set              0.000 / 0.000         6.389 / 9.944         6.389 / 9.944         6.389 / 9.944       ms
[2021-02-13T17:24:59.351+0300][610.133s][info][gc,stats    ]       Phase: Pause Mark End                                0.000 / 0.000         0.256 / 0.286         0.256 / 0.286         0.256 / 0.286       ms
[2021-02-13T17:24:59.351+0300][610.133s][info][gc,stats    ]       Phase: Pause Mark Start                              0.000 / 0.000         0.317 / 0.836         0.317 / 0.836         0.317 / 0.836       ms
[2021-02-13T17:24:59.351+0300][610.133s][info][gc,stats    ]       Phase: Pause Relocate Start                          0.000 / 0.000         0.175 / 0.202         0.175 / 0.202         0.175 / 0.202       ms
[2021-02-13T17:24:59.351+0300][610.133s][info][gc,stats    ]    Subphase: Concurrent Classes Purge                      0.000 / 0.000         0.124 / 0.138         0.124 / 0.138         0.124 / 0.138       ms
[2021-02-13T17:24:59.351+0300][610.133s][info][gc,stats    ]    Subphase: Concurrent Classes Unlink                     0.000 / 0.000         1.483 / 1.974         1.483 / 1.974         1.483 / 1.974       ms
[2021-02-13T17:24:59.351+0300][610.133s][info][gc,stats    ]    Subphase: Concurrent Mark                               0.000 / 0.000       278.105 / 420.320     278.105 / 420.320     278.105 / 420.320     ms
[2021-02-13T17:24:59.351+0300][610.133s][info][gc,stats    ]    Subphase: Concurrent Mark Idle                          0.000 / 0.000         0.000 / 0.000         0.000 / 0.000         0.000 / 0.000       ms
[2021-02-13T17:24:59.351+0300][610.133s][info][gc,stats    ]    Subphase: Concurrent Mark Try Flush                     0.000 / 0.000         0.529 / 1.047         0.529 / 1.047         0.529 / 1.047       ms
[2021-02-13T17:24:59.351+0300][610.133s][info][gc,stats    ]    Subphase: Concurrent Mark Try Terminate                 0.000 / 0.000         0.331 / 1.048         0.331 / 1.048         0.331 / 1.048       ms
[2021-02-13T17:24:59.351+0300][610.133s][info][gc,stats    ]    Subphase: Concurrent References Enqueue                 0.000 / 0.000         0.003 / 0.004         0.003 / 0.004         0.003 / 0.004       ms
[2021-02-13T17:24:59.351+0300][610.133s][info][gc,stats    ]    Subphase: Concurrent References Process                 0.000 / 0.000         0.122 / 0.143         0.122 / 0.143         0.122 / 0.143       ms
[2021-02-13T17:24:59.351+0300][610.133s][info][gc,stats    ]    Subphase: Concurrent Roots                              0.000 / 0.000         0.130 / 0.182         0.130 / 0.182         0.130 / 0.182       ms
[2021-02-13T17:24:59.351+0300][610.133s][info][gc,stats    ]    Subphase: Concurrent Roots ClassLoaderDataGraph         0.000 / 0.000         0.119 / 0.169         0.119 / 0.169         0.119 / 0.169       ms
[2021-02-13T17:24:59.351+0300][610.134s][info][gc,stats    ]    Subphase: Concurrent Roots JNIHandles                   0.000 / 0.000         0.005 / 0.008         0.005 / 0.008         0.005 / 0.008       ms
[2021-02-13T17:24:59.351+0300][610.134s][info][gc,stats    ]    Subphase: Concurrent Roots Setup                        0.000 / 0.000         0.007 / 0.008         0.007 / 0.008         0.007 / 0.008       ms
[2021-02-13T17:24:59.351+0300][610.134s][info][gc,stats    ]    Subphase: Concurrent Roots Teardown                     0.000 / 0.000         0.000 / 0.000         0.000 / 0.000         0.000 / 0.000       ms
[2021-02-13T17:24:59.351+0300][610.134s][info][gc,stats    ]    Subphase: Concurrent Roots VMHandles                    0.000 / 0.000         0.004 / 0.006         0.004 / 0.006         0.004 / 0.006       ms
[2021-02-13T17:24:59.351+0300][610.134s][info][gc,stats    ]    Subphase: Concurrent Weak Roots                         0.000 / 0.000         0.408 / 0.580         0.408 / 0.580         0.408 / 0.580       ms
[2021-02-13T17:24:59.351+0300][610.134s][info][gc,stats    ]    Subphase: Concurrent Weak Roots JNIWeakHandles          0.000 / 0.000         0.000 / 0.000         0.000 / 0.000         0.000 / 0.000       ms
[2021-02-13T17:24:59.351+0300][610.134s][info][gc,stats    ]    Subphase: Concurrent Weak Roots ResolvedMethodTable     0.000 / 0.000         0.027 / 0.042         0.027 / 0.042         0.027 / 0.042       ms
[2021-02-13T17:24:59.351+0300][610.134s][info][gc,stats    ]    Subphase: Concurrent Weak Roots StringTable             0.000 / 0.000         0.367 / 0.521         0.367 / 0.521         0.367 / 0.521       ms
[2021-02-13T17:24:59.351+0300][610.134s][info][gc,stats    ]    Subphase: Concurrent Weak Roots VMWeakHandles           0.000 / 0.000         0.012 / 0.015         0.012 / 0.015         0.012 / 0.015       ms
[2021-02-13T17:24:59.351+0300][610.134s][info][gc,stats    ]    Subphase: Pause Mark Try Complete                       0.000 / 0.000         0.035 / 0.051         0.035 / 0.051         0.035 / 0.051       ms
[2021-02-13T17:24:59.351+0300][610.134s][info][gc,stats    ]    Subphase: Pause Roots                                   0.000 / 0.000         0.071 / 0.374         0.071 / 0.374         0.071 / 0.374       ms
[2021-02-13T17:24:59.351+0300][610.134s][info][gc,stats    ]    Subphase: Pause Roots CodeCache                         0.000 / 0.000         0.000 / 0.000         0.000 / 0.000         0.000 / 0.000       ms
[2021-02-13T17:24:59.351+0300][610.134s][info][gc,stats    ]    Subphase: Pause Roots JVMTIExport                       0.000 / 0.000         0.001 / 0.003         0.001 / 0.003         0.001 / 0.003       ms
[2021-02-13T17:24:59.351+0300][610.134s][info][gc,stats    ]    Subphase: Pause Roots JVMTIWeakExport                   0.000 / 0.000         0.004 / 0.013         0.004 / 0.013         0.004 / 0.013       ms
[2021-02-13T17:24:59.351+0300][610.134s][info][gc,stats    ]    Subphase: Pause Roots Java Threads                      0.000 / 0.000         0.064 / 0.373         0.064 / 0.373         0.064 / 0.373       ms
[2021-02-13T17:24:59.351+0300][610.134s][info][gc,stats    ]    Subphase: Pause Roots Management                        0.000 / 0.000         0.006 / 0.025         0.006 / 0.025         0.006 / 0.025       ms
[2021-02-13T17:24:59.351+0300][610.134s][info][gc,stats    ]    Subphase: Pause Roots ObjectSynchronizer                0.000 / 0.000         0.000 / 0.000         0.000 / 0.000         0.000 / 0.000       ms
[2021-02-13T17:24:59.351+0300][610.134s][info][gc,stats    ]    Subphase: Pause Roots Setup                             0.000 / 0.000         0.000 / 0.001         0.000 / 0.001         0.000 / 0.001       ms
[2021-02-13T17:24:59.351+0300][610.134s][info][gc,stats    ]    Subphase: Pause Roots Teardown                          0.000 / 0.000         0.001 / 0.002         0.001 / 0.002         0.001 / 0.002       ms
[2021-02-13T17:24:59.351+0300][610.134s][info][gc,stats    ]    Subphase: Pause Roots Universe                          0.000 / 0.000         0.010 / 0.027         0.010 / 0.027         0.010 / 0.027       ms
[2021-02-13T17:24:59.351+0300][610.134s][info][gc,stats    ]    Subphase: Pause Roots VM Thread                         0.000 / 0.000         0.004 / 0.028         0.004 / 0.028         0.004 / 0.028       ms
[2021-02-13T17:24:59.351+0300][610.134s][info][gc,stats    ]    Subphase: Pause Weak Roots                              0.000 / 0.000         0.002 / 0.022         0.002 / 0.022         0.002 / 0.022       ms
[2021-02-13T17:24:59.351+0300][610.134s][info][gc,stats    ]    Subphase: Pause Weak Roots JFRWeak                      0.000 / 0.000         0.005 / 0.021         0.005 / 0.021         0.005 / 0.021       ms
[2021-02-13T17:24:59.352+0300][610.134s][info][gc,stats    ]    Subphase: Pause Weak Roots JVMTIWeakExport              0.000 / 0.000         0.001 / 0.005         0.001 / 0.005         0.001 / 0.005       ms
[2021-02-13T17:24:59.352+0300][610.134s][info][gc,stats    ]    Subphase: Pause Weak Roots Setup                        0.000 / 0.000         0.000 / 0.000         0.000 / 0.000         0.000 / 0.000       ms
[2021-02-13T17:24:59.352+0300][610.134s][info][gc,stats    ]    Subphase: Pause Weak Roots Teardown                     0.000 / 0.000         0.000 / 0.000         0.000 / 0.000         0.000 / 0.000       ms
[2021-02-13T17:24:59.352+0300][610.134s][info][gc,stats    ]      System: Java Threads                                      0 / 0                16 / 16               16 / 16               16 / 16          threads
[2021-02-13T17:24:59.352+0300][610.134s][info][gc,stats    ] =========================================================================================================================================================
[2021-02-13T17:25:09.354+0300][620.136s][info][gc,stats    ] === Garbage Collection Statistics =======================================================================================================================
[2021-02-13T17:25:09.354+0300][620.136s][info][gc,stats    ]                                                              Last 10s              Last 10m              Last 10h                Total
[2021-02-13T17:25:09.354+0300][620.136s][info][gc,stats    ]                                                              Avg / Max             Avg / Max             Avg / Max             Avg / Max
[2021-02-13T17:25:09.354+0300][620.136s][info][gc,stats    ]   Collector: Garbage Collection Cycle                      0.000 / 0.000       369.091 / 473.762     313.531 / 473.762     313.531 / 473.762     ms
[2021-02-13T17:25:09.354+0300][620.136s][info][gc,stats    ]  Contention: Mark Segment Reset Contention                     0 / 0                 0 / 0                 0 / 0                 0 / 0           ops/s
[2021-02-13T17:25:09.354+0300][620.136s][info][gc,stats    ]  Contention: Mark SeqNum Reset Contention                      0 / 0                 0 / 0                 0 / 0                 0 / 0           ops/s
[2021-02-13T17:25:09.354+0300][620.136s][info][gc,stats    ]  Contention: Relocation Contention                             0 / 0                 1 / 752               1 / 752               1 / 752         ops/s
[2021-02-13T17:25:09.354+0300][620.136s][info][gc,stats    ]    Critical: Allocation Stall                              0.000 / 0.000         0.000 / 0.000         0.000 / 0.000         0.000 / 0.000       ms
[2021-02-13T17:25:09.354+0300][620.136s][info][gc,stats    ]    Critical: Allocation Stall                                  0 / 0                 0 / 0                 0 / 0                 0 / 0           ops/s
[2021-02-13T17:25:09.354+0300][620.136s][info][gc,stats    ]    Critical: GC Locker Stall                               0.000 / 0.000         0.000 / 0.000         0.000 / 0.000         0.000 / 0.000       ms
[2021-02-13T17:25:09.354+0300][620.136s][info][gc,stats    ]    Critical: GC Locker Stall                                   0 / 0                 0 / 0                 0 / 0                 0 / 0           ops/s
[2021-02-13T17:25:09.354+0300][620.136s][info][gc,stats    ]      Memory: Allocation Rate                                   0 / 2                 0 / 32                2 / 1082              2 / 1082        MB/s
[2021-02-13T17:25:09.354+0300][620.136s][info][gc,stats    ]      Memory: Heap Used After Mark                              0 / 0               284 / 326             243 / 326             243 / 326         MB
[2021-02-13T17:25:09.354+0300][620.136s][info][gc,stats    ]      Memory: Heap Used After Relocation                        0 / 0               180 / 238             157 / 238             157 / 238         MB
[2021-02-13T17:25:09.354+0300][620.136s][info][gc,stats    ]      Memory: Heap Used Before Mark                             0 / 0               284 / 324             242 / 324             242 / 324         MB
[2021-02-13T17:25:09.354+0300][620.136s][info][gc,stats    ]      Memory: Heap Used Before Relocation                       0 / 0               253 / 300             219 / 300             219 / 300         MB
[2021-02-13T17:25:09.354+0300][620.136s][info][gc,stats    ]      Memory: Out Of Memory                                     0 / 0                 0 / 0                 0 / 0                 0 / 0           ops/s
[2021-02-13T17:25:09.354+0300][620.136s][info][gc,stats    ]      Memory: Page Cache Flush                                  0 / 0                 0 / 0                 0 / 0                 0 / 0           MB/s
[2021-02-13T17:25:09.354+0300][620.136s][info][gc,stats    ]      Memory: Page Cache Hit L1                                 0 / 1                 0 / 11                0 / 11                0 / 11          ops/s
[2021-02-13T17:25:09.354+0300][620.136s][info][gc,stats    ]      Memory: Page Cache Hit L2                                 0 / 0                 0 / 0                 0 / 0                 0 / 0           ops/s
[2021-02-13T17:25:09.354+0300][620.136s][info][gc,stats    ]      Memory: Page Cache Hit L3                                 0 / 0                 0 / 11                0 / 14                0 / 14          ops/s
[2021-02-13T17:25:09.354+0300][620.136s][info][gc,stats    ]      Memory: Page Cache Miss                                   0 / 0                 0 / 0                 0 / 0                 0 / 0           ops/s
[2021-02-13T17:25:09.354+0300][620.136s][info][gc,stats    ]      Memory: Uncommit                                          0 / 0                 0 / 0                 0 / 0                 0 / 0           MB/s
[2021-02-13T17:25:09.354+0300][620.136s][info][gc,stats    ]      Memory: Undo Object Allocation Failed                     0 / 0                 0 / 0                 0 / 0                 0 / 0           ops/s
[2021-02-13T17:25:09.354+0300][620.136s][info][gc,stats    ]      Memory: Undo Object Allocation Succeeded                  0 / 0                 1 / 752               1 / 752               1 / 752         ops/s
[2021-02-13T17:25:09.354+0300][620.136s][info][gc,stats    ]      Memory: Undo Page Allocation                              0 / 0                 0 / 0                 0 / 0                 0 / 0           ops/s
[2021-02-13T17:25:09.354+0300][620.136s][info][gc,stats    ]       Phase: Concurrent Mark                               0.000 / 0.000       332.952 / 420.629     278.406 / 420.629     278.406 / 420.629     ms
[2021-02-13T17:25:09.354+0300][620.136s][info][gc,stats    ]       Phase: Concurrent Mark Continue                      0.000 / 0.000         0.000 / 0.000         0.000 / 0.000         0.000 / 0.000       ms
[2021-02-13T17:25:09.354+0300][620.136s][info][gc,stats    ]       Phase: Concurrent Process Non-Strong References      0.000 / 0.000         3.189 / 3.555         2.773 / 3.555         2.773 / 3.555       ms
[2021-02-13T17:25:09.354+0300][620.136s][info][gc,stats    ]       Phase: Concurrent Relocate                           0.000 / 0.000        16.652 / 18.109       16.980 / 18.109       16.980 / 18.109      ms
[2021-02-13T17:25:09.354+0300][620.136s][info][gc,stats    ]       Phase: Concurrent Reset Relocation Set               0.000 / 0.000         0.810 / 0.958         0.609 / 0.958         0.609 / 0.958       ms
[2021-02-13T17:25:09.354+0300][620.136s][info][gc,stats    ]       Phase: Concurrent Select Relocation Set              0.000 / 0.000         5.204 / 6.228         6.389 / 9.944         6.389 / 9.944       ms
[2021-02-13T17:25:09.354+0300][620.136s][info][gc,stats    ]       Phase: Pause Mark End                                0.000 / 0.000         0.273 / 0.286         0.256 / 0.286         0.256 / 0.286       ms
[2021-02-13T17:25:09.354+0300][620.136s][info][gc,stats    ]       Phase: Pause Mark Start                              0.000 / 0.000         0.144 / 0.170         0.317 / 0.836         0.317 / 0.836       ms
[2021-02-13T17:25:09.354+0300][620.136s][info][gc,stats    ]       Phase: Pause Relocate Start                          0.000 / 0.000         0.175 / 0.202         0.175 / 0.202         0.175 / 0.202       ms
[2021-02-13T17:25:09.354+0300][620.136s][info][gc,stats    ]    Subphase: Concurrent Classes Purge                      0.000 / 0.000         0.131 / 0.138         0.124 / 0.138         0.124 / 0.138       ms
[2021-02-13T17:25:09.354+0300][620.137s][info][gc,stats    ]    Subphase: Concurrent Classes Unlink                     0.000 / 0.000         1.691 / 1.974         1.483 / 1.974         1.483 / 1.974       ms
[2021-02-13T17:25:09.354+0300][620.137s][info][gc,stats    ]    Subphase: Concurrent Mark                               0.000 / 0.000       332.622 / 420.320     278.105 / 420.320     278.105 / 420.320     ms
[2021-02-13T17:25:09.354+0300][620.137s][info][gc,stats    ]    Subphase: Concurrent Mark Idle                          0.000 / 0.000         0.000 / 0.000         0.000 / 0.000         0.000 / 0.000       ms
[2021-02-13T17:25:09.354+0300][620.137s][info][gc,stats    ]    Subphase: Concurrent Mark Try Flush                     0.000 / 0.000         0.636 / 1.047         0.529 / 1.047         0.529 / 1.047       ms
[2021-02-13T17:25:09.354+0300][620.137s][info][gc,stats    ]    Subphase: Concurrent Mark Try Terminate                 0.000 / 0.000         0.404 / 1.048         0.331 / 1.048         0.331 / 1.048       ms
[2021-02-13T17:25:09.354+0300][620.137s][info][gc,stats    ]    Subphase: Concurrent References Enqueue                 0.000 / 0.000         0.003 / 0.004         0.003 / 0.004         0.003 / 0.004       ms
[2021-02-13T17:25:09.354+0300][620.137s][info][gc,stats    ]    Subphase: Concurrent References Process                 0.000 / 0.000         0.114 / 0.127         0.122 / 0.143         0.122 / 0.143       ms
[2021-02-13T17:25:09.354+0300][620.137s][info][gc,stats    ]    Subphase: Concurrent Roots                              0.000 / 0.000         0.157 / 0.182         0.130 / 0.182         0.130 / 0.182       ms
[2021-02-13T17:25:09.354+0300][620.137s][info][gc,stats    ]    Subphase: Concurrent Roots ClassLoaderDataGraph         0.000 / 0.000         0.144 / 0.169         0.119 / 0.169         0.119 / 0.169       ms
[2021-02-13T17:25:09.354+0300][620.137s][info][gc,stats    ]    Subphase: Concurrent Roots JNIHandles                   0.000 / 0.000         0.007 / 0.008         0.005 / 0.008         0.005 / 0.008       ms
[2021-02-13T17:25:09.354+0300][620.137s][info][gc,stats    ]    Subphase: Concurrent Roots Setup                        0.000 / 0.000         0.007 / 0.008         0.007 / 0.008         0.007 / 0.008       ms
[2021-02-13T17:25:09.354+0300][620.137s][info][gc,stats    ]    Subphase: Concurrent Roots Teardown                     0.000 / 0.000         0.000 / 0.000         0.000 / 0.000         0.000 / 0.000       ms
[2021-02-13T17:25:09.354+0300][620.137s][info][gc,stats    ]    Subphase: Concurrent Roots VMHandles                    0.000 / 0.000         0.005 / 0.006         0.004 / 0.006         0.004 / 0.006       ms
[2021-02-13T17:25:09.354+0300][620.137s][info][gc,stats    ]    Subphase: Concurrent Weak Roots                         0.000 / 0.000         0.485 / 0.580         0.408 / 0.580         0.408 / 0.580       ms
[2021-02-13T17:25:09.354+0300][620.137s][info][gc,stats    ]    Subphase: Concurrent Weak Roots JNIWeakHandles          0.000 / 0.000         0.000 / 0.000         0.000 / 0.000         0.000 / 0.000       ms
[2021-02-13T17:25:09.354+0300][620.137s][info][gc,stats    ]    Subphase: Concurrent Weak Roots ResolvedMethodTable     0.000 / 0.000         0.032 / 0.042         0.027 / 0.042         0.027 / 0.042       ms
[2021-02-13T17:25:09.354+0300][620.137s][info][gc,stats    ]    Subphase: Concurrent Weak Roots StringTable             0.000 / 0.000         0.437 / 0.521         0.367 / 0.521         0.367 / 0.521       ms
[2021-02-13T17:25:09.354+0300][620.137s][info][gc,stats    ]    Subphase: Concurrent Weak Roots VMWeakHandles           0.000 / 0.000         0.014 / 0.015         0.012 / 0.015         0.012 / 0.015       ms
[2021-02-13T17:25:09.354+0300][620.137s][info][gc,stats    ]    Subphase: Pause Mark Try Complete                       0.000 / 0.000         0.045 / 0.051         0.035 / 0.051         0.035 / 0.051       ms
[2021-02-13T17:25:09.354+0300][620.137s][info][gc,stats    ]    Subphase: Pause Roots                                   0.000 / 0.000         0.043 / 0.115         0.071 / 0.374         0.071 / 0.374       ms
[2021-02-13T17:25:09.354+0300][620.137s][info][gc,stats    ]    Subphase: Pause Roots CodeCache                         0.000 / 0.000         0.000 / 0.000         0.000 / 0.000         0.000 / 0.000       ms
[2021-02-13T17:25:09.354+0300][620.137s][info][gc,stats    ]    Subphase: Pause Roots JVMTIExport                       0.000 / 0.000         0.000 / 0.001         0.001 / 0.003         0.001 / 0.003       ms
[2021-02-13T17:25:09.354+0300][620.137s][info][gc,stats    ]    Subphase: Pause Roots JVMTIWeakExport                   0.000 / 0.000         0.005 / 0.013         0.004 / 0.013         0.004 / 0.013       ms
[2021-02-13T17:25:09.354+0300][620.137s][info][gc,stats    ]    Subphase: Pause Roots Java Threads                      0.000 / 0.000         0.037 / 0.078         0.064 / 0.373         0.064 / 0.373       ms
[2021-02-13T17:25:09.354+0300][620.137s][info][gc,stats    ]    Subphase: Pause Roots Management                        0.000 / 0.000         0.004 / 0.011         0.006 / 0.025         0.006 / 0.025       ms
[2021-02-13T17:25:09.354+0300][620.137s][info][gc,stats    ]    Subphase: Pause Roots ObjectSynchronizer                0.000 / 0.000         0.000 / 0.000         0.000 / 0.000         0.000 / 0.000       ms
[2021-02-13T17:25:09.355+0300][620.137s][info][gc,stats    ]    Subphase: Pause Roots Setup                             0.000 / 0.000         0.000 / 0.000         0.000 / 0.001         0.000 / 0.001       ms
[2021-02-13T17:25:09.355+0300][620.137s][info][gc,stats    ]    Subphase: Pause Roots Teardown                          0.000 / 0.000         0.001 / 0.002         0.001 / 0.002         0.001 / 0.002       ms
[2021-02-13T17:25:09.355+0300][620.137s][info][gc,stats    ]    Subphase: Pause Roots Universe                          0.000 / 0.000         0.008 / 0.015         0.010 / 0.027         0.010 / 0.027       ms
[2021-02-13T17:25:09.355+0300][620.137s][info][gc,stats    ]    Subphase: Pause Roots VM Thread                         0.000 / 0.000         0.005 / 0.028         0.004 / 0.028         0.004 / 0.028       ms
[2021-02-13T17:25:09.355+0300][620.137s][info][gc,stats    ]    Subphase: Pause Weak Roots                              0.000 / 0.000         0.002 / 0.022         0.002 / 0.022         0.002 / 0.022       ms
[2021-02-13T17:25:09.355+0300][620.137s][info][gc,stats    ]    Subphase: Pause Weak Roots JFRWeak                      0.000 / 0.000         0.007 / 0.021         0.005 / 0.021         0.005 / 0.021       ms
[2021-02-13T17:25:09.355+0300][620.137s][info][gc,stats    ]    Subphase: Pause Weak Roots JVMTIWeakExport              0.000 / 0.000         0.000 / 0.001         0.001 / 0.005         0.001 / 0.005       ms
[2021-02-13T17:25:09.355+0300][620.137s][info][gc,stats    ]    Subphase: Pause Weak Roots Setup                        0.000 / 0.000         0.000 / 0.000         0.000 / 0.000         0.000 / 0.000       ms
[2021-02-13T17:25:09.355+0300][620.137s][info][gc,stats    ]    Subphase: Pause Weak Roots Teardown                     0.000 / 0.000         0.000 / 0.000         0.000 / 0.000         0.000 / 0.000       ms
[2021-02-13T17:25:09.355+0300][620.137s][info][gc,stats    ]      System: Java Threads                                      0 / 0                16 / 16               16 / 16               16 / 16          threads
[2021-02-13T17:25:09.355+0300][620.137s][info][gc,stats    ] =========================================================================================================================================================
